2026-09-16 12:16:14,721 | INFO | ============================================================
2026-09-16 12:16:14,721 | INFO | 开始训练纯 MADDPG 基线
2026-09-16 12:16:14,721 | INFO | 用户数: 30 | 观测维度: 76 | handover维度: 11 | 总步数: 150000 | warmup: 1000 | batch: 128 | 日志间隔: 512 steps | device: cuda | actor_lr: 1.0e-04 | critic_lr: 3.0e-04 | tau: 0.005 | reward_scale: 1.00
2026-09-16 12:16:14,721 | INFO | ============================================================
2026-09-16 12:16:19,376 | INFO | Steps: 512/150000 | Episodes: 1 | LastEpReward: 4.871 | RecentReward: 4.871 | ActorLoss: 0.000000 | CriticLoss: 0.000000 | Q: 0.0000 | TargetQ: 0.0000 | TDAbs: 0.0000 | ActorGrad: 0.0000 | CriticGrad: 0.0000 | Noise: 0.3500 | Replay: 512 | FPS: 109.99 | ETA: 22.7 min
2026-09-16 12:16:23,871 | INFO | Steps: 1024/150000 | Episodes: 2 | LastEpReward: -2.275 | RecentReward: 1.298 | ActorLoss: -0.024209 | CriticLoss: 0.003886 | Q: 0.0223 | TargetQ: 0.0221 | TDAbs: 0.0690 | ActorGrad: 0.0011 | CriticGrad: 0.0711 | Noise: 0.3499 | Replay: 1024 | FPS: 111.91 | ETA: 22.2 min
2026-09-16 12:16:30,751 | INFO | Steps: 1536/150000 | Episodes: 3 | LastEpReward: -112.390 | RecentReward: -36.598 | ActorLoss: 0.034656 | CriticLoss: 0.000652 | Q: -0.0506 | TargetQ: -0.0505 | TDAbs: 0.0267 | ActorGrad: 0.0060 | CriticGrad: 0.0553 | Noise: 0.3485 | Replay: 1536 | FPS: 95.82 | ETA: 25.8 min
2026-09-16 12:16:37,547 | INFO | Steps: 2048/150000 | Episodes: 4 | LastEpReward: -100.966 | RecentReward: -52.690 | ActorLoss: 0.260368 | CriticLoss: 0.000939 | Q: -0.2760 | TargetQ: -0.2762 | TDAbs: 0.0317 | ActorGrad: 0.0023 | CriticGrad: 0.0967 | Noise: 0.3470 | Replay: 2048 | FPS: 89.72 | ETA: 27.5 min
2026-09-16 12:16:44,450 | INFO | Steps: 2560/150000 | Episodes: 5 | LastEpReward: -138.712 | RecentReward: -69.895 | ActorLoss: 0.680199 | CriticLoss: 0.001855 | Q: -0.6966 | TargetQ: -0.6972 | TDAbs: 0.0436 | ActorGrad: 0.0014 | CriticGrad: 0.1968 | Noise: 0.3455 | Replay: 2560 | FPS: 86.11 | ETA: 28.5 min
2026-09-16 12:16:51,165 | INFO | Steps: 3072/150000 | Episodes: 6 | LastEpReward: -147.455 | RecentReward: -82.821 | ActorLoss: 1.162369 | CriticLoss: 0.001681 | Q: -1.1761 | TargetQ: -1.1762 | TDAbs: 0.0433 | ActorGrad: 0.0021 | CriticGrad: 0.1770 | Noise: 0.3441 | Replay: 3072 | FPS: 84.30 | ETA: 29.1 min
2026-09-16 12:16:57,914 | INFO | Steps: 3584/150000 | Episodes: 7 | LastEpReward: -72.095 | RecentReward: -81.289 | ActorLoss: 1.427108 | CriticLoss: 0.003014 | Q: -1.5159 | TargetQ: -1.5153 | TDAbs: 0.0520 | ActorGrad: 0.0546 | CriticGrad: 0.2847 | Noise: 0.3426 | Replay: 3584 | FPS: 82.98 | ETA: 29.4 min
2026-09-16 12:17:04,848 | INFO | Steps: 4096/150000 | Episodes: 8 | LastEpReward: 13.957 | RecentReward: -69.383 | ActorLoss: 1.113794 | CriticLoss: 0.001637 | Q: -1.2595 | TargetQ: -1.2595 | TDAbs: 0.0422 | ActorGrad: 0.0096 | CriticGrad: 0.1572 | Noise: 0.3412 | Replay: 4096 | FPS: 81.71 | ETA: 29.8 min
2026-09-16 12:17:11,710 | INFO | Steps: 4608/150000 | Episodes: 9 | LastEpReward: 17.015 | RecentReward: -59.783 | ActorLoss: 0.919562 | CriticLoss: 0.002103 | Q: -1.0601 | TargetQ: -1.0596 | TDAbs: 0.0478 | ActorGrad: 0.0081 | CriticGrad: 0.1836 | Noise: 0.3397 | Replay: 4608 | FPS: 80.86 | ETA: 30.0 min
2026-09-16 12:17:18,633 | INFO | 开始周期评估: Steps=5120 | Episodes=10 | EvalEpisodes=5
2026-09-16 12:17:40,463 | INFO | 周期评估完成: Steps=5120 | MeanReward=23.366 | StdReward=3.198
2026-09-16 12:17:40,476 | INFO | Steps: 5120/150000 | Episodes: 10 | LastEpReward: 18.501 | RecentReward: -51.955 | ActorLoss: 0.692297 | CriticLoss: 0.001501 | Q: -0.8257 | TargetQ: -0.8255 | TDAbs: 0.0405 | ActorGrad: 0.0093 | CriticGrad: 0.1504 | Noise: 0.3382 | Replay: 5120 | FPS: 59.71 | ETA: 40.4 min
2026-09-16 12:17:47,429 | INFO | Steps: 5632/150000 | Episodes: 11 | LastEpReward: 27.714 | RecentReward: -49.671 | ActorLoss: 0.494484 | CriticLoss: 0.002063 | Q: -0.6185 | TargetQ: -0.6179 | TDAbs: 0.0481 | ActorGrad: 0.0071 | CriticGrad: 0.1722 | Noise: 0.3368 | Replay: 5632 | FPS: 60.75 | ETA: 39.6 min
2026-09-16 12:17:54,448 | INFO | Steps: 6144/150000 | Episodes: 12 | LastEpReward: 17.319 | RecentReward: -47.711 | ActorLoss: 0.286321 | CriticLoss: 0.001770 | Q: -0.4024 | TargetQ: -0.4021 | TDAbs: 0.0437 | ActorGrad: 0.0150 | CriticGrad: 0.1330 | Noise: 0.3353 | Replay: 6144 | FPS: 61.61 | ETA: 38.9 min
2026-09-16 12:18:01,430 | INFO | Steps: 6656/150000 | Episodes: 13 | LastEpReward: 22.383 | RecentReward: -34.234 | ActorLoss: 0.113430 | CriticLoss: 0.002296 | Q: -0.2238 | TargetQ: -0.2235 | TDAbs: 0.0508 | ActorGrad: 0.0127 | CriticGrad: 0.1775 | Noise: 0.3338 | Replay: 6656 | FPS: 62.38 | ETA: 38.3 min
2026-09-16 12:18:08,421 | INFO | Steps: 7168/150000 | Episodes: 14 | LastEpReward: 20.369 | RecentReward: -22.101 | ActorLoss: -0.007023 | CriticLoss: 0.002072 | Q: -0.1015 | TargetQ: -0.1012 | TDAbs: 0.0486 | ActorGrad: 0.0123 | CriticGrad: 0.1461 | Noise: 0.3324 | Replay: 7168 | FPS: 63.04 | ETA: 37.8 min
2026-09-16 12:18:15,320 | INFO | Steps: 7680/150000 | Episodes: 15 | LastEpReward: 21.740 | RecentReward: -6.055 | ActorLoss: -0.194774 | CriticLoss: 0.002353 | Q: 0.0908 | TargetQ: 0.0911 | TDAbs: 0.0519 | ActorGrad: 0.0110 | CriticGrad: 0.1648 | Noise: 0.3309 | Replay: 7680 | FPS: 63.68 | ETA: 37.2 min
2026-09-16 12:18:22,526 | INFO | Steps: 8192/150000 | Episodes: 16 | LastEpReward: 18.829 | RecentReward: 10.573 | ActorLoss: -0.382876 | CriticLoss: 0.002525 | Q: 0.2892 | TargetQ: 0.2895 | TDAbs: 0.0540 | ActorGrad: 0.0123 | CriticGrad: 0.1658 | Noise: 0.3295 | Replay: 8192 | FPS: 64.10 | ETA: 36.9 min
2026-09-16 12:18:29,574 | INFO | Steps: 8704/150000 | Episodes: 17 | LastEpReward: 15.686 | RecentReward: 19.351 | ActorLoss: -0.511490 | CriticLoss: 0.002789 | Q: 0.4209 | TargetQ: 0.4208 | TDAbs: 0.0558 | ActorGrad: 0.0182 | CriticGrad: 0.1651 | Noise: 0.3280 | Replay: 8704 | FPS: 64.54 | ETA: 36.5 min
2026-09-16 12:18:36,573 | INFO | Steps: 9216/150000 | Episodes: 18 | LastEpReward: 35.072 | RecentReward: 21.463 | ActorLoss: -0.614649 | CriticLoss: 0.002884 | Q: 0.5269 | TargetQ: 0.5270 | TDAbs: 0.0574 | ActorGrad: 0.0182 | CriticGrad: 0.1711 | Noise: 0.3265 | Replay: 9216 | FPS: 64.97 | ETA: 36.1 min
2026-09-16 12:18:43,590 | INFO | Steps: 9728/150000 | Episodes: 19 | LastEpReward: 15.432 | RecentReward: 21.304 | ActorLoss: -0.753239 | CriticLoss: 0.003179 | Q: 0.6718 | TargetQ: 0.6717 | TDAbs: 0.0590 | ActorGrad: 0.0217 | CriticGrad: 0.1595 | Noise: 0.3251 | Replay: 9728 | FPS: 65.35 | ETA: 35.8 min
2026-09-16 12:18:50,546 | INFO | 开始周期评估: Steps=10240 | Episodes=20 | EvalEpisodes=5
2026-09-16 12:19:12,238 | INFO | 周期评估完成: Steps=10240 | MeanReward=17.497 | StdReward=2.527
2026-09-16 12:19:12,245 | INFO | Steps: 10240/150000 | Episodes: 20 | LastEpReward: 25.450 | RecentReward: 21.999 | ActorLoss: -0.938663 | CriticLoss: 0.004118 | Q: 0.8488 | TargetQ: 0.8487 | TDAbs: 0.0689 | ActorGrad: 0.0215 | CriticGrad: 0.2286 | Noise: 0.3236 | Replay: 10240 | FPS: 57.68 | ETA: 40.4 min
2026-09-16 12:19:19,408 | INFO | Steps: 10752/150000 | Episodes: 21 | LastEpReward: 9.702 | RecentReward: 20.198 | ActorLoss: -1.047274 | CriticLoss: 0.003307 | Q: 0.9649 | TargetQ: 0.9653 | TDAbs: 0.0615 | ActorGrad: 0.0213 | CriticGrad: 0.1903 | Noise: 0.3221 | Replay: 10752 | FPS: 58.22 | ETA: 39.9 min
2026-09-16 12:19:26,404 | INFO | Steps: 11264/150000 | Episodes: 22 | LastEpReward: 16.289 | RecentReward: 20.095 | ActorLoss: -1.176920 | CriticLoss: 0.003492 | Q: 1.0984 | TargetQ: 1.0987 | TDAbs: 0.0637 | ActorGrad: 0.0240 | CriticGrad: 0.1885 | Noise: 0.3207 | Replay: 11264 | FPS: 58.76 | ETA: 39.3 min
2026-09-16 12:19:33,444 | INFO | Steps: 11776/150000 | Episodes: 23 | LastEpReward: 1.053 | RecentReward: 17.962 | ActorLoss: -1.257955 | CriticLoss: 0.003583 | Q: 1.1849 | TargetQ: 1.1856 | TDAbs: 0.0640 | ActorGrad: 0.0204 | CriticGrad: 0.1861 | Noise: 0.3192 | Replay: 11776 | FPS: 59.26 | ETA: 38.9 min
2026-09-16 12:19:40,517 | INFO | Steps: 12288/150000 | Episodes: 24 | LastEpReward: 26.359 | RecentReward: 18.561 | ActorLoss: -1.380468 | CriticLoss: 0.003915 | Q: 1.3104 | TargetQ: 1.3112 | TDAbs: 0.0677 | ActorGrad: 0.0230 | CriticGrad: 0.2003 | Noise: 0.3177 | Replay: 12288 | FPS: 59.71 | ETA: 38.4 min
2026-09-16 12:19:47,534 | INFO | Steps: 12800/150000 | Episodes: 25 | LastEpReward: 18.014 | RecentReward: 18.189 | ActorLoss: -1.482613 | CriticLoss: 0.004288 | Q: 1.4108 | TargetQ: 1.4109 | TDAbs: 0.0700 | ActorGrad: 0.0221 | CriticGrad: 0.1943 | Noise: 0.3163 | Replay: 12800 | FPS: 60.15 | ETA: 38.0 min
2026-09-16 12:19:54,837 | INFO | Steps: 13312/150000 | Episodes: 26 | LastEpReward: 9.342 | RecentReward: 17.240 | ActorLoss: -1.598722 | CriticLoss: 0.004489 | Q: 1.5335 | TargetQ: 1.5338 | TDAbs: 0.0705 | ActorGrad: 0.0218 | CriticGrad: 0.2078 | Noise: 0.3148 | Replay: 13312 | FPS: 60.48 | ETA: 37.7 min
2026-09-16 12:20:02,015 | INFO | Steps: 13824/150000 | Episodes: 27 | LastEpReward: 18.357 | RecentReward: 17.507 | ActorLoss: -1.627774 | CriticLoss: 0.005578 | Q: 1.5622 | TargetQ: 1.5629 | TDAbs: 0.0788 | ActorGrad: 0.0210 | CriticGrad: 0.2742 | Noise: 0.3134 | Replay: 13824 | FPS: 60.82 | ETA: 37.3 min
2026-09-16 12:20:09,238 | INFO | Steps: 14336/150000 | Episodes: 28 | LastEpReward: 18.514 | RecentReward: 15.851 | ActorLoss: -1.741636 | CriticLoss: 0.004838 | Q: 1.6788 | TargetQ: 1.6800 | TDAbs: 0.0753 | ActorGrad: 0.0244 | CriticGrad: 0.2509 | Noise: 0.3119 | Replay: 14336 | FPS: 61.13 | ETA: 37.0 min
2026-09-16 12:20:16,399 | INFO | Steps: 14848/150000 | Episodes: 29 | LastEpReward: 15.839 | RecentReward: 15.892 | ActorLoss: -1.817854 | CriticLoss: 0.005324 | Q: 1.7591 | TargetQ: 1.7594 | TDAbs: 0.0769 | ActorGrad: 0.0219 | CriticGrad: 0.2440 | Noise: 0.3104 | Replay: 14848 | FPS: 61.44 | ETA: 36.7 min
2026-09-16 12:20:23,495 | INFO | 开始周期评估: Steps=15360 | Episodes=30 | EvalEpisodes=5
2026-09-16 12:20:45,199 | INFO | 周期评估完成: Steps=15360 | MeanReward=22.699 | StdReward=6.634
2026-09-16 12:20:45,207 | INFO | Steps: 15360/150000 | Episodes: 30 | LastEpReward: 19.918 | RecentReward: 15.339 | ActorLoss: -1.859024 | CriticLoss: 0.006023 | Q: 1.7993 | TargetQ: 1.8000 | TDAbs: 0.0828 | ActorGrad: 0.0336 | CriticGrad: 0.3162 | Noise: 0.3090 | Replay: 15360 | FPS: 56.79 | ETA: 39.5 min
2026-09-16 12:20:52,277 | INFO | Steps: 15872/150000 | Episodes: 31 | LastEpReward: 19.029 | RecentReward: 16.271 | ActorLoss: -1.945763 | CriticLoss: 0.006219 | Q: 1.8880 | TargetQ: 1.8887 | TDAbs: 0.0837 | ActorGrad: 0.0339 | CriticGrad: 0.3052 | Noise: 0.3075 | Replay: 15872 | FPS: 57.18 | ETA: 39.1 min
2026-09-16 12:20:59,363 | INFO | Steps: 16384/150000 | Episodes: 32 | LastEpReward: 28.772 | RecentReward: 17.520 | ActorLoss: -1.981844 | CriticLoss: 0.006542 | Q: 1.9200 | TargetQ: 1.9200 | TDAbs: 0.0863 | ActorGrad: 0.0331 | CriticGrad: 0.3270 | Noise: 0.3060 | Replay: 16384 | FPS: 57.56 | ETA: 38.7 min
2026-09-16 12:21:06,617 | INFO | Steps: 16896/150000 | Episodes: 33 | LastEpReward: 27.947 | RecentReward: 20.209 | ActorLoss: -2.123479 | CriticLoss: 0.007157 | Q: 2.0650 | TargetQ: 2.0647 | TDAbs: 0.0875 | ActorGrad: 0.0300 | CriticGrad: 0.2861 | Noise: 0.3046 | Replay: 16896 | FPS: 57.88 | ETA: 38.3 min
2026-09-16 12:21:13,632 | INFO | Steps: 17408/150000 | Episodes: 34 | LastEpReward: 21.019 | RecentReward: 19.675 | ActorLoss: -2.186514 | CriticLoss: 0.006898 | Q: 2.1244 | TargetQ: 2.1252 | TDAbs: 0.0886 | ActorGrad: 0.0185 | CriticGrad: 0.3091 | Noise: 0.3031 | Replay: 17408 | FPS: 58.24 | ETA: 37.9 min
2026-09-16 12:21:20,682 | INFO | Steps: 17920/150000 | Episodes: 35 | LastEpReward: 30.421 | RecentReward: 20.916 | ActorLoss: -2.297276 | CriticLoss: 0.007352 | Q: 2.2375 | TargetQ: 2.2380 | TDAbs: 0.0909 | ActorGrad: 0.0147 | CriticGrad: 0.3310 | Noise: 0.3017 | Replay: 17920 | FPS: 58.57 | ETA: 37.6 min
2026-09-16 12:21:27,823 | INFO | Steps: 18432/150000 | Episodes: 36 | LastEpReward: 29.745 | RecentReward: 22.956 | ActorLoss: -2.356182 | CriticLoss: 0.008036 | Q: 2.2968 | TargetQ: 2.2971 | TDAbs: 0.0934 | ActorGrad: 0.0156 | CriticGrad: 0.3447 | Noise: 0.3002 | Replay: 18432 | FPS: 58.87 | ETA: 37.2 min
2026-09-16 12:21:34,879 | INFO | Steps: 18944/150000 | Episodes: 37 | LastEpReward: 27.714 | RecentReward: 23.892 | ActorLoss: -2.449605 | CriticLoss: 0.008077 | Q: 2.3894 | TargetQ: 2.3899 | TDAbs: 0.0958 | ActorGrad: 0.0190 | CriticGrad: 0.3550 | Noise: 0.2987 | Replay: 18944 | FPS: 59.17 | ETA: 36.9 min
2026-09-16 12:21:41,916 | INFO | Steps: 19456/150000 | Episodes: 38 | LastEpReward: 27.016 | RecentReward: 24.742 | ActorLoss: -2.604491 | CriticLoss: 0.009010 | Q: 2.5449 | TargetQ: 2.5449 | TDAbs: 0.1007 | ActorGrad: 0.0211 | CriticGrad: 0.4044 | Noise: 0.2973 | Replay: 19456 | FPS: 59.46 | ETA: 36.6 min
2026-09-16 12:21:49,062 | INFO | Steps: 19968/150000 | Episodes: 39 | LastEpReward: 36.206 | RecentReward: 26.779 | ActorLoss: -2.699454 | CriticLoss: 0.008929 | Q: 2.6379 | TargetQ: 2.6380 | TDAbs: 0.0989 | ActorGrad: 0.0238 | CriticGrad: 0.3850 | Noise: 0.2958 | Replay: 19968 | FPS: 59.72 | ETA: 36.3 min
2026-09-16 12:21:56,204 | INFO | 开始周期评估: Steps=20480 | Episodes=40 | EvalEpisodes=5
2026-09-16 12:22:17,963 | INFO | 周期评估完成: Steps=20480 | MeanReward=28.000 | StdReward=3.597
2026-09-16 12:22:17,976 | INFO | Steps: 20480/150000 | Episodes: 40 | LastEpReward: 39.481 | RecentReward: 28.735 | ActorLoss: -2.761841 | CriticLoss: 0.008556 | Q: 2.7020 | TargetQ: 2.7025 | TDAbs: 0.0976 | ActorGrad: 0.0262 | CriticGrad: 0.3330 | Noise: 0.2943 | Replay: 20480 | FPS: 56.38 | ETA: 38.3 min
2026-09-16 12:22:25,398 | INFO | Steps: 20992/150000 | Episodes: 41 | LastEpReward: 26.689 | RecentReward: 29.501 | ActorLoss: -2.821825 | CriticLoss: 0.010217 | Q: 2.7674 | TargetQ: 2.7687 | TDAbs: 0.1046 | ActorGrad: 0.0221 | CriticGrad: 0.4440 | Noise: 0.2929 | Replay: 20992 | FPS: 56.63 | ETA: 38.0 min
2026-09-16 12:22:32,510 | INFO | Steps: 21504/150000 | Episodes: 42 | LastEpReward: 17.459 | RecentReward: 28.370 | ActorLoss: -2.940794 | CriticLoss: 0.010213 | Q: 2.8871 | TargetQ: 2.8877 | TDAbs: 0.1061 | ActorGrad: 0.0393 | CriticGrad: 0.3586 | Noise: 0.2914 | Replay: 21504 | FPS: 56.92 | ETA: 37.6 min
2026-09-16 12:22:39,526 | INFO | Steps: 22016/150000 | Episodes: 43 | LastEpReward: 24.400 | RecentReward: 28.015 | ActorLoss: -2.968491 | CriticLoss: 0.011388 | Q: 2.9203 | TargetQ: 2.9205 | TDAbs: 0.1120 | ActorGrad: 0.0375 | CriticGrad: 0.4687 | Noise: 0.2900 | Replay: 22016 | FPS: 57.21 | ETA: 37.3 min
2026-09-16 12:22:46,602 | INFO | Steps: 22528/150000 | Episodes: 44 | LastEpReward: 18.392 | RecentReward: 27.752 | ActorLoss: -3.038323 | CriticLoss: 0.012680 | Q: 2.9899 | TargetQ: 2.9892 | TDAbs: 0.1146 | ActorGrad: 0.0440 | CriticGrad: 0.4345 | Noise: 0.2885 | Replay: 22528 | FPS: 57.49 | ETA: 37.0 min
2026-09-16 12:22:53,715 | INFO | Steps: 23040/150000 | Episodes: 45 | LastEpReward: 18.463 | RecentReward: 26.557 | ActorLoss: -3.101236 | CriticLoss: 0.012167 | Q: 3.0445 | TargetQ: 3.0432 | TDAbs: 0.1137 | ActorGrad: 0.0566 | CriticGrad: 0.4103 | Noise: 0.2870 | Replay: 23040 | FPS: 57.75 | ETA: 36.6 min
2026-09-16 12:23:00,879 | INFO | Steps: 23552/150000 | Episodes: 46 | LastEpReward: 20.860 | RecentReward: 25.668 | ActorLoss: -3.182948 | CriticLoss: 0.012422 | Q: 3.1237 | TargetQ: 3.1238 | TDAbs: 0.1171 | ActorGrad: 0.0496 | CriticGrad: 0.4383 | Noise: 0.2856 | Replay: 23552 | FPS: 57.99 | ETA: 36.3 min
2026-09-16 12:23:08,082 | INFO | Steps: 24064/150000 | Episodes: 47 | LastEpReward: 17.986 | RecentReward: 24.695 | ActorLoss: -3.274324 | CriticLoss: 0.016132 | Q: 3.2241 | TargetQ: 3.2244 | TDAbs: 0.1288 | ActorGrad: 0.0507 | CriticGrad: 0.5182 | Noise: 0.2841 | Replay: 24064 | FPS: 58.22 | ETA: 36.1 min
2026-09-16 12:23:15,241 | INFO | Steps: 24576/150000 | Episodes: 48 | LastEpReward: 23.427 | RecentReward: 24.336 | ActorLoss: -3.330089 | CriticLoss: 0.014727 | Q: 3.2784 | TargetQ: 3.2772 | TDAbs: 0.1268 | ActorGrad: 0.0531 | CriticGrad: 0.5677 | Noise: 0.2826 | Replay: 24576 | FPS: 58.44 | ETA: 35.8 min
2026-09-16 12:23:22,267 | INFO | Steps: 25088/150000 | Episodes: 49 | LastEpReward: 23.888 | RecentReward: 23.104 | ActorLoss: -3.362158 | CriticLoss: 0.014831 | Q: 3.3138 | TargetQ: 3.3136 | TDAbs: 0.1275 | ActorGrad: 0.0697 | CriticGrad: 0.5978 | Noise: 0.2812 | Replay: 25088 | FPS: 58.68 | ETA: 35.5 min
2026-09-16 12:23:29,305 | INFO | 开始周期评估: Steps=25600 | Episodes=50 | EvalEpisodes=5
2026-09-16 12:23:51,158 | INFO | 周期评估完成: Steps=25600 | MeanReward=22.812 | StdReward=5.018
2026-09-16 12:23:51,165 | INFO | Steps: 25600/150000 | Episodes: 50 | LastEpReward: 8.519 | RecentReward: 20.008 | ActorLoss: -3.401822 | CriticLoss: 0.015698 | Q: 3.3528 | TargetQ: 3.3530 | TDAbs: 0.1299 | ActorGrad: 0.0641 | CriticGrad: 0.5037 | Noise: 0.2797 | Replay: 25600 | FPS: 56.09 | ETA: 37.0 min
2026-09-16 12:23:58,510 | INFO | Steps: 26112/150000 | Episodes: 51 | LastEpReward: 9.946 | RecentReward: 18.334 | ActorLoss: -3.470303 | CriticLoss: 0.016382 | Q: 3.4229 | TargetQ: 3.4224 | TDAbs: 0.1352 | ActorGrad: 0.0745 | CriticGrad: 0.5555 | Noise: 0.2783 | Replay: 26112 | FPS: 56.30 | ETA: 36.7 min
2026-09-16 12:24:05,601 | INFO | Steps: 26624/150000 | Episodes: 52 | LastEpReward: 25.738 | RecentReward: 19.162 | ActorLoss: -3.547014 | CriticLoss: 0.016347 | Q: 3.4994 | TargetQ: 3.5008 | TDAbs: 0.1351 | ActorGrad: 0.0716 | CriticGrad: 0.6085 | Noise: 0.2768 | Replay: 26624 | FPS: 56.54 | ETA: 36.4 min
2026-09-16 12:24:12,854 | INFO | Steps: 27136/150000 | Episodes: 53 | LastEpReward: 20.062 | RecentReward: 18.728 | ActorLoss: -3.614321 | CriticLoss: 0.016840 | Q: 3.5691 | TargetQ: 3.5685 | TDAbs: 0.1378 | ActorGrad: 0.0631 | CriticGrad: 0.5749 | Noise: 0.2753 | Replay: 27136 | FPS: 56.75 | ETA: 36.1 min
2026-09-16 12:24:20,188 | INFO | Steps: 27648/150000 | Episodes: 54 | LastEpReward: 19.389 | RecentReward: 18.828 | ActorLoss: -3.651744 | CriticLoss: 0.018655 | Q: 3.6002 | TargetQ: 3.5996 | TDAbs: 0.1416 | ActorGrad: 0.0675 | CriticGrad: 0.5964 | Noise: 0.2739 | Replay: 27648 | FPS: 56.95 | ETA: 35.8 min
2026-09-16 12:24:27,416 | INFO | Steps: 28160/150000 | Episodes: 55 | LastEpReward: 33.114 | RecentReward: 20.293 | ActorLoss: -3.691952 | CriticLoss: 0.018421 | Q: 3.6450 | TargetQ: 3.6455 | TDAbs: 0.1436 | ActorGrad: 0.0633 | CriticGrad: 0.6534 | Noise: 0.2724 | Replay: 28160 | FPS: 57.16 | ETA: 35.5 min
2026-09-16 12:24:34,428 | INFO | Steps: 28672/150000 | Episodes: 56 | LastEpReward: 24.771 | RecentReward: 20.684 | ActorLoss: -3.786300 | CriticLoss: 0.018898 | Q: 3.7321 | TargetQ: 3.7325 | TDAbs: 0.1457 | ActorGrad: 0.0771 | CriticGrad: 0.6806 | Noise: 0.2709 | Replay: 28672 | FPS: 57.38 | ETA: 35.2 min
2026-09-16 12:24:41,524 | INFO | Steps: 29184/150000 | Episodes: 57 | LastEpReward: 34.887 | RecentReward: 22.374 | ActorLoss: -3.876281 | CriticLoss: 0.019009 | Q: 3.8254 | TargetQ: 3.8265 | TDAbs: 0.1476 | ActorGrad: 0.0695 | CriticGrad: 0.6947 | Noise: 0.2695 | Replay: 29184 | FPS: 57.58 | ETA: 35.0 min
2026-09-16 12:24:48,575 | INFO | Steps: 29696/150000 | Episodes: 58 | LastEpReward: 24.560 | RecentReward: 22.487 | ActorLoss: -3.927989 | CriticLoss: 0.020503 | Q: 3.8771 | TargetQ: 3.8758 | TDAbs: 0.1507 | ActorGrad: 0.0744 | CriticGrad: 0.6395 | Noise: 0.2680 | Replay: 29696 | FPS: 57.79 | ETA: 34.7 min
2026-09-16 12:24:55,630 | INFO | Steps: 30208/150000 | Episodes: 59 | LastEpReward: 19.479 | RecentReward: 22.046 | ActorLoss: -3.969386 | CriticLoss: 0.020827 | Q: 3.9200 | TargetQ: 3.9191 | TDAbs: 0.1552 | ActorGrad: 0.0520 | CriticGrad: 0.7703 | Noise: 0.2665 | Replay: 30208 | FPS: 57.99 | ETA: 34.4 min
2026-09-16 12:25:02,764 | INFO | 开始周期评估: Steps=30720 | Episodes=60 | EvalEpisodes=5
2026-09-16 12:25:24,577 | INFO | 周期评估完成: Steps=30720 | MeanReward=26.833 | StdReward=2.977
2026-09-16 12:25:24,585 | INFO | Steps: 30720/150000 | Episodes: 60 | LastEpReward: 31.046 | RecentReward: 24.299 | ActorLoss: -4.068440 | CriticLoss: 0.020122 | Q: 4.0229 | TargetQ: 4.0236 | TDAbs: 0.1524 | ActorGrad: 0.0601 | CriticGrad: 0.7109 | Noise: 0.2651 | Replay: 30720 | FPS: 55.87 | ETA: 35.6 min
2026-09-16 12:25:31,639 | INFO | Steps: 31232/150000 | Episodes: 61 | LastEpReward: 21.313 | RecentReward: 25.436 | ActorLoss: -4.122132 | CriticLoss: 0.022627 | Q: 4.0698 | TargetQ: 4.0711 | TDAbs: 0.1599 | ActorGrad: 0.0699 | CriticGrad: 0.8409 | Noise: 0.2636 | Replay: 31232 | FPS: 56.08 | ETA: 35.3 min
2026-09-16 12:25:38,756 | INFO | Steps: 31744/150000 | Episodes: 62 | LastEpReward: 27.166 | RecentReward: 25.579 | ActorLoss: -4.189850 | CriticLoss: 0.023715 | Q: 4.1361 | TargetQ: 4.1343 | TDAbs: 0.1635 | ActorGrad: 0.0773 | CriticGrad: 0.7680 | Noise: 0.2622 | Replay: 31744 | FPS: 56.28 | ETA: 35.0 min
2026-09-16 12:25:45,697 | INFO | Steps: 32256/150000 | Episodes: 63 | LastEpReward: 12.303 | RecentReward: 24.803 | ActorLoss: -4.224276 | CriticLoss: 0.024374 | Q: 4.1716 | TargetQ: 4.1720 | TDAbs: 0.1671 | ActorGrad: 0.0785 | CriticGrad: 0.8351 | Noise: 0.2607 | Replay: 32256 | FPS: 56.49 | ETA: 34.7 min
2026-09-16 12:25:52,806 | INFO | Steps: 32768/150000 | Episodes: 64 | LastEpReward: 23.856 | RecentReward: 25.250 | ActorLoss: -4.197412 | CriticLoss: 0.024778 | Q: 4.1476 | TargetQ: 4.1495 | TDAbs: 0.1676 | ActorGrad: 0.0778 | CriticGrad: 0.7762 | Noise: 0.2592 | Replay: 32768 | FPS: 56.68 | ETA: 34.5 min
2026-09-16 12:25:59,906 | INFO | Steps: 33280/150000 | Episodes: 65 | LastEpReward: 19.302 | RecentReward: 23.868 | ActorLoss: -4.256236 | CriticLoss: 0.025902 | Q: 4.2077 | TargetQ: 4.2078 | TDAbs: 0.1692 | ActorGrad: 0.0690 | CriticGrad: 0.8655 | Noise: 0.2578 | Replay: 33280 | FPS: 56.87 | ETA: 34.2 min
2026-09-16 12:26:07,115 | INFO | Steps: 33792/150000 | Episodes: 66 | LastEpReward: 34.556 | RecentReward: 24.847 | ActorLoss: -4.422202 | CriticLoss: 0.024383 | Q: 4.3758 | TargetQ: 4.3762 | TDAbs: 0.1677 | ActorGrad: 0.0717 | CriticGrad: 0.7192 | Noise: 0.2563 | Replay: 33792 | FPS: 57.04 | ETA: 34.0 min
2026-09-16 12:26:14,157 | INFO | Steps: 34304/150000 | Episodes: 67 | LastEpReward: 20.560 | RecentReward: 23.414 | ActorLoss: -4.390876 | CriticLoss: 0.026190 | Q: 4.3411 | TargetQ: 4.3410 | TDAbs: 0.1720 | ActorGrad: 0.0869 | CriticGrad: 0.8120 | Noise: 0.2548 | Replay: 34304 | FPS: 57.23 | ETA: 33.7 min
2026-09-16 12:26:21,289 | INFO | Steps: 34816/150000 | Episodes: 68 | LastEpReward: 29.611 | RecentReward: 23.919 | ActorLoss: -4.441335 | CriticLoss: 0.025919 | Q: 4.3876 | TargetQ: 4.3883 | TDAbs: 0.1722 | ActorGrad: 0.0716 | CriticGrad: 0.8451 | Noise: 0.2534 | Replay: 34816 | FPS: 57.40 | ETA: 33.4 min
2026-09-16 12:26:28,426 | INFO | Steps: 35328/150000 | Episodes: 69 | LastEpReward: 31.842 | RecentReward: 25.155 | ActorLoss: -4.514490 | CriticLoss: 0.027394 | Q: 4.4666 | TargetQ: 4.4656 | TDAbs: 0.1739 | ActorGrad: 0.0789 | CriticGrad: 0.7990 | Noise: 0.2519 | Replay: 35328 | FPS: 57.57 | ETA: 33.2 min
2026-09-16 12:26:35,729 | INFO | 开始周期评估: Steps=35840 | Episodes=70 | EvalEpisodes=5
2026-09-16 12:26:57,540 | INFO | 周期评估完成: Steps=35840 | MeanReward=22.709 | StdReward=2.321
2026-09-16 12:26:57,547 | INFO | Steps: 35840/150000 | Episodes: 70 | LastEpReward: 31.974 | RecentReward: 25.248 | ActorLoss: -4.567981 | CriticLoss: 0.028356 | Q: 4.5235 | TargetQ: 4.5247 | TDAbs: 0.1780 | ActorGrad: 0.0768 | CriticGrad: 0.9250 | Noise: 0.2505 | Replay: 35840 | FPS: 55.75 | ETA: 34.1 min
2026-09-16 12:27:04,640 | INFO | Steps: 36352/150000 | Episodes: 71 | LastEpReward: 26.547 | RecentReward: 25.772 | ActorLoss: -4.614514 | CriticLoss: 0.027887 | Q: 4.5626 | TargetQ: 4.5611 | TDAbs: 0.1776 | ActorGrad: 0.0953 | CriticGrad: 0.8680 | Noise: 0.2490 | Replay: 36352 | FPS: 55.93 | ETA: 33.9 min
2026-09-16 12:27:11,759 | INFO | Steps: 36864/150000 | Episodes: 72 | LastEpReward: 26.603 | RecentReward: 25.715 | ActorLoss: -4.566556 | CriticLoss: 0.029633 | Q: 4.5195 | TargetQ: 4.5197 | TDAbs: 0.1802 | ActorGrad: 0.0709 | CriticGrad: 0.9171 | Noise: 0.2475 | Replay: 36864 | FPS: 56.11 | ETA: 33.6 min
2026-09-16 12:27:18,882 | INFO | Steps: 37376/150000 | Episodes: 73 | LastEpReward: 16.814 | RecentReward: 26.166 | ActorLoss: -4.637769 | CriticLoss: 0.028330 | Q: 4.5972 | TargetQ: 4.5976 | TDAbs: 0.1762 | ActorGrad: 0.0792 | CriticGrad: 0.9418 | Noise: 0.2461 | Replay: 37376 | FPS: 56.28 | ETA: 33.4 min
2026-09-16 12:27:25,993 | INFO | Steps: 37888/150000 | Episodes: 74 | LastEpReward: 28.590 | RecentReward: 26.640 | ActorLoss: -4.662267 | CriticLoss: 0.029160 | Q: 4.6235 | TargetQ: 4.6246 | TDAbs: 0.1798 | ActorGrad: 0.0580 | CriticGrad: 0.9107 | Noise: 0.2446 | Replay: 37888 | FPS: 56.44 | ETA: 33.1 min
2026-09-16 12:27:33,271 | INFO | Steps: 38400/150000 | Episodes: 75 | LastEpReward: 19.811 | RecentReward: 26.691 | ActorLoss: -4.658353 | CriticLoss: 0.030413 | Q: 4.6191 | TargetQ: 4.6179 | TDAbs: 0.1830 | ActorGrad: 0.0571 | CriticGrad: 1.0604 | Noise: 0.2431 | Replay: 38400 | FPS: 56.59 | ETA: 32.9 min
2026-09-16 12:27:40,616 | INFO | Steps: 38912/150000 | Episodes: 76 | LastEpReward: 31.746 | RecentReward: 26.410 | ActorLoss: -4.744843 | CriticLoss: 0.029603 | Q: 4.6997 | TargetQ: 4.6977 | TDAbs: 0.1805 | ActorGrad: 0.0596 | CriticGrad: 0.9588 | Noise: 0.2417 | Replay: 38912 | FPS: 56.73 | ETA: 32.6 min
2026-09-16 12:27:47,685 | INFO | Steps: 39424/150000 | Episodes: 77 | LastEpReward: 22.562 | RecentReward: 26.610 | ActorLoss: -4.694805 | CriticLoss: 0.029454 | Q: 4.6561 | TargetQ: 4.6551 | TDAbs: 0.1799 | ActorGrad: 0.0448 | CriticGrad: 0.8838 | Noise: 0.2402 | Replay: 39424 | FPS: 56.89 | ETA: 32.4 min
2026-09-16 12:27:54,782 | INFO | Steps: 39936/150000 | Episodes: 78 | LastEpReward: 24.835 | RecentReward: 26.132 | ActorLoss: -4.736821 | CriticLoss: 0.029235 | Q: 4.6926 | TargetQ: 4.6923 | TDAbs: 0.1800 | ActorGrad: 0.0563 | CriticGrad: 0.9334 | Noise: 0.2388 | Replay: 39936 | FPS: 57.05 | ETA: 32.2 min
2026-09-16 12:28:02,064 | INFO | Steps: 40448/150000 | Episodes: 79 | LastEpReward: 26.416 | RecentReward: 25.590 | ActorLoss: -4.736183 | CriticLoss: 0.031099 | Q: 4.6952 | TargetQ: 4.6981 | TDAbs: 0.1830 | ActorGrad: 0.0568 | CriticGrad: 0.9607 | Noise: 0.2373 | Replay: 40448 | FPS: 57.18 | ETA: 31.9 min
2026-09-16 12:28:09,505 | INFO | 开始周期评估: Steps=40960 | Episodes=80 | EvalEpisodes=5
2026-09-16 12:28:31,356 | INFO | 周期评估完成: Steps=40960 | MeanReward=28.053 | StdReward=2.428
2026-09-16 12:28:31,368 | INFO | Steps: 40960/150000 | Episodes: 80 | LastEpReward: 24.084 | RecentReward: 24.801 | ActorLoss: -4.800580 | CriticLoss: 0.031525 | Q: 4.7681 | TargetQ: 4.7681 | TDAbs: 0.1864 | ActorGrad: 0.0714 | CriticGrad: 0.9737 | Noise: 0.2358 | Replay: 40960 | FPS: 55.60 | ETA: 32.7 min
2026-09-16 12:28:38,681 | INFO | Steps: 41472/150000 | Episodes: 81 | LastEpReward: 36.390 | RecentReward: 25.785 | ActorLoss: -4.807200 | CriticLoss: 0.031500 | Q: 4.7688 | TargetQ: 4.7684 | TDAbs: 0.1842 | ActorGrad: 0.0708 | CriticGrad: 0.9581 | Noise: 0.2344 | Replay: 41472 | FPS: 55.74 | ETA: 32.4 min
2026-09-16 12:28:46,128 | INFO | Steps: 41984/150000 | Episodes: 82 | LastEpReward: 20.804 | RecentReward: 25.205 | ActorLoss: -4.850239 | CriticLoss: 0.030712 | Q: 4.8075 | TargetQ: 4.8071 | TDAbs: 0.1836 | ActorGrad: 0.0572 | CriticGrad: 1.0689 | Noise: 0.2329 | Replay: 41984 | FPS: 55.87 | ETA: 32.2 min
2026-09-16 12:28:53,218 | INFO | Steps: 42496/150000 | Episodes: 83 | LastEpReward: 25.671 | RecentReward: 26.091 | ActorLoss: -4.908886 | CriticLoss: 0.030807 | Q: 4.8650 | TargetQ: 4.8647 | TDAbs: 0.1833 | ActorGrad: 0.0491 | CriticGrad: 0.9874 | Noise: 0.2314 | Replay: 42496 | FPS: 56.03 | ETA: 32.0 min
2026-09-16 12:29:00,398 | INFO | Steps: 43008/150000 | Episodes: 84 | LastEpReward: 20.569 | RecentReward: 25.289 | ActorLoss: -4.906923 | CriticLoss: 0.030693 | Q: 4.8619 | TargetQ: 4.8645 | TDAbs: 0.1847 | ActorGrad: 0.0633 | CriticGrad: 0.9248 | Noise: 0.2300 | Replay: 43008 | FPS: 56.17 | ETA: 31.7 min
2026-09-16 12:29:07,461 | INFO | Steps: 43520/150000 | Episodes: 85 | LastEpReward: 31.961 | RecentReward: 26.504 | ActorLoss: -4.993631 | CriticLoss: 0.032436 | Q: 4.9521 | TargetQ: 4.9512 | TDAbs: 0.1878 | ActorGrad: 0.0513 | CriticGrad: 0.9180 | Noise: 0.2285 | Replay: 43520 | FPS: 56.32 | ETA: 31.5 min
2026-09-16 12:29:14,546 | INFO | Steps: 44032/150000 | Episodes: 86 | LastEpReward: 19.829 | RecentReward: 25.312 | ActorLoss: -4.936571 | CriticLoss: 0.032938 | Q: 4.8913 | TargetQ: 4.8901 | TDAbs: 0.1891 | ActorGrad: 0.0492 | CriticGrad: 0.9751 | Noise: 0.2271 | Replay: 44032 | FPS: 56.46 | ETA: 31.3 min
2026-09-16 12:29:21,621 | INFO | Steps: 44544/150000 | Episodes: 87 | LastEpReward: 29.398 | RecentReward: 25.996 | ActorLoss: -4.988495 | CriticLoss: 0.031010 | Q: 4.9508 | TargetQ: 4.9490 | TDAbs: 0.1856 | ActorGrad: 0.0508 | CriticGrad: 1.1006 | Noise: 0.2256 | Replay: 44544 | FPS: 56.61 | ETA: 31.0 min
2026-09-16 12:29:28,811 | INFO | Steps: 45056/150000 | Episodes: 88 | LastEpReward: 37.523 | RecentReward: 27.264 | ActorLoss: -4.960700 | CriticLoss: 0.030771 | Q: 4.9231 | TargetQ: 4.9210 | TDAbs: 0.1853 | ActorGrad: 0.0473 | CriticGrad: 0.9745 | Noise: 0.2241 | Replay: 45056 | FPS: 56.74 | ETA: 30.8 min
2026-09-16 12:29:35,873 | INFO | Steps: 45568/150000 | Episodes: 89 | LastEpReward: 27.381 | RecentReward: 27.361 | ActorLoss: -4.958822 | CriticLoss: 0.032738 | Q: 4.9252 | TargetQ: 4.9248 | TDAbs: 0.1882 | ActorGrad: 0.0449 | CriticGrad: 0.9339 | Noise: 0.2227 | Replay: 45568 | FPS: 56.88 | ETA: 30.6 min
2026-09-16 12:29:42,917 | INFO | 开始周期评估: Steps=46080 | Episodes=90 | EvalEpisodes=5
2026-09-16 12:30:04,773 | INFO | 周期评估完成: Steps=46080 | MeanReward=29.104 | StdReward=4.290
2026-09-16 12:30:04,785 | INFO | Steps: 46080/150000 | Episodes: 90 | LastEpReward: 21.287 | RecentReward: 27.081 | ActorLoss: -5.008416 | CriticLoss: 0.031051 | Q: 4.9740 | TargetQ: 4.9744 | TDAbs: 0.1869 | ActorGrad: 0.0446 | CriticGrad: 1.0062 | Noise: 0.2212 | Replay: 46080 | FPS: 55.51 | ETA: 31.2 min
2026-09-16 12:30:11,905 | INFO | Steps: 46592/150000 | Episodes: 91 | LastEpReward: 22.880 | RecentReward: 25.730 | ActorLoss: -4.983563 | CriticLoss: 0.032543 | Q: 4.9502 | TargetQ: 4.9481 | TDAbs: 0.1878 | ActorGrad: 0.0488 | CriticGrad: 0.9188 | Noise: 0.2197 | Replay: 46592 | FPS: 55.65 | ETA: 31.0 min
2026-09-16 12:30:19,112 | INFO | Steps: 47104/150000 | Episodes: 92 | LastEpReward: 32.782 | RecentReward: 26.928 | ActorLoss: -4.985307 | CriticLoss: 0.031819 | Q: 4.9497 | TargetQ: 4.9479 | TDAbs: 0.1883 | ActorGrad: 0.0531 | CriticGrad: 0.9304 | Noise: 0.2183 | Replay: 47104 | FPS: 55.78 | ETA: 30.7 min
2026-09-16 12:30:26,321 | INFO | Steps: 47616/150000 | Episodes: 93 | LastEpReward: 25.911 | RecentReward: 26.952 | ActorLoss: -4.993678 | CriticLoss: 0.032019 | Q: 4.9591 | TargetQ: 4.9587 | TDAbs: 0.1877 | ActorGrad: 0.0471 | CriticGrad: 0.9400 | Noise: 0.2168 | Replay: 47616 | FPS: 55.91 | ETA: 30.5 min
2026-09-16 12:30:33,397 | INFO | Steps: 48128/150000 | Episodes: 94 | LastEpReward: 25.193 | RecentReward: 27.414 | ActorLoss: -4.993858 | CriticLoss: 0.032040 | Q: 4.9574 | TargetQ: 4.9557 | TDAbs: 0.1858 | ActorGrad: 0.0476 | CriticGrad: 0.8793 | Noise: 0.2153 | Replay: 48128 | FPS: 56.05 | ETA: 30.3 min
2026-09-16 12:30:40,524 | INFO | Steps: 48640/150000 | Episodes: 95 | LastEpReward: 29.773 | RecentReward: 27.196 | ActorLoss: -4.987218 | CriticLoss: 0.032469 | Q: 4.9570 | TargetQ: 4.9569 | TDAbs: 0.1881 | ActorGrad: 0.0539 | CriticGrad: 0.9663 | Noise: 0.2139 | Replay: 48640 | FPS: 56.18 | ETA: 30.1 min
2026-09-16 12:30:47,708 | INFO | Steps: 49152/150000 | Episodes: 96 | LastEpReward: 32.482 | RecentReward: 28.461 | ActorLoss: -4.988833 | CriticLoss: 0.030623 | Q: 4.9591 | TargetQ: 4.9592 | TDAbs: 0.1840 | ActorGrad: 0.0550 | CriticGrad: 0.8247 | Noise: 0.2124 | Replay: 49152 | FPS: 56.30 | ETA: 29.9 min
2026-09-16 12:30:54,814 | INFO | Steps: 49664/150000 | Episodes: 97 | LastEpReward: 26.619 | RecentReward: 28.183 | ActorLoss: -4.992301 | CriticLoss: 0.032049 | Q: 4.9606 | TargetQ: 4.9613 | TDAbs: 0.1892 | ActorGrad: 0.0487 | CriticGrad: 1.0494 | Noise: 0.2110 | Replay: 49664 | FPS: 56.43 | ETA: 29.6 min
2026-09-16 12:31:01,982 | INFO | Steps: 50176/150000 | Episodes: 98 | LastEpReward: 24.794 | RecentReward: 26.910 | ActorLoss: -4.993186 | CriticLoss: 0.033054 | Q: 4.9526 | TargetQ: 4.9516 | TDAbs: 0.1893 | ActorGrad: 0.0543 | CriticGrad: 0.9198 | Noise: 0.2095 | Replay: 50000 | FPS: 56.55 | ETA: 29.4 min
2026-09-16 12:31:09,180 | INFO | Steps: 50688/150000 | Episodes: 99 | LastEpReward: 30.212 | RecentReward: 27.193 | ActorLoss: -5.008726 | CriticLoss: 0.031880 | Q: 4.9699 | TargetQ: 4.9706 | TDAbs: 0.1880 | ActorGrad: 0.0505 | CriticGrad: 0.9021 | Noise: 0.2080 | Replay: 50000 | FPS: 56.67 | ETA: 29.2 min
2026-09-16 12:31:16,393 | INFO | 开始周期评估: Steps=51200 | Episodes=100 | EvalEpisodes=5
2026-09-16 12:31:38,198 | INFO | 周期评估完成: Steps=51200 | MeanReward=28.358 | StdReward=2.383
2026-09-16 12:31:38,205 | INFO | Steps: 51200/150000 | Episodes: 100 | LastEpReward: 27.499 | RecentReward: 27.814 | ActorLoss: -5.009142 | CriticLoss: 0.031945 | Q: 4.9719 | TargetQ: 4.9730 | TDAbs: 0.1879 | ActorGrad: 0.0557 | CriticGrad: 0.9882 | Noise: 0.2066 | Replay: 50000 | FPS: 55.44 | ETA: 29.7 min
2026-09-16 12:31:45,376 | INFO | Steps: 51712/150000 | Episodes: 101 | LastEpReward: 23.507 | RecentReward: 27.877 | ActorLoss: -5.106153 | CriticLoss: 0.031531 | Q: 5.0743 | TargetQ: 5.0704 | TDAbs: 0.1861 | ActorGrad: 0.0389 | CriticGrad: 0.9904 | Noise: 0.2051 | Replay: 50000 | FPS: 55.57 | ETA: 29.5 min
2026-09-16 12:31:52,661 | INFO | Steps: 52224/150000 | Episodes: 102 | LastEpReward: 21.591 | RecentReward: 26.758 | ActorLoss: -5.189135 | CriticLoss: 0.031103 | Q: 5.1575 | TargetQ: 5.1581 | TDAbs: 0.1856 | ActorGrad: 0.0455 | CriticGrad: 0.9865 | Noise: 0.2036 | Replay: 50000 | FPS: 55.68 | ETA: 29.3 min
2026-09-16 12:31:59,814 | INFO | Steps: 52736/150000 | Episodes: 103 | LastEpReward: 22.835 | RecentReward: 26.451 | ActorLoss: -5.255336 | CriticLoss: 0.030560 | Q: 5.2305 | TargetQ: 5.2322 | TDAbs: 0.1836 | ActorGrad: 0.0407 | CriticGrad: 0.8775 | Noise: 0.2022 | Replay: 50000 | FPS: 55.80 | ETA: 29.1 min
2026-09-16 12:32:07,020 | INFO | Steps: 53248/150000 | Episodes: 104 | LastEpReward: 30.648 | RecentReward: 26.996 | ActorLoss: -5.338574 | CriticLoss: 0.030241 | Q: 5.3163 | TargetQ: 5.3145 | TDAbs: 0.1826 | ActorGrad: 0.0470 | CriticGrad: 0.9000 | Noise: 0.2007 | Replay: 50000 | FPS: 55.92 | ETA: 28.8 min
2026-09-16 12:32:14,572 | INFO | Steps: 53760/150000 | Episodes: 105 | LastEpReward: 21.666 | RecentReward: 26.185 | ActorLoss: -5.403635 | CriticLoss: 0.030952 | Q: 5.3810 | TargetQ: 5.3806 | TDAbs: 0.1835 | ActorGrad: 0.0390 | CriticGrad: 0.8697 | Noise: 0.1993 | Replay: 50000 | FPS: 56.01 | ETA: 28.6 min
2026-09-16 12:32:21,787 | INFO | Steps: 54272/150000 | Episodes: 106 | LastEpReward: 23.610 | RecentReward: 25.298 | ActorLoss: -5.331387 | CriticLoss: 0.027568 | Q: 5.3106 | TargetQ: 5.3111 | TDAbs: 0.1777 | ActorGrad: 0.0297 | CriticGrad: 0.8308 | Noise: 0.1978 | Replay: 50000 | FPS: 56.12 | ETA: 28.4 min
2026-09-16 12:32:28,969 | INFO | Steps: 54784/150000 | Episodes: 107 | LastEpReward: 24.779 | RecentReward: 25.114 | ActorLoss: -5.372002 | CriticLoss: 0.030248 | Q: 5.3549 | TargetQ: 5.3539 | TDAbs: 0.1809 | ActorGrad: 0.0338 | CriticGrad: 0.9913 | Noise: 0.1963 | Replay: 50000 | FPS: 56.23 | ETA: 28.2 min
2026-09-16 12:32:36,123 | INFO | Steps: 55296/150000 | Episodes: 108 | LastEpReward: 19.416 | RecentReward: 24.576 | ActorLoss: -5.385319 | CriticLoss: 0.028445 | Q: 5.3662 | TargetQ: 5.3686 | TDAbs: 0.1777 | ActorGrad: 0.0346 | CriticGrad: 0.9429 | Noise: 0.1949 | Replay: 50000 | FPS: 56.34 | ETA: 28.0 min
2026-09-16 12:32:43,350 | INFO | Steps: 55808/150000 | Episodes: 109 | LastEpReward: 29.911 | RecentReward: 24.546 | ActorLoss: -5.372336 | CriticLoss: 0.029024 | Q: 5.3568 | TargetQ: 5.3557 | TDAbs: 0.1782 | ActorGrad: 0.0329 | CriticGrad: 0.8631 | Noise: 0.1934 | Replay: 50000 | FPS: 56.45 | ETA: 27.8 min
2026-09-16 12:32:50,857 | INFO | 开始周期评估: Steps=56320 | Episodes=110 | EvalEpisodes=5
2026-09-16 12:33:12,688 | INFO | 周期评估完成: Steps=56320 | MeanReward=27.559 | StdReward=2.897
2026-09-16 12:33:12,696 | INFO | Steps: 56320/150000 | Episodes: 110 | LastEpReward: 10.574 | RecentReward: 22.854 | ActorLoss: -5.356991 | CriticLoss: 0.029898 | Q: 5.3410 | TargetQ: 5.3390 | TDAbs: 0.1799 | ActorGrad: 0.0462 | CriticGrad: 1.0513 | Noise: 0.1919 | Replay: 50000 | FPS: 55.33 | ETA: 28.2 min
2026-09-16 12:33:19,950 | INFO | Steps: 56832/150000 | Episodes: 111 | LastEpReward: 31.730 | RecentReward: 23.676 | ActorLoss: -5.396223 | CriticLoss: 0.028652 | Q: 5.3829 | TargetQ: 5.3834 | TDAbs: 0.1786 | ActorGrad: 0.0493 | CriticGrad: 0.8555 | Noise: 0.1905 | Replay: 50000 | FPS: 55.43 | ETA: 28.0 min
2026-09-16 12:33:27,064 | INFO | Steps: 57344/150000 | Episodes: 112 | LastEpReward: 24.592 | RecentReward: 23.976 | ActorLoss: -5.337614 | CriticLoss: 0.028538 | Q: 5.3217 | TargetQ: 5.3215 | TDAbs: 0.1761 | ActorGrad: 0.0421 | CriticGrad: 0.8377 | Noise: 0.1890 | Replay: 50000 | FPS: 55.55 | ETA: 27.8 min
2026-09-16 12:33:34,570 | INFO | Steps: 57856/150000 | Episodes: 113 | LastEpReward: 27.346 | RecentReward: 24.427 | ActorLoss: -5.274475 | CriticLoss: 0.028195 | Q: 5.2612 | TargetQ: 5.2609 | TDAbs: 0.1751 | ActorGrad: 0.0363 | CriticGrad: 0.8249 | Noise: 0.1876 | Replay: 50000 | FPS: 55.64 | ETA: 27.6 min
2026-09-16 12:33:41,725 | INFO | Steps: 58368/150000 | Episodes: 114 | LastEpReward: 24.150 | RecentReward: 23.777 | ActorLoss: -5.285053 | CriticLoss: 0.027787 | Q: 5.2723 | TargetQ: 5.2715 | TDAbs: 0.1749 | ActorGrad: 0.0399 | CriticGrad: 0.8554 | Noise: 0.1861 | Replay: 50000 | FPS: 55.75 | ETA: 27.4 min
2026-09-16 12:33:48,986 | INFO | Steps: 58880/150000 | Episodes: 115 | LastEpReward: 31.350 | RecentReward: 24.746 | ActorLoss: -5.247890 | CriticLoss: 0.027493 | Q: 5.2355 | TargetQ: 5.2344 | TDAbs: 0.1740 | ActorGrad: 0.0220 | CriticGrad: 0.8634 | Noise: 0.1846 | Replay: 50000 | FPS: 55.85 | ETA: 27.2 min
2026-09-16 12:33:56,239 | INFO | Steps: 59392/150000 | Episodes: 116 | LastEpReward: 25.261 | RecentReward: 24.911 | ActorLoss: -5.232286 | CriticLoss: 0.027208 | Q: 5.2186 | TargetQ: 5.2182 | TDAbs: 0.1720 | ActorGrad: 0.0202 | CriticGrad: 0.8059 | Noise: 0.1832 | Replay: 50000 | FPS: 55.95 | ETA: 27.0 min
2026-09-16 12:34:03,569 | INFO | Steps: 59904/150000 | Episodes: 117 | LastEpReward: 29.403 | RecentReward: 25.373 | ActorLoss: -5.204991 | CriticLoss: 0.027661 | Q: 5.1913 | TargetQ: 5.1904 | TDAbs: 0.1735 | ActorGrad: 0.0145 | CriticGrad: 0.8654 | Noise: 0.1817 | Replay: 50000 | FPS: 56.05 | ETA: 26.8 min
2026-09-16 12:34:10,891 | INFO | Steps: 60416/150000 | Episodes: 118 | LastEpReward: 36.072 | RecentReward: 27.039 | ActorLoss: -5.228505 | CriticLoss: 0.027104 | Q: 5.2127 | TargetQ: 5.2126 | TDAbs: 0.1723 | ActorGrad: 0.0141 | CriticGrad: 0.8651 | Noise: 0.1802 | Replay: 50000 | FPS: 56.14 | ETA: 26.6 min
2026-09-16 12:34:18,429 | INFO | Steps: 60928/150000 | Episodes: 119 | LastEpReward: 32.156 | RecentReward: 27.263 | ActorLoss: -5.213805 | CriticLoss: 0.026537 | Q: 5.1997 | TargetQ: 5.1985 | TDAbs: 0.1691 | ActorGrad: 0.0080 | CriticGrad: 0.7837 | Noise: 0.1788 | Replay: 50000 | FPS: 56.22 | ETA: 26.4 min
2026-09-16 12:34:25,640 | INFO | 开始周期评估: Steps=61440 | Episodes=120 | EvalEpisodes=5
2026-09-16 12:34:47,599 | INFO | 周期评估完成: Steps=61440 | MeanReward=28.131 | StdReward=2.568
2026-09-16 12:34:47,606 | INFO | Steps: 61440/150000 | Episodes: 120 | LastEpReward: 29.499 | RecentReward: 29.156 | ActorLoss: -5.270249 | CriticLoss: 0.026534 | Q: 5.2562 | TargetQ: 5.2549 | TDAbs: 0.1699 | ActorGrad: 0.0084 | CriticGrad: 0.8266 | Noise: 0.1773 | Replay: 50000 | FPS: 55.21 | ETA: 26.7 min
2026-09-16 12:34:54,959 | INFO | Steps: 61952/150000 | Episodes: 121 | LastEpReward: 40.996 | RecentReward: 30.082 | ActorLoss: -5.279440 | CriticLoss: 0.027258 | Q: 5.2655 | TargetQ: 5.2653 | TDAbs: 0.1712 | ActorGrad: 0.0092 | CriticGrad: 0.7894 | Noise: 0.1759 | Replay: 50000 | FPS: 55.30 | ETA: 26.5 min
2026-09-16 12:35:02,095 | INFO | Steps: 62464/150000 | Episodes: 122 | LastEpReward: 24.569 | RecentReward: 30.080 | ActorLoss: -5.281306 | CriticLoss: 0.025070 | Q: 5.2656 | TargetQ: 5.2672 | TDAbs: 0.1674 | ActorGrad: 0.0119 | CriticGrad: 0.9272 | Noise: 0.1744 | Replay: 50000 | FPS: 55.41 | ETA: 26.3 min
2026-09-16 12:35:09,304 | INFO | Steps: 62976/150000 | Episodes: 123 | LastEpReward: 29.611 | RecentReward: 30.307 | ActorLoss: -5.322937 | CriticLoss: 0.026612 | Q: 5.3081 | TargetQ: 5.3057 | TDAbs: 0.1709 | ActorGrad: 0.0142 | CriticGrad: 0.7940 | Noise: 0.1729 | Replay: 50000 | FPS: 55.51 | ETA: 26.1 min
2026-09-16 12:35:16,500 | INFO | Steps: 63488/150000 | Episodes: 124 | LastEpReward: 28.183 | RecentReward: 30.710 | ActorLoss: -5.308815 | CriticLoss: 0.025751 | Q: 5.2946 | TargetQ: 5.2953 | TDAbs: 0.1664 | ActorGrad: 0.0063 | CriticGrad: 0.7473 | Noise: 0.1715 | Replay: 50000 | FPS: 55.60 | ETA: 25.9 min
2026-09-16 12:35:23,672 | INFO | Steps: 64000/150000 | Episodes: 125 | LastEpReward: 22.168 | RecentReward: 29.792 | ActorLoss: -5.326067 | CriticLoss: 0.024869 | Q: 5.3131 | TargetQ: 5.3128 | TDAbs: 0.1650 | ActorGrad: 0.0168 | CriticGrad: 0.8351 | Noise: 0.1700 | Replay: 50000 | FPS: 55.70 | ETA: 25.7 min
2026-09-16 12:35:30,736 | INFO | Steps: 64512/150000 | Episodes: 126 | LastEpReward: -0.513 | RecentReward: 27.214 | ActorLoss: -5.317494 | CriticLoss: 0.028029 | Q: 5.3032 | TargetQ: 5.3027 | TDAbs: 0.1725 | ActorGrad: 0.0075 | CriticGrad: 0.9469 | Noise: 0.1685 | Replay: 50000 | FPS: 55.81 | ETA: 25.5 min
2026-09-16 12:35:38,269 | INFO | Steps: 65024/150000 | Episodes: 127 | LastEpReward: 12.104 | RecentReward: 25.484 | ActorLoss: -5.299485 | CriticLoss: 0.026830 | Q: 5.2864 | TargetQ: 5.2841 | TDAbs: 0.1663 | ActorGrad: 0.0073 | CriticGrad: 0.7338 | Noise: 0.1671 | Replay: 50000 | FPS: 55.88 | ETA: 25.3 min
2026-09-16 12:35:45,468 | INFO | Steps: 65536/150000 | Episodes: 128 | LastEpReward: -16.182 | RecentReward: 20.259 | ActorLoss: -5.292485 | CriticLoss: 0.022490 | Q: 5.2811 | TargetQ: 5.2808 | TDAbs: 0.1586 | ActorGrad: 0.0086 | CriticGrad: 0.7251 | Noise: 0.1656 | Replay: 50000 | FPS: 55.98 | ETA: 25.1 min
2026-09-16 12:35:52,711 | INFO | Steps: 66048/150000 | Episodes: 129 | LastEpReward: 6.264 | RecentReward: 17.670 | ActorLoss: -5.278334 | CriticLoss: 0.023526 | Q: 5.2630 | TargetQ: 5.2615 | TDAbs: 0.1599 | ActorGrad: 0.0414 | CriticGrad: 0.6873 | Noise: 0.1641 | Replay: 50000 | FPS: 56.07 | ETA: 25.0 min
2026-09-16 12:36:00,028 | INFO | 开始周期评估: Steps=66560 | Episodes=130 | EvalEpisodes=5
2026-09-16 12:36:21,905 | INFO | 周期评估完成: Steps=66560 | MeanReward=29.844 | StdReward=5.229
2026-09-16 12:36:21,916 | INFO | Steps: 66560/150000 | Episodes: 130 | LastEpReward: 30.790 | RecentReward: 17.799 | ActorLoss: -5.225706 | CriticLoss: 0.023695 | Q: 5.2098 | TargetQ: 5.2088 | TDAbs: 0.1622 | ActorGrad: 0.0316 | CriticGrad: 0.8149 | Noise: 0.1627 | Replay: 50000 | FPS: 55.14 | ETA: 25.2 min
2026-09-16 12:36:29,167 | INFO | Steps: 67072/150000 | Episodes: 131 | LastEpReward: 29.747 | RecentReward: 16.674 | ActorLoss: -5.263801 | CriticLoss: 0.021961 | Q: 5.2496 | TargetQ: 5.2499 | TDAbs: 0.1581 | ActorGrad: 0.0309 | CriticGrad: 0.6688 | Noise: 0.1612 | Replay: 50000 | FPS: 55.23 | ETA: 25.0 min
2026-09-16 12:36:36,497 | INFO | Steps: 67584/150000 | Episodes: 132 | LastEpReward: 30.787 | RecentReward: 17.296 | ActorLoss: -5.218977 | CriticLoss: 0.022078 | Q: 5.2049 | TargetQ: 5.2025 | TDAbs: 0.1553 | ActorGrad: 0.0343 | CriticGrad: 0.6885 | Noise: 0.1598 | Replay: 50000 | FPS: 55.32 | ETA: 24.8 min
2026-09-16 12:36:43,692 | INFO | Steps: 68096/150000 | Episodes: 133 | LastEpReward: 19.559 | RecentReward: 16.291 | ActorLoss: -5.222301 | CriticLoss: 0.022209 | Q: 5.2105 | TargetQ: 5.2083 | TDAbs: 0.1569 | ActorGrad: 0.0283 | CriticGrad: 0.7496 | Noise: 0.1583 | Replay: 50000 | FPS: 55.41 | ETA: 24.6 min
2026-09-16 12:36:50,811 | INFO | Steps: 68608/150000 | Episodes: 134 | LastEpReward: 20.657 | RecentReward: 15.538 | ActorLoss: -5.191903 | CriticLoss: 0.022441 | Q: 5.1773 | TargetQ: 5.1773 | TDAbs: 0.1565 | ActorGrad: 0.0359 | CriticGrad: 0.6131 | Noise: 0.1568 | Replay: 50000 | FPS: 55.50 | ETA: 24.4 min
2026-09-16 12:36:58,337 | INFO | Steps: 69120/150000 | Episodes: 135 | LastEpReward: 37.162 | RecentReward: 17.037 | ActorLoss: -5.218606 | CriticLoss: 0.021611 | Q: 5.2045 | TargetQ: 5.2031 | TDAbs: 0.1540 | ActorGrad: 0.0313 | CriticGrad: 0.7153 | Noise: 0.1554 | Replay: 50000 | FPS: 55.58 | ETA: 24.3 min
2026-09-16 12:37:05,776 | INFO | Steps: 69632/150000 | Episodes: 136 | LastEpReward: 30.947 | RecentReward: 20.183 | ActorLoss: -5.206486 | CriticLoss: 0.021683 | Q: 5.1908 | TargetQ: 5.1898 | TDAbs: 0.1530 | ActorGrad: 0.0257 | CriticGrad: 0.7155 | Noise: 0.1539 | Replay: 50000 | FPS: 55.66 | ETA: 24.1 min
2026-09-16 12:37:13,189 | INFO | Steps: 70144/150000 | Episodes: 137 | LastEpReward: 31.623 | RecentReward: 22.135 | ActorLoss: -5.230678 | CriticLoss: 0.020439 | Q: 5.2148 | TargetQ: 5.2141 | TDAbs: 0.1489 | ActorGrad: 0.0172 | CriticGrad: 0.6077 | Noise: 0.1524 | Replay: 50000 | FPS: 55.74 | ETA: 23.9 min
2026-09-16 12:37:20,410 | INFO | Steps: 70656/150000 | Episodes: 138 | LastEpReward: 25.806 | RecentReward: 26.334 | ActorLoss: -5.206943 | CriticLoss: 0.020921 | Q: 5.1928 | TargetQ: 5.1914 | TDAbs: 0.1521 | ActorGrad: 0.0231 | CriticGrad: 0.7546 | Noise: 0.1510 | Replay: 50000 | FPS: 55.82 | ETA: 23.7 min
2026-09-16 12:37:27,580 | INFO | Steps: 71168/150000 | Episodes: 139 | LastEpReward: 30.331 | RecentReward: 28.741 | ActorLoss: -5.183672 | CriticLoss: 0.018926 | Q: 5.1708 | TargetQ: 5.1703 | TDAbs: 0.1478 | ActorGrad: 0.0117 | CriticGrad: 0.6144 | Noise: 0.1495 | Replay: 50000 | FPS: 55.91 | ETA: 23.5 min
2026-09-16 12:37:34,712 | INFO | 开始周期评估: Steps=71680 | Episodes=140 | EvalEpisodes=5
2026-09-16 12:37:56,535 | INFO | 周期评估完成: Steps=71680 | MeanReward=27.929 | StdReward=6.143
2026-09-16 12:37:56,543 | INFO | Steps: 71680/150000 | Episodes: 140 | LastEpReward: 15.205 | RecentReward: 27.182 | ActorLoss: -5.154637 | CriticLoss: 0.019723 | Q: 5.1399 | TargetQ: 5.1394 | TDAbs: 0.1495 | ActorGrad: 0.0124 | CriticGrad: 0.6144 | Noise: 0.1481 | Replay: 50000 | FPS: 55.06 | ETA: 23.7 min
2026-09-16 12:38:03,909 | INFO | Steps: 72192/150000 | Episodes: 141 | LastEpReward: 17.632 | RecentReward: 25.971 | ActorLoss: -5.175544 | CriticLoss: 0.020790 | Q: 5.1621 | TargetQ: 5.1599 | TDAbs: 0.1492 | ActorGrad: 0.0148 | CriticGrad: 0.6758 | Noise: 0.1466 | Replay: 50000 | FPS: 55.14 | ETA: 23.5 min
2026-09-16 12:38:11,127 | INFO | Steps: 72704/150000 | Episodes: 142 | LastEpReward: 27.868 | RecentReward: 25.679 | ActorLoss: -5.153367 | CriticLoss: 0.021096 | Q: 5.1404 | TargetQ: 5.1385 | TDAbs: 0.1505 | ActorGrad: 0.0104 | CriticGrad: 0.6729 | Noise: 0.1451 | Replay: 50000 | FPS: 55.23 | ETA: 23.3 min
2026-09-16 12:38:18,376 | INFO | Steps: 73216/150000 | Episodes: 143 | LastEpReward: 24.323 | RecentReward: 26.155 | ActorLoss: -5.177428 | CriticLoss: 0.019411 | Q: 5.1656 | TargetQ: 5.1648 | TDAbs: 0.1455 | ActorGrad: 0.0063 | CriticGrad: 0.5922 | Noise: 0.1437 | Replay: 50000 | FPS: 55.31 | ETA: 23.1 min
2026-09-16 12:38:25,559 | INFO | Steps: 73728/150000 | Episodes: 144 | LastEpReward: 27.196 | RecentReward: 26.809 | ActorLoss: -5.171291 | CriticLoss: 0.020658 | Q: 5.1566 | TargetQ: 5.1548 | TDAbs: 0.1474 | ActorGrad: 0.0109 | CriticGrad: 0.6377 | Noise: 0.1422 | Replay: 50000 | FPS: 55.40 | ETA: 22.9 min
2026-09-16 12:38:32,825 | INFO | Steps: 74240/150000 | Episodes: 145 | LastEpReward: 26.113 | RecentReward: 25.704 | ActorLoss: -5.154840 | CriticLoss: 0.018687 | Q: 5.1421 | TargetQ: 5.1415 | TDAbs: 0.1430 | ActorGrad: 0.0085 | CriticGrad: 0.5522 | Noise: 0.1407 | Replay: 50000 | FPS: 55.48 | ETA: 22.8 min
2026-09-16 12:38:39,977 | INFO | Steps: 74752/150000 | Episodes: 146 | LastEpReward: 16.519 | RecentReward: 24.262 | ActorLoss: -5.126277 | CriticLoss: 0.019214 | Q: 5.1142 | TargetQ: 5.1121 | TDAbs: 0.1434 | ActorGrad: 0.0096 | CriticGrad: 0.5641 | Noise: 0.1393 | Replay: 50000 | FPS: 55.57 | ETA: 22.6 min
2026-09-16 12:38:47,206 | INFO | Steps: 75264/150000 | Episodes: 147 | LastEpReward: 30.089 | RecentReward: 24.108 | ActorLoss: -5.129305 | CriticLoss: 0.017885 | Q: 5.1172 | TargetQ: 5.1180 | TDAbs: 0.1411 | ActorGrad: 0.0094 | CriticGrad: 0.5977 | Noise: 0.1378 | Replay: 50000 | FPS: 55.65 | ETA: 22.4 min
2026-09-16 12:38:54,373 | INFO | Steps: 75776/150000 | Episodes: 148 | LastEpReward: 24.844 | RecentReward: 24.012 | ActorLoss: -5.161014 | CriticLoss: 0.016850 | Q: 5.1491 | TargetQ: 5.1485 | TDAbs: 0.1405 | ActorGrad: 0.0060 | CriticGrad: 0.6332 | Noise: 0.1364 | Replay: 50000 | FPS: 55.73 | ETA: 22.2 min
2026-09-16 12:39:01,798 | INFO | Steps: 76288/150000 | Episodes: 149 | LastEpReward: 29.188 | RecentReward: 23.898 | ActorLoss: -5.196669 | CriticLoss: 0.019080 | Q: 5.1841 | TargetQ: 5.1829 | TDAbs: 0.1420 | ActorGrad: 0.0060 | CriticGrad: 0.5810 | Noise: 0.1349 | Replay: 50000 | FPS: 55.80 | ETA: 22.0 min
2026-09-16 12:39:08,854 | INFO | 开始周期评估: Steps=76800 | Episodes=150 | EvalEpisodes=5
2026-09-16 12:39:30,695 | INFO | 周期评估完成: Steps=76800 | MeanReward=27.961 | StdReward=5.718
2026-09-16 12:39:30,703 | INFO | Steps: 76800/150000 | Episodes: 150 | LastEpReward: 10.062 | RecentReward: 23.383 | ActorLoss: -5.167064 | CriticLoss: 0.017348 | Q: 5.1563 | TargetQ: 5.1561 | TDAbs: 0.1392 | ActorGrad: 0.0048 | CriticGrad: 0.6475 | Noise: 0.1334 | Replay: 50000 | FPS: 55.02 | ETA: 22.2 min
2026-09-16 12:39:38,022 | INFO | Steps: 77312/150000 | Episodes: 151 | LastEpReward: 30.768 | RecentReward: 24.697 | ActorLoss: -5.138194 | CriticLoss: 0.018262 | Q: 5.1273 | TargetQ: 5.1268 | TDAbs: 0.1418 | ActorGrad: 0.0082 | CriticGrad: 0.5539 | Noise: 0.1320 | Replay: 50000 | FPS: 55.09 | ETA: 22.0 min
2026-09-16 12:39:45,213 | INFO | Steps: 77824/150000 | Episodes: 152 | LastEpReward: 31.483 | RecentReward: 25.058 | ActorLoss: -5.116283 | CriticLoss: 0.018981 | Q: 5.1058 | TargetQ: 5.1047 | TDAbs: 0.1426 | ActorGrad: 0.0070 | CriticGrad: 0.5941 | Noise: 0.1305 | Replay: 50000 | FPS: 55.18 | ETA: 21.8 min
2026-09-16 12:39:52,362 | INFO | Steps: 78336/150000 | Episodes: 153 | LastEpReward: 14.955 | RecentReward: 24.122 | ActorLoss: -5.120756 | CriticLoss: 0.017946 | Q: 5.1074 | TargetQ: 5.1080 | TDAbs: 0.1410 | ActorGrad: 0.0071 | CriticGrad: 0.5888 | Noise: 0.1290 | Replay: 50000 | FPS: 55.26 | ETA: 21.6 min
2026-09-16 12:39:59,858 | INFO | Steps: 78848/150000 | Episodes: 154 | LastEpReward: 26.765 | RecentReward: 24.079 | ActorLoss: -5.140923 | CriticLoss: 0.017817 | Q: 5.1297 | TargetQ: 5.1299 | TDAbs: 0.1390 | ActorGrad: 0.0059 | CriticGrad: 0.5737 | Noise: 0.1276 | Replay: 50000 | FPS: 55.33 | ETA: 21.4 min
2026-09-16 12:40:07,039 | INFO | Steps: 79360/150000 | Episodes: 155 | LastEpReward: 26.074 | RecentReward: 24.075 | ActorLoss: -5.112732 | CriticLoss: 0.017451 | Q: 5.0997 | TargetQ: 5.0989 | TDAbs: 0.1390 | ActorGrad: 0.0048 | CriticGrad: 0.5389 | Noise: 0.1261 | Replay: 50000 | FPS: 55.41 | ETA: 21.2 min
2026-09-16 12:40:14,290 | INFO | Steps: 79872/150000 | Episodes: 156 | LastEpReward: 26.008 | RecentReward: 25.024 | ActorLoss: -5.146625 | CriticLoss: 0.017510 | Q: 5.1348 | TargetQ: 5.1346 | TDAbs: 0.1391 | ActorGrad: 0.0044 | CriticGrad: 0.5157 | Noise: 0.1247 | Replay: 50000 | FPS: 55.48 | ETA: 21.1 min
2026-09-16 12:40:21,416 | INFO | Steps: 80384/150000 | Episodes: 157 | LastEpReward: 23.094 | RecentReward: 24.324 | ActorLoss: -5.099684 | CriticLoss: 0.017401 | Q: 5.0859 | TargetQ: 5.0862 | TDAbs: 0.1388 | ActorGrad: 0.0068 | CriticGrad: 0.5620 | Noise: 0.1232 | Replay: 50000 | FPS: 55.56 | ETA: 20.9 min
2026-09-16 12:40:28,507 | INFO | Steps: 80896/150000 | Episodes: 158 | LastEpReward: 21.428 | RecentReward: 23.983 | ActorLoss: -5.108408 | CriticLoss: 0.017351 | Q: 5.0962 | TargetQ: 5.0964 | TDAbs: 0.1385 | ActorGrad: 0.0037 | CriticGrad: 0.5511 | Noise: 0.1217 | Replay: 50000 | FPS: 55.65 | ETA: 20.7 min
2026-09-16 12:40:35,903 | INFO | Steps: 81408/150000 | Episodes: 159 | LastEpReward: 25.152 | RecentReward: 23.579 | ActorLoss: -5.087442 | CriticLoss: 0.017403 | Q: 5.0753 | TargetQ: 5.0752 | TDAbs: 0.1369 | ActorGrad: 0.0045 | CriticGrad: 0.6041 | Noise: 0.1203 | Replay: 50000 | FPS: 55.71 | ETA: 20.5 min
2026-09-16 12:40:43,312 | INFO | 开始周期评估: Steps=81920 | Episodes=160 | EvalEpisodes=5
2026-09-16 12:41:05,184 | INFO | 周期评估完成: Steps=81920 | MeanReward=27.950 | StdReward=5.700
2026-09-16 12:41:05,192 | INFO | Steps: 81920/150000 | Episodes: 160 | LastEpReward: 26.097 | RecentReward: 25.183 | ActorLoss: -5.120255 | CriticLoss: 0.016520 | Q: 5.1091 | TargetQ: 5.1096 | TDAbs: 0.1352 | ActorGrad: 0.0086 | CriticGrad: 0.5304 | Noise: 0.1188 | Replay: 50000 | FPS: 54.96 | ETA: 20.6 min
2026-09-16 12:41:12,448 | INFO | Steps: 82432/150000 | Episodes: 161 | LastEpReward: 24.309 | RecentReward: 24.537 | ActorLoss: -5.105729 | CriticLoss: 0.016934 | Q: 5.0945 | TargetQ: 5.0948 | TDAbs: 0.1361 | ActorGrad: 0.0172 | CriticGrad: 0.4978 | Noise: 0.1173 | Replay: 50000 | FPS: 55.04 | ETA: 20.5 min
2026-09-16 12:41:19,609 | INFO | Steps: 82944/150000 | Episodes: 162 | LastEpReward: 26.377 | RecentReward: 24.026 | ActorLoss: -5.080244 | CriticLoss: 0.017021 | Q: 5.0695 | TargetQ: 5.0696 | TDAbs: 0.1378 | ActorGrad: 0.0047 | CriticGrad: 0.6424 | Noise: 0.1159 | Replay: 50000 | FPS: 55.12 | ETA: 20.3 min
2026-09-16 12:41:26,827 | INFO | Steps: 83456/150000 | Episodes: 163 | LastEpReward: 26.871 | RecentReward: 25.218 | ActorLoss: -5.105318 | CriticLoss: 0.017557 | Q: 5.0943 | TargetQ: 5.0932 | TDAbs: 0.1370 | ActorGrad: 0.0067 | CriticGrad: 0.5521 | Noise: 0.1144 | Replay: 50000 | FPS: 55.19 | ETA: 20.1 min
2026-09-16 12:41:33,955 | INFO | Steps: 83968/150000 | Episodes: 164 | LastEpReward: 27.767 | RecentReward: 25.318 | ActorLoss: -5.054753 | CriticLoss: 0.016568 | Q: 5.0456 | TargetQ: 5.0450 | TDAbs: 0.1347 | ActorGrad: 0.0057 | CriticGrad: 0.5663 | Noise: 0.1129 | Replay: 50000 | FPS: 55.27 | ETA: 19.9 min
2026-09-16 12:41:41,084 | INFO | Steps: 84480/150000 | Episodes: 165 | LastEpReward: 16.731 | RecentReward: 24.383 | ActorLoss: -5.064212 | CriticLoss: 0.016326 | Q: 5.0541 | TargetQ: 5.0532 | TDAbs: 0.1351 | ActorGrad: 0.0053 | CriticGrad: 0.5900 | Noise: 0.1115 | Replay: 50000 | FPS: 55.35 | ETA: 19.7 min
2026-09-16 12:41:48,243 | INFO | Steps: 84992/150000 | Episodes: 166 | LastEpReward: 17.507 | RecentReward: 23.533 | ActorLoss: -5.051641 | CriticLoss: 0.017681 | Q: 5.0413 | TargetQ: 5.0425 | TDAbs: 0.1373 | ActorGrad: 0.0072 | CriticGrad: 0.5900 | Noise: 0.1100 | Replay: 50000 | FPS: 55.42 | ETA: 19.5 min
2026-09-16 12:41:55,468 | INFO | Steps: 85504/150000 | Episodes: 167 | LastEpReward: 30.405 | RecentReward: 24.264 | ActorLoss: -5.024534 | CriticLoss: 0.015832 | Q: 5.0145 | TargetQ: 5.0134 | TDAbs: 0.1313 | ActorGrad: 0.0086 | CriticGrad: 0.5418 | Noise: 0.1086 | Replay: 50000 | FPS: 55.50 | ETA: 19.4 min
2026-09-16 12:42:02,914 | INFO | Steps: 86016/150000 | Episodes: 168 | LastEpReward: 24.277 | RecentReward: 24.549 | ActorLoss: -5.029891 | CriticLoss: 0.016636 | Q: 5.0196 | TargetQ: 5.0175 | TDAbs: 0.1331 | ActorGrad: 0.0050 | CriticGrad: 0.5549 | Noise: 0.1071 | Replay: 50000 | FPS: 55.56 | ETA: 19.2 min
2026-09-16 12:42:10,086 | INFO | Steps: 86528/150000 | Episodes: 169 | LastEpReward: 7.557 | RecentReward: 22.790 | ActorLoss: -5.006798 | CriticLoss: 0.016132 | Q: 4.9963 | TargetQ: 4.9956 | TDAbs: 0.1313 | ActorGrad: 0.0092 | CriticGrad: 0.4770 | Noise: 0.1056 | Replay: 50000 | FPS: 55.63 | ETA: 19.0 min
2026-09-16 12:42:17,356 | INFO | 开始周期评估: Steps=87040 | Episodes=170 | EvalEpisodes=5
2026-09-16 12:42:39,096 | INFO | 周期评估完成: Steps=87040 | MeanReward=28.372 | StdReward=6.395
2026-09-16 12:42:39,104 | INFO | Steps: 87040/150000 | Episodes: 170 | LastEpReward: 26.542 | RecentReward: 22.834 | ActorLoss: -5.015131 | CriticLoss: 0.015855 | Q: 5.0059 | TargetQ: 5.0053 | TDAbs: 0.1330 | ActorGrad: 0.0106 | CriticGrad: 0.5616 | Noise: 0.1042 | Replay: 50000 | FPS: 54.94 | ETA: 19.1 min
2026-09-16 12:42:46,354 | INFO | Steps: 87552/150000 | Episodes: 171 | LastEpReward: 28.897 | RecentReward: 23.293 | ActorLoss: -5.001563 | CriticLoss: 0.017861 | Q: 4.9896 | TargetQ: 4.9885 | TDAbs: 0.1397 | ActorGrad: 0.1004 | CriticGrad: 0.5049 | Noise: 0.1027 | Replay: 50000 | FPS: 55.01 | ETA: 18.9 min
2026-09-16 12:42:53,694 | INFO | Steps: 88064/150000 | Episodes: 172 | LastEpReward: 20.052 | RecentReward: 22.660 | ActorLoss: -4.997295 | CriticLoss: 0.018355 | Q: 4.9838 | TargetQ: 4.9829 | TDAbs: 0.1418 | ActorGrad: 0.0841 | CriticGrad: 0.6115 | Noise: 0.1012 | Replay: 50000 | FPS: 55.08 | ETA: 18.7 min
2026-09-16 12:43:00,890 | INFO | Steps: 88576/150000 | Episodes: 173 | LastEpReward: 24.321 | RecentReward: 22.405 | ActorLoss: -5.026399 | CriticLoss: 0.018551 | Q: 5.0133 | TargetQ: 5.0125 | TDAbs: 0.1417 | ActorGrad: 0.0950 | CriticGrad: 0.5324 | Noise: 0.0998 | Replay: 50000 | FPS: 55.15 | ETA: 18.6 min
2026-09-16 12:43:08,045 | INFO | Steps: 89088/150000 | Episodes: 174 | LastEpReward: 24.192 | RecentReward: 22.048 | ActorLoss: -5.024271 | CriticLoss: 0.018377 | Q: 5.0099 | TargetQ: 5.0089 | TDAbs: 0.1424 | ActorGrad: 0.1011 | CriticGrad: 0.5239 | Noise: 0.0983 | Replay: 50000 | FPS: 55.22 | ETA: 18.4 min
2026-09-16 12:43:15,203 | INFO | Steps: 89600/150000 | Episodes: 175 | LastEpReward: 25.011 | RecentReward: 22.876 | ActorLoss: -5.055240 | CriticLoss: 0.019959 | Q: 5.0389 | TargetQ: 5.0388 | TDAbs: 0.1472 | ActorGrad: 0.1115 | CriticGrad: 0.5482 | Noise: 0.0969 | Replay: 50000 | FPS: 55.29 | ETA: 18.2 min
2026-09-16 12:43:22,390 | INFO | Steps: 90112/150000 | Episodes: 176 | LastEpReward: 28.451 | RecentReward: 23.970 | ActorLoss: -5.041467 | CriticLoss: 0.024991 | Q: 5.0199 | TargetQ: 5.0189 | TDAbs: 0.1655 | ActorGrad: 0.2112 | CriticGrad: 0.7080 | Noise: 0.0954 | Replay: 50000 | FPS: 55.36 | ETA: 18.0 min
2026-09-16 12:43:29,471 | INFO | Steps: 90624/150000 | Episodes: 177 | LastEpReward: 15.934 | RecentReward: 22.523 | ActorLoss: -5.088376 | CriticLoss: 0.026987 | Q: 5.0649 | TargetQ: 5.0633 | TDAbs: 0.1735 | ActorGrad: 0.1942 | CriticGrad: 0.6384 | Noise: 0.0939 | Replay: 50000 | FPS: 55.44 | ETA: 17.9 min
2026-09-16 12:43:36,641 | INFO | Steps: 91136/150000 | Episodes: 178 | LastEpReward: 18.012 | RecentReward: 21.897 | ActorLoss: -5.106701 | CriticLoss: 0.028800 | Q: 5.0748 | TargetQ: 5.0744 | TDAbs: 0.1794 | ActorGrad: 0.1383 | CriticGrad: 0.6976 | Noise: 0.0925 | Replay: 50000 | FPS: 55.51 | ETA: 17.7 min
2026-09-16 12:43:43,880 | INFO | Steps: 91648/150000 | Episodes: 179 | LastEpReward: 19.951 | RecentReward: 23.136 | ActorLoss: -5.179066 | CriticLoss: 0.031894 | Q: 5.1509 | TargetQ: 5.1495 | TDAbs: 0.1862 | ActorGrad: 0.1432 | CriticGrad: 0.7488 | Noise: 0.0910 | Replay: 50000 | FPS: 55.57 | ETA: 17.5 min
2026-09-16 12:43:51,081 | INFO | 开始周期评估: Steps=92160 | Episodes=180 | EvalEpisodes=5
2026-09-16 12:44:12,820 | INFO | 周期评估完成: Steps=92160 | MeanReward=19.319 | StdReward=4.982
2026-09-16 12:44:12,828 | INFO | Steps: 92160/150000 | Episodes: 180 | LastEpReward: 17.412 | RecentReward: 22.223 | ActorLoss: -5.176315 | CriticLoss: 0.031141 | Q: 5.1514 | TargetQ: 5.1501 | TDAbs: 0.1823 | ActorGrad: 0.1527 | CriticGrad: 0.6520 | Noise: 0.0895 | Replay: 50000 | FPS: 54.92 | ETA: 17.6 min
2026-09-16 12:44:20,174 | INFO | Steps: 92672/150000 | Episodes: 181 | LastEpReward: 22.018 | RecentReward: 21.535 | ActorLoss: -5.193240 | CriticLoss: 0.030907 | Q: 5.1702 | TargetQ: 5.1691 | TDAbs: 0.1852 | ActorGrad: 0.1353 | CriticGrad: 0.6914 | Noise: 0.0881 | Replay: 50000 | FPS: 54.98 | ETA: 17.4 min
2026-09-16 12:44:27,316 | INFO | Steps: 93184/150000 | Episodes: 182 | LastEpReward: 13.370 | RecentReward: 20.867 | ActorLoss: -5.253755 | CriticLoss: 0.032068 | Q: 5.2270 | TargetQ: 5.2253 | TDAbs: 0.1867 | ActorGrad: 0.1589 | CriticGrad: 0.7145 | Noise: 0.0866 | Replay: 50000 | FPS: 55.05 | ETA: 17.2 min
2026-09-16 12:44:34,495 | INFO | Steps: 93696/150000 | Episodes: 183 | LastEpReward: 25.039 | RecentReward: 20.939 | ActorLoss: -5.246956 | CriticLoss: 0.032121 | Q: 5.2228 | TargetQ: 5.2215 | TDAbs: 0.1880 | ActorGrad: 0.1514 | CriticGrad: 0.7456 | Noise: 0.0852 | Replay: 50000 | FPS: 55.12 | ETA: 17.0 min
2026-09-16 12:44:41,649 | INFO | Steps: 94208/150000 | Episodes: 184 | LastEpReward: 13.798 | RecentReward: 19.900 | ActorLoss: -5.297486 | CriticLoss: 0.033484 | Q: 5.2742 | TargetQ: 5.2727 | TDAbs: 0.1873 | ActorGrad: 0.1602 | CriticGrad: 0.7100 | Noise: 0.0837 | Replay: 50000 | FPS: 55.19 | ETA: 16.8 min
2026-09-16 12:44:48,929 | INFO | Steps: 94720/150000 | Episodes: 185 | LastEpReward: 22.776 | RecentReward: 19.676 | ActorLoss: -5.276264 | CriticLoss: 0.033229 | Q: 5.2543 | TargetQ: 5.2554 | TDAbs: 0.1905 | ActorGrad: 0.1639 | CriticGrad: 0.7232 | Noise: 0.0822 | Replay: 50000 | FPS: 55.26 | ETA: 16.7 min
2026-09-16 12:44:56,105 | INFO | Steps: 95232/150000 | Episodes: 186 | LastEpReward: 20.093 | RecentReward: 18.840 | ActorLoss: -5.272492 | CriticLoss: 0.031448 | Q: 5.2525 | TargetQ: 5.2530 | TDAbs: 0.1865 | ActorGrad: 0.1754 | CriticGrad: 0.6915 | Noise: 0.0808 | Replay: 50000 | FPS: 55.32 | ETA: 16.5 min
2026-09-16 12:45:03,412 | INFO | Steps: 95744/150000 | Episodes: 187 | LastEpReward: 29.600 | RecentReward: 20.207 | ActorLoss: -5.305760 | CriticLoss: 0.034390 | Q: 5.2881 | TargetQ: 5.2861 | TDAbs: 0.1920 | ActorGrad: 0.1493 | CriticGrad: 0.7965 | Noise: 0.0793 | Replay: 50000 | FPS: 55.39 | ETA: 16.3 min
2026-09-16 12:45:10,556 | INFO | Steps: 96256/150000 | Episodes: 188 | LastEpReward: 17.285 | RecentReward: 20.134 | ActorLoss: -5.312095 | CriticLoss: 0.034929 | Q: 5.2962 | TargetQ: 5.2939 | TDAbs: 0.1936 | ActorGrad: 0.1661 | CriticGrad: 0.7660 | Noise: 0.0778 | Replay: 50000 | FPS: 55.45 | ETA: 16.2 min
2026-09-16 12:45:18,071 | INFO | Steps: 96768/150000 | Episodes: 189 | LastEpReward: 21.445 | RecentReward: 20.284 | ActorLoss: -5.285680 | CriticLoss: 0.036055 | Q: 5.2646 | TargetQ: 5.2643 | TDAbs: 0.1961 | ActorGrad: 0.1633 | CriticGrad: 0.7492 | Noise: 0.0764 | Replay: 50000 | FPS: 55.51 | ETA: 16.0 min
2026-09-16 12:45:25,256 | INFO | 开始周期评估: Steps=97280 | Episodes=190 | EvalEpisodes=5
2026-09-16 12:45:47,011 | INFO | 周期评估完成: Steps=97280 | MeanReward=21.211 | StdReward=5.852
2026-09-16 12:45:47,019 | INFO | Steps: 97280/150000 | Episodes: 190 | LastEpReward: 22.541 | RecentReward: 20.797 | ActorLoss: -5.301905 | CriticLoss: 0.036859 | Q: 5.2820 | TargetQ: 5.2791 | TDAbs: 0.1971 | ActorGrad: 0.1626 | CriticGrad: 0.8050 | Noise: 0.0749 | Replay: 50000 | FPS: 54.89 | ETA: 16.0 min
2026-09-16 12:45:54,223 | INFO | Steps: 97792/150000 | Episodes: 191 | LastEpReward: 25.229 | RecentReward: 21.118 | ActorLoss: -5.277333 | CriticLoss: 0.036056 | Q: 5.2575 | TargetQ: 5.2574 | TDAbs: 0.1984 | ActorGrad: 0.1642 | CriticGrad: 0.8932 | Noise: 0.0735 | Replay: 50000 | FPS: 54.95 | ETA: 15.8 min
2026-09-16 12:46:01,344 | INFO | Steps: 98304/150000 | Episodes: 192 | LastEpReward: 19.858 | RecentReward: 21.766 | ActorLoss: -5.288590 | CriticLoss: 0.038407 | Q: 5.2670 | TargetQ: 5.2664 | TDAbs: 0.2052 | ActorGrad: 0.1677 | CriticGrad: 0.9200 | Noise: 0.0720 | Replay: 50000 | FPS: 55.02 | ETA: 15.7 min
2026-09-16 12:46:08,486 | INFO | Steps: 98816/150000 | Episodes: 193 | LastEpReward: 17.826 | RecentReward: 21.045 | ActorLoss: -5.274029 | CriticLoss: 0.037529 | Q: 5.2530 | TargetQ: 5.2524 | TDAbs: 0.2027 | ActorGrad: 0.1647 | CriticGrad: 0.8523 | Noise: 0.0705 | Replay: 50000 | FPS: 55.09 | ETA: 15.5 min
2026-09-16 12:46:15,710 | INFO | Steps: 99328/150000 | Episodes: 194 | LastEpReward: 18.497 | RecentReward: 21.515 | ActorLoss: -5.290237 | CriticLoss: 0.039840 | Q: 5.2714 | TargetQ: 5.2693 | TDAbs: 0.2072 | ActorGrad: 0.1833 | CriticGrad: 0.8541 | Noise: 0.0691 | Replay: 50000 | FPS: 55.15 | ETA: 15.3 min
2026-09-16 12:46:22,854 | INFO | Steps: 99840/150000 | Episodes: 195 | LastEpReward: 16.505 | RecentReward: 20.888 | ActorLoss: -5.299353 | CriticLoss: 0.039618 | Q: 5.2790 | TargetQ: 5.2785 | TDAbs: 0.2059 | ActorGrad: 0.1688 | CriticGrad: 0.9853 | Noise: 0.0676 | Replay: 50000 | FPS: 55.22 | ETA: 15.1 min
2026-09-16 12:46:30,098 | INFO | Steps: 100352/150000 | Episodes: 196 | LastEpReward: 19.937 | RecentReward: 20.872 | ActorLoss: -5.291766 | CriticLoss: 0.042746 | Q: 5.2683 | TargetQ: 5.2663 | TDAbs: 0.2150 | ActorGrad: 0.1720 | CriticGrad: 0.8886 | Noise: 0.0661 | Replay: 50000 | FPS: 55.28 | ETA: 15.0 min
2026-09-16 12:46:37,225 | INFO | Steps: 100864/150000 | Episodes: 197 | LastEpReward: 9.228 | RecentReward: 18.835 | ActorLoss: -5.315124 | CriticLoss: 0.041443 | Q: 5.2898 | TargetQ: 5.2896 | TDAbs: 0.2115 | ActorGrad: 0.1707 | CriticGrad: 0.9285 | Noise: 0.0647 | Replay: 50000 | FPS: 55.34 | ETA: 14.8 min
2026-09-16 12:46:44,317 | INFO | Steps: 101376/150000 | Episodes: 198 | LastEpReward: 20.104 | RecentReward: 19.117 | ActorLoss: -5.212336 | CriticLoss: 0.042191 | Q: 5.1859 | TargetQ: 5.1874 | TDAbs: 0.2146 | ActorGrad: 0.1713 | CriticGrad: 0.9671 | Noise: 0.0632 | Replay: 50000 | FPS: 55.41 | ETA: 14.6 min
2026-09-16 12:46:51,486 | INFO | Steps: 101888/150000 | Episodes: 199 | LastEpReward: 17.525 | RecentReward: 18.725 | ActorLoss: -5.322845 | CriticLoss: 0.047328 | Q: 5.3038 | TargetQ: 5.3027 | TDAbs: 0.2271 | ActorGrad: 0.1900 | CriticGrad: 1.0590 | Noise: 0.0617 | Replay: 50000 | FPS: 55.47 | ETA: 14.5 min
2026-09-16 12:46:58,672 | INFO | 开始周期评估: Steps=102400 | Episodes=200 | EvalEpisodes=5
2026-09-16 12:47:20,448 | INFO | 周期评估完成: Steps=102400 | MeanReward=20.094 | StdReward=5.999
2026-09-16 12:47:20,455 | INFO | Steps: 102400/150000 | Episodes: 200 | LastEpReward: 30.246 | RecentReward: 19.496 | ActorLoss: -5.323522 | CriticLoss: 0.046594 | Q: 5.3037 | TargetQ: 5.3031 | TDAbs: 0.2231 | ActorGrad: 0.1785 | CriticGrad: 1.0209 | Noise: 0.0603 | Replay: 50000 | FPS: 54.88 | ETA: 14.5 min
2026-09-16 12:47:27,430 | INFO | Steps: 102912/150000 | Episodes: 201 | LastEpReward: 16.736 | RecentReward: 18.646 | ActorLoss: -5.308812 | CriticLoss: 0.050063 | Q: 5.2892 | TargetQ: 5.2896 | TDAbs: 0.2318 | ActorGrad: 0.1751 | CriticGrad: 1.1716 | Noise: 0.0588 | Replay: 50000 | FPS: 54.95 | ETA: 14.3 min
2026-09-16 12:47:34,614 | INFO | Steps: 103424/150000 | Episodes: 202 | LastEpReward: 19.400 | RecentReward: 18.601 | ActorLoss: -5.259504 | CriticLoss: 0.049001 | Q: 5.2389 | TargetQ: 5.2372 | TDAbs: 0.2290 | ActorGrad: 0.1862 | CriticGrad: 1.1666 | Noise: 0.0574 | Replay: 50000 | FPS: 55.02 | ETA: 14.1 min
2026-09-16 12:47:41,641 | INFO | Steps: 103936/150000 | Episodes: 203 | LastEpReward: 10.219 | RecentReward: 17.840 | ActorLoss: -5.292779 | CriticLoss: 0.049984 | Q: 5.2754 | TargetQ: 5.2757 | TDAbs: 0.2313 | ActorGrad: 0.2034 | CriticGrad: 1.1753 | Noise: 0.0559 | Replay: 50000 | FPS: 55.08 | ETA: 13.9 min
2026-09-16 12:47:48,813 | INFO | Steps: 104448/150000 | Episodes: 204 | LastEpReward: 16.873 | RecentReward: 17.677 | ActorLoss: -5.235615 | CriticLoss: 0.051355 | Q: 5.2175 | TargetQ: 5.2132 | TDAbs: 0.2349 | ActorGrad: 0.1810 | CriticGrad: 1.1168 | Noise: 0.0544 | Replay: 50000 | FPS: 55.14 | ETA: 13.8 min
2026-09-16 12:47:55,939 | INFO | Steps: 104960/150000 | Episodes: 205 | LastEpReward: 15.583 | RecentReward: 17.585 | ActorLoss: -5.279557 | CriticLoss: 0.053194 | Q: 5.2599 | TargetQ: 5.2576 | TDAbs: 0.2363 | ActorGrad: 0.1974 | CriticGrad: 1.1560 | Noise: 0.0530 | Replay: 50000 | FPS: 55.21 | ETA: 13.6 min
2026-09-16 12:48:03,072 | INFO | Steps: 105472/150000 | Episodes: 206 | LastEpReward: 25.345 | RecentReward: 18.126 | ActorLoss: -5.229443 | CriticLoss: 0.054283 | Q: 5.2176 | TargetQ: 5.2154 | TDAbs: 0.2377 | ActorGrad: 0.1786 | CriticGrad: 1.1121 | Noise: 0.0515 | Replay: 50000 | FPS: 55.27 | ETA: 13.4 min
2026-09-16 12:48:10,472 | INFO | Steps: 105984/150000 | Episodes: 207 | LastEpReward: 26.869 | RecentReward: 19.890 | ActorLoss: -5.184133 | CriticLoss: 0.054923 | Q: 5.1664 | TargetQ: 5.1677 | TDAbs: 0.2415 | ActorGrad: 0.2102 | CriticGrad: 1.1908 | Noise: 0.0500 | Replay: 50000 | FPS: 55.32 | ETA: 13.3 min
2026-09-16 12:48:17,675 | INFO | Steps: 106496/150000 | Episodes: 208 | LastEpReward: 22.392 | RecentReward: 20.119 | ActorLoss: -5.263556 | CriticLoss: 0.055283 | Q: 5.2500 | TargetQ: 5.2474 | TDAbs: 0.2418 | ActorGrad: 0.2056 | CriticGrad: 1.1010 | Noise: 0.0500 | Replay: 50000 | FPS: 55.38 | ETA: 13.1 min
2026-09-16 12:48:24,753 | INFO | Steps: 107008/150000 | Episodes: 209 | LastEpReward: 16.482 | RecentReward: 20.014 | ActorLoss: -5.258137 | CriticLoss: 0.052353 | Q: 5.2445 | TargetQ: 5.2441 | TDAbs: 0.2355 | ActorGrad: 0.1806 | CriticGrad: 1.1235 | Noise: 0.0500 | Replay: 50000 | FPS: 55.44 | ETA: 12.9 min
2026-09-16 12:48:31,928 | INFO | 开始周期评估: Steps=107520 | Episodes=210 | EvalEpisodes=5
2026-09-16 12:48:53,740 | INFO | 周期评估完成: Steps=107520 | MeanReward=20.678 | StdReward=5.972
2026-09-16 12:48:53,748 | INFO | Steps: 107520/150000 | Episodes: 210 | LastEpReward: 19.518 | RecentReward: 18.942 | ActorLoss: -5.236908 | CriticLoss: 0.057072 | Q: 5.2222 | TargetQ: 5.2207 | TDAbs: 0.2449 | ActorGrad: 0.2021 | CriticGrad: 1.1945 | Noise: 0.0500 | Replay: 50000 | FPS: 54.88 | ETA: 12.9 min
2026-09-16 12:49:00,948 | INFO | Steps: 108032/150000 | Episodes: 211 | LastEpReward: 20.097 | RecentReward: 19.278 | ActorLoss: -5.261973 | CriticLoss: 0.057373 | Q: 5.2434 | TargetQ: 5.2391 | TDAbs: 0.2442 | ActorGrad: 0.1929 | CriticGrad: 1.1928 | Noise: 0.0500 | Replay: 50000 | FPS: 54.94 | ETA: 12.7 min
2026-09-16 12:49:08,178 | INFO | Steps: 108544/150000 | Episodes: 212 | LastEpReward: 19.823 | RecentReward: 19.320 | ActorLoss: -5.220921 | CriticLoss: 0.057409 | Q: 5.2042 | TargetQ: 5.2016 | TDAbs: 0.2458 | ActorGrad: 0.1883 | CriticGrad: 1.2432 | Noise: 0.0500 | Replay: 50000 | FPS: 55.00 | ETA: 12.6 min
2026-09-16 12:49:15,671 | INFO | Steps: 109056/150000 | Episodes: 213 | LastEpReward: 26.240 | RecentReward: 20.922 | ActorLoss: -5.168276 | CriticLoss: 0.059912 | Q: 5.1515 | TargetQ: 5.1512 | TDAbs: 0.2509 | ActorGrad: 0.1964 | CriticGrad: 1.2480 | Noise: 0.0500 | Replay: 50000 | FPS: 55.05 | ETA: 12.4 min
2026-09-16 12:49:22,913 | INFO | Steps: 109568/150000 | Episodes: 214 | LastEpReward: 24.567 | RecentReward: 21.691 | ActorLoss: -5.184874 | CriticLoss: 0.059240 | Q: 5.1683 | TargetQ: 5.1716 | TDAbs: 0.2486 | ActorGrad: 0.2171 | CriticGrad: 1.3266 | Noise: 0.0500 | Replay: 50000 | FPS: 55.11 | ETA: 12.2 min
2026-09-16 12:49:30,117 | INFO | Steps: 110080/150000 | Episodes: 215 | LastEpReward: 19.870 | RecentReward: 22.120 | ActorLoss: -5.138894 | CriticLoss: 0.059110 | Q: 5.1239 | TargetQ: 5.1227 | TDAbs: 0.2495 | ActorGrad: 0.1983 | CriticGrad: 1.2293 | Noise: 0.0500 | Replay: 50000 | FPS: 55.17 | ETA: 12.1 min
2026-09-16 12:49:37,441 | INFO | Steps: 110592/150000 | Episodes: 216 | LastEpReward: 12.610 | RecentReward: 20.847 | ActorLoss: -5.168691 | CriticLoss: 0.062451 | Q: 5.1524 | TargetQ: 5.1543 | TDAbs: 0.2551 | ActorGrad: 0.1979 | CriticGrad: 1.3240 | Noise: 0.0500 | Replay: 50000 | FPS: 55.22 | ETA: 11.9 min
2026-09-16 12:49:44,464 | INFO | Steps: 111104/150000 | Episodes: 217 | LastEpReward: -22.520 | RecentReward: 15.908 | ActorLoss: -5.297819 | CriticLoss: 0.100892 | Q: 5.1960 | TargetQ: 5.1917 | TDAbs: 0.3352 | ActorGrad: 0.2345 | CriticGrad: 1.6147 | Noise: 0.0500 | Replay: 50000 | FPS: 55.28 | ETA: 11.7 min
2026-09-16 12:49:51,392 | INFO | Steps: 111616/150000 | Episodes: 218 | LastEpReward: -40.650 | RecentReward: 9.604 | ActorLoss: -5.591016 | CriticLoss: 0.134424 | Q: 5.4576 | TargetQ: 5.4588 | TDAbs: 0.3921 | ActorGrad: 0.2129 | CriticGrad: 1.7134 | Noise: 0.0500 | Replay: 50000 | FPS: 55.35 | ETA: 11.6 min
2026-09-16 12:49:58,445 | INFO | Steps: 112128/150000 | Episodes: 219 | LastEpReward: -33.901 | RecentReward: 4.565 | ActorLoss: -5.795217 | CriticLoss: 0.139709 | Q: 5.6719 | TargetQ: 5.6693 | TDAbs: 0.3995 | ActorGrad: 0.1635 | CriticGrad: 1.8358 | Noise: 0.0500 | Replay: 50000 | FPS: 55.41 | ETA: 11.4 min
2026-09-16 12:50:05,436 | INFO | 开始周期评估: Steps=112640 | Episodes=220 | EvalEpisodes=5
2026-09-16 12:50:26,169 | INFO | 周期评估完成: Steps=112640 | MeanReward=-51.151 | StdReward=2.582
2026-09-16 12:50:26,176 | INFO | Steps: 112640/150000 | Episodes: 220 | LastEpReward: -38.811 | RecentReward: -1.268 | ActorLoss: -5.867132 | CriticLoss: 0.142949 | Q: 5.8019 | TargetQ: 5.7995 | TDAbs: 0.4039 | ActorGrad: 0.1345 | CriticGrad: 1.7992 | Noise: 0.0500 | Replay: 50000 | FPS: 54.91 | ETA: 11.3 min
2026-09-16 12:50:33,125 | INFO | Steps: 113152/150000 | Episodes: 221 | LastEpReward: -45.987 | RecentReward: -7.876 | ActorLoss: -5.744118 | CriticLoss: 0.142715 | Q: 5.7590 | TargetQ: 5.7580 | TDAbs: 0.3982 | ActorGrad: 0.1007 | CriticGrad: 1.7115 | Noise: 0.0500 | Replay: 50000 | FPS: 54.97 | ETA: 11.2 min
2026-09-16 12:50:40,064 | INFO | Steps: 113664/150000 | Episodes: 222 | LastEpReward: -13.843 | RecentReward: -11.243 | ActorLoss: -5.676903 | CriticLoss: 0.116218 | Q: 5.6647 | TargetQ: 5.6648 | TDAbs: 0.3529 | ActorGrad: 0.0649 | CriticGrad: 1.5358 | Noise: 0.0500 | Replay: 50000 | FPS: 55.03 | ETA: 11.0 min
2026-09-16 12:50:47,274 | INFO | Steps: 114176/150000 | Episodes: 223 | LastEpReward: 6.056 | RecentReward: -13.261 | ActorLoss: -5.659293 | CriticLoss: 0.095409 | Q: 5.6490 | TargetQ: 5.6397 | TDAbs: 0.3152 | ActorGrad: 0.0574 | CriticGrad: 1.5343 | Noise: 0.0500 | Replay: 50000 | FPS: 55.09 | ETA: 10.8 min
2026-09-16 12:50:54,546 | INFO | Steps: 114688/150000 | Episodes: 224 | LastEpReward: 16.708 | RecentReward: -14.047 | ActorLoss: -5.649815 | CriticLoss: 0.078527 | Q: 5.6411 | TargetQ: 5.6402 | TDAbs: 0.2849 | ActorGrad: 0.0615 | CriticGrad: 1.2851 | Noise: 0.0500 | Replay: 50000 | FPS: 55.14 | ETA: 10.7 min
2026-09-16 12:51:01,946 | INFO | Steps: 115200/150000 | Episodes: 225 | LastEpReward: 17.383 | RecentReward: -14.296 | ActorLoss: -5.543877 | CriticLoss: 0.071963 | Q: 5.5360 | TargetQ: 5.5346 | TDAbs: 0.2713 | ActorGrad: 0.0492 | CriticGrad: 1.2771 | Noise: 0.0500 | Replay: 50000 | FPS: 55.19 | ETA: 10.5 min
2026-09-16 12:51:09,185 | INFO | Steps: 115712/150000 | Episodes: 226 | LastEpReward: 4.444 | RecentReward: -15.112 | ActorLoss: -5.529099 | CriticLoss: 0.068466 | Q: 5.5202 | TargetQ: 5.5176 | TDAbs: 0.2628 | ActorGrad: 0.0382 | CriticGrad: 1.1522 | Noise: 0.0500 | Replay: 50000 | FPS: 55.25 | ETA: 10.3 min
2026-09-16 12:51:16,473 | INFO | Steps: 116224/150000 | Episodes: 227 | LastEpReward: 7.386 | RecentReward: -12.122 | ActorLoss: -5.526979 | CriticLoss: 0.059822 | Q: 5.5191 | TargetQ: 5.5179 | TDAbs: 0.2464 | ActorGrad: 0.0418 | CriticGrad: 1.1077 | Noise: 0.0500 | Replay: 50000 | FPS: 55.30 | ETA: 10.2 min
2026-09-16 12:51:23,648 | INFO | Steps: 116736/150000 | Episodes: 228 | LastEpReward: 1.740 | RecentReward: -7.883 | ActorLoss: -5.424060 | CriticLoss: 0.057292 | Q: 5.4144 | TargetQ: 5.4117 | TDAbs: 0.2399 | ActorGrad: 0.0355 | CriticGrad: 1.0416 | Noise: 0.0500 | Replay: 50000 | FPS: 55.35 | ETA: 10.0 min
2026-09-16 12:51:30,878 | INFO | Steps: 117248/150000 | Episodes: 229 | LastEpReward: 5.402 | RecentReward: -3.952 | ActorLoss: -5.344816 | CriticLoss: 0.052548 | Q: 5.3381 | TargetQ: 5.3380 | TDAbs: 0.2320 | ActorGrad: 0.0346 | CriticGrad: 1.0335 | Noise: 0.0500 | Replay: 50000 | FPS: 55.41 | ETA: 9.9 min
2026-09-16 12:51:38,139 | INFO | 开始周期评估: Steps=117760 | Episodes=230 | EvalEpisodes=5
2026-09-16 12:52:00,047 | INFO | 周期评估完成: Steps=117760 | MeanReward=-4.959 | StdReward=6.411
2026-09-16 12:52:00,055 | INFO | Steps: 117760/150000 | Episodes: 230 | LastEpReward: 1.086 | RecentReward: 0.037 | ActorLoss: -5.338502 | CriticLoss: 0.051655 | Q: 5.3304 | TargetQ: 5.3277 | TDAbs: 0.2284 | ActorGrad: 0.0337 | CriticGrad: 1.0134 | Noise: 0.0500 | Replay: 50000 | FPS: 54.89 | ETA: 9.8 min
2026-09-16 12:52:07,312 | INFO | Steps: 118272/150000 | Episodes: 231 | LastEpReward: -4.609 | RecentReward: 4.175 | ActorLoss: -5.235211 | CriticLoss: 0.053927 | Q: 5.2256 | TargetQ: 5.2221 | TDAbs: 0.2289 | ActorGrad: 0.0293 | CriticGrad: 0.9538 | Noise: 0.0500 | Replay: 50000 | FPS: 54.94 | ETA: 9.6 min
2026-09-16 12:52:14,520 | INFO | Steps: 118784/150000 | Episodes: 232 | LastEpReward: -13.185 | RecentReward: 4.241 | ActorLoss: -5.173902 | CriticLoss: 0.046081 | Q: 5.1629 | TargetQ: 5.1631 | TDAbs: 0.2158 | ActorGrad: 0.0183 | CriticGrad: 0.9109 | Noise: 0.0500 | Replay: 50000 | FPS: 55.00 | ETA: 9.5 min
2026-09-16 12:52:21,867 | INFO | Steps: 119296/150000 | Episodes: 233 | LastEpReward: 0.233 | RecentReward: 3.659 | ActorLoss: -5.116246 | CriticLoss: 0.044157 | Q: 5.1044 | TargetQ: 5.1002 | TDAbs: 0.2120 | ActorGrad: 0.0161 | CriticGrad: 0.9706 | Noise: 0.0500 | Replay: 50000 | FPS: 55.05 | ETA: 9.3 min
2026-09-16 12:52:29,027 | INFO | Steps: 119808/150000 | Episodes: 234 | LastEpReward: -7.547 | RecentReward: 1.233 | ActorLoss: -5.024395 | CriticLoss: 0.039472 | Q: 5.0150 | TargetQ: 5.0133 | TDAbs: 0.2016 | ActorGrad: 0.0163 | CriticGrad: 0.8496 | Noise: 0.0500 | Replay: 50000 | FPS: 55.10 | ETA: 9.1 min
2026-09-16 12:52:36,086 | INFO | Steps: 120320/150000 | Episodes: 235 | LastEpReward: -1.310 | RecentReward: -0.636 | ActorLoss: -5.022049 | CriticLoss: 0.043452 | Q: 5.0124 | TargetQ: 5.0082 | TDAbs: 0.2055 | ActorGrad: 0.0174 | CriticGrad: 0.8789 | Noise: 0.0500 | Replay: 50000 | FPS: 55.16 | ETA: 9.0 min
2026-09-16 12:52:43,389 | INFO | Steps: 120832/150000 | Episodes: 236 | LastEpReward: -4.062 | RecentReward: -1.487 | ActorLoss: -4.921124 | CriticLoss: 0.039831 | Q: 4.9125 | TargetQ: 4.9104 | TDAbs: 0.1989 | ActorGrad: 0.0176 | CriticGrad: 0.8402 | Noise: 0.0500 | Replay: 50000 | FPS: 55.21 | ETA: 8.8 min
2026-09-16 12:52:50,728 | INFO | Steps: 121344/150000 | Episodes: 237 | LastEpReward: -5.380 | RecentReward: -2.763 | ActorLoss: -4.874702 | CriticLoss: 0.036569 | Q: 4.8637 | TargetQ: 4.8633 | TDAbs: 0.1953 | ActorGrad: 0.0181 | CriticGrad: 0.8619 | Noise: 0.0500 | Replay: 50000 | FPS: 55.26 | ETA: 8.6 min
2026-09-16 12:52:57,906 | INFO | Steps: 121856/150000 | Episodes: 238 | LastEpReward: -9.819 | RecentReward: -3.919 | ActorLoss: -4.794223 | CriticLoss: 0.037098 | Q: 4.7869 | TargetQ: 4.7862 | TDAbs: 0.1921 | ActorGrad: 0.0193 | CriticGrad: 0.7907 | Noise: 0.0500 | Replay: 50000 | FPS: 55.31 | ETA: 8.5 min
2026-09-16 12:53:05,055 | INFO | Steps: 122368/150000 | Episodes: 239 | LastEpReward: -10.262 | RecentReward: -5.485 | ActorLoss: -4.727791 | CriticLoss: 0.035488 | Q: 4.7190 | TargetQ: 4.7169 | TDAbs: 0.1883 | ActorGrad: 0.0116 | CriticGrad: 0.7685 | Noise: 0.0500 | Replay: 50000 | FPS: 55.36 | ETA: 8.3 min
2026-09-16 12:53:12,361 | INFO | 开始周期评估: Steps=122880 | Episodes=240 | EvalEpisodes=5
2026-09-16 12:53:34,250 | INFO | 周期评估完成: Steps=122880 | MeanReward=-26.166 | StdReward=13.824
2026-09-16 12:53:34,258 | INFO | Steps: 122880/150000 | Episodes: 240 | LastEpReward: -8.312 | RecentReward: -6.425 | ActorLoss: -4.663686 | CriticLoss: 0.033638 | Q: 4.6542 | TargetQ: 4.6543 | TDAbs: 0.1842 | ActorGrad: 0.0119 | CriticGrad: 0.8377 | Noise: 0.0500 | Replay: 50000 | FPS: 54.87 | ETA: 8.2 min
2026-09-16 12:53:41,703 | INFO | Steps: 123392/150000 | Episodes: 241 | LastEpReward: -2.917 | RecentReward: -6.256 | ActorLoss: -4.631392 | CriticLoss: 0.034670 | Q: 4.6222 | TargetQ: 4.6218 | TDAbs: 0.1849 | ActorGrad: 0.0175 | CriticGrad: 0.7908 | Noise: 0.0500 | Replay: 50000 | FPS: 54.91 | ETA: 8.1 min
2026-09-16 12:53:48,928 | INFO | Steps: 123904/150000 | Episodes: 242 | LastEpReward: -15.115 | RecentReward: -6.449 | ActorLoss: -4.552088 | CriticLoss: 0.033272 | Q: 4.5444 | TargetQ: 4.5422 | TDAbs: 0.1823 | ActorGrad: 0.0136 | CriticGrad: 0.7463 | Noise: 0.0500 | Replay: 50000 | FPS: 54.97 | ETA: 7.9 min
2026-09-16 12:53:56,155 | INFO | Steps: 124416/150000 | Episodes: 243 | LastEpReward: -6.985 | RecentReward: -7.171 | ActorLoss: -4.457252 | CriticLoss: 0.031010 | Q: 4.4507 | TargetQ: 4.4486 | TDAbs: 0.1767 | ActorGrad: 0.0140 | CriticGrad: 0.7822 | Noise: 0.0500 | Replay: 50000 | FPS: 55.02 | ETA: 7.8 min
2026-09-16 12:54:03,507 | INFO | Steps: 124928/150000 | Episodes: 244 | LastEpReward: -1.469 | RecentReward: -6.563 | ActorLoss: -4.402381 | CriticLoss: 0.030394 | Q: 4.3946 | TargetQ: 4.3942 | TDAbs: 0.1768 | ActorGrad: 0.0109 | CriticGrad: 0.6819 | Noise: 0.0500 | Replay: 50000 | FPS: 55.06 | ETA: 7.6 min
2026-09-16 12:54:11,004 | INFO | Steps: 125440/150000 | Episodes: 245 | LastEpReward: -1.338 | RecentReward: -6.566 | ActorLoss: -4.344265 | CriticLoss: 0.029208 | Q: 4.3358 | TargetQ: 4.3351 | TDAbs: 0.1737 | ActorGrad: 0.0171 | CriticGrad: 0.6998 | Noise: 0.0500 | Replay: 50000 | FPS: 55.11 | ETA: 7.4 min
2026-09-16 12:54:18,126 | INFO | Steps: 125952/150000 | Episodes: 246 | LastEpReward: -9.547 | RecentReward: -7.114 | ActorLoss: -4.271138 | CriticLoss: 0.028004 | Q: 4.2620 | TargetQ: 4.2621 | TDAbs: 0.1712 | ActorGrad: 0.0083 | CriticGrad: 0.6529 | Noise: 0.0500 | Replay: 50000 | FPS: 55.16 | ETA: 7.3 min
2026-09-16 12:54:25,331 | INFO | Steps: 126464/150000 | Episodes: 247 | LastEpReward: -8.396 | RecentReward: -7.416 | ActorLoss: -4.232556 | CriticLoss: 0.027895 | Q: 4.2257 | TargetQ: 4.2257 | TDAbs: 0.1708 | ActorGrad: 0.0079 | CriticGrad: 0.6885 | Noise: 0.0500 | Replay: 50000 | FPS: 55.21 | ETA: 7.1 min
2026-09-16 12:54:32,475 | INFO | Steps: 126976/150000 | Episodes: 248 | LastEpReward: -20.809 | RecentReward: -8.515 | ActorLoss: -4.168399 | CriticLoss: 0.025313 | Q: 4.1609 | TargetQ: 4.1598 | TDAbs: 0.1636 | ActorGrad: 0.0087 | CriticGrad: 0.6785 | Noise: 0.0500 | Replay: 50000 | FPS: 55.26 | ETA: 6.9 min
2026-09-16 12:54:39,732 | INFO | Steps: 127488/150000 | Episodes: 249 | LastEpReward: 0.607 | RecentReward: -7.428 | ActorLoss: -4.121299 | CriticLoss: 0.025910 | Q: 4.1134 | TargetQ: 4.1120 | TDAbs: 0.1653 | ActorGrad: 0.0093 | CriticGrad: 0.6649 | Noise: 0.0500 | Replay: 50000 | FPS: 55.31 | ETA: 6.8 min
2026-09-16 12:54:47,106 | INFO | 开始周期评估: Steps=128000 | Episodes=250 | EvalEpisodes=5
2026-09-16 12:55:09,048 | INFO | 周期评估完成: Steps=128000 | MeanReward=-22.199 | StdReward=10.972
2026-09-16 12:55:09,055 | INFO | Steps: 128000/150000 | Episodes: 250 | LastEpReward: -9.519 | RecentReward: -7.549 | ActorLoss: -4.003386 | CriticLoss: 0.025357 | Q: 3.9952 | TargetQ: 3.9943 | TDAbs: 0.1652 | ActorGrad: 0.0057 | CriticGrad: 0.6196 | Noise: 0.0500 | Replay: 50000 | FPS: 54.83 | ETA: 6.7 min
2026-09-16 12:55:16,414 | INFO | Steps: 128512/150000 | Episodes: 251 | LastEpReward: -18.435 | RecentReward: -9.101 | ActorLoss: -3.993328 | CriticLoss: 0.023787 | Q: 3.9856 | TargetQ: 3.9843 | TDAbs: 0.1608 | ActorGrad: 0.0046 | CriticGrad: 0.6045 | Noise: 0.0500 | Replay: 50000 | FPS: 54.88 | ETA: 6.5 min
2026-09-16 12:55:23,696 | INFO | Steps: 129024/150000 | Episodes: 252 | LastEpReward: -24.724 | RecentReward: -10.061 | ActorLoss: -3.870493 | CriticLoss: 0.023818 | Q: 3.8631 | TargetQ: 3.8621 | TDAbs: 0.1585 | ActorGrad: 0.0050 | CriticGrad: 0.5854 | Noise: 0.0500 | Replay: 50000 | FPS: 54.93 | ETA: 6.4 min
2026-09-16 12:55:31,097 | INFO | Steps: 129536/150000 | Episodes: 253 | LastEpReward: -18.602 | RecentReward: -11.223 | ActorLoss: -3.850467 | CriticLoss: 0.022579 | Q: 3.8448 | TargetQ: 3.8434 | TDAbs: 0.1558 | ActorGrad: 0.0097 | CriticGrad: 0.6284 | Noise: 0.0500 | Replay: 50000 | FPS: 54.97 | ETA: 6.2 min
2026-09-16 12:55:38,402 | INFO | Steps: 130048/150000 | Episodes: 254 | LastEpReward: -9.707 | RecentReward: -12.047 | ActorLoss: -3.796755 | CriticLoss: 0.022929 | Q: 3.7913 | TargetQ: 3.7895 | TDAbs: 0.1554 | ActorGrad: 0.0074 | CriticGrad: 0.5973 | Noise: 0.0500 | Replay: 50000 | FPS: 55.02 | ETA: 6.0 min
2026-09-16 12:55:45,528 | INFO | Steps: 130560/150000 | Episodes: 255 | LastEpReward: -24.680 | RecentReward: -14.381 | ActorLoss: -3.685614 | CriticLoss: 0.022769 | Q: 3.6798 | TargetQ: 3.6783 | TDAbs: 0.1550 | ActorGrad: 0.0118 | CriticGrad: 0.5774 | Noise: 0.0500 | Replay: 50000 | FPS: 55.07 | ETA: 5.9 min
2026-09-16 12:55:52,875 | INFO | Steps: 131072/150000 | Episodes: 256 | LastEpReward: -13.774 | RecentReward: -14.804 | ActorLoss: -3.649398 | CriticLoss: 0.023712 | Q: 3.6438 | TargetQ: 3.6439 | TDAbs: 0.1547 | ActorGrad: 0.0132 | CriticGrad: 0.5696 | Noise: 0.0500 | Replay: 50000 | FPS: 55.12 | ETA: 5.7 min
2026-09-16 12:56:00,015 | INFO | Steps: 131584/150000 | Episodes: 257 | LastEpReward: -29.467 | RecentReward: -16.911 | ActorLoss: -3.530677 | CriticLoss: 0.022389 | Q: 3.5252 | TargetQ: 3.5249 | TDAbs: 0.1517 | ActorGrad: 0.0146 | CriticGrad: 0.5694 | Noise: 0.0500 | Replay: 50000 | FPS: 55.16 | ETA: 5.6 min
2026-09-16 12:56:07,165 | INFO | Steps: 132096/150000 | Episodes: 258 | LastEpReward: -34.333 | RecentReward: -18.263 | ActorLoss: -3.424158 | CriticLoss: 0.022866 | Q: 3.4168 | TargetQ: 3.4174 | TDAbs: 0.1529 | ActorGrad: 0.0116 | CriticGrad: 0.5865 | Noise: 0.0500 | Replay: 50000 | FPS: 55.21 | ETA: 5.4 min
2026-09-16 12:56:14,389 | INFO | Steps: 132608/150000 | Episodes: 259 | LastEpReward: -29.602 | RecentReward: -21.284 | ActorLoss: -3.342305 | CriticLoss: 0.020362 | Q: 3.3381 | TargetQ: 3.3382 | TDAbs: 0.1478 | ActorGrad: 0.0141 | CriticGrad: 0.5509 | Noise: 0.0500 | Replay: 50000 | FPS: 55.26 | ETA: 5.2 min
2026-09-16 12:56:21,642 | INFO | 开始周期评估: Steps=133120 | Episodes=260 | EvalEpisodes=5
2026-09-16 12:56:43,531 | INFO | 周期评估完成: Steps=133120 | MeanReward=-22.651 | StdReward=11.212
2026-09-16 12:56:43,539 | INFO | Steps: 133120/150000 | Episodes: 260 | LastEpReward: -36.311 | RecentReward: -23.964 | ActorLoss: -3.303302 | CriticLoss: 0.020935 | Q: 3.2980 | TargetQ: 3.2977 | TDAbs: 0.1501 | ActorGrad: 0.0088 | CriticGrad: 0.5436 | Noise: 0.0500 | Replay: 50000 | FPS: 54.81 | ETA: 5.1 min
2026-09-16 12:56:50,819 | INFO | Steps: 133632/150000 | Episodes: 261 | LastEpReward: -18.148 | RecentReward: -23.935 | ActorLoss: -3.117773 | CriticLoss: 0.020556 | Q: 3.1126 | TargetQ: 3.1114 | TDAbs: 0.1481 | ActorGrad: 0.0080 | CriticGrad: 0.5197 | Noise: 0.0500 | Replay: 50000 | FPS: 54.85 | ETA: 5.0 min
2026-09-16 12:56:57,940 | INFO | Steps: 134144/150000 | Episodes: 262 | LastEpReward: -16.818 | RecentReward: -23.144 | ActorLoss: -3.088336 | CriticLoss: 0.019149 | Q: 3.0822 | TargetQ: 3.0826 | TDAbs: 0.1443 | ActorGrad: 0.0081 | CriticGrad: 0.4934 | Noise: 0.0500 | Replay: 50000 | FPS: 54.90 | ETA: 4.8 min
2026-09-16 12:57:05,410 | INFO | Steps: 134656/150000 | Episodes: 263 | LastEpReward: -7.706 | RecentReward: -22.055 | ActorLoss: -3.041924 | CriticLoss: 0.020846 | Q: 3.0373 | TargetQ: 3.0379 | TDAbs: 0.1496 | ActorGrad: 0.0083 | CriticGrad: 0.5757 | Noise: 0.0500 | Replay: 50000 | FPS: 54.95 | ETA: 4.7 min
2026-09-16 12:57:12,610 | INFO | Steps: 135168/150000 | Episodes: 264 | LastEpReward: -18.854 | RecentReward: -22.969 | ActorLoss: -2.952331 | CriticLoss: 0.019753 | Q: 2.9475 | TargetQ: 2.9459 | TDAbs: 0.1469 | ActorGrad: 0.0118 | CriticGrad: 0.5115 | Noise: 0.0500 | Replay: 50000 | FPS: 54.99 | ETA: 4.5 min
2026-09-16 12:57:19,788 | INFO | Steps: 135680/150000 | Episodes: 265 | LastEpReward: -21.421 | RecentReward: -22.643 | ActorLoss: -2.856486 | CriticLoss: 0.020468 | Q: 2.8522 | TargetQ: 2.8507 | TDAbs: 0.1474 | ActorGrad: 0.0101 | CriticGrad: 0.5513 | Noise: 0.0500 | Replay: 50000 | FPS: 55.04 | ETA: 4.3 min
2026-09-16 12:57:27,121 | INFO | Steps: 136192/150000 | Episodes: 266 | LastEpReward: -7.989 | RecentReward: -22.065 | ActorLoss: -2.770871 | CriticLoss: 0.018117 | Q: 2.7668 | TargetQ: 2.7659 | TDAbs: 0.1422 | ActorGrad: 0.0078 | CriticGrad: 0.4813 | Noise: 0.0500 | Replay: 50000 | FPS: 55.08 | ETA: 4.2 min
2026-09-16 12:57:34,295 | INFO | Steps: 136704/150000 | Episodes: 267 | LastEpReward: -16.639 | RecentReward: -20.782 | ActorLoss: -2.616466 | CriticLoss: 0.019077 | Q: 2.6158 | TargetQ: 2.6142 | TDAbs: 0.1426 | ActorGrad: 0.0060 | CriticGrad: 0.4839 | Noise: 0.0500 | Replay: 50000 | FPS: 55.13 | ETA: 4.0 min
2026-09-16 12:57:41,594 | INFO | Steps: 137216/150000 | Episodes: 268 | LastEpReward: -13.576 | RecentReward: -18.706 | ActorLoss: -2.589784 | CriticLoss: 0.019784 | Q: 2.5510 | TargetQ: 2.5519 | TDAbs: 0.1451 | ActorGrad: 0.0993 | CriticGrad: 0.4723 | Noise: 0.0500 | Replay: 50000 | FPS: 55.18 | ETA: 3.9 min
2026-09-16 12:57:48,714 | INFO | Steps: 137728/150000 | Episodes: 269 | LastEpReward: -20.578 | RecentReward: -17.804 | ActorLoss: -3.272498 | CriticLoss: 0.062717 | Q: 3.0485 | TargetQ: 3.0517 | TDAbs: 0.2650 | ActorGrad: 0.0655 | CriticGrad: 0.8545 | Noise: 0.0500 | Replay: 50000 | FPS: 55.22 | ETA: 3.7 min
2026-09-16 12:57:56,033 | INFO | 开始周期评估: Steps=138240 | Episodes=270 | EvalEpisodes=5
2026-09-16 12:58:18,020 | INFO | 周期评估完成: Steps=138240 | MeanReward=-13.439 | StdReward=7.821
2026-09-16 12:58:18,028 | INFO | Steps: 138240/150000 | Episodes: 270 | LastEpReward: -8.345 | RecentReward: -15.007 | ActorLoss: -3.616014 | CriticLoss: 0.067621 | Q: 3.4578 | TargetQ: 3.4573 | TDAbs: 0.2719 | ActorGrad: 0.0562 | CriticGrad: 0.9177 | Noise: 0.0500 | Replay: 50000 | FPS: 54.79 | ETA: 3.6 min
2026-09-16 12:58:25,240 | INFO | Steps: 138752/150000 | Episodes: 271 | LastEpReward: -16.681 | RecentReward: -14.861 | ActorLoss: -3.684365 | CriticLoss: 0.070144 | Q: 3.6117 | TargetQ: 3.6080 | TDAbs: 0.2729 | ActorGrad: 0.0647 | CriticGrad: 0.9488 | Noise: 0.0500 | Replay: 50000 | FPS: 54.83 | ETA: 3.4 min
2026-09-16 12:58:32,515 | INFO | Steps: 139264/150000 | Episodes: 272 | LastEpReward: -8.850 | RecentReward: -14.064 | ActorLoss: -3.612192 | CriticLoss: 0.073906 | Q: 3.6068 | TargetQ: 3.6019 | TDAbs: 0.2805 | ActorGrad: 0.0936 | CriticGrad: 0.9752 | Noise: 0.0500 | Replay: 50000 | FPS: 54.88 | ETA: 3.3 min
2026-09-16 12:58:39,737 | INFO | Steps: 139776/150000 | Episodes: 273 | LastEpReward: -2.295 | RecentReward: -13.523 | ActorLoss: -3.441265 | CriticLoss: 0.072055 | Q: 3.4664 | TargetQ: 3.4617 | TDAbs: 0.2792 | ActorGrad: 0.0820 | CriticGrad: 1.0190 | Noise: 0.0500 | Replay: 50000 | FPS: 54.92 | ETA: 3.1 min
2026-09-16 12:58:47,201 | INFO | Steps: 140288/150000 | Episodes: 274 | LastEpReward: -12.073 | RecentReward: -12.845 | ActorLoss: -3.246305 | CriticLoss: 0.073015 | Q: 3.2955 | TargetQ: 3.2931 | TDAbs: 0.2782 | ActorGrad: 0.1392 | CriticGrad: 1.0034 | Noise: 0.0500 | Replay: 50000 | FPS: 54.96 | ETA: 2.9 min
2026-09-16 12:58:54,377 | INFO | Steps: 140800/150000 | Episodes: 275 | LastEpReward: 10.899 | RecentReward: -9.613 | ActorLoss: -3.107570 | CriticLoss: 0.076176 | Q: 3.1238 | TargetQ: 3.1191 | TDAbs: 0.2852 | ActorGrad: 0.1780 | CriticGrad: 1.0282 | Noise: 0.0500 | Replay: 50000 | FPS: 55.01 | ETA: 2.8 min
2026-09-16 12:59:01,700 | INFO | Steps: 141312/150000 | Episodes: 276 | LastEpReward: 24.552 | RecentReward: -6.358 | ActorLoss: -2.978350 | CriticLoss: 0.063430 | Q: 2.9669 | TargetQ: 2.9657 | TDAbs: 0.2579 | ActorGrad: 0.0522 | CriticGrad: 0.9606 | Noise: 0.0500 | Replay: 50000 | FPS: 55.05 | ETA: 2.6 min
2026-09-16 12:59:08,937 | INFO | Steps: 141824/150000 | Episodes: 277 | LastEpReward: -30.701 | RecentReward: -7.765 | ActorLoss: -2.954143 | CriticLoss: 0.049292 | Q: 2.9430 | TargetQ: 2.9389 | TDAbs: 0.2240 | ActorGrad: 0.0210 | CriticGrad: 0.8012 | Noise: 0.0500 | Replay: 50000 | FPS: 55.09 | ETA: 2.5 min
2026-09-16 12:59:16,144 | INFO | Steps: 142336/150000 | Episodes: 278 | LastEpReward: -19.902 | RecentReward: -8.397 | ActorLoss: -2.863516 | CriticLoss: 0.041854 | Q: 2.8519 | TargetQ: 2.8499 | TDAbs: 0.2065 | ActorGrad: 0.0172 | CriticGrad: 0.7098 | Noise: 0.0500 | Replay: 50000 | FPS: 55.14 | ETA: 2.3 min
2026-09-16 12:59:23,489 | INFO | Steps: 142848/150000 | Episodes: 279 | LastEpReward: -23.978 | RecentReward: -8.737 | ActorLoss: -2.754368 | CriticLoss: 0.036713 | Q: 2.7422 | TargetQ: 2.7417 | TDAbs: 0.1951 | ActorGrad: 0.0144 | CriticGrad: 0.6530 | Noise: 0.0500 | Replay: 50000 | FPS: 55.18 | ETA: 2.2 min
2026-09-16 12:59:30,720 | INFO | 开始周期评估: Steps=143360 | Episodes=280 | EvalEpisodes=5
2026-09-16 12:59:52,668 | INFO | 周期评估完成: Steps=143360 | MeanReward=-18.054 | StdReward=13.643
2026-09-16 12:59:52,676 | INFO | Steps: 143360/150000 | Episodes: 280 | LastEpReward: -27.857 | RecentReward: -10.688 | ActorLoss: -2.674391 | CriticLoss: 0.033861 | Q: 2.6627 | TargetQ: 2.6611 | TDAbs: 0.1865 | ActorGrad: 0.0174 | CriticGrad: 0.6053 | Noise: 0.0500 | Replay: 50000 | FPS: 54.76 | ETA: 2.0 min
2026-09-16 12:59:59,956 | INFO | Steps: 143872/150000 | Episodes: 281 | LastEpReward: 0.260 | RecentReward: -8.994 | ActorLoss: -2.606183 | CriticLoss: 0.032309 | Q: 2.5948 | TargetQ: 2.5933 | TDAbs: 0.1805 | ActorGrad: 0.0555 | CriticGrad: 0.5831 | Noise: 0.0500 | Replay: 50000 | FPS: 54.80 | ETA: 1.9 min
2026-09-16 13:00:07,110 | INFO | Steps: 144384/150000 | Episodes: 282 | LastEpReward: 7.128 | RecentReward: -7.396 | ActorLoss: -2.643415 | CriticLoss: 0.038448 | Q: 2.6019 | TargetQ: 2.6030 | TDAbs: 0.2036 | ActorGrad: 0.1918 | CriticGrad: 0.7158 | Noise: 0.0500 | Replay: 50000 | FPS: 54.85 | ETA: 1.7 min
2026-09-16 13:00:14,305 | INFO | Steps: 144896/150000 | Episodes: 283 | LastEpReward: 16.950 | RecentReward: -5.472 | ActorLoss: -2.642912 | CriticLoss: 0.040378 | Q: 2.6086 | TargetQ: 2.6087 | TDAbs: 0.2094 | ActorGrad: 0.1915 | CriticGrad: 0.6952 | Noise: 0.0500 | Replay: 50000 | FPS: 54.89 | ETA: 1.5 min
2026-09-16 13:00:21,525 | INFO | Steps: 145408/150000 | Episodes: 284 | LastEpReward: 4.184 | RecentReward: -3.846 | ActorLoss: -2.623261 | CriticLoss: 0.040723 | Q: 2.5985 | TargetQ: 2.5990 | TDAbs: 0.2121 | ActorGrad: 0.2054 | CriticGrad: 0.7287 | Noise: 0.0500 | Replay: 50000 | FPS: 54.94 | ETA: 1.4 min
2026-09-16 13:00:28,762 | INFO | Steps: 145920/150000 | Episodes: 285 | LastEpReward: 12.360 | RecentReward: -3.700 | ActorLoss: -2.573462 | CriticLoss: 0.042313 | Q: 2.5533 | TargetQ: 2.5529 | TDAbs: 0.2128 | ActorGrad: 0.1949 | CriticGrad: 0.7752 | Noise: 0.0500 | Replay: 50000 | FPS: 54.98 | ETA: 1.2 min
2026-09-16 13:00:36,084 | INFO | Steps: 146432/150000 | Episodes: 286 | LastEpReward: 18.958 | RecentReward: -4.260 | ActorLoss: -2.542980 | CriticLoss: 0.042489 | Q: 2.5176 | TargetQ: 2.5172 | TDAbs: 0.2133 | ActorGrad: 0.1900 | CriticGrad: 0.7459 | Noise: 0.0500 | Replay: 50000 | FPS: 55.02 | ETA: 1.1 min
2026-09-16 13:00:43,384 | INFO | Steps: 146944/150000 | Episodes: 287 | LastEpReward: 6.255 | RecentReward: -0.564 | ActorLoss: -2.538527 | CriticLoss: 0.044940 | Q: 2.5176 | TargetQ: 2.5158 | TDAbs: 0.2185 | ActorGrad: 0.1995 | CriticGrad: 0.8035 | Noise: 0.0500 | Replay: 50000 | FPS: 55.06 | ETA: 0.9 min
2026-09-16 13:00:50,882 | INFO | Steps: 147456/150000 | Episodes: 288 | LastEpReward: 24.905 | RecentReward: 3.917 | ActorLoss: -2.446419 | CriticLoss: 0.044084 | Q: 2.4187 | TargetQ: 2.4179 | TDAbs: 0.2151 | ActorGrad: 0.0832 | CriticGrad: 0.7927 | Noise: 0.0500 | Replay: 50000 | FPS: 55.10 | ETA: 0.8 min
2026-09-16 13:00:58,189 | INFO | Steps: 147968/150000 | Episodes: 289 | LastEpReward: 34.540 | RecentReward: 9.768 | ActorLoss: -2.431253 | CriticLoss: 0.043124 | Q: 2.4051 | TargetQ: 2.4050 | TDAbs: 0.2110 | ActorGrad: 0.0443 | CriticGrad: 0.7608 | Noise: 0.0500 | Replay: 50000 | FPS: 55.14 | ETA: 0.6 min
2026-09-16 13:01:05,579 | INFO | 开始周期评估: Steps=148480 | Episodes=290 | EvalEpisodes=5
2026-09-16 13:01:27,542 | INFO | 周期评估完成: Steps=148480 | MeanReward=29.755 | StdReward=5.137
2026-09-16 13:01:27,550 | INFO | Steps: 148480/150000 | Episodes: 290 | LastEpReward: 34.470 | RecentReward: 16.001 | ActorLoss: -2.379835 | CriticLoss: 0.044546 | Q: 2.3567 | TargetQ: 2.3537 | TDAbs: 0.2142 | ActorGrad: 0.0612 | CriticGrad: 0.8115 | Noise: 0.0500 | Replay: 50000 | FPS: 54.73 | ETA: 0.5 min
2026-09-16 13:01:35,013 | INFO | Steps: 148992/150000 | Episodes: 291 | LastEpReward: 30.704 | RecentReward: 19.046 | ActorLoss: -2.359530 | CriticLoss: 0.048532 | Q: 2.3346 | TargetQ: 2.3324 | TDAbs: 0.2215 | ActorGrad: 0.0721 | CriticGrad: 0.8323 | Noise: 0.0500 | Replay: 50000 | FPS: 54.77 | ETA: 0.3 min
2026-09-16 13:01:42,186 | INFO | Steps: 149504/150000 | Episodes: 292 | LastEpReward: 23.969 | RecentReward: 20.730 | ActorLoss: -2.335283 | CriticLoss: 0.046118 | Q: 2.3148 | TargetQ: 2.3142 | TDAbs: 0.2174 | ActorGrad: 0.0638 | CriticGrad: 0.8865 | Noise: 0.0500 | Replay: 50000 | FPS: 54.81 | ETA: 0.2 min
2026-09-16 13:01:49,130 | INFO | Steps: 150000/150000 | Episodes: 292 | LastEpReward: 23.969 | RecentReward: 20.730 | ActorLoss: -2.328689 | CriticLoss: 0.045314 | Q: 2.2995 | TargetQ: 2.2998 | TDAbs: 0.2154 | ActorGrad: 0.0703 | CriticGrad: 0.8886 | Noise: 0.0500 | Replay: 50000 | FPS: 54.86 | ETA: 0.0 min
2026-09-16 13:02:32,977 | INFO | MADDPG 训练与评估完成，最佳权重: /home/pjpjq/LEO_switch/results/multiseed_0907/seed46/u30/learned_baselines/maddpg/maddpg_model.pt
