2026-09-21 00:24:23,866 | INFO | ============================================================
2026-09-21 00:24:23,866 | INFO | 开始训练纯 MADDPG 基线
2026-09-21 00:24:23,866 | INFO | 用户数: 40 | 观测维度: 76 | handover维度: 11 | 总步数: 150000 | warmup: 1000 | batch: 128 | 日志间隔: 512 steps | device: cuda | actor_lr: 1.0e-04 | critic_lr: 3.0e-04 | tau: 0.005 | reward_scale: 1.00
2026-09-21 00:24:23,866 | INFO | ============================================================
2026-09-21 00:24:29,455 | INFO | Steps: 512/150000 | Episodes: 1 | LastEpReward: -9.806 | RecentReward: -9.806 | ActorLoss: 0.000000 | CriticLoss: 0.000000 | Q: 0.0000 | TargetQ: 0.0000 | TDAbs: 0.0000 | ActorGrad: 0.0000 | CriticGrad: 0.0000 | Noise: 0.3500 | Replay: 512 | FPS: 91.61 | ETA: 27.2 min
2026-09-21 00:24:35,664 | INFO | Steps: 1024/150000 | Episodes: 2 | LastEpReward: -15.124 | RecentReward: -12.465 | ActorLoss: -0.052598 | CriticLoss: 0.004459 | Q: 0.0536 | TargetQ: 0.0615 | TDAbs: 0.0692 | ActorGrad: 0.0007 | CriticGrad: 0.1215 | Noise: 0.3499 | Replay: 1024 | FPS: 86.79 | ETA: 28.6 min
2026-09-21 00:24:51,954 | INFO | Steps: 1536/150000 | Episodes: 3 | LastEpReward: -88.959 | RecentReward: -37.963 | ActorLoss: 0.037368 | CriticLoss: 0.000664 | Q: -0.0608 | TargetQ: -0.0611 | TDAbs: 0.0280 | ActorGrad: 0.0003 | CriticGrad: 0.0633 | Noise: 0.3485 | Replay: 1536 | FPS: 54.69 | ETA: 45.2 min
2026-09-21 00:25:07,613 | INFO | Steps: 2048/150000 | Episodes: 4 | LastEpReward: -108.580 | RecentReward: -55.617 | ActorLoss: 0.236303 | CriticLoss: 0.000658 | Q: -0.2576 | TargetQ: -0.2577 | TDAbs: 0.0269 | ActorGrad: 0.0000 | CriticGrad: 0.0617 | Noise: 0.3470 | Replay: 2048 | FPS: 46.81 | ETA: 52.7 min
2026-09-21 00:25:24,741 | INFO | Steps: 2560/150000 | Episodes: 5 | LastEpReward: -129.806 | RecentReward: -70.455 | ActorLoss: 0.639971 | CriticLoss: 0.001128 | Q: -0.6552 | TargetQ: -0.6558 | TDAbs: 0.0357 | ActorGrad: 0.0000 | CriticGrad: 0.1465 | Noise: 0.3455 | Replay: 2560 | FPS: 42.05 | ETA: 58.4 min
2026-09-21 00:25:41,442 | INFO | Steps: 3072/150000 | Episodes: 6 | LastEpReward: -132.344 | RecentReward: -80.770 | ActorLoss: 1.064455 | CriticLoss: 0.002484 | Q: -1.0750 | TargetQ: -1.0754 | TDAbs: 0.0515 | ActorGrad: 0.0000 | CriticGrad: 0.2940 | Noise: 0.3441 | Replay: 3072 | FPS: 39.60 | ETA: 61.8 min
2026-09-21 00:26:00,166 | INFO | Steps: 3584/150000 | Episodes: 7 | LastEpReward: -114.657 | RecentReward: -85.611 | ActorLoss: 1.483945 | CriticLoss: 0.002646 | Q: -1.4949 | TargetQ: -1.4945 | TDAbs: 0.0487 | ActorGrad: 0.0001 | CriticGrad: 0.3105 | Noise: 0.3426 | Replay: 3584 | FPS: 37.22 | ETA: 65.6 min
2026-09-21 00:26:18,629 | INFO | Steps: 4096/150000 | Episodes: 8 | LastEpReward: -45.459 | RecentReward: -80.592 | ActorLoss: 1.453201 | CriticLoss: 0.002558 | Q: -1.5251 | TargetQ: -1.5254 | TDAbs: 0.0499 | ActorGrad: 0.0002 | CriticGrad: 0.2165 | Noise: 0.3412 | Replay: 4096 | FPS: 35.69 | ETA: 68.1 min
2026-09-21 00:26:38,788 | INFO | Steps: 4608/150000 | Episodes: 9 | LastEpReward: -21.393 | RecentReward: -74.014 | ActorLoss: 1.382014 | CriticLoss: 0.002166 | Q: -1.4934 | TargetQ: -1.4938 | TDAbs: 0.0491 | ActorGrad: 0.0143 | CriticGrad: 0.2375 | Noise: 0.3397 | Replay: 4608 | FPS: 34.15 | ETA: 71.0 min
2026-09-21 00:26:57,889 | INFO | 开始周期评估: Steps=5120 | Episodes=10 | EvalEpisodes=5
2026-09-21 00:27:55,963 | INFO | 周期评估完成: Steps=5120 | MeanReward=5.715 | StdReward=4.841
2026-09-21 00:27:56,084 | INFO | Steps: 5120/150000 | Episodes: 10 | LastEpReward: 14.193 | RecentReward: -65.193 | ActorLoss: 1.286033 | CriticLoss: 0.001965 | Q: -1.3988 | TargetQ: -1.3985 | TDAbs: 0.0475 | ActorGrad: 0.0137 | CriticGrad: 0.2542 | Noise: 0.3382 | Replay: 5120 | FPS: 24.13 | ETA: 100.1 min
2026-09-21 00:28:14,562 | INFO | Steps: 5632/150000 | Episodes: 11 | LastEpReward: 13.251 | RecentReward: -62.888 | ActorLoss: 1.081538 | CriticLoss: 0.001789 | Q: -1.2150 | TargetQ: -1.2149 | TDAbs: 0.0452 | ActorGrad: 0.0129 | CriticGrad: 0.2210 | Noise: 0.3368 | Replay: 5632 | FPS: 24.41 | ETA: 98.6 min
2026-09-21 00:28:33,452 | INFO | Steps: 6144/150000 | Episodes: 12 | LastEpReward: 10.433 | RecentReward: -60.332 | ActorLoss: 0.889495 | CriticLoss: 0.001643 | Q: -1.0203 | TargetQ: -1.0203 | TDAbs: 0.0439 | ActorGrad: 0.0133 | CriticGrad: 0.1770 | Noise: 0.3353 | Replay: 6144 | FPS: 24.62 | ETA: 97.4 min
2026-09-21 00:28:51,060 | INFO | Steps: 6656/150000 | Episodes: 13 | LastEpReward: 9.273 | RecentReward: -50.509 | ActorLoss: 0.737074 | CriticLoss: 0.001647 | Q: -0.8570 | TargetQ: -0.8570 | TDAbs: 0.0440 | ActorGrad: 0.0120 | CriticGrad: 0.1766 | Noise: 0.3338 | Replay: 6656 | FPS: 24.91 | ETA: 95.9 min
2026-09-21 00:29:09,408 | INFO | Steps: 7168/150000 | Episodes: 14 | LastEpReward: 1.359 | RecentReward: -39.515 | ActorLoss: 0.570503 | CriticLoss: 0.001596 | Q: -0.6838 | TargetQ: -0.6836 | TDAbs: 0.0427 | ActorGrad: 0.0124 | CriticGrad: 0.1311 | Noise: 0.3324 | Replay: 7168 | FPS: 25.10 | ETA: 94.8 min
2026-09-21 00:29:28,278 | INFO | Steps: 7680/150000 | Episodes: 15 | LastEpReward: 9.879 | RecentReward: -25.546 | ActorLoss: 0.429779 | CriticLoss: 0.001590 | Q: -0.5353 | TargetQ: -0.5349 | TDAbs: 0.0432 | ActorGrad: 0.0144 | CriticGrad: 0.1327 | Noise: 0.3309 | Replay: 7680 | FPS: 25.23 | ETA: 94.0 min
2026-09-21 00:29:47,257 | INFO | Steps: 8192/150000 | Episodes: 16 | LastEpReward: 14.338 | RecentReward: -10.878 | ActorLoss: 0.304275 | CriticLoss: 0.001926 | Q: -0.4040 | TargetQ: -0.4040 | TDAbs: 0.0467 | ActorGrad: 0.0119 | CriticGrad: 0.1620 | Noise: 0.3295 | Replay: 8192 | FPS: 25.33 | ETA: 93.3 min
2026-09-21 00:30:06,634 | INFO | Steps: 8704/150000 | Episodes: 17 | LastEpReward: 20.747 | RecentReward: 2.662 | ActorLoss: 0.198869 | CriticLoss: 0.002137 | Q: -0.2930 | TargetQ: -0.2925 | TDAbs: 0.0500 | ActorGrad: 0.0121 | CriticGrad: 0.1348 | Noise: 0.3280 | Replay: 8704 | FPS: 25.39 | ETA: 92.7 min
2026-09-21 00:30:24,556 | INFO | Steps: 9216/150000 | Episodes: 18 | LastEpReward: 11.726 | RecentReward: 8.381 | ActorLoss: 0.112932 | CriticLoss: 0.002605 | Q: -0.2019 | TargetQ: -0.2014 | TDAbs: 0.0555 | ActorGrad: 0.0117 | CriticGrad: 0.1595 | Noise: 0.3265 | Replay: 9216 | FPS: 25.55 | ETA: 91.8 min
2026-09-21 00:30:43,779 | INFO | Steps: 9728/150000 | Episodes: 19 | LastEpReward: 0.886 | RecentReward: 10.608 | ActorLoss: 0.035633 | CriticLoss: 0.002185 | Q: -0.1170 | TargetQ: -0.1168 | TDAbs: 0.0499 | ActorGrad: 0.0128 | CriticGrad: 0.1407 | Noise: 0.3251 | Replay: 9728 | FPS: 25.61 | ETA: 91.3 min
2026-09-21 00:31:02,711 | INFO | 开始周期评估: Steps=10240 | Episodes=20 | EvalEpisodes=5
2026-09-21 00:31:47,566 | INFO | 周期评估完成: Steps=10240 | MeanReward=10.801 | StdReward=3.365
2026-09-21 00:31:47,746 | INFO | Steps: 10240/150000 | Episodes: 20 | LastEpReward: 9.156 | RecentReward: 10.105 | ActorLoss: -0.070946 | CriticLoss: 0.002695 | Q: -0.0045 | TargetQ: -0.0040 | TDAbs: 0.0543 | ActorGrad: 0.0128 | CriticGrad: 0.1494 | Noise: 0.3236 | Replay: 10240 | FPS: 23.07 | ETA: 101.0 min
2026-09-21 00:32:07,387 | INFO | Steps: 10752/150000 | Episodes: 21 | LastEpReward: 9.064 | RecentReward: 9.686 | ActorLoss: -0.168245 | CriticLoss: 0.002538 | Q: 0.1022 | TargetQ: 0.1025 | TDAbs: 0.0534 | ActorGrad: 0.0118 | CriticGrad: 0.1409 | Noise: 0.3221 | Replay: 10752 | FPS: 23.20 | ETA: 100.1 min
2026-09-21 00:32:26,526 | INFO | Steps: 11264/150000 | Episodes: 22 | LastEpReward: 6.230 | RecentReward: 9.266 | ActorLoss: -0.176091 | CriticLoss: 0.002739 | Q: 0.1119 | TargetQ: 0.1122 | TDAbs: 0.0563 | ActorGrad: 0.0128 | CriticGrad: 0.1425 | Noise: 0.3207 | Replay: 11264 | FPS: 23.34 | ETA: 99.1 min
2026-09-21 00:32:44,475 | INFO | Steps: 11776/150000 | Episodes: 23 | LastEpReward: 2.327 | RecentReward: 8.571 | ActorLoss: -0.232610 | CriticLoss: 0.003078 | Q: 0.1707 | TargetQ: 0.1709 | TDAbs: 0.0590 | ActorGrad: 0.0112 | CriticGrad: 0.1673 | Noise: 0.3192 | Replay: 11776 | FPS: 23.52 | ETA: 97.9 min
2026-09-21 00:33:00,525 | INFO | Steps: 12288/150000 | Episodes: 24 | LastEpReward: 2.360 | RecentReward: 8.671 | ActorLoss: -0.259017 | CriticLoss: 0.003806 | Q: 0.2015 | TargetQ: 0.2016 | TDAbs: 0.0652 | ActorGrad: 0.0111 | CriticGrad: 0.2067 | Noise: 0.3177 | Replay: 12288 | FPS: 23.78 | ETA: 96.5 min
2026-09-21 00:33:16,983 | INFO | Steps: 12800/150000 | Episodes: 25 | LastEpReward: 4.605 | RecentReward: 8.144 | ActorLoss: -0.331910 | CriticLoss: 0.003375 | Q: 0.2745 | TargetQ: 0.2743 | TDAbs: 0.0620 | ActorGrad: 0.0104 | CriticGrad: 0.1658 | Noise: 0.3163 | Replay: 12800 | FPS: 24.01 | ETA: 95.2 min
2026-09-21 00:33:32,963 | INFO | Steps: 13312/150000 | Episodes: 26 | LastEpReward: -0.252 | RecentReward: 6.685 | ActorLoss: -0.359865 | CriticLoss: 0.003794 | Q: 0.3052 | TargetQ: 0.3051 | TDAbs: 0.0660 | ActorGrad: 0.0110 | CriticGrad: 0.1969 | Noise: 0.3148 | Replay: 13312 | FPS: 24.24 | ETA: 94.0 min
2026-09-21 00:33:48,848 | INFO | Steps: 13824/150000 | Episodes: 27 | LastEpReward: 12.889 | RecentReward: 5.899 | ActorLoss: -0.386113 | CriticLoss: 0.003803 | Q: 0.3341 | TargetQ: 0.3336 | TDAbs: 0.0665 | ActorGrad: 0.0103 | CriticGrad: 0.2180 | Noise: 0.3134 | Replay: 13824 | FPS: 24.47 | ETA: 92.8 min
2026-09-21 00:34:04,970 | INFO | Steps: 14336/150000 | Episodes: 28 | LastEpReward: 13.451 | RecentReward: 6.072 | ActorLoss: -0.415426 | CriticLoss: 0.003812 | Q: 0.3657 | TargetQ: 0.3659 | TDAbs: 0.0660 | ActorGrad: 0.0098 | CriticGrad: 0.1870 | Noise: 0.3119 | Replay: 14336 | FPS: 24.67 | ETA: 91.7 min
2026-09-21 00:34:21,584 | INFO | Steps: 14848/150000 | Episodes: 29 | LastEpReward: 7.273 | RecentReward: 6.710 | ActorLoss: -0.485456 | CriticLoss: 0.004557 | Q: 0.4379 | TargetQ: 0.4384 | TDAbs: 0.0725 | ActorGrad: 0.0105 | CriticGrad: 0.2219 | Noise: 0.3104 | Replay: 14848 | FPS: 24.84 | ETA: 90.7 min
2026-09-21 00:34:37,762 | INFO | 开始周期评估: Steps=15360 | Episodes=30 | EvalEpisodes=5
2026-09-21 00:35:09,805 | INFO | 周期评估完成: Steps=15360 | MeanReward=9.873 | StdReward=4.503
2026-09-21 00:35:09,816 | INFO | Steps: 15360/150000 | Episodes: 30 | LastEpReward: 5.658 | RecentReward: 6.360 | ActorLoss: -0.531824 | CriticLoss: 0.004138 | Q: 0.4855 | TargetQ: 0.4852 | TDAbs: 0.0694 | ActorGrad: 0.0094 | CriticGrad: 0.2078 | Noise: 0.3090 | Replay: 15360 | FPS: 23.78 | ETA: 94.4 min
2026-09-21 00:35:26,737 | INFO | Steps: 15872/150000 | Episodes: 31 | LastEpReward: 12.192 | RecentReward: 6.673 | ActorLoss: -0.589784 | CriticLoss: 0.004865 | Q: 0.5433 | TargetQ: 0.5437 | TDAbs: 0.0743 | ActorGrad: 0.0106 | CriticGrad: 0.2271 | Noise: 0.3075 | Replay: 15872 | FPS: 23.94 | ETA: 93.4 min
2026-09-21 00:35:43,588 | INFO | Steps: 16384/150000 | Episodes: 32 | LastEpReward: 20.649 | RecentReward: 8.115 | ActorLoss: -0.618751 | CriticLoss: 0.004592 | Q: 0.5739 | TargetQ: 0.5741 | TDAbs: 0.0728 | ActorGrad: 0.0108 | CriticGrad: 0.2189 | Noise: 0.3060 | Replay: 16384 | FPS: 24.10 | ETA: 92.4 min
2026-09-21 00:35:59,817 | INFO | Steps: 16896/150000 | Episodes: 33 | LastEpReward: 8.076 | RecentReward: 8.690 | ActorLoss: -0.673950 | CriticLoss: 0.005328 | Q: 0.6291 | TargetQ: 0.6294 | TDAbs: 0.0769 | ActorGrad: 0.0110 | CriticGrad: 0.2532 | Noise: 0.3046 | Replay: 16896 | FPS: 24.28 | ETA: 91.4 min
2026-09-21 00:36:16,406 | INFO | Steps: 17408/150000 | Episodes: 34 | LastEpReward: 8.877 | RecentReward: 9.342 | ActorLoss: -0.690571 | CriticLoss: 0.004827 | Q: 0.6472 | TargetQ: 0.6476 | TDAbs: 0.0746 | ActorGrad: 0.0121 | CriticGrad: 0.2382 | Noise: 0.3031 | Replay: 17408 | FPS: 24.43 | ETA: 90.5 min
2026-09-21 00:36:32,759 | INFO | Steps: 17920/150000 | Episodes: 35 | LastEpReward: 14.817 | RecentReward: 10.363 | ActorLoss: -0.710294 | CriticLoss: 0.005294 | Q: 0.6674 | TargetQ: 0.6674 | TDAbs: 0.0774 | ActorGrad: 0.0131 | CriticGrad: 0.2298 | Noise: 0.3017 | Replay: 17920 | FPS: 24.59 | ETA: 89.5 min
2026-09-21 00:36:49,475 | INFO | Steps: 18432/150000 | Episodes: 36 | LastEpReward: 10.044 | RecentReward: 11.392 | ActorLoss: -0.765648 | CriticLoss: 0.005647 | Q: 0.7243 | TargetQ: 0.7241 | TDAbs: 0.0801 | ActorGrad: 0.0137 | CriticGrad: 0.2531 | Noise: 0.3002 | Replay: 18432 | FPS: 24.72 | ETA: 88.7 min
2026-09-21 00:37:06,027 | INFO | Steps: 18944/150000 | Episodes: 37 | LastEpReward: 13.546 | RecentReward: 11.458 | ActorLoss: -0.782315 | CriticLoss: 0.005513 | Q: 0.7427 | TargetQ: 0.7432 | TDAbs: 0.0785 | ActorGrad: 0.0176 | CriticGrad: 0.2352 | Noise: 0.2987 | Replay: 18944 | FPS: 24.86 | ETA: 87.9 min
2026-09-21 00:37:22,752 | INFO | Steps: 19456/150000 | Episodes: 38 | LastEpReward: 2.729 | RecentReward: 10.386 | ActorLoss: -0.809049 | CriticLoss: 0.006063 | Q: 0.7686 | TargetQ: 0.7691 | TDAbs: 0.0839 | ActorGrad: 0.0175 | CriticGrad: 0.2966 | Noise: 0.2973 | Replay: 19456 | FPS: 24.98 | ETA: 87.1 min
2026-09-21 00:37:39,236 | INFO | Steps: 19968/150000 | Episodes: 39 | LastEpReward: 7.534 | RecentReward: 10.412 | ActorLoss: -0.857952 | CriticLoss: 0.006694 | Q: 0.8203 | TargetQ: 0.8201 | TDAbs: 0.0873 | ActorGrad: 0.0163 | CriticGrad: 0.2929 | Noise: 0.2958 | Replay: 19968 | FPS: 25.11 | ETA: 86.3 min
2026-09-21 00:37:55,926 | INFO | 开始周期评估: Steps=20480 | Episodes=40 | EvalEpisodes=5
2026-09-21 00:38:25,374 | INFO | 周期评估完成: Steps=20480 | MeanReward=10.696 | StdReward=4.086
2026-09-21 00:38:25,384 | INFO | Steps: 20480/150000 | Episodes: 40 | LastEpReward: 5.748 | RecentReward: 10.421 | ActorLoss: -0.836190 | CriticLoss: 0.006515 | Q: 0.7981 | TargetQ: 0.7987 | TDAbs: 0.0862 | ActorGrad: 0.0202 | CriticGrad: 0.2837 | Noise: 0.2943 | Replay: 20480 | FPS: 24.34 | ETA: 88.7 min
2026-09-21 00:38:41,432 | INFO | Steps: 20992/150000 | Episodes: 41 | LastEpReward: 15.006 | RecentReward: 10.703 | ActorLoss: -0.870861 | CriticLoss: 0.007038 | Q: 0.8321 | TargetQ: 0.8329 | TDAbs: 0.0904 | ActorGrad: 0.0186 | CriticGrad: 0.3309 | Noise: 0.2929 | Replay: 20992 | FPS: 24.48 | ETA: 87.8 min
2026-09-21 00:38:57,971 | INFO | Steps: 21504/150000 | Episodes: 42 | LastEpReward: -2.408 | RecentReward: 8.397 | ActorLoss: -0.902487 | CriticLoss: 0.007105 | Q: 0.8652 | TargetQ: 0.8650 | TDAbs: 0.0896 | ActorGrad: 0.0205 | CriticGrad: 0.2991 | Noise: 0.2914 | Replay: 21504 | FPS: 24.60 | ETA: 87.1 min
2026-09-21 00:39:13,640 | INFO | Steps: 22016/150000 | Episodes: 43 | LastEpReward: 6.609 | RecentReward: 8.250 | ActorLoss: -0.935170 | CriticLoss: 0.007173 | Q: 0.8962 | TargetQ: 0.8969 | TDAbs: 0.0919 | ActorGrad: 0.0219 | CriticGrad: 0.3284 | Noise: 0.2900 | Replay: 22016 | FPS: 24.74 | ETA: 86.2 min
2026-09-21 00:39:29,884 | INFO | Steps: 22528/150000 | Episodes: 44 | LastEpReward: 5.477 | RecentReward: 7.910 | ActorLoss: -0.927424 | CriticLoss: 0.007212 | Q: 0.8937 | TargetQ: 0.8935 | TDAbs: 0.0910 | ActorGrad: 0.0221 | CriticGrad: 0.3119 | Noise: 0.2885 | Replay: 22528 | FPS: 24.86 | ETA: 85.4 min
2026-09-21 00:39:46,338 | INFO | Steps: 23040/150000 | Episodes: 45 | LastEpReward: 6.826 | RecentReward: 7.111 | ActorLoss: -0.961128 | CriticLoss: 0.007488 | Q: 0.9251 | TargetQ: 0.9250 | TDAbs: 0.0933 | ActorGrad: 0.0229 | CriticGrad: 0.3344 | Noise: 0.2870 | Replay: 23040 | FPS: 24.98 | ETA: 84.7 min
2026-09-21 00:40:02,966 | INFO | Steps: 23552/150000 | Episodes: 46 | LastEpReward: 13.507 | RecentReward: 7.457 | ActorLoss: -1.010124 | CriticLoss: 0.007735 | Q: 0.9769 | TargetQ: 0.9775 | TDAbs: 0.0930 | ActorGrad: 0.0237 | CriticGrad: 0.2915 | Noise: 0.2856 | Replay: 23552 | FPS: 25.08 | ETA: 84.0 min
2026-09-21 00:40:19,802 | INFO | Steps: 24064/150000 | Episodes: 47 | LastEpReward: 18.054 | RecentReward: 7.908 | ActorLoss: -1.040586 | CriticLoss: 0.007942 | Q: 1.0080 | TargetQ: 1.0082 | TDAbs: 0.0954 | ActorGrad: 0.0248 | CriticGrad: 0.3073 | Noise: 0.2841 | Replay: 24064 | FPS: 25.17 | ETA: 83.4 min
2026-09-21 00:40:36,088 | INFO | Steps: 24576/150000 | Episodes: 48 | LastEpReward: 6.402 | RecentReward: 8.276 | ActorLoss: -0.986484 | CriticLoss: 0.008056 | Q: 0.9556 | TargetQ: 0.9557 | TDAbs: 0.0964 | ActorGrad: 0.0221 | CriticGrad: 0.3069 | Noise: 0.2826 | Replay: 24576 | FPS: 25.28 | ETA: 82.7 min
2026-09-21 00:40:52,473 | INFO | Steps: 25088/150000 | Episodes: 49 | LastEpReward: 9.378 | RecentReward: 8.460 | ActorLoss: -1.046685 | CriticLoss: 0.008519 | Q: 1.0132 | TargetQ: 1.0129 | TDAbs: 0.0993 | ActorGrad: 0.0222 | CriticGrad: 0.3353 | Noise: 0.2812 | Replay: 25088 | FPS: 25.38 | ETA: 82.0 min
2026-09-21 00:41:08,638 | INFO | 开始周期评估: Steps=25600 | Episodes=50 | EvalEpisodes=5
2026-09-21 00:41:38,217 | INFO | 周期评估完成: Steps=25600 | MeanReward=11.932 | StdReward=2.914
2026-09-21 00:41:38,285 | INFO | Steps: 25600/150000 | Episodes: 50 | LastEpReward: 20.063 | RecentReward: 9.891 | ActorLoss: -1.075349 | CriticLoss: 0.007937 | Q: 1.0454 | TargetQ: 1.0451 | TDAbs: 0.0964 | ActorGrad: 0.0282 | CriticGrad: 0.3093 | Noise: 0.2797 | Replay: 25600 | FPS: 24.75 | ETA: 83.8 min
2026-09-21 00:41:54,196 | INFO | Steps: 26112/150000 | Episodes: 51 | LastEpReward: 6.693 | RecentReward: 9.060 | ActorLoss: -1.123141 | CriticLoss: 0.008455 | Q: 1.0914 | TargetQ: 1.0913 | TDAbs: 0.0989 | ActorGrad: 0.0271 | CriticGrad: 0.3164 | Noise: 0.2783 | Replay: 26112 | FPS: 24.86 | ETA: 83.1 min
2026-09-21 00:42:10,890 | INFO | Steps: 26624/150000 | Episodes: 52 | LastEpReward: 8.933 | RecentReward: 10.194 | ActorLoss: -1.121650 | CriticLoss: 0.008989 | Q: 1.0885 | TargetQ: 1.0881 | TDAbs: 0.0998 | ActorGrad: 0.0269 | CriticGrad: 0.3001 | Noise: 0.2768 | Replay: 26624 | FPS: 24.95 | ETA: 82.4 min
2026-09-21 00:42:27,381 | INFO | Steps: 27136/150000 | Episodes: 53 | LastEpReward: 13.277 | RecentReward: 10.861 | ActorLoss: -1.125584 | CriticLoss: 0.007984 | Q: 1.0917 | TargetQ: 1.0914 | TDAbs: 0.0969 | ActorGrad: 0.0301 | CriticGrad: 0.2911 | Noise: 0.2753 | Replay: 27136 | FPS: 25.04 | ETA: 81.8 min
2026-09-21 00:42:43,982 | INFO | Steps: 27648/150000 | Episodes: 54 | LastEpReward: -4.064 | RecentReward: 9.907 | ActorLoss: -1.145900 | CriticLoss: 0.009058 | Q: 1.1167 | TargetQ: 1.1166 | TDAbs: 0.1016 | ActorGrad: 0.0261 | CriticGrad: 0.3112 | Noise: 0.2739 | Replay: 27648 | FPS: 25.13 | ETA: 81.1 min
2026-09-21 00:42:59,760 | INFO | Steps: 28160/150000 | Episodes: 55 | LastEpReward: 4.969 | RecentReward: 9.721 | ActorLoss: -1.166767 | CriticLoss: 0.008435 | Q: 1.1369 | TargetQ: 1.1373 | TDAbs: 0.0988 | ActorGrad: 0.0248 | CriticGrad: 0.3149 | Noise: 0.2724 | Replay: 28160 | FPS: 25.24 | ETA: 80.5 min
2026-09-21 00:43:17,040 | INFO | Steps: 28672/150000 | Episodes: 56 | LastEpReward: 7.722 | RecentReward: 9.143 | ActorLoss: -1.188113 | CriticLoss: 0.009490 | Q: 1.1592 | TargetQ: 1.1600 | TDAbs: 0.1052 | ActorGrad: 0.0274 | CriticGrad: 0.3599 | Noise: 0.2709 | Replay: 28672 | FPS: 25.30 | ETA: 79.9 min
2026-09-21 00:43:33,209 | INFO | Steps: 29184/150000 | Episodes: 57 | LastEpReward: 7.236 | RecentReward: 8.061 | ActorLoss: -1.174838 | CriticLoss: 0.009975 | Q: 1.1426 | TargetQ: 1.1432 | TDAbs: 0.1065 | ActorGrad: 0.0247 | CriticGrad: 0.3439 | Noise: 0.2695 | Replay: 29184 | FPS: 25.39 | ETA: 79.3 min
2026-09-21 00:43:49,522 | INFO | Steps: 29696/150000 | Episodes: 58 | LastEpReward: 16.506 | RecentReward: 9.071 | ActorLoss: -1.179525 | CriticLoss: 0.009126 | Q: 1.1493 | TargetQ: 1.1504 | TDAbs: 0.1023 | ActorGrad: 0.0336 | CriticGrad: 0.3045 | Noise: 0.2680 | Replay: 29696 | FPS: 25.48 | ETA: 78.7 min
2026-09-21 00:44:06,094 | INFO | Steps: 30208/150000 | Episodes: 59 | LastEpReward: 8.373 | RecentReward: 8.971 | ActorLoss: -1.225617 | CriticLoss: 0.009684 | Q: 1.1913 | TargetQ: 1.1913 | TDAbs: 0.1057 | ActorGrad: 0.0250 | CriticGrad: 0.3279 | Noise: 0.2665 | Replay: 30208 | FPS: 25.55 | ETA: 78.1 min
2026-09-21 00:44:22,066 | INFO | 开始周期评估: Steps=30720 | Episodes=60 | EvalEpisodes=5
2026-09-21 00:44:56,644 | INFO | 周期评估完成: Steps=30720 | MeanReward=10.031 | StdReward=3.632
2026-09-21 00:44:56,654 | INFO | Steps: 30720/150000 | Episodes: 60 | LastEpReward: 8.505 | RecentReward: 7.815 | ActorLoss: -1.242849 | CriticLoss: 0.009051 | Q: 1.2128 | TargetQ: 1.2129 | TDAbs: 0.1028 | ActorGrad: 0.0276 | CriticGrad: 0.3129 | Noise: 0.2651 | Replay: 30720 | FPS: 24.92 | ETA: 79.8 min
2026-09-21 00:45:13,394 | INFO | Steps: 31232/150000 | Episodes: 61 | LastEpReward: 4.957 | RecentReward: 7.641 | ActorLoss: -1.253564 | CriticLoss: 0.009220 | Q: 1.2241 | TargetQ: 1.2248 | TDAbs: 0.1035 | ActorGrad: 0.0255 | CriticGrad: 0.3085 | Noise: 0.2636 | Replay: 31232 | FPS: 25.00 | ETA: 79.2 min
2026-09-21 00:45:30,204 | INFO | Steps: 31744/150000 | Episodes: 62 | LastEpReward: 6.334 | RecentReward: 7.381 | ActorLoss: -1.263421 | CriticLoss: 0.009857 | Q: 1.2376 | TargetQ: 1.2382 | TDAbs: 0.1075 | ActorGrad: 0.0253 | CriticGrad: 0.3242 | Noise: 0.2622 | Replay: 31744 | FPS: 25.07 | ETA: 78.6 min
2026-09-21 00:45:46,140 | INFO | Steps: 32256/150000 | Episodes: 63 | LastEpReward: 6.005 | RecentReward: 6.654 | ActorLoss: -1.215749 | CriticLoss: 0.010564 | Q: 1.1907 | TargetQ: 1.1910 | TDAbs: 0.1101 | ActorGrad: 0.0286 | CriticGrad: 0.3397 | Noise: 0.2607 | Replay: 32256 | FPS: 25.16 | ETA: 78.0 min
2026-09-21 00:46:03,338 | INFO | Steps: 32768/150000 | Episodes: 64 | LastEpReward: 7.965 | RecentReward: 7.857 | ActorLoss: -1.238959 | CriticLoss: 0.010341 | Q: 1.2161 | TargetQ: 1.2168 | TDAbs: 0.1093 | ActorGrad: 0.0283 | CriticGrad: 0.3450 | Noise: 0.2592 | Replay: 32768 | FPS: 25.22 | ETA: 77.5 min
2026-09-21 00:46:19,702 | INFO | Steps: 33280/150000 | Episodes: 65 | LastEpReward: 11.446 | RecentReward: 8.505 | ActorLoss: -1.241193 | CriticLoss: 0.010568 | Q: 1.2204 | TargetQ: 1.2204 | TDAbs: 0.1113 | ActorGrad: 0.0245 | CriticGrad: 0.3627 | Noise: 0.2578 | Replay: 33280 | FPS: 25.29 | ETA: 76.9 min
2026-09-21 00:46:36,951 | INFO | Steps: 33792/150000 | Episodes: 66 | LastEpReward: 6.127 | RecentReward: 8.345 | ActorLoss: -1.221670 | CriticLoss: 0.010292 | Q: 1.1973 | TargetQ: 1.1979 | TDAbs: 0.1094 | ActorGrad: 0.0253 | CriticGrad: 0.3212 | Noise: 0.2563 | Replay: 33792 | FPS: 25.35 | ETA: 76.4 min
2026-09-21 00:46:53,361 | INFO | Steps: 34304/150000 | Episodes: 67 | LastEpReward: 14.361 | RecentReward: 9.058 | ActorLoss: -1.266577 | CriticLoss: 0.010832 | Q: 1.2444 | TargetQ: 1.2450 | TDAbs: 0.1112 | ActorGrad: 0.0267 | CriticGrad: 0.3543 | Noise: 0.2548 | Replay: 34304 | FPS: 25.42 | ETA: 75.9 min
2026-09-21 00:47:09,837 | INFO | Steps: 34816/150000 | Episodes: 68 | LastEpReward: 14.561 | RecentReward: 8.863 | ActorLoss: -1.265435 | CriticLoss: 0.010950 | Q: 1.2378 | TargetQ: 1.2382 | TDAbs: 0.1120 | ActorGrad: 0.0278 | CriticGrad: 0.3345 | Noise: 0.2534 | Replay: 34816 | FPS: 25.49 | ETA: 75.3 min
2026-09-21 00:47:26,038 | INFO | Steps: 35328/150000 | Episodes: 69 | LastEpReward: 5.643 | RecentReward: 8.590 | ActorLoss: -1.309545 | CriticLoss: 0.010946 | Q: 1.2852 | TargetQ: 1.2848 | TDAbs: 0.1127 | ActorGrad: 0.0248 | CriticGrad: 0.3549 | Noise: 0.2519 | Replay: 35328 | FPS: 25.56 | ETA: 74.8 min
2026-09-21 00:47:42,112 | INFO | 开始周期评估: Steps=35840 | Episodes=70 | EvalEpisodes=5
2026-09-21 00:48:12,205 | INFO | 周期评估完成: Steps=35840 | MeanReward=11.400 | StdReward=3.796
2026-09-21 00:48:12,216 | INFO | Steps: 35840/150000 | Episodes: 70 | LastEpReward: 13.351 | RecentReward: 9.075 | ActorLoss: -1.294824 | CriticLoss: 0.011347 | Q: 1.2702 | TargetQ: 1.2709 | TDAbs: 0.1143 | ActorGrad: 0.0291 | CriticGrad: 0.3818 | Noise: 0.2505 | Replay: 35840 | FPS: 25.09 | ETA: 75.8 min
2026-09-21 00:48:28,707 | INFO | Steps: 36352/150000 | Episodes: 71 | LastEpReward: 16.493 | RecentReward: 10.228 | ActorLoss: -1.280695 | CriticLoss: 0.011433 | Q: 1.2572 | TargetQ: 1.2576 | TDAbs: 0.1152 | ActorGrad: 0.0298 | CriticGrad: 0.3554 | Noise: 0.2490 | Replay: 36352 | FPS: 25.16 | ETA: 75.3 min
2026-09-21 00:48:45,442 | INFO | Steps: 36864/150000 | Episodes: 72 | LastEpReward: 6.559 | RecentReward: 10.251 | ActorLoss: -1.323262 | CriticLoss: 0.011804 | Q: 1.2985 | TargetQ: 1.2994 | TDAbs: 0.1170 | ActorGrad: 0.0273 | CriticGrad: 0.3749 | Noise: 0.2475 | Replay: 36864 | FPS: 25.22 | ETA: 74.8 min
2026-09-21 00:49:02,034 | INFO | Steps: 37376/150000 | Episodes: 73 | LastEpReward: 15.034 | RecentReward: 11.154 | ActorLoss: -1.289412 | CriticLoss: 0.011366 | Q: 1.2642 | TargetQ: 1.2640 | TDAbs: 0.1142 | ActorGrad: 0.0265 | CriticGrad: 0.3742 | Noise: 0.2461 | Replay: 37376 | FPS: 25.29 | ETA: 74.2 min
2026-09-21 00:49:18,744 | INFO | Steps: 37888/150000 | Episodes: 74 | LastEpReward: 8.705 | RecentReward: 11.228 | ActorLoss: -1.316039 | CriticLoss: 0.011961 | Q: 1.2933 | TargetQ: 1.2933 | TDAbs: 0.1177 | ActorGrad: 0.0259 | CriticGrad: 0.3707 | Noise: 0.2446 | Replay: 37888 | FPS: 25.35 | ETA: 73.7 min
2026-09-21 00:49:35,192 | INFO | Steps: 38400/150000 | Episodes: 75 | LastEpReward: 14.367 | RecentReward: 11.520 | ActorLoss: -1.342925 | CriticLoss: 0.012025 | Q: 1.3241 | TargetQ: 1.3230 | TDAbs: 0.1156 | ActorGrad: 0.0256 | CriticGrad: 0.3487 | Noise: 0.2431 | Replay: 38400 | FPS: 25.41 | ETA: 73.2 min
2026-09-21 00:49:52,009 | INFO | Steps: 38912/150000 | Episodes: 76 | LastEpReward: 2.717 | RecentReward: 11.179 | ActorLoss: -1.290252 | CriticLoss: 0.011322 | Q: 1.2691 | TargetQ: 1.2694 | TDAbs: 0.1141 | ActorGrad: 0.0275 | CriticGrad: 0.3501 | Noise: 0.2417 | Replay: 38912 | FPS: 25.46 | ETA: 72.7 min
2026-09-21 00:50:08,255 | INFO | Steps: 39424/150000 | Episodes: 77 | LastEpReward: 11.034 | RecentReward: 10.846 | ActorLoss: -1.312521 | CriticLoss: 0.011410 | Q: 1.2916 | TargetQ: 1.2923 | TDAbs: 0.1148 | ActorGrad: 0.0277 | CriticGrad: 0.3590 | Noise: 0.2402 | Replay: 39424 | FPS: 25.53 | ETA: 72.2 min
2026-09-21 00:50:25,171 | INFO | Steps: 39936/150000 | Episodes: 78 | LastEpReward: 1.469 | RecentReward: 9.537 | ActorLoss: -1.314182 | CriticLoss: 0.011833 | Q: 1.2942 | TargetQ: 1.2956 | TDAbs: 0.1156 | ActorGrad: 0.0256 | CriticGrad: 0.3829 | Noise: 0.2388 | Replay: 39936 | FPS: 25.58 | ETA: 71.7 min
2026-09-21 00:50:41,926 | INFO | Steps: 40448/150000 | Episodes: 79 | LastEpReward: 11.627 | RecentReward: 10.136 | ActorLoss: -1.302359 | CriticLoss: 0.012313 | Q: 1.2834 | TargetQ: 1.2834 | TDAbs: 0.1174 | ActorGrad: 0.0304 | CriticGrad: 0.3962 | Noise: 0.2373 | Replay: 40448 | FPS: 25.63 | ETA: 71.2 min
2026-09-21 00:50:58,629 | INFO | 开始周期评估: Steps=40960 | Episodes=80 | EvalEpisodes=5
2026-09-21 00:51:33,148 | INFO | 周期评估完成: Steps=40960 | MeanReward=13.458 | StdReward=2.419
2026-09-21 00:51:33,268 | INFO | Steps: 40960/150000 | Episodes: 80 | LastEpReward: 9.889 | RecentReward: 9.789 | ActorLoss: -1.350648 | CriticLoss: 0.012044 | Q: 1.3296 | TargetQ: 1.3297 | TDAbs: 0.1179 | ActorGrad: 0.0242 | CriticGrad: 0.3878 | Noise: 0.2358 | Replay: 40960 | FPS: 25.14 | ETA: 72.3 min
2026-09-21 00:51:49,665 | INFO | Steps: 41472/150000 | Episodes: 81 | LastEpReward: 14.036 | RecentReward: 9.544 | ActorLoss: -1.319462 | CriticLoss: 0.011641 | Q: 1.2968 | TargetQ: 1.2977 | TDAbs: 0.1151 | ActorGrad: 0.0241 | CriticGrad: 0.3610 | Noise: 0.2344 | Replay: 41472 | FPS: 25.20 | ETA: 71.8 min
2026-09-21 00:52:06,784 | INFO | Steps: 41984/150000 | Episodes: 82 | LastEpReward: 12.814 | RecentReward: 10.169 | ActorLoss: -1.337462 | CriticLoss: 0.012611 | Q: 1.3158 | TargetQ: 1.3157 | TDAbs: 0.1198 | ActorGrad: 0.0260 | CriticGrad: 0.3851 | Noise: 0.2329 | Replay: 41984 | FPS: 25.25 | ETA: 71.3 min
2026-09-21 00:52:22,963 | INFO | Steps: 42496/150000 | Episodes: 83 | LastEpReward: 20.002 | RecentReward: 10.666 | ActorLoss: -1.341348 | CriticLoss: 0.011913 | Q: 1.3186 | TargetQ: 1.3189 | TDAbs: 0.1167 | ActorGrad: 0.0400 | CriticGrad: 0.3350 | Noise: 0.2314 | Replay: 42496 | FPS: 25.31 | ETA: 70.8 min
2026-09-21 00:52:39,411 | INFO | Steps: 43008/150000 | Episodes: 84 | LastEpReward: 9.292 | RecentReward: 10.725 | ActorLoss: -1.356245 | CriticLoss: 0.012709 | Q: 1.3337 | TargetQ: 1.3337 | TDAbs: 0.1212 | ActorGrad: 0.0339 | CriticGrad: 0.3629 | Noise: 0.2300 | Replay: 43008 | FPS: 25.37 | ETA: 70.3 min
2026-09-21 00:52:56,394 | INFO | Steps: 43520/150000 | Episodes: 85 | LastEpReward: 4.905 | RecentReward: 9.778 | ActorLoss: -1.355844 | CriticLoss: 0.012536 | Q: 1.3326 | TargetQ: 1.3328 | TDAbs: 0.1195 | ActorGrad: 0.0401 | CriticGrad: 0.3696 | Noise: 0.2285 | Replay: 43520 | FPS: 25.41 | ETA: 69.8 min
2026-09-21 00:53:12,796 | INFO | Steps: 44032/150000 | Episodes: 86 | LastEpReward: 12.173 | RecentReward: 10.724 | ActorLoss: -1.389804 | CriticLoss: 0.012654 | Q: 1.3702 | TargetQ: 1.3694 | TDAbs: 0.1201 | ActorGrad: 0.0360 | CriticGrad: 0.3560 | Noise: 0.2271 | Replay: 44032 | FPS: 25.47 | ETA: 69.3 min
2026-09-21 00:53:30,061 | INFO | Steps: 44544/150000 | Episodes: 87 | LastEpReward: 14.642 | RecentReward: 11.085 | ActorLoss: -1.377481 | CriticLoss: 0.012992 | Q: 1.3528 | TargetQ: 1.3526 | TDAbs: 0.1200 | ActorGrad: 0.0299 | CriticGrad: 0.3541 | Noise: 0.2256 | Replay: 44544 | FPS: 25.51 | ETA: 68.9 min
2026-09-21 00:53:46,306 | INFO | Steps: 45056/150000 | Episodes: 88 | LastEpReward: 9.602 | RecentReward: 11.898 | ActorLoss: -1.434777 | CriticLoss: 0.012911 | Q: 1.4105 | TargetQ: 1.4110 | TDAbs: 0.1215 | ActorGrad: 0.0306 | CriticGrad: 0.3799 | Noise: 0.2241 | Replay: 45056 | FPS: 25.56 | ETA: 68.4 min
2026-09-21 00:54:03,618 | INFO | Steps: 45568/150000 | Episodes: 89 | LastEpReward: 9.945 | RecentReward: 11.730 | ActorLoss: -1.457579 | CriticLoss: 0.013037 | Q: 1.4336 | TargetQ: 1.4335 | TDAbs: 0.1214 | ActorGrad: 0.0319 | CriticGrad: 0.3502 | Noise: 0.2227 | Replay: 45568 | FPS: 25.60 | ETA: 68.0 min
2026-09-21 00:54:19,582 | INFO | 开始周期评估: Steps=46080 | Episodes=90 | EvalEpisodes=5
2026-09-21 00:54:55,325 | INFO | 周期评估完成: Steps=46080 | MeanReward=14.021 | StdReward=2.520
2026-09-21 00:54:55,507 | INFO | Steps: 46080/150000 | Episodes: 90 | LastEpReward: 13.245 | RecentReward: 12.066 | ActorLoss: -1.463543 | CriticLoss: 0.012718 | Q: 1.4400 | TargetQ: 1.4403 | TDAbs: 0.1207 | ActorGrad: 0.0324 | CriticGrad: 0.3729 | Noise: 0.2212 | Replay: 46080 | FPS: 25.16 | ETA: 68.8 min
2026-09-21 00:55:14,998 | INFO | Steps: 46592/150000 | Episodes: 91 | LastEpReward: 16.012 | RecentReward: 12.263 | ActorLoss: -1.473479 | CriticLoss: 0.013579 | Q: 1.4494 | TargetQ: 1.4496 | TDAbs: 0.1234 | ActorGrad: 0.0356 | CriticGrad: 0.3667 | Noise: 0.2197 | Replay: 46592 | FPS: 25.17 | ETA: 68.5 min
2026-09-21 00:55:34,084 | INFO | Steps: 47104/150000 | Episodes: 92 | LastEpReward: 13.246 | RecentReward: 12.306 | ActorLoss: -1.454483 | CriticLoss: 0.012734 | Q: 1.4307 | TargetQ: 1.4306 | TDAbs: 0.1218 | ActorGrad: 0.0358 | CriticGrad: 0.3628 | Noise: 0.2183 | Replay: 47104 | FPS: 25.19 | ETA: 68.1 min
2026-09-21 00:55:54,331 | INFO | Steps: 47616/150000 | Episodes: 93 | LastEpReward: 17.313 | RecentReward: 12.037 | ActorLoss: -1.489437 | CriticLoss: 0.012796 | Q: 1.4674 | TargetQ: 1.4667 | TDAbs: 0.1215 | ActorGrad: 0.0387 | CriticGrad: 0.3612 | Noise: 0.2168 | Replay: 47616 | FPS: 25.19 | ETA: 67.7 min
2026-09-21 00:56:13,717 | INFO | Steps: 48128/150000 | Episodes: 94 | LastEpReward: 17.059 | RecentReward: 12.814 | ActorLoss: -1.537874 | CriticLoss: 0.013369 | Q: 1.5128 | TargetQ: 1.5128 | TDAbs: 0.1233 | ActorGrad: 0.0353 | CriticGrad: 0.3819 | Noise: 0.2153 | Replay: 48128 | FPS: 25.20 | ETA: 67.4 min
2026-09-21 00:56:33,416 | INFO | Steps: 48640/150000 | Episodes: 95 | LastEpReward: 15.615 | RecentReward: 13.885 | ActorLoss: -1.548798 | CriticLoss: 0.013910 | Q: 1.5237 | TargetQ: 1.5236 | TDAbs: 0.1252 | ActorGrad: 0.0307 | CriticGrad: 0.3953 | Noise: 0.2139 | Replay: 48640 | FPS: 25.21 | ETA: 67.0 min
2026-09-21 00:56:54,602 | INFO | Steps: 49152/150000 | Episodes: 96 | LastEpReward: 3.994 | RecentReward: 13.067 | ActorLoss: -1.585697 | CriticLoss: 0.013860 | Q: 1.5612 | TargetQ: 1.5608 | TDAbs: 0.1265 | ActorGrad: 0.0317 | CriticGrad: 0.3979 | Noise: 0.2124 | Replay: 49152 | FPS: 25.20 | ETA: 66.7 min
2026-09-21 00:57:13,506 | INFO | Steps: 49664/150000 | Episodes: 97 | LastEpReward: 13.712 | RecentReward: 12.974 | ActorLoss: -1.546708 | CriticLoss: 0.014093 | Q: 1.5253 | TargetQ: 1.5262 | TDAbs: 0.1269 | ActorGrad: 0.0298 | CriticGrad: 0.4067 | Noise: 0.2110 | Replay: 49664 | FPS: 25.21 | ETA: 66.3 min
2026-09-21 00:57:32,620 | INFO | Steps: 50176/150000 | Episodes: 98 | LastEpReward: 4.101 | RecentReward: 12.424 | ActorLoss: -1.524907 | CriticLoss: 0.013668 | Q: 1.5032 | TargetQ: 1.5026 | TDAbs: 0.1243 | ActorGrad: 0.0264 | CriticGrad: 0.3776 | Noise: 0.2095 | Replay: 50000 | FPS: 25.23 | ETA: 65.9 min
2026-09-21 00:57:52,041 | INFO | Steps: 50688/150000 | Episodes: 99 | LastEpReward: 9.393 | RecentReward: 12.369 | ActorLoss: -1.597062 | CriticLoss: 0.013391 | Q: 1.5754 | TargetQ: 1.5756 | TDAbs: 0.1232 | ActorGrad: 0.0295 | CriticGrad: 0.3583 | Noise: 0.2080 | Replay: 50000 | FPS: 25.24 | ETA: 65.6 min
2026-09-21 00:58:10,740 | INFO | 开始周期评估: Steps=51200 | Episodes=100 | EvalEpisodes=5
2026-09-21 00:58:49,016 | INFO | 周期评估完成: Steps=51200 | MeanReward=14.896 | StdReward=2.722
2026-09-21 00:58:49,280 | INFO | Steps: 51200/150000 | Episodes: 100 | LastEpReward: 11.966 | RecentReward: 12.241 | ActorLoss: -1.601855 | CriticLoss: 0.013877 | Q: 1.5800 | TargetQ: 1.5796 | TDAbs: 0.1274 | ActorGrad: 0.0274 | CriticGrad: 0.4171 | Noise: 0.2066 | Replay: 50000 | FPS: 24.79 | ETA: 66.4 min
2026-09-21 00:59:08,319 | INFO | Steps: 51712/150000 | Episodes: 101 | LastEpReward: 10.259 | RecentReward: 11.666 | ActorLoss: -1.663314 | CriticLoss: 0.013872 | Q: 1.6416 | TargetQ: 1.6410 | TDAbs: 0.1262 | ActorGrad: 0.0337 | CriticGrad: 0.3770 | Noise: 0.2051 | Replay: 50000 | FPS: 24.81 | ETA: 66.0 min
2026-09-21 00:59:28,467 | INFO | Steps: 52224/150000 | Episodes: 102 | LastEpReward: 18.582 | RecentReward: 12.199 | ActorLoss: -1.695099 | CriticLoss: 0.014516 | Q: 1.6782 | TargetQ: 1.6778 | TDAbs: 0.1287 | ActorGrad: 0.0371 | CriticGrad: 0.4043 | Noise: 0.2036 | Replay: 50000 | FPS: 24.81 | ETA: 65.7 min
2026-09-21 00:59:47,414 | INFO | Steps: 52736/150000 | Episodes: 103 | LastEpReward: 14.070 | RecentReward: 11.875 | ActorLoss: -1.737781 | CriticLoss: 0.013689 | Q: 1.7220 | TargetQ: 1.7211 | TDAbs: 0.1246 | ActorGrad: 0.0292 | CriticGrad: 0.3716 | Noise: 0.2022 | Replay: 50000 | FPS: 24.83 | ETA: 65.3 min
2026-09-21 01:00:06,316 | INFO | Steps: 53248/150000 | Episodes: 104 | LastEpReward: 18.526 | RecentReward: 12.022 | ActorLoss: -1.821883 | CriticLoss: 0.013349 | Q: 1.8072 | TargetQ: 1.8076 | TDAbs: 0.1243 | ActorGrad: 0.0344 | CriticGrad: 0.3682 | Noise: 0.2007 | Replay: 50000 | FPS: 24.85 | ETA: 64.9 min
2026-09-21 01:00:25,545 | INFO | Steps: 53760/150000 | Episodes: 105 | LastEpReward: 10.408 | RecentReward: 11.501 | ActorLoss: -1.868176 | CriticLoss: 0.012813 | Q: 1.8555 | TargetQ: 1.8554 | TDAbs: 0.1226 | ActorGrad: 0.0309 | CriticGrad: 0.3897 | Noise: 0.1993 | Replay: 50000 | FPS: 24.87 | ETA: 64.5 min
2026-09-21 01:00:44,607 | INFO | Steps: 54272/150000 | Episodes: 106 | LastEpReward: 13.321 | RecentReward: 12.434 | ActorLoss: -1.891775 | CriticLoss: 0.014552 | Q: 1.8808 | TargetQ: 1.8813 | TDAbs: 0.1290 | ActorGrad: 0.0327 | CriticGrad: 0.4043 | Noise: 0.1978 | Replay: 50000 | FPS: 24.89 | ETA: 64.1 min
2026-09-21 01:01:03,700 | INFO | Steps: 54784/150000 | Episodes: 107 | LastEpReward: 20.090 | RecentReward: 13.072 | ActorLoss: -1.900816 | CriticLoss: 0.013615 | Q: 1.8895 | TargetQ: 1.8897 | TDAbs: 0.1243 | ActorGrad: 0.0291 | CriticGrad: 0.3860 | Noise: 0.1963 | Replay: 50000 | FPS: 24.90 | ETA: 63.7 min
2026-09-21 01:01:23,213 | INFO | Steps: 55296/150000 | Episodes: 108 | LastEpReward: 17.651 | RecentReward: 14.427 | ActorLoss: -1.879772 | CriticLoss: 0.013641 | Q: 1.8684 | TargetQ: 1.8684 | TDAbs: 0.1251 | ActorGrad: 0.0370 | CriticGrad: 0.3797 | Noise: 0.1949 | Replay: 50000 | FPS: 24.92 | ETA: 63.4 min
2026-09-21 01:01:40,515 | INFO | Steps: 55808/150000 | Episodes: 109 | LastEpReward: 15.286 | RecentReward: 15.016 | ActorLoss: -1.866658 | CriticLoss: 0.013512 | Q: 1.8532 | TargetQ: 1.8537 | TDAbs: 0.1249 | ActorGrad: 0.0349 | CriticGrad: 0.3665 | Noise: 0.1934 | Replay: 50000 | FPS: 24.95 | ETA: 62.9 min
2026-09-21 01:01:56,698 | INFO | 开始周期评估: Steps=56320 | Episodes=110 | EvalEpisodes=5
2026-09-21 01:02:26,932 | INFO | 周期评估完成: Steps=56320 | MeanReward=15.743 | StdReward=3.116
2026-09-21 01:02:27,009 | INFO | Steps: 56320/150000 | Episodes: 110 | LastEpReward: 14.138 | RecentReward: 15.233 | ActorLoss: -1.933606 | CriticLoss: 0.012886 | Q: 1.9198 | TargetQ: 1.9196 | TDAbs: 0.1218 | ActorGrad: 0.0362 | CriticGrad: 0.3676 | Noise: 0.1919 | Replay: 50000 | FPS: 24.67 | ETA: 63.3 min
2026-09-21 01:02:43,038 | INFO | Steps: 56832/150000 | Episodes: 111 | LastEpReward: 19.901 | RecentReward: 16.197 | ActorLoss: -1.932405 | CriticLoss: 0.012888 | Q: 1.9193 | TargetQ: 1.9195 | TDAbs: 0.1230 | ActorGrad: 0.0432 | CriticGrad: 0.3975 | Noise: 0.1905 | Replay: 50000 | FPS: 24.72 | ETA: 62.8 min
2026-09-21 01:02:59,766 | INFO | Steps: 57344/150000 | Episodes: 112 | LastEpReward: 14.104 | RecentReward: 15.750 | ActorLoss: -1.962855 | CriticLoss: 0.012936 | Q: 1.9502 | TargetQ: 1.9505 | TDAbs: 0.1218 | ActorGrad: 0.0314 | CriticGrad: 0.3704 | Noise: 0.1890 | Replay: 50000 | FPS: 24.76 | ETA: 62.4 min
2026-09-21 01:03:16,542 | INFO | Steps: 57856/150000 | Episodes: 113 | LastEpReward: 18.978 | RecentReward: 16.240 | ActorLoss: -1.993058 | CriticLoss: 0.013964 | Q: 1.9800 | TargetQ: 1.9806 | TDAbs: 0.1265 | ActorGrad: 0.0361 | CriticGrad: 0.3937 | Noise: 0.1876 | Replay: 50000 | FPS: 24.80 | ETA: 61.9 min
2026-09-21 01:03:33,064 | INFO | Steps: 58368/150000 | Episodes: 114 | LastEpReward: 17.531 | RecentReward: 16.141 | ActorLoss: -2.001109 | CriticLoss: 0.013903 | Q: 1.9863 | TargetQ: 1.9872 | TDAbs: 0.1265 | ActorGrad: 0.0300 | CriticGrad: 0.4028 | Noise: 0.1861 | Replay: 50000 | FPS: 24.85 | ETA: 61.5 min
2026-09-21 01:03:49,209 | INFO | Steps: 58880/150000 | Episodes: 115 | LastEpReward: 14.131 | RecentReward: 16.513 | ActorLoss: -2.009141 | CriticLoss: 0.013879 | Q: 1.9972 | TargetQ: 1.9983 | TDAbs: 0.1267 | ActorGrad: 0.0345 | CriticGrad: 0.3992 | Noise: 0.1846 | Replay: 50000 | FPS: 24.89 | ETA: 61.0 min
2026-09-21 01:04:05,473 | INFO | Steps: 59392/150000 | Episodes: 116 | LastEpReward: 14.919 | RecentReward: 16.673 | ActorLoss: -2.004685 | CriticLoss: 0.013366 | Q: 1.9931 | TargetQ: 1.9923 | TDAbs: 0.1240 | ActorGrad: 0.0375 | CriticGrad: 0.3922 | Noise: 0.1832 | Replay: 50000 | FPS: 24.94 | ETA: 60.6 min
2026-09-21 01:04:21,851 | INFO | Steps: 59904/150000 | Episodes: 117 | LastEpReward: 20.301 | RecentReward: 16.694 | ActorLoss: -2.042767 | CriticLoss: 0.014244 | Q: 2.0312 | TargetQ: 2.0310 | TDAbs: 0.1264 | ActorGrad: 0.0294 | CriticGrad: 0.3790 | Noise: 0.1817 | Replay: 50000 | FPS: 24.98 | ETA: 60.1 min
2026-09-21 01:04:38,555 | INFO | Steps: 60416/150000 | Episodes: 118 | LastEpReward: 18.476 | RecentReward: 16.776 | ActorLoss: -2.056829 | CriticLoss: 0.015153 | Q: 2.0442 | TargetQ: 2.0459 | TDAbs: 0.1303 | ActorGrad: 0.0358 | CriticGrad: 0.4445 | Noise: 0.1802 | Replay: 50000 | FPS: 25.02 | ETA: 59.7 min
2026-09-21 01:04:54,474 | INFO | Steps: 60928/150000 | Episodes: 119 | LastEpReward: 11.718 | RecentReward: 16.420 | ActorLoss: -2.103509 | CriticLoss: 0.014234 | Q: 2.0899 | TargetQ: 2.0903 | TDAbs: 0.1273 | ActorGrad: 0.0308 | CriticGrad: 0.4297 | Noise: 0.1788 | Replay: 50000 | FPS: 25.07 | ETA: 59.2 min
2026-09-21 01:05:10,708 | INFO | 开始周期评估: Steps=61440 | Episodes=120 | EvalEpisodes=5
2026-09-21 01:05:40,268 | INFO | 周期评估完成: Steps=61440 | MeanReward=16.668 | StdReward=3.268
2026-09-21 01:05:40,429 | INFO | Steps: 61440/150000 | Episodes: 120 | LastEpReward: 8.641 | RecentReward: 15.870 | ActorLoss: -2.118268 | CriticLoss: 0.013771 | Q: 2.1046 | TargetQ: 2.1058 | TDAbs: 0.1248 | ActorGrad: 0.0377 | CriticGrad: 0.3904 | Noise: 0.1773 | Replay: 50000 | FPS: 24.81 | ETA: 59.5 min
2026-09-21 01:05:56,879 | INFO | Steps: 61952/150000 | Episodes: 121 | LastEpReward: 15.112 | RecentReward: 15.391 | ActorLoss: -2.119261 | CriticLoss: 0.013512 | Q: 2.1058 | TargetQ: 2.1063 | TDAbs: 0.1241 | ActorGrad: 0.0370 | CriticGrad: 0.3857 | Noise: 0.1759 | Replay: 50000 | FPS: 24.85 | ETA: 59.1 min
2026-09-21 01:06:13,296 | INFO | Steps: 62464/150000 | Episodes: 122 | LastEpReward: 3.949 | RecentReward: 14.375 | ActorLoss: -2.286352 | CriticLoss: 0.016008 | Q: 2.1766 | TargetQ: 2.1779 | TDAbs: 0.1358 | ActorGrad: 0.0448 | CriticGrad: 0.4138 | Noise: 0.1744 | Replay: 50000 | FPS: 24.89 | ETA: 58.6 min
2026-09-21 01:06:29,344 | INFO | Steps: 62976/150000 | Episodes: 123 | LastEpReward: -10.634 | RecentReward: 11.414 | ActorLoss: -2.520039 | CriticLoss: 0.026102 | Q: 2.4478 | TargetQ: 2.4481 | TDAbs: 0.1716 | ActorGrad: 0.0102 | CriticGrad: 0.4876 | Noise: 0.1729 | Replay: 50000 | FPS: 24.94 | ETA: 58.2 min
2026-09-21 01:06:45,922 | INFO | Steps: 63488/150000 | Episodes: 124 | LastEpReward: -16.749 | RecentReward: 7.986 | ActorLoss: -2.564845 | CriticLoss: 0.023755 | Q: 2.5340 | TargetQ: 2.5335 | TDAbs: 0.1630 | ActorGrad: 0.0120 | CriticGrad: 0.4501 | Noise: 0.1715 | Replay: 50000 | FPS: 24.98 | ETA: 57.7 min
2026-09-21 01:07:02,046 | INFO | Steps: 64000/150000 | Episodes: 125 | LastEpReward: -16.343 | RecentReward: 4.939 | ActorLoss: -2.572195 | CriticLoss: 0.023209 | Q: 2.5493 | TargetQ: 2.5487 | TDAbs: 0.1561 | ActorGrad: 0.0166 | CriticGrad: 0.4385 | Noise: 0.1700 | Replay: 50000 | FPS: 25.02 | ETA: 57.3 min
2026-09-21 01:07:18,789 | INFO | Steps: 64512/150000 | Episodes: 126 | LastEpReward: -18.318 | RecentReward: 1.615 | ActorLoss: -2.501185 | CriticLoss: 0.020637 | Q: 2.5130 | TargetQ: 2.5123 | TDAbs: 0.1487 | ActorGrad: 0.0178 | CriticGrad: 0.3653 | Noise: 0.1685 | Replay: 50000 | FPS: 25.05 | ETA: 56.9 min
2026-09-21 01:07:35,270 | INFO | Steps: 65024/150000 | Episodes: 127 | LastEpReward: -18.087 | RecentReward: -2.224 | ActorLoss: -2.438058 | CriticLoss: 0.019303 | Q: 2.4295 | TargetQ: 2.4293 | TDAbs: 0.1437 | ActorGrad: 0.0582 | CriticGrad: 0.3854 | Noise: 0.1671 | Replay: 50000 | FPS: 25.09 | ETA: 56.4 min
2026-09-21 01:07:51,269 | INFO | Steps: 65536/150000 | Episodes: 128 | LastEpReward: 6.667 | RecentReward: -3.405 | ActorLoss: -2.475751 | CriticLoss: 0.014898 | Q: 2.4571 | TargetQ: 2.4564 | TDAbs: 0.1249 | ActorGrad: 0.0447 | CriticGrad: 0.3075 | Noise: 0.1656 | Replay: 50000 | FPS: 25.13 | ETA: 56.0 min
2026-09-21 01:08:07,451 | INFO | Steps: 66048/150000 | Episodes: 129 | LastEpReward: 11.837 | RecentReward: -3.393 | ActorLoss: -2.498072 | CriticLoss: 0.012584 | Q: 2.4813 | TargetQ: 2.4807 | TDAbs: 0.1166 | ActorGrad: 0.0416 | CriticGrad: 0.3084 | Noise: 0.1641 | Replay: 50000 | FPS: 25.17 | ETA: 55.6 min
2026-09-21 01:08:23,149 | INFO | 开始周期评估: Steps=66560 | Episodes=130 | EvalEpisodes=5
2026-09-21 01:08:52,848 | INFO | 周期评估完成: Steps=66560 | MeanReward=13.965 | StdReward=4.152
2026-09-21 01:08:52,858 | INFO | Steps: 66560/150000 | Episodes: 130 | LastEpReward: 19.841 | RecentReward: -2.273 | ActorLoss: -2.510476 | CriticLoss: 0.012185 | Q: 2.4931 | TargetQ: 2.4920 | TDAbs: 0.1142 | ActorGrad: 0.0369 | CriticGrad: 0.3290 | Noise: 0.1627 | Replay: 50000 | FPS: 24.94 | ETA: 55.8 min
2026-09-21 01:09:08,814 | INFO | Steps: 67072/150000 | Episodes: 131 | LastEpReward: 8.597 | RecentReward: -2.924 | ActorLoss: -2.545304 | CriticLoss: 0.012179 | Q: 2.5276 | TargetQ: 2.5269 | TDAbs: 0.1139 | ActorGrad: 0.0447 | CriticGrad: 0.2947 | Noise: 0.1612 | Replay: 50000 | FPS: 24.98 | ETA: 55.3 min
2026-09-21 01:09:25,330 | INFO | Steps: 67584/150000 | Episodes: 132 | LastEpReward: 13.496 | RecentReward: -1.969 | ActorLoss: -2.550763 | CriticLoss: 0.014011 | Q: 2.5343 | TargetQ: 2.5343 | TDAbs: 0.1192 | ActorGrad: 0.0444 | CriticGrad: 0.3344 | Noise: 0.1598 | Replay: 50000 | FPS: 25.02 | ETA: 54.9 min
2026-09-21 01:09:41,764 | INFO | Steps: 68096/150000 | Episodes: 133 | LastEpReward: 10.157 | RecentReward: 0.110 | ActorLoss: -2.539496 | CriticLoss: 0.012408 | Q: 2.5208 | TargetQ: 2.5204 | TDAbs: 0.1152 | ActorGrad: 0.0487 | CriticGrad: 0.3025 | Noise: 0.1583 | Replay: 50000 | FPS: 25.05 | ETA: 54.5 min
2026-09-21 01:09:58,070 | INFO | Steps: 68608/150000 | Episodes: 134 | LastEpReward: 1.086 | RecentReward: 1.893 | ActorLoss: -2.555188 | CriticLoss: 0.011741 | Q: 2.5375 | TargetQ: 2.5368 | TDAbs: 0.1124 | ActorGrad: 0.0466 | CriticGrad: 0.2748 | Noise: 0.1568 | Replay: 50000 | FPS: 25.09 | ETA: 54.1 min
2026-09-21 01:10:14,618 | INFO | Steps: 69120/150000 | Episodes: 135 | LastEpReward: 10.218 | RecentReward: 4.549 | ActorLoss: -2.575788 | CriticLoss: 0.011576 | Q: 2.5573 | TargetQ: 2.5578 | TDAbs: 0.1126 | ActorGrad: 0.0488 | CriticGrad: 0.3024 | Noise: 0.1554 | Replay: 50000 | FPS: 25.13 | ETA: 53.6 min
2026-09-21 01:10:31,369 | INFO | Steps: 69632/150000 | Episodes: 136 | LastEpReward: 15.230 | RecentReward: 7.904 | ActorLoss: -2.569886 | CriticLoss: 0.011493 | Q: 2.5522 | TargetQ: 2.5513 | TDAbs: 0.1115 | ActorGrad: 0.0477 | CriticGrad: 0.3024 | Noise: 0.1539 | Replay: 50000 | FPS: 25.16 | ETA: 53.2 min
2026-09-21 01:10:47,912 | INFO | Steps: 70144/150000 | Episodes: 137 | LastEpReward: 14.210 | RecentReward: 11.134 | ActorLoss: -2.589784 | CriticLoss: 0.012372 | Q: 2.5707 | TargetQ: 2.5701 | TDAbs: 0.1147 | ActorGrad: 0.0516 | CriticGrad: 0.3062 | Noise: 0.1524 | Replay: 50000 | FPS: 25.19 | ETA: 52.8 min
2026-09-21 01:11:04,525 | INFO | Steps: 70656/150000 | Episodes: 138 | LastEpReward: 15.191 | RecentReward: 11.986 | ActorLoss: -2.633391 | CriticLoss: 0.011204 | Q: 2.6145 | TargetQ: 2.6144 | TDAbs: 0.1133 | ActorGrad: 0.0500 | CriticGrad: 0.3161 | Noise: 0.1510 | Replay: 50000 | FPS: 25.23 | ETA: 52.4 min
2026-09-21 01:11:20,274 | INFO | Steps: 71168/150000 | Episodes: 139 | LastEpReward: 12.713 | RecentReward: 12.074 | ActorLoss: -2.637685 | CriticLoss: 0.012161 | Q: 2.6194 | TargetQ: 2.6190 | TDAbs: 0.1150 | ActorGrad: 0.0433 | CriticGrad: 0.3359 | Noise: 0.1495 | Replay: 50000 | FPS: 25.27 | ETA: 52.0 min
2026-09-21 01:11:36,502 | INFO | 开始周期评估: Steps=71680 | Episodes=140 | EvalEpisodes=5
2026-09-21 01:12:07,013 | INFO | 周期评估完成: Steps=71680 | MeanReward=13.818 | StdReward=4.067
2026-09-21 01:12:07,025 | INFO | Steps: 71680/150000 | Episodes: 140 | LastEpReward: 4.665 | RecentReward: 10.556 | ActorLoss: -2.659679 | CriticLoss: 0.011867 | Q: 2.6409 | TargetQ: 2.6406 | TDAbs: 0.1143 | ActorGrad: 0.0500 | CriticGrad: 0.2981 | Noise: 0.1481 | Replay: 50000 | FPS: 25.04 | ETA: 52.1 min
2026-09-21 01:12:23,449 | INFO | Steps: 72192/150000 | Episodes: 141 | LastEpReward: 11.784 | RecentReward: 10.875 | ActorLoss: -2.679824 | CriticLoss: 0.013399 | Q: 2.6606 | TargetQ: 2.6616 | TDAbs: 0.1201 | ActorGrad: 0.0536 | CriticGrad: 0.3432 | Noise: 0.1466 | Replay: 50000 | FPS: 25.07 | ETA: 51.7 min
2026-09-21 01:12:39,576 | INFO | Steps: 72704/150000 | Episodes: 142 | LastEpReward: 20.396 | RecentReward: 11.565 | ActorLoss: -2.691037 | CriticLoss: 0.012160 | Q: 2.6720 | TargetQ: 2.6723 | TDAbs: 0.1176 | ActorGrad: 0.0531 | CriticGrad: 0.3438 | Noise: 0.1451 | Replay: 50000 | FPS: 25.11 | ETA: 51.3 min
2026-09-21 01:12:57,074 | INFO | Steps: 73216/150000 | Episodes: 143 | LastEpReward: 23.030 | RecentReward: 12.852 | ActorLoss: -2.687394 | CriticLoss: 0.012036 | Q: 2.6696 | TargetQ: 2.6696 | TDAbs: 0.1159 | ActorGrad: 0.0515 | CriticGrad: 0.3346 | Noise: 0.1437 | Replay: 50000 | FPS: 25.13 | ETA: 50.9 min
2026-09-21 01:13:13,894 | INFO | Steps: 73728/150000 | Episodes: 144 | LastEpReward: 16.104 | RecentReward: 14.354 | ActorLoss: -2.691151 | CriticLoss: 0.011702 | Q: 2.6744 | TargetQ: 2.6741 | TDAbs: 0.1137 | ActorGrad: 0.0544 | CriticGrad: 0.3053 | Noise: 0.1422 | Replay: 50000 | FPS: 25.16 | ETA: 50.5 min
2026-09-21 01:13:31,044 | INFO | Steps: 74240/150000 | Episodes: 145 | LastEpReward: 17.917 | RecentReward: 15.124 | ActorLoss: -2.685556 | CriticLoss: 0.012484 | Q: 2.6685 | TargetQ: 2.6676 | TDAbs: 0.1166 | ActorGrad: 0.0534 | CriticGrad: 0.3216 | Noise: 0.1407 | Replay: 50000 | FPS: 25.19 | ETA: 50.1 min
2026-09-21 01:13:47,968 | INFO | Steps: 74752/150000 | Episodes: 146 | LastEpReward: 21.085 | RecentReward: 15.709 | ActorLoss: -2.719740 | CriticLoss: 0.012645 | Q: 2.7043 | TargetQ: 2.7042 | TDAbs: 0.1179 | ActorGrad: 0.0535 | CriticGrad: 0.3216 | Noise: 0.1393 | Replay: 50000 | FPS: 25.22 | ETA: 49.7 min
2026-09-21 01:14:04,537 | INFO | Steps: 75264/150000 | Episodes: 147 | LastEpReward: 17.717 | RecentReward: 16.060 | ActorLoss: -2.718184 | CriticLoss: 0.012077 | Q: 2.7030 | TargetQ: 2.7022 | TDAbs: 0.1150 | ActorGrad: 0.0540 | CriticGrad: 0.3147 | Noise: 0.1378 | Replay: 50000 | FPS: 25.25 | ETA: 49.3 min
2026-09-21 01:14:20,687 | INFO | Steps: 75776/150000 | Episodes: 148 | LastEpReward: 10.418 | RecentReward: 15.583 | ActorLoss: -2.691695 | CriticLoss: 0.011936 | Q: 2.6763 | TargetQ: 2.6764 | TDAbs: 0.1166 | ActorGrad: 0.0542 | CriticGrad: 0.3445 | Noise: 0.1364 | Replay: 50000 | FPS: 25.29 | ETA: 48.9 min
2026-09-21 01:14:37,654 | INFO | Steps: 76288/150000 | Episodes: 149 | LastEpReward: 19.994 | RecentReward: 16.311 | ActorLoss: -2.716479 | CriticLoss: 0.012423 | Q: 2.7022 | TargetQ: 2.7010 | TDAbs: 0.1169 | ActorGrad: 0.0550 | CriticGrad: 0.3259 | Noise: 0.1349 | Replay: 50000 | FPS: 25.31 | ETA: 48.5 min
2026-09-21 01:14:54,315 | INFO | 开始周期评估: Steps=76800 | Episodes=150 | EvalEpisodes=5
2026-09-21 01:15:32,378 | INFO | 周期评估完成: Steps=76800 | MeanReward=14.486 | StdReward=4.994
2026-09-21 01:15:32,388 | INFO | Steps: 76800/150000 | Episodes: 150 | LastEpReward: 16.276 | RecentReward: 17.472 | ActorLoss: -2.720389 | CriticLoss: 0.011808 | Q: 2.7053 | TargetQ: 2.7044 | TDAbs: 0.1151 | ActorGrad: 0.0533 | CriticGrad: 0.3148 | Noise: 0.1334 | Replay: 50000 | FPS: 25.03 | ETA: 48.7 min
2026-09-21 01:15:48,893 | INFO | Steps: 77312/150000 | Episodes: 151 | LastEpReward: 9.669 | RecentReward: 17.260 | ActorLoss: -2.713545 | CriticLoss: 0.012953 | Q: 2.6976 | TargetQ: 2.6986 | TDAbs: 0.1195 | ActorGrad: 0.0457 | CriticGrad: 0.3440 | Noise: 0.1320 | Replay: 50000 | FPS: 25.06 | ETA: 48.3 min
2026-09-21 01:16:06,124 | INFO | Steps: 77824/150000 | Episodes: 152 | LastEpReward: 17.632 | RecentReward: 16.984 | ActorLoss: -2.753209 | CriticLoss: 0.012482 | Q: 2.7387 | TargetQ: 2.7390 | TDAbs: 0.1188 | ActorGrad: 0.0487 | CriticGrad: 0.3848 | Noise: 0.1305 | Replay: 50000 | FPS: 25.09 | ETA: 48.0 min
2026-09-21 01:16:23,104 | INFO | Steps: 78336/150000 | Episodes: 153 | LastEpReward: 22.212 | RecentReward: 16.902 | ActorLoss: -2.733339 | CriticLoss: 0.012687 | Q: 2.7187 | TargetQ: 2.7189 | TDAbs: 0.1187 | ActorGrad: 0.0571 | CriticGrad: 0.3768 | Noise: 0.1290 | Replay: 50000 | FPS: 25.11 | ETA: 47.6 min
2026-09-21 01:16:39,480 | INFO | Steps: 78848/150000 | Episodes: 154 | LastEpReward: 15.339 | RecentReward: 16.826 | ActorLoss: -2.740022 | CriticLoss: 0.011830 | Q: 2.7252 | TargetQ: 2.7256 | TDAbs: 0.1171 | ActorGrad: 0.0552 | CriticGrad: 0.3248 | Noise: 0.1276 | Replay: 50000 | FPS: 25.15 | ETA: 47.2 min
2026-09-21 01:16:55,225 | INFO | Steps: 79360/150000 | Episodes: 155 | LastEpReward: 8.023 | RecentReward: 15.836 | ActorLoss: -2.759495 | CriticLoss: 0.011991 | Q: 2.7458 | TargetQ: 2.7455 | TDAbs: 0.1168 | ActorGrad: 0.0501 | CriticGrad: 0.3369 | Noise: 0.1261 | Replay: 50000 | FPS: 25.18 | ETA: 46.8 min
2026-09-21 01:17:11,242 | INFO | Steps: 79872/150000 | Episodes: 156 | LastEpReward: 15.799 | RecentReward: 15.308 | ActorLoss: -2.766034 | CriticLoss: 0.012259 | Q: 2.7526 | TargetQ: 2.7519 | TDAbs: 0.1183 | ActorGrad: 0.0500 | CriticGrad: 0.3582 | Noise: 0.1247 | Replay: 50000 | FPS: 25.22 | ETA: 46.3 min
2026-09-21 01:17:27,702 | INFO | Steps: 80384/150000 | Episodes: 157 | LastEpReward: 11.906 | RecentReward: 14.727 | ActorLoss: -2.762128 | CriticLoss: 0.012226 | Q: 2.7488 | TargetQ: 2.7485 | TDAbs: 0.1163 | ActorGrad: 0.0560 | CriticGrad: 0.3458 | Noise: 0.1232 | Replay: 50000 | FPS: 25.25 | ETA: 46.0 min
2026-09-21 01:17:43,998 | INFO | Steps: 80896/150000 | Episodes: 158 | LastEpReward: 16.610 | RecentReward: 15.346 | ActorLoss: -2.747484 | CriticLoss: 0.012484 | Q: 2.7343 | TargetQ: 2.7341 | TDAbs: 0.1185 | ActorGrad: 0.0467 | CriticGrad: 0.3967 | Noise: 0.1217 | Replay: 50000 | FPS: 25.28 | ETA: 45.6 min
2026-09-21 01:18:00,183 | INFO | Steps: 81408/150000 | Episodes: 159 | LastEpReward: 4.456 | RecentReward: 13.792 | ActorLoss: -2.767587 | CriticLoss: 0.011643 | Q: 2.7526 | TargetQ: 2.7524 | TDAbs: 0.1141 | ActorGrad: 0.0610 | CriticGrad: 0.3281 | Noise: 0.1203 | Replay: 50000 | FPS: 25.31 | ETA: 45.2 min
2026-09-21 01:18:16,900 | INFO | 开始周期评估: Steps=81920 | Episodes=160 | EvalEpisodes=5
2026-09-21 01:18:46,633 | INFO | 周期评估完成: Steps=81920 | MeanReward=17.066 | StdReward=4.783
2026-09-21 01:18:46,718 | INFO | Steps: 81920/150000 | Episodes: 160 | LastEpReward: 11.728 | RecentReward: 13.337 | ActorLoss: -2.796123 | CriticLoss: 0.012832 | Q: 2.7811 | TargetQ: 2.7815 | TDAbs: 0.1189 | ActorGrad: 0.0475 | CriticGrad: 0.3529 | Noise: 0.1188 | Replay: 50000 | FPS: 25.11 | ETA: 45.2 min
2026-09-21 01:19:02,583 | INFO | Steps: 82432/150000 | Episodes: 161 | LastEpReward: 13.819 | RecentReward: 13.752 | ActorLoss: -2.797344 | CriticLoss: 0.013110 | Q: 2.7842 | TargetQ: 2.7837 | TDAbs: 0.1209 | ActorGrad: 0.0494 | CriticGrad: 0.3787 | Noise: 0.1173 | Replay: 50000 | FPS: 25.14 | ETA: 44.8 min
2026-09-21 01:19:18,349 | INFO | Steps: 82944/150000 | Episodes: 162 | LastEpReward: 10.948 | RecentReward: 13.084 | ActorLoss: -2.799469 | CriticLoss: 0.011789 | Q: 2.7873 | TargetQ: 2.7871 | TDAbs: 0.1152 | ActorGrad: 0.0602 | CriticGrad: 0.3518 | Noise: 0.1159 | Replay: 50000 | FPS: 25.18 | ETA: 44.4 min
2026-09-21 01:19:34,789 | INFO | Steps: 83456/150000 | Episodes: 163 | LastEpReward: 12.275 | RecentReward: 12.090 | ActorLoss: -2.783311 | CriticLoss: 0.011252 | Q: 2.7706 | TargetQ: 2.7709 | TDAbs: 0.1131 | ActorGrad: 0.0436 | CriticGrad: 0.3053 | Noise: 0.1144 | Replay: 50000 | FPS: 25.21 | ETA: 44.0 min
2026-09-21 01:19:50,881 | INFO | Steps: 83968/150000 | Episodes: 164 | LastEpReward: 20.978 | RecentReward: 12.654 | ActorLoss: -2.789496 | CriticLoss: 0.011414 | Q: 2.7776 | TargetQ: 2.7780 | TDAbs: 0.1131 | ActorGrad: 0.0333 | CriticGrad: 0.3546 | Noise: 0.1129 | Replay: 50000 | FPS: 25.24 | ETA: 43.6 min
2026-09-21 01:20:06,901 | INFO | Steps: 84480/150000 | Episodes: 165 | LastEpReward: 18.439 | RecentReward: 13.696 | ActorLoss: -2.802803 | CriticLoss: 0.011487 | Q: 2.7901 | TargetQ: 2.7905 | TDAbs: 0.1141 | ActorGrad: 0.0390 | CriticGrad: 0.3521 | Noise: 0.1115 | Replay: 50000 | FPS: 25.27 | ETA: 43.2 min
2026-09-21 01:20:23,902 | INFO | Steps: 84992/150000 | Episodes: 166 | LastEpReward: 18.846 | RecentReward: 14.000 | ActorLoss: -2.783606 | CriticLoss: 0.011091 | Q: 2.7712 | TargetQ: 2.7714 | TDAbs: 0.1123 | ActorGrad: 0.0465 | CriticGrad: 0.3379 | Noise: 0.1100 | Replay: 50000 | FPS: 25.29 | ETA: 42.8 min
2026-09-21 01:20:40,549 | INFO | Steps: 85504/150000 | Episodes: 167 | LastEpReward: 19.058 | RecentReward: 14.716 | ActorLoss: -2.789019 | CriticLoss: 0.010656 | Q: 2.7778 | TargetQ: 2.7783 | TDAbs: 0.1108 | ActorGrad: 0.0435 | CriticGrad: 0.3144 | Noise: 0.1086 | Replay: 50000 | FPS: 25.32 | ETA: 42.5 min
2026-09-21 01:20:57,317 | INFO | Steps: 86016/150000 | Episodes: 168 | LastEpReward: 14.250 | RecentReward: 14.480 | ActorLoss: -2.770114 | CriticLoss: 0.011564 | Q: 2.7586 | TargetQ: 2.7584 | TDAbs: 0.1136 | ActorGrad: 0.0433 | CriticGrad: 0.3319 | Noise: 0.1071 | Replay: 50000 | FPS: 25.35 | ETA: 42.1 min
2026-09-21 01:21:14,182 | INFO | Steps: 86528/150000 | Episodes: 169 | LastEpReward: 9.264 | RecentReward: 14.961 | ActorLoss: -2.769317 | CriticLoss: 0.010607 | Q: 2.7570 | TargetQ: 2.7564 | TDAbs: 0.1089 | ActorGrad: 0.0418 | CriticGrad: 0.3124 | Noise: 0.1056 | Replay: 50000 | FPS: 25.37 | ETA: 41.7 min
2026-09-21 01:21:30,994 | INFO | 开始周期评估: Steps=87040 | Episodes=170 | EvalEpisodes=5
2026-09-21 01:22:01,116 | INFO | 周期评估完成: Steps=87040 | MeanReward=17.935 | StdReward=4.821
2026-09-21 01:22:01,239 | INFO | Steps: 87040/150000 | Episodes: 170 | LastEpReward: 22.099 | RecentReward: 15.998 | ActorLoss: -2.785154 | CriticLoss: 0.011004 | Q: 2.7723 | TargetQ: 2.7733 | TDAbs: 0.1118 | ActorGrad: 0.0393 | CriticGrad: 0.3445 | Noise: 0.1042 | Replay: 50000 | FPS: 25.18 | ETA: 41.7 min
2026-09-21 01:22:18,431 | INFO | Steps: 87552/150000 | Episodes: 171 | LastEpReward: 25.227 | RecentReward: 17.138 | ActorLoss: -2.800932 | CriticLoss: 0.011285 | Q: 2.7890 | TargetQ: 2.7902 | TDAbs: 0.1130 | ActorGrad: 0.0391 | CriticGrad: 0.3591 | Noise: 0.1027 | Replay: 50000 | FPS: 25.20 | ETA: 41.3 min
2026-09-21 01:22:35,241 | INFO | Steps: 88064/150000 | Episodes: 172 | LastEpReward: 22.404 | RecentReward: 18.284 | ActorLoss: -2.807964 | CriticLoss: 0.011064 | Q: 2.7965 | TargetQ: 2.7967 | TDAbs: 0.1116 | ActorGrad: 0.0419 | CriticGrad: 0.3903 | Noise: 0.1012 | Replay: 50000 | FPS: 25.22 | ETA: 40.9 min
2026-09-21 01:22:51,879 | INFO | Steps: 88576/150000 | Episodes: 173 | LastEpReward: 14.865 | RecentReward: 18.543 | ActorLoss: -2.824997 | CriticLoss: 0.010796 | Q: 2.8145 | TargetQ: 2.8139 | TDAbs: 0.1113 | ActorGrad: 0.0433 | CriticGrad: 0.3406 | Noise: 0.0998 | Replay: 50000 | FPS: 25.25 | ETA: 40.5 min
2026-09-21 01:23:08,478 | INFO | Steps: 89088/150000 | Episodes: 174 | LastEpReward: 23.739 | RecentReward: 18.819 | ActorLoss: -2.822533 | CriticLoss: 0.010352 | Q: 2.8110 | TargetQ: 2.8105 | TDAbs: 0.1086 | ActorGrad: 0.0411 | CriticGrad: 0.3144 | Noise: 0.0983 | Replay: 50000 | FPS: 25.28 | ETA: 40.2 min
2026-09-21 01:23:25,729 | INFO | Steps: 89600/150000 | Episodes: 175 | LastEpReward: 14.946 | RecentReward: 18.470 | ActorLoss: -2.825554 | CriticLoss: 0.010562 | Q: 2.8146 | TargetQ: 2.8150 | TDAbs: 0.1094 | ActorGrad: 0.0446 | CriticGrad: 0.3684 | Noise: 0.0969 | Replay: 50000 | FPS: 25.30 | ETA: 39.8 min
2026-09-21 01:23:42,582 | INFO | Steps: 90112/150000 | Episodes: 176 | LastEpReward: 21.899 | RecentReward: 18.775 | ActorLoss: -2.821391 | CriticLoss: 0.010731 | Q: 2.8114 | TargetQ: 2.8114 | TDAbs: 0.1102 | ActorGrad: 0.0379 | CriticGrad: 0.3554 | Noise: 0.0954 | Replay: 50000 | FPS: 25.32 | ETA: 39.4 min
2026-09-21 01:24:02,553 | INFO | Steps: 90624/150000 | Episodes: 177 | LastEpReward: 12.103 | RecentReward: 18.080 | ActorLoss: -2.832595 | CriticLoss: 0.010434 | Q: 2.8210 | TargetQ: 2.8212 | TDAbs: 0.1079 | ActorGrad: 0.0401 | CriticGrad: 0.3214 | Noise: 0.0939 | Replay: 50000 | FPS: 25.32 | ETA: 39.1 min
2026-09-21 01:24:22,813 | INFO | Steps: 91136/150000 | Episodes: 178 | LastEpReward: 14.153 | RecentReward: 18.070 | ActorLoss: -2.821251 | CriticLoss: 0.010994 | Q: 2.8118 | TargetQ: 2.8117 | TDAbs: 0.1107 | ActorGrad: 0.0486 | CriticGrad: 0.3347 | Noise: 0.0925 | Replay: 50000 | FPS: 25.32 | ETA: 38.7 min
2026-09-21 01:24:42,310 | INFO | Steps: 91648/150000 | Episodes: 179 | LastEpReward: 15.530 | RecentReward: 18.697 | ActorLoss: -2.835230 | CriticLoss: 0.010078 | Q: 2.8253 | TargetQ: 2.8256 | TDAbs: 0.1074 | ActorGrad: 0.0429 | CriticGrad: 0.3535 | Noise: 0.0910 | Replay: 50000 | FPS: 25.33 | ETA: 38.4 min
2026-09-21 01:25:02,581 | INFO | 开始周期评估: Steps=92160 | Episodes=180 | EvalEpisodes=5
2026-09-21 01:25:52,134 | INFO | 周期评估完成: Steps=92160 | MeanReward=17.867 | StdReward=4.798
2026-09-21 01:25:52,154 | INFO | Steps: 92160/150000 | Episodes: 180 | LastEpReward: 19.749 | RecentReward: 18.462 | ActorLoss: -2.831471 | CriticLoss: 0.009626 | Q: 2.8240 | TargetQ: 2.8234 | TDAbs: 0.1050 | ActorGrad: 0.0306 | CriticGrad: 0.2826 | Noise: 0.0895 | Replay: 50000 | FPS: 24.99 | ETA: 38.6 min
2026-09-21 01:26:11,367 | INFO | Steps: 92672/150000 | Episodes: 181 | LastEpReward: 8.412 | RecentReward: 16.780 | ActorLoss: -2.839116 | CriticLoss: 0.009887 | Q: 2.8297 | TargetQ: 2.8292 | TDAbs: 0.1059 | ActorGrad: 0.0328 | CriticGrad: 0.3228 | Noise: 0.0881 | Replay: 50000 | FPS: 25.00 | ETA: 38.2 min
2026-09-21 01:26:30,279 | INFO | Steps: 93184/150000 | Episodes: 182 | LastEpReward: 14.836 | RecentReward: 16.023 | ActorLoss: -2.837527 | CriticLoss: 0.010235 | Q: 2.8286 | TargetQ: 2.8280 | TDAbs: 0.1069 | ActorGrad: 0.0338 | CriticGrad: 0.3120 | Noise: 0.0866 | Replay: 50000 | FPS: 25.01 | ETA: 37.9 min
2026-09-21 01:26:49,736 | INFO | Steps: 93696/150000 | Episodes: 183 | LastEpReward: 14.326 | RecentReward: 15.969 | ActorLoss: -2.817231 | CriticLoss: 0.009918 | Q: 2.8091 | TargetQ: 2.8097 | TDAbs: 0.1077 | ActorGrad: 0.0337 | CriticGrad: 0.3395 | Noise: 0.0852 | Replay: 50000 | FPS: 25.01 | ETA: 37.5 min
2026-09-21 01:27:08,890 | INFO | Steps: 94208/150000 | Episodes: 184 | LastEpReward: 9.059 | RecentReward: 14.501 | ActorLoss: -2.801597 | CriticLoss: 0.009857 | Q: 2.7926 | TargetQ: 2.7929 | TDAbs: 0.1055 | ActorGrad: 0.0449 | CriticGrad: 0.3025 | Noise: 0.0837 | Replay: 50000 | FPS: 25.02 | ETA: 37.2 min
2026-09-21 01:27:26,906 | INFO | Steps: 94720/150000 | Episodes: 185 | LastEpReward: 18.594 | RecentReward: 14.866 | ActorLoss: -2.816204 | CriticLoss: 0.010163 | Q: 2.8076 | TargetQ: 2.8075 | TDAbs: 0.1074 | ActorGrad: 0.0584 | CriticGrad: 0.3134 | Noise: 0.0822 | Replay: 50000 | FPS: 25.04 | ETA: 36.8 min
2026-09-21 01:27:45,905 | INFO | Steps: 95232/150000 | Episodes: 186 | LastEpReward: 25.277 | RecentReward: 15.204 | ActorLoss: -2.818330 | CriticLoss: 0.009958 | Q: 2.8104 | TargetQ: 2.8108 | TDAbs: 0.1068 | ActorGrad: 0.0356 | CriticGrad: 0.3298 | Noise: 0.0808 | Replay: 50000 | FPS: 25.05 | ETA: 36.4 min
2026-09-21 01:28:04,409 | INFO | Steps: 95744/150000 | Episodes: 187 | LastEpReward: 7.151 | RecentReward: 14.709 | ActorLoss: -2.797491 | CriticLoss: 0.009803 | Q: 2.7900 | TargetQ: 2.7903 | TDAbs: 0.1060 | ActorGrad: 0.0355 | CriticGrad: 0.3302 | Noise: 0.0793 | Replay: 50000 | FPS: 25.06 | ETA: 36.1 min
2026-09-21 01:28:23,721 | INFO | Steps: 96256/150000 | Episodes: 188 | LastEpReward: 14.067 | RecentReward: 14.700 | ActorLoss: -2.806526 | CriticLoss: 0.010399 | Q: 2.7978 | TargetQ: 2.7971 | TDAbs: 0.1071 | ActorGrad: 0.0614 | CriticGrad: 0.3178 | Noise: 0.0778 | Replay: 50000 | FPS: 25.07 | ETA: 35.7 min
2026-09-21 01:28:43,580 | INFO | Steps: 96768/150000 | Episodes: 189 | LastEpReward: 19.454 | RecentReward: 15.092 | ActorLoss: -2.805262 | CriticLoss: 0.009884 | Q: 2.7974 | TargetQ: 2.7977 | TDAbs: 0.1065 | ActorGrad: 0.0602 | CriticGrad: 0.3138 | Noise: 0.0764 | Replay: 50000 | FPS: 25.07 | ETA: 35.4 min
2026-09-21 01:29:03,356 | INFO | 开始周期评估: Steps=97280 | Episodes=190 | EvalEpisodes=5
2026-09-21 01:29:45,223 | INFO | 周期评估完成: Steps=97280 | MeanReward=17.581 | StdReward=4.684
2026-09-21 01:29:45,234 | INFO | Steps: 97280/150000 | Episodes: 190 | LastEpReward: 16.806 | RecentReward: 14.798 | ActorLoss: -2.798011 | CriticLoss: 0.009848 | Q: 2.7909 | TargetQ: 2.7903 | TDAbs: 0.1065 | ActorGrad: 0.0581 | CriticGrad: 0.3145 | Noise: 0.0749 | Replay: 50000 | FPS: 24.81 | ETA: 35.4 min
2026-09-21 01:30:04,107 | INFO | Steps: 97792/150000 | Episodes: 191 | LastEpReward: 20.517 | RecentReward: 16.009 | ActorLoss: -2.781326 | CriticLoss: 0.010718 | Q: 2.7725 | TargetQ: 2.7725 | TDAbs: 0.1097 | ActorGrad: 0.0564 | CriticGrad: 0.3510 | Noise: 0.0735 | Replay: 50000 | FPS: 24.82 | ETA: 35.1 min
2026-09-21 01:30:24,048 | INFO | Steps: 98304/150000 | Episodes: 192 | LastEpReward: 21.425 | RecentReward: 16.668 | ActorLoss: -2.778331 | CriticLoss: 0.010300 | Q: 2.7699 | TargetQ: 2.7701 | TDAbs: 0.1074 | ActorGrad: 0.0483 | CriticGrad: 0.3137 | Noise: 0.0720 | Replay: 50000 | FPS: 24.82 | ETA: 34.7 min
2026-09-21 01:30:41,340 | INFO | Steps: 98816/150000 | Episodes: 193 | LastEpReward: -1.277 | RecentReward: 15.107 | ActorLoss: -2.767266 | CriticLoss: 0.010205 | Q: 2.7601 | TargetQ: 2.7596 | TDAbs: 0.1076 | ActorGrad: 0.0530 | CriticGrad: 0.3506 | Noise: 0.0705 | Replay: 50000 | FPS: 24.84 | ETA: 34.3 min
2026-09-21 01:30:57,269 | INFO | Steps: 99328/150000 | Episodes: 194 | LastEpReward: 15.392 | RecentReward: 15.741 | ActorLoss: -2.762684 | CriticLoss: 0.010575 | Q: 2.7546 | TargetQ: 2.7546 | TDAbs: 0.1070 | ActorGrad: 0.0602 | CriticGrad: 0.3007 | Noise: 0.0691 | Replay: 50000 | FPS: 24.87 | ETA: 34.0 min
2026-09-21 01:31:13,933 | INFO | Steps: 99840/150000 | Episodes: 195 | LastEpReward: 19.487 | RecentReward: 15.830 | ActorLoss: -2.787871 | CriticLoss: 0.010254 | Q: 2.7809 | TargetQ: 2.7818 | TDAbs: 0.1082 | ActorGrad: 0.0575 | CriticGrad: 0.3560 | Noise: 0.0676 | Replay: 50000 | FPS: 24.90 | ETA: 33.6 min
2026-09-21 01:31:31,106 | INFO | Steps: 100352/150000 | Episodes: 196 | LastEpReward: 4.343 | RecentReward: 13.736 | ActorLoss: -2.732203 | CriticLoss: 0.010399 | Q: 2.7252 | TargetQ: 2.7260 | TDAbs: 0.1083 | ActorGrad: 0.0506 | CriticGrad: 0.3198 | Noise: 0.0661 | Replay: 50000 | FPS: 24.92 | ETA: 33.2 min
2026-09-21 01:31:47,008 | INFO | Steps: 100864/150000 | Episodes: 197 | LastEpReward: 24.289 | RecentReward: 15.450 | ActorLoss: -2.744986 | CriticLoss: 0.009783 | Q: 2.7368 | TargetQ: 2.7370 | TDAbs: 0.1047 | ActorGrad: 0.0578 | CriticGrad: 0.2970 | Noise: 0.0647 | Replay: 50000 | FPS: 24.95 | ETA: 32.8 min
2026-09-21 01:32:03,502 | INFO | Steps: 101376/150000 | Episodes: 198 | LastEpReward: 20.454 | RecentReward: 16.089 | ActorLoss: -2.751975 | CriticLoss: 0.010243 | Q: 2.7457 | TargetQ: 2.7462 | TDAbs: 0.1084 | ActorGrad: 0.0567 | CriticGrad: 0.3202 | Noise: 0.0632 | Replay: 50000 | FPS: 24.97 | ETA: 32.5 min
2026-09-21 01:32:19,921 | INFO | Steps: 101888/150000 | Episodes: 199 | LastEpReward: 19.716 | RecentReward: 16.115 | ActorLoss: -2.759325 | CriticLoss: 0.010141 | Q: 2.7533 | TargetQ: 2.7529 | TDAbs: 0.1076 | ActorGrad: 0.0524 | CriticGrad: 0.3368 | Noise: 0.0617 | Replay: 50000 | FPS: 25.00 | ETA: 32.1 min
2026-09-21 01:32:36,581 | INFO | 开始周期评估: Steps=102400 | Episodes=200 | EvalEpisodes=5
2026-09-21 01:33:06,029 | INFO | 周期评估完成: Steps=102400 | MeanReward=17.703 | StdReward=4.962
2026-09-21 01:33:06,039 | INFO | Steps: 102400/150000 | Episodes: 200 | LastEpReward: 17.553 | RecentReward: 16.190 | ActorLoss: -2.726419 | CriticLoss: 0.010346 | Q: 2.7200 | TargetQ: 2.7196 | TDAbs: 0.1094 | ActorGrad: 0.0665 | CriticGrad: 0.3579 | Noise: 0.0603 | Replay: 50000 | FPS: 24.84 | ETA: 31.9 min
2026-09-21 01:33:22,959 | INFO | Steps: 102912/150000 | Episodes: 201 | LastEpReward: 26.327 | RecentReward: 16.771 | ActorLoss: -2.728859 | CriticLoss: 0.010405 | Q: 2.7216 | TargetQ: 2.7203 | TDAbs: 0.1079 | ActorGrad: 0.0587 | CriticGrad: 0.3355 | Noise: 0.0588 | Replay: 50000 | FPS: 24.86 | ETA: 31.6 min
2026-09-21 01:33:39,567 | INFO | Steps: 103424/150000 | Episodes: 202 | LastEpReward: 16.490 | RecentReward: 16.277 | ActorLoss: -2.710459 | CriticLoss: 0.010117 | Q: 2.7030 | TargetQ: 2.7034 | TDAbs: 0.1067 | ActorGrad: 0.0590 | CriticGrad: 0.3153 | Noise: 0.0574 | Replay: 50000 | FPS: 24.89 | ETA: 31.2 min
2026-09-21 01:33:56,378 | INFO | Steps: 103936/150000 | Episodes: 203 | LastEpReward: 21.159 | RecentReward: 18.521 | ActorLoss: -2.735160 | CriticLoss: 0.010745 | Q: 2.7279 | TargetQ: 2.7277 | TDAbs: 0.1097 | ActorGrad: 0.0686 | CriticGrad: 0.3323 | Noise: 0.0559 | Replay: 50000 | FPS: 24.91 | ETA: 30.8 min
2026-09-21 01:34:12,440 | INFO | Steps: 104448/150000 | Episodes: 204 | LastEpReward: 13.432 | RecentReward: 18.325 | ActorLoss: -2.726215 | CriticLoss: 0.010896 | Q: 2.7178 | TargetQ: 2.7179 | TDAbs: 0.1103 | ActorGrad: 0.0629 | CriticGrad: 0.3754 | Noise: 0.0544 | Replay: 50000 | FPS: 24.94 | ETA: 30.4 min
2026-09-21 01:34:29,206 | INFO | Steps: 104960/150000 | Episodes: 205 | LastEpReward: 13.244 | RecentReward: 17.701 | ActorLoss: -2.704782 | CriticLoss: 0.010895 | Q: 2.6957 | TargetQ: 2.6962 | TDAbs: 0.1115 | ActorGrad: 0.0715 | CriticGrad: 0.3470 | Noise: 0.0530 | Replay: 50000 | FPS: 24.96 | ETA: 30.1 min
2026-09-21 01:34:45,533 | INFO | Steps: 105472/150000 | Episodes: 206 | LastEpReward: 11.550 | RecentReward: 18.421 | ActorLoss: -2.725780 | CriticLoss: 0.011062 | Q: 2.7176 | TargetQ: 2.7171 | TDAbs: 0.1110 | ActorGrad: 0.0660 | CriticGrad: 0.3153 | Noise: 0.0515 | Replay: 50000 | FPS: 24.98 | ETA: 29.7 min
2026-09-21 01:35:01,721 | INFO | Steps: 105984/150000 | Episodes: 207 | LastEpReward: 24.481 | RecentReward: 18.441 | ActorLoss: -2.749720 | CriticLoss: 0.010514 | Q: 2.7406 | TargetQ: 2.7401 | TDAbs: 0.1096 | ActorGrad: 0.0590 | CriticGrad: 0.3231 | Noise: 0.0500 | Replay: 50000 | FPS: 25.01 | ETA: 29.3 min
2026-09-21 01:35:18,162 | INFO | Steps: 106496/150000 | Episodes: 208 | LastEpReward: 15.369 | RecentReward: 17.932 | ActorLoss: -2.764271 | CriticLoss: 0.010354 | Q: 2.7553 | TargetQ: 2.7552 | TDAbs: 0.1089 | ActorGrad: 0.0644 | CriticGrad: 0.3140 | Noise: 0.0500 | Replay: 50000 | FPS: 25.03 | ETA: 29.0 min
2026-09-21 01:35:33,325 | INFO | Steps: 107008/150000 | Episodes: 209 | LastEpReward: 24.801 | RecentReward: 18.441 | ActorLoss: -2.735758 | CriticLoss: 0.010780 | Q: 2.7269 | TargetQ: 2.7272 | TDAbs: 0.1097 | ActorGrad: 0.0639 | CriticGrad: 0.3177 | Noise: 0.0500 | Replay: 50000 | FPS: 25.06 | ETA: 28.6 min
2026-09-21 01:35:50,109 | INFO | 开始周期评估: Steps=107520 | Episodes=210 | EvalEpisodes=5
2026-09-21 01:36:19,842 | INFO | 周期评估完成: Steps=107520 | MeanReward=17.354 | StdReward=4.329
2026-09-21 01:36:19,853 | INFO | Steps: 107520/150000 | Episodes: 210 | LastEpReward: 22.428 | RecentReward: 18.928 | ActorLoss: -2.746460 | CriticLoss: 0.010901 | Q: 2.7384 | TargetQ: 2.7384 | TDAbs: 0.1123 | ActorGrad: 0.0622 | CriticGrad: 0.3227 | Noise: 0.0500 | Replay: 50000 | FPS: 24.91 | ETA: 28.4 min
2026-09-21 01:36:35,709 | INFO | Steps: 108032/150000 | Episodes: 211 | LastEpReward: 13.952 | RecentReward: 17.691 | ActorLoss: -2.714916 | CriticLoss: 0.011002 | Q: 2.7083 | TargetQ: 2.7080 | TDAbs: 0.1103 | ActorGrad: 0.0624 | CriticGrad: 0.3346 | Noise: 0.0500 | Replay: 50000 | FPS: 24.94 | ETA: 28.0 min
2026-09-21 01:36:51,556 | INFO | Steps: 108544/150000 | Episodes: 212 | LastEpReward: 17.984 | RecentReward: 17.840 | ActorLoss: -2.762796 | CriticLoss: 0.010849 | Q: 2.7557 | TargetQ: 2.7550 | TDAbs: 0.1101 | ActorGrad: 0.0610 | CriticGrad: 0.3471 | Noise: 0.0500 | Replay: 50000 | FPS: 24.97 | ETA: 27.7 min
2026-09-21 01:37:08,187 | INFO | Steps: 109056/150000 | Episodes: 213 | LastEpReward: 11.911 | RecentReward: 16.915 | ActorLoss: -2.709464 | CriticLoss: 0.011311 | Q: 2.7030 | TargetQ: 2.7025 | TDAbs: 0.1115 | ActorGrad: 0.0603 | CriticGrad: 0.3316 | Noise: 0.0500 | Replay: 50000 | FPS: 24.99 | ETA: 27.3 min
2026-09-21 01:37:24,065 | INFO | Steps: 109568/150000 | Episodes: 214 | LastEpReward: 8.540 | RecentReward: 16.426 | ActorLoss: -2.704266 | CriticLoss: 0.010339 | Q: 2.6977 | TargetQ: 2.6978 | TDAbs: 0.1093 | ActorGrad: 0.0568 | CriticGrad: 0.3096 | Noise: 0.0500 | Replay: 50000 | FPS: 25.01 | ETA: 26.9 min
2026-09-21 01:37:41,149 | INFO | Steps: 110080/150000 | Episodes: 215 | LastEpReward: 23.697 | RecentReward: 17.471 | ActorLoss: -2.723282 | CriticLoss: 0.010812 | Q: 2.7158 | TargetQ: 2.7156 | TDAbs: 0.1101 | ActorGrad: 0.0562 | CriticGrad: 0.3259 | Noise: 0.0500 | Replay: 50000 | FPS: 25.03 | ETA: 26.6 min
2026-09-21 01:37:57,559 | INFO | Steps: 110592/150000 | Episodes: 216 | LastEpReward: 13.847 | RecentReward: 17.701 | ActorLoss: -2.681981 | CriticLoss: 0.010802 | Q: 2.6758 | TargetQ: 2.6763 | TDAbs: 0.1096 | ActorGrad: 0.0647 | CriticGrad: 0.3401 | Noise: 0.0500 | Replay: 50000 | FPS: 25.06 | ETA: 26.2 min
2026-09-21 01:38:13,752 | INFO | Steps: 111104/150000 | Episodes: 217 | LastEpReward: 27.164 | RecentReward: 17.970 | ActorLoss: -2.660965 | CriticLoss: 0.010642 | Q: 2.6551 | TargetQ: 2.6538 | TDAbs: 0.1094 | ActorGrad: 0.0511 | CriticGrad: 0.3547 | Noise: 0.0500 | Replay: 50000 | FPS: 25.08 | ETA: 25.8 min
2026-09-21 01:38:30,634 | INFO | Steps: 111616/150000 | Episodes: 218 | LastEpReward: 15.378 | RecentReward: 17.970 | ActorLoss: -2.715400 | CriticLoss: 0.010335 | Q: 2.7084 | TargetQ: 2.7086 | TDAbs: 0.1090 | ActorGrad: 0.0555 | CriticGrad: 0.3166 | Noise: 0.0500 | Replay: 50000 | FPS: 25.10 | ETA: 25.5 min
2026-09-21 01:38:47,087 | INFO | Steps: 112128/150000 | Episodes: 219 | LastEpReward: 27.705 | RecentReward: 18.261 | ActorLoss: -2.683890 | CriticLoss: 0.010535 | Q: 2.6777 | TargetQ: 2.6771 | TDAbs: 0.1086 | ActorGrad: 0.0611 | CriticGrad: 0.3165 | Noise: 0.0500 | Replay: 50000 | FPS: 25.12 | ETA: 25.1 min
2026-09-21 01:39:03,624 | INFO | 开始周期评估: Steps=112640 | Episodes=220 | EvalEpisodes=5
2026-09-21 01:39:34,046 | INFO | 周期评估完成: Steps=112640 | MeanReward=17.332 | StdReward=4.693
2026-09-21 01:39:34,056 | INFO | Steps: 112640/150000 | Episodes: 220 | LastEpReward: 17.326 | RecentReward: 17.751 | ActorLoss: -2.727407 | CriticLoss: 0.011000 | Q: 2.7205 | TargetQ: 2.7197 | TDAbs: 0.1105 | ActorGrad: 0.0528 | CriticGrad: 0.3226 | Noise: 0.0500 | Replay: 50000 | FPS: 24.97 | ETA: 24.9 min
2026-09-21 01:39:49,726 | INFO | Steps: 113152/150000 | Episodes: 221 | LastEpReward: 7.817 | RecentReward: 17.137 | ActorLoss: -2.677988 | CriticLoss: 0.011052 | Q: 2.6728 | TargetQ: 2.6719 | TDAbs: 0.1099 | ActorGrad: 0.0609 | CriticGrad: 0.3449 | Noise: 0.0500 | Replay: 50000 | FPS: 25.00 | ETA: 24.6 min
2026-09-21 01:40:05,679 | INFO | Steps: 113664/150000 | Episodes: 222 | LastEpReward: 18.360 | RecentReward: 17.175 | ActorLoss: -2.697342 | CriticLoss: 0.011669 | Q: 2.6925 | TargetQ: 2.6917 | TDAbs: 0.1110 | ActorGrad: 0.0506 | CriticGrad: 0.3109 | Noise: 0.0500 | Replay: 50000 | FPS: 25.03 | ETA: 24.2 min
2026-09-21 01:40:22,322 | INFO | Steps: 114176/150000 | Episodes: 223 | LastEpReward: 13.879 | RecentReward: 17.371 | ActorLoss: -2.708969 | CriticLoss: 0.011065 | Q: 2.7054 | TargetQ: 2.7052 | TDAbs: 0.1099 | ActorGrad: 0.0657 | CriticGrad: 0.3235 | Noise: 0.0500 | Replay: 50000 | FPS: 25.05 | ETA: 23.8 min
2026-09-21 01:40:37,896 | INFO | Steps: 114688/150000 | Episodes: 224 | LastEpReward: 10.044 | RecentReward: 17.522 | ActorLoss: -2.708886 | CriticLoss: 0.010861 | Q: 2.7050 | TargetQ: 2.7049 | TDAbs: 0.1101 | ActorGrad: 0.0524 | CriticGrad: 0.3419 | Noise: 0.0500 | Replay: 50000 | FPS: 25.07 | ETA: 23.5 min
2026-09-21 01:40:54,856 | INFO | Steps: 115200/150000 | Episodes: 225 | LastEpReward: 19.246 | RecentReward: 17.077 | ActorLoss: -2.706344 | CriticLoss: 0.010893 | Q: 2.7035 | TargetQ: 2.7041 | TDAbs: 0.1106 | ActorGrad: 0.0622 | CriticGrad: 0.3054 | Noise: 0.0500 | Replay: 50000 | FPS: 25.09 | ETA: 23.1 min
2026-09-21 01:41:11,943 | INFO | Steps: 115712/150000 | Episodes: 226 | LastEpReward: 14.147 | RecentReward: 17.107 | ActorLoss: -2.707084 | CriticLoss: 0.011327 | Q: 2.7040 | TargetQ: 2.7037 | TDAbs: 0.1118 | ActorGrad: 0.0552 | CriticGrad: 0.3624 | Noise: 0.0500 | Replay: 50000 | FPS: 25.11 | ETA: 22.8 min
2026-09-21 01:41:27,927 | INFO | Steps: 116224/150000 | Episodes: 227 | LastEpReward: 9.783 | RecentReward: 15.368 | ActorLoss: -2.712393 | CriticLoss: 0.010975 | Q: 2.7098 | TargetQ: 2.7098 | TDAbs: 0.1105 | ActorGrad: 0.0373 | CriticGrad: 0.3578 | Noise: 0.0500 | Replay: 50000 | FPS: 25.13 | ETA: 22.4 min
2026-09-21 01:41:44,011 | INFO | Steps: 116736/150000 | Episodes: 228 | LastEpReward: 17.681 | RecentReward: 15.599 | ActorLoss: -2.693047 | CriticLoss: 0.010400 | Q: 2.6902 | TargetQ: 2.6904 | TDAbs: 0.1090 | ActorGrad: 0.0250 | CriticGrad: 0.3230 | Noise: 0.0500 | Replay: 50000 | FPS: 25.16 | ETA: 22.0 min
2026-09-21 01:42:00,776 | INFO | Steps: 117248/150000 | Episodes: 229 | LastEpReward: 23.473 | RecentReward: 15.176 | ActorLoss: -2.718438 | CriticLoss: 0.010759 | Q: 2.7151 | TargetQ: 2.7150 | TDAbs: 0.1082 | ActorGrad: 0.0166 | CriticGrad: 0.3053 | Noise: 0.0500 | Replay: 50000 | FPS: 25.18 | ETA: 21.7 min
2026-09-21 01:42:17,746 | INFO | 开始周期评估: Steps=117760 | Episodes=230 | EvalEpisodes=5
2026-09-21 01:42:47,449 | INFO | 周期评估完成: Steps=117760 | MeanReward=16.672 | StdReward=5.594
2026-09-21 01:42:47,460 | INFO | Steps: 117760/150000 | Episodes: 230 | LastEpReward: 21.019 | RecentReward: 15.545 | ActorLoss: -2.748320 | CriticLoss: 0.010326 | Q: 2.7452 | TargetQ: 2.7453 | TDAbs: 0.1081 | ActorGrad: 0.0147 | CriticGrad: 0.3447 | Noise: 0.0500 | Replay: 50000 | FPS: 25.04 | ETA: 21.5 min
2026-09-21 01:43:04,441 | INFO | Steps: 118272/150000 | Episodes: 231 | LastEpReward: 3.252 | RecentReward: 15.088 | ActorLoss: -2.716388 | CriticLoss: 0.010343 | Q: 2.7137 | TargetQ: 2.7130 | TDAbs: 0.1061 | ActorGrad: 0.0134 | CriticGrad: 0.3378 | Noise: 0.0500 | Replay: 50000 | FPS: 25.05 | ETA: 21.1 min
2026-09-21 01:43:20,738 | INFO | Steps: 118784/150000 | Episodes: 232 | LastEpReward: 20.967 | RecentReward: 15.349 | ActorLoss: -2.775364 | CriticLoss: 0.010441 | Q: 2.7722 | TargetQ: 2.7724 | TDAbs: 0.1071 | ActorGrad: 0.0200 | CriticGrad: 0.3325 | Noise: 0.0500 | Replay: 50000 | FPS: 25.08 | ETA: 20.7 min
2026-09-21 01:43:36,649 | INFO | Steps: 119296/150000 | Episodes: 233 | LastEpReward: 14.222 | RecentReward: 15.383 | ActorLoss: -2.728997 | CriticLoss: 0.010400 | Q: 2.7260 | TargetQ: 2.7261 | TDAbs: 0.1071 | ActorGrad: 0.0083 | CriticGrad: 0.3273 | Noise: 0.0500 | Replay: 50000 | FPS: 25.10 | ETA: 20.4 min
2026-09-21 01:43:53,135 | INFO | Steps: 119808/150000 | Episodes: 234 | LastEpReward: 14.623 | RecentReward: 15.841 | ActorLoss: -2.734329 | CriticLoss: 0.010579 | Q: 2.7313 | TargetQ: 2.7313 | TDAbs: 0.1075 | ActorGrad: 0.0215 | CriticGrad: 0.3227 | Noise: 0.0500 | Replay: 50000 | FPS: 25.12 | ETA: 20.0 min
2026-09-21 01:44:09,091 | INFO | Steps: 120320/150000 | Episodes: 235 | LastEpReward: 13.311 | RecentReward: 15.248 | ActorLoss: -2.753207 | CriticLoss: 0.009728 | Q: 2.7509 | TargetQ: 2.7506 | TDAbs: 0.1052 | ActorGrad: 0.0685 | CriticGrad: 0.3410 | Noise: 0.0500 | Replay: 50000 | FPS: 25.14 | ETA: 19.7 min
2026-09-21 01:44:25,789 | INFO | Steps: 120832/150000 | Episodes: 236 | LastEpReward: 21.048 | RecentReward: 15.938 | ActorLoss: -2.743557 | CriticLoss: 0.011145 | Q: 2.7403 | TargetQ: 2.7409 | TDAbs: 0.1098 | ActorGrad: 0.0921 | CriticGrad: 0.3373 | Noise: 0.0500 | Replay: 50000 | FPS: 25.16 | ETA: 19.3 min
2026-09-21 01:44:41,970 | INFO | Steps: 121344/150000 | Episodes: 237 | LastEpReward: 12.062 | RecentReward: 16.166 | ActorLoss: -2.743735 | CriticLoss: 0.011874 | Q: 2.7403 | TargetQ: 2.7400 | TDAbs: 0.1166 | ActorGrad: 0.0989 | CriticGrad: 0.3062 | Noise: 0.0500 | Replay: 50000 | FPS: 25.19 | ETA: 19.0 min
2026-09-21 01:44:58,641 | INFO | Steps: 121856/150000 | Episodes: 238 | LastEpReward: 10.501 | RecentReward: 15.448 | ActorLoss: -2.796652 | CriticLoss: 0.011759 | Q: 2.7927 | TargetQ: 2.7920 | TDAbs: 0.1149 | ActorGrad: 0.0857 | CriticGrad: 0.3074 | Noise: 0.0500 | Replay: 50000 | FPS: 25.20 | ETA: 18.6 min
2026-09-21 01:45:15,345 | INFO | Steps: 122368/150000 | Episodes: 239 | LastEpReward: 12.808 | RecentReward: 14.381 | ActorLoss: -2.770871 | CriticLoss: 0.011966 | Q: 2.7670 | TargetQ: 2.7671 | TDAbs: 0.1164 | ActorGrad: 0.0880 | CriticGrad: 0.3257 | Noise: 0.0500 | Replay: 50000 | FPS: 25.22 | ETA: 18.3 min
2026-09-21 01:45:31,762 | INFO | 开始周期评估: Steps=122880 | Episodes=240 | EvalEpisodes=5
2026-09-21 01:46:02,716 | INFO | 周期评估完成: Steps=122880 | MeanReward=16.818 | StdReward=4.790
2026-09-21 01:46:02,727 | INFO | Steps: 122880/150000 | Episodes: 240 | LastEpReward: 8.547 | RecentReward: 13.134 | ActorLoss: -2.743208 | CriticLoss: 0.011830 | Q: 2.7405 | TargetQ: 2.7403 | TDAbs: 0.1136 | ActorGrad: 0.0649 | CriticGrad: 0.3585 | Noise: 0.0500 | Replay: 50000 | FPS: 25.08 | ETA: 18.0 min
2026-09-21 01:46:19,333 | INFO | Steps: 123392/150000 | Episodes: 241 | LastEpReward: 7.553 | RecentReward: 13.564 | ActorLoss: -2.745252 | CriticLoss: 0.010803 | Q: 2.7418 | TargetQ: 2.7428 | TDAbs: 0.1090 | ActorGrad: 0.0659 | CriticGrad: 0.3091 | Noise: 0.0500 | Replay: 50000 | FPS: 25.10 | ETA: 17.7 min
2026-09-21 01:46:35,223 | INFO | Steps: 123904/150000 | Episodes: 242 | LastEpReward: 16.245 | RecentReward: 13.092 | ActorLoss: -2.725575 | CriticLoss: 0.010186 | Q: 2.7218 | TargetQ: 2.7219 | TDAbs: 0.1065 | ActorGrad: 0.0906 | CriticGrad: 0.2774 | Noise: 0.0500 | Replay: 50000 | FPS: 25.13 | ETA: 17.3 min
2026-09-21 01:46:52,148 | INFO | Steps: 124416/150000 | Episodes: 243 | LastEpReward: 5.881 | RecentReward: 12.258 | ActorLoss: -2.721785 | CriticLoss: 0.010501 | Q: 2.7147 | TargetQ: 2.7140 | TDAbs: 0.1082 | ActorGrad: 0.1239 | CriticGrad: 0.2989 | Noise: 0.0500 | Replay: 50000 | FPS: 25.14 | ETA: 17.0 min
2026-09-21 01:47:08,405 | INFO | Steps: 124928/150000 | Episodes: 244 | LastEpReward: 6.721 | RecentReward: 11.468 | ActorLoss: -2.755356 | CriticLoss: 0.011378 | Q: 2.7509 | TargetQ: 2.7507 | TDAbs: 0.1133 | ActorGrad: 0.0982 | CriticGrad: 0.3241 | Noise: 0.0500 | Replay: 50000 | FPS: 25.16 | ETA: 16.6 min
2026-09-21 01:47:25,362 | INFO | Steps: 125440/150000 | Episodes: 245 | LastEpReward: 17.410 | RecentReward: 11.878 | ActorLoss: -2.755158 | CriticLoss: 0.011081 | Q: 2.7492 | TargetQ: 2.7491 | TDAbs: 0.1113 | ActorGrad: 0.0746 | CriticGrad: 0.2930 | Noise: 0.0500 | Replay: 50000 | FPS: 25.18 | ETA: 16.3 min
2026-09-21 01:47:41,737 | INFO | Steps: 125952/150000 | Episodes: 246 | LastEpReward: 13.272 | RecentReward: 11.100 | ActorLoss: -2.777088 | CriticLoss: 0.010848 | Q: 2.7701 | TargetQ: 2.7704 | TDAbs: 0.1104 | ActorGrad: 0.0864 | CriticGrad: 0.2873 | Noise: 0.0500 | Replay: 50000 | FPS: 25.20 | ETA: 15.9 min
2026-09-21 01:47:59,039 | INFO | Steps: 126464/150000 | Episodes: 247 | LastEpReward: 17.813 | RecentReward: 11.675 | ActorLoss: -2.811825 | CriticLoss: 0.011088 | Q: 2.8045 | TargetQ: 2.8043 | TDAbs: 0.1119 | ActorGrad: 0.0624 | CriticGrad: 0.3901 | Noise: 0.0500 | Replay: 50000 | FPS: 25.22 | ETA: 15.6 min
2026-09-21 01:48:15,530 | INFO | Steps: 126976/150000 | Episodes: 248 | LastEpReward: 15.499 | RecentReward: 12.175 | ActorLoss: -2.786402 | CriticLoss: 0.010801 | Q: 2.7810 | TargetQ: 2.7813 | TDAbs: 0.1104 | ActorGrad: 0.0505 | CriticGrad: 0.3462 | Noise: 0.0500 | Replay: 50000 | FPS: 25.24 | ETA: 15.2 min
2026-09-21 01:48:32,286 | INFO | Steps: 127488/150000 | Episodes: 249 | LastEpReward: 22.497 | RecentReward: 13.144 | ActorLoss: -2.811511 | CriticLoss: 0.011912 | Q: 2.8037 | TargetQ: 2.8042 | TDAbs: 0.1138 | ActorGrad: 0.0580 | CriticGrad: 0.3744 | Noise: 0.0500 | Replay: 50000 | FPS: 25.25 | ETA: 14.9 min
2026-09-21 01:48:48,606 | INFO | 开始周期评估: Steps=128000 | Episodes=250 | EvalEpisodes=5
2026-09-21 01:49:18,404 | INFO | 周期评估完成: Steps=128000 | MeanReward=17.223 | StdReward=4.423
2026-09-21 01:49:18,413 | INFO | Steps: 128000/150000 | Episodes: 250 | LastEpReward: 21.955 | RecentReward: 14.485 | ActorLoss: -2.811970 | CriticLoss: 0.011942 | Q: 2.8047 | TargetQ: 2.8053 | TDAbs: 0.1137 | ActorGrad: 0.0531 | CriticGrad: 0.3751 | Noise: 0.0500 | Replay: 50000 | FPS: 25.12 | ETA: 14.6 min
2026-09-21 01:49:34,496 | INFO | Steps: 128512/150000 | Episodes: 251 | LastEpReward: 17.699 | RecentReward: 15.499 | ActorLoss: -2.837913 | CriticLoss: 0.012021 | Q: 2.8315 | TargetQ: 2.8318 | TDAbs: 0.1138 | ActorGrad: 0.0488 | CriticGrad: 0.3893 | Noise: 0.0500 | Replay: 50000 | FPS: 25.15 | ETA: 14.2 min
2026-09-21 01:49:51,304 | INFO | Steps: 129024/150000 | Episodes: 252 | LastEpReward: 20.001 | RecentReward: 15.875 | ActorLoss: -2.826646 | CriticLoss: 0.011990 | Q: 2.8208 | TargetQ: 2.8217 | TDAbs: 0.1141 | ActorGrad: 0.0604 | CriticGrad: 0.3883 | Noise: 0.0500 | Replay: 50000 | FPS: 25.16 | ETA: 13.9 min
2026-09-21 01:50:07,651 | INFO | Steps: 129536/150000 | Episodes: 253 | LastEpReward: 15.666 | RecentReward: 16.853 | ActorLoss: -2.843094 | CriticLoss: 0.011878 | Q: 2.8373 | TargetQ: 2.8368 | TDAbs: 0.1134 | ActorGrad: 0.0556 | CriticGrad: 0.3493 | Noise: 0.0500 | Replay: 50000 | FPS: 25.18 | ETA: 13.5 min
2026-09-21 01:50:24,321 | INFO | Steps: 130048/150000 | Episodes: 254 | LastEpReward: 16.096 | RecentReward: 17.791 | ActorLoss: -2.852350 | CriticLoss: 0.012950 | Q: 2.8459 | TargetQ: 2.8459 | TDAbs: 0.1152 | ActorGrad: 0.0572 | CriticGrad: 0.3662 | Noise: 0.0500 | Replay: 50000 | FPS: 25.20 | ETA: 13.2 min
2026-09-21 01:50:41,579 | INFO | Steps: 130560/150000 | Episodes: 255 | LastEpReward: 19.152 | RecentReward: 17.965 | ActorLoss: -2.848113 | CriticLoss: 0.013014 | Q: 2.8437 | TargetQ: 2.8435 | TDAbs: 0.1161 | ActorGrad: 0.0620 | CriticGrad: 0.3942 | Noise: 0.0500 | Replay: 50000 | FPS: 25.22 | ETA: 12.8 min
2026-09-21 01:50:58,656 | INFO | Steps: 131072/150000 | Episodes: 256 | LastEpReward: 17.687 | RecentReward: 18.406 | ActorLoss: -2.867349 | CriticLoss: 0.012955 | Q: 2.8613 | TargetQ: 2.8617 | TDAbs: 0.1171 | ActorGrad: 0.0643 | CriticGrad: 0.3971 | Noise: 0.0500 | Replay: 50000 | FPS: 25.23 | ETA: 12.5 min
2026-09-21 01:51:16,015 | INFO | Steps: 131584/150000 | Episodes: 257 | LastEpReward: 16.537 | RecentReward: 18.279 | ActorLoss: -2.894220 | CriticLoss: 0.013519 | Q: 2.8885 | TargetQ: 2.8893 | TDAbs: 0.1190 | ActorGrad: 0.0526 | CriticGrad: 0.4195 | Noise: 0.0500 | Replay: 50000 | FPS: 25.25 | ETA: 12.2 min
2026-09-21 01:51:32,565 | INFO | Steps: 132096/150000 | Episodes: 258 | LastEpReward: 10.898 | RecentReward: 17.819 | ActorLoss: -2.873517 | CriticLoss: 0.013936 | Q: 2.8685 | TargetQ: 2.8676 | TDAbs: 0.1213 | ActorGrad: 0.0629 | CriticGrad: 0.4394 | Noise: 0.0500 | Replay: 50000 | FPS: 25.26 | ETA: 11.8 min
2026-09-21 01:51:48,728 | INFO | Steps: 132608/150000 | Episodes: 259 | LastEpReward: 14.457 | RecentReward: 17.015 | ActorLoss: -2.929840 | CriticLoss: 0.014226 | Q: 2.9239 | TargetQ: 2.9248 | TDAbs: 0.1214 | ActorGrad: 0.0594 | CriticGrad: 0.4594 | Noise: 0.0500 | Replay: 50000 | FPS: 25.28 | ETA: 11.5 min
2026-09-21 01:52:05,448 | INFO | 开始周期评估: Steps=133120 | Episodes=260 | EvalEpisodes=5
2026-09-21 01:52:37,567 | INFO | 周期评估完成: Steps=133120 | MeanReward=17.414 | StdReward=4.140
2026-09-21 01:52:37,577 | INFO | Steps: 133120/150000 | Episodes: 260 | LastEpReward: 15.076 | RecentReward: 16.327 | ActorLoss: -2.915395 | CriticLoss: 0.014152 | Q: 2.9098 | TargetQ: 2.9095 | TDAbs: 0.1219 | ActorGrad: 0.0604 | CriticGrad: 0.4455 | Noise: 0.0500 | Replay: 50000 | FPS: 25.15 | ETA: 11.2 min
2026-09-21 01:52:56,220 | INFO | Steps: 133632/150000 | Episodes: 261 | LastEpReward: 21.235 | RecentReward: 16.680 | ActorLoss: -2.905810 | CriticLoss: 0.015257 | Q: 2.9016 | TargetQ: 2.9021 | TDAbs: 0.1241 | ActorGrad: 0.0553 | CriticGrad: 0.4887 | Noise: 0.0500 | Replay: 50000 | FPS: 25.15 | ETA: 10.8 min
2026-09-21 01:53:15,665 | INFO | Steps: 134144/150000 | Episodes: 262 | LastEpReward: 18.229 | RecentReward: 16.503 | ActorLoss: -2.940061 | CriticLoss: 0.014827 | Q: 2.9337 | TargetQ: 2.9344 | TDAbs: 0.1236 | ActorGrad: 0.0522 | CriticGrad: 0.4260 | Noise: 0.0500 | Replay: 50000 | FPS: 25.16 | ETA: 10.5 min
2026-09-21 01:53:36,154 | INFO | Steps: 134656/150000 | Episodes: 263 | LastEpReward: 20.665 | RecentReward: 17.003 | ActorLoss: -2.893024 | CriticLoss: 0.014722 | Q: 2.8871 | TargetQ: 2.8869 | TDAbs: 0.1249 | ActorGrad: 0.0623 | CriticGrad: 0.5020 | Noise: 0.0500 | Replay: 50000 | FPS: 25.16 | ETA: 10.2 min
2026-09-21 01:53:56,109 | INFO | Steps: 135168/150000 | Episodes: 264 | LastEpReward: 9.907 | RecentReward: 16.384 | ActorLoss: -2.922599 | CriticLoss: 0.015488 | Q: 2.9178 | TargetQ: 2.9164 | TDAbs: 0.1245 | ActorGrad: 0.0353 | CriticGrad: 0.5010 | Noise: 0.0500 | Replay: 50000 | FPS: 25.16 | ETA: 9.8 min
2026-09-21 01:54:16,054 | INFO | Steps: 135680/150000 | Episodes: 265 | LastEpReward: 21.935 | RecentReward: 16.663 | ActorLoss: -2.927087 | CriticLoss: 0.015933 | Q: 2.9211 | TargetQ: 2.9221 | TDAbs: 0.1241 | ActorGrad: 0.0508 | CriticGrad: 0.4675 | Noise: 0.0500 | Replay: 50000 | FPS: 25.16 | ETA: 9.5 min
2026-09-21 01:54:36,410 | INFO | Steps: 136192/150000 | Episodes: 266 | LastEpReward: 13.422 | RecentReward: 16.236 | ActorLoss: -2.897418 | CriticLoss: 0.014156 | Q: 2.8916 | TargetQ: 2.8930 | TDAbs: 0.1211 | ActorGrad: 0.0423 | CriticGrad: 0.4236 | Noise: 0.0500 | Replay: 50000 | FPS: 25.16 | ETA: 9.1 min
2026-09-21 01:54:56,566 | INFO | Steps: 136704/150000 | Episodes: 267 | LastEpReward: 5.163 | RecentReward: 15.099 | ActorLoss: -2.877927 | CriticLoss: 0.014989 | Q: 2.8717 | TargetQ: 2.8711 | TDAbs: 0.1250 | ActorGrad: 0.0489 | CriticGrad: 0.5002 | Noise: 0.0500 | Replay: 50000 | FPS: 25.16 | ETA: 8.8 min
2026-09-21 01:55:16,453 | INFO | Steps: 137216/150000 | Episodes: 268 | LastEpReward: 25.993 | RecentReward: 16.608 | ActorLoss: -2.928879 | CriticLoss: 0.014527 | Q: 2.9229 | TargetQ: 2.9229 | TDAbs: 0.1221 | ActorGrad: 0.0457 | CriticGrad: 0.4988 | Noise: 0.0500 | Replay: 50000 | FPS: 25.17 | ETA: 8.5 min
2026-09-21 01:55:34,642 | INFO | Steps: 137728/150000 | Episodes: 269 | LastEpReward: 16.271 | RecentReward: 16.790 | ActorLoss: -2.941558 | CriticLoss: 0.015072 | Q: 2.9364 | TargetQ: 2.9361 | TDAbs: 0.1241 | ActorGrad: 0.0376 | CriticGrad: 0.5262 | Noise: 0.0500 | Replay: 50000 | FPS: 25.18 | ETA: 8.1 min
2026-09-21 01:55:52,538 | INFO | 开始周期评估: Steps=138240 | Episodes=270 | EvalEpisodes=5
2026-09-21 01:56:43,103 | INFO | 周期评估完成: Steps=138240 | MeanReward=17.678 | StdReward=4.238
2026-09-21 01:56:43,117 | INFO | Steps: 138240/150000 | Episodes: 270 | LastEpReward: 15.372 | RecentReward: 16.819 | ActorLoss: -2.946811 | CriticLoss: 0.015196 | Q: 2.9411 | TargetQ: 2.9414 | TDAbs: 0.1259 | ActorGrad: 0.0534 | CriticGrad: 0.5515 | Noise: 0.0500 | Replay: 50000 | FPS: 24.96 | ETA: 7.9 min
2026-09-21 01:57:03,550 | INFO | Steps: 138752/150000 | Episodes: 271 | LastEpReward: 21.589 | RecentReward: 16.855 | ActorLoss: -2.925456 | CriticLoss: 0.016956 | Q: 2.9193 | TargetQ: 2.9197 | TDAbs: 0.1262 | ActorGrad: 0.0503 | CriticGrad: 0.5679 | Noise: 0.0500 | Replay: 50000 | FPS: 24.96 | ETA: 7.5 min
2026-09-21 01:57:22,155 | INFO | Steps: 139264/150000 | Episodes: 272 | LastEpReward: 14.085 | RecentReward: 16.440 | ActorLoss: -2.900514 | CriticLoss: 0.014015 | Q: 2.8962 | TargetQ: 2.8958 | TDAbs: 0.1194 | ActorGrad: 0.0578 | CriticGrad: 0.4692 | Noise: 0.0500 | Replay: 50000 | FPS: 24.97 | ETA: 7.2 min
2026-09-21 01:57:42,023 | INFO | Steps: 139776/150000 | Episodes: 273 | LastEpReward: 14.336 | RecentReward: 15.807 | ActorLoss: -2.916071 | CriticLoss: 0.016245 | Q: 2.9098 | TargetQ: 2.9105 | TDAbs: 0.1263 | ActorGrad: 0.0458 | CriticGrad: 0.6122 | Noise: 0.0500 | Replay: 50000 | FPS: 24.97 | ETA: 6.8 min
2026-09-21 01:58:01,158 | INFO | Steps: 140288/150000 | Episodes: 274 | LastEpReward: 23.199 | RecentReward: 17.136 | ActorLoss: -2.910845 | CriticLoss: 0.016307 | Q: 2.9057 | TargetQ: 2.9047 | TDAbs: 0.1254 | ActorGrad: 0.0398 | CriticGrad: 0.5872 | Noise: 0.0500 | Replay: 50000 | FPS: 24.97 | ETA: 6.5 min
2026-09-21 01:58:21,340 | INFO | Steps: 140800/150000 | Episodes: 275 | LastEpReward: 19.759 | RecentReward: 16.919 | ActorLoss: -2.892589 | CriticLoss: 0.015506 | Q: 2.8886 | TargetQ: 2.8886 | TDAbs: 0.1235 | ActorGrad: 0.0459 | CriticGrad: 0.5305 | Noise: 0.0500 | Replay: 50000 | FPS: 24.98 | ETA: 6.1 min
2026-09-21 01:58:40,599 | INFO | Steps: 141312/150000 | Episodes: 276 | LastEpReward: 22.179 | RecentReward: 17.795 | ActorLoss: -2.871030 | CriticLoss: 0.014818 | Q: 2.8673 | TargetQ: 2.8683 | TDAbs: 0.1203 | ActorGrad: 0.0429 | CriticGrad: 0.4658 | Noise: 0.0500 | Replay: 50000 | FPS: 24.98 | ETA: 5.8 min
2026-09-21 01:59:00,308 | INFO | Steps: 141824/150000 | Episodes: 277 | LastEpReward: 17.042 | RecentReward: 18.983 | ActorLoss: -2.909847 | CriticLoss: 0.016576 | Q: 2.9052 | TargetQ: 2.9055 | TDAbs: 0.1249 | ActorGrad: 0.0396 | CriticGrad: 0.5267 | Noise: 0.0500 | Replay: 50000 | FPS: 24.98 | ETA: 5.5 min
2026-09-21 01:59:19,192 | INFO | Steps: 142336/150000 | Episodes: 278 | LastEpReward: 20.988 | RecentReward: 18.482 | ActorLoss: -2.957828 | CriticLoss: 0.016410 | Q: 2.9528 | TargetQ: 2.9544 | TDAbs: 0.1217 | ActorGrad: 0.0343 | CriticGrad: 0.6056 | Noise: 0.0500 | Replay: 50000 | FPS: 24.99 | ETA: 5.1 min
2026-09-21 01:59:37,746 | INFO | Steps: 142848/150000 | Episodes: 279 | LastEpReward: 16.791 | RecentReward: 18.534 | ActorLoss: -2.928382 | CriticLoss: 0.015832 | Q: 2.9259 | TargetQ: 2.9256 | TDAbs: 0.1233 | ActorGrad: 0.0392 | CriticGrad: 0.5560 | Noise: 0.0500 | Replay: 50000 | FPS: 25.00 | ETA: 4.8 min
2026-09-21 01:59:54,437 | INFO | 开始周期评估: Steps=143360 | Episodes=280 | EvalEpisodes=5
2026-09-21 02:00:24,070 | INFO | 周期评估完成: Steps=143360 | MeanReward=13.838 | StdReward=2.602
2026-09-21 02:00:24,081 | INFO | Steps: 143360/150000 | Episodes: 280 | LastEpReward: 13.410 | RecentReward: 18.338 | ActorLoss: -2.911451 | CriticLoss: 0.014210 | Q: 2.9087 | TargetQ: 2.9087 | TDAbs: 0.1171 | ActorGrad: 0.0308 | CriticGrad: 0.4828 | Noise: 0.0500 | Replay: 50000 | FPS: 24.89 | ETA: 4.4 min
2026-09-21 02:00:40,121 | INFO | Steps: 143872/150000 | Episodes: 281 | LastEpReward: 26.169 | RecentReward: 18.796 | ActorLoss: -2.957450 | CriticLoss: 0.014251 | Q: 2.9549 | TargetQ: 2.9551 | TDAbs: 0.1156 | ActorGrad: 0.0419 | CriticGrad: 0.4971 | Noise: 0.0500 | Replay: 50000 | FPS: 24.91 | ETA: 4.1 min
2026-09-21 02:00:56,286 | INFO | Steps: 144384/150000 | Episodes: 282 | LastEpReward: 11.357 | RecentReward: 18.523 | ActorLoss: -2.971210 | CriticLoss: 0.014922 | Q: 2.9670 | TargetQ: 2.9667 | TDAbs: 0.1209 | ActorGrad: 0.0387 | CriticGrad: 0.5195 | Noise: 0.0500 | Replay: 50000 | FPS: 24.93 | ETA: 3.8 min
2026-09-21 02:01:11,998 | INFO | Steps: 144896/150000 | Episodes: 283 | LastEpReward: 12.969 | RecentReward: 18.386 | ActorLoss: -2.927960 | CriticLoss: 0.015331 | Q: 2.9243 | TargetQ: 2.9246 | TDAbs: 0.1193 | ActorGrad: 0.0363 | CriticGrad: 0.5172 | Noise: 0.0500 | Replay: 50000 | FPS: 24.95 | ETA: 3.4 min
2026-09-21 02:01:28,240 | INFO | Steps: 145408/150000 | Episodes: 284 | LastEpReward: 23.340 | RecentReward: 18.401 | ActorLoss: -2.932945 | CriticLoss: 0.014772 | Q: 2.9294 | TargetQ: 2.9294 | TDAbs: 0.1185 | ActorGrad: 0.0458 | CriticGrad: 0.5140 | Noise: 0.0500 | Replay: 50000 | FPS: 24.97 | ETA: 3.1 min
2026-09-21 02:01:44,460 | INFO | Steps: 145920/150000 | Episodes: 285 | LastEpReward: 9.681 | RecentReward: 17.393 | ActorLoss: -2.899334 | CriticLoss: 0.014268 | Q: 2.8967 | TargetQ: 2.8964 | TDAbs: 0.1165 | ActorGrad: 0.0339 | CriticGrad: 0.4823 | Noise: 0.0500 | Replay: 50000 | FPS: 24.98 | ETA: 2.7 min
2026-09-21 02:02:01,181 | INFO | Steps: 146432/150000 | Episodes: 286 | LastEpReward: 22.113 | RecentReward: 17.386 | ActorLoss: -2.940769 | CriticLoss: 0.015408 | Q: 2.9361 | TargetQ: 2.9351 | TDAbs: 0.1185 | ActorGrad: 0.0438 | CriticGrad: 0.5668 | Noise: 0.0500 | Replay: 50000 | FPS: 25.00 | ETA: 2.4 min
2026-09-21 02:02:16,799 | INFO | Steps: 146944/150000 | Episodes: 287 | LastEpReward: 19.620 | RecentReward: 17.644 | ActorLoss: -2.931564 | CriticLoss: 0.014561 | Q: 2.9283 | TargetQ: 2.9271 | TDAbs: 0.1189 | ActorGrad: 0.0326 | CriticGrad: 0.5447 | Noise: 0.0500 | Replay: 50000 | FPS: 25.02 | ETA: 2.0 min
2026-09-21 02:02:33,283 | INFO | Steps: 147456/150000 | Episodes: 288 | LastEpReward: 11.222 | RecentReward: 16.667 | ActorLoss: -2.923852 | CriticLoss: 0.012848 | Q: 2.9198 | TargetQ: 2.9195 | TDAbs: 0.1127 | ActorGrad: 0.0395 | CriticGrad: 0.5137 | Noise: 0.0500 | Replay: 50000 | FPS: 25.04 | ETA: 1.7 min
2026-09-21 02:02:49,926 | INFO | Steps: 147968/150000 | Episodes: 289 | LastEpReward: 25.142 | RecentReward: 17.502 | ActorLoss: -2.862944 | CriticLoss: 0.013306 | Q: 2.8605 | TargetQ: 2.8596 | TDAbs: 0.1121 | ActorGrad: 0.0363 | CriticGrad: 0.4468 | Noise: 0.0500 | Replay: 50000 | FPS: 25.05 | ETA: 1.4 min
2026-09-21 02:03:06,453 | INFO | 开始周期评估: Steps=148480 | Episodes=290 | EvalEpisodes=5
2026-09-21 02:03:40,002 | INFO | 周期评估完成: Steps=148480 | MeanReward=15.566 | StdReward=4.675
2026-09-21 02:03:40,013 | INFO | Steps: 148480/150000 | Episodes: 290 | LastEpReward: 22.217 | RecentReward: 18.383 | ActorLoss: -2.842842 | CriticLoss: 0.011526 | Q: 2.8409 | TargetQ: 2.8412 | TDAbs: 0.1098 | ActorGrad: 0.0345 | CriticGrad: 0.4383 | Noise: 0.0500 | Replay: 50000 | FPS: 24.93 | ETA: 1.0 min
2026-09-21 02:03:56,978 | INFO | Steps: 148992/150000 | Episodes: 291 | LastEpReward: 7.886 | RecentReward: 16.555 | ActorLoss: -2.870846 | CriticLoss: 0.010792 | Q: 2.8693 | TargetQ: 2.8693 | TDAbs: 0.1066 | ActorGrad: 0.0371 | CriticGrad: 0.3779 | Noise: 0.0500 | Replay: 50000 | FPS: 24.94 | ETA: 0.7 min
2026-09-21 02:04:12,562 | INFO | Steps: 149504/150000 | Episodes: 292 | LastEpReward: 7.606 | RecentReward: 16.180 | ActorLoss: -2.878989 | CriticLoss: 0.011780 | Q: 2.8762 | TargetQ: 2.8760 | TDAbs: 0.1087 | ActorGrad: 0.0391 | CriticGrad: 0.4202 | Noise: 0.0500 | Replay: 50000 | FPS: 24.96 | ETA: 0.3 min
2026-09-21 02:04:29,153 | INFO | Steps: 150000/150000 | Episodes: 292 | LastEpReward: 7.606 | RecentReward: 16.180 | ActorLoss: -2.894772 | CriticLoss: 0.014838 | Q: 2.8923 | TargetQ: 2.8921 | TDAbs: 0.1139 | ActorGrad: 0.0312 | CriticGrad: 0.4559 | Noise: 0.0500 | Replay: 50000 | FPS: 24.98 | ETA: 0.0 min
2026-09-21 02:05:28,521 | INFO | MADDPG 训练与评估完成，最佳权重: /home/pjpjq/LEO_switch/results/multiseed_0907/seed45/u40/learned_baselines/maddpg/maddpg_model.pt
