2026-09-16 18:26:34,790 | INFO | ============================================================
2026-09-16 18:26:34,790 | INFO | 开始训练纯 MADDPG 基线
2026-09-16 18:26:34,790 | INFO | 用户数: 35 | 观测维度: 76 | handover维度: 11 | 总步数: 150000 | warmup: 1000 | batch: 128 | 日志间隔: 512 steps | device: cuda | actor_lr: 1.0e-04 | critic_lr: 3.0e-04 | tau: 0.005 | reward_scale: 1.00
2026-09-16 18:26:34,790 | INFO | ============================================================
2026-09-16 18:26:39,490 | INFO | Steps: 512/150000 | Episodes: 1 | LastEpReward: -17.303 | RecentReward: -17.303 | ActorLoss: 0.000000 | CriticLoss: 0.000000 | Q: 0.0000 | TargetQ: 0.0000 | TDAbs: 0.0000 | ActorGrad: 0.0000 | CriticGrad: 0.0000 | Noise: 0.3500 | Replay: 512 | FPS: 108.94 | ETA: 22.9 min
2026-09-16 18:26:44,220 | INFO | Steps: 1024/150000 | Episodes: 2 | LastEpReward: -13.294 | RecentReward: -15.298 | ActorLoss: 0.015265 | CriticLoss: 0.004588 | Q: -0.0144 | TargetQ: -0.0063 | TDAbs: 0.0718 | ActorGrad: 0.0010 | CriticGrad: 0.1012 | Noise: 0.3499 | Replay: 1024 | FPS: 108.60 | ETA: 22.9 min
2026-09-16 18:26:51,541 | INFO | Steps: 1536/150000 | Episodes: 3 | LastEpReward: -58.815 | RecentReward: -29.804 | ActorLoss: 0.029175 | CriticLoss: 0.000705 | Q: -0.0481 | TargetQ: -0.0482 | TDAbs: 0.0288 | ActorGrad: 0.0015 | CriticGrad: 0.0537 | Noise: 0.3485 | Replay: 1536 | FPS: 91.69 | ETA: 27.0 min
2026-09-16 18:26:58,591 | INFO | Steps: 2048/150000 | Episodes: 4 | LastEpReward: -144.545 | RecentReward: -58.489 | ActorLoss: 0.287115 | CriticLoss: 0.000710 | Q: -0.3031 | TargetQ: -0.3033 | TDAbs: 0.0275 | ActorGrad: 0.0010 | CriticGrad: 0.0631 | Noise: 0.3470 | Replay: 2048 | FPS: 86.05 | ETA: 28.7 min
2026-09-16 18:27:05,653 | INFO | Steps: 2560/150000 | Episodes: 5 | LastEpReward: -105.937 | RecentReward: -67.979 | ActorLoss: 0.632953 | CriticLoss: 0.001092 | Q: -0.6488 | TargetQ: -0.6492 | TDAbs: 0.0345 | ActorGrad: 0.0002 | CriticGrad: 0.1271 | Noise: 0.3455 | Replay: 2560 | FPS: 82.95 | ETA: 29.6 min
2026-09-16 18:27:12,789 | INFO | Steps: 3072/150000 | Episodes: 6 | LastEpReward: -73.364 | RecentReward: -68.876 | ActorLoss: 0.931007 | CriticLoss: 0.001705 | Q: -0.9561 | TargetQ: -0.9563 | TDAbs: 0.0430 | ActorGrad: 0.0117 | CriticGrad: 0.2240 | Noise: 0.3441 | Replay: 3072 | FPS: 80.85 | ETA: 30.3 min
2026-09-16 18:27:19,896 | INFO | Steps: 3584/150000 | Episodes: 7 | LastEpReward: 10.063 | RecentReward: -57.599 | ActorLoss: 0.971388 | CriticLoss: 0.001650 | Q: -1.0298 | TargetQ: -1.0300 | TDAbs: 0.0437 | ActorGrad: 0.0092 | CriticGrad: 0.1859 | Noise: 0.3426 | Replay: 3584 | FPS: 79.46 | ETA: 30.7 min
2026-09-16 18:27:27,019 | INFO | Steps: 4096/150000 | Episodes: 8 | LastEpReward: 24.896 | RecentReward: -47.287 | ActorLoss: 0.849454 | CriticLoss: 0.001416 | Q: -0.9288 | TargetQ: -0.9286 | TDAbs: 0.0399 | ActorGrad: 0.0125 | CriticGrad: 0.1480 | Noise: 0.3412 | Replay: 4096 | FPS: 78.42 | ETA: 31.0 min
2026-09-16 18:27:34,243 | INFO | Steps: 4608/150000 | Episodes: 9 | LastEpReward: 17.856 | RecentReward: -40.049 | ActorLoss: 0.717821 | CriticLoss: 0.001371 | Q: -0.8037 | TargetQ: -0.8037 | TDAbs: 0.0398 | ActorGrad: 0.0116 | CriticGrad: 0.1588 | Noise: 0.3397 | Replay: 4608 | FPS: 77.51 | ETA: 31.3 min
2026-09-16 18:27:41,330 | INFO | 开始周期评估: Steps=5120 | Episodes=10 | EvalEpisodes=5
2026-09-16 18:28:04,209 | INFO | 周期评估完成: Steps=5120 | MeanReward=22.326 | StdReward=1.161
2026-09-16 18:28:04,220 | INFO | Steps: 5120/150000 | Episodes: 10 | LastEpReward: 21.381 | RecentReward: -33.906 | ActorLoss: 0.565275 | CriticLoss: 0.001844 | Q: -0.6535 | TargetQ: -0.6530 | TDAbs: 0.0458 | ActorGrad: 0.0161 | CriticGrad: 0.1852 | Noise: 0.3382 | Replay: 5120 | FPS: 57.25 | ETA: 42.2 min
2026-09-16 18:28:11,439 | INFO | Steps: 5632/150000 | Episodes: 11 | LastEpReward: 18.821 | RecentReward: -30.294 | ActorLoss: 0.430722 | CriticLoss: 0.001324 | Q: -0.5189 | TargetQ: -0.5184 | TDAbs: 0.0389 | ActorGrad: 0.0120 | CriticGrad: 0.1256 | Noise: 0.3368 | Replay: 5632 | FPS: 58.27 | ETA: 41.3 min
2026-09-16 18:28:18,993 | INFO | Steps: 6144/150000 | Episodes: 12 | LastEpReward: 15.591 | RecentReward: -27.405 | ActorLoss: 0.269668 | CriticLoss: 0.001940 | Q: -0.3574 | TargetQ: -0.3571 | TDAbs: 0.0470 | ActorGrad: 0.0118 | CriticGrad: 0.1606 | Noise: 0.3353 | Replay: 6144 | FPS: 58.96 | ETA: 40.7 min
2026-09-16 18:28:26,440 | INFO | Steps: 6656/150000 | Episodes: 13 | LastEpReward: 23.029 | RecentReward: -19.221 | ActorLoss: 0.067724 | CriticLoss: 0.001871 | Q: -0.1635 | TargetQ: -0.1630 | TDAbs: 0.0464 | ActorGrad: 0.0161 | CriticGrad: 0.1268 | Noise: 0.3338 | Replay: 6656 | FPS: 59.61 | ETA: 40.1 min
2026-09-16 18:28:33,650 | INFO | Steps: 7168/150000 | Episodes: 14 | LastEpReward: 18.680 | RecentReward: -2.898 | ActorLoss: -0.079962 | CriticLoss: 0.001727 | Q: -0.0178 | TargetQ: -0.0169 | TDAbs: 0.0441 | ActorGrad: 0.0143 | CriticGrad: 0.1197 | Noise: 0.3324 | Replay: 7168 | FPS: 60.31 | ETA: 39.5 min
2026-09-16 18:28:40,897 | INFO | Steps: 7680/150000 | Episodes: 15 | LastEpReward: 13.931 | RecentReward: 9.088 | ActorLoss: -0.237915 | CriticLoss: 0.002241 | Q: 0.1546 | TargetQ: 0.1554 | TDAbs: 0.0505 | ActorGrad: 0.0135 | CriticGrad: 0.1270 | Noise: 0.3309 | Replay: 7680 | FPS: 60.90 | ETA: 38.9 min
2026-09-16 18:28:48,110 | INFO | Steps: 8192/150000 | Episodes: 16 | LastEpReward: 21.539 | RecentReward: 18.579 | ActorLoss: -0.373075 | CriticLoss: 0.001831 | Q: 0.2977 | TargetQ: 0.2980 | TDAbs: 0.0457 | ActorGrad: 0.0147 | CriticGrad: 0.1023 | Noise: 0.3295 | Replay: 8192 | FPS: 61.45 | ETA: 38.5 min
2026-09-16 18:28:55,522 | INFO | Steps: 8704/150000 | Episodes: 17 | LastEpReward: 37.936 | RecentReward: 21.366 | ActorLoss: -0.502966 | CriticLoss: 0.002536 | Q: 0.4311 | TargetQ: 0.4313 | TDAbs: 0.0534 | ActorGrad: 0.0124 | CriticGrad: 0.1394 | Noise: 0.3280 | Replay: 8704 | FPS: 61.85 | ETA: 38.1 min
2026-09-16 18:29:02,890 | INFO | Steps: 9216/150000 | Episodes: 18 | LastEpReward: 26.832 | RecentReward: 21.560 | ActorLoss: -0.622346 | CriticLoss: 0.003026 | Q: 0.5516 | TargetQ: 0.5520 | TDAbs: 0.0579 | ActorGrad: 0.0124 | CriticGrad: 0.1574 | Noise: 0.3265 | Replay: 9216 | FPS: 62.23 | ETA: 37.7 min
2026-09-16 18:29:10,184 | INFO | Steps: 9728/150000 | Episodes: 19 | LastEpReward: 21.751 | RecentReward: 21.949 | ActorLoss: -0.752352 | CriticLoss: 0.002427 | Q: 0.6847 | TargetQ: 0.6848 | TDAbs: 0.0524 | ActorGrad: 0.0135 | CriticGrad: 0.1276 | Noise: 0.3251 | Replay: 9728 | FPS: 62.60 | ETA: 37.3 min
2026-09-16 18:29:17,401 | INFO | 开始周期评估: Steps=10240 | Episodes=20 | EvalEpisodes=5
2026-09-16 18:29:40,149 | INFO | 周期评估完成: Steps=10240 | MeanReward=25.787 | StdReward=5.335
2026-09-16 18:29:40,163 | INFO | Steps: 10240/150000 | Episodes: 20 | LastEpReward: 22.279 | RecentReward: 22.039 | ActorLoss: -0.884518 | CriticLoss: 0.003015 | Q: 0.8216 | TargetQ: 0.8220 | TDAbs: 0.0587 | ActorGrad: 0.0122 | CriticGrad: 0.1611 | Noise: 0.3236 | Replay: 10240 | FPS: 55.24 | ETA: 42.2 min
2026-09-16 18:29:47,389 | INFO | Steps: 10752/150000 | Episodes: 21 | LastEpReward: 3.627 | RecentReward: 20.519 | ActorLoss: -0.996808 | CriticLoss: 0.002970 | Q: 0.9352 | TargetQ: 0.9354 | TDAbs: 0.0589 | ActorGrad: 0.0133 | CriticGrad: 0.1610 | Noise: 0.3221 | Replay: 10752 | FPS: 55.83 | ETA: 41.6 min
2026-09-16 18:29:54,651 | INFO | Steps: 11264/150000 | Episodes: 22 | LastEpReward: 25.221 | RecentReward: 21.482 | ActorLoss: -1.092702 | CriticLoss: 0.003536 | Q: 1.0326 | TargetQ: 1.0328 | TDAbs: 0.0625 | ActorGrad: 0.0125 | CriticGrad: 0.1773 | Noise: 0.3207 | Replay: 11264 | FPS: 56.36 | ETA: 41.0 min
2026-09-16 18:30:01,927 | INFO | Steps: 11776/150000 | Episodes: 23 | LastEpReward: 16.900 | RecentReward: 20.870 | ActorLoss: -1.197888 | CriticLoss: 0.003761 | Q: 1.1345 | TargetQ: 1.1352 | TDAbs: 0.0657 | ActorGrad: 0.0153 | CriticGrad: 0.1714 | Noise: 0.3192 | Replay: 11776 | FPS: 56.85 | ETA: 40.5 min
2026-09-16 18:30:09,265 | INFO | Steps: 12288/150000 | Episodes: 24 | LastEpReward: 17.323 | RecentReward: 20.734 | ActorLoss: -1.309884 | CriticLoss: 0.003835 | Q: 1.2480 | TargetQ: 1.2491 | TDAbs: 0.0665 | ActorGrad: 0.0148 | CriticGrad: 0.2055 | Noise: 0.3177 | Replay: 12288 | FPS: 57.29 | ETA: 40.1 min
2026-09-16 18:30:16,711 | INFO | Steps: 12800/150000 | Episodes: 25 | LastEpReward: 23.744 | RecentReward: 21.715 | ActorLoss: -1.424695 | CriticLoss: 0.004208 | Q: 1.3663 | TargetQ: 1.3662 | TDAbs: 0.0695 | ActorGrad: 0.0135 | CriticGrad: 0.2150 | Noise: 0.3163 | Replay: 12800 | FPS: 57.68 | ETA: 39.6 min
2026-09-16 18:30:24,064 | INFO | Steps: 13312/150000 | Episodes: 26 | LastEpReward: 17.448 | RecentReward: 21.306 | ActorLoss: -1.539458 | CriticLoss: 0.004214 | Q: 1.4835 | TargetQ: 1.4838 | TDAbs: 0.0698 | ActorGrad: 0.0118 | CriticGrad: 0.2192 | Noise: 0.3148 | Replay: 13312 | FPS: 58.06 | ETA: 39.2 min
2026-09-16 18:30:31,390 | INFO | Steps: 13824/150000 | Episodes: 27 | LastEpReward: 24.577 | RecentReward: 19.970 | ActorLoss: -1.615458 | CriticLoss: 0.004853 | Q: 1.5578 | TargetQ: 1.5585 | TDAbs: 0.0740 | ActorGrad: 0.0114 | CriticGrad: 0.2293 | Noise: 0.3134 | Replay: 13824 | FPS: 58.43 | ETA: 38.8 min
2026-09-16 18:30:38,652 | INFO | Steps: 14336/150000 | Episodes: 28 | LastEpReward: 19.156 | RecentReward: 19.202 | ActorLoss: -1.742847 | CriticLoss: 0.004788 | Q: 1.6859 | TargetQ: 1.6864 | TDAbs: 0.0741 | ActorGrad: 0.0101 | CriticGrad: 0.2234 | Noise: 0.3119 | Replay: 14336 | FPS: 58.79 | ETA: 38.5 min
2026-09-16 18:30:45,937 | INFO | Steps: 14848/150000 | Episodes: 29 | LastEpReward: 17.748 | RecentReward: 18.802 | ActorLoss: -1.829569 | CriticLoss: 0.005229 | Q: 1.7746 | TargetQ: 1.7752 | TDAbs: 0.0771 | ActorGrad: 0.0098 | CriticGrad: 0.2486 | Noise: 0.3104 | Replay: 14848 | FPS: 59.12 | ETA: 38.1 min
2026-09-16 18:30:53,269 | INFO | 开始周期评估: Steps=15360 | Episodes=30 | EvalEpisodes=5
2026-09-16 18:31:16,003 | INFO | 周期评估完成: Steps=15360 | MeanReward=27.116 | StdReward=5.569
2026-09-16 18:31:16,015 | INFO | Steps: 15360/150000 | Episodes: 30 | LastEpReward: 26.767 | RecentReward: 19.251 | ActorLoss: -1.902031 | CriticLoss: 0.005408 | Q: 1.8462 | TargetQ: 1.8469 | TDAbs: 0.0778 | ActorGrad: 0.0113 | CriticGrad: 0.2317 | Noise: 0.3090 | Replay: 15360 | FPS: 54.62 | ETA: 41.1 min
2026-09-16 18:31:23,307 | INFO | Steps: 15872/150000 | Episodes: 31 | LastEpReward: 19.301 | RecentReward: 20.819 | ActorLoss: -2.017762 | CriticLoss: 0.005338 | Q: 1.9633 | TargetQ: 1.9634 | TDAbs: 0.0782 | ActorGrad: 0.0109 | CriticGrad: 0.2617 | Noise: 0.3075 | Replay: 15872 | FPS: 55.01 | ETA: 40.6 min
2026-09-16 18:31:30,689 | INFO | Steps: 16384/150000 | Episodes: 32 | LastEpReward: 22.977 | RecentReward: 20.594 | ActorLoss: -2.122388 | CriticLoss: 0.005669 | Q: 2.0675 | TargetQ: 2.0675 | TDAbs: 0.0782 | ActorGrad: 0.0094 | CriticGrad: 0.2337 | Noise: 0.3060 | Replay: 16384 | FPS: 55.37 | ETA: 40.2 min
2026-09-16 18:31:37,985 | INFO | Steps: 16896/150000 | Episodes: 33 | LastEpReward: 13.476 | RecentReward: 20.252 | ActorLoss: -2.190959 | CriticLoss: 0.006182 | Q: 2.1375 | TargetQ: 2.1374 | TDAbs: 0.0816 | ActorGrad: 0.0098 | CriticGrad: 0.2678 | Noise: 0.3046 | Replay: 16896 | FPS: 55.73 | ETA: 39.8 min
2026-09-16 18:31:45,317 | INFO | Steps: 17408/150000 | Episodes: 34 | LastEpReward: 23.326 | RecentReward: 20.852 | ActorLoss: -2.261210 | CriticLoss: 0.006289 | Q: 2.2113 | TargetQ: 2.2116 | TDAbs: 0.0830 | ActorGrad: 0.0095 | CriticGrad: 0.2831 | Noise: 0.3031 | Replay: 17408 | FPS: 56.06 | ETA: 39.4 min
2026-09-16 18:31:52,870 | INFO | Steps: 17920/150000 | Episodes: 35 | LastEpReward: 35.885 | RecentReward: 22.066 | ActorLoss: -2.318281 | CriticLoss: 0.006028 | Q: 2.2681 | TargetQ: 2.2682 | TDAbs: 0.0831 | ActorGrad: 0.0091 | CriticGrad: 0.3095 | Noise: 0.3017 | Replay: 17920 | FPS: 56.34 | ETA: 39.1 min
2026-09-16 18:32:00,207 | INFO | Steps: 18432/150000 | Episodes: 36 | LastEpReward: 21.273 | RecentReward: 22.449 | ActorLoss: -2.401948 | CriticLoss: 0.007275 | Q: 2.3519 | TargetQ: 2.3526 | TDAbs: 0.0913 | ActorGrad: 0.0095 | CriticGrad: 0.3967 | Noise: 0.3002 | Replay: 18432 | FPS: 56.64 | ETA: 38.7 min
2026-09-16 18:32:07,531 | INFO | Steps: 18944/150000 | Episodes: 37 | LastEpReward: 17.874 | RecentReward: 21.778 | ActorLoss: -2.504411 | CriticLoss: 0.006607 | Q: 2.4531 | TargetQ: 2.4531 | TDAbs: 0.0857 | ActorGrad: 0.0099 | CriticGrad: 0.2973 | Noise: 0.2987 | Replay: 18944 | FPS: 56.93 | ETA: 38.4 min
2026-09-16 18:32:14,817 | INFO | Steps: 19456/150000 | Episodes: 38 | LastEpReward: 9.616 | RecentReward: 20.824 | ActorLoss: -2.577422 | CriticLoss: 0.006894 | Q: 2.5281 | TargetQ: 2.5290 | TDAbs: 0.0890 | ActorGrad: 0.0122 | CriticGrad: 0.3719 | Noise: 0.2973 | Replay: 19456 | FPS: 57.22 | ETA: 38.0 min
2026-09-16 18:32:22,396 | INFO | Steps: 19968/150000 | Episodes: 39 | LastEpReward: 30.916 | RecentReward: 22.141 | ActorLoss: -2.656750 | CriticLoss: 0.007837 | Q: 2.6056 | TargetQ: 2.6063 | TDAbs: 0.0932 | ActorGrad: 0.0152 | CriticGrad: 0.4161 | Noise: 0.2958 | Replay: 19968 | FPS: 57.44 | ETA: 37.7 min
2026-09-16 18:32:29,764 | INFO | 开始周期评估: Steps=20480 | Episodes=40 | EvalEpisodes=5
2026-09-16 18:32:52,537 | INFO | 周期评估完成: Steps=20480 | MeanReward=27.055 | StdReward=5.717
2026-09-16 18:32:52,545 | INFO | Steps: 20480/150000 | Episodes: 40 | LastEpReward: 22.066 | RecentReward: 21.671 | ActorLoss: -2.729692 | CriticLoss: 0.007533 | Q: 2.6774 | TargetQ: 2.6776 | TDAbs: 0.0897 | ActorGrad: 0.0142 | CriticGrad: 0.3120 | Noise: 0.2943 | Replay: 20480 | FPS: 54.22 | ETA: 39.8 min
2026-09-16 18:32:59,912 | INFO | Steps: 20992/150000 | Episodes: 41 | LastEpReward: 22.981 | RecentReward: 22.039 | ActorLoss: -2.845088 | CriticLoss: 0.008429 | Q: 2.7980 | TargetQ: 2.7986 | TDAbs: 0.0976 | ActorGrad: 0.0139 | CriticGrad: 0.3706 | Noise: 0.2929 | Replay: 20992 | FPS: 54.51 | ETA: 39.4 min
2026-09-16 18:33:07,527 | INFO | Steps: 21504/150000 | Episodes: 42 | LastEpReward: 29.739 | RecentReward: 22.715 | ActorLoss: -2.903886 | CriticLoss: 0.007455 | Q: 2.8612 | TargetQ: 2.8616 | TDAbs: 0.0918 | ActorGrad: 0.0128 | CriticGrad: 0.3567 | Noise: 0.2914 | Replay: 21504 | FPS: 54.75 | ETA: 39.1 min
2026-09-16 18:33:15,103 | INFO | Steps: 22016/150000 | Episodes: 43 | LastEpReward: 35.005 | RecentReward: 24.868 | ActorLoss: -2.985995 | CriticLoss: 0.008683 | Q: 2.9434 | TargetQ: 2.9453 | TDAbs: 0.0991 | ActorGrad: 0.0143 | CriticGrad: 0.4268 | Noise: 0.2900 | Replay: 22016 | FPS: 55.00 | ETA: 38.8 min
2026-09-16 18:33:22,502 | INFO | Steps: 22528/150000 | Episodes: 44 | LastEpReward: 28.764 | RecentReward: 25.412 | ActorLoss: -3.043023 | CriticLoss: 0.009374 | Q: 3.0026 | TargetQ: 3.0007 | TDAbs: 0.1008 | ActorGrad: 0.0161 | CriticGrad: 0.4465 | Noise: 0.2885 | Replay: 22528 | FPS: 55.25 | ETA: 38.4 min
2026-09-16 18:33:29,912 | INFO | Steps: 23040/150000 | Episodes: 45 | LastEpReward: 22.792 | RecentReward: 24.102 | ActorLoss: -3.075903 | CriticLoss: 0.009082 | Q: 3.0351 | TargetQ: 3.0357 | TDAbs: 0.0982 | ActorGrad: 0.0308 | CriticGrad: 0.3798 | Noise: 0.2870 | Replay: 23040 | FPS: 55.50 | ETA: 38.1 min
2026-09-16 18:33:37,271 | INFO | Steps: 23552/150000 | Episodes: 46 | LastEpReward: 19.291 | RecentReward: 23.904 | ActorLoss: -3.115406 | CriticLoss: 0.009101 | Q: 3.0710 | TargetQ: 3.0708 | TDAbs: 0.0993 | ActorGrad: 0.0426 | CriticGrad: 0.4023 | Noise: 0.2856 | Replay: 23552 | FPS: 55.75 | ETA: 37.8 min
2026-09-16 18:33:44,543 | INFO | Steps: 24064/150000 | Episodes: 47 | LastEpReward: 10.935 | RecentReward: 23.210 | ActorLoss: -3.178558 | CriticLoss: 0.009887 | Q: 3.1355 | TargetQ: 3.1353 | TDAbs: 0.1034 | ActorGrad: 0.0599 | CriticGrad: 0.3849 | Noise: 0.2841 | Replay: 24064 | FPS: 56.00 | ETA: 37.5 min
2026-09-16 18:33:51,910 | INFO | Steps: 24576/150000 | Episodes: 48 | LastEpReward: 18.607 | RecentReward: 24.109 | ActorLoss: -3.257971 | CriticLoss: 0.011158 | Q: 3.2105 | TargetQ: 3.2113 | TDAbs: 0.1126 | ActorGrad: 0.0579 | CriticGrad: 0.5415 | Noise: 0.2826 | Replay: 24576 | FPS: 56.22 | ETA: 37.2 min
2026-09-16 18:33:59,341 | INFO | Steps: 25088/150000 | Episodes: 49 | LastEpReward: 9.369 | RecentReward: 21.955 | ActorLoss: -3.362637 | CriticLoss: 0.013932 | Q: 3.2967 | TargetQ: 3.2960 | TDAbs: 0.1244 | ActorGrad: 0.0453 | CriticGrad: 0.5163 | Noise: 0.2812 | Replay: 25088 | FPS: 56.43 | ETA: 36.9 min
2026-09-16 18:34:06,760 | INFO | 开始周期评估: Steps=25600 | Episodes=50 | EvalEpisodes=5
2026-09-16 18:34:29,627 | INFO | 周期评估完成: Steps=25600 | MeanReward=6.665 | StdReward=2.745
2026-09-16 18:34:29,637 | INFO | Steps: 25600/150000 | Episodes: 50 | LastEpReward: -3.077 | RecentReward: 19.440 | ActorLoss: -3.424982 | CriticLoss: 0.014450 | Q: 3.3678 | TargetQ: 3.3690 | TDAbs: 0.1270 | ActorGrad: 0.0546 | CriticGrad: 0.5222 | Noise: 0.2797 | Replay: 25600 | FPS: 53.91 | ETA: 38.5 min
2026-09-16 18:34:37,154 | INFO | Steps: 26112/150000 | Episodes: 51 | LastEpReward: 7.241 | RecentReward: 17.867 | ActorLoss: -3.483346 | CriticLoss: 0.013269 | Q: 3.4484 | TargetQ: 3.4477 | TDAbs: 0.1199 | ActorGrad: 0.0482 | CriticGrad: 0.4179 | Noise: 0.2783 | Replay: 26112 | FPS: 54.13 | ETA: 38.1 min
2026-09-16 18:34:44,587 | INFO | Steps: 26624/150000 | Episodes: 52 | LastEpReward: 9.151 | RecentReward: 15.808 | ActorLoss: -3.458918 | CriticLoss: 0.011701 | Q: 3.4343 | TargetQ: 3.4354 | TDAbs: 0.1155 | ActorGrad: 0.0600 | CriticGrad: 0.3912 | Noise: 0.2768 | Replay: 26624 | FPS: 54.36 | ETA: 37.8 min
2026-09-16 18:34:51,951 | INFO | Steps: 27136/150000 | Episodes: 53 | LastEpReward: 12.630 | RecentReward: 13.570 | ActorLoss: -3.492237 | CriticLoss: 0.010020 | Q: 3.4557 | TargetQ: 3.4563 | TDAbs: 0.1079 | ActorGrad: 0.0194 | CriticGrad: 0.4055 | Noise: 0.2753 | Replay: 27136 | FPS: 54.58 | ETA: 37.5 min
2026-09-16 18:34:59,357 | INFO | Steps: 27648/150000 | Episodes: 54 | LastEpReward: 17.936 | RecentReward: 12.487 | ActorLoss: -3.527762 | CriticLoss: 0.009760 | Q: 3.4918 | TargetQ: 3.4921 | TDAbs: 0.1058 | ActorGrad: 0.0145 | CriticGrad: 0.4464 | Noise: 0.2739 | Replay: 27648 | FPS: 54.80 | ETA: 37.2 min
2026-09-16 18:35:06,745 | INFO | Steps: 28160/150000 | Episodes: 55 | LastEpReward: 18.110 | RecentReward: 12.019 | ActorLoss: -3.540990 | CriticLoss: 0.009367 | Q: 3.5026 | TargetQ: 3.5032 | TDAbs: 0.1030 | ActorGrad: 0.0146 | CriticGrad: 0.4292 | Noise: 0.2724 | Replay: 28160 | FPS: 55.00 | ETA: 36.9 min
2026-09-16 18:35:14,507 | INFO | Steps: 28672/150000 | Episodes: 56 | LastEpReward: 22.468 | RecentReward: 12.337 | ActorLoss: -3.599946 | CriticLoss: 0.009084 | Q: 3.5613 | TargetQ: 3.5613 | TDAbs: 0.1018 | ActorGrad: 0.0125 | CriticGrad: 0.3710 | Noise: 0.2709 | Replay: 28672 | FPS: 55.17 | ETA: 36.7 min
2026-09-16 18:35:22,141 | INFO | Steps: 29184/150000 | Episodes: 57 | LastEpReward: 20.241 | RecentReward: 13.267 | ActorLoss: -3.651020 | CriticLoss: 0.009645 | Q: 3.6117 | TargetQ: 3.6120 | TDAbs: 0.1043 | ActorGrad: 0.0144 | CriticGrad: 0.4022 | Noise: 0.2695 | Replay: 29184 | FPS: 55.34 | ETA: 36.4 min
2026-09-16 18:35:29,477 | INFO | Steps: 29696/150000 | Episodes: 58 | LastEpReward: 11.984 | RecentReward: 12.605 | ActorLoss: -3.663550 | CriticLoss: 0.010051 | Q: 3.6255 | TargetQ: 3.6259 | TDAbs: 0.1053 | ActorGrad: 0.0125 | CriticGrad: 0.4002 | Noise: 0.2680 | Replay: 29696 | FPS: 55.54 | ETA: 36.1 min
2026-09-16 18:35:36,890 | INFO | Steps: 30208/150000 | Episodes: 59 | LastEpReward: 17.535 | RecentReward: 13.422 | ActorLoss: -3.685107 | CriticLoss: 0.010885 | Q: 3.6476 | TargetQ: 3.6477 | TDAbs: 0.1104 | ActorGrad: 0.0147 | CriticGrad: 0.5575 | Noise: 0.2665 | Replay: 30208 | FPS: 55.72 | ETA: 35.8 min
2026-09-16 18:35:44,329 | INFO | 开始周期评估: Steps=30720 | Episodes=60 | EvalEpisodes=5
2026-09-16 18:36:07,130 | INFO | 周期评估完成: Steps=30720 | MeanReward=23.720 | StdReward=3.409
2026-09-16 18:36:07,139 | INFO | Steps: 30720/150000 | Episodes: 60 | LastEpReward: 14.465 | RecentReward: 15.176 | ActorLoss: -3.717159 | CriticLoss: 0.009552 | Q: 3.6798 | TargetQ: 3.6796 | TDAbs: 0.1019 | ActorGrad: 0.0173 | CriticGrad: 0.3853 | Noise: 0.2651 | Replay: 30720 | FPS: 53.67 | ETA: 37.0 min
2026-09-16 18:36:14,532 | INFO | Steps: 31232/150000 | Episodes: 61 | LastEpReward: 25.513 | RecentReward: 17.003 | ActorLoss: -3.734082 | CriticLoss: 0.009905 | Q: 3.6967 | TargetQ: 3.6972 | TDAbs: 0.1057 | ActorGrad: 0.0174 | CriticGrad: 0.3909 | Noise: 0.2636 | Replay: 31232 | FPS: 53.87 | ETA: 36.7 min
2026-09-16 18:36:22,026 | INFO | Steps: 31744/150000 | Episodes: 62 | LastEpReward: 28.598 | RecentReward: 18.948 | ActorLoss: -3.777984 | CriticLoss: 0.011382 | Q: 3.7373 | TargetQ: 3.7384 | TDAbs: 0.1131 | ActorGrad: 0.0185 | CriticGrad: 0.5035 | Noise: 0.2622 | Replay: 31744 | FPS: 54.06 | ETA: 36.5 min
2026-09-16 18:36:29,555 | INFO | Steps: 32256/150000 | Episodes: 63 | LastEpReward: 23.953 | RecentReward: 20.080 | ActorLoss: -3.820469 | CriticLoss: 0.010477 | Q: 3.7828 | TargetQ: 3.7829 | TDAbs: 0.1082 | ActorGrad: 0.0123 | CriticGrad: 0.3766 | Noise: 0.2607 | Replay: 32256 | FPS: 54.23 | ETA: 36.2 min
2026-09-16 18:36:36,934 | INFO | Steps: 32768/150000 | Episodes: 64 | LastEpReward: 22.088 | RecentReward: 20.495 | ActorLoss: -3.840743 | CriticLoss: 0.011563 | Q: 3.8005 | TargetQ: 3.8014 | TDAbs: 0.1142 | ActorGrad: 0.0170 | CriticGrad: 0.5304 | Noise: 0.2592 | Replay: 32768 | FPS: 54.42 | ETA: 35.9 min
2026-09-16 18:36:44,393 | INFO | Steps: 33280/150000 | Episodes: 65 | LastEpReward: 18.135 | RecentReward: 20.498 | ActorLoss: -3.909824 | CriticLoss: 0.011243 | Q: 3.8696 | TargetQ: 3.8694 | TDAbs: 0.1115 | ActorGrad: 0.0153 | CriticGrad: 0.4391 | Noise: 0.2578 | Replay: 33280 | FPS: 54.59 | ETA: 35.6 min
2026-09-16 18:36:51,817 | INFO | Steps: 33792/150000 | Episodes: 66 | LastEpReward: 21.529 | RecentReward: 20.404 | ActorLoss: -3.918573 | CriticLoss: 0.010713 | Q: 3.8806 | TargetQ: 3.8804 | TDAbs: 0.1110 | ActorGrad: 0.0748 | CriticGrad: 0.4302 | Noise: 0.2563 | Replay: 33792 | FPS: 54.77 | ETA: 35.4 min
2026-09-16 18:36:59,331 | INFO | Steps: 34304/150000 | Episodes: 67 | LastEpReward: 29.776 | RecentReward: 21.358 | ActorLoss: -3.974440 | CriticLoss: 0.012695 | Q: 3.9367 | TargetQ: 3.9358 | TDAbs: 0.1150 | ActorGrad: 0.0485 | CriticGrad: 0.4310 | Noise: 0.2548 | Replay: 34304 | FPS: 54.93 | ETA: 35.1 min
2026-09-16 18:37:07,136 | INFO | Steps: 34816/150000 | Episodes: 68 | LastEpReward: 27.820 | RecentReward: 22.941 | ActorLoss: -3.986173 | CriticLoss: 0.011511 | Q: 3.9470 | TargetQ: 3.9471 | TDAbs: 0.1150 | ActorGrad: 0.0408 | CriticGrad: 0.5110 | Noise: 0.2534 | Replay: 34816 | FPS: 55.06 | ETA: 34.9 min
2026-09-16 18:37:14,893 | INFO | Steps: 35328/150000 | Episodes: 69 | LastEpReward: 35.101 | RecentReward: 24.698 | ActorLoss: -4.050555 | CriticLoss: 0.012290 | Q: 4.0108 | TargetQ: 4.0104 | TDAbs: 0.1174 | ActorGrad: 0.0662 | CriticGrad: 0.4677 | Noise: 0.2519 | Replay: 35328 | FPS: 55.19 | ETA: 34.6 min
2026-09-16 18:37:22,232 | INFO | 开始周期评估: Steps=35840 | Episodes=70 | EvalEpisodes=5
2026-09-16 18:37:44,958 | INFO | 周期评估完成: Steps=35840 | MeanReward=23.920 | StdReward=6.968
2026-09-16 18:37:44,968 | INFO | Steps: 35840/150000 | Episodes: 70 | LastEpReward: 18.917 | RecentReward: 25.143 | ActorLoss: -4.069691 | CriticLoss: 0.013760 | Q: 4.0296 | TargetQ: 4.0283 | TDAbs: 0.1229 | ActorGrad: 0.0616 | CriticGrad: 0.6100 | Noise: 0.2505 | Replay: 35840 | FPS: 53.48 | ETA: 35.6 min
2026-09-16 18:37:52,297 | INFO | Steps: 36352/150000 | Episodes: 71 | LastEpReward: 17.850 | RecentReward: 24.377 | ActorLoss: -4.122764 | CriticLoss: 0.011994 | Q: 4.0827 | TargetQ: 4.0822 | TDAbs: 0.1165 | ActorGrad: 0.0466 | CriticGrad: 0.4378 | Noise: 0.2490 | Replay: 36352 | FPS: 53.66 | ETA: 35.3 min
2026-09-16 18:37:59,689 | INFO | Steps: 36864/150000 | Episodes: 72 | LastEpReward: 17.834 | RecentReward: 23.300 | ActorLoss: -4.151275 | CriticLoss: 0.013031 | Q: 4.1113 | TargetQ: 4.1111 | TDAbs: 0.1229 | ActorGrad: 0.0609 | CriticGrad: 0.5279 | Noise: 0.2475 | Replay: 36864 | FPS: 53.82 | ETA: 35.0 min
2026-09-16 18:38:07,148 | INFO | Steps: 37376/150000 | Episodes: 73 | LastEpReward: 16.833 | RecentReward: 22.588 | ActorLoss: -4.147985 | CriticLoss: 0.015811 | Q: 4.1045 | TargetQ: 4.1047 | TDAbs: 0.1332 | ActorGrad: 0.0703 | CriticGrad: 0.5226 | Noise: 0.2461 | Replay: 37376 | FPS: 53.98 | ETA: 34.8 min
2026-09-16 18:38:14,681 | INFO | Steps: 37888/150000 | Episodes: 74 | LastEpReward: 10.377 | RecentReward: 21.417 | ActorLoss: -4.232142 | CriticLoss: 0.017958 | Q: 4.1970 | TargetQ: 4.1967 | TDAbs: 0.1412 | ActorGrad: 0.0556 | CriticGrad: 0.5866 | Noise: 0.2446 | Replay: 37888 | FPS: 54.13 | ETA: 34.5 min
2026-09-16 18:38:22,046 | INFO | Steps: 38400/150000 | Episodes: 75 | LastEpReward: -1.014 | RecentReward: 19.502 | ActorLoss: -4.239949 | CriticLoss: 0.019451 | Q: 4.2054 | TargetQ: 4.2058 | TDAbs: 0.1490 | ActorGrad: 0.0574 | CriticGrad: 0.5935 | Noise: 0.2431 | Replay: 38400 | FPS: 54.29 | ETA: 34.3 min
2026-09-16 18:38:29,345 | INFO | Steps: 38912/150000 | Episodes: 76 | LastEpReward: -5.674 | RecentReward: 16.782 | ActorLoss: -4.218823 | CriticLoss: 0.020302 | Q: 4.1867 | TargetQ: 4.1877 | TDAbs: 0.1505 | ActorGrad: 0.0541 | CriticGrad: 0.6267 | Noise: 0.2417 | Replay: 38912 | FPS: 54.46 | ETA: 34.0 min
2026-09-16 18:38:37,043 | INFO | Steps: 39424/150000 | Episodes: 77 | LastEpReward: 1.647 | RecentReward: 13.969 | ActorLoss: -4.229591 | CriticLoss: 0.020386 | Q: 4.2098 | TargetQ: 4.2057 | TDAbs: 0.1466 | ActorGrad: 0.0536 | CriticGrad: 0.5625 | Noise: 0.2402 | Replay: 39424 | FPS: 54.58 | ETA: 33.8 min
2026-09-16 18:38:44,423 | INFO | Steps: 39936/150000 | Episodes: 78 | LastEpReward: 9.842 | RecentReward: 12.171 | ActorLoss: -4.221233 | CriticLoss: 0.016637 | Q: 4.1856 | TargetQ: 4.1849 | TDAbs: 0.1345 | ActorGrad: 0.0266 | CriticGrad: 0.4879 | Noise: 0.2388 | Replay: 39936 | FPS: 54.73 | ETA: 33.5 min
2026-09-16 18:38:51,912 | INFO | Steps: 40448/150000 | Episodes: 79 | LastEpReward: 20.423 | RecentReward: 10.704 | ActorLoss: -4.261901 | CriticLoss: 0.014170 | Q: 4.2239 | TargetQ: 4.2248 | TDAbs: 0.1269 | ActorGrad: 0.0255 | CriticGrad: 0.5664 | Noise: 0.2373 | Replay: 40448 | FPS: 54.87 | ETA: 33.3 min
2026-09-16 18:38:59,386 | INFO | 开始周期评估: Steps=40960 | Episodes=80 | EvalEpisodes=5
2026-09-16 18:39:22,178 | INFO | 周期评估完成: Steps=40960 | MeanReward=27.082 | StdReward=5.438
2026-09-16 18:39:22,187 | INFO | Steps: 40960/150000 | Episodes: 80 | LastEpReward: 16.946 | RecentReward: 10.506 | ActorLoss: -4.302384 | CriticLoss: 0.015211 | Q: 4.2661 | TargetQ: 4.2660 | TDAbs: 0.1273 | ActorGrad: 0.0246 | CriticGrad: 0.5154 | Noise: 0.2358 | Replay: 40960 | FPS: 53.38 | ETA: 34.0 min
2026-09-16 18:39:29,581 | INFO | Steps: 41472/150000 | Episodes: 81 | LastEpReward: 18.446 | RecentReward: 10.566 | ActorLoss: -4.317576 | CriticLoss: 0.013144 | Q: 4.2807 | TargetQ: 4.2814 | TDAbs: 0.1226 | ActorGrad: 0.0235 | CriticGrad: 0.4621 | Noise: 0.2344 | Replay: 41472 | FPS: 53.53 | ETA: 33.8 min
2026-09-16 18:39:36,989 | INFO | Steps: 41984/150000 | Episodes: 82 | LastEpReward: 15.317 | RecentReward: 10.314 | ActorLoss: -4.327620 | CriticLoss: 0.012929 | Q: 4.2936 | TargetQ: 4.2931 | TDAbs: 0.1197 | ActorGrad: 0.0261 | CriticGrad: 0.4485 | Noise: 0.2329 | Replay: 41984 | FPS: 53.67 | ETA: 33.5 min
2026-09-16 18:39:44,413 | INFO | Steps: 42496/150000 | Episodes: 83 | LastEpReward: 12.649 | RecentReward: 9.896 | ActorLoss: -4.293692 | CriticLoss: 0.014431 | Q: 4.2604 | TargetQ: 4.2607 | TDAbs: 0.1263 | ActorGrad: 0.0211 | CriticGrad: 0.5604 | Noise: 0.2314 | Replay: 42496 | FPS: 53.82 | ETA: 33.3 min
2026-09-16 18:39:51,886 | INFO | Steps: 43008/150000 | Episodes: 84 | LastEpReward: 20.763 | RecentReward: 10.935 | ActorLoss: -4.320174 | CriticLoss: 0.013834 | Q: 4.2858 | TargetQ: 4.2862 | TDAbs: 0.1238 | ActorGrad: 0.0231 | CriticGrad: 0.5560 | Noise: 0.2300 | Replay: 43008 | FPS: 53.96 | ETA: 33.0 min
2026-09-16 18:39:59,381 | INFO | Steps: 43520/150000 | Episodes: 85 | LastEpReward: 10.560 | RecentReward: 12.092 | ActorLoss: -4.355311 | CriticLoss: 0.013514 | Q: 4.3214 | TargetQ: 4.3217 | TDAbs: 0.1218 | ActorGrad: 0.0238 | CriticGrad: 0.5425 | Noise: 0.2285 | Replay: 43520 | FPS: 54.09 | ETA: 32.8 min
2026-09-16 18:40:07,129 | INFO | Steps: 44032/150000 | Episodes: 86 | LastEpReward: 37.965 | RecentReward: 16.456 | ActorLoss: -4.352654 | CriticLoss: 0.013172 | Q: 4.3180 | TargetQ: 4.3178 | TDAbs: 0.1210 | ActorGrad: 0.0242 | CriticGrad: 0.4592 | Noise: 0.2271 | Replay: 44032 | FPS: 54.20 | ETA: 32.6 min
2026-09-16 18:40:14,746 | INFO | Steps: 44544/150000 | Episodes: 87 | LastEpReward: 31.457 | RecentReward: 19.437 | ActorLoss: -4.387461 | CriticLoss: 0.014137 | Q: 4.3543 | TargetQ: 4.3531 | TDAbs: 0.1234 | ActorGrad: 0.0259 | CriticGrad: 0.4928 | Noise: 0.2256 | Replay: 44544 | FPS: 54.32 | ETA: 32.4 min
2026-09-16 18:40:22,224 | INFO | Steps: 45056/150000 | Episodes: 88 | LastEpReward: 31.301 | RecentReward: 21.583 | ActorLoss: -4.395310 | CriticLoss: 0.013827 | Q: 4.3625 | TargetQ: 4.3619 | TDAbs: 0.1249 | ActorGrad: 0.0286 | CriticGrad: 0.4777 | Noise: 0.2241 | Replay: 45056 | FPS: 54.45 | ETA: 32.1 min
2026-09-16 18:40:29,598 | INFO | Steps: 45568/150000 | Episodes: 89 | LastEpReward: 13.058 | RecentReward: 20.846 | ActorLoss: -4.388535 | CriticLoss: 0.014168 | Q: 4.3579 | TargetQ: 4.3570 | TDAbs: 0.1244 | ActorGrad: 0.0289 | CriticGrad: 0.5541 | Noise: 0.2227 | Replay: 45568 | FPS: 54.58 | ETA: 31.9 min
2026-09-16 18:40:37,093 | INFO | 开始周期评估: Steps=46080 | Episodes=90 | EvalEpisodes=5
2026-09-16 18:40:59,902 | INFO | 周期评估完成: Steps=46080 | MeanReward=27.043 | StdReward=5.637
2026-09-16 18:40:59,910 | INFO | Steps: 46080/150000 | Episodes: 90 | LastEpReward: 22.903 | RecentReward: 21.442 | ActorLoss: -4.428955 | CriticLoss: 0.013979 | Q: 4.3982 | TargetQ: 4.3979 | TDAbs: 0.1254 | ActorGrad: 0.0243 | CriticGrad: 0.5407 | Noise: 0.2212 | Replay: 46080 | FPS: 53.26 | ETA: 32.5 min
2026-09-16 18:41:07,322 | INFO | Steps: 46592/150000 | Episodes: 91 | LastEpReward: 25.582 | RecentReward: 22.156 | ActorLoss: -4.404687 | CriticLoss: 0.013378 | Q: 4.3735 | TargetQ: 4.3735 | TDAbs: 0.1231 | ActorGrad: 0.0190 | CriticGrad: 0.4942 | Noise: 0.2197 | Replay: 46592 | FPS: 53.40 | ETA: 32.3 min
2026-09-16 18:41:14,914 | INFO | Steps: 47104/150000 | Episodes: 92 | LastEpReward: 35.245 | RecentReward: 24.148 | ActorLoss: -4.438143 | CriticLoss: 0.014365 | Q: 4.4064 | TargetQ: 4.4052 | TDAbs: 0.1271 | ActorGrad: 0.0232 | CriticGrad: 0.5964 | Noise: 0.2183 | Replay: 47104 | FPS: 53.52 | ETA: 32.0 min
2026-09-16 18:41:22,392 | INFO | Steps: 47616/150000 | Episodes: 93 | LastEpReward: 19.844 | RecentReward: 24.868 | ActorLoss: -4.422385 | CriticLoss: 0.014450 | Q: 4.3905 | TargetQ: 4.3903 | TDAbs: 0.1269 | ActorGrad: 0.0273 | CriticGrad: 0.5508 | Noise: 0.2168 | Replay: 47616 | FPS: 53.65 | ETA: 31.8 min
2026-09-16 18:41:29,866 | INFO | Steps: 48128/150000 | Episodes: 94 | LastEpReward: 19.688 | RecentReward: 24.760 | ActorLoss: -4.439752 | CriticLoss: 0.015854 | Q: 4.4079 | TargetQ: 4.4068 | TDAbs: 0.1303 | ActorGrad: 0.0206 | CriticGrad: 0.5577 | Noise: 0.2153 | Replay: 48128 | FPS: 53.77 | ETA: 31.6 min
2026-09-16 18:41:37,385 | INFO | Steps: 48640/150000 | Episodes: 95 | LastEpReward: 24.814 | RecentReward: 26.186 | ActorLoss: -4.421676 | CriticLoss: 0.013933 | Q: 4.3903 | TargetQ: 4.3896 | TDAbs: 0.1253 | ActorGrad: 0.0169 | CriticGrad: 0.5385 | Noise: 0.2139 | Replay: 48640 | FPS: 53.89 | ETA: 31.3 min
2026-09-16 18:41:44,874 | INFO | Steps: 49152/150000 | Episodes: 96 | LastEpReward: 16.615 | RecentReward: 24.051 | ActorLoss: -4.452787 | CriticLoss: 0.013945 | Q: 4.4231 | TargetQ: 4.4231 | TDAbs: 0.1256 | ActorGrad: 0.0305 | CriticGrad: 0.5181 | Noise: 0.2124 | Replay: 49152 | FPS: 54.01 | ETA: 31.1 min
2026-09-16 18:41:52,256 | INFO | Steps: 49664/150000 | Episodes: 97 | LastEpReward: 14.701 | RecentReward: 22.375 | ActorLoss: -4.468110 | CriticLoss: 0.014789 | Q: 4.4366 | TargetQ: 4.4357 | TDAbs: 0.1276 | ActorGrad: 0.0182 | CriticGrad: 0.5944 | Noise: 0.2110 | Replay: 49664 | FPS: 54.13 | ETA: 30.9 min
2026-09-16 18:41:59,957 | INFO | Steps: 50176/150000 | Episodes: 98 | LastEpReward: 31.804 | RecentReward: 22.426 | ActorLoss: -4.466565 | CriticLoss: 0.014758 | Q: 4.4346 | TargetQ: 4.4346 | TDAbs: 0.1281 | ActorGrad: 0.0236 | CriticGrad: 0.5177 | Noise: 0.2095 | Replay: 50000 | FPS: 54.23 | ETA: 30.7 min
2026-09-16 18:42:07,548 | INFO | Steps: 50688/150000 | Episodes: 99 | LastEpReward: 31.343 | RecentReward: 24.254 | ActorLoss: -4.512806 | CriticLoss: 0.013871 | Q: 4.4837 | TargetQ: 4.4831 | TDAbs: 0.1252 | ActorGrad: 0.0190 | CriticGrad: 0.4808 | Noise: 0.2080 | Replay: 50000 | FPS: 54.34 | ETA: 30.5 min
2026-09-16 18:42:14,973 | INFO | 开始周期评估: Steps=51200 | Episodes=100 | EvalEpisodes=5
2026-09-16 18:42:37,829 | INFO | 周期评估完成: Steps=51200 | MeanReward=27.628 | StdReward=5.342
2026-09-16 18:42:37,843 | INFO | Steps: 51200/150000 | Episodes: 100 | LastEpReward: 22.289 | RecentReward: 24.192 | ActorLoss: -4.502548 | CriticLoss: 0.014776 | Q: 4.4733 | TargetQ: 4.4730 | TDAbs: 0.1284 | ActorGrad: 0.0209 | CriticGrad: 0.5534 | Noise: 0.2066 | Replay: 50000 | FPS: 53.16 | ETA: 31.0 min
2026-09-16 18:42:45,576 | INFO | Steps: 51712/150000 | Episodes: 101 | LastEpReward: 36.463 | RecentReward: 25.281 | ActorLoss: -4.548319 | CriticLoss: 0.014421 | Q: 4.5203 | TargetQ: 4.5204 | TDAbs: 0.1272 | ActorGrad: 0.0207 | CriticGrad: 0.5768 | Noise: 0.2051 | Replay: 50000 | FPS: 53.27 | ETA: 30.8 min
2026-09-16 18:42:53,046 | INFO | Steps: 52224/150000 | Episodes: 102 | LastEpReward: 17.733 | RecentReward: 23.529 | ActorLoss: -4.580534 | CriticLoss: 0.014768 | Q: 4.5544 | TargetQ: 4.5528 | TDAbs: 0.1283 | ActorGrad: 0.0750 | CriticGrad: 0.5688 | Noise: 0.2036 | Replay: 50000 | FPS: 53.38 | ETA: 30.5 min
2026-09-16 18:43:00,680 | INFO | Steps: 52736/150000 | Episodes: 103 | LastEpReward: 30.242 | RecentReward: 24.569 | ActorLoss: -4.634389 | CriticLoss: 0.014386 | Q: 4.6108 | TargetQ: 4.6108 | TDAbs: 0.1281 | ActorGrad: 0.0767 | CriticGrad: 0.5092 | Noise: 0.2022 | Replay: 50000 | FPS: 53.49 | ETA: 30.3 min
2026-09-16 18:43:08,082 | INFO | Steps: 53248/150000 | Episodes: 104 | LastEpReward: 18.634 | RecentReward: 24.464 | ActorLoss: -4.644772 | CriticLoss: 0.014394 | Q: 4.6228 | TargetQ: 4.6230 | TDAbs: 0.1279 | ActorGrad: 0.0273 | CriticGrad: 0.5148 | Noise: 0.2007 | Replay: 50000 | FPS: 53.61 | ETA: 30.1 min
2026-09-16 18:43:15,589 | INFO | Steps: 53760/150000 | Episodes: 105 | LastEpReward: 31.622 | RecentReward: 25.145 | ActorLoss: -4.679706 | CriticLoss: 0.014945 | Q: 4.6559 | TargetQ: 4.6552 | TDAbs: 0.1294 | ActorGrad: 0.0958 | CriticGrad: 0.5279 | Noise: 0.1993 | Replay: 50000 | FPS: 53.72 | ETA: 29.9 min
2026-09-16 18:43:23,282 | INFO | Steps: 54272/150000 | Episodes: 106 | LastEpReward: 25.233 | RecentReward: 26.006 | ActorLoss: -4.698917 | CriticLoss: 0.016645 | Q: 4.6757 | TargetQ: 4.6743 | TDAbs: 0.1328 | ActorGrad: 0.0956 | CriticGrad: 0.5454 | Noise: 0.1978 | Replay: 50000 | FPS: 53.82 | ETA: 29.6 min
2026-09-16 18:43:30,725 | INFO | Steps: 54784/150000 | Episodes: 107 | LastEpReward: 19.387 | RecentReward: 26.475 | ActorLoss: -4.710927 | CriticLoss: 0.015957 | Q: 4.6887 | TargetQ: 4.6871 | TDAbs: 0.1315 | ActorGrad: 0.0902 | CriticGrad: 0.5373 | Noise: 0.1963 | Replay: 50000 | FPS: 53.92 | ETA: 29.4 min
2026-09-16 18:43:38,590 | INFO | Steps: 55296/150000 | Episodes: 108 | LastEpReward: 31.466 | RecentReward: 26.441 | ActorLoss: -4.706500 | CriticLoss: 0.015793 | Q: 4.6862 | TargetQ: 4.6851 | TDAbs: 0.1318 | ActorGrad: 0.0742 | CriticGrad: 0.5687 | Noise: 0.1949 | Replay: 50000 | FPS: 54.01 | ETA: 29.2 min
2026-09-16 18:43:46,069 | INFO | Steps: 55808/150000 | Episodes: 109 | LastEpReward: 19.964 | RecentReward: 25.303 | ActorLoss: -4.711057 | CriticLoss: 0.015590 | Q: 4.6921 | TargetQ: 4.6910 | TDAbs: 0.1310 | ActorGrad: 0.0714 | CriticGrad: 0.5229 | Noise: 0.1934 | Replay: 50000 | FPS: 54.12 | ETA: 29.0 min
2026-09-16 18:43:53,464 | INFO | 开始周期评估: Steps=56320 | Episodes=110 | EvalEpisodes=5
2026-09-16 18:44:16,275 | INFO | 周期评估完成: Steps=56320 | MeanReward=27.118 | StdReward=5.502
2026-09-16 18:44:16,283 | INFO | Steps: 56320/150000 | Episodes: 110 | LastEpReward: 22.647 | RecentReward: 25.339 | ActorLoss: -4.692298 | CriticLoss: 0.017249 | Q: 4.6734 | TargetQ: 4.6721 | TDAbs: 0.1346 | ActorGrad: 0.0704 | CriticGrad: 0.5859 | Noise: 0.1919 | Replay: 50000 | FPS: 53.06 | ETA: 29.4 min
2026-09-16 18:44:23,764 | INFO | Steps: 56832/150000 | Episodes: 111 | LastEpReward: 25.385 | RecentReward: 24.231 | ActorLoss: -4.691145 | CriticLoss: 0.014198 | Q: 4.6721 | TargetQ: 4.6721 | TDAbs: 0.1288 | ActorGrad: 0.0612 | CriticGrad: 0.4819 | Noise: 0.1905 | Replay: 50000 | FPS: 53.17 | ETA: 29.2 min
2026-09-16 18:44:31,201 | INFO | Steps: 57344/150000 | Episodes: 112 | LastEpReward: 19.384 | RecentReward: 24.396 | ActorLoss: -4.680696 | CriticLoss: 0.015898 | Q: 4.6632 | TargetQ: 4.6620 | TDAbs: 0.1308 | ActorGrad: 0.0503 | CriticGrad: 0.5431 | Noise: 0.1890 | Replay: 50000 | FPS: 53.27 | ETA: 29.0 min
2026-09-16 18:44:38,669 | INFO | Steps: 57856/150000 | Episodes: 113 | LastEpReward: 14.816 | RecentReward: 22.854 | ActorLoss: -4.693836 | CriticLoss: 0.014653 | Q: 4.6752 | TargetQ: 4.6761 | TDAbs: 0.1292 | ActorGrad: 0.0645 | CriticGrad: 0.4533 | Noise: 0.1876 | Replay: 50000 | FPS: 53.38 | ETA: 28.8 min
2026-09-16 18:44:46,190 | INFO | Steps: 58368/150000 | Episodes: 114 | LastEpReward: 26.275 | RecentReward: 23.618 | ActorLoss: -4.699482 | CriticLoss: 0.015409 | Q: 4.6807 | TargetQ: 4.6808 | TDAbs: 0.1332 | ActorGrad: 0.0611 | CriticGrad: 0.6288 | Noise: 0.1861 | Replay: 50000 | FPS: 53.48 | ETA: 28.6 min
2026-09-16 18:44:53,670 | INFO | Steps: 58880/150000 | Episodes: 115 | LastEpReward: 10.340 | RecentReward: 21.490 | ActorLoss: -4.678673 | CriticLoss: 0.015876 | Q: 4.6600 | TargetQ: 4.6582 | TDAbs: 0.1301 | ActorGrad: 0.0528 | CriticGrad: 0.5011 | Noise: 0.1846 | Replay: 50000 | FPS: 53.58 | ETA: 28.3 min
2026-09-16 18:45:01,061 | INFO | Steps: 59392/150000 | Episodes: 116 | LastEpReward: 15.567 | RecentReward: 20.523 | ActorLoss: -4.656779 | CriticLoss: 0.014771 | Q: 4.6378 | TargetQ: 4.6385 | TDAbs: 0.1307 | ActorGrad: 0.0474 | CriticGrad: 0.5809 | Noise: 0.1832 | Replay: 50000 | FPS: 53.69 | ETA: 28.1 min
2026-09-16 18:45:08,475 | INFO | Steps: 59904/150000 | Episodes: 117 | LastEpReward: 12.247 | RecentReward: 19.809 | ActorLoss: -4.675997 | CriticLoss: 0.016635 | Q: 4.6570 | TargetQ: 4.6551 | TDAbs: 0.1338 | ActorGrad: 0.0563 | CriticGrad: 0.6259 | Noise: 0.1817 | Replay: 50000 | FPS: 53.79 | ETA: 27.9 min
2026-09-16 18:45:16,236 | INFO | Steps: 60416/150000 | Episodes: 118 | LastEpReward: 35.958 | RecentReward: 20.258 | ActorLoss: -4.692950 | CriticLoss: 0.014680 | Q: 4.6740 | TargetQ: 4.6742 | TDAbs: 0.1292 | ActorGrad: 0.0591 | CriticGrad: 0.5372 | Noise: 0.1802 | Replay: 50000 | FPS: 53.87 | ETA: 27.7 min
2026-09-16 18:45:23,639 | INFO | Steps: 60928/150000 | Episodes: 119 | LastEpReward: 13.677 | RecentReward: 19.629 | ActorLoss: -4.643459 | CriticLoss: 0.016537 | Q: 4.6266 | TargetQ: 4.6260 | TDAbs: 0.1331 | ActorGrad: 0.0554 | CriticGrad: 0.5874 | Noise: 0.1788 | Replay: 50000 | FPS: 53.97 | ETA: 27.5 min
2026-09-16 18:45:31,132 | INFO | 开始周期评估: Steps=61440 | Episodes=120 | EvalEpisodes=5
2026-09-16 18:45:53,998 | INFO | 周期评估完成: Steps=61440 | MeanReward=27.295 | StdReward=5.315
2026-09-16 18:45:54,006 | INFO | Steps: 61440/150000 | Episodes: 120 | LastEpReward: 20.456 | RecentReward: 19.410 | ActorLoss: -4.706355 | CriticLoss: 0.016540 | Q: 4.6885 | TargetQ: 4.6876 | TDAbs: 0.1334 | ActorGrad: 0.0576 | CriticGrad: 0.5067 | Noise: 0.1773 | Replay: 50000 | FPS: 53.00 | ETA: 27.8 min
2026-09-16 18:46:01,630 | INFO | Steps: 61952/150000 | Episodes: 121 | LastEpReward: 22.577 | RecentReward: 19.129 | ActorLoss: -4.716544 | CriticLoss: 0.015797 | Q: 4.7004 | TargetQ: 4.6995 | TDAbs: 0.1348 | ActorGrad: 0.0564 | CriticGrad: 0.6627 | Noise: 0.1759 | Replay: 50000 | FPS: 53.09 | ETA: 27.6 min
2026-09-16 18:46:09,047 | INFO | Steps: 62464/150000 | Episodes: 122 | LastEpReward: 16.299 | RecentReward: 18.821 | ActorLoss: -4.649058 | CriticLoss: 0.015527 | Q: 4.6323 | TargetQ: 4.6314 | TDAbs: 0.1312 | ActorGrad: 0.0520 | CriticGrad: 0.5248 | Noise: 0.1744 | Replay: 50000 | FPS: 53.19 | ETA: 27.4 min
2026-09-16 18:46:16,504 | INFO | Steps: 62976/150000 | Episodes: 123 | LastEpReward: 21.090 | RecentReward: 19.448 | ActorLoss: -4.649245 | CriticLoss: 0.016241 | Q: 4.6331 | TargetQ: 4.6320 | TDAbs: 0.1330 | ActorGrad: 0.0581 | CriticGrad: 0.5549 | Noise: 0.1729 | Replay: 50000 | FPS: 53.29 | ETA: 27.2 min
2026-09-16 18:46:24,002 | INFO | Steps: 63488/150000 | Episodes: 124 | LastEpReward: 15.533 | RecentReward: 18.374 | ActorLoss: -4.671233 | CriticLoss: 0.015496 | Q: 4.6557 | TargetQ: 4.6556 | TDAbs: 0.1316 | ActorGrad: 0.0618 | CriticGrad: 0.5968 | Noise: 0.1715 | Replay: 50000 | FPS: 53.39 | ETA: 27.0 min
2026-09-16 18:46:31,805 | INFO | Steps: 64000/150000 | Episodes: 125 | LastEpReward: 32.137 | RecentReward: 20.554 | ActorLoss: -4.643698 | CriticLoss: 0.015291 | Q: 4.6288 | TargetQ: 4.6287 | TDAbs: 0.1313 | ActorGrad: 0.0477 | CriticGrad: 0.4902 | Noise: 0.1700 | Replay: 50000 | FPS: 53.47 | ETA: 26.8 min
2026-09-16 18:46:39,266 | INFO | Steps: 64512/150000 | Episodes: 126 | LastEpReward: 20.218 | RecentReward: 21.019 | ActorLoss: -4.626149 | CriticLoss: 0.016308 | Q: 4.6110 | TargetQ: 4.6100 | TDAbs: 0.1338 | ActorGrad: 0.0510 | CriticGrad: 0.5767 | Noise: 0.1685 | Replay: 50000 | FPS: 53.56 | ETA: 26.6 min
2026-09-16 18:46:46,862 | INFO | Steps: 65024/150000 | Episodes: 127 | LastEpReward: 17.313 | RecentReward: 21.526 | ActorLoss: -4.666748 | CriticLoss: 0.015387 | Q: 4.6502 | TargetQ: 4.6508 | TDAbs: 0.1321 | ActorGrad: 0.0548 | CriticGrad: 0.5274 | Noise: 0.1671 | Replay: 50000 | FPS: 53.65 | ETA: 26.4 min
2026-09-16 18:46:54,375 | INFO | Steps: 65536/150000 | Episodes: 128 | LastEpReward: 6.643 | RecentReward: 18.594 | ActorLoss: -4.634269 | CriticLoss: 0.016780 | Q: 4.6202 | TargetQ: 4.6196 | TDAbs: 0.1343 | ActorGrad: 0.0627 | CriticGrad: 0.5365 | Noise: 0.1656 | Replay: 50000 | FPS: 53.74 | ETA: 26.2 min
2026-09-16 18:47:01,974 | INFO | Steps: 66048/150000 | Episodes: 129 | LastEpReward: 21.725 | RecentReward: 19.399 | ActorLoss: -4.660772 | CriticLoss: 0.016082 | Q: 4.6488 | TargetQ: 4.6473 | TDAbs: 0.1331 | ActorGrad: 0.0548 | CriticGrad: 0.5970 | Noise: 0.1641 | Replay: 50000 | FPS: 53.82 | ETA: 26.0 min
2026-09-16 18:47:09,702 | INFO | 开始周期评估: Steps=66560 | Episodes=130 | EvalEpisodes=5
2026-09-16 18:47:32,591 | INFO | 周期评估完成: Steps=66560 | MeanReward=27.225 | StdReward=5.589
2026-09-16 18:47:32,600 | INFO | Steps: 66560/150000 | Episodes: 130 | LastEpReward: 30.064 | RecentReward: 20.360 | ActorLoss: -4.628933 | CriticLoss: 0.017149 | Q: 4.6144 | TargetQ: 4.6140 | TDAbs: 0.1353 | ActorGrad: 0.0559 | CriticGrad: 0.5776 | Noise: 0.1627 | Replay: 50000 | FPS: 52.92 | ETA: 26.3 min
2026-09-16 18:47:40,185 | INFO | Steps: 67072/150000 | Episodes: 131 | LastEpReward: 14.116 | RecentReward: 19.514 | ActorLoss: -4.655374 | CriticLoss: 0.016857 | Q: 4.6419 | TargetQ: 4.6407 | TDAbs: 0.1346 | ActorGrad: 0.0545 | CriticGrad: 0.5517 | Noise: 0.1612 | Replay: 50000 | FPS: 53.00 | ETA: 26.1 min
2026-09-16 18:47:47,981 | INFO | Steps: 67584/150000 | Episodes: 132 | LastEpReward: 32.184 | RecentReward: 21.102 | ActorLoss: -4.592637 | CriticLoss: 0.016880 | Q: 4.5797 | TargetQ: 4.5786 | TDAbs: 0.1341 | ActorGrad: 0.0581 | CriticGrad: 0.5389 | Noise: 0.1598 | Replay: 50000 | FPS: 53.08 | ETA: 25.9 min
2026-09-16 18:47:55,734 | INFO | Steps: 68096/150000 | Episodes: 133 | LastEpReward: 27.282 | RecentReward: 21.721 | ActorLoss: -4.602389 | CriticLoss: 0.016162 | Q: 4.5896 | TargetQ: 4.5895 | TDAbs: 0.1348 | ActorGrad: 0.0528 | CriticGrad: 0.5928 | Noise: 0.1583 | Replay: 50000 | FPS: 53.16 | ETA: 25.7 min
2026-09-16 18:48:03,182 | INFO | Steps: 68608/150000 | Episodes: 134 | LastEpReward: 17.739 | RecentReward: 21.942 | ActorLoss: -4.604673 | CriticLoss: 0.016153 | Q: 4.5921 | TargetQ: 4.5922 | TDAbs: 0.1319 | ActorGrad: 0.0555 | CriticGrad: 0.5385 | Noise: 0.1568 | Replay: 50000 | FPS: 53.25 | ETA: 25.5 min
2026-09-16 18:48:10,637 | INFO | Steps: 69120/150000 | Episodes: 135 | LastEpReward: 15.286 | RecentReward: 20.257 | ActorLoss: -4.614637 | CriticLoss: 0.017923 | Q: 4.6010 | TargetQ: 4.6016 | TDAbs: 0.1378 | ActorGrad: 0.0549 | CriticGrad: 0.6326 | Noise: 0.1554 | Replay: 50000 | FPS: 53.34 | ETA: 25.3 min
2026-09-16 18:48:18,282 | INFO | Steps: 69632/150000 | Episodes: 136 | LastEpReward: 33.980 | RecentReward: 21.633 | ActorLoss: -4.620944 | CriticLoss: 0.015650 | Q: 4.6082 | TargetQ: 4.6079 | TDAbs: 0.1338 | ActorGrad: 0.0630 | CriticGrad: 0.5444 | Noise: 0.1539 | Replay: 50000 | FPS: 53.42 | ETA: 25.1 min
2026-09-16 18:48:25,827 | INFO | Steps: 70144/150000 | Episodes: 137 | LastEpReward: 20.761 | RecentReward: 21.978 | ActorLoss: -4.567317 | CriticLoss: 0.014830 | Q: 4.5558 | TargetQ: 4.5560 | TDAbs: 0.1297 | ActorGrad: 0.0755 | CriticGrad: 0.5310 | Noise: 0.1524 | Replay: 50000 | FPS: 53.50 | ETA: 24.9 min
2026-09-16 18:48:33,350 | INFO | Steps: 70656/150000 | Episodes: 138 | LastEpReward: 27.605 | RecentReward: 24.074 | ActorLoss: -4.532602 | CriticLoss: 0.015547 | Q: 4.5204 | TargetQ: 4.5216 | TDAbs: 0.1332 | ActorGrad: 0.0539 | CriticGrad: 0.5497 | Noise: 0.1510 | Replay: 50000 | FPS: 53.59 | ETA: 24.7 min
2026-09-16 18:48:40,817 | INFO | Steps: 71168/150000 | Episodes: 139 | LastEpReward: 19.340 | RecentReward: 23.836 | ActorLoss: -4.542731 | CriticLoss: 0.016838 | Q: 4.5298 | TargetQ: 4.5296 | TDAbs: 0.1356 | ActorGrad: 0.0571 | CriticGrad: 0.6215 | Noise: 0.1495 | Replay: 50000 | FPS: 53.67 | ETA: 24.5 min
2026-09-16 18:48:48,298 | INFO | 开始周期评估: Steps=71680 | Episodes=140 | EvalEpisodes=5
2026-09-16 18:49:11,095 | INFO | 周期评估完成: Steps=71680 | MeanReward=26.914 | StdReward=5.442
2026-09-16 18:49:11,104 | INFO | Steps: 71680/150000 | Episodes: 140 | LastEpReward: 20.104 | RecentReward: 22.840 | ActorLoss: -4.537232 | CriticLoss: 0.015576 | Q: 4.5242 | TargetQ: 4.5250 | TDAbs: 0.1318 | ActorGrad: 0.0701 | CriticGrad: 0.5213 | Noise: 0.1481 | Replay: 50000 | FPS: 52.85 | ETA: 24.7 min
2026-09-16 18:49:18,845 | INFO | Steps: 72192/150000 | Episodes: 141 | LastEpReward: 29.316 | RecentReward: 24.360 | ActorLoss: -4.480645 | CriticLoss: 0.017292 | Q: 4.4682 | TargetQ: 4.4672 | TDAbs: 0.1368 | ActorGrad: 0.0576 | CriticGrad: 0.6062 | Noise: 0.1466 | Replay: 50000 | FPS: 52.92 | ETA: 24.5 min
2026-09-16 18:49:26,331 | INFO | Steps: 72704/150000 | Episodes: 142 | LastEpReward: 14.850 | RecentReward: 22.626 | ActorLoss: -4.470369 | CriticLoss: 0.016064 | Q: 4.4585 | TargetQ: 4.4576 | TDAbs: 0.1299 | ActorGrad: 0.0604 | CriticGrad: 0.4946 | Noise: 0.1451 | Replay: 50000 | FPS: 53.01 | ETA: 24.3 min
2026-09-16 18:49:33,868 | INFO | Steps: 73216/150000 | Episodes: 143 | LastEpReward: 22.531 | RecentReward: 22.151 | ActorLoss: -4.442298 | CriticLoss: 0.016589 | Q: 4.4307 | TargetQ: 4.4298 | TDAbs: 0.1321 | ActorGrad: 0.0622 | CriticGrad: 0.4892 | Noise: 0.1437 | Replay: 50000 | FPS: 53.09 | ETA: 24.1 min
2026-09-16 18:49:41,316 | INFO | Steps: 73728/150000 | Episodes: 144 | LastEpReward: 22.177 | RecentReward: 22.595 | ActorLoss: -4.438187 | CriticLoss: 0.015743 | Q: 4.4255 | TargetQ: 4.4249 | TDAbs: 0.1322 | ActorGrad: 0.0639 | CriticGrad: 0.4861 | Noise: 0.1422 | Replay: 50000 | FPS: 53.17 | ETA: 23.9 min
2026-09-16 18:49:48,753 | INFO | Steps: 74240/150000 | Episodes: 145 | LastEpReward: 20.282 | RecentReward: 23.095 | ActorLoss: -4.416575 | CriticLoss: 0.016764 | Q: 4.4048 | TargetQ: 4.4057 | TDAbs: 0.1330 | ActorGrad: 0.0691 | CriticGrad: 0.5171 | Noise: 0.1407 | Replay: 50000 | FPS: 53.26 | ETA: 23.7 min
2026-09-16 18:49:56,405 | INFO | Steps: 74752/150000 | Episodes: 146 | LastEpReward: 32.903 | RecentReward: 22.987 | ActorLoss: -4.425899 | CriticLoss: 0.015772 | Q: 4.4143 | TargetQ: 4.4141 | TDAbs: 0.1322 | ActorGrad: 0.0912 | CriticGrad: 0.4868 | Noise: 0.1393 | Replay: 50000 | FPS: 53.33 | ETA: 23.5 min
2026-09-16 18:50:04,159 | INFO | Steps: 75264/150000 | Episodes: 147 | LastEpReward: 25.842 | RecentReward: 23.495 | ActorLoss: -4.418047 | CriticLoss: 0.016256 | Q: 4.4063 | TargetQ: 4.4060 | TDAbs: 0.1338 | ActorGrad: 0.0842 | CriticGrad: 0.4909 | Noise: 0.1378 | Replay: 50000 | FPS: 53.40 | ETA: 23.3 min
2026-09-16 18:50:11,889 | INFO | Steps: 75776/150000 | Episodes: 148 | LastEpReward: 30.986 | RecentReward: 23.833 | ActorLoss: -4.458813 | CriticLoss: 0.016989 | Q: 4.4476 | TargetQ: 4.4473 | TDAbs: 0.1364 | ActorGrad: 0.0746 | CriticGrad: 0.5566 | Noise: 0.1364 | Replay: 50000 | FPS: 53.47 | ETA: 23.1 min
2026-09-16 18:50:19,533 | INFO | Steps: 76288/150000 | Episodes: 149 | LastEpReward: 14.829 | RecentReward: 23.382 | ActorLoss: -4.427425 | CriticLoss: 0.016515 | Q: 4.4165 | TargetQ: 4.4172 | TDAbs: 0.1368 | ActorGrad: 0.0728 | CriticGrad: 0.6601 | Noise: 0.1349 | Replay: 50000 | FPS: 53.55 | ETA: 22.9 min
2026-09-16 18:50:27,356 | INFO | 开始周期评估: Steps=76800 | Episodes=150 | EvalEpisodes=5
2026-09-16 18:50:50,213 | INFO | 周期评估完成: Steps=76800 | MeanReward=25.655 | StdReward=6.407
2026-09-16 18:50:50,222 | INFO | Steps: 76800/150000 | Episodes: 150 | LastEpReward: 30.284 | RecentReward: 24.400 | ActorLoss: -4.454372 | CriticLoss: 0.017916 | Q: 4.4429 | TargetQ: 4.4423 | TDAbs: 0.1388 | ActorGrad: 0.0907 | CriticGrad: 0.5838 | Noise: 0.1334 | Replay: 50000 | FPS: 52.77 | ETA: 23.1 min
2026-09-16 18:50:57,711 | INFO | Steps: 77312/150000 | Episodes: 151 | LastEpReward: 11.084 | RecentReward: 22.577 | ActorLoss: -4.444736 | CriticLoss: 0.017820 | Q: 4.4333 | TargetQ: 4.4338 | TDAbs: 0.1385 | ActorGrad: 0.0888 | CriticGrad: 0.6086 | Noise: 0.1320 | Replay: 50000 | FPS: 52.85 | ETA: 22.9 min
2026-09-16 18:51:05,256 | INFO | Steps: 77824/150000 | Episodes: 152 | LastEpReward: 12.243 | RecentReward: 22.316 | ActorLoss: -4.445210 | CriticLoss: 0.016220 | Q: 4.4344 | TargetQ: 4.4346 | TDAbs: 0.1348 | ActorGrad: 0.0761 | CriticGrad: 0.5360 | Noise: 0.1305 | Replay: 50000 | FPS: 52.92 | ETA: 22.7 min
2026-09-16 18:51:12,853 | INFO | Steps: 78336/150000 | Episodes: 153 | LastEpReward: 24.252 | RecentReward: 22.488 | ActorLoss: -4.446869 | CriticLoss: 0.017771 | Q: 4.4353 | TargetQ: 4.4348 | TDAbs: 0.1385 | ActorGrad: 0.0775 | CriticGrad: 0.5966 | Noise: 0.1290 | Replay: 50000 | FPS: 53.00 | ETA: 22.5 min
2026-09-16 18:51:20,682 | INFO | Steps: 78848/150000 | Episodes: 154 | LastEpReward: 22.738 | RecentReward: 22.544 | ActorLoss: -4.457287 | CriticLoss: 0.016969 | Q: 4.4476 | TargetQ: 4.4473 | TDAbs: 0.1369 | ActorGrad: 0.0745 | CriticGrad: 0.4948 | Noise: 0.1276 | Replay: 50000 | FPS: 53.06 | ETA: 22.3 min
2026-09-16 18:51:28,458 | INFO | Steps: 79360/150000 | Episodes: 155 | LastEpReward: 29.384 | RecentReward: 23.455 | ActorLoss: -4.438152 | CriticLoss: 0.017471 | Q: 4.4287 | TargetQ: 4.4275 | TDAbs: 0.1376 | ActorGrad: 0.0758 | CriticGrad: 0.5138 | Noise: 0.1261 | Replay: 50000 | FPS: 53.13 | ETA: 22.2 min
2026-09-16 18:51:36,373 | INFO | Steps: 79872/150000 | Episodes: 156 | LastEpReward: 34.890 | RecentReward: 23.653 | ActorLoss: -4.438271 | CriticLoss: 0.016984 | Q: 4.4262 | TargetQ: 4.4275 | TDAbs: 0.1353 | ActorGrad: 0.0851 | CriticGrad: 0.5265 | Noise: 0.1247 | Replay: 50000 | FPS: 53.19 | ETA: 22.0 min
2026-09-16 18:51:43,891 | INFO | Steps: 80384/150000 | Episodes: 157 | LastEpReward: 18.378 | RecentReward: 22.907 | ActorLoss: -4.463400 | CriticLoss: 0.017067 | Q: 4.4519 | TargetQ: 4.4511 | TDAbs: 0.1370 | ActorGrad: 0.0838 | CriticGrad: 0.5567 | Noise: 0.1232 | Replay: 50000 | FPS: 53.27 | ETA: 21.8 min
2026-09-16 18:51:51,418 | INFO | Steps: 80896/150000 | Episodes: 158 | LastEpReward: 22.192 | RecentReward: 22.027 | ActorLoss: -4.461570 | CriticLoss: 0.017526 | Q: 4.4500 | TargetQ: 4.4491 | TDAbs: 0.1396 | ActorGrad: 0.0830 | CriticGrad: 0.6288 | Noise: 0.1217 | Replay: 50000 | FPS: 53.34 | ETA: 21.6 min
2026-09-16 18:51:58,916 | INFO | Steps: 81408/150000 | Episodes: 159 | LastEpReward: 12.548 | RecentReward: 21.799 | ActorLoss: -4.448823 | CriticLoss: 0.016374 | Q: 4.4363 | TargetQ: 4.4361 | TDAbs: 0.1350 | ActorGrad: 0.1007 | CriticGrad: 0.4977 | Noise: 0.1203 | Replay: 50000 | FPS: 53.41 | ETA: 21.4 min
2026-09-16 18:52:06,573 | INFO | 开始周期评估: Steps=81920 | Episodes=160 | EvalEpisodes=5
2026-09-16 18:52:29,355 | INFO | 周期评估完成: Steps=81920 | MeanReward=22.452 | StdReward=6.085
2026-09-16 18:52:29,364 | INFO | Steps: 81920/150000 | Episodes: 160 | LastEpReward: 20.412 | RecentReward: 20.812 | ActorLoss: -4.439005 | CriticLoss: 0.017571 | Q: 4.4271 | TargetQ: 4.4260 | TDAbs: 0.1375 | ActorGrad: 0.0826 | CriticGrad: 0.5357 | Noise: 0.1188 | Replay: 50000 | FPS: 52.70 | ETA: 21.5 min
2026-09-16 18:52:36,910 | INFO | Steps: 82432/150000 | Episodes: 161 | LastEpReward: 20.523 | RecentReward: 21.756 | ActorLoss: -4.434684 | CriticLoss: 0.018262 | Q: 4.4225 | TargetQ: 4.4208 | TDAbs: 0.1398 | ActorGrad: 0.1041 | CriticGrad: 0.5747 | Noise: 0.1173 | Replay: 50000 | FPS: 52.77 | ETA: 21.3 min
2026-09-16 18:52:44,645 | INFO | Steps: 82944/150000 | Episodes: 162 | LastEpReward: 23.547 | RecentReward: 22.886 | ActorLoss: -4.442616 | CriticLoss: 0.015969 | Q: 4.4312 | TargetQ: 4.4307 | TDAbs: 0.1344 | ActorGrad: 0.0808 | CriticGrad: 0.5495 | Noise: 0.1159 | Replay: 50000 | FPS: 52.84 | ETA: 21.2 min
2026-09-16 18:52:52,164 | INFO | Steps: 83456/150000 | Episodes: 163 | LastEpReward: 16.298 | RecentReward: 22.091 | ActorLoss: -4.426480 | CriticLoss: 0.016280 | Q: 4.4154 | TargetQ: 4.4151 | TDAbs: 0.1359 | ActorGrad: 0.0861 | CriticGrad: 0.5315 | Noise: 0.1144 | Replay: 50000 | FPS: 52.91 | ETA: 21.0 min
2026-09-16 18:52:59,806 | INFO | Steps: 83968/150000 | Episodes: 164 | LastEpReward: 20.779 | RecentReward: 21.895 | ActorLoss: -4.422916 | CriticLoss: 0.016916 | Q: 4.4111 | TargetQ: 4.4097 | TDAbs: 0.1357 | ActorGrad: 0.0727 | CriticGrad: 0.6102 | Noise: 0.1129 | Replay: 50000 | FPS: 52.98 | ETA: 20.8 min
2026-09-16 18:53:07,334 | INFO | Steps: 84480/150000 | Episodes: 165 | LastEpReward: 24.245 | RecentReward: 21.381 | ActorLoss: -4.397699 | CriticLoss: 0.017447 | Q: 4.3872 | TargetQ: 4.3871 | TDAbs: 0.1393 | ActorGrad: 0.0688 | CriticGrad: 0.5622 | Noise: 0.1115 | Replay: 50000 | FPS: 53.05 | ETA: 20.6 min
2026-09-16 18:53:14,844 | INFO | Steps: 84992/150000 | Episodes: 166 | LastEpReward: 19.028 | RecentReward: 19.795 | ActorLoss: -4.374055 | CriticLoss: 0.016678 | Q: 4.3623 | TargetQ: 4.3629 | TDAbs: 0.1351 | ActorGrad: 0.1046 | CriticGrad: 0.5377 | Noise: 0.1100 | Replay: 50000 | FPS: 53.12 | ETA: 20.4 min
2026-09-16 18:53:22,394 | INFO | Steps: 85504/150000 | Episodes: 167 | LastEpReward: 12.399 | RecentReward: 19.197 | ActorLoss: -4.366050 | CriticLoss: 0.018327 | Q: 4.3562 | TargetQ: 4.3550 | TDAbs: 0.1410 | ActorGrad: 0.0724 | CriticGrad: 0.5311 | Noise: 0.1086 | Replay: 50000 | FPS: 53.19 | ETA: 20.2 min
2026-09-16 18:53:29,867 | INFO | Steps: 86016/150000 | Episodes: 168 | LastEpReward: 20.385 | RecentReward: 19.016 | ActorLoss: -4.326936 | CriticLoss: 0.016710 | Q: 4.3187 | TargetQ: 4.3189 | TDAbs: 0.1372 | ActorGrad: 0.0622 | CriticGrad: 0.5439 | Noise: 0.1071 | Replay: 50000 | FPS: 53.26 | ETA: 20.0 min
2026-09-16 18:53:37,401 | INFO | Steps: 86528/150000 | Episodes: 169 | LastEpReward: 18.248 | RecentReward: 19.586 | ActorLoss: -4.358534 | CriticLoss: 0.016989 | Q: 4.3489 | TargetQ: 4.3490 | TDAbs: 0.1368 | ActorGrad: 0.0878 | CriticGrad: 0.4829 | Noise: 0.1056 | Replay: 50000 | FPS: 53.33 | ETA: 19.8 min
2026-09-16 18:53:44,922 | INFO | 开始周期评估: Steps=87040 | Episodes=170 | EvalEpisodes=5
2026-09-16 18:54:07,784 | INFO | 周期评估完成: Steps=87040 | MeanReward=20.504 | StdReward=5.543
2026-09-16 18:54:07,792 | INFO | Steps: 87040/150000 | Episodes: 170 | LastEpReward: 17.131 | RecentReward: 19.258 | ActorLoss: -4.338252 | CriticLoss: 0.016406 | Q: 4.3292 | TargetQ: 4.3296 | TDAbs: 0.1358 | ActorGrad: 0.0698 | CriticGrad: 0.4879 | Noise: 0.1042 | Replay: 50000 | FPS: 52.66 | ETA: 19.9 min
2026-09-16 18:54:15,254 | INFO | Steps: 87552/150000 | Episodes: 171 | LastEpReward: 19.126 | RecentReward: 19.119 | ActorLoss: -4.317563 | CriticLoss: 0.016648 | Q: 4.3087 | TargetQ: 4.3083 | TDAbs: 0.1349 | ActorGrad: 0.0650 | CriticGrad: 0.4932 | Noise: 0.1027 | Replay: 50000 | FPS: 52.73 | ETA: 19.7 min
2026-09-16 18:54:22,725 | INFO | Steps: 88064/150000 | Episodes: 172 | LastEpReward: 19.686 | RecentReward: 18.732 | ActorLoss: -4.302390 | CriticLoss: 0.017484 | Q: 4.2936 | TargetQ: 4.2917 | TDAbs: 0.1377 | ActorGrad: 0.0679 | CriticGrad: 0.5269 | Noise: 0.1012 | Replay: 50000 | FPS: 52.80 | ETA: 19.6 min
2026-09-16 18:54:30,255 | INFO | Steps: 88576/150000 | Episodes: 173 | LastEpReward: 14.933 | RecentReward: 18.596 | ActorLoss: -4.304976 | CriticLoss: 0.018020 | Q: 4.2972 | TargetQ: 4.2959 | TDAbs: 0.1395 | ActorGrad: 0.0782 | CriticGrad: 0.6447 | Noise: 0.0998 | Replay: 50000 | FPS: 52.87 | ETA: 19.4 min
2026-09-16 18:54:37,820 | INFO | Steps: 89088/150000 | Episodes: 174 | LastEpReward: 18.492 | RecentReward: 18.367 | ActorLoss: -4.321278 | CriticLoss: 0.017016 | Q: 4.3139 | TargetQ: 4.3131 | TDAbs: 0.1363 | ActorGrad: 0.0725 | CriticGrad: 0.5274 | Noise: 0.0983 | Replay: 50000 | FPS: 52.93 | ETA: 19.2 min
2026-09-16 18:54:45,424 | INFO | Steps: 89600/150000 | Episodes: 175 | LastEpReward: 23.372 | RecentReward: 18.280 | ActorLoss: -4.261779 | CriticLoss: 0.017289 | Q: 4.2556 | TargetQ: 4.2553 | TDAbs: 0.1379 | ActorGrad: 0.0914 | CriticGrad: 0.5219 | Noise: 0.0969 | Replay: 50000 | FPS: 53.00 | ETA: 19.0 min
2026-09-16 18:54:52,944 | INFO | Steps: 90112/150000 | Episodes: 176 | LastEpReward: 11.934 | RecentReward: 17.571 | ActorLoss: -4.330984 | CriticLoss: 0.016966 | Q: 4.3240 | TargetQ: 4.3229 | TDAbs: 0.1375 | ActorGrad: 0.0789 | CriticGrad: 0.5093 | Noise: 0.0954 | Replay: 50000 | FPS: 53.06 | ETA: 18.8 min
2026-09-16 18:55:00,411 | INFO | Steps: 90624/150000 | Episodes: 177 | LastEpReward: 20.137 | RecentReward: 18.344 | ActorLoss: -4.323564 | CriticLoss: 0.019388 | Q: 4.3151 | TargetQ: 4.3145 | TDAbs: 0.1418 | ActorGrad: 0.0982 | CriticGrad: 0.5711 | Noise: 0.0939 | Replay: 50000 | FPS: 53.13 | ETA: 18.6 min
2026-09-16 18:55:07,879 | INFO | Steps: 91136/150000 | Episodes: 178 | LastEpReward: 11.734 | RecentReward: 17.479 | ActorLoss: -4.300897 | CriticLoss: 0.017129 | Q: 4.2943 | TargetQ: 4.2946 | TDAbs: 0.1385 | ActorGrad: 0.0998 | CriticGrad: 0.5352 | Noise: 0.0925 | Replay: 50000 | FPS: 53.20 | ETA: 18.4 min
2026-09-16 18:55:15,348 | INFO | Steps: 91648/150000 | Episodes: 179 | LastEpReward: 10.829 | RecentReward: 16.737 | ActorLoss: -4.367188 | CriticLoss: 0.026504 | Q: 4.3281 | TargetQ: 4.3277 | TDAbs: 0.1719 | ActorGrad: 0.0633 | CriticGrad: 0.6194 | Noise: 0.0910 | Replay: 50000 | FPS: 53.27 | ETA: 18.3 min
2026-09-16 18:55:22,932 | INFO | 开始周期评估: Steps=92160 | Episodes=180 | EvalEpisodes=5
2026-09-16 18:55:46,041 | INFO | 周期评估完成: Steps=92160 | MeanReward=-9.949 | StdReward=5.862
2026-09-16 18:55:46,050 | INFO | Steps: 92160/150000 | Episodes: 180 | LastEpReward: -11.708 | RecentReward: 13.854 | ActorLoss: -4.386730 | CriticLoss: 0.032525 | Q: 4.3604 | TargetQ: 4.3589 | TDAbs: 0.1880 | ActorGrad: 0.0949 | CriticGrad: 0.8341 | Noise: 0.0895 | Replay: 50000 | FPS: 52.62 | ETA: 18.3 min
2026-09-16 18:55:53,719 | INFO | Steps: 92672/150000 | Episodes: 181 | LastEpReward: -7.824 | RecentReward: 11.159 | ActorLoss: -4.366648 | CriticLoss: 0.032127 | Q: 4.3624 | TargetQ: 4.3619 | TDAbs: 0.1869 | ActorGrad: 0.1044 | CriticGrad: 0.6501 | Noise: 0.0881 | Replay: 50000 | FPS: 52.69 | ETA: 18.1 min
2026-09-16 18:56:01,328 | INFO | Steps: 93184/150000 | Episodes: 182 | LastEpReward: 9.260 | RecentReward: 10.116 | ActorLoss: -4.383678 | CriticLoss: 0.029925 | Q: 4.3601 | TargetQ: 4.3580 | TDAbs: 0.1811 | ActorGrad: 0.0957 | CriticGrad: 0.6512 | Noise: 0.0866 | Replay: 50000 | FPS: 52.75 | ETA: 18.0 min
2026-09-16 18:56:08,844 | INFO | Steps: 93696/150000 | Episodes: 183 | LastEpReward: 3.151 | RecentReward: 8.938 | ActorLoss: -4.379954 | CriticLoss: 0.027791 | Q: 4.3782 | TargetQ: 4.3773 | TDAbs: 0.1746 | ActorGrad: 0.1056 | CriticGrad: 0.6531 | Noise: 0.0852 | Replay: 50000 | FPS: 52.81 | ETA: 17.8 min
2026-09-16 18:56:16,387 | INFO | Steps: 94208/150000 | Episodes: 184 | LastEpReward: 17.666 | RecentReward: 8.855 | ActorLoss: -4.286400 | CriticLoss: 0.027277 | Q: 4.2896 | TargetQ: 4.2887 | TDAbs: 0.1694 | ActorGrad: 0.1138 | CriticGrad: 0.5861 | Noise: 0.0837 | Replay: 50000 | FPS: 52.88 | ETA: 17.6 min
2026-09-16 18:56:24,175 | INFO | Steps: 94720/150000 | Episodes: 185 | LastEpReward: 22.928 | RecentReward: 8.811 | ActorLoss: -4.241323 | CriticLoss: 0.024272 | Q: 4.2435 | TargetQ: 4.2423 | TDAbs: 0.1597 | ActorGrad: 0.1114 | CriticGrad: 0.5439 | Noise: 0.0822 | Replay: 50000 | FPS: 52.93 | ETA: 17.4 min
2026-09-16 18:56:31,786 | INFO | Steps: 95232/150000 | Episodes: 186 | LastEpReward: -7.571 | RecentReward: 6.860 | ActorLoss: -4.225724 | CriticLoss: 0.021023 | Q: 4.2219 | TargetQ: 4.2212 | TDAbs: 0.1477 | ActorGrad: 0.0433 | CriticGrad: 0.5674 | Noise: 0.0808 | Replay: 50000 | FPS: 53.00 | ETA: 17.2 min
2026-09-16 18:56:39,190 | INFO | Steps: 95744/150000 | Episodes: 187 | LastEpReward: 15.852 | RecentReward: 6.432 | ActorLoss: -4.209768 | CriticLoss: 0.017351 | Q: 4.2054 | TargetQ: 4.2054 | TDAbs: 0.1370 | ActorGrad: 0.0485 | CriticGrad: 0.4419 | Noise: 0.0793 | Replay: 50000 | FPS: 53.06 | ETA: 17.0 min
2026-09-16 18:56:46,689 | INFO | Steps: 96256/150000 | Episodes: 188 | LastEpReward: 16.944 | RecentReward: 6.953 | ActorLoss: -4.204745 | CriticLoss: 0.017478 | Q: 4.2007 | TargetQ: 4.2005 | TDAbs: 0.1363 | ActorGrad: 0.0541 | CriticGrad: 0.5226 | Noise: 0.0778 | Replay: 50000 | FPS: 53.12 | ETA: 16.9 min
2026-09-16 18:56:54,538 | INFO | Steps: 96768/150000 | Episodes: 189 | LastEpReward: 31.925 | RecentReward: 9.062 | ActorLoss: -4.193989 | CriticLoss: 0.017849 | Q: 4.1892 | TargetQ: 4.1886 | TDAbs: 0.1352 | ActorGrad: 0.0425 | CriticGrad: 0.4548 | Noise: 0.0764 | Replay: 50000 | FPS: 53.18 | ETA: 16.7 min
2026-09-16 18:57:02,092 | INFO | 开始周期评估: Steps=97280 | Episodes=190 | EvalEpisodes=5
2026-09-16 18:57:25,049 | INFO | 周期评估完成: Steps=97280 | MeanReward=14.023 | StdReward=8.490
2026-09-16 18:57:25,057 | INFO | Steps: 97280/150000 | Episodes: 190 | LastEpReward: 21.238 | RecentReward: 12.357 | ActorLoss: -4.216793 | CriticLoss: 0.016122 | Q: 4.2118 | TargetQ: 4.2110 | TDAbs: 0.1313 | ActorGrad: 0.0370 | CriticGrad: 0.4823 | Noise: 0.0749 | Replay: 50000 | FPS: 52.58 | ETA: 16.7 min
2026-09-16 18:57:32,574 | INFO | Steps: 97792/150000 | Episodes: 191 | LastEpReward: 4.092 | RecentReward: 13.549 | ActorLoss: -4.156906 | CriticLoss: 0.015027 | Q: 4.1526 | TargetQ: 4.1522 | TDAbs: 0.1278 | ActorGrad: 0.0407 | CriticGrad: 0.4991 | Noise: 0.0735 | Replay: 50000 | FPS: 52.64 | ETA: 16.5 min
2026-09-16 18:57:40,086 | INFO | Steps: 98304/150000 | Episodes: 192 | LastEpReward: 8.034 | RecentReward: 13.426 | ActorLoss: -4.089651 | CriticLoss: 0.015107 | Q: 4.0848 | TargetQ: 4.0842 | TDAbs: 0.1288 | ActorGrad: 0.0594 | CriticGrad: 0.4653 | Noise: 0.0720 | Replay: 50000 | FPS: 52.70 | ETA: 16.3 min
2026-09-16 18:57:47,593 | INFO | Steps: 98816/150000 | Episodes: 193 | LastEpReward: -1.633 | RecentReward: 12.948 | ActorLoss: -4.064843 | CriticLoss: 0.014809 | Q: 4.0594 | TargetQ: 4.0595 | TDAbs: 0.1268 | ActorGrad: 0.0464 | CriticGrad: 0.5071 | Noise: 0.0705 | Replay: 50000 | FPS: 52.76 | ETA: 16.2 min
2026-09-16 18:57:55,080 | INFO | Steps: 99328/150000 | Episodes: 194 | LastEpReward: -7.483 | RecentReward: 10.433 | ActorLoss: -4.065324 | CriticLoss: 0.014833 | Q: 4.0606 | TargetQ: 4.0600 | TDAbs: 0.1275 | ActorGrad: 0.0448 | CriticGrad: 0.4351 | Noise: 0.0691 | Replay: 50000 | FPS: 52.83 | ETA: 16.0 min
2026-09-16 18:58:02,568 | INFO | Steps: 99840/150000 | Episodes: 195 | LastEpReward: 6.633 | RecentReward: 8.803 | ActorLoss: -4.026444 | CriticLoss: 0.014894 | Q: 4.0202 | TargetQ: 4.0202 | TDAbs: 0.1262 | ActorGrad: 0.0361 | CriticGrad: 0.4754 | Noise: 0.0676 | Replay: 50000 | FPS: 52.89 | ETA: 15.8 min
2026-09-16 18:58:10,135 | INFO | Steps: 100352/150000 | Episodes: 196 | LastEpReward: 10.887 | RecentReward: 10.649 | ActorLoss: -4.019655 | CriticLoss: 0.013600 | Q: 4.0140 | TargetQ: 4.0145 | TDAbs: 0.1244 | ActorGrad: 0.0342 | CriticGrad: 0.4201 | Noise: 0.0661 | Replay: 50000 | FPS: 52.95 | ETA: 15.6 min
2026-09-16 18:58:17,730 | INFO | Steps: 100864/150000 | Episodes: 197 | LastEpReward: 20.692 | RecentReward: 11.133 | ActorLoss: -3.990717 | CriticLoss: 0.013726 | Q: 3.9860 | TargetQ: 3.9859 | TDAbs: 0.1236 | ActorGrad: 0.0413 | CriticGrad: 0.4371 | Noise: 0.0647 | Replay: 50000 | FPS: 53.00 | ETA: 15.5 min
2026-09-16 18:58:25,177 | INFO | Steps: 101376/150000 | Episodes: 198 | LastEpReward: 9.307 | RecentReward: 10.369 | ActorLoss: -3.962197 | CriticLoss: 0.015119 | Q: 3.9574 | TargetQ: 3.9576 | TDAbs: 0.1266 | ActorGrad: 0.0280 | CriticGrad: 0.5152 | Noise: 0.0632 | Replay: 50000 | FPS: 53.07 | ETA: 15.3 min
2026-09-16 18:58:32,959 | INFO | Steps: 101888/150000 | Episodes: 199 | LastEpReward: 19.350 | RecentReward: 9.112 | ActorLoss: -3.905592 | CriticLoss: 0.013594 | Q: 3.9007 | TargetQ: 3.9011 | TDAbs: 0.1229 | ActorGrad: 0.0350 | CriticGrad: 0.4492 | Noise: 0.0617 | Replay: 50000 | FPS: 53.12 | ETA: 15.1 min
2026-09-16 18:58:40,390 | INFO | 开始周期评估: Steps=102400 | Episodes=200 | EvalEpisodes=5
2026-09-16 18:59:03,268 | INFO | 周期评估完成: Steps=102400 | MeanReward=6.510 | StdReward=9.699
2026-09-16 18:59:03,276 | INFO | Steps: 102400/150000 | Episodes: 200 | LastEpReward: 0.976 | RecentReward: 7.086 | ActorLoss: -3.905607 | CriticLoss: 0.012859 | Q: 3.9006 | TargetQ: 3.8994 | TDAbs: 0.1203 | ActorGrad: 0.0444 | CriticGrad: 0.4401 | Noise: 0.0603 | Replay: 50000 | FPS: 52.55 | ETA: 15.1 min
2026-09-16 18:59:10,973 | INFO | Steps: 102912/150000 | Episodes: 201 | LastEpReward: 6.311 | RecentReward: 7.307 | ActorLoss: -3.853761 | CriticLoss: 0.013051 | Q: 3.8492 | TargetQ: 3.8493 | TDAbs: 0.1198 | ActorGrad: 0.0264 | CriticGrad: 0.3969 | Noise: 0.0588 | Replay: 50000 | FPS: 52.61 | ETA: 14.9 min
2026-09-16 18:59:18,454 | INFO | Steps: 103424/150000 | Episodes: 202 | LastEpReward: 10.069 | RecentReward: 7.511 | ActorLoss: -3.831056 | CriticLoss: 0.013254 | Q: 3.8252 | TargetQ: 3.8252 | TDAbs: 0.1219 | ActorGrad: 0.0580 | CriticGrad: 0.4304 | Noise: 0.0574 | Replay: 50000 | FPS: 52.67 | ETA: 14.7 min
2026-09-16 18:59:26,190 | INFO | Steps: 103936/150000 | Episodes: 203 | LastEpReward: 21.664 | RecentReward: 9.841 | ActorLoss: -3.800326 | CriticLoss: 0.012900 | Q: 3.7930 | TargetQ: 3.7937 | TDAbs: 0.1197 | ActorGrad: 0.0634 | CriticGrad: 0.4038 | Noise: 0.0559 | Replay: 50000 | FPS: 52.72 | ETA: 14.6 min
2026-09-16 18:59:33,737 | INFO | Steps: 104448/150000 | Episodes: 204 | LastEpReward: 21.275 | RecentReward: 12.716 | ActorLoss: -3.794535 | CriticLoss: 0.013312 | Q: 3.7897 | TargetQ: 3.7883 | TDAbs: 0.1219 | ActorGrad: 0.0613 | CriticGrad: 0.4746 | Noise: 0.0544 | Replay: 50000 | FPS: 52.78 | ETA: 14.4 min
2026-09-16 18:59:41,139 | INFO | Steps: 104960/150000 | Episodes: 205 | LastEpReward: 13.874 | RecentReward: 13.441 | ActorLoss: -3.736940 | CriticLoss: 0.012537 | Q: 3.7302 | TargetQ: 3.7309 | TDAbs: 0.1204 | ActorGrad: 0.0682 | CriticGrad: 0.4455 | Noise: 0.0530 | Replay: 50000 | FPS: 52.84 | ETA: 14.2 min
2026-09-16 18:59:48,694 | INFO | Steps: 105472/150000 | Episodes: 206 | LastEpReward: 26.496 | RecentReward: 15.001 | ActorLoss: -3.754759 | CriticLoss: 0.012829 | Q: 3.7481 | TargetQ: 3.7475 | TDAbs: 0.1197 | ActorGrad: 0.0609 | CriticGrad: 0.4166 | Noise: 0.0515 | Replay: 50000 | FPS: 52.90 | ETA: 14.0 min
2026-09-16 18:59:56,193 | INFO | Steps: 105984/150000 | Episodes: 207 | LastEpReward: 20.149 | RecentReward: 14.947 | ActorLoss: -3.690995 | CriticLoss: 0.013227 | Q: 3.6853 | TargetQ: 3.6845 | TDAbs: 0.1208 | ActorGrad: 0.0778 | CriticGrad: 0.4304 | Noise: 0.0500 | Replay: 50000 | FPS: 52.95 | ETA: 13.9 min
2026-09-16 19:00:03,712 | INFO | Steps: 106496/150000 | Episodes: 208 | LastEpReward: 24.760 | RecentReward: 16.492 | ActorLoss: -3.686725 | CriticLoss: 0.013005 | Q: 3.6800 | TargetQ: 3.6796 | TDAbs: 0.1215 | ActorGrad: 0.0573 | CriticGrad: 0.4498 | Noise: 0.0500 | Replay: 50000 | FPS: 53.01 | ETA: 13.7 min
2026-09-16 19:00:11,199 | INFO | Steps: 107008/150000 | Episodes: 209 | LastEpReward: 25.001 | RecentReward: 17.058 | ActorLoss: -3.680230 | CriticLoss: 0.013751 | Q: 3.6750 | TargetQ: 3.6747 | TDAbs: 0.1215 | ActorGrad: 0.0577 | CriticGrad: 0.4286 | Noise: 0.0500 | Replay: 50000 | FPS: 53.07 | ETA: 13.5 min
2026-09-16 19:00:18,699 | INFO | 开始周期评估: Steps=107520 | Episodes=210 | EvalEpisodes=5
2026-09-16 19:00:41,570 | INFO | 周期评估完成: Steps=107520 | MeanReward=22.320 | StdReward=6.597
2026-09-16 19:00:41,578 | INFO | Steps: 107520/150000 | Episodes: 210 | LastEpReward: 19.416 | RecentReward: 18.901 | ActorLoss: -3.660203 | CriticLoss: 0.012686 | Q: 3.6538 | TargetQ: 3.6532 | TDAbs: 0.1199 | ActorGrad: 0.0724 | CriticGrad: 0.4095 | Noise: 0.0500 | Replay: 50000 | FPS: 52.53 | ETA: 13.5 min
2026-09-16 19:00:49,325 | INFO | Steps: 108032/150000 | Episodes: 211 | LastEpReward: 22.186 | RecentReward: 20.489 | ActorLoss: -3.664760 | CriticLoss: 0.013526 | Q: 3.6574 | TargetQ: 3.6577 | TDAbs: 0.1208 | ActorGrad: 0.0546 | CriticGrad: 0.3822 | Noise: 0.0500 | Replay: 50000 | FPS: 52.58 | ETA: 13.3 min
2026-09-16 19:00:56,783 | INFO | Steps: 108544/150000 | Episodes: 212 | LastEpReward: 24.271 | RecentReward: 21.909 | ActorLoss: -3.641293 | CriticLoss: 0.013128 | Q: 3.6360 | TargetQ: 3.6349 | TDAbs: 0.1202 | ActorGrad: 0.0499 | CriticGrad: 0.4101 | Noise: 0.0500 | Replay: 50000 | FPS: 52.64 | ETA: 13.1 min
2026-09-16 19:01:04,381 | INFO | Steps: 109056/150000 | Episodes: 213 | LastEpReward: 21.718 | RecentReward: 21.915 | ActorLoss: -3.663786 | CriticLoss: 0.013957 | Q: 3.6564 | TargetQ: 3.6558 | TDAbs: 0.1227 | ActorGrad: 0.0525 | CriticGrad: 0.3978 | Noise: 0.0500 | Replay: 50000 | FPS: 52.69 | ETA: 13.0 min
2026-09-16 19:01:11,967 | INFO | Steps: 109568/150000 | Episodes: 214 | LastEpReward: 24.579 | RecentReward: 22.245 | ActorLoss: -3.619588 | CriticLoss: 0.013808 | Q: 3.6131 | TargetQ: 3.6131 | TDAbs: 0.1237 | ActorGrad: 0.0559 | CriticGrad: 0.4876 | Noise: 0.0500 | Replay: 50000 | FPS: 52.75 | ETA: 12.8 min
2026-09-16 19:01:19,443 | INFO | Steps: 110080/150000 | Episodes: 215 | LastEpReward: 15.785 | RecentReward: 22.436 | ActorLoss: -3.620956 | CriticLoss: 0.013540 | Q: 3.6156 | TargetQ: 3.6140 | TDAbs: 0.1206 | ActorGrad: 0.0521 | CriticGrad: 0.4008 | Noise: 0.0500 | Replay: 50000 | FPS: 52.80 | ETA: 12.6 min
2026-09-16 19:01:26,912 | INFO | Steps: 110592/150000 | Episodes: 216 | LastEpReward: 22.758 | RecentReward: 22.062 | ActorLoss: -3.632730 | CriticLoss: 0.012585 | Q: 3.6263 | TargetQ: 3.6264 | TDAbs: 0.1180 | ActorGrad: 0.0558 | CriticGrad: 0.3938 | Noise: 0.0500 | Replay: 50000 | FPS: 52.86 | ETA: 12.4 min
2026-09-16 19:01:34,565 | INFO | Steps: 111104/150000 | Episodes: 217 | LastEpReward: 20.829 | RecentReward: 22.130 | ActorLoss: -3.608528 | CriticLoss: 0.013419 | Q: 3.6019 | TargetQ: 3.6022 | TDAbs: 0.1228 | ActorGrad: 0.0724 | CriticGrad: 0.4543 | Noise: 0.0500 | Replay: 50000 | FPS: 52.91 | ETA: 12.3 min
2026-09-16 19:01:42,272 | INFO | Steps: 111616/150000 | Episodes: 218 | LastEpReward: 13.783 | RecentReward: 21.033 | ActorLoss: -3.597175 | CriticLoss: 0.013432 | Q: 3.5909 | TargetQ: 3.5902 | TDAbs: 0.1213 | ActorGrad: 0.0736 | CriticGrad: 0.3924 | Noise: 0.0500 | Replay: 50000 | FPS: 52.96 | ETA: 12.1 min
2026-09-16 19:01:49,823 | INFO | Steps: 112128/150000 | Episodes: 219 | LastEpReward: 16.531 | RecentReward: 20.185 | ActorLoss: -3.621791 | CriticLoss: 0.013653 | Q: 3.6139 | TargetQ: 3.6132 | TDAbs: 0.1209 | ActorGrad: 0.0784 | CriticGrad: 0.4170 | Noise: 0.0500 | Replay: 50000 | FPS: 53.01 | ETA: 11.9 min
2026-09-16 19:01:57,363 | INFO | 开始周期评估: Steps=112640 | Episodes=220 | EvalEpisodes=5
2026-09-16 19:02:20,175 | INFO | 周期评估完成: Steps=112640 | MeanReward=21.671 | StdReward=3.044
2026-09-16 19:02:20,184 | INFO | Steps: 112640/150000 | Episodes: 220 | LastEpReward: 21.360 | RecentReward: 20.380 | ActorLoss: -3.606602 | CriticLoss: 0.014580 | Q: 3.5994 | TargetQ: 3.5992 | TDAbs: 0.1232 | ActorGrad: 0.0677 | CriticGrad: 0.4188 | Noise: 0.0500 | Replay: 50000 | FPS: 52.50 | ETA: 11.9 min
2026-09-16 19:02:27,602 | INFO | Steps: 113152/150000 | Episodes: 221 | LastEpReward: 18.656 | RecentReward: 20.027 | ActorLoss: -3.603570 | CriticLoss: 0.013518 | Q: 3.5975 | TargetQ: 3.5972 | TDAbs: 0.1210 | ActorGrad: 0.0714 | CriticGrad: 0.4381 | Noise: 0.0500 | Replay: 50000 | FPS: 52.56 | ETA: 11.7 min
2026-09-16 19:02:35,038 | INFO | Steps: 113664/150000 | Episodes: 222 | LastEpReward: 12.657 | RecentReward: 18.866 | ActorLoss: -3.571716 | CriticLoss: 0.014406 | Q: 3.5657 | TargetQ: 3.5658 | TDAbs: 0.1245 | ActorGrad: 0.0595 | CriticGrad: 0.4549 | Noise: 0.0500 | Replay: 50000 | FPS: 52.62 | ETA: 11.5 min
2026-09-16 19:02:42,831 | INFO | Steps: 114176/150000 | Episodes: 223 | LastEpReward: 19.625 | RecentReward: 18.656 | ActorLoss: -3.606057 | CriticLoss: 0.015474 | Q: 3.6000 | TargetQ: 3.5993 | TDAbs: 0.1272 | ActorGrad: 0.0667 | CriticGrad: 0.5084 | Noise: 0.0500 | Replay: 50000 | FPS: 52.66 | ETA: 11.3 min
2026-09-16 19:02:50,588 | INFO | Steps: 114688/150000 | Episodes: 224 | LastEpReward: 22.699 | RecentReward: 18.468 | ActorLoss: -3.582482 | CriticLoss: 0.013975 | Q: 3.5757 | TargetQ: 3.5754 | TDAbs: 0.1229 | ActorGrad: 0.0713 | CriticGrad: 0.4649 | Noise: 0.0500 | Replay: 50000 | FPS: 52.71 | ETA: 11.2 min
2026-09-16 19:02:57,994 | INFO | Steps: 115200/150000 | Episodes: 225 | LastEpReward: 10.553 | RecentReward: 17.945 | ActorLoss: -3.575728 | CriticLoss: 0.014431 | Q: 3.5683 | TargetQ: 3.5685 | TDAbs: 0.1244 | ActorGrad: 0.0716 | CriticGrad: 0.4129 | Noise: 0.0500 | Replay: 50000 | FPS: 52.77 | ETA: 11.0 min
2026-09-16 19:03:05,569 | INFO | Steps: 115712/150000 | Episodes: 226 | LastEpReward: 19.655 | RecentReward: 17.635 | ActorLoss: -3.628311 | CriticLoss: 0.015074 | Q: 3.6213 | TargetQ: 3.6219 | TDAbs: 0.1239 | ActorGrad: 0.0692 | CriticGrad: 0.4251 | Noise: 0.0500 | Replay: 50000 | FPS: 52.82 | ETA: 10.8 min
2026-09-16 19:03:13,144 | INFO | Steps: 116224/150000 | Episodes: 227 | LastEpReward: 18.382 | RecentReward: 17.390 | ActorLoss: -3.578721 | CriticLoss: 0.014837 | Q: 3.5719 | TargetQ: 3.5731 | TDAbs: 0.1256 | ActorGrad: 0.0768 | CriticGrad: 0.4712 | Noise: 0.0500 | Replay: 50000 | FPS: 52.87 | ETA: 10.6 min
2026-09-16 19:03:20,645 | INFO | Steps: 116736/150000 | Episodes: 228 | LastEpReward: 15.636 | RecentReward: 17.575 | ActorLoss: -3.582723 | CriticLoss: 0.015073 | Q: 3.5754 | TargetQ: 3.5754 | TDAbs: 0.1264 | ActorGrad: 0.0718 | CriticGrad: 0.4501 | Noise: 0.0500 | Replay: 50000 | FPS: 52.92 | ETA: 10.5 min
2026-09-16 19:03:28,162 | INFO | Steps: 117248/150000 | Episodes: 229 | LastEpReward: 15.888 | RecentReward: 17.511 | ActorLoss: -3.568056 | CriticLoss: 0.015436 | Q: 3.5616 | TargetQ: 3.5610 | TDAbs: 0.1269 | ActorGrad: 0.0752 | CriticGrad: 0.4383 | Noise: 0.0500 | Replay: 50000 | FPS: 52.97 | ETA: 10.3 min
2026-09-16 19:03:35,826 | INFO | 开始周期评估: Steps=117760 | Episodes=230 | EvalEpisodes=5
2026-09-16 19:03:58,690 | INFO | 周期评估完成: Steps=117760 | MeanReward=21.866 | StdReward=3.608
2026-09-16 19:03:58,698 | INFO | Steps: 117760/150000 | Episodes: 230 | LastEpReward: 15.019 | RecentReward: 16.877 | ActorLoss: -3.515570 | CriticLoss: 0.015945 | Q: 3.5101 | TargetQ: 3.5102 | TDAbs: 0.1286 | ActorGrad: 0.0704 | CriticGrad: 0.4767 | Noise: 0.0500 | Replay: 50000 | FPS: 52.48 | ETA: 10.2 min
2026-09-16 19:04:06,195 | INFO | Steps: 118272/150000 | Episodes: 231 | LastEpReward: 14.947 | RecentReward: 16.506 | ActorLoss: -3.517121 | CriticLoss: 0.015509 | Q: 3.5114 | TargetQ: 3.5110 | TDAbs: 0.1260 | ActorGrad: 0.0747 | CriticGrad: 0.4610 | Noise: 0.0500 | Replay: 50000 | FPS: 52.53 | ETA: 10.1 min
2026-09-16 19:04:13,793 | INFO | Steps: 118784/150000 | Episodes: 232 | LastEpReward: 25.623 | RecentReward: 17.803 | ActorLoss: -3.486615 | CriticLoss: 0.015781 | Q: 3.4825 | TargetQ: 3.4811 | TDAbs: 0.1287 | ActorGrad: 0.0833 | CriticGrad: 0.4594 | Noise: 0.0500 | Replay: 50000 | FPS: 52.58 | ETA: 9.9 min
2026-09-16 19:04:21,565 | INFO | Steps: 119296/150000 | Episodes: 233 | LastEpReward: 18.246 | RecentReward: 17.665 | ActorLoss: -3.584081 | CriticLoss: 0.015901 | Q: 3.5790 | TargetQ: 3.5783 | TDAbs: 0.1283 | ActorGrad: 0.0749 | CriticGrad: 0.5101 | Noise: 0.0500 | Replay: 50000 | FPS: 52.63 | ETA: 9.7 min
2026-09-16 19:04:29,058 | INFO | Steps: 119808/150000 | Episodes: 234 | LastEpReward: 17.068 | RecentReward: 17.102 | ActorLoss: -3.485116 | CriticLoss: 0.015803 | Q: 3.4815 | TargetQ: 3.4826 | TDAbs: 0.1279 | ActorGrad: 0.0762 | CriticGrad: 0.5025 | Noise: 0.0500 | Replay: 50000 | FPS: 52.68 | ETA: 9.6 min
2026-09-16 19:04:36,578 | INFO | Steps: 120320/150000 | Episodes: 235 | LastEpReward: 23.401 | RecentReward: 18.387 | ActorLoss: -3.468359 | CriticLoss: 0.014769 | Q: 3.4640 | TargetQ: 3.4634 | TDAbs: 0.1247 | ActorGrad: 0.0752 | CriticGrad: 0.4816 | Noise: 0.0500 | Replay: 50000 | FPS: 52.73 | ETA: 9.4 min
2026-09-16 19:04:43,985 | INFO | Steps: 120832/150000 | Episodes: 236 | LastEpReward: 21.785 | RecentReward: 18.600 | ActorLoss: -3.439286 | CriticLoss: 0.014945 | Q: 3.4331 | TargetQ: 3.4339 | TDAbs: 0.1260 | ActorGrad: 0.0897 | CriticGrad: 0.4412 | Noise: 0.0500 | Replay: 50000 | FPS: 52.78 | ETA: 9.2 min
2026-09-16 19:04:51,802 | INFO | Steps: 121344/150000 | Episodes: 237 | LastEpReward: 16.999 | RecentReward: 18.461 | ActorLoss: -3.474581 | CriticLoss: 0.015697 | Q: 3.4685 | TargetQ: 3.4688 | TDAbs: 0.1302 | ActorGrad: 0.0900 | CriticGrad: 0.5616 | Noise: 0.0500 | Replay: 50000 | FPS: 52.83 | ETA: 9.0 min
2026-09-16 19:04:59,376 | INFO | Steps: 121856/150000 | Episodes: 238 | LastEpReward: 21.132 | RecentReward: 19.011 | ActorLoss: -3.459264 | CriticLoss: 0.016436 | Q: 3.4520 | TargetQ: 3.4528 | TDAbs: 0.1318 | ActorGrad: 0.0954 | CriticGrad: 0.4863 | Noise: 0.0500 | Replay: 50000 | FPS: 52.88 | ETA: 8.9 min
2026-09-16 19:05:07,071 | INFO | Steps: 122368/150000 | Episodes: 239 | LastEpReward: 21.684 | RecentReward: 19.590 | ActorLoss: -3.457523 | CriticLoss: 0.015237 | Q: 3.4524 | TargetQ: 3.4523 | TDAbs: 0.1297 | ActorGrad: 0.0883 | CriticGrad: 0.4471 | Noise: 0.0500 | Replay: 50000 | FPS: 52.92 | ETA: 8.7 min
2026-09-16 19:05:14,533 | INFO | 开始周期评估: Steps=122880 | Episodes=240 | EvalEpisodes=5
2026-09-16 19:05:37,388 | INFO | 周期评估完成: Steps=122880 | MeanReward=22.156 | StdReward=3.491
2026-09-16 19:05:37,397 | INFO | Steps: 122880/150000 | Episodes: 240 | LastEpReward: 10.146 | RecentReward: 19.103 | ActorLoss: -3.456221 | CriticLoss: 0.015777 | Q: 3.4503 | TargetQ: 3.4496 | TDAbs: 0.1290 | ActorGrad: 0.0770 | CriticGrad: 0.4865 | Noise: 0.0500 | Replay: 50000 | FPS: 52.45 | ETA: 8.6 min
2026-09-16 19:05:44,913 | INFO | Steps: 123392/150000 | Episodes: 241 | LastEpReward: 22.079 | RecentReward: 19.816 | ActorLoss: -3.443072 | CriticLoss: 0.016047 | Q: 3.4366 | TargetQ: 3.4355 | TDAbs: 0.1289 | ActorGrad: 0.0965 | CriticGrad: 0.4731 | Noise: 0.0500 | Replay: 50000 | FPS: 52.50 | ETA: 8.4 min
2026-09-16 19:05:52,431 | INFO | Steps: 123904/150000 | Episodes: 242 | LastEpReward: 27.414 | RecentReward: 19.996 | ActorLoss: -3.457955 | CriticLoss: 0.016125 | Q: 3.4527 | TargetQ: 3.4525 | TDAbs: 0.1300 | ActorGrad: 0.0974 | CriticGrad: 0.4422 | Noise: 0.0500 | Replay: 50000 | FPS: 52.55 | ETA: 8.3 min
2026-09-16 19:06:00,045 | INFO | Steps: 124416/150000 | Episodes: 243 | LastEpReward: 19.644 | RecentReward: 20.135 | ActorLoss: -3.416765 | CriticLoss: 0.016807 | Q: 3.4112 | TargetQ: 3.4112 | TDAbs: 0.1311 | ActorGrad: 0.0836 | CriticGrad: 0.4654 | Noise: 0.0500 | Replay: 50000 | FPS: 52.60 | ETA: 8.1 min
2026-09-16 19:06:07,819 | INFO | Steps: 124928/150000 | Episodes: 244 | LastEpReward: 19.334 | RecentReward: 20.362 | ActorLoss: -3.410497 | CriticLoss: 0.015826 | Q: 3.4043 | TargetQ: 3.4036 | TDAbs: 0.1300 | ActorGrad: 0.0829 | CriticGrad: 0.4532 | Noise: 0.0500 | Replay: 50000 | FPS: 52.64 | ETA: 7.9 min
2026-09-16 19:06:15,601 | INFO | Steps: 125440/150000 | Episodes: 245 | LastEpReward: 20.067 | RecentReward: 20.028 | ActorLoss: -3.423363 | CriticLoss: 0.015803 | Q: 3.4161 | TargetQ: 3.4166 | TDAbs: 0.1309 | ActorGrad: 0.0874 | CriticGrad: 0.4559 | Noise: 0.0500 | Replay: 50000 | FPS: 52.69 | ETA: 7.8 min
2026-09-16 19:06:23,152 | INFO | Steps: 125952/150000 | Episodes: 246 | LastEpReward: 17.741 | RecentReward: 19.624 | ActorLoss: -3.415023 | CriticLoss: 0.017109 | Q: 3.4059 | TargetQ: 3.4060 | TDAbs: 0.1329 | ActorGrad: 0.0940 | CriticGrad: 0.5229 | Noise: 0.0500 | Replay: 50000 | FPS: 52.74 | ETA: 7.6 min
2026-09-16 19:06:30,756 | INFO | Steps: 126464/150000 | Episodes: 247 | LastEpReward: 17.412 | RecentReward: 19.665 | ActorLoss: -3.412250 | CriticLoss: 0.015759 | Q: 3.4045 | TargetQ: 3.4054 | TDAbs: 0.1313 | ActorGrad: 0.0971 | CriticGrad: 0.4423 | Noise: 0.0500 | Replay: 50000 | FPS: 52.78 | ETA: 7.4 min
2026-09-16 19:06:38,232 | INFO | Steps: 126976/150000 | Episodes: 248 | LastEpReward: 11.953 | RecentReward: 18.747 | ActorLoss: -3.375713 | CriticLoss: 0.016398 | Q: 3.3683 | TargetQ: 3.3684 | TDAbs: 0.1342 | ActorGrad: 0.0929 | CriticGrad: 0.4822 | Noise: 0.0500 | Replay: 50000 | FPS: 52.83 | ETA: 7.3 min
2026-09-16 19:06:45,771 | INFO | Steps: 127488/150000 | Episodes: 249 | LastEpReward: 21.489 | RecentReward: 18.728 | ActorLoss: -3.424279 | CriticLoss: 0.016994 | Q: 3.4164 | TargetQ: 3.4167 | TDAbs: 0.1325 | ActorGrad: 0.0928 | CriticGrad: 0.4794 | Noise: 0.0500 | Replay: 50000 | FPS: 52.88 | ETA: 7.1 min
2026-09-16 19:06:53,318 | INFO | 开始周期评估: Steps=128000 | Episodes=250 | EvalEpisodes=5
2026-09-16 19:07:16,195 | INFO | 周期评估完成: Steps=128000 | MeanReward=23.232 | StdReward=2.699
2026-09-16 19:07:16,203 | INFO | Steps: 128000/150000 | Episodes: 250 | LastEpReward: 16.097 | RecentReward: 19.323 | ActorLoss: -3.415773 | CriticLoss: 0.017830 | Q: 3.4084 | TargetQ: 3.4079 | TDAbs: 0.1353 | ActorGrad: 0.1027 | CriticGrad: 0.5123 | Noise: 0.0500 | Replay: 50000 | FPS: 52.43 | ETA: 7.0 min
2026-09-16 19:07:23,700 | INFO | Steps: 128512/150000 | Episodes: 251 | LastEpReward: 22.103 | RecentReward: 19.325 | ActorLoss: -3.382920 | CriticLoss: 0.017155 | Q: 3.3745 | TargetQ: 3.3757 | TDAbs: 0.1339 | ActorGrad: 0.0871 | CriticGrad: 0.4880 | Noise: 0.0500 | Replay: 50000 | FPS: 52.48 | ETA: 6.8 min
2026-09-16 19:07:31,260 | INFO | Steps: 129024/150000 | Episodes: 252 | LastEpReward: 20.875 | RecentReward: 18.671 | ActorLoss: -3.384193 | CriticLoss: 0.016166 | Q: 3.3761 | TargetQ: 3.3755 | TDAbs: 0.1319 | ActorGrad: 0.0916 | CriticGrad: 0.4888 | Noise: 0.0500 | Replay: 50000 | FPS: 52.52 | ETA: 6.7 min
2026-09-16 19:07:38,770 | INFO | Steps: 129536/150000 | Episodes: 253 | LastEpReward: 20.210 | RecentReward: 18.728 | ActorLoss: -3.364964 | CriticLoss: 0.017753 | Q: 3.3570 | TargetQ: 3.3580 | TDAbs: 0.1348 | ActorGrad: 0.0906 | CriticGrad: 0.5074 | Noise: 0.0500 | Replay: 50000 | FPS: 52.57 | ETA: 6.5 min
2026-09-16 19:07:46,251 | INFO | Steps: 130048/150000 | Episodes: 254 | LastEpReward: 12.999 | RecentReward: 18.094 | ActorLoss: -3.397542 | CriticLoss: 0.019664 | Q: 3.3876 | TargetQ: 3.3861 | TDAbs: 0.1400 | ActorGrad: 0.0951 | CriticGrad: 0.5211 | Noise: 0.0500 | Replay: 50000 | FPS: 52.62 | ETA: 6.3 min
2026-09-16 19:07:53,731 | INFO | Steps: 130560/150000 | Episodes: 255 | LastEpReward: 24.470 | RecentReward: 18.535 | ActorLoss: -3.322237 | CriticLoss: 0.017008 | Q: 3.3165 | TargetQ: 3.3153 | TDAbs: 0.1350 | ActorGrad: 0.0878 | CriticGrad: 0.4884 | Noise: 0.0500 | Replay: 50000 | FPS: 52.67 | ETA: 6.2 min
2026-09-16 19:08:01,508 | INFO | Steps: 131072/150000 | Episodes: 256 | LastEpReward: 19.278 | RecentReward: 18.689 | ActorLoss: -3.351199 | CriticLoss: 0.019144 | Q: 3.3458 | TargetQ: 3.3440 | TDAbs: 0.1406 | ActorGrad: 0.0993 | CriticGrad: 0.5595 | Noise: 0.0500 | Replay: 50000 | FPS: 52.71 | ETA: 6.0 min
2026-09-16 19:08:09,034 | INFO | Steps: 131584/150000 | Episodes: 257 | LastEpReward: 16.151 | RecentReward: 18.562 | ActorLoss: -3.370765 | CriticLoss: 0.019168 | Q: 3.3633 | TargetQ: 3.3624 | TDAbs: 0.1385 | ActorGrad: 0.1032 | CriticGrad: 0.4969 | Noise: 0.0500 | Replay: 50000 | FPS: 52.76 | ETA: 5.8 min
2026-09-16 19:08:16,597 | INFO | Steps: 132096/150000 | Episodes: 258 | LastEpReward: 19.088 | RecentReward: 19.276 | ActorLoss: -3.302129 | CriticLoss: 0.018600 | Q: 3.2962 | TargetQ: 3.2971 | TDAbs: 0.1395 | ActorGrad: 0.1063 | CriticGrad: 0.5571 | Noise: 0.0500 | Replay: 50000 | FPS: 52.80 | ETA: 5.7 min
2026-09-16 19:08:24,090 | INFO | Steps: 132608/150000 | Episodes: 259 | LastEpReward: 20.573 | RecentReward: 19.184 | ActorLoss: -3.384796 | CriticLoss: 0.019006 | Q: 3.3786 | TargetQ: 3.3785 | TDAbs: 0.1381 | ActorGrad: 0.1010 | CriticGrad: 0.5357 | Noise: 0.0500 | Replay: 50000 | FPS: 52.85 | ETA: 5.5 min
2026-09-16 19:08:31,608 | INFO | 开始周期评估: Steps=133120 | Episodes=260 | EvalEpisodes=5
2026-09-16 19:08:54,565 | INFO | 周期评估完成: Steps=133120 | MeanReward=23.757 | StdReward=2.065
2026-09-16 19:08:54,574 | INFO | Steps: 133120/150000 | Episodes: 260 | LastEpReward: 23.429 | RecentReward: 19.918 | ActorLoss: -3.384056 | CriticLoss: 0.018384 | Q: 3.3780 | TargetQ: 3.3795 | TDAbs: 0.1384 | ActorGrad: 0.0955 | CriticGrad: 0.5251 | Noise: 0.0500 | Replay: 50000 | FPS: 52.41 | ETA: 5.4 min
2026-09-16 19:09:02,221 | INFO | Steps: 133632/150000 | Episodes: 261 | LastEpReward: 22.798 | RecentReward: 19.987 | ActorLoss: -3.336416 | CriticLoss: 0.019158 | Q: 3.3306 | TargetQ: 3.3295 | TDAbs: 0.1387 | ActorGrad: 0.0882 | CriticGrad: 0.5470 | Noise: 0.0500 | Replay: 50000 | FPS: 52.46 | ETA: 5.2 min
2026-09-16 19:09:10,059 | INFO | Steps: 134144/150000 | Episodes: 262 | LastEpReward: 18.547 | RecentReward: 19.754 | ActorLoss: -3.339704 | CriticLoss: 0.022485 | Q: 3.3329 | TargetQ: 3.3316 | TDAbs: 0.1439 | ActorGrad: 0.0821 | CriticGrad: 0.6095 | Noise: 0.0500 | Replay: 50000 | FPS: 52.50 | ETA: 5.0 min
2026-09-16 19:09:17,663 | INFO | Steps: 134656/150000 | Episodes: 263 | LastEpReward: 19.810 | RecentReward: 19.714 | ActorLoss: -3.331558 | CriticLoss: 0.019996 | Q: 3.3253 | TargetQ: 3.3247 | TDAbs: 0.1413 | ActorGrad: 0.0981 | CriticGrad: 0.5727 | Noise: 0.0500 | Replay: 50000 | FPS: 52.54 | ETA: 4.9 min
2026-09-16 19:09:25,469 | INFO | Steps: 135168/150000 | Episodes: 264 | LastEpReward: 20.468 | RecentReward: 20.461 | ActorLoss: -3.344986 | CriticLoss: 0.019077 | Q: 3.3384 | TargetQ: 3.3383 | TDAbs: 0.1399 | ActorGrad: 0.0994 | CriticGrad: 0.5721 | Noise: 0.0500 | Replay: 50000 | FPS: 52.58 | ETA: 4.7 min
2026-09-16 19:09:33,170 | INFO | Steps: 135680/150000 | Episodes: 265 | LastEpReward: 15.969 | RecentReward: 19.611 | ActorLoss: -3.343961 | CriticLoss: 0.019165 | Q: 3.3396 | TargetQ: 3.3385 | TDAbs: 0.1406 | ActorGrad: 0.1159 | CriticGrad: 0.5479 | Noise: 0.0500 | Replay: 50000 | FPS: 52.62 | ETA: 4.5 min
2026-09-16 19:09:40,762 | INFO | Steps: 136192/150000 | Episodes: 266 | LastEpReward: 20.305 | RecentReward: 19.714 | ActorLoss: -3.338212 | CriticLoss: 0.021909 | Q: 3.3311 | TargetQ: 3.3306 | TDAbs: 0.1459 | ActorGrad: 0.0922 | CriticGrad: 0.6503 | Noise: 0.0500 | Replay: 50000 | FPS: 52.67 | ETA: 4.4 min
2026-09-16 19:09:48,184 | INFO | Steps: 136704/150000 | Episodes: 267 | LastEpReward: 13.699 | RecentReward: 19.469 | ActorLoss: -3.313301 | CriticLoss: 0.019953 | Q: 3.3071 | TargetQ: 3.3070 | TDAbs: 0.1402 | ActorGrad: 0.1130 | CriticGrad: 0.5682 | Noise: 0.0500 | Replay: 50000 | FPS: 52.71 | ETA: 4.2 min
2026-09-16 19:09:55,630 | INFO | Steps: 137216/150000 | Episodes: 268 | LastEpReward: 26.549 | RecentReward: 20.215 | ActorLoss: -3.368309 | CriticLoss: 0.018965 | Q: 3.3630 | TargetQ: 3.3617 | TDAbs: 0.1392 | ActorGrad: 0.1018 | CriticGrad: 0.6088 | Noise: 0.0500 | Replay: 50000 | FPS: 52.76 | ETA: 4.0 min
2026-09-16 19:10:03,228 | INFO | Steps: 137728/150000 | Episodes: 269 | LastEpReward: 18.482 | RecentReward: 20.006 | ActorLoss: -3.316282 | CriticLoss: 0.019664 | Q: 3.3102 | TargetQ: 3.3103 | TDAbs: 0.1429 | ActorGrad: 0.1063 | CriticGrad: 0.6021 | Noise: 0.0500 | Replay: 50000 | FPS: 52.80 | ETA: 3.9 min
2026-09-16 19:10:10,612 | INFO | 开始周期评估: Steps=138240 | Episodes=270 | EvalEpisodes=5
2026-09-16 19:10:33,507 | INFO | 周期评估完成: Steps=138240 | MeanReward=16.554 | StdReward=2.490
2026-09-16 19:10:33,515 | INFO | Steps: 138240/150000 | Episodes: 270 | LastEpReward: 7.437 | RecentReward: 18.406 | ActorLoss: -3.346035 | CriticLoss: 0.020228 | Q: 3.3391 | TargetQ: 3.3402 | TDAbs: 0.1427 | ActorGrad: 0.0628 | CriticGrad: 0.5887 | Noise: 0.0500 | Replay: 50000 | FPS: 52.39 | ETA: 3.7 min
2026-09-16 19:10:40,993 | INFO | Steps: 138752/150000 | Episodes: 271 | LastEpReward: 9.460 | RecentReward: 17.073 | ActorLoss: -3.314655 | CriticLoss: 0.017970 | Q: 3.3089 | TargetQ: 3.3077 | TDAbs: 0.1358 | ActorGrad: 0.0402 | CriticGrad: 0.5122 | Noise: 0.0500 | Replay: 50000 | FPS: 52.43 | ETA: 3.6 min
2026-09-16 19:10:48,459 | INFO | Steps: 139264/150000 | Episodes: 272 | LastEpReward: 12.458 | RecentReward: 16.464 | ActorLoss: -3.319189 | CriticLoss: 0.018670 | Q: 3.3116 | TargetQ: 3.3116 | TDAbs: 0.1378 | ActorGrad: 0.0562 | CriticGrad: 0.5467 | Noise: 0.0500 | Replay: 50000 | FPS: 52.48 | ETA: 3.4 min
2026-09-16 19:10:56,113 | INFO | Steps: 139776/150000 | Episodes: 273 | LastEpReward: 17.727 | RecentReward: 16.255 | ActorLoss: -3.308975 | CriticLoss: 0.018936 | Q: 3.3025 | TargetQ: 3.3014 | TDAbs: 0.1373 | ActorGrad: 0.0510 | CriticGrad: 0.5743 | Noise: 0.0500 | Replay: 50000 | FPS: 52.52 | ETA: 3.2 min
2026-09-16 19:11:03,836 | INFO | Steps: 140288/150000 | Episodes: 274 | LastEpReward: 13.351 | RecentReward: 15.544 | ActorLoss: -3.367930 | CriticLoss: 0.020188 | Q: 3.3608 | TargetQ: 3.3613 | TDAbs: 0.1402 | ActorGrad: 0.0495 | CriticGrad: 0.5939 | Noise: 0.0500 | Replay: 50000 | FPS: 52.56 | ETA: 3.1 min
2026-09-16 19:11:11,340 | INFO | Steps: 140800/150000 | Episodes: 275 | LastEpReward: 13.627 | RecentReward: 15.309 | ActorLoss: -3.361696 | CriticLoss: 0.019546 | Q: 3.3548 | TargetQ: 3.3558 | TDAbs: 0.1400 | ActorGrad: 0.0516 | CriticGrad: 0.6205 | Noise: 0.0500 | Replay: 50000 | FPS: 52.61 | ETA: 2.9 min
2026-09-16 19:11:18,856 | INFO | Steps: 141312/150000 | Episodes: 276 | LastEpReward: 8.881 | RecentReward: 14.167 | ActorLoss: -3.350906 | CriticLoss: 0.021468 | Q: 3.3432 | TargetQ: 3.3419 | TDAbs: 0.1417 | ActorGrad: 0.0619 | CriticGrad: 0.6296 | Noise: 0.0500 | Replay: 50000 | FPS: 52.65 | ETA: 2.8 min
2026-09-16 19:11:26,704 | INFO | Steps: 141824/150000 | Episodes: 277 | LastEpReward: 14.142 | RecentReward: 14.211 | ActorLoss: -3.356494 | CriticLoss: 0.020321 | Q: 3.3512 | TargetQ: 3.3502 | TDAbs: 0.1400 | ActorGrad: 0.0557 | CriticGrad: 0.5845 | Noise: 0.0500 | Replay: 50000 | FPS: 52.69 | ETA: 2.6 min
2026-09-16 19:11:34,367 | INFO | Steps: 142336/150000 | Episodes: 278 | LastEpReward: 9.075 | RecentReward: 12.464 | ActorLoss: -3.358231 | CriticLoss: 0.018829 | Q: 3.3539 | TargetQ: 3.3533 | TDAbs: 0.1370 | ActorGrad: 0.0509 | CriticGrad: 0.6636 | Noise: 0.0500 | Replay: 50000 | FPS: 52.73 | ETA: 2.4 min
2026-09-16 19:11:42,023 | INFO | Steps: 142848/150000 | Episodes: 279 | LastEpReward: 18.053 | RecentReward: 12.421 | ActorLoss: -3.351562 | CriticLoss: 0.018582 | Q: 3.3473 | TargetQ: 3.3482 | TDAbs: 0.1360 | ActorGrad: 0.0525 | CriticGrad: 0.5952 | Noise: 0.0500 | Replay: 50000 | FPS: 52.77 | ETA: 2.3 min
2026-09-16 19:11:49,771 | INFO | 开始周期评估: Steps=143360 | Episodes=280 | EvalEpisodes=5
2026-09-16 19:12:12,691 | INFO | 周期评估完成: Steps=143360 | MeanReward=20.404 | StdReward=2.522
2026-09-16 19:12:12,700 | INFO | Steps: 143360/150000 | Episodes: 280 | LastEpReward: 22.397 | RecentReward: 13.917 | ActorLoss: -3.358637 | CriticLoss: 0.017751 | Q: 3.3535 | TargetQ: 3.3528 | TDAbs: 0.1350 | ActorGrad: 0.0528 | CriticGrad: 0.5476 | Noise: 0.0500 | Replay: 50000 | FPS: 52.36 | ETA: 2.1 min
2026-09-16 19:12:20,186 | INFO | Steps: 143872/150000 | Episodes: 281 | LastEpReward: 5.590 | RecentReward: 13.530 | ActorLoss: -3.336827 | CriticLoss: 0.020006 | Q: 3.3334 | TargetQ: 3.3332 | TDAbs: 0.1405 | ActorGrad: 0.0654 | CriticGrad: 0.6156 | Noise: 0.0500 | Replay: 50000 | FPS: 52.40 | ETA: 1.9 min
2026-09-16 19:12:27,791 | INFO | Steps: 144384/150000 | Episodes: 282 | LastEpReward: 17.279 | RecentReward: 14.012 | ActorLoss: -3.350022 | CriticLoss: 0.017876 | Q: 3.3449 | TargetQ: 3.3455 | TDAbs: 0.1350 | ActorGrad: 0.0653 | CriticGrad: 0.5570 | Noise: 0.0500 | Replay: 50000 | FPS: 52.45 | ETA: 1.8 min
2026-09-16 19:12:35,201 | INFO | Steps: 144896/150000 | Episodes: 283 | LastEpReward: 7.960 | RecentReward: 13.035 | ActorLoss: -3.333121 | CriticLoss: 0.019472 | Q: 3.3284 | TargetQ: 3.3288 | TDAbs: 0.1371 | ActorGrad: 0.0634 | CriticGrad: 0.5832 | Noise: 0.0500 | Replay: 50000 | FPS: 52.49 | ETA: 1.6 min
2026-09-16 19:12:42,665 | INFO | Steps: 145408/150000 | Episodes: 284 | LastEpReward: 17.575 | RecentReward: 13.458 | ActorLoss: -3.369172 | CriticLoss: 0.018098 | Q: 3.3643 | TargetQ: 3.3630 | TDAbs: 0.1362 | ActorGrad: 0.0653 | CriticGrad: 0.5907 | Noise: 0.0500 | Replay: 50000 | FPS: 52.53 | ETA: 1.5 min
2026-09-16 19:12:50,491 | INFO | Steps: 145920/150000 | Episodes: 285 | LastEpReward: 20.325 | RecentReward: 14.128 | ActorLoss: -3.412318 | CriticLoss: 0.019012 | Q: 3.4060 | TargetQ: 3.4058 | TDAbs: 0.1384 | ActorGrad: 0.0810 | CriticGrad: 0.5939 | Noise: 0.0500 | Replay: 50000 | FPS: 52.57 | ETA: 1.3 min
2026-09-16 19:12:58,137 | INFO | Steps: 146432/150000 | Episodes: 286 | LastEpReward: 13.977 | RecentReward: 14.637 | ActorLoss: -3.389900 | CriticLoss: 0.017209 | Q: 3.3863 | TargetQ: 3.3866 | TDAbs: 0.1334 | ActorGrad: 0.0954 | CriticGrad: 0.5707 | Noise: 0.0500 | Replay: 50000 | FPS: 52.61 | ETA: 1.1 min
2026-09-16 19:13:05,620 | INFO | Steps: 146944/150000 | Episodes: 287 | LastEpReward: 16.099 | RecentReward: 14.833 | ActorLoss: -3.397092 | CriticLoss: 0.018346 | Q: 3.3897 | TargetQ: 3.3900 | TDAbs: 0.1361 | ActorGrad: 0.1054 | CriticGrad: 0.6012 | Noise: 0.0500 | Replay: 50000 | FPS: 52.65 | ETA: 1.0 min
2026-09-16 19:13:13,180 | INFO | Steps: 147456/150000 | Episodes: 288 | LastEpReward: 6.663 | RecentReward: 14.592 | ActorLoss: -3.355935 | CriticLoss: 0.017831 | Q: 3.3510 | TargetQ: 3.3517 | TDAbs: 0.1341 | ActorGrad: 0.0672 | CriticGrad: 0.6159 | Noise: 0.0500 | Replay: 50000 | FPS: 52.69 | ETA: 0.8 min
2026-09-16 19:13:20,806 | INFO | Steps: 147968/150000 | Episodes: 289 | LastEpReward: 31.332 | RecentReward: 15.920 | ActorLoss: -3.419837 | CriticLoss: 0.017265 | Q: 3.4142 | TargetQ: 3.4153 | TDAbs: 0.1323 | ActorGrad: 0.0898 | CriticGrad: 0.6010 | Noise: 0.0500 | Replay: 50000 | FPS: 52.73 | ETA: 0.6 min
2026-09-16 19:13:28,330 | INFO | 开始周期评估: Steps=148480 | Episodes=290 | EvalEpisodes=5
2026-09-16 19:13:51,290 | INFO | 周期评估完成: Steps=148480 | MeanReward=22.498 | StdReward=2.020
2026-09-16 19:13:51,298 | INFO | Steps: 148480/150000 | Episodes: 290 | LastEpReward: 19.610 | RecentReward: 15.641 | ActorLoss: -3.420049 | CriticLoss: 0.017016 | Q: 3.4137 | TargetQ: 3.4139 | TDAbs: 0.1317 | ActorGrad: 0.1007 | CriticGrad: 0.5525 | Noise: 0.0500 | Replay: 50000 | FPS: 52.35 | ETA: 0.5 min
2026-09-16 19:13:58,838 | INFO | Steps: 148992/150000 | Episodes: 291 | LastEpReward: 22.355 | RecentReward: 17.318 | ActorLoss: -3.326201 | CriticLoss: 0.015913 | Q: 3.3218 | TargetQ: 3.3210 | TDAbs: 0.1307 | ActorGrad: 0.1008 | CriticGrad: 0.4864 | Noise: 0.0500 | Replay: 50000 | FPS: 52.39 | ETA: 0.3 min
2026-09-16 19:14:06,283 | INFO | Steps: 149504/150000 | Episodes: 292 | LastEpReward: 19.662 | RecentReward: 17.556 | ActorLoss: -3.354151 | CriticLoss: 0.017922 | Q: 3.3368 | TargetQ: 3.3372 | TDAbs: 0.1382 | ActorGrad: 0.2149 | CriticGrad: 0.4983 | Noise: 0.0500 | Replay: 50000 | FPS: 52.43 | ETA: 0.2 min
2026-09-16 19:14:13,610 | INFO | Steps: 150000/150000 | Episodes: 292 | LastEpReward: 19.662 | RecentReward: 17.556 | ActorLoss: -3.383115 | CriticLoss: 0.044076 | Q: 3.4172 | TargetQ: 3.4159 | TDAbs: 0.2203 | ActorGrad: 0.0574 | CriticGrad: 0.7303 | Noise: 0.0500 | Replay: 50000 | FPS: 52.47 | ETA: 0.0 min
2026-09-16 19:14:59,771 | INFO | MADDPG 训练与评估完成，最佳权重: /home/pjpjq/LEO_switch/results/multiseed_0907/seed43/u35/learned_baselines/maddpg/maddpg_model.pt
