Run id: additional_4seeds_150k
Proposed method: HAN+PDQN (--algorithm pdqn)
User counts: 25
Seeds: 46
Baselines: han_mappo, mappo_no_han, maddpg, pdqn, min_distance, full_local

=== Multi-user scaling: U25, seed 46 ===
System run dir: /home/pjpjq/LEO_switch/results/multiseed_0907/seed46/u25/learned_baselines/han_pdqn
Compare output dir: /home/pjpjq/LEO_switch/results/multiseed_0907/seed46/u25
Complete HAN+PDQN artifacts found; reusing system training.
System training step skipped.
/home/pjpjq/miniconda3/envs/satellite.env/bin/python scripts/compare_system_baselines.py --run-mode compare_only --system-run-dir /home/pjpjq/LEO_switch/results/multiseed_0907/seed46/u25/learned_baselines/han_pdqn --output-dir /home/pjpjq/LEO_switch/results/multiseed_0907/seed46/u25 --episodes 5 --max-steps 512 --total-timesteps 150000 --seed 46 --device cuda --num-users 25 --best-model-metric reward --compare-ranking-metric reward --plot-window 3 --early-stop-patience 0 --baselines han_mappo mappo_no_han maddpg pdqn min_distance full_local --reuse-learned-checkpoints
Aggregation skipped.
Run id: additional_4seeds_150k
Proposed method: HAN+PDQN (--algorithm pdqn)
User counts: 30, 35, 40
Seeds: 43, 44, 45, 46
Baselines: han_mappo, mappo_no_han, maddpg, pdqn, min_distance, full_local

=== Multi-user scaling: U30, seed 43 ===
System run dir: /home/pjpjq/LEO_switch/results/multiseed_0907/seed43/u30/learned_baselines/han_pdqn
Compare output dir: /home/pjpjq/LEO_switch/results/multiseed_0907/seed43/u30
/home/pjpjq/miniconda3/envs/satellite.env/bin/python scripts/train.py --exp_name han_pdqn_multiuser_u30 --algorithm pdqn --seed 43 --device cuda --num_users 30 --total_timesteps 150000 --max_steps 512 --n_steps 1024 --batch_size 512 --learning_rate 0.0001 --pdqn_lr 0.001 --n_epochs 4 --eval_interval 25000 --eval_episodes 5 --save_interval 50000 --graph_update_interval 1 --log_interval 1 --reward-load-balance-weight 0.05 --best-model-metric reward --save_path /home/pjpjq/LEO_switch/results/multiseed_0907/seed43/u30/learned_baselines/han_pdqn --log_path /home/pjpjq/LEO_switch/results/multiseed_0907/seed43/logs --pretrained_han_path /home/pjpjq/LEO_switch/results/full_train_latency_priority_multiuser_u30_multiuser_single_seed_150k_20260804/best_model.pt
/home/pjpjq/miniconda3/envs/satellite.env/bin/python scripts/compare_system_baselines.py --run-mode compare_only --system-run-dir /home/pjpjq/LEO_switch/results/multiseed_0907/seed43/u30/learned_baselines/han_pdqn --output-dir /home/pjpjq/LEO_switch/results/multiseed_0907/seed43/u30 --episodes 5 --max-steps 512 --total-timesteps 150000 --seed 43 --device cuda --num-users 30 --best-model-metric reward --compare-ranking-metric reward --plot-window 3 --early-stop-patience 0 --baselines han_mappo mappo_no_han maddpg pdqn min_distance full_local --reuse-learned-checkpoints

=== Multi-user scaling: U30, seed 44 ===
System run dir: /home/pjpjq/LEO_switch/results/multiseed_0907/seed44/u30/learned_baselines/han_pdqn
Compare output dir: /home/pjpjq/LEO_switch/results/multiseed_0907/seed44/u30
/home/pjpjq/miniconda3/envs/satellite.env/bin/python scripts/train.py --exp_name han_pdqn_multiuser_u30 --algorithm pdqn --seed 44 --device cuda --num_users 30 --total_timesteps 150000 --max_steps 512 --n_steps 1024 --batch_size 512 --learning_rate 0.0001 --pdqn_lr 0.001 --n_epochs 4 --eval_interval 25000 --eval_episodes 5 --save_interval 50000 --graph_update_interval 1 --log_interval 1 --reward-load-balance-weight 0.05 --best-model-metric reward --save_path /home/pjpjq/LEO_switch/results/multiseed_0907/seed44/u30/learned_baselines/han_pdqn --log_path /home/pjpjq/LEO_switch/results/multiseed_0907/seed44/logs --pretrained_han_path /home/pjpjq/LEO_switch/results/full_train_latency_priority_multiuser_u30_multiuser_single_seed_150k_20260804/best_model.pt
/home/pjpjq/miniconda3/envs/satellite.env/bin/python scripts/compare_system_baselines.py --run-mode compare_only --system-run-dir /home/pjpjq/LEO_switch/results/multiseed_0907/seed44/u30/learned_baselines/han_pdqn --output-dir /home/pjpjq/LEO_switch/results/multiseed_0907/seed44/u30 --episodes 5 --max-steps 512 --total-timesteps 150000 --seed 44 --device cuda --num-users 30 --best-model-metric reward --compare-ranking-metric reward --plot-window 3 --early-stop-patience 0 --baselines han_mappo mappo_no_han maddpg pdqn min_distance full_local --reuse-learned-checkpoints

=== Multi-user scaling: U30, seed 45 ===
System run dir: /home/pjpjq/LEO_switch/results/multiseed_0907/seed45/u30/learned_baselines/han_pdqn
Compare output dir: /home/pjpjq/LEO_switch/results/multiseed_0907/seed45/u30
/home/pjpjq/miniconda3/envs/satellite.env/bin/python scripts/train.py --exp_name han_pdqn_multiuser_u30 --algorithm pdqn --seed 45 --device cuda --num_users 30 --total_timesteps 150000 --max_steps 512 --n_steps 1024 --batch_size 512 --learning_rate 0.0001 --pdqn_lr 0.001 --n_epochs 4 --eval_interval 25000 --eval_episodes 5 --save_interval 50000 --graph_update_interval 1 --log_interval 1 --reward-load-balance-weight 0.05 --best-model-metric reward --save_path /home/pjpjq/LEO_switch/results/multiseed_0907/seed45/u30/learned_baselines/han_pdqn --log_path /home/pjpjq/LEO_switch/results/multiseed_0907/seed45/logs --pretrained_han_path /home/pjpjq/LEO_switch/results/full_train_latency_priority_multiuser_u30_multiuser_single_seed_150k_20260804/best_model.pt
/home/pjpjq/miniconda3/envs/satellite.env/bin/python scripts/compare_system_baselines.py --run-mode compare_only --system-run-dir /home/pjpjq/LEO_switch/results/multiseed_0907/seed45/u30/learned_baselines/han_pdqn --output-dir /home/pjpjq/LEO_switch/results/multiseed_0907/seed45/u30 --episodes 5 --max-steps 512 --total-timesteps 150000 --seed 45 --device cuda --num-users 30 --best-model-metric reward --compare-ranking-metric reward --plot-window 3 --early-stop-patience 0 --baselines han_mappo mappo_no_han maddpg pdqn min_distance full_local --reuse-learned-checkpoints

=== Multi-user scaling: U30, seed 46 ===
System run dir: /home/pjpjq/LEO_switch/results/multiseed_0907/seed46/u30/learned_baselines/han_pdqn
Compare output dir: /home/pjpjq/LEO_switch/results/multiseed_0907/seed46/u30
/home/pjpjq/miniconda3/envs/satellite.env/bin/python scripts/train.py --exp_name han_pdqn_multiuser_u30 --algorithm pdqn --seed 46 --device cuda --num_users 30 --total_timesteps 150000 --max_steps 512 --n_steps 1024 --batch_size 512 --learning_rate 0.0001 --pdqn_lr 0.001 --n_epochs 4 --eval_interval 25000 --eval_episodes 5 --save_interval 50000 --graph_update_interval 1 --log_interval 1 --reward-load-balance-weight 0.05 --best-model-metric reward --save_path /home/pjpjq/LEO_switch/results/multiseed_0907/seed46/u30/learned_baselines/han_pdqn --log_path /home/pjpjq/LEO_switch/results/multiseed_0907/seed46/logs --pretrained_han_path /home/pjpjq/LEO_switch/results/full_train_latency_priority_multiuser_u30_multiuser_single_seed_150k_20260804/best_model.pt
/home/pjpjq/miniconda3/envs/satellite.env/bin/python scripts/compare_system_baselines.py --run-mode compare_only --system-run-dir /home/pjpjq/LEO_switch/results/multiseed_0907/seed46/u30/learned_baselines/han_pdqn --output-dir /home/pjpjq/LEO_switch/results/multiseed_0907/seed46/u30 --episodes 5 --max-steps 512 --total-timesteps 150000 --seed 46 --device cuda --num-users 30 --best-model-metric reward --compare-ranking-metric reward --plot-window 3 --early-stop-patience 0 --baselines han_mappo mappo_no_han maddpg pdqn min_distance full_local --reuse-learned-checkpoints

=== Multi-user scaling: U35, seed 43 ===
System run dir: /home/pjpjq/LEO_switch/results/multiseed_0907/seed43/u35/learned_baselines/han_pdqn
Compare output dir: /home/pjpjq/LEO_switch/results/multiseed_0907/seed43/u35
/home/pjpjq/miniconda3/envs/satellite.env/bin/python scripts/train.py --exp_name han_pdqn_multiuser_u35 --algorithm pdqn --seed 43 --device cuda --num_users 35 --total_timesteps 150000 --max_steps 512 --n_steps 1024 --batch_size 512 --learning_rate 0.0001 --pdqn_lr 0.001 --n_epochs 4 --eval_interval 25000 --eval_episodes 5 --save_interval 50000 --graph_update_interval 1 --log_interval 1 --reward-load-balance-weight 0.05 --best-model-metric reward --save_path /home/pjpjq/LEO_switch/results/multiseed_0907/seed43/u35/learned_baselines/han_pdqn --log_path /home/pjpjq/LEO_switch/results/multiseed_0907/seed43/logs --pretrained_han_path /home/pjpjq/LEO_switch/results/full_train_latency_priority_multiuser_u35_multiuser_single_seed_150k_20260804/best_model.pt
/home/pjpjq/miniconda3/envs/satellite.env/bin/python scripts/compare_system_baselines.py --run-mode compare_only --system-run-dir /home/pjpjq/LEO_switch/results/multiseed_0907/seed43/u35/learned_baselines/han_pdqn --output-dir /home/pjpjq/LEO_switch/results/multiseed_0907/seed43/u35 --episodes 5 --max-steps 512 --total-timesteps 150000 --seed 43 --device cuda --num-users 35 --best-model-metric reward --compare-ranking-metric reward --plot-window 3 --early-stop-patience 0 --baselines han_mappo mappo_no_han maddpg pdqn min_distance full_local --reuse-learned-checkpoints

=== Multi-user scaling: U35, seed 44 ===
System run dir: /home/pjpjq/LEO_switch/results/multiseed_0907/seed44/u35/learned_baselines/han_pdqn
Compare output dir: /home/pjpjq/LEO_switch/results/multiseed_0907/seed44/u35
/home/pjpjq/miniconda3/envs/satellite.env/bin/python scripts/train.py --exp_name han_pdqn_multiuser_u35 --algorithm pdqn --seed 44 --device cuda --num_users 35 --total_timesteps 150000 --max_steps 512 --n_steps 1024 --batch_size 512 --learning_rate 0.0001 --pdqn_lr 0.001 --n_epochs 4 --eval_interval 25000 --eval_episodes 5 --save_interval 50000 --graph_update_interval 1 --log_interval 1 --reward-load-balance-weight 0.05 --best-model-metric reward --save_path /home/pjpjq/LEO_switch/results/multiseed_0907/seed44/u35/learned_baselines/han_pdqn --log_path /home/pjpjq/LEO_switch/results/multiseed_0907/seed44/logs --pretrained_han_path /home/pjpjq/LEO_switch/results/full_train_latency_priority_multiuser_u35_multiuser_single_seed_150k_20260804/best_model.pt
/home/pjpjq/miniconda3/envs/satellite.env/bin/python scripts/compare_system_baselines.py --run-mode compare_only --system-run-dir /home/pjpjq/LEO_switch/results/multiseed_0907/seed44/u35/learned_baselines/han_pdqn --output-dir /home/pjpjq/LEO_switch/results/multiseed_0907/seed44/u35 --episodes 5 --max-steps 512 --total-timesteps 150000 --seed 44 --device cuda --num-users 35 --best-model-metric reward --compare-ranking-metric reward --plot-window 3 --early-stop-patience 0 --baselines han_mappo mappo_no_han maddpg pdqn min_distance full_local --reuse-learned-checkpoints

=== Multi-user scaling: U35, seed 45 ===
System run dir: /home/pjpjq/LEO_switch/results/multiseed_0907/seed45/u35/learned_baselines/han_pdqn
Compare output dir: /home/pjpjq/LEO_switch/results/multiseed_0907/seed45/u35
/home/pjpjq/miniconda3/envs/satellite.env/bin/python scripts/train.py --exp_name han_pdqn_multiuser_u35 --algorithm pdqn --seed 45 --device cuda --num_users 35 --total_timesteps 150000 --max_steps 512 --n_steps 1024 --batch_size 512 --learning_rate 0.0001 --pdqn_lr 0.001 --n_epochs 4 --eval_interval 25000 --eval_episodes 5 --save_interval 50000 --graph_update_interval 1 --log_interval 1 --reward-load-balance-weight 0.05 --best-model-metric reward --save_path /home/pjpjq/LEO_switch/results/multiseed_0907/seed45/u35/learned_baselines/han_pdqn --log_path /home/pjpjq/LEO_switch/results/multiseed_0907/seed45/logs --pretrained_han_path /home/pjpjq/LEO_switch/results/full_train_latency_priority_multiuser_u35_multiuser_single_seed_150k_20260804/best_model.pt
/home/pjpjq/miniconda3/envs/satellite.env/bin/python scripts/compare_system_baselines.py --run-mode compare_only --system-run-dir /home/pjpjq/LEO_switch/results/multiseed_0907/seed45/u35/learned_baselines/han_pdqn --output-dir /home/pjpjq/LEO_switch/results/multiseed_0907/seed45/u35 --episodes 5 --max-steps 512 --total-timesteps 150000 --seed 45 --device cuda --num-users 35 --best-model-metric reward --compare-ranking-metric reward --plot-window 3 --early-stop-patience 0 --baselines han_mappo mappo_no_han maddpg pdqn min_distance full_local --reuse-learned-checkpoints

=== Multi-user scaling: U35, seed 46 ===
System run dir: /home/pjpjq/LEO_switch/results/multiseed_0907/seed46/u35/learned_baselines/han_pdqn
Compare output dir: /home/pjpjq/LEO_switch/results/multiseed_0907/seed46/u35
/home/pjpjq/miniconda3/envs/satellite.env/bin/python scripts/train.py --exp_name han_pdqn_multiuser_u35 --algorithm pdqn --seed 46 --device cuda --num_users 35 --total_timesteps 150000 --max_steps 512 --n_steps 1024 --batch_size 512 --learning_rate 0.0001 --pdqn_lr 0.001 --n_epochs 4 --eval_interval 25000 --eval_episodes 5 --save_interval 50000 --graph_update_interval 1 --log_interval 1 --reward-load-balance-weight 0.05 --best-model-metric reward --save_path /home/pjpjq/LEO_switch/results/multiseed_0907/seed46/u35/learned_baselines/han_pdqn --log_path /home/pjpjq/LEO_switch/results/multiseed_0907/seed46/logs --pretrained_han_path /home/pjpjq/LEO_switch/results/full_train_latency_priority_multiuser_u35_multiuser_single_seed_150k_20260804/best_model.pt
/home/pjpjq/miniconda3/envs/satellite.env/bin/python scripts/compare_system_baselines.py --run-mode compare_only --system-run-dir /home/pjpjq/LEO_switch/results/multiseed_0907/seed46/u35/learned_baselines/han_pdqn --output-dir /home/pjpjq/LEO_switch/results/multiseed_0907/seed46/u35 --episodes 5 --max-steps 512 --total-timesteps 150000 --seed 46 --device cuda --num-users 35 --best-model-metric reward --compare-ranking-metric reward --plot-window 3 --early-stop-patience 0 --baselines han_mappo mappo_no_han maddpg pdqn min_distance full_local --reuse-learned-checkpoints

=== Multi-user scaling: U40, seed 43 ===
System run dir: /home/pjpjq/LEO_switch/results/multiseed_0907/seed43/u40/learned_baselines/han_pdqn
Compare output dir: /home/pjpjq/LEO_switch/results/multiseed_0907/seed43/u40
/home/pjpjq/miniconda3/envs/satellite.env/bin/python scripts/train.py --exp_name han_pdqn_multiuser_u40 --algorithm pdqn --seed 43 --device cuda --num_users 40 --total_timesteps 150000 --max_steps 512 --n_steps 1024 --batch_size 512 --learning_rate 0.0001 --pdqn_lr 0.001 --n_epochs 4 --eval_interval 25000 --eval_episodes 5 --save_interval 50000 --graph_update_interval 1 --log_interval 1 --reward-load-balance-weight 0.05 --best-model-metric reward --save_path /home/pjpjq/LEO_switch/results/multiseed_0907/seed43/u40/learned_baselines/han_pdqn --log_path /home/pjpjq/LEO_switch/results/multiseed_0907/seed43/logs --pretrained_han_path /home/pjpjq/LEO_switch/results/full_train_latency_priority_multiuser_u40_multiuser_single_seed_150k_20260804/best_model.pt
/home/pjpjq/miniconda3/envs/satellite.env/bin/python scripts/compare_system_baselines.py --run-mode compare_only --system-run-dir /home/pjpjq/LEO_switch/results/multiseed_0907/seed43/u40/learned_baselines/han_pdqn --output-dir /home/pjpjq/LEO_switch/results/multiseed_0907/seed43/u40 --episodes 5 --max-steps 512 --total-timesteps 150000 --seed 43 --device cuda --num-users 40 --best-model-metric reward --compare-ranking-metric reward --plot-window 3 --early-stop-patience 0 --baselines han_mappo mappo_no_han maddpg pdqn min_distance full_local --reuse-learned-checkpoints

=== Multi-user scaling: U40, seed 44 ===
System run dir: /home/pjpjq/LEO_switch/results/multiseed_0907/seed44/u40/learned_baselines/han_pdqn
Compare output dir: /home/pjpjq/LEO_switch/results/multiseed_0907/seed44/u40
/home/pjpjq/miniconda3/envs/satellite.env/bin/python scripts/train.py --exp_name han_pdqn_multiuser_u40 --algorithm pdqn --seed 44 --device cuda --num_users 40 --total_timesteps 150000 --max_steps 512 --n_steps 1024 --batch_size 512 --learning_rate 0.0001 --pdqn_lr 0.001 --n_epochs 4 --eval_interval 25000 --eval_episodes 5 --save_interval 50000 --graph_update_interval 1 --log_interval 1 --reward-load-balance-weight 0.05 --best-model-metric reward --save_path /home/pjpjq/LEO_switch/results/multiseed_0907/seed44/u40/learned_baselines/han_pdqn --log_path /home/pjpjq/LEO_switch/results/multiseed_0907/seed44/logs --pretrained_han_path /home/pjpjq/LEO_switch/results/full_train_latency_priority_multiuser_u40_multiuser_single_seed_150k_20260804/best_model.pt
/home/pjpjq/miniconda3/envs/satellite.env/bin/python scripts/compare_system_baselines.py --run-mode compare_only --system-run-dir /home/pjpjq/LEO_switch/results/multiseed_0907/seed44/u40/learned_baselines/han_pdqn --output-dir /home/pjpjq/LEO_switch/results/multiseed_0907/seed44/u40 --episodes 5 --max-steps 512 --total-timesteps 150000 --seed 44 --device cuda --num-users 40 --best-model-metric reward --compare-ranking-metric reward --plot-window 3 --early-stop-patience 0 --baselines han_mappo mappo_no_han maddpg pdqn min_distance full_local --reuse-learned-checkpoints

=== Multi-user scaling: U40, seed 45 ===
System run dir: /home/pjpjq/LEO_switch/results/multiseed_0907/seed45/u40/learned_baselines/han_pdqn
Compare output dir: /home/pjpjq/LEO_switch/results/multiseed_0907/seed45/u40
/home/pjpjq/miniconda3/envs/satellite.env/bin/python scripts/train.py --exp_name han_pdqn_multiuser_u40 --algorithm pdqn --seed 45 --device cuda --num_users 40 --total_timesteps 150000 --max_steps 512 --n_steps 1024 --batch_size 512 --learning_rate 0.0001 --pdqn_lr 0.001 --n_epochs 4 --eval_interval 25000 --eval_episodes 5 --save_interval 50000 --graph_update_interval 1 --log_interval 1 --reward-load-balance-weight 0.05 --best-model-metric reward --save_path /home/pjpjq/LEO_switch/results/multiseed_0907/seed45/u40/learned_baselines/han_pdqn --log_path /home/pjpjq/LEO_switch/results/multiseed_0907/seed45/logs --pretrained_han_path /home/pjpjq/LEO_switch/results/full_train_latency_priority_multiuser_u40_multiuser_single_seed_150k_20260804/best_model.pt
/home/pjpjq/miniconda3/envs/satellite.env/bin/python scripts/compare_system_baselines.py --run-mode compare_only --system-run-dir /home/pjpjq/LEO_switch/results/multiseed_0907/seed45/u40/learned_baselines/han_pdqn --output-dir /home/pjpjq/LEO_switch/results/multiseed_0907/seed45/u40 --episodes 5 --max-steps 512 --total-timesteps 150000 --seed 45 --device cuda --num-users 40 --best-model-metric reward --compare-ranking-metric reward --plot-window 3 --early-stop-patience 0 --baselines han_mappo mappo_no_han maddpg pdqn min_distance full_local --reuse-learned-checkpoints

=== Multi-user scaling: U40, seed 46 ===
System run dir: /home/pjpjq/LEO_switch/results/multiseed_0907/seed46/u40/learned_baselines/han_pdqn
Compare output dir: /home/pjpjq/LEO_switch/results/multiseed_0907/seed46/u40
/home/pjpjq/miniconda3/envs/satellite.env/bin/python scripts/train.py --exp_name han_pdqn_multiuser_u40 --algorithm pdqn --seed 46 --device cuda --num_users 40 --total_timesteps 150000 --max_steps 512 --n_steps 1024 --batch_size 512 --learning_rate 0.0001 --pdqn_lr 0.001 --n_epochs 4 --eval_interval 25000 --eval_episodes 5 --save_interval 50000 --graph_update_interval 1 --log_interval 1 --reward-load-balance-weight 0.05 --best-model-metric reward --save_path /home/pjpjq/LEO_switch/results/multiseed_0907/seed46/u40/learned_baselines/han_pdqn --log_path /home/pjpjq/LEO_switch/results/multiseed_0907/seed46/logs --pretrained_han_path /home/pjpjq/LEO_switch/results/full_train_latency_priority_multiuser_u40_multiuser_single_seed_150k_20260804/best_model.pt
/home/pjpjq/miniconda3/envs/satellite.env/bin/python scripts/compare_system_baselines.py --run-mode compare_only --system-run-dir /home/pjpjq/LEO_switch/results/multiseed_0907/seed46/u40/learned_baselines/han_pdqn --output-dir /home/pjpjq/LEO_switch/results/multiseed_0907/seed46/u40 --episodes 5 --max-steps 512 --total-timesteps 150000 --seed 46 --device cuda --num-users 40 --best-model-metric reward --compare-ranking-metric reward --plot-window 3 --early-stop-patience 0 --baselines han_mappo mappo_no_han maddpg pdqn min_distance full_local --reuse-learned-checkpoints
Aggregation skipped.
