2026-09-13 09:23:45,957 | INFO | ============================================================
2026-09-13 09:23:45,957 | INFO | 开始训练纯 MADDPG 基线
2026-09-13 09:23:45,957 | INFO | 用户数: 25 | 观测维度: 76 | handover维度: 11 | 总步数: 150000 | warmup: 1000 | batch: 128 | 日志间隔: 512 steps | device: cuda | actor_lr: 1.0e-04 | critic_lr: 3.0e-04 | tau: 0.005 | reward_scale: 1.00
2026-09-13 09:23:45,957 | INFO | ============================================================
2026-09-13 09:23:49,940 | INFO | Steps: 512/150000 | Episodes: 1 | LastEpReward: 9.024 | RecentReward: 9.024 | ActorLoss: 0.000000 | CriticLoss: 0.000000 | Q: 0.0000 | TargetQ: 0.0000 | TDAbs: 0.0000 | ActorGrad: 0.0000 | CriticGrad: 0.0000 | Noise: 0.3500 | Replay: 512 | FPS: 128.54 | ETA: 19.4 min
2026-09-13 09:23:53,876 | INFO | Steps: 1024/150000 | Episodes: 2 | LastEpReward: 5.238 | RecentReward: 7.131 | ActorLoss: 0.069233 | CriticLoss: 0.004572 | Q: -0.0702 | TargetQ: -0.0732 | TDAbs: 0.0742 | ActorGrad: 0.0013 | CriticGrad: 0.0683 | Noise: 0.3499 | Replay: 1024 | FPS: 129.31 | ETA: 19.2 min
2026-09-13 09:24:00,345 | INFO | Steps: 1536/150000 | Episodes: 3 | LastEpReward: -80.222 | RecentReward: -21.987 | ActorLoss: 0.059049 | CriticLoss: 0.000660 | Q: -0.0766 | TargetQ: -0.0767 | TDAbs: 0.0270 | ActorGrad: 0.0002 | CriticGrad: 0.0527 | Noise: 0.3485 | Replay: 1536 | FPS: 106.75 | ETA: 23.2 min
2026-09-13 09:24:06,672 | INFO | Steps: 2048/150000 | Episodes: 4 | LastEpReward: -82.862 | RecentReward: -37.205 | ActorLoss: 0.174185 | CriticLoss: 0.001030 | Q: -0.1933 | TargetQ: -0.1934 | TDAbs: 0.0334 | ActorGrad: 0.0052 | CriticGrad: 0.0953 | Noise: 0.3470 | Replay: 2048 | FPS: 98.86 | ETA: 24.9 min
2026-09-13 09:24:13,116 | INFO | Steps: 2560/150000 | Episodes: 5 | LastEpReward: -60.612 | RecentReward: -41.887 | ActorLoss: 0.336819 | CriticLoss: 0.001000 | Q: -0.3633 | TargetQ: -0.3635 | TDAbs: 0.0323 | ActorGrad: 0.0037 | CriticGrad: 0.0803 | Noise: 0.3455 | Replay: 2560 | FPS: 94.26 | ETA: 26.1 min
2026-09-13 09:24:19,455 | INFO | Steps: 3072/150000 | Episodes: 6 | LastEpReward: -102.146 | RecentReward: -51.930 | ActorLoss: 0.591104 | CriticLoss: 0.001526 | Q: -0.6225 | TargetQ: -0.6225 | TDAbs: 0.0391 | ActorGrad: 0.0242 | CriticGrad: 0.1318 | Noise: 0.3441 | Replay: 3072 | FPS: 91.70 | ETA: 26.7 min
2026-09-13 09:24:25,787 | INFO | Steps: 3584/150000 | Episodes: 7 | LastEpReward: 21.003 | RecentReward: -41.511 | ActorLoss: 0.447311 | CriticLoss: 0.001665 | Q: -0.5223 | TargetQ: -0.5220 | TDAbs: 0.0435 | ActorGrad: 0.0099 | CriticGrad: 0.1432 | Noise: 0.3426 | Replay: 3584 | FPS: 89.98 | ETA: 27.1 min
2026-09-13 09:24:32,280 | INFO | Steps: 4096/150000 | Episodes: 8 | LastEpReward: 34.249 | RecentReward: -32.041 | ActorLoss: 0.286138 | CriticLoss: 0.001329 | Q: -0.3631 | TargetQ: -0.3628 | TDAbs: 0.0386 | ActorGrad: 0.0078 | CriticGrad: 0.1147 | Noise: 0.3412 | Replay: 4096 | FPS: 88.42 | ETA: 27.5 min
2026-09-13 09:24:38,757 | INFO | Steps: 4608/150000 | Episodes: 9 | LastEpReward: 37.947 | RecentReward: -24.264 | ActorLoss: 0.148508 | CriticLoss: 0.001488 | Q: -0.2232 | TargetQ: -0.2230 | TDAbs: 0.0410 | ActorGrad: 0.0072 | CriticGrad: 0.1165 | Noise: 0.3397 | Replay: 4608 | FPS: 87.27 | ETA: 27.8 min
2026-09-13 09:24:45,269 | INFO | 开始周期评估: Steps=5120 | Episodes=10 | EvalEpisodes=5
2026-09-13 09:25:04,586 | INFO | 周期评估完成: Steps=5120 | MeanReward=36.551 | StdReward=7.870
2026-09-13 09:25:04,599 | INFO | Steps: 5120/150000 | Episodes: 10 | LastEpReward: 27.371 | RecentReward: -19.101 | ActorLoss: 0.000031 | CriticLoss: 0.002205 | Q: -0.0705 | TargetQ: -0.0702 | TDAbs: 0.0492 | ActorGrad: 0.0075 | CriticGrad: 0.1471 | Noise: 0.3382 | Replay: 5120 | FPS: 65.10 | ETA: 37.1 min
2026-09-13 09:25:11,109 | INFO | Steps: 5632/150000 | Episodes: 11 | LastEpReward: 33.527 | RecentReward: -16.651 | ActorLoss: -0.161561 | CriticLoss: 0.001588 | Q: 0.0920 | TargetQ: 0.0924 | TDAbs: 0.0425 | ActorGrad: 0.0060 | CriticGrad: 0.1303 | Noise: 0.3368 | Replay: 5632 | FPS: 66.14 | ETA: 36.4 min
2026-09-13 09:25:17,653 | INFO | Steps: 6144/150000 | Episodes: 12 | LastEpReward: 45.205 | RecentReward: -12.654 | ActorLoss: -0.340789 | CriticLoss: 0.002161 | Q: 0.2719 | TargetQ: 0.2723 | TDAbs: 0.0496 | ActorGrad: 0.0065 | CriticGrad: 0.1602 | Noise: 0.3353 | Replay: 6144 | FPS: 67.00 | ETA: 35.8 min
2026-09-13 09:25:24,157 | INFO | Steps: 6656/150000 | Episodes: 13 | LastEpReward: 31.782 | RecentReward: -1.454 | ActorLoss: -0.543260 | CriticLoss: 0.002066 | Q: 0.4766 | TargetQ: 0.4767 | TDAbs: 0.0485 | ActorGrad: 0.0062 | CriticGrad: 0.1539 | Noise: 0.3338 | Replay: 6656 | FPS: 67.78 | ETA: 35.2 min
2026-09-13 09:25:30,631 | INFO | Steps: 7168/150000 | Episodes: 14 | LastEpReward: 35.546 | RecentReward: 10.387 | ActorLoss: -0.669316 | CriticLoss: 0.002687 | Q: 0.6015 | TargetQ: 0.6019 | TDAbs: 0.0538 | ActorGrad: 0.0074 | CriticGrad: 0.1668 | Noise: 0.3324 | Replay: 7168 | FPS: 68.48 | ETA: 34.8 min
2026-09-13 09:25:37,124 | INFO | Steps: 7680/150000 | Episodes: 15 | LastEpReward: 34.707 | RecentReward: 19.919 | ActorLoss: -0.863964 | CriticLoss: 0.002514 | Q: 0.7972 | TargetQ: 0.7978 | TDAbs: 0.0534 | ActorGrad: 0.0084 | CriticGrad: 0.1661 | Noise: 0.3309 | Replay: 7680 | FPS: 69.08 | ETA: 34.3 min
2026-09-13 09:25:43,865 | INFO | Steps: 8192/150000 | Episodes: 16 | LastEpReward: 25.855 | RecentReward: 32.719 | ActorLoss: -1.039859 | CriticLoss: 0.003055 | Q: 0.9839 | TargetQ: 0.9839 | TDAbs: 0.0578 | ActorGrad: 0.0122 | CriticGrad: 0.1766 | Noise: 0.3295 | Replay: 8192 | FPS: 69.48 | ETA: 34.0 min
2026-09-13 09:25:50,511 | INFO | Steps: 8704/150000 | Episodes: 17 | LastEpReward: 28.295 | RecentReward: 33.448 | ActorLoss: -1.176099 | CriticLoss: 0.004983 | Q: 1.1288 | TargetQ: 1.1287 | TDAbs: 0.0730 | ActorGrad: 0.0104 | CriticGrad: 0.2919 | Noise: 0.3280 | Replay: 8704 | FPS: 69.88 | ETA: 33.7 min
2026-09-13 09:25:57,011 | INFO | Steps: 9216/150000 | Episodes: 18 | LastEpReward: 38.444 | RecentReward: 33.868 | ActorLoss: -1.256532 | CriticLoss: 0.003757 | Q: 1.2083 | TargetQ: 1.2086 | TDAbs: 0.0651 | ActorGrad: 0.0109 | CriticGrad: 0.2437 | Noise: 0.3265 | Replay: 9216 | FPS: 70.32 | ETA: 33.4 min
2026-09-13 09:26:03,645 | INFO | Steps: 9728/150000 | Episodes: 19 | LastEpReward: 29.601 | RecentReward: 33.033 | ActorLoss: -1.389908 | CriticLoss: 0.004291 | Q: 1.3461 | TargetQ: 1.3458 | TDAbs: 0.0678 | ActorGrad: 0.0123 | CriticGrad: 0.2069 | Noise: 0.3251 | Replay: 9728 | FPS: 70.65 | ETA: 33.1 min
2026-09-13 09:26:10,205 | INFO | 开始周期评估: Steps=10240 | Episodes=20 | EvalEpisodes=5
2026-09-13 09:26:29,330 | INFO | 周期评估完成: Steps=10240 | MeanReward=33.514 | StdReward=4.976
2026-09-13 09:26:29,337 | INFO | Steps: 10240/150000 | Episodes: 20 | LastEpReward: 43.998 | RecentReward: 34.696 | ActorLoss: -1.555299 | CriticLoss: 0.005588 | Q: 1.5152 | TargetQ: 1.5151 | TDAbs: 0.0805 | ActorGrad: 0.0135 | CriticGrad: 0.3979 | Noise: 0.3236 | Replay: 10240 | FPS: 62.68 | ETA: 37.2 min
2026-09-13 09:26:36,050 | INFO | Steps: 10752/150000 | Episodes: 21 | LastEpReward: 29.055 | RecentReward: 34.249 | ActorLoss: -1.682534 | CriticLoss: 0.005007 | Q: 1.6422 | TargetQ: 1.6426 | TDAbs: 0.0760 | ActorGrad: 0.0140 | CriticGrad: 0.3310 | Noise: 0.3221 | Replay: 10752 | FPS: 63.21 | ETA: 36.7 min
2026-09-13 09:26:42,647 | INFO | Steps: 11264/150000 | Episodes: 22 | LastEpReward: 22.877 | RecentReward: 32.016 | ActorLoss: -1.809065 | CriticLoss: 0.004503 | Q: 1.7667 | TargetQ: 1.7669 | TDAbs: 0.0710 | ActorGrad: 0.0162 | CriticGrad: 0.2655 | Noise: 0.3207 | Replay: 11264 | FPS: 63.75 | ETA: 36.3 min
2026-09-13 09:26:49,353 | INFO | Steps: 11776/150000 | Episodes: 23 | LastEpReward: 37.661 | RecentReward: 32.604 | ActorLoss: -1.897430 | CriticLoss: 0.005731 | Q: 1.8545 | TargetQ: 1.8544 | TDAbs: 0.0785 | ActorGrad: 0.0152 | CriticGrad: 0.2973 | Noise: 0.3192 | Replay: 11776 | FPS: 64.21 | ETA: 35.9 min
2026-09-13 09:26:55,913 | INFO | Steps: 12288/150000 | Episodes: 24 | LastEpReward: 42.562 | RecentReward: 33.305 | ActorLoss: -2.079184 | CriticLoss: 0.006075 | Q: 2.0352 | TargetQ: 2.0364 | TDAbs: 0.0833 | ActorGrad: 0.0161 | CriticGrad: 0.3612 | Noise: 0.3177 | Replay: 12288 | FPS: 64.69 | ETA: 35.5 min
2026-09-13 09:27:02,448 | INFO | Steps: 12800/150000 | Episodes: 25 | LastEpReward: 29.818 | RecentReward: 32.817 | ActorLoss: -2.162804 | CriticLoss: 0.006007 | Q: 2.1228 | TargetQ: 2.1232 | TDAbs: 0.0805 | ActorGrad: 0.0176 | CriticGrad: 0.3495 | Noise: 0.3163 | Replay: 12800 | FPS: 65.14 | ETA: 35.1 min
2026-09-13 09:27:09,289 | INFO | Steps: 13312/150000 | Episodes: 26 | LastEpReward: 35.843 | RecentReward: 33.815 | ActorLoss: -2.356146 | CriticLoss: 0.006506 | Q: 2.3142 | TargetQ: 2.3141 | TDAbs: 0.0860 | ActorGrad: 0.0194 | CriticGrad: 0.4443 | Noise: 0.3148 | Replay: 13312 | FPS: 65.47 | ETA: 34.8 min
2026-09-13 09:27:15,981 | INFO | Steps: 13824/150000 | Episodes: 27 | LastEpReward: 45.619 | RecentReward: 35.548 | ActorLoss: -2.443786 | CriticLoss: 0.006376 | Q: 2.3992 | TargetQ: 2.3994 | TDAbs: 0.0841 | ActorGrad: 0.0193 | CriticGrad: 0.3725 | Noise: 0.3134 | Replay: 13824 | FPS: 65.82 | ETA: 34.5 min
2026-09-13 09:27:22,694 | INFO | Steps: 14336/150000 | Episodes: 28 | LastEpReward: 38.396 | RecentReward: 35.543 | ActorLoss: -2.635179 | CriticLoss: 0.007256 | Q: 2.5945 | TargetQ: 2.5948 | TDAbs: 0.0884 | ActorGrad: 0.0186 | CriticGrad: 0.4826 | Noise: 0.3119 | Replay: 14336 | FPS: 66.14 | ETA: 34.2 min
2026-09-13 09:27:29,371 | INFO | Steps: 14848/150000 | Episodes: 29 | LastEpReward: 43.893 | RecentReward: 36.972 | ActorLoss: -2.758120 | CriticLoss: 0.007255 | Q: 2.7137 | TargetQ: 2.7138 | TDAbs: 0.0898 | ActorGrad: 0.0190 | CriticGrad: 0.4487 | Noise: 0.3104 | Replay: 14848 | FPS: 66.46 | ETA: 33.9 min
2026-09-13 09:27:35,930 | INFO | 开始周期评估: Steps=15360 | Episodes=30 | EvalEpisodes=5
2026-09-13 09:27:55,167 | INFO | 周期评估完成: Steps=15360 | MeanReward=33.321 | StdReward=8.570
2026-09-13 09:27:55,174 | INFO | Steps: 15360/150000 | Episodes: 30 | LastEpReward: 36.419 | RecentReward: 36.214 | ActorLoss: -2.842864 | CriticLoss: 0.008195 | Q: 2.7983 | TargetQ: 2.7986 | TDAbs: 0.0946 | ActorGrad: 0.0186 | CriticGrad: 0.4472 | Noise: 0.3090 | Replay: 15360 | FPS: 61.63 | ETA: 36.4 min
2026-09-13 09:28:01,686 | INFO | Steps: 15872/150000 | Episodes: 31 | LastEpReward: 34.066 | RecentReward: 36.715 | ActorLoss: -2.993258 | CriticLoss: 0.007422 | Q: 2.9491 | TargetQ: 2.9495 | TDAbs: 0.0913 | ActorGrad: 0.0240 | CriticGrad: 0.4461 | Noise: 0.3075 | Replay: 15872 | FPS: 62.07 | ETA: 36.0 min
2026-09-13 09:28:08,283 | INFO | Steps: 16384/150000 | Episodes: 32 | LastEpReward: 44.632 | RecentReward: 38.891 | ActorLoss: -3.093132 | CriticLoss: 0.008216 | Q: 3.0463 | TargetQ: 3.0464 | TDAbs: 0.0969 | ActorGrad: 0.0157 | CriticGrad: 0.4864 | Noise: 0.3060 | Replay: 16384 | FPS: 62.46 | ETA: 35.7 min
2026-09-13 09:28:14,954 | INFO | Steps: 16896/150000 | Episodes: 33 | LastEpReward: 39.228 | RecentReward: 39.048 | ActorLoss: -3.265846 | CriticLoss: 0.009350 | Q: 3.2203 | TargetQ: 3.2202 | TDAbs: 0.0986 | ActorGrad: 0.0192 | CriticGrad: 0.4478 | Noise: 0.3046 | Replay: 16896 | FPS: 62.81 | ETA: 35.3 min
2026-09-13 09:28:21,460 | INFO | Steps: 17408/150000 | Episodes: 34 | LastEpReward: 18.193 | RecentReward: 36.611 | ActorLoss: -3.360402 | CriticLoss: 0.009326 | Q: 3.3155 | TargetQ: 3.3164 | TDAbs: 0.1013 | ActorGrad: 0.0199 | CriticGrad: 0.5194 | Noise: 0.3031 | Replay: 17408 | FPS: 63.19 | ETA: 35.0 min
2026-09-13 09:28:28,012 | INFO | Steps: 17920/150000 | Episodes: 35 | LastEpReward: 24.249 | RecentReward: 36.054 | ActorLoss: -3.521210 | CriticLoss: 0.009586 | Q: 3.4759 | TargetQ: 3.4754 | TDAbs: 0.1013 | ActorGrad: 0.0217 | CriticGrad: 0.5099 | Noise: 0.3017 | Replay: 17920 | FPS: 63.53 | ETA: 34.6 min
2026-09-13 09:28:34,693 | INFO | Steps: 18432/150000 | Episodes: 36 | LastEpReward: 33.154 | RecentReward: 35.785 | ActorLoss: -3.648625 | CriticLoss: 0.009529 | Q: 3.5993 | TargetQ: 3.5998 | TDAbs: 0.1027 | ActorGrad: 0.0215 | CriticGrad: 0.5762 | Noise: 0.3002 | Replay: 18432 | FPS: 63.84 | ETA: 34.4 min
2026-09-13 09:28:41,302 | INFO | Steps: 18944/150000 | Episodes: 37 | LastEpReward: 37.796 | RecentReward: 35.002 | ActorLoss: -3.736273 | CriticLoss: 0.009821 | Q: 3.6929 | TargetQ: 3.6925 | TDAbs: 0.1019 | ActorGrad: 0.0226 | CriticGrad: 0.4993 | Noise: 0.2987 | Replay: 18944 | FPS: 64.14 | ETA: 34.1 min
2026-09-13 09:28:47,819 | INFO | Steps: 19456/150000 | Episodes: 38 | LastEpReward: 31.488 | RecentReward: 34.312 | ActorLoss: -3.888916 | CriticLoss: 0.011365 | Q: 3.8491 | TargetQ: 3.8480 | TDAbs: 0.1062 | ActorGrad: 0.0204 | CriticGrad: 0.4938 | Noise: 0.2973 | Replay: 19456 | FPS: 64.45 | ETA: 33.8 min
2026-09-13 09:28:54,392 | INFO | Steps: 19968/150000 | Episodes: 39 | LastEpReward: 36.021 | RecentReward: 33.524 | ActorLoss: -3.985425 | CriticLoss: 0.011698 | Q: 3.9404 | TargetQ: 3.9407 | TDAbs: 0.1125 | ActorGrad: 0.0387 | CriticGrad: 0.6276 | Noise: 0.2958 | Replay: 19968 | FPS: 64.74 | ETA: 33.5 min
2026-09-13 09:29:01,030 | INFO | 开始周期评估: Steps=20480 | Episodes=40 | EvalEpisodes=5
2026-09-13 09:29:20,339 | INFO | 周期评估完成: Steps=20480 | MeanReward=18.072 | StdReward=2.335
2026-09-13 09:29:20,346 | INFO | Steps: 20480/150000 | Episodes: 40 | LastEpReward: 26.423 | RecentReward: 32.525 | ActorLoss: -4.064057 | CriticLoss: 0.012701 | Q: 4.0210 | TargetQ: 4.0205 | TDAbs: 0.1180 | ActorGrad: 0.0453 | CriticGrad: 0.7345 | Noise: 0.2943 | Replay: 20480 | FPS: 61.25 | ETA: 35.2 min
2026-09-13 09:29:27,153 | INFO | Steps: 20992/150000 | Episodes: 41 | LastEpReward: 28.758 | RecentReward: 31.994 | ActorLoss: -4.193611 | CriticLoss: 0.013453 | Q: 4.1475 | TargetQ: 4.1475 | TDAbs: 0.1177 | ActorGrad: 0.0455 | CriticGrad: 0.6394 | Noise: 0.2929 | Replay: 20992 | FPS: 61.52 | ETA: 34.9 min
2026-09-13 09:29:33,724 | INFO | Steps: 21504/150000 | Episodes: 42 | LastEpReward: 16.667 | RecentReward: 29.198 | ActorLoss: -4.303286 | CriticLoss: 0.011880 | Q: 4.2601 | TargetQ: 4.2603 | TDAbs: 0.1148 | ActorGrad: 0.0404 | CriticGrad: 0.6391 | Noise: 0.2914 | Replay: 21504 | FPS: 61.83 | ETA: 34.6 min
2026-09-13 09:29:40,282 | INFO | Steps: 22016/150000 | Episodes: 43 | LastEpReward: 32.211 | RecentReward: 28.496 | ActorLoss: -4.353885 | CriticLoss: 0.013996 | Q: 4.3123 | TargetQ: 4.3116 | TDAbs: 0.1193 | ActorGrad: 0.0435 | CriticGrad: 0.6390 | Noise: 0.2900 | Replay: 22016 | FPS: 62.13 | ETA: 34.3 min
2026-09-13 09:29:46,866 | INFO | Steps: 22528/150000 | Episodes: 44 | LastEpReward: 26.496 | RecentReward: 29.326 | ActorLoss: -4.439810 | CriticLoss: 0.016090 | Q: 4.3976 | TargetQ: 4.3953 | TDAbs: 0.1264 | ActorGrad: 0.0497 | CriticGrad: 0.7267 | Noise: 0.2885 | Replay: 22528 | FPS: 62.42 | ETA: 34.0 min
2026-09-13 09:29:53,444 | INFO | Steps: 23040/150000 | Episodes: 45 | LastEpReward: 13.309 | RecentReward: 28.232 | ActorLoss: -4.508532 | CriticLoss: 0.014086 | Q: 4.4712 | TargetQ: 4.4692 | TDAbs: 0.1184 | ActorGrad: 0.0391 | CriticGrad: 0.6997 | Noise: 0.2870 | Replay: 23040 | FPS: 62.70 | ETA: 33.8 min
2026-09-13 09:30:00,060 | INFO | Steps: 23552/150000 | Episodes: 46 | LastEpReward: 32.501 | RecentReward: 28.167 | ActorLoss: -4.590251 | CriticLoss: 0.015542 | Q: 4.5484 | TargetQ: 4.5476 | TDAbs: 0.1269 | ActorGrad: 0.0381 | CriticGrad: 0.6815 | Noise: 0.2856 | Replay: 23552 | FPS: 62.96 | ETA: 33.5 min
2026-09-13 09:30:06,774 | INFO | Steps: 24064/150000 | Episodes: 47 | LastEpReward: 37.420 | RecentReward: 28.129 | ActorLoss: -4.706903 | CriticLoss: 0.016018 | Q: 4.6662 | TargetQ: 4.6649 | TDAbs: 0.1296 | ActorGrad: 0.0369 | CriticGrad: 0.7767 | Noise: 0.2841 | Replay: 24064 | FPS: 63.19 | ETA: 33.2 min
2026-09-13 09:30:13,448 | INFO | Steps: 24576/150000 | Episodes: 48 | LastEpReward: 32.256 | RecentReward: 28.206 | ActorLoss: -4.772676 | CriticLoss: 0.015306 | Q: 4.7297 | TargetQ: 4.7286 | TDAbs: 0.1259 | ActorGrad: 0.0340 | CriticGrad: 0.7022 | Noise: 0.2826 | Replay: 24576 | FPS: 63.42 | ETA: 33.0 min
2026-09-13 09:30:19,955 | INFO | Steps: 25088/150000 | Episodes: 49 | LastEpReward: 26.841 | RecentReward: 27.288 | ActorLoss: -4.846729 | CriticLoss: 0.014848 | Q: 4.8046 | TargetQ: 4.8036 | TDAbs: 0.1241 | ActorGrad: 0.0365 | CriticGrad: 0.6242 | Noise: 0.2812 | Replay: 25088 | FPS: 63.68 | ETA: 32.7 min
2026-09-13 09:30:26,460 | INFO | 开始周期评估: Steps=25600 | Episodes=50 | EvalEpisodes=5
2026-09-13 09:30:45,579 | INFO | 周期评估完成: Steps=25600 | MeanReward=32.070 | StdReward=5.539
2026-09-13 09:30:45,586 | INFO | Steps: 25600/150000 | Episodes: 50 | LastEpReward: 22.242 | RecentReward: 26.870 | ActorLoss: -4.931339 | CriticLoss: 0.015765 | Q: 4.8892 | TargetQ: 4.8882 | TDAbs: 0.1283 | ActorGrad: 0.0372 | CriticGrad: 0.7011 | Noise: 0.2797 | Replay: 25600 | FPS: 61.01 | ETA: 34.0 min
2026-09-13 09:30:52,414 | INFO | Steps: 26112/150000 | Episodes: 51 | LastEpReward: 42.614 | RecentReward: 28.256 | ActorLoss: -5.016855 | CriticLoss: 0.014090 | Q: 4.9789 | TargetQ: 4.9777 | TDAbs: 0.1221 | ActorGrad: 0.0359 | CriticGrad: 0.5777 | Noise: 0.2783 | Replay: 26112 | FPS: 61.23 | ETA: 33.7 min
2026-09-13 09:30:58,960 | INFO | Steps: 26624/150000 | Episodes: 52 | LastEpReward: 32.150 | RecentReward: 29.804 | ActorLoss: -5.062512 | CriticLoss: 0.015539 | Q: 5.0278 | TargetQ: 5.0274 | TDAbs: 0.1286 | ActorGrad: 0.0293 | CriticGrad: 0.7714 | Noise: 0.2768 | Replay: 26624 | FPS: 61.49 | ETA: 33.4 min
2026-09-13 09:31:05,666 | INFO | Steps: 27136/150000 | Episodes: 53 | LastEpReward: 32.519 | RecentReward: 29.835 | ActorLoss: -5.147164 | CriticLoss: 0.015285 | Q: 5.1135 | TargetQ: 5.1129 | TDAbs: 0.1302 | ActorGrad: 0.0302 | CriticGrad: 0.6195 | Noise: 0.2753 | Replay: 27136 | FPS: 61.71 | ETA: 33.2 min
2026-09-13 09:31:12,451 | INFO | Steps: 27648/150000 | Episodes: 54 | LastEpReward: 46.374 | RecentReward: 31.823 | ActorLoss: -5.203142 | CriticLoss: 0.017267 | Q: 5.1658 | TargetQ: 5.1659 | TDAbs: 0.1335 | ActorGrad: 0.0307 | CriticGrad: 0.7942 | Noise: 0.2739 | Replay: 27648 | FPS: 61.92 | ETA: 32.9 min
2026-09-13 09:31:19,150 | INFO | Steps: 28160/150000 | Episodes: 55 | LastEpReward: 38.747 | RecentReward: 34.366 | ActorLoss: -5.281938 | CriticLoss: 0.015139 | Q: 5.2473 | TargetQ: 5.2479 | TDAbs: 0.1287 | ActorGrad: 0.0290 | CriticGrad: 0.7560 | Noise: 0.2724 | Replay: 28160 | FPS: 62.14 | ETA: 32.7 min
2026-09-13 09:31:25,678 | INFO | Steps: 28672/150000 | Episodes: 56 | LastEpReward: 28.677 | RecentReward: 33.984 | ActorLoss: -5.348406 | CriticLoss: 0.017130 | Q: 5.3125 | TargetQ: 5.3117 | TDAbs: 0.1348 | ActorGrad: 0.0250 | CriticGrad: 0.7954 | Noise: 0.2709 | Replay: 28672 | FPS: 62.37 | ETA: 32.4 min
2026-09-13 09:31:32,202 | INFO | Steps: 29184/150000 | Episodes: 57 | LastEpReward: 37.987 | RecentReward: 34.041 | ActorLoss: -5.405901 | CriticLoss: 0.017537 | Q: 5.3729 | TargetQ: 5.3739 | TDAbs: 0.1374 | ActorGrad: 0.0205 | CriticGrad: 0.8476 | Noise: 0.2695 | Replay: 29184 | FPS: 62.59 | ETA: 32.2 min
2026-09-13 09:31:38,809 | INFO | Steps: 29696/150000 | Episodes: 58 | LastEpReward: 36.456 | RecentReward: 34.461 | ActorLoss: -5.428168 | CriticLoss: 0.018026 | Q: 5.3965 | TargetQ: 5.3946 | TDAbs: 0.1364 | ActorGrad: 0.0220 | CriticGrad: 0.6739 | Noise: 0.2680 | Replay: 29696 | FPS: 62.80 | ETA: 31.9 min
2026-09-13 09:31:45,451 | INFO | Steps: 30208/150000 | Episodes: 59 | LastEpReward: 32.679 | RecentReward: 35.045 | ActorLoss: -5.487596 | CriticLoss: 0.016875 | Q: 5.4574 | TargetQ: 5.4567 | TDAbs: 0.1362 | ActorGrad: 0.0195 | CriticGrad: 0.6463 | Noise: 0.2665 | Replay: 30208 | FPS: 63.00 | ETA: 31.7 min
2026-09-13 09:31:52,070 | INFO | 开始周期评估: Steps=30720 | Episodes=60 | EvalEpisodes=5
2026-09-13 09:32:11,160 | INFO | 周期评估完成: Steps=30720 | MeanReward=40.133 | StdReward=6.238
2026-09-13 09:32:11,171 | INFO | Steps: 30720/150000 | Episodes: 60 | LastEpReward: 37.703 | RecentReward: 36.591 | ActorLoss: -5.539904 | CriticLoss: 0.016692 | Q: 5.5078 | TargetQ: 5.5079 | TDAbs: 0.1385 | ActorGrad: 0.0209 | CriticGrad: 0.9760 | Noise: 0.2651 | Replay: 30720 | FPS: 60.81 | ETA: 32.7 min
2026-09-13 09:32:17,691 | INFO | Steps: 31232/150000 | Episodes: 61 | LastEpReward: 38.364 | RecentReward: 36.166 | ActorLoss: -5.554158 | CriticLoss: 0.016916 | Q: 5.5213 | TargetQ: 5.5199 | TDAbs: 0.1388 | ActorGrad: 0.0217 | CriticGrad: 0.7588 | Noise: 0.2636 | Replay: 31232 | FPS: 61.03 | ETA: 32.4 min
2026-09-13 09:32:24,253 | INFO | Steps: 31744/150000 | Episodes: 62 | LastEpReward: 33.788 | RecentReward: 36.329 | ActorLoss: -5.618596 | CriticLoss: 0.018861 | Q: 5.5897 | TargetQ: 5.5888 | TDAbs: 0.1425 | ActorGrad: 0.0210 | CriticGrad: 0.7747 | Noise: 0.2622 | Replay: 31744 | FPS: 61.25 | ETA: 32.2 min
2026-09-13 09:32:30,854 | INFO | Steps: 32256/150000 | Episodes: 63 | LastEpReward: 29.401 | RecentReward: 36.018 | ActorLoss: -5.651539 | CriticLoss: 0.019478 | Q: 5.6222 | TargetQ: 5.6216 | TDAbs: 0.1444 | ActorGrad: 0.0220 | CriticGrad: 0.7902 | Noise: 0.2607 | Replay: 32256 | FPS: 61.45 | ETA: 31.9 min
2026-09-13 09:32:37,442 | INFO | Steps: 32768/150000 | Episodes: 64 | LastEpReward: 38.117 | RecentReward: 35.192 | ActorLoss: -5.636117 | CriticLoss: 0.019500 | Q: 5.6096 | TargetQ: 5.6099 | TDAbs: 0.1479 | ActorGrad: 0.0211 | CriticGrad: 0.9691 | Noise: 0.2592 | Replay: 32768 | FPS: 61.65 | ETA: 31.7 min
2026-09-13 09:32:44,074 | INFO | Steps: 33280/150000 | Episodes: 65 | LastEpReward: 30.419 | RecentReward: 34.359 | ActorLoss: -5.705148 | CriticLoss: 0.020097 | Q: 5.6789 | TargetQ: 5.6774 | TDAbs: 0.1477 | ActorGrad: 0.0232 | CriticGrad: 0.8980 | Noise: 0.2578 | Replay: 33280 | FPS: 61.85 | ETA: 31.5 min
2026-09-13 09:32:50,725 | INFO | Steps: 33792/150000 | Episodes: 66 | LastEpReward: 33.405 | RecentReward: 34.832 | ActorLoss: -5.782054 | CriticLoss: 0.021392 | Q: 5.7528 | TargetQ: 5.7519 | TDAbs: 0.1528 | ActorGrad: 0.0245 | CriticGrad: 0.8750 | Noise: 0.2563 | Replay: 33792 | FPS: 62.03 | ETA: 31.2 min
2026-09-13 09:32:57,237 | INFO | Steps: 34304/150000 | Episodes: 67 | LastEpReward: 31.904 | RecentReward: 34.224 | ActorLoss: -5.742254 | CriticLoss: 0.021515 | Q: 5.7116 | TargetQ: 5.7120 | TDAbs: 0.1499 | ActorGrad: 0.0247 | CriticGrad: 0.8227 | Noise: 0.2548 | Replay: 34304 | FPS: 62.23 | ETA: 31.0 min
2026-09-13 09:33:03,867 | INFO | Steps: 34816/150000 | Episodes: 68 | LastEpReward: 38.510 | RecentReward: 34.429 | ActorLoss: -5.785346 | CriticLoss: 0.020883 | Q: 5.7592 | TargetQ: 5.7567 | TDAbs: 0.1505 | ActorGrad: 0.0203 | CriticGrad: 0.8361 | Noise: 0.2534 | Replay: 34816 | FPS: 62.40 | ETA: 30.8 min
2026-09-13 09:33:10,444 | INFO | Steps: 35328/150000 | Episodes: 69 | LastEpReward: 41.041 | RecentReward: 35.265 | ActorLoss: -5.888974 | CriticLoss: 0.020672 | Q: 5.8664 | TargetQ: 5.8666 | TDAbs: 0.1518 | ActorGrad: 0.0217 | CriticGrad: 0.8443 | Noise: 0.2519 | Replay: 35328 | FPS: 62.58 | ETA: 30.5 min
2026-09-13 09:33:17,258 | INFO | 开始周期评估: Steps=35840 | Episodes=70 | EvalEpisodes=5
2026-09-13 09:33:36,573 | INFO | 周期评估完成: Steps=35840 | MeanReward=40.180 | StdReward=6.323
2026-09-13 09:33:36,584 | INFO | Steps: 35840/150000 | Episodes: 70 | LastEpReward: 52.525 | RecentReward: 36.747 | ActorLoss: -5.889990 | CriticLoss: 0.021620 | Q: 5.8658 | TargetQ: 5.8655 | TDAbs: 0.1512 | ActorGrad: 0.0225 | CriticGrad: 0.9337 | Noise: 0.2505 | Replay: 35840 | FPS: 60.68 | ETA: 31.4 min
2026-09-13 09:33:43,209 | INFO | Steps: 36352/150000 | Episodes: 71 | LastEpReward: 40.746 | RecentReward: 36.986 | ActorLoss: -5.918714 | CriticLoss: 0.021235 | Q: 5.8953 | TargetQ: 5.8942 | TDAbs: 0.1549 | ActorGrad: 0.0204 | CriticGrad: 1.1290 | Noise: 0.2490 | Replay: 36352 | FPS: 60.87 | ETA: 31.1 min
2026-09-13 09:33:49,785 | INFO | Steps: 36864/150000 | Episodes: 72 | LastEpReward: 38.176 | RecentReward: 37.424 | ActorLoss: -5.871386 | CriticLoss: 0.020988 | Q: 5.8461 | TargetQ: 5.8451 | TDAbs: 0.1508 | ActorGrad: 0.0231 | CriticGrad: 0.9186 | Noise: 0.2475 | Replay: 36864 | FPS: 61.05 | ETA: 30.9 min
2026-09-13 09:33:56,373 | INFO | Steps: 37376/150000 | Episodes: 73 | LastEpReward: 30.142 | RecentReward: 37.498 | ActorLoss: -5.982120 | CriticLoss: 0.023167 | Q: 5.9574 | TargetQ: 5.9549 | TDAbs: 0.1559 | ActorGrad: 0.0213 | CriticGrad: 0.7693 | Noise: 0.2461 | Replay: 37376 | FPS: 61.23 | ETA: 30.7 min
2026-09-13 09:34:02,992 | INFO | Steps: 37888/150000 | Episodes: 74 | LastEpReward: 35.815 | RecentReward: 37.268 | ActorLoss: -5.969959 | CriticLoss: 0.022298 | Q: 5.9438 | TargetQ: 5.9436 | TDAbs: 0.1564 | ActorGrad: 0.0221 | CriticGrad: 0.8634 | Noise: 0.2446 | Replay: 37888 | FPS: 61.40 | ETA: 30.4 min
2026-09-13 09:34:09,652 | INFO | Steps: 38400/150000 | Episodes: 75 | LastEpReward: 31.949 | RecentReward: 37.421 | ActorLoss: -5.946839 | CriticLoss: 0.021942 | Q: 5.9253 | TargetQ: 5.9247 | TDAbs: 0.1561 | ActorGrad: 0.0222 | CriticGrad: 0.8950 | Noise: 0.2431 | Replay: 38400 | FPS: 61.57 | ETA: 30.2 min
2026-09-13 09:34:16,523 | INFO | Steps: 38912/150000 | Episodes: 76 | LastEpReward: 47.735 | RecentReward: 38.854 | ActorLoss: -6.014790 | CriticLoss: 0.023901 | Q: 5.9925 | TargetQ: 5.9920 | TDAbs: 0.1599 | ActorGrad: 0.0219 | CriticGrad: 1.0057 | Noise: 0.2417 | Replay: 38912 | FPS: 61.71 | ETA: 30.0 min
2026-09-13 09:34:23,063 | INFO | Steps: 39424/150000 | Episodes: 77 | LastEpReward: 30.261 | RecentReward: 38.690 | ActorLoss: -6.050557 | CriticLoss: 0.023176 | Q: 6.0259 | TargetQ: 6.0252 | TDAbs: 0.1585 | ActorGrad: 0.0217 | CriticGrad: 1.0255 | Noise: 0.2402 | Replay: 39424 | FPS: 61.88 | ETA: 29.8 min
2026-09-13 09:34:29,639 | INFO | Steps: 39936/150000 | Episodes: 78 | LastEpReward: 35.118 | RecentReward: 38.351 | ActorLoss: -6.055983 | CriticLoss: 0.024049 | Q: 6.0329 | TargetQ: 6.0300 | TDAbs: 0.1612 | ActorGrad: 0.0232 | CriticGrad: 0.9245 | Noise: 0.2388 | Replay: 39936 | FPS: 62.04 | ETA: 29.6 min
2026-09-13 09:34:36,362 | INFO | Steps: 40448/150000 | Episodes: 79 | LastEpReward: 35.070 | RecentReward: 37.753 | ActorLoss: -6.076491 | CriticLoss: 0.022201 | Q: 6.0521 | TargetQ: 6.0520 | TDAbs: 0.1570 | ActorGrad: 0.0207 | CriticGrad: 0.9389 | Noise: 0.2373 | Replay: 40448 | FPS: 62.19 | ETA: 29.4 min
2026-09-13 09:34:43,228 | INFO | 开始周期评估: Steps=40960 | Episodes=80 | EvalEpisodes=5
2026-09-13 09:35:02,469 | INFO | 周期评估完成: Steps=40960 | MeanReward=40.408 | StdReward=6.736
2026-09-13 09:35:02,490 | INFO | Steps: 40960/150000 | Episodes: 80 | LastEpReward: 37.134 | RecentReward: 36.214 | ActorLoss: -6.080509 | CriticLoss: 0.022374 | Q: 6.0564 | TargetQ: 6.0569 | TDAbs: 0.1595 | ActorGrad: 0.0219 | CriticGrad: 1.0952 | Noise: 0.2358 | Replay: 40960 | FPS: 60.54 | ETA: 30.0 min
2026-09-13 09:35:09,229 | INFO | Steps: 41472/150000 | Episodes: 81 | LastEpReward: 48.736 | RecentReward: 37.013 | ActorLoss: -6.170241 | CriticLoss: 0.024972 | Q: 6.1471 | TargetQ: 6.1443 | TDAbs: 0.1651 | ActorGrad: 0.0253 | CriticGrad: 1.1411 | Noise: 0.2344 | Replay: 41472 | FPS: 60.70 | ETA: 29.8 min
2026-09-13 09:35:16,150 | INFO | Steps: 41984/150000 | Episodes: 82 | LastEpReward: 49.761 | RecentReward: 38.172 | ActorLoss: -6.156403 | CriticLoss: 0.023340 | Q: 6.1323 | TargetQ: 6.1316 | TDAbs: 0.1608 | ActorGrad: 0.0250 | CriticGrad: 1.0022 | Noise: 0.2329 | Replay: 41984 | FPS: 60.83 | ETA: 29.6 min
2026-09-13 09:35:22,783 | INFO | Steps: 42496/150000 | Episodes: 83 | LastEpReward: 34.902 | RecentReward: 38.648 | ActorLoss: -6.210061 | CriticLoss: 0.026095 | Q: 6.1873 | TargetQ: 6.1848 | TDAbs: 0.1669 | ActorGrad: 0.0300 | CriticGrad: 1.0100 | Noise: 0.2314 | Replay: 42496 | FPS: 60.99 | ETA: 29.4 min
2026-09-13 09:35:29,384 | INFO | Steps: 43008/150000 | Episodes: 84 | LastEpReward: 32.314 | RecentReward: 38.298 | ActorLoss: -6.197841 | CriticLoss: 0.023050 | Q: 6.1737 | TargetQ: 6.1747 | TDAbs: 0.1606 | ActorGrad: 0.0272 | CriticGrad: 0.8071 | Noise: 0.2300 | Replay: 43008 | FPS: 61.14 | ETA: 29.2 min
2026-09-13 09:35:35,938 | INFO | Steps: 43520/150000 | Episodes: 85 | LastEpReward: 31.269 | RecentReward: 38.230 | ActorLoss: -6.247050 | CriticLoss: 0.024273 | Q: 6.2240 | TargetQ: 6.2238 | TDAbs: 0.1624 | ActorGrad: 0.0274 | CriticGrad: 1.0463 | Noise: 0.2285 | Replay: 43520 | FPS: 61.30 | ETA: 29.0 min
2026-09-13 09:35:42,543 | INFO | Steps: 44032/150000 | Episodes: 86 | LastEpReward: 19.430 | RecentReward: 35.399 | ActorLoss: -6.260213 | CriticLoss: 0.025661 | Q: 6.2347 | TargetQ: 6.2329 | TDAbs: 0.1649 | ActorGrad: 0.0279 | CriticGrad: 0.9453 | Noise: 0.2271 | Replay: 44032 | FPS: 61.45 | ETA: 28.7 min
2026-09-13 09:35:49,148 | INFO | Steps: 44544/150000 | Episodes: 87 | LastEpReward: 28.173 | RecentReward: 35.191 | ActorLoss: -6.307789 | CriticLoss: 0.025734 | Q: 6.2852 | TargetQ: 6.2866 | TDAbs: 0.1669 | ActorGrad: 0.0295 | CriticGrad: 0.9279 | Noise: 0.2256 | Replay: 44544 | FPS: 61.59 | ETA: 28.5 min
2026-09-13 09:35:55,956 | INFO | Steps: 45056/150000 | Episodes: 88 | LastEpReward: 49.166 | RecentReward: 36.595 | ActorLoss: -6.301459 | CriticLoss: 0.026384 | Q: 6.2795 | TargetQ: 6.2790 | TDAbs: 0.1690 | ActorGrad: 0.0324 | CriticGrad: 1.0008 | Noise: 0.2241 | Replay: 45056 | FPS: 61.72 | ETA: 28.3 min
2026-09-13 09:36:02,559 | INFO | Steps: 45568/150000 | Episodes: 89 | LastEpReward: 42.330 | RecentReward: 37.322 | ActorLoss: -6.281238 | CriticLoss: 0.026578 | Q: 6.2584 | TargetQ: 6.2575 | TDAbs: 0.1691 | ActorGrad: 0.0307 | CriticGrad: 0.9483 | Noise: 0.2227 | Replay: 45568 | FPS: 61.86 | ETA: 28.1 min
2026-09-13 09:36:09,166 | INFO | 开始周期评估: Steps=46080 | Episodes=90 | EvalEpisodes=5
2026-09-13 09:36:28,363 | INFO | 周期评估完成: Steps=46080 | MeanReward=40.438 | StdReward=6.791
2026-09-13 09:36:28,374 | INFO | Steps: 46080/150000 | Episodes: 90 | LastEpReward: 32.769 | RecentReward: 36.885 | ActorLoss: -6.358715 | CriticLoss: 0.023487 | Q: 6.3353 | TargetQ: 6.3340 | TDAbs: 0.1642 | ActorGrad: 0.0255 | CriticGrad: 1.0275 | Noise: 0.2212 | Replay: 46080 | FPS: 60.44 | ETA: 28.7 min
2026-09-13 09:36:35,013 | INFO | Steps: 46592/150000 | Episodes: 91 | LastEpReward: 34.870 | RecentReward: 35.498 | ActorLoss: -6.391834 | CriticLoss: 0.026092 | Q: 6.3665 | TargetQ: 6.3647 | TDAbs: 0.1681 | ActorGrad: 0.0324 | CriticGrad: 0.9401 | Noise: 0.2197 | Replay: 46592 | FPS: 60.58 | ETA: 28.4 min
2026-09-13 09:36:41,840 | INFO | Steps: 47104/150000 | Episodes: 92 | LastEpReward: 41.060 | RecentReward: 34.628 | ActorLoss: -6.366502 | CriticLoss: 0.025998 | Q: 6.3439 | TargetQ: 6.3412 | TDAbs: 0.1674 | ActorGrad: 0.0328 | CriticGrad: 0.9576 | Noise: 0.2183 | Replay: 47104 | FPS: 60.71 | ETA: 28.2 min
2026-09-13 09:36:48,432 | INFO | Steps: 47616/150000 | Episodes: 93 | LastEpReward: 38.829 | RecentReward: 35.021 | ActorLoss: -6.385655 | CriticLoss: 0.026125 | Q: 6.3649 | TargetQ: 6.3626 | TDAbs: 0.1685 | ActorGrad: 0.0343 | CriticGrad: 1.0325 | Noise: 0.2168 | Replay: 47616 | FPS: 60.85 | ETA: 28.0 min
2026-09-13 09:36:55,034 | INFO | Steps: 48128/150000 | Episodes: 94 | LastEpReward: 29.979 | RecentReward: 34.788 | ActorLoss: -6.392583 | CriticLoss: 0.027083 | Q: 6.3715 | TargetQ: 6.3667 | TDAbs: 0.1686 | ActorGrad: 0.0283 | CriticGrad: 0.9997 | Noise: 0.2153 | Replay: 48128 | FPS: 60.99 | ETA: 27.8 min
2026-09-13 09:37:01,623 | INFO | Steps: 48640/150000 | Episodes: 95 | LastEpReward: 37.534 | RecentReward: 35.414 | ActorLoss: -6.431277 | CriticLoss: 0.028168 | Q: 6.4084 | TargetQ: 6.4065 | TDAbs: 0.1710 | ActorGrad: 0.0328 | CriticGrad: 1.0279 | Noise: 0.2139 | Replay: 48640 | FPS: 61.13 | ETA: 27.6 min
2026-09-13 09:37:08,261 | INFO | Steps: 49152/150000 | Episodes: 96 | LastEpReward: 40.518 | RecentReward: 37.523 | ActorLoss: -6.419087 | CriticLoss: 0.024623 | Q: 6.3978 | TargetQ: 6.3976 | TDAbs: 0.1646 | ActorGrad: 0.0354 | CriticGrad: 0.8773 | Noise: 0.2124 | Replay: 49152 | FPS: 61.26 | ETA: 27.4 min
2026-09-13 09:37:14,920 | INFO | Steps: 49664/150000 | Episodes: 97 | LastEpReward: 36.629 | RecentReward: 38.368 | ActorLoss: -6.423218 | CriticLoss: 0.025333 | Q: 6.4009 | TargetQ: 6.3989 | TDAbs: 0.1676 | ActorGrad: 0.0320 | CriticGrad: 1.0586 | Noise: 0.2110 | Replay: 49664 | FPS: 61.39 | ETA: 27.2 min
2026-09-13 09:37:21,503 | INFO | Steps: 50176/150000 | Episodes: 98 | LastEpReward: 33.906 | RecentReward: 36.842 | ActorLoss: -6.441865 | CriticLoss: 0.025344 | Q: 6.4249 | TargetQ: 6.4255 | TDAbs: 0.1680 | ActorGrad: 0.0272 | CriticGrad: 0.9903 | Noise: 0.2095 | Replay: 50000 | FPS: 61.52 | ETA: 27.0 min
2026-09-13 09:37:28,151 | INFO | Steps: 50688/150000 | Episodes: 99 | LastEpReward: 33.268 | RecentReward: 35.936 | ActorLoss: -6.430005 | CriticLoss: 0.024539 | Q: 6.4104 | TargetQ: 6.4091 | TDAbs: 0.1655 | ActorGrad: 0.0389 | CriticGrad: 0.8953 | Noise: 0.2080 | Replay: 50000 | FPS: 61.65 | ETA: 26.8 min
2026-09-13 09:37:34,728 | INFO | 开始周期评估: Steps=51200 | Episodes=100 | EvalEpisodes=5
2026-09-13 09:37:54,015 | INFO | 周期评估完成: Steps=51200 | MeanReward=40.223 | StdReward=6.400
2026-09-13 09:37:54,022 | INFO | Steps: 51200/150000 | Episodes: 100 | LastEpReward: 39.287 | RecentReward: 36.588 | ActorLoss: -6.414974 | CriticLoss: 0.028019 | Q: 6.3949 | TargetQ: 6.3924 | TDAbs: 0.1711 | ActorGrad: 0.0299 | CriticGrad: 0.9483 | Noise: 0.2066 | Replay: 50000 | FPS: 60.37 | ETA: 27.3 min
2026-09-13 09:38:00,727 | INFO | Steps: 51712/150000 | Episodes: 101 | LastEpReward: 43.213 | RecentReward: 37.422 | ActorLoss: -6.426362 | CriticLoss: 0.028694 | Q: 6.4090 | TargetQ: 6.4054 | TDAbs: 0.1721 | ActorGrad: 0.0297 | CriticGrad: 0.8820 | Noise: 0.2051 | Replay: 50000 | FPS: 60.50 | ETA: 27.1 min
2026-09-13 09:38:07,464 | INFO | Steps: 52224/150000 | Episodes: 102 | LastEpReward: 33.540 | RecentReward: 36.670 | ActorLoss: -6.501944 | CriticLoss: 0.026100 | Q: 6.4871 | TargetQ: 6.4873 | TDAbs: 0.1682 | ActorGrad: 0.0221 | CriticGrad: 0.8832 | Noise: 0.2036 | Replay: 50000 | FPS: 60.62 | ETA: 26.9 min
2026-09-13 09:38:14,102 | INFO | Steps: 52736/150000 | Episodes: 103 | LastEpReward: 28.460 | RecentReward: 35.633 | ActorLoss: -6.605000 | CriticLoss: 0.025393 | Q: 6.5909 | TargetQ: 6.5900 | TDAbs: 0.1645 | ActorGrad: 0.0383 | CriticGrad: 0.8556 | Noise: 0.2022 | Replay: 50000 | FPS: 60.75 | ETA: 26.7 min
2026-09-13 09:38:20,858 | INFO | Steps: 53248/150000 | Episodes: 104 | LastEpReward: 42.803 | RecentReward: 36.916 | ActorLoss: -6.645781 | CriticLoss: 0.023423 | Q: 6.6333 | TargetQ: 6.6342 | TDAbs: 0.1623 | ActorGrad: 0.0339 | CriticGrad: 0.9243 | Noise: 0.2007 | Replay: 50000 | FPS: 60.86 | ETA: 26.5 min
2026-09-13 09:38:27,795 | INFO | Steps: 53760/150000 | Episodes: 105 | LastEpReward: 45.391 | RecentReward: 37.701 | ActorLoss: -6.713630 | CriticLoss: 0.026946 | Q: 6.7001 | TargetQ: 6.6998 | TDAbs: 0.1699 | ActorGrad: 0.0293 | CriticGrad: 1.0938 | Noise: 0.1993 | Replay: 50000 | FPS: 60.96 | ETA: 26.3 min
2026-09-13 09:38:34,437 | INFO | Steps: 54272/150000 | Episodes: 106 | LastEpReward: 27.996 | RecentReward: 36.449 | ActorLoss: -6.719650 | CriticLoss: 0.024333 | Q: 6.7063 | TargetQ: 6.7059 | TDAbs: 0.1630 | ActorGrad: 0.0242 | CriticGrad: 0.8571 | Noise: 0.1978 | Replay: 50000 | FPS: 61.08 | ETA: 26.1 min
2026-09-13 09:38:41,064 | INFO | Steps: 54784/150000 | Episodes: 107 | LastEpReward: 32.484 | RecentReward: 36.035 | ActorLoss: -6.723155 | CriticLoss: 0.025734 | Q: 6.7097 | TargetQ: 6.7091 | TDAbs: 0.1670 | ActorGrad: 0.0233 | CriticGrad: 1.1332 | Noise: 0.1963 | Replay: 50000 | FPS: 61.20 | ETA: 25.9 min
2026-09-13 09:38:47,664 | INFO | Steps: 55296/150000 | Episodes: 108 | LastEpReward: 30.506 | RecentReward: 35.695 | ActorLoss: -6.759308 | CriticLoss: 0.023831 | Q: 6.7475 | TargetQ: 6.7465 | TDAbs: 0.1610 | ActorGrad: 0.0309 | CriticGrad: 0.8446 | Noise: 0.1949 | Replay: 50000 | FPS: 61.32 | ETA: 25.7 min
2026-09-13 09:38:54,298 | INFO | Steps: 55808/150000 | Episodes: 109 | LastEpReward: 39.508 | RecentReward: 36.319 | ActorLoss: -6.774311 | CriticLoss: 0.024723 | Q: 6.7629 | TargetQ: 6.7589 | TDAbs: 0.1636 | ActorGrad: 0.0263 | CriticGrad: 1.0777 | Noise: 0.1934 | Replay: 50000 | FPS: 61.44 | ETA: 25.6 min
2026-09-13 09:39:01,198 | INFO | 开始周期评估: Steps=56320 | Episodes=110 | EvalEpisodes=5
2026-09-13 09:39:20,467 | INFO | 周期评估完成: Steps=56320 | MeanReward=39.598 | StdReward=5.301
2026-09-13 09:39:20,474 | INFO | Steps: 56320/150000 | Episodes: 110 | LastEpReward: 49.120 | RecentReward: 37.302 | ActorLoss: -6.769492 | CriticLoss: 0.024685 | Q: 6.7584 | TargetQ: 6.7587 | TDAbs: 0.1648 | ActorGrad: 0.0224 | CriticGrad: 1.0543 | Noise: 0.1919 | Replay: 50000 | FPS: 60.27 | ETA: 25.9 min
2026-09-13 09:39:27,148 | INFO | Steps: 56832/150000 | Episodes: 111 | LastEpReward: 37.782 | RecentReward: 36.759 | ActorLoss: -6.808966 | CriticLoss: 0.024848 | Q: 6.7963 | TargetQ: 6.7997 | TDAbs: 0.1624 | ActorGrad: 0.0128 | CriticGrad: 1.0821 | Noise: 0.1905 | Replay: 50000 | FPS: 60.38 | ETA: 25.7 min
2026-09-13 09:39:33,703 | INFO | Steps: 57344/150000 | Episodes: 112 | LastEpReward: 28.468 | RecentReward: 36.252 | ActorLoss: -6.782145 | CriticLoss: 0.023918 | Q: 6.7684 | TargetQ: 6.7652 | TDAbs: 0.1598 | ActorGrad: 0.0853 | CriticGrad: 0.9517 | Noise: 0.1890 | Replay: 50000 | FPS: 60.51 | ETA: 25.5 min
2026-09-13 09:39:40,637 | INFO | Steps: 57856/150000 | Episodes: 113 | LastEpReward: 36.250 | RecentReward: 37.031 | ActorLoss: -6.805978 | CriticLoss: 0.026596 | Q: 6.7943 | TargetQ: 6.7904 | TDAbs: 0.1681 | ActorGrad: 0.0883 | CriticGrad: 0.9312 | Noise: 0.1876 | Replay: 50000 | FPS: 60.60 | ETA: 25.3 min
2026-09-13 09:39:47,318 | INFO | Steps: 58368/150000 | Episodes: 114 | LastEpReward: 30.259 | RecentReward: 35.776 | ActorLoss: -6.793949 | CriticLoss: 0.029517 | Q: 6.7796 | TargetQ: 6.7772 | TDAbs: 0.1767 | ActorGrad: 0.0723 | CriticGrad: 1.2048 | Noise: 0.1861 | Replay: 50000 | FPS: 60.71 | ETA: 25.2 min
2026-09-13 09:39:54,057 | INFO | Steps: 58880/150000 | Episodes: 115 | LastEpReward: 33.838 | RecentReward: 34.621 | ActorLoss: -6.825309 | CriticLoss: 0.026534 | Q: 6.8112 | TargetQ: 6.8087 | TDAbs: 0.1685 | ActorGrad: 0.0597 | CriticGrad: 0.8916 | Noise: 0.1846 | Replay: 50000 | FPS: 60.82 | ETA: 25.0 min
2026-09-13 09:40:00,816 | INFO | Steps: 59392/150000 | Episodes: 116 | LastEpReward: 34.429 | RecentReward: 35.264 | ActorLoss: -6.814769 | CriticLoss: 0.029721 | Q: 6.8005 | TargetQ: 6.7956 | TDAbs: 0.1707 | ActorGrad: 0.0703 | CriticGrad: 0.8479 | Noise: 0.1832 | Replay: 50000 | FPS: 60.92 | ETA: 24.8 min
2026-09-13 09:40:07,517 | INFO | Steps: 59904/150000 | Episodes: 117 | LastEpReward: 35.793 | RecentReward: 35.595 | ActorLoss: -6.808405 | CriticLoss: 0.029677 | Q: 6.7924 | TargetQ: 6.7880 | TDAbs: 0.1731 | ActorGrad: 0.0789 | CriticGrad: 0.9150 | Noise: 0.1817 | Replay: 50000 | FPS: 61.03 | ETA: 24.6 min
2026-09-13 09:40:14,199 | INFO | Steps: 60416/150000 | Episodes: 118 | LastEpReward: 40.571 | RecentReward: 36.602 | ActorLoss: -6.811071 | CriticLoss: 0.025322 | Q: 6.7956 | TargetQ: 6.7948 | TDAbs: 0.1667 | ActorGrad: 0.0870 | CriticGrad: 0.9408 | Noise: 0.1802 | Replay: 50000 | FPS: 61.13 | ETA: 24.4 min
2026-09-13 09:40:21,160 | INFO | Steps: 60928/150000 | Episodes: 119 | LastEpReward: 42.199 | RecentReward: 36.871 | ActorLoss: -6.820586 | CriticLoss: 0.029271 | Q: 6.8076 | TargetQ: 6.8050 | TDAbs: 0.1735 | ActorGrad: 0.0787 | CriticGrad: 1.0455 | Noise: 0.1788 | Replay: 50000 | FPS: 61.22 | ETA: 24.2 min
2026-09-13 09:40:27,819 | INFO | 开始周期评估: Steps=61440 | Episodes=120 | EvalEpisodes=5
2026-09-13 09:40:47,101 | INFO | 周期评估完成: Steps=61440 | MeanReward=36.925 | StdReward=4.427
2026-09-13 09:40:47,108 | INFO | Steps: 61440/150000 | Episodes: 120 | LastEpReward: 37.196 | RecentReward: 35.679 | ActorLoss: -6.890779 | CriticLoss: 0.026901 | Q: 6.8778 | TargetQ: 6.8740 | TDAbs: 0.1708 | ActorGrad: 0.0804 | CriticGrad: 1.1194 | Noise: 0.1773 | Replay: 50000 | FPS: 60.17 | ETA: 24.5 min
2026-09-13 09:40:53,923 | INFO | Steps: 61952/150000 | Episodes: 121 | LastEpReward: 38.444 | RecentReward: 35.745 | ActorLoss: -6.879469 | CriticLoss: 0.025802 | Q: 6.8665 | TargetQ: 6.8649 | TDAbs: 0.1707 | ActorGrad: 0.0592 | CriticGrad: 0.9079 | Noise: 0.1759 | Replay: 50000 | FPS: 60.27 | ETA: 24.3 min
2026-09-13 09:41:00,618 | INFO | Steps: 62464/150000 | Episodes: 122 | LastEpReward: 36.650 | RecentReward: 36.563 | ActorLoss: -6.859315 | CriticLoss: 0.026009 | Q: 6.8470 | TargetQ: 6.8452 | TDAbs: 0.1688 | ActorGrad: 0.0763 | CriticGrad: 0.8720 | Noise: 0.1744 | Replay: 50000 | FPS: 60.37 | ETA: 24.2 min
2026-09-13 09:41:07,455 | INFO | Steps: 62976/150000 | Episodes: 123 | LastEpReward: 25.729 | RecentReward: 35.511 | ActorLoss: -6.897121 | CriticLoss: 0.029345 | Q: 6.8848 | TargetQ: 6.8828 | TDAbs: 0.1742 | ActorGrad: 0.0623 | CriticGrad: 0.9677 | Noise: 0.1729 | Replay: 50000 | FPS: 60.47 | ETA: 24.0 min
2026-09-13 09:41:14,198 | INFO | Steps: 63488/150000 | Episodes: 124 | LastEpReward: 30.468 | RecentReward: 35.532 | ActorLoss: -6.847412 | CriticLoss: 0.028251 | Q: 6.8361 | TargetQ: 6.8312 | TDAbs: 0.1710 | ActorGrad: 0.0538 | CriticGrad: 1.0648 | Noise: 0.1715 | Replay: 50000 | FPS: 60.57 | ETA: 23.8 min
2026-09-13 09:41:20,962 | INFO | Steps: 64000/150000 | Episodes: 125 | LastEpReward: 28.376 | RecentReward: 34.986 | ActorLoss: -6.876635 | CriticLoss: 0.028125 | Q: 6.8632 | TargetQ: 6.8626 | TDAbs: 0.1758 | ActorGrad: 0.0729 | CriticGrad: 0.9567 | Noise: 0.1700 | Replay: 50000 | FPS: 60.66 | ETA: 23.6 min
2026-09-13 09:41:27,609 | INFO | Steps: 64512/150000 | Episodes: 126 | LastEpReward: 35.966 | RecentReward: 35.139 | ActorLoss: -6.855177 | CriticLoss: 0.026553 | Q: 6.8414 | TargetQ: 6.8397 | TDAbs: 0.1696 | ActorGrad: 0.0568 | CriticGrad: 1.0961 | Noise: 0.1685 | Replay: 50000 | FPS: 60.77 | ETA: 23.4 min
2026-09-13 09:41:34,523 | INFO | Steps: 65024/150000 | Episodes: 127 | LastEpReward: 44.371 | RecentReward: 35.997 | ActorLoss: -6.868553 | CriticLoss: 0.026100 | Q: 6.8555 | TargetQ: 6.8535 | TDAbs: 0.1659 | ActorGrad: 0.0544 | CriticGrad: 0.9177 | Noise: 0.1671 | Replay: 50000 | FPS: 60.85 | ETA: 23.3 min
2026-09-13 09:41:41,313 | INFO | Steps: 65536/150000 | Episodes: 128 | LastEpReward: 34.748 | RecentReward: 35.415 | ActorLoss: -6.869350 | CriticLoss: 0.027907 | Q: 6.8542 | TargetQ: 6.8539 | TDAbs: 0.1765 | ActorGrad: 0.0738 | CriticGrad: 1.1335 | Noise: 0.1656 | Replay: 50000 | FPS: 60.94 | ETA: 23.1 min
2026-09-13 09:41:48,048 | INFO | Steps: 66048/150000 | Episodes: 129 | LastEpReward: 30.079 | RecentReward: 34.203 | ActorLoss: -6.906736 | CriticLoss: 0.029153 | Q: 6.8927 | TargetQ: 6.8864 | TDAbs: 0.1761 | ActorGrad: 0.0590 | CriticGrad: 1.1023 | Noise: 0.1641 | Replay: 50000 | FPS: 61.04 | ETA: 22.9 min
2026-09-13 09:41:54,828 | INFO | 开始周期评估: Steps=66560 | Episodes=130 | EvalEpisodes=5
2026-09-13 09:42:14,156 | INFO | 周期评估完成: Steps=66560 | MeanReward=39.114 | StdReward=5.305
2026-09-13 09:42:14,162 | INFO | Steps: 66560/150000 | Episodes: 130 | LastEpReward: 43.056 | RecentReward: 34.789 | ActorLoss: -6.859700 | CriticLoss: 0.027215 | Q: 6.8457 | TargetQ: 6.8438 | TDAbs: 0.1705 | ActorGrad: 0.0693 | CriticGrad: 1.0762 | Noise: 0.1627 | Replay: 50000 | FPS: 60.06 | ETA: 23.2 min
2026-09-13 09:42:20,927 | INFO | Steps: 67072/150000 | Episodes: 131 | LastEpReward: 36.910 | RecentReward: 34.635 | ActorLoss: -6.920862 | CriticLoss: 0.027395 | Q: 6.9064 | TargetQ: 6.9073 | TDAbs: 0.1734 | ActorGrad: 0.0707 | CriticGrad: 0.9947 | Noise: 0.1612 | Replay: 50000 | FPS: 60.16 | ETA: 23.0 min
2026-09-13 09:42:27,823 | INFO | Steps: 67584/150000 | Episodes: 132 | LastEpReward: 41.856 | RecentReward: 35.156 | ActorLoss: -6.888961 | CriticLoss: 0.027029 | Q: 6.8749 | TargetQ: 6.8713 | TDAbs: 0.1707 | ActorGrad: 0.0798 | CriticGrad: 1.0213 | Noise: 0.1598 | Replay: 50000 | FPS: 60.24 | ETA: 22.8 min
2026-09-13 09:42:34,506 | INFO | Steps: 68096/150000 | Episodes: 133 | LastEpReward: 35.800 | RecentReward: 36.163 | ActorLoss: -6.900336 | CriticLoss: 0.027920 | Q: 6.8832 | TargetQ: 6.8810 | TDAbs: 0.1725 | ActorGrad: 0.0676 | CriticGrad: 0.9037 | Noise: 0.1583 | Replay: 50000 | FPS: 60.34 | ETA: 22.6 min
2026-09-13 09:42:41,153 | INFO | Steps: 68608/150000 | Episodes: 134 | LastEpReward: 36.006 | RecentReward: 36.717 | ActorLoss: -6.928084 | CriticLoss: 0.025256 | Q: 6.9126 | TargetQ: 6.9128 | TDAbs: 0.1670 | ActorGrad: 0.0675 | CriticGrad: 0.9867 | Noise: 0.1568 | Replay: 50000 | FPS: 60.44 | ETA: 22.4 min
2026-09-13 09:42:48,081 | INFO | Steps: 69120/150000 | Episodes: 135 | LastEpReward: 51.765 | RecentReward: 39.056 | ActorLoss: -6.937182 | CriticLoss: 0.027980 | Q: 6.9201 | TargetQ: 6.9182 | TDAbs: 0.1723 | ActorGrad: 0.0776 | CriticGrad: 1.0168 | Noise: 0.1554 | Replay: 50000 | FPS: 60.52 | ETA: 22.3 min
2026-09-13 09:42:54,920 | INFO | Steps: 69632/150000 | Episodes: 136 | LastEpReward: 47.230 | RecentReward: 40.182 | ActorLoss: -6.989259 | CriticLoss: 0.029256 | Q: 6.9738 | TargetQ: 6.9653 | TDAbs: 0.1724 | ActorGrad: 0.0749 | CriticGrad: 1.0957 | Noise: 0.1539 | Replay: 50000 | FPS: 60.60 | ETA: 22.1 min
2026-09-13 09:43:01,797 | INFO | Steps: 70144/150000 | Episodes: 137 | LastEpReward: 46.608 | RecentReward: 40.406 | ActorLoss: -7.058505 | CriticLoss: 0.029593 | Q: 7.0415 | TargetQ: 7.0363 | TDAbs: 0.1748 | ActorGrad: 0.0778 | CriticGrad: 1.0507 | Noise: 0.1524 | Replay: 50000 | FPS: 60.69 | ETA: 21.9 min
2026-09-13 09:43:08,490 | INFO | Steps: 70656/150000 | Episodes: 138 | LastEpReward: 33.530 | RecentReward: 40.284 | ActorLoss: -7.029734 | CriticLoss: 0.026625 | Q: 7.0135 | TargetQ: 7.0127 | TDAbs: 0.1702 | ActorGrad: 0.0875 | CriticGrad: 1.1358 | Noise: 0.1510 | Replay: 50000 | FPS: 60.78 | ETA: 21.8 min
2026-09-13 09:43:15,098 | INFO | Steps: 71168/150000 | Episodes: 139 | LastEpReward: 31.230 | RecentReward: 40.399 | ActorLoss: -7.026593 | CriticLoss: 0.025939 | Q: 7.0097 | TargetQ: 7.0095 | TDAbs: 0.1693 | ActorGrad: 0.0879 | CriticGrad: 1.0693 | Noise: 0.1495 | Replay: 50000 | FPS: 60.87 | ETA: 21.6 min
2026-09-13 09:43:21,697 | INFO | 开始周期评估: Steps=71680 | Episodes=140 | EvalEpisodes=5
2026-09-13 09:43:41,023 | INFO | 周期评估完成: Steps=71680 | MeanReward=38.212 | StdReward=5.254
2026-09-13 09:43:41,030 | INFO | Steps: 71680/150000 | Episodes: 140 | LastEpReward: 25.850 | RecentReward: 38.678 | ActorLoss: -7.018543 | CriticLoss: 0.025326 | Q: 7.0023 | TargetQ: 7.0020 | TDAbs: 0.1687 | ActorGrad: 0.0817 | CriticGrad: 1.0182 | Noise: 0.1481 | Replay: 50000 | FPS: 59.98 | ETA: 21.8 min
2026-09-13 09:43:47,879 | INFO | Steps: 72192/150000 | Episodes: 141 | LastEpReward: 40.325 | RecentReward: 39.020 | ActorLoss: -7.099567 | CriticLoss: 0.029258 | Q: 7.0836 | TargetQ: 7.0838 | TDAbs: 0.1760 | ActorGrad: 0.0820 | CriticGrad: 1.3369 | Noise: 0.1466 | Replay: 50000 | FPS: 60.06 | ETA: 21.6 min
2026-09-13 09:43:54,579 | INFO | Steps: 72704/150000 | Episodes: 142 | LastEpReward: 35.981 | RecentReward: 38.433 | ActorLoss: -7.150564 | CriticLoss: 0.033354 | Q: 7.1316 | TargetQ: 7.1249 | TDAbs: 0.1804 | ActorGrad: 0.0873 | CriticGrad: 1.0926 | Noise: 0.1451 | Replay: 50000 | FPS: 60.15 | ETA: 21.4 min
2026-09-13 09:44:01,362 | INFO | Steps: 73216/150000 | Episodes: 143 | LastEpReward: 38.943 | RecentReward: 38.747 | ActorLoss: -7.152104 | CriticLoss: 0.028029 | Q: 7.1346 | TargetQ: 7.1320 | TDAbs: 0.1726 | ActorGrad: 0.0935 | CriticGrad: 1.0761 | Noise: 0.1437 | Replay: 50000 | FPS: 60.24 | ETA: 21.2 min
2026-09-13 09:44:08,082 | INFO | Steps: 73728/150000 | Episodes: 144 | LastEpReward: 42.639 | RecentReward: 39.410 | ActorLoss: -7.190513 | CriticLoss: 0.028984 | Q: 7.1733 | TargetQ: 7.1720 | TDAbs: 0.1744 | ActorGrad: 0.0858 | CriticGrad: 0.9095 | Noise: 0.1422 | Replay: 50000 | FPS: 60.33 | ETA: 21.1 min
2026-09-13 09:44:14,903 | INFO | Steps: 74240/150000 | Episodes: 145 | LastEpReward: 44.121 | RecentReward: 38.646 | ActorLoss: -7.170732 | CriticLoss: 0.027644 | Q: 7.1548 | TargetQ: 7.1533 | TDAbs: 0.1708 | ActorGrad: 0.0941 | CriticGrad: 0.8988 | Noise: 0.1407 | Replay: 50000 | FPS: 60.41 | ETA: 20.9 min
2026-09-13 09:44:21,565 | INFO | Steps: 74752/150000 | Episodes: 146 | LastEpReward: 29.455 | RecentReward: 36.868 | ActorLoss: -7.212718 | CriticLoss: 0.029611 | Q: 7.1983 | TargetQ: 7.1939 | TDAbs: 0.1753 | ActorGrad: 0.1011 | CriticGrad: 0.8894 | Noise: 0.1393 | Replay: 50000 | FPS: 60.50 | ETA: 20.7 min
2026-09-13 09:44:28,306 | INFO | Steps: 75264/150000 | Episodes: 147 | LastEpReward: 36.631 | RecentReward: 35.871 | ActorLoss: -7.226031 | CriticLoss: 0.028255 | Q: 7.2092 | TargetQ: 7.2094 | TDAbs: 0.1747 | ActorGrad: 0.0847 | CriticGrad: 1.0707 | Noise: 0.1378 | Replay: 50000 | FPS: 60.58 | ETA: 20.6 min
2026-09-13 09:44:34,958 | INFO | Steps: 75776/150000 | Episodes: 148 | LastEpReward: 37.594 | RecentReward: 36.277 | ActorLoss: -7.252477 | CriticLoss: 0.029674 | Q: 7.2347 | TargetQ: 7.2362 | TDAbs: 0.1785 | ActorGrad: 0.0966 | CriticGrad: 1.0791 | Noise: 0.1364 | Replay: 50000 | FPS: 60.67 | ETA: 20.4 min
2026-09-13 09:44:41,874 | INFO | Steps: 76288/150000 | Episodes: 149 | LastEpReward: 38.104 | RecentReward: 36.964 | ActorLoss: -7.265102 | CriticLoss: 0.033522 | Q: 7.2477 | TargetQ: 7.2432 | TDAbs: 0.1855 | ActorGrad: 0.1063 | CriticGrad: 1.1087 | Noise: 0.1349 | Replay: 50000 | FPS: 60.74 | ETA: 20.2 min
2026-09-13 09:44:48,525 | INFO | 开始周期评估: Steps=76800 | Episodes=150 | EvalEpisodes=5
2026-09-13 09:45:07,963 | INFO | 周期评估完成: Steps=76800 | MeanReward=24.006 | StdReward=4.013
2026-09-13 09:45:07,971 | INFO | Steps: 76800/150000 | Episodes: 150 | LastEpReward: 32.255 | RecentReward: 37.605 | ActorLoss: -7.302399 | CriticLoss: 0.032344 | Q: 7.2781 | TargetQ: 7.2767 | TDAbs: 0.1872 | ActorGrad: 0.0954 | CriticGrad: 1.0907 | Noise: 0.1334 | Replay: 50000 | FPS: 59.91 | ETA: 20.4 min
2026-09-13 09:45:14,764 | INFO | Steps: 77312/150000 | Episodes: 151 | LastEpReward: 24.022 | RecentReward: 35.974 | ActorLoss: -7.344548 | CriticLoss: 0.037430 | Q: 7.3153 | TargetQ: 7.3133 | TDAbs: 0.2004 | ActorGrad: 0.0740 | CriticGrad: 1.0411 | Noise: 0.1320 | Replay: 50000 | FPS: 59.99 | ETA: 20.2 min
2026-09-13 09:45:21,447 | INFO | Steps: 77824/150000 | Episodes: 152 | LastEpReward: 27.747 | RecentReward: 35.151 | ActorLoss: -7.349971 | CriticLoss: 0.038844 | Q: 7.3152 | TargetQ: 7.3122 | TDAbs: 0.2027 | ActorGrad: 0.0714 | CriticGrad: 1.0893 | Noise: 0.1305 | Replay: 50000 | FPS: 60.07 | ETA: 20.0 min
2026-09-13 09:45:28,115 | INFO | Steps: 78336/150000 | Episodes: 153 | LastEpReward: 15.878 | RecentReward: 32.845 | ActorLoss: -7.420772 | CriticLoss: 0.040064 | Q: 7.3830 | TargetQ: 7.3763 | TDAbs: 0.2057 | ActorGrad: 0.0628 | CriticGrad: 1.3657 | Noise: 0.1290 | Replay: 50000 | FPS: 60.16 | ETA: 19.9 min
2026-09-13 09:45:35,047 | INFO | Steps: 78848/150000 | Episodes: 154 | LastEpReward: 27.611 | RecentReward: 31.342 | ActorLoss: -7.493771 | CriticLoss: 0.041393 | Q: 7.4528 | TargetQ: 7.4526 | TDAbs: 0.2094 | ActorGrad: 0.0656 | CriticGrad: 1.2155 | Noise: 0.1276 | Replay: 50000 | FPS: 60.23 | ETA: 19.7 min
2026-09-13 09:45:41,767 | INFO | Steps: 79360/150000 | Episodes: 155 | LastEpReward: 30.604 | RecentReward: 29.990 | ActorLoss: -7.500938 | CriticLoss: 0.043923 | Q: 7.4648 | TargetQ: 7.4633 | TDAbs: 0.2136 | ActorGrad: 0.0628 | CriticGrad: 1.1540 | Noise: 0.1261 | Replay: 50000 | FPS: 60.31 | ETA: 19.5 min
2026-09-13 09:45:48,493 | INFO | Steps: 79872/150000 | Episodes: 156 | LastEpReward: 12.336 | RecentReward: 28.278 | ActorLoss: -7.557188 | CriticLoss: 0.046375 | Q: 7.5255 | TargetQ: 7.5237 | TDAbs: 0.2233 | ActorGrad: 0.0737 | CriticGrad: 1.1745 | Noise: 0.1247 | Replay: 50000 | FPS: 60.39 | ETA: 19.4 min
2026-09-13 09:45:55,251 | INFO | Steps: 80384/150000 | Episodes: 157 | LastEpReward: 21.998 | RecentReward: 26.815 | ActorLoss: -7.589296 | CriticLoss: 0.049104 | Q: 7.5577 | TargetQ: 7.5549 | TDAbs: 0.2280 | ActorGrad: 0.0935 | CriticGrad: 1.3060 | Noise: 0.1232 | Replay: 50000 | FPS: 60.47 | ETA: 19.2 min
2026-09-13 09:46:01,851 | INFO | Steps: 80896/150000 | Episodes: 158 | LastEpReward: 32.321 | RecentReward: 26.287 | ActorLoss: -7.598696 | CriticLoss: 0.050653 | Q: 7.5709 | TargetQ: 7.5660 | TDAbs: 0.2297 | ActorGrad: 0.1321 | CriticGrad: 1.2633 | Noise: 0.1217 | Replay: 50000 | FPS: 60.56 | ETA: 19.0 min
2026-09-13 09:46:08,748 | INFO | Steps: 81408/150000 | Episodes: 159 | LastEpReward: 28.885 | RecentReward: 25.366 | ActorLoss: -7.633304 | CriticLoss: 0.052264 | Q: 7.6063 | TargetQ: 7.6053 | TDAbs: 0.2364 | ActorGrad: 0.1370 | CriticGrad: 1.3267 | Noise: 0.1203 | Replay: 50000 | FPS: 60.63 | ETA: 18.9 min
2026-09-13 09:46:15,643 | INFO | 开始周期评估: Steps=81920 | Episodes=160 | EvalEpisodes=5
2026-09-13 09:46:34,772 | INFO | 周期评估完成: Steps=81920 | MeanReward=28.014 | StdReward=8.023
2026-09-13 09:46:34,780 | INFO | Steps: 81920/150000 | Episodes: 160 | LastEpReward: 41.514 | RecentReward: 26.291 | ActorLoss: -7.720132 | CriticLoss: 0.053615 | Q: 7.6836 | TargetQ: 7.6803 | TDAbs: 0.2373 | ActorGrad: 0.1058 | CriticGrad: 1.3565 | Noise: 0.1188 | Replay: 50000 | FPS: 59.85 | ETA: 19.0 min
2026-09-13 09:46:41,543 | INFO | Steps: 82432/150000 | Episodes: 161 | LastEpReward: 23.674 | RecentReward: 26.257 | ActorLoss: -7.757815 | CriticLoss: 0.054916 | Q: 7.7152 | TargetQ: 7.7143 | TDAbs: 0.2431 | ActorGrad: 0.0789 | CriticGrad: 1.5204 | Noise: 0.1173 | Replay: 50000 | FPS: 59.92 | ETA: 18.8 min
2026-09-13 09:46:48,194 | INFO | Steps: 82944/150000 | Episodes: 162 | LastEpReward: 28.267 | RecentReward: 26.309 | ActorLoss: -7.806689 | CriticLoss: 0.059634 | Q: 7.7630 | TargetQ: 7.7601 | TDAbs: 0.2503 | ActorGrad: 0.0673 | CriticGrad: 1.6241 | Noise: 0.1159 | Replay: 50000 | FPS: 60.01 | ETA: 18.6 min
2026-09-13 09:46:54,836 | INFO | Steps: 83456/150000 | Episodes: 163 | LastEpReward: 15.903 | RecentReward: 26.311 | ActorLoss: -7.901233 | CriticLoss: 0.063322 | Q: 7.8482 | TargetQ: 7.8500 | TDAbs: 0.2556 | ActorGrad: 0.0672 | CriticGrad: 1.6013 | Noise: 0.1144 | Replay: 50000 | FPS: 60.09 | ETA: 18.5 min
2026-09-13 09:47:01,543 | INFO | Steps: 83968/150000 | Episodes: 164 | LastEpReward: 24.619 | RecentReward: 26.012 | ActorLoss: -7.943539 | CriticLoss: 0.069992 | Q: 7.8930 | TargetQ: 7.8883 | TDAbs: 0.2684 | ActorGrad: 0.0702 | CriticGrad: 1.7253 | Noise: 0.1129 | Replay: 50000 | FPS: 60.17 | ETA: 18.3 min
2026-09-13 09:47:08,261 | INFO | Steps: 84480/150000 | Episodes: 165 | LastEpReward: 20.620 | RecentReward: 25.014 | ActorLoss: -8.062567 | CriticLoss: 0.070370 | Q: 8.0074 | TargetQ: 8.0070 | TDAbs: 0.2699 | ActorGrad: 0.1029 | CriticGrad: 1.6445 | Noise: 0.1115 | Replay: 50000 | FPS: 60.24 | ETA: 18.1 min
2026-09-13 09:47:14,977 | INFO | Steps: 84992/150000 | Episodes: 166 | LastEpReward: 18.160 | RecentReward: 25.596 | ActorLoss: -7.985318 | CriticLoss: 0.076975 | Q: 7.9446 | TargetQ: 7.9393 | TDAbs: 0.2823 | ActorGrad: 0.1140 | CriticGrad: 1.6643 | Noise: 0.1100 | Replay: 50000 | FPS: 60.32 | ETA: 18.0 min
2026-09-13 09:47:21,694 | INFO | Steps: 85504/150000 | Episodes: 167 | LastEpReward: 25.831 | RecentReward: 25.979 | ActorLoss: -8.041820 | CriticLoss: 0.076893 | Q: 7.9946 | TargetQ: 7.9904 | TDAbs: 0.2823 | ActorGrad: 0.1053 | CriticGrad: 1.7525 | Noise: 0.1086 | Replay: 50000 | FPS: 60.40 | ETA: 17.8 min
2026-09-13 09:47:28,568 | INFO | Steps: 86016/150000 | Episodes: 168 | LastEpReward: 32.785 | RecentReward: 26.026 | ActorLoss: -8.012816 | CriticLoss: 0.082129 | Q: 7.9759 | TargetQ: 7.9733 | TDAbs: 0.2902 | ActorGrad: 0.1315 | CriticGrad: 1.8790 | Noise: 0.1071 | Replay: 50000 | FPS: 60.46 | ETA: 17.6 min
2026-09-13 09:47:35,294 | INFO | Steps: 86528/150000 | Episodes: 169 | LastEpReward: 22.304 | RecentReward: 25.368 | ActorLoss: -8.056236 | CriticLoss: 0.088811 | Q: 8.0150 | TargetQ: 8.0109 | TDAbs: 0.2976 | ActorGrad: 0.1178 | CriticGrad: 1.8405 | Noise: 0.1056 | Replay: 50000 | FPS: 60.54 | ETA: 17.5 min
2026-09-13 09:47:42,005 | INFO | 开始周期评估: Steps=87040 | Episodes=170 | EvalEpisodes=5
2026-09-13 09:48:01,253 | INFO | 周期评估完成: Steps=87040 | MeanReward=29.082 | StdReward=5.379
2026-09-13 09:48:01,260 | INFO | Steps: 87040/150000 | Episodes: 170 | LastEpReward: 37.197 | RecentReward: 24.936 | ActorLoss: -8.156479 | CriticLoss: 0.086774 | Q: 8.1157 | TargetQ: 8.1140 | TDAbs: 0.2986 | ActorGrad: 0.1147 | CriticGrad: 2.0924 | Noise: 0.1042 | Replay: 50000 | FPS: 59.81 | ETA: 17.5 min
2026-09-13 09:48:08,037 | INFO | Steps: 87552/150000 | Episodes: 171 | LastEpReward: 33.602 | RecentReward: 25.929 | ActorLoss: -8.259330 | CriticLoss: 0.092661 | Q: 8.2124 | TargetQ: 8.2108 | TDAbs: 0.3068 | ActorGrad: 0.1188 | CriticGrad: 1.9230 | Noise: 0.1027 | Replay: 50000 | FPS: 59.88 | ETA: 17.4 min
2026-09-13 09:48:14,940 | INFO | Steps: 88064/150000 | Episodes: 172 | LastEpReward: 33.886 | RecentReward: 26.491 | ActorLoss: -8.162696 | CriticLoss: 0.096778 | Q: 8.1178 | TargetQ: 8.1207 | TDAbs: 0.3134 | ActorGrad: 0.1119 | CriticGrad: 2.0319 | Noise: 0.1012 | Replay: 50000 | FPS: 59.95 | ETA: 17.2 min
2026-09-13 09:48:21,633 | INFO | Steps: 88576/150000 | Episodes: 173 | LastEpReward: 26.173 | RecentReward: 27.518 | ActorLoss: -8.333931 | CriticLoss: 0.103214 | Q: 8.2849 | TargetQ: 8.2788 | TDAbs: 0.3225 | ActorGrad: 0.1087 | CriticGrad: 2.3930 | Noise: 0.0998 | Replay: 50000 | FPS: 60.02 | ETA: 17.1 min
2026-09-13 09:48:28,297 | INFO | Steps: 89088/150000 | Episodes: 174 | LastEpReward: 26.984 | RecentReward: 27.754 | ActorLoss: -8.281458 | CriticLoss: 0.108712 | Q: 8.2376 | TargetQ: 8.2386 | TDAbs: 0.3298 | ActorGrad: 0.1289 | CriticGrad: 2.2534 | Noise: 0.0983 | Replay: 50000 | FPS: 60.10 | ETA: 16.9 min
2026-09-13 09:48:34,926 | INFO | Steps: 89600/150000 | Episodes: 175 | LastEpReward: 27.674 | RecentReward: 28.460 | ActorLoss: -8.324714 | CriticLoss: 0.113778 | Q: 8.2808 | TargetQ: 8.2772 | TDAbs: 0.3386 | ActorGrad: 0.1402 | CriticGrad: 2.3612 | Noise: 0.0969 | Replay: 50000 | FPS: 60.18 | ETA: 16.7 min
2026-09-13 09:48:41,582 | INFO | Steps: 90112/150000 | Episodes: 176 | LastEpReward: 26.849 | RecentReward: 29.329 | ActorLoss: -8.418067 | CriticLoss: 0.125946 | Q: 8.3679 | TargetQ: 8.3562 | TDAbs: 0.3537 | ActorGrad: 0.1348 | CriticGrad: 2.4463 | Noise: 0.0954 | Replay: 50000 | FPS: 60.25 | ETA: 16.6 min
2026-09-13 09:48:48,169 | INFO | Steps: 90624/150000 | Episodes: 177 | LastEpReward: 28.015 | RecentReward: 29.547 | ActorLoss: -8.389736 | CriticLoss: 0.129237 | Q: 8.3390 | TargetQ: 8.3392 | TDAbs: 0.3640 | ActorGrad: 0.1391 | CriticGrad: 2.4696 | Noise: 0.0939 | Replay: 50000 | FPS: 60.33 | ETA: 16.4 min
2026-09-13 09:48:54,874 | INFO | Steps: 91136/150000 | Episodes: 178 | LastEpReward: 26.515 | RecentReward: 28.920 | ActorLoss: -8.441874 | CriticLoss: 0.132204 | Q: 8.3866 | TargetQ: 8.3824 | TDAbs: 0.3680 | ActorGrad: 0.1626 | CriticGrad: 2.7881 | Noise: 0.0925 | Replay: 50000 | FPS: 60.40 | ETA: 16.2 min
2026-09-13 09:49:01,628 | INFO | Steps: 91648/150000 | Episodes: 179 | LastEpReward: 28.414 | RecentReward: 29.531 | ActorLoss: -8.591831 | CriticLoss: 0.140499 | Q: 8.5331 | TargetQ: 8.5198 | TDAbs: 0.3792 | ActorGrad: 0.1236 | CriticGrad: 3.0302 | Noise: 0.0910 | Replay: 50000 | FPS: 60.47 | ETA: 16.1 min
2026-09-13 09:49:08,398 | INFO | 开始周期评估: Steps=92160 | Episodes=180 | EvalEpisodes=5
2026-09-13 09:49:27,798 | INFO | 周期评估完成: Steps=92160 | MeanReward=27.618 | StdReward=1.913
2026-09-13 09:49:27,806 | INFO | Steps: 92160/150000 | Episodes: 180 | LastEpReward: 23.300 | RecentReward: 28.141 | ActorLoss: -8.703434 | CriticLoss: 0.149787 | Q: 8.6467 | TargetQ: 8.6413 | TDAbs: 0.3904 | ActorGrad: 0.1489 | CriticGrad: 2.8762 | Noise: 0.0895 | Replay: 50000 | FPS: 59.77 | ETA: 16.1 min
2026-09-13 09:49:34,667 | INFO | Steps: 92672/150000 | Episodes: 181 | LastEpReward: 35.000 | RecentReward: 28.281 | ActorLoss: -8.695473 | CriticLoss: 0.158902 | Q: 8.6385 | TargetQ: 8.6369 | TDAbs: 0.4074 | ActorGrad: 0.1575 | CriticGrad: 3.2558 | Noise: 0.0881 | Replay: 50000 | FPS: 59.84 | ETA: 16.0 min
2026-09-13 09:49:41,345 | INFO | Steps: 93184/150000 | Episodes: 182 | LastEpReward: 24.573 | RecentReward: 27.350 | ActorLoss: -8.829388 | CriticLoss: 0.153112 | Q: 8.7682 | TargetQ: 8.7671 | TDAbs: 0.3962 | ActorGrad: 0.1417 | CriticGrad: 3.0780 | Noise: 0.0866 | Replay: 50000 | FPS: 59.91 | ETA: 15.8 min
2026-09-13 09:49:48,084 | INFO | Steps: 93696/150000 | Episodes: 183 | LastEpReward: 28.390 | RecentReward: 27.571 | ActorLoss: -8.966202 | CriticLoss: 0.151880 | Q: 8.8948 | TargetQ: 8.8925 | TDAbs: 0.3962 | ActorGrad: 0.1621 | CriticGrad: 3.2111 | Noise: 0.0852 | Replay: 50000 | FPS: 59.98 | ETA: 15.6 min
2026-09-13 09:49:54,770 | INFO | Steps: 94208/150000 | Episodes: 184 | LastEpReward: 29.512 | RecentReward: 27.824 | ActorLoss: -8.813480 | CriticLoss: 0.158031 | Q: 8.7579 | TargetQ: 8.7593 | TDAbs: 0.4044 | ActorGrad: 0.1949 | CriticGrad: 3.0390 | Noise: 0.0837 | Replay: 50000 | FPS: 60.05 | ETA: 15.5 min
2026-09-13 09:50:01,648 | INFO | Steps: 94720/150000 | Episodes: 185 | LastEpReward: 35.703 | RecentReward: 28.627 | ActorLoss: -8.740071 | CriticLoss: 0.167091 | Q: 8.6925 | TargetQ: 8.6890 | TDAbs: 0.4144 | ActorGrad: 0.1871 | CriticGrad: 3.1476 | Noise: 0.0822 | Replay: 50000 | FPS: 60.11 | ETA: 15.3 min
2026-09-13 09:50:08,310 | INFO | Steps: 95232/150000 | Episodes: 186 | LastEpReward: 23.959 | RecentReward: 28.338 | ActorLoss: -8.780542 | CriticLoss: 0.180618 | Q: 8.7323 | TargetQ: 8.7454 | TDAbs: 0.4299 | ActorGrad: 0.1925 | CriticGrad: 3.4261 | Noise: 0.0808 | Replay: 50000 | FPS: 60.18 | ETA: 15.2 min
2026-09-13 09:50:15,055 | INFO | Steps: 95744/150000 | Episodes: 187 | LastEpReward: 37.649 | RecentReward: 29.301 | ActorLoss: -8.992085 | CriticLoss: 0.176336 | Q: 8.9410 | TargetQ: 8.9291 | TDAbs: 0.4272 | ActorGrad: 0.2031 | CriticGrad: 3.2881 | Noise: 0.0793 | Replay: 50000 | FPS: 60.25 | ETA: 15.0 min
2026-09-13 09:50:21,687 | INFO | Steps: 96256/150000 | Episodes: 188 | LastEpReward: 22.482 | RecentReward: 28.898 | ActorLoss: -8.773380 | CriticLoss: 0.178157 | Q: 8.7341 | TargetQ: 8.7383 | TDAbs: 0.4251 | ActorGrad: 0.2030 | CriticGrad: 3.3181 | Noise: 0.0778 | Replay: 50000 | FPS: 60.32 | ETA: 14.8 min
2026-09-13 09:50:28,630 | INFO | Steps: 96768/150000 | Episodes: 189 | LastEpReward: 30.219 | RecentReward: 29.079 | ActorLoss: -8.808262 | CriticLoss: 0.179404 | Q: 8.7693 | TargetQ: 8.7557 | TDAbs: 0.4289 | ActorGrad: 0.2367 | CriticGrad: 3.3020 | Noise: 0.0764 | Replay: 50000 | FPS: 60.38 | ETA: 14.7 min
2026-09-13 09:50:35,366 | INFO | 开始周期评估: Steps=97280 | Episodes=190 | EvalEpisodes=5
2026-09-13 09:50:54,666 | INFO | 周期评估完成: Steps=97280 | MeanReward=24.704 | StdReward=4.219
2026-09-13 09:50:54,674 | INFO | Steps: 97280/150000 | Episodes: 190 | LastEpReward: 26.503 | RecentReward: 29.399 | ActorLoss: -8.768007 | CriticLoss: 0.175563 | Q: 8.7299 | TargetQ: 8.7304 | TDAbs: 0.4232 | ActorGrad: 0.1619 | CriticGrad: 3.2251 | Noise: 0.0749 | Replay: 50000 | FPS: 59.73 | ETA: 14.7 min
2026-09-13 09:51:01,399 | INFO | Steps: 97792/150000 | Episodes: 191 | LastEpReward: 28.679 | RecentReward: 28.767 | ActorLoss: -8.684393 | CriticLoss: 0.181255 | Q: 8.6504 | TargetQ: 8.6473 | TDAbs: 0.4285 | ActorGrad: 0.2131 | CriticGrad: 3.3256 | Noise: 0.0735 | Replay: 50000 | FPS: 59.80 | ETA: 14.6 min
2026-09-13 09:51:08,053 | INFO | Steps: 98304/150000 | Episodes: 192 | LastEpReward: 25.145 | RecentReward: 28.824 | ActorLoss: -8.828936 | CriticLoss: 0.192937 | Q: 8.7858 | TargetQ: 8.7772 | TDAbs: 0.4430 | ActorGrad: 0.1825 | CriticGrad: 3.3792 | Noise: 0.0720 | Replay: 50000 | FPS: 59.86 | ETA: 14.4 min
2026-09-13 09:51:14,727 | INFO | Steps: 98816/150000 | Episodes: 193 | LastEpReward: 34.263 | RecentReward: 29.411 | ActorLoss: -8.645147 | CriticLoss: 0.178547 | Q: 8.6027 | TargetQ: 8.5991 | TDAbs: 0.4284 | ActorGrad: 0.1680 | CriticGrad: 3.1520 | Noise: 0.0705 | Replay: 50000 | FPS: 59.93 | ETA: 14.2 min
2026-09-13 09:51:21,503 | INFO | Steps: 99328/150000 | Episodes: 194 | LastEpReward: 31.010 | RecentReward: 29.561 | ActorLoss: -8.608558 | CriticLoss: 0.161152 | Q: 8.5741 | TargetQ: 8.5752 | TDAbs: 0.4064 | ActorGrad: 0.1443 | CriticGrad: 3.2559 | Noise: 0.0691 | Replay: 50000 | FPS: 60.00 | ETA: 14.1 min
2026-09-13 09:51:28,199 | INFO | Steps: 99840/150000 | Episodes: 195 | LastEpReward: 22.393 | RecentReward: 28.230 | ActorLoss: -8.914858 | CriticLoss: 0.184434 | Q: 8.8687 | TargetQ: 8.8633 | TDAbs: 0.4340 | ActorGrad: 0.2055 | CriticGrad: 3.5763 | Noise: 0.0676 | Replay: 50000 | FPS: 60.06 | ETA: 13.9 min
2026-09-13 09:51:34,918 | INFO | Steps: 100352/150000 | Episodes: 196 | LastEpReward: 32.110 | RecentReward: 29.045 | ActorLoss: -8.650850 | CriticLoss: 0.179869 | Q: 8.6158 | TargetQ: 8.6167 | TDAbs: 0.4271 | ActorGrad: 0.1580 | CriticGrad: 3.4166 | Noise: 0.0661 | Replay: 50000 | FPS: 60.13 | ETA: 13.8 min
2026-09-13 09:51:41,613 | INFO | Steps: 100864/150000 | Episodes: 197 | LastEpReward: 16.635 | RecentReward: 26.944 | ActorLoss: -8.779008 | CriticLoss: 0.187482 | Q: 8.7498 | TargetQ: 8.7433 | TDAbs: 0.4349 | ActorGrad: 0.1806 | CriticGrad: 3.3698 | Noise: 0.0647 | Replay: 50000 | FPS: 60.19 | ETA: 13.6 min
2026-09-13 09:51:48,181 | INFO | Steps: 101376/150000 | Episodes: 198 | LastEpReward: 18.510 | RecentReward: 26.547 | ActorLoss: -8.683676 | CriticLoss: 0.186522 | Q: 8.6473 | TargetQ: 8.6417 | TDAbs: 0.4353 | ActorGrad: 0.1619 | CriticGrad: 3.4043 | Noise: 0.0632 | Replay: 50000 | FPS: 60.26 | ETA: 13.4 min
2026-09-13 09:51:54,898 | INFO | Steps: 101888/150000 | Episodes: 199 | LastEpReward: 36.433 | RecentReward: 27.168 | ActorLoss: -8.700648 | CriticLoss: 0.173667 | Q: 8.6712 | TargetQ: 8.6775 | TDAbs: 0.4173 | ActorGrad: 0.1997 | CriticGrad: 3.2812 | Noise: 0.0617 | Replay: 50000 | FPS: 60.33 | ETA: 13.3 min
2026-09-13 09:52:01,524 | INFO | 开始周期评估: Steps=102400 | Episodes=200 | EvalEpisodes=5
2026-09-13 09:52:20,738 | INFO | 周期评估完成: Steps=102400 | MeanReward=26.384 | StdReward=4.206
2026-09-13 09:52:20,745 | INFO | Steps: 102400/150000 | Episodes: 200 | LastEpReward: 31.528 | RecentReward: 27.671 | ActorLoss: -8.657711 | CriticLoss: 0.178162 | Q: 8.6272 | TargetQ: 8.6319 | TDAbs: 0.4229 | ActorGrad: 0.1719 | CriticGrad: 3.3912 | Noise: 0.0603 | Replay: 50000 | FPS: 59.72 | ETA: 13.3 min
2026-09-13 09:52:27,354 | INFO | Steps: 102912/150000 | Episodes: 201 | LastEpReward: 18.744 | RecentReward: 26.677 | ActorLoss: -8.976683 | CriticLoss: 0.185650 | Q: 8.9424 | TargetQ: 8.9482 | TDAbs: 0.4271 | ActorGrad: 0.2057 | CriticGrad: 3.4653 | Noise: 0.0588 | Replay: 50000 | FPS: 59.78 | ETA: 13.1 min
2026-09-13 09:52:34,012 | INFO | Steps: 103424/150000 | Episodes: 202 | LastEpReward: 28.841 | RecentReward: 27.047 | ActorLoss: -8.729684 | CriticLoss: 0.183337 | Q: 8.6973 | TargetQ: 8.6894 | TDAbs: 0.4278 | ActorGrad: 0.1887 | CriticGrad: 3.4798 | Noise: 0.0574 | Replay: 50000 | FPS: 59.85 | ETA: 13.0 min
2026-09-13 09:52:40,577 | INFO | Steps: 103936/150000 | Episodes: 203 | LastEpReward: 23.600 | RecentReward: 25.980 | ActorLoss: -8.860419 | CriticLoss: 0.187733 | Q: 8.8345 | TargetQ: 8.8333 | TDAbs: 0.4321 | ActorGrad: 0.1613 | CriticGrad: 3.7037 | Noise: 0.0559 | Replay: 50000 | FPS: 59.92 | ETA: 12.8 min
2026-09-13 09:52:47,266 | INFO | Steps: 104448/150000 | Episodes: 204 | LastEpReward: 19.322 | RecentReward: 24.812 | ActorLoss: -8.705612 | CriticLoss: 0.178094 | Q: 8.6784 | TargetQ: 8.6798 | TDAbs: 0.4217 | ActorGrad: 0.1733 | CriticGrad: 3.4265 | Noise: 0.0544 | Replay: 50000 | FPS: 59.98 | ETA: 12.7 min
2026-09-13 09:52:53,892 | INFO | Steps: 104960/150000 | Episodes: 205 | LastEpReward: 17.199 | RecentReward: 24.292 | ActorLoss: -8.490055 | CriticLoss: 0.169815 | Q: 8.4644 | TargetQ: 8.4686 | TDAbs: 0.4100 | ActorGrad: 0.1611 | CriticGrad: 3.2417 | Noise: 0.0530 | Replay: 50000 | FPS: 60.05 | ETA: 12.5 min
2026-09-13 09:53:00,484 | INFO | Steps: 105472/150000 | Episodes: 206 | LastEpReward: 28.160 | RecentReward: 23.897 | ActorLoss: -8.604566 | CriticLoss: 0.179667 | Q: 8.5799 | TargetQ: 8.5736 | TDAbs: 0.4211 | ActorGrad: 0.1964 | CriticGrad: 3.4264 | Noise: 0.0515 | Replay: 50000 | FPS: 60.11 | ETA: 12.3 min
2026-09-13 09:53:07,359 | INFO | Steps: 105984/150000 | Episodes: 207 | LastEpReward: 37.496 | RecentReward: 25.983 | ActorLoss: -8.589281 | CriticLoss: 0.186337 | Q: 8.5603 | TargetQ: 8.5421 | TDAbs: 0.4253 | ActorGrad: 0.1788 | CriticGrad: 3.2612 | Noise: 0.0500 | Replay: 50000 | FPS: 60.17 | ETA: 12.2 min
2026-09-13 09:53:14,079 | INFO | Steps: 106496/150000 | Episodes: 208 | LastEpReward: 27.420 | RecentReward: 26.874 | ActorLoss: -8.557399 | CriticLoss: 0.186656 | Q: 8.5281 | TargetQ: 8.5298 | TDAbs: 0.4255 | ActorGrad: 0.1837 | CriticGrad: 3.5690 | Noise: 0.0500 | Replay: 50000 | FPS: 60.23 | ETA: 12.0 min
2026-09-13 09:53:20,705 | INFO | Steps: 107008/150000 | Episodes: 209 | LastEpReward: 24.342 | RecentReward: 25.665 | ActorLoss: -8.448476 | CriticLoss: 0.161882 | Q: 8.4242 | TargetQ: 8.4235 | TDAbs: 0.3947 | ActorGrad: 0.1842 | CriticGrad: 3.2720 | Noise: 0.0500 | Replay: 50000 | FPS: 60.29 | ETA: 11.9 min
2026-09-13 09:53:27,431 | INFO | 开始周期评估: Steps=107520 | Episodes=210 | EvalEpisodes=5
2026-09-13 09:53:46,665 | INFO | 周期评估完成: Steps=107520 | MeanReward=25.467 | StdReward=3.395
2026-09-13 09:53:46,672 | INFO | Steps: 107520/150000 | Episodes: 210 | LastEpReward: 23.706 | RecentReward: 24.883 | ActorLoss: -8.534549 | CriticLoss: 0.167544 | Q: 8.5027 | TargetQ: 8.5084 | TDAbs: 0.4010 | ActorGrad: 0.2329 | CriticGrad: 3.3096 | Noise: 0.0500 | Replay: 50000 | FPS: 59.71 | ETA: 11.9 min
2026-09-13 09:53:53,328 | INFO | Steps: 108032/150000 | Episodes: 211 | LastEpReward: 24.068 | RecentReward: 25.416 | ActorLoss: -8.662285 | CriticLoss: 0.175086 | Q: 8.6289 | TargetQ: 8.6330 | TDAbs: 0.4091 | ActorGrad: 0.1974 | CriticGrad: 3.3130 | Noise: 0.0500 | Replay: 50000 | FPS: 59.77 | ETA: 11.7 min
2026-09-13 09:54:00,041 | INFO | Steps: 108544/150000 | Episodes: 212 | LastEpReward: 17.432 | RecentReward: 24.275 | ActorLoss: -8.877439 | CriticLoss: 0.185621 | Q: 8.8419 | TargetQ: 8.8291 | TDAbs: 0.4202 | ActorGrad: 0.2338 | CriticGrad: 3.5575 | Noise: 0.0500 | Replay: 50000 | FPS: 59.83 | ETA: 11.5 min
2026-09-13 09:54:07,093 | INFO | Steps: 109056/150000 | Episodes: 213 | LastEpReward: 26.720 | RecentReward: 24.587 | ActorLoss: -8.603632 | CriticLoss: 0.183824 | Q: 8.5749 | TargetQ: 8.5571 | TDAbs: 0.4168 | ActorGrad: 0.2325 | CriticGrad: 3.4938 | Noise: 0.0500 | Replay: 50000 | FPS: 59.88 | ETA: 11.4 min
2026-09-13 09:54:13,863 | INFO | Steps: 109568/150000 | Episodes: 214 | LastEpReward: 33.302 | RecentReward: 25.985 | ActorLoss: -8.672713 | CriticLoss: 0.166950 | Q: 8.6388 | TargetQ: 8.6362 | TDAbs: 0.3963 | ActorGrad: 0.2071 | CriticGrad: 3.4869 | Noise: 0.0500 | Replay: 50000 | FPS: 59.94 | ETA: 11.2 min
2026-09-13 09:54:20,511 | INFO | Steps: 110080/150000 | Episodes: 215 | LastEpReward: 24.931 | RecentReward: 26.758 | ActorLoss: -8.687901 | CriticLoss: 0.184704 | Q: 8.6494 | TargetQ: 8.6445 | TDAbs: 0.4103 | ActorGrad: 0.1956 | CriticGrad: 3.5003 | Noise: 0.0500 | Replay: 50000 | FPS: 60.00 | ETA: 11.1 min
2026-09-13 09:54:27,339 | INFO | Steps: 110592/150000 | Episodes: 216 | LastEpReward: 27.245 | RecentReward: 26.666 | ActorLoss: -8.044579 | CriticLoss: 0.149638 | Q: 8.0177 | TargetQ: 8.0143 | TDAbs: 0.3771 | ActorGrad: 0.2364 | CriticGrad: 3.0153 | Noise: 0.0500 | Replay: 50000 | FPS: 60.06 | ETA: 10.9 min
2026-09-13 09:54:33,962 | INFO | Steps: 111104/150000 | Episodes: 217 | LastEpReward: 18.308 | RecentReward: 24.747 | ActorLoss: -8.036230 | CriticLoss: 0.142132 | Q: 8.0039 | TargetQ: 8.0068 | TDAbs: 0.3647 | ActorGrad: 0.2092 | CriticGrad: 2.8648 | Noise: 0.0500 | Replay: 50000 | FPS: 60.12 | ETA: 10.8 min
2026-09-13 09:54:40,570 | INFO | Steps: 111616/150000 | Episodes: 218 | LastEpReward: 29.294 | RecentReward: 24.935 | ActorLoss: -8.083647 | CriticLoss: 0.138468 | Q: 8.0602 | TargetQ: 8.0510 | TDAbs: 0.3577 | ActorGrad: 0.2213 | CriticGrad: 2.8062 | Noise: 0.0500 | Replay: 50000 | FPS: 60.18 | ETA: 10.6 min
2026-09-13 09:54:47,325 | INFO | Steps: 112128/150000 | Episodes: 219 | LastEpReward: 25.985 | RecentReward: 25.099 | ActorLoss: -8.057114 | CriticLoss: 0.136391 | Q: 8.0287 | TargetQ: 8.0240 | TDAbs: 0.3478 | ActorGrad: 0.2351 | CriticGrad: 2.7923 | Noise: 0.0500 | Replay: 50000 | FPS: 60.24 | ETA: 10.5 min
2026-09-13 09:54:53,983 | INFO | 开始周期评估: Steps=112640 | Episodes=220 | EvalEpisodes=5
2026-09-13 09:55:13,276 | INFO | 周期评估完成: Steps=112640 | MeanReward=19.757 | StdReward=2.033
2026-09-13 09:55:13,283 | INFO | Steps: 112640/150000 | Episodes: 220 | LastEpReward: 17.033 | RecentReward: 24.432 | ActorLoss: -7.954423 | CriticLoss: 0.144197 | Q: 7.9323 | TargetQ: 7.9428 | TDAbs: 0.3585 | ActorGrad: 0.2332 | CriticGrad: 2.6578 | Noise: 0.0500 | Replay: 50000 | FPS: 59.68 | ETA: 10.4 min
2026-09-13 09:55:19,956 | INFO | Steps: 113152/150000 | Episodes: 221 | LastEpReward: 4.207 | RecentReward: 22.446 | ActorLoss: -7.802442 | CriticLoss: 0.134020 | Q: 7.7801 | TargetQ: 7.7835 | TDAbs: 0.3483 | ActorGrad: 0.2118 | CriticGrad: 2.5631 | Noise: 0.0500 | Replay: 50000 | FPS: 59.74 | ETA: 10.3 min
2026-09-13 09:55:26,537 | INFO | Steps: 113664/150000 | Episodes: 222 | LastEpReward: 21.892 | RecentReward: 22.892 | ActorLoss: -7.849939 | CriticLoss: 0.123904 | Q: 7.8252 | TargetQ: 7.8165 | TDAbs: 0.3330 | ActorGrad: 0.2240 | CriticGrad: 2.6425 | Noise: 0.0500 | Replay: 50000 | FPS: 59.80 | ETA: 10.1 min
2026-09-13 09:55:33,244 | INFO | Steps: 114176/150000 | Episodes: 223 | LastEpReward: 14.630 | RecentReward: 21.683 | ActorLoss: -8.047200 | CriticLoss: 0.129972 | Q: 8.0194 | TargetQ: 8.0211 | TDAbs: 0.3407 | ActorGrad: 0.1857 | CriticGrad: 2.7069 | Noise: 0.0500 | Replay: 50000 | FPS: 59.86 | ETA: 10.0 min
2026-09-13 09:55:40,050 | INFO | Steps: 114688/150000 | Episodes: 224 | LastEpReward: 33.071 | RecentReward: 21.660 | ActorLoss: -7.844266 | CriticLoss: 0.115831 | Q: 7.8200 | TargetQ: 7.8319 | TDAbs: 0.3198 | ActorGrad: 0.1780 | CriticGrad: 2.5800 | Noise: 0.0500 | Replay: 50000 | FPS: 59.92 | ETA: 9.8 min
2026-09-13 09:55:46,974 | INFO | Steps: 115200/150000 | Episodes: 225 | LastEpReward: 22.166 | RecentReward: 21.383 | ActorLoss: -7.638974 | CriticLoss: 0.112826 | Q: 7.6219 | TargetQ: 7.6156 | TDAbs: 0.3194 | ActorGrad: 0.1563 | CriticGrad: 2.3811 | Noise: 0.0500 | Replay: 50000 | FPS: 59.97 | ETA: 9.7 min
2026-09-13 09:55:53,823 | INFO | Steps: 115712/150000 | Episodes: 226 | LastEpReward: 25.672 | RecentReward: 21.226 | ActorLoss: -7.813797 | CriticLoss: 0.126449 | Q: 7.7928 | TargetQ: 7.8015 | TDAbs: 0.3304 | ActorGrad: 0.1584 | CriticGrad: 2.5293 | Noise: 0.0500 | Replay: 50000 | FPS: 60.02 | ETA: 9.5 min
2026-09-13 09:56:00,499 | INFO | Steps: 116224/150000 | Episodes: 227 | LastEpReward: 24.543 | RecentReward: 21.849 | ActorLoss: -7.595178 | CriticLoss: 0.119644 | Q: 7.5734 | TargetQ: 7.5716 | TDAbs: 0.3214 | ActorGrad: 0.1810 | CriticGrad: 2.3865 | Noise: 0.0500 | Replay: 50000 | FPS: 60.08 | ETA: 9.4 min
2026-09-13 09:56:07,205 | INFO | Steps: 116736/150000 | Episodes: 228 | LastEpReward: 22.914 | RecentReward: 21.211 | ActorLoss: -7.449489 | CriticLoss: 0.106718 | Q: 7.4335 | TargetQ: 7.4258 | TDAbs: 0.3029 | ActorGrad: 0.1748 | CriticGrad: 2.1740 | Noise: 0.0500 | Replay: 50000 | FPS: 60.13 | ETA: 9.2 min
2026-09-13 09:56:13,904 | INFO | Steps: 117248/150000 | Episodes: 229 | LastEpReward: 15.740 | RecentReward: 20.187 | ActorLoss: -7.544874 | CriticLoss: 0.105194 | Q: 7.5289 | TargetQ: 7.5303 | TDAbs: 0.3028 | ActorGrad: 0.1804 | CriticGrad: 2.4062 | Noise: 0.0500 | Replay: 50000 | FPS: 60.19 | ETA: 9.1 min
2026-09-13 09:56:20,608 | INFO | 开始周期评估: Steps=117760 | Episodes=230 | EvalEpisodes=5
2026-09-13 09:56:39,893 | INFO | 周期评估完成: Steps=117760 | MeanReward=15.399 | StdReward=3.514
2026-09-13 09:56:39,900 | INFO | Steps: 117760/150000 | Episodes: 230 | LastEpReward: 26.795 | RecentReward: 21.163 | ActorLoss: -7.661343 | CriticLoss: 0.119454 | Q: 7.6402 | TargetQ: 7.6388 | TDAbs: 0.3145 | ActorGrad: 0.1703 | CriticGrad: 2.3787 | Noise: 0.0500 | Replay: 50000 | FPS: 59.66 | ETA: 9.0 min
2026-09-13 09:56:46,637 | INFO | Steps: 118272/150000 | Episodes: 231 | LastEpReward: 15.948 | RecentReward: 22.337 | ActorLoss: -7.037128 | CriticLoss: 0.100707 | Q: 7.0124 | TargetQ: 7.0067 | TDAbs: 0.2923 | ActorGrad: 0.1339 | CriticGrad: 1.9718 | Noise: 0.0500 | Replay: 50000 | FPS: 59.71 | ETA: 8.9 min
2026-09-13 09:56:53,324 | INFO | Steps: 118784/150000 | Episodes: 232 | LastEpReward: 19.809 | RecentReward: 22.129 | ActorLoss: -7.014366 | CriticLoss: 0.089768 | Q: 6.9921 | TargetQ: 6.9843 | TDAbs: 0.2804 | ActorGrad: 0.1352 | CriticGrad: 1.8903 | Noise: 0.0500 | Replay: 50000 | FPS: 59.77 | ETA: 8.7 min
2026-09-13 09:57:00,212 | INFO | Steps: 119296/150000 | Episodes: 233 | LastEpReward: 38.997 | RecentReward: 24.565 | ActorLoss: -6.922446 | CriticLoss: 0.092143 | Q: 6.9088 | TargetQ: 6.9100 | TDAbs: 0.2813 | ActorGrad: 0.1264 | CriticGrad: 1.8451 | Noise: 0.0500 | Replay: 50000 | FPS: 59.82 | ETA: 8.6 min
2026-09-13 09:57:06,864 | INFO | Steps: 119808/150000 | Episodes: 234 | LastEpReward: 24.443 | RecentReward: 23.703 | ActorLoss: -6.942918 | CriticLoss: 0.075723 | Q: 6.9244 | TargetQ: 6.9212 | TDAbs: 0.2604 | ActorGrad: 0.1138 | CriticGrad: 1.9449 | Noise: 0.0500 | Replay: 50000 | FPS: 59.88 | ETA: 8.4 min
2026-09-13 09:57:13,500 | INFO | Steps: 120320/150000 | Episodes: 235 | LastEpReward: 14.333 | RecentReward: 22.919 | ActorLoss: -6.804528 | CriticLoss: 0.086452 | Q: 6.7929 | TargetQ: 6.7788 | TDAbs: 0.2721 | ActorGrad: 0.1302 | CriticGrad: 1.7634 | Noise: 0.0500 | Replay: 50000 | FPS: 59.93 | ETA: 8.3 min
2026-09-13 09:57:20,249 | INFO | Steps: 120832/150000 | Episodes: 236 | LastEpReward: 19.127 | RecentReward: 22.265 | ActorLoss: -6.820398 | CriticLoss: 0.086785 | Q: 6.8099 | TargetQ: 6.8048 | TDAbs: 0.2694 | ActorGrad: 0.1226 | CriticGrad: 1.8310 | Noise: 0.0500 | Replay: 50000 | FPS: 59.99 | ETA: 8.1 min
2026-09-13 09:57:27,120 | INFO | Steps: 121344/150000 | Episodes: 237 | LastEpReward: 22.396 | RecentReward: 22.050 | ActorLoss: -6.668165 | CriticLoss: 0.077312 | Q: 6.6578 | TargetQ: 6.6586 | TDAbs: 0.2593 | ActorGrad: 0.1044 | CriticGrad: 1.6946 | Noise: 0.0500 | Replay: 50000 | FPS: 60.04 | ETA: 8.0 min
2026-09-13 09:57:33,879 | INFO | Steps: 121856/150000 | Episodes: 238 | LastEpReward: 27.046 | RecentReward: 22.463 | ActorLoss: -6.506014 | CriticLoss: 0.064765 | Q: 6.4974 | TargetQ: 6.4927 | TDAbs: 0.2418 | ActorGrad: 0.1162 | CriticGrad: 1.5650 | Noise: 0.0500 | Replay: 50000 | FPS: 60.09 | ETA: 7.8 min
2026-09-13 09:57:40,491 | INFO | Steps: 122368/150000 | Episodes: 239 | LastEpReward: 25.966 | RecentReward: 23.486 | ActorLoss: -6.359367 | CriticLoss: 0.060621 | Q: 6.3438 | TargetQ: 6.3371 | TDAbs: 0.2340 | ActorGrad: 0.1065 | CriticGrad: 1.4453 | Noise: 0.0500 | Replay: 50000 | FPS: 60.15 | ETA: 7.7 min
