2026-09-20 07:23:50,062 | INFO | ============================================================
2026-09-20 07:23:50,062 | INFO | 开始训练纯 PDQN 基线
2026-09-20 07:23:50,062 | INFO | 总步数: 150000 | warmup: 1000 | batch: 128 | 日志间隔: 512 steps | 保存间隔: 50000 steps | device: cuda
2026-09-20 07:23:50,062 | INFO | ============================================================
2026-09-20 07:23:55,181 | INFO | Steps: 512/150000 | Episodes: 1 | CurrentEpReward: 0.000 | RecentReward: -21.926 | QLoss: 0.000000 | ParamLoss: 0.000000 | Epsilon: 1.0000 | Replay: 512
2026-09-20 07:24:01,559 | INFO | Steps: 1024/150000 | Episodes: 2 | CurrentEpReward: 0.000 | RecentReward: -18.244 | QLoss: 0.184306 | ParamLoss: 0.018108 | Epsilon: 0.9993 | Replay: 1024
2026-09-20 07:24:30,437 | INFO | Steps: 1536/150000 | Episodes: 3 | CurrentEpReward: 0.000 | RecentReward: -17.823 | QLoss: 0.171760 | ParamLoss: 0.012360 | Epsilon: 0.9860 | Replay: 1536
2026-09-20 07:24:59,519 | INFO | Steps: 2048/150000 | Episodes: 4 | CurrentEpReward: 0.000 | RecentReward: -19.176 | QLoss: 0.182045 | ParamLoss: 0.008197 | Epsilon: 0.9726 | Replay: 2048
2026-09-20 07:25:28,951 | INFO | Steps: 2560/150000 | Episodes: 5 | CurrentEpReward: 0.000 | RecentReward: -19.720 | QLoss: 0.185044 | ParamLoss: 0.003909 | Epsilon: 0.9592 | Replay: 2560
2026-09-20 07:25:57,993 | INFO | Steps: 3072/150000 | Episodes: 6 | CurrentEpReward: 0.000 | RecentReward: -21.049 | QLoss: 0.186856 | ParamLoss: 0.000195 | Epsilon: 0.9458 | Replay: 3072
2026-09-20 07:26:27,116 | INFO | Steps: 3584/150000 | Episodes: 7 | CurrentEpReward: 0.000 | RecentReward: -21.220 | QLoss: 0.190140 | ParamLoss: -0.003907 | Epsilon: 0.9324 | Replay: 3584
2026-09-20 07:26:56,400 | INFO | Steps: 4096/150000 | Episodes: 8 | CurrentEpReward: 0.000 | RecentReward: -20.270 | QLoss: 0.188771 | ParamLoss: -0.005969 | Epsilon: 0.9191 | Replay: 4096
2026-09-20 07:27:25,610 | INFO | Steps: 4608/150000 | Episodes: 9 | CurrentEpReward: 0.000 | RecentReward: -20.341 | QLoss: 0.193024 | ParamLoss: -0.008958 | Epsilon: 0.9057 | Replay: 4608
2026-09-20 07:27:55,287 | INFO | Steps: 5120/150000 | Episodes: 10 | CurrentEpReward: 0.000 | RecentReward: -20.635 | QLoss: 0.196761 | ParamLoss: -0.014695 | Epsilon: 0.8923 | Replay: 5120
2026-09-20 07:28:24,801 | INFO | Steps: 5632/150000 | Episodes: 11 | CurrentEpReward: 0.000 | RecentReward: -19.684 | QLoss: 0.197530 | ParamLoss: -0.019431 | Epsilon: 0.8789 | Replay: 5632
2026-09-20 07:28:54,125 | INFO | Steps: 6144/150000 | Episodes: 12 | CurrentEpReward: 0.000 | RecentReward: -20.278 | QLoss: 0.197114 | ParamLoss: -0.023403 | Epsilon: 0.8655 | Replay: 6144
2026-09-20 07:29:23,385 | INFO | Steps: 6656/150000 | Episodes: 13 | CurrentEpReward: 0.000 | RecentReward: -20.180 | QLoss: 0.196458 | ParamLoss: -0.025215 | Epsilon: 0.8522 | Replay: 6656
2026-09-20 07:29:52,447 | INFO | Steps: 7168/150000 | Episodes: 14 | CurrentEpReward: 0.000 | RecentReward: -19.520 | QLoss: 0.197820 | ParamLoss: -0.027560 | Epsilon: 0.8388 | Replay: 7168
2026-09-20 07:30:21,890 | INFO | Steps: 7680/150000 | Episodes: 15 | CurrentEpReward: 0.000 | RecentReward: -18.876 | QLoss: 0.201475 | ParamLoss: -0.033572 | Epsilon: 0.8254 | Replay: 7680
2026-09-20 07:30:51,520 | INFO | Steps: 8192/150000 | Episodes: 16 | CurrentEpReward: 0.000 | RecentReward: -17.466 | QLoss: 0.199617 | ParamLoss: -0.037882 | Epsilon: 0.8120 | Replay: 8192
2026-09-20 07:31:20,639 | INFO | Steps: 8704/150000 | Episodes: 17 | CurrentEpReward: 0.000 | RecentReward: -17.020 | QLoss: 0.204367 | ParamLoss: -0.039999 | Epsilon: 0.7986 | Replay: 8704
2026-09-20 07:31:50,086 | INFO | Steps: 9216/150000 | Episodes: 18 | CurrentEpReward: 0.000 | RecentReward: -16.954 | QLoss: 0.207461 | ParamLoss: -0.046002 | Epsilon: 0.7853 | Replay: 9216
2026-09-20 07:32:19,544 | INFO | Steps: 9728/150000 | Episodes: 19 | CurrentEpReward: 0.000 | RecentReward: -16.579 | QLoss: 0.208754 | ParamLoss: -0.049125 | Epsilon: 0.7719 | Replay: 9728
2026-09-20 07:32:48,724 | INFO | Steps: 10240/150000 | Episodes: 20 | CurrentEpReward: 0.000 | RecentReward: -15.561 | QLoss: 0.204646 | ParamLoss: -0.053924 | Epsilon: 0.7585 | Replay: 10240
2026-09-20 07:33:18,374 | INFO | Steps: 10752/150000 | Episodes: 21 | CurrentEpReward: 0.000 | RecentReward: -15.762 | QLoss: 0.205192 | ParamLoss: -0.058715 | Epsilon: 0.7451 | Replay: 10752
2026-09-20 07:33:47,773 | INFO | Steps: 11264/150000 | Episodes: 22 | CurrentEpReward: 0.000 | RecentReward: -15.667 | QLoss: 0.212361 | ParamLoss: -0.061448 | Epsilon: 0.7317 | Replay: 11264
2026-09-20 07:34:17,329 | INFO | Steps: 11776/150000 | Episodes: 23 | CurrentEpReward: 0.000 | RecentReward: -14.491 | QLoss: 0.211489 | ParamLoss: -0.069394 | Epsilon: 0.7184 | Replay: 11776
2026-09-20 07:34:46,616 | INFO | Steps: 12288/150000 | Episodes: 24 | CurrentEpReward: 0.000 | RecentReward: -13.781 | QLoss: 0.212666 | ParamLoss: -0.073231 | Epsilon: 0.7050 | Replay: 12288
2026-09-20 07:35:15,907 | INFO | Steps: 12800/150000 | Episodes: 25 | CurrentEpReward: 0.000 | RecentReward: -12.970 | QLoss: 0.216745 | ParamLoss: -0.075701 | Epsilon: 0.6916 | Replay: 12800
2026-09-20 07:35:45,162 | INFO | Steps: 13312/150000 | Episodes: 26 | CurrentEpReward: 0.000 | RecentReward: -12.913 | QLoss: 0.222821 | ParamLoss: -0.079467 | Epsilon: 0.6782 | Replay: 13312
2026-09-20 07:36:14,349 | INFO | Steps: 13824/150000 | Episodes: 27 | CurrentEpReward: 0.000 | RecentReward: -11.510 | QLoss: 0.221183 | ParamLoss: -0.083392 | Epsilon: 0.6648 | Replay: 13824
2026-09-20 07:36:43,707 | INFO | Steps: 14336/150000 | Episodes: 28 | CurrentEpReward: 0.000 | RecentReward: -11.138 | QLoss: 0.221177 | ParamLoss: -0.088710 | Epsilon: 0.6515 | Replay: 14336
2026-09-20 07:37:13,123 | INFO | Steps: 14848/150000 | Episodes: 29 | CurrentEpReward: 0.000 | RecentReward: -10.765 | QLoss: 0.226439 | ParamLoss: -0.095822 | Epsilon: 0.6381 | Replay: 14848
2026-09-20 07:37:42,459 | INFO | Steps: 15360/150000 | Episodes: 30 | CurrentEpReward: 0.000 | RecentReward: -10.059 | QLoss: 0.223370 | ParamLoss: -0.098536 | Epsilon: 0.6247 | Replay: 15360
2026-09-20 07:38:11,529 | INFO | Steps: 15872/150000 | Episodes: 31 | CurrentEpReward: 0.000 | RecentReward: -9.917 | QLoss: 0.231126 | ParamLoss: -0.102775 | Epsilon: 0.6113 | Replay: 15872
2026-09-20 07:38:41,037 | INFO | Steps: 16384/150000 | Episodes: 32 | CurrentEpReward: 0.000 | RecentReward: -8.289 | QLoss: 0.233589 | ParamLoss: -0.107693 | Epsilon: 0.5979 | Replay: 16384
2026-09-20 07:39:10,054 | INFO | Steps: 16896/150000 | Episodes: 33 | CurrentEpReward: 0.000 | RecentReward: -8.661 | QLoss: 0.236807 | ParamLoss: -0.108802 | Epsilon: 0.5846 | Replay: 16896
2026-09-20 07:39:39,814 | INFO | Steps: 17408/150000 | Episodes: 34 | CurrentEpReward: 0.000 | RecentReward: -7.459 | QLoss: 0.240672 | ParamLoss: -0.116744 | Epsilon: 0.5712 | Replay: 17408
2026-09-20 07:40:09,017 | INFO | Steps: 17920/150000 | Episodes: 35 | CurrentEpReward: 0.000 | RecentReward: -7.045 | QLoss: 0.238175 | ParamLoss: -0.123416 | Epsilon: 0.5578 | Replay: 17920
2026-09-20 07:40:38,171 | INFO | Steps: 18432/150000 | Episodes: 36 | CurrentEpReward: 0.000 | RecentReward: -6.657 | QLoss: 0.245753 | ParamLoss: -0.126662 | Epsilon: 0.5444 | Replay: 18432
2026-09-20 07:41:07,498 | INFO | Steps: 18944/150000 | Episodes: 37 | CurrentEpReward: 0.000 | RecentReward: -6.536 | QLoss: 0.259354 | ParamLoss: -0.132576 | Epsilon: 0.5310 | Replay: 18944
2026-09-20 07:41:36,432 | INFO | Steps: 19456/150000 | Episodes: 38 | CurrentEpReward: 0.000 | RecentReward: -7.017 | QLoss: 0.245379 | ParamLoss: -0.135841 | Epsilon: 0.5177 | Replay: 19456
2026-09-20 07:42:05,493 | INFO | Steps: 19968/150000 | Episodes: 39 | CurrentEpReward: 0.000 | RecentReward: -6.276 | QLoss: 0.253957 | ParamLoss: -0.136852 | Epsilon: 0.5043 | Replay: 19968
2026-09-20 07:42:34,789 | INFO | Steps: 20480/150000 | Episodes: 40 | CurrentEpReward: 0.000 | RecentReward: -5.580 | QLoss: 0.254458 | ParamLoss: -0.141282 | Epsilon: 0.4909 | Replay: 20480
2026-09-20 07:43:04,253 | INFO | Steps: 20992/150000 | Episodes: 41 | CurrentEpReward: 0.000 | RecentReward: -4.629 | QLoss: 0.261623 | ParamLoss: -0.145421 | Epsilon: 0.4775 | Replay: 20992
2026-09-20 07:43:33,469 | INFO | Steps: 21504/150000 | Episodes: 42 | CurrentEpReward: 0.000 | RecentReward: -5.357 | QLoss: 0.266912 | ParamLoss: -0.148957 | Epsilon: 0.4641 | Replay: 21504
2026-09-20 07:44:02,339 | INFO | Steps: 22016/150000 | Episodes: 43 | CurrentEpReward: 0.000 | RecentReward: -5.123 | QLoss: 0.266362 | ParamLoss: -0.150252 | Epsilon: 0.4508 | Replay: 22016
2026-09-20 07:44:31,569 | INFO | Steps: 22528/150000 | Episodes: 44 | CurrentEpReward: 0.000 | RecentReward: -5.230 | QLoss: 0.270095 | ParamLoss: -0.154614 | Epsilon: 0.4374 | Replay: 22528
2026-09-20 07:45:00,716 | INFO | Steps: 23040/150000 | Episodes: 45 | CurrentEpReward: 0.000 | RecentReward: -4.333 | QLoss: 0.267612 | ParamLoss: -0.158092 | Epsilon: 0.4240 | Replay: 23040
2026-09-20 07:45:29,870 | INFO | Steps: 23552/150000 | Episodes: 46 | CurrentEpReward: 0.000 | RecentReward: -3.499 | QLoss: 0.272664 | ParamLoss: -0.165021 | Epsilon: 0.4106 | Replay: 23552
2026-09-20 07:45:58,952 | INFO | Steps: 24064/150000 | Episodes: 47 | CurrentEpReward: 0.000 | RecentReward: -3.391 | QLoss: 0.269179 | ParamLoss: -0.165245 | Epsilon: 0.3972 | Replay: 24064
2026-09-20 07:46:28,514 | INFO | Steps: 24576/150000 | Episodes: 48 | CurrentEpReward: 0.000 | RecentReward: -1.265 | QLoss: 0.274737 | ParamLoss: -0.168816 | Epsilon: 0.3839 | Replay: 24576
2026-09-20 07:46:57,681 | INFO | Steps: 25088/150000 | Episodes: 49 | CurrentEpReward: 0.000 | RecentReward: 0.030 | QLoss: 0.283912 | ParamLoss: -0.175741 | Epsilon: 0.3705 | Replay: 25088
2026-09-20 07:47:27,076 | INFO | Steps: 25600/150000 | Episodes: 50 | CurrentEpReward: 0.000 | RecentReward: 1.010 | QLoss: 0.287156 | ParamLoss: -0.181240 | Epsilon: 0.3571 | Replay: 25600
2026-09-20 07:47:56,127 | INFO | Steps: 26112/150000 | Episodes: 51 | CurrentEpReward: 0.000 | RecentReward: 2.372 | QLoss: 0.290404 | ParamLoss: -0.181596 | Epsilon: 0.3437 | Replay: 26112
2026-09-20 07:48:25,796 | INFO | Steps: 26624/150000 | Episodes: 52 | CurrentEpReward: 0.000 | RecentReward: 4.632 | QLoss: 0.276273 | ParamLoss: -0.182865 | Epsilon: 0.3303 | Replay: 26624
2026-09-20 07:48:55,440 | INFO | Steps: 27136/150000 | Episodes: 53 | CurrentEpReward: 0.000 | RecentReward: 6.488 | QLoss: 0.275540 | ParamLoss: -0.179949 | Epsilon: 0.3170 | Replay: 27136
2026-09-20 07:49:24,577 | INFO | Steps: 27648/150000 | Episodes: 54 | CurrentEpReward: 0.000 | RecentReward: 6.614 | QLoss: 0.274679 | ParamLoss: -0.185653 | Epsilon: 0.3036 | Replay: 27648
2026-09-20 07:49:53,392 | INFO | Steps: 28160/150000 | Episodes: 55 | CurrentEpReward: 0.000 | RecentReward: 7.586 | QLoss: 0.275675 | ParamLoss: -0.181622 | Epsilon: 0.2902 | Replay: 28160
2026-09-20 07:50:22,577 | INFO | Steps: 28672/150000 | Episodes: 56 | CurrentEpReward: 0.000 | RecentReward: 8.940 | QLoss: 0.271988 | ParamLoss: -0.183059 | Epsilon: 0.2768 | Replay: 28672
2026-09-20 07:50:51,822 | INFO | Steps: 29184/150000 | Episodes: 57 | CurrentEpReward: 0.000 | RecentReward: 10.534 | QLoss: 0.282732 | ParamLoss: -0.188089 | Epsilon: 0.2634 | Replay: 29184
2026-09-20 07:51:20,870 | INFO | Steps: 29696/150000 | Episodes: 58 | CurrentEpReward: 0.000 | RecentReward: 10.882 | QLoss: 0.296719 | ParamLoss: -0.191991 | Epsilon: 0.2501 | Replay: 29696
2026-09-20 07:51:49,880 | INFO | Steps: 30208/150000 | Episodes: 59 | CurrentEpReward: 0.000 | RecentReward: 11.358 | QLoss: 0.294732 | ParamLoss: -0.199627 | Epsilon: 0.2367 | Replay: 30208
2026-09-20 07:52:19,411 | INFO | Steps: 30720/150000 | Episodes: 60 | CurrentEpReward: 0.000 | RecentReward: 13.450 | QLoss: 0.285721 | ParamLoss: -0.206748 | Epsilon: 0.2233 | Replay: 30720
2026-09-20 07:52:48,736 | INFO | Steps: 31232/150000 | Episodes: 61 | CurrentEpReward: 0.000 | RecentReward: 15.809 | QLoss: 0.298968 | ParamLoss: -0.217701 | Epsilon: 0.2099 | Replay: 31232
2026-09-20 07:53:17,854 | INFO | Steps: 31744/150000 | Episodes: 62 | CurrentEpReward: 0.000 | RecentReward: 16.585 | QLoss: 0.296228 | ParamLoss: -0.215555 | Epsilon: 0.1965 | Replay: 31744
2026-09-20 07:53:47,505 | INFO | Steps: 32256/150000 | Episodes: 63 | CurrentEpReward: 0.000 | RecentReward: 18.391 | QLoss: 0.289813 | ParamLoss: -0.220207 | Epsilon: 0.1832 | Replay: 32256
2026-09-20 07:54:16,881 | INFO | Steps: 32768/150000 | Episodes: 64 | CurrentEpReward: 0.000 | RecentReward: 21.746 | QLoss: 0.309609 | ParamLoss: -0.229789 | Epsilon: 0.1698 | Replay: 32768
2026-09-20 07:54:45,539 | INFO | Steps: 33280/150000 | Episodes: 65 | CurrentEpReward: 0.000 | RecentReward: 22.554 | QLoss: 0.300906 | ParamLoss: -0.230426 | Epsilon: 0.1564 | Replay: 33280
2026-09-20 07:55:14,737 | INFO | Steps: 33792/150000 | Episodes: 66 | CurrentEpReward: 0.000 | RecentReward: 23.853 | QLoss: 0.282955 | ParamLoss: -0.234937 | Epsilon: 0.1430 | Replay: 33792
2026-09-20 07:55:43,983 | INFO | Steps: 34304/150000 | Episodes: 67 | CurrentEpReward: 0.000 | RecentReward: 26.364 | QLoss: 0.295611 | ParamLoss: -0.243719 | Epsilon: 0.1296 | Replay: 34304
2026-09-20 07:56:13,135 | INFO | Steps: 34816/150000 | Episodes: 68 | CurrentEpReward: 0.000 | RecentReward: 28.557 | QLoss: 0.302251 | ParamLoss: -0.246153 | Epsilon: 0.1162 | Replay: 34816
2026-09-20 07:56:42,320 | INFO | Steps: 35328/150000 | Episodes: 69 | CurrentEpReward: 0.000 | RecentReward: 30.356 | QLoss: 0.296160 | ParamLoss: -0.256717 | Epsilon: 0.1029 | Replay: 35328
2026-09-20 07:57:11,368 | INFO | Steps: 35840/150000 | Episodes: 70 | CurrentEpReward: 0.000 | RecentReward: 30.940 | QLoss: 0.306399 | ParamLoss: -0.261740 | Epsilon: 0.0895 | Replay: 35840
2026-09-20 07:57:40,739 | INFO | Steps: 36352/150000 | Episodes: 71 | CurrentEpReward: 0.000 | RecentReward: 31.299 | QLoss: 0.303274 | ParamLoss: -0.267257 | Epsilon: 0.0761 | Replay: 36352
2026-09-20 07:58:10,050 | INFO | Steps: 36864/150000 | Episodes: 72 | CurrentEpReward: 0.000 | RecentReward: 33.512 | QLoss: 0.293684 | ParamLoss: -0.272057 | Epsilon: 0.0627 | Replay: 36864
2026-09-20 07:58:39,630 | INFO | Steps: 37376/150000 | Episodes: 73 | CurrentEpReward: 0.000 | RecentReward: 35.290 | QLoss: 0.308547 | ParamLoss: -0.273285 | Epsilon: 0.0493 | Replay: 37376
2026-09-20 07:59:09,058 | INFO | Steps: 37888/150000 | Episodes: 74 | CurrentEpReward: 0.000 | RecentReward: 36.832 | QLoss: 0.294780 | ParamLoss: -0.281533 | Epsilon: 0.0360 | Replay: 37888
2026-09-20 07:59:38,460 | INFO | Steps: 38400/150000 | Episodes: 75 | CurrentEpReward: 0.000 | RecentReward: 39.633 | QLoss: 0.307762 | ParamLoss: -0.294906 | Epsilon: 0.0226 | Replay: 38400
2026-09-20 08:00:07,853 | INFO | Steps: 38912/150000 | Episodes: 76 | CurrentEpReward: 0.000 | RecentReward: 42.252 | QLoss: 0.294528 | ParamLoss: -0.298899 | Epsilon: 0.0200 | Replay: 38912
2026-09-20 08:00:37,029 | INFO | Steps: 39424/150000 | Episodes: 77 | CurrentEpReward: 0.000 | RecentReward: 43.283 | QLoss: 0.317079 | ParamLoss: -0.302130 | Epsilon: 0.0200 | Replay: 39424
2026-09-20 08:01:06,532 | INFO | Steps: 39936/150000 | Episodes: 78 | CurrentEpReward: 0.000 | RecentReward: 45.393 | QLoss: 0.302279 | ParamLoss: -0.306125 | Epsilon: 0.0200 | Replay: 39936
2026-09-20 08:01:36,002 | INFO | Steps: 40448/150000 | Episodes: 79 | CurrentEpReward: 0.000 | RecentReward: 48.438 | QLoss: 0.322088 | ParamLoss: -0.308006 | Epsilon: 0.0200 | Replay: 40448
2026-09-20 08:02:05,204 | INFO | Steps: 40960/150000 | Episodes: 80 | CurrentEpReward: 0.000 | RecentReward: 49.921 | QLoss: 0.304338 | ParamLoss: -0.307010 | Epsilon: 0.0200 | Replay: 40960
2026-09-20 08:02:34,401 | INFO | Steps: 41472/150000 | Episodes: 81 | CurrentEpReward: 0.000 | RecentReward: 52.051 | QLoss: 0.299385 | ParamLoss: -0.316112 | Epsilon: 0.0200 | Replay: 41472
2026-09-20 08:03:03,544 | INFO | Steps: 41984/150000 | Episodes: 82 | CurrentEpReward: 0.000 | RecentReward: 53.619 | QLoss: 0.300981 | ParamLoss: -0.320657 | Epsilon: 0.0200 | Replay: 41984
2026-09-20 08:03:32,988 | INFO | Steps: 42496/150000 | Episodes: 83 | CurrentEpReward: 0.000 | RecentReward: 54.955 | QLoss: 0.289262 | ParamLoss: -0.319795 | Epsilon: 0.0200 | Replay: 42496
2026-09-20 08:04:02,140 | INFO | Steps: 43008/150000 | Episodes: 84 | CurrentEpReward: 0.000 | RecentReward: 55.564 | QLoss: 0.329187 | ParamLoss: -0.330887 | Epsilon: 0.0200 | Replay: 43008
2026-09-20 08:04:32,026 | INFO | Steps: 43520/150000 | Episodes: 85 | CurrentEpReward: 0.000 | RecentReward: 56.778 | QLoss: 0.320227 | ParamLoss: -0.341105 | Epsilon: 0.0200 | Replay: 43520
2026-09-20 08:05:01,483 | INFO | Steps: 44032/150000 | Episodes: 86 | CurrentEpReward: 0.000 | RecentReward: 58.824 | QLoss: 0.297229 | ParamLoss: -0.342332 | Epsilon: 0.0200 | Replay: 44032
2026-09-20 08:05:30,864 | INFO | Steps: 44544/150000 | Episodes: 87 | CurrentEpReward: 0.000 | RecentReward: 60.066 | QLoss: 0.313674 | ParamLoss: -0.348744 | Epsilon: 0.0200 | Replay: 44544
2026-09-20 08:06:00,129 | INFO | Steps: 45056/150000 | Episodes: 88 | CurrentEpReward: 0.000 | RecentReward: 60.885 | QLoss: 0.320245 | ParamLoss: -0.357751 | Epsilon: 0.0200 | Replay: 45056
2026-09-20 08:06:29,410 | INFO | Steps: 45568/150000 | Episodes: 89 | CurrentEpReward: 0.000 | RecentReward: 60.345 | QLoss: 0.326176 | ParamLoss: -0.370326 | Epsilon: 0.0200 | Replay: 45568
2026-09-20 08:06:58,815 | INFO | Steps: 46080/150000 | Episodes: 90 | CurrentEpReward: 0.000 | RecentReward: 61.551 | QLoss: 0.316925 | ParamLoss: -0.377932 | Epsilon: 0.0200 | Replay: 46080
2026-09-20 08:07:28,031 | INFO | Steps: 46592/150000 | Episodes: 91 | CurrentEpReward: 0.000 | RecentReward: 60.928 | QLoss: 0.330320 | ParamLoss: -0.390252 | Epsilon: 0.0200 | Replay: 46592
2026-09-20 08:07:57,247 | INFO | Steps: 47104/150000 | Episodes: 92 | CurrentEpReward: 0.000 | RecentReward: 60.935 | QLoss: 0.316727 | ParamLoss: -0.392746 | Epsilon: 0.0200 | Replay: 47104
2026-09-20 08:08:26,588 | INFO | Steps: 47616/150000 | Episodes: 93 | CurrentEpReward: 0.000 | RecentReward: 61.461 | QLoss: 0.328566 | ParamLoss: -0.399520 | Epsilon: 0.0200 | Replay: 47616
2026-09-20 08:08:55,801 | INFO | Steps: 48128/150000 | Episodes: 94 | CurrentEpReward: 0.000 | RecentReward: 60.860 | QLoss: 0.322488 | ParamLoss: -0.403381 | Epsilon: 0.0200 | Replay: 48128
2026-09-20 08:09:24,586 | INFO | Steps: 48640/150000 | Episodes: 95 | CurrentEpReward: 0.000 | RecentReward: 60.456 | QLoss: 0.324481 | ParamLoss: -0.409491 | Epsilon: 0.0200 | Replay: 48640
2026-09-20 08:09:54,045 | INFO | Steps: 49152/150000 | Episodes: 96 | CurrentEpReward: 0.000 | RecentReward: 59.678 | QLoss: 0.321831 | ParamLoss: -0.409535 | Epsilon: 0.0200 | Replay: 49152
2026-09-20 08:10:23,679 | INFO | Steps: 49664/150000 | Episodes: 97 | CurrentEpReward: 0.000 | RecentReward: 60.094 | QLoss: 0.320191 | ParamLoss: -0.407380 | Epsilon: 0.0200 | Replay: 49664
2026-09-20 08:11:24,364 | INFO | 新的最佳模型 (reward): 63.494，保存至 /home/pjpjq/LEO_switch/results/multiseed_0907/seed44/u40/learned_baselines/pdqn/best_model.pt
2026-09-20 08:11:24,368 | INFO | 周期权重已保存: /home/pjpjq/LEO_switch/results/multiseed_0907/seed44/u40/learned_baselines/pdqn/checkpoint_50000.pt
2026-09-20 08:11:34,627 | INFO | Steps: 50176/150000 | Episodes: 98 | CurrentEpReward: 0.000 | RecentReward: 60.595 | QLoss: 0.305564 | ParamLoss: -0.417895 | Epsilon: 0.0200 | Replay: 50000
2026-09-20 08:12:04,251 | INFO | Steps: 50688/150000 | Episodes: 99 | CurrentEpReward: 0.000 | RecentReward: 61.831 | QLoss: 0.325526 | ParamLoss: -0.419644 | Epsilon: 0.0200 | Replay: 50000
2026-09-20 08:12:33,455 | INFO | Steps: 51200/150000 | Episodes: 100 | CurrentEpReward: 0.000 | RecentReward: 61.652 | QLoss: 0.322255 | ParamLoss: -0.429604 | Epsilon: 0.0200 | Replay: 50000
2026-09-20 08:13:02,851 | INFO | Steps: 51712/150000 | Episodes: 101 | CurrentEpReward: 0.000 | RecentReward: 63.712 | QLoss: 0.318923 | ParamLoss: -0.435814 | Epsilon: 0.0200 | Replay: 50000
2026-09-20 08:13:32,173 | INFO | Steps: 52224/150000 | Episodes: 102 | CurrentEpReward: 0.000 | RecentReward: 64.416 | QLoss: 0.301957 | ParamLoss: -0.451071 | Epsilon: 0.0200 | Replay: 50000
2026-09-20 08:14:01,480 | INFO | Steps: 52736/150000 | Episodes: 103 | CurrentEpReward: 0.000 | RecentReward: 64.426 | QLoss: 0.303986 | ParamLoss: -0.448202 | Epsilon: 0.0200 | Replay: 50000
2026-09-20 08:14:30,522 | INFO | Steps: 53248/150000 | Episodes: 104 | CurrentEpReward: 0.000 | RecentReward: 65.973 | QLoss: 0.307684 | ParamLoss: -0.452495 | Epsilon: 0.0200 | Replay: 50000
2026-09-20 08:14:59,967 | INFO | Steps: 53760/150000 | Episodes: 105 | CurrentEpReward: 0.000 | RecentReward: 66.640 | QLoss: 0.290064 | ParamLoss: -0.468769 | Epsilon: 0.0200 | Replay: 50000
2026-09-20 08:15:29,405 | INFO | Steps: 54272/150000 | Episodes: 106 | CurrentEpReward: 0.000 | RecentReward: 66.246 | QLoss: 0.325747 | ParamLoss: -0.471362 | Epsilon: 0.0200 | Replay: 50000
2026-09-20 08:15:59,079 | INFO | Steps: 54784/150000 | Episodes: 107 | CurrentEpReward: 0.000 | RecentReward: 66.448 | QLoss: 0.312011 | ParamLoss: -0.476518 | Epsilon: 0.0200 | Replay: 50000
2026-09-20 08:16:28,954 | INFO | Steps: 55296/150000 | Episodes: 108 | CurrentEpReward: 0.000 | RecentReward: 66.382 | QLoss: 0.310349 | ParamLoss: -0.489310 | Epsilon: 0.0200 | Replay: 50000
2026-09-20 08:16:57,805 | INFO | Steps: 55808/150000 | Episodes: 109 | CurrentEpReward: 0.000 | RecentReward: 65.943 | QLoss: 0.332937 | ParamLoss: -0.494141 | Epsilon: 0.0200 | Replay: 50000
2026-09-20 08:17:28,224 | INFO | Steps: 56320/150000 | Episodes: 110 | CurrentEpReward: 0.000 | RecentReward: 66.225 | QLoss: 0.330020 | ParamLoss: -0.502265 | Epsilon: 0.0200 | Replay: 50000
2026-09-20 08:17:59,174 | INFO | Steps: 56832/150000 | Episodes: 111 | CurrentEpReward: 0.000 | RecentReward: 65.521 | QLoss: 0.314202 | ParamLoss: -0.512688 | Epsilon: 0.0200 | Replay: 50000
2026-09-20 08:18:30,090 | INFO | Steps: 57344/150000 | Episodes: 112 | CurrentEpReward: 0.000 | RecentReward: 65.098 | QLoss: 0.294836 | ParamLoss: -0.518172 | Epsilon: 0.0200 | Replay: 50000
2026-09-20 08:19:01,018 | INFO | Steps: 57856/150000 | Episodes: 113 | CurrentEpReward: 0.000 | RecentReward: 64.612 | QLoss: 0.317370 | ParamLoss: -0.516620 | Epsilon: 0.0200 | Replay: 50000
2026-09-20 08:19:32,036 | INFO | Steps: 58368/150000 | Episodes: 114 | CurrentEpReward: 0.000 | RecentReward: 64.374 | QLoss: 0.316846 | ParamLoss: -0.516969 | Epsilon: 0.0200 | Replay: 50000
2026-09-20 08:20:03,000 | INFO | Steps: 58880/150000 | Episodes: 115 | CurrentEpReward: 0.000 | RecentReward: 64.664 | QLoss: 0.288803 | ParamLoss: -0.529333 | Epsilon: 0.0200 | Replay: 50000
2026-09-20 08:20:33,928 | INFO | Steps: 59392/150000 | Episodes: 116 | CurrentEpReward: 0.000 | RecentReward: 65.477 | QLoss: 0.329883 | ParamLoss: -0.541746 | Epsilon: 0.0200 | Replay: 50000
2026-09-20 08:21:04,763 | INFO | Steps: 59904/150000 | Episodes: 117 | CurrentEpReward: 0.000 | RecentReward: 64.532 | QLoss: 0.334319 | ParamLoss: -0.556848 | Epsilon: 0.0200 | Replay: 50000
2026-09-20 08:21:35,504 | INFO | Steps: 60416/150000 | Episodes: 118 | CurrentEpReward: 0.000 | RecentReward: 64.412 | QLoss: 0.327111 | ParamLoss: -0.557407 | Epsilon: 0.0200 | Replay: 50000
2026-09-20 08:22:06,405 | INFO | Steps: 60928/150000 | Episodes: 119 | CurrentEpReward: 0.000 | RecentReward: 65.416 | QLoss: 0.315838 | ParamLoss: -0.562090 | Epsilon: 0.0200 | Replay: 50000
2026-09-20 08:22:37,103 | INFO | Steps: 61440/150000 | Episodes: 120 | CurrentEpReward: 0.000 | RecentReward: 65.506 | QLoss: 0.353340 | ParamLoss: -0.574809 | Epsilon: 0.0200 | Replay: 50000
2026-09-20 08:23:08,039 | INFO | Steps: 61952/150000 | Episodes: 121 | CurrentEpReward: 0.000 | RecentReward: 65.786 | QLoss: 0.340390 | ParamLoss: -0.574706 | Epsilon: 0.0200 | Replay: 50000
2026-09-20 08:23:39,060 | INFO | Steps: 62464/150000 | Episodes: 122 | CurrentEpReward: 0.000 | RecentReward: 66.598 | QLoss: 0.328229 | ParamLoss: -0.583963 | Epsilon: 0.0200 | Replay: 50000
2026-09-20 08:24:10,427 | INFO | Steps: 62976/150000 | Episodes: 123 | CurrentEpReward: 0.000 | RecentReward: 66.790 | QLoss: 0.333898 | ParamLoss: -0.594897 | Epsilon: 0.0200 | Replay: 50000
2026-09-20 08:24:41,244 | INFO | Steps: 63488/150000 | Episodes: 124 | CurrentEpReward: 0.000 | RecentReward: 67.270 | QLoss: 0.315648 | ParamLoss: -0.597293 | Epsilon: 0.0200 | Replay: 50000
2026-09-20 08:25:12,066 | INFO | Steps: 64000/150000 | Episodes: 125 | CurrentEpReward: 0.000 | RecentReward: 66.773 | QLoss: 0.317815 | ParamLoss: -0.600725 | Epsilon: 0.0200 | Replay: 50000
2026-09-20 08:25:42,325 | INFO | Steps: 64512/150000 | Episodes: 126 | CurrentEpReward: 0.000 | RecentReward: 65.454 | QLoss: 0.342950 | ParamLoss: -0.604083 | Epsilon: 0.0200 | Replay: 50000
2026-09-20 08:26:12,789 | INFO | Steps: 65024/150000 | Episodes: 127 | CurrentEpReward: 0.000 | RecentReward: 66.367 | QLoss: 0.310351 | ParamLoss: -0.607491 | Epsilon: 0.0200 | Replay: 50000
2026-09-20 08:26:43,761 | INFO | Steps: 65536/150000 | Episodes: 128 | CurrentEpReward: 0.000 | RecentReward: 66.007 | QLoss: 0.315071 | ParamLoss: -0.618964 | Epsilon: 0.0200 | Replay: 50000
2026-09-20 08:27:14,217 | INFO | Steps: 66048/150000 | Episodes: 129 | CurrentEpReward: 0.000 | RecentReward: 65.587 | QLoss: 0.311316 | ParamLoss: -0.618394 | Epsilon: 0.0200 | Replay: 50000
2026-09-20 08:27:44,598 | INFO | Steps: 66560/150000 | Episodes: 130 | CurrentEpReward: 0.000 | RecentReward: 65.609 | QLoss: 0.308385 | ParamLoss: -0.617395 | Epsilon: 0.0200 | Replay: 50000
2026-09-20 08:28:14,906 | INFO | Steps: 67072/150000 | Episodes: 131 | CurrentEpReward: 0.000 | RecentReward: 64.509 | QLoss: 0.318986 | ParamLoss: -0.615788 | Epsilon: 0.0200 | Replay: 50000
2026-09-20 08:28:45,468 | INFO | Steps: 67584/150000 | Episodes: 132 | CurrentEpReward: 0.000 | RecentReward: 64.055 | QLoss: 0.355868 | ParamLoss: -0.616294 | Epsilon: 0.0200 | Replay: 50000
2026-09-20 08:29:16,100 | INFO | Steps: 68096/150000 | Episodes: 133 | CurrentEpReward: 0.000 | RecentReward: 63.872 | QLoss: 0.305001 | ParamLoss: -0.624143 | Epsilon: 0.0200 | Replay: 50000
2026-09-20 08:29:46,402 | INFO | Steps: 68608/150000 | Episodes: 134 | CurrentEpReward: 0.000 | RecentReward: 63.659 | QLoss: 0.290259 | ParamLoss: -0.634328 | Epsilon: 0.0200 | Replay: 50000
2026-09-20 08:30:17,015 | INFO | Steps: 69120/150000 | Episodes: 135 | CurrentEpReward: 0.000 | RecentReward: 64.138 | QLoss: 0.329540 | ParamLoss: -0.637104 | Epsilon: 0.0200 | Replay: 50000
2026-09-20 08:30:47,509 | INFO | Steps: 69632/150000 | Episodes: 136 | CurrentEpReward: 0.000 | RecentReward: 64.445 | QLoss: 0.368230 | ParamLoss: -0.640931 | Epsilon: 0.0200 | Replay: 50000
2026-09-20 08:31:18,279 | INFO | Steps: 70144/150000 | Episodes: 137 | CurrentEpReward: 0.000 | RecentReward: 64.313 | QLoss: 0.348747 | ParamLoss: -0.640003 | Epsilon: 0.0200 | Replay: 50000
2026-09-20 08:31:48,629 | INFO | Steps: 70656/150000 | Episodes: 138 | CurrentEpReward: 0.000 | RecentReward: 65.204 | QLoss: 0.307505 | ParamLoss: -0.648171 | Epsilon: 0.0200 | Replay: 50000
2026-09-20 08:32:18,985 | INFO | Steps: 71168/150000 | Episodes: 139 | CurrentEpReward: 0.000 | RecentReward: 63.754 | QLoss: 0.357623 | ParamLoss: -0.651588 | Epsilon: 0.0200 | Replay: 50000
2026-09-20 08:32:49,567 | INFO | Steps: 71680/150000 | Episodes: 140 | CurrentEpReward: 0.000 | RecentReward: 64.067 | QLoss: 0.390392 | ParamLoss: -0.662058 | Epsilon: 0.0200 | Replay: 50000
2026-09-20 08:33:19,763 | INFO | Steps: 72192/150000 | Episodes: 141 | CurrentEpReward: 0.000 | RecentReward: 65.079 | QLoss: 0.342900 | ParamLoss: -0.667363 | Epsilon: 0.0200 | Replay: 50000
2026-09-20 08:33:50,329 | INFO | Steps: 72704/150000 | Episodes: 142 | CurrentEpReward: 0.000 | RecentReward: 66.215 | QLoss: 0.377012 | ParamLoss: -0.677157 | Epsilon: 0.0200 | Replay: 50000
2026-09-20 08:34:20,717 | INFO | Steps: 73216/150000 | Episodes: 143 | CurrentEpReward: 0.000 | RecentReward: 66.819 | QLoss: 0.375354 | ParamLoss: -0.682087 | Epsilon: 0.0200 | Replay: 50000
2026-09-20 08:34:51,071 | INFO | Steps: 73728/150000 | Episodes: 144 | CurrentEpReward: 0.000 | RecentReward: 66.964 | QLoss: 0.317138 | ParamLoss: -0.688167 | Epsilon: 0.0200 | Replay: 50000
2026-09-20 08:35:21,165 | INFO | Steps: 74240/150000 | Episodes: 145 | CurrentEpReward: 0.000 | RecentReward: 66.654 | QLoss: 0.352853 | ParamLoss: -0.700999 | Epsilon: 0.0200 | Replay: 50000
2026-09-20 08:35:51,254 | INFO | Steps: 74752/150000 | Episodes: 146 | CurrentEpReward: 0.000 | RecentReward: 66.989 | QLoss: 0.345689 | ParamLoss: -0.707153 | Epsilon: 0.0200 | Replay: 50000
2026-09-20 08:36:21,582 | INFO | Steps: 75264/150000 | Episodes: 147 | CurrentEpReward: 0.000 | RecentReward: 67.025 | QLoss: 0.354267 | ParamLoss: -0.713446 | Epsilon: 0.0200 | Replay: 50000
2026-09-20 08:36:51,889 | INFO | Steps: 75776/150000 | Episodes: 148 | CurrentEpReward: 0.000 | RecentReward: 65.762 | QLoss: 0.357159 | ParamLoss: -0.716354 | Epsilon: 0.0200 | Replay: 50000
2026-09-20 08:37:22,050 | INFO | Steps: 76288/150000 | Episodes: 149 | CurrentEpReward: 0.000 | RecentReward: 67.019 | QLoss: 0.321394 | ParamLoss: -0.726579 | Epsilon: 0.0200 | Replay: 50000
2026-09-20 08:37:52,110 | INFO | Steps: 76800/150000 | Episodes: 150 | CurrentEpReward: 0.000 | RecentReward: 66.360 | QLoss: 0.378434 | ParamLoss: -0.726252 | Epsilon: 0.0200 | Replay: 50000
2026-09-20 08:38:22,298 | INFO | Steps: 77312/150000 | Episodes: 151 | CurrentEpReward: 0.000 | RecentReward: 65.359 | QLoss: 0.426179 | ParamLoss: -0.730296 | Epsilon: 0.0200 | Replay: 50000
2026-09-20 08:38:52,603 | INFO | Steps: 77824/150000 | Episodes: 152 | CurrentEpReward: 0.000 | RecentReward: 63.993 | QLoss: 0.407826 | ParamLoss: -0.743424 | Epsilon: 0.0200 | Replay: 50000
2026-09-20 08:39:22,826 | INFO | Steps: 78336/150000 | Episodes: 153 | CurrentEpReward: 0.000 | RecentReward: 63.661 | QLoss: 0.407922 | ParamLoss: -0.747746 | Epsilon: 0.0200 | Replay: 50000
2026-09-20 08:39:53,084 | INFO | Steps: 78848/150000 | Episodes: 154 | CurrentEpReward: 0.000 | RecentReward: 63.772 | QLoss: 0.376292 | ParamLoss: -0.754240 | Epsilon: 0.0200 | Replay: 50000
2026-09-20 08:40:23,665 | INFO | Steps: 79360/150000 | Episodes: 155 | CurrentEpReward: 0.000 | RecentReward: 63.897 | QLoss: 0.446097 | ParamLoss: -0.756971 | Epsilon: 0.0200 | Replay: 50000
2026-09-20 08:40:53,749 | INFO | Steps: 79872/150000 | Episodes: 156 | CurrentEpReward: 0.000 | RecentReward: 64.047 | QLoss: 0.464005 | ParamLoss: -0.764551 | Epsilon: 0.0200 | Replay: 50000
2026-09-20 08:41:24,368 | INFO | Steps: 80384/150000 | Episodes: 157 | CurrentEpReward: 0.000 | RecentReward: 64.223 | QLoss: 0.406216 | ParamLoss: -0.766553 | Epsilon: 0.0200 | Replay: 50000
2026-09-20 08:41:54,728 | INFO | Steps: 80896/150000 | Episodes: 158 | CurrentEpReward: 0.000 | RecentReward: 64.640 | QLoss: 0.487607 | ParamLoss: -0.776560 | Epsilon: 0.0200 | Replay: 50000
2026-09-20 08:42:24,869 | INFO | Steps: 81408/150000 | Episodes: 159 | CurrentEpReward: 0.000 | RecentReward: 64.323 | QLoss: 0.468593 | ParamLoss: -0.773717 | Epsilon: 0.0200 | Replay: 50000
2026-09-20 08:42:54,891 | INFO | Steps: 81920/150000 | Episodes: 160 | CurrentEpReward: 0.000 | RecentReward: 64.298 | QLoss: 0.412072 | ParamLoss: -0.781975 | Epsilon: 0.0200 | Replay: 50000
2026-09-20 08:43:24,955 | INFO | Steps: 82432/150000 | Episodes: 161 | CurrentEpReward: 0.000 | RecentReward: 64.118 | QLoss: 0.510072 | ParamLoss: -0.784844 | Epsilon: 0.0200 | Replay: 50000
2026-09-20 08:43:55,417 | INFO | Steps: 82944/150000 | Episodes: 162 | CurrentEpReward: 0.000 | RecentReward: 64.829 | QLoss: 0.456834 | ParamLoss: -0.789984 | Epsilon: 0.0200 | Replay: 50000
2026-09-20 08:44:25,754 | INFO | Steps: 83456/150000 | Episodes: 163 | CurrentEpReward: 0.000 | RecentReward: 64.342 | QLoss: 0.362744 | ParamLoss: -0.794273 | Epsilon: 0.0200 | Replay: 50000
2026-09-20 08:44:56,272 | INFO | Steps: 83968/150000 | Episodes: 164 | CurrentEpReward: 0.000 | RecentReward: 63.321 | QLoss: 0.397899 | ParamLoss: -0.797449 | Epsilon: 0.0200 | Replay: 50000
2026-09-20 08:45:26,379 | INFO | Steps: 84480/150000 | Episodes: 165 | CurrentEpReward: 0.000 | RecentReward: 62.096 | QLoss: 0.423391 | ParamLoss: -0.794056 | Epsilon: 0.0200 | Replay: 50000
2026-09-20 08:45:56,737 | INFO | Steps: 84992/150000 | Episodes: 166 | CurrentEpReward: 0.000 | RecentReward: 62.274 | QLoss: 0.468183 | ParamLoss: -0.801794 | Epsilon: 0.0200 | Replay: 50000
2026-09-20 08:46:26,955 | INFO | Steps: 85504/150000 | Episodes: 167 | CurrentEpReward: 0.000 | RecentReward: 61.128 | QLoss: 0.377724 | ParamLoss: -0.822575 | Epsilon: 0.0200 | Replay: 50000
2026-09-20 08:46:57,149 | INFO | Steps: 86016/150000 | Episodes: 168 | CurrentEpReward: 0.000 | RecentReward: 60.109 | QLoss: 0.496660 | ParamLoss: -0.822641 | Epsilon: 0.0200 | Replay: 50000
2026-09-20 08:47:27,504 | INFO | Steps: 86528/150000 | Episodes: 169 | CurrentEpReward: 0.000 | RecentReward: 60.221 | QLoss: 0.371628 | ParamLoss: -0.833749 | Epsilon: 0.0200 | Replay: 50000
2026-09-20 08:47:57,915 | INFO | Steps: 87040/150000 | Episodes: 170 | CurrentEpReward: 0.000 | RecentReward: 60.626 | QLoss: 0.383522 | ParamLoss: -0.835586 | Epsilon: 0.0200 | Replay: 50000
2026-09-20 08:48:28,221 | INFO | Steps: 87552/150000 | Episodes: 171 | CurrentEpReward: 0.000 | RecentReward: 61.847 | QLoss: 0.427751 | ParamLoss: -0.841065 | Epsilon: 0.0200 | Replay: 50000
2026-09-20 08:48:58,427 | INFO | Steps: 88064/150000 | Episodes: 172 | CurrentEpReward: 0.000 | RecentReward: 61.362 | QLoss: 0.445192 | ParamLoss: -0.839997 | Epsilon: 0.0200 | Replay: 50000
2026-09-20 08:49:28,841 | INFO | Steps: 88576/150000 | Episodes: 173 | CurrentEpReward: 0.000 | RecentReward: 61.708 | QLoss: 0.443356 | ParamLoss: -0.830911 | Epsilon: 0.0200 | Replay: 50000
2026-09-20 08:49:59,521 | INFO | Steps: 89088/150000 | Episodes: 174 | CurrentEpReward: 0.000 | RecentReward: 62.362 | QLoss: 0.495056 | ParamLoss: -0.847759 | Epsilon: 0.0200 | Replay: 50000
2026-09-20 08:50:29,626 | INFO | Steps: 89600/150000 | Episodes: 175 | CurrentEpReward: 0.000 | RecentReward: 62.901 | QLoss: 0.426000 | ParamLoss: -0.860168 | Epsilon: 0.0200 | Replay: 50000
2026-09-20 08:50:59,964 | INFO | Steps: 90112/150000 | Episodes: 176 | CurrentEpReward: 0.000 | RecentReward: 62.677 | QLoss: 0.450666 | ParamLoss: -0.868241 | Epsilon: 0.0200 | Replay: 50000
2026-09-20 08:51:30,415 | INFO | Steps: 90624/150000 | Episodes: 177 | CurrentEpReward: 0.000 | RecentReward: 63.286 | QLoss: 0.546075 | ParamLoss: -0.874759 | Epsilon: 0.0200 | Replay: 50000
2026-09-20 08:52:00,604 | INFO | Steps: 91136/150000 | Episodes: 178 | CurrentEpReward: 0.000 | RecentReward: 64.246 | QLoss: 0.517759 | ParamLoss: -0.880115 | Epsilon: 0.0200 | Replay: 50000
2026-09-20 08:52:30,665 | INFO | Steps: 91648/150000 | Episodes: 179 | CurrentEpReward: 0.000 | RecentReward: 63.971 | QLoss: 0.539257 | ParamLoss: -0.886255 | Epsilon: 0.0200 | Replay: 50000
2026-09-20 08:53:01,168 | INFO | Steps: 92160/150000 | Episodes: 180 | CurrentEpReward: 0.000 | RecentReward: 64.297 | QLoss: 0.533462 | ParamLoss: -0.887120 | Epsilon: 0.0200 | Replay: 50000
2026-09-20 08:53:31,433 | INFO | Steps: 92672/150000 | Episodes: 181 | CurrentEpReward: 0.000 | RecentReward: 63.760 | QLoss: 0.487993 | ParamLoss: -0.893282 | Epsilon: 0.0200 | Replay: 50000
2026-09-20 08:54:01,582 | INFO | Steps: 93184/150000 | Episodes: 182 | CurrentEpReward: 0.000 | RecentReward: 63.663 | QLoss: 0.396609 | ParamLoss: -0.890562 | Epsilon: 0.0200 | Replay: 50000
2026-09-20 08:54:31,806 | INFO | Steps: 93696/150000 | Episodes: 183 | CurrentEpReward: 0.000 | RecentReward: 63.222 | QLoss: 0.381448 | ParamLoss: -0.896869 | Epsilon: 0.0200 | Replay: 50000
2026-09-20 08:55:02,150 | INFO | Steps: 94208/150000 | Episodes: 184 | CurrentEpReward: 0.000 | RecentReward: 62.467 | QLoss: 0.486667 | ParamLoss: -0.899705 | Epsilon: 0.0200 | Replay: 50000
2026-09-20 08:55:32,398 | INFO | Steps: 94720/150000 | Episodes: 185 | CurrentEpReward: 0.000 | RecentReward: 62.433 | QLoss: 0.466048 | ParamLoss: -0.903362 | Epsilon: 0.0200 | Replay: 50000
2026-09-20 08:56:02,576 | INFO | Steps: 95232/150000 | Episodes: 186 | CurrentEpReward: 0.000 | RecentReward: 61.946 | QLoss: 0.438667 | ParamLoss: -0.907434 | Epsilon: 0.0200 | Replay: 50000
2026-09-20 08:56:32,825 | INFO | Steps: 95744/150000 | Episodes: 187 | CurrentEpReward: 0.000 | RecentReward: 61.433 | QLoss: 0.484691 | ParamLoss: -0.912631 | Epsilon: 0.0200 | Replay: 50000
2026-09-20 08:57:03,302 | INFO | Steps: 96256/150000 | Episodes: 188 | CurrentEpReward: 0.000 | RecentReward: 61.856 | QLoss: 0.450468 | ParamLoss: -0.916789 | Epsilon: 0.0200 | Replay: 50000
2026-09-20 08:57:33,437 | INFO | Steps: 96768/150000 | Episodes: 189 | CurrentEpReward: 0.000 | RecentReward: 61.544 | QLoss: 0.404321 | ParamLoss: -0.918247 | Epsilon: 0.0200 | Replay: 50000
2026-09-20 08:58:03,368 | INFO | Steps: 97280/150000 | Episodes: 190 | CurrentEpReward: 0.000 | RecentReward: 60.610 | QLoss: 0.444914 | ParamLoss: -0.924428 | Epsilon: 0.0200 | Replay: 50000
2026-09-20 08:58:33,826 | INFO | Steps: 97792/150000 | Episodes: 191 | CurrentEpReward: 0.000 | RecentReward: 60.153 | QLoss: 0.471042 | ParamLoss: -0.935907 | Epsilon: 0.0200 | Replay: 50000
2026-09-20 08:59:03,965 | INFO | Steps: 98304/150000 | Episodes: 192 | CurrentEpReward: 0.000 | RecentReward: 59.478 | QLoss: 0.474822 | ParamLoss: -0.935185 | Epsilon: 0.0200 | Replay: 50000
2026-09-20 08:59:34,458 | INFO | Steps: 98816/150000 | Episodes: 193 | CurrentEpReward: 0.000 | RecentReward: 60.218 | QLoss: 0.503271 | ParamLoss: -0.939668 | Epsilon: 0.0200 | Replay: 50000
2026-09-20 09:00:04,637 | INFO | Steps: 99328/150000 | Episodes: 194 | CurrentEpReward: 0.000 | RecentReward: 60.269 | QLoss: 0.439762 | ParamLoss: -0.936823 | Epsilon: 0.0200 | Replay: 50000
2026-09-20 09:00:35,284 | INFO | Steps: 99840/150000 | Episodes: 195 | CurrentEpReward: 0.000 | RecentReward: 60.857 | QLoss: 0.520816 | ParamLoss: -0.939699 | Epsilon: 0.0200 | Replay: 50000
2026-09-20 09:01:27,026 | INFO | 新的最佳模型 (reward): 67.317，保存至 /home/pjpjq/LEO_switch/results/multiseed_0907/seed44/u40/learned_baselines/pdqn/best_model.pt
2026-09-20 09:01:27,033 | INFO | 周期权重已保存: /home/pjpjq/LEO_switch/results/multiseed_0907/seed44/u40/learned_baselines/pdqn/checkpoint_100000.pt
2026-09-20 09:01:47,738 | INFO | Steps: 100352/150000 | Episodes: 196 | CurrentEpReward: 0.000 | RecentReward: 61.712 | QLoss: 0.476045 | ParamLoss: -0.949881 | Epsilon: 0.0200 | Replay: 50000
2026-09-20 09:02:17,684 | INFO | Steps: 100864/150000 | Episodes: 197 | CurrentEpReward: 0.000 | RecentReward: 61.283 | QLoss: 0.557562 | ParamLoss: -0.947438 | Epsilon: 0.0200 | Replay: 50000
2026-09-20 09:02:47,599 | INFO | Steps: 101376/150000 | Episodes: 198 | CurrentEpReward: 0.000 | RecentReward: 61.177 | QLoss: 0.436175 | ParamLoss: -0.961866 | Epsilon: 0.0200 | Replay: 50000
2026-09-20 09:03:17,412 | INFO | Steps: 101888/150000 | Episodes: 199 | CurrentEpReward: 0.000 | RecentReward: 60.549 | QLoss: 0.356816 | ParamLoss: -0.953583 | Epsilon: 0.0200 | Replay: 50000
2026-09-20 09:03:47,696 | INFO | Steps: 102400/150000 | Episodes: 200 | CurrentEpReward: 0.000 | RecentReward: 60.654 | QLoss: 0.555592 | ParamLoss: -0.957506 | Epsilon: 0.0200 | Replay: 50000
2026-09-20 09:04:17,663 | INFO | Steps: 102912/150000 | Episodes: 201 | CurrentEpReward: 0.000 | RecentReward: 60.658 | QLoss: 0.450468 | ParamLoss: -0.957423 | Epsilon: 0.0200 | Replay: 50000
2026-09-20 09:04:47,860 | INFO | Steps: 103424/150000 | Episodes: 202 | CurrentEpReward: 0.000 | RecentReward: 61.250 | QLoss: 0.428211 | ParamLoss: -0.966911 | Epsilon: 0.0200 | Replay: 50000
2026-09-20 09:05:18,133 | INFO | Steps: 103936/150000 | Episodes: 203 | CurrentEpReward: 0.000 | RecentReward: 61.140 | QLoss: 0.417134 | ParamLoss: -0.976041 | Epsilon: 0.0200 | Replay: 50000
2026-09-20 09:05:48,178 | INFO | Steps: 104448/150000 | Episodes: 204 | CurrentEpReward: 0.000 | RecentReward: 61.443 | QLoss: 0.489010 | ParamLoss: -0.976719 | Epsilon: 0.0200 | Replay: 50000
2026-09-20 09:06:18,609 | INFO | Steps: 104960/150000 | Episodes: 205 | CurrentEpReward: 0.000 | RecentReward: 61.482 | QLoss: 0.539643 | ParamLoss: -0.979763 | Epsilon: 0.0200 | Replay: 50000
2026-09-20 09:06:48,412 | INFO | Steps: 105472/150000 | Episodes: 206 | CurrentEpReward: 0.000 | RecentReward: 60.237 | QLoss: 0.494611 | ParamLoss: -0.977329 | Epsilon: 0.0200 | Replay: 50000
2026-09-20 09:07:18,581 | INFO | Steps: 105984/150000 | Episodes: 207 | CurrentEpReward: 0.000 | RecentReward: 61.496 | QLoss: 0.507239 | ParamLoss: -0.977680 | Epsilon: 0.0200 | Replay: 50000
2026-09-20 09:07:48,600 | INFO | Steps: 106496/150000 | Episodes: 208 | CurrentEpReward: 0.000 | RecentReward: 61.720 | QLoss: 0.385250 | ParamLoss: -0.995318 | Epsilon: 0.0200 | Replay: 50000
2026-09-20 09:08:18,502 | INFO | Steps: 107008/150000 | Episodes: 209 | CurrentEpReward: 0.000 | RecentReward: 62.738 | QLoss: 0.490768 | ParamLoss: -0.992047 | Epsilon: 0.0200 | Replay: 50000
2026-09-20 09:08:48,417 | INFO | Steps: 107520/150000 | Episodes: 210 | CurrentEpReward: 0.000 | RecentReward: 62.670 | QLoss: 0.536833 | ParamLoss: -0.996507 | Epsilon: 0.0200 | Replay: 50000
2026-09-20 09:09:18,593 | INFO | Steps: 108032/150000 | Episodes: 211 | CurrentEpReward: 0.000 | RecentReward: 63.162 | QLoss: 0.585058 | ParamLoss: -0.995342 | Epsilon: 0.0200 | Replay: 50000
2026-09-20 09:09:48,503 | INFO | Steps: 108544/150000 | Episodes: 212 | CurrentEpReward: 0.000 | RecentReward: 62.785 | QLoss: 0.516553 | ParamLoss: -1.003128 | Epsilon: 0.0200 | Replay: 50000
2026-09-20 09:10:18,770 | INFO | Steps: 109056/150000 | Episodes: 213 | CurrentEpReward: 0.000 | RecentReward: 63.039 | QLoss: 0.488815 | ParamLoss: -1.002267 | Epsilon: 0.0200 | Replay: 50000
2026-09-20 09:10:48,918 | INFO | Steps: 109568/150000 | Episodes: 214 | CurrentEpReward: 0.000 | RecentReward: 62.558 | QLoss: 0.513605 | ParamLoss: -0.998076 | Epsilon: 0.0200 | Replay: 50000
2026-09-20 09:11:18,995 | INFO | Steps: 110080/150000 | Episodes: 215 | CurrentEpReward: 0.000 | RecentReward: 61.776 | QLoss: 0.483382 | ParamLoss: -1.002384 | Epsilon: 0.0200 | Replay: 50000
2026-09-20 09:11:48,995 | INFO | Steps: 110592/150000 | Episodes: 216 | CurrentEpReward: 0.000 | RecentReward: 62.155 | QLoss: 0.392589 | ParamLoss: -0.997129 | Epsilon: 0.0200 | Replay: 50000
2026-09-20 09:12:19,069 | INFO | Steps: 111104/150000 | Episodes: 217 | CurrentEpReward: 0.000 | RecentReward: 61.817 | QLoss: 0.405312 | ParamLoss: -1.002451 | Epsilon: 0.0200 | Replay: 50000
2026-09-20 09:12:49,209 | INFO | Steps: 111616/150000 | Episodes: 218 | CurrentEpReward: 0.000 | RecentReward: 61.256 | QLoss: 0.434080 | ParamLoss: -1.007979 | Epsilon: 0.0200 | Replay: 50000
2026-09-20 09:13:18,966 | INFO | Steps: 112128/150000 | Episodes: 219 | CurrentEpReward: 0.000 | RecentReward: 60.816 | QLoss: 0.416036 | ParamLoss: -1.009265 | Epsilon: 0.0200 | Replay: 50000
2026-09-20 09:13:49,027 | INFO | Steps: 112640/150000 | Episodes: 220 | CurrentEpReward: 0.000 | RecentReward: 60.697 | QLoss: 0.500871 | ParamLoss: -1.008706 | Epsilon: 0.0200 | Replay: 50000
2026-09-20 09:14:19,300 | INFO | Steps: 113152/150000 | Episodes: 221 | CurrentEpReward: 0.000 | RecentReward: 60.524 | QLoss: 0.493187 | ParamLoss: -1.016857 | Epsilon: 0.0200 | Replay: 50000
2026-09-20 09:14:49,376 | INFO | Steps: 113664/150000 | Episodes: 222 | CurrentEpReward: 0.000 | RecentReward: 60.460 | QLoss: 0.552453 | ParamLoss: -1.017072 | Epsilon: 0.0200 | Replay: 50000
2026-09-20 09:15:19,586 | INFO | Steps: 114176/150000 | Episodes: 223 | CurrentEpReward: 0.000 | RecentReward: 60.410 | QLoss: 0.474047 | ParamLoss: -1.015365 | Epsilon: 0.0200 | Replay: 50000
2026-09-20 09:15:50,017 | INFO | Steps: 114688/150000 | Episodes: 224 | CurrentEpReward: 0.000 | RecentReward: 61.834 | QLoss: 0.516092 | ParamLoss: -1.012593 | Epsilon: 0.0200 | Replay: 50000
2026-09-20 09:16:19,806 | INFO | Steps: 115200/150000 | Episodes: 225 | CurrentEpReward: 0.000 | RecentReward: 62.598 | QLoss: 0.442823 | ParamLoss: -1.011160 | Epsilon: 0.0200 | Replay: 50000
2026-09-20 09:16:49,860 | INFO | Steps: 115712/150000 | Episodes: 226 | CurrentEpReward: 0.000 | RecentReward: 63.279 | QLoss: 0.492610 | ParamLoss: -1.021965 | Epsilon: 0.0200 | Replay: 50000
2026-09-20 09:17:20,034 | INFO | Steps: 116224/150000 | Episodes: 227 | CurrentEpReward: 0.000 | RecentReward: 63.019 | QLoss: 0.427955 | ParamLoss: -1.023500 | Epsilon: 0.0200 | Replay: 50000
2026-09-20 09:17:50,078 | INFO | Steps: 116736/150000 | Episodes: 228 | CurrentEpReward: 0.000 | RecentReward: 63.319 | QLoss: 0.534979 | ParamLoss: -1.031079 | Epsilon: 0.0200 | Replay: 50000
2026-09-20 09:18:20,330 | INFO | Steps: 117248/150000 | Episodes: 229 | CurrentEpReward: 0.000 | RecentReward: 64.666 | QLoss: 0.521012 | ParamLoss: -1.039261 | Epsilon: 0.0200 | Replay: 50000
2026-09-20 09:18:50,474 | INFO | Steps: 117760/150000 | Episodes: 230 | CurrentEpReward: 0.000 | RecentReward: 64.564 | QLoss: 0.441922 | ParamLoss: -1.052697 | Epsilon: 0.0200 | Replay: 50000
2026-09-20 09:19:20,547 | INFO | Steps: 118272/150000 | Episodes: 231 | CurrentEpReward: 0.000 | RecentReward: 65.502 | QLoss: 0.465504 | ParamLoss: -1.051878 | Epsilon: 0.0200 | Replay: 50000
2026-09-20 09:19:50,253 | INFO | Steps: 118784/150000 | Episodes: 232 | CurrentEpReward: 0.000 | RecentReward: 65.526 | QLoss: 0.543820 | ParamLoss: -1.059181 | Epsilon: 0.0200 | Replay: 50000
2026-09-20 09:20:20,120 | INFO | Steps: 119296/150000 | Episodes: 233 | CurrentEpReward: 0.000 | RecentReward: 64.111 | QLoss: 0.481494 | ParamLoss: -1.060505 | Epsilon: 0.0200 | Replay: 50000
2026-09-20 09:20:48,486 | INFO | Steps: 119808/150000 | Episodes: 234 | CurrentEpReward: 0.000 | RecentReward: 64.523 | QLoss: 0.465781 | ParamLoss: -1.070679 | Epsilon: 0.0200 | Replay: 50000
2026-09-20 09:21:16,563 | INFO | Steps: 120320/150000 | Episodes: 235 | CurrentEpReward: 0.000 | RecentReward: 64.145 | QLoss: 0.553838 | ParamLoss: -1.065203 | Epsilon: 0.0200 | Replay: 50000
2026-09-20 09:21:46,879 | INFO | Steps: 120832/150000 | Episodes: 236 | CurrentEpReward: 0.000 | RecentReward: 64.509 | QLoss: 0.573266 | ParamLoss: -1.081022 | Epsilon: 0.0200 | Replay: 50000
2026-09-20 09:22:16,804 | INFO | Steps: 121344/150000 | Episodes: 237 | CurrentEpReward: 0.000 | RecentReward: 65.218 | QLoss: 0.494553 | ParamLoss: -1.078940 | Epsilon: 0.0200 | Replay: 50000
2026-09-20 09:22:47,255 | INFO | Steps: 121856/150000 | Episodes: 238 | CurrentEpReward: 0.000 | RecentReward: 65.848 | QLoss: 0.507266 | ParamLoss: -1.079388 | Epsilon: 0.0200 | Replay: 50000
2026-09-20 09:23:17,411 | INFO | Steps: 122368/150000 | Episodes: 239 | CurrentEpReward: 0.000 | RecentReward: 65.335 | QLoss: 0.560626 | ParamLoss: -1.081672 | Epsilon: 0.0200 | Replay: 50000
2026-09-20 09:23:47,536 | INFO | Steps: 122880/150000 | Episodes: 240 | CurrentEpReward: 0.000 | RecentReward: 65.738 | QLoss: 0.516222 | ParamLoss: -1.084772 | Epsilon: 0.0200 | Replay: 50000
2026-09-20 09:24:17,570 | INFO | Steps: 123392/150000 | Episodes: 241 | CurrentEpReward: 0.000 | RecentReward: 64.972 | QLoss: 0.491631 | ParamLoss: -1.085468 | Epsilon: 0.0200 | Replay: 50000
2026-09-20 09:24:47,405 | INFO | Steps: 123904/150000 | Episodes: 242 | CurrentEpReward: 0.000 | RecentReward: 66.061 | QLoss: 0.502709 | ParamLoss: -1.081330 | Epsilon: 0.0200 | Replay: 50000
2026-09-20 09:25:17,577 | INFO | Steps: 124416/150000 | Episodes: 243 | CurrentEpReward: 0.000 | RecentReward: 66.443 | QLoss: 0.477788 | ParamLoss: -1.084225 | Epsilon: 0.0200 | Replay: 50000
2026-09-20 09:25:47,788 | INFO | Steps: 124928/150000 | Episodes: 244 | CurrentEpReward: 0.000 | RecentReward: 65.610 | QLoss: 0.528697 | ParamLoss: -1.092645 | Epsilon: 0.0200 | Replay: 50000
2026-09-20 09:26:17,897 | INFO | Steps: 125440/150000 | Episodes: 245 | CurrentEpReward: 0.000 | RecentReward: 65.299 | QLoss: 0.563284 | ParamLoss: -1.095613 | Epsilon: 0.0200 | Replay: 50000
2026-09-20 09:26:47,894 | INFO | Steps: 125952/150000 | Episodes: 246 | CurrentEpReward: 0.000 | RecentReward: 65.171 | QLoss: 0.612134 | ParamLoss: -1.099783 | Epsilon: 0.0200 | Replay: 50000
2026-09-20 09:27:17,997 | INFO | Steps: 126464/150000 | Episodes: 247 | CurrentEpReward: 0.000 | RecentReward: 65.126 | QLoss: 0.422831 | ParamLoss: -1.100177 | Epsilon: 0.0200 | Replay: 50000
2026-09-20 09:27:47,703 | INFO | Steps: 126976/150000 | Episodes: 248 | CurrentEpReward: 0.000 | RecentReward: 64.427 | QLoss: 0.485367 | ParamLoss: -1.094323 | Epsilon: 0.0200 | Replay: 50000
2026-09-20 09:28:17,752 | INFO | Steps: 127488/150000 | Episodes: 249 | CurrentEpReward: 0.000 | RecentReward: 62.915 | QLoss: 0.543644 | ParamLoss: -1.080690 | Epsilon: 0.0200 | Replay: 50000
2026-09-20 09:28:47,858 | INFO | Steps: 128000/150000 | Episodes: 250 | CurrentEpReward: 0.000 | RecentReward: 63.119 | QLoss: 0.530732 | ParamLoss: -1.085226 | Epsilon: 0.0200 | Replay: 50000
2026-09-20 09:29:18,429 | INFO | Steps: 128512/150000 | Episodes: 251 | CurrentEpReward: 0.000 | RecentReward: 63.880 | QLoss: 0.549586 | ParamLoss: -1.095708 | Epsilon: 0.0200 | Replay: 50000
2026-09-20 09:29:48,490 | INFO | Steps: 129024/150000 | Episodes: 252 | CurrentEpReward: 0.000 | RecentReward: 63.610 | QLoss: 0.531713 | ParamLoss: -1.093963 | Epsilon: 0.0200 | Replay: 50000
2026-09-20 09:30:18,832 | INFO | Steps: 129536/150000 | Episodes: 253 | CurrentEpReward: 0.000 | RecentReward: 64.953 | QLoss: 0.503717 | ParamLoss: -1.089759 | Epsilon: 0.0200 | Replay: 50000
2026-09-20 09:30:48,778 | INFO | Steps: 130048/150000 | Episodes: 254 | CurrentEpReward: 0.000 | RecentReward: 64.664 | QLoss: 0.386697 | ParamLoss: -1.080088 | Epsilon: 0.0200 | Replay: 50000
2026-09-20 09:31:18,794 | INFO | Steps: 130560/150000 | Episodes: 255 | CurrentEpReward: 0.000 | RecentReward: 65.149 | QLoss: 0.481756 | ParamLoss: -1.091976 | Epsilon: 0.0200 | Replay: 50000
2026-09-20 09:31:48,947 | INFO | Steps: 131072/150000 | Episodes: 256 | CurrentEpReward: 0.000 | RecentReward: 66.030 | QLoss: 0.446572 | ParamLoss: -1.104932 | Epsilon: 0.0200 | Replay: 50000
2026-09-20 09:32:19,009 | INFO | Steps: 131584/150000 | Episodes: 257 | CurrentEpReward: 0.000 | RecentReward: 66.592 | QLoss: 0.515554 | ParamLoss: -1.103955 | Epsilon: 0.0200 | Replay: 50000
2026-09-20 09:32:49,111 | INFO | Steps: 132096/150000 | Episodes: 258 | CurrentEpReward: 0.000 | RecentReward: 66.490 | QLoss: 0.473697 | ParamLoss: -1.104334 | Epsilon: 0.0200 | Replay: 50000
2026-09-20 09:33:19,330 | INFO | Steps: 132608/150000 | Episodes: 259 | CurrentEpReward: 0.000 | RecentReward: 68.782 | QLoss: 0.640197 | ParamLoss: -1.105209 | Epsilon: 0.0200 | Replay: 50000
2026-09-20 09:33:49,334 | INFO | Steps: 133120/150000 | Episodes: 260 | CurrentEpReward: 0.000 | RecentReward: 69.925 | QLoss: 0.502166 | ParamLoss: -1.112076 | Epsilon: 0.0200 | Replay: 50000
2026-09-20 09:34:19,050 | INFO | Steps: 133632/150000 | Episodes: 261 | CurrentEpReward: 0.000 | RecentReward: 68.551 | QLoss: 0.564891 | ParamLoss: -1.111859 | Epsilon: 0.0200 | Replay: 50000
2026-09-20 09:34:48,908 | INFO | Steps: 134144/150000 | Episodes: 262 | CurrentEpReward: 0.000 | RecentReward: 68.056 | QLoss: 0.377574 | ParamLoss: -1.107614 | Epsilon: 0.0200 | Replay: 50000
2026-09-20 09:35:18,772 | INFO | Steps: 134656/150000 | Episodes: 263 | CurrentEpReward: 0.000 | RecentReward: 67.214 | QLoss: 0.497516 | ParamLoss: -1.099619 | Epsilon: 0.0200 | Replay: 50000
2026-09-20 09:35:48,860 | INFO | Steps: 135168/150000 | Episodes: 264 | CurrentEpReward: 0.000 | RecentReward: 67.072 | QLoss: 0.439668 | ParamLoss: -1.097878 | Epsilon: 0.0200 | Replay: 50000
2026-09-20 09:36:18,734 | INFO | Steps: 135680/150000 | Episodes: 265 | CurrentEpReward: 0.000 | RecentReward: 67.320 | QLoss: 0.602190 | ParamLoss: -1.105689 | Epsilon: 0.0200 | Replay: 50000
2026-09-20 09:36:48,746 | INFO | Steps: 136192/150000 | Episodes: 266 | CurrentEpReward: 0.000 | RecentReward: 66.083 | QLoss: 0.425079 | ParamLoss: -1.111655 | Epsilon: 0.0200 | Replay: 50000
2026-09-20 09:37:18,835 | INFO | Steps: 136704/150000 | Episodes: 267 | CurrentEpReward: 0.000 | RecentReward: 65.293 | QLoss: 0.671195 | ParamLoss: -1.110256 | Epsilon: 0.0200 | Replay: 50000
2026-09-20 09:37:49,224 | INFO | Steps: 137216/150000 | Episodes: 268 | CurrentEpReward: 0.000 | RecentReward: 65.934 | QLoss: 0.443112 | ParamLoss: -1.111568 | Epsilon: 0.0200 | Replay: 50000
2026-09-20 09:38:19,158 | INFO | Steps: 137728/150000 | Episodes: 269 | CurrentEpReward: 0.000 | RecentReward: 65.240 | QLoss: 0.509418 | ParamLoss: -1.116191 | Epsilon: 0.0200 | Replay: 50000
2026-09-20 09:38:49,175 | INFO | Steps: 138240/150000 | Episodes: 270 | CurrentEpReward: 0.000 | RecentReward: 65.110 | QLoss: 0.460939 | ParamLoss: -1.111849 | Epsilon: 0.0200 | Replay: 50000
2026-09-20 09:39:19,015 | INFO | Steps: 138752/150000 | Episodes: 271 | CurrentEpReward: 0.000 | RecentReward: 65.772 | QLoss: 0.535951 | ParamLoss: -1.109614 | Epsilon: 0.0200 | Replay: 50000
2026-09-20 09:39:49,022 | INFO | Steps: 139264/150000 | Episodes: 272 | CurrentEpReward: 0.000 | RecentReward: 65.962 | QLoss: 0.460836 | ParamLoss: -1.111786 | Epsilon: 0.0200 | Replay: 50000
2026-09-20 09:40:18,891 | INFO | Steps: 139776/150000 | Episodes: 273 | CurrentEpReward: 0.000 | RecentReward: 66.431 | QLoss: 0.421069 | ParamLoss: -1.116900 | Epsilon: 0.0200 | Replay: 50000
2026-09-20 09:40:48,798 | INFO | Steps: 140288/150000 | Episodes: 274 | CurrentEpReward: 0.000 | RecentReward: 66.638 | QLoss: 0.478499 | ParamLoss: -1.117727 | Epsilon: 0.0200 | Replay: 50000
2026-09-20 09:41:18,653 | INFO | Steps: 140800/150000 | Episodes: 275 | CurrentEpReward: 0.000 | RecentReward: 65.957 | QLoss: 0.494986 | ParamLoss: -1.119904 | Epsilon: 0.0200 | Replay: 50000
2026-09-20 09:41:48,644 | INFO | Steps: 141312/150000 | Episodes: 276 | CurrentEpReward: 0.000 | RecentReward: 65.604 | QLoss: 0.493364 | ParamLoss: -1.122934 | Epsilon: 0.0200 | Replay: 50000
2026-09-20 09:42:18,664 | INFO | Steps: 141824/150000 | Episodes: 277 | CurrentEpReward: 0.000 | RecentReward: 65.775 | QLoss: 0.545856 | ParamLoss: -1.125571 | Epsilon: 0.0200 | Replay: 50000
2026-09-20 09:42:48,395 | INFO | Steps: 142336/150000 | Episodes: 278 | CurrentEpReward: 0.000 | RecentReward: 64.864 | QLoss: 0.426558 | ParamLoss: -1.130604 | Epsilon: 0.0200 | Replay: 50000
2026-09-20 09:43:18,367 | INFO | Steps: 142848/150000 | Episodes: 279 | CurrentEpReward: 0.000 | RecentReward: 64.473 | QLoss: 0.538607 | ParamLoss: -1.137071 | Epsilon: 0.0200 | Replay: 50000
2026-09-20 09:43:48,175 | INFO | Steps: 143360/150000 | Episodes: 280 | CurrentEpReward: 0.000 | RecentReward: 62.825 | QLoss: 0.462056 | ParamLoss: -1.134504 | Epsilon: 0.0200 | Replay: 50000
2026-09-20 09:44:18,511 | INFO | Steps: 143872/150000 | Episodes: 281 | CurrentEpReward: 0.000 | RecentReward: 63.293 | QLoss: 0.509058 | ParamLoss: -1.146645 | Epsilon: 0.0200 | Replay: 50000
2026-09-20 09:44:48,692 | INFO | Steps: 144384/150000 | Episodes: 282 | CurrentEpReward: 0.000 | RecentReward: 64.201 | QLoss: 0.601292 | ParamLoss: -1.158016 | Epsilon: 0.0200 | Replay: 50000
2026-09-20 09:45:18,586 | INFO | Steps: 144896/150000 | Episodes: 283 | CurrentEpReward: 0.000 | RecentReward: 63.855 | QLoss: 0.492113 | ParamLoss: -1.166588 | Epsilon: 0.0200 | Replay: 50000
2026-09-20 09:45:48,589 | INFO | Steps: 145408/150000 | Episodes: 284 | CurrentEpReward: 0.000 | RecentReward: 63.632 | QLoss: 0.417880 | ParamLoss: -1.163559 | Epsilon: 0.0200 | Replay: 50000
2026-09-20 09:46:18,326 | INFO | Steps: 145920/150000 | Episodes: 285 | CurrentEpReward: 0.000 | RecentReward: 63.818 | QLoss: 0.458441 | ParamLoss: -1.162339 | Epsilon: 0.0200 | Replay: 50000
2026-09-20 09:46:48,108 | INFO | Steps: 146432/150000 | Episodes: 286 | CurrentEpReward: 0.000 | RecentReward: 63.639 | QLoss: 0.385700 | ParamLoss: -1.165779 | Epsilon: 0.0200 | Replay: 50000
2026-09-20 09:47:17,795 | INFO | Steps: 146944/150000 | Episodes: 287 | CurrentEpReward: 0.000 | RecentReward: 62.784 | QLoss: 0.502314 | ParamLoss: -1.154060 | Epsilon: 0.0200 | Replay: 50000
2026-09-20 09:47:47,927 | INFO | Steps: 147456/150000 | Episodes: 288 | CurrentEpReward: 0.000 | RecentReward: 62.647 | QLoss: 0.386147 | ParamLoss: -1.149434 | Epsilon: 0.0200 | Replay: 50000
2026-09-20 09:48:18,205 | INFO | Steps: 147968/150000 | Episodes: 289 | CurrentEpReward: 0.000 | RecentReward: 63.532 | QLoss: 0.595120 | ParamLoss: -1.158239 | Epsilon: 0.0200 | Replay: 50000
2026-09-20 09:48:48,116 | INFO | Steps: 148480/150000 | Episodes: 290 | CurrentEpReward: 0.000 | RecentReward: 64.350 | QLoss: 0.422963 | ParamLoss: -1.157249 | Epsilon: 0.0200 | Replay: 50000
2026-09-20 09:49:17,695 | INFO | Steps: 148992/150000 | Episodes: 291 | CurrentEpReward: 0.000 | RecentReward: 64.248 | QLoss: 0.458281 | ParamLoss: -1.151005 | Epsilon: 0.0200 | Replay: 50000
2026-09-20 09:49:47,541 | INFO | Steps: 149504/150000 | Episodes: 292 | CurrentEpReward: 0.000 | RecentReward: 63.277 | QLoss: 0.551754 | ParamLoss: -1.150995 | Epsilon: 0.0200 | Replay: 50000
2026-09-20 09:50:16,197 | INFO | Steps: 150000/150000 | Episodes: 292 | CurrentEpReward: 61.238 | RecentReward: 63.277 | QLoss: 0.559011 | ParamLoss: -1.154658 | Epsilon: 0.0200 | Replay: 50000
2026-09-20 09:50:57,667 | INFO | 新的最佳模型 (reward): 69.247，保存至 /home/pjpjq/LEO_switch/results/multiseed_0907/seed44/u40/learned_baselines/pdqn/best_model.pt
2026-09-20 09:50:57,676 | INFO | 周期权重已保存: /home/pjpjq/LEO_switch/results/multiseed_0907/seed44/u40/learned_baselines/pdqn/checkpoint_150000.pt
2026-09-20 09:50:57,704 | INFO | 最终权重已保存: /home/pjpjq/LEO_switch/results/multiseed_0907/seed44/u40/learned_baselines/pdqn/pdqn_model.pt
2026-09-20 09:51:40,597 | INFO | 训练与评估完成 | EvalReward: 69.247 ± 3.889
