2026-08-10 14:33:40,379 | INFO | ============================================================
2026-08-10 14:33:40,379 | INFO | 开始训练纯 MADDPG 基线
2026-08-10 14:33:40,379 | INFO | 用户数: 25 | 观测维度: 76 | handover维度: 11 | 总步数: 150000 | warmup: 1000 | batch: 128 | 日志间隔: 512 steps | device: cuda | actor_lr: 1.0e-04 | critic_lr: 3.0e-04 | tau: 0.005 | reward_scale: 1.00
2026-08-10 14:33:40,379 | INFO | ============================================================
2026-08-10 14:33:50,543 | INFO | Steps: 512/150000 | Episodes: 1 | LastEpReward: 14.398 | RecentReward: 14.398 | ActorLoss: 0.000000 | CriticLoss: 0.000000 | Q: 0.0000 | TargetQ: 0.0000 | TDAbs: 0.0000 | ActorGrad: 0.0000 | CriticGrad: 0.0000 | Noise: 0.3500 | Replay: 512 | FPS: 50.37 | ETA: 49.5 min
2026-08-10 14:34:02,402 | INFO | Steps: 1024/150000 | Episodes: 2 | LastEpReward: 0.430 | RecentReward: 7.414 | ActorLoss: 0.055719 | CriticLoss: 0.004133 | Q: -0.0571 | TargetQ: -0.0588 | TDAbs: 0.0709 | ActorGrad: 0.0015 | CriticGrad: 0.0608 | Noise: 0.3499 | Replay: 1024 | FPS: 46.50 | ETA: 53.4 min
2026-08-10 14:34:20,803 | INFO | Steps: 1536/150000 | Episodes: 3 | LastEpReward: -111.411 | RecentReward: -32.195 | ActorLoss: 0.086472 | CriticLoss: 0.000778 | Q: -0.1121 | TargetQ: -0.1118 | TDAbs: 0.0298 | ActorGrad: 0.0040 | CriticGrad: 0.0626 | Noise: 0.3485 | Replay: 1536 | FPS: 38.00 | ETA: 65.1 min
2026-08-10 14:34:38,852 | INFO | Steps: 2048/150000 | Episodes: 4 | LastEpReward: -86.984 | RecentReward: -45.892 | ActorLoss: 0.253773 | CriticLoss: 0.000911 | Q: -0.2738 | TargetQ: -0.2737 | TDAbs: 0.0317 | ActorGrad: 0.0001 | CriticGrad: 0.0767 | Noise: 0.3470 | Replay: 2048 | FPS: 35.02 | ETA: 70.4 min
2026-08-10 14:34:55,190 | INFO | Steps: 2560/150000 | Episodes: 5 | LastEpReward: -112.340 | RecentReward: -59.182 | ActorLoss: 0.548433 | CriticLoss: 0.001917 | Q: -0.5646 | TargetQ: -0.5645 | TDAbs: 0.0461 | ActorGrad: 0.0040 | CriticGrad: 0.1939 | Noise: 0.3455 | Replay: 2560 | FPS: 34.22 | ETA: 71.8 min
2026-08-10 14:35:10,861 | INFO | Steps: 3072/150000 | Episodes: 6 | LastEpReward: -123.059 | RecentReward: -69.828 | ActorLoss: 0.970895 | CriticLoss: 0.002130 | Q: -0.9880 | TargetQ: -0.9884 | TDAbs: 0.0466 | ActorGrad: 0.0054 | CriticGrad: 0.1923 | Noise: 0.3441 | Replay: 3072 | FPS: 33.95 | ETA: 72.1 min
2026-08-10 14:35:27,079 | INFO | Steps: 3584/150000 | Episodes: 7 | LastEpReward: -121.402 | RecentReward: -77.196 | ActorLoss: 1.348903 | CriticLoss: 0.003755 | Q: -1.3680 | TargetQ: -1.3682 | TDAbs: 0.0604 | ActorGrad: 0.0063 | CriticGrad: 0.3276 | Noise: 0.3426 | Replay: 3584 | FPS: 33.59 | ETA: 72.6 min
2026-08-10 14:35:44,537 | INFO | Steps: 4096/150000 | Episodes: 8 | LastEpReward: -19.426 | RecentReward: -69.974 | ActorLoss: 1.205038 | CriticLoss: 0.002848 | Q: -1.3388 | TargetQ: -1.3387 | TDAbs: 0.0546 | ActorGrad: 0.0144 | CriticGrad: 0.2471 | Noise: 0.3412 | Replay: 4096 | FPS: 32.99 | ETA: 73.7 min
2026-08-10 14:36:01,702 | INFO | Steps: 4608/150000 | Episodes: 9 | LastEpReward: 4.817 | RecentReward: -61.664 | ActorLoss: 1.061439 | CriticLoss: 0.003173 | Q: -1.1590 | TargetQ: -1.1586 | TDAbs: 0.0596 | ActorGrad: 0.0147 | CriticGrad: 0.3006 | Noise: 0.3397 | Replay: 4608 | FPS: 32.61 | ETA: 74.3 min
2026-08-10 14:36:18,806 | INFO | 开始周期评估: Steps=5120 | Episodes=10 | EvalEpisodes=5
2026-08-10 14:37:09,871 | INFO | 周期评估完成: Steps=5120 | MeanReward=24.566 | StdReward=6.163
2026-08-10 14:37:10,039 | INFO | Steps: 5120/150000 | Episodes: 10 | LastEpReward: 28.205 | RecentReward: -52.677 | ActorLoss: 0.920734 | CriticLoss: 0.005461 | Q: -1.0191 | TargetQ: -1.0178 | TDAbs: 0.0753 | ActorGrad: 0.0229 | CriticGrad: 0.4903 | Noise: 0.3382 | Replay: 5120 | FPS: 24.42 | ETA: 98.9 min
2026-08-10 14:37:27,032 | INFO | Steps: 5632/150000 | Episodes: 11 | LastEpReward: 25.039 | RecentReward: -51.613 | ActorLoss: 0.821404 | CriticLoss: 0.002824 | Q: -0.9153 | TargetQ: -0.9151 | TDAbs: 0.0553 | ActorGrad: 0.0192 | CriticGrad: 0.2449 | Noise: 0.3368 | Replay: 5632 | FPS: 24.85 | ETA: 96.8 min
2026-08-10 14:37:46,128 | INFO | Steps: 6144/150000 | Episodes: 12 | LastEpReward: 30.444 | RecentReward: -48.612 | ActorLoss: 0.639232 | CriticLoss: 0.003264 | Q: -0.7261 | TargetQ: -0.7260 | TDAbs: 0.0579 | ActorGrad: 0.0188 | CriticGrad: 0.2727 | Noise: 0.3353 | Replay: 6144 | FPS: 25.00 | ETA: 95.9 min
2026-08-10 14:38:04,228 | INFO | Steps: 6656/150000 | Episodes: 13 | LastEpReward: 26.081 | RecentReward: -34.863 | ActorLoss: 0.538815 | CriticLoss: 0.003457 | Q: -0.6235 | TargetQ: -0.6228 | TDAbs: 0.0588 | ActorGrad: 0.0209 | CriticGrad: 0.2949 | Noise: 0.3338 | Replay: 6656 | FPS: 25.23 | ETA: 94.7 min
2026-08-10 14:38:21,104 | INFO | Steps: 7168/150000 | Episodes: 14 | LastEpReward: 33.710 | RecentReward: -22.793 | ActorLoss: 0.355546 | CriticLoss: 0.004619 | Q: -0.4317 | TargetQ: -0.4312 | TDAbs: 0.0681 | ActorGrad: 0.0189 | CriticGrad: 0.3562 | Noise: 0.3324 | Replay: 7168 | FPS: 25.53 | ETA: 93.2 min
2026-08-10 14:38:37,688 | INFO | Steps: 7680/150000 | Episodes: 15 | LastEpReward: 24.055 | RecentReward: -9.154 | ActorLoss: 0.206726 | CriticLoss: 0.004490 | Q: -0.2825 | TargetQ: -0.2825 | TDAbs: 0.0657 | ActorGrad: 0.0171 | CriticGrad: 0.3447 | Noise: 0.3309 | Replay: 7680 | FPS: 25.83 | ETA: 91.8 min
2026-08-10 14:38:57,200 | INFO | Steps: 8192/150000 | Episodes: 16 | LastEpReward: 21.690 | RecentReward: 5.321 | ActorLoss: 0.086693 | CriticLoss: 0.005014 | Q: -0.1586 | TargetQ: -0.1587 | TDAbs: 0.0702 | ActorGrad: 0.0161 | CriticGrad: 0.3474 | Noise: 0.3295 | Replay: 8192 | FPS: 25.86 | ETA: 91.4 min
2026-08-10 14:39:14,569 | INFO | Steps: 8704/150000 | Episodes: 17 | LastEpReward: 28.706 | RecentReward: 20.332 | ActorLoss: -0.090809 | CriticLoss: 0.005507 | Q: 0.0214 | TargetQ: 0.0222 | TDAbs: 0.0727 | ActorGrad: 0.0148 | CriticGrad: 0.4141 | Noise: 0.3280 | Replay: 8704 | FPS: 26.05 | ETA: 90.4 min
2026-08-10 14:39:32,820 | INFO | Steps: 9216/150000 | Episodes: 18 | LastEpReward: 27.866 | RecentReward: 25.061 | ActorLoss: -0.151468 | CriticLoss: 0.006427 | Q: 0.0807 | TargetQ: 0.0814 | TDAbs: 0.0801 | ActorGrad: 0.0166 | CriticGrad: 0.4703 | Noise: 0.3265 | Replay: 9216 | FPS: 26.15 | ETA: 89.7 min
2026-08-10 14:39:51,853 | INFO | Steps: 9728/150000 | Episodes: 19 | LastEpReward: 29.073 | RecentReward: 27.487 | ActorLoss: -0.308044 | CriticLoss: 0.009556 | Q: 0.2466 | TargetQ: 0.2481 | TDAbs: 0.0899 | ActorGrad: 0.0176 | CriticGrad: 0.6708 | Noise: 0.3251 | Replay: 9728 | FPS: 26.19 | ETA: 89.3 min
2026-08-10 14:40:09,222 | INFO | 开始周期评估: Steps=10240 | Episodes=20 | EvalEpisodes=5
2026-08-10 14:41:02,030 | INFO | 周期评估完成: Steps=10240 | MeanReward=32.117 | StdReward=2.293
2026-08-10 14:41:02,153 | INFO | Steps: 10240/150000 | Episodes: 20 | LastEpReward: 36.866 | RecentReward: 28.353 | ActorLoss: -0.438502 | CriticLoss: 0.007041 | Q: 0.3799 | TargetQ: 0.3798 | TDAbs: 0.0804 | ActorGrad: 0.0173 | CriticGrad: 0.4856 | Noise: 0.3236 | Replay: 10240 | FPS: 23.18 | ETA: 100.5 min
2026-08-10 14:41:20,309 | INFO | Steps: 10752/150000 | Episodes: 21 | LastEpReward: 28.231 | RecentReward: 28.672 | ActorLoss: -0.535015 | CriticLoss: 0.008332 | Q: 0.4804 | TargetQ: 0.4810 | TDAbs: 0.0882 | ActorGrad: 0.0173 | CriticGrad: 0.5006 | Noise: 0.3221 | Replay: 10752 | FPS: 23.38 | ETA: 99.3 min
2026-08-10 14:41:37,760 | INFO | Steps: 11264/150000 | Episodes: 22 | LastEpReward: 37.806 | RecentReward: 29.408 | ActorLoss: -0.637005 | CriticLoss: 0.007852 | Q: 0.5832 | TargetQ: 0.5838 | TDAbs: 0.0855 | ActorGrad: 0.0132 | CriticGrad: 0.5574 | Noise: 0.3207 | Replay: 11264 | FPS: 23.60 | ETA: 98.0 min
2026-08-10 14:41:55,640 | INFO | Steps: 11776/150000 | Episodes: 23 | LastEpReward: 33.086 | RecentReward: 30.109 | ActorLoss: -0.752066 | CriticLoss: 0.010299 | Q: 0.6963 | TargetQ: 0.6970 | TDAbs: 0.0927 | ActorGrad: 0.0168 | CriticGrad: 0.6435 | Noise: 0.3192 | Replay: 11776 | FPS: 23.78 | ETA: 96.9 min
2026-08-10 14:42:14,625 | INFO | Steps: 12288/150000 | Episodes: 24 | LastEpReward: 37.178 | RecentReward: 30.456 | ActorLoss: -0.904309 | CriticLoss: 0.009099 | Q: 0.8436 | TargetQ: 0.8444 | TDAbs: 0.0915 | ActorGrad: 0.0151 | CriticGrad: 0.6013 | Noise: 0.3177 | Replay: 12288 | FPS: 23.90 | ETA: 96.1 min
2026-08-10 14:42:32,468 | INFO | Steps: 12800/150000 | Episodes: 25 | LastEpReward: 40.136 | RecentReward: 32.064 | ActorLoss: -1.067287 | CriticLoss: 0.009381 | Q: 1.0039 | TargetQ: 1.0035 | TDAbs: 0.0903 | ActorGrad: 0.0130 | CriticGrad: 0.5511 | Noise: 0.3163 | Replay: 12800 | FPS: 24.06 | ETA: 95.1 min
2026-08-10 14:42:50,142 | INFO | Steps: 13312/150000 | Episodes: 26 | LastEpReward: 31.472 | RecentReward: 33.042 | ActorLoss: -1.187280 | CriticLoss: 0.009226 | Q: 1.1200 | TargetQ: 1.1206 | TDAbs: 0.0965 | ActorGrad: 0.0151 | CriticGrad: 0.6093 | Noise: 0.3148 | Replay: 13312 | FPS: 24.21 | ETA: 94.1 min
2026-08-10 14:43:09,093 | INFO | Steps: 13824/150000 | Episodes: 27 | LastEpReward: 35.109 | RecentReward: 33.682 | ActorLoss: -1.359504 | CriticLoss: 0.010568 | Q: 1.2914 | TargetQ: 1.2913 | TDAbs: 0.0949 | ActorGrad: 0.0145 | CriticGrad: 0.6212 | Noise: 0.3134 | Replay: 13824 | FPS: 24.31 | ETA: 93.4 min
2026-08-10 14:43:26,775 | INFO | Steps: 14336/150000 | Episodes: 28 | LastEpReward: 38.032 | RecentReward: 34.699 | ActorLoss: -1.496686 | CriticLoss: 0.012061 | Q: 1.4275 | TargetQ: 1.4281 | TDAbs: 0.1049 | ActorGrad: 0.0288 | CriticGrad: 0.6674 | Noise: 0.3119 | Replay: 14336 | FPS: 24.45 | ETA: 92.5 min
2026-08-10 14:43:44,140 | INFO | Steps: 14848/150000 | Episodes: 29 | LastEpReward: 26.775 | RecentReward: 34.469 | ActorLoss: -1.616623 | CriticLoss: 0.010816 | Q: 1.5486 | TargetQ: 1.5487 | TDAbs: 0.1028 | ActorGrad: 0.0298 | CriticGrad: 0.6237 | Noise: 0.3104 | Replay: 14848 | FPS: 24.59 | ETA: 91.6 min
2026-08-10 14:44:01,736 | INFO | 开始周期评估: Steps=15360 | Episodes=30 | EvalEpisodes=5
2026-08-10 14:44:55,913 | INFO | 周期评估完成: Steps=15360 | MeanReward=37.943 | StdReward=6.288
2026-08-10 14:44:56,066 | INFO | Steps: 15360/150000 | Episodes: 30 | LastEpReward: 19.082 | RecentReward: 32.691 | ActorLoss: -1.780088 | CriticLoss: 0.012186 | Q: 1.7166 | TargetQ: 1.7159 | TDAbs: 0.1063 | ActorGrad: 0.0275 | CriticGrad: 0.7062 | Noise: 0.3090 | Replay: 15360 | FPS: 22.73 | ETA: 98.7 min
2026-08-10 14:45:14,458 | INFO | Steps: 15872/150000 | Episodes: 31 | LastEpReward: 40.979 | RecentReward: 33.966 | ActorLoss: -1.906475 | CriticLoss: 0.011227 | Q: 1.8407 | TargetQ: 1.8405 | TDAbs: 0.1012 | ActorGrad: 0.0287 | CriticGrad: 0.5931 | Noise: 0.3075 | Replay: 15872 | FPS: 22.87 | ETA: 97.8 min
2026-08-10 14:45:31,728 | INFO | Steps: 16384/150000 | Episodes: 32 | LastEpReward: 25.005 | RecentReward: 32.686 | ActorLoss: -2.048997 | CriticLoss: 0.011719 | Q: 1.9808 | TargetQ: 1.9814 | TDAbs: 0.1079 | ActorGrad: 0.0267 | CriticGrad: 0.6113 | Noise: 0.3060 | Replay: 16384 | FPS: 23.03 | ETA: 96.7 min
2026-08-10 14:45:49,981 | INFO | Steps: 16896/150000 | Episodes: 33 | LastEpReward: 20.554 | RecentReward: 31.432 | ActorLoss: -2.188101 | CriticLoss: 0.010063 | Q: 2.1196 | TargetQ: 2.1193 | TDAbs: 0.1027 | ActorGrad: 0.0269 | CriticGrad: 0.4887 | Noise: 0.3046 | Replay: 16896 | FPS: 23.16 | ETA: 95.8 min
2026-08-10 14:46:07,756 | INFO | Steps: 17408/150000 | Episodes: 34 | LastEpReward: 31.081 | RecentReward: 30.823 | ActorLoss: -2.324714 | CriticLoss: 0.011036 | Q: 2.2628 | TargetQ: 2.2633 | TDAbs: 0.1078 | ActorGrad: 0.0261 | CriticGrad: 0.5615 | Noise: 0.3031 | Replay: 17408 | FPS: 23.29 | ETA: 94.9 min
2026-08-10 14:46:28,060 | INFO | Steps: 17920/150000 | Episodes: 35 | LastEpReward: 31.940 | RecentReward: 30.003 | ActorLoss: -2.415203 | CriticLoss: 0.013389 | Q: 2.3540 | TargetQ: 2.3529 | TDAbs: 0.1129 | ActorGrad: 0.0283 | CriticGrad: 0.6030 | Noise: 0.3017 | Replay: 17920 | FPS: 23.34 | ETA: 94.3 min
2026-08-10 14:46:46,275 | INFO | Steps: 18432/150000 | Episodes: 36 | LastEpReward: 37.948 | RecentReward: 30.651 | ActorLoss: -2.578141 | CriticLoss: 0.011312 | Q: 2.5201 | TargetQ: 2.5204 | TDAbs: 0.1089 | ActorGrad: 0.0293 | CriticGrad: 0.5096 | Noise: 0.3002 | Replay: 18432 | FPS: 23.45 | ETA: 93.5 min
2026-08-10 14:47:04,434 | INFO | Steps: 18944/150000 | Episodes: 37 | LastEpReward: 24.807 | RecentReward: 29.620 | ActorLoss: -2.660101 | CriticLoss: 0.013088 | Q: 2.6060 | TargetQ: 2.6061 | TDAbs: 0.1157 | ActorGrad: 0.0274 | CriticGrad: 0.6287 | Noise: 0.2987 | Replay: 18944 | FPS: 23.56 | ETA: 92.7 min
2026-08-10 14:47:23,659 | INFO | Steps: 19456/150000 | Episodes: 38 | LastEpReward: 38.201 | RecentReward: 29.637 | ActorLoss: -2.751350 | CriticLoss: 0.013258 | Q: 2.6992 | TargetQ: 2.6978 | TDAbs: 0.1169 | ActorGrad: 0.0288 | CriticGrad: 0.6607 | Noise: 0.2973 | Replay: 19456 | FPS: 23.63 | ETA: 92.1 min
2026-08-10 14:47:43,926 | INFO | Steps: 19968/150000 | Episodes: 39 | LastEpReward: 31.257 | RecentReward: 30.085 | ActorLoss: -2.830939 | CriticLoss: 0.013562 | Q: 2.7825 | TargetQ: 2.7818 | TDAbs: 0.1198 | ActorGrad: 0.0292 | CriticGrad: 0.5979 | Noise: 0.2958 | Replay: 19968 | FPS: 23.67 | ETA: 91.6 min
2026-08-10 14:48:03,759 | INFO | 开始周期评估: Steps=20480 | Episodes=40 | EvalEpisodes=5
2026-08-10 14:48:56,285 | INFO | 周期评估完成: Steps=20480 | MeanReward=39.156 | StdReward=5.791
2026-08-10 14:48:56,425 | INFO | Steps: 20480/150000 | Episodes: 40 | LastEpReward: 30.773 | RecentReward: 31.255 | ActorLoss: -2.956751 | CriticLoss: 0.013454 | Q: 2.9085 | TargetQ: 2.9083 | TDAbs: 0.1207 | ActorGrad: 0.0309 | CriticGrad: 0.5830 | Noise: 0.2943 | Replay: 20480 | FPS: 22.36 | ETA: 96.6 min
2026-08-10 14:49:15,217 | INFO | Steps: 20992/150000 | Episodes: 41 | LastEpReward: 27.245 | RecentReward: 29.881 | ActorLoss: -3.068836 | CriticLoss: 0.012728 | Q: 3.0188 | TargetQ: 3.0176 | TDAbs: 0.1183 | ActorGrad: 0.0357 | CriticGrad: 0.6654 | Noise: 0.2929 | Replay: 20992 | FPS: 22.46 | ETA: 95.8 min
2026-08-10 14:49:33,028 | INFO | Steps: 21504/150000 | Episodes: 42 | LastEpReward: 40.932 | RecentReward: 31.474 | ActorLoss: -3.146140 | CriticLoss: 0.014892 | Q: 3.0949 | TargetQ: 3.0951 | TDAbs: 0.1240 | ActorGrad: 0.0350 | CriticGrad: 0.5332 | Noise: 0.2914 | Replay: 21504 | FPS: 22.57 | ETA: 94.9 min
2026-08-10 14:49:50,988 | INFO | Steps: 22016/150000 | Episodes: 43 | LastEpReward: 33.622 | RecentReward: 32.781 | ActorLoss: -3.219551 | CriticLoss: 0.016291 | Q: 3.1740 | TargetQ: 3.1734 | TDAbs: 0.1298 | ActorGrad: 0.0310 | CriticGrad: 0.6219 | Noise: 0.2900 | Replay: 22016 | FPS: 22.68 | ETA: 94.0 min
2026-08-10 14:50:10,084 | INFO | Steps: 22528/150000 | Episodes: 44 | LastEpReward: 33.914 | RecentReward: 33.064 | ActorLoss: -3.311729 | CriticLoss: 0.015263 | Q: 3.2663 | TargetQ: 3.2658 | TDAbs: 0.1294 | ActorGrad: 0.0319 | CriticGrad: 0.6627 | Noise: 0.2885 | Replay: 22528 | FPS: 22.76 | ETA: 93.3 min
2026-08-10 14:50:28,212 | INFO | Steps: 23040/150000 | Episodes: 45 | LastEpReward: 48.012 | RecentReward: 34.671 | ActorLoss: -3.350249 | CriticLoss: 0.016916 | Q: 3.3082 | TargetQ: 3.3082 | TDAbs: 0.1347 | ActorGrad: 0.0319 | CriticGrad: 0.6041 | Noise: 0.2870 | Replay: 23040 | FPS: 22.86 | ETA: 92.6 min
2026-08-10 14:50:45,403 | INFO | Steps: 23552/150000 | Episodes: 46 | LastEpReward: 19.984 | RecentReward: 32.875 | ActorLoss: -3.464747 | CriticLoss: 0.019960 | Q: 3.4080 | TargetQ: 3.4066 | TDAbs: 0.1483 | ActorGrad: 0.0393 | CriticGrad: 0.9047 | Noise: 0.2856 | Replay: 23552 | FPS: 22.98 | ETA: 91.7 min
2026-08-10 14:51:05,022 | INFO | Steps: 24064/150000 | Episodes: 47 | LastEpReward: 3.128 | RecentReward: 30.707 | ActorLoss: -3.457936 | CriticLoss: 0.019735 | Q: 3.4206 | TargetQ: 3.4192 | TDAbs: 0.1491 | ActorGrad: 0.0417 | CriticGrad: 0.8193 | Noise: 0.2841 | Replay: 24064 | FPS: 23.04 | ETA: 91.1 min
2026-08-10 14:51:23,901 | INFO | Steps: 24576/150000 | Episodes: 48 | LastEpReward: 30.442 | RecentReward: 29.931 | ActorLoss: -3.594331 | CriticLoss: 0.018305 | Q: 3.5480 | TargetQ: 3.5486 | TDAbs: 0.1428 | ActorGrad: 0.0756 | CriticGrad: 0.6454 | Noise: 0.2826 | Replay: 24576 | FPS: 23.11 | ETA: 90.5 min
2026-08-10 14:51:43,108 | INFO | Steps: 25088/150000 | Episodes: 49 | LastEpReward: 29.946 | RecentReward: 29.800 | ActorLoss: -3.699796 | CriticLoss: 0.018109 | Q: 3.6518 | TargetQ: 3.6523 | TDAbs: 0.1406 | ActorGrad: 0.0631 | CriticGrad: 0.6429 | Noise: 0.2812 | Replay: 25088 | FPS: 23.17 | ETA: 89.8 min
2026-08-10 14:51:59,820 | INFO | 开始周期评估: Steps=25600 | Episodes=50 | EvalEpisodes=5
2026-08-10 14:52:50,744 | INFO | 周期评估完成: Steps=25600 | MeanReward=33.587 | StdReward=6.136
2026-08-10 14:52:50,771 | INFO | Steps: 25600/150000 | Episodes: 50 | LastEpReward: 18.373 | RecentReward: 28.560 | ActorLoss: -3.725383 | CriticLoss: 0.018422 | Q: 3.6773 | TargetQ: 3.6782 | TDAbs: 0.1416 | ActorGrad: 0.0682 | CriticGrad: 0.7040 | Noise: 0.2797 | Replay: 25600 | FPS: 22.25 | ETA: 93.2 min
2026-08-10 14:53:07,689 | INFO | Steps: 26112/150000 | Episodes: 51 | LastEpReward: 18.724 | RecentReward: 27.708 | ActorLoss: -3.799308 | CriticLoss: 0.017716 | Q: 3.7527 | TargetQ: 3.7535 | TDAbs: 0.1404 | ActorGrad: 0.0688 | CriticGrad: 0.6524 | Noise: 0.2783 | Replay: 26112 | FPS: 22.37 | ETA: 92.3 min
2026-08-10 14:53:24,480 | INFO | Steps: 26624/150000 | Episodes: 52 | LastEpReward: 30.005 | RecentReward: 26.615 | ActorLoss: -3.848769 | CriticLoss: 0.020516 | Q: 3.8053 | TargetQ: 3.8059 | TDAbs: 0.1496 | ActorGrad: 0.0598 | CriticGrad: 0.7633 | Noise: 0.2768 | Replay: 26624 | FPS: 22.48 | ETA: 91.5 min
2026-08-10 14:53:43,055 | INFO | Steps: 27136/150000 | Episodes: 53 | LastEpReward: 39.288 | RecentReward: 27.182 | ActorLoss: -3.884755 | CriticLoss: 0.018929 | Q: 3.8410 | TargetQ: 3.8407 | TDAbs: 0.1455 | ActorGrad: 0.0614 | CriticGrad: 0.8458 | Noise: 0.2753 | Replay: 27136 | FPS: 22.56 | ETA: 90.8 min
2026-08-10 14:54:01,658 | INFO | Steps: 27648/150000 | Episodes: 54 | LastEpReward: 27.425 | RecentReward: 26.533 | ActorLoss: -3.914562 | CriticLoss: 0.021383 | Q: 3.8703 | TargetQ: 3.8696 | TDAbs: 0.1533 | ActorGrad: 0.0569 | CriticGrad: 0.9148 | Noise: 0.2739 | Replay: 27648 | FPS: 22.64 | ETA: 90.1 min
2026-08-10 14:54:20,520 | INFO | Steps: 28160/150000 | Episodes: 55 | LastEpReward: 36.421 | RecentReward: 25.374 | ActorLoss: -4.051152 | CriticLoss: 0.021520 | Q: 4.0080 | TargetQ: 4.0078 | TDAbs: 0.1529 | ActorGrad: 0.0604 | CriticGrad: 0.8839 | Noise: 0.2724 | Replay: 28160 | FPS: 22.71 | ETA: 89.4 min
2026-08-10 14:54:39,151 | INFO | Steps: 28672/150000 | Episodes: 56 | LastEpReward: 25.803 | RecentReward: 25.956 | ActorLoss: -4.133828 | CriticLoss: 0.019327 | Q: 4.0926 | TargetQ: 4.0923 | TDAbs: 0.1476 | ActorGrad: 0.0699 | CriticGrad: 0.7453 | Noise: 0.2709 | Replay: 28672 | FPS: 22.78 | ETA: 88.8 min
2026-08-10 14:54:57,061 | INFO | Steps: 29184/150000 | Episodes: 57 | LastEpReward: 33.771 | RecentReward: 29.020 | ActorLoss: -4.146782 | CriticLoss: 0.020484 | Q: 4.1063 | TargetQ: 4.1054 | TDAbs: 0.1495 | ActorGrad: 0.0565 | CriticGrad: 0.7196 | Noise: 0.2695 | Replay: 29184 | FPS: 22.86 | ETA: 88.1 min
2026-08-10 14:55:15,291 | INFO | Steps: 29696/150000 | Episodes: 58 | LastEpReward: 47.502 | RecentReward: 30.726 | ActorLoss: -4.166937 | CriticLoss: 0.022256 | Q: 4.1248 | TargetQ: 4.1253 | TDAbs: 0.1549 | ActorGrad: 0.0592 | CriticGrad: 0.7782 | Noise: 0.2680 | Replay: 29696 | FPS: 22.93 | ETA: 87.4 min
2026-08-10 14:55:33,965 | INFO | Steps: 30208/150000 | Episodes: 59 | LastEpReward: 22.335 | RecentReward: 29.965 | ActorLoss: -4.226910 | CriticLoss: 0.021554 | Q: 4.1870 | TargetQ: 4.1862 | TDAbs: 0.1547 | ActorGrad: 0.0631 | CriticGrad: 0.8688 | Noise: 0.2665 | Replay: 30208 | FPS: 23.00 | ETA: 86.8 min
2026-08-10 14:55:53,048 | INFO | 开始周期评估: Steps=30720 | Episodes=60 | EvalEpisodes=5
2026-08-10 14:56:46,657 | INFO | 周期评估完成: Steps=30720 | MeanReward=37.025 | StdReward=5.599
2026-08-10 14:56:46,679 | INFO | Steps: 30720/150000 | Episodes: 60 | LastEpReward: 28.439 | RecentReward: 30.971 | ActorLoss: -4.318940 | CriticLoss: 0.023638 | Q: 4.2781 | TargetQ: 4.2788 | TDAbs: 0.1597 | ActorGrad: 0.0637 | CriticGrad: 0.8450 | Noise: 0.2651 | Replay: 30720 | FPS: 22.16 | ETA: 89.7 min
2026-08-10 14:57:06,231 | INFO | Steps: 31232/150000 | Episodes: 61 | LastEpReward: 53.516 | RecentReward: 34.450 | ActorLoss: -4.405672 | CriticLoss: 0.023220 | Q: 4.3620 | TargetQ: 4.3614 | TDAbs: 0.1589 | ActorGrad: 0.0540 | CriticGrad: 0.9509 | Noise: 0.2636 | Replay: 31232 | FPS: 22.22 | ETA: 89.1 min
2026-08-10 14:57:26,054 | INFO | Steps: 31744/150000 | Episodes: 62 | LastEpReward: 32.782 | RecentReward: 34.728 | ActorLoss: -4.463258 | CriticLoss: 0.022744 | Q: 4.4223 | TargetQ: 4.4187 | TDAbs: 0.1572 | ActorGrad: 0.0584 | CriticGrad: 0.8169 | Noise: 0.2622 | Replay: 31744 | FPS: 22.27 | ETA: 88.5 min
2026-08-10 14:57:45,771 | INFO | Steps: 32256/150000 | Episodes: 63 | LastEpReward: 34.358 | RecentReward: 34.235 | ActorLoss: -4.534278 | CriticLoss: 0.024417 | Q: 4.4923 | TargetQ: 4.4915 | TDAbs: 0.1643 | ActorGrad: 0.0670 | CriticGrad: 0.9960 | Noise: 0.2607 | Replay: 32256 | FPS: 22.32 | ETA: 87.9 min
2026-08-10 14:58:04,801 | INFO | Steps: 32768/150000 | Episodes: 64 | LastEpReward: 28.622 | RecentReward: 34.355 | ActorLoss: -4.567773 | CriticLoss: 0.024926 | Q: 4.5244 | TargetQ: 4.5228 | TDAbs: 0.1657 | ActorGrad: 0.0588 | CriticGrad: 0.9028 | Noise: 0.2592 | Replay: 32768 | FPS: 22.38 | ETA: 87.3 min
2026-08-10 14:58:24,084 | INFO | Steps: 33280/150000 | Episodes: 65 | LastEpReward: 33.592 | RecentReward: 34.072 | ActorLoss: -4.622572 | CriticLoss: 0.024525 | Q: 4.5789 | TargetQ: 4.5780 | TDAbs: 0.1649 | ActorGrad: 0.0622 | CriticGrad: 1.0283 | Noise: 0.2578 | Replay: 33280 | FPS: 22.43 | ETA: 86.7 min
2026-08-10 14:58:42,456 | INFO | Steps: 33792/150000 | Episodes: 66 | LastEpReward: 23.322 | RecentReward: 33.824 | ActorLoss: -4.667180 | CriticLoss: 0.025997 | Q: 4.6270 | TargetQ: 4.6255 | TDAbs: 0.1692 | ActorGrad: 0.0692 | CriticGrad: 0.9822 | Noise: 0.2563 | Replay: 33792 | FPS: 22.50 | ETA: 86.1 min
2026-08-10 14:59:03,072 | INFO | Steps: 34304/150000 | Episodes: 67 | LastEpReward: 34.036 | RecentReward: 33.850 | ActorLoss: -4.745333 | CriticLoss: 0.025992 | Q: 4.7015 | TargetQ: 4.7013 | TDAbs: 0.1695 | ActorGrad: 0.0659 | CriticGrad: 1.0776 | Noise: 0.2548 | Replay: 34304 | FPS: 22.53 | ETA: 85.6 min
2026-08-10 14:59:20,292 | INFO | Steps: 34816/150000 | Episodes: 68 | LastEpReward: 39.260 | RecentReward: 33.026 | ActorLoss: -4.824994 | CriticLoss: 0.025654 | Q: 4.7845 | TargetQ: 4.7849 | TDAbs: 0.1688 | ActorGrad: 0.0666 | CriticGrad: 0.8791 | Noise: 0.2534 | Replay: 34816 | FPS: 22.61 | ETA: 84.9 min
2026-08-10 14:59:38,087 | INFO | Steps: 35328/150000 | Episodes: 69 | LastEpReward: 19.946 | RecentReward: 32.787 | ActorLoss: -4.857850 | CriticLoss: 0.027754 | Q: 4.8208 | TargetQ: 4.8191 | TDAbs: 0.1735 | ActorGrad: 0.0692 | CriticGrad: 0.9168 | Noise: 0.2519 | Replay: 35328 | FPS: 22.68 | ETA: 84.3 min
2026-08-10 14:59:57,756 | INFO | 开始周期评估: Steps=35840 | Episodes=70 | EvalEpisodes=5
2026-08-10 15:00:51,300 | INFO | 周期评估完成: Steps=35840 | MeanReward=35.493 | StdReward=6.095
2026-08-10 15:00:51,320 | INFO | Steps: 35840/150000 | Episodes: 70 | LastEpReward: 43.568 | RecentReward: 34.300 | ActorLoss: -4.964947 | CriticLoss: 0.027510 | Q: 4.9265 | TargetQ: 4.9264 | TDAbs: 0.1732 | ActorGrad: 0.0676 | CriticGrad: 1.0416 | Noise: 0.2505 | Replay: 35840 | FPS: 21.98 | ETA: 86.6 min
2026-08-10 15:01:08,696 | INFO | Steps: 36352/150000 | Episodes: 71 | LastEpReward: 26.136 | RecentReward: 31.562 | ActorLoss: -4.918535 | CriticLoss: 0.030127 | Q: 4.8776 | TargetQ: 4.8718 | TDAbs: 0.1813 | ActorGrad: 0.0687 | CriticGrad: 1.2328 | Noise: 0.2490 | Replay: 36352 | FPS: 22.05 | ETA: 85.9 min
2026-08-10 15:01:28,046 | INFO | Steps: 36864/150000 | Episodes: 72 | LastEpReward: 31.706 | RecentReward: 31.455 | ActorLoss: -5.008708 | CriticLoss: 0.028105 | Q: 4.9700 | TargetQ: 4.9672 | TDAbs: 0.1765 | ActorGrad: 0.0644 | CriticGrad: 1.0210 | Noise: 0.2475 | Replay: 36864 | FPS: 22.11 | ETA: 85.3 min
2026-08-10 15:01:45,413 | INFO | Steps: 37376/150000 | Episodes: 73 | LastEpReward: 39.437 | RecentReward: 31.962 | ActorLoss: -5.055239 | CriticLoss: 0.028430 | Q: 5.0130 | TargetQ: 5.0115 | TDAbs: 0.1764 | ActorGrad: 0.0731 | CriticGrad: 0.9324 | Noise: 0.2461 | Replay: 37376 | FPS: 22.18 | ETA: 84.6 min
2026-08-10 15:02:05,624 | INFO | Steps: 37888/150000 | Episodes: 74 | LastEpReward: 30.536 | RecentReward: 32.154 | ActorLoss: -5.139575 | CriticLoss: 0.030573 | Q: 5.0969 | TargetQ: 5.0935 | TDAbs: 0.1851 | ActorGrad: 0.0735 | CriticGrad: 1.1706 | Noise: 0.2446 | Replay: 37888 | FPS: 22.22 | ETA: 84.1 min
2026-08-10 15:02:24,644 | INFO | Steps: 38400/150000 | Episodes: 75 | LastEpReward: 45.060 | RecentReward: 33.301 | ActorLoss: -5.151547 | CriticLoss: 0.028811 | Q: 5.1105 | TargetQ: 5.1083 | TDAbs: 0.1785 | ActorGrad: 0.0614 | CriticGrad: 1.0369 | Noise: 0.2431 | Replay: 38400 | FPS: 22.27 | ETA: 83.5 min
2026-08-10 15:02:42,693 | INFO | Steps: 38912/150000 | Episodes: 76 | LastEpReward: 30.338 | RecentReward: 34.002 | ActorLoss: -5.265301 | CriticLoss: 0.031765 | Q: 5.2190 | TargetQ: 5.2161 | TDAbs: 0.1861 | ActorGrad: 0.0773 | CriticGrad: 1.1114 | Noise: 0.2417 | Replay: 38912 | FPS: 22.33 | ETA: 82.9 min
2026-08-10 15:03:02,028 | INFO | Steps: 39424/150000 | Episodes: 77 | LastEpReward: 37.269 | RecentReward: 34.326 | ActorLoss: -5.306318 | CriticLoss: 0.031607 | Q: 5.2641 | TargetQ: 5.2617 | TDAbs: 0.1861 | ActorGrad: 0.0698 | CriticGrad: 1.2409 | Noise: 0.2402 | Replay: 39424 | FPS: 22.38 | ETA: 82.4 min
2026-08-10 15:03:22,630 | INFO | Steps: 39936/150000 | Episodes: 78 | LastEpReward: 48.207 | RecentReward: 35.220 | ActorLoss: -5.314868 | CriticLoss: 0.031670 | Q: 5.2753 | TargetQ: 5.2759 | TDAbs: 0.1865 | ActorGrad: 0.0674 | CriticGrad: 1.0625 | Noise: 0.2388 | Replay: 39936 | FPS: 22.41 | ETA: 81.9 min
2026-08-10 15:03:42,152 | INFO | Steps: 40448/150000 | Episodes: 79 | LastEpReward: 37.377 | RecentReward: 36.963 | ActorLoss: -5.374689 | CriticLoss: 0.030667 | Q: 5.3371 | TargetQ: 5.3354 | TDAbs: 0.1847 | ActorGrad: 0.0642 | CriticGrad: 1.0812 | Noise: 0.2373 | Replay: 40448 | FPS: 22.45 | ETA: 81.3 min
2026-08-10 15:04:03,060 | INFO | 开始周期评估: Steps=40960 | Episodes=80 | EvalEpisodes=5
2026-08-10 15:04:59,798 | INFO | 周期评估完成: Steps=40960 | MeanReward=38.205 | StdReward=5.227
2026-08-10 15:04:59,817 | INFO | Steps: 40960/150000 | Episodes: 80 | LastEpReward: 43.248 | RecentReward: 36.931 | ActorLoss: -5.427228 | CriticLoss: 0.032591 | Q: 5.3888 | TargetQ: 5.3886 | TDAbs: 0.1879 | ActorGrad: 0.0655 | CriticGrad: 0.9410 | Noise: 0.2358 | Replay: 40960 | FPS: 21.79 | ETA: 83.4 min
2026-08-10 15:05:19,245 | INFO | Steps: 41472/150000 | Episodes: 81 | LastEpReward: 14.214 | RecentReward: 35.739 | ActorLoss: -5.418889 | CriticLoss: 0.034763 | Q: 5.3798 | TargetQ: 5.3760 | TDAbs: 0.1926 | ActorGrad: 0.0719 | CriticGrad: 1.1414 | Noise: 0.2344 | Replay: 41472 | FPS: 21.84 | ETA: 82.8 min
2026-08-10 15:05:37,759 | INFO | Steps: 41984/150000 | Episodes: 82 | LastEpReward: 30.112 | RecentReward: 35.580 | ActorLoss: -5.632504 | CriticLoss: 0.031605 | Q: 5.5962 | TargetQ: 5.5960 | TDAbs: 0.1854 | ActorGrad: 0.0637 | CriticGrad: 1.1553 | Noise: 0.2329 | Replay: 41984 | FPS: 21.90 | ETA: 82.2 min
2026-08-10 15:05:55,924 | INFO | Steps: 42496/150000 | Episodes: 83 | LastEpReward: 34.862 | RecentReward: 35.122 | ActorLoss: -5.556072 | CriticLoss: 0.033615 | Q: 5.5188 | TargetQ: 5.5167 | TDAbs: 0.1911 | ActorGrad: 0.0677 | CriticGrad: 1.0679 | Noise: 0.2314 | Replay: 42496 | FPS: 21.96 | ETA: 81.6 min
2026-08-10 15:06:13,249 | INFO | Steps: 43008/150000 | Episodes: 84 | LastEpReward: 41.892 | RecentReward: 36.258 | ActorLoss: -5.617014 | CriticLoss: 0.034325 | Q: 5.5753 | TargetQ: 5.5732 | TDAbs: 0.1936 | ActorGrad: 0.0697 | CriticGrad: 1.1008 | Noise: 0.2300 | Replay: 43008 | FPS: 22.02 | ETA: 81.0 min
2026-08-10 15:06:31,163 | INFO | Steps: 43520/150000 | Episodes: 85 | LastEpReward: 28.435 | RecentReward: 34.595 | ActorLoss: -5.673161 | CriticLoss: 0.034823 | Q: 5.6413 | TargetQ: 5.6394 | TDAbs: 0.1956 | ActorGrad: 0.0674 | CriticGrad: 1.3394 | Noise: 0.2285 | Replay: 43520 | FPS: 22.08 | ETA: 80.4 min
2026-08-10 15:06:49,958 | INFO | Steps: 44032/150000 | Episodes: 86 | LastEpReward: 31.285 | RecentReward: 34.690 | ActorLoss: -5.762923 | CriticLoss: 0.033763 | Q: 5.7230 | TargetQ: 5.7233 | TDAbs: 0.1951 | ActorGrad: 0.0638 | CriticGrad: 1.0470 | Noise: 0.2271 | Replay: 44032 | FPS: 22.13 | ETA: 79.8 min
2026-08-10 15:07:08,040 | INFO | Steps: 44544/150000 | Episodes: 87 | LastEpReward: 30.295 | RecentReward: 33.993 | ActorLoss: -5.717686 | CriticLoss: 0.034595 | Q: 5.6814 | TargetQ: 5.6817 | TDAbs: 0.1942 | ActorGrad: 0.0649 | CriticGrad: 1.0593 | Noise: 0.2256 | Replay: 44544 | FPS: 22.19 | ETA: 79.2 min
2026-08-10 15:07:26,919 | INFO | Steps: 45056/150000 | Episodes: 88 | LastEpReward: 32.233 | RecentReward: 32.395 | ActorLoss: -5.725812 | CriticLoss: 0.035847 | Q: 5.6842 | TargetQ: 5.6844 | TDAbs: 0.1984 | ActorGrad: 0.0690 | CriticGrad: 1.1572 | Noise: 0.2241 | Replay: 45056 | FPS: 22.23 | ETA: 78.7 min
2026-08-10 15:07:46,875 | INFO | Steps: 45568/150000 | Episodes: 89 | LastEpReward: 41.208 | RecentReward: 32.778 | ActorLoss: -5.824189 | CriticLoss: 0.035336 | Q: 5.7777 | TargetQ: 5.7781 | TDAbs: 0.1972 | ActorGrad: 0.0620 | CriticGrad: 1.2536 | Noise: 0.2227 | Replay: 45568 | FPS: 22.27 | ETA: 78.2 min
2026-08-10 15:08:04,954 | INFO | 开始周期评估: Steps=46080 | Episodes=90 | EvalEpisodes=5
2026-08-10 15:08:57,342 | INFO | 周期评估完成: Steps=46080 | MeanReward=38.868 | StdReward=6.378
2026-08-10 15:08:57,363 | INFO | Steps: 46080/150000 | Episodes: 90 | LastEpReward: 37.717 | RecentReward: 32.225 | ActorLoss: -5.816831 | CriticLoss: 0.037040 | Q: 5.7739 | TargetQ: 5.7720 | TDAbs: 0.2009 | ActorGrad: 0.0714 | CriticGrad: 1.1548 | Noise: 0.2212 | Replay: 46080 | FPS: 21.77 | ETA: 79.6 min
2026-08-10 15:09:16,416 | INFO | Steps: 46592/150000 | Episodes: 91 | LastEpReward: 42.214 | RecentReward: 35.025 | ActorLoss: -5.878802 | CriticLoss: 0.037446 | Q: 5.8324 | TargetQ: 5.8304 | TDAbs: 0.2004 | ActorGrad: 0.0615 | CriticGrad: 1.1938 | Noise: 0.2197 | Replay: 46592 | FPS: 21.81 | ETA: 79.0 min
2026-08-10 15:09:34,662 | INFO | Steps: 47104/150000 | Episodes: 92 | LastEpReward: 31.251 | RecentReward: 35.139 | ActorLoss: -5.887817 | CriticLoss: 0.040724 | Q: 5.8422 | TargetQ: 5.8400 | TDAbs: 0.2051 | ActorGrad: 0.0641 | CriticGrad: 1.3036 | Noise: 0.2183 | Replay: 47104 | FPS: 21.87 | ETA: 78.4 min
2026-08-10 15:09:52,542 | INFO | Steps: 47616/150000 | Episodes: 93 | LastEpReward: 40.013 | RecentReward: 35.654 | ActorLoss: -6.017947 | CriticLoss: 0.039345 | Q: 5.9814 | TargetQ: 5.9783 | TDAbs: 0.2021 | ActorGrad: 0.0681 | CriticGrad: 1.1360 | Noise: 0.2168 | Replay: 47616 | FPS: 21.92 | ETA: 77.8 min
2026-08-10 15:10:10,791 | INFO | Steps: 48128/150000 | Episodes: 94 | LastEpReward: 34.927 | RecentReward: 34.958 | ActorLoss: -5.997967 | CriticLoss: 0.036449 | Q: 5.9532 | TargetQ: 5.9520 | TDAbs: 0.1991 | ActorGrad: 0.0629 | CriticGrad: 1.2564 | Noise: 0.2153 | Replay: 48128 | FPS: 21.97 | ETA: 77.3 min
2026-08-10 15:10:28,492 | INFO | Steps: 48640/150000 | Episodes: 95 | LastEpReward: 31.497 | RecentReward: 35.264 | ActorLoss: -5.939759 | CriticLoss: 0.039134 | Q: 5.9028 | TargetQ: 5.9031 | TDAbs: 0.2047 | ActorGrad: 0.0622 | CriticGrad: 1.2303 | Noise: 0.2139 | Replay: 48640 | FPS: 22.03 | ETA: 76.7 min
2026-08-10 15:10:47,338 | INFO | Steps: 49152/150000 | Episodes: 96 | LastEpReward: 33.898 | RecentReward: 35.525 | ActorLoss: -6.062459 | CriticLoss: 0.040474 | Q: 6.0299 | TargetQ: 6.0294 | TDAbs: 0.2066 | ActorGrad: 0.0564 | CriticGrad: 1.3232 | Noise: 0.2124 | Replay: 49152 | FPS: 22.07 | ETA: 76.2 min
2026-08-10 15:11:07,424 | INFO | Steps: 49664/150000 | Episodes: 97 | LastEpReward: 39.814 | RecentReward: 36.477 | ActorLoss: -6.110551 | CriticLoss: 0.038266 | Q: 6.0750 | TargetQ: 6.0746 | TDAbs: 0.2035 | ActorGrad: 0.0561 | CriticGrad: 1.0942 | Noise: 0.2110 | Replay: 49664 | FPS: 22.10 | ETA: 75.7 min
2026-08-10 15:11:28,177 | INFO | Steps: 50176/150000 | Episodes: 98 | LastEpReward: 48.666 | RecentReward: 38.121 | ActorLoss: -6.161010 | CriticLoss: 0.036933 | Q: 6.1280 | TargetQ: 6.1248 | TDAbs: 0.2012 | ActorGrad: 0.0579 | CriticGrad: 1.2790 | Noise: 0.2095 | Replay: 50000 | FPS: 22.13 | ETA: 75.2 min
2026-08-10 15:11:46,068 | INFO | Steps: 50688/150000 | Episodes: 99 | LastEpReward: 30.327 | RecentReward: 37.032 | ActorLoss: -6.103094 | CriticLoss: 0.039983 | Q: 6.0683 | TargetQ: 6.0671 | TDAbs: 0.2050 | ActorGrad: 0.0646 | CriticGrad: 1.2423 | Noise: 0.2080 | Replay: 50000 | FPS: 22.18 | ETA: 74.6 min
2026-08-10 15:12:05,369 | INFO | 开始周期评估: Steps=51200 | Episodes=100 | EvalEpisodes=5
2026-08-10 15:12:56,476 | INFO | 周期评估完成: Steps=51200 | MeanReward=38.497 | StdReward=6.129
2026-08-10 15:12:56,498 | INFO | Steps: 51200/150000 | Episodes: 100 | LastEpReward: 38.486 | RecentReward: 37.109 | ActorLoss: -6.196996 | CriticLoss: 0.038826 | Q: 6.1582 | TargetQ: 6.1569 | TDAbs: 0.2027 | ActorGrad: 0.0694 | CriticGrad: 1.2728 | Noise: 0.2066 | Replay: 50000 | FPS: 21.73 | ETA: 75.8 min
2026-08-10 15:13:14,347 | INFO | Steps: 51712/150000 | Episodes: 101 | LastEpReward: 31.590 | RecentReward: 36.047 | ActorLoss: -6.180671 | CriticLoss: 0.038339 | Q: 6.1507 | TargetQ: 6.1488 | TDAbs: 0.2008 | ActorGrad: 0.0646 | CriticGrad: 1.1663 | Noise: 0.2051 | Replay: 50000 | FPS: 21.78 | ETA: 75.2 min
2026-08-10 15:13:32,774 | INFO | Steps: 52224/150000 | Episodes: 102 | LastEpReward: 35.662 | RecentReward: 36.488 | ActorLoss: -6.316969 | CriticLoss: 0.040438 | Q: 6.2878 | TargetQ: 6.2850 | TDAbs: 0.2053 | ActorGrad: 0.0620 | CriticGrad: 1.1615 | Noise: 0.2036 | Replay: 50000 | FPS: 21.83 | ETA: 74.7 min
2026-08-10 15:13:51,272 | INFO | Steps: 52736/150000 | Episodes: 103 | LastEpReward: 33.749 | RecentReward: 35.862 | ActorLoss: -6.374941 | CriticLoss: 0.040185 | Q: 6.3460 | TargetQ: 6.3457 | TDAbs: 0.2020 | ActorGrad: 0.0629 | CriticGrad: 1.2991 | Noise: 0.2022 | Replay: 50000 | FPS: 21.87 | ETA: 74.1 min
2026-08-10 15:14:09,266 | INFO | Steps: 53248/150000 | Episodes: 104 | LastEpReward: 36.200 | RecentReward: 35.989 | ActorLoss: -6.649230 | CriticLoss: 0.035817 | Q: 6.6218 | TargetQ: 6.6196 | TDAbs: 0.1970 | ActorGrad: 0.0679 | CriticGrad: 1.2729 | Noise: 0.2007 | Replay: 50000 | FPS: 21.92 | ETA: 73.6 min
2026-08-10 15:14:26,254 | INFO | Steps: 53760/150000 | Episodes: 105 | LastEpReward: 31.787 | RecentReward: 36.018 | ActorLoss: -6.811990 | CriticLoss: 0.034955 | Q: 6.7882 | TargetQ: 6.7852 | TDAbs: 0.1949 | ActorGrad: 0.0717 | CriticGrad: 1.0935 | Noise: 0.1993 | Replay: 50000 | FPS: 21.98 | ETA: 73.0 min
2026-08-10 15:14:45,905 | INFO | Steps: 54272/150000 | Episodes: 106 | LastEpReward: 38.958 | RecentReward: 36.524 | ActorLoss: -6.803923 | CriticLoss: 0.034700 | Q: 6.7797 | TargetQ: 6.7775 | TDAbs: 0.1938 | ActorGrad: 0.0682 | CriticGrad: 1.2810 | Noise: 0.1978 | Replay: 50000 | FPS: 22.01 | ETA: 72.5 min
2026-08-10 15:15:05,290 | INFO | Steps: 54784/150000 | Episodes: 107 | LastEpReward: 40.995 | RecentReward: 36.642 | ActorLoss: -6.825747 | CriticLoss: 0.035361 | Q: 6.8004 | TargetQ: 6.7967 | TDAbs: 0.1975 | ActorGrad: 0.0770 | CriticGrad: 1.2812 | Noise: 0.1963 | Replay: 50000 | FPS: 22.05 | ETA: 72.0 min
2026-08-10 15:15:26,221 | INFO | Steps: 55296/150000 | Episodes: 108 | LastEpReward: 46.912 | RecentReward: 36.467 | ActorLoss: -6.858367 | CriticLoss: 0.035055 | Q: 6.8342 | TargetQ: 6.8353 | TDAbs: 0.1941 | ActorGrad: 0.0669 | CriticGrad: 1.1277 | Noise: 0.1949 | Replay: 50000 | FPS: 22.07 | ETA: 71.5 min
2026-08-10 15:15:45,096 | INFO | Steps: 55808/150000 | Episodes: 109 | LastEpReward: 36.262 | RecentReward: 37.060 | ActorLoss: -6.867520 | CriticLoss: 0.035266 | Q: 6.8436 | TargetQ: 6.8405 | TDAbs: 0.1944 | ActorGrad: 0.0718 | CriticGrad: 1.1982 | Noise: 0.1934 | Replay: 50000 | FPS: 22.10 | ETA: 71.0 min
2026-08-10 15:16:05,723 | INFO | 开始周期评估: Steps=56320 | Episodes=110 | EvalEpisodes=5
2026-08-10 15:17:02,919 | INFO | 周期评估完成: Steps=56320 | MeanReward=38.789 | StdReward=5.314
2026-08-10 15:17:02,934 | INFO | Steps: 56320/150000 | Episodes: 110 | LastEpReward: 30.683 | RecentReward: 36.280 | ActorLoss: -6.873210 | CriticLoss: 0.034746 | Q: 6.8463 | TargetQ: 6.8448 | TDAbs: 0.1921 | ActorGrad: 0.0750 | CriticGrad: 0.9930 | Noise: 0.1919 | Replay: 50000 | FPS: 21.64 | ETA: 72.1 min
2026-08-10 15:17:22,105 | INFO | Steps: 56832/150000 | Episodes: 111 | LastEpReward: 30.667 | RecentReward: 36.187 | ActorLoss: -6.874838 | CriticLoss: 0.032586 | Q: 6.8494 | TargetQ: 6.8483 | TDAbs: 0.1912 | ActorGrad: 0.0690 | CriticGrad: 1.1901 | Noise: 0.1905 | Replay: 50000 | FPS: 21.68 | ETA: 71.6 min
2026-08-10 15:17:39,567 | INFO | Steps: 57344/150000 | Episodes: 112 | LastEpReward: 38.072 | RecentReward: 36.428 | ActorLoss: -6.882415 | CriticLoss: 0.033971 | Q: 6.8582 | TargetQ: 6.8567 | TDAbs: 0.1938 | ActorGrad: 0.0620 | CriticGrad: 1.1174 | Noise: 0.1890 | Replay: 50000 | FPS: 21.73 | ETA: 71.1 min
2026-08-10 15:17:57,852 | INFO | Steps: 57856/150000 | Episodes: 113 | LastEpReward: 33.648 | RecentReward: 36.418 | ActorLoss: -6.944875 | CriticLoss: 0.035025 | Q: 6.9227 | TargetQ: 6.9208 | TDAbs: 0.1959 | ActorGrad: 0.0605 | CriticGrad: 1.1529 | Noise: 0.1876 | Replay: 50000 | FPS: 21.77 | ETA: 70.5 min
2026-08-10 15:18:16,361 | INFO | Steps: 58368/150000 | Episodes: 114 | LastEpReward: 27.447 | RecentReward: 35.543 | ActorLoss: -6.935525 | CriticLoss: 0.031194 | Q: 6.9133 | TargetQ: 6.9114 | TDAbs: 0.1851 | ActorGrad: 0.0546 | CriticGrad: 1.0633 | Noise: 0.1861 | Replay: 50000 | FPS: 21.81 | ETA: 70.0 min
2026-08-10 15:18:34,747 | INFO | Steps: 58880/150000 | Episodes: 115 | LastEpReward: 34.453 | RecentReward: 35.810 | ActorLoss: -6.899261 | CriticLoss: 0.032561 | Q: 6.8772 | TargetQ: 6.8763 | TDAbs: 0.1885 | ActorGrad: 0.0674 | CriticGrad: 0.9990 | Noise: 0.1846 | Replay: 50000 | FPS: 21.85 | ETA: 69.5 min
2026-08-10 15:18:54,082 | INFO | Steps: 59392/150000 | Episodes: 116 | LastEpReward: 36.626 | RecentReward: 35.576 | ActorLoss: -6.964226 | CriticLoss: 0.031776 | Q: 6.9424 | TargetQ: 6.9419 | TDAbs: 0.1862 | ActorGrad: 0.0720 | CriticGrad: 1.0927 | Noise: 0.1832 | Replay: 50000 | FPS: 21.89 | ETA: 69.0 min
2026-08-10 15:19:13,387 | INFO | Steps: 59904/150000 | Episodes: 117 | LastEpReward: 36.542 | RecentReward: 35.131 | ActorLoss: -6.978743 | CriticLoss: 0.031763 | Q: 6.9563 | TargetQ: 6.9530 | TDAbs: 0.1843 | ActorGrad: 0.0463 | CriticGrad: 1.1894 | Noise: 0.1817 | Replay: 50000 | FPS: 21.92 | ETA: 68.5 min
2026-08-10 15:19:33,663 | INFO | Steps: 60416/150000 | Episodes: 118 | LastEpReward: 32.833 | RecentReward: 33.723 | ActorLoss: -6.977049 | CriticLoss: 0.030216 | Q: 6.9536 | TargetQ: 6.9532 | TDAbs: 0.1832 | ActorGrad: 0.0388 | CriticGrad: 1.1502 | Noise: 0.1802 | Replay: 50000 | FPS: 21.94 | ETA: 68.0 min
2026-08-10 15:19:52,699 | INFO | Steps: 60928/150000 | Episodes: 119 | LastEpReward: 49.499 | RecentReward: 35.047 | ActorLoss: -7.033499 | CriticLoss: 0.031137 | Q: 7.0104 | TargetQ: 7.0091 | TDAbs: 0.1829 | ActorGrad: 0.0383 | CriticGrad: 0.9404 | Noise: 0.1788 | Replay: 50000 | FPS: 21.98 | ETA: 67.5 min
2026-08-10 15:20:10,424 | INFO | 开始周期评估: Steps=61440 | Episodes=120 | EvalEpisodes=5
2026-08-10 15:21:06,540 | INFO | 周期评估完成: Steps=61440 | MeanReward=38.925 | StdReward=5.778
2026-08-10 15:21:06,560 | INFO | Steps: 61440/150000 | Episodes: 120 | LastEpReward: 30.335 | RecentReward: 35.012 | ActorLoss: -7.009169 | CriticLoss: 0.031258 | Q: 6.9859 | TargetQ: 6.9843 | TDAbs: 0.1858 | ActorGrad: 0.0383 | CriticGrad: 1.2547 | Noise: 0.1773 | Replay: 50000 | FPS: 21.59 | ETA: 68.4 min
2026-08-10 15:21:24,570 | INFO | Steps: 61952/150000 | Episodes: 121 | LastEpReward: 40.161 | RecentReward: 35.961 | ActorLoss: -7.029099 | CriticLoss: 0.029133 | Q: 7.0064 | TargetQ: 7.0030 | TDAbs: 0.1788 | ActorGrad: 0.0388 | CriticGrad: 1.0695 | Noise: 0.1759 | Replay: 50000 | FPS: 21.63 | ETA: 67.8 min
2026-08-10 15:21:44,942 | INFO | Steps: 62464/150000 | Episodes: 122 | LastEpReward: 41.654 | RecentReward: 36.320 | ActorLoss: -7.032244 | CriticLoss: 0.029680 | Q: 7.0105 | TargetQ: 7.0117 | TDAbs: 0.1802 | ActorGrad: 0.0393 | CriticGrad: 0.9931 | Noise: 0.1744 | Replay: 50000 | FPS: 21.65 | ETA: 67.4 min
2026-08-10 15:22:03,557 | INFO | Steps: 62976/150000 | Episodes: 123 | LastEpReward: 33.233 | RecentReward: 36.278 | ActorLoss: -6.992893 | CriticLoss: 0.030896 | Q: 6.9702 | TargetQ: 6.9683 | TDAbs: 0.1814 | ActorGrad: 0.0468 | CriticGrad: 0.9470 | Noise: 0.1729 | Replay: 50000 | FPS: 21.69 | ETA: 66.9 min
2026-08-10 15:22:22,649 | INFO | Steps: 63488/150000 | Episodes: 124 | LastEpReward: 46.790 | RecentReward: 38.213 | ActorLoss: -7.048009 | CriticLoss: 0.034344 | Q: 7.0257 | TargetQ: 7.0219 | TDAbs: 0.1878 | ActorGrad: 0.0381 | CriticGrad: 1.1219 | Noise: 0.1715 | Replay: 50000 | FPS: 21.73 | ETA: 66.4 min
2026-08-10 15:22:42,052 | INFO | Steps: 64000/150000 | Episodes: 125 | LastEpReward: 37.205 | RecentReward: 38.488 | ActorLoss: -7.047620 | CriticLoss: 0.030870 | Q: 7.0230 | TargetQ: 7.0207 | TDAbs: 0.1796 | ActorGrad: 0.0359 | CriticGrad: 1.1277 | Noise: 0.1700 | Replay: 50000 | FPS: 21.76 | ETA: 65.9 min
2026-08-10 15:23:00,146 | INFO | Steps: 64512/150000 | Episodes: 126 | LastEpReward: 41.628 | RecentReward: 38.988 | ActorLoss: -7.071968 | CriticLoss: 0.028481 | Q: 7.0487 | TargetQ: 7.0486 | TDAbs: 0.1759 | ActorGrad: 0.0338 | CriticGrad: 0.9407 | Noise: 0.1685 | Replay: 50000 | FPS: 21.80 | ETA: 65.4 min
2026-08-10 15:23:18,729 | INFO | Steps: 65024/150000 | Episodes: 127 | LastEpReward: 35.673 | RecentReward: 38.901 | ActorLoss: -7.057027 | CriticLoss: 0.029261 | Q: 7.0341 | TargetQ: 7.0338 | TDAbs: 0.1791 | ActorGrad: 0.0337 | CriticGrad: 1.1073 | Noise: 0.1671 | Replay: 50000 | FPS: 21.83 | ETA: 64.9 min
2026-08-10 15:23:37,178 | INFO | Steps: 65536/150000 | Episodes: 128 | LastEpReward: 35.982 | RecentReward: 39.216 | ActorLoss: -7.073296 | CriticLoss: 0.029593 | Q: 7.0482 | TargetQ: 7.0457 | TDAbs: 0.1762 | ActorGrad: 0.0330 | CriticGrad: 1.2428 | Noise: 0.1656 | Replay: 50000 | FPS: 21.87 | ETA: 64.4 min
2026-08-10 15:23:56,109 | INFO | Steps: 66048/150000 | Episodes: 129 | LastEpReward: 39.587 | RecentReward: 38.225 | ActorLoss: -7.122987 | CriticLoss: 0.030220 | Q: 7.0983 | TargetQ: 7.0964 | TDAbs: 0.1781 | ActorGrad: 0.0285 | CriticGrad: 1.0832 | Noise: 0.1641 | Replay: 50000 | FPS: 21.90 | ETA: 63.9 min
2026-08-10 15:24:13,870 | INFO | 开始周期评估: Steps=66560 | Episodes=130 | EvalEpisodes=5
2026-08-10 15:25:08,331 | INFO | 周期评估完成: Steps=66560 | MeanReward=26.258 | StdReward=7.544
2026-08-10 15:25:08,352 | INFO | Steps: 66560/150000 | Episodes: 130 | LastEpReward: 37.228 | RecentReward: 38.914 | ActorLoss: -7.113447 | CriticLoss: 0.030074 | Q: 7.0877 | TargetQ: 7.0823 | TDAbs: 0.1744 | ActorGrad: 0.0310 | CriticGrad: 1.0759 | Noise: 0.1627 | Replay: 50000 | FPS: 21.55 | ETA: 64.5 min
2026-08-10 15:25:28,576 | INFO | Steps: 67072/150000 | Episodes: 131 | LastEpReward: 40.146 | RecentReward: 38.913 | ActorLoss: -7.191931 | CriticLoss: 0.029492 | Q: 7.1685 | TargetQ: 7.1663 | TDAbs: 0.1763 | ActorGrad: 0.0323 | CriticGrad: 1.1071 | Noise: 0.1612 | Replay: 50000 | FPS: 21.58 | ETA: 64.0 min
2026-08-10 15:25:47,058 | INFO | Steps: 67584/150000 | Episodes: 132 | LastEpReward: 35.064 | RecentReward: 38.254 | ActorLoss: -7.209723 | CriticLoss: 0.029089 | Q: 7.1850 | TargetQ: 7.1839 | TDAbs: 0.1755 | ActorGrad: 0.0284 | CriticGrad: 1.0785 | Noise: 0.1598 | Replay: 50000 | FPS: 21.62 | ETA: 63.5 min
2026-08-10 15:26:04,131 | INFO | Steps: 68096/150000 | Episodes: 133 | LastEpReward: 26.963 | RecentReward: 37.627 | ActorLoss: -7.222895 | CriticLoss: 0.029645 | Q: 7.1985 | TargetQ: 7.1960 | TDAbs: 0.1750 | ActorGrad: 0.0245 | CriticGrad: 0.9958 | Noise: 0.1583 | Replay: 50000 | FPS: 21.66 | ETA: 63.0 min
2026-08-10 15:26:24,240 | INFO | Steps: 68608/150000 | Episodes: 134 | LastEpReward: 38.991 | RecentReward: 36.847 | ActorLoss: -7.309942 | CriticLoss: 0.026616 | Q: 7.2850 | TargetQ: 7.2826 | TDAbs: 0.1677 | ActorGrad: 0.0307 | CriticGrad: 1.0812 | Noise: 0.1568 | Replay: 50000 | FPS: 21.68 | ETA: 62.6 min
2026-08-10 15:26:41,297 | INFO | Steps: 69120/150000 | Episodes: 135 | LastEpReward: 29.032 | RecentReward: 36.029 | ActorLoss: -7.246722 | CriticLoss: 0.027751 | Q: 7.2235 | TargetQ: 7.2197 | TDAbs: 0.1728 | ActorGrad: 0.0556 | CriticGrad: 1.1274 | Noise: 0.1554 | Replay: 50000 | FPS: 21.73 | ETA: 62.0 min
2026-08-10 15:27:00,111 | INFO | Steps: 69632/150000 | Episodes: 136 | LastEpReward: 33.929 | RecentReward: 35.260 | ActorLoss: -7.278803 | CriticLoss: 0.026335 | Q: 7.2537 | TargetQ: 7.2491 | TDAbs: 0.1688 | ActorGrad: 0.0565 | CriticGrad: 0.9939 | Noise: 0.1539 | Replay: 50000 | FPS: 21.76 | ETA: 61.6 min
2026-08-10 15:27:19,799 | INFO | Steps: 70144/150000 | Episodes: 137 | LastEpReward: 40.135 | RecentReward: 35.706 | ActorLoss: -7.321114 | CriticLoss: 0.027157 | Q: 7.2964 | TargetQ: 7.2944 | TDAbs: 0.1708 | ActorGrad: 0.0537 | CriticGrad: 1.3036 | Noise: 0.1524 | Replay: 50000 | FPS: 21.79 | ETA: 61.1 min
2026-08-10 15:27:36,831 | INFO | Steps: 70656/150000 | Episodes: 138 | LastEpReward: 29.417 | RecentReward: 35.049 | ActorLoss: -7.337215 | CriticLoss: 0.030504 | Q: 7.3127 | TargetQ: 7.3096 | TDAbs: 0.1758 | ActorGrad: 0.0607 | CriticGrad: 1.1928 | Noise: 0.1510 | Replay: 50000 | FPS: 21.83 | ETA: 60.6 min
2026-08-10 15:27:55,429 | INFO | Steps: 71168/150000 | Episodes: 139 | LastEpReward: 21.006 | RecentReward: 33.191 | ActorLoss: -7.337798 | CriticLoss: 0.027697 | Q: 7.3131 | TargetQ: 7.3085 | TDAbs: 0.1713 | ActorGrad: 0.0716 | CriticGrad: 1.0500 | Noise: 0.1495 | Replay: 50000 | FPS: 21.86 | ETA: 60.1 min
2026-08-10 15:28:13,058 | INFO | 开始周期评估: Steps=71680 | Episodes=140 | EvalEpisodes=5
2026-08-10 15:29:05,922 | INFO | 周期评估完成: Steps=71680 | MeanReward=29.871 | StdReward=1.908
2026-08-10 15:29:05,944 | INFO | Steps: 71680/150000 | Episodes: 140 | LastEpReward: 27.553 | RecentReward: 32.223 | ActorLoss: -7.350197 | CriticLoss: 0.029535 | Q: 7.3240 | TargetQ: 7.3230 | TDAbs: 0.1757 | ActorGrad: 0.0597 | CriticGrad: 0.9808 | Noise: 0.1481 | Replay: 50000 | FPS: 21.55 | ETA: 60.6 min
2026-08-10 15:29:24,689 | INFO | Steps: 72192/150000 | Episodes: 141 | LastEpReward: 39.016 | RecentReward: 32.111 | ActorLoss: -7.386399 | CriticLoss: 0.026030 | Q: 7.3611 | TargetQ: 7.3591 | TDAbs: 0.1697 | ActorGrad: 0.0565 | CriticGrad: 1.0406 | Noise: 0.1466 | Replay: 50000 | FPS: 21.59 | ETA: 60.1 min
2026-08-10 15:29:43,970 | INFO | Steps: 72704/150000 | Episodes: 142 | LastEpReward: 29.433 | RecentReward: 31.547 | ActorLoss: -7.387317 | CriticLoss: 0.031244 | Q: 7.3612 | TargetQ: 7.3564 | TDAbs: 0.1790 | ActorGrad: 0.0618 | CriticGrad: 1.1083 | Noise: 0.1451 | Replay: 50000 | FPS: 21.61 | ETA: 59.6 min
2026-08-10 15:30:03,964 | INFO | Steps: 73216/150000 | Episodes: 143 | LastEpReward: 43.844 | RecentReward: 33.236 | ActorLoss: -7.383066 | CriticLoss: 0.029731 | Q: 7.3560 | TargetQ: 7.3546 | TDAbs: 0.1749 | ActorGrad: 0.0475 | CriticGrad: 0.9841 | Noise: 0.1437 | Replay: 50000 | FPS: 21.64 | ETA: 59.1 min
2026-08-10 15:30:22,803 | INFO | Steps: 73728/150000 | Episodes: 144 | LastEpReward: 43.158 | RecentReward: 33.652 | ActorLoss: -7.436998 | CriticLoss: 0.026188 | Q: 7.4125 | TargetQ: 7.4097 | TDAbs: 0.1675 | ActorGrad: 0.0507 | CriticGrad: 1.0321 | Noise: 0.1422 | Replay: 50000 | FPS: 21.67 | ETA: 58.7 min
2026-08-10 15:30:41,754 | INFO | Steps: 74240/150000 | Episodes: 145 | LastEpReward: 25.305 | RecentReward: 33.280 | ActorLoss: -7.465645 | CriticLoss: 0.030143 | Q: 7.4411 | TargetQ: 7.4374 | TDAbs: 0.1768 | ActorGrad: 0.0558 | CriticGrad: 1.0239 | Noise: 0.1407 | Replay: 50000 | FPS: 21.70 | ETA: 58.2 min
2026-08-10 15:31:00,923 | INFO | Steps: 74752/150000 | Episodes: 146 | LastEpReward: 29.314 | RecentReward: 32.818 | ActorLoss: -7.419193 | CriticLoss: 0.032113 | Q: 7.3929 | TargetQ: 7.3874 | TDAbs: 0.1775 | ActorGrad: 0.0643 | CriticGrad: 0.9872 | Noise: 0.1393 | Replay: 50000 | FPS: 21.73 | ETA: 57.7 min
2026-08-10 15:31:20,592 | INFO | Steps: 75264/150000 | Episodes: 147 | LastEpReward: 34.304 | RecentReward: 32.235 | ActorLoss: -7.467978 | CriticLoss: 0.025502 | Q: 7.4428 | TargetQ: 7.4421 | TDAbs: 0.1681 | ActorGrad: 0.0718 | CriticGrad: 1.0470 | Noise: 0.1378 | Replay: 50000 | FPS: 21.75 | ETA: 57.3 min
2026-08-10 15:31:38,294 | INFO | Steps: 75776/150000 | Episodes: 148 | LastEpReward: 37.475 | RecentReward: 33.041 | ActorLoss: -7.475031 | CriticLoss: 0.030149 | Q: 7.4496 | TargetQ: 7.4458 | TDAbs: 0.1759 | ActorGrad: 0.0458 | CriticGrad: 1.0885 | Noise: 0.1364 | Replay: 50000 | FPS: 21.79 | ETA: 56.8 min
2026-08-10 15:31:58,304 | INFO | Steps: 76288/150000 | Episodes: 149 | LastEpReward: 42.957 | RecentReward: 35.236 | ActorLoss: -7.493650 | CriticLoss: 0.028743 | Q: 7.4685 | TargetQ: 7.4668 | TDAbs: 0.1731 | ActorGrad: 0.0602 | CriticGrad: 1.1370 | Noise: 0.1349 | Replay: 50000 | FPS: 21.81 | ETA: 56.3 min
2026-08-10 15:32:17,457 | INFO | 开始周期评估: Steps=76800 | Episodes=150 | EvalEpisodes=5
2026-08-10 15:33:16,170 | INFO | 周期评估完成: Steps=76800 | MeanReward=31.815 | StdReward=7.252
2026-08-10 15:33:16,191 | INFO | Steps: 76800/150000 | Episodes: 150 | LastEpReward: 33.263 | RecentReward: 35.807 | ActorLoss: -7.574016 | CriticLoss: 0.026722 | Q: 7.5479 | TargetQ: 7.5467 | TDAbs: 0.1710 | ActorGrad: 0.0570 | CriticGrad: 0.9920 | Noise: 0.1334 | Replay: 50000 | FPS: 21.48 | ETA: 56.8 min
2026-08-10 15:33:34,629 | INFO | Steps: 77312/150000 | Episodes: 151 | LastEpReward: 38.138 | RecentReward: 35.719 | ActorLoss: -7.579672 | CriticLoss: 0.028734 | Q: 7.5542 | TargetQ: 7.5526 | TDAbs: 0.1742 | ActorGrad: 0.0642 | CriticGrad: 0.9796 | Noise: 0.1320 | Replay: 50000 | FPS: 21.51 | ETA: 56.3 min
2026-08-10 15:33:53,148 | INFO | Steps: 77824/150000 | Episodes: 152 | LastEpReward: 27.653 | RecentReward: 35.541 | ActorLoss: -7.577117 | CriticLoss: 0.030623 | Q: 7.5524 | TargetQ: 7.5474 | TDAbs: 0.1773 | ActorGrad: 0.0555 | CriticGrad: 1.1869 | Noise: 0.1305 | Replay: 50000 | FPS: 21.54 | ETA: 55.8 min
2026-08-10 15:34:14,119 | INFO | Steps: 78336/150000 | Episodes: 153 | LastEpReward: 25.874 | RecentReward: 33.744 | ActorLoss: -7.605427 | CriticLoss: 0.028756 | Q: 7.5796 | TargetQ: 7.5790 | TDAbs: 0.1726 | ActorGrad: 0.0582 | CriticGrad: 1.2785 | Noise: 0.1290 | Replay: 50000 | FPS: 21.56 | ETA: 55.4 min
2026-08-10 15:34:32,642 | INFO | Steps: 78848/150000 | Episodes: 154 | LastEpReward: 28.697 | RecentReward: 32.298 | ActorLoss: -7.608393 | CriticLoss: 0.027032 | Q: 7.5841 | TargetQ: 7.5854 | TDAbs: 0.1712 | ActorGrad: 0.0482 | CriticGrad: 1.0695 | Noise: 0.1276 | Replay: 50000 | FPS: 21.59 | ETA: 54.9 min
2026-08-10 15:34:52,116 | INFO | Steps: 79360/150000 | Episodes: 155 | LastEpReward: 24.886 | RecentReward: 32.256 | ActorLoss: -7.682383 | CriticLoss: 0.027302 | Q: 7.6570 | TargetQ: 7.6585 | TDAbs: 0.1717 | ActorGrad: 0.0534 | CriticGrad: 1.1192 | Noise: 0.1261 | Replay: 50000 | FPS: 21.61 | ETA: 54.5 min
2026-08-10 15:35:11,888 | INFO | Steps: 79872/150000 | Episodes: 156 | LastEpReward: 34.738 | RecentReward: 32.799 | ActorLoss: -7.615191 | CriticLoss: 0.028371 | Q: 7.5894 | TargetQ: 7.5874 | TDAbs: 0.1727 | ActorGrad: 0.0625 | CriticGrad: 1.1598 | Noise: 0.1247 | Replay: 50000 | FPS: 21.64 | ETA: 54.0 min
2026-08-10 15:35:28,481 | INFO | Steps: 80384/150000 | Episodes: 157 | LastEpReward: 31.364 | RecentReward: 32.505 | ActorLoss: -7.633191 | CriticLoss: 0.029275 | Q: 7.6075 | TargetQ: 7.6017 | TDAbs: 0.1739 | ActorGrad: 0.0505 | CriticGrad: 1.3196 | Noise: 0.1232 | Replay: 50000 | FPS: 21.68 | ETA: 53.5 min
2026-08-10 15:35:48,219 | INFO | Steps: 80896/150000 | Episodes: 158 | LastEpReward: 29.083 | RecentReward: 31.665 | ActorLoss: -7.641958 | CriticLoss: 0.030097 | Q: 7.6163 | TargetQ: 7.6143 | TDAbs: 0.1758 | ActorGrad: 0.0475 | CriticGrad: 0.9985 | Noise: 0.1217 | Replay: 50000 | FPS: 21.70 | ETA: 53.1 min
2026-08-10 15:36:08,212 | INFO | Steps: 81408/150000 | Episodes: 159 | LastEpReward: 30.352 | RecentReward: 30.405 | ActorLoss: -7.687521 | CriticLoss: 0.028743 | Q: 7.6605 | TargetQ: 7.6593 | TDAbs: 0.1728 | ActorGrad: 0.0642 | CriticGrad: 0.9925 | Noise: 0.1203 | Replay: 50000 | FPS: 21.72 | ETA: 52.6 min
2026-08-10 15:36:25,522 | INFO | 开始周期评估: Steps=81920 | Episodes=160 | EvalEpisodes=5
2026-08-10 15:37:18,433 | INFO | 周期评估完成: Steps=81920 | MeanReward=29.314 | StdReward=7.320
2026-08-10 15:37:18,450 | INFO | Steps: 81920/150000 | Episodes: 160 | LastEpReward: 24.389 | RecentReward: 29.517 | ActorLoss: -7.693263 | CriticLoss: 0.029704 | Q: 7.6680 | TargetQ: 7.6655 | TDAbs: 0.1732 | ActorGrad: 0.0570 | CriticGrad: 0.9797 | Noise: 0.1188 | Replay: 50000 | FPS: 21.46 | ETA: 52.9 min
2026-08-10 15:37:36,096 | INFO | Steps: 82432/150000 | Episodes: 161 | LastEpReward: 15.963 | RecentReward: 27.300 | ActorLoss: -7.643812 | CriticLoss: 0.028215 | Q: 7.6174 | TargetQ: 7.6180 | TDAbs: 0.1733 | ActorGrad: 0.0670 | CriticGrad: 1.1034 | Noise: 0.1173 | Replay: 50000 | FPS: 21.49 | ETA: 52.4 min
2026-08-10 15:37:54,331 | INFO | Steps: 82944/150000 | Episodes: 162 | LastEpReward: 13.775 | RecentReward: 25.912 | ActorLoss: -7.718094 | CriticLoss: 0.028465 | Q: 7.6916 | TargetQ: 7.6875 | TDAbs: 0.1737 | ActorGrad: 0.0703 | CriticGrad: 1.1083 | Noise: 0.1159 | Replay: 50000 | FPS: 21.52 | ETA: 51.9 min
2026-08-10 15:38:14,168 | INFO | Steps: 83456/150000 | Episodes: 163 | LastEpReward: 37.236 | RecentReward: 27.048 | ActorLoss: -7.727900 | CriticLoss: 0.026932 | Q: 7.7038 | TargetQ: 7.7015 | TDAbs: 0.1702 | ActorGrad: 0.0585 | CriticGrad: 1.0104 | Noise: 0.1144 | Replay: 50000 | FPS: 21.54 | ETA: 51.5 min
2026-08-10 15:38:32,313 | INFO | Steps: 83968/150000 | Episodes: 164 | LastEpReward: 35.205 | RecentReward: 27.699 | ActorLoss: -7.760336 | CriticLoss: 0.027515 | Q: 7.7358 | TargetQ: 7.7339 | TDAbs: 0.1720 | ActorGrad: 0.0538 | CriticGrad: 1.1022 | Noise: 0.1129 | Replay: 50000 | FPS: 21.57 | ETA: 51.0 min
2026-08-10 15:38:50,431 | INFO | Steps: 84480/150000 | Episodes: 165 | LastEpReward: 24.433 | RecentReward: 27.654 | ActorLoss: -7.739782 | CriticLoss: 0.027800 | Q: 7.7144 | TargetQ: 7.7128 | TDAbs: 0.1738 | ActorGrad: 0.0678 | CriticGrad: 1.1565 | Noise: 0.1115 | Replay: 50000 | FPS: 21.61 | ETA: 50.5 min
2026-08-10 15:39:08,927 | INFO | Steps: 84992/150000 | Episodes: 166 | LastEpReward: 33.491 | RecentReward: 27.529 | ActorLoss: -7.775263 | CriticLoss: 0.028921 | Q: 7.7486 | TargetQ: 7.7472 | TDAbs: 0.1730 | ActorGrad: 0.0672 | CriticGrad: 1.1512 | Noise: 0.1100 | Replay: 50000 | FPS: 21.63 | ETA: 50.1 min
2026-08-10 15:39:25,369 | INFO | Steps: 85504/150000 | Episodes: 167 | LastEpReward: 28.522 | RecentReward: 27.245 | ActorLoss: -7.750756 | CriticLoss: 0.028164 | Q: 7.7260 | TargetQ: 7.7226 | TDAbs: 0.1736 | ActorGrad: 0.0956 | CriticGrad: 0.9588 | Noise: 0.1086 | Replay: 50000 | FPS: 21.67 | ETA: 49.6 min
2026-08-10 15:39:43,644 | INFO | Steps: 86016/150000 | Episodes: 168 | LastEpReward: 23.082 | RecentReward: 26.645 | ActorLoss: -7.725788 | CriticLoss: 0.028437 | Q: 7.7022 | TargetQ: 7.7024 | TDAbs: 0.1744 | ActorGrad: 0.0711 | CriticGrad: 1.2090 | Noise: 0.1071 | Replay: 50000 | FPS: 21.70 | ETA: 49.1 min
2026-08-10 15:40:00,949 | INFO | Steps: 86528/150000 | Episodes: 169 | LastEpReward: 32.888 | RecentReward: 26.898 | ActorLoss: -7.766724 | CriticLoss: 0.026817 | Q: 7.7429 | TargetQ: 7.7426 | TDAbs: 0.1699 | ActorGrad: 0.0663 | CriticGrad: 0.8975 | Noise: 0.1056 | Replay: 50000 | FPS: 21.74 | ETA: 48.7 min
2026-08-10 15:40:18,931 | INFO | 开始周期评估: Steps=87040 | Episodes=170 | EvalEpisodes=5
2026-08-10 15:41:11,082 | INFO | 周期评估完成: Steps=87040 | MeanReward=31.008 | StdReward=4.626
2026-08-10 15:41:11,097 | INFO | Steps: 87040/150000 | Episodes: 170 | LastEpReward: 29.229 | RecentReward: 27.382 | ActorLoss: -7.764145 | CriticLoss: 0.026375 | Q: 7.7401 | TargetQ: 7.7379 | TDAbs: 0.1686 | ActorGrad: 0.0816 | CriticGrad: 0.9249 | Noise: 0.1042 | Replay: 50000 | FPS: 21.49 | ETA: 48.8 min
2026-08-10 15:41:29,262 | INFO | Steps: 87552/150000 | Episodes: 171 | LastEpReward: 24.928 | RecentReward: 28.279 | ActorLoss: -7.777534 | CriticLoss: 0.027007 | Q: 7.7542 | TargetQ: 7.7529 | TDAbs: 0.1699 | ActorGrad: 0.0668 | CriticGrad: 0.9339 | Noise: 0.1027 | Replay: 50000 | FPS: 21.52 | ETA: 48.4 min
2026-08-10 15:41:48,554 | INFO | Steps: 88064/150000 | Episodes: 172 | LastEpReward: 33.295 | RecentReward: 30.231 | ActorLoss: -7.794996 | CriticLoss: 0.027673 | Q: 7.7715 | TargetQ: 7.7690 | TDAbs: 0.1713 | ActorGrad: 0.0710 | CriticGrad: 1.0427 | Noise: 0.1012 | Replay: 50000 | FPS: 21.54 | ETA: 47.9 min
2026-08-10 15:42:07,516 | INFO | Steps: 88576/150000 | Episodes: 173 | LastEpReward: 24.629 | RecentReward: 28.970 | ActorLoss: -7.720113 | CriticLoss: 0.029153 | Q: 7.6960 | TargetQ: 7.6926 | TDAbs: 0.1717 | ActorGrad: 0.0584 | CriticGrad: 1.0119 | Noise: 0.0998 | Replay: 50000 | FPS: 21.57 | ETA: 47.5 min
2026-08-10 15:42:26,624 | INFO | Steps: 89088/150000 | Episodes: 174 | LastEpReward: 37.665 | RecentReward: 29.216 | ActorLoss: -7.743429 | CriticLoss: 0.027149 | Q: 7.7209 | TargetQ: 7.7170 | TDAbs: 0.1695 | ActorGrad: 0.0880 | CriticGrad: 1.0548 | Noise: 0.0983 | Replay: 50000 | FPS: 21.59 | ETA: 47.0 min
2026-08-10 15:42:47,427 | INFO | Steps: 89600/150000 | Episodes: 175 | LastEpReward: 43.141 | RecentReward: 31.087 | ActorLoss: -7.671814 | CriticLoss: 0.029609 | Q: 7.6495 | TargetQ: 7.6474 | TDAbs: 0.1760 | ActorGrad: 0.0573 | CriticGrad: 1.0830 | Noise: 0.0969 | Replay: 50000 | FPS: 21.61 | ETA: 46.6 min
2026-08-10 15:43:05,877 | INFO | Steps: 90112/150000 | Episodes: 176 | LastEpReward: 48.367 | RecentReward: 32.575 | ActorLoss: -7.726151 | CriticLoss: 0.027403 | Q: 7.7042 | TargetQ: 7.7048 | TDAbs: 0.1731 | ActorGrad: 0.0553 | CriticGrad: 1.0486 | Noise: 0.0954 | Replay: 50000 | FPS: 21.63 | ETA: 46.1 min
2026-08-10 15:43:26,159 | INFO | Steps: 90624/150000 | Episodes: 177 | LastEpReward: 44.984 | RecentReward: 34.221 | ActorLoss: -7.731762 | CriticLoss: 0.029075 | Q: 7.7072 | TargetQ: 7.7027 | TDAbs: 0.1748 | ActorGrad: 0.0704 | CriticGrad: 1.2051 | Noise: 0.0939 | Replay: 50000 | FPS: 21.65 | ETA: 45.7 min
2026-08-10 15:43:44,101 | INFO | Steps: 91136/150000 | Episodes: 178 | LastEpReward: 36.706 | RecentReward: 35.583 | ActorLoss: -7.759371 | CriticLoss: 0.028991 | Q: 7.7343 | TargetQ: 7.7333 | TDAbs: 0.1743 | ActorGrad: 0.0817 | CriticGrad: 1.1293 | Noise: 0.0925 | Replay: 50000 | FPS: 21.68 | ETA: 45.3 min
2026-08-10 15:44:01,735 | INFO | Steps: 91648/150000 | Episodes: 179 | LastEpReward: 40.243 | RecentReward: 36.319 | ActorLoss: -7.763491 | CriticLoss: 0.031641 | Q: 7.7388 | TargetQ: 7.7322 | TDAbs: 0.1797 | ActorGrad: 0.0683 | CriticGrad: 1.0869 | Noise: 0.0910 | Replay: 50000 | FPS: 21.71 | ETA: 44.8 min
2026-08-10 15:44:21,622 | INFO | 开始周期评估: Steps=92160 | Episodes=180 | EvalEpisodes=5
2026-08-10 15:45:17,508 | INFO | 周期评估完成: Steps=92160 | MeanReward=41.580 | StdReward=5.973
2026-08-10 15:45:17,643 | INFO | Steps: 92160/150000 | Episodes: 180 | LastEpReward: 52.303 | RecentReward: 38.626 | ActorLoss: -7.764236 | CriticLoss: 0.033380 | Q: 7.7384 | TargetQ: 7.7337 | TDAbs: 0.1833 | ActorGrad: 0.0826 | CriticGrad: 1.0835 | Noise: 0.0895 | Replay: 50000 | FPS: 21.45 | ETA: 44.9 min
2026-08-10 15:45:36,969 | INFO | Steps: 92672/150000 | Episodes: 181 | LastEpReward: 43.664 | RecentReward: 40.500 | ActorLoss: -7.800760 | CriticLoss: 0.031659 | Q: 7.7739 | TargetQ: 7.7714 | TDAbs: 0.1790 | ActorGrad: 0.0825 | CriticGrad: 0.8947 | Noise: 0.0881 | Replay: 50000 | FPS: 21.47 | ETA: 44.5 min
2026-08-10 15:45:57,288 | INFO | Steps: 93184/150000 | Episodes: 182 | LastEpReward: 53.590 | RecentReward: 42.529 | ActorLoss: -7.778090 | CriticLoss: 0.033606 | Q: 7.7509 | TargetQ: 7.7489 | TDAbs: 0.1861 | ActorGrad: 0.0840 | CriticGrad: 1.0380 | Noise: 0.0866 | Replay: 50000 | FPS: 21.49 | ETA: 44.1 min
2026-08-10 15:46:15,610 | INFO | Steps: 93696/150000 | Episodes: 183 | LastEpReward: 26.432 | RecentReward: 42.709 | ActorLoss: -7.851033 | CriticLoss: 0.029374 | Q: 7.8238 | TargetQ: 7.8217 | TDAbs: 0.1785 | ActorGrad: 0.1014 | CriticGrad: 1.0818 | Noise: 0.0852 | Replay: 50000 | FPS: 21.51 | ETA: 43.6 min
2026-08-10 15:46:36,237 | INFO | Steps: 94208/150000 | Episodes: 184 | LastEpReward: 36.558 | RecentReward: 42.599 | ActorLoss: -7.905026 | CriticLoss: 0.031924 | Q: 7.8770 | TargetQ: 7.8754 | TDAbs: 0.1832 | ActorGrad: 0.0872 | CriticGrad: 1.0541 | Noise: 0.0837 | Replay: 50000 | FPS: 21.53 | ETA: 43.2 min
2026-08-10 15:46:55,801 | INFO | Steps: 94720/150000 | Episodes: 185 | LastEpReward: 34.506 | RecentReward: 41.735 | ActorLoss: -7.846030 | CriticLoss: 0.033460 | Q: 7.8192 | TargetQ: 7.8149 | TDAbs: 0.1851 | ActorGrad: 0.0834 | CriticGrad: 1.1199 | Noise: 0.0822 | Replay: 50000 | FPS: 21.55 | ETA: 42.8 min
2026-08-10 15:47:13,253 | INFO | Steps: 95232/150000 | Episodes: 186 | LastEpReward: 30.970 | RecentReward: 39.996 | ActorLoss: -7.914179 | CriticLoss: 0.029938 | Q: 7.8897 | TargetQ: 7.8880 | TDAbs: 0.1781 | ActorGrad: 0.1052 | CriticGrad: 1.0142 | Noise: 0.0808 | Replay: 50000 | FPS: 21.58 | ETA: 42.3 min
2026-08-10 15:47:32,116 | INFO | Steps: 95744/150000 | Episodes: 187 | LastEpReward: 35.394 | RecentReward: 39.037 | ActorLoss: -7.883854 | CriticLoss: 0.033592 | Q: 7.8591 | TargetQ: 7.8606 | TDAbs: 0.1888 | ActorGrad: 0.0837 | CriticGrad: 1.1027 | Noise: 0.0793 | Replay: 50000 | FPS: 21.60 | ETA: 41.9 min
2026-08-10 15:47:51,018 | INFO | Steps: 96256/150000 | Episodes: 188 | LastEpReward: 29.812 | RecentReward: 38.347 | ActorLoss: -7.899900 | CriticLoss: 0.035585 | Q: 7.8753 | TargetQ: 7.8698 | TDAbs: 0.1889 | ActorGrad: 0.1052 | CriticGrad: 1.0063 | Noise: 0.0778 | Replay: 50000 | FPS: 21.63 | ETA: 41.4 min
2026-08-10 15:48:09,921 | INFO | Steps: 96768/150000 | Episodes: 189 | LastEpReward: 29.419 | RecentReward: 37.265 | ActorLoss: -7.855580 | CriticLoss: 0.035190 | Q: 7.8305 | TargetQ: 7.8283 | TDAbs: 0.1881 | ActorGrad: 0.0986 | CriticGrad: 1.1927 | Noise: 0.0764 | Replay: 50000 | FPS: 21.65 | ETA: 41.0 min
2026-08-10 15:48:30,415 | INFO | 开始周期评估: Steps=97280 | Episodes=190 | EvalEpisodes=5
2026-08-10 15:49:26,024 | INFO | 周期评估完成: Steps=97280 | MeanReward=40.052 | StdReward=7.470
2026-08-10 15:49:26,046 | INFO | Steps: 97280/150000 | Episodes: 190 | LastEpReward: 42.436 | RecentReward: 36.278 | ActorLoss: -7.855524 | CriticLoss: 0.036509 | Q: 7.8307 | TargetQ: 7.8263 | TDAbs: 0.1903 | ActorGrad: 0.1040 | CriticGrad: 1.1963 | Noise: 0.0749 | Replay: 50000 | FPS: 21.40 | ETA: 41.1 min
2026-08-10 15:49:46,172 | INFO | Steps: 97792/150000 | Episodes: 191 | LastEpReward: 37.792 | RecentReward: 35.691 | ActorLoss: -7.858729 | CriticLoss: 0.034455 | Q: 7.8358 | TargetQ: 7.8316 | TDAbs: 0.1917 | ActorGrad: 0.1018 | CriticGrad: 1.0807 | Noise: 0.0735 | Replay: 50000 | FPS: 21.42 | ETA: 40.6 min
2026-08-10 15:50:06,709 | INFO | Steps: 98304/150000 | Episodes: 192 | LastEpReward: 46.074 | RecentReward: 34.939 | ActorLoss: -7.869094 | CriticLoss: 0.035326 | Q: 7.8453 | TargetQ: 7.8403 | TDAbs: 0.1898 | ActorGrad: 0.1259 | CriticGrad: 1.0950 | Noise: 0.0720 | Replay: 50000 | FPS: 21.43 | ETA: 40.2 min
2026-08-10 15:50:25,976 | INFO | Steps: 98816/150000 | Episodes: 193 | LastEpReward: 39.709 | RecentReward: 36.267 | ActorLoss: -7.896754 | CriticLoss: 0.037658 | Q: 7.8735 | TargetQ: 7.8665 | TDAbs: 0.1949 | ActorGrad: 0.1170 | CriticGrad: 1.3326 | Noise: 0.0705 | Replay: 50000 | FPS: 21.46 | ETA: 39.8 min
2026-08-10 15:50:44,843 | INFO | Steps: 99328/150000 | Episodes: 194 | LastEpReward: 31.206 | RecentReward: 35.732 | ActorLoss: -7.829121 | CriticLoss: 0.034887 | Q: 7.8059 | TargetQ: 7.8047 | TDAbs: 0.1925 | ActorGrad: 0.1177 | CriticGrad: 1.3522 | Noise: 0.0691 | Replay: 50000 | FPS: 21.48 | ETA: 39.3 min
2026-08-10 15:51:02,637 | INFO | Steps: 99840/150000 | Episodes: 195 | LastEpReward: 34.331 | RecentReward: 35.714 | ActorLoss: -7.841798 | CriticLoss: 0.034507 | Q: 7.8186 | TargetQ: 7.8175 | TDAbs: 0.1920 | ActorGrad: 0.1145 | CriticGrad: 1.1992 | Noise: 0.0676 | Replay: 50000 | FPS: 21.51 | ETA: 38.9 min
2026-08-10 15:51:21,360 | INFO | Steps: 100352/150000 | Episodes: 196 | LastEpReward: 34.293 | RecentReward: 36.047 | ActorLoss: -7.838598 | CriticLoss: 0.036041 | Q: 7.8169 | TargetQ: 7.8156 | TDAbs: 0.1931 | ActorGrad: 0.1272 | CriticGrad: 1.1710 | Noise: 0.0661 | Replay: 50000 | FPS: 21.53 | ETA: 38.4 min
2026-08-10 15:51:39,793 | INFO | Steps: 100864/150000 | Episodes: 197 | LastEpReward: 33.846 | RecentReward: 35.892 | ActorLoss: -7.778087 | CriticLoss: 0.036185 | Q: 7.7563 | TargetQ: 7.7549 | TDAbs: 0.1968 | ActorGrad: 0.1198 | CriticGrad: 1.0745 | Noise: 0.0647 | Replay: 50000 | FPS: 21.55 | ETA: 38.0 min
2026-08-10 15:52:00,299 | INFO | Steps: 101376/150000 | Episodes: 198 | LastEpReward: 41.799 | RecentReward: 37.091 | ActorLoss: -7.870775 | CriticLoss: 0.038330 | Q: 7.8492 | TargetQ: 7.8428 | TDAbs: 0.1989 | ActorGrad: 0.1166 | CriticGrad: 1.2091 | Noise: 0.0632 | Replay: 50000 | FPS: 21.57 | ETA: 37.6 min
2026-08-10 15:52:19,425 | INFO | Steps: 101888/150000 | Episodes: 199 | LastEpReward: 37.886 | RecentReward: 37.937 | ActorLoss: -7.893468 | CriticLoss: 0.037603 | Q: 7.8722 | TargetQ: 7.8696 | TDAbs: 0.2007 | ActorGrad: 0.1168 | CriticGrad: 1.4105 | Noise: 0.0617 | Replay: 50000 | FPS: 21.59 | ETA: 37.1 min
2026-08-10 15:52:37,994 | INFO | 开始周期评估: Steps=102400 | Episodes=200 | EvalEpisodes=5
2026-08-10 15:53:30,714 | INFO | 周期评估完成: Steps=102400 | MeanReward=39.914 | StdReward=7.365
2026-08-10 15:53:30,728 | INFO | Steps: 102400/150000 | Episodes: 200 | LastEpReward: 41.047 | RecentReward: 37.798 | ActorLoss: -7.817131 | CriticLoss: 0.039539 | Q: 7.7955 | TargetQ: 7.7946 | TDAbs: 0.2047 | ActorGrad: 0.1159 | CriticGrad: 1.2563 | Noise: 0.0603 | Replay: 50000 | FPS: 21.38 | ETA: 37.1 min
2026-08-10 15:53:49,208 | INFO | Steps: 102912/150000 | Episodes: 201 | LastEpReward: 34.645 | RecentReward: 37.484 | ActorLoss: -7.838330 | CriticLoss: 0.038507 | Q: 7.8155 | TargetQ: 7.8126 | TDAbs: 0.2029 | ActorGrad: 0.1135 | CriticGrad: 1.1588 | Noise: 0.0588 | Replay: 50000 | FPS: 21.40 | ETA: 36.7 min
2026-08-10 15:54:07,586 | INFO | Steps: 103424/150000 | Episodes: 202 | LastEpReward: 30.499 | RecentReward: 35.926 | ActorLoss: -7.864371 | CriticLoss: 0.040392 | Q: 7.8424 | TargetQ: 7.8378 | TDAbs: 0.2059 | ActorGrad: 0.1199 | CriticGrad: 1.1608 | Noise: 0.0574 | Replay: 50000 | FPS: 21.43 | ETA: 36.2 min
2026-08-10 15:54:25,907 | INFO | Steps: 103936/150000 | Episodes: 203 | LastEpReward: 35.777 | RecentReward: 35.533 | ActorLoss: -7.852966 | CriticLoss: 0.042993 | Q: 7.8289 | TargetQ: 7.8269 | TDAbs: 0.2114 | ActorGrad: 0.1389 | CriticGrad: 1.2460 | Noise: 0.0559 | Replay: 50000 | FPS: 21.45 | ETA: 35.8 min
2026-08-10 15:54:44,138 | INFO | Steps: 104448/150000 | Episodes: 204 | LastEpReward: 42.534 | RecentReward: 36.666 | ActorLoss: -7.853903 | CriticLoss: 0.043449 | Q: 7.8296 | TargetQ: 7.8300 | TDAbs: 0.2169 | ActorGrad: 0.1197 | CriticGrad: 1.3136 | Noise: 0.0544 | Replay: 50000 | FPS: 21.47 | ETA: 35.4 min
2026-08-10 15:55:03,944 | INFO | Steps: 104960/150000 | Episodes: 205 | LastEpReward: 22.545 | RecentReward: 35.487 | ActorLoss: -7.901516 | CriticLoss: 0.041036 | Q: 7.8746 | TargetQ: 7.8740 | TDAbs: 0.2094 | ActorGrad: 0.1608 | CriticGrad: 1.2472 | Noise: 0.0530 | Replay: 50000 | FPS: 21.49 | ETA: 34.9 min
2026-08-10 15:55:22,356 | INFO | Steps: 105472/150000 | Episodes: 206 | LastEpReward: 42.311 | RecentReward: 36.289 | ActorLoss: -7.890495 | CriticLoss: 0.044732 | Q: 7.8652 | TargetQ: 7.8603 | TDAbs: 0.2155 | ActorGrad: 0.1570 | CriticGrad: 1.1984 | Noise: 0.0515 | Replay: 50000 | FPS: 21.52 | ETA: 34.5 min
2026-08-10 15:55:43,855 | INFO | Steps: 105984/150000 | Episodes: 207 | LastEpReward: 51.064 | RecentReward: 38.011 | ActorLoss: -7.888091 | CriticLoss: 0.048045 | Q: 7.8675 | TargetQ: 7.8635 | TDAbs: 0.2228 | ActorGrad: 0.1579 | CriticGrad: 1.3633 | Noise: 0.0500 | Replay: 50000 | FPS: 21.53 | ETA: 34.1 min
2026-08-10 15:56:01,726 | INFO | Steps: 106496/150000 | Episodes: 208 | LastEpReward: 31.687 | RecentReward: 36.999 | ActorLoss: -7.950714 | CriticLoss: 0.047852 | Q: 7.9303 | TargetQ: 7.9280 | TDAbs: 0.2231 | ActorGrad: 0.1477 | CriticGrad: 1.3135 | Noise: 0.0500 | Replay: 50000 | FPS: 21.55 | ETA: 33.6 min
2026-08-10 15:56:19,652 | INFO | Steps: 107008/150000 | Episodes: 209 | LastEpReward: 43.582 | RecentReward: 37.569 | ActorLoss: -7.925324 | CriticLoss: 0.049661 | Q: 7.8996 | TargetQ: 7.8949 | TDAbs: 0.2261 | ActorGrad: 0.1627 | CriticGrad: 1.3431 | Noise: 0.0500 | Replay: 50000 | FPS: 21.58 | ETA: 33.2 min
2026-08-10 15:56:38,520 | INFO | 开始周期评估: Steps=107520 | Episodes=210 | EvalEpisodes=5
2026-08-10 15:57:28,801 | INFO | 周期评估完成: Steps=107520 | MeanReward=40.267 | StdReward=7.367
2026-08-10 15:57:28,816 | INFO | Steps: 107520/150000 | Episodes: 210 | LastEpReward: 35.880 | RecentReward: 37.052 | ActorLoss: -7.950444 | CriticLoss: 0.049541 | Q: 7.9221 | TargetQ: 7.9178 | TDAbs: 0.2302 | ActorGrad: 0.1575 | CriticGrad: 1.3944 | Noise: 0.0500 | Replay: 50000 | FPS: 21.38 | ETA: 33.1 min
2026-08-10 15:57:47,565 | INFO | Steps: 108032/150000 | Episodes: 211 | LastEpReward: 33.006 | RecentReward: 36.888 | ActorLoss: -7.912076 | CriticLoss: 0.050314 | Q: 7.8849 | TargetQ: 7.8863 | TDAbs: 0.2336 | ActorGrad: 0.1672 | CriticGrad: 1.5880 | Noise: 0.0500 | Replay: 50000 | FPS: 21.40 | ETA: 32.7 min
2026-08-10 15:58:05,910 | INFO | Steps: 108544/150000 | Episodes: 212 | LastEpReward: 42.245 | RecentReward: 38.063 | ActorLoss: -7.954548 | CriticLoss: 0.051942 | Q: 7.9274 | TargetQ: 7.9269 | TDAbs: 0.2367 | ActorGrad: 0.1681 | CriticGrad: 1.4444 | Noise: 0.0500 | Replay: 50000 | FPS: 21.43 | ETA: 32.2 min
2026-08-10 15:58:25,801 | INFO | Steps: 109056/150000 | Episodes: 213 | LastEpReward: 40.519 | RecentReward: 38.537 | ActorLoss: -7.955141 | CriticLoss: 0.054724 | Q: 7.9327 | TargetQ: 7.9299 | TDAbs: 0.2420 | ActorGrad: 0.1739 | CriticGrad: 1.3072 | Noise: 0.0500 | Replay: 50000 | FPS: 21.44 | ETA: 31.8 min
2026-08-10 15:58:43,171 | INFO | Steps: 109568/150000 | Episodes: 214 | LastEpReward: 26.820 | RecentReward: 36.966 | ActorLoss: -7.912134 | CriticLoss: 0.055898 | Q: 7.8898 | TargetQ: 7.8909 | TDAbs: 0.2414 | ActorGrad: 0.1799 | CriticGrad: 1.6233 | Noise: 0.0500 | Replay: 50000 | FPS: 21.47 | ETA: 31.4 min
2026-08-10 15:59:02,963 | INFO | Steps: 110080/150000 | Episodes: 215 | LastEpReward: 41.613 | RecentReward: 38.873 | ActorLoss: -7.920294 | CriticLoss: 0.056663 | Q: 7.8970 | TargetQ: 7.8957 | TDAbs: 0.2441 | ActorGrad: 0.1881 | CriticGrad: 1.5200 | Noise: 0.0500 | Replay: 50000 | FPS: 21.49 | ETA: 31.0 min
2026-08-10 15:59:22,986 | INFO | Steps: 110592/150000 | Episodes: 216 | LastEpReward: 44.032 | RecentReward: 39.045 | ActorLoss: -7.884704 | CriticLoss: 0.058557 | Q: 7.8585 | TargetQ: 7.8569 | TDAbs: 0.2474 | ActorGrad: 0.1780 | CriticGrad: 1.7441 | Noise: 0.0500 | Replay: 50000 | FPS: 21.51 | ETA: 30.5 min
2026-08-10 15:59:41,290 | INFO | Steps: 111104/150000 | Episodes: 217 | LastEpReward: 25.854 | RecentReward: 36.524 | ActorLoss: -7.903851 | CriticLoss: 0.058344 | Q: 7.8733 | TargetQ: 7.8715 | TDAbs: 0.2502 | ActorGrad: 0.2218 | CriticGrad: 1.5401 | Noise: 0.0500 | Replay: 50000 | FPS: 21.53 | ETA: 30.1 min
2026-08-10 15:59:59,491 | INFO | Steps: 111616/150000 | Episodes: 218 | LastEpReward: 33.471 | RecentReward: 36.702 | ActorLoss: -7.995084 | CriticLoss: 0.064132 | Q: 7.9654 | TargetQ: 7.9645 | TDAbs: 0.2608 | ActorGrad: 0.2294 | CriticGrad: 1.6039 | Noise: 0.0500 | Replay: 50000 | FPS: 21.55 | ETA: 29.7 min
2026-08-10 16:00:19,901 | INFO | Steps: 112128/150000 | Episodes: 219 | LastEpReward: 33.988 | RecentReward: 35.743 | ActorLoss: -7.939123 | CriticLoss: 0.067865 | Q: 7.9060 | TargetQ: 7.9014 | TDAbs: 0.2689 | ActorGrad: 0.2507 | CriticGrad: 1.6175 | Noise: 0.0500 | Replay: 50000 | FPS: 21.57 | ETA: 29.3 min
2026-08-10 16:00:39,570 | INFO | 开始周期评估: Steps=112640 | Episodes=220 | EvalEpisodes=5
2026-08-10 16:01:31,778 | INFO | 周期评估完成: Steps=112640 | MeanReward=33.056 | StdReward=6.000
2026-08-10 16:01:31,800 | INFO | Steps: 112640/150000 | Episodes: 220 | LastEpReward: 19.137 | RecentReward: 34.069 | ActorLoss: -7.916350 | CriticLoss: 0.070703 | Q: 7.8795 | TargetQ: 7.8791 | TDAbs: 0.2764 | ActorGrad: 0.2517 | CriticGrad: 1.7669 | Noise: 0.0500 | Replay: 50000 | FPS: 21.37 | ETA: 29.1 min
2026-08-10 16:01:50,537 | INFO | Steps: 113152/150000 | Episodes: 221 | LastEpReward: 34.927 | RecentReward: 34.261 | ActorLoss: -8.011068 | CriticLoss: 0.077374 | Q: 7.9689 | TargetQ: 7.9660 | TDAbs: 0.2843 | ActorGrad: 0.2364 | CriticGrad: 1.8495 | Noise: 0.0500 | Replay: 50000 | FPS: 21.39 | ETA: 28.7 min
2026-08-10 16:02:09,258 | INFO | Steps: 113664/150000 | Episodes: 222 | LastEpReward: 34.006 | RecentReward: 33.437 | ActorLoss: -7.961489 | CriticLoss: 0.086259 | Q: 7.9234 | TargetQ: 7.9176 | TDAbs: 0.3022 | ActorGrad: 0.2393 | CriticGrad: 1.8619 | Noise: 0.0500 | Replay: 50000 | FPS: 21.41 | ETA: 28.3 min
2026-08-10 16:02:29,391 | INFO | Steps: 114176/150000 | Episodes: 223 | LastEpReward: 32.503 | RecentReward: 32.635 | ActorLoss: -8.007953 | CriticLoss: 0.086847 | Q: 7.9788 | TargetQ: 7.9742 | TDAbs: 0.3030 | ActorGrad: 0.2613 | CriticGrad: 1.9486 | Noise: 0.0500 | Replay: 50000 | FPS: 21.43 | ETA: 27.9 min
2026-08-10 16:02:49,810 | INFO | Steps: 114688/150000 | Episodes: 224 | LastEpReward: 32.930 | RecentReward: 33.246 | ActorLoss: -8.011960 | CriticLoss: 0.089237 | Q: 7.9676 | TargetQ: 7.9688 | TDAbs: 0.3061 | ActorGrad: 0.2567 | CriticGrad: 1.8886 | Noise: 0.0500 | Replay: 50000 | FPS: 21.44 | ETA: 27.5 min
2026-08-10 16:03:09,795 | INFO | Steps: 115200/150000 | Episodes: 225 | LastEpReward: 44.467 | RecentReward: 33.532 | ActorLoss: -8.078944 | CriticLoss: 0.094072 | Q: 8.0335 | TargetQ: 8.0309 | TDAbs: 0.3170 | ActorGrad: 0.2556 | CriticGrad: 1.9973 | Noise: 0.0500 | Replay: 50000 | FPS: 21.45 | ETA: 27.0 min
2026-08-10 16:03:28,585 | INFO | Steps: 115712/150000 | Episodes: 226 | LastEpReward: 38.689 | RecentReward: 32.997 | ActorLoss: -8.082322 | CriticLoss: 0.101594 | Q: 8.0426 | TargetQ: 8.0413 | TDAbs: 0.3281 | ActorGrad: 0.2539 | CriticGrad: 1.9646 | Noise: 0.0500 | Replay: 50000 | FPS: 21.48 | ETA: 26.6 min
2026-08-10 16:03:47,372 | INFO | Steps: 116224/150000 | Episodes: 227 | LastEpReward: 35.274 | RecentReward: 33.939 | ActorLoss: -8.026962 | CriticLoss: 0.099152 | Q: 7.9899 | TargetQ: 7.9843 | TDAbs: 0.3275 | ActorGrad: 0.2549 | CriticGrad: 2.3968 | Noise: 0.0500 | Replay: 50000 | FPS: 21.50 | ETA: 26.2 min
2026-08-10 16:04:05,870 | INFO | Steps: 116736/150000 | Episodes: 228 | LastEpReward: 25.912 | RecentReward: 33.183 | ActorLoss: -8.078964 | CriticLoss: 0.101258 | Q: 8.0364 | TargetQ: 8.0348 | TDAbs: 0.3290 | ActorGrad: 0.2830 | CriticGrad: 2.1019 | Noise: 0.0500 | Replay: 50000 | FPS: 21.52 | ETA: 25.8 min
2026-08-10 16:04:24,986 | INFO | Steps: 117248/150000 | Episodes: 229 | LastEpReward: 38.854 | RecentReward: 33.670 | ActorLoss: -7.952410 | CriticLoss: 0.108676 | Q: 7.9132 | TargetQ: 7.9130 | TDAbs: 0.3403 | ActorGrad: 0.2741 | CriticGrad: 2.0554 | Noise: 0.0500 | Replay: 50000 | FPS: 21.53 | ETA: 25.3 min
2026-08-10 16:04:43,651 | INFO | 开始周期评估: Steps=117760 | Episodes=230 | EvalEpisodes=5
2026-08-10 16:05:34,953 | INFO | 周期评估完成: Steps=117760 | MeanReward=40.378 | StdReward=6.171
2026-08-10 16:05:34,968 | INFO | Steps: 117760/150000 | Episodes: 230 | LastEpReward: 38.420 | RecentReward: 35.598 | ActorLoss: -8.125926 | CriticLoss: 0.113977 | Q: 8.0926 | TargetQ: 8.0919 | TDAbs: 0.3450 | ActorGrad: 0.2626 | CriticGrad: 2.1299 | Noise: 0.0500 | Replay: 50000 | FPS: 21.35 | ETA: 25.2 min
2026-08-10 16:05:53,615 | INFO | Steps: 118272/150000 | Episodes: 231 | LastEpReward: 32.022 | RecentReward: 35.308 | ActorLoss: -8.002806 | CriticLoss: 0.118581 | Q: 7.9621 | TargetQ: 7.9648 | TDAbs: 0.3554 | ActorGrad: 0.2701 | CriticGrad: 2.1838 | Noise: 0.0500 | Replay: 50000 | FPS: 21.37 | ETA: 24.7 min
2026-08-10 16:06:14,080 | INFO | Steps: 118784/150000 | Episodes: 232 | LastEpReward: 39.922 | RecentReward: 35.899 | ActorLoss: -7.958417 | CriticLoss: 0.125331 | Q: 7.9279 | TargetQ: 7.9289 | TDAbs: 0.3633 | ActorGrad: 0.2836 | CriticGrad: 2.3803 | Noise: 0.0500 | Replay: 50000 | FPS: 21.39 | ETA: 24.3 min
2026-08-10 16:06:34,519 | INFO | Steps: 119296/150000 | Episodes: 233 | LastEpReward: 39.521 | RecentReward: 36.601 | ActorLoss: -7.952212 | CriticLoss: 0.127012 | Q: 7.9286 | TargetQ: 7.9273 | TDAbs: 0.3654 | ActorGrad: 0.2612 | CriticGrad: 2.5508 | Noise: 0.0500 | Replay: 50000 | FPS: 21.40 | ETA: 23.9 min
2026-08-10 16:06:53,057 | INFO | Steps: 119808/150000 | Episodes: 234 | LastEpReward: 35.468 | RecentReward: 36.855 | ActorLoss: -8.034144 | CriticLoss: 0.133421 | Q: 8.0110 | TargetQ: 8.0063 | TDAbs: 0.3706 | ActorGrad: 0.2510 | CriticGrad: 2.3948 | Noise: 0.0500 | Replay: 50000 | FPS: 21.42 | ETA: 23.5 min
2026-08-10 16:07:13,133 | INFO | Steps: 120320/150000 | Episodes: 235 | LastEpReward: 50.193 | RecentReward: 37.427 | ActorLoss: -8.040778 | CriticLoss: 0.129335 | Q: 8.0117 | TargetQ: 8.0146 | TDAbs: 0.3662 | ActorGrad: 0.2685 | CriticGrad: 2.6073 | Noise: 0.0500 | Replay: 50000 | FPS: 21.44 | ETA: 23.1 min
2026-08-10 16:07:31,761 | INFO | Steps: 120832/150000 | Episodes: 236 | LastEpReward: 33.898 | RecentReward: 36.948 | ActorLoss: -8.117546 | CriticLoss: 0.134170 | Q: 8.0895 | TargetQ: 8.0913 | TDAbs: 0.3736 | ActorGrad: 0.2690 | CriticGrad: 2.4666 | Noise: 0.0500 | Replay: 50000 | FPS: 21.46 | ETA: 22.7 min
2026-08-10 16:07:50,914 | INFO | Steps: 121344/150000 | Episodes: 237 | LastEpReward: 36.456 | RecentReward: 37.067 | ActorLoss: -8.123709 | CriticLoss: 0.133132 | Q: 8.0965 | TargetQ: 8.0963 | TDAbs: 0.3723 | ActorGrad: 0.2472 | CriticGrad: 2.6643 | Noise: 0.0500 | Replay: 50000 | FPS: 21.47 | ETA: 22.2 min
2026-08-10 16:08:11,180 | INFO | Steps: 121856/150000 | Episodes: 238 | LastEpReward: 28.936 | RecentReward: 37.369 | ActorLoss: -8.132674 | CriticLoss: 0.130566 | Q: 8.1095 | TargetQ: 8.1119 | TDAbs: 0.3683 | ActorGrad: 0.2370 | CriticGrad: 2.5455 | Noise: 0.0500 | Replay: 50000 | FPS: 21.49 | ETA: 21.8 min
2026-08-10 16:08:30,384 | INFO | Steps: 122368/150000 | Episodes: 239 | LastEpReward: 44.031 | RecentReward: 37.887 | ActorLoss: -7.949506 | CriticLoss: 0.128244 | Q: 7.9258 | TargetQ: 7.9242 | TDAbs: 0.3674 | ActorGrad: 0.2336 | CriticGrad: 2.6273 | Noise: 0.0500 | Replay: 50000 | FPS: 21.51 | ETA: 21.4 min
2026-08-10 16:08:48,892 | INFO | 开始周期评估: Steps=122880 | Episodes=240 | EvalEpisodes=5
2026-08-10 16:09:45,086 | INFO | 周期评估完成: Steps=122880 | MeanReward=40.569 | StdReward=5.886
2026-08-10 16:09:45,101 | INFO | Steps: 122880/150000 | Episodes: 240 | LastEpReward: 23.418 | RecentReward: 36.386 | ActorLoss: -7.868164 | CriticLoss: 0.138835 | Q: 7.8409 | TargetQ: 7.8360 | TDAbs: 0.3766 | ActorGrad: 0.2754 | CriticGrad: 2.4647 | Noise: 0.0500 | Replay: 50000 | FPS: 21.32 | ETA: 21.2 min
2026-08-10 16:10:04,086 | INFO | Steps: 123392/150000 | Episodes: 241 | LastEpReward: 29.489 | RecentReward: 36.133 | ActorLoss: -7.962407 | CriticLoss: 0.131974 | Q: 7.9348 | TargetQ: 7.9310 | TDAbs: 0.3678 | ActorGrad: 0.2825 | CriticGrad: 2.4596 | Noise: 0.0500 | Replay: 50000 | FPS: 21.33 | ETA: 20.8 min
2026-08-10 16:10:23,290 | INFO | Steps: 123904/150000 | Episodes: 242 | LastEpReward: 48.034 | RecentReward: 36.944 | ActorLoss: -8.015091 | CriticLoss: 0.144844 | Q: 7.9828 | TargetQ: 7.9733 | TDAbs: 0.3838 | ActorGrad: 0.2564 | CriticGrad: 2.6972 | Noise: 0.0500 | Replay: 50000 | FPS: 21.35 | ETA: 20.4 min
2026-08-10 16:10:42,322 | INFO | Steps: 124416/150000 | Episodes: 243 | LastEpReward: 38.215 | RecentReward: 36.814 | ActorLoss: -8.084378 | CriticLoss: 0.138520 | Q: 8.0448 | TargetQ: 8.0441 | TDAbs: 0.3747 | ActorGrad: 0.2675 | CriticGrad: 2.7664 | Noise: 0.0500 | Replay: 50000 | FPS: 21.37 | ETA: 20.0 min
2026-08-10 16:11:00,350 | INFO | Steps: 124928/150000 | Episodes: 244 | LastEpReward: 32.126 | RecentReward: 36.480 | ActorLoss: -8.032856 | CriticLoss: 0.137919 | Q: 7.9951 | TargetQ: 7.9955 | TDAbs: 0.3750 | ActorGrad: 0.2881 | CriticGrad: 2.7476 | Noise: 0.0500 | Replay: 50000 | FPS: 21.39 | ETA: 19.5 min
2026-08-10 16:11:19,745 | INFO | Steps: 125440/150000 | Episodes: 245 | LastEpReward: 19.034 | RecentReward: 33.364 | ActorLoss: -8.125246 | CriticLoss: 0.141009 | Q: 8.0911 | TargetQ: 8.0871 | TDAbs: 0.3795 | ActorGrad: 0.2888 | CriticGrad: 2.7617 | Noise: 0.0500 | Replay: 50000 | FPS: 21.41 | ETA: 19.1 min
2026-08-10 16:11:39,153 | INFO | Steps: 125952/150000 | Episodes: 246 | LastEpReward: 36.167 | RecentReward: 33.591 | ActorLoss: -7.988167 | CriticLoss: 0.140165 | Q: 7.9489 | TargetQ: 7.9492 | TDAbs: 0.3780 | ActorGrad: 0.2525 | CriticGrad: 2.8764 | Noise: 0.0500 | Replay: 50000 | FPS: 21.42 | ETA: 18.7 min
2026-08-10 16:11:57,710 | INFO | Steps: 126464/150000 | Episodes: 247 | LastEpReward: 39.063 | RecentReward: 33.851 | ActorLoss: -8.222922 | CriticLoss: 0.152786 | Q: 8.1764 | TargetQ: 8.1694 | TDAbs: 0.3904 | ActorGrad: 0.2592 | CriticGrad: 3.1051 | Noise: 0.0500 | Replay: 50000 | FPS: 21.44 | ETA: 18.3 min
2026-08-10 16:12:16,550 | INFO | Steps: 126976/150000 | Episodes: 248 | LastEpReward: 47.176 | RecentReward: 35.675 | ActorLoss: -7.991268 | CriticLoss: 0.144649 | Q: 7.9495 | TargetQ: 7.9445 | TDAbs: 0.3820 | ActorGrad: 0.2514 | CriticGrad: 2.8659 | Noise: 0.0500 | Replay: 50000 | FPS: 21.46 | ETA: 17.9 min
2026-08-10 16:12:37,756 | INFO | Steps: 127488/150000 | Episodes: 249 | LastEpReward: 43.912 | RecentReward: 35.663 | ActorLoss: -8.210640 | CriticLoss: 0.143945 | Q: 8.1630 | TargetQ: 8.1694 | TDAbs: 0.3809 | ActorGrad: 0.2211 | CriticGrad: 3.0213 | Noise: 0.0500 | Replay: 50000 | FPS: 21.47 | ETA: 17.5 min
2026-08-10 16:12:57,507 | INFO | 开始周期评估: Steps=128000 | Episodes=250 | EvalEpisodes=5
2026-08-10 16:13:52,829 | INFO | 周期评估完成: Steps=128000 | MeanReward=38.572 | StdReward=7.511
2026-08-10 16:13:52,845 | INFO | Steps: 128000/150000 | Episodes: 250 | LastEpReward: 44.104 | RecentReward: 37.732 | ActorLoss: -8.287146 | CriticLoss: 0.148287 | Q: 8.2515 | TargetQ: 8.2474 | TDAbs: 0.3848 | ActorGrad: 0.2470 | CriticGrad: 2.9682 | Noise: 0.0500 | Replay: 50000 | FPS: 21.29 | ETA: 17.2 min
2026-08-10 16:14:11,711 | INFO | Steps: 128512/150000 | Episodes: 251 | LastEpReward: 34.330 | RecentReward: 38.216 | ActorLoss: -8.156475 | CriticLoss: 0.157959 | Q: 8.1151 | TargetQ: 8.1162 | TDAbs: 0.3942 | ActorGrad: 0.2051 | CriticGrad: 3.0016 | Noise: 0.0500 | Replay: 50000 | FPS: 21.31 | ETA: 16.8 min
2026-08-10 16:14:30,942 | INFO | Steps: 129024/150000 | Episodes: 252 | LastEpReward: 27.677 | RecentReward: 36.180 | ActorLoss: -8.401375 | CriticLoss: 0.154615 | Q: 8.3552 | TargetQ: 8.3535 | TDAbs: 0.3896 | ActorGrad: 0.2246 | CriticGrad: 3.0862 | Noise: 0.0500 | Replay: 50000 | FPS: 21.32 | ETA: 16.4 min
2026-08-10 16:14:50,748 | INFO | Steps: 129536/150000 | Episodes: 253 | LastEpReward: 33.497 | RecentReward: 35.709 | ActorLoss: -8.416449 | CriticLoss: 0.157933 | Q: 8.3711 | TargetQ: 8.3788 | TDAbs: 0.3943 | ActorGrad: 0.2437 | CriticGrad: 3.2583 | Noise: 0.0500 | Replay: 50000 | FPS: 21.34 | ETA: 16.0 min
2026-08-10 16:15:11,371 | INFO | Steps: 130048/150000 | Episodes: 254 | LastEpReward: 51.320 | RecentReward: 37.628 | ActorLoss: -8.443119 | CriticLoss: 0.161160 | Q: 8.4081 | TargetQ: 8.4123 | TDAbs: 0.3975 | ActorGrad: 0.2034 | CriticGrad: 3.3043 | Noise: 0.0500 | Replay: 50000 | FPS: 21.35 | ETA: 15.6 min
2026-08-10 16:15:29,993 | INFO | Steps: 130560/150000 | Episodes: 255 | LastEpReward: 34.956 | RecentReward: 39.220 | ActorLoss: -8.506230 | CriticLoss: 0.167906 | Q: 8.4560 | TargetQ: 8.4596 | TDAbs: 0.4028 | ActorGrad: 0.2538 | CriticGrad: 3.2817 | Noise: 0.0500 | Replay: 50000 | FPS: 21.37 | ETA: 15.2 min
2026-08-10 16:15:50,998 | INFO | Steps: 131072/150000 | Episodes: 256 | LastEpReward: 42.898 | RecentReward: 39.893 | ActorLoss: -8.507477 | CriticLoss: 0.183538 | Q: 8.4503 | TargetQ: 8.4544 | TDAbs: 0.4164 | ActorGrad: 0.2446 | CriticGrad: 3.4091 | Noise: 0.0500 | Replay: 50000 | FPS: 21.38 | ETA: 14.8 min
2026-08-10 16:16:11,869 | INFO | Steps: 131584/150000 | Episodes: 257 | LastEpReward: 37.365 | RecentReward: 39.723 | ActorLoss: -8.669000 | CriticLoss: 0.172558 | Q: 8.6179 | TargetQ: 8.6229 | TDAbs: 0.4052 | ActorGrad: 0.2294 | CriticGrad: 3.3695 | Noise: 0.0500 | Replay: 50000 | FPS: 21.39 | ETA: 14.3 min
2026-08-10 16:16:31,094 | INFO | Steps: 132096/150000 | Episodes: 258 | LastEpReward: 35.590 | RecentReward: 38.565 | ActorLoss: -9.019665 | CriticLoss: 0.173302 | Q: 8.9546 | TargetQ: 8.9492 | TDAbs: 0.4072 | ActorGrad: 0.2296 | CriticGrad: 3.5364 | Noise: 0.0500 | Replay: 50000 | FPS: 21.41 | ETA: 13.9 min
2026-08-10 16:16:50,281 | INFO | Steps: 132608/150000 | Episodes: 259 | LastEpReward: 35.729 | RecentReward: 37.747 | ActorLoss: -8.739515 | CriticLoss: 0.182855 | Q: 8.6899 | TargetQ: 8.6925 | TDAbs: 0.4180 | ActorGrad: 0.2128 | CriticGrad: 3.5812 | Noise: 0.0500 | Replay: 50000 | FPS: 21.42 | ETA: 13.5 min
2026-08-10 16:17:11,235 | INFO | 开始周期评估: Steps=133120 | Episodes=260 | EvalEpisodes=5
2026-08-10 16:18:06,005 | INFO | 周期评估完成: Steps=133120 | MeanReward=38.146 | StdReward=7.102
2026-08-10 16:18:06,021 | INFO | Steps: 133120/150000 | Episodes: 260 | LastEpReward: 48.152 | RecentReward: 38.151 | ActorLoss: -8.945651 | CriticLoss: 0.199067 | Q: 8.8786 | TargetQ: 8.8831 | TDAbs: 0.4379 | ActorGrad: 0.2463 | CriticGrad: 3.6772 | Noise: 0.0500 | Replay: 50000 | FPS: 21.25 | ETA: 13.2 min
2026-08-10 16:18:25,850 | INFO | Steps: 133632/150000 | Episodes: 261 | LastEpReward: 30.301 | RecentReward: 37.749 | ActorLoss: -8.460634 | CriticLoss: 0.170606 | Q: 8.4178 | TargetQ: 8.4167 | TDAbs: 0.4047 | ActorGrad: 0.2420 | CriticGrad: 3.3118 | Noise: 0.0500 | Replay: 50000 | FPS: 21.26 | ETA: 12.8 min
2026-08-10 16:18:45,282 | INFO | Steps: 134144/150000 | Episodes: 262 | LastEpReward: 30.086 | RecentReward: 37.989 | ActorLoss: -8.766363 | CriticLoss: 0.193031 | Q: 8.7087 | TargetQ: 8.6989 | TDAbs: 0.4280 | ActorGrad: 0.2316 | CriticGrad: 3.5492 | Noise: 0.0500 | Replay: 50000 | FPS: 21.28 | ETA: 12.4 min
2026-08-10 16:19:05,226 | INFO | Steps: 134656/150000 | Episodes: 263 | LastEpReward: 45.105 | RecentReward: 39.150 | ActorLoss: -8.626374 | CriticLoss: 0.172980 | Q: 8.5799 | TargetQ: 8.5786 | TDAbs: 0.4059 | ActorGrad: 0.2164 | CriticGrad: 3.3490 | Noise: 0.0500 | Replay: 50000 | FPS: 21.29 | ETA: 12.0 min
2026-08-10 16:19:23,771 | INFO | Steps: 135168/150000 | Episodes: 264 | LastEpReward: 38.366 | RecentReward: 37.855 | ActorLoss: -8.783698 | CriticLoss: 0.180831 | Q: 8.7300 | TargetQ: 8.7372 | TDAbs: 0.4121 | ActorGrad: 0.2297 | CriticGrad: 3.6463 | Noise: 0.0500 | Replay: 50000 | FPS: 21.31 | ETA: 11.6 min
2026-08-10 16:19:42,265 | INFO | Steps: 135680/150000 | Episodes: 265 | LastEpReward: 15.447 | RecentReward: 35.904 | ActorLoss: -8.408794 | CriticLoss: 0.153466 | Q: 8.3531 | TargetQ: 8.3560 | TDAbs: 0.3843 | ActorGrad: 0.2117 | CriticGrad: 3.3680 | Noise: 0.0500 | Replay: 50000 | FPS: 21.33 | ETA: 11.2 min
2026-08-10 16:20:02,690 | INFO | Steps: 136192/150000 | Episodes: 266 | LastEpReward: 37.036 | RecentReward: 35.318 | ActorLoss: -8.350836 | CriticLoss: 0.161554 | Q: 8.2919 | TargetQ: 8.2938 | TDAbs: 0.3853 | ActorGrad: 0.2234 | CriticGrad: 3.2395 | Noise: 0.0500 | Replay: 50000 | FPS: 21.34 | ETA: 10.8 min
2026-08-10 16:20:22,667 | INFO | Steps: 136704/150000 | Episodes: 267 | LastEpReward: 37.457 | RecentReward: 35.327 | ActorLoss: -8.589757 | CriticLoss: 0.177024 | Q: 8.5278 | TargetQ: 8.5294 | TDAbs: 0.4025 | ActorGrad: 0.2320 | CriticGrad: 3.3483 | Noise: 0.0500 | Replay: 50000 | FPS: 21.35 | ETA: 10.4 min
2026-08-10 16:20:41,876 | INFO | Steps: 137216/150000 | Episodes: 268 | LastEpReward: 24.486 | RecentReward: 34.217 | ActorLoss: -9.542959 | CriticLoss: 0.208720 | Q: 9.4356 | TargetQ: 9.4343 | TDAbs: 0.4358 | ActorGrad: 0.2618 | CriticGrad: 4.2541 | Noise: 0.0500 | Replay: 50000 | FPS: 21.37 | ETA: 10.0 min
2026-08-10 16:21:00,758 | INFO | Steps: 137728/150000 | Episodes: 269 | LastEpReward: 25.952 | RecentReward: 33.239 | ActorLoss: -9.288513 | CriticLoss: 0.185400 | Q: 9.1684 | TargetQ: 9.1818 | TDAbs: 0.4094 | ActorGrad: 0.2363 | CriticGrad: 4.0729 | Noise: 0.0500 | Replay: 50000 | FPS: 21.39 | ETA: 9.6 min
2026-08-10 16:21:21,136 | INFO | 开始周期评估: Steps=138240 | Episodes=270 | EvalEpisodes=5
2026-08-10 16:22:13,243 | INFO | 周期评估完成: Steps=138240 | MeanReward=31.870 | StdReward=8.132
2026-08-10 16:22:13,259 | INFO | Steps: 138240/150000 | Episodes: 270 | LastEpReward: 31.935 | RecentReward: 31.617 | ActorLoss: -9.056269 | CriticLoss: 0.180473 | Q: 8.9672 | TargetQ: 8.9745 | TDAbs: 0.4068 | ActorGrad: 0.2600 | CriticGrad: 3.8643 | Noise: 0.0500 | Replay: 50000 | FPS: 21.23 | ETA: 9.2 min
2026-08-10 16:22:32,286 | INFO | Steps: 138752/150000 | Episodes: 271 | LastEpReward: 27.420 | RecentReward: 31.329 | ActorLoss: -9.072199 | CriticLoss: 0.201504 | Q: 8.9743 | TargetQ: 8.9773 | TDAbs: 0.4259 | ActorGrad: 0.2175 | CriticGrad: 3.7832 | Noise: 0.0500 | Replay: 50000 | FPS: 21.24 | ETA: 8.8 min
2026-08-10 16:22:51,323 | INFO | Steps: 139264/150000 | Episodes: 272 | LastEpReward: 30.298 | RecentReward: 31.350 | ActorLoss: -10.121702 | CriticLoss: 0.209106 | Q: 9.9749 | TargetQ: 9.9661 | TDAbs: 0.4298 | ActorGrad: 0.2592 | CriticGrad: 5.0045 | Noise: 0.0500 | Replay: 50000 | FPS: 21.26 | ETA: 8.4 min
2026-08-10 16:23:11,758 | INFO | Steps: 139776/150000 | Episodes: 273 | LastEpReward: 36.038 | RecentReward: 30.444 | ActorLoss: -9.050302 | CriticLoss: 0.174927 | Q: 8.9535 | TargetQ: 8.9434 | TDAbs: 0.3971 | ActorGrad: 0.2693 | CriticGrad: 3.9530 | Noise: 0.0500 | Replay: 50000 | FPS: 21.27 | ETA: 8.0 min
2026-08-10 16:23:30,542 | INFO | Steps: 140288/150000 | Episodes: 274 | LastEpReward: 36.108 | RecentReward: 30.218 | ActorLoss: -10.378004 | CriticLoss: 0.204955 | Q: 10.2427 | TargetQ: 10.2490 | TDAbs: 0.4260 | ActorGrad: 0.2887 | CriticGrad: 5.0092 | Noise: 0.0500 | Replay: 50000 | FPS: 21.29 | ETA: 7.6 min
2026-08-10 16:23:50,206 | INFO | Steps: 140800/150000 | Episodes: 275 | LastEpReward: 36.382 | RecentReward: 32.311 | ActorLoss: -10.626322 | CriticLoss: 0.256996 | Q: 10.4640 | TargetQ: 10.4863 | TDAbs: 0.4798 | ActorGrad: 0.3232 | CriticGrad: 5.5152 | Noise: 0.0500 | Replay: 50000 | FPS: 21.30 | ETA: 7.2 min
2026-08-10 16:24:09,260 | INFO | Steps: 141312/150000 | Episodes: 276 | LastEpReward: 36.974 | RecentReward: 32.305 | ActorLoss: -10.548926 | CriticLoss: 0.279374 | Q: 10.4219 | TargetQ: 10.4454 | TDAbs: 0.5074 | ActorGrad: 0.3575 | CriticGrad: 5.4335 | Noise: 0.0500 | Replay: 50000 | FPS: 21.32 | ETA: 6.8 min
2026-08-10 16:24:27,892 | INFO | Steps: 141824/150000 | Episodes: 277 | LastEpReward: 25.069 | RecentReward: 31.066 | ActorLoss: -10.631895 | CriticLoss: 0.245175 | Q: 10.4855 | TargetQ: 10.5058 | TDAbs: 0.4693 | ActorGrad: 0.3526 | CriticGrad: 5.5969 | Noise: 0.0500 | Replay: 50000 | FPS: 21.33 | ETA: 6.4 min
2026-08-10 16:24:47,496 | INFO | Steps: 142336/150000 | Episodes: 278 | LastEpReward: 24.257 | RecentReward: 31.043 | ActorLoss: -10.223479 | CriticLoss: 0.238792 | Q: 10.0975 | TargetQ: 10.1130 | TDAbs: 0.4660 | ActorGrad: 0.2973 | CriticGrad: 5.4022 | Noise: 0.0500 | Replay: 50000 | FPS: 21.35 | ETA: 6.0 min
2026-08-10 16:25:05,732 | INFO | Steps: 142848/150000 | Episodes: 279 | LastEpReward: 27.880 | RecentReward: 31.236 | ActorLoss: -9.906073 | CriticLoss: 0.265544 | Q: 9.8023 | TargetQ: 9.8305 | TDAbs: 0.4899 | ActorGrad: 0.3304 | CriticGrad: 4.8985 | Noise: 0.0500 | Replay: 50000 | FPS: 21.37 | ETA: 5.6 min
2026-08-10 16:25:24,963 | INFO | 开始周期评估: Steps=143360 | Episodes=280 | EvalEpisodes=5
2026-08-10 16:26:23,669 | INFO | 周期评估完成: Steps=143360 | MeanReward=36.905 | StdReward=5.863
2026-08-10 16:26:23,692 | INFO | Steps: 143360/150000 | Episodes: 280 | LastEpReward: 26.714 | RecentReward: 30.714 | ActorLoss: -10.838104 | CriticLoss: 0.266064 | Q: 10.6895 | TargetQ: 10.6960 | TDAbs: 0.4897 | ActorGrad: 0.2276 | CriticGrad: 5.4934 | Noise: 0.0500 | Replay: 50000 | FPS: 21.20 | ETA: 5.2 min
2026-08-10 16:26:44,148 | INFO | Steps: 143872/150000 | Episodes: 281 | LastEpReward: 43.235 | RecentReward: 32.296 | ActorLoss: -11.481285 | CriticLoss: 0.392837 | Q: 11.2911 | TargetQ: 11.3045 | TDAbs: 0.6204 | ActorGrad: 0.3471 | CriticGrad: 6.8400 | Noise: 0.0500 | Replay: 50000 | FPS: 21.21 | ETA: 4.8 min
2026-08-10 16:27:03,570 | INFO | Steps: 144384/150000 | Episodes: 282 | LastEpReward: 48.953 | RecentReward: 34.161 | ActorLoss: -11.045527 | CriticLoss: 0.319879 | Q: 10.8905 | TargetQ: 10.9179 | TDAbs: 0.5468 | ActorGrad: 0.3198 | CriticGrad: 6.3861 | Noise: 0.0500 | Replay: 50000 | FPS: 21.22 | ETA: 4.4 min
2026-08-10 16:27:22,569 | INFO | Steps: 144896/150000 | Episodes: 283 | LastEpReward: 26.151 | RecentReward: 33.172 | ActorLoss: -10.586781 | CriticLoss: 0.295454 | Q: 10.4692 | TargetQ: 10.4897 | TDAbs: 0.5231 | ActorGrad: 0.1998 | CriticGrad: 6.2251 | Noise: 0.0500 | Replay: 50000 | FPS: 21.24 | ETA: 4.0 min
2026-08-10 16:27:41,125 | INFO | Steps: 145408/150000 | Episodes: 284 | LastEpReward: 37.079 | RecentReward: 33.269 | ActorLoss: -12.412276 | CriticLoss: 0.344084 | Q: 12.1978 | TargetQ: 12.2360 | TDAbs: 0.5706 | ActorGrad: 0.1757 | CriticGrad: 7.4315 | Noise: 0.0500 | Replay: 50000 | FPS: 21.26 | ETA: 3.6 min
2026-08-10 16:28:00,358 | INFO | Steps: 145920/150000 | Episodes: 285 | LastEpReward: 26.994 | RecentReward: 32.331 | ActorLoss: -11.399441 | CriticLoss: 0.364195 | Q: 11.2346 | TargetQ: 11.2385 | TDAbs: 0.5923 | ActorGrad: 0.1832 | CriticGrad: 7.5063 | Noise: 0.0500 | Replay: 50000 | FPS: 21.27 | ETA: 3.2 min
2026-08-10 16:28:20,995 | INFO | Steps: 146432/150000 | Episodes: 286 | LastEpReward: 42.053 | RecentReward: 32.838 | ActorLoss: -7.676644 | CriticLoss: 0.240705 | Q: 7.6301 | TargetQ: 7.6433 | TDAbs: 0.4609 | ActorGrad: 0.1690 | CriticGrad: 3.7102 | Noise: 0.0500 | Replay: 50000 | FPS: 21.28 | ETA: 2.8 min
2026-08-10 16:28:41,336 | INFO | Steps: 146944/150000 | Episodes: 287 | LastEpReward: 45.015 | RecentReward: 34.833 | ActorLoss: -7.977018 | CriticLoss: 0.240431 | Q: 7.9142 | TargetQ: 7.9509 | TDAbs: 0.4568 | ActorGrad: 0.2149 | CriticGrad: 3.8184 | Noise: 0.0500 | Replay: 50000 | FPS: 21.29 | ETA: 2.4 min
2026-08-10 16:28:57,928 | INFO | Steps: 147456/150000 | Episodes: 288 | LastEpReward: 31.528 | RecentReward: 35.560 | ActorLoss: -7.996575 | CriticLoss: 0.230957 | Q: 7.9375 | TargetQ: 7.9453 | TDAbs: 0.4459 | ActorGrad: 0.2250 | CriticGrad: 4.1462 | Noise: 0.0500 | Replay: 50000 | FPS: 21.32 | ETA: 2.0 min
2026-08-10 16:29:17,744 | INFO | Steps: 147968/150000 | Episodes: 289 | LastEpReward: 37.963 | RecentReward: 36.568 | ActorLoss: -8.283185 | CriticLoss: 0.236506 | Q: 8.2406 | TargetQ: 8.2669 | TDAbs: 0.4496 | ActorGrad: 0.3092 | CriticGrad: 4.4422 | Noise: 0.0500 | Replay: 50000 | FPS: 21.33 | ETA: 1.6 min
2026-08-10 16:29:36,559 | INFO | 开始周期评估: Steps=148480 | Episodes=290 | EvalEpisodes=5
2026-08-10 16:30:33,744 | INFO | 周期评估完成: Steps=148480 | MeanReward=40.196 | StdReward=6.378
2026-08-10 16:30:33,766 | INFO | Steps: 148480/150000 | Episodes: 290 | LastEpReward: 36.584 | RecentReward: 37.555 | ActorLoss: -8.038512 | CriticLoss: 0.234904 | Q: 8.0035 | TargetQ: 8.0263 | TDAbs: 0.4463 | ActorGrad: 0.1994 | CriticGrad: 3.9140 | Noise: 0.0500 | Replay: 50000 | FPS: 21.17 | ETA: 1.2 min
2026-08-10 16:30:51,939 | INFO | Steps: 148992/150000 | Episodes: 291 | LastEpReward: 37.011 | RecentReward: 36.933 | ActorLoss: -8.157270 | CriticLoss: 0.219258 | Q: 8.1106 | TargetQ: 8.1167 | TDAbs: 0.4280 | ActorGrad: 0.2213 | CriticGrad: 3.7549 | Noise: 0.0500 | Replay: 50000 | FPS: 21.19 | ETA: 0.8 min
2026-08-10 16:31:09,950 | INFO | Steps: 149504/150000 | Episodes: 292 | LastEpReward: 44.797 | RecentReward: 36.517 | ActorLoss: -7.936660 | CriticLoss: 0.207516 | Q: 7.8942 | TargetQ: 7.9283 | TDAbs: 0.4137 | ActorGrad: 0.1574 | CriticGrad: 3.4084 | Noise: 0.0500 | Replay: 50000 | FPS: 21.21 | ETA: 0.4 min
2026-08-10 16:31:28,784 | INFO | Steps: 150000/150000 | Episodes: 292 | LastEpReward: 44.797 | RecentReward: 36.517 | ActorLoss: -7.952883 | CriticLoss: 0.238987 | Q: 7.8966 | TargetQ: 7.9009 | TDAbs: 0.4429 | ActorGrad: 0.2384 | CriticGrad: 3.8980 | Noise: 0.0500 | Replay: 50000 | FPS: 21.22 | ETA: 0.0 min
2026-08-10 16:33:13,837 | INFO | MADDPG 训练与评估完成，最佳权重: /home/pjpjq/LEO_switch/results/baseline_compare/multiuser_scaling_multiuser_single_seed_150k_20260804/u25/learned_baselines/maddpg/maddpg_model.pt
