2026-09-21 18:06:49,725 | INFO | ============================================================
2026-09-21 18:06:49,725 | INFO | 开始训练纯 PDQN 基线
2026-09-21 18:06:49,725 | INFO | 总步数: 150000 | warmup: 1000 | batch: 128 | 日志间隔: 512 steps | 保存间隔: 50000 steps | device: cuda
2026-09-21 18:06:49,725 | INFO | ============================================================
2026-09-21 18:06:55,107 | INFO | Steps: 512/150000 | Episodes: 1 | CurrentEpReward: 0.000 | RecentReward: -19.495 | QLoss: 0.000000 | ParamLoss: 0.000000 | Epsilon: 1.0000 | Replay: 512
2026-09-21 18:07:01,016 | INFO | Steps: 1024/150000 | Episodes: 2 | CurrentEpReward: 0.000 | RecentReward: -20.492 | QLoss: 0.184908 | ParamLoss: 0.005139 | Epsilon: 0.9993 | Replay: 1024
2026-09-21 18:07:23,230 | INFO | Steps: 1536/150000 | Episodes: 3 | CurrentEpReward: 0.000 | RecentReward: -24.071 | QLoss: 0.176286 | ParamLoss: 0.000351 | Epsilon: 0.9860 | Replay: 1536
2026-09-21 18:07:46,112 | INFO | Steps: 2048/150000 | Episodes: 4 | CurrentEpReward: 0.000 | RecentReward: -23.527 | QLoss: 0.188588 | ParamLoss: -0.002015 | Epsilon: 0.9726 | Replay: 2048
2026-09-21 18:08:08,980 | INFO | Steps: 2560/150000 | Episodes: 5 | CurrentEpReward: 0.000 | RecentReward: -23.268 | QLoss: 0.189244 | ParamLoss: -0.002815 | Epsilon: 0.9592 | Replay: 2560
2026-09-21 18:08:31,271 | INFO | Steps: 3072/150000 | Episodes: 6 | CurrentEpReward: 0.000 | RecentReward: -23.966 | QLoss: 0.192541 | ParamLoss: -0.004433 | Epsilon: 0.9458 | Replay: 3072
2026-09-21 18:08:53,535 | INFO | Steps: 3584/150000 | Episodes: 7 | CurrentEpReward: 0.000 | RecentReward: -23.063 | QLoss: 0.189408 | ParamLoss: -0.007601 | Epsilon: 0.9324 | Replay: 3584
2026-09-21 18:09:16,445 | INFO | Steps: 4096/150000 | Episodes: 8 | CurrentEpReward: 0.000 | RecentReward: -22.468 | QLoss: 0.191349 | ParamLoss: -0.013878 | Epsilon: 0.9191 | Replay: 4096
2026-09-21 18:09:39,097 | INFO | Steps: 4608/150000 | Episodes: 9 | CurrentEpReward: 0.000 | RecentReward: -21.957 | QLoss: 0.192920 | ParamLoss: -0.015205 | Epsilon: 0.9057 | Replay: 4608
2026-09-21 18:10:01,854 | INFO | Steps: 5120/150000 | Episodes: 10 | CurrentEpReward: 0.000 | RecentReward: -22.315 | QLoss: 0.193222 | ParamLoss: -0.018234 | Epsilon: 0.8923 | Replay: 5120
2026-09-21 18:10:24,243 | INFO | Steps: 5632/150000 | Episodes: 11 | CurrentEpReward: 0.000 | RecentReward: -22.272 | QLoss: 0.194063 | ParamLoss: -0.020960 | Epsilon: 0.8789 | Replay: 5632
2026-09-21 18:10:46,941 | INFO | Steps: 6144/150000 | Episodes: 12 | CurrentEpReward: 0.000 | RecentReward: -21.251 | QLoss: 0.196551 | ParamLoss: -0.027669 | Epsilon: 0.8655 | Replay: 6144
2026-09-21 18:11:09,463 | INFO | Steps: 6656/150000 | Episodes: 13 | CurrentEpReward: 0.000 | RecentReward: -19.688 | QLoss: 0.198295 | ParamLoss: -0.029981 | Epsilon: 0.8522 | Replay: 6656
2026-09-21 18:11:32,245 | INFO | Steps: 7168/150000 | Episodes: 14 | CurrentEpReward: 0.000 | RecentReward: -19.577 | QLoss: 0.199222 | ParamLoss: -0.032858 | Epsilon: 0.8388 | Replay: 7168
2026-09-21 18:11:54,741 | INFO | Steps: 7680/150000 | Episodes: 15 | CurrentEpReward: 0.000 | RecentReward: -19.101 | QLoss: 0.202756 | ParamLoss: -0.033191 | Epsilon: 0.8254 | Replay: 7680
2026-09-21 18:12:17,716 | INFO | Steps: 8192/150000 | Episodes: 16 | CurrentEpReward: 0.000 | RecentReward: -17.673 | QLoss: 0.202341 | ParamLoss: -0.040674 | Epsilon: 0.8120 | Replay: 8192
2026-09-21 18:12:40,394 | INFO | Steps: 8704/150000 | Episodes: 17 | CurrentEpReward: 0.000 | RecentReward: -17.669 | QLoss: 0.202526 | ParamLoss: -0.043487 | Epsilon: 0.7986 | Replay: 8704
2026-09-21 18:13:03,230 | INFO | Steps: 9216/150000 | Episodes: 18 | CurrentEpReward: 0.000 | RecentReward: -16.607 | QLoss: 0.207277 | ParamLoss: -0.046875 | Epsilon: 0.7853 | Replay: 9216
2026-09-21 18:13:25,783 | INFO | Steps: 9728/150000 | Episodes: 19 | CurrentEpReward: 0.000 | RecentReward: -15.746 | QLoss: 0.207092 | ParamLoss: -0.054560 | Epsilon: 0.7719 | Replay: 9728
2026-09-21 18:13:48,339 | INFO | Steps: 10240/150000 | Episodes: 20 | CurrentEpReward: 0.000 | RecentReward: -14.252 | QLoss: 0.209030 | ParamLoss: -0.061999 | Epsilon: 0.7585 | Replay: 10240
2026-09-21 18:14:11,373 | INFO | Steps: 10752/150000 | Episodes: 21 | CurrentEpReward: 0.000 | RecentReward: -14.218 | QLoss: 0.211696 | ParamLoss: -0.070621 | Epsilon: 0.7451 | Replay: 10752
2026-09-21 18:14:33,612 | INFO | Steps: 11264/150000 | Episodes: 22 | CurrentEpReward: 0.000 | RecentReward: -14.166 | QLoss: 0.218203 | ParamLoss: -0.073569 | Epsilon: 0.7317 | Replay: 11264
2026-09-21 18:14:56,259 | INFO | Steps: 11776/150000 | Episodes: 23 | CurrentEpReward: 0.000 | RecentReward: -13.893 | QLoss: 0.216740 | ParamLoss: -0.077160 | Epsilon: 0.7184 | Replay: 11776
2026-09-21 18:15:18,564 | INFO | Steps: 12288/150000 | Episodes: 24 | CurrentEpReward: 0.000 | RecentReward: -12.727 | QLoss: 0.222554 | ParamLoss: -0.080215 | Epsilon: 0.7050 | Replay: 12288
2026-09-21 18:15:40,826 | INFO | Steps: 12800/150000 | Episodes: 25 | CurrentEpReward: 0.000 | RecentReward: -11.995 | QLoss: 0.221716 | ParamLoss: -0.083064 | Epsilon: 0.6916 | Replay: 12800
2026-09-21 18:16:03,486 | INFO | Steps: 13312/150000 | Episodes: 26 | CurrentEpReward: 0.000 | RecentReward: -12.280 | QLoss: 0.223866 | ParamLoss: -0.089914 | Epsilon: 0.6782 | Replay: 13312
2026-09-21 18:16:26,454 | INFO | Steps: 13824/150000 | Episodes: 27 | CurrentEpReward: 0.000 | RecentReward: -11.774 | QLoss: 0.231844 | ParamLoss: -0.091503 | Epsilon: 0.6648 | Replay: 13824
2026-09-21 18:16:49,225 | INFO | Steps: 14336/150000 | Episodes: 28 | CurrentEpReward: 0.000 | RecentReward: -11.644 | QLoss: 0.230384 | ParamLoss: -0.099128 | Epsilon: 0.6515 | Replay: 14336
2026-09-21 18:17:11,927 | INFO | Steps: 14848/150000 | Episodes: 29 | CurrentEpReward: 0.000 | RecentReward: -10.847 | QLoss: 0.237307 | ParamLoss: -0.108140 | Epsilon: 0.6381 | Replay: 14848
2026-09-21 18:17:34,557 | INFO | Steps: 15360/150000 | Episodes: 30 | CurrentEpReward: 0.000 | RecentReward: -11.002 | QLoss: 0.234144 | ParamLoss: -0.108847 | Epsilon: 0.6247 | Replay: 15360
2026-09-21 18:17:57,130 | INFO | Steps: 15872/150000 | Episodes: 31 | CurrentEpReward: 0.000 | RecentReward: -9.932 | QLoss: 0.233595 | ParamLoss: -0.116848 | Epsilon: 0.6113 | Replay: 15872
2026-09-21 18:18:19,975 | INFO | Steps: 16384/150000 | Episodes: 32 | CurrentEpReward: 0.000 | RecentReward: -9.002 | QLoss: 0.247720 | ParamLoss: -0.119466 | Epsilon: 0.5979 | Replay: 16384
2026-09-21 18:18:42,551 | INFO | Steps: 16896/150000 | Episodes: 33 | CurrentEpReward: 0.000 | RecentReward: -7.561 | QLoss: 0.241167 | ParamLoss: -0.126819 | Epsilon: 0.5846 | Replay: 16896
2026-09-21 18:19:05,208 | INFO | Steps: 17408/150000 | Episodes: 34 | CurrentEpReward: 0.000 | RecentReward: -8.201 | QLoss: 0.250166 | ParamLoss: -0.130866 | Epsilon: 0.5712 | Replay: 17408
2026-09-21 18:19:27,881 | INFO | Steps: 17920/150000 | Episodes: 35 | CurrentEpReward: 0.000 | RecentReward: -7.239 | QLoss: 0.249445 | ParamLoss: -0.134184 | Epsilon: 0.5578 | Replay: 17920
2026-09-21 18:19:50,331 | INFO | Steps: 18432/150000 | Episodes: 36 | CurrentEpReward: 0.000 | RecentReward: -6.229 | QLoss: 0.252137 | ParamLoss: -0.140492 | Epsilon: 0.5444 | Replay: 18432
2026-09-21 18:20:13,165 | INFO | Steps: 18944/150000 | Episodes: 37 | CurrentEpReward: 0.000 | RecentReward: -4.651 | QLoss: 0.253692 | ParamLoss: -0.145543 | Epsilon: 0.5310 | Replay: 18944
2026-09-21 18:20:35,721 | INFO | Steps: 19456/150000 | Episodes: 38 | CurrentEpReward: 0.000 | RecentReward: -4.263 | QLoss: 0.259517 | ParamLoss: -0.148304 | Epsilon: 0.5177 | Replay: 19456
2026-09-21 18:20:58,078 | INFO | Steps: 19968/150000 | Episodes: 39 | CurrentEpReward: 0.000 | RecentReward: -3.770 | QLoss: 0.253882 | ParamLoss: -0.153649 | Epsilon: 0.5043 | Replay: 19968
2026-09-21 18:21:20,930 | INFO | Steps: 20480/150000 | Episodes: 40 | CurrentEpReward: 0.000 | RecentReward: -2.103 | QLoss: 0.259781 | ParamLoss: -0.160792 | Epsilon: 0.4909 | Replay: 20480
2026-09-21 18:21:43,883 | INFO | Steps: 20992/150000 | Episodes: 41 | CurrentEpReward: 0.000 | RecentReward: -1.034 | QLoss: 0.252708 | ParamLoss: -0.165800 | Epsilon: 0.4775 | Replay: 20992
2026-09-21 18:22:06,482 | INFO | Steps: 21504/150000 | Episodes: 42 | CurrentEpReward: 0.000 | RecentReward: -1.814 | QLoss: 0.252457 | ParamLoss: -0.165350 | Epsilon: 0.4641 | Replay: 21504
2026-09-21 18:22:28,901 | INFO | Steps: 22016/150000 | Episodes: 43 | CurrentEpReward: 0.000 | RecentReward: -1.441 | QLoss: 0.254167 | ParamLoss: -0.172774 | Epsilon: 0.4508 | Replay: 22016
2026-09-21 18:22:51,802 | INFO | Steps: 22528/150000 | Episodes: 44 | CurrentEpReward: 0.000 | RecentReward: 0.174 | QLoss: 0.268568 | ParamLoss: -0.177558 | Epsilon: 0.4374 | Replay: 22528
2026-09-21 18:23:14,478 | INFO | Steps: 23040/150000 | Episodes: 45 | CurrentEpReward: 0.000 | RecentReward: 0.161 | QLoss: 0.270494 | ParamLoss: -0.184308 | Epsilon: 0.4240 | Replay: 23040
2026-09-21 18:23:36,976 | INFO | Steps: 23552/150000 | Episodes: 46 | CurrentEpReward: 0.000 | RecentReward: 1.236 | QLoss: 0.258497 | ParamLoss: -0.190956 | Epsilon: 0.4106 | Replay: 23552
2026-09-21 18:23:59,760 | INFO | Steps: 24064/150000 | Episodes: 47 | CurrentEpReward: 0.000 | RecentReward: 1.444 | QLoss: 0.269558 | ParamLoss: -0.190509 | Epsilon: 0.3972 | Replay: 24064
2026-09-21 18:24:22,315 | INFO | Steps: 24576/150000 | Episodes: 48 | CurrentEpReward: 0.000 | RecentReward: 2.313 | QLoss: 0.279394 | ParamLoss: -0.197397 | Epsilon: 0.3839 | Replay: 24576
2026-09-21 18:24:44,672 | INFO | Steps: 25088/150000 | Episodes: 49 | CurrentEpReward: 0.000 | RecentReward: 2.447 | QLoss: 0.282087 | ParamLoss: -0.196216 | Epsilon: 0.3705 | Replay: 25088
2026-09-21 18:25:07,176 | INFO | Steps: 25600/150000 | Episodes: 50 | CurrentEpReward: 0.000 | RecentReward: 2.151 | QLoss: 0.277377 | ParamLoss: -0.202326 | Epsilon: 0.3571 | Replay: 25600
2026-09-21 18:25:30,031 | INFO | Steps: 26112/150000 | Episodes: 51 | CurrentEpReward: 0.000 | RecentReward: 3.779 | QLoss: 0.289097 | ParamLoss: -0.206712 | Epsilon: 0.3437 | Replay: 26112
2026-09-21 18:25:52,381 | INFO | Steps: 26624/150000 | Episodes: 52 | CurrentEpReward: 0.000 | RecentReward: 5.659 | QLoss: 0.283680 | ParamLoss: -0.212423 | Epsilon: 0.3303 | Replay: 26624
2026-09-21 18:26:15,248 | INFO | Steps: 27136/150000 | Episodes: 53 | CurrentEpReward: 0.000 | RecentReward: 6.477 | QLoss: 0.291887 | ParamLoss: -0.220363 | Epsilon: 0.3170 | Replay: 27136
2026-09-21 18:26:38,068 | INFO | Steps: 27648/150000 | Episodes: 54 | CurrentEpReward: 0.000 | RecentReward: 8.795 | QLoss: 0.286895 | ParamLoss: -0.231763 | Epsilon: 0.3036 | Replay: 27648
2026-09-21 18:27:00,932 | INFO | Steps: 28160/150000 | Episodes: 55 | CurrentEpReward: 0.000 | RecentReward: 10.825 | QLoss: 0.307263 | ParamLoss: -0.235124 | Epsilon: 0.2902 | Replay: 28160
2026-09-21 18:27:23,578 | INFO | Steps: 28672/150000 | Episodes: 56 | CurrentEpReward: 0.000 | RecentReward: 12.108 | QLoss: 0.293565 | ParamLoss: -0.242086 | Epsilon: 0.2768 | Replay: 28672
2026-09-21 18:27:46,346 | INFO | Steps: 29184/150000 | Episodes: 57 | CurrentEpReward: 0.000 | RecentReward: 12.392 | QLoss: 0.313806 | ParamLoss: -0.252102 | Epsilon: 0.2634 | Replay: 29184
2026-09-21 18:28:08,663 | INFO | Steps: 29696/150000 | Episodes: 58 | CurrentEpReward: 0.000 | RecentReward: 13.195 | QLoss: 0.296708 | ParamLoss: -0.250373 | Epsilon: 0.2501 | Replay: 29696
2026-09-21 18:28:31,237 | INFO | Steps: 30208/150000 | Episodes: 59 | CurrentEpReward: 0.000 | RecentReward: 14.435 | QLoss: 0.315437 | ParamLoss: -0.256177 | Epsilon: 0.2367 | Replay: 30208
2026-09-21 18:28:53,994 | INFO | Steps: 30720/150000 | Episodes: 60 | CurrentEpReward: 0.000 | RecentReward: 15.639 | QLoss: 0.319806 | ParamLoss: -0.258061 | Epsilon: 0.2233 | Replay: 30720
2026-09-21 18:29:16,341 | INFO | Steps: 31232/150000 | Episodes: 61 | CurrentEpReward: 0.000 | RecentReward: 15.381 | QLoss: 0.301612 | ParamLoss: -0.266054 | Epsilon: 0.2099 | Replay: 31232
2026-09-21 18:29:39,023 | INFO | Steps: 31744/150000 | Episodes: 62 | CurrentEpReward: 0.000 | RecentReward: 16.099 | QLoss: 0.307271 | ParamLoss: -0.267593 | Epsilon: 0.1965 | Replay: 31744
2026-09-21 18:30:01,428 | INFO | Steps: 32256/150000 | Episodes: 63 | CurrentEpReward: 0.000 | RecentReward: 16.132 | QLoss: 0.293506 | ParamLoss: -0.266914 | Epsilon: 0.1832 | Replay: 32256
2026-09-21 18:30:24,215 | INFO | Steps: 32768/150000 | Episodes: 64 | CurrentEpReward: 0.000 | RecentReward: 15.883 | QLoss: 0.303022 | ParamLoss: -0.266511 | Epsilon: 0.1698 | Replay: 32768
2026-09-21 18:30:46,786 | INFO | Steps: 33280/150000 | Episodes: 65 | CurrentEpReward: 0.000 | RecentReward: 15.836 | QLoss: 0.313003 | ParamLoss: -0.269760 | Epsilon: 0.1564 | Replay: 33280
2026-09-21 18:31:09,711 | INFO | Steps: 33792/150000 | Episodes: 66 | CurrentEpReward: 0.000 | RecentReward: 16.839 | QLoss: 0.317689 | ParamLoss: -0.277970 | Epsilon: 0.1430 | Replay: 33792
2026-09-21 18:31:32,337 | INFO | Steps: 34304/150000 | Episodes: 67 | CurrentEpReward: 0.000 | RecentReward: 18.051 | QLoss: 0.316372 | ParamLoss: -0.285512 | Epsilon: 0.1296 | Replay: 34304
2026-09-21 18:31:55,006 | INFO | Steps: 34816/150000 | Episodes: 68 | CurrentEpReward: 0.000 | RecentReward: 20.164 | QLoss: 0.310706 | ParamLoss: -0.294156 | Epsilon: 0.1162 | Replay: 34816
2026-09-21 18:32:17,720 | INFO | Steps: 35328/150000 | Episodes: 69 | CurrentEpReward: 0.000 | RecentReward: 21.946 | QLoss: 0.317196 | ParamLoss: -0.299187 | Epsilon: 0.1029 | Replay: 35328
2026-09-21 18:32:40,559 | INFO | Steps: 35840/150000 | Episodes: 70 | CurrentEpReward: 0.000 | RecentReward: 25.423 | QLoss: 0.298330 | ParamLoss: -0.307341 | Epsilon: 0.0895 | Replay: 35840
2026-09-21 18:33:03,299 | INFO | Steps: 36352/150000 | Episodes: 71 | CurrentEpReward: 0.000 | RecentReward: 27.878 | QLoss: 0.324383 | ParamLoss: -0.313734 | Epsilon: 0.0761 | Replay: 36352
2026-09-21 18:33:26,134 | INFO | Steps: 36864/150000 | Episodes: 72 | CurrentEpReward: 0.000 | RecentReward: 30.128 | QLoss: 0.310361 | ParamLoss: -0.326822 | Epsilon: 0.0627 | Replay: 36864
2026-09-21 18:33:48,722 | INFO | Steps: 37376/150000 | Episodes: 73 | CurrentEpReward: 0.000 | RecentReward: 32.419 | QLoss: 0.339337 | ParamLoss: -0.333797 | Epsilon: 0.0493 | Replay: 37376
2026-09-21 18:34:11,265 | INFO | Steps: 37888/150000 | Episodes: 74 | CurrentEpReward: 0.000 | RecentReward: 34.733 | QLoss: 0.316461 | ParamLoss: -0.348880 | Epsilon: 0.0360 | Replay: 37888
2026-09-21 18:34:34,050 | INFO | Steps: 38400/150000 | Episodes: 75 | CurrentEpReward: 0.000 | RecentReward: 36.978 | QLoss: 0.318292 | ParamLoss: -0.357360 | Epsilon: 0.0226 | Replay: 38400
2026-09-21 18:34:57,186 | INFO | Steps: 38912/150000 | Episodes: 76 | CurrentEpReward: 0.000 | RecentReward: 38.969 | QLoss: 0.322458 | ParamLoss: -0.362952 | Epsilon: 0.0200 | Replay: 38912
2026-09-21 18:35:19,742 | INFO | Steps: 39424/150000 | Episodes: 77 | CurrentEpReward: 0.000 | RecentReward: 41.385 | QLoss: 0.336865 | ParamLoss: -0.359045 | Epsilon: 0.0200 | Replay: 39424
2026-09-21 18:35:42,437 | INFO | Steps: 39936/150000 | Episodes: 78 | CurrentEpReward: 0.000 | RecentReward: 42.446 | QLoss: 0.318543 | ParamLoss: -0.365143 | Epsilon: 0.0200 | Replay: 39936
2026-09-21 18:36:05,272 | INFO | Steps: 40448/150000 | Episodes: 79 | CurrentEpReward: 0.000 | RecentReward: 44.053 | QLoss: 0.300794 | ParamLoss: -0.370142 | Epsilon: 0.0200 | Replay: 40448
2026-09-21 18:36:28,230 | INFO | Steps: 40960/150000 | Episodes: 80 | CurrentEpReward: 0.000 | RecentReward: 45.333 | QLoss: 0.308804 | ParamLoss: -0.379401 | Epsilon: 0.0200 | Replay: 40960
2026-09-21 18:36:51,134 | INFO | Steps: 41472/150000 | Episodes: 81 | CurrentEpReward: 0.000 | RecentReward: 46.695 | QLoss: 0.352929 | ParamLoss: -0.389802 | Epsilon: 0.0200 | Replay: 41472
2026-09-21 18:37:14,209 | INFO | Steps: 41984/150000 | Episodes: 82 | CurrentEpReward: 0.000 | RecentReward: 49.049 | QLoss: 0.352471 | ParamLoss: -0.401147 | Epsilon: 0.0200 | Replay: 41984
2026-09-21 18:37:36,708 | INFO | Steps: 42496/150000 | Episodes: 83 | CurrentEpReward: 0.000 | RecentReward: 50.574 | QLoss: 0.350872 | ParamLoss: -0.406703 | Epsilon: 0.0200 | Replay: 42496
2026-09-21 18:37:59,362 | INFO | Steps: 43008/150000 | Episodes: 84 | CurrentEpReward: 0.000 | RecentReward: 50.275 | QLoss: 0.346312 | ParamLoss: -0.412595 | Epsilon: 0.0200 | Replay: 43008
2026-09-21 18:38:21,938 | INFO | Steps: 43520/150000 | Episodes: 85 | CurrentEpReward: 0.000 | RecentReward: 51.494 | QLoss: 0.358938 | ParamLoss: -0.422721 | Epsilon: 0.0200 | Replay: 43520
2026-09-21 18:38:44,438 | INFO | Steps: 44032/150000 | Episodes: 86 | CurrentEpReward: 0.000 | RecentReward: 51.370 | QLoss: 0.378789 | ParamLoss: -0.427010 | Epsilon: 0.0200 | Replay: 44032
2026-09-21 18:39:07,015 | INFO | Steps: 44544/150000 | Episodes: 87 | CurrentEpReward: 0.000 | RecentReward: 52.207 | QLoss: 0.368023 | ParamLoss: -0.431053 | Epsilon: 0.0200 | Replay: 44544
2026-09-21 18:39:29,717 | INFO | Steps: 45056/150000 | Episodes: 88 | CurrentEpReward: 0.000 | RecentReward: 53.206 | QLoss: 0.397381 | ParamLoss: -0.437425 | Epsilon: 0.0200 | Replay: 45056
2026-09-21 18:39:52,514 | INFO | Steps: 45568/150000 | Episodes: 89 | CurrentEpReward: 0.000 | RecentReward: 54.298 | QLoss: 0.357530 | ParamLoss: -0.446854 | Epsilon: 0.0200 | Replay: 45568
2026-09-21 18:40:15,143 | INFO | Steps: 46080/150000 | Episodes: 90 | CurrentEpReward: 0.000 | RecentReward: 52.684 | QLoss: 0.357622 | ParamLoss: -0.447065 | Epsilon: 0.0200 | Replay: 46080
2026-09-21 18:40:38,098 | INFO | Steps: 46592/150000 | Episodes: 91 | CurrentEpReward: 0.000 | RecentReward: 52.310 | QLoss: 0.436683 | ParamLoss: -0.458013 | Epsilon: 0.0200 | Replay: 46592
2026-09-21 18:41:00,948 | INFO | Steps: 47104/150000 | Episodes: 92 | CurrentEpReward: 0.000 | RecentReward: 51.853 | QLoss: 0.385034 | ParamLoss: -0.456670 | Epsilon: 0.0200 | Replay: 47104
2026-09-21 18:41:23,816 | INFO | Steps: 47616/150000 | Episodes: 93 | CurrentEpReward: 0.000 | RecentReward: 53.095 | QLoss: 0.370941 | ParamLoss: -0.464732 | Epsilon: 0.0200 | Replay: 47616
2026-09-21 18:41:46,555 | INFO | Steps: 48128/150000 | Episodes: 94 | CurrentEpReward: 0.000 | RecentReward: 54.552 | QLoss: 0.382632 | ParamLoss: -0.474939 | Epsilon: 0.0200 | Replay: 48128
2026-09-21 18:42:09,651 | INFO | Steps: 48640/150000 | Episodes: 95 | CurrentEpReward: 0.000 | RecentReward: 54.893 | QLoss: 0.381126 | ParamLoss: -0.473716 | Epsilon: 0.0200 | Replay: 48640
2026-09-21 18:42:32,346 | INFO | Steps: 49152/150000 | Episodes: 96 | CurrentEpReward: 0.000 | RecentReward: 56.847 | QLoss: 0.359738 | ParamLoss: -0.462440 | Epsilon: 0.0200 | Replay: 49152
2026-09-21 18:42:55,191 | INFO | Steps: 49664/150000 | Episodes: 97 | CurrentEpReward: 0.000 | RecentReward: 57.568 | QLoss: 0.378661 | ParamLoss: -0.471523 | Epsilon: 0.0200 | Replay: 49664
2026-09-21 18:43:42,900 | INFO | 新的最佳模型 (reward): 66.837，保存至 /home/pjpjq/LEO_switch/results/multiseed_0907/seed46/u40/learned_baselines/pdqn/best_model.pt
2026-09-21 18:43:42,903 | INFO | 周期权重已保存: /home/pjpjq/LEO_switch/results/multiseed_0907/seed46/u40/learned_baselines/pdqn/checkpoint_50000.pt
2026-09-21 18:43:50,697 | INFO | Steps: 50176/150000 | Episodes: 98 | CurrentEpReward: 0.000 | RecentReward: 58.090 | QLoss: 0.371308 | ParamLoss: -0.472787 | Epsilon: 0.0200 | Replay: 50000
2026-09-21 18:44:13,686 | INFO | Steps: 50688/150000 | Episodes: 99 | CurrentEpReward: 0.000 | RecentReward: 58.526 | QLoss: 0.354823 | ParamLoss: -0.476245 | Epsilon: 0.0200 | Replay: 50000
2026-09-21 18:44:36,763 | INFO | Steps: 51200/150000 | Episodes: 100 | CurrentEpReward: 0.000 | RecentReward: 60.904 | QLoss: 0.363649 | ParamLoss: -0.483129 | Epsilon: 0.0200 | Replay: 50000
2026-09-21 18:44:59,519 | INFO | Steps: 51712/150000 | Episodes: 101 | CurrentEpReward: 0.000 | RecentReward: 61.997 | QLoss: 0.390057 | ParamLoss: -0.488744 | Epsilon: 0.0200 | Replay: 50000
2026-09-21 18:45:22,686 | INFO | Steps: 52224/150000 | Episodes: 102 | CurrentEpReward: 0.000 | RecentReward: 62.448 | QLoss: 0.380599 | ParamLoss: -0.495578 | Epsilon: 0.0200 | Replay: 50000
2026-09-21 18:45:45,310 | INFO | Steps: 52736/150000 | Episodes: 103 | CurrentEpReward: 0.000 | RecentReward: 62.039 | QLoss: 0.381404 | ParamLoss: -0.515300 | Epsilon: 0.0200 | Replay: 50000
2026-09-21 18:46:08,406 | INFO | Steps: 53248/150000 | Episodes: 104 | CurrentEpReward: 0.000 | RecentReward: 62.998 | QLoss: 0.395637 | ParamLoss: -0.522605 | Epsilon: 0.0200 | Replay: 50000
2026-09-21 18:46:31,840 | INFO | Steps: 53760/150000 | Episodes: 105 | CurrentEpReward: 0.000 | RecentReward: 64.158 | QLoss: 0.341806 | ParamLoss: -0.530806 | Epsilon: 0.0200 | Replay: 50000
2026-09-21 18:46:54,599 | INFO | Steps: 54272/150000 | Episodes: 106 | CurrentEpReward: 0.000 | RecentReward: 63.382 | QLoss: 0.352309 | ParamLoss: -0.547965 | Epsilon: 0.0200 | Replay: 50000
2026-09-21 18:47:17,374 | INFO | Steps: 54784/150000 | Episodes: 107 | CurrentEpReward: 0.000 | RecentReward: 63.191 | QLoss: 0.342373 | ParamLoss: -0.558373 | Epsilon: 0.0200 | Replay: 50000
2026-09-21 18:47:40,250 | INFO | Steps: 55296/150000 | Episodes: 108 | CurrentEpReward: 0.000 | RecentReward: 63.612 | QLoss: 0.376588 | ParamLoss: -0.579598 | Epsilon: 0.0200 | Replay: 50000
2026-09-21 18:48:03,278 | INFO | Steps: 55808/150000 | Episodes: 109 | CurrentEpReward: 0.000 | RecentReward: 63.431 | QLoss: 0.377920 | ParamLoss: -0.583002 | Epsilon: 0.0200 | Replay: 50000
2026-09-21 18:48:26,432 | INFO | Steps: 56320/150000 | Episodes: 110 | CurrentEpReward: 0.000 | RecentReward: 63.692 | QLoss: 0.389450 | ParamLoss: -0.583360 | Epsilon: 0.0200 | Replay: 50000
2026-09-21 18:48:49,100 | INFO | Steps: 56832/150000 | Episodes: 111 | CurrentEpReward: 0.000 | RecentReward: 63.765 | QLoss: 0.416554 | ParamLoss: -0.585851 | Epsilon: 0.0200 | Replay: 50000
2026-09-21 18:49:10,139 | INFO | Steps: 57344/150000 | Episodes: 112 | CurrentEpReward: 0.000 | RecentReward: 63.441 | QLoss: 0.380864 | ParamLoss: -0.584260 | Epsilon: 0.0200 | Replay: 50000
2026-09-21 18:49:30,880 | INFO | Steps: 57856/150000 | Episodes: 113 | CurrentEpReward: 0.000 | RecentReward: 64.590 | QLoss: 0.390788 | ParamLoss: -0.595301 | Epsilon: 0.0200 | Replay: 50000
2026-09-21 18:49:53,792 | INFO | Steps: 58368/150000 | Episodes: 114 | CurrentEpReward: 0.000 | RecentReward: 64.328 | QLoss: 0.425212 | ParamLoss: -0.580553 | Epsilon: 0.0200 | Replay: 50000
2026-09-21 18:50:16,637 | INFO | Steps: 58880/150000 | Episodes: 115 | CurrentEpReward: 0.000 | RecentReward: 64.441 | QLoss: 0.404260 | ParamLoss: -0.599748 | Epsilon: 0.0200 | Replay: 50000
2026-09-21 18:50:39,770 | INFO | Steps: 59392/150000 | Episodes: 116 | CurrentEpReward: 0.000 | RecentReward: 65.182 | QLoss: 0.406803 | ParamLoss: -0.596322 | Epsilon: 0.0200 | Replay: 50000
2026-09-21 18:51:03,206 | INFO | Steps: 59904/150000 | Episodes: 117 | CurrentEpReward: 0.000 | RecentReward: 66.165 | QLoss: 0.377559 | ParamLoss: -0.602323 | Epsilon: 0.0200 | Replay: 50000
2026-09-21 18:51:26,052 | INFO | Steps: 60416/150000 | Episodes: 118 | CurrentEpReward: 0.000 | RecentReward: 66.351 | QLoss: 0.371515 | ParamLoss: -0.600759 | Epsilon: 0.0200 | Replay: 50000
2026-09-21 18:51:49,464 | INFO | Steps: 60928/150000 | Episodes: 119 | CurrentEpReward: 0.000 | RecentReward: 67.706 | QLoss: 0.436009 | ParamLoss: -0.617173 | Epsilon: 0.0200 | Replay: 50000
2026-09-21 18:52:12,261 | INFO | Steps: 61440/150000 | Episodes: 120 | CurrentEpReward: 0.000 | RecentReward: 67.408 | QLoss: 0.365938 | ParamLoss: -0.607053 | Epsilon: 0.0200 | Replay: 50000
2026-09-21 18:52:36,666 | INFO | Steps: 61952/150000 | Episodes: 121 | CurrentEpReward: 0.000 | RecentReward: 68.511 | QLoss: 0.438850 | ParamLoss: -0.634506 | Epsilon: 0.0200 | Replay: 50000
2026-09-21 18:53:00,970 | INFO | Steps: 62464/150000 | Episodes: 122 | CurrentEpReward: 0.000 | RecentReward: 68.768 | QLoss: 0.402605 | ParamLoss: -0.635222 | Epsilon: 0.0200 | Replay: 50000
2026-09-21 18:53:25,259 | INFO | Steps: 62976/150000 | Episodes: 123 | CurrentEpReward: 0.000 | RecentReward: 67.777 | QLoss: 0.370350 | ParamLoss: -0.633036 | Epsilon: 0.0200 | Replay: 50000
2026-09-21 18:53:49,621 | INFO | Steps: 63488/150000 | Episodes: 124 | CurrentEpReward: 0.000 | RecentReward: 67.636 | QLoss: 0.367548 | ParamLoss: -0.635818 | Epsilon: 0.0200 | Replay: 50000
2026-09-21 18:54:14,304 | INFO | Steps: 64000/150000 | Episodes: 125 | CurrentEpReward: 0.000 | RecentReward: 66.955 | QLoss: 0.405170 | ParamLoss: -0.644848 | Epsilon: 0.0200 | Replay: 50000
2026-09-21 18:54:38,414 | INFO | Steps: 64512/150000 | Episodes: 126 | CurrentEpReward: 0.000 | RecentReward: 66.499 | QLoss: 0.384646 | ParamLoss: -0.650734 | Epsilon: 0.0200 | Replay: 50000
2026-09-21 18:55:02,991 | INFO | Steps: 65024/150000 | Episodes: 127 | CurrentEpReward: 0.000 | RecentReward: 67.059 | QLoss: 0.364639 | ParamLoss: -0.658816 | Epsilon: 0.0200 | Replay: 50000
2026-09-21 18:55:27,046 | INFO | Steps: 65536/150000 | Episodes: 128 | CurrentEpReward: 0.000 | RecentReward: 66.981 | QLoss: 0.344171 | ParamLoss: -0.657163 | Epsilon: 0.0200 | Replay: 50000
2026-09-21 18:55:51,300 | INFO | Steps: 66048/150000 | Episodes: 129 | CurrentEpReward: 0.000 | RecentReward: 66.131 | QLoss: 0.410639 | ParamLoss: -0.659734 | Epsilon: 0.0200 | Replay: 50000
2026-09-21 18:56:15,659 | INFO | Steps: 66560/150000 | Episodes: 130 | CurrentEpReward: 0.000 | RecentReward: 65.586 | QLoss: 0.419972 | ParamLoss: -0.671426 | Epsilon: 0.0200 | Replay: 50000
2026-09-21 18:56:39,816 | INFO | Steps: 67072/150000 | Episodes: 131 | CurrentEpReward: 0.000 | RecentReward: 64.372 | QLoss: 0.405507 | ParamLoss: -0.665604 | Epsilon: 0.0200 | Replay: 50000
2026-09-21 18:57:04,027 | INFO | Steps: 67584/150000 | Episodes: 132 | CurrentEpReward: 0.000 | RecentReward: 65.223 | QLoss: 0.372442 | ParamLoss: -0.673956 | Epsilon: 0.0200 | Replay: 50000
2026-09-21 18:57:28,071 | INFO | Steps: 68096/150000 | Episodes: 133 | CurrentEpReward: 0.000 | RecentReward: 65.649 | QLoss: 0.382842 | ParamLoss: -0.675814 | Epsilon: 0.0200 | Replay: 50000
2026-09-21 18:57:52,057 | INFO | Steps: 68608/150000 | Episodes: 134 | CurrentEpReward: 0.000 | RecentReward: 65.582 | QLoss: 0.462916 | ParamLoss: -0.687110 | Epsilon: 0.0200 | Replay: 50000
2026-09-21 18:58:16,676 | INFO | Steps: 69120/150000 | Episodes: 135 | CurrentEpReward: 0.000 | RecentReward: 66.077 | QLoss: 0.346887 | ParamLoss: -0.696594 | Epsilon: 0.0200 | Replay: 50000
2026-09-21 18:58:40,830 | INFO | Steps: 69632/150000 | Episodes: 136 | CurrentEpReward: 0.000 | RecentReward: 66.762 | QLoss: 0.365776 | ParamLoss: -0.713046 | Epsilon: 0.0200 | Replay: 50000
2026-09-21 18:59:05,181 | INFO | Steps: 70144/150000 | Episodes: 137 | CurrentEpReward: 0.000 | RecentReward: 66.698 | QLoss: 0.393766 | ParamLoss: -0.714856 | Epsilon: 0.0200 | Replay: 50000
2026-09-21 18:59:29,407 | INFO | Steps: 70656/150000 | Episodes: 138 | CurrentEpReward: 0.000 | RecentReward: 66.614 | QLoss: 0.388512 | ParamLoss: -0.725543 | Epsilon: 0.0200 | Replay: 50000
2026-09-21 18:59:53,388 | INFO | Steps: 71168/150000 | Episodes: 139 | CurrentEpReward: 0.000 | RecentReward: 66.211 | QLoss: 0.405542 | ParamLoss: -0.743945 | Epsilon: 0.0200 | Replay: 50000
2026-09-21 19:00:17,418 | INFO | Steps: 71680/150000 | Episodes: 140 | CurrentEpReward: 0.000 | RecentReward: 65.908 | QLoss: 0.341793 | ParamLoss: -0.748237 | Epsilon: 0.0200 | Replay: 50000
2026-09-21 19:00:41,370 | INFO | Steps: 72192/150000 | Episodes: 141 | CurrentEpReward: 0.000 | RecentReward: 66.557 | QLoss: 0.349254 | ParamLoss: -0.755155 | Epsilon: 0.0200 | Replay: 50000
2026-09-21 19:01:05,174 | INFO | Steps: 72704/150000 | Episodes: 142 | CurrentEpReward: 0.000 | RecentReward: 65.978 | QLoss: 0.443814 | ParamLoss: -0.768840 | Epsilon: 0.0200 | Replay: 50000
2026-09-21 19:01:29,390 | INFO | Steps: 73216/150000 | Episodes: 143 | CurrentEpReward: 0.000 | RecentReward: 66.817 | QLoss: 0.455253 | ParamLoss: -0.778696 | Epsilon: 0.0200 | Replay: 50000
2026-09-21 19:01:53,471 | INFO | Steps: 73728/150000 | Episodes: 144 | CurrentEpReward: 0.000 | RecentReward: 67.509 | QLoss: 0.410109 | ParamLoss: -0.778852 | Epsilon: 0.0200 | Replay: 50000
2026-09-21 19:02:17,590 | INFO | Steps: 74240/150000 | Episodes: 145 | CurrentEpReward: 0.000 | RecentReward: 67.827 | QLoss: 0.453306 | ParamLoss: -0.784223 | Epsilon: 0.0200 | Replay: 50000
2026-09-21 19:02:41,420 | INFO | Steps: 74752/150000 | Episodes: 146 | CurrentEpReward: 0.000 | RecentReward: 67.257 | QLoss: 0.439362 | ParamLoss: -0.793005 | Epsilon: 0.0200 | Replay: 50000
2026-09-21 19:03:05,396 | INFO | Steps: 75264/150000 | Episodes: 147 | CurrentEpReward: 0.000 | RecentReward: 67.225 | QLoss: 0.440900 | ParamLoss: -0.787923 | Epsilon: 0.0200 | Replay: 50000
2026-09-21 19:03:29,390 | INFO | Steps: 75776/150000 | Episodes: 148 | CurrentEpReward: 0.000 | RecentReward: 67.254 | QLoss: 0.415183 | ParamLoss: -0.786564 | Epsilon: 0.0200 | Replay: 50000
2026-09-21 19:03:53,826 | INFO | Steps: 76288/150000 | Episodes: 149 | CurrentEpReward: 0.000 | RecentReward: 68.091 | QLoss: 0.405696 | ParamLoss: -0.781421 | Epsilon: 0.0200 | Replay: 50000
2026-09-21 19:04:17,513 | INFO | Steps: 76800/150000 | Episodes: 150 | CurrentEpReward: 0.000 | RecentReward: 68.842 | QLoss: 0.418998 | ParamLoss: -0.787871 | Epsilon: 0.0200 | Replay: 50000
2026-09-21 19:04:41,832 | INFO | Steps: 77312/150000 | Episodes: 151 | CurrentEpReward: 0.000 | RecentReward: 68.959 | QLoss: 0.387739 | ParamLoss: -0.787844 | Epsilon: 0.0200 | Replay: 50000
2026-09-21 19:05:05,604 | INFO | Steps: 77824/150000 | Episodes: 152 | CurrentEpReward: 0.000 | RecentReward: 69.635 | QLoss: 0.355623 | ParamLoss: -0.797549 | Epsilon: 0.0200 | Replay: 50000
2026-09-21 19:05:29,451 | INFO | Steps: 78336/150000 | Episodes: 153 | CurrentEpReward: 0.000 | RecentReward: 67.963 | QLoss: 0.490489 | ParamLoss: -0.791845 | Epsilon: 0.0200 | Replay: 50000
2026-09-21 19:05:53,765 | INFO | Steps: 78848/150000 | Episodes: 154 | CurrentEpReward: 0.000 | RecentReward: 68.846 | QLoss: 0.440378 | ParamLoss: -0.805739 | Epsilon: 0.0200 | Replay: 50000
2026-09-21 19:06:17,527 | INFO | Steps: 79360/150000 | Episodes: 155 | CurrentEpReward: 0.000 | RecentReward: 68.769 | QLoss: 0.457856 | ParamLoss: -0.802848 | Epsilon: 0.0200 | Replay: 50000
2026-09-21 19:06:41,486 | INFO | Steps: 79872/150000 | Episodes: 156 | CurrentEpReward: 0.000 | RecentReward: 69.130 | QLoss: 0.351111 | ParamLoss: -0.816185 | Epsilon: 0.0200 | Replay: 50000
2026-09-21 19:07:05,237 | INFO | Steps: 80384/150000 | Episodes: 157 | CurrentEpReward: 0.000 | RecentReward: 67.989 | QLoss: 0.433632 | ParamLoss: -0.826168 | Epsilon: 0.0200 | Replay: 50000
2026-09-21 19:07:28,845 | INFO | Steps: 80896/150000 | Episodes: 158 | CurrentEpReward: 0.000 | RecentReward: 67.852 | QLoss: 0.421124 | ParamLoss: -0.833323 | Epsilon: 0.0200 | Replay: 50000
2026-09-21 19:07:52,996 | INFO | Steps: 81408/150000 | Episodes: 159 | CurrentEpReward: 0.000 | RecentReward: 68.018 | QLoss: 0.409424 | ParamLoss: -0.833044 | Epsilon: 0.0200 | Replay: 50000
2026-09-21 19:08:17,130 | INFO | Steps: 81920/150000 | Episodes: 160 | CurrentEpReward: 0.000 | RecentReward: 68.672 | QLoss: 0.419194 | ParamLoss: -0.836565 | Epsilon: 0.0200 | Replay: 50000
2026-09-21 19:08:40,762 | INFO | Steps: 82432/150000 | Episodes: 161 | CurrentEpReward: 0.000 | RecentReward: 68.290 | QLoss: 0.465792 | ParamLoss: -0.836207 | Epsilon: 0.0200 | Replay: 50000
2026-09-21 19:09:04,525 | INFO | Steps: 82944/150000 | Episodes: 162 | CurrentEpReward: 0.000 | RecentReward: 67.594 | QLoss: 0.391627 | ParamLoss: -0.830066 | Epsilon: 0.0200 | Replay: 50000
2026-09-21 19:09:28,163 | INFO | Steps: 83456/150000 | Episodes: 163 | CurrentEpReward: 0.000 | RecentReward: 68.495 | QLoss: 0.420134 | ParamLoss: -0.835178 | Epsilon: 0.0200 | Replay: 50000
2026-09-21 19:09:52,224 | INFO | Steps: 83968/150000 | Episodes: 164 | CurrentEpReward: 0.000 | RecentReward: 67.258 | QLoss: 0.348429 | ParamLoss: -0.841760 | Epsilon: 0.0200 | Replay: 50000
2026-09-21 19:10:15,979 | INFO | Steps: 84480/150000 | Episodes: 165 | CurrentEpReward: 0.000 | RecentReward: 66.415 | QLoss: 0.391836 | ParamLoss: -0.841278 | Epsilon: 0.0200 | Replay: 50000
2026-09-21 19:10:39,672 | INFO | Steps: 84992/150000 | Episodes: 166 | CurrentEpReward: 0.000 | RecentReward: 66.117 | QLoss: 0.361787 | ParamLoss: -0.854915 | Epsilon: 0.0200 | Replay: 50000
2026-09-21 19:11:03,598 | INFO | Steps: 85504/150000 | Episodes: 167 | CurrentEpReward: 0.000 | RecentReward: 66.437 | QLoss: 0.385440 | ParamLoss: -0.864195 | Epsilon: 0.0200 | Replay: 50000
2026-09-21 19:11:27,897 | INFO | Steps: 86016/150000 | Episodes: 168 | CurrentEpReward: 0.000 | RecentReward: 67.169 | QLoss: 0.436779 | ParamLoss: -0.883248 | Epsilon: 0.0200 | Replay: 50000
2026-09-21 19:11:51,614 | INFO | Steps: 86528/150000 | Episodes: 169 | CurrentEpReward: 0.000 | RecentReward: 65.902 | QLoss: 0.449469 | ParamLoss: -0.889120 | Epsilon: 0.0200 | Replay: 50000
2026-09-21 19:12:15,545 | INFO | Steps: 87040/150000 | Episodes: 170 | CurrentEpReward: 0.000 | RecentReward: 65.613 | QLoss: 0.448579 | ParamLoss: -0.902386 | Epsilon: 0.0200 | Replay: 50000
2026-09-21 19:12:39,399 | INFO | Steps: 87552/150000 | Episodes: 171 | CurrentEpReward: 0.000 | RecentReward: 65.858 | QLoss: 0.530361 | ParamLoss: -0.904669 | Epsilon: 0.0200 | Replay: 50000
2026-09-21 19:13:03,350 | INFO | Steps: 88064/150000 | Episodes: 172 | CurrentEpReward: 0.000 | RecentReward: 65.404 | QLoss: 0.492895 | ParamLoss: -0.913187 | Epsilon: 0.0200 | Replay: 50000
2026-09-21 19:13:27,033 | INFO | Steps: 88576/150000 | Episodes: 173 | CurrentEpReward: 0.000 | RecentReward: 64.966 | QLoss: 0.456907 | ParamLoss: -0.915284 | Epsilon: 0.0200 | Replay: 50000
2026-09-21 19:13:50,501 | INFO | Steps: 89088/150000 | Episodes: 174 | CurrentEpReward: 0.000 | RecentReward: 64.413 | QLoss: 0.433007 | ParamLoss: -0.906891 | Epsilon: 0.0200 | Replay: 50000
2026-09-21 19:14:14,291 | INFO | Steps: 89600/150000 | Episodes: 175 | CurrentEpReward: 0.000 | RecentReward: 64.452 | QLoss: 0.424288 | ParamLoss: -0.914552 | Epsilon: 0.0200 | Replay: 50000
2026-09-21 19:14:38,084 | INFO | Steps: 90112/150000 | Episodes: 176 | CurrentEpReward: 0.000 | RecentReward: 64.576 | QLoss: 0.470511 | ParamLoss: -0.926592 | Epsilon: 0.0200 | Replay: 50000
2026-09-21 19:15:01,934 | INFO | Steps: 90624/150000 | Episodes: 177 | CurrentEpReward: 0.000 | RecentReward: 63.673 | QLoss: 0.424901 | ParamLoss: -0.923495 | Epsilon: 0.0200 | Replay: 50000
2026-09-21 19:15:25,776 | INFO | Steps: 91136/150000 | Episodes: 178 | CurrentEpReward: 0.000 | RecentReward: 62.553 | QLoss: 0.424964 | ParamLoss: -0.920855 | Epsilon: 0.0200 | Replay: 50000
2026-09-21 19:15:49,481 | INFO | Steps: 91648/150000 | Episodes: 179 | CurrentEpReward: 0.000 | RecentReward: 63.252 | QLoss: 0.376112 | ParamLoss: -0.921630 | Epsilon: 0.0200 | Replay: 50000
2026-09-21 19:16:13,410 | INFO | Steps: 92160/150000 | Episodes: 180 | CurrentEpReward: 0.000 | RecentReward: 62.999 | QLoss: 0.432586 | ParamLoss: -0.915768 | Epsilon: 0.0200 | Replay: 50000
2026-09-21 19:16:37,406 | INFO | Steps: 92672/150000 | Episodes: 181 | CurrentEpReward: 0.000 | RecentReward: 63.046 | QLoss: 0.454150 | ParamLoss: -0.915365 | Epsilon: 0.0200 | Replay: 50000
2026-09-21 19:17:00,965 | INFO | Steps: 93184/150000 | Episodes: 182 | CurrentEpReward: 0.000 | RecentReward: 62.498 | QLoss: 0.488744 | ParamLoss: -0.928521 | Epsilon: 0.0200 | Replay: 50000
2026-09-21 19:17:24,577 | INFO | Steps: 93696/150000 | Episodes: 183 | CurrentEpReward: 0.000 | RecentReward: 63.356 | QLoss: 0.495866 | ParamLoss: -0.926505 | Epsilon: 0.0200 | Replay: 50000
2026-09-21 19:17:48,087 | INFO | Steps: 94208/150000 | Episodes: 184 | CurrentEpReward: 0.000 | RecentReward: 63.582 | QLoss: 0.399654 | ParamLoss: -0.938063 | Epsilon: 0.0200 | Replay: 50000
2026-09-21 19:18:11,936 | INFO | Steps: 94720/150000 | Episodes: 185 | CurrentEpReward: 0.000 | RecentReward: 64.114 | QLoss: 0.393100 | ParamLoss: -0.943682 | Epsilon: 0.0200 | Replay: 50000
2026-09-21 19:18:35,695 | INFO | Steps: 95232/150000 | Episodes: 186 | CurrentEpReward: 0.000 | RecentReward: 63.425 | QLoss: 0.463641 | ParamLoss: -0.937033 | Epsilon: 0.0200 | Replay: 50000
2026-09-21 19:18:59,312 | INFO | Steps: 95744/150000 | Episodes: 187 | CurrentEpReward: 0.000 | RecentReward: 64.578 | QLoss: 0.493178 | ParamLoss: -0.944906 | Epsilon: 0.0200 | Replay: 50000
2026-09-21 19:19:22,949 | INFO | Steps: 96256/150000 | Episodes: 188 | CurrentEpReward: 0.000 | RecentReward: 65.162 | QLoss: 0.451979 | ParamLoss: -0.952579 | Epsilon: 0.0200 | Replay: 50000
2026-09-21 19:19:46,612 | INFO | Steps: 96768/150000 | Episodes: 189 | CurrentEpReward: 0.000 | RecentReward: 65.113 | QLoss: 0.398538 | ParamLoss: -0.952620 | Epsilon: 0.0200 | Replay: 50000
2026-09-21 19:20:10,373 | INFO | Steps: 97280/150000 | Episodes: 190 | CurrentEpReward: 0.000 | RecentReward: 65.384 | QLoss: 0.362059 | ParamLoss: -0.959981 | Epsilon: 0.0200 | Replay: 50000
2026-09-21 19:20:33,945 | INFO | Steps: 97792/150000 | Episodes: 191 | CurrentEpReward: 0.000 | RecentReward: 65.262 | QLoss: 0.385503 | ParamLoss: -0.953671 | Epsilon: 0.0200 | Replay: 50000
2026-09-21 19:20:57,375 | INFO | Steps: 98304/150000 | Episodes: 192 | CurrentEpReward: 0.000 | RecentReward: 66.337 | QLoss: 0.458988 | ParamLoss: -0.961754 | Epsilon: 0.0200 | Replay: 50000
2026-09-21 19:21:20,703 | INFO | Steps: 98816/150000 | Episodes: 193 | CurrentEpReward: 0.000 | RecentReward: 65.190 | QLoss: 0.442394 | ParamLoss: -0.959712 | Epsilon: 0.0200 | Replay: 50000
2026-09-21 19:21:44,762 | INFO | Steps: 99328/150000 | Episodes: 194 | CurrentEpReward: 0.000 | RecentReward: 65.785 | QLoss: 0.431705 | ParamLoss: -0.953883 | Epsilon: 0.0200 | Replay: 50000
2026-09-21 19:22:08,334 | INFO | Steps: 99840/150000 | Episodes: 195 | CurrentEpReward: 0.000 | RecentReward: 65.198 | QLoss: 0.399108 | ParamLoss: -0.959907 | Epsilon: 0.0200 | Replay: 50000
2026-09-21 19:22:49,913 | INFO | 周期权重已保存: /home/pjpjq/LEO_switch/results/multiseed_0907/seed46/u40/learned_baselines/pdqn/checkpoint_100000.pt
2026-09-21 19:23:06,290 | INFO | Steps: 100352/150000 | Episodes: 196 | CurrentEpReward: 0.000 | RecentReward: 66.097 | QLoss: 0.438006 | ParamLoss: -0.962773 | Epsilon: 0.0200 | Replay: 50000
2026-09-21 19:23:29,715 | INFO | Steps: 100864/150000 | Episodes: 197 | CurrentEpReward: 0.000 | RecentReward: 64.669 | QLoss: 0.492274 | ParamLoss: -0.974934 | Epsilon: 0.0200 | Replay: 50000
2026-09-21 19:23:53,092 | INFO | Steps: 101376/150000 | Episodes: 198 | CurrentEpReward: 0.000 | RecentReward: 65.039 | QLoss: 0.392338 | ParamLoss: -0.980277 | Epsilon: 0.0200 | Replay: 50000
2026-09-21 19:24:16,784 | INFO | Steps: 101888/150000 | Episodes: 199 | CurrentEpReward: 0.000 | RecentReward: 64.883 | QLoss: 0.383835 | ParamLoss: -0.978183 | Epsilon: 0.0200 | Replay: 50000
2026-09-21 19:24:40,403 | INFO | Steps: 102400/150000 | Episodes: 200 | CurrentEpReward: 0.000 | RecentReward: 64.446 | QLoss: 0.406660 | ParamLoss: -0.974483 | Epsilon: 0.0200 | Replay: 50000
2026-09-21 19:25:03,687 | INFO | Steps: 102912/150000 | Episodes: 201 | CurrentEpReward: 0.000 | RecentReward: 63.714 | QLoss: 0.475227 | ParamLoss: -0.981989 | Epsilon: 0.0200 | Replay: 50000
2026-09-21 19:25:27,160 | INFO | Steps: 103424/150000 | Episodes: 202 | CurrentEpReward: 0.000 | RecentReward: 63.989 | QLoss: 0.430406 | ParamLoss: -0.975138 | Epsilon: 0.0200 | Replay: 50000
2026-09-21 19:25:50,188 | INFO | Steps: 103936/150000 | Episodes: 203 | CurrentEpReward: 0.000 | RecentReward: 63.580 | QLoss: 0.496558 | ParamLoss: -0.970235 | Epsilon: 0.0200 | Replay: 50000
2026-09-21 19:26:13,655 | INFO | Steps: 104448/150000 | Episodes: 204 | CurrentEpReward: 0.000 | RecentReward: 62.369 | QLoss: 0.464318 | ParamLoss: -0.982124 | Epsilon: 0.0200 | Replay: 50000
2026-09-21 19:26:37,089 | INFO | Steps: 104960/150000 | Episodes: 205 | CurrentEpReward: 0.000 | RecentReward: 61.890 | QLoss: 0.476375 | ParamLoss: -0.961034 | Epsilon: 0.0200 | Replay: 50000
2026-09-21 19:27:00,669 | INFO | Steps: 105472/150000 | Episodes: 206 | CurrentEpReward: 0.000 | RecentReward: 61.946 | QLoss: 0.357619 | ParamLoss: -0.969158 | Epsilon: 0.0200 | Replay: 50000
2026-09-21 19:27:24,411 | INFO | Steps: 105984/150000 | Episodes: 207 | CurrentEpReward: 0.000 | RecentReward: 64.222 | QLoss: 0.506941 | ParamLoss: -0.976383 | Epsilon: 0.0200 | Replay: 50000
2026-09-21 19:27:48,102 | INFO | Steps: 106496/150000 | Episodes: 208 | CurrentEpReward: 0.000 | RecentReward: 63.503 | QLoss: 0.469187 | ParamLoss: -0.974548 | Epsilon: 0.0200 | Replay: 50000
2026-09-21 19:28:11,723 | INFO | Steps: 107008/150000 | Episodes: 209 | CurrentEpReward: 0.000 | RecentReward: 62.701 | QLoss: 0.445831 | ParamLoss: -0.980194 | Epsilon: 0.0200 | Replay: 50000
2026-09-21 19:28:35,153 | INFO | Steps: 107520/150000 | Episodes: 210 | CurrentEpReward: 0.000 | RecentReward: 62.528 | QLoss: 0.428951 | ParamLoss: -0.982337 | Epsilon: 0.0200 | Replay: 50000
2026-09-21 19:28:58,838 | INFO | Steps: 108032/150000 | Episodes: 211 | CurrentEpReward: 0.000 | RecentReward: 62.980 | QLoss: 0.354370 | ParamLoss: -0.987062 | Epsilon: 0.0200 | Replay: 50000
2026-09-21 19:29:22,408 | INFO | Steps: 108544/150000 | Episodes: 212 | CurrentEpReward: 0.000 | RecentReward: 62.082 | QLoss: 0.429230 | ParamLoss: -0.994368 | Epsilon: 0.0200 | Replay: 50000
2026-09-21 19:29:46,389 | INFO | Steps: 109056/150000 | Episodes: 213 | CurrentEpReward: 0.000 | RecentReward: 63.972 | QLoss: 0.459925 | ParamLoss: -1.001988 | Epsilon: 0.0200 | Replay: 50000
2026-09-21 19:30:10,328 | INFO | Steps: 109568/150000 | Episodes: 214 | CurrentEpReward: 0.000 | RecentReward: 65.581 | QLoss: 0.477498 | ParamLoss: -0.997826 | Epsilon: 0.0200 | Replay: 50000
2026-09-21 19:30:33,771 | INFO | Steps: 110080/150000 | Episodes: 215 | CurrentEpReward: 0.000 | RecentReward: 65.924 | QLoss: 0.441808 | ParamLoss: -0.997257 | Epsilon: 0.0200 | Replay: 50000
2026-09-21 19:30:57,657 | INFO | Steps: 110592/150000 | Episodes: 216 | CurrentEpReward: 0.000 | RecentReward: 65.910 | QLoss: 0.398761 | ParamLoss: -1.007737 | Epsilon: 0.0200 | Replay: 50000
2026-09-21 19:31:20,779 | INFO | Steps: 111104/150000 | Episodes: 217 | CurrentEpReward: 0.000 | RecentReward: 64.477 | QLoss: 0.458837 | ParamLoss: -1.017307 | Epsilon: 0.0200 | Replay: 50000
2026-09-21 19:31:44,270 | INFO | Steps: 111616/150000 | Episodes: 218 | CurrentEpReward: 0.000 | RecentReward: 64.614 | QLoss: 0.380050 | ParamLoss: -1.026312 | Epsilon: 0.0200 | Replay: 50000
2026-09-21 19:32:07,877 | INFO | Steps: 112128/150000 | Episodes: 219 | CurrentEpReward: 0.000 | RecentReward: 65.033 | QLoss: 0.479654 | ParamLoss: -1.034220 | Epsilon: 0.0200 | Replay: 50000
2026-09-21 19:32:31,377 | INFO | Steps: 112640/150000 | Episodes: 220 | CurrentEpReward: 0.000 | RecentReward: 64.894 | QLoss: 0.445627 | ParamLoss: -1.047630 | Epsilon: 0.0200 | Replay: 50000
2026-09-21 19:32:54,812 | INFO | Steps: 113152/150000 | Episodes: 221 | CurrentEpReward: 0.000 | RecentReward: 64.075 | QLoss: 0.586911 | ParamLoss: -1.044126 | Epsilon: 0.0200 | Replay: 50000
2026-09-21 19:33:18,233 | INFO | Steps: 113664/150000 | Episodes: 222 | CurrentEpReward: 0.000 | RecentReward: 63.254 | QLoss: 0.385870 | ParamLoss: -1.044452 | Epsilon: 0.0200 | Replay: 50000
2026-09-21 19:33:41,785 | INFO | Steps: 114176/150000 | Episodes: 223 | CurrentEpReward: 0.000 | RecentReward: 61.618 | QLoss: 0.471407 | ParamLoss: -1.040934 | Epsilon: 0.0200 | Replay: 50000
2026-09-21 19:34:05,536 | INFO | Steps: 114688/150000 | Episodes: 224 | CurrentEpReward: 0.000 | RecentReward: 61.801 | QLoss: 0.460984 | ParamLoss: -1.044596 | Epsilon: 0.0200 | Replay: 50000
2026-09-21 19:34:29,268 | INFO | Steps: 115200/150000 | Episodes: 225 | CurrentEpReward: 0.000 | RecentReward: 63.293 | QLoss: 0.492889 | ParamLoss: -1.045030 | Epsilon: 0.0200 | Replay: 50000
2026-09-21 19:34:52,489 | INFO | Steps: 115712/150000 | Episodes: 226 | CurrentEpReward: 0.000 | RecentReward: 63.493 | QLoss: 0.525585 | ParamLoss: -1.050651 | Epsilon: 0.0200 | Replay: 50000
2026-09-21 19:35:16,053 | INFO | Steps: 116224/150000 | Episodes: 227 | CurrentEpReward: 0.000 | RecentReward: 63.937 | QLoss: 0.583422 | ParamLoss: -1.044195 | Epsilon: 0.0200 | Replay: 50000
2026-09-21 19:35:39,775 | INFO | Steps: 116736/150000 | Episodes: 228 | CurrentEpReward: 0.000 | RecentReward: 63.580 | QLoss: 0.397921 | ParamLoss: -1.045438 | Epsilon: 0.0200 | Replay: 50000
2026-09-21 19:36:03,244 | INFO | Steps: 117248/150000 | Episodes: 229 | CurrentEpReward: 0.000 | RecentReward: 63.651 | QLoss: 0.465417 | ParamLoss: -1.045587 | Epsilon: 0.0200 | Replay: 50000
2026-09-21 19:36:26,901 | INFO | Steps: 117760/150000 | Episodes: 230 | CurrentEpReward: 0.000 | RecentReward: 64.365 | QLoss: 0.431145 | ParamLoss: -1.041238 | Epsilon: 0.0200 | Replay: 50000
2026-09-21 19:36:50,657 | INFO | Steps: 118272/150000 | Episodes: 231 | CurrentEpReward: 0.000 | RecentReward: 65.672 | QLoss: 0.461822 | ParamLoss: -1.040232 | Epsilon: 0.0200 | Replay: 50000
2026-09-21 19:37:14,344 | INFO | Steps: 118784/150000 | Episodes: 232 | CurrentEpReward: 0.000 | RecentReward: 67.237 | QLoss: 0.462618 | ParamLoss: -1.042058 | Epsilon: 0.0200 | Replay: 50000
2026-09-21 19:37:38,086 | INFO | Steps: 119296/150000 | Episodes: 233 | CurrentEpReward: 0.000 | RecentReward: 68.668 | QLoss: 0.479827 | ParamLoss: -1.039315 | Epsilon: 0.0200 | Replay: 50000
2026-09-21 19:38:01,071 | INFO | Steps: 119808/150000 | Episodes: 234 | CurrentEpReward: 0.000 | RecentReward: 67.961 | QLoss: 0.417844 | ParamLoss: -1.024027 | Epsilon: 0.0200 | Replay: 50000
2026-09-21 19:38:24,321 | INFO | Steps: 120320/150000 | Episodes: 235 | CurrentEpReward: 0.000 | RecentReward: 66.377 | QLoss: 0.567880 | ParamLoss: -1.021424 | Epsilon: 0.0200 | Replay: 50000
2026-09-21 19:38:47,884 | INFO | Steps: 120832/150000 | Episodes: 236 | CurrentEpReward: 0.000 | RecentReward: 66.253 | QLoss: 0.369229 | ParamLoss: -1.012460 | Epsilon: 0.0200 | Replay: 50000
2026-09-21 19:39:11,035 | INFO | Steps: 121344/150000 | Episodes: 237 | CurrentEpReward: 0.000 | RecentReward: 66.698 | QLoss: 0.448401 | ParamLoss: -1.029832 | Epsilon: 0.0200 | Replay: 50000
2026-09-21 19:39:34,422 | INFO | Steps: 121856/150000 | Episodes: 238 | CurrentEpReward: 0.000 | RecentReward: 67.354 | QLoss: 0.433082 | ParamLoss: -1.031546 | Epsilon: 0.0200 | Replay: 50000
2026-09-21 19:39:57,960 | INFO | Steps: 122368/150000 | Episodes: 239 | CurrentEpReward: 0.000 | RecentReward: 67.004 | QLoss: 0.475248 | ParamLoss: -1.024751 | Epsilon: 0.0200 | Replay: 50000
2026-09-21 19:40:21,621 | INFO | Steps: 122880/150000 | Episodes: 240 | CurrentEpReward: 0.000 | RecentReward: 67.199 | QLoss: 0.437016 | ParamLoss: -1.032477 | Epsilon: 0.0200 | Replay: 50000
2026-09-21 19:40:45,482 | INFO | Steps: 123392/150000 | Episodes: 241 | CurrentEpReward: 0.000 | RecentReward: 67.483 | QLoss: 0.515260 | ParamLoss: -1.036131 | Epsilon: 0.0200 | Replay: 50000
2026-09-21 19:41:08,854 | INFO | Steps: 123904/150000 | Episodes: 242 | CurrentEpReward: 0.000 | RecentReward: 66.698 | QLoss: 0.508568 | ParamLoss: -1.051105 | Epsilon: 0.0200 | Replay: 50000
2026-09-21 19:41:32,325 | INFO | Steps: 124416/150000 | Episodes: 243 | CurrentEpReward: 0.000 | RecentReward: 66.266 | QLoss: 0.465573 | ParamLoss: -1.051218 | Epsilon: 0.0200 | Replay: 50000
2026-09-21 19:41:55,886 | INFO | Steps: 124928/150000 | Episodes: 244 | CurrentEpReward: 0.000 | RecentReward: 65.375 | QLoss: 0.488397 | ParamLoss: -1.055331 | Epsilon: 0.0200 | Replay: 50000
2026-09-21 19:42:19,704 | INFO | Steps: 125440/150000 | Episodes: 245 | CurrentEpReward: 0.000 | RecentReward: 65.557 | QLoss: 0.499379 | ParamLoss: -1.057525 | Epsilon: 0.0200 | Replay: 50000
2026-09-21 19:42:43,116 | INFO | Steps: 125952/150000 | Episodes: 246 | CurrentEpReward: 0.000 | RecentReward: 65.517 | QLoss: 0.540187 | ParamLoss: -1.047656 | Epsilon: 0.0200 | Replay: 50000
2026-09-21 19:43:06,402 | INFO | Steps: 126464/150000 | Episodes: 247 | CurrentEpReward: 0.000 | RecentReward: 65.219 | QLoss: 0.518055 | ParamLoss: -1.057995 | Epsilon: 0.0200 | Replay: 50000
2026-09-21 19:43:29,754 | INFO | Steps: 126976/150000 | Episodes: 248 | CurrentEpReward: 0.000 | RecentReward: 64.016 | QLoss: 0.554086 | ParamLoss: -1.065766 | Epsilon: 0.0200 | Replay: 50000
2026-09-21 19:43:53,180 | INFO | Steps: 127488/150000 | Episodes: 249 | CurrentEpReward: 0.000 | RecentReward: 65.138 | QLoss: 0.512306 | ParamLoss: -1.069063 | Epsilon: 0.0200 | Replay: 50000
2026-09-21 19:44:16,858 | INFO | Steps: 128000/150000 | Episodes: 250 | CurrentEpReward: 0.000 | RecentReward: 64.514 | QLoss: 0.390060 | ParamLoss: -1.070200 | Epsilon: 0.0200 | Replay: 50000
2026-09-21 19:44:40,378 | INFO | Steps: 128512/150000 | Episodes: 251 | CurrentEpReward: 0.000 | RecentReward: 64.610 | QLoss: 0.437094 | ParamLoss: -1.066721 | Epsilon: 0.0200 | Replay: 50000
2026-09-21 19:45:03,903 | INFO | Steps: 129024/150000 | Episodes: 252 | CurrentEpReward: 0.000 | RecentReward: 65.753 | QLoss: 0.509437 | ParamLoss: -1.071772 | Epsilon: 0.0200 | Replay: 50000
2026-09-21 19:45:27,501 | INFO | Steps: 129536/150000 | Episodes: 253 | CurrentEpReward: 0.000 | RecentReward: 66.226 | QLoss: 0.532591 | ParamLoss: -1.076577 | Epsilon: 0.0200 | Replay: 50000
2026-09-21 19:45:51,168 | INFO | Steps: 130048/150000 | Episodes: 254 | CurrentEpReward: 0.000 | RecentReward: 67.035 | QLoss: 0.542368 | ParamLoss: -1.080183 | Epsilon: 0.0200 | Replay: 50000
2026-09-21 19:46:14,576 | INFO | Steps: 130560/150000 | Episodes: 255 | CurrentEpReward: 0.000 | RecentReward: 66.456 | QLoss: 0.388056 | ParamLoss: -1.088918 | Epsilon: 0.0200 | Replay: 50000
2026-09-21 19:46:38,190 | INFO | Steps: 131072/150000 | Episodes: 256 | CurrentEpReward: 0.000 | RecentReward: 66.216 | QLoss: 0.518350 | ParamLoss: -1.097394 | Epsilon: 0.0200 | Replay: 50000
2026-09-21 19:47:01,649 | INFO | Steps: 131584/150000 | Episodes: 257 | CurrentEpReward: 0.000 | RecentReward: 65.817 | QLoss: 0.517113 | ParamLoss: -1.103275 | Epsilon: 0.0200 | Replay: 50000
2026-09-21 19:47:25,020 | INFO | Steps: 132096/150000 | Episodes: 258 | CurrentEpReward: 0.000 | RecentReward: 65.949 | QLoss: 0.547115 | ParamLoss: -1.103896 | Epsilon: 0.0200 | Replay: 50000
2026-09-21 19:47:48,436 | INFO | Steps: 132608/150000 | Episodes: 259 | CurrentEpReward: 0.000 | RecentReward: 64.962 | QLoss: 0.498389 | ParamLoss: -1.102766 | Epsilon: 0.0200 | Replay: 50000
2026-09-21 19:48:11,813 | INFO | Steps: 133120/150000 | Episodes: 260 | CurrentEpReward: 0.000 | RecentReward: 65.181 | QLoss: 0.518506 | ParamLoss: -1.096253 | Epsilon: 0.0200 | Replay: 50000
2026-09-21 19:48:35,440 | INFO | Steps: 133632/150000 | Episodes: 261 | CurrentEpReward: 0.000 | RecentReward: 63.888 | QLoss: 0.473577 | ParamLoss: -1.103488 | Epsilon: 0.0200 | Replay: 50000
2026-09-21 19:48:58,605 | INFO | Steps: 134144/150000 | Episodes: 262 | CurrentEpReward: 0.000 | RecentReward: 62.068 | QLoss: 0.477321 | ParamLoss: -1.110489 | Epsilon: 0.0200 | Replay: 50000
2026-09-21 19:49:22,479 | INFO | Steps: 134656/150000 | Episodes: 263 | CurrentEpReward: 0.000 | RecentReward: 61.535 | QLoss: 0.494746 | ParamLoss: -1.117239 | Epsilon: 0.0200 | Replay: 50000
2026-09-21 19:49:45,829 | INFO | Steps: 135168/150000 | Episodes: 264 | CurrentEpReward: 0.000 | RecentReward: 61.080 | QLoss: 0.465504 | ParamLoss: -1.124050 | Epsilon: 0.0200 | Replay: 50000
2026-09-21 19:50:09,373 | INFO | Steps: 135680/150000 | Episodes: 265 | CurrentEpReward: 0.000 | RecentReward: 61.638 | QLoss: 0.633521 | ParamLoss: -1.129966 | Epsilon: 0.0200 | Replay: 50000
2026-09-21 19:50:32,889 | INFO | Steps: 136192/150000 | Episodes: 266 | CurrentEpReward: 0.000 | RecentReward: 61.435 | QLoss: 0.564888 | ParamLoss: -1.123820 | Epsilon: 0.0200 | Replay: 50000
2026-09-21 19:50:56,048 | INFO | Steps: 136704/150000 | Episodes: 267 | CurrentEpReward: 0.000 | RecentReward: 60.943 | QLoss: 0.543114 | ParamLoss: -1.126610 | Epsilon: 0.0200 | Replay: 50000
2026-09-21 19:51:19,586 | INFO | Steps: 137216/150000 | Episodes: 268 | CurrentEpReward: 0.000 | RecentReward: 62.175 | QLoss: 0.412371 | ParamLoss: -1.130149 | Epsilon: 0.0200 | Replay: 50000
2026-09-21 19:51:42,774 | INFO | Steps: 137728/150000 | Episodes: 269 | CurrentEpReward: 0.000 | RecentReward: 61.614 | QLoss: 0.533226 | ParamLoss: -1.125717 | Epsilon: 0.0200 | Replay: 50000
2026-09-21 19:52:06,185 | INFO | Steps: 138240/150000 | Episodes: 270 | CurrentEpReward: 0.000 | RecentReward: 61.058 | QLoss: 0.372983 | ParamLoss: -1.130860 | Epsilon: 0.0200 | Replay: 50000
2026-09-21 19:52:29,211 | INFO | Steps: 138752/150000 | Episodes: 271 | CurrentEpReward: 0.000 | RecentReward: 61.024 | QLoss: 0.502730 | ParamLoss: -1.141250 | Epsilon: 0.0200 | Replay: 50000
2026-09-21 19:52:52,618 | INFO | Steps: 139264/150000 | Episodes: 272 | CurrentEpReward: 0.000 | RecentReward: 61.891 | QLoss: 0.511237 | ParamLoss: -1.138091 | Epsilon: 0.0200 | Replay: 50000
2026-09-21 19:53:16,058 | INFO | Steps: 139776/150000 | Episodes: 273 | CurrentEpReward: 0.000 | RecentReward: 61.536 | QLoss: 0.608553 | ParamLoss: -1.148056 | Epsilon: 0.0200 | Replay: 50000
2026-09-21 19:53:39,900 | INFO | Steps: 140288/150000 | Episodes: 274 | CurrentEpReward: 0.000 | RecentReward: 63.190 | QLoss: 0.598282 | ParamLoss: -1.147176 | Epsilon: 0.0200 | Replay: 50000
2026-09-21 19:54:03,107 | INFO | Steps: 140800/150000 | Episodes: 275 | CurrentEpReward: 0.000 | RecentReward: 62.992 | QLoss: 0.583750 | ParamLoss: -1.152736 | Epsilon: 0.0200 | Replay: 50000
2026-09-21 19:54:26,577 | INFO | Steps: 141312/150000 | Episodes: 276 | CurrentEpReward: 0.000 | RecentReward: 63.546 | QLoss: 0.529706 | ParamLoss: -1.149750 | Epsilon: 0.0200 | Replay: 50000
2026-09-21 19:54:49,768 | INFO | Steps: 141824/150000 | Episodes: 277 | CurrentEpReward: 0.000 | RecentReward: 63.733 | QLoss: 0.595137 | ParamLoss: -1.155544 | Epsilon: 0.0200 | Replay: 50000
2026-09-21 19:55:12,958 | INFO | Steps: 142336/150000 | Episodes: 278 | CurrentEpReward: 0.000 | RecentReward: 62.698 | QLoss: 0.469912 | ParamLoss: -1.151488 | Epsilon: 0.0200 | Replay: 50000
2026-09-21 19:55:36,292 | INFO | Steps: 142848/150000 | Episodes: 279 | CurrentEpReward: 0.000 | RecentReward: 63.266 | QLoss: 0.524891 | ParamLoss: -1.153958 | Epsilon: 0.0200 | Replay: 50000
2026-09-21 19:55:59,674 | INFO | Steps: 143360/150000 | Episodes: 280 | CurrentEpReward: 0.000 | RecentReward: 63.172 | QLoss: 0.527525 | ParamLoss: -1.152614 | Epsilon: 0.0200 | Replay: 50000
2026-09-21 19:56:22,650 | INFO | Steps: 143872/150000 | Episodes: 281 | CurrentEpReward: 0.000 | RecentReward: 63.689 | QLoss: 0.493530 | ParamLoss: -1.152474 | Epsilon: 0.0200 | Replay: 50000
2026-09-21 19:56:45,864 | INFO | Steps: 144384/150000 | Episodes: 282 | CurrentEpReward: 0.000 | RecentReward: 63.712 | QLoss: 0.465423 | ParamLoss: -1.149050 | Epsilon: 0.0200 | Replay: 50000
2026-09-21 19:57:09,239 | INFO | Steps: 144896/150000 | Episodes: 283 | CurrentEpReward: 0.000 | RecentReward: 63.996 | QLoss: 0.489885 | ParamLoss: -1.139858 | Epsilon: 0.0200 | Replay: 50000
2026-09-21 19:57:32,390 | INFO | Steps: 145408/150000 | Episodes: 284 | CurrentEpReward: 0.000 | RecentReward: 62.468 | QLoss: 0.533828 | ParamLoss: -1.147378 | Epsilon: 0.0200 | Replay: 50000
2026-09-21 19:57:55,727 | INFO | Steps: 145920/150000 | Episodes: 285 | CurrentEpReward: 0.000 | RecentReward: 62.667 | QLoss: 0.578448 | ParamLoss: -1.144182 | Epsilon: 0.0200 | Replay: 50000
2026-09-21 19:58:19,148 | INFO | Steps: 146432/150000 | Episodes: 286 | CurrentEpReward: 0.000 | RecentReward: 62.957 | QLoss: 0.502569 | ParamLoss: -1.145645 | Epsilon: 0.0200 | Replay: 50000
2026-09-21 19:58:42,615 | INFO | Steps: 146944/150000 | Episodes: 287 | CurrentEpReward: 0.000 | RecentReward: 63.370 | QLoss: 0.491390 | ParamLoss: -1.138075 | Epsilon: 0.0200 | Replay: 50000
2026-09-21 19:59:06,015 | INFO | Steps: 147456/150000 | Episodes: 288 | CurrentEpReward: 0.000 | RecentReward: 64.605 | QLoss: 0.630937 | ParamLoss: -1.137092 | Epsilon: 0.0200 | Replay: 50000
2026-09-21 19:59:29,117 | INFO | Steps: 147968/150000 | Episodes: 289 | CurrentEpReward: 0.000 | RecentReward: 64.488 | QLoss: 0.486767 | ParamLoss: -1.138896 | Epsilon: 0.0200 | Replay: 50000
2026-09-21 19:59:52,861 | INFO | Steps: 148480/150000 | Episodes: 290 | CurrentEpReward: 0.000 | RecentReward: 65.702 | QLoss: 0.640283 | ParamLoss: -1.139864 | Epsilon: 0.0200 | Replay: 50000
2026-09-21 20:00:16,616 | INFO | Steps: 148992/150000 | Episodes: 291 | CurrentEpReward: 0.000 | RecentReward: 66.181 | QLoss: 0.599197 | ParamLoss: -1.152566 | Epsilon: 0.0200 | Replay: 50000
2026-09-21 20:00:39,789 | INFO | Steps: 149504/150000 | Episodes: 292 | CurrentEpReward: 0.000 | RecentReward: 66.157 | QLoss: 0.536253 | ParamLoss: -1.149010 | Epsilon: 0.0200 | Replay: 50000
2026-09-21 20:01:02,154 | INFO | Steps: 150000/150000 | Episodes: 292 | CurrentEpReward: 64.841 | RecentReward: 66.157 | QLoss: 0.571297 | ParamLoss: -1.150930 | Epsilon: 0.0200 | Replay: 50000
2026-09-21 20:01:36,163 | INFO | 新的最佳模型 (reward): 68.133，保存至 /home/pjpjq/LEO_switch/results/multiseed_0907/seed46/u40/learned_baselines/pdqn/best_model.pt
2026-09-21 20:01:36,172 | INFO | 周期权重已保存: /home/pjpjq/LEO_switch/results/multiseed_0907/seed46/u40/learned_baselines/pdqn/checkpoint_150000.pt
2026-09-21 20:01:36,200 | INFO | 最终权重已保存: /home/pjpjq/LEO_switch/results/multiseed_0907/seed46/u40/learned_baselines/pdqn/pdqn_model.pt
2026-09-21 20:02:10,634 | INFO | 训练与评估完成 | EvalReward: 68.133 ± 3.549
