2026-08-04 22:35:56,292 | INFO | ============================================================
2026-08-04 22:35:56,292 | INFO | 开始训练纯 PDQN 基线
2026-08-04 22:35:56,292 | INFO | 总步数: 150000 | warmup: 1000 | batch: 128 | 日志间隔: 512 steps | 保存间隔: 50000 steps | device: cuda
2026-08-04 22:35:56,292 | INFO | ============================================================
2026-08-04 22:36:04,814 | INFO | Steps: 512/150000 | Episodes: 1 | CurrentEpReward: 0.000 | RecentReward: 13.471 | QLoss: 0.000000 | ParamLoss: 0.000000 | Epsilon: 1.0000 | Replay: 512
2026-08-04 22:36:14,389 | INFO | Steps: 1024/150000 | Episodes: 2 | CurrentEpReward: 0.000 | RecentReward: 12.102 | QLoss: 0.161477 | ParamLoss: -0.002477 | Epsilon: 0.9993 | Replay: 1024
2026-08-04 22:36:41,064 | INFO | Steps: 1536/150000 | Episodes: 3 | CurrentEpReward: 0.000 | RecentReward: 7.767 | QLoss: 0.151502 | ParamLoss: -0.010636 | Epsilon: 0.9860 | Replay: 1536
2026-08-04 22:37:05,964 | INFO | Steps: 2048/150000 | Episodes: 4 | CurrentEpReward: 0.000 | RecentReward: 6.422 | QLoss: 0.161533 | ParamLoss: -0.020021 | Epsilon: 0.9726 | Replay: 2048
2026-08-04 22:37:31,215 | INFO | Steps: 2560/150000 | Episodes: 5 | CurrentEpReward: 0.000 | RecentReward: 5.030 | QLoss: 0.167402 | ParamLoss: -0.026893 | Epsilon: 0.9592 | Replay: 2560
2026-08-04 22:37:57,085 | INFO | Steps: 3072/150000 | Episodes: 6 | CurrentEpReward: 0.000 | RecentReward: 4.490 | QLoss: 0.169423 | ParamLoss: -0.036104 | Epsilon: 0.9458 | Replay: 3072
2026-08-04 22:38:22,585 | INFO | Steps: 3584/150000 | Episodes: 7 | CurrentEpReward: 0.000 | RecentReward: 3.278 | QLoss: 0.179617 | ParamLoss: -0.045487 | Epsilon: 0.9324 | Replay: 3584
2026-08-04 22:38:48,186 | INFO | Steps: 4096/150000 | Episodes: 8 | CurrentEpReward: 0.000 | RecentReward: 4.288 | QLoss: 0.177668 | ParamLoss: -0.060745 | Epsilon: 0.9191 | Replay: 4096
2026-08-04 22:39:16,949 | INFO | Steps: 4608/150000 | Episodes: 9 | CurrentEpReward: 0.000 | RecentReward: 4.084 | QLoss: 0.176458 | ParamLoss: -0.074590 | Epsilon: 0.9057 | Replay: 4608
2026-08-04 22:39:49,963 | INFO | Steps: 5120/150000 | Episodes: 10 | CurrentEpReward: 0.000 | RecentReward: 4.726 | QLoss: 0.178858 | ParamLoss: -0.084759 | Epsilon: 0.8923 | Replay: 5120
2026-08-04 22:40:15,450 | INFO | Steps: 5632/150000 | Episodes: 11 | CurrentEpReward: 0.000 | RecentReward: 4.357 | QLoss: 0.180718 | ParamLoss: -0.091936 | Epsilon: 0.8789 | Replay: 5632
2026-08-04 22:40:41,323 | INFO | Steps: 6144/150000 | Episodes: 12 | CurrentEpReward: 0.000 | RecentReward: 4.595 | QLoss: 0.185429 | ParamLoss: -0.105995 | Epsilon: 0.8655 | Replay: 6144
2026-08-04 22:41:11,054 | INFO | Steps: 6656/150000 | Episodes: 13 | CurrentEpReward: 0.000 | RecentReward: 6.641 | QLoss: 0.188255 | ParamLoss: -0.123301 | Epsilon: 0.8522 | Replay: 6656
2026-08-04 22:41:36,414 | INFO | Steps: 7168/150000 | Episodes: 14 | CurrentEpReward: 0.000 | RecentReward: 7.315 | QLoss: 0.194645 | ParamLoss: -0.134412 | Epsilon: 0.8388 | Replay: 7168
2026-08-04 22:42:04,360 | INFO | Steps: 7680/150000 | Episodes: 15 | CurrentEpReward: 0.000 | RecentReward: 7.842 | QLoss: 0.191622 | ParamLoss: -0.145338 | Epsilon: 0.8254 | Replay: 7680
2026-08-04 22:42:34,242 | INFO | Steps: 8192/150000 | Episodes: 16 | CurrentEpReward: 0.000 | RecentReward: 9.913 | QLoss: 0.199774 | ParamLoss: -0.158264 | Epsilon: 0.8120 | Replay: 8192
2026-08-04 22:43:11,665 | INFO | Steps: 8704/150000 | Episodes: 17 | CurrentEpReward: 0.000 | RecentReward: 11.620 | QLoss: 0.198553 | ParamLoss: -0.167376 | Epsilon: 0.7986 | Replay: 8704
2026-08-04 22:43:39,018 | INFO | Steps: 9216/150000 | Episodes: 18 | CurrentEpReward: 0.000 | RecentReward: 11.624 | QLoss: 0.202261 | ParamLoss: -0.178144 | Epsilon: 0.7853 | Replay: 9216
2026-08-04 22:44:06,177 | INFO | Steps: 9728/150000 | Episodes: 19 | CurrentEpReward: 0.000 | RecentReward: 13.567 | QLoss: 0.205425 | ParamLoss: -0.188257 | Epsilon: 0.7719 | Replay: 9728
2026-08-04 22:44:31,548 | INFO | Steps: 10240/150000 | Episodes: 20 | CurrentEpReward: 0.000 | RecentReward: 13.441 | QLoss: 0.206569 | ParamLoss: -0.195377 | Epsilon: 0.7585 | Replay: 10240
2026-08-04 22:44:56,000 | INFO | Steps: 10752/150000 | Episodes: 21 | CurrentEpReward: 0.000 | RecentReward: 13.895 | QLoss: 0.209080 | ParamLoss: -0.205668 | Epsilon: 0.7451 | Replay: 10752
2026-08-04 22:45:28,357 | INFO | Steps: 11264/150000 | Episodes: 22 | CurrentEpReward: 0.000 | RecentReward: 14.773 | QLoss: 0.216063 | ParamLoss: -0.216510 | Epsilon: 0.7317 | Replay: 11264
2026-08-04 22:45:53,001 | INFO | Steps: 11776/150000 | Episodes: 23 | CurrentEpReward: 0.000 | RecentReward: 16.469 | QLoss: 0.230414 | ParamLoss: -0.226190 | Epsilon: 0.7184 | Replay: 11776
2026-08-04 22:46:17,750 | INFO | Steps: 12288/150000 | Episodes: 24 | CurrentEpReward: 0.000 | RecentReward: 18.502 | QLoss: 0.219475 | ParamLoss: -0.238204 | Epsilon: 0.7050 | Replay: 12288
2026-08-04 22:46:42,823 | INFO | Steps: 12800/150000 | Episodes: 25 | CurrentEpReward: 0.000 | RecentReward: 19.260 | QLoss: 0.215137 | ParamLoss: -0.247992 | Epsilon: 0.6916 | Replay: 12800
2026-08-04 22:47:08,384 | INFO | Steps: 13312/150000 | Episodes: 26 | CurrentEpReward: 0.000 | RecentReward: 18.779 | QLoss: 0.230036 | ParamLoss: -0.256429 | Epsilon: 0.6782 | Replay: 13312
2026-08-04 22:47:34,663 | INFO | Steps: 13824/150000 | Episodes: 27 | CurrentEpReward: 0.000 | RecentReward: 19.816 | QLoss: 0.223500 | ParamLoss: -0.259892 | Epsilon: 0.6648 | Replay: 13824
2026-08-04 22:47:59,390 | INFO | Steps: 14336/150000 | Episodes: 28 | CurrentEpReward: 0.000 | RecentReward: 21.758 | QLoss: 0.226821 | ParamLoss: -0.265366 | Epsilon: 0.6515 | Replay: 14336
2026-08-04 22:48:24,122 | INFO | Steps: 14848/150000 | Episodes: 29 | CurrentEpReward: 0.000 | RecentReward: 22.159 | QLoss: 0.231751 | ParamLoss: -0.273964 | Epsilon: 0.6381 | Replay: 14848
2026-08-04 22:48:52,700 | INFO | Steps: 15360/150000 | Episodes: 30 | CurrentEpReward: 0.000 | RecentReward: 23.708 | QLoss: 0.232944 | ParamLoss: -0.276633 | Epsilon: 0.6247 | Replay: 15360
2026-08-04 22:49:17,309 | INFO | Steps: 15872/150000 | Episodes: 31 | CurrentEpReward: 0.000 | RecentReward: 25.409 | QLoss: 0.233966 | ParamLoss: -0.290282 | Epsilon: 0.6113 | Replay: 15872
2026-08-04 22:49:46,699 | INFO | Steps: 16384/150000 | Episodes: 32 | CurrentEpReward: 0.000 | RecentReward: 25.403 | QLoss: 0.235650 | ParamLoss: -0.291143 | Epsilon: 0.5979 | Replay: 16384
2026-08-04 22:50:18,259 | INFO | Steps: 16896/150000 | Episodes: 33 | CurrentEpReward: 0.000 | RecentReward: 24.291 | QLoss: 0.247358 | ParamLoss: -0.307477 | Epsilon: 0.5846 | Replay: 16896
2026-08-04 22:50:43,755 | INFO | Steps: 17408/150000 | Episodes: 34 | CurrentEpReward: 0.000 | RecentReward: 23.986 | QLoss: 0.237386 | ParamLoss: -0.315877 | Epsilon: 0.5712 | Replay: 17408
2026-08-04 22:51:09,293 | INFO | Steps: 17920/150000 | Episodes: 35 | CurrentEpReward: 0.000 | RecentReward: 26.048 | QLoss: 0.246617 | ParamLoss: -0.328724 | Epsilon: 0.5578 | Replay: 17920
2026-08-04 22:51:35,743 | INFO | Steps: 18432/150000 | Episodes: 36 | CurrentEpReward: 0.000 | RecentReward: 27.853 | QLoss: 0.255473 | ParamLoss: -0.343567 | Epsilon: 0.5444 | Replay: 18432
2026-08-04 22:52:12,521 | INFO | Steps: 18944/150000 | Episodes: 37 | CurrentEpReward: 0.000 | RecentReward: 28.510 | QLoss: 0.260575 | ParamLoss: -0.349851 | Epsilon: 0.5310 | Replay: 18944
2026-08-04 22:52:43,968 | INFO | Steps: 19456/150000 | Episodes: 38 | CurrentEpReward: 0.000 | RecentReward: 29.452 | QLoss: 0.252370 | ParamLoss: -0.354101 | Epsilon: 0.5177 | Replay: 19456
2026-08-04 22:53:16,969 | INFO | Steps: 19968/150000 | Episodes: 39 | CurrentEpReward: 0.000 | RecentReward: 30.319 | QLoss: 0.261033 | ParamLoss: -0.361437 | Epsilon: 0.5043 | Replay: 19968
2026-08-04 22:53:47,773 | INFO | Steps: 20480/150000 | Episodes: 40 | CurrentEpReward: 0.000 | RecentReward: 31.962 | QLoss: 0.273913 | ParamLoss: -0.369623 | Epsilon: 0.4909 | Replay: 20480
2026-08-04 22:54:19,988 | INFO | Steps: 20992/150000 | Episodes: 41 | CurrentEpReward: 0.000 | RecentReward: 32.211 | QLoss: 0.278625 | ParamLoss: -0.379110 | Epsilon: 0.4775 | Replay: 20992
2026-08-04 22:54:52,672 | INFO | Steps: 21504/150000 | Episodes: 42 | CurrentEpReward: 0.000 | RecentReward: 34.202 | QLoss: 0.270779 | ParamLoss: -0.386000 | Epsilon: 0.4641 | Replay: 21504
2026-08-04 22:55:24,200 | INFO | Steps: 22016/150000 | Episodes: 43 | CurrentEpReward: 0.000 | RecentReward: 35.664 | QLoss: 0.281305 | ParamLoss: -0.398354 | Epsilon: 0.4508 | Replay: 22016
2026-08-04 22:55:55,657 | INFO | Steps: 22528/150000 | Episodes: 44 | CurrentEpReward: 0.000 | RecentReward: 37.785 | QLoss: 0.276121 | ParamLoss: -0.414347 | Epsilon: 0.4374 | Replay: 22528
2026-08-04 22:56:26,714 | INFO | Steps: 23040/150000 | Episodes: 45 | CurrentEpReward: 0.000 | RecentReward: 39.526 | QLoss: 0.273636 | ParamLoss: -0.429697 | Epsilon: 0.4240 | Replay: 23040
2026-08-04 22:56:56,380 | INFO | Steps: 23552/150000 | Episodes: 46 | CurrentEpReward: 0.000 | RecentReward: 40.837 | QLoss: 0.283899 | ParamLoss: -0.443426 | Epsilon: 0.4106 | Replay: 23552
2026-08-04 22:57:26,760 | INFO | Steps: 24064/150000 | Episodes: 47 | CurrentEpReward: 0.000 | RecentReward: 43.562 | QLoss: 0.295165 | ParamLoss: -0.459681 | Epsilon: 0.3972 | Replay: 24064
2026-08-04 22:57:56,566 | INFO | Steps: 24576/150000 | Episodes: 48 | CurrentEpReward: 0.000 | RecentReward: 44.558 | QLoss: 0.316090 | ParamLoss: -0.472379 | Epsilon: 0.3839 | Replay: 24576
2026-08-04 22:58:26,817 | INFO | Steps: 25088/150000 | Episodes: 49 | CurrentEpReward: 0.000 | RecentReward: 46.459 | QLoss: 0.303502 | ParamLoss: -0.476642 | Epsilon: 0.3705 | Replay: 25088
2026-08-04 22:58:56,827 | INFO | Steps: 25600/150000 | Episodes: 50 | CurrentEpReward: 0.000 | RecentReward: 46.592 | QLoss: 0.313116 | ParamLoss: -0.485693 | Epsilon: 0.3571 | Replay: 25600
2026-08-04 22:59:27,056 | INFO | Steps: 26112/150000 | Episodes: 51 | CurrentEpReward: 0.000 | RecentReward: 47.351 | QLoss: 0.322961 | ParamLoss: -0.490593 | Epsilon: 0.3437 | Replay: 26112
2026-08-04 22:59:55,918 | INFO | Steps: 26624/150000 | Episodes: 52 | CurrentEpReward: 0.000 | RecentReward: 47.918 | QLoss: 0.316083 | ParamLoss: -0.499451 | Epsilon: 0.3303 | Replay: 26624
2026-08-04 23:00:24,831 | INFO | Steps: 27136/150000 | Episodes: 53 | CurrentEpReward: 0.000 | RecentReward: 49.412 | QLoss: 0.309259 | ParamLoss: -0.510613 | Epsilon: 0.3170 | Replay: 27136
2026-08-04 23:00:54,110 | INFO | Steps: 27648/150000 | Episodes: 54 | CurrentEpReward: 0.000 | RecentReward: 49.696 | QLoss: 0.313474 | ParamLoss: -0.516560 | Epsilon: 0.3036 | Replay: 27648
2026-08-04 23:01:22,597 | INFO | Steps: 28160/150000 | Episodes: 55 | CurrentEpReward: 0.000 | RecentReward: 50.586 | QLoss: 0.308984 | ParamLoss: -0.525870 | Epsilon: 0.2902 | Replay: 28160
2026-08-04 23:01:52,321 | INFO | Steps: 28672/150000 | Episodes: 56 | CurrentEpReward: 0.000 | RecentReward: 51.587 | QLoss: 0.350070 | ParamLoss: -0.531741 | Epsilon: 0.2768 | Replay: 28672
2026-08-04 23:02:21,697 | INFO | Steps: 29184/150000 | Episodes: 57 | CurrentEpReward: 0.000 | RecentReward: 51.154 | QLoss: 0.347656 | ParamLoss: -0.544586 | Epsilon: 0.2634 | Replay: 29184
2026-08-04 23:02:50,025 | INFO | Steps: 29696/150000 | Episodes: 58 | CurrentEpReward: 0.000 | RecentReward: 53.716 | QLoss: 0.352064 | ParamLoss: -0.554339 | Epsilon: 0.2501 | Replay: 29696
2026-08-04 23:03:19,367 | INFO | Steps: 30208/150000 | Episodes: 59 | CurrentEpReward: 0.000 | RecentReward: 54.637 | QLoss: 0.373947 | ParamLoss: -0.559015 | Epsilon: 0.2367 | Replay: 30208
2026-08-04 23:03:49,022 | INFO | Steps: 30720/150000 | Episodes: 60 | CurrentEpReward: 0.000 | RecentReward: 55.171 | QLoss: 0.331223 | ParamLoss: -0.573834 | Epsilon: 0.2233 | Replay: 30720
2026-08-04 23:04:19,778 | INFO | Steps: 31232/150000 | Episodes: 61 | CurrentEpReward: 0.000 | RecentReward: 58.368 | QLoss: 0.349314 | ParamLoss: -0.583488 | Epsilon: 0.2099 | Replay: 31232
2026-08-04 23:04:50,752 | INFO | Steps: 31744/150000 | Episodes: 62 | CurrentEpReward: 0.000 | RecentReward: 59.905 | QLoss: 0.356692 | ParamLoss: -0.587058 | Epsilon: 0.1965 | Replay: 31744
2026-08-04 23:05:20,568 | INFO | Steps: 32256/150000 | Episodes: 63 | CurrentEpReward: 0.000 | RecentReward: 60.481 | QLoss: 0.316727 | ParamLoss: -0.601351 | Epsilon: 0.1832 | Replay: 32256
2026-08-04 23:05:49,361 | INFO | Steps: 32768/150000 | Episodes: 64 | CurrentEpReward: 0.000 | RecentReward: 62.114 | QLoss: 0.352848 | ParamLoss: -0.614343 | Epsilon: 0.1698 | Replay: 32768
2026-08-04 23:06:18,493 | INFO | Steps: 33280/150000 | Episodes: 65 | CurrentEpReward: 0.000 | RecentReward: 64.176 | QLoss: 0.346310 | ParamLoss: -0.626797 | Epsilon: 0.1564 | Replay: 33280
2026-08-04 23:06:49,022 | INFO | Steps: 33792/150000 | Episodes: 66 | CurrentEpReward: 0.000 | RecentReward: 64.600 | QLoss: 0.353621 | ParamLoss: -0.635158 | Epsilon: 0.1430 | Replay: 33792
2026-08-04 23:07:18,337 | INFO | Steps: 34304/150000 | Episodes: 67 | CurrentEpReward: 0.000 | RecentReward: 65.611 | QLoss: 0.374588 | ParamLoss: -0.645213 | Epsilon: 0.1296 | Replay: 34304
2026-08-04 23:07:48,155 | INFO | Steps: 34816/150000 | Episodes: 68 | CurrentEpReward: 0.000 | RecentReward: 65.231 | QLoss: 0.378366 | ParamLoss: -0.650790 | Epsilon: 0.1162 | Replay: 34816
2026-08-04 23:08:19,858 | INFO | Steps: 35328/150000 | Episodes: 69 | CurrentEpReward: 0.000 | RecentReward: 65.794 | QLoss: 0.361912 | ParamLoss: -0.653692 | Epsilon: 0.1029 | Replay: 35328
2026-08-04 23:08:52,724 | INFO | Steps: 35840/150000 | Episodes: 70 | CurrentEpReward: 0.000 | RecentReward: 69.766 | QLoss: 0.394892 | ParamLoss: -0.670977 | Epsilon: 0.0895 | Replay: 35840
2026-08-04 23:09:23,186 | INFO | Steps: 36352/150000 | Episodes: 71 | CurrentEpReward: 0.000 | RecentReward: 69.695 | QLoss: 0.375465 | ParamLoss: -0.669457 | Epsilon: 0.0761 | Replay: 36352
2026-08-04 23:09:54,474 | INFO | Steps: 36864/150000 | Episodes: 72 | CurrentEpReward: 0.000 | RecentReward: 71.444 | QLoss: 0.424044 | ParamLoss: -0.685204 | Epsilon: 0.0627 | Replay: 36864
2026-08-04 23:10:25,946 | INFO | Steps: 37376/150000 | Episodes: 73 | CurrentEpReward: 0.000 | RecentReward: 73.372 | QLoss: 0.403805 | ParamLoss: -0.693818 | Epsilon: 0.0493 | Replay: 37376
2026-08-04 23:10:59,870 | INFO | Steps: 37888/150000 | Episodes: 74 | CurrentEpReward: 0.000 | RecentReward: 75.151 | QLoss: 0.404839 | ParamLoss: -0.698530 | Epsilon: 0.0360 | Replay: 37888
2026-08-04 23:11:32,091 | INFO | Steps: 38400/150000 | Episodes: 75 | CurrentEpReward: 0.000 | RecentReward: 75.761 | QLoss: 0.474771 | ParamLoss: -0.709459 | Epsilon: 0.0226 | Replay: 38400
2026-08-04 23:12:04,678 | INFO | Steps: 38912/150000 | Episodes: 76 | CurrentEpReward: 0.000 | RecentReward: 78.032 | QLoss: 0.416710 | ParamLoss: -0.719288 | Epsilon: 0.0200 | Replay: 38912
2026-08-04 23:12:35,316 | INFO | Steps: 39424/150000 | Episodes: 77 | CurrentEpReward: 0.000 | RecentReward: 80.819 | QLoss: 0.383091 | ParamLoss: -0.728492 | Epsilon: 0.0200 | Replay: 39424
2026-08-04 23:13:08,910 | INFO | Steps: 39936/150000 | Episodes: 78 | CurrentEpReward: 0.000 | RecentReward: 82.864 | QLoss: 0.381381 | ParamLoss: -0.725601 | Epsilon: 0.0200 | Replay: 39936
2026-08-04 23:13:41,912 | INFO | Steps: 40448/150000 | Episodes: 79 | CurrentEpReward: 0.000 | RecentReward: 84.733 | QLoss: 0.389637 | ParamLoss: -0.718315 | Epsilon: 0.0200 | Replay: 40448
2026-08-04 23:14:11,302 | INFO | Steps: 40960/150000 | Episodes: 80 | CurrentEpReward: 0.000 | RecentReward: 85.318 | QLoss: 0.436737 | ParamLoss: -0.729346 | Epsilon: 0.0200 | Replay: 40960
2026-08-04 23:14:40,395 | INFO | Steps: 41472/150000 | Episodes: 81 | CurrentEpReward: 0.000 | RecentReward: 85.570 | QLoss: 0.381461 | ParamLoss: -0.732605 | Epsilon: 0.0200 | Replay: 41472
2026-08-04 23:15:10,029 | INFO | Steps: 41984/150000 | Episodes: 82 | CurrentEpReward: 0.000 | RecentReward: 85.501 | QLoss: 0.402574 | ParamLoss: -0.746503 | Epsilon: 0.0200 | Replay: 41984
2026-08-04 23:15:39,323 | INFO | Steps: 42496/150000 | Episodes: 83 | CurrentEpReward: 0.000 | RecentReward: 86.266 | QLoss: 0.399387 | ParamLoss: -0.760571 | Epsilon: 0.0200 | Replay: 42496
2026-08-04 23:16:08,963 | INFO | Steps: 43008/150000 | Episodes: 84 | CurrentEpReward: 0.000 | RecentReward: 85.894 | QLoss: 0.469364 | ParamLoss: -0.769183 | Epsilon: 0.0200 | Replay: 43008
2026-08-04 23:16:38,918 | INFO | Steps: 43520/150000 | Episodes: 85 | CurrentEpReward: 0.000 | RecentReward: 85.372 | QLoss: 0.424204 | ParamLoss: -0.788340 | Epsilon: 0.0200 | Replay: 43520
2026-08-04 23:17:06,261 | INFO | Steps: 44032/150000 | Episodes: 86 | CurrentEpReward: 0.000 | RecentReward: 85.395 | QLoss: 0.444670 | ParamLoss: -0.788189 | Epsilon: 0.0200 | Replay: 44032
2026-08-04 23:17:35,314 | INFO | Steps: 44544/150000 | Episodes: 87 | CurrentEpReward: 0.000 | RecentReward: 85.087 | QLoss: 0.431970 | ParamLoss: -0.797044 | Epsilon: 0.0200 | Replay: 44544
2026-08-04 23:18:04,766 | INFO | Steps: 45056/150000 | Episodes: 88 | CurrentEpReward: 0.000 | RecentReward: 85.128 | QLoss: 0.426837 | ParamLoss: -0.807561 | Epsilon: 0.0200 | Replay: 45056
2026-08-04 23:18:33,774 | INFO | Steps: 45568/150000 | Episodes: 89 | CurrentEpReward: 0.000 | RecentReward: 85.606 | QLoss: 0.470096 | ParamLoss: -0.827927 | Epsilon: 0.0200 | Replay: 45568
2026-08-04 23:19:04,155 | INFO | Steps: 46080/150000 | Episodes: 90 | CurrentEpReward: 0.000 | RecentReward: 85.905 | QLoss: 0.527541 | ParamLoss: -0.833210 | Epsilon: 0.0200 | Replay: 46080
2026-08-04 23:19:34,174 | INFO | Steps: 46592/150000 | Episodes: 91 | CurrentEpReward: 0.000 | RecentReward: 87.332 | QLoss: 0.421048 | ParamLoss: -0.842025 | Epsilon: 0.0200 | Replay: 46592
2026-08-04 23:20:04,343 | INFO | Steps: 47104/150000 | Episodes: 92 | CurrentEpReward: 0.000 | RecentReward: 88.287 | QLoss: 0.480145 | ParamLoss: -0.847263 | Epsilon: 0.0200 | Replay: 47104
2026-08-04 23:20:34,373 | INFO | Steps: 47616/150000 | Episodes: 93 | CurrentEpReward: 0.000 | RecentReward: 87.861 | QLoss: 0.421126 | ParamLoss: -0.858371 | Epsilon: 0.0200 | Replay: 47616
2026-08-04 23:21:04,642 | INFO | Steps: 48128/150000 | Episodes: 94 | CurrentEpReward: 0.000 | RecentReward: 88.633 | QLoss: 0.467344 | ParamLoss: -0.857182 | Epsilon: 0.0200 | Replay: 48128
2026-08-04 23:21:33,263 | INFO | Steps: 48640/150000 | Episodes: 95 | CurrentEpReward: 0.000 | RecentReward: 88.913 | QLoss: 0.540733 | ParamLoss: -0.863514 | Epsilon: 0.0200 | Replay: 48640
2026-08-04 23:22:05,867 | INFO | Steps: 49152/150000 | Episodes: 96 | CurrentEpReward: 0.000 | RecentReward: 89.081 | QLoss: 0.482225 | ParamLoss: -0.868193 | Epsilon: 0.0200 | Replay: 49152
2026-08-04 23:22:38,775 | INFO | Steps: 49664/150000 | Episodes: 97 | CurrentEpReward: 0.000 | RecentReward: 89.789 | QLoss: 0.466266 | ParamLoss: -0.871380 | Epsilon: 0.0200 | Replay: 49664
2026-08-04 23:24:02,808 | INFO | 新的最佳模型 (reward): 92.178，保存至 /home/pjpjq/LEO_switch/results/baseline_compare/multiuser_scaling_multiuser_single_seed_150k_20260804/u20/learned_baselines/pdqn/best_model.pt
2026-08-04 23:24:02,814 | INFO | 周期权重已保存: /home/pjpjq/LEO_switch/results/baseline_compare/multiuser_scaling_multiuser_single_seed_150k_20260804/u20/learned_baselines/pdqn/checkpoint_50000.pt
2026-08-04 23:24:14,395 | INFO | Steps: 50176/150000 | Episodes: 98 | CurrentEpReward: 0.000 | RecentReward: 90.210 | QLoss: 0.441135 | ParamLoss: -0.878815 | Epsilon: 0.0200 | Replay: 50000
2026-08-04 23:24:45,921 | INFO | Steps: 50688/150000 | Episodes: 99 | CurrentEpReward: 0.000 | RecentReward: 89.833 | QLoss: 0.479599 | ParamLoss: -0.895363 | Epsilon: 0.0200 | Replay: 50000
2026-08-04 23:25:18,268 | INFO | Steps: 51200/150000 | Episodes: 100 | CurrentEpReward: 0.000 | RecentReward: 89.900 | QLoss: 0.566959 | ParamLoss: -0.906382 | Epsilon: 0.0200 | Replay: 50000
2026-08-04 23:25:50,343 | INFO | Steps: 51712/150000 | Episodes: 101 | CurrentEpReward: 0.000 | RecentReward: 90.041 | QLoss: 0.461329 | ParamLoss: -0.907142 | Epsilon: 0.0200 | Replay: 50000
2026-08-04 23:26:20,913 | INFO | Steps: 52224/150000 | Episodes: 102 | CurrentEpReward: 0.000 | RecentReward: 90.018 | QLoss: 0.408202 | ParamLoss: -0.903328 | Epsilon: 0.0200 | Replay: 50000
2026-08-04 23:26:53,807 | INFO | Steps: 52736/150000 | Episodes: 103 | CurrentEpReward: 0.000 | RecentReward: 90.804 | QLoss: 0.510506 | ParamLoss: -0.897018 | Epsilon: 0.0200 | Replay: 50000
2026-08-04 23:27:26,911 | INFO | Steps: 53248/150000 | Episodes: 104 | CurrentEpReward: 0.000 | RecentReward: 91.235 | QLoss: 0.494184 | ParamLoss: -0.898386 | Epsilon: 0.0200 | Replay: 50000
2026-08-04 23:27:58,203 | INFO | Steps: 53760/150000 | Episodes: 105 | CurrentEpReward: 0.000 | RecentReward: 91.199 | QLoss: 0.510767 | ParamLoss: -0.914644 | Epsilon: 0.0200 | Replay: 50000
2026-08-04 23:28:29,956 | INFO | Steps: 54272/150000 | Episodes: 106 | CurrentEpReward: 0.000 | RecentReward: 90.905 | QLoss: 0.548770 | ParamLoss: -0.917236 | Epsilon: 0.0200 | Replay: 50000
2026-08-04 23:29:02,846 | INFO | Steps: 54784/150000 | Episodes: 107 | CurrentEpReward: 0.000 | RecentReward: 89.474 | QLoss: 0.487339 | ParamLoss: -0.935033 | Epsilon: 0.0200 | Replay: 50000
2026-08-04 23:29:34,205 | INFO | Steps: 55296/150000 | Episodes: 108 | CurrentEpReward: 0.000 | RecentReward: 89.213 | QLoss: 0.515688 | ParamLoss: -0.936420 | Epsilon: 0.0200 | Replay: 50000
2026-08-04 23:30:05,164 | INFO | Steps: 55808/150000 | Episodes: 109 | CurrentEpReward: 0.000 | RecentReward: 88.748 | QLoss: 0.529450 | ParamLoss: -0.953375 | Epsilon: 0.0200 | Replay: 50000
2026-08-04 23:30:37,216 | INFO | Steps: 56320/150000 | Episodes: 110 | CurrentEpReward: 0.000 | RecentReward: 88.128 | QLoss: 0.471999 | ParamLoss: -0.965400 | Epsilon: 0.0200 | Replay: 50000
2026-08-04 23:31:09,046 | INFO | Steps: 56832/150000 | Episodes: 111 | CurrentEpReward: 0.000 | RecentReward: 88.208 | QLoss: 0.443755 | ParamLoss: -0.982643 | Epsilon: 0.0200 | Replay: 50000
2026-08-04 23:31:41,641 | INFO | Steps: 57344/150000 | Episodes: 112 | CurrentEpReward: 0.000 | RecentReward: 87.647 | QLoss: 0.489585 | ParamLoss: -0.975584 | Epsilon: 0.0200 | Replay: 50000
2026-08-04 23:32:12,254 | INFO | Steps: 57856/150000 | Episodes: 113 | CurrentEpReward: 0.000 | RecentReward: 86.968 | QLoss: 0.524872 | ParamLoss: -1.005023 | Epsilon: 0.0200 | Replay: 50000
2026-08-04 23:32:43,984 | INFO | Steps: 58368/150000 | Episodes: 114 | CurrentEpReward: 0.000 | RecentReward: 86.695 | QLoss: 0.468703 | ParamLoss: -1.004354 | Epsilon: 0.0200 | Replay: 50000
2026-08-04 23:33:13,968 | INFO | Steps: 58880/150000 | Episodes: 115 | CurrentEpReward: 0.000 | RecentReward: 87.359 | QLoss: 0.547728 | ParamLoss: -1.011489 | Epsilon: 0.0200 | Replay: 50000
2026-08-04 23:33:44,776 | INFO | Steps: 59392/150000 | Episodes: 116 | CurrentEpReward: 0.000 | RecentReward: 88.344 | QLoss: 0.472964 | ParamLoss: -1.025096 | Epsilon: 0.0200 | Replay: 50000
2026-08-04 23:34:14,704 | INFO | Steps: 59904/150000 | Episodes: 117 | CurrentEpReward: 0.000 | RecentReward: 89.614 | QLoss: 0.523579 | ParamLoss: -1.029248 | Epsilon: 0.0200 | Replay: 50000
2026-08-04 23:34:44,687 | INFO | Steps: 60416/150000 | Episodes: 118 | CurrentEpReward: 0.000 | RecentReward: 89.275 | QLoss: 0.481023 | ParamLoss: -1.038255 | Epsilon: 0.0200 | Replay: 50000
2026-08-04 23:35:14,943 | INFO | Steps: 60928/150000 | Episodes: 119 | CurrentEpReward: 0.000 | RecentReward: 90.092 | QLoss: 0.621616 | ParamLoss: -1.057835 | Epsilon: 0.0200 | Replay: 50000
2026-08-04 23:35:45,933 | INFO | Steps: 61440/150000 | Episodes: 120 | CurrentEpReward: 0.000 | RecentReward: 89.732 | QLoss: 0.498425 | ParamLoss: -1.053858 | Epsilon: 0.0200 | Replay: 50000
2026-08-04 23:36:16,199 | INFO | Steps: 61952/150000 | Episodes: 121 | CurrentEpReward: 0.000 | RecentReward: 89.929 | QLoss: 0.526954 | ParamLoss: -1.056241 | Epsilon: 0.0200 | Replay: 50000
2026-08-04 23:36:45,157 | INFO | Steps: 62464/150000 | Episodes: 122 | CurrentEpReward: 0.000 | RecentReward: 91.299 | QLoss: 0.507084 | ParamLoss: -1.064415 | Epsilon: 0.0200 | Replay: 50000
2026-08-04 23:37:14,946 | INFO | Steps: 62976/150000 | Episodes: 123 | CurrentEpReward: 0.000 | RecentReward: 92.269 | QLoss: 0.517916 | ParamLoss: -1.056178 | Epsilon: 0.0200 | Replay: 50000
2026-08-04 23:37:44,166 | INFO | Steps: 63488/150000 | Episodes: 124 | CurrentEpReward: 0.000 | RecentReward: 93.633 | QLoss: 0.550020 | ParamLoss: -1.067718 | Epsilon: 0.0200 | Replay: 50000
2026-08-04 23:38:14,814 | INFO | Steps: 64000/150000 | Episodes: 125 | CurrentEpReward: 0.000 | RecentReward: 94.145 | QLoss: 0.513880 | ParamLoss: -1.079489 | Epsilon: 0.0200 | Replay: 50000
2026-08-04 23:38:46,264 | INFO | Steps: 64512/150000 | Episodes: 126 | CurrentEpReward: 0.000 | RecentReward: 93.718 | QLoss: 0.518865 | ParamLoss: -1.072458 | Epsilon: 0.0200 | Replay: 50000
2026-08-04 23:39:14,942 | INFO | Steps: 65024/150000 | Episodes: 127 | CurrentEpReward: 0.000 | RecentReward: 93.834 | QLoss: 0.534199 | ParamLoss: -1.068451 | Epsilon: 0.0200 | Replay: 50000
2026-08-04 23:39:44,795 | INFO | Steps: 65536/150000 | Episodes: 128 | CurrentEpReward: 0.000 | RecentReward: 94.186 | QLoss: 0.640464 | ParamLoss: -1.075893 | Epsilon: 0.0200 | Replay: 50000
2026-08-04 23:40:14,955 | INFO | Steps: 66048/150000 | Episodes: 129 | CurrentEpReward: 0.000 | RecentReward: 94.853 | QLoss: 0.582425 | ParamLoss: -1.086627 | Epsilon: 0.0200 | Replay: 50000
2026-08-04 23:40:43,516 | INFO | Steps: 66560/150000 | Episodes: 130 | CurrentEpReward: 0.000 | RecentReward: 94.296 | QLoss: 0.479930 | ParamLoss: -1.091674 | Epsilon: 0.0200 | Replay: 50000
2026-08-04 23:41:14,215 | INFO | Steps: 67072/150000 | Episodes: 131 | CurrentEpReward: 0.000 | RecentReward: 94.815 | QLoss: 0.504074 | ParamLoss: -1.103607 | Epsilon: 0.0200 | Replay: 50000
2026-08-04 23:41:45,013 | INFO | Steps: 67584/150000 | Episodes: 132 | CurrentEpReward: 0.000 | RecentReward: 94.497 | QLoss: 0.483885 | ParamLoss: -1.115124 | Epsilon: 0.0200 | Replay: 50000
2026-08-04 23:42:15,927 | INFO | Steps: 68096/150000 | Episodes: 133 | CurrentEpReward: 0.000 | RecentReward: 94.097 | QLoss: 0.525924 | ParamLoss: -1.132884 | Epsilon: 0.0200 | Replay: 50000
2026-08-04 23:42:47,360 | INFO | Steps: 68608/150000 | Episodes: 134 | CurrentEpReward: 0.000 | RecentReward: 93.713 | QLoss: 0.511519 | ParamLoss: -1.134170 | Epsilon: 0.0200 | Replay: 50000
2026-08-04 23:43:17,073 | INFO | Steps: 69120/150000 | Episodes: 135 | CurrentEpReward: 0.000 | RecentReward: 92.608 | QLoss: 0.583177 | ParamLoss: -1.145647 | Epsilon: 0.0200 | Replay: 50000
2026-08-04 23:43:48,077 | INFO | Steps: 69632/150000 | Episodes: 136 | CurrentEpReward: 0.000 | RecentReward: 93.146 | QLoss: 0.572029 | ParamLoss: -1.142951 | Epsilon: 0.0200 | Replay: 50000
2026-08-04 23:44:18,440 | INFO | Steps: 70144/150000 | Episodes: 137 | CurrentEpReward: 0.000 | RecentReward: 93.490 | QLoss: 0.481406 | ParamLoss: -1.154791 | Epsilon: 0.0200 | Replay: 50000
2026-08-04 23:44:48,152 | INFO | Steps: 70656/150000 | Episodes: 138 | CurrentEpReward: 0.000 | RecentReward: 92.881 | QLoss: 0.552579 | ParamLoss: -1.163284 | Epsilon: 0.0200 | Replay: 50000
2026-08-04 23:45:18,108 | INFO | Steps: 71168/150000 | Episodes: 139 | CurrentEpReward: 0.000 | RecentReward: 91.487 | QLoss: 0.477894 | ParamLoss: -1.157539 | Epsilon: 0.0200 | Replay: 50000
2026-08-04 23:45:48,794 | INFO | Steps: 71680/150000 | Episodes: 140 | CurrentEpReward: 0.000 | RecentReward: 92.109 | QLoss: 0.553362 | ParamLoss: -1.161464 | Epsilon: 0.0200 | Replay: 50000
2026-08-04 23:46:16,306 | INFO | Steps: 72192/150000 | Episodes: 141 | CurrentEpReward: 0.000 | RecentReward: 92.449 | QLoss: 0.458641 | ParamLoss: -1.159927 | Epsilon: 0.0200 | Replay: 50000
2026-08-04 23:46:44,053 | INFO | Steps: 72704/150000 | Episodes: 142 | CurrentEpReward: 0.000 | RecentReward: 91.486 | QLoss: 0.507792 | ParamLoss: -1.149712 | Epsilon: 0.0200 | Replay: 50000
2026-08-04 23:47:12,592 | INFO | Steps: 73216/150000 | Episodes: 143 | CurrentEpReward: 0.000 | RecentReward: 92.423 | QLoss: 0.589019 | ParamLoss: -1.153487 | Epsilon: 0.0200 | Replay: 50000
2026-08-04 23:47:38,294 | INFO | Steps: 73728/150000 | Episodes: 144 | CurrentEpReward: 0.000 | RecentReward: 92.856 | QLoss: 0.493482 | ParamLoss: -1.162969 | Epsilon: 0.0200 | Replay: 50000
2026-08-04 23:48:03,964 | INFO | Steps: 74240/150000 | Episodes: 145 | CurrentEpReward: 0.000 | RecentReward: 93.046 | QLoss: 0.566385 | ParamLoss: -1.158599 | Epsilon: 0.0200 | Replay: 50000
2026-08-04 23:48:29,980 | INFO | Steps: 74752/150000 | Episodes: 146 | CurrentEpReward: 0.000 | RecentReward: 92.864 | QLoss: 0.528294 | ParamLoss: -1.172470 | Epsilon: 0.0200 | Replay: 50000
2026-08-04 23:48:55,839 | INFO | Steps: 75264/150000 | Episodes: 147 | CurrentEpReward: 0.000 | RecentReward: 92.273 | QLoss: 0.547073 | ParamLoss: -1.164837 | Epsilon: 0.0200 | Replay: 50000
2026-08-04 23:49:21,516 | INFO | Steps: 75776/150000 | Episodes: 148 | CurrentEpReward: 0.000 | RecentReward: 92.553 | QLoss: 0.497724 | ParamLoss: -1.177289 | Epsilon: 0.0200 | Replay: 50000
2026-08-04 23:49:47,245 | INFO | Steps: 76288/150000 | Episodes: 149 | CurrentEpReward: 0.000 | RecentReward: 94.055 | QLoss: 0.497276 | ParamLoss: -1.179280 | Epsilon: 0.0200 | Replay: 50000
2026-08-04 23:50:13,107 | INFO | Steps: 76800/150000 | Episodes: 150 | CurrentEpReward: 0.000 | RecentReward: 93.931 | QLoss: 0.461527 | ParamLoss: -1.191869 | Epsilon: 0.0200 | Replay: 50000
2026-08-04 23:50:38,728 | INFO | Steps: 77312/150000 | Episodes: 151 | CurrentEpReward: 0.000 | RecentReward: 93.253 | QLoss: 0.519309 | ParamLoss: -1.194836 | Epsilon: 0.0200 | Replay: 50000
2026-08-04 23:51:04,362 | INFO | Steps: 77824/150000 | Episodes: 152 | CurrentEpReward: 0.000 | RecentReward: 92.995 | QLoss: 0.458386 | ParamLoss: -1.194039 | Epsilon: 0.0200 | Replay: 50000
2026-08-04 23:51:30,324 | INFO | Steps: 78336/150000 | Episodes: 153 | CurrentEpReward: 0.000 | RecentReward: 93.150 | QLoss: 0.691485 | ParamLoss: -1.210625 | Epsilon: 0.0200 | Replay: 50000
2026-08-04 23:51:55,943 | INFO | Steps: 78848/150000 | Episodes: 154 | CurrentEpReward: 0.000 | RecentReward: 91.622 | QLoss: 0.754125 | ParamLoss: -1.212765 | Epsilon: 0.0200 | Replay: 50000
2026-08-04 23:52:21,914 | INFO | Steps: 79360/150000 | Episodes: 155 | CurrentEpReward: 0.000 | RecentReward: 92.836 | QLoss: 0.504434 | ParamLoss: -1.222112 | Epsilon: 0.0200 | Replay: 50000
2026-08-04 23:52:48,016 | INFO | Steps: 79872/150000 | Episodes: 156 | CurrentEpReward: 0.000 | RecentReward: 92.461 | QLoss: 0.695652 | ParamLoss: -1.222351 | Epsilon: 0.0200 | Replay: 50000
2026-08-04 23:53:13,986 | INFO | Steps: 80384/150000 | Episodes: 157 | CurrentEpReward: 0.000 | RecentReward: 91.881 | QLoss: 0.770520 | ParamLoss: -1.223582 | Epsilon: 0.0200 | Replay: 50000
2026-08-04 23:53:39,717 | INFO | Steps: 80896/150000 | Episodes: 158 | CurrentEpReward: 0.000 | RecentReward: 91.692 | QLoss: 0.527398 | ParamLoss: -1.222320 | Epsilon: 0.0200 | Replay: 50000
2026-08-04 23:54:05,562 | INFO | Steps: 81408/150000 | Episodes: 159 | CurrentEpReward: 0.000 | RecentReward: 90.710 | QLoss: 0.503369 | ParamLoss: -1.213783 | Epsilon: 0.0200 | Replay: 50000
2026-08-04 23:54:31,864 | INFO | Steps: 81920/150000 | Episodes: 160 | CurrentEpReward: 0.000 | RecentReward: 90.787 | QLoss: 0.628998 | ParamLoss: -1.230162 | Epsilon: 0.0200 | Replay: 50000
2026-08-04 23:54:56,723 | INFO | Steps: 82432/150000 | Episodes: 161 | CurrentEpReward: 0.000 | RecentReward: 89.828 | QLoss: 0.478246 | ParamLoss: -1.231793 | Epsilon: 0.0200 | Replay: 50000
2026-08-04 23:55:21,755 | INFO | Steps: 82944/150000 | Episodes: 162 | CurrentEpReward: 0.000 | RecentReward: 90.293 | QLoss: 0.585786 | ParamLoss: -1.238395 | Epsilon: 0.0200 | Replay: 50000
2026-08-04 23:55:46,892 | INFO | Steps: 83456/150000 | Episodes: 163 | CurrentEpReward: 0.000 | RecentReward: 89.903 | QLoss: 0.642363 | ParamLoss: -1.247431 | Epsilon: 0.0200 | Replay: 50000
2026-08-04 23:56:11,768 | INFO | Steps: 83968/150000 | Episodes: 164 | CurrentEpReward: 0.000 | RecentReward: 90.015 | QLoss: 0.622908 | ParamLoss: -1.251112 | Epsilon: 0.0200 | Replay: 50000
2026-08-04 23:56:36,472 | INFO | Steps: 84480/150000 | Episodes: 165 | CurrentEpReward: 0.000 | RecentReward: 89.194 | QLoss: 0.592501 | ParamLoss: -1.260880 | Epsilon: 0.0200 | Replay: 50000
2026-08-04 23:57:01,494 | INFO | Steps: 84992/150000 | Episodes: 166 | CurrentEpReward: 0.000 | RecentReward: 89.530 | QLoss: 0.574360 | ParamLoss: -1.263455 | Epsilon: 0.0200 | Replay: 50000
2026-08-04 23:57:26,696 | INFO | Steps: 85504/150000 | Episodes: 167 | CurrentEpReward: 0.000 | RecentReward: 89.564 | QLoss: 0.547425 | ParamLoss: -1.267643 | Epsilon: 0.0200 | Replay: 50000
2026-08-04 23:57:51,981 | INFO | Steps: 86016/150000 | Episodes: 168 | CurrentEpReward: 0.000 | RecentReward: 90.018 | QLoss: 0.502980 | ParamLoss: -1.263882 | Epsilon: 0.0200 | Replay: 50000
2026-08-04 23:58:17,139 | INFO | Steps: 86528/150000 | Episodes: 169 | CurrentEpReward: 0.000 | RecentReward: 89.779 | QLoss: 0.539531 | ParamLoss: -1.269672 | Epsilon: 0.0200 | Replay: 50000
2026-08-04 23:58:46,401 | INFO | Steps: 87040/150000 | Episodes: 170 | CurrentEpReward: 0.000 | RecentReward: 89.749 | QLoss: 0.513960 | ParamLoss: -1.270385 | Epsilon: 0.0200 | Replay: 50000
2026-08-04 23:59:11,448 | INFO | Steps: 87552/150000 | Episodes: 171 | CurrentEpReward: 0.000 | RecentReward: 90.343 | QLoss: 0.696102 | ParamLoss: -1.273228 | Epsilon: 0.0200 | Replay: 50000
2026-08-04 23:59:36,429 | INFO | Steps: 88064/150000 | Episodes: 172 | CurrentEpReward: 0.000 | RecentReward: 90.418 | QLoss: 0.487951 | ParamLoss: -1.273705 | Epsilon: 0.0200 | Replay: 50000
2026-08-05 00:00:05,272 | INFO | Steps: 88576/150000 | Episodes: 173 | CurrentEpReward: 0.000 | RecentReward: 89.142 | QLoss: 0.635239 | ParamLoss: -1.279837 | Epsilon: 0.0200 | Replay: 50000
2026-08-05 00:00:37,004 | INFO | Steps: 89088/150000 | Episodes: 174 | CurrentEpReward: 0.000 | RecentReward: 88.801 | QLoss: 0.620296 | ParamLoss: -1.294401 | Epsilon: 0.0200 | Replay: 50000
2026-08-05 00:01:04,419 | INFO | Steps: 89600/150000 | Episodes: 175 | CurrentEpReward: 0.000 | RecentReward: 89.341 | QLoss: 0.573495 | ParamLoss: -1.297404 | Epsilon: 0.0200 | Replay: 50000
2026-08-05 00:01:30,057 | INFO | Steps: 90112/150000 | Episodes: 176 | CurrentEpReward: 0.000 | RecentReward: 89.478 | QLoss: 0.637470 | ParamLoss: -1.304900 | Epsilon: 0.0200 | Replay: 50000
2026-08-05 00:01:56,045 | INFO | Steps: 90624/150000 | Episodes: 177 | CurrentEpReward: 0.000 | RecentReward: 91.440 | QLoss: 0.608465 | ParamLoss: -1.283208 | Epsilon: 0.0200 | Replay: 50000
2026-08-05 00:02:32,026 | INFO | Steps: 91136/150000 | Episodes: 178 | CurrentEpReward: 0.000 | RecentReward: 90.983 | QLoss: 0.573890 | ParamLoss: -1.294477 | Epsilon: 0.0200 | Replay: 50000
2026-08-05 00:03:01,898 | INFO | Steps: 91648/150000 | Episodes: 179 | CurrentEpReward: 0.000 | RecentReward: 91.387 | QLoss: 0.546740 | ParamLoss: -1.305648 | Epsilon: 0.0200 | Replay: 50000
2026-08-05 00:03:28,123 | INFO | Steps: 92160/150000 | Episodes: 180 | CurrentEpReward: 0.000 | RecentReward: 92.203 | QLoss: 0.657857 | ParamLoss: -1.313985 | Epsilon: 0.0200 | Replay: 50000
2026-08-05 00:03:53,975 | INFO | Steps: 92672/150000 | Episodes: 181 | CurrentEpReward: 0.000 | RecentReward: 91.431 | QLoss: 0.578686 | ParamLoss: -1.308545 | Epsilon: 0.0200 | Replay: 50000
2026-08-05 00:04:19,703 | INFO | Steps: 93184/150000 | Episodes: 182 | CurrentEpReward: 0.000 | RecentReward: 92.689 | QLoss: 0.543992 | ParamLoss: -1.313230 | Epsilon: 0.0200 | Replay: 50000
2026-08-05 00:04:45,510 | INFO | Steps: 93696/150000 | Episodes: 183 | CurrentEpReward: 0.000 | RecentReward: 93.103 | QLoss: 0.749991 | ParamLoss: -1.320243 | Epsilon: 0.0200 | Replay: 50000
2026-08-05 00:05:10,972 | INFO | Steps: 94208/150000 | Episodes: 184 | CurrentEpReward: 0.000 | RecentReward: 93.584 | QLoss: 0.606081 | ParamLoss: -1.327539 | Epsilon: 0.0200 | Replay: 50000
2026-08-05 00:05:36,770 | INFO | Steps: 94720/150000 | Episodes: 185 | CurrentEpReward: 0.000 | RecentReward: 93.777 | QLoss: 0.639902 | ParamLoss: -1.332725 | Epsilon: 0.0200 | Replay: 50000
2026-08-05 00:06:02,273 | INFO | Steps: 95232/150000 | Episodes: 186 | CurrentEpReward: 0.000 | RecentReward: 93.766 | QLoss: 0.544516 | ParamLoss: -1.333394 | Epsilon: 0.0200 | Replay: 50000
2026-08-05 00:06:27,765 | INFO | Steps: 95744/150000 | Episodes: 187 | CurrentEpReward: 0.000 | RecentReward: 92.171 | QLoss: 0.662536 | ParamLoss: -1.331046 | Epsilon: 0.0200 | Replay: 50000
2026-08-05 00:06:53,376 | INFO | Steps: 96256/150000 | Episodes: 188 | CurrentEpReward: 0.000 | RecentReward: 91.836 | QLoss: 0.648714 | ParamLoss: -1.341440 | Epsilon: 0.0200 | Replay: 50000
2026-08-05 00:07:19,106 | INFO | Steps: 96768/150000 | Episodes: 189 | CurrentEpReward: 0.000 | RecentReward: 91.973 | QLoss: 0.666269 | ParamLoss: -1.350422 | Epsilon: 0.0200 | Replay: 50000
2026-08-05 00:07:44,839 | INFO | Steps: 97280/150000 | Episodes: 190 | CurrentEpReward: 0.000 | RecentReward: 91.782 | QLoss: 0.782126 | ParamLoss: -1.334524 | Epsilon: 0.0200 | Replay: 50000
2026-08-05 00:08:10,809 | INFO | Steps: 97792/150000 | Episodes: 191 | CurrentEpReward: 0.000 | RecentReward: 93.312 | QLoss: 0.439429 | ParamLoss: -1.341128 | Epsilon: 0.0200 | Replay: 50000
2026-08-05 00:08:36,652 | INFO | Steps: 98304/150000 | Episodes: 192 | CurrentEpReward: 0.000 | RecentReward: 92.383 | QLoss: 0.543783 | ParamLoss: -1.342145 | Epsilon: 0.0200 | Replay: 50000
2026-08-05 00:09:02,721 | INFO | Steps: 98816/150000 | Episodes: 193 | CurrentEpReward: 0.000 | RecentReward: 93.092 | QLoss: 0.473694 | ParamLoss: -1.347555 | Epsilon: 0.0200 | Replay: 50000
2026-08-05 00:09:28,846 | INFO | Steps: 99328/150000 | Episodes: 194 | CurrentEpReward: 0.000 | RecentReward: 93.293 | QLoss: 0.643446 | ParamLoss: -1.362419 | Epsilon: 0.0200 | Replay: 50000
2026-08-05 00:09:54,776 | INFO | Steps: 99840/150000 | Episodes: 195 | CurrentEpReward: 0.000 | RecentReward: 92.775 | QLoss: 0.676170 | ParamLoss: -1.358368 | Epsilon: 0.0200 | Replay: 50000
2026-08-05 00:10:54,781 | INFO | 新的最佳模型 (reward): 93.338，保存至 /home/pjpjq/LEO_switch/results/baseline_compare/multiuser_scaling_multiuser_single_seed_150k_20260804/u20/learned_baselines/pdqn/best_model.pt
2026-08-05 00:10:54,794 | INFO | 周期权重已保存: /home/pjpjq/LEO_switch/results/baseline_compare/multiuser_scaling_multiuser_single_seed_150k_20260804/u20/learned_baselines/pdqn/checkpoint_100000.pt
2026-08-05 00:11:12,576 | INFO | Steps: 100352/150000 | Episodes: 196 | CurrentEpReward: 0.000 | RecentReward: 92.762 | QLoss: 0.703177 | ParamLoss: -1.353056 | Epsilon: 0.0200 | Replay: 50000
2026-08-05 00:11:38,894 | INFO | Steps: 100864/150000 | Episodes: 197 | CurrentEpReward: 0.000 | RecentReward: 93.040 | QLoss: 0.586266 | ParamLoss: -1.346109 | Epsilon: 0.0200 | Replay: 50000
2026-08-05 00:12:05,054 | INFO | Steps: 101376/150000 | Episodes: 198 | CurrentEpReward: 0.000 | RecentReward: 94.502 | QLoss: 0.704564 | ParamLoss: -1.342731 | Epsilon: 0.0200 | Replay: 50000
2026-08-05 00:12:30,961 | INFO | Steps: 101888/150000 | Episodes: 199 | CurrentEpReward: 0.000 | RecentReward: 95.091 | QLoss: 0.506486 | ParamLoss: -1.352456 | Epsilon: 0.0200 | Replay: 50000
2026-08-05 00:12:56,961 | INFO | Steps: 102400/150000 | Episodes: 200 | CurrentEpReward: 0.000 | RecentReward: 95.827 | QLoss: 0.728697 | ParamLoss: -1.355608 | Epsilon: 0.0200 | Replay: 50000
2026-08-05 00:13:23,099 | INFO | Steps: 102912/150000 | Episodes: 201 | CurrentEpReward: 0.000 | RecentReward: 95.403 | QLoss: 0.672242 | ParamLoss: -1.357461 | Epsilon: 0.0200 | Replay: 50000
2026-08-05 00:13:49,151 | INFO | Steps: 103424/150000 | Episodes: 202 | CurrentEpReward: 0.000 | RecentReward: 96.204 | QLoss: 0.614107 | ParamLoss: -1.359967 | Epsilon: 0.0200 | Replay: 50000
2026-08-05 00:14:15,075 | INFO | Steps: 103936/150000 | Episodes: 203 | CurrentEpReward: 0.000 | RecentReward: 96.461 | QLoss: 0.672706 | ParamLoss: -1.363904 | Epsilon: 0.0200 | Replay: 50000
2026-08-05 00:14:45,762 | INFO | Steps: 104448/150000 | Episodes: 204 | CurrentEpReward: 0.000 | RecentReward: 96.681 | QLoss: 0.570616 | ParamLoss: -1.371448 | Epsilon: 0.0200 | Replay: 50000
2026-08-05 00:15:19,638 | INFO | Steps: 104960/150000 | Episodes: 205 | CurrentEpReward: 0.000 | RecentReward: 96.213 | QLoss: 0.670811 | ParamLoss: -1.387769 | Epsilon: 0.0200 | Replay: 50000
2026-08-05 00:15:46,514 | INFO | Steps: 105472/150000 | Episodes: 206 | CurrentEpReward: 0.000 | RecentReward: 96.727 | QLoss: 0.617592 | ParamLoss: -1.398744 | Epsilon: 0.0200 | Replay: 50000
2026-08-05 00:16:12,856 | INFO | Steps: 105984/150000 | Episodes: 207 | CurrentEpReward: 0.000 | RecentReward: 97.259 | QLoss: 0.559002 | ParamLoss: -1.404240 | Epsilon: 0.0200 | Replay: 50000
2026-08-05 00:16:39,246 | INFO | Steps: 106496/150000 | Episodes: 208 | CurrentEpReward: 0.000 | RecentReward: 96.607 | QLoss: 0.632168 | ParamLoss: -1.402872 | Epsilon: 0.0200 | Replay: 50000
2026-08-05 00:17:05,355 | INFO | Steps: 107008/150000 | Episodes: 209 | CurrentEpReward: 0.000 | RecentReward: 96.169 | QLoss: 0.584866 | ParamLoss: -1.417034 | Epsilon: 0.0200 | Replay: 50000
2026-08-05 00:17:35,619 | INFO | Steps: 107520/150000 | Episodes: 210 | CurrentEpReward: 0.000 | RecentReward: 95.482 | QLoss: 0.630693 | ParamLoss: -1.417927 | Epsilon: 0.0200 | Replay: 50000
2026-08-05 00:18:08,350 | INFO | Steps: 108032/150000 | Episodes: 211 | CurrentEpReward: 0.000 | RecentReward: 96.075 | QLoss: 0.692306 | ParamLoss: -1.424320 | Epsilon: 0.0200 | Replay: 50000
2026-08-05 00:18:45,405 | INFO | Steps: 108544/150000 | Episodes: 212 | CurrentEpReward: 0.000 | RecentReward: 96.529 | QLoss: 0.647603 | ParamLoss: -1.430615 | Epsilon: 0.0200 | Replay: 50000
2026-08-05 00:19:22,806 | INFO | Steps: 109056/150000 | Episodes: 213 | CurrentEpReward: 0.000 | RecentReward: 96.450 | QLoss: 0.447272 | ParamLoss: -1.439177 | Epsilon: 0.0200 | Replay: 50000
2026-08-05 00:19:50,667 | INFO | Steps: 109568/150000 | Episodes: 214 | CurrentEpReward: 0.000 | RecentReward: 96.373 | QLoss: 0.542166 | ParamLoss: -1.438247 | Epsilon: 0.0200 | Replay: 50000
2026-08-05 00:20:16,664 | INFO | Steps: 110080/150000 | Episodes: 215 | CurrentEpReward: 0.000 | RecentReward: 96.597 | QLoss: 0.512879 | ParamLoss: -1.444620 | Epsilon: 0.0200 | Replay: 50000
2026-08-05 00:20:42,850 | INFO | Steps: 110592/150000 | Episodes: 216 | CurrentEpReward: 0.000 | RecentReward: 95.855 | QLoss: 0.635338 | ParamLoss: -1.450003 | Epsilon: 0.0200 | Replay: 50000
2026-08-05 00:21:08,690 | INFO | Steps: 111104/150000 | Episodes: 217 | CurrentEpReward: 0.000 | RecentReward: 95.144 | QLoss: 0.554959 | ParamLoss: -1.457430 | Epsilon: 0.0200 | Replay: 50000
2026-08-05 00:21:37,830 | INFO | Steps: 111616/150000 | Episodes: 218 | CurrentEpReward: 0.000 | RecentReward: 96.043 | QLoss: 0.691988 | ParamLoss: -1.470136 | Epsilon: 0.0200 | Replay: 50000
2026-08-05 00:22:04,344 | INFO | Steps: 112128/150000 | Episodes: 219 | CurrentEpReward: 0.000 | RecentReward: 96.482 | QLoss: 0.620294 | ParamLoss: -1.469349 | Epsilon: 0.0200 | Replay: 50000
2026-08-05 00:22:29,691 | INFO | Steps: 112640/150000 | Episodes: 220 | CurrentEpReward: 0.000 | RecentReward: 96.182 | QLoss: 0.638731 | ParamLoss: -1.483472 | Epsilon: 0.0200 | Replay: 50000
2026-08-05 00:22:54,822 | INFO | Steps: 113152/150000 | Episodes: 221 | CurrentEpReward: 0.000 | RecentReward: 95.522 | QLoss: 0.593985 | ParamLoss: -1.484454 | Epsilon: 0.0200 | Replay: 50000
2026-08-05 00:23:22,405 | INFO | Steps: 113664/150000 | Episodes: 222 | CurrentEpReward: 0.000 | RecentReward: 94.794 | QLoss: 0.627199 | ParamLoss: -1.485941 | Epsilon: 0.0200 | Replay: 50000
2026-08-05 00:23:59,965 | INFO | Steps: 114176/150000 | Episodes: 223 | CurrentEpReward: 0.000 | RecentReward: 94.672 | QLoss: 0.632809 | ParamLoss: -1.493317 | Epsilon: 0.0200 | Replay: 50000
2026-08-05 00:24:26,455 | INFO | Steps: 114688/150000 | Episodes: 224 | CurrentEpReward: 0.000 | RecentReward: 94.203 | QLoss: 0.637316 | ParamLoss: -1.500388 | Epsilon: 0.0200 | Replay: 50000
2026-08-05 00:24:51,884 | INFO | Steps: 115200/150000 | Episodes: 225 | CurrentEpReward: 0.000 | RecentReward: 94.545 | QLoss: 0.635600 | ParamLoss: -1.484458 | Epsilon: 0.0200 | Replay: 50000
2026-08-05 00:25:18,353 | INFO | Steps: 115712/150000 | Episodes: 226 | CurrentEpReward: 0.000 | RecentReward: 95.071 | QLoss: 0.636607 | ParamLoss: -1.464809 | Epsilon: 0.0200 | Replay: 50000
2026-08-05 00:25:43,373 | INFO | Steps: 116224/150000 | Episodes: 227 | CurrentEpReward: 0.000 | RecentReward: 95.834 | QLoss: 0.632085 | ParamLoss: -1.462440 | Epsilon: 0.0200 | Replay: 50000
2026-08-05 00:26:08,454 | INFO | Steps: 116736/150000 | Episodes: 228 | CurrentEpReward: 0.000 | RecentReward: 94.318 | QLoss: 0.659898 | ParamLoss: -1.472654 | Epsilon: 0.0200 | Replay: 50000
2026-08-05 00:26:33,666 | INFO | Steps: 117248/150000 | Episodes: 229 | CurrentEpReward: 0.000 | RecentReward: 94.787 | QLoss: 0.721476 | ParamLoss: -1.466376 | Epsilon: 0.0200 | Replay: 50000
2026-08-05 00:26:59,248 | INFO | Steps: 117760/150000 | Episodes: 230 | CurrentEpReward: 0.000 | RecentReward: 95.745 | QLoss: 0.567573 | ParamLoss: -1.473442 | Epsilon: 0.0200 | Replay: 50000
2026-08-05 00:27:29,235 | INFO | Steps: 118272/150000 | Episodes: 231 | CurrentEpReward: 0.000 | RecentReward: 96.169 | QLoss: 0.715777 | ParamLoss: -1.476239 | Epsilon: 0.0200 | Replay: 50000
2026-08-05 00:27:57,219 | INFO | Steps: 118784/150000 | Episodes: 232 | CurrentEpReward: 0.000 | RecentReward: 96.018 | QLoss: 0.709092 | ParamLoss: -1.479453 | Epsilon: 0.0200 | Replay: 50000
2026-08-05 00:28:29,073 | INFO | Steps: 119296/150000 | Episodes: 233 | CurrentEpReward: 0.000 | RecentReward: 95.792 | QLoss: 0.563273 | ParamLoss: -1.477568 | Epsilon: 0.0200 | Replay: 50000
2026-08-05 00:28:54,412 | INFO | Steps: 119808/150000 | Episodes: 234 | CurrentEpReward: 0.000 | RecentReward: 96.232 | QLoss: 0.570673 | ParamLoss: -1.483641 | Epsilon: 0.0200 | Replay: 50000
2026-08-05 00:29:19,836 | INFO | Steps: 120320/150000 | Episodes: 235 | CurrentEpReward: 0.000 | RecentReward: 97.023 | QLoss: 0.586392 | ParamLoss: -1.479456 | Epsilon: 0.0200 | Replay: 50000
2026-08-05 00:29:45,407 | INFO | Steps: 120832/150000 | Episodes: 236 | CurrentEpReward: 0.000 | RecentReward: 96.973 | QLoss: 0.640824 | ParamLoss: -1.483163 | Epsilon: 0.0200 | Replay: 50000
2026-08-05 00:30:11,406 | INFO | Steps: 121344/150000 | Episodes: 237 | CurrentEpReward: 0.000 | RecentReward: 96.404 | QLoss: 0.583689 | ParamLoss: -1.490811 | Epsilon: 0.0200 | Replay: 50000
2026-08-05 00:30:47,676 | INFO | Steps: 121856/150000 | Episodes: 238 | CurrentEpReward: 0.000 | RecentReward: 97.870 | QLoss: 0.747624 | ParamLoss: -1.504026 | Epsilon: 0.0200 | Replay: 50000
2026-08-05 00:31:17,880 | INFO | Steps: 122368/150000 | Episodes: 239 | CurrentEpReward: 0.000 | RecentReward: 97.218 | QLoss: 0.729220 | ParamLoss: -1.491349 | Epsilon: 0.0200 | Replay: 50000
2026-08-05 00:31:43,794 | INFO | Steps: 122880/150000 | Episodes: 240 | CurrentEpReward: 0.000 | RecentReward: 96.692 | QLoss: 0.758877 | ParamLoss: -1.499964 | Epsilon: 0.0200 | Replay: 50000
2026-08-05 00:32:09,667 | INFO | Steps: 123392/150000 | Episodes: 241 | CurrentEpReward: 0.000 | RecentReward: 96.841 | QLoss: 0.534225 | ParamLoss: -1.508741 | Epsilon: 0.0200 | Replay: 50000
2026-08-05 00:32:39,317 | INFO | Steps: 123904/150000 | Episodes: 242 | CurrentEpReward: 0.000 | RecentReward: 96.900 | QLoss: 0.773274 | ParamLoss: -1.509837 | Epsilon: 0.0200 | Replay: 50000
2026-08-05 00:33:17,699 | INFO | Steps: 124416/150000 | Episodes: 243 | CurrentEpReward: 0.000 | RecentReward: 96.923 | QLoss: 0.617201 | ParamLoss: -1.505817 | Epsilon: 0.0200 | Replay: 50000
2026-08-05 00:33:52,721 | INFO | Steps: 124928/150000 | Episodes: 244 | CurrentEpReward: 0.000 | RecentReward: 96.926 | QLoss: 0.724833 | ParamLoss: -1.501104 | Epsilon: 0.0200 | Replay: 50000
2026-08-05 00:34:28,790 | INFO | Steps: 125440/150000 | Episodes: 245 | CurrentEpReward: 0.000 | RecentReward: 95.553 | QLoss: 0.577093 | ParamLoss: -1.510902 | Epsilon: 0.0200 | Replay: 50000
2026-08-05 00:34:56,989 | INFO | Steps: 125952/150000 | Episodes: 246 | CurrentEpReward: 0.000 | RecentReward: 95.192 | QLoss: 0.541167 | ParamLoss: -1.518475 | Epsilon: 0.0200 | Replay: 50000
2026-08-05 00:35:22,611 | INFO | Steps: 126464/150000 | Episodes: 247 | CurrentEpReward: 0.000 | RecentReward: 95.375 | QLoss: 0.609125 | ParamLoss: -1.522441 | Epsilon: 0.0200 | Replay: 50000
2026-08-05 00:35:49,633 | INFO | Steps: 126976/150000 | Episodes: 248 | CurrentEpReward: 0.000 | RecentReward: 95.109 | QLoss: 0.849716 | ParamLoss: -1.528259 | Epsilon: 0.0200 | Replay: 50000
2026-08-05 00:36:15,674 | INFO | Steps: 127488/150000 | Episodes: 249 | CurrentEpReward: 0.000 | RecentReward: 95.181 | QLoss: 0.586703 | ParamLoss: -1.538047 | Epsilon: 0.0200 | Replay: 50000
2026-08-05 00:36:41,766 | INFO | Steps: 128000/150000 | Episodes: 250 | CurrentEpReward: 0.000 | RecentReward: 95.724 | QLoss: 0.750532 | ParamLoss: -1.544277 | Epsilon: 0.0200 | Replay: 50000
2026-08-05 00:37:09,238 | INFO | Steps: 128512/150000 | Episodes: 251 | CurrentEpReward: 0.000 | RecentReward: 94.906 | QLoss: 0.617313 | ParamLoss: -1.557019 | Epsilon: 0.0200 | Replay: 50000
2026-08-05 00:37:35,099 | INFO | Steps: 129024/150000 | Episodes: 252 | CurrentEpReward: 0.000 | RecentReward: 94.862 | QLoss: 0.692314 | ParamLoss: -1.561500 | Epsilon: 0.0200 | Replay: 50000
2026-08-05 00:38:09,337 | INFO | Steps: 129536/150000 | Episodes: 253 | CurrentEpReward: 0.000 | RecentReward: 95.002 | QLoss: 0.683444 | ParamLoss: -1.561644 | Epsilon: 0.0200 | Replay: 50000
2026-08-05 00:38:41,548 | INFO | Steps: 130048/150000 | Episodes: 254 | CurrentEpReward: 0.000 | RecentReward: 94.900 | QLoss: 0.758430 | ParamLoss: -1.560909 | Epsilon: 0.0200 | Replay: 50000
2026-08-05 00:39:07,001 | INFO | Steps: 130560/150000 | Episodes: 255 | CurrentEpReward: 0.000 | RecentReward: 96.338 | QLoss: 0.857353 | ParamLoss: -1.567964 | Epsilon: 0.0200 | Replay: 50000
2026-08-05 00:39:32,720 | INFO | Steps: 131072/150000 | Episodes: 256 | CurrentEpReward: 0.000 | RecentReward: 96.420 | QLoss: 0.679272 | ParamLoss: -1.580972 | Epsilon: 0.0200 | Replay: 50000
2026-08-05 00:39:58,636 | INFO | Steps: 131584/150000 | Episodes: 257 | CurrentEpReward: 0.000 | RecentReward: 96.489 | QLoss: 0.782646 | ParamLoss: -1.586336 | Epsilon: 0.0200 | Replay: 50000
2026-08-05 00:40:30,375 | INFO | Steps: 132096/150000 | Episodes: 258 | CurrentEpReward: 0.000 | RecentReward: 96.318 | QLoss: 0.893779 | ParamLoss: -1.591626 | Epsilon: 0.0200 | Replay: 50000
2026-08-05 00:41:05,755 | INFO | Steps: 132608/150000 | Episodes: 259 | CurrentEpReward: 0.000 | RecentReward: 95.432 | QLoss: 0.711461 | ParamLoss: -1.605502 | Epsilon: 0.0200 | Replay: 50000
2026-08-05 00:41:31,834 | INFO | Steps: 133120/150000 | Episodes: 260 | CurrentEpReward: 0.000 | RecentReward: 94.952 | QLoss: 0.696186 | ParamLoss: -1.620025 | Epsilon: 0.0200 | Replay: 50000
2026-08-05 00:41:57,382 | INFO | Steps: 133632/150000 | Episodes: 261 | CurrentEpReward: 0.000 | RecentReward: 94.681 | QLoss: 0.869707 | ParamLoss: -1.614740 | Epsilon: 0.0200 | Replay: 50000
2026-08-05 00:42:22,701 | INFO | Steps: 134144/150000 | Episodes: 262 | CurrentEpReward: 0.000 | RecentReward: 94.894 | QLoss: 0.624195 | ParamLoss: -1.621149 | Epsilon: 0.0200 | Replay: 50000
2026-08-05 00:42:48,359 | INFO | Steps: 134656/150000 | Episodes: 263 | CurrentEpReward: 0.000 | RecentReward: 95.267 | QLoss: 0.756438 | ParamLoss: -1.627867 | Epsilon: 0.0200 | Replay: 50000
2026-08-05 00:43:13,714 | INFO | Steps: 135168/150000 | Episodes: 264 | CurrentEpReward: 0.000 | RecentReward: 95.172 | QLoss: 0.697436 | ParamLoss: -1.630226 | Epsilon: 0.0200 | Replay: 50000
2026-08-05 00:43:39,414 | INFO | Steps: 135680/150000 | Episodes: 265 | CurrentEpReward: 0.000 | RecentReward: 94.065 | QLoss: 0.818555 | ParamLoss: -1.622697 | Epsilon: 0.0200 | Replay: 50000
2026-08-05 00:44:05,119 | INFO | Steps: 136192/150000 | Episodes: 266 | CurrentEpReward: 0.000 | RecentReward: 94.324 | QLoss: 0.794155 | ParamLoss: -1.609697 | Epsilon: 0.0200 | Replay: 50000
2026-08-05 00:44:30,468 | INFO | Steps: 136704/150000 | Episodes: 267 | CurrentEpReward: 0.000 | RecentReward: 93.983 | QLoss: 0.764860 | ParamLoss: -1.622602 | Epsilon: 0.0200 | Replay: 50000
2026-08-05 00:44:56,419 | INFO | Steps: 137216/150000 | Episodes: 268 | CurrentEpReward: 0.000 | RecentReward: 93.681 | QLoss: 0.709272 | ParamLoss: -1.630147 | Epsilon: 0.0200 | Replay: 50000
2026-08-05 00:45:24,194 | INFO | Steps: 137728/150000 | Episodes: 269 | CurrentEpReward: 0.000 | RecentReward: 93.743 | QLoss: 0.652503 | ParamLoss: -1.615966 | Epsilon: 0.0200 | Replay: 50000
2026-08-05 00:45:54,987 | INFO | Steps: 138240/150000 | Episodes: 270 | CurrentEpReward: 0.000 | RecentReward: 93.734 | QLoss: 0.841235 | ParamLoss: -1.624785 | Epsilon: 0.0200 | Replay: 50000
2026-08-05 00:46:20,644 | INFO | Steps: 138752/150000 | Episodes: 271 | CurrentEpReward: 0.000 | RecentReward: 94.621 | QLoss: 0.903708 | ParamLoss: -1.617512 | Epsilon: 0.0200 | Replay: 50000
2026-08-05 00:46:47,514 | INFO | Steps: 139264/150000 | Episodes: 272 | CurrentEpReward: 0.000 | RecentReward: 94.809 | QLoss: 0.865236 | ParamLoss: -1.635418 | Epsilon: 0.0200 | Replay: 50000
2026-08-05 00:47:13,138 | INFO | Steps: 139776/150000 | Episodes: 273 | CurrentEpReward: 0.000 | RecentReward: 94.039 | QLoss: 0.711200 | ParamLoss: -1.626523 | Epsilon: 0.0200 | Replay: 50000
2026-08-05 00:47:43,158 | INFO | Steps: 140288/150000 | Episodes: 274 | CurrentEpReward: 0.000 | RecentReward: 95.036 | QLoss: 0.579037 | ParamLoss: -1.621639 | Epsilon: 0.0200 | Replay: 50000
2026-08-05 00:48:09,292 | INFO | Steps: 140800/150000 | Episodes: 275 | CurrentEpReward: 0.000 | RecentReward: 95.447 | QLoss: 0.752121 | ParamLoss: -1.626789 | Epsilon: 0.0200 | Replay: 50000
2026-08-05 00:48:35,902 | INFO | Steps: 141312/150000 | Episodes: 276 | CurrentEpReward: 0.000 | RecentReward: 95.116 | QLoss: 0.763554 | ParamLoss: -1.641817 | Epsilon: 0.0200 | Replay: 50000
2026-08-05 00:49:01,521 | INFO | Steps: 141824/150000 | Episodes: 277 | CurrentEpReward: 0.000 | RecentReward: 94.493 | QLoss: 0.673265 | ParamLoss: -1.646218 | Epsilon: 0.0200 | Replay: 50000
2026-08-05 00:49:27,231 | INFO | Steps: 142336/150000 | Episodes: 278 | CurrentEpReward: 0.000 | RecentReward: 94.641 | QLoss: 0.867523 | ParamLoss: -1.650201 | Epsilon: 0.0200 | Replay: 50000
2026-08-05 00:49:52,894 | INFO | Steps: 142848/150000 | Episodes: 279 | CurrentEpReward: 0.000 | RecentReward: 94.644 | QLoss: 0.647436 | ParamLoss: -1.649748 | Epsilon: 0.0200 | Replay: 50000
2026-08-05 00:50:18,846 | INFO | Steps: 143360/150000 | Episodes: 280 | CurrentEpReward: 0.000 | RecentReward: 94.265 | QLoss: 0.725364 | ParamLoss: -1.648124 | Epsilon: 0.0200 | Replay: 50000
2026-08-05 00:50:45,434 | INFO | Steps: 143872/150000 | Episodes: 281 | CurrentEpReward: 0.000 | RecentReward: 93.497 | QLoss: 0.620782 | ParamLoss: -1.644096 | Epsilon: 0.0200 | Replay: 50000
2026-08-05 00:51:11,986 | INFO | Steps: 144384/150000 | Episodes: 282 | CurrentEpReward: 0.000 | RecentReward: 93.809 | QLoss: 0.800453 | ParamLoss: -1.658575 | Epsilon: 0.0200 | Replay: 50000
2026-08-05 00:51:39,948 | INFO | Steps: 144896/150000 | Episodes: 283 | CurrentEpReward: 0.000 | RecentReward: 93.264 | QLoss: 0.809316 | ParamLoss: -1.658703 | Epsilon: 0.0200 | Replay: 50000
2026-08-05 00:52:05,728 | INFO | Steps: 145408/150000 | Episodes: 284 | CurrentEpReward: 0.000 | RecentReward: 92.840 | QLoss: 0.489807 | ParamLoss: -1.665969 | Epsilon: 0.0200 | Replay: 50000
2026-08-05 00:52:31,650 | INFO | Steps: 145920/150000 | Episodes: 285 | CurrentEpReward: 0.000 | RecentReward: 92.480 | QLoss: 0.800808 | ParamLoss: -1.671958 | Epsilon: 0.0200 | Replay: 50000
2026-08-05 00:52:57,957 | INFO | Steps: 146432/150000 | Episodes: 286 | CurrentEpReward: 0.000 | RecentReward: 93.396 | QLoss: 0.733903 | ParamLoss: -1.679351 | Epsilon: 0.0200 | Replay: 50000
2026-08-05 00:53:24,379 | INFO | Steps: 146944/150000 | Episodes: 287 | CurrentEpReward: 0.000 | RecentReward: 94.956 | QLoss: 0.669694 | ParamLoss: -1.685543 | Epsilon: 0.0200 | Replay: 50000
2026-08-05 00:53:53,662 | INFO | Steps: 147456/150000 | Episodes: 288 | CurrentEpReward: 0.000 | RecentReward: 94.127 | QLoss: 0.720735 | ParamLoss: -1.676126 | Epsilon: 0.0200 | Replay: 50000
2026-08-05 00:54:20,022 | INFO | Steps: 147968/150000 | Episodes: 289 | CurrentEpReward: 0.000 | RecentReward: 94.670 | QLoss: 0.581418 | ParamLoss: -1.660170 | Epsilon: 0.0200 | Replay: 50000
2026-08-05 00:54:46,323 | INFO | Steps: 148480/150000 | Episodes: 290 | CurrentEpReward: 0.000 | RecentReward: 95.410 | QLoss: 0.698425 | ParamLoss: -1.646782 | Epsilon: 0.0200 | Replay: 50000
2026-08-05 00:55:12,982 | INFO | Steps: 148992/150000 | Episodes: 291 | CurrentEpReward: 0.000 | RecentReward: 96.078 | QLoss: 0.594184 | ParamLoss: -1.658902 | Epsilon: 0.0200 | Replay: 50000
2026-08-05 00:55:40,495 | INFO | Steps: 149504/150000 | Episodes: 292 | CurrentEpReward: 0.000 | RecentReward: 96.101 | QLoss: 0.622753 | ParamLoss: -1.667914 | Epsilon: 0.0200 | Replay: 50000
2026-08-05 00:56:05,531 | INFO | Steps: 150000/150000 | Episodes: 292 | CurrentEpReward: 83.318 | RecentReward: 96.101 | QLoss: 0.723399 | ParamLoss: -1.670535 | Epsilon: 0.0200 | Replay: 50000
2026-08-05 00:56:58,715 | INFO | 新的最佳模型 (reward): 98.899，保存至 /home/pjpjq/LEO_switch/results/baseline_compare/multiuser_scaling_multiuser_single_seed_150k_20260804/u20/learned_baselines/pdqn/best_model.pt
2026-08-05 00:56:58,737 | INFO | 周期权重已保存: /home/pjpjq/LEO_switch/results/baseline_compare/multiuser_scaling_multiuser_single_seed_150k_20260804/u20/learned_baselines/pdqn/checkpoint_150000.pt
2026-08-05 00:56:58,799 | INFO | 最终权重已保存: /home/pjpjq/LEO_switch/results/baseline_compare/multiuser_scaling_multiuser_single_seed_150k_20260804/u20/learned_baselines/pdqn/pdqn_model.pt
2026-08-05 00:57:51,208 | INFO | 训练与评估完成 | EvalReward: 98.899 ± 5.727
