2026-08-10 12:51:34,626 | INFO | ============================================================
2026-08-10 12:51:34,626 | INFO | 开始训练纯 MADDPG 基线
2026-08-10 12:51:34,627 | INFO | 用户数: 20 | 观测维度: 76 | handover维度: 11 | 总步数: 150000 | warmup: 1000 | batch: 128 | 日志间隔: 512 steps | device: cuda | actor_lr: 1.0e-04 | critic_lr: 3.0e-04 | tau: 0.005 | reward_scale: 1.00
2026-08-10 12:51:34,627 | INFO | ============================================================
2026-08-10 12:51:42,804 | INFO | Steps: 512/150000 | Episodes: 1 | LastEpReward: 24.901 | RecentReward: 24.901 | ActorLoss: 0.000000 | CriticLoss: 0.000000 | Q: 0.0000 | TargetQ: 0.0000 | TDAbs: 0.0000 | ActorGrad: 0.0000 | CriticGrad: 0.0000 | Noise: 0.3500 | Replay: 512 | FPS: 62.60 | ETA: 39.8 min
2026-08-10 12:51:52,543 | INFO | Steps: 1024/150000 | Episodes: 2 | LastEpReward: 18.547 | RecentReward: 21.724 | ActorLoss: -0.028559 | CriticLoss: 0.005081 | Q: 0.0263 | TargetQ: 0.0216 | TDAbs: 0.0797 | ActorGrad: 0.0008 | CriticGrad: 0.0569 | Noise: 0.3499 | Replay: 1024 | FPS: 57.15 | ETA: 43.4 min
2026-08-10 12:52:06,837 | INFO | Steps: 1536/150000 | Episodes: 3 | LastEpReward: -88.544 | RecentReward: -15.032 | ActorLoss: -0.061132 | CriticLoss: 0.000784 | Q: 0.0387 | TargetQ: 0.0387 | TDAbs: 0.0287 | ActorGrad: 0.0005 | CriticGrad: 0.0568 | Noise: 0.3485 | Replay: 1536 | FPS: 47.69 | ETA: 51.9 min
2026-08-10 12:52:21,249 | INFO | Steps: 2048/150000 | Episodes: 4 | LastEpReward: -86.760 | RecentReward: -32.964 | ActorLoss: 0.018198 | CriticLoss: 0.001403 | Q: -0.0424 | TargetQ: -0.0421 | TDAbs: 0.0398 | ActorGrad: 0.0010 | CriticGrad: 0.1262 | Noise: 0.3470 | Replay: 2048 | FPS: 43.93 | ETA: 56.1 min
2026-08-10 12:52:35,752 | INFO | Steps: 2560/150000 | Episodes: 5 | LastEpReward: -103.170 | RecentReward: -47.005 | ActorLoss: 0.252983 | CriticLoss: 0.001573 | Q: -0.2748 | TargetQ: -0.2746 | TDAbs: 0.0421 | ActorGrad: 0.0036 | CriticGrad: 0.1570 | Noise: 0.3455 | Replay: 2560 | FPS: 41.88 | ETA: 58.7 min
2026-08-10 12:52:49,327 | INFO | Steps: 3072/150000 | Episodes: 6 | LastEpReward: -118.970 | RecentReward: -59.000 | ActorLoss: 0.627156 | CriticLoss: 0.002515 | Q: -0.6452 | TargetQ: -0.6457 | TDAbs: 0.0518 | ActorGrad: 0.0042 | CriticGrad: 0.2513 | Noise: 0.3441 | Replay: 3072 | FPS: 41.12 | ETA: 59.5 min
2026-08-10 12:53:03,518 | INFO | Steps: 3584/150000 | Episodes: 7 | LastEpReward: 7.291 | RecentReward: -49.529 | ActorLoss: 0.625423 | CriticLoss: 0.002728 | Q: -0.7336 | TargetQ: -0.7337 | TDAbs: 0.0549 | ActorGrad: 0.0220 | CriticGrad: 0.2573 | Noise: 0.3426 | Replay: 3584 | FPS: 40.32 | ETA: 60.5 min
2026-08-10 12:53:17,586 | INFO | Steps: 4096/150000 | Episodes: 8 | LastEpReward: 55.613 | RecentReward: -36.387 | ActorLoss: 0.377261 | CriticLoss: 0.003005 | Q: -0.4697 | TargetQ: -0.4693 | TDAbs: 0.0581 | ActorGrad: 0.0151 | CriticGrad: 0.2981 | Noise: 0.3412 | Replay: 4096 | FPS: 39.78 | ETA: 61.1 min
2026-08-10 12:53:31,058 | INFO | Steps: 4608/150000 | Episodes: 9 | LastEpReward: 35.379 | RecentReward: -28.413 | ActorLoss: 0.117944 | CriticLoss: 0.003068 | Q: -0.2059 | TargetQ: -0.2053 | TDAbs: 0.0592 | ActorGrad: 0.0210 | CriticGrad: 0.2582 | Noise: 0.3397 | Replay: 4608 | FPS: 39.58 | ETA: 61.2 min
2026-08-10 12:53:44,449 | INFO | 开始周期评估: Steps=5120 | Episodes=10 | EvalEpisodes=5
2026-08-10 12:54:29,775 | INFO | 周期评估完成: Steps=5120 | MeanReward=45.024 | StdReward=5.525
2026-08-10 12:54:29,943 | INFO | Steps: 5120/150000 | Episodes: 10 | LastEpReward: 45.386 | RecentReward: -21.033 | ActorLoss: -0.121999 | CriticLoss: 0.003254 | Q: 0.0416 | TargetQ: 0.0415 | TDAbs: 0.0608 | ActorGrad: 0.0166 | CriticGrad: 0.2588 | Noise: 0.3382 | Replay: 5120 | FPS: 29.20 | ETA: 82.7 min
2026-08-10 12:54:45,466 | INFO | Steps: 5632/150000 | Episodes: 11 | LastEpReward: 46.887 | RecentReward: -18.834 | ActorLoss: -0.309980 | CriticLoss: 0.003533 | Q: 0.2337 | TargetQ: 0.2335 | TDAbs: 0.0627 | ActorGrad: 0.0171 | CriticGrad: 0.2646 | Noise: 0.3368 | Replay: 5632 | FPS: 29.51 | ETA: 81.5 min
2026-08-10 12:55:00,058 | INFO | Steps: 6144/150000 | Episodes: 12 | LastEpReward: 46.266 | RecentReward: -16.062 | ActorLoss: -0.595700 | CriticLoss: 0.004746 | Q: 0.5188 | TargetQ: 0.5195 | TDAbs: 0.0721 | ActorGrad: 0.0195 | CriticGrad: 0.3525 | Noise: 0.3353 | Replay: 6144 | FPS: 29.91 | ETA: 80.2 min
2026-08-10 12:55:14,354 | INFO | Steps: 6656/150000 | Episodes: 13 | LastEpReward: 38.672 | RecentReward: -3.341 | ActorLoss: -0.824080 | CriticLoss: 0.004077 | Q: 0.7442 | TargetQ: 0.7442 | TDAbs: 0.0663 | ActorGrad: 0.0184 | CriticGrad: 0.2696 | Noise: 0.3338 | Replay: 6656 | FPS: 30.29 | ETA: 78.9 min
2026-08-10 12:55:28,474 | INFO | Steps: 7168/150000 | Episodes: 14 | LastEpReward: 42.811 | RecentReward: 9.616 | ActorLoss: -1.101101 | CriticLoss: 0.005306 | Q: 1.0265 | TargetQ: 1.0266 | TDAbs: 0.0754 | ActorGrad: 0.0120 | CriticGrad: 0.3627 | Noise: 0.3324 | Replay: 7168 | FPS: 30.65 | ETA: 77.7 min
2026-08-10 12:55:43,174 | INFO | Steps: 7680/150000 | Episodes: 15 | LastEpReward: 42.593 | RecentReward: 24.193 | ActorLoss: -1.349662 | CriticLoss: 0.006018 | Q: 1.2768 | TargetQ: 1.2767 | TDAbs: 0.0801 | ActorGrad: 0.0109 | CriticGrad: 0.3883 | Noise: 0.3309 | Replay: 7680 | FPS: 30.90 | ETA: 76.8 min
2026-08-10 12:55:57,786 | INFO | Steps: 8192/150000 | Episodes: 16 | LastEpReward: 37.366 | RecentReward: 39.826 | ActorLoss: -1.552041 | CriticLoss: 0.007883 | Q: 1.4645 | TargetQ: 1.4649 | TDAbs: 0.0911 | ActorGrad: 0.0306 | CriticGrad: 0.5007 | Noise: 0.3295 | Replay: 8192 | FPS: 31.13 | ETA: 75.9 min
2026-08-10 12:56:13,958 | INFO | Steps: 8704/150000 | Episodes: 17 | LastEpReward: 40.145 | RecentReward: 43.112 | ActorLoss: -1.815267 | CriticLoss: 0.006250 | Q: 1.7386 | TargetQ: 1.7392 | TDAbs: 0.0831 | ActorGrad: 0.0199 | CriticGrad: 0.4454 | Noise: 0.3280 | Replay: 8704 | FPS: 31.16 | ETA: 75.6 min
2026-08-10 12:56:30,821 | INFO | Steps: 9216/150000 | Episodes: 18 | LastEpReward: 40.157 | RecentReward: 41.566 | ActorLoss: -1.993310 | CriticLoss: 0.008028 | Q: 1.9140 | TargetQ: 1.9148 | TDAbs: 0.0950 | ActorGrad: 0.0391 | CriticGrad: 0.5679 | Noise: 0.3265 | Replay: 9216 | FPS: 31.11 | ETA: 75.4 min
2026-08-10 12:56:46,991 | INFO | Steps: 9728/150000 | Episodes: 19 | LastEpReward: 31.556 | RecentReward: 41.184 | ActorLoss: -2.240968 | CriticLoss: 0.007256 | Q: 2.1657 | TargetQ: 2.1659 | TDAbs: 0.0876 | ActorGrad: 0.0336 | CriticGrad: 0.4412 | Noise: 0.3251 | Replay: 9728 | FPS: 31.14 | ETA: 75.1 min
2026-08-10 12:57:04,215 | INFO | 开始周期评估: Steps=10240 | Episodes=20 | EvalEpisodes=5
2026-08-10 12:57:52,620 | INFO | 周期评估完成: Steps=10240 | MeanReward=41.132 | StdReward=2.118
2026-08-10 12:57:52,632 | INFO | Steps: 10240/150000 | Episodes: 20 | LastEpReward: 28.969 | RecentReward: 39.542 | ActorLoss: -2.459551 | CriticLoss: 0.008860 | Q: 2.3918 | TargetQ: 2.3913 | TDAbs: 0.0962 | ActorGrad: 0.0365 | CriticGrad: 0.4962 | Noise: 0.3236 | Replay: 10240 | FPS: 27.09 | ETA: 86.0 min
2026-08-10 12:58:06,757 | INFO | Steps: 10752/150000 | Episodes: 21 | LastEpReward: 29.367 | RecentReward: 37.790 | ActorLoss: -2.685106 | CriticLoss: 0.009956 | Q: 2.6191 | TargetQ: 2.6198 | TDAbs: 0.1038 | ActorGrad: 0.0456 | CriticGrad: 0.5449 | Noise: 0.3221 | Replay: 10752 | FPS: 27.42 | ETA: 84.6 min
2026-08-10 12:58:21,745 | INFO | Steps: 11264/150000 | Episodes: 22 | LastEpReward: 37.675 | RecentReward: 36.931 | ActorLoss: -2.855209 | CriticLoss: 0.009966 | Q: 2.7853 | TargetQ: 2.7851 | TDAbs: 0.1039 | ActorGrad: 0.0437 | CriticGrad: 0.5265 | Noise: 0.3207 | Replay: 11264 | FPS: 27.67 | ETA: 83.6 min
2026-08-10 12:58:36,960 | INFO | Steps: 11776/150000 | Episodes: 23 | LastEpReward: 40.477 | RecentReward: 37.111 | ActorLoss: -2.988807 | CriticLoss: 0.010709 | Q: 2.9211 | TargetQ: 2.9205 | TDAbs: 0.1091 | ActorGrad: 0.0456 | CriticGrad: 0.7113 | Noise: 0.3192 | Replay: 11776 | FPS: 27.88 | ETA: 82.6 min
2026-08-10 12:58:52,382 | INFO | Steps: 12288/150000 | Episodes: 24 | LastEpReward: 38.538 | RecentReward: 36.684 | ActorLoss: -3.190981 | CriticLoss: 0.011612 | Q: 3.1292 | TargetQ: 3.1301 | TDAbs: 0.1131 | ActorGrad: 0.0433 | CriticGrad: 0.6038 | Noise: 0.3177 | Replay: 12288 | FPS: 28.07 | ETA: 81.8 min
2026-08-10 12:59:06,583 | INFO | Steps: 12800/150000 | Episodes: 25 | LastEpReward: 33.855 | RecentReward: 35.810 | ActorLoss: -3.354113 | CriticLoss: 0.012608 | Q: 3.2934 | TargetQ: 3.2917 | TDAbs: 0.1175 | ActorGrad: 0.0403 | CriticGrad: 0.7125 | Noise: 0.3163 | Replay: 12800 | FPS: 28.32 | ETA: 80.7 min
2026-08-10 12:59:21,189 | INFO | Steps: 13312/150000 | Episodes: 26 | LastEpReward: 31.467 | RecentReward: 35.221 | ActorLoss: -3.462954 | CriticLoss: 0.012225 | Q: 3.3995 | TargetQ: 3.3988 | TDAbs: 0.1128 | ActorGrad: 0.0527 | CriticGrad: 0.6510 | Noise: 0.3148 | Replay: 13312 | FPS: 28.53 | ETA: 79.8 min
2026-08-10 12:59:35,923 | INFO | Steps: 13824/150000 | Episodes: 27 | LastEpReward: 39.491 | RecentReward: 35.155 | ActorLoss: -3.647959 | CriticLoss: 0.013817 | Q: 3.5960 | TargetQ: 3.5967 | TDAbs: 0.1222 | ActorGrad: 0.0461 | CriticGrad: 0.6862 | Noise: 0.3134 | Replay: 13824 | FPS: 28.72 | ETA: 79.0 min
2026-08-10 12:59:53,350 | INFO | Steps: 14336/150000 | Episodes: 28 | LastEpReward: 39.038 | RecentReward: 35.043 | ActorLoss: -3.738978 | CriticLoss: 0.015202 | Q: 3.6937 | TargetQ: 3.6929 | TDAbs: 0.1268 | ActorGrad: 0.0447 | CriticGrad: 0.7669 | Noise: 0.3119 | Replay: 14336 | FPS: 28.75 | ETA: 78.7 min
2026-08-10 13:00:08,120 | INFO | Steps: 14848/150000 | Episodes: 29 | LastEpReward: 36.721 | RecentReward: 35.560 | ActorLoss: -3.811656 | CriticLoss: 0.015838 | Q: 3.7704 | TargetQ: 3.7693 | TDAbs: 0.1288 | ActorGrad: 0.0456 | CriticGrad: 0.8682 | Noise: 0.3104 | Replay: 14848 | FPS: 28.92 | ETA: 77.9 min
2026-08-10 13:00:21,686 | INFO | 开始周期评估: Steps=15360 | Episodes=30 | EvalEpisodes=5
2026-08-10 13:01:11,191 | INFO | 周期评估完成: Steps=15360 | MeanReward=38.590 | StdReward=4.201
2026-08-10 13:01:11,208 | INFO | Steps: 15360/150000 | Episodes: 30 | LastEpReward: 37.739 | RecentReward: 36.437 | ActorLoss: -3.915505 | CriticLoss: 0.016748 | Q: 3.8708 | TargetQ: 3.8712 | TDAbs: 0.1329 | ActorGrad: 0.0434 | CriticGrad: 0.9008 | Noise: 0.3090 | Replay: 15360 | FPS: 26.64 | ETA: 84.2 min
2026-08-10 13:01:25,516 | INFO | Steps: 15872/150000 | Episodes: 31 | LastEpReward: 42.583 | RecentReward: 37.758 | ActorLoss: -4.040485 | CriticLoss: 0.017381 | Q: 3.9948 | TargetQ: 3.9943 | TDAbs: 0.1324 | ActorGrad: 0.0383 | CriticGrad: 0.8061 | Noise: 0.3075 | Replay: 15872 | FPS: 26.86 | ETA: 83.2 min
2026-08-10 13:01:39,570 | INFO | Steps: 16384/150000 | Episodes: 32 | LastEpReward: 35.911 | RecentReward: 37.582 | ActorLoss: -4.159023 | CriticLoss: 0.019415 | Q: 4.1123 | TargetQ: 4.1121 | TDAbs: 0.1369 | ActorGrad: 0.0408 | CriticGrad: 0.9043 | Noise: 0.3060 | Replay: 16384 | FPS: 27.08 | ETA: 82.2 min
2026-08-10 13:01:56,137 | INFO | Steps: 16896/150000 | Episodes: 33 | LastEpReward: 35.224 | RecentReward: 37.057 | ActorLoss: -4.205141 | CriticLoss: 0.019791 | Q: 4.1654 | TargetQ: 4.1640 | TDAbs: 0.1433 | ActorGrad: 0.0371 | CriticGrad: 0.9302 | Noise: 0.3046 | Replay: 16896 | FPS: 27.19 | ETA: 81.6 min
2026-08-10 13:02:13,470 | INFO | Steps: 17408/150000 | Episodes: 34 | LastEpReward: 40.534 | RecentReward: 37.256 | ActorLoss: -4.333455 | CriticLoss: 0.021785 | Q: 4.2929 | TargetQ: 4.2931 | TDAbs: 0.1505 | ActorGrad: 0.0451 | CriticGrad: 1.0369 | Noise: 0.3031 | Replay: 17408 | FPS: 27.25 | ETA: 81.1 min
2026-08-10 13:02:27,810 | INFO | Steps: 17920/150000 | Episodes: 35 | LastEpReward: 45.053 | RecentReward: 38.376 | ActorLoss: -4.384509 | CriticLoss: 0.024180 | Q: 4.3464 | TargetQ: 4.3456 | TDAbs: 0.1551 | ActorGrad: 0.0340 | CriticGrad: 1.1137 | Noise: 0.3017 | Replay: 17920 | FPS: 27.43 | ETA: 80.2 min
2026-08-10 13:02:42,178 | INFO | Steps: 18432/150000 | Episodes: 36 | LastEpReward: 45.842 | RecentReward: 39.814 | ActorLoss: -4.498888 | CriticLoss: 0.021144 | Q: 4.4548 | TargetQ: 4.4563 | TDAbs: 0.1502 | ActorGrad: 0.0385 | CriticGrad: 1.1260 | Noise: 0.3002 | Replay: 18432 | FPS: 27.61 | ETA: 79.4 min
2026-08-10 13:02:55,632 | INFO | Steps: 18944/150000 | Episodes: 37 | LastEpReward: 24.600 | RecentReward: 38.325 | ActorLoss: -4.522063 | CriticLoss: 0.024356 | Q: 4.4820 | TargetQ: 4.4795 | TDAbs: 0.1578 | ActorGrad: 0.0338 | CriticGrad: 1.2051 | Noise: 0.2987 | Replay: 18944 | FPS: 27.82 | ETA: 78.5 min
2026-08-10 13:03:09,933 | INFO | Steps: 19456/150000 | Episodes: 38 | LastEpReward: 47.270 | RecentReward: 39.148 | ActorLoss: -4.635975 | CriticLoss: 0.027103 | Q: 4.5948 | TargetQ: 4.5916 | TDAbs: 0.1643 | ActorGrad: 0.0336 | CriticGrad: 1.1107 | Noise: 0.2973 | Replay: 19456 | FPS: 27.98 | ETA: 77.8 min
2026-08-10 13:03:23,710 | INFO | Steps: 19968/150000 | Episodes: 39 | LastEpReward: 34.894 | RecentReward: 38.965 | ActorLoss: -4.687555 | CriticLoss: 0.024797 | Q: 4.6474 | TargetQ: 4.6467 | TDAbs: 0.1615 | ActorGrad: 0.0309 | CriticGrad: 1.0590 | Noise: 0.2958 | Replay: 19968 | FPS: 28.16 | ETA: 77.0 min
2026-08-10 13:03:37,218 | INFO | 开始周期评估: Steps=20480 | Episodes=40 | EvalEpisodes=5
2026-08-10 13:04:24,950 | INFO | 周期评估完成: Steps=20480 | MeanReward=41.625 | StdReward=5.799
2026-08-10 13:04:24,968 | INFO | Steps: 20480/150000 | Episodes: 40 | LastEpReward: 36.543 | RecentReward: 38.845 | ActorLoss: -4.822235 | CriticLoss: 0.027085 | Q: 4.7829 | TargetQ: 4.7825 | TDAbs: 0.1633 | ActorGrad: 0.0388 | CriticGrad: 0.9447 | Noise: 0.2943 | Replay: 20480 | FPS: 26.59 | ETA: 81.2 min
2026-08-10 13:04:40,357 | INFO | Steps: 20992/150000 | Episodes: 41 | LastEpReward: 38.961 | RecentReward: 38.483 | ActorLoss: -4.870859 | CriticLoss: 0.028033 | Q: 4.8313 | TargetQ: 4.8300 | TDAbs: 0.1704 | ActorGrad: 0.0358 | CriticGrad: 1.1976 | Noise: 0.2929 | Replay: 20992 | FPS: 26.72 | ETA: 80.5 min
2026-08-10 13:04:55,752 | INFO | Steps: 21504/150000 | Episodes: 42 | LastEpReward: 44.454 | RecentReward: 39.338 | ActorLoss: -4.979780 | CriticLoss: 0.027355 | Q: 4.9389 | TargetQ: 4.9391 | TDAbs: 0.1661 | ActorGrad: 0.0320 | CriticGrad: 1.1999 | Noise: 0.2914 | Replay: 21504 | FPS: 26.84 | ETA: 79.8 min
2026-08-10 13:05:12,283 | INFO | Steps: 22016/150000 | Episodes: 43 | LastEpReward: 45.937 | RecentReward: 40.409 | ActorLoss: -5.024484 | CriticLoss: 0.029802 | Q: 4.9860 | TargetQ: 4.9848 | TDAbs: 0.1711 | ActorGrad: 0.0297 | CriticGrad: 1.0200 | Noise: 0.2900 | Replay: 22016 | FPS: 26.93 | ETA: 79.2 min
2026-08-10 13:05:25,990 | INFO | Steps: 22528/150000 | Episodes: 44 | LastEpReward: 53.647 | RecentReward: 41.720 | ActorLoss: -5.099833 | CriticLoss: 0.027754 | Q: 5.0638 | TargetQ: 5.0646 | TDAbs: 0.1689 | ActorGrad: 0.0313 | CriticGrad: 1.1630 | Noise: 0.2885 | Replay: 22528 | FPS: 27.10 | ETA: 78.4 min
2026-08-10 13:05:41,238 | INFO | Steps: 23040/150000 | Episodes: 45 | LastEpReward: 42.472 | RecentReward: 41.462 | ActorLoss: -5.127415 | CriticLoss: 0.027371 | Q: 5.0930 | TargetQ: 5.0918 | TDAbs: 0.1693 | ActorGrad: 0.0334 | CriticGrad: 1.2536 | Noise: 0.2870 | Replay: 23040 | FPS: 27.21 | ETA: 77.8 min
2026-08-10 13:05:54,856 | INFO | Steps: 23552/150000 | Episodes: 46 | LastEpReward: 40.717 | RecentReward: 40.950 | ActorLoss: -5.293557 | CriticLoss: 0.026376 | Q: 5.2620 | TargetQ: 5.2638 | TDAbs: 0.1670 | ActorGrad: 0.0307 | CriticGrad: 0.9832 | Noise: 0.2856 | Replay: 23552 | FPS: 27.38 | ETA: 77.0 min
2026-08-10 13:06:10,636 | INFO | Steps: 24064/150000 | Episodes: 47 | LastEpReward: 43.718 | RecentReward: 42.861 | ActorLoss: -5.272910 | CriticLoss: 0.030916 | Q: 5.2400 | TargetQ: 5.2371 | TDAbs: 0.1773 | ActorGrad: 0.0326 | CriticGrad: 1.2484 | Noise: 0.2841 | Replay: 24064 | FPS: 27.47 | ETA: 76.4 min
2026-08-10 13:06:25,035 | INFO | Steps: 24576/150000 | Episodes: 48 | LastEpReward: 42.949 | RecentReward: 42.429 | ActorLoss: -5.340245 | CriticLoss: 0.031471 | Q: 5.3057 | TargetQ: 5.3024 | TDAbs: 0.1791 | ActorGrad: 0.0365 | CriticGrad: 1.1126 | Noise: 0.2826 | Replay: 24576 | FPS: 27.60 | ETA: 75.7 min
2026-08-10 13:06:39,997 | INFO | Steps: 25088/150000 | Episodes: 49 | LastEpReward: 40.367 | RecentReward: 42.977 | ActorLoss: -5.405428 | CriticLoss: 0.031628 | Q: 5.3772 | TargetQ: 5.3778 | TDAbs: 0.1819 | ActorGrad: 0.0347 | CriticGrad: 1.2281 | Noise: 0.2812 | Replay: 25088 | FPS: 27.71 | ETA: 75.1 min
2026-08-10 13:06:54,280 | INFO | 开始周期评估: Steps=25600 | Episodes=50 | EvalEpisodes=5
2026-08-10 13:07:41,145 | INFO | 周期评估完成: Steps=25600 | MeanReward=43.616 | StdReward=5.785
2026-08-10 13:07:41,163 | INFO | Steps: 25600/150000 | Episodes: 50 | LastEpReward: 34.077 | RecentReward: 42.730 | ActorLoss: -5.436513 | CriticLoss: 0.028521 | Q: 5.4072 | TargetQ: 5.4044 | TDAbs: 0.1757 | ActorGrad: 0.0366 | CriticGrad: 1.0947 | Noise: 0.2797 | Replay: 25600 | FPS: 26.49 | ETA: 78.3 min
2026-08-10 13:07:54,804 | INFO | Steps: 26112/150000 | Episodes: 51 | LastEpReward: 44.845 | RecentReward: 43.318 | ActorLoss: -5.503612 | CriticLoss: 0.029208 | Q: 5.4759 | TargetQ: 5.4755 | TDAbs: 0.1797 | ActorGrad: 0.0343 | CriticGrad: 1.3980 | Noise: 0.2783 | Replay: 26112 | FPS: 26.64 | ETA: 77.5 min
2026-08-10 13:08:08,867 | INFO | Steps: 26624/150000 | Episodes: 52 | LastEpReward: 40.765 | RecentReward: 42.949 | ActorLoss: -5.537613 | CriticLoss: 0.031790 | Q: 5.5089 | TargetQ: 5.5072 | TDAbs: 0.1830 | ActorGrad: 0.0390 | CriticGrad: 1.1384 | Noise: 0.2768 | Replay: 26624 | FPS: 26.78 | ETA: 76.8 min
2026-08-10 13:08:23,358 | INFO | Steps: 27136/150000 | Episodes: 53 | LastEpReward: 39.307 | RecentReward: 42.286 | ActorLoss: -5.593203 | CriticLoss: 0.033225 | Q: 5.5618 | TargetQ: 5.5607 | TDAbs: 0.1871 | ActorGrad: 0.0356 | CriticGrad: 1.1221 | Noise: 0.2753 | Replay: 27136 | FPS: 26.90 | ETA: 76.1 min
2026-08-10 13:08:37,498 | INFO | Steps: 27648/150000 | Episodes: 54 | LastEpReward: 48.666 | RecentReward: 41.788 | ActorLoss: -5.609428 | CriticLoss: 0.031502 | Q: 5.5778 | TargetQ: 5.5772 | TDAbs: 0.1855 | ActorGrad: 0.0368 | CriticGrad: 1.3766 | Noise: 0.2739 | Replay: 27648 | FPS: 27.03 | ETA: 75.4 min
2026-08-10 13:08:51,435 | INFO | Steps: 28160/150000 | Episodes: 55 | LastEpReward: 37.754 | RecentReward: 41.317 | ActorLoss: -5.721659 | CriticLoss: 0.032078 | Q: 5.6914 | TargetQ: 5.6940 | TDAbs: 0.1861 | ActorGrad: 0.0321 | CriticGrad: 1.3252 | Noise: 0.2724 | Replay: 28160 | FPS: 27.16 | ETA: 74.8 min
2026-08-10 13:09:07,293 | INFO | Steps: 28672/150000 | Episodes: 56 | LastEpReward: 49.781 | RecentReward: 42.223 | ActorLoss: -5.799080 | CriticLoss: 0.029943 | Q: 5.7665 | TargetQ: 5.7626 | TDAbs: 0.1798 | ActorGrad: 0.0363 | CriticGrad: 1.2276 | Noise: 0.2709 | Replay: 28672 | FPS: 27.24 | ETA: 74.2 min
2026-08-10 13:09:21,108 | INFO | Steps: 29184/150000 | Episodes: 57 | LastEpReward: 44.421 | RecentReward: 42.293 | ActorLoss: -5.827351 | CriticLoss: 0.032887 | Q: 5.7963 | TargetQ: 5.7898 | TDAbs: 0.1864 | ActorGrad: 0.0407 | CriticGrad: 1.3270 | Noise: 0.2695 | Replay: 29184 | FPS: 27.36 | ETA: 73.6 min
2026-08-10 13:09:35,526 | INFO | Steps: 29696/150000 | Episodes: 58 | LastEpReward: 41.797 | RecentReward: 42.178 | ActorLoss: -5.838195 | CriticLoss: 0.034205 | Q: 5.8093 | TargetQ: 5.8062 | TDAbs: 0.1934 | ActorGrad: 0.0310 | CriticGrad: 1.4394 | Noise: 0.2680 | Replay: 29696 | FPS: 27.47 | ETA: 73.0 min
2026-08-10 13:09:50,274 | INFO | Steps: 30208/150000 | Episodes: 59 | LastEpReward: 31.729 | RecentReward: 41.314 | ActorLoss: -5.919136 | CriticLoss: 0.033513 | Q: 5.8882 | TargetQ: 5.8883 | TDAbs: 0.1904 | ActorGrad: 0.0282 | CriticGrad: 1.2647 | Noise: 0.2665 | Replay: 30208 | FPS: 27.57 | ETA: 72.4 min
2026-08-10 13:10:03,950 | INFO | 开始周期评估: Steps=30720 | Episodes=60 | EvalEpisodes=5
2026-08-10 13:10:52,689 | INFO | 周期评估完成: Steps=30720 | MeanReward=43.531 | StdReward=5.580
2026-08-10 13:10:52,707 | INFO | Steps: 30720/150000 | Episodes: 60 | LastEpReward: 39.553 | RecentReward: 41.862 | ActorLoss: -5.953746 | CriticLoss: 0.033425 | Q: 5.9229 | TargetQ: 5.9216 | TDAbs: 0.1909 | ActorGrad: 0.0285 | CriticGrad: 1.2684 | Noise: 0.2651 | Replay: 30720 | FPS: 26.53 | ETA: 74.9 min
2026-08-10 13:11:06,579 | INFO | Steps: 31232/150000 | Episodes: 61 | LastEpReward: 46.679 | RecentReward: 42.045 | ActorLoss: -5.998644 | CriticLoss: 0.035494 | Q: 5.9692 | TargetQ: 5.9664 | TDAbs: 0.1918 | ActorGrad: 0.0355 | CriticGrad: 1.2220 | Noise: 0.2636 | Replay: 31232 | FPS: 26.65 | ETA: 74.3 min
2026-08-10 13:11:21,397 | INFO | Steps: 31744/150000 | Episodes: 62 | LastEpReward: 48.691 | RecentReward: 42.838 | ActorLoss: -6.068246 | CriticLoss: 0.032464 | Q: 6.0366 | TargetQ: 6.0345 | TDAbs: 0.1902 | ActorGrad: 0.0364 | CriticGrad: 1.3553 | Noise: 0.2622 | Replay: 31744 | FPS: 26.75 | ETA: 73.7 min
2026-08-10 13:11:37,444 | INFO | Steps: 32256/150000 | Episodes: 63 | LastEpReward: 44.734 | RecentReward: 43.381 | ActorLoss: -6.110927 | CriticLoss: 0.032922 | Q: 6.0872 | TargetQ: 6.0868 | TDAbs: 0.1902 | ActorGrad: 0.0348 | CriticGrad: 1.2531 | Noise: 0.2607 | Replay: 32256 | FPS: 26.82 | ETA: 73.2 min
2026-08-10 13:11:52,242 | INFO | Steps: 32768/150000 | Episodes: 64 | LastEpReward: 40.507 | RecentReward: 42.565 | ActorLoss: -6.102698 | CriticLoss: 0.036505 | Q: 6.0762 | TargetQ: 6.0739 | TDAbs: 0.1956 | ActorGrad: 0.0343 | CriticGrad: 1.2055 | Noise: 0.2592 | Replay: 32768 | FPS: 26.91 | ETA: 72.6 min
2026-08-10 13:12:07,164 | INFO | Steps: 33280/150000 | Episodes: 65 | LastEpReward: 42.699 | RecentReward: 43.059 | ActorLoss: -6.171205 | CriticLoss: 0.035570 | Q: 6.1441 | TargetQ: 6.1417 | TDAbs: 0.1964 | ActorGrad: 0.0350 | CriticGrad: 1.6131 | Noise: 0.2578 | Replay: 33280 | FPS: 27.00 | ETA: 72.0 min
2026-08-10 13:12:21,318 | INFO | Steps: 33792/150000 | Episodes: 66 | LastEpReward: 39.804 | RecentReward: 42.061 | ActorLoss: -6.178369 | CriticLoss: 0.039304 | Q: 6.1490 | TargetQ: 6.1456 | TDAbs: 0.1984 | ActorGrad: 0.0332 | CriticGrad: 1.2009 | Noise: 0.2563 | Replay: 33792 | FPS: 27.11 | ETA: 71.5 min
2026-08-10 13:12:36,583 | INFO | Steps: 34304/150000 | Episodes: 67 | LastEpReward: 45.426 | RecentReward: 42.162 | ActorLoss: -6.280854 | CriticLoss: 0.033334 | Q: 6.2493 | TargetQ: 6.2457 | TDAbs: 0.1937 | ActorGrad: 0.0699 | CriticGrad: 1.3842 | Noise: 0.2548 | Replay: 34304 | FPS: 27.18 | ETA: 70.9 min
2026-08-10 13:12:50,389 | INFO | Steps: 34816/150000 | Episodes: 68 | LastEpReward: 50.070 | RecentReward: 42.989 | ActorLoss: -6.334864 | CriticLoss: 0.037875 | Q: 6.3051 | TargetQ: 6.3030 | TDAbs: 0.1995 | ActorGrad: 0.0645 | CriticGrad: 1.2898 | Noise: 0.2534 | Replay: 34816 | FPS: 27.29 | ETA: 70.3 min
2026-08-10 13:13:05,045 | INFO | Steps: 35328/150000 | Episodes: 69 | LastEpReward: 34.666 | RecentReward: 43.283 | ActorLoss: -6.352720 | CriticLoss: 0.034575 | Q: 6.3191 | TargetQ: 6.3167 | TDAbs: 0.1953 | ActorGrad: 0.0757 | CriticGrad: 1.4711 | Noise: 0.2519 | Replay: 35328 | FPS: 27.38 | ETA: 69.8 min
2026-08-10 13:13:19,715 | INFO | 开始周期评估: Steps=35840 | Episodes=70 | EvalEpisodes=5
2026-08-10 13:14:05,828 | INFO | 周期评估完成: Steps=35840 | MeanReward=41.359 | StdReward=3.916
2026-08-10 13:14:05,846 | INFO | Steps: 35840/150000 | Episodes: 70 | LastEpReward: 33.120 | RecentReward: 42.640 | ActorLoss: -6.462170 | CriticLoss: 0.037784 | Q: 6.4331 | TargetQ: 6.4297 | TDAbs: 0.1985 | ActorGrad: 0.0666 | CriticGrad: 1.2520 | Noise: 0.2505 | Replay: 35840 | FPS: 26.52 | ETA: 71.7 min
2026-08-10 13:14:20,740 | INFO | Steps: 36352/150000 | Episodes: 71 | LastEpReward: 39.783 | RecentReward: 41.950 | ActorLoss: -6.483536 | CriticLoss: 0.034369 | Q: 6.4550 | TargetQ: 6.4553 | TDAbs: 0.1938 | ActorGrad: 0.0618 | CriticGrad: 1.2033 | Noise: 0.2490 | Replay: 36352 | FPS: 26.61 | ETA: 71.2 min
2026-08-10 13:14:34,642 | INFO | Steps: 36864/150000 | Episodes: 72 | LastEpReward: 43.313 | RecentReward: 41.412 | ActorLoss: -6.503820 | CriticLoss: 0.038115 | Q: 6.4781 | TargetQ: 6.4731 | TDAbs: 0.2018 | ActorGrad: 0.0531 | CriticGrad: 1.6918 | Noise: 0.2475 | Replay: 36864 | FPS: 26.71 | ETA: 70.6 min
2026-08-10 13:14:48,798 | INFO | Steps: 37376/150000 | Episodes: 73 | LastEpReward: 20.925 | RecentReward: 39.031 | ActorLoss: -6.559556 | CriticLoss: 0.039576 | Q: 6.5314 | TargetQ: 6.5288 | TDAbs: 0.2035 | ActorGrad: 0.0600 | CriticGrad: 1.4309 | Noise: 0.2461 | Replay: 37376 | FPS: 26.81 | ETA: 70.0 min
2026-08-10 13:15:03,182 | INFO | Steps: 37888/150000 | Episodes: 74 | LastEpReward: 49.114 | RecentReward: 39.892 | ActorLoss: -6.645038 | CriticLoss: 0.037426 | Q: 6.6156 | TargetQ: 6.6136 | TDAbs: 0.1996 | ActorGrad: 0.0665 | CriticGrad: 1.4137 | Noise: 0.2446 | Replay: 37888 | FPS: 26.90 | ETA: 69.5 min
2026-08-10 13:15:20,224 | INFO | Steps: 38400/150000 | Episodes: 75 | LastEpReward: 37.479 | RecentReward: 39.370 | ActorLoss: -6.627673 | CriticLoss: 0.038918 | Q: 6.5998 | TargetQ: 6.5963 | TDAbs: 0.2034 | ActorGrad: 0.0755 | CriticGrad: 1.4559 | Noise: 0.2431 | Replay: 38400 | FPS: 26.94 | ETA: 69.1 min
2026-08-10 13:15:35,541 | INFO | Steps: 38912/150000 | Episodes: 76 | LastEpReward: 44.721 | RecentReward: 39.862 | ActorLoss: -6.727171 | CriticLoss: 0.037134 | Q: 6.6987 | TargetQ: 6.6952 | TDAbs: 0.2012 | ActorGrad: 0.0737 | CriticGrad: 1.4111 | Noise: 0.2417 | Replay: 38912 | FPS: 27.01 | ETA: 68.6 min
2026-08-10 13:15:51,273 | INFO | Steps: 39424/150000 | Episodes: 77 | LastEpReward: 34.351 | RecentReward: 38.754 | ActorLoss: -6.663918 | CriticLoss: 0.041317 | Q: 6.6342 | TargetQ: 6.6269 | TDAbs: 0.2088 | ActorGrad: 0.0700 | CriticGrad: 1.5666 | Noise: 0.2402 | Replay: 39424 | FPS: 27.06 | ETA: 68.1 min
2026-08-10 13:16:06,158 | INFO | Steps: 39936/150000 | Episodes: 78 | LastEpReward: 53.096 | RecentReward: 39.057 | ActorLoss: -6.729195 | CriticLoss: 0.043309 | Q: 6.6997 | TargetQ: 6.7018 | TDAbs: 0.2104 | ActorGrad: 0.0570 | CriticGrad: 1.5883 | Noise: 0.2388 | Replay: 39936 | FPS: 27.14 | ETA: 67.6 min
2026-08-10 13:16:21,532 | INFO | Steps: 40448/150000 | Episodes: 79 | LastEpReward: 42.364 | RecentReward: 39.827 | ActorLoss: -6.712818 | CriticLoss: 0.041274 | Q: 6.6798 | TargetQ: 6.6815 | TDAbs: 0.2091 | ActorGrad: 0.0608 | CriticGrad: 1.5402 | Noise: 0.2373 | Replay: 40448 | FPS: 27.20 | ETA: 67.1 min
2026-08-10 13:16:37,051 | INFO | 开始周期评估: Steps=40960 | Episodes=80 | EvalEpisodes=5
2026-08-10 13:17:25,235 | INFO | 周期评估完成: Steps=40960 | MeanReward=42.382 | StdReward=4.486
2026-08-10 13:17:25,252 | INFO | Steps: 40960/150000 | Episodes: 80 | LastEpReward: 43.129 | RecentReward: 40.827 | ActorLoss: -6.830605 | CriticLoss: 0.045106 | Q: 6.7963 | TargetQ: 6.7931 | TDAbs: 0.2110 | ActorGrad: 0.0611 | CriticGrad: 1.4866 | Noise: 0.2358 | Replay: 40960 | FPS: 26.42 | ETA: 68.8 min
2026-08-10 13:17:42,079 | INFO | Steps: 41472/150000 | Episodes: 81 | LastEpReward: 30.992 | RecentReward: 39.948 | ActorLoss: -6.867213 | CriticLoss: 0.040718 | Q: 6.8291 | TargetQ: 6.8227 | TDAbs: 0.2065 | ActorGrad: 0.0618 | CriticGrad: 1.4658 | Noise: 0.2344 | Replay: 41472 | FPS: 26.46 | ETA: 68.4 min
2026-08-10 13:17:59,811 | INFO | Steps: 41984/150000 | Episodes: 82 | LastEpReward: 42.424 | RecentReward: 39.859 | ActorLoss: -6.950410 | CriticLoss: 0.040257 | Q: 6.9181 | TargetQ: 6.9152 | TDAbs: 0.2064 | ActorGrad: 0.0730 | CriticGrad: 1.4361 | Noise: 0.2329 | Replay: 41984 | FPS: 26.49 | ETA: 68.0 min
2026-08-10 13:18:13,710 | INFO | Steps: 42496/150000 | Episodes: 83 | LastEpReward: 43.133 | RecentReward: 42.080 | ActorLoss: -6.992003 | CriticLoss: 0.042925 | Q: 6.9588 | TargetQ: 6.9550 | TDAbs: 0.2107 | ActorGrad: 0.0699 | CriticGrad: 1.5380 | Noise: 0.2314 | Replay: 42496 | FPS: 26.58 | ETA: 67.4 min
2026-08-10 13:18:29,014 | INFO | Steps: 43008/150000 | Episodes: 84 | LastEpReward: 25.150 | RecentReward: 39.684 | ActorLoss: -7.008592 | CriticLoss: 0.041749 | Q: 6.9756 | TargetQ: 6.9759 | TDAbs: 0.2090 | ActorGrad: 0.0575 | CriticGrad: 1.3660 | Noise: 0.2300 | Replay: 43008 | FPS: 26.64 | ETA: 66.9 min
2026-08-10 13:18:47,124 | INFO | Steps: 43520/150000 | Episodes: 85 | LastEpReward: 40.136 | RecentReward: 39.950 | ActorLoss: -7.140319 | CriticLoss: 0.041489 | Q: 7.1063 | TargetQ: 7.1011 | TDAbs: 0.2059 | ActorGrad: 0.0605 | CriticGrad: 1.2750 | Noise: 0.2285 | Replay: 43520 | FPS: 26.66 | ETA: 66.6 min
2026-08-10 13:19:01,447 | INFO | Steps: 44032/150000 | Episodes: 86 | LastEpReward: 45.426 | RecentReward: 40.020 | ActorLoss: -7.157265 | CriticLoss: 0.039493 | Q: 7.1277 | TargetQ: 7.1285 | TDAbs: 0.2038 | ActorGrad: 0.0508 | CriticGrad: 1.3132 | Noise: 0.2271 | Replay: 44032 | FPS: 26.74 | ETA: 66.1 min
2026-08-10 13:19:17,848 | INFO | Steps: 44544/150000 | Episodes: 87 | LastEpReward: 37.848 | RecentReward: 40.370 | ActorLoss: -7.180203 | CriticLoss: 0.038705 | Q: 7.1472 | TargetQ: 7.1471 | TDAbs: 0.2018 | ActorGrad: 0.0595 | CriticGrad: 1.4409 | Noise: 0.2256 | Replay: 44544 | FPS: 26.78 | ETA: 65.6 min
2026-08-10 13:19:31,907 | INFO | Steps: 45056/150000 | Episodes: 88 | LastEpReward: 52.518 | RecentReward: 40.312 | ActorLoss: -7.223040 | CriticLoss: 0.040952 | Q: 7.1883 | TargetQ: 7.1838 | TDAbs: 0.2082 | ActorGrad: 0.0615 | CriticGrad: 1.5072 | Noise: 0.2241 | Replay: 45056 | FPS: 26.86 | ETA: 65.1 min
2026-08-10 13:19:45,993 | INFO | Steps: 45568/150000 | Episodes: 89 | LastEpReward: 35.962 | RecentReward: 39.672 | ActorLoss: -7.214544 | CriticLoss: 0.040657 | Q: 7.1834 | TargetQ: 7.1804 | TDAbs: 0.2069 | ActorGrad: 0.0654 | CriticGrad: 1.3492 | Noise: 0.2227 | Replay: 45568 | FPS: 26.94 | ETA: 64.6 min
2026-08-10 13:20:00,230 | INFO | 开始周期评估: Steps=46080 | Episodes=90 | EvalEpisodes=5
2026-08-10 13:20:47,456 | INFO | 周期评估完成: Steps=46080 | MeanReward=40.695 | StdReward=4.000
2026-08-10 13:20:47,475 | INFO | Steps: 46080/150000 | Episodes: 90 | LastEpReward: 34.517 | RecentReward: 38.811 | ActorLoss: -7.234670 | CriticLoss: 0.041927 | Q: 7.2048 | TargetQ: 7.2015 | TDAbs: 0.2084 | ActorGrad: 0.0647 | CriticGrad: 1.3142 | Noise: 0.2212 | Replay: 46080 | FPS: 26.29 | ETA: 65.9 min
2026-08-10 13:21:03,053 | INFO | Steps: 46592/150000 | Episodes: 91 | LastEpReward: 42.422 | RecentReward: 39.954 | ActorLoss: -7.286962 | CriticLoss: 0.041709 | Q: 7.2566 | TargetQ: 7.2586 | TDAbs: 0.2098 | ActorGrad: 0.0537 | CriticGrad: 1.6205 | Noise: 0.2197 | Replay: 46592 | FPS: 26.35 | ETA: 65.4 min
2026-08-10 13:21:18,162 | INFO | Steps: 47104/150000 | Episodes: 92 | LastEpReward: 44.885 | RecentReward: 40.200 | ActorLoss: -7.245382 | CriticLoss: 0.041755 | Q: 7.2135 | TargetQ: 7.2146 | TDAbs: 0.2074 | ActorGrad: 0.0640 | CriticGrad: 1.4440 | Noise: 0.2183 | Replay: 47104 | FPS: 26.41 | ETA: 64.9 min
2026-08-10 13:21:32,555 | INFO | Steps: 47616/150000 | Episodes: 93 | LastEpReward: 37.033 | RecentReward: 39.590 | ActorLoss: -7.381629 | CriticLoss: 0.043973 | Q: 7.3484 | TargetQ: 7.3434 | TDAbs: 0.2123 | ActorGrad: 0.0612 | CriticGrad: 1.3534 | Noise: 0.2168 | Replay: 47616 | FPS: 26.48 | ETA: 64.4 min
2026-08-10 13:21:47,917 | INFO | Steps: 48128/150000 | Episodes: 94 | LastEpReward: 37.444 | RecentReward: 40.819 | ActorLoss: -7.423539 | CriticLoss: 0.041148 | Q: 7.3905 | TargetQ: 7.3874 | TDAbs: 0.2059 | ActorGrad: 0.0629 | CriticGrad: 1.2305 | Noise: 0.2153 | Replay: 48128 | FPS: 26.54 | ETA: 64.0 min
2026-08-10 13:22:01,791 | INFO | Steps: 48640/150000 | Episodes: 95 | LastEpReward: 29.999 | RecentReward: 39.805 | ActorLoss: -7.371039 | CriticLoss: 0.044446 | Q: 7.3359 | TargetQ: 7.3317 | TDAbs: 0.2143 | ActorGrad: 0.0555 | CriticGrad: 1.5949 | Noise: 0.2139 | Replay: 48640 | FPS: 26.62 | ETA: 63.5 min
2026-08-10 13:22:15,355 | INFO | Steps: 49152/150000 | Episodes: 96 | LastEpReward: 41.427 | RecentReward: 39.405 | ActorLoss: -7.491127 | CriticLoss: 0.041268 | Q: 7.4608 | TargetQ: 7.4558 | TDAbs: 0.2093 | ActorGrad: 0.0590 | CriticGrad: 1.5965 | Noise: 0.2124 | Replay: 49152 | FPS: 26.70 | ETA: 62.9 min
2026-08-10 13:22:30,856 | INFO | Steps: 49664/150000 | Episodes: 97 | LastEpReward: 38.701 | RecentReward: 39.491 | ActorLoss: -7.524507 | CriticLoss: 0.044917 | Q: 7.4958 | TargetQ: 7.4929 | TDAbs: 0.2149 | ActorGrad: 0.0609 | CriticGrad: 1.4761 | Noise: 0.2110 | Replay: 49664 | FPS: 26.76 | ETA: 62.5 min
2026-08-10 13:22:46,389 | INFO | Steps: 50176/150000 | Episodes: 98 | LastEpReward: 48.882 | RecentReward: 39.127 | ActorLoss: -7.494921 | CriticLoss: 0.043328 | Q: 7.4674 | TargetQ: 7.4636 | TDAbs: 0.2123 | ActorGrad: 0.0722 | CriticGrad: 1.5488 | Noise: 0.2095 | Replay: 50000 | FPS: 26.81 | ETA: 62.1 min
2026-08-10 13:23:00,777 | INFO | Steps: 50688/150000 | Episodes: 99 | LastEpReward: 45.509 | RecentReward: 40.082 | ActorLoss: -7.517941 | CriticLoss: 0.044282 | Q: 7.4911 | TargetQ: 7.4873 | TDAbs: 0.2142 | ActorGrad: 0.0752 | CriticGrad: 1.5022 | Noise: 0.2080 | Replay: 50000 | FPS: 26.87 | ETA: 61.6 min
2026-08-10 13:23:15,678 | INFO | 开始周期评估: Steps=51200 | Episodes=100 | EvalEpisodes=5
2026-08-10 13:24:04,352 | INFO | 周期评估完成: Steps=51200 | MeanReward=42.483 | StdReward=3.609
2026-08-10 13:24:04,372 | INFO | Steps: 51200/150000 | Episodes: 100 | LastEpReward: 44.424 | RecentReward: 41.073 | ActorLoss: -7.515165 | CriticLoss: 0.043906 | Q: 7.4867 | TargetQ: 7.4799 | TDAbs: 0.2129 | ActorGrad: 0.0655 | CriticGrad: 1.5544 | Noise: 0.2066 | Replay: 50000 | FPS: 26.26 | ETA: 62.7 min
2026-08-10 13:24:19,018 | INFO | Steps: 51712/150000 | Episodes: 101 | LastEpReward: 49.380 | RecentReward: 41.768 | ActorLoss: -7.689545 | CriticLoss: 0.043902 | Q: 7.6626 | TargetQ: 7.6571 | TDAbs: 0.2132 | ActorGrad: 0.0687 | CriticGrad: 1.4167 | Noise: 0.2051 | Replay: 50000 | FPS: 26.32 | ETA: 62.2 min
2026-08-10 13:24:35,618 | INFO | Steps: 52224/150000 | Episodes: 102 | LastEpReward: 40.385 | RecentReward: 41.318 | ActorLoss: -7.720942 | CriticLoss: 0.044321 | Q: 7.6970 | TargetQ: 7.6933 | TDAbs: 0.2131 | ActorGrad: 0.0612 | CriticGrad: 1.3457 | Noise: 0.2036 | Replay: 50000 | FPS: 26.36 | ETA: 61.8 min
2026-08-10 13:24:50,182 | INFO | Steps: 52736/150000 | Episodes: 103 | LastEpReward: 45.621 | RecentReward: 42.177 | ActorLoss: -7.791423 | CriticLoss: 0.042021 | Q: 7.7695 | TargetQ: 7.7656 | TDAbs: 0.2091 | ActorGrad: 0.0663 | CriticGrad: 1.3468 | Noise: 0.2022 | Replay: 50000 | FPS: 26.43 | ETA: 61.3 min
2026-08-10 13:25:04,665 | INFO | Steps: 53248/150000 | Episodes: 104 | LastEpReward: 51.657 | RecentReward: 43.598 | ActorLoss: -7.935998 | CriticLoss: 0.044667 | Q: 7.9166 | TargetQ: 7.9089 | TDAbs: 0.2110 | ActorGrad: 0.0647 | CriticGrad: 1.2580 | Noise: 0.2007 | Replay: 50000 | FPS: 26.49 | ETA: 60.9 min
2026-08-10 13:25:19,017 | INFO | Steps: 53760/150000 | Episodes: 105 | LastEpReward: 27.200 | RecentReward: 43.319 | ActorLoss: -7.929344 | CriticLoss: 0.043015 | Q: 7.9056 | TargetQ: 7.9043 | TDAbs: 0.2116 | ActorGrad: 0.0561 | CriticGrad: 1.5998 | Noise: 0.1993 | Replay: 50000 | FPS: 26.56 | ETA: 60.4 min
2026-08-10 13:25:33,837 | INFO | Steps: 54272/150000 | Episodes: 106 | LastEpReward: 27.532 | RecentReward: 41.929 | ActorLoss: -7.894851 | CriticLoss: 0.045434 | Q: 7.8749 | TargetQ: 7.8674 | TDAbs: 0.2108 | ActorGrad: 0.0455 | CriticGrad: 1.4143 | Noise: 0.1978 | Replay: 50000 | FPS: 26.61 | ETA: 59.9 min
2026-08-10 13:25:48,726 | INFO | Steps: 54784/150000 | Episodes: 107 | LastEpReward: 36.459 | RecentReward: 41.705 | ActorLoss: -7.896554 | CriticLoss: 0.040639 | Q: 7.8760 | TargetQ: 7.8728 | TDAbs: 0.2065 | ActorGrad: 0.0432 | CriticGrad: 1.4498 | Noise: 0.1963 | Replay: 50000 | FPS: 26.67 | ETA: 59.5 min
2026-08-10 13:26:05,191 | INFO | Steps: 55296/150000 | Episodes: 108 | LastEpReward: 40.391 | RecentReward: 40.856 | ActorLoss: -7.952936 | CriticLoss: 0.042687 | Q: 7.9316 | TargetQ: 7.9284 | TDAbs: 0.2095 | ActorGrad: 0.0395 | CriticGrad: 1.5720 | Noise: 0.1949 | Replay: 50000 | FPS: 26.71 | ETA: 59.1 min
2026-08-10 13:26:20,938 | INFO | Steps: 55808/150000 | Episodes: 109 | LastEpReward: 36.683 | RecentReward: 39.973 | ActorLoss: -7.924124 | CriticLoss: 0.038405 | Q: 7.9017 | TargetQ: 7.8980 | TDAbs: 0.2005 | ActorGrad: 0.0400 | CriticGrad: 1.1961 | Noise: 0.1934 | Replay: 50000 | FPS: 26.75 | ETA: 58.7 min
2026-08-10 13:26:36,746 | INFO | 开始周期评估: Steps=56320 | Episodes=110 | EvalEpisodes=5
2026-08-10 13:27:26,340 | INFO | 周期评估完成: Steps=56320 | MeanReward=43.953 | StdReward=4.899
2026-08-10 13:27:26,358 | INFO | Steps: 56320/150000 | Episodes: 110 | LastEpReward: 44.364 | RecentReward: 39.967 | ActorLoss: -7.939637 | CriticLoss: 0.043719 | Q: 7.9180 | TargetQ: 7.9133 | TDAbs: 0.2100 | ActorGrad: 0.0325 | CriticGrad: 1.4826 | Noise: 0.1919 | Replay: 50000 | FPS: 26.17 | ETA: 59.7 min
2026-08-10 13:27:41,059 | INFO | Steps: 56832/150000 | Episodes: 111 | LastEpReward: 33.028 | RecentReward: 38.332 | ActorLoss: -7.985027 | CriticLoss: 0.036255 | Q: 7.9636 | TargetQ: 7.9622 | TDAbs: 0.1993 | ActorGrad: 0.0184 | CriticGrad: 1.6746 | Noise: 0.1905 | Replay: 50000 | FPS: 26.23 | ETA: 59.2 min
2026-08-10 13:27:56,756 | INFO | Steps: 57344/150000 | Episodes: 112 | LastEpReward: 46.254 | RecentReward: 38.919 | ActorLoss: -7.965148 | CriticLoss: 0.040960 | Q: 7.9439 | TargetQ: 7.9419 | TDAbs: 0.2078 | ActorGrad: 0.0204 | CriticGrad: 1.3556 | Noise: 0.1890 | Replay: 50000 | FPS: 26.28 | ETA: 58.8 min
2026-08-10 13:28:12,630 | INFO | Steps: 57856/150000 | Episodes: 113 | LastEpReward: 42.579 | RecentReward: 38.615 | ActorLoss: -7.992611 | CriticLoss: 0.041726 | Q: 7.9708 | TargetQ: 7.9656 | TDAbs: 0.2053 | ActorGrad: 0.0160 | CriticGrad: 1.4148 | Noise: 0.1876 | Replay: 50000 | FPS: 26.32 | ETA: 58.3 min
2026-08-10 13:28:27,225 | INFO | Steps: 58368/150000 | Episodes: 114 | LastEpReward: 45.231 | RecentReward: 37.972 | ActorLoss: -8.042427 | CriticLoss: 0.038392 | Q: 8.0193 | TargetQ: 8.0182 | TDAbs: 0.1989 | ActorGrad: 0.0167 | CriticGrad: 1.4736 | Noise: 0.1861 | Replay: 50000 | FPS: 26.38 | ETA: 57.9 min
2026-08-10 13:28:42,006 | INFO | Steps: 58880/150000 | Episodes: 115 | LastEpReward: 51.185 | RecentReward: 40.371 | ActorLoss: -8.012330 | CriticLoss: 0.036491 | Q: 7.9902 | TargetQ: 7.9880 | TDAbs: 0.1960 | ActorGrad: 0.0111 | CriticGrad: 1.4448 | Noise: 0.1846 | Replay: 50000 | FPS: 26.43 | ETA: 57.4 min
2026-08-10 13:28:57,168 | INFO | Steps: 59392/150000 | Episodes: 116 | LastEpReward: 38.462 | RecentReward: 41.464 | ActorLoss: -8.040182 | CriticLoss: 0.039107 | Q: 8.0183 | TargetQ: 8.0169 | TDAbs: 0.1999 | ActorGrad: 0.0124 | CriticGrad: 1.3284 | Noise: 0.1832 | Replay: 50000 | FPS: 26.48 | ETA: 57.0 min
2026-08-10 13:29:12,995 | INFO | Steps: 59904/150000 | Episodes: 117 | LastEpReward: 41.808 | RecentReward: 41.998 | ActorLoss: -8.120948 | CriticLoss: 0.040116 | Q: 8.0995 | TargetQ: 8.0972 | TDAbs: 0.2016 | ActorGrad: 0.0108 | CriticGrad: 1.2450 | Noise: 0.1817 | Replay: 50000 | FPS: 26.53 | ETA: 56.6 min
2026-08-10 13:29:28,204 | INFO | Steps: 60416/150000 | Episodes: 118 | LastEpReward: 48.170 | RecentReward: 42.776 | ActorLoss: -8.143897 | CriticLoss: 0.037430 | Q: 8.1219 | TargetQ: 8.1200 | TDAbs: 0.1969 | ActorGrad: 0.0109 | CriticGrad: 1.3393 | Noise: 0.1802 | Replay: 50000 | FPS: 26.57 | ETA: 56.2 min
2026-08-10 13:29:43,677 | INFO | Steps: 60928/150000 | Episodes: 119 | LastEpReward: 39.450 | RecentReward: 43.053 | ActorLoss: -8.198461 | CriticLoss: 0.040601 | Q: 8.1782 | TargetQ: 8.1722 | TDAbs: 0.2020 | ActorGrad: 0.0150 | CriticGrad: 1.1890 | Noise: 0.1788 | Replay: 50000 | FPS: 26.62 | ETA: 55.8 min
2026-08-10 13:30:00,682 | INFO | 开始周期评估: Steps=61440 | Episodes=120 | EvalEpisodes=5
2026-08-10 13:30:46,529 | INFO | 周期评估完成: Steps=61440 | MeanReward=43.686 | StdReward=5.228
2026-08-10 13:30:46,550 | INFO | Steps: 61440/150000 | Episodes: 120 | LastEpReward: 35.490 | RecentReward: 42.166 | ActorLoss: -8.175600 | CriticLoss: 0.039572 | Q: 8.1542 | TargetQ: 8.1516 | TDAbs: 0.2016 | ActorGrad: 0.0126 | CriticGrad: 1.6533 | Noise: 0.1773 | Replay: 50000 | FPS: 26.12 | ETA: 56.5 min
2026-08-10 13:31:01,723 | INFO | Steps: 61952/150000 | Episodes: 121 | LastEpReward: 48.856 | RecentReward: 43.749 | ActorLoss: -8.257101 | CriticLoss: 0.039284 | Q: 8.2382 | TargetQ: 8.2312 | TDAbs: 0.1997 | ActorGrad: 0.0106 | CriticGrad: 1.3407 | Noise: 0.1759 | Replay: 50000 | FPS: 26.17 | ETA: 56.1 min
2026-08-10 13:31:16,309 | INFO | Steps: 62464/150000 | Episodes: 122 | LastEpReward: 42.160 | RecentReward: 43.339 | ActorLoss: -8.320988 | CriticLoss: 0.037449 | Q: 8.2993 | TargetQ: 8.2950 | TDAbs: 0.1958 | ActorGrad: 0.0101 | CriticGrad: 1.2794 | Noise: 0.1744 | Replay: 50000 | FPS: 26.23 | ETA: 55.6 min
2026-08-10 13:31:31,665 | INFO | Steps: 62976/150000 | Episodes: 123 | LastEpReward: 44.341 | RecentReward: 43.515 | ActorLoss: -8.277015 | CriticLoss: 0.040956 | Q: 8.2569 | TargetQ: 8.2460 | TDAbs: 0.1998 | ActorGrad: 0.0205 | CriticGrad: 1.2534 | Noise: 0.1729 | Replay: 50000 | FPS: 26.27 | ETA: 55.2 min
2026-08-10 13:31:46,453 | INFO | Steps: 63488/150000 | Episodes: 124 | LastEpReward: 46.355 | RecentReward: 43.628 | ActorLoss: -8.367548 | CriticLoss: 0.041565 | Q: 8.3433 | TargetQ: 8.3395 | TDAbs: 0.2043 | ActorGrad: 0.0164 | CriticGrad: 1.7853 | Noise: 0.1715 | Replay: 50000 | FPS: 26.32 | ETA: 54.8 min
2026-08-10 13:32:02,836 | INFO | Steps: 64000/150000 | Episodes: 125 | LastEpReward: 44.739 | RecentReward: 42.983 | ActorLoss: -8.400981 | CriticLoss: 0.037556 | Q: 8.3772 | TargetQ: 8.3748 | TDAbs: 0.1966 | ActorGrad: 0.0456 | CriticGrad: 1.3181 | Noise: 0.1700 | Replay: 50000 | FPS: 26.36 | ETA: 54.4 min
2026-08-10 13:32:19,000 | INFO | Steps: 64512/150000 | Episodes: 126 | LastEpReward: 34.302 | RecentReward: 42.567 | ActorLoss: -8.426620 | CriticLoss: 0.039024 | Q: 8.4062 | TargetQ: 8.4032 | TDAbs: 0.1995 | ActorGrad: 0.0648 | CriticGrad: 1.4738 | Noise: 0.1685 | Replay: 50000 | FPS: 26.39 | ETA: 54.0 min
2026-08-10 13:32:33,992 | INFO | Steps: 65024/150000 | Episodes: 127 | LastEpReward: 49.376 | RecentReward: 43.324 | ActorLoss: -8.417971 | CriticLoss: 0.037284 | Q: 8.3974 | TargetQ: 8.3923 | TDAbs: 0.1968 | ActorGrad: 0.0483 | CriticGrad: 1.1336 | Noise: 0.1671 | Replay: 50000 | FPS: 26.44 | ETA: 53.6 min
2026-08-10 13:32:50,000 | INFO | Steps: 65536/150000 | Episodes: 128 | LastEpReward: 40.484 | RecentReward: 42.555 | ActorLoss: -8.445732 | CriticLoss: 0.039009 | Q: 8.4251 | TargetQ: 8.4194 | TDAbs: 0.1972 | ActorGrad: 0.0597 | CriticGrad: 1.5147 | Noise: 0.1656 | Replay: 50000 | FPS: 26.48 | ETA: 53.2 min
2026-08-10 13:33:05,786 | INFO | Steps: 66048/150000 | Episodes: 129 | LastEpReward: 40.163 | RecentReward: 42.627 | ActorLoss: -8.502605 | CriticLoss: 0.039145 | Q: 8.4818 | TargetQ: 8.4793 | TDAbs: 0.1994 | ActorGrad: 0.0623 | CriticGrad: 1.5672 | Noise: 0.1641 | Replay: 50000 | FPS: 26.51 | ETA: 52.8 min
2026-08-10 13:33:20,943 | INFO | 开始周期评估: Steps=66560 | Episodes=130 | EvalEpisodes=5
2026-08-10 13:34:08,285 | INFO | 周期评估完成: Steps=66560 | MeanReward=42.196 | StdReward=6.420
2026-08-10 13:34:08,302 | INFO | Steps: 66560/150000 | Episodes: 130 | LastEpReward: 34.967 | RecentReward: 42.574 | ActorLoss: -8.457031 | CriticLoss: 0.042110 | Q: 8.4346 | TargetQ: 8.4277 | TDAbs: 0.2039 | ActorGrad: 0.0633 | CriticGrad: 1.5129 | Noise: 0.1627 | Replay: 50000 | FPS: 26.06 | ETA: 53.4 min
2026-08-10 13:34:24,242 | INFO | Steps: 67072/150000 | Episodes: 131 | LastEpReward: 46.146 | RecentReward: 42.303 | ActorLoss: -8.535809 | CriticLoss: 0.037010 | Q: 8.5161 | TargetQ: 8.5102 | TDAbs: 0.1917 | ActorGrad: 0.0551 | CriticGrad: 1.2168 | Noise: 0.1612 | Replay: 50000 | FPS: 26.10 | ETA: 53.0 min
2026-08-10 13:34:41,614 | INFO | Steps: 67584/150000 | Episodes: 132 | LastEpReward: 41.637 | RecentReward: 42.251 | ActorLoss: -8.565537 | CriticLoss: 0.040435 | Q: 8.5457 | TargetQ: 8.5437 | TDAbs: 0.2007 | ActorGrad: 0.0595 | CriticGrad: 1.3952 | Noise: 0.1598 | Replay: 50000 | FPS: 26.12 | ETA: 52.6 min
2026-08-10 13:34:57,927 | INFO | Steps: 68096/150000 | Episodes: 133 | LastEpReward: 26.232 | RecentReward: 40.440 | ActorLoss: -8.564933 | CriticLoss: 0.038255 | Q: 8.5434 | TargetQ: 8.5405 | TDAbs: 0.1988 | ActorGrad: 0.0608 | CriticGrad: 1.1640 | Noise: 0.1583 | Replay: 50000 | FPS: 26.16 | ETA: 52.2 min
2026-08-10 13:35:14,245 | INFO | Steps: 68608/150000 | Episodes: 134 | LastEpReward: 46.901 | RecentReward: 40.495 | ActorLoss: -8.561276 | CriticLoss: 0.038810 | Q: 8.5422 | TargetQ: 8.5370 | TDAbs: 0.1993 | ActorGrad: 0.0633 | CriticGrad: 1.3143 | Noise: 0.1568 | Replay: 50000 | FPS: 26.19 | ETA: 51.8 min
2026-08-10 13:35:28,563 | INFO | Steps: 69120/150000 | Episodes: 135 | LastEpReward: 46.538 | RecentReward: 40.675 | ActorLoss: -8.579466 | CriticLoss: 0.041431 | Q: 8.5598 | TargetQ: 8.5537 | TDAbs: 0.2031 | ActorGrad: 0.0697 | CriticGrad: 1.4975 | Noise: 0.1554 | Replay: 50000 | FPS: 26.24 | ETA: 51.4 min
2026-08-10 13:35:43,735 | INFO | Steps: 69632/150000 | Episodes: 136 | LastEpReward: 38.657 | RecentReward: 41.110 | ActorLoss: -8.624930 | CriticLoss: 0.037799 | Q: 8.6032 | TargetQ: 8.5972 | TDAbs: 0.1951 | ActorGrad: 0.0598 | CriticGrad: 1.2082 | Noise: 0.1539 | Replay: 50000 | FPS: 26.29 | ETA: 51.0 min
2026-08-10 13:35:59,939 | INFO | Steps: 70144/150000 | Episodes: 137 | LastEpReward: 41.060 | RecentReward: 40.279 | ActorLoss: -8.655696 | CriticLoss: 0.037219 | Q: 8.6349 | TargetQ: 8.6287 | TDAbs: 0.1967 | ActorGrad: 0.0483 | CriticGrad: 1.5910 | Noise: 0.1524 | Replay: 50000 | FPS: 26.32 | ETA: 50.6 min
2026-08-10 13:36:15,675 | INFO | Steps: 70656/150000 | Episodes: 138 | LastEpReward: 42.934 | RecentReward: 40.524 | ActorLoss: -8.642418 | CriticLoss: 0.037357 | Q: 8.6216 | TargetQ: 8.6196 | TDAbs: 0.1971 | ActorGrad: 0.0425 | CriticGrad: 1.2517 | Noise: 0.1510 | Replay: 50000 | FPS: 26.35 | ETA: 50.2 min
2026-08-10 13:36:30,439 | INFO | Steps: 71168/150000 | Episodes: 139 | LastEpReward: 37.585 | RecentReward: 40.266 | ActorLoss: -8.628988 | CriticLoss: 0.041084 | Q: 8.6113 | TargetQ: 8.6028 | TDAbs: 0.2016 | ActorGrad: 0.0446 | CriticGrad: 1.4780 | Noise: 0.1495 | Replay: 50000 | FPS: 26.40 | ETA: 49.8 min
2026-08-10 13:36:45,811 | INFO | 开始周期评估: Steps=71680 | Episodes=140 | EvalEpisodes=5
2026-08-10 13:37:36,376 | INFO | 周期评估完成: Steps=71680 | MeanReward=43.314 | StdReward=5.294
2026-08-10 13:37:36,393 | INFO | Steps: 71680/150000 | Episodes: 140 | LastEpReward: 34.827 | RecentReward: 40.252 | ActorLoss: -8.654796 | CriticLoss: 0.037193 | Q: 8.6359 | TargetQ: 8.6321 | TDAbs: 0.1954 | ActorGrad: 0.0416 | CriticGrad: 1.1620 | Noise: 0.1481 | Replay: 50000 | FPS: 25.95 | ETA: 50.3 min
2026-08-10 13:37:51,962 | INFO | Steps: 72192/150000 | Episodes: 141 | LastEpReward: 39.382 | RecentReward: 39.575 | ActorLoss: -8.648011 | CriticLoss: 0.037400 | Q: 8.6294 | TargetQ: 8.6257 | TDAbs: 0.1962 | ActorGrad: 0.0428 | CriticGrad: 1.3596 | Noise: 0.1466 | Replay: 50000 | FPS: 25.99 | ETA: 49.9 min
2026-08-10 13:38:06,528 | INFO | Steps: 72704/150000 | Episodes: 142 | LastEpReward: 37.890 | RecentReward: 39.201 | ActorLoss: -8.710222 | CriticLoss: 0.041631 | Q: 8.6921 | TargetQ: 8.6843 | TDAbs: 0.2044 | ActorGrad: 0.0398 | CriticGrad: 1.5657 | Noise: 0.1451 | Replay: 50000 | FPS: 26.04 | ETA: 49.5 min
2026-08-10 13:38:22,411 | INFO | Steps: 73216/150000 | Episodes: 143 | LastEpReward: 46.518 | RecentReward: 41.229 | ActorLoss: -8.625825 | CriticLoss: 0.036623 | Q: 8.6081 | TargetQ: 8.6046 | TDAbs: 0.1956 | ActorGrad: 0.0476 | CriticGrad: 1.4209 | Noise: 0.1437 | Replay: 50000 | FPS: 26.08 | ETA: 49.1 min
2026-08-10 13:38:37,637 | INFO | Steps: 73728/150000 | Episodes: 144 | LastEpReward: 52.479 | RecentReward: 41.787 | ActorLoss: -8.640466 | CriticLoss: 0.038005 | Q: 8.6230 | TargetQ: 8.6237 | TDAbs: 0.1981 | ActorGrad: 0.0446 | CriticGrad: 1.3248 | Noise: 0.1422 | Replay: 50000 | FPS: 26.12 | ETA: 48.7 min
2026-08-10 13:38:52,994 | INFO | Steps: 74240/150000 | Episodes: 145 | LastEpReward: 39.679 | RecentReward: 41.101 | ActorLoss: -8.692152 | CriticLoss: 0.039253 | Q: 8.6737 | TargetQ: 8.6667 | TDAbs: 0.1969 | ActorGrad: 0.0505 | CriticGrad: 1.5174 | Noise: 0.1407 | Replay: 50000 | FPS: 26.16 | ETA: 48.3 min
2026-08-10 13:39:07,453 | INFO | Steps: 74752/150000 | Episodes: 146 | LastEpReward: 47.165 | RecentReward: 41.952 | ActorLoss: -8.661474 | CriticLoss: 0.039466 | Q: 8.6450 | TargetQ: 8.6389 | TDAbs: 0.1968 | ActorGrad: 0.0477 | CriticGrad: 1.1790 | Noise: 0.1393 | Replay: 50000 | FPS: 26.20 | ETA: 47.9 min
2026-08-10 13:39:22,267 | INFO | Steps: 75264/150000 | Episodes: 147 | LastEpReward: 53.254 | RecentReward: 43.171 | ActorLoss: -8.679213 | CriticLoss: 0.036085 | Q: 8.6605 | TargetQ: 8.6605 | TDAbs: 0.1937 | ActorGrad: 0.0590 | CriticGrad: 1.2865 | Noise: 0.1378 | Replay: 50000 | FPS: 26.25 | ETA: 47.5 min
2026-08-10 13:39:36,968 | INFO | Steps: 75776/150000 | Episodes: 148 | LastEpReward: 32.212 | RecentReward: 42.099 | ActorLoss: -8.676450 | CriticLoss: 0.038674 | Q: 8.6591 | TargetQ: 8.6542 | TDAbs: 0.1975 | ActorGrad: 0.0471 | CriticGrad: 1.2382 | Noise: 0.1364 | Replay: 50000 | FPS: 26.29 | ETA: 47.1 min
2026-08-10 13:39:52,365 | INFO | Steps: 76288/150000 | Episodes: 149 | LastEpReward: 46.792 | RecentReward: 43.020 | ActorLoss: -8.660989 | CriticLoss: 0.037720 | Q: 8.6426 | TargetQ: 8.6398 | TDAbs: 0.1946 | ActorGrad: 0.0592 | CriticGrad: 1.3200 | Noise: 0.1349 | Replay: 50000 | FPS: 26.33 | ETA: 46.7 min
2026-08-10 13:40:07,514 | INFO | 开始周期评估: Steps=76800 | Episodes=150 | EvalEpisodes=5
2026-08-10 13:40:53,183 | INFO | 周期评估完成: Steps=76800 | MeanReward=42.128 | StdReward=6.021
2026-08-10 13:40:53,197 | INFO | Steps: 76800/150000 | Episodes: 150 | LastEpReward: 41.030 | RecentReward: 43.640 | ActorLoss: -8.705342 | CriticLoss: 0.035259 | Q: 8.6866 | TargetQ: 8.6856 | TDAbs: 0.1943 | ActorGrad: 0.0518 | CriticGrad: 1.3988 | Noise: 0.1334 | Replay: 50000 | FPS: 25.96 | ETA: 47.0 min
2026-08-10 13:41:07,898 | INFO | Steps: 77312/150000 | Episodes: 151 | LastEpReward: 41.535 | RecentReward: 43.855 | ActorLoss: -8.683555 | CriticLoss: 0.035316 | Q: 8.6661 | TargetQ: 8.6656 | TDAbs: 0.1926 | ActorGrad: 0.0490 | CriticGrad: 1.4402 | Noise: 0.1320 | Replay: 50000 | FPS: 26.00 | ETA: 46.6 min
2026-08-10 13:41:22,833 | INFO | Steps: 77824/150000 | Episodes: 152 | LastEpReward: 36.277 | RecentReward: 43.694 | ActorLoss: -8.688919 | CriticLoss: 0.037222 | Q: 8.6698 | TargetQ: 8.6651 | TDAbs: 0.1957 | ActorGrad: 0.0531 | CriticGrad: 1.2809 | Noise: 0.1305 | Replay: 50000 | FPS: 26.04 | ETA: 46.2 min
2026-08-10 13:41:38,339 | INFO | Steps: 78336/150000 | Episodes: 153 | LastEpReward: 35.557 | RecentReward: 42.598 | ActorLoss: -8.679285 | CriticLoss: 0.036901 | Q: 8.6621 | TargetQ: 8.6556 | TDAbs: 0.1944 | ActorGrad: 0.0477 | CriticGrad: 1.4132 | Noise: 0.1290 | Replay: 50000 | FPS: 26.08 | ETA: 45.8 min
2026-08-10 13:41:55,023 | INFO | Steps: 78848/150000 | Episodes: 154 | LastEpReward: 35.843 | RecentReward: 40.934 | ActorLoss: -8.639338 | CriticLoss: 0.033358 | Q: 8.6222 | TargetQ: 8.6215 | TDAbs: 0.1894 | ActorGrad: 0.0544 | CriticGrad: 1.2832 | Noise: 0.1276 | Replay: 50000 | FPS: 26.11 | ETA: 45.4 min
2026-08-10 13:42:09,603 | INFO | Steps: 79360/150000 | Episodes: 155 | LastEpReward: 39.384 | RecentReward: 40.905 | ActorLoss: -8.713737 | CriticLoss: 0.034343 | Q: 8.6950 | TargetQ: 8.6922 | TDAbs: 0.1898 | ActorGrad: 0.0534 | CriticGrad: 1.5538 | Noise: 0.1261 | Replay: 50000 | FPS: 26.15 | ETA: 45.0 min
2026-08-10 13:42:26,873 | INFO | Steps: 79872/150000 | Episodes: 156 | LastEpReward: 43.442 | RecentReward: 40.533 | ActorLoss: -8.687350 | CriticLoss: 0.036178 | Q: 8.6712 | TargetQ: 8.6706 | TDAbs: 0.1959 | ActorGrad: 0.0591 | CriticGrad: 1.4966 | Noise: 0.1247 | Replay: 50000 | FPS: 26.17 | ETA: 44.7 min
2026-08-10 13:42:42,950 | INFO | Steps: 80384/150000 | Episodes: 157 | LastEpReward: 40.042 | RecentReward: 39.211 | ActorLoss: -8.652344 | CriticLoss: 0.039538 | Q: 8.6377 | TargetQ: 8.6332 | TDAbs: 0.1982 | ActorGrad: 0.0458 | CriticGrad: 1.2397 | Noise: 0.1232 | Replay: 50000 | FPS: 26.20 | ETA: 44.3 min
2026-08-10 13:42:56,858 | INFO | Steps: 80896/150000 | Episodes: 158 | LastEpReward: 34.843 | RecentReward: 39.474 | ActorLoss: -8.678120 | CriticLoss: 0.037554 | Q: 8.6623 | TargetQ: 8.6562 | TDAbs: 0.1942 | ActorGrad: 0.0479 | CriticGrad: 1.2613 | Noise: 0.1217 | Replay: 50000 | FPS: 26.25 | ETA: 43.9 min
2026-08-10 13:43:15,830 | INFO | Steps: 81408/150000 | Episodes: 159 | LastEpReward: 40.185 | RecentReward: 38.814 | ActorLoss: -8.696359 | CriticLoss: 0.036770 | Q: 8.6811 | TargetQ: 8.6778 | TDAbs: 0.1922 | ActorGrad: 0.0504 | CriticGrad: 1.3016 | Noise: 0.1203 | Replay: 50000 | FPS: 26.25 | ETA: 43.5 min
2026-08-10 13:43:31,011 | INFO | 开始周期评估: Steps=81920 | Episodes=160 | EvalEpisodes=5
2026-08-10 13:44:18,231 | INFO | 周期评估完成: Steps=81920 | MeanReward=43.251 | StdReward=4.846
2026-08-10 13:44:18,245 | INFO | Steps: 81920/150000 | Episodes: 160 | LastEpReward: 33.542 | RecentReward: 38.065 | ActorLoss: -8.684694 | CriticLoss: 0.037845 | Q: 8.6702 | TargetQ: 8.6643 | TDAbs: 0.1945 | ActorGrad: 0.0323 | CriticGrad: 1.2835 | Noise: 0.1188 | Replay: 50000 | FPS: 25.89 | ETA: 43.8 min
2026-08-10 13:44:31,897 | INFO | Steps: 82432/150000 | Episodes: 161 | LastEpReward: 32.312 | RecentReward: 37.143 | ActorLoss: -8.602870 | CriticLoss: 0.036236 | Q: 8.5871 | TargetQ: 8.5858 | TDAbs: 0.1917 | ActorGrad: 0.0532 | CriticGrad: 1.2635 | Noise: 0.1173 | Replay: 50000 | FPS: 25.94 | ETA: 43.4 min
2026-08-10 13:44:45,706 | INFO | Steps: 82944/150000 | Episodes: 162 | LastEpReward: 29.493 | RecentReward: 36.464 | ActorLoss: -8.581544 | CriticLoss: 0.035175 | Q: 8.5659 | TargetQ: 8.5656 | TDAbs: 0.1902 | ActorGrad: 0.0427 | CriticGrad: 1.2377 | Noise: 0.1159 | Replay: 50000 | FPS: 25.99 | ETA: 43.0 min
2026-08-10 13:45:00,668 | INFO | Steps: 83456/150000 | Episodes: 163 | LastEpReward: 52.528 | RecentReward: 38.161 | ActorLoss: -8.607235 | CriticLoss: 0.033552 | Q: 8.5930 | TargetQ: 8.5872 | TDAbs: 0.1889 | ActorGrad: 0.0356 | CriticGrad: 1.3579 | Noise: 0.1144 | Replay: 50000 | FPS: 26.03 | ETA: 42.6 min
2026-08-10 13:45:14,640 | INFO | Steps: 83968/150000 | Episodes: 164 | LastEpReward: 39.322 | RecentReward: 38.509 | ActorLoss: -8.614249 | CriticLoss: 0.035117 | Q: 8.5987 | TargetQ: 8.5963 | TDAbs: 0.1886 | ActorGrad: 0.0370 | CriticGrad: 1.0891 | Noise: 0.1129 | Replay: 50000 | FPS: 26.08 | ETA: 42.2 min
2026-08-10 13:45:30,677 | INFO | Steps: 84480/150000 | Episodes: 165 | LastEpReward: 36.249 | RecentReward: 38.196 | ActorLoss: -8.572444 | CriticLoss: 0.033756 | Q: 8.5584 | TargetQ: 8.5573 | TDAbs: 0.1883 | ActorGrad: 0.0417 | CriticGrad: 1.2387 | Noise: 0.1115 | Replay: 50000 | FPS: 26.11 | ETA: 41.8 min
2026-08-10 13:45:47,232 | INFO | Steps: 84992/150000 | Episodes: 166 | LastEpReward: 42.101 | RecentReward: 38.062 | ActorLoss: -8.585282 | CriticLoss: 0.037344 | Q: 8.5710 | TargetQ: 8.5682 | TDAbs: 0.1932 | ActorGrad: 0.0488 | CriticGrad: 1.4023 | Noise: 0.1100 | Replay: 50000 | FPS: 26.13 | ETA: 41.5 min
2026-08-10 13:46:01,397 | INFO | Steps: 85504/150000 | Episodes: 167 | LastEpReward: 35.668 | RecentReward: 37.624 | ActorLoss: -8.561921 | CriticLoss: 0.039262 | Q: 8.5472 | TargetQ: 8.5366 | TDAbs: 0.1946 | ActorGrad: 0.0370 | CriticGrad: 1.2323 | Noise: 0.1086 | Replay: 50000 | FPS: 26.17 | ETA: 41.1 min
2026-08-10 13:46:16,787 | INFO | Steps: 86016/150000 | Episodes: 168 | LastEpReward: 37.603 | RecentReward: 37.900 | ActorLoss: -8.493691 | CriticLoss: 0.035441 | Q: 8.4818 | TargetQ: 8.4774 | TDAbs: 0.1905 | ActorGrad: 0.0378 | CriticGrad: 1.1390 | Noise: 0.1071 | Replay: 50000 | FPS: 26.21 | ETA: 40.7 min
2026-08-10 13:46:31,583 | INFO | Steps: 86528/150000 | Episodes: 169 | LastEpReward: 36.420 | RecentReward: 37.524 | ActorLoss: -8.572989 | CriticLoss: 0.035392 | Q: 8.5596 | TargetQ: 8.5541 | TDAbs: 0.1941 | ActorGrad: 0.0428 | CriticGrad: 1.6832 | Noise: 0.1056 | Replay: 50000 | FPS: 26.24 | ETA: 40.3 min
2026-08-10 13:46:45,202 | INFO | 开始周期评估: Steps=87040 | Episodes=170 | EvalEpisodes=5
2026-08-10 13:47:30,988 | INFO | 周期评估完成: Steps=87040 | MeanReward=43.554 | StdReward=5.110
2026-08-10 13:47:31,001 | INFO | Steps: 87040/150000 | Episodes: 170 | LastEpReward: 39.004 | RecentReward: 38.070 | ActorLoss: -8.530917 | CriticLoss: 0.035305 | Q: 8.5166 | TargetQ: 8.5120 | TDAbs: 0.1899 | ActorGrad: 0.0328 | CriticGrad: 1.1917 | Noise: 0.1042 | Replay: 50000 | FPS: 25.93 | ETA: 40.5 min
2026-08-10 13:47:46,369 | INFO | Steps: 87552/150000 | Episodes: 171 | LastEpReward: 47.293 | RecentReward: 39.568 | ActorLoss: -8.567207 | CriticLoss: 0.037635 | Q: 8.5536 | TargetQ: 8.5493 | TDAbs: 0.1941 | ActorGrad: 0.0388 | CriticGrad: 1.2544 | Noise: 0.1027 | Replay: 50000 | FPS: 25.97 | ETA: 40.1 min
2026-08-10 13:48:00,721 | INFO | Steps: 88064/150000 | Episodes: 172 | LastEpReward: 31.364 | RecentReward: 39.755 | ActorLoss: -8.542031 | CriticLoss: 0.036365 | Q: 8.5303 | TargetQ: 8.5267 | TDAbs: 0.1935 | ActorGrad: 0.0346 | CriticGrad: 1.5204 | Noise: 0.1012 | Replay: 50000 | FPS: 26.01 | ETA: 39.7 min
2026-08-10 13:48:16,191 | INFO | Steps: 88576/150000 | Episodes: 173 | LastEpReward: 35.031 | RecentReward: 38.005 | ActorLoss: -8.502262 | CriticLoss: 0.037010 | Q: 8.4899 | TargetQ: 8.4844 | TDAbs: 0.1915 | ActorGrad: 0.0414 | CriticGrad: 1.1782 | Noise: 0.0998 | Replay: 50000 | FPS: 26.04 | ETA: 39.3 min
2026-08-10 13:48:30,924 | INFO | Steps: 89088/150000 | Episodes: 174 | LastEpReward: 43.629 | RecentReward: 38.436 | ActorLoss: -8.500000 | CriticLoss: 0.034812 | Q: 8.4886 | TargetQ: 8.4870 | TDAbs: 0.1889 | ActorGrad: 0.0429 | CriticGrad: 1.2844 | Noise: 0.0983 | Replay: 50000 | FPS: 26.08 | ETA: 38.9 min
2026-08-10 13:48:47,015 | INFO | Steps: 89600/150000 | Episodes: 175 | LastEpReward: 47.240 | RecentReward: 39.535 | ActorLoss: -8.467377 | CriticLoss: 0.035192 | Q: 8.4558 | TargetQ: 8.4528 | TDAbs: 0.1900 | ActorGrad: 0.0448 | CriticGrad: 1.1908 | Noise: 0.0969 | Replay: 50000 | FPS: 26.10 | ETA: 38.6 min
2026-08-10 13:49:01,972 | INFO | Steps: 90112/150000 | Episodes: 176 | LastEpReward: 43.038 | RecentReward: 39.629 | ActorLoss: -8.480697 | CriticLoss: 0.035727 | Q: 8.4677 | TargetQ: 8.4615 | TDAbs: 0.1922 | ActorGrad: 0.0372 | CriticGrad: 1.3160 | Noise: 0.0954 | Replay: 50000 | FPS: 26.14 | ETA: 38.2 min
2026-08-10 13:49:17,962 | INFO | Steps: 90624/150000 | Episodes: 177 | LastEpReward: 49.328 | RecentReward: 40.995 | ActorLoss: -8.495653 | CriticLoss: 0.034211 | Q: 8.4823 | TargetQ: 8.4814 | TDAbs: 0.1869 | ActorGrad: 0.0457 | CriticGrad: 1.1942 | Noise: 0.0939 | Replay: 50000 | FPS: 26.17 | ETA: 37.8 min
2026-08-10 13:49:33,972 | INFO | Steps: 91136/150000 | Episodes: 178 | LastEpReward: 43.172 | RecentReward: 41.552 | ActorLoss: -8.546425 | CriticLoss: 0.034242 | Q: 8.5351 | TargetQ: 8.5305 | TDAbs: 0.1848 | ActorGrad: 0.0433 | CriticGrad: 1.1593 | Noise: 0.0925 | Replay: 50000 | FPS: 26.19 | ETA: 37.5 min
2026-08-10 13:49:49,776 | INFO | Steps: 91648/150000 | Episodes: 179 | LastEpReward: 32.238 | RecentReward: 41.134 | ActorLoss: -8.492415 | CriticLoss: 0.035176 | Q: 8.4799 | TargetQ: 8.4727 | TDAbs: 0.1873 | ActorGrad: 0.0329 | CriticGrad: 1.3067 | Noise: 0.0910 | Replay: 50000 | FPS: 26.22 | ETA: 37.1 min
2026-08-10 13:50:08,339 | INFO | 开始周期评估: Steps=92160 | Episodes=180 | EvalEpisodes=5
2026-08-10 13:50:56,513 | INFO | 周期评估完成: Steps=92160 | MeanReward=44.747 | StdReward=5.769
2026-08-10 13:50:56,531 | INFO | Steps: 92160/150000 | Episodes: 180 | LastEpReward: 49.029 | RecentReward: 42.136 | ActorLoss: -8.444716 | CriticLoss: 0.034999 | Q: 8.4330 | TargetQ: 8.4300 | TDAbs: 0.1856 | ActorGrad: 0.0299 | CriticGrad: 1.2353 | Noise: 0.0895 | Replay: 50000 | FPS: 25.87 | ETA: 37.3 min
2026-08-10 13:51:11,659 | INFO | Steps: 92672/150000 | Episodes: 181 | LastEpReward: 35.947 | RecentReward: 41.001 | ActorLoss: -8.458967 | CriticLoss: 0.036824 | Q: 8.4472 | TargetQ: 8.4415 | TDAbs: 0.1881 | ActorGrad: 0.0153 | CriticGrad: 1.1095 | Noise: 0.0881 | Replay: 50000 | FPS: 25.91 | ETA: 36.9 min
2026-08-10 13:51:27,353 | INFO | Steps: 93184/150000 | Episodes: 182 | LastEpReward: 39.080 | RecentReward: 41.773 | ActorLoss: -8.435221 | CriticLoss: 0.034802 | Q: 8.4235 | TargetQ: 8.4173 | TDAbs: 0.1837 | ActorGrad: 0.0172 | CriticGrad: 1.0278 | Noise: 0.0866 | Replay: 50000 | FPS: 25.94 | ETA: 36.5 min
2026-08-10 13:51:42,513 | INFO | Steps: 93696/150000 | Episodes: 183 | LastEpReward: 7.061 | RecentReward: 38.976 | ActorLoss: -8.473023 | CriticLoss: 0.032396 | Q: 8.4622 | TargetQ: 8.4591 | TDAbs: 0.1822 | ActorGrad: 0.0154 | CriticGrad: 1.3010 | Noise: 0.0852 | Replay: 50000 | FPS: 25.97 | ETA: 36.1 min
2026-08-10 13:51:58,919 | INFO | Steps: 94208/150000 | Episodes: 184 | LastEpReward: 21.262 | RecentReward: 36.739 | ActorLoss: -8.479182 | CriticLoss: 0.033561 | Q: 8.4682 | TargetQ: 8.4636 | TDAbs: 0.1845 | ActorGrad: 0.0051 | CriticGrad: 1.0326 | Noise: 0.0837 | Replay: 50000 | FPS: 25.99 | ETA: 35.8 min
2026-08-10 13:52:14,406 | INFO | Steps: 94720/150000 | Episodes: 185 | LastEpReward: 24.518 | RecentReward: 34.467 | ActorLoss: -8.409991 | CriticLoss: 0.034090 | Q: 8.3989 | TargetQ: 8.3904 | TDAbs: 0.1858 | ActorGrad: 0.0058 | CriticGrad: 1.2177 | Noise: 0.0822 | Replay: 50000 | FPS: 26.02 | ETA: 35.4 min
2026-08-10 13:52:29,516 | INFO | Steps: 95232/150000 | Episodes: 186 | LastEpReward: 4.871 | RecentReward: 30.650 | ActorLoss: -8.452941 | CriticLoss: 0.029360 | Q: 8.4413 | TargetQ: 8.4402 | TDAbs: 0.1759 | ActorGrad: 0.0006 | CriticGrad: 1.1656 | Noise: 0.0808 | Replay: 50000 | FPS: 26.06 | ETA: 35.0 min
2026-08-10 13:52:44,510 | INFO | Steps: 95744/150000 | Episodes: 187 | LastEpReward: 7.509 | RecentReward: 26.469 | ActorLoss: -8.375203 | CriticLoss: 0.031822 | Q: 8.3637 | TargetQ: 8.3642 | TDAbs: 0.1836 | ActorGrad: 0.0003 | CriticGrad: 1.4624 | Noise: 0.0793 | Replay: 50000 | FPS: 26.09 | ETA: 34.7 min
2026-08-10 13:52:59,379 | INFO | Steps: 96256/150000 | Episodes: 188 | LastEpReward: 16.866 | RecentReward: 23.838 | ActorLoss: -8.386352 | CriticLoss: 0.036287 | Q: 8.3748 | TargetQ: 8.3665 | TDAbs: 0.1842 | ActorGrad: 0.0042 | CriticGrad: 1.0346 | Noise: 0.0778 | Replay: 50000 | FPS: 26.12 | ETA: 34.3 min
2026-08-10 13:53:15,339 | INFO | Steps: 96768/150000 | Episodes: 189 | LastEpReward: 9.349 | RecentReward: 21.549 | ActorLoss: -8.320908 | CriticLoss: 0.031443 | Q: 8.3100 | TargetQ: 8.3086 | TDAbs: 0.1799 | ActorGrad: 0.0028 | CriticGrad: 1.3165 | Noise: 0.0764 | Replay: 50000 | FPS: 26.15 | ETA: 33.9 min
2026-08-10 13:53:31,352 | INFO | 开始周期评估: Steps=97280 | Episodes=190 | EvalEpisodes=5
2026-08-10 13:54:19,187 | INFO | 周期评估完成: Steps=97280 | MeanReward=14.383 | StdReward=7.786
2026-08-10 13:54:19,205 | INFO | Steps: 97280/150000 | Episodes: 190 | LastEpReward: 25.815 | RecentReward: 19.228 | ActorLoss: -8.333124 | CriticLoss: 0.030923 | Q: 8.3236 | TargetQ: 8.3196 | TDAbs: 0.1766 | ActorGrad: 0.0038 | CriticGrad: 1.2575 | Noise: 0.0749 | Replay: 50000 | FPS: 25.84 | ETA: 34.0 min
2026-08-10 13:54:33,898 | INFO | Steps: 97792/150000 | Episodes: 191 | LastEpReward: 17.591 | RecentReward: 17.392 | ActorLoss: -8.327201 | CriticLoss: 0.032210 | Q: 8.3181 | TargetQ: 8.3159 | TDAbs: 0.1805 | ActorGrad: 0.0017 | CriticGrad: 1.2082 | Noise: 0.0735 | Replay: 50000 | FPS: 25.88 | ETA: 33.6 min
2026-08-10 13:54:48,876 | INFO | Steps: 98304/150000 | Episodes: 192 | LastEpReward: 16.885 | RecentReward: 15.173 | ActorLoss: -8.313379 | CriticLoss: 0.033145 | Q: 8.3065 | TargetQ: 8.3010 | TDAbs: 0.1824 | ActorGrad: 0.0044 | CriticGrad: 1.1453 | Noise: 0.0720 | Replay: 50000 | FPS: 25.91 | ETA: 33.3 min
2026-08-10 13:55:03,771 | INFO | Steps: 98816/150000 | Episodes: 193 | LastEpReward: 13.384 | RecentReward: 15.805 | ActorLoss: -8.291905 | CriticLoss: 0.031574 | Q: 8.2838 | TargetQ: 8.2788 | TDAbs: 0.1787 | ActorGrad: 0.0050 | CriticGrad: 0.9832 | Noise: 0.0705 | Replay: 50000 | FPS: 25.94 | ETA: 32.9 min
2026-08-10 13:55:20,089 | INFO | Steps: 99328/150000 | Episodes: 194 | LastEpReward: 42.774 | RecentReward: 17.956 | ActorLoss: -8.308556 | CriticLoss: 0.039747 | Q: 8.2671 | TargetQ: 8.2647 | TDAbs: 0.1973 | ActorGrad: 0.0534 | CriticGrad: 1.2677 | Noise: 0.0691 | Replay: 50000 | FPS: 25.96 | ETA: 32.5 min
2026-08-10 13:55:35,711 | INFO | Steps: 99840/150000 | Episodes: 195 | LastEpReward: 42.128 | RecentReward: 19.717 | ActorLoss: -8.325610 | CriticLoss: 0.039314 | Q: 8.3061 | TargetQ: 8.3011 | TDAbs: 0.1983 | ActorGrad: 0.0303 | CriticGrad: 1.2088 | Noise: 0.0676 | Replay: 50000 | FPS: 25.99 | ETA: 32.2 min
2026-08-10 13:55:50,789 | INFO | Steps: 100352/150000 | Episodes: 196 | LastEpReward: 41.604 | RecentReward: 23.391 | ActorLoss: -8.309034 | CriticLoss: 0.038816 | Q: 8.2985 | TargetQ: 8.2957 | TDAbs: 0.1997 | ActorGrad: 0.0165 | CriticGrad: 1.1775 | Noise: 0.0661 | Replay: 50000 | FPS: 26.02 | ETA: 31.8 min
2026-08-10 13:56:05,701 | INFO | Steps: 100864/150000 | Episodes: 197 | LastEpReward: 40.365 | RecentReward: 26.676 | ActorLoss: -8.236848 | CriticLoss: 0.038213 | Q: 8.2238 | TargetQ: 8.2215 | TDAbs: 0.1995 | ActorGrad: 0.0914 | CriticGrad: 1.2348 | Noise: 0.0647 | Replay: 50000 | FPS: 26.06 | ETA: 31.4 min
2026-08-10 13:56:21,979 | INFO | Steps: 101376/150000 | Episodes: 198 | LastEpReward: 49.318 | RecentReward: 29.921 | ActorLoss: -8.281821 | CriticLoss: 0.040606 | Q: 8.2709 | TargetQ: 8.2693 | TDAbs: 0.2018 | ActorGrad: 0.0877 | CriticGrad: 1.4648 | Noise: 0.0632 | Replay: 50000 | FPS: 26.08 | ETA: 31.1 min
2026-08-10 13:56:39,194 | INFO | Steps: 101888/150000 | Episodes: 199 | LastEpReward: 30.971 | RecentReward: 32.084 | ActorLoss: -8.308314 | CriticLoss: 0.039689 | Q: 8.2955 | TargetQ: 8.2928 | TDAbs: 0.1996 | ActorGrad: 0.0928 | CriticGrad: 1.2686 | Noise: 0.0617 | Replay: 50000 | FPS: 26.09 | ETA: 30.7 min
2026-08-10 13:56:55,736 | INFO | 开始周期评估: Steps=102400 | Episodes=200 | EvalEpisodes=5
2026-08-10 13:57:45,106 | INFO | 周期评估完成: Steps=102400 | MeanReward=36.316 | StdReward=6.556
2026-08-10 13:57:45,123 | INFO | Steps: 102400/150000 | Episodes: 200 | LastEpReward: 46.812 | RecentReward: 34.183 | ActorLoss: -8.236417 | CriticLoss: 0.036416 | Q: 8.2238 | TargetQ: 8.2229 | TDAbs: 0.1947 | ActorGrad: 0.0973 | CriticGrad: 1.3270 | Noise: 0.0603 | Replay: 50000 | FPS: 25.79 | ETA: 30.8 min
2026-08-10 13:57:59,892 | INFO | Steps: 102912/150000 | Episodes: 201 | LastEpReward: 25.907 | RecentReward: 35.015 | ActorLoss: -8.230759 | CriticLoss: 0.040370 | Q: 8.2159 | TargetQ: 8.2095 | TDAbs: 0.2000 | ActorGrad: 0.1084 | CriticGrad: 1.1598 | Noise: 0.0588 | Replay: 50000 | FPS: 25.82 | ETA: 30.4 min
2026-08-10 13:58:14,793 | INFO | Steps: 103424/150000 | Episodes: 202 | LastEpReward: 42.924 | RecentReward: 37.619 | ActorLoss: -8.225564 | CriticLoss: 0.042297 | Q: 8.2084 | TargetQ: 8.2034 | TDAbs: 0.2067 | ActorGrad: 0.1313 | CriticGrad: 1.3117 | Noise: 0.0574 | Replay: 50000 | FPS: 25.85 | ETA: 30.0 min
2026-08-10 13:58:29,493 | INFO | Steps: 103936/150000 | Episodes: 203 | LastEpReward: 45.789 | RecentReward: 40.859 | ActorLoss: -8.257168 | CriticLoss: 0.043233 | Q: 8.2403 | TargetQ: 8.2337 | TDAbs: 0.2070 | ActorGrad: 0.1297 | CriticGrad: 1.1512 | Noise: 0.0559 | Replay: 50000 | FPS: 25.89 | ETA: 29.7 min
2026-08-10 13:58:46,542 | INFO | Steps: 104448/150000 | Episodes: 204 | LastEpReward: 38.776 | RecentReward: 40.459 | ActorLoss: -8.290243 | CriticLoss: 0.040920 | Q: 8.2707 | TargetQ: 8.2667 | TDAbs: 0.2059 | ActorGrad: 0.1324 | CriticGrad: 1.3182 | Noise: 0.0544 | Replay: 50000 | FPS: 25.91 | ETA: 29.3 min
2026-08-10 13:59:03,860 | INFO | Steps: 104960/150000 | Episodes: 205 | LastEpReward: 23.023 | RecentReward: 38.549 | ActorLoss: -8.246045 | CriticLoss: 0.043048 | Q: 8.2304 | TargetQ: 8.2270 | TDAbs: 0.2072 | ActorGrad: 0.1431 | CriticGrad: 1.2512 | Noise: 0.0530 | Replay: 50000 | FPS: 25.92 | ETA: 29.0 min
2026-08-10 13:59:19,084 | INFO | Steps: 105472/150000 | Episodes: 206 | LastEpReward: 34.446 | RecentReward: 37.833 | ActorLoss: -8.250914 | CriticLoss: 0.048318 | Q: 8.2337 | TargetQ: 8.2270 | TDAbs: 0.2176 | ActorGrad: 0.1295 | CriticGrad: 1.4814 | Noise: 0.0515 | Replay: 50000 | FPS: 25.95 | ETA: 28.6 min
2026-08-10 13:59:36,768 | INFO | Steps: 105984/150000 | Episodes: 207 | LastEpReward: 41.575 | RecentReward: 37.954 | ActorLoss: -8.260727 | CriticLoss: 0.046359 | Q: 8.2424 | TargetQ: 8.2353 | TDAbs: 0.2142 | ActorGrad: 0.1290 | CriticGrad: 1.4009 | Noise: 0.0500 | Replay: 50000 | FPS: 25.96 | ETA: 28.3 min
2026-08-10 13:59:51,287 | INFO | Steps: 106496/150000 | Episodes: 208 | LastEpReward: 42.904 | RecentReward: 37.313 | ActorLoss: -8.249559 | CriticLoss: 0.046583 | Q: 8.2328 | TargetQ: 8.2268 | TDAbs: 0.2162 | ActorGrad: 0.1287 | CriticGrad: 1.3995 | Noise: 0.0500 | Replay: 50000 | FPS: 26.00 | ETA: 27.9 min
2026-08-10 14:00:07,393 | INFO | Steps: 107008/150000 | Episodes: 209 | LastEpReward: 37.753 | RecentReward: 37.991 | ActorLoss: -8.224373 | CriticLoss: 0.050424 | Q: 8.2061 | TargetQ: 8.2022 | TDAbs: 0.2227 | ActorGrad: 0.1403 | CriticGrad: 1.2497 | Noise: 0.0500 | Replay: 50000 | FPS: 26.02 | ETA: 27.5 min
2026-08-10 14:00:22,098 | INFO | 开始周期评估: Steps=107520 | Episodes=210 | EvalEpisodes=5
2026-08-10 14:01:12,309 | INFO | 周期评估完成: Steps=107520 | MeanReward=45.260 | StdReward=4.380
2026-08-10 14:01:12,423 | INFO | Steps: 107520/150000 | Episodes: 210 | LastEpReward: 39.073 | RecentReward: 37.217 | ActorLoss: -8.237449 | CriticLoss: 0.051283 | Q: 8.2219 | TargetQ: 8.2200 | TDAbs: 0.2233 | ActorGrad: 0.1459 | CriticGrad: 1.4204 | Noise: 0.0500 | Replay: 50000 | FPS: 25.74 | ETA: 27.5 min
2026-08-10 14:01:29,787 | INFO | Steps: 108032/150000 | Episodes: 211 | LastEpReward: 50.277 | RecentReward: 39.654 | ActorLoss: -8.186704 | CriticLoss: 0.047235 | Q: 8.1724 | TargetQ: 8.1701 | TDAbs: 0.2171 | ActorGrad: 0.1352 | CriticGrad: 1.2392 | Noise: 0.0500 | Replay: 50000 | FPS: 25.75 | ETA: 27.2 min
2026-08-10 14:01:45,327 | INFO | Steps: 108544/150000 | Episodes: 212 | LastEpReward: 46.580 | RecentReward: 40.020 | ActorLoss: -8.169859 | CriticLoss: 0.047538 | Q: 8.1541 | TargetQ: 8.1507 | TDAbs: 0.2167 | ActorGrad: 0.1505 | CriticGrad: 1.2988 | Noise: 0.0500 | Replay: 50000 | FPS: 25.78 | ETA: 26.8 min
2026-08-10 14:02:01,217 | INFO | Steps: 109056/150000 | Episodes: 213 | LastEpReward: 42.041 | RecentReward: 39.645 | ActorLoss: -8.226718 | CriticLoss: 0.048094 | Q: 8.2091 | TargetQ: 8.2060 | TDAbs: 0.2167 | ActorGrad: 0.1499 | CriticGrad: 1.2866 | Noise: 0.0500 | Replay: 50000 | FPS: 25.80 | ETA: 26.4 min
2026-08-10 14:02:16,546 | INFO | Steps: 109568/150000 | Episodes: 214 | LastEpReward: 40.053 | RecentReward: 39.773 | ActorLoss: -8.223247 | CriticLoss: 0.047957 | Q: 8.2071 | TargetQ: 8.2044 | TDAbs: 0.2164 | ActorGrad: 0.1341 | CriticGrad: 1.2504 | Noise: 0.0500 | Replay: 50000 | FPS: 25.83 | ETA: 26.1 min
2026-08-10 14:02:32,704 | INFO | Steps: 110080/150000 | Episodes: 215 | LastEpReward: 30.940 | RecentReward: 40.564 | ActorLoss: -8.095426 | CriticLoss: 0.050411 | Q: 8.0794 | TargetQ: 8.0747 | TDAbs: 0.2219 | ActorGrad: 0.1508 | CriticGrad: 1.4045 | Noise: 0.0500 | Replay: 50000 | FPS: 25.85 | ETA: 25.7 min
2026-08-10 14:02:48,551 | INFO | Steps: 110592/150000 | Episodes: 216 | LastEpReward: 40.730 | RecentReward: 41.193 | ActorLoss: -8.132857 | CriticLoss: 0.047370 | Q: 8.1189 | TargetQ: 8.1173 | TDAbs: 0.2176 | ActorGrad: 0.1464 | CriticGrad: 1.3052 | Noise: 0.0500 | Replay: 50000 | FPS: 25.88 | ETA: 25.4 min
2026-08-10 14:03:04,338 | INFO | Steps: 111104/150000 | Episodes: 217 | LastEpReward: 38.321 | RecentReward: 40.867 | ActorLoss: -8.090309 | CriticLoss: 0.050227 | Q: 8.0738 | TargetQ: 8.0678 | TDAbs: 0.2193 | ActorGrad: 0.1426 | CriticGrad: 1.3439 | Noise: 0.0500 | Replay: 50000 | FPS: 25.90 | ETA: 25.0 min
2026-08-10 14:03:19,188 | INFO | Steps: 111616/150000 | Episodes: 218 | LastEpReward: 46.048 | RecentReward: 41.182 | ActorLoss: -8.104972 | CriticLoss: 0.051505 | Q: 8.0861 | TargetQ: 8.0867 | TDAbs: 0.2241 | ActorGrad: 0.1516 | CriticGrad: 1.5961 | Noise: 0.0500 | Replay: 50000 | FPS: 25.93 | ETA: 24.7 min
2026-08-10 14:03:36,647 | INFO | Steps: 112128/150000 | Episodes: 219 | LastEpReward: 36.149 | RecentReward: 41.021 | ActorLoss: -8.152530 | CriticLoss: 0.045820 | Q: 8.1335 | TargetQ: 8.1309 | TDAbs: 0.2119 | ActorGrad: 0.1432 | CriticGrad: 1.2424 | Noise: 0.0500 | Replay: 50000 | FPS: 25.94 | ETA: 24.3 min
2026-08-10 14:03:52,024 | INFO | 开始周期评估: Steps=112640 | Episodes=220 | EvalEpisodes=5
2026-08-10 14:04:40,498 | INFO | 周期评估完成: Steps=112640 | MeanReward=44.970 | StdReward=8.959
2026-08-10 14:04:40,517 | INFO | Steps: 112640/150000 | Episodes: 220 | LastEpReward: 46.692 | RecentReward: 41.783 | ActorLoss: -8.053146 | CriticLoss: 0.050976 | Q: 8.0339 | TargetQ: 8.0317 | TDAbs: 0.2236 | ActorGrad: 0.1493 | CriticGrad: 1.2791 | Noise: 0.0500 | Replay: 50000 | FPS: 25.68 | ETA: 24.2 min
2026-08-10 14:04:56,161 | INFO | Steps: 113152/150000 | Episodes: 221 | LastEpReward: 35.957 | RecentReward: 40.351 | ActorLoss: -8.118270 | CriticLoss: 0.057212 | Q: 8.0964 | TargetQ: 8.0912 | TDAbs: 0.2307 | ActorGrad: 0.1622 | CriticGrad: 1.2931 | Noise: 0.0500 | Replay: 50000 | FPS: 25.71 | ETA: 23.9 min
2026-08-10 14:05:11,430 | INFO | Steps: 113664/150000 | Episodes: 222 | LastEpReward: 48.952 | RecentReward: 40.588 | ActorLoss: -8.071874 | CriticLoss: 0.053180 | Q: 8.0486 | TargetQ: 8.0466 | TDAbs: 0.2251 | ActorGrad: 0.1566 | CriticGrad: 1.4490 | Noise: 0.0500 | Replay: 50000 | FPS: 25.73 | ETA: 23.5 min
2026-08-10 14:05:26,479 | INFO | Steps: 114176/150000 | Episodes: 223 | LastEpReward: 42.162 | RecentReward: 40.600 | ActorLoss: -8.114062 | CriticLoss: 0.054074 | Q: 8.0906 | TargetQ: 8.0874 | TDAbs: 0.2255 | ActorGrad: 0.1706 | CriticGrad: 1.4021 | Noise: 0.0500 | Replay: 50000 | FPS: 25.76 | ETA: 23.2 min
2026-08-10 14:05:40,437 | INFO | Steps: 114688/150000 | Episodes: 224 | LastEpReward: 40.992 | RecentReward: 40.694 | ActorLoss: -8.122073 | CriticLoss: 0.049110 | Q: 8.1021 | TargetQ: 8.0986 | TDAbs: 0.2200 | ActorGrad: 0.1385 | CriticGrad: 1.3856 | Noise: 0.0500 | Replay: 50000 | FPS: 25.80 | ETA: 22.8 min
2026-08-10 14:05:54,964 | INFO | Steps: 115200/150000 | Episodes: 225 | LastEpReward: 33.674 | RecentReward: 40.968 | ActorLoss: -8.113761 | CriticLoss: 0.053019 | Q: 8.0912 | TargetQ: 8.0904 | TDAbs: 0.2241 | ActorGrad: 0.1517 | CriticGrad: 1.4962 | Noise: 0.0500 | Replay: 50000 | FPS: 25.83 | ETA: 22.5 min
2026-08-10 14:06:09,583 | INFO | Steps: 115712/150000 | Episodes: 226 | LastEpReward: 40.944 | RecentReward: 40.989 | ActorLoss: -8.103397 | CriticLoss: 0.055500 | Q: 8.0808 | TargetQ: 8.0767 | TDAbs: 0.2272 | ActorGrad: 0.1496 | CriticGrad: 1.4068 | Noise: 0.0500 | Replay: 50000 | FPS: 25.86 | ETA: 22.1 min
2026-08-10 14:06:25,892 | INFO | Steps: 116224/150000 | Episodes: 227 | LastEpReward: 45.705 | RecentReward: 41.727 | ActorLoss: -8.086899 | CriticLoss: 0.054709 | Q: 8.0618 | TargetQ: 8.0606 | TDAbs: 0.2292 | ActorGrad: 0.1467 | CriticGrad: 1.3897 | Noise: 0.0500 | Replay: 50000 | FPS: 25.88 | ETA: 21.8 min
2026-08-10 14:06:39,853 | INFO | Steps: 116736/150000 | Episodes: 228 | LastEpReward: 41.520 | RecentReward: 41.275 | ActorLoss: -8.224982 | CriticLoss: 0.055604 | Q: 8.1975 | TargetQ: 8.1907 | TDAbs: 0.2284 | ActorGrad: 0.1557 | CriticGrad: 1.4726 | Noise: 0.0500 | Replay: 50000 | FPS: 25.91 | ETA: 21.4 min
2026-08-10 14:06:54,791 | INFO | Steps: 117248/150000 | Episodes: 229 | LastEpReward: 41.849 | RecentReward: 41.845 | ActorLoss: -8.090207 | CriticLoss: 0.056841 | Q: 8.0660 | TargetQ: 8.0628 | TDAbs: 0.2304 | ActorGrad: 0.1453 | CriticGrad: 1.3712 | Noise: 0.0500 | Replay: 50000 | FPS: 25.94 | ETA: 21.0 min
2026-08-10 14:07:10,966 | INFO | 开始周期评估: Steps=117760 | Episodes=230 | EvalEpisodes=5
2026-08-10 14:07:59,577 | INFO | 周期评估完成: Steps=117760 | MeanReward=46.224 | StdReward=3.838
2026-08-10 14:07:59,701 | INFO | Steps: 117760/150000 | Episodes: 230 | LastEpReward: 44.199 | RecentReward: 41.595 | ActorLoss: -8.194033 | CriticLoss: 0.055812 | Q: 8.1737 | TargetQ: 8.1681 | TDAbs: 0.2296 | ActorGrad: 0.1403 | CriticGrad: 1.4542 | Noise: 0.0500 | Replay: 50000 | FPS: 25.68 | ETA: 20.9 min
2026-08-10 14:08:14,869 | INFO | Steps: 118272/150000 | Episodes: 231 | LastEpReward: 49.274 | RecentReward: 42.927 | ActorLoss: -8.222951 | CriticLoss: 0.056551 | Q: 8.1992 | TargetQ: 8.1950 | TDAbs: 0.2292 | ActorGrad: 0.1490 | CriticGrad: 1.4279 | Noise: 0.0500 | Replay: 50000 | FPS: 25.71 | ETA: 20.6 min
2026-08-10 14:08:30,332 | INFO | Steps: 118784/150000 | Episodes: 232 | LastEpReward: 37.864 | RecentReward: 41.818 | ActorLoss: -8.188573 | CriticLoss: 0.059544 | Q: 8.1661 | TargetQ: 8.1638 | TDAbs: 0.2356 | ActorGrad: 0.1572 | CriticGrad: 1.4874 | Noise: 0.0500 | Replay: 50000 | FPS: 25.73 | ETA: 20.2 min
2026-08-10 14:08:45,992 | INFO | Steps: 119296/150000 | Episodes: 233 | LastEpReward: 32.571 | RecentReward: 40.859 | ActorLoss: -8.225048 | CriticLoss: 0.055918 | Q: 8.2052 | TargetQ: 8.2013 | TDAbs: 0.2284 | ActorGrad: 0.1672 | CriticGrad: 1.4442 | Noise: 0.0500 | Replay: 50000 | FPS: 25.76 | ETA: 19.9 min
2026-08-10 14:09:01,355 | INFO | Steps: 119808/150000 | Episodes: 234 | LastEpReward: 44.317 | RecentReward: 41.192 | ActorLoss: -8.183578 | CriticLoss: 0.058127 | Q: 8.1639 | TargetQ: 8.1635 | TDAbs: 0.2338 | ActorGrad: 0.1277 | CriticGrad: 1.5952 | Noise: 0.0500 | Replay: 50000 | FPS: 25.78 | ETA: 19.5 min
2026-08-10 14:09:18,902 | INFO | Steps: 120320/150000 | Episodes: 235 | LastEpReward: 45.869 | RecentReward: 42.411 | ActorLoss: -8.189661 | CriticLoss: 0.058794 | Q: 8.1693 | TargetQ: 8.1679 | TDAbs: 0.2374 | ActorGrad: 0.1456 | CriticGrad: 1.6100 | Noise: 0.0500 | Replay: 50000 | FPS: 25.80 | ETA: 19.2 min
2026-08-10 14:09:35,756 | INFO | Steps: 120832/150000 | Episodes: 236 | LastEpReward: 42.902 | RecentReward: 42.607 | ActorLoss: -8.273377 | CriticLoss: 0.056019 | Q: 8.2570 | TargetQ: 8.2507 | TDAbs: 0.2311 | ActorGrad: 0.1481 | CriticGrad: 1.6690 | Noise: 0.0500 | Replay: 50000 | FPS: 25.81 | ETA: 18.8 min
2026-08-10 14:09:51,609 | INFO | Steps: 121344/150000 | Episodes: 237 | LastEpReward: 43.553 | RecentReward: 42.392 | ActorLoss: -8.110518 | CriticLoss: 0.064837 | Q: 8.0948 | TargetQ: 8.0881 | TDAbs: 0.2396 | ActorGrad: 0.1403 | CriticGrad: 1.4412 | Noise: 0.0500 | Replay: 50000 | FPS: 25.83 | ETA: 18.5 min
2026-08-10 14:10:06,565 | INFO | Steps: 121856/150000 | Episodes: 238 | LastEpReward: 52.297 | RecentReward: 43.470 | ActorLoss: -8.168729 | CriticLoss: 0.059875 | Q: 8.1537 | TargetQ: 8.1542 | TDAbs: 0.2386 | ActorGrad: 0.1892 | CriticGrad: 1.6556 | Noise: 0.0500 | Replay: 50000 | FPS: 25.86 | ETA: 18.1 min
2026-08-10 14:10:21,421 | INFO | Steps: 122368/150000 | Episodes: 239 | LastEpReward: 37.122 | RecentReward: 42.997 | ActorLoss: -8.197083 | CriticLoss: 0.061739 | Q: 8.1823 | TargetQ: 8.1782 | TDAbs: 0.2381 | ActorGrad: 0.1828 | CriticGrad: 1.5226 | Noise: 0.0500 | Replay: 50000 | FPS: 25.89 | ETA: 17.8 min
2026-08-10 14:10:36,965 | INFO | 开始周期评估: Steps=122880 | Episodes=240 | EvalEpisodes=5
2026-08-10 14:11:21,418 | INFO | 周期评估完成: Steps=122880 | MeanReward=46.264 | StdReward=4.706
2026-08-10 14:11:21,557 | INFO | Steps: 122880/150000 | Episodes: 240 | LastEpReward: 47.241 | RecentReward: 43.301 | ActorLoss: -8.218413 | CriticLoss: 0.060736 | Q: 8.2039 | TargetQ: 8.2041 | TDAbs: 0.2372 | ActorGrad: 0.1640 | CriticGrad: 1.4850 | Noise: 0.0500 | Replay: 50000 | FPS: 25.67 | ETA: 17.6 min
2026-08-10 14:11:39,258 | INFO | Steps: 123392/150000 | Episodes: 241 | LastEpReward: 52.075 | RecentReward: 43.581 | ActorLoss: -8.147146 | CriticLoss: 0.060584 | Q: 8.1302 | TargetQ: 8.1275 | TDAbs: 0.2375 | ActorGrad: 0.1794 | CriticGrad: 1.5224 | Noise: 0.0500 | Replay: 50000 | FPS: 25.68 | ETA: 17.3 min
2026-08-10 14:11:55,634 | INFO | Steps: 123904/150000 | Episodes: 242 | LastEpReward: 37.052 | RecentReward: 43.500 | ActorLoss: -8.193076 | CriticLoss: 0.056375 | Q: 8.1765 | TargetQ: 8.1697 | TDAbs: 0.2324 | ActorGrad: 0.1757 | CriticGrad: 1.6183 | Noise: 0.0500 | Replay: 50000 | FPS: 25.70 | ETA: 16.9 min
2026-08-10 14:12:12,575 | INFO | Steps: 124416/150000 | Episodes: 243 | LastEpReward: 28.499 | RecentReward: 43.093 | ActorLoss: -8.075453 | CriticLoss: 0.062701 | Q: 8.0623 | TargetQ: 8.0565 | TDAbs: 0.2396 | ActorGrad: 0.1505 | CriticGrad: 1.5082 | Noise: 0.0500 | Replay: 50000 | FPS: 25.72 | ETA: 16.6 min
2026-08-10 14:12:28,530 | INFO | Steps: 124928/150000 | Episodes: 244 | LastEpReward: 40.776 | RecentReward: 42.739 | ActorLoss: -8.189703 | CriticLoss: 0.065913 | Q: 8.1737 | TargetQ: 8.1684 | TDAbs: 0.2454 | ActorGrad: 0.1664 | CriticGrad: 1.5558 | Noise: 0.0500 | Replay: 50000 | FPS: 25.74 | ETA: 16.2 min
2026-08-10 14:12:45,445 | INFO | Steps: 125440/150000 | Episodes: 245 | LastEpReward: 42.681 | RecentReward: 42.420 | ActorLoss: -8.116875 | CriticLoss: 0.063615 | Q: 8.1014 | TargetQ: 8.0975 | TDAbs: 0.2412 | ActorGrad: 0.1577 | CriticGrad: 1.4942 | Noise: 0.0500 | Replay: 50000 | FPS: 25.75 | ETA: 15.9 min
2026-08-10 14:13:01,142 | INFO | Steps: 125952/150000 | Episodes: 246 | LastEpReward: 40.571 | RecentReward: 42.187 | ActorLoss: -8.129990 | CriticLoss: 0.068277 | Q: 8.1112 | TargetQ: 8.1069 | TDAbs: 0.2473 | ActorGrad: 0.1634 | CriticGrad: 1.4559 | Noise: 0.0500 | Replay: 50000 | FPS: 25.78 | ETA: 15.5 min
2026-08-10 14:13:15,840 | INFO | Steps: 126464/150000 | Episodes: 247 | LastEpReward: 42.266 | RecentReward: 42.058 | ActorLoss: -8.042323 | CriticLoss: 0.068872 | Q: 8.0330 | TargetQ: 8.0267 | TDAbs: 0.2504 | ActorGrad: 0.1499 | CriticGrad: 1.7092 | Noise: 0.0500 | Replay: 50000 | FPS: 25.80 | ETA: 15.2 min
2026-08-10 14:13:32,260 | INFO | Steps: 126976/150000 | Episodes: 248 | LastEpReward: 32.076 | RecentReward: 40.036 | ActorLoss: -7.987687 | CriticLoss: 0.068774 | Q: 7.9795 | TargetQ: 7.9770 | TDAbs: 0.2472 | ActorGrad: 0.1108 | CriticGrad: 1.6127 | Noise: 0.0500 | Replay: 50000 | FPS: 25.82 | ETA: 14.9 min
2026-08-10 14:13:47,531 | INFO | Steps: 127488/150000 | Episodes: 249 | LastEpReward: 42.136 | RecentReward: 40.537 | ActorLoss: -8.050869 | CriticLoss: 0.067900 | Q: 8.0408 | TargetQ: 8.0362 | TDAbs: 0.2456 | ActorGrad: 0.1598 | CriticGrad: 1.5991 | Noise: 0.0500 | Replay: 50000 | FPS: 25.84 | ETA: 14.5 min
2026-08-10 14:14:04,233 | INFO | 开始周期评估: Steps=128000 | Episodes=250 | EvalEpisodes=5
2026-08-10 14:14:55,346 | INFO | 周期评估完成: Steps=128000 | MeanReward=44.346 | StdReward=6.251
2026-08-10 14:14:55,367 | INFO | Steps: 128000/150000 | Episodes: 250 | LastEpReward: 38.150 | RecentReward: 39.628 | ActorLoss: -8.090679 | CriticLoss: 0.069242 | Q: 8.0813 | TargetQ: 8.0792 | TDAbs: 0.2474 | ActorGrad: 0.1814 | CriticGrad: 1.6333 | Noise: 0.0500 | Replay: 50000 | FPS: 25.60 | ETA: 14.3 min
2026-08-10 14:15:11,738 | INFO | Steps: 128512/150000 | Episodes: 251 | LastEpReward: 42.218 | RecentReward: 38.642 | ActorLoss: -7.994928 | CriticLoss: 0.065294 | Q: 7.9848 | TargetQ: 7.9831 | TDAbs: 0.2459 | ActorGrad: 0.1695 | CriticGrad: 1.7367 | Noise: 0.0500 | Replay: 50000 | FPS: 25.61 | ETA: 14.0 min
2026-08-10 14:15:26,737 | INFO | Steps: 129024/150000 | Episodes: 252 | LastEpReward: 44.651 | RecentReward: 39.402 | ActorLoss: -7.968970 | CriticLoss: 0.072228 | Q: 7.9588 | TargetQ: 7.9533 | TDAbs: 0.2542 | ActorGrad: 0.1521 | CriticGrad: 1.7432 | Noise: 0.0500 | Replay: 50000 | FPS: 25.64 | ETA: 13.6 min
2026-08-10 14:15:42,075 | INFO | Steps: 129536/150000 | Episodes: 253 | LastEpReward: 45.631 | RecentReward: 41.116 | ActorLoss: -7.931062 | CriticLoss: 0.069506 | Q: 7.9174 | TargetQ: 7.9112 | TDAbs: 0.2493 | ActorGrad: 0.1778 | CriticGrad: 1.6462 | Noise: 0.0500 | Replay: 50000 | FPS: 25.66 | ETA: 13.3 min
2026-08-10 14:15:58,736 | INFO | Steps: 130048/150000 | Episodes: 254 | LastEpReward: 37.095 | RecentReward: 40.748 | ActorLoss: -8.037274 | CriticLoss: 0.074928 | Q: 8.0263 | TargetQ: 8.0206 | TDAbs: 0.2570 | ActorGrad: 0.1577 | CriticGrad: 1.6739 | Noise: 0.0500 | Replay: 50000 | FPS: 25.68 | ETA: 12.9 min
2026-08-10 14:16:14,645 | INFO | Steps: 130560/150000 | Episodes: 255 | LastEpReward: 48.169 | RecentReward: 41.296 | ActorLoss: -7.897781 | CriticLoss: 0.070715 | Q: 7.8889 | TargetQ: 7.8862 | TDAbs: 0.2535 | ActorGrad: 0.1306 | CriticGrad: 1.6562 | Noise: 0.0500 | Replay: 50000 | FPS: 25.70 | ETA: 12.6 min
2026-08-10 14:16:30,038 | INFO | Steps: 131072/150000 | Episodes: 256 | LastEpReward: 34.185 | RecentReward: 40.658 | ActorLoss: -7.934541 | CriticLoss: 0.076394 | Q: 7.9231 | TargetQ: 7.9166 | TDAbs: 0.2588 | ActorGrad: 0.1837 | CriticGrad: 1.7990 | Noise: 0.0500 | Replay: 50000 | FPS: 25.72 | ETA: 12.3 min
2026-08-10 14:16:45,658 | INFO | Steps: 131584/150000 | Episodes: 257 | LastEpReward: 51.095 | RecentReward: 41.541 | ActorLoss: -7.852305 | CriticLoss: 0.071197 | Q: 7.8387 | TargetQ: 7.8394 | TDAbs: 0.2521 | ActorGrad: 0.1871 | CriticGrad: 1.5925 | Noise: 0.0500 | Replay: 50000 | FPS: 25.75 | ETA: 11.9 min
2026-08-10 14:17:02,682 | INFO | Steps: 132096/150000 | Episodes: 258 | LastEpReward: 46.194 | RecentReward: 42.952 | ActorLoss: -7.971244 | CriticLoss: 0.072767 | Q: 7.9546 | TargetQ: 7.9466 | TDAbs: 0.2554 | ActorGrad: 0.1561 | CriticGrad: 1.6575 | Noise: 0.0500 | Replay: 50000 | FPS: 25.76 | ETA: 11.6 min
2026-08-10 14:17:17,953 | INFO | Steps: 132608/150000 | Episodes: 259 | LastEpReward: 39.286 | RecentReward: 42.667 | ActorLoss: -7.862317 | CriticLoss: 0.073525 | Q: 7.8473 | TargetQ: 7.8439 | TDAbs: 0.2545 | ActorGrad: 0.1811 | CriticGrad: 1.7538 | Noise: 0.0500 | Replay: 50000 | FPS: 25.78 | ETA: 11.2 min
2026-08-10 14:17:34,847 | INFO | 开始周期评估: Steps=133120 | Episodes=260 | EvalEpisodes=5
2026-08-10 14:18:20,757 | INFO | 周期评估完成: Steps=133120 | MeanReward=43.423 | StdReward=6.362
2026-08-10 14:18:20,771 | INFO | Steps: 133120/150000 | Episodes: 260 | LastEpReward: 33.261 | RecentReward: 42.178 | ActorLoss: -7.915850 | CriticLoss: 0.074137 | Q: 7.9052 | TargetQ: 7.9037 | TDAbs: 0.2579 | ActorGrad: 0.1188 | CriticGrad: 1.6625 | Noise: 0.0500 | Replay: 50000 | FPS: 25.57 | ETA: 11.0 min
2026-08-10 14:18:36,457 | INFO | Steps: 133632/150000 | Episodes: 261 | LastEpReward: 31.973 | RecentReward: 41.154 | ActorLoss: -7.918268 | CriticLoss: 0.066821 | Q: 7.9091 | TargetQ: 7.9112 | TDAbs: 0.2491 | ActorGrad: 0.1785 | CriticGrad: 1.6760 | Noise: 0.0500 | Replay: 50000 | FPS: 25.59 | ETA: 10.7 min
2026-08-10 14:18:53,182 | INFO | Steps: 134144/150000 | Episodes: 262 | LastEpReward: 36.432 | RecentReward: 40.332 | ActorLoss: -7.899638 | CriticLoss: 0.071970 | Q: 7.8921 | TargetQ: 7.8918 | TDAbs: 0.2545 | ActorGrad: 0.0323 | CriticGrad: 1.7350 | Noise: 0.0500 | Replay: 50000 | FPS: 25.61 | ETA: 10.3 min
2026-08-10 14:19:09,159 | INFO | Steps: 134656/150000 | Episodes: 263 | LastEpReward: 24.170 | RecentReward: 38.186 | ActorLoss: -7.904783 | CriticLoss: 0.075140 | Q: 7.8930 | TargetQ: 7.8905 | TDAbs: 0.2566 | ActorGrad: 0.0250 | CriticGrad: 1.7893 | Noise: 0.0500 | Replay: 50000 | FPS: 25.63 | ETA: 10.0 min
2026-08-10 14:19:25,452 | INFO | Steps: 135168/150000 | Episodes: 264 | LastEpReward: 23.890 | RecentReward: 36.865 | ActorLoss: -7.907667 | CriticLoss: 0.074220 | Q: 7.8927 | TargetQ: 7.8888 | TDAbs: 0.2550 | ActorGrad: 0.1984 | CriticGrad: 1.6670 | Noise: 0.0500 | Replay: 50000 | FPS: 25.64 | ETA: 9.6 min
2026-08-10 14:19:41,443 | INFO | Steps: 135680/150000 | Episodes: 265 | LastEpReward: 44.710 | RecentReward: 36.520 | ActorLoss: -7.791117 | CriticLoss: 0.069992 | Q: 7.7653 | TargetQ: 7.7621 | TDAbs: 0.2515 | ActorGrad: 0.3047 | CriticGrad: 1.6512 | Noise: 0.0500 | Replay: 50000 | FPS: 25.66 | ETA: 9.3 min
2026-08-10 14:19:56,571 | INFO | Steps: 136192/150000 | Episodes: 266 | LastEpReward: 34.439 | RecentReward: 36.545 | ActorLoss: -7.939439 | CriticLoss: 0.108809 | Q: 7.9097 | TargetQ: 7.9044 | TDAbs: 0.3344 | ActorGrad: 0.3764 | CriticGrad: 2.0467 | Noise: 0.0500 | Replay: 50000 | FPS: 25.69 | ETA: 9.0 min
2026-08-10 14:20:11,817 | INFO | Steps: 136704/150000 | Episodes: 267 | LastEpReward: 23.774 | RecentReward: 33.813 | ActorLoss: -7.960429 | CriticLoss: 0.135607 | Q: 7.9192 | TargetQ: 7.9132 | TDAbs: 0.3734 | ActorGrad: 0.3288 | CriticGrad: 2.1085 | Noise: 0.0500 | Replay: 50000 | FPS: 25.71 | ETA: 8.6 min
2026-08-10 14:20:26,774 | INFO | Steps: 137216/150000 | Episodes: 268 | LastEpReward: 23.178 | RecentReward: 31.511 | ActorLoss: -8.265270 | CriticLoss: 0.144840 | Q: 8.1201 | TargetQ: 8.1097 | TDAbs: 0.3932 | ActorGrad: 0.2617 | CriticGrad: 2.0794 | Noise: 0.0500 | Replay: 50000 | FPS: 25.73 | ETA: 8.3 min
2026-08-10 14:20:41,621 | INFO | Steps: 137728/150000 | Episodes: 269 | LastEpReward: 30.111 | RecentReward: 30.594 | ActorLoss: -8.898193 | CriticLoss: 0.141423 | Q: 8.6160 | TargetQ: 8.6150 | TDAbs: 0.3931 | ActorGrad: 0.0295 | CriticGrad: 2.0118 | Noise: 0.0500 | Replay: 50000 | FPS: 25.76 | ETA: 7.9 min
2026-08-10 14:20:56,406 | INFO | 开始周期评估: Steps=138240 | Episodes=270 | EvalEpisodes=5
2026-08-10 14:21:47,118 | INFO | 周期评估完成: Steps=138240 | MeanReward=32.840 | StdReward=1.307
2026-08-10 14:21:47,136 | INFO | Steps: 138240/150000 | Episodes: 270 | LastEpReward: 35.903 | RecentReward: 30.858 | ActorLoss: -9.636395 | CriticLoss: 0.146098 | Q: 9.3308 | TargetQ: 9.3199 | TDAbs: 0.3980 | ActorGrad: 0.0360 | CriticGrad: 2.2570 | Noise: 0.0500 | Replay: 50000 | FPS: 25.54 | ETA: 7.7 min
2026-08-10 14:22:05,541 | INFO | Steps: 138752/150000 | Episodes: 271 | LastEpReward: 34.572 | RecentReward: 31.118 | ActorLoss: -10.250764 | CriticLoss: 0.147439 | Q: 9.9901 | TargetQ: 9.9830 | TDAbs: 0.4010 | ActorGrad: 0.0424 | CriticGrad: 2.6323 | Noise: 0.0500 | Replay: 50000 | FPS: 25.55 | ETA: 7.3 min
2026-08-10 14:22:22,980 | INFO | Steps: 139264/150000 | Episodes: 272 | LastEpReward: 32.150 | RecentReward: 30.690 | ActorLoss: -10.541160 | CriticLoss: 0.165724 | Q: 10.3852 | TargetQ: 10.3747 | TDAbs: 0.4282 | ActorGrad: 0.0740 | CriticGrad: 2.4574 | Noise: 0.0500 | Replay: 50000 | FPS: 25.56 | ETA: 7.0 min
2026-08-10 14:22:38,155 | INFO | Steps: 139776/150000 | Episodes: 273 | LastEpReward: 11.159 | RecentReward: 29.389 | ActorLoss: -10.143394 | CriticLoss: 0.172934 | Q: 10.2492 | TargetQ: 10.2437 | TDAbs: 0.4412 | ActorGrad: 0.1203 | CriticGrad: 2.4414 | Noise: 0.0500 | Replay: 50000 | FPS: 25.58 | ETA: 6.7 min
2026-08-10 14:22:52,834 | INFO | Steps: 140288/150000 | Episodes: 274 | LastEpReward: 32.199 | RecentReward: 30.220 | ActorLoss: -9.609457 | CriticLoss: 0.153041 | Q: 9.7737 | TargetQ: 9.7693 | TDAbs: 0.4079 | ActorGrad: 0.0971 | CriticGrad: 2.4079 | Noise: 0.0500 | Replay: 50000 | FPS: 25.61 | ETA: 6.3 min
2026-08-10 14:23:08,457 | INFO | Steps: 140800/150000 | Episodes: 275 | LastEpReward: 31.589 | RecentReward: 28.907 | ActorLoss: -9.203914 | CriticLoss: 0.141928 | Q: 9.2757 | TargetQ: 9.2668 | TDAbs: 0.3927 | ActorGrad: 0.0476 | CriticGrad: 2.2964 | Noise: 0.0500 | Replay: 50000 | FPS: 25.63 | ETA: 6.0 min
2026-08-10 14:23:24,178 | INFO | Steps: 141312/150000 | Episodes: 276 | LastEpReward: 38.366 | RecentReward: 29.300 | ActorLoss: -9.129204 | CriticLoss: 0.144795 | Q: 9.1094 | TargetQ: 9.1011 | TDAbs: 0.3953 | ActorGrad: 0.0569 | CriticGrad: 2.4809 | Noise: 0.0500 | Replay: 50000 | FPS: 25.65 | ETA: 5.6 min
2026-08-10 14:23:39,059 | INFO | Steps: 141824/150000 | Episodes: 277 | LastEpReward: 20.392 | RecentReward: 28.962 | ActorLoss: -9.130642 | CriticLoss: 0.154745 | Q: 9.0864 | TargetQ: 9.0798 | TDAbs: 0.4102 | ActorGrad: 0.0954 | CriticGrad: 2.4941 | Noise: 0.0500 | Replay: 50000 | FPS: 25.67 | ETA: 5.3 min
2026-08-10 14:23:53,875 | INFO | Steps: 142336/150000 | Episodes: 278 | LastEpReward: 16.368 | RecentReward: 28.281 | ActorLoss: -8.957442 | CriticLoss: 0.173086 | Q: 9.0325 | TargetQ: 9.0197 | TDAbs: 0.4347 | ActorGrad: 0.0378 | CriticGrad: 2.4383 | Noise: 0.0500 | Replay: 50000 | FPS: 25.70 | ETA: 5.0 min
2026-08-10 14:24:08,885 | INFO | Steps: 142848/150000 | Episodes: 279 | LastEpReward: 5.234 | RecentReward: 25.793 | ActorLoss: -8.681352 | CriticLoss: 0.158839 | Q: 8.7125 | TargetQ: 8.6956 | TDAbs: 0.4170 | ActorGrad: 0.0336 | CriticGrad: 2.9027 | Noise: 0.0500 | Replay: 50000 | FPS: 25.72 | ETA: 4.6 min
2026-08-10 14:24:25,057 | INFO | 开始周期评估: Steps=143360 | Episodes=280 | EvalEpisodes=5
2026-08-10 14:25:15,306 | INFO | 周期评估完成: Steps=143360 | MeanReward=10.635 | StdReward=8.691
2026-08-10 14:25:15,326 | INFO | Steps: 143360/150000 | Episodes: 280 | LastEpReward: 11.013 | RecentReward: 23.304 | ActorLoss: -8.613104 | CriticLoss: 0.137469 | Q: 8.5814 | TargetQ: 8.5754 | TDAbs: 0.3889 | ActorGrad: 0.0133 | CriticGrad: 2.1457 | Noise: 0.0500 | Replay: 50000 | FPS: 25.51 | ETA: 4.3 min
2026-08-10 14:25:32,542 | INFO | Steps: 143872/150000 | Episodes: 281 | LastEpReward: -2.864 | RecentReward: 19.561 | ActorLoss: -8.709088 | CriticLoss: 0.136717 | Q: 8.6461 | TargetQ: 8.6321 | TDAbs: 0.3831 | ActorGrad: 0.0119 | CriticGrad: 2.1287 | Noise: 0.0500 | Replay: 50000 | FPS: 25.52 | ETA: 4.0 min
2026-08-10 14:25:48,890 | INFO | Steps: 144384/150000 | Episodes: 282 | LastEpReward: 9.926 | RecentReward: 17.338 | ActorLoss: -8.589735 | CriticLoss: 0.120293 | Q: 8.6099 | TargetQ: 8.5977 | TDAbs: 0.3603 | ActorGrad: 0.0116 | CriticGrad: 1.8999 | Noise: 0.0500 | Replay: 50000 | FPS: 25.54 | ETA: 3.7 min
2026-08-10 14:26:03,060 | INFO | Steps: 144896/150000 | Episodes: 283 | LastEpReward: 8.688 | RecentReward: 17.091 | ActorLoss: -8.434024 | CriticLoss: 0.111339 | Q: 8.4805 | TargetQ: 8.4700 | TDAbs: 0.3456 | ActorGrad: 0.0479 | CriticGrad: 2.0014 | Noise: 0.0500 | Replay: 50000 | FPS: 25.56 | ETA: 3.3 min
2026-08-10 14:26:18,104 | INFO | Steps: 145408/150000 | Episodes: 284 | LastEpReward: 14.798 | RecentReward: 15.351 | ActorLoss: -8.213907 | CriticLoss: 0.100526 | Q: 8.2759 | TargetQ: 8.2693 | TDAbs: 0.3281 | ActorGrad: 0.0151 | CriticGrad: 1.8327 | Noise: 0.0500 | Replay: 50000 | FPS: 25.58 | ETA: 3.0 min
2026-08-10 14:26:36,667 | INFO | Steps: 145920/150000 | Episodes: 285 | LastEpReward: 3.720 | RecentReward: 12.564 | ActorLoss: -7.986618 | CriticLoss: 0.103225 | Q: 8.0362 | TargetQ: 8.0238 | TDAbs: 0.3266 | ActorGrad: 0.0072 | CriticGrad: 1.7858 | Noise: 0.0500 | Replay: 50000 | FPS: 25.59 | ETA: 2.7 min
2026-08-10 14:26:54,254 | INFO | Steps: 146432/150000 | Episodes: 286 | LastEpReward: 0.008 | RecentReward: 8.728 | ActorLoss: -7.744803 | CriticLoss: 0.093042 | Q: 7.8258 | TargetQ: 7.8181 | TDAbs: 0.3126 | ActorGrad: 0.0055 | CriticGrad: 1.6994 | Noise: 0.0500 | Replay: 50000 | FPS: 25.60 | ETA: 2.3 min
2026-08-10 14:27:10,058 | INFO | Steps: 146944/150000 | Episodes: 287 | LastEpReward: -1.262 | RecentReward: 6.563 | ActorLoss: -7.531418 | CriticLoss: 0.092217 | Q: 7.6279 | TargetQ: 7.6231 | TDAbs: 0.3091 | ActorGrad: 0.0228 | CriticGrad: 1.4787 | Noise: 0.0500 | Replay: 50000 | FPS: 25.62 | ETA: 2.0 min
2026-08-10 14:27:25,723 | INFO | Steps: 147456/150000 | Episodes: 288 | LastEpReward: 19.736 | RecentReward: 6.900 | ActorLoss: -7.521707 | CriticLoss: 0.084724 | Q: 7.5065 | TargetQ: 7.4964 | TDAbs: 0.2910 | ActorGrad: 0.0529 | CriticGrad: 1.4523 | Noise: 0.0500 | Replay: 50000 | FPS: 25.64 | ETA: 1.7 min
2026-08-10 14:27:40,013 | INFO | Steps: 147968/150000 | Episodes: 289 | LastEpReward: 20.561 | RecentReward: 8.432 | ActorLoss: -7.522045 | CriticLoss: 0.064231 | Q: 7.5078 | TargetQ: 7.5026 | TDAbs: 0.2515 | ActorGrad: 0.0218 | CriticGrad: 1.3000 | Noise: 0.0500 | Replay: 50000 | FPS: 25.66 | ETA: 1.3 min
2026-08-10 14:27:54,311 | INFO | 开始周期评估: Steps=148480 | Episodes=290 | EvalEpisodes=5
2026-08-10 14:28:41,930 | INFO | 周期评估完成: Steps=148480 | MeanReward=27.259 | StdReward=6.333
2026-08-10 14:28:41,944 | INFO | Steps: 148480/150000 | Episodes: 290 | LastEpReward: 33.093 | RecentReward: 10.640 | ActorLoss: -7.536465 | CriticLoss: 0.060784 | Q: 7.5215 | TargetQ: 7.5097 | TDAbs: 0.2409 | ActorGrad: 0.0133 | CriticGrad: 1.2944 | Noise: 0.0500 | Replay: 50000 | FPS: 25.48 | ETA: 1.0 min
2026-08-10 14:28:57,359 | INFO | Steps: 148992/150000 | Episodes: 291 | LastEpReward: 26.053 | RecentReward: 13.532 | ActorLoss: -7.545654 | CriticLoss: 0.052112 | Q: 7.5306 | TargetQ: 7.5242 | TDAbs: 0.2252 | ActorGrad: 0.0091 | CriticGrad: 1.2079 | Noise: 0.0500 | Replay: 50000 | FPS: 25.50 | ETA: 0.7 min
2026-08-10 14:29:12,399 | INFO | Steps: 149504/150000 | Episodes: 292 | LastEpReward: 31.125 | RecentReward: 15.652 | ActorLoss: -7.499290 | CriticLoss: 0.049974 | Q: 7.4867 | TargetQ: 7.4796 | TDAbs: 0.2171 | ActorGrad: 0.0043 | CriticGrad: 1.0293 | Noise: 0.0500 | Replay: 50000 | FPS: 25.52 | ETA: 0.3 min
2026-08-10 14:29:26,279 | INFO | Steps: 150000/150000 | Episodes: 292 | LastEpReward: 31.125 | RecentReward: 15.652 | ActorLoss: -7.473323 | CriticLoss: 0.046152 | Q: 7.4559 | TargetQ: 7.4525 | TDAbs: 0.2110 | ActorGrad: 0.0093 | CriticGrad: 1.0273 | Noise: 0.0500 | Replay: 50000 | FPS: 25.55 | ETA: 0.0 min
2026-08-10 14:31:00,407 | INFO | MADDPG 训练与评估完成，最佳权重: /home/pjpjq/LEO_switch/results/baseline_compare/multiuser_scaling_multiuser_single_seed_150k_20260804/u20/learned_baselines/maddpg/maddpg_model.pt
