2026-09-19 03:00:32,064 | INFO | ============================================================
2026-09-19 03:00:32,064 | INFO | 开始训练纯 PDQN 基线
2026-09-19 03:00:32,064 | INFO | 总步数: 150000 | warmup: 1000 | batch: 128 | 日志间隔: 512 steps | 保存间隔: 50000 steps | device: cuda
2026-09-19 03:00:32,064 | INFO | ============================================================
2026-09-19 03:00:42,767 | INFO | Steps: 512/150000 | Episodes: 1 | CurrentEpReward: 0.000 | RecentReward: -26.227 | QLoss: 0.000000 | ParamLoss: 0.000000 | Epsilon: 1.0000 | Replay: 512
2026-09-19 03:00:54,840 | INFO | Steps: 1024/150000 | Episodes: 2 | CurrentEpReward: 0.000 | RecentReward: -26.883 | QLoss: 0.190849 | ParamLoss: 0.007446 | Epsilon: 0.9993 | Replay: 1024
2026-09-19 03:01:25,095 | INFO | Steps: 1536/150000 | Episodes: 3 | CurrentEpReward: 0.000 | RecentReward: -26.541 | QLoss: 0.179057 | ParamLoss: 0.000536 | Epsilon: 0.9860 | Replay: 1536
2026-09-19 03:01:55,146 | INFO | Steps: 2048/150000 | Episodes: 4 | CurrentEpReward: 0.000 | RecentReward: -25.312 | QLoss: 0.189626 | ParamLoss: -0.000049 | Epsilon: 0.9726 | Replay: 2048
2026-09-19 03:02:25,571 | INFO | Steps: 2560/150000 | Episodes: 5 | CurrentEpReward: 0.000 | RecentReward: -23.343 | QLoss: 0.189870 | ParamLoss: -0.001974 | Epsilon: 0.9592 | Replay: 2560
2026-09-19 03:02:55,758 | INFO | Steps: 3072/150000 | Episodes: 6 | CurrentEpReward: 0.000 | RecentReward: -23.166 | QLoss: 0.193231 | ParamLoss: -0.002584 | Epsilon: 0.9458 | Replay: 3072
2026-09-19 03:03:25,775 | INFO | Steps: 3584/150000 | Episodes: 7 | CurrentEpReward: 0.000 | RecentReward: -22.735 | QLoss: 0.193010 | ParamLoss: -0.004982 | Epsilon: 0.9324 | Replay: 3584
2026-09-19 03:03:55,309 | INFO | Steps: 4096/150000 | Episodes: 8 | CurrentEpReward: 0.000 | RecentReward: -22.062 | QLoss: 0.191690 | ParamLoss: -0.010612 | Epsilon: 0.9191 | Replay: 4096
2026-09-19 03:04:25,205 | INFO | Steps: 4608/150000 | Episodes: 9 | CurrentEpReward: 0.000 | RecentReward: -21.703 | QLoss: 0.195675 | ParamLoss: -0.012578 | Epsilon: 0.9057 | Replay: 4608
2026-09-19 03:04:55,316 | INFO | Steps: 5120/150000 | Episodes: 10 | CurrentEpReward: 0.000 | RecentReward: -20.927 | QLoss: 0.194868 | ParamLoss: -0.015849 | Epsilon: 0.8923 | Replay: 5120
2026-09-19 03:05:25,314 | INFO | Steps: 5632/150000 | Episodes: 11 | CurrentEpReward: 0.000 | RecentReward: -20.351 | QLoss: 0.197060 | ParamLoss: -0.015037 | Epsilon: 0.8789 | Replay: 5632
2026-09-19 03:05:56,444 | INFO | Steps: 6144/150000 | Episodes: 12 | CurrentEpReward: 0.000 | RecentReward: -20.208 | QLoss: 0.200073 | ParamLoss: -0.022810 | Epsilon: 0.8655 | Replay: 6144
2026-09-19 03:06:26,620 | INFO | Steps: 6656/150000 | Episodes: 13 | CurrentEpReward: 0.000 | RecentReward: -19.322 | QLoss: 0.203672 | ParamLoss: -0.026280 | Epsilon: 0.8522 | Replay: 6656
2026-09-19 03:06:56,301 | INFO | Steps: 7168/150000 | Episodes: 14 | CurrentEpReward: 0.000 | RecentReward: -18.836 | QLoss: 0.202224 | ParamLoss: -0.030341 | Epsilon: 0.8388 | Replay: 7168
2026-09-19 03:07:26,084 | INFO | Steps: 7680/150000 | Episodes: 15 | CurrentEpReward: 0.000 | RecentReward: -18.974 | QLoss: 0.205046 | ParamLoss: -0.031473 | Epsilon: 0.8254 | Replay: 7680
2026-09-19 03:07:56,720 | INFO | Steps: 8192/150000 | Episodes: 16 | CurrentEpReward: 0.000 | RecentReward: -17.620 | QLoss: 0.202819 | ParamLoss: -0.033576 | Epsilon: 0.8120 | Replay: 8192
2026-09-19 03:08:26,100 | INFO | Steps: 8704/150000 | Episodes: 17 | CurrentEpReward: 0.000 | RecentReward: -16.111 | QLoss: 0.204665 | ParamLoss: -0.040363 | Epsilon: 0.7986 | Replay: 8704
2026-09-19 03:08:56,756 | INFO | Steps: 9216/150000 | Episodes: 18 | CurrentEpReward: 0.000 | RecentReward: -15.444 | QLoss: 0.206307 | ParamLoss: -0.045074 | Epsilon: 0.7853 | Replay: 9216
2026-09-19 03:09:27,975 | INFO | Steps: 9728/150000 | Episodes: 19 | CurrentEpReward: 0.000 | RecentReward: -15.550 | QLoss: 0.208239 | ParamLoss: -0.047414 | Epsilon: 0.7719 | Replay: 9728
2026-09-19 03:10:01,087 | INFO | Steps: 10240/150000 | Episodes: 20 | CurrentEpReward: 0.000 | RecentReward: -15.834 | QLoss: 0.213537 | ParamLoss: -0.048790 | Epsilon: 0.7585 | Replay: 10240
2026-09-19 03:10:33,328 | INFO | Steps: 10752/150000 | Episodes: 21 | CurrentEpReward: 0.000 | RecentReward: -15.781 | QLoss: 0.211792 | ParamLoss: -0.051218 | Epsilon: 0.7451 | Replay: 10752
2026-09-19 03:11:05,057 | INFO | Steps: 11264/150000 | Episodes: 22 | CurrentEpReward: 0.000 | RecentReward: -14.086 | QLoss: 0.213396 | ParamLoss: -0.050824 | Epsilon: 0.7317 | Replay: 11264
2026-09-19 03:11:37,893 | INFO | Steps: 11776/150000 | Episodes: 23 | CurrentEpReward: 0.000 | RecentReward: -13.547 | QLoss: 0.211862 | ParamLoss: -0.052148 | Epsilon: 0.7184 | Replay: 11776
2026-09-19 03:12:10,934 | INFO | Steps: 12288/150000 | Episodes: 24 | CurrentEpReward: 0.000 | RecentReward: -13.075 | QLoss: 0.214818 | ParamLoss: -0.053498 | Epsilon: 0.7050 | Replay: 12288
2026-09-19 03:12:43,645 | INFO | Steps: 12800/150000 | Episodes: 25 | CurrentEpReward: 0.000 | RecentReward: -12.089 | QLoss: 0.223029 | ParamLoss: -0.062764 | Epsilon: 0.6916 | Replay: 12800
2026-09-19 03:13:18,772 | INFO | Steps: 13312/150000 | Episodes: 26 | CurrentEpReward: 0.000 | RecentReward: -12.274 | QLoss: 0.221521 | ParamLoss: -0.061510 | Epsilon: 0.6782 | Replay: 13312
2026-09-19 03:13:51,917 | INFO | Steps: 13824/150000 | Episodes: 27 | CurrentEpReward: 0.000 | RecentReward: -12.605 | QLoss: 0.220550 | ParamLoss: -0.066028 | Epsilon: 0.6648 | Replay: 13824
2026-09-19 03:14:23,873 | INFO | Steps: 14336/150000 | Episodes: 28 | CurrentEpReward: 0.000 | RecentReward: -12.059 | QLoss: 0.221141 | ParamLoss: -0.069357 | Epsilon: 0.6515 | Replay: 14336
2026-09-19 03:14:54,528 | INFO | Steps: 14848/150000 | Episodes: 29 | CurrentEpReward: 0.000 | RecentReward: -10.916 | QLoss: 0.224699 | ParamLoss: -0.069663 | Epsilon: 0.6381 | Replay: 14848
2026-09-19 03:15:24,018 | INFO | Steps: 15360/150000 | Episodes: 30 | CurrentEpReward: 0.000 | RecentReward: -9.689 | QLoss: 0.227208 | ParamLoss: -0.070460 | Epsilon: 0.6247 | Replay: 15360
2026-09-19 03:15:53,548 | INFO | Steps: 15872/150000 | Episodes: 31 | CurrentEpReward: 0.000 | RecentReward: -9.071 | QLoss: 0.225122 | ParamLoss: -0.077980 | Epsilon: 0.6113 | Replay: 15872
2026-09-19 03:16:22,734 | INFO | Steps: 16384/150000 | Episodes: 32 | CurrentEpReward: 0.000 | RecentReward: -9.300 | QLoss: 0.228262 | ParamLoss: -0.078786 | Epsilon: 0.5979 | Replay: 16384
2026-09-19 03:16:52,298 | INFO | Steps: 16896/150000 | Episodes: 33 | CurrentEpReward: 0.000 | RecentReward: -8.975 | QLoss: 0.227986 | ParamLoss: -0.080481 | Epsilon: 0.5846 | Replay: 16896
2026-09-19 03:17:22,283 | INFO | Steps: 17408/150000 | Episodes: 34 | CurrentEpReward: 0.000 | RecentReward: -8.377 | QLoss: 0.229366 | ParamLoss: -0.085050 | Epsilon: 0.5712 | Replay: 17408
2026-09-19 03:17:52,801 | INFO | Steps: 17920/150000 | Episodes: 35 | CurrentEpReward: 0.000 | RecentReward: -7.502 | QLoss: 0.237606 | ParamLoss: -0.092972 | Epsilon: 0.5578 | Replay: 17920
2026-09-19 03:18:22,521 | INFO | Steps: 18432/150000 | Episodes: 36 | CurrentEpReward: 0.000 | RecentReward: -6.701 | QLoss: 0.235864 | ParamLoss: -0.098708 | Epsilon: 0.5444 | Replay: 18432
2026-09-19 03:18:52,282 | INFO | Steps: 18944/150000 | Episodes: 37 | CurrentEpReward: 0.000 | RecentReward: -6.304 | QLoss: 0.247068 | ParamLoss: -0.102286 | Epsilon: 0.5310 | Replay: 18944
2026-09-19 03:19:22,122 | INFO | Steps: 19456/150000 | Episodes: 38 | CurrentEpReward: 0.000 | RecentReward: -6.777 | QLoss: 0.251230 | ParamLoss: -0.102936 | Epsilon: 0.5177 | Replay: 19456
2026-09-19 03:19:52,584 | INFO | Steps: 19968/150000 | Episodes: 39 | CurrentEpReward: 0.000 | RecentReward: -5.602 | QLoss: 0.244671 | ParamLoss: -0.107208 | Epsilon: 0.5043 | Replay: 19968
2026-09-19 03:20:22,213 | INFO | Steps: 20480/150000 | Episodes: 40 | CurrentEpReward: 0.000 | RecentReward: -5.993 | QLoss: 0.254096 | ParamLoss: -0.113395 | Epsilon: 0.4909 | Replay: 20480
2026-09-19 03:20:51,789 | INFO | Steps: 20992/150000 | Episodes: 41 | CurrentEpReward: 0.000 | RecentReward: -4.225 | QLoss: 0.248751 | ParamLoss: -0.113218 | Epsilon: 0.4775 | Replay: 20992
2026-09-19 03:21:21,806 | INFO | Steps: 21504/150000 | Episodes: 42 | CurrentEpReward: 0.000 | RecentReward: -3.085 | QLoss: 0.246416 | ParamLoss: -0.117790 | Epsilon: 0.4641 | Replay: 21504
2026-09-19 03:21:51,774 | INFO | Steps: 22016/150000 | Episodes: 43 | CurrentEpReward: 0.000 | RecentReward: -1.504 | QLoss: 0.249769 | ParamLoss: -0.122772 | Epsilon: 0.4508 | Replay: 22016
2026-09-19 03:22:21,537 | INFO | Steps: 22528/150000 | Episodes: 44 | CurrentEpReward: 0.000 | RecentReward: -0.690 | QLoss: 0.255898 | ParamLoss: -0.128567 | Epsilon: 0.4374 | Replay: 22528
2026-09-19 03:22:51,302 | INFO | Steps: 23040/150000 | Episodes: 45 | CurrentEpReward: 0.000 | RecentReward: -0.797 | QLoss: 0.252700 | ParamLoss: -0.129397 | Epsilon: 0.4240 | Replay: 23040
2026-09-19 03:23:21,110 | INFO | Steps: 23552/150000 | Episodes: 46 | CurrentEpReward: 0.000 | RecentReward: -0.149 | QLoss: 0.259640 | ParamLoss: -0.132454 | Epsilon: 0.4106 | Replay: 23552
2026-09-19 03:23:51,274 | INFO | Steps: 24064/150000 | Episodes: 47 | CurrentEpReward: 0.000 | RecentReward: 0.882 | QLoss: 0.266304 | ParamLoss: -0.136427 | Epsilon: 0.3972 | Replay: 24064
2026-09-19 03:24:21,569 | INFO | Steps: 24576/150000 | Episodes: 48 | CurrentEpReward: 0.000 | RecentReward: 2.614 | QLoss: 0.256238 | ParamLoss: -0.134579 | Epsilon: 0.3839 | Replay: 24576
2026-09-19 03:24:51,540 | INFO | Steps: 25088/150000 | Episodes: 49 | CurrentEpReward: 0.000 | RecentReward: 2.973 | QLoss: 0.262883 | ParamLoss: -0.139772 | Epsilon: 0.3705 | Replay: 25088
2026-09-19 03:25:21,162 | INFO | Steps: 25600/150000 | Episodes: 50 | CurrentEpReward: 0.000 | RecentReward: 4.277 | QLoss: 0.265022 | ParamLoss: -0.144539 | Epsilon: 0.3571 | Replay: 25600
2026-09-19 03:25:50,958 | INFO | Steps: 26112/150000 | Episodes: 51 | CurrentEpReward: 0.000 | RecentReward: 4.617 | QLoss: 0.269674 | ParamLoss: -0.141174 | Epsilon: 0.3437 | Replay: 26112
2026-09-19 03:26:20,973 | INFO | Steps: 26624/150000 | Episodes: 52 | CurrentEpReward: 0.000 | RecentReward: 5.881 | QLoss: 0.272841 | ParamLoss: -0.146059 | Epsilon: 0.3303 | Replay: 26624
2026-09-19 03:26:50,965 | INFO | Steps: 27136/150000 | Episodes: 53 | CurrentEpReward: 0.000 | RecentReward: 6.243 | QLoss: 0.262907 | ParamLoss: -0.148576 | Epsilon: 0.3170 | Replay: 27136
2026-09-19 03:27:20,850 | INFO | Steps: 27648/150000 | Episodes: 54 | CurrentEpReward: 0.000 | RecentReward: 7.029 | QLoss: 0.273665 | ParamLoss: -0.149960 | Epsilon: 0.3036 | Replay: 27648
2026-09-19 03:27:50,692 | INFO | Steps: 28160/150000 | Episodes: 55 | CurrentEpReward: 0.000 | RecentReward: 8.490 | QLoss: 0.263041 | ParamLoss: -0.153837 | Epsilon: 0.2902 | Replay: 28160
2026-09-19 03:28:20,993 | INFO | Steps: 28672/150000 | Episodes: 56 | CurrentEpReward: 0.000 | RecentReward: 10.555 | QLoss: 0.271408 | ParamLoss: -0.159263 | Epsilon: 0.2768 | Replay: 28672
2026-09-19 03:28:51,921 | INFO | Steps: 29184/150000 | Episodes: 57 | CurrentEpReward: 0.000 | RecentReward: 11.854 | QLoss: 0.274218 | ParamLoss: -0.163517 | Epsilon: 0.2634 | Replay: 29184
2026-09-19 03:29:22,037 | INFO | Steps: 29696/150000 | Episodes: 58 | CurrentEpReward: 0.000 | RecentReward: 11.621 | QLoss: 0.273456 | ParamLoss: -0.167320 | Epsilon: 0.2501 | Replay: 29696
2026-09-19 03:29:52,186 | INFO | Steps: 30208/150000 | Episodes: 59 | CurrentEpReward: 0.000 | RecentReward: 12.776 | QLoss: 0.283224 | ParamLoss: -0.170954 | Epsilon: 0.2367 | Replay: 30208
2026-09-19 03:30:22,431 | INFO | Steps: 30720/150000 | Episodes: 60 | CurrentEpReward: 0.000 | RecentReward: 14.560 | QLoss: 0.270382 | ParamLoss: -0.178497 | Epsilon: 0.2233 | Replay: 30720
2026-09-19 03:30:52,235 | INFO | Steps: 31232/150000 | Episodes: 61 | CurrentEpReward: 0.000 | RecentReward: 15.622 | QLoss: 0.276226 | ParamLoss: -0.178994 | Epsilon: 0.2099 | Replay: 31232
2026-09-19 03:31:22,358 | INFO | Steps: 31744/150000 | Episodes: 62 | CurrentEpReward: 0.000 | RecentReward: 16.738 | QLoss: 0.280530 | ParamLoss: -0.179516 | Epsilon: 0.1965 | Replay: 31744
2026-09-19 03:31:54,255 | INFO | Steps: 32256/150000 | Episodes: 63 | CurrentEpReward: 0.000 | RecentReward: 18.248 | QLoss: 0.272752 | ParamLoss: -0.191233 | Epsilon: 0.1832 | Replay: 32256
2026-09-19 03:32:27,407 | INFO | Steps: 32768/150000 | Episodes: 64 | CurrentEpReward: 0.000 | RecentReward: 20.221 | QLoss: 0.285215 | ParamLoss: -0.193982 | Epsilon: 0.1698 | Replay: 32768
2026-09-19 03:32:59,572 | INFO | Steps: 33280/150000 | Episodes: 65 | CurrentEpReward: 0.000 | RecentReward: 22.121 | QLoss: 0.293161 | ParamLoss: -0.196314 | Epsilon: 0.1564 | Replay: 33280
2026-09-19 03:33:33,779 | INFO | Steps: 33792/150000 | Episodes: 66 | CurrentEpReward: 0.000 | RecentReward: 23.366 | QLoss: 0.293371 | ParamLoss: -0.197544 | Epsilon: 0.1430 | Replay: 33792
2026-09-19 03:34:07,462 | INFO | Steps: 34304/150000 | Episodes: 67 | CurrentEpReward: 0.000 | RecentReward: 25.635 | QLoss: 0.282689 | ParamLoss: -0.207021 | Epsilon: 0.1296 | Replay: 34304
2026-09-19 03:34:40,153 | INFO | Steps: 34816/150000 | Episodes: 68 | CurrentEpReward: 0.000 | RecentReward: 29.102 | QLoss: 0.294804 | ParamLoss: -0.211378 | Epsilon: 0.1162 | Replay: 34816
2026-09-19 03:35:15,344 | INFO | Steps: 35328/150000 | Episodes: 69 | CurrentEpReward: 0.000 | RecentReward: 32.626 | QLoss: 0.294193 | ParamLoss: -0.211872 | Epsilon: 0.1029 | Replay: 35328
2026-09-19 03:35:49,791 | INFO | Steps: 35840/150000 | Episodes: 70 | CurrentEpReward: 0.000 | RecentReward: 34.806 | QLoss: 0.293966 | ParamLoss: -0.218508 | Epsilon: 0.0895 | Replay: 35840
2026-09-19 03:36:23,064 | INFO | Steps: 36352/150000 | Episodes: 71 | CurrentEpReward: 0.000 | RecentReward: 37.892 | QLoss: 0.284993 | ParamLoss: -0.226380 | Epsilon: 0.0761 | Replay: 36352
2026-09-19 03:36:54,250 | INFO | Steps: 36864/150000 | Episodes: 72 | CurrentEpReward: 0.000 | RecentReward: 40.934 | QLoss: 0.281215 | ParamLoss: -0.215858 | Epsilon: 0.0627 | Replay: 36864
2026-09-19 03:37:24,209 | INFO | Steps: 37376/150000 | Episodes: 73 | CurrentEpReward: 0.000 | RecentReward: 44.053 | QLoss: 0.290452 | ParamLoss: -0.225553 | Epsilon: 0.0493 | Replay: 37376
2026-09-19 03:37:54,409 | INFO | Steps: 37888/150000 | Episodes: 74 | CurrentEpReward: 0.000 | RecentReward: 46.648 | QLoss: 0.307115 | ParamLoss: -0.234288 | Epsilon: 0.0360 | Replay: 37888
2026-09-19 03:38:23,034 | INFO | Steps: 38400/150000 | Episodes: 75 | CurrentEpReward: 0.000 | RecentReward: 49.031 | QLoss: 0.302700 | ParamLoss: -0.237720 | Epsilon: 0.0226 | Replay: 38400
2026-09-19 03:38:52,431 | INFO | Steps: 38912/150000 | Episodes: 76 | CurrentEpReward: 0.000 | RecentReward: 51.311 | QLoss: 0.295854 | ParamLoss: -0.242608 | Epsilon: 0.0200 | Replay: 38912
2026-09-19 03:39:22,470 | INFO | Steps: 39424/150000 | Episodes: 77 | CurrentEpReward: 0.000 | RecentReward: 53.212 | QLoss: 0.299627 | ParamLoss: -0.250942 | Epsilon: 0.0200 | Replay: 39424
2026-09-19 03:39:51,797 | INFO | Steps: 39936/150000 | Episodes: 78 | CurrentEpReward: 0.000 | RecentReward: 55.533 | QLoss: 0.299843 | ParamLoss: -0.257211 | Epsilon: 0.0200 | Replay: 39936
2026-09-19 03:40:21,363 | INFO | Steps: 40448/150000 | Episodes: 79 | CurrentEpReward: 0.000 | RecentReward: 56.580 | QLoss: 0.297060 | ParamLoss: -0.267168 | Epsilon: 0.0200 | Replay: 40448
2026-09-19 03:40:51,729 | INFO | Steps: 40960/150000 | Episodes: 80 | CurrentEpReward: 0.000 | RecentReward: 58.174 | QLoss: 0.303831 | ParamLoss: -0.273873 | Epsilon: 0.0200 | Replay: 40960
2026-09-19 03:41:21,225 | INFO | Steps: 41472/150000 | Episodes: 81 | CurrentEpReward: 0.000 | RecentReward: 59.934 | QLoss: 0.309836 | ParamLoss: -0.284797 | Epsilon: 0.0200 | Replay: 41472
2026-09-19 03:41:50,989 | INFO | Steps: 41984/150000 | Episodes: 82 | CurrentEpReward: 0.000 | RecentReward: 60.410 | QLoss: 0.287995 | ParamLoss: -0.290042 | Epsilon: 0.0200 | Replay: 41984
2026-09-19 03:42:21,075 | INFO | Steps: 42496/150000 | Episodes: 83 | CurrentEpReward: 0.000 | RecentReward: 60.824 | QLoss: 0.295316 | ParamLoss: -0.289464 | Epsilon: 0.0200 | Replay: 42496
2026-09-19 03:42:50,907 | INFO | Steps: 43008/150000 | Episodes: 84 | CurrentEpReward: 0.000 | RecentReward: 62.083 | QLoss: 0.297630 | ParamLoss: -0.309369 | Epsilon: 0.0200 | Replay: 43008
2026-09-19 03:43:20,643 | INFO | Steps: 43520/150000 | Episodes: 85 | CurrentEpReward: 0.000 | RecentReward: 63.257 | QLoss: 0.298256 | ParamLoss: -0.320911 | Epsilon: 0.0200 | Replay: 43520
2026-09-19 03:43:51,110 | INFO | Steps: 44032/150000 | Episodes: 86 | CurrentEpReward: 0.000 | RecentReward: 63.949 | QLoss: 0.314613 | ParamLoss: -0.325992 | Epsilon: 0.0200 | Replay: 44032
2026-09-19 03:44:21,132 | INFO | Steps: 44544/150000 | Episodes: 87 | CurrentEpReward: 0.000 | RecentReward: 65.340 | QLoss: 0.304648 | ParamLoss: -0.333428 | Epsilon: 0.0200 | Replay: 44544
2026-09-19 03:44:51,231 | INFO | Steps: 45056/150000 | Episodes: 88 | CurrentEpReward: 0.000 | RecentReward: 66.304 | QLoss: 0.293038 | ParamLoss: -0.344339 | Epsilon: 0.0200 | Replay: 45056
2026-09-19 03:45:21,429 | INFO | Steps: 45568/150000 | Episodes: 89 | CurrentEpReward: 0.000 | RecentReward: 66.199 | QLoss: 0.290334 | ParamLoss: -0.353946 | Epsilon: 0.0200 | Replay: 45568
2026-09-19 03:45:51,884 | INFO | Steps: 46080/150000 | Episodes: 90 | CurrentEpReward: 0.000 | RecentReward: 67.268 | QLoss: 0.293602 | ParamLoss: -0.360543 | Epsilon: 0.0200 | Replay: 46080
2026-09-19 03:46:22,003 | INFO | Steps: 46592/150000 | Episodes: 91 | CurrentEpReward: 0.000 | RecentReward: 67.389 | QLoss: 0.312662 | ParamLoss: -0.368456 | Epsilon: 0.0200 | Replay: 46592
2026-09-19 03:46:52,205 | INFO | Steps: 47104/150000 | Episodes: 92 | CurrentEpReward: 0.000 | RecentReward: 69.024 | QLoss: 0.301860 | ParamLoss: -0.371335 | Epsilon: 0.0200 | Replay: 47104
2026-09-19 03:47:22,211 | INFO | Steps: 47616/150000 | Episodes: 93 | CurrentEpReward: 0.000 | RecentReward: 69.078 | QLoss: 0.327185 | ParamLoss: -0.373266 | Epsilon: 0.0200 | Replay: 47616
2026-09-19 03:47:52,565 | INFO | Steps: 48128/150000 | Episodes: 94 | CurrentEpReward: 0.000 | RecentReward: 68.433 | QLoss: 0.329346 | ParamLoss: -0.381962 | Epsilon: 0.0200 | Replay: 48128
2026-09-19 03:48:22,785 | INFO | Steps: 48640/150000 | Episodes: 95 | CurrentEpReward: 0.000 | RecentReward: 68.805 | QLoss: 0.325708 | ParamLoss: -0.379073 | Epsilon: 0.0200 | Replay: 48640
2026-09-19 03:48:52,742 | INFO | Steps: 49152/150000 | Episodes: 96 | CurrentEpReward: 0.000 | RecentReward: 68.553 | QLoss: 0.311482 | ParamLoss: -0.393825 | Epsilon: 0.0200 | Replay: 49152
2026-09-19 03:49:22,897 | INFO | Steps: 49664/150000 | Episodes: 97 | CurrentEpReward: 0.000 | RecentReward: 66.640 | QLoss: 0.321029 | ParamLoss: -0.398809 | Epsilon: 0.0200 | Replay: 49664
2026-09-19 03:50:28,621 | INFO | 新的最佳模型 (reward): 73.705，保存至 /home/pjpjq/LEO_switch/results/multiseed_0907/seed43/u40/learned_baselines/pdqn/best_model.pt
2026-09-19 03:50:28,625 | INFO | 周期权重已保存: /home/pjpjq/LEO_switch/results/multiseed_0907/seed43/u40/learned_baselines/pdqn/checkpoint_50000.pt
2026-09-19 03:50:39,441 | INFO | Steps: 50176/150000 | Episodes: 98 | CurrentEpReward: 0.000 | RecentReward: 66.514 | QLoss: 0.327344 | ParamLoss: -0.402405 | Epsilon: 0.0200 | Replay: 50000
2026-09-19 03:51:09,874 | INFO | Steps: 50688/150000 | Episodes: 99 | CurrentEpReward: 0.000 | RecentReward: 67.799 | QLoss: 0.339412 | ParamLoss: -0.411905 | Epsilon: 0.0200 | Replay: 50000
2026-09-19 03:51:39,851 | INFO | Steps: 51200/150000 | Episodes: 100 | CurrentEpReward: 0.000 | RecentReward: 67.585 | QLoss: 0.297926 | ParamLoss: -0.421554 | Epsilon: 0.0200 | Replay: 50000
2026-09-19 03:52:10,464 | INFO | Steps: 51712/150000 | Episodes: 101 | CurrentEpReward: 0.000 | RecentReward: 68.315 | QLoss: 0.307883 | ParamLoss: -0.427175 | Epsilon: 0.0200 | Replay: 50000
2026-09-19 03:52:41,266 | INFO | Steps: 52224/150000 | Episodes: 102 | CurrentEpReward: 0.000 | RecentReward: 67.187 | QLoss: 0.319299 | ParamLoss: -0.435094 | Epsilon: 0.0200 | Replay: 50000
2026-09-19 03:53:12,076 | INFO | Steps: 52736/150000 | Episodes: 103 | CurrentEpReward: 0.000 | RecentReward: 68.309 | QLoss: 0.322130 | ParamLoss: -0.449290 | Epsilon: 0.0200 | Replay: 50000
2026-09-19 03:53:43,337 | INFO | Steps: 53248/150000 | Episodes: 104 | CurrentEpReward: 0.000 | RecentReward: 68.745 | QLoss: 0.292710 | ParamLoss: -0.450412 | Epsilon: 0.0200 | Replay: 50000
2026-09-19 03:54:16,640 | INFO | Steps: 53760/150000 | Episodes: 105 | CurrentEpReward: 0.000 | RecentReward: 68.720 | QLoss: 0.315114 | ParamLoss: -0.454050 | Epsilon: 0.0200 | Replay: 50000
2026-09-19 03:54:49,070 | INFO | Steps: 54272/150000 | Episodes: 106 | CurrentEpReward: 0.000 | RecentReward: 69.381 | QLoss: 0.311841 | ParamLoss: -0.461386 | Epsilon: 0.0200 | Replay: 50000
2026-09-19 03:55:23,184 | INFO | Steps: 54784/150000 | Episodes: 107 | CurrentEpReward: 0.000 | RecentReward: 71.017 | QLoss: 0.323546 | ParamLoss: -0.473196 | Epsilon: 0.0200 | Replay: 50000
2026-09-19 03:55:58,217 | INFO | Steps: 55296/150000 | Episodes: 108 | CurrentEpReward: 0.000 | RecentReward: 71.305 | QLoss: 0.339421 | ParamLoss: -0.477756 | Epsilon: 0.0200 | Replay: 50000
2026-09-19 03:56:31,811 | INFO | Steps: 55808/150000 | Episodes: 109 | CurrentEpReward: 0.000 | RecentReward: 70.119 | QLoss: 0.371336 | ParamLoss: -0.490545 | Epsilon: 0.0200 | Replay: 50000
2026-09-19 03:57:05,758 | INFO | Steps: 56320/150000 | Episodes: 110 | CurrentEpReward: 0.000 | RecentReward: 69.779 | QLoss: 0.384211 | ParamLoss: -0.488021 | Epsilon: 0.0200 | Replay: 50000
2026-09-19 03:57:39,028 | INFO | Steps: 56832/150000 | Episodes: 111 | CurrentEpReward: 0.000 | RecentReward: 69.335 | QLoss: 0.323243 | ParamLoss: -0.499806 | Epsilon: 0.0200 | Replay: 50000
2026-09-19 03:58:11,975 | INFO | Steps: 57344/150000 | Episodes: 112 | CurrentEpReward: 0.000 | RecentReward: 69.535 | QLoss: 0.314942 | ParamLoss: -0.509308 | Epsilon: 0.0200 | Replay: 50000
2026-09-19 03:58:44,567 | INFO | Steps: 57856/150000 | Episodes: 113 | CurrentEpReward: 0.000 | RecentReward: 68.534 | QLoss: 0.331284 | ParamLoss: -0.513581 | Epsilon: 0.0200 | Replay: 50000
2026-09-19 03:59:13,695 | INFO | Steps: 58368/150000 | Episodes: 114 | CurrentEpReward: 0.000 | RecentReward: 68.438 | QLoss: 0.340784 | ParamLoss: -0.515356 | Epsilon: 0.0200 | Replay: 50000
2026-09-19 03:59:43,132 | INFO | Steps: 58880/150000 | Episodes: 115 | CurrentEpReward: 0.000 | RecentReward: 67.568 | QLoss: 0.354699 | ParamLoss: -0.524900 | Epsilon: 0.0200 | Replay: 50000
2026-09-19 04:00:13,110 | INFO | Steps: 59392/150000 | Episodes: 116 | CurrentEpReward: 0.000 | RecentReward: 66.235 | QLoss: 0.352239 | ParamLoss: -0.534349 | Epsilon: 0.0200 | Replay: 50000
2026-09-19 04:00:43,315 | INFO | Steps: 59904/150000 | Episodes: 117 | CurrentEpReward: 0.000 | RecentReward: 64.539 | QLoss: 0.320372 | ParamLoss: -0.538826 | Epsilon: 0.0200 | Replay: 50000
2026-09-19 04:01:13,430 | INFO | Steps: 60416/150000 | Episodes: 118 | CurrentEpReward: 0.000 | RecentReward: 64.236 | QLoss: 0.322942 | ParamLoss: -0.549234 | Epsilon: 0.0200 | Replay: 50000
2026-09-19 04:01:43,397 | INFO | Steps: 60928/150000 | Episodes: 119 | CurrentEpReward: 0.000 | RecentReward: 64.867 | QLoss: 0.338061 | ParamLoss: -0.551142 | Epsilon: 0.0200 | Replay: 50000
2026-09-19 04:02:13,645 | INFO | Steps: 61440/150000 | Episodes: 120 | CurrentEpReward: 0.000 | RecentReward: 65.060 | QLoss: 0.327943 | ParamLoss: -0.555445 | Epsilon: 0.0200 | Replay: 50000
2026-09-19 04:02:43,465 | INFO | Steps: 61952/150000 | Episodes: 121 | CurrentEpReward: 0.000 | RecentReward: 65.363 | QLoss: 0.330982 | ParamLoss: -0.560072 | Epsilon: 0.0200 | Replay: 50000
2026-09-19 04:03:13,297 | INFO | Steps: 62464/150000 | Episodes: 122 | CurrentEpReward: 0.000 | RecentReward: 65.065 | QLoss: 0.315242 | ParamLoss: -0.558961 | Epsilon: 0.0200 | Replay: 50000
2026-09-19 04:03:43,071 | INFO | Steps: 62976/150000 | Episodes: 123 | CurrentEpReward: 0.000 | RecentReward: 65.938 | QLoss: 0.327782 | ParamLoss: -0.568898 | Epsilon: 0.0200 | Replay: 50000
2026-09-19 04:04:12,565 | INFO | Steps: 63488/150000 | Episodes: 124 | CurrentEpReward: 0.000 | RecentReward: 65.829 | QLoss: 0.312754 | ParamLoss: -0.576951 | Epsilon: 0.0200 | Replay: 50000
2026-09-19 04:04:43,223 | INFO | Steps: 64000/150000 | Episodes: 125 | CurrentEpReward: 0.000 | RecentReward: 66.686 | QLoss: 0.327010 | ParamLoss: -0.588830 | Epsilon: 0.0200 | Replay: 50000
2026-09-19 04:05:13,294 | INFO | Steps: 64512/150000 | Episodes: 126 | CurrentEpReward: 0.000 | RecentReward: 67.535 | QLoss: 0.349161 | ParamLoss: -0.588399 | Epsilon: 0.0200 | Replay: 50000
2026-09-19 04:05:43,945 | INFO | Steps: 65024/150000 | Episodes: 127 | CurrentEpReward: 0.000 | RecentReward: 69.130 | QLoss: 0.348552 | ParamLoss: -0.603673 | Epsilon: 0.0200 | Replay: 50000
2026-09-19 04:06:13,770 | INFO | Steps: 65536/150000 | Episodes: 128 | CurrentEpReward: 0.000 | RecentReward: 67.853 | QLoss: 0.343904 | ParamLoss: -0.615540 | Epsilon: 0.0200 | Replay: 50000
2026-09-19 04:06:44,364 | INFO | Steps: 66048/150000 | Episodes: 129 | CurrentEpReward: 0.000 | RecentReward: 68.083 | QLoss: 0.394098 | ParamLoss: -0.625940 | Epsilon: 0.0200 | Replay: 50000
2026-09-19 04:07:14,768 | INFO | Steps: 66560/150000 | Episodes: 130 | CurrentEpReward: 0.000 | RecentReward: 68.110 | QLoss: 0.355326 | ParamLoss: -0.636865 | Epsilon: 0.0200 | Replay: 50000
2026-09-19 04:07:44,560 | INFO | Steps: 67072/150000 | Episodes: 131 | CurrentEpReward: 0.000 | RecentReward: 68.172 | QLoss: 0.363940 | ParamLoss: -0.640888 | Epsilon: 0.0200 | Replay: 50000
2026-09-19 04:08:12,557 | INFO | Steps: 67584/150000 | Episodes: 132 | CurrentEpReward: 0.000 | RecentReward: 69.259 | QLoss: 0.355258 | ParamLoss: -0.650272 | Epsilon: 0.0200 | Replay: 50000
2026-09-19 04:08:43,057 | INFO | Steps: 68096/150000 | Episodes: 133 | CurrentEpReward: 0.000 | RecentReward: 69.641 | QLoss: 0.361607 | ParamLoss: -0.663927 | Epsilon: 0.0200 | Replay: 50000
2026-09-19 04:09:13,118 | INFO | Steps: 68608/150000 | Episodes: 134 | CurrentEpReward: 0.000 | RecentReward: 70.106 | QLoss: 0.329074 | ParamLoss: -0.662310 | Epsilon: 0.0200 | Replay: 50000
2026-09-19 04:09:43,276 | INFO | Steps: 69120/150000 | Episodes: 135 | CurrentEpReward: 0.000 | RecentReward: 69.213 | QLoss: 0.343027 | ParamLoss: -0.663182 | Epsilon: 0.0200 | Replay: 50000
2026-09-19 04:10:13,690 | INFO | Steps: 69632/150000 | Episodes: 136 | CurrentEpReward: 0.000 | RecentReward: 69.944 | QLoss: 0.328236 | ParamLoss: -0.675289 | Epsilon: 0.0200 | Replay: 50000
2026-09-19 04:10:43,837 | INFO | Steps: 70144/150000 | Episodes: 137 | CurrentEpReward: 0.000 | RecentReward: 69.722 | QLoss: 0.364016 | ParamLoss: -0.675852 | Epsilon: 0.0200 | Replay: 50000
2026-09-19 04:11:14,787 | INFO | Steps: 70656/150000 | Episodes: 138 | CurrentEpReward: 0.000 | RecentReward: 71.356 | QLoss: 0.368921 | ParamLoss: -0.678812 | Epsilon: 0.0200 | Replay: 50000
2026-09-19 04:11:45,306 | INFO | Steps: 71168/150000 | Episodes: 139 | CurrentEpReward: 0.000 | RecentReward: 71.286 | QLoss: 0.309139 | ParamLoss: -0.678229 | Epsilon: 0.0200 | Replay: 50000
2026-09-19 04:12:15,829 | INFO | Steps: 71680/150000 | Episodes: 140 | CurrentEpReward: 0.000 | RecentReward: 71.147 | QLoss: 0.311202 | ParamLoss: -0.681793 | Epsilon: 0.0200 | Replay: 50000
2026-09-19 04:12:46,511 | INFO | Steps: 72192/150000 | Episodes: 141 | CurrentEpReward: 0.000 | RecentReward: 70.337 | QLoss: 0.334186 | ParamLoss: -0.687841 | Epsilon: 0.0200 | Replay: 50000
2026-09-19 04:13:16,907 | INFO | Steps: 72704/150000 | Episodes: 142 | CurrentEpReward: 0.000 | RecentReward: 69.920 | QLoss: 0.366236 | ParamLoss: -0.690615 | Epsilon: 0.0200 | Replay: 50000
2026-09-19 04:13:47,675 | INFO | Steps: 73216/150000 | Episodes: 143 | CurrentEpReward: 0.000 | RecentReward: 69.297 | QLoss: 0.314393 | ParamLoss: -0.708150 | Epsilon: 0.0200 | Replay: 50000
2026-09-19 04:14:18,051 | INFO | Steps: 73728/150000 | Episodes: 144 | CurrentEpReward: 0.000 | RecentReward: 69.418 | QLoss: 0.341258 | ParamLoss: -0.714269 | Epsilon: 0.0200 | Replay: 50000
2026-09-19 04:14:48,325 | INFO | Steps: 74240/150000 | Episodes: 145 | CurrentEpReward: 0.000 | RecentReward: 69.755 | QLoss: 0.381968 | ParamLoss: -0.721493 | Epsilon: 0.0200 | Replay: 50000
2026-09-19 04:15:19,373 | INFO | Steps: 74752/150000 | Episodes: 146 | CurrentEpReward: 0.000 | RecentReward: 69.947 | QLoss: 0.374001 | ParamLoss: -0.732284 | Epsilon: 0.0200 | Replay: 50000
2026-09-19 04:15:50,888 | INFO | Steps: 75264/150000 | Episodes: 147 | CurrentEpReward: 0.000 | RecentReward: 70.280 | QLoss: 0.331066 | ParamLoss: -0.743129 | Epsilon: 0.0200 | Replay: 50000
2026-09-19 04:16:25,339 | INFO | Steps: 75776/150000 | Episodes: 148 | CurrentEpReward: 0.000 | RecentReward: 70.085 | QLoss: 0.351574 | ParamLoss: -0.732319 | Epsilon: 0.0200 | Replay: 50000
2026-09-19 04:16:58,465 | INFO | Steps: 76288/150000 | Episodes: 149 | CurrentEpReward: 0.000 | RecentReward: 69.730 | QLoss: 0.376393 | ParamLoss: -0.739854 | Epsilon: 0.0200 | Replay: 50000
2026-09-19 04:17:33,378 | INFO | Steps: 76800/150000 | Episodes: 150 | CurrentEpReward: 0.000 | RecentReward: 70.149 | QLoss: 0.381684 | ParamLoss: -0.752805 | Epsilon: 0.0200 | Replay: 50000
2026-09-19 04:18:07,673 | INFO | Steps: 77312/150000 | Episodes: 151 | CurrentEpReward: 0.000 | RecentReward: 69.070 | QLoss: 0.383073 | ParamLoss: -0.756450 | Epsilon: 0.0200 | Replay: 50000
2026-09-19 04:18:41,746 | INFO | Steps: 77824/150000 | Episodes: 152 | CurrentEpReward: 0.000 | RecentReward: 68.657 | QLoss: 0.403349 | ParamLoss: -0.763246 | Epsilon: 0.0200 | Replay: 50000
2026-09-19 04:19:16,610 | INFO | Steps: 78336/150000 | Episodes: 153 | CurrentEpReward: 0.000 | RecentReward: 68.716 | QLoss: 0.410766 | ParamLoss: -0.769905 | Epsilon: 0.0200 | Replay: 50000
2026-09-19 04:19:50,099 | INFO | Steps: 78848/150000 | Episodes: 154 | CurrentEpReward: 0.000 | RecentReward: 68.979 | QLoss: 0.357247 | ParamLoss: -0.773817 | Epsilon: 0.0200 | Replay: 50000
2026-09-19 04:20:23,193 | INFO | Steps: 79360/150000 | Episodes: 155 | CurrentEpReward: 0.000 | RecentReward: 69.594 | QLoss: 0.398341 | ParamLoss: -0.767553 | Epsilon: 0.0200 | Replay: 50000
2026-09-19 04:20:55,537 | INFO | Steps: 79872/150000 | Episodes: 156 | CurrentEpReward: 0.000 | RecentReward: 69.315 | QLoss: 0.361530 | ParamLoss: -0.776206 | Epsilon: 0.0200 | Replay: 50000
2026-09-19 04:21:25,783 | INFO | Steps: 80384/150000 | Episodes: 157 | CurrentEpReward: 0.000 | RecentReward: 68.578 | QLoss: 0.337724 | ParamLoss: -0.789173 | Epsilon: 0.0200 | Replay: 50000
2026-09-19 04:21:55,851 | INFO | Steps: 80896/150000 | Episodes: 158 | CurrentEpReward: 0.000 | RecentReward: 68.227 | QLoss: 0.433864 | ParamLoss: -0.793879 | Epsilon: 0.0200 | Replay: 50000
2026-09-19 04:22:25,338 | INFO | Steps: 81408/150000 | Episodes: 159 | CurrentEpReward: 0.000 | RecentReward: 67.496 | QLoss: 0.379380 | ParamLoss: -0.791277 | Epsilon: 0.0200 | Replay: 50000
2026-09-19 04:22:55,947 | INFO | Steps: 81920/150000 | Episodes: 160 | CurrentEpReward: 0.000 | RecentReward: 67.199 | QLoss: 0.395156 | ParamLoss: -0.800156 | Epsilon: 0.0200 | Replay: 50000
2026-09-19 04:23:26,472 | INFO | Steps: 82432/150000 | Episodes: 161 | CurrentEpReward: 0.000 | RecentReward: 68.023 | QLoss: 0.386613 | ParamLoss: -0.800588 | Epsilon: 0.0200 | Replay: 50000
2026-09-19 04:23:57,163 | INFO | Steps: 82944/150000 | Episodes: 162 | CurrentEpReward: 0.000 | RecentReward: 68.372 | QLoss: 0.386113 | ParamLoss: -0.814177 | Epsilon: 0.0200 | Replay: 50000
2026-09-19 04:24:27,387 | INFO | Steps: 83456/150000 | Episodes: 163 | CurrentEpReward: 0.000 | RecentReward: 66.984 | QLoss: 0.504525 | ParamLoss: -0.815240 | Epsilon: 0.0200 | Replay: 50000
2026-09-19 04:24:58,181 | INFO | Steps: 83968/150000 | Episodes: 164 | CurrentEpReward: 0.000 | RecentReward: 66.710 | QLoss: 0.363756 | ParamLoss: -0.824463 | Epsilon: 0.0200 | Replay: 50000
2026-09-19 04:25:28,196 | INFO | Steps: 84480/150000 | Episodes: 165 | CurrentEpReward: 0.000 | RecentReward: 66.098 | QLoss: 0.368525 | ParamLoss: -0.827268 | Epsilon: 0.0200 | Replay: 50000
2026-09-19 04:25:58,465 | INFO | Steps: 84992/150000 | Episodes: 166 | CurrentEpReward: 0.000 | RecentReward: 65.030 | QLoss: 0.369598 | ParamLoss: -0.829105 | Epsilon: 0.0200 | Replay: 50000
2026-09-19 04:26:28,401 | INFO | Steps: 85504/150000 | Episodes: 167 | CurrentEpReward: 0.000 | RecentReward: 64.523 | QLoss: 0.398399 | ParamLoss: -0.840830 | Epsilon: 0.0200 | Replay: 50000
2026-09-19 04:26:58,347 | INFO | Steps: 86016/150000 | Episodes: 168 | CurrentEpReward: 0.000 | RecentReward: 63.762 | QLoss: 0.388573 | ParamLoss: -0.828844 | Epsilon: 0.0200 | Replay: 50000
2026-09-19 04:27:28,646 | INFO | Steps: 86528/150000 | Episodes: 169 | CurrentEpReward: 0.000 | RecentReward: 64.296 | QLoss: 0.396457 | ParamLoss: -0.833392 | Epsilon: 0.0200 | Replay: 50000
2026-09-19 04:27:59,240 | INFO | Steps: 87040/150000 | Episodes: 170 | CurrentEpReward: 0.000 | RecentReward: 63.856 | QLoss: 0.448164 | ParamLoss: -0.832551 | Epsilon: 0.0200 | Replay: 50000
2026-09-19 04:28:29,388 | INFO | Steps: 87552/150000 | Episodes: 171 | CurrentEpReward: 0.000 | RecentReward: 63.573 | QLoss: 0.467367 | ParamLoss: -0.829052 | Epsilon: 0.0200 | Replay: 50000
2026-09-19 04:28:59,459 | INFO | Steps: 88064/150000 | Episodes: 172 | CurrentEpReward: 0.000 | RecentReward: 62.207 | QLoss: 0.394958 | ParamLoss: -0.828414 | Epsilon: 0.0200 | Replay: 50000
2026-09-19 04:29:29,669 | INFO | Steps: 88576/150000 | Episodes: 173 | CurrentEpReward: 0.000 | RecentReward: 62.218 | QLoss: 0.410537 | ParamLoss: -0.827385 | Epsilon: 0.0200 | Replay: 50000
2026-09-19 04:29:59,210 | INFO | Steps: 89088/150000 | Episodes: 174 | CurrentEpReward: 0.000 | RecentReward: 61.546 | QLoss: 0.416628 | ParamLoss: -0.840148 | Epsilon: 0.0200 | Replay: 50000
2026-09-19 04:30:29,720 | INFO | Steps: 89600/150000 | Episodes: 175 | CurrentEpReward: 0.000 | RecentReward: 61.553 | QLoss: 0.433929 | ParamLoss: -0.840751 | Epsilon: 0.0200 | Replay: 50000
2026-09-19 04:30:59,701 | INFO | Steps: 90112/150000 | Episodes: 176 | CurrentEpReward: 0.000 | RecentReward: 61.176 | QLoss: 0.432272 | ParamLoss: -0.856926 | Epsilon: 0.0200 | Replay: 50000
2026-09-19 04:31:29,927 | INFO | Steps: 90624/150000 | Episodes: 177 | CurrentEpReward: 0.000 | RecentReward: 61.302 | QLoss: 0.455164 | ParamLoss: -0.856366 | Epsilon: 0.0200 | Replay: 50000
2026-09-19 04:32:00,580 | INFO | Steps: 91136/150000 | Episodes: 178 | CurrentEpReward: 0.000 | RecentReward: 61.464 | QLoss: 0.411095 | ParamLoss: -0.861232 | Epsilon: 0.0200 | Replay: 50000
2026-09-19 04:32:30,608 | INFO | Steps: 91648/150000 | Episodes: 179 | CurrentEpReward: 0.000 | RecentReward: 61.167 | QLoss: 0.455496 | ParamLoss: -0.858574 | Epsilon: 0.0200 | Replay: 50000
2026-09-19 04:33:00,687 | INFO | Steps: 92160/150000 | Episodes: 180 | CurrentEpReward: 0.000 | RecentReward: 61.371 | QLoss: 0.365872 | ParamLoss: -0.868034 | Epsilon: 0.0200 | Replay: 50000
2026-09-19 04:33:31,153 | INFO | Steps: 92672/150000 | Episodes: 181 | CurrentEpReward: 0.000 | RecentReward: 62.539 | QLoss: 0.469858 | ParamLoss: -0.870600 | Epsilon: 0.0200 | Replay: 50000
2026-09-19 04:34:01,631 | INFO | Steps: 93184/150000 | Episodes: 182 | CurrentEpReward: 0.000 | RecentReward: 63.721 | QLoss: 0.436968 | ParamLoss: -0.875217 | Epsilon: 0.0200 | Replay: 50000
2026-09-19 04:34:32,116 | INFO | Steps: 93696/150000 | Episodes: 183 | CurrentEpReward: 0.000 | RecentReward: 64.208 | QLoss: 0.360726 | ParamLoss: -0.880722 | Epsilon: 0.0200 | Replay: 50000
2026-09-19 04:35:03,115 | INFO | Steps: 94208/150000 | Episodes: 184 | CurrentEpReward: 0.000 | RecentReward: 64.272 | QLoss: 0.433685 | ParamLoss: -0.887042 | Epsilon: 0.0200 | Replay: 50000
2026-09-19 04:35:34,057 | INFO | Steps: 94720/150000 | Episodes: 185 | CurrentEpReward: 0.000 | RecentReward: 65.014 | QLoss: 0.475435 | ParamLoss: -0.887747 | Epsilon: 0.0200 | Replay: 50000
2026-09-19 04:36:04,346 | INFO | Steps: 95232/150000 | Episodes: 186 | CurrentEpReward: 0.000 | RecentReward: 65.244 | QLoss: 0.489947 | ParamLoss: -0.892817 | Epsilon: 0.0200 | Replay: 50000
2026-09-19 04:36:34,831 | INFO | Steps: 95744/150000 | Episodes: 187 | CurrentEpReward: 0.000 | RecentReward: 65.513 | QLoss: 0.407108 | ParamLoss: -0.899743 | Epsilon: 0.0200 | Replay: 50000
2026-09-19 04:37:06,806 | INFO | Steps: 96256/150000 | Episodes: 188 | CurrentEpReward: 0.000 | RecentReward: 65.477 | QLoss: 0.411270 | ParamLoss: -0.903487 | Epsilon: 0.0200 | Replay: 50000
2026-09-19 04:37:37,826 | INFO | Steps: 96768/150000 | Episodes: 189 | CurrentEpReward: 0.000 | RecentReward: 67.180 | QLoss: 0.499667 | ParamLoss: -0.910032 | Epsilon: 0.0200 | Replay: 50000
2026-09-19 04:38:11,087 | INFO | Steps: 97280/150000 | Episodes: 190 | CurrentEpReward: 0.000 | RecentReward: 67.270 | QLoss: 0.430237 | ParamLoss: -0.918747 | Epsilon: 0.0200 | Replay: 50000
2026-09-19 04:38:45,338 | INFO | Steps: 97792/150000 | Episodes: 191 | CurrentEpReward: 0.000 | RecentReward: 65.849 | QLoss: 0.450773 | ParamLoss: -0.929658 | Epsilon: 0.0200 | Replay: 50000
2026-09-19 04:39:18,141 | INFO | Steps: 98304/150000 | Episodes: 192 | CurrentEpReward: 0.000 | RecentReward: 65.780 | QLoss: 0.522957 | ParamLoss: -0.935189 | Epsilon: 0.0200 | Replay: 50000
2026-09-19 04:39:52,731 | INFO | Steps: 98816/150000 | Episodes: 193 | CurrentEpReward: 0.000 | RecentReward: 65.543 | QLoss: 0.499664 | ParamLoss: -0.934611 | Epsilon: 0.0200 | Replay: 50000
2026-09-19 04:40:27,387 | INFO | Steps: 99328/150000 | Episodes: 194 | CurrentEpReward: 0.000 | RecentReward: 64.994 | QLoss: 0.430609 | ParamLoss: -0.935253 | Epsilon: 0.0200 | Replay: 50000
2026-09-19 04:41:00,064 | INFO | Steps: 99840/150000 | Episodes: 195 | CurrentEpReward: 0.000 | RecentReward: 63.826 | QLoss: 0.450444 | ParamLoss: -0.939564 | Epsilon: 0.0200 | Replay: 50000
2026-09-19 04:42:23,958 | INFO | 周期权重已保存: /home/pjpjq/LEO_switch/results/multiseed_0907/seed43/u40/learned_baselines/pdqn/checkpoint_100000.pt
2026-09-19 04:42:46,092 | INFO | Steps: 100352/150000 | Episodes: 196 | CurrentEpReward: 0.000 | RecentReward: 64.636 | QLoss: 0.461440 | ParamLoss: -0.939056 | Epsilon: 0.0200 | Replay: 50000
2026-09-19 04:43:17,640 | INFO | Steps: 100864/150000 | Episodes: 197 | CurrentEpReward: 0.000 | RecentReward: 65.937 | QLoss: 0.426297 | ParamLoss: -0.940806 | Epsilon: 0.0200 | Replay: 50000
2026-09-19 04:43:47,616 | INFO | Steps: 101376/150000 | Episodes: 198 | CurrentEpReward: 0.000 | RecentReward: 65.822 | QLoss: 0.406227 | ParamLoss: -0.942327 | Epsilon: 0.0200 | Replay: 50000
2026-09-19 04:44:18,232 | INFO | Steps: 101888/150000 | Episodes: 199 | CurrentEpReward: 0.000 | RecentReward: 65.003 | QLoss: 0.466973 | ParamLoss: -0.941257 | Epsilon: 0.0200 | Replay: 50000
2026-09-19 04:44:48,551 | INFO | Steps: 102400/150000 | Episodes: 200 | CurrentEpReward: 0.000 | RecentReward: 63.411 | QLoss: 0.511213 | ParamLoss: -0.940483 | Epsilon: 0.0200 | Replay: 50000
2026-09-19 04:45:19,443 | INFO | Steps: 102912/150000 | Episodes: 201 | CurrentEpReward: 0.000 | RecentReward: 64.688 | QLoss: 0.425997 | ParamLoss: -0.932562 | Epsilon: 0.0200 | Replay: 50000
2026-09-19 04:45:49,578 | INFO | Steps: 103424/150000 | Episodes: 202 | CurrentEpReward: 0.000 | RecentReward: 64.297 | QLoss: 0.520790 | ParamLoss: -0.938796 | Epsilon: 0.0200 | Replay: 50000
2026-09-19 04:46:20,253 | INFO | Steps: 103936/150000 | Episodes: 203 | CurrentEpReward: 0.000 | RecentReward: 65.131 | QLoss: 0.462940 | ParamLoss: -0.938102 | Epsilon: 0.0200 | Replay: 50000
2026-09-19 04:46:50,944 | INFO | Steps: 104448/150000 | Episodes: 204 | CurrentEpReward: 0.000 | RecentReward: 65.371 | QLoss: 0.446606 | ParamLoss: -0.943583 | Epsilon: 0.0200 | Replay: 50000
2026-09-19 04:47:21,251 | INFO | Steps: 104960/150000 | Episodes: 205 | CurrentEpReward: 0.000 | RecentReward: 64.033 | QLoss: 0.386894 | ParamLoss: -0.948527 | Epsilon: 0.0200 | Replay: 50000
2026-09-19 04:47:51,627 | INFO | Steps: 105472/150000 | Episodes: 206 | CurrentEpReward: 0.000 | RecentReward: 63.782 | QLoss: 0.505559 | ParamLoss: -0.960684 | Epsilon: 0.0200 | Replay: 50000
2026-09-19 04:48:22,226 | INFO | Steps: 105984/150000 | Episodes: 207 | CurrentEpReward: 0.000 | RecentReward: 62.208 | QLoss: 0.435317 | ParamLoss: -0.966378 | Epsilon: 0.0200 | Replay: 50000
2026-09-19 04:48:52,738 | INFO | Steps: 106496/150000 | Episodes: 208 | CurrentEpReward: 0.000 | RecentReward: 62.907 | QLoss: 0.473347 | ParamLoss: -0.961769 | Epsilon: 0.0200 | Replay: 50000
2026-09-19 04:49:23,300 | INFO | Steps: 107008/150000 | Episodes: 209 | CurrentEpReward: 0.000 | RecentReward: 62.603 | QLoss: 0.418409 | ParamLoss: -0.959925 | Epsilon: 0.0200 | Replay: 50000
2026-09-19 04:49:53,253 | INFO | Steps: 107520/150000 | Episodes: 210 | CurrentEpReward: 0.000 | RecentReward: 64.420 | QLoss: 0.562191 | ParamLoss: -0.966963 | Epsilon: 0.0200 | Replay: 50000
2026-09-19 04:50:23,971 | INFO | Steps: 108032/150000 | Episodes: 211 | CurrentEpReward: 0.000 | RecentReward: 65.117 | QLoss: 0.521114 | ParamLoss: -0.971176 | Epsilon: 0.0200 | Replay: 50000
2026-09-19 04:50:54,820 | INFO | Steps: 108544/150000 | Episodes: 212 | CurrentEpReward: 0.000 | RecentReward: 65.527 | QLoss: 0.480258 | ParamLoss: -0.973858 | Epsilon: 0.0200 | Replay: 50000
2026-09-19 04:51:25,624 | INFO | Steps: 109056/150000 | Episodes: 213 | CurrentEpReward: 0.000 | RecentReward: 65.535 | QLoss: 0.522946 | ParamLoss: -0.982057 | Epsilon: 0.0200 | Replay: 50000
2026-09-19 04:51:57,085 | INFO | Steps: 109568/150000 | Episodes: 214 | CurrentEpReward: 0.000 | RecentReward: 66.510 | QLoss: 0.436931 | ParamLoss: -0.993158 | Epsilon: 0.0200 | Replay: 50000
2026-09-19 04:52:28,250 | INFO | Steps: 110080/150000 | Episodes: 215 | CurrentEpReward: 0.000 | RecentReward: 68.462 | QLoss: 0.475381 | ParamLoss: -0.996990 | Epsilon: 0.0200 | Replay: 50000
2026-09-19 04:52:58,767 | INFO | Steps: 110592/150000 | Episodes: 216 | CurrentEpReward: 0.000 | RecentReward: 67.986 | QLoss: 0.471680 | ParamLoss: -0.996581 | Epsilon: 0.0200 | Replay: 50000
2026-09-19 04:53:29,811 | INFO | Steps: 111104/150000 | Episodes: 217 | CurrentEpReward: 0.000 | RecentReward: 69.303 | QLoss: 0.519392 | ParamLoss: -1.002174 | Epsilon: 0.0200 | Replay: 50000
2026-09-19 04:54:01,163 | INFO | Steps: 111616/150000 | Episodes: 218 | CurrentEpReward: 0.000 | RecentReward: 69.600 | QLoss: 0.479423 | ParamLoss: -1.008835 | Epsilon: 0.0200 | Replay: 50000
2026-09-19 04:54:31,724 | INFO | Steps: 112128/150000 | Episodes: 219 | CurrentEpReward: 0.000 | RecentReward: 69.185 | QLoss: 0.463386 | ParamLoss: -1.002379 | Epsilon: 0.0200 | Replay: 50000
2026-09-19 04:55:02,577 | INFO | Steps: 112640/150000 | Episodes: 220 | CurrentEpReward: 0.000 | RecentReward: 69.101 | QLoss: 0.539613 | ParamLoss: -1.006085 | Epsilon: 0.0200 | Replay: 50000
2026-09-19 04:55:32,816 | INFO | Steps: 113152/150000 | Episodes: 221 | CurrentEpReward: 0.000 | RecentReward: 67.326 | QLoss: 0.559766 | ParamLoss: -1.009411 | Epsilon: 0.0200 | Replay: 50000
2026-09-19 04:56:03,943 | INFO | Steps: 113664/150000 | Episodes: 222 | CurrentEpReward: 0.000 | RecentReward: 66.906 | QLoss: 0.503867 | ParamLoss: -1.009333 | Epsilon: 0.0200 | Replay: 50000
2026-09-19 04:56:35,601 | INFO | Steps: 114176/150000 | Episodes: 223 | CurrentEpReward: 0.000 | RecentReward: 67.690 | QLoss: 0.534363 | ParamLoss: -1.017418 | Epsilon: 0.0200 | Replay: 50000
2026-09-19 04:57:07,031 | INFO | Steps: 114688/150000 | Episodes: 224 | CurrentEpReward: 0.000 | RecentReward: 68.290 | QLoss: 0.673045 | ParamLoss: -1.022009 | Epsilon: 0.0200 | Replay: 50000
2026-09-19 04:57:37,790 | INFO | Steps: 115200/150000 | Episodes: 225 | CurrentEpReward: 0.000 | RecentReward: 67.202 | QLoss: 0.484220 | ParamLoss: -1.020597 | Epsilon: 0.0200 | Replay: 50000
2026-09-19 04:58:08,770 | INFO | Steps: 115712/150000 | Episodes: 226 | CurrentEpReward: 0.000 | RecentReward: 68.084 | QLoss: 0.473920 | ParamLoss: -1.022649 | Epsilon: 0.0200 | Replay: 50000
2026-09-19 04:58:38,990 | INFO | Steps: 116224/150000 | Episodes: 227 | CurrentEpReward: 0.000 | RecentReward: 67.523 | QLoss: 0.474350 | ParamLoss: -1.027413 | Epsilon: 0.0200 | Replay: 50000
2026-09-19 04:59:09,325 | INFO | Steps: 116736/150000 | Episodes: 228 | CurrentEpReward: 0.000 | RecentReward: 66.182 | QLoss: 0.569539 | ParamLoss: -1.026450 | Epsilon: 0.0200 | Replay: 50000
2026-09-19 04:59:40,454 | INFO | Steps: 117248/150000 | Episodes: 229 | CurrentEpReward: 0.000 | RecentReward: 66.421 | QLoss: 0.488877 | ParamLoss: -1.027468 | Epsilon: 0.0200 | Replay: 50000
2026-09-19 05:00:14,322 | INFO | Steps: 117760/150000 | Episodes: 230 | CurrentEpReward: 0.000 | RecentReward: 67.287 | QLoss: 0.455948 | ParamLoss: -1.026317 | Epsilon: 0.0200 | Replay: 50000
2026-09-19 05:00:47,425 | INFO | Steps: 118272/150000 | Episodes: 231 | CurrentEpReward: 0.000 | RecentReward: 67.722 | QLoss: 0.668572 | ParamLoss: -1.031870 | Epsilon: 0.0200 | Replay: 50000
2026-09-19 05:01:20,914 | INFO | Steps: 118784/150000 | Episodes: 232 | CurrentEpReward: 0.000 | RecentReward: 68.506 | QLoss: 0.492051 | ParamLoss: -1.029621 | Epsilon: 0.0200 | Replay: 50000
2026-09-19 05:01:56,103 | INFO | Steps: 119296/150000 | Episodes: 233 | CurrentEpReward: 0.000 | RecentReward: 68.500 | QLoss: 0.542450 | ParamLoss: -1.042977 | Epsilon: 0.0200 | Replay: 50000
2026-09-19 05:02:29,633 | INFO | Steps: 119808/150000 | Episodes: 234 | CurrentEpReward: 0.000 | RecentReward: 66.861 | QLoss: 0.513252 | ParamLoss: -1.032579 | Epsilon: 0.0200 | Replay: 50000
2026-09-19 05:03:03,056 | INFO | Steps: 120320/150000 | Episodes: 235 | CurrentEpReward: 0.000 | RecentReward: 67.181 | QLoss: 0.544861 | ParamLoss: -1.040668 | Epsilon: 0.0200 | Replay: 50000
2026-09-19 05:03:38,739 | INFO | Steps: 120832/150000 | Episodes: 236 | CurrentEpReward: 0.000 | RecentReward: 66.110 | QLoss: 0.484356 | ParamLoss: -1.037436 | Epsilon: 0.0200 | Replay: 50000
2026-09-19 05:04:13,107 | INFO | Steps: 121344/150000 | Episodes: 237 | CurrentEpReward: 0.000 | RecentReward: 66.472 | QLoss: 0.509434 | ParamLoss: -1.042583 | Epsilon: 0.0200 | Replay: 50000
2026-09-19 05:04:47,122 | INFO | Steps: 121856/150000 | Episodes: 238 | CurrentEpReward: 0.000 | RecentReward: 67.412 | QLoss: 0.501766 | ParamLoss: -1.054688 | Epsilon: 0.0200 | Replay: 50000
2026-09-19 05:05:18,589 | INFO | Steps: 122368/150000 | Episodes: 239 | CurrentEpReward: 0.000 | RecentReward: 68.111 | QLoss: 0.408526 | ParamLoss: -1.062266 | Epsilon: 0.0200 | Replay: 50000
2026-09-19 05:05:48,897 | INFO | Steps: 122880/150000 | Episodes: 240 | CurrentEpReward: 0.000 | RecentReward: 66.664 | QLoss: 0.542344 | ParamLoss: -1.061620 | Epsilon: 0.0200 | Replay: 50000
2026-09-19 05:06:19,789 | INFO | Steps: 123392/150000 | Episodes: 241 | CurrentEpReward: 0.000 | RecentReward: 66.282 | QLoss: 0.443821 | ParamLoss: -1.064668 | Epsilon: 0.0200 | Replay: 50000
2026-09-19 05:06:50,067 | INFO | Steps: 123904/150000 | Episodes: 242 | CurrentEpReward: 0.000 | RecentReward: 66.434 | QLoss: 0.555978 | ParamLoss: -1.058946 | Epsilon: 0.0200 | Replay: 50000
2026-09-19 05:07:20,902 | INFO | Steps: 124416/150000 | Episodes: 243 | CurrentEpReward: 0.000 | RecentReward: 66.030 | QLoss: 0.605101 | ParamLoss: -1.063518 | Epsilon: 0.0200 | Replay: 50000
2026-09-19 05:07:51,746 | INFO | Steps: 124928/150000 | Episodes: 244 | CurrentEpReward: 0.000 | RecentReward: 67.218 | QLoss: 0.512447 | ParamLoss: -1.073213 | Epsilon: 0.0200 | Replay: 50000
2026-09-19 05:08:22,657 | INFO | Steps: 125440/150000 | Episodes: 245 | CurrentEpReward: 0.000 | RecentReward: 68.150 | QLoss: 0.494206 | ParamLoss: -1.075450 | Epsilon: 0.0200 | Replay: 50000
2026-09-19 05:08:52,498 | INFO | Steps: 125952/150000 | Episodes: 246 | CurrentEpReward: 0.000 | RecentReward: 68.165 | QLoss: 0.521747 | ParamLoss: -1.064663 | Epsilon: 0.0200 | Replay: 50000
2026-09-19 05:09:23,014 | INFO | Steps: 126464/150000 | Episodes: 247 | CurrentEpReward: 0.000 | RecentReward: 67.788 | QLoss: 0.482176 | ParamLoss: -1.060485 | Epsilon: 0.0200 | Replay: 50000
2026-09-19 05:09:53,346 | INFO | Steps: 126976/150000 | Episodes: 248 | CurrentEpReward: 0.000 | RecentReward: 66.952 | QLoss: 0.527579 | ParamLoss: -1.063892 | Epsilon: 0.0200 | Replay: 50000
2026-09-19 05:10:23,889 | INFO | Steps: 127488/150000 | Episodes: 249 | CurrentEpReward: 0.000 | RecentReward: 66.613 | QLoss: 0.606840 | ParamLoss: -1.071998 | Epsilon: 0.0200 | Replay: 50000
2026-09-19 05:10:54,609 | INFO | Steps: 128000/150000 | Episodes: 250 | CurrentEpReward: 0.000 | RecentReward: 66.653 | QLoss: 0.468802 | ParamLoss: -1.080356 | Epsilon: 0.0200 | Replay: 50000
2026-09-19 05:11:24,665 | INFO | Steps: 128512/150000 | Episodes: 251 | CurrentEpReward: 0.000 | RecentReward: 66.871 | QLoss: 0.559814 | ParamLoss: -1.094355 | Epsilon: 0.0200 | Replay: 50000
2026-09-19 05:11:54,818 | INFO | Steps: 129024/150000 | Episodes: 252 | CurrentEpReward: 0.000 | RecentReward: 66.043 | QLoss: 0.434726 | ParamLoss: -1.089974 | Epsilon: 0.0200 | Replay: 50000
2026-09-19 05:12:25,540 | INFO | Steps: 129536/150000 | Episodes: 253 | CurrentEpReward: 0.000 | RecentReward: 65.205 | QLoss: 0.493256 | ParamLoss: -1.088280 | Epsilon: 0.0200 | Replay: 50000
2026-09-19 05:12:55,948 | INFO | Steps: 130048/150000 | Episodes: 254 | CurrentEpReward: 0.000 | RecentReward: 64.379 | QLoss: 0.460129 | ParamLoss: -1.091680 | Epsilon: 0.0200 | Replay: 50000
2026-09-19 05:13:26,331 | INFO | Steps: 130560/150000 | Episodes: 255 | CurrentEpReward: 0.000 | RecentReward: 64.094 | QLoss: 0.469448 | ParamLoss: -1.096980 | Epsilon: 0.0200 | Replay: 50000
2026-09-19 05:13:57,018 | INFO | Steps: 131072/150000 | Episodes: 256 | CurrentEpReward: 0.000 | RecentReward: 65.581 | QLoss: 0.538080 | ParamLoss: -1.092115 | Epsilon: 0.0200 | Replay: 50000
2026-09-19 05:14:27,904 | INFO | Steps: 131584/150000 | Episodes: 257 | CurrentEpReward: 0.000 | RecentReward: 65.377 | QLoss: 0.468191 | ParamLoss: -1.087084 | Epsilon: 0.0200 | Replay: 50000
2026-09-19 05:14:58,092 | INFO | Steps: 132096/150000 | Episodes: 258 | CurrentEpReward: 0.000 | RecentReward: 65.426 | QLoss: 0.415672 | ParamLoss: -1.090443 | Epsilon: 0.0200 | Replay: 50000
2026-09-19 05:15:29,323 | INFO | Steps: 132608/150000 | Episodes: 259 | CurrentEpReward: 0.000 | RecentReward: 64.122 | QLoss: 0.455873 | ParamLoss: -1.093582 | Epsilon: 0.0200 | Replay: 50000
2026-09-19 05:16:00,309 | INFO | Steps: 133120/150000 | Episodes: 260 | CurrentEpReward: 0.000 | RecentReward: 64.603 | QLoss: 0.525114 | ParamLoss: -1.089312 | Epsilon: 0.0200 | Replay: 50000
2026-09-19 05:16:31,041 | INFO | Steps: 133632/150000 | Episodes: 261 | CurrentEpReward: 0.000 | RecentReward: 65.025 | QLoss: 0.459591 | ParamLoss: -1.084580 | Epsilon: 0.0200 | Replay: 50000
2026-09-19 05:17:02,993 | INFO | Steps: 134144/150000 | Episodes: 262 | CurrentEpReward: 0.000 | RecentReward: 65.848 | QLoss: 0.466662 | ParamLoss: -1.087332 | Epsilon: 0.0200 | Replay: 50000
2026-09-19 05:17:33,764 | INFO | Steps: 134656/150000 | Episodes: 263 | CurrentEpReward: 0.000 | RecentReward: 66.637 | QLoss: 0.441243 | ParamLoss: -1.092761 | Epsilon: 0.0200 | Replay: 50000
2026-09-19 05:18:05,474 | INFO | Steps: 135168/150000 | Episodes: 264 | CurrentEpReward: 0.000 | RecentReward: 67.601 | QLoss: 0.529056 | ParamLoss: -1.090685 | Epsilon: 0.0200 | Replay: 50000
2026-09-19 05:18:36,147 | INFO | Steps: 135680/150000 | Episodes: 265 | CurrentEpReward: 0.000 | RecentReward: 67.856 | QLoss: 0.500154 | ParamLoss: -1.095342 | Epsilon: 0.0200 | Replay: 50000
2026-09-19 05:19:06,886 | INFO | Steps: 136192/150000 | Episodes: 266 | CurrentEpReward: 0.000 | RecentReward: 66.581 | QLoss: 0.411119 | ParamLoss: -1.102671 | Epsilon: 0.0200 | Replay: 50000
2026-09-19 05:19:37,509 | INFO | Steps: 136704/150000 | Episodes: 267 | CurrentEpReward: 0.000 | RecentReward: 65.436 | QLoss: 0.430069 | ParamLoss: -1.109534 | Epsilon: 0.0200 | Replay: 50000
2026-09-19 05:20:08,333 | INFO | Steps: 137216/150000 | Episodes: 268 | CurrentEpReward: 0.000 | RecentReward: 66.082 | QLoss: 0.475630 | ParamLoss: -1.109033 | Epsilon: 0.0200 | Replay: 50000
2026-09-19 05:20:39,274 | INFO | Steps: 137728/150000 | Episodes: 269 | CurrentEpReward: 0.000 | RecentReward: 67.058 | QLoss: 0.505506 | ParamLoss: -1.104762 | Epsilon: 0.0200 | Replay: 50000
2026-09-19 05:21:09,943 | INFO | Steps: 138240/150000 | Episodes: 270 | CurrentEpReward: 0.000 | RecentReward: 65.749 | QLoss: 0.460135 | ParamLoss: -1.115777 | Epsilon: 0.0200 | Replay: 50000
2026-09-19 05:21:40,591 | INFO | Steps: 138752/150000 | Episodes: 271 | CurrentEpReward: 0.000 | RecentReward: 65.315 | QLoss: 0.526895 | ParamLoss: -1.117793 | Epsilon: 0.0200 | Replay: 50000
2026-09-19 05:22:13,549 | INFO | Steps: 139264/150000 | Episodes: 272 | CurrentEpReward: 0.000 | RecentReward: 64.050 | QLoss: 0.395768 | ParamLoss: -1.116962 | Epsilon: 0.0200 | Replay: 50000
2026-09-19 05:22:46,500 | INFO | Steps: 139776/150000 | Episodes: 273 | CurrentEpReward: 0.000 | RecentReward: 63.491 | QLoss: 0.472987 | ParamLoss: -1.115278 | Epsilon: 0.0200 | Replay: 50000
2026-09-19 05:23:19,780 | INFO | Steps: 140288/150000 | Episodes: 274 | CurrentEpReward: 0.000 | RecentReward: 63.563 | QLoss: 0.412069 | ParamLoss: -1.115284 | Epsilon: 0.0200 | Replay: 50000
2026-09-19 05:23:52,817 | INFO | Steps: 140800/150000 | Episodes: 275 | CurrentEpReward: 0.000 | RecentReward: 62.448 | QLoss: 0.447024 | ParamLoss: -1.115517 | Epsilon: 0.0200 | Replay: 50000
2026-09-19 05:24:27,799 | INFO | Steps: 141312/150000 | Episodes: 276 | CurrentEpReward: 0.000 | RecentReward: 62.241 | QLoss: 0.466590 | ParamLoss: -1.114258 | Epsilon: 0.0200 | Replay: 50000
2026-09-19 05:25:02,509 | INFO | Steps: 141824/150000 | Episodes: 277 | CurrentEpReward: 0.000 | RecentReward: 64.326 | QLoss: 0.531952 | ParamLoss: -1.104510 | Epsilon: 0.0200 | Replay: 50000
2026-09-19 05:25:36,883 | INFO | Steps: 142336/150000 | Episodes: 278 | CurrentEpReward: 0.000 | RecentReward: 64.293 | QLoss: 0.578711 | ParamLoss: -1.114204 | Epsilon: 0.0200 | Replay: 50000
2026-09-19 05:26:09,427 | INFO | Steps: 142848/150000 | Episodes: 279 | CurrentEpReward: 0.000 | RecentReward: 63.542 | QLoss: 0.457136 | ParamLoss: -1.120674 | Epsilon: 0.0200 | Replay: 50000
2026-09-19 05:26:43,127 | INFO | Steps: 143360/150000 | Episodes: 280 | CurrentEpReward: 0.000 | RecentReward: 65.435 | QLoss: 0.484209 | ParamLoss: -1.130017 | Epsilon: 0.0200 | Replay: 50000
2026-09-19 05:27:15,602 | INFO | Steps: 143872/150000 | Episodes: 281 | CurrentEpReward: 0.000 | RecentReward: 64.926 | QLoss: 0.528765 | ParamLoss: -1.128813 | Epsilon: 0.0200 | Replay: 50000
2026-09-19 05:27:46,106 | INFO | Steps: 144384/150000 | Episodes: 282 | CurrentEpReward: 0.000 | RecentReward: 65.534 | QLoss: 0.444593 | ParamLoss: -1.133977 | Epsilon: 0.0200 | Replay: 50000
2026-09-19 05:28:15,710 | INFO | Steps: 144896/150000 | Episodes: 283 | CurrentEpReward: 0.000 | RecentReward: 64.297 | QLoss: 0.511195 | ParamLoss: -1.138236 | Epsilon: 0.0200 | Replay: 50000
2026-09-19 05:28:46,084 | INFO | Steps: 145408/150000 | Episodes: 284 | CurrentEpReward: 0.000 | RecentReward: 62.641 | QLoss: 0.492890 | ParamLoss: -1.123005 | Epsilon: 0.0200 | Replay: 50000
2026-09-19 05:29:16,616 | INFO | Steps: 145920/150000 | Episodes: 285 | CurrentEpReward: 0.000 | RecentReward: 64.241 | QLoss: 0.542512 | ParamLoss: -1.124312 | Epsilon: 0.0200 | Replay: 50000
2026-09-19 05:29:46,884 | INFO | Steps: 146432/150000 | Episodes: 286 | CurrentEpReward: 0.000 | RecentReward: 65.018 | QLoss: 0.532133 | ParamLoss: -1.123527 | Epsilon: 0.0200 | Replay: 50000
2026-09-19 05:30:16,779 | INFO | Steps: 146944/150000 | Episodes: 287 | CurrentEpReward: 0.000 | RecentReward: 63.257 | QLoss: 0.483856 | ParamLoss: -1.124963 | Epsilon: 0.0200 | Replay: 50000
2026-09-19 05:30:46,801 | INFO | Steps: 147456/150000 | Episodes: 288 | CurrentEpReward: 0.000 | RecentReward: 63.049 | QLoss: 0.424128 | ParamLoss: -1.124215 | Epsilon: 0.0200 | Replay: 50000
2026-09-19 05:31:17,264 | INFO | Steps: 147968/150000 | Episodes: 289 | CurrentEpReward: 0.000 | RecentReward: 64.151 | QLoss: 0.557216 | ParamLoss: -1.127294 | Epsilon: 0.0200 | Replay: 50000
2026-09-19 05:31:48,221 | INFO | Steps: 148480/150000 | Episodes: 290 | CurrentEpReward: 0.000 | RecentReward: 62.969 | QLoss: 0.458468 | ParamLoss: -1.126843 | Epsilon: 0.0200 | Replay: 50000
2026-09-19 05:32:18,746 | INFO | Steps: 148992/150000 | Episodes: 291 | CurrentEpReward: 0.000 | RecentReward: 63.779 | QLoss: 0.510945 | ParamLoss: -1.133068 | Epsilon: 0.0200 | Replay: 50000
2026-09-19 05:32:49,283 | INFO | Steps: 149504/150000 | Episodes: 292 | CurrentEpReward: 0.000 | RecentReward: 63.202 | QLoss: 0.369743 | ParamLoss: -1.136538 | Epsilon: 0.0200 | Replay: 50000
2026-09-19 05:33:18,585 | INFO | Steps: 150000/150000 | Episodes: 292 | CurrentEpReward: 59.806 | RecentReward: 63.202 | QLoss: 0.473642 | ParamLoss: -1.144248 | Epsilon: 0.0200 | Replay: 50000
2026-09-19 05:34:03,465 | INFO | 周期权重已保存: /home/pjpjq/LEO_switch/results/multiseed_0907/seed43/u40/learned_baselines/pdqn/checkpoint_150000.pt
2026-09-19 05:34:03,494 | INFO | 最终权重已保存: /home/pjpjq/LEO_switch/results/multiseed_0907/seed43/u40/learned_baselines/pdqn/pdqn_model.pt
2026-09-19 05:35:11,970 | INFO | 训练与评估完成 | EvalReward: 73.705 ± 3.168
