2026-09-15 19:07:05,528 | INFO | ============================================================
2026-09-15 19:07:05,528 | INFO | 开始训练纯 MADDPG 基线
2026-09-15 19:07:05,528 | INFO | 用户数: 30 | 观测维度: 76 | handover维度: 11 | 总步数: 150000 | warmup: 1000 | batch: 128 | 日志间隔: 512 steps | device: cuda | actor_lr: 1.0e-04 | critic_lr: 3.0e-04 | tau: 0.005 | reward_scale: 1.00
2026-09-15 19:07:05,528 | INFO | ============================================================
2026-09-15 19:07:09,827 | INFO | Steps: 512/150000 | Episodes: 1 | LastEpReward: -11.529 | RecentReward: -11.529 | ActorLoss: 0.000000 | CriticLoss: 0.000000 | Q: 0.0000 | TargetQ: 0.0000 | TDAbs: 0.0000 | ActorGrad: 0.0000 | CriticGrad: 0.0000 | Noise: 0.3500 | Replay: 512 | FPS: 119.09 | ETA: 20.9 min
2026-09-15 19:07:14,217 | INFO | Steps: 1024/150000 | Episodes: 2 | LastEpReward: -9.383 | RecentReward: -10.456 | ActorLoss: 0.039079 | CriticLoss: 0.006415 | Q: -0.0400 | TargetQ: -0.0284 | TDAbs: 0.0833 | ActorGrad: 0.0010 | CriticGrad: 0.1223 | Noise: 0.3499 | Replay: 1024 | FPS: 117.85 | ETA: 21.1 min
2026-09-15 19:07:21,112 | INFO | Steps: 1536/150000 | Episodes: 3 | LastEpReward: -46.355 | RecentReward: -22.422 | ActorLoss: -0.010120 | CriticLoss: 0.000768 | Q: -0.0167 | TargetQ: -0.0166 | TDAbs: 0.0298 | ActorGrad: 0.0004 | CriticGrad: 0.0526 | Noise: 0.3485 | Replay: 1536 | FPS: 98.57 | ETA: 25.1 min
2026-09-15 19:07:27,724 | INFO | Steps: 2048/150000 | Episodes: 4 | LastEpReward: -139.718 | RecentReward: -51.746 | ActorLoss: 0.190079 | CriticLoss: 0.000836 | Q: -0.2103 | TargetQ: -0.2102 | TDAbs: 0.0304 | ActorGrad: 0.0000 | CriticGrad: 0.0804 | Noise: 0.3470 | Replay: 2048 | FPS: 92.27 | ETA: 26.7 min
2026-09-15 19:07:34,409 | INFO | Steps: 2560/150000 | Episodes: 5 | LastEpReward: -107.663 | RecentReward: -62.930 | ActorLoss: 0.507217 | CriticLoss: 0.001414 | Q: -0.5205 | TargetQ: -0.5207 | TDAbs: 0.0399 | ActorGrad: 0.0000 | CriticGrad: 0.1459 | Noise: 0.3455 | Replay: 2560 | FPS: 88.64 | ETA: 27.7 min
2026-09-15 19:07:41,079 | INFO | Steps: 3072/150000 | Episodes: 6 | LastEpReward: -95.648 | RecentReward: -68.383 | ActorLoss: 0.823563 | CriticLoss: 0.001871 | Q: -0.8331 | TargetQ: -0.8332 | TDAbs: 0.0451 | ActorGrad: 0.0001 | CriticGrad: 0.1793 | Noise: 0.3441 | Replay: 3072 | FPS: 86.41 | ETA: 28.3 min
2026-09-15 19:07:47,768 | INFO | Steps: 3584/150000 | Episodes: 7 | LastEpReward: -65.737 | RecentReward: -68.005 | ActorLoss: 1.078587 | CriticLoss: 0.002872 | Q: -1.1132 | TargetQ: -1.1133 | TDAbs: 0.0527 | ActorGrad: 0.0041 | CriticGrad: 0.2414 | Noise: 0.3426 | Replay: 3584 | FPS: 84.85 | ETA: 28.8 min
2026-09-15 19:07:54,504 | INFO | Steps: 4096/150000 | Episodes: 8 | LastEpReward: 6.483 | RecentReward: -58.694 | ActorLoss: 1.043302 | CriticLoss: 0.002214 | Q: -1.1307 | TargetQ: -1.1304 | TDAbs: 0.0469 | ActorGrad: 0.0103 | CriticGrad: 0.1600 | Noise: 0.3412 | Replay: 4096 | FPS: 83.63 | ETA: 29.1 min
2026-09-15 19:08:01,446 | INFO | Steps: 4608/150000 | Episodes: 9 | LastEpReward: 9.334 | RecentReward: -51.135 | ActorLoss: 0.928406 | CriticLoss: 0.002402 | Q: -1.0410 | TargetQ: -1.0409 | TDAbs: 0.0513 | ActorGrad: 0.0118 | CriticGrad: 0.2059 | Noise: 0.3397 | Replay: 4608 | FPS: 82.41 | ETA: 29.4 min
2026-09-15 19:08:08,103 | INFO | 开始周期评估: Steps=5120 | Episodes=10 | EvalEpisodes=5
2026-09-15 19:08:29,038 | INFO | 周期评估完成: Steps=5120 | MeanReward=19.397 | StdReward=3.518
2026-09-15 19:08:29,050 | INFO | Steps: 5120/150000 | Episodes: 10 | LastEpReward: 2.169 | RecentReward: -45.805 | ActorLoss: 0.780247 | CriticLoss: 0.002684 | Q: -0.8890 | TargetQ: -0.8887 | TDAbs: 0.0522 | ActorGrad: 0.0114 | CriticGrad: 0.2171 | Noise: 0.3382 | Replay: 5120 | FPS: 61.30 | ETA: 39.4 min
2026-09-15 19:08:35,932 | INFO | Steps: 5632/150000 | Episodes: 11 | LastEpReward: 21.924 | RecentReward: -42.459 | ActorLoss: 0.592126 | CriticLoss: 0.001879 | Q: -0.7055 | TargetQ: -0.7054 | TDAbs: 0.0466 | ActorGrad: 0.0057 | CriticGrad: 0.1721 | Noise: 0.3368 | Replay: 5632 | FPS: 62.30 | ETA: 38.6 min
2026-09-15 19:08:42,984 | INFO | Steps: 6144/150000 | Episodes: 12 | LastEpReward: 9.331 | RecentReward: -40.588 | ActorLoss: 0.417042 | CriticLoss: 0.002354 | Q: -0.5212 | TargetQ: -0.5211 | TDAbs: 0.0510 | ActorGrad: 0.0071 | CriticGrad: 0.1503 | Noise: 0.3353 | Replay: 6144 | FPS: 63.04 | ETA: 38.0 min
2026-09-15 19:08:49,858 | INFO | Steps: 6656/150000 | Episodes: 13 | LastEpReward: 17.324 | RecentReward: -34.220 | ActorLoss: 0.239675 | CriticLoss: 0.002108 | Q: -0.3376 | TargetQ: -0.3370 | TDAbs: 0.0489 | ActorGrad: 0.0091 | CriticGrad: 0.1278 | Noise: 0.3338 | Replay: 6656 | FPS: 63.80 | ETA: 37.4 min
2026-09-15 19:08:56,667 | INFO | Steps: 7168/150000 | Episodes: 14 | LastEpReward: 24.531 | RecentReward: -17.795 | ActorLoss: 0.112313 | CriticLoss: 0.001755 | Q: -0.2038 | TargetQ: -0.2034 | TDAbs: 0.0451 | ActorGrad: 0.0075 | CriticGrad: 0.1049 | Noise: 0.3324 | Replay: 7168 | FPS: 64.50 | ETA: 36.9 min
2026-09-15 19:09:03,492 | INFO | Steps: 7680/150000 | Episodes: 15 | LastEpReward: 23.346 | RecentReward: -4.694 | ActorLoss: -0.015328 | CriticLoss: 0.002100 | Q: -0.0714 | TargetQ: -0.0712 | TDAbs: 0.0496 | ActorGrad: 0.0083 | CriticGrad: 0.1327 | Noise: 0.3309 | Replay: 7680 | FPS: 65.10 | ETA: 36.4 min
2026-09-15 19:09:10,274 | INFO | Steps: 8192/150000 | Episodes: 16 | LastEpReward: 23.641 | RecentReward: 7.235 | ActorLoss: -0.149319 | CriticLoss: 0.001985 | Q: 0.0659 | TargetQ: 0.0661 | TDAbs: 0.0478 | ActorGrad: 0.0105 | CriticGrad: 0.1050 | Noise: 0.3295 | Replay: 8192 | FPS: 65.67 | ETA: 36.0 min
2026-09-15 19:09:17,246 | INFO | Steps: 8704/150000 | Episodes: 17 | LastEpReward: 22.318 | RecentReward: 16.040 | ActorLoss: -0.289680 | CriticLoss: 0.002129 | Q: 0.2107 | TargetQ: 0.2111 | TDAbs: 0.0495 | ActorGrad: 0.0142 | CriticGrad: 0.1305 | Noise: 0.3280 | Replay: 8704 | FPS: 66.08 | ETA: 35.6 min
2026-09-15 19:09:24,199 | INFO | Steps: 9216/150000 | Episodes: 18 | LastEpReward: 30.136 | RecentReward: 18.405 | ActorLoss: -0.414120 | CriticLoss: 0.003019 | Q: 0.3383 | TargetQ: 0.3387 | TDAbs: 0.0591 | ActorGrad: 0.0130 | CriticGrad: 0.1626 | Noise: 0.3265 | Replay: 9216 | FPS: 66.46 | ETA: 35.3 min
2026-09-15 19:09:31,086 | INFO | Steps: 9728/150000 | Episodes: 19 | LastEpReward: 22.035 | RecentReward: 19.675 | ActorLoss: -0.551367 | CriticLoss: 0.002769 | Q: 0.4721 | TargetQ: 0.4730 | TDAbs: 0.0566 | ActorGrad: 0.0120 | CriticGrad: 0.1405 | Noise: 0.3251 | Replay: 9728 | FPS: 66.83 | ETA: 35.0 min
2026-09-15 19:09:37,905 | INFO | 开始周期评估: Steps=10240 | Episodes=20 | EvalEpisodes=5
2026-09-15 19:09:58,987 | INFO | 周期评估完成: Steps=10240 | MeanReward=27.867 | StdReward=6.385
2026-09-15 19:09:58,999 | INFO | Steps: 10240/150000 | Episodes: 20 | LastEpReward: 25.208 | RecentReward: 21.979 | ActorLoss: -0.706897 | CriticLoss: 0.003314 | Q: 0.6313 | TargetQ: 0.6312 | TDAbs: 0.0624 | ActorGrad: 0.0116 | CriticGrad: 0.1748 | Noise: 0.3236 | Replay: 10240 | FPS: 59.03 | ETA: 39.5 min
2026-09-15 19:10:05,821 | INFO | Steps: 10752/150000 | Episodes: 21 | LastEpReward: 20.024 | RecentReward: 21.789 | ActorLoss: -0.839822 | CriticLoss: 0.003185 | Q: 0.7585 | TargetQ: 0.7586 | TDAbs: 0.0614 | ActorGrad: 0.0116 | CriticGrad: 0.1892 | Noise: 0.3221 | Replay: 10752 | FPS: 59.64 | ETA: 38.9 min
2026-09-15 19:10:12,631 | INFO | Steps: 11264/150000 | Episodes: 22 | LastEpReward: 28.684 | RecentReward: 23.725 | ActorLoss: -0.999773 | CriticLoss: 0.003288 | Q: 0.9152 | TargetQ: 0.9153 | TDAbs: 0.0607 | ActorGrad: 0.0254 | CriticGrad: 0.1615 | Noise: 0.3207 | Replay: 11264 | FPS: 60.20 | ETA: 38.4 min
2026-09-15 19:10:19,538 | INFO | Steps: 11776/150000 | Episodes: 23 | LastEpReward: 24.768 | RecentReward: 24.469 | ActorLoss: -1.137625 | CriticLoss: 0.003523 | Q: 1.0534 | TargetQ: 1.0540 | TDAbs: 0.0642 | ActorGrad: 0.0252 | CriticGrad: 0.1720 | Noise: 0.3192 | Replay: 11776 | FPS: 60.70 | ETA: 38.0 min
2026-09-15 19:10:26,488 | INFO | Steps: 12288/150000 | Episodes: 24 | LastEpReward: 15.177 | RecentReward: 23.534 | ActorLoss: -1.307712 | CriticLoss: 0.004155 | Q: 1.2222 | TargetQ: 1.2224 | TDAbs: 0.0689 | ActorGrad: 0.0290 | CriticGrad: 0.2037 | Noise: 0.3177 | Replay: 12288 | FPS: 61.15 | ETA: 37.5 min
2026-09-15 19:10:33,513 | INFO | Steps: 12800/150000 | Episodes: 25 | LastEpReward: 13.199 | RecentReward: 22.519 | ActorLoss: -1.454272 | CriticLoss: 0.004315 | Q: 1.3785 | TargetQ: 1.3786 | TDAbs: 0.0703 | ActorGrad: 0.0332 | CriticGrad: 0.1991 | Noise: 0.3163 | Replay: 12800 | FPS: 61.54 | ETA: 37.2 min
2026-09-15 19:10:40,441 | INFO | Steps: 13312/150000 | Episodes: 26 | LastEpReward: 24.323 | RecentReward: 22.587 | ActorLoss: -1.574204 | CriticLoss: 0.004713 | Q: 1.5055 | TargetQ: 1.5054 | TDAbs: 0.0734 | ActorGrad: 0.0225 | CriticGrad: 0.2109 | Noise: 0.3148 | Replay: 13312 | FPS: 61.94 | ETA: 36.8 min
2026-09-15 19:10:47,371 | INFO | Steps: 13824/150000 | Episodes: 27 | LastEpReward: 25.204 | RecentReward: 22.876 | ActorLoss: -1.692494 | CriticLoss: 0.005067 | Q: 1.6227 | TargetQ: 1.6222 | TDAbs: 0.0768 | ActorGrad: 0.0338 | CriticGrad: 0.2753 | Noise: 0.3134 | Replay: 13824 | FPS: 62.31 | ETA: 36.4 min
2026-09-15 19:10:54,209 | INFO | Steps: 14336/150000 | Episodes: 28 | LastEpReward: 20.532 | RecentReward: 21.915 | ActorLoss: -1.816322 | CriticLoss: 0.005183 | Q: 1.7454 | TargetQ: 1.7455 | TDAbs: 0.0761 | ActorGrad: 0.0325 | CriticGrad: 0.2173 | Noise: 0.3119 | Replay: 14336 | FPS: 62.69 | ETA: 36.1 min
2026-09-15 19:11:01,009 | INFO | Steps: 14848/150000 | Episodes: 29 | LastEpReward: 10.324 | RecentReward: 20.744 | ActorLoss: -1.932753 | CriticLoss: 0.004966 | Q: 1.8658 | TargetQ: 1.8661 | TDAbs: 0.0750 | ActorGrad: 0.0409 | CriticGrad: 0.2170 | Noise: 0.3104 | Replay: 14848 | FPS: 63.05 | ETA: 35.7 min
2026-09-15 19:11:07,917 | INFO | 开始周期评估: Steps=15360 | Episodes=30 | EvalEpisodes=5
2026-09-15 19:11:28,804 | INFO | 周期评估完成: Steps=15360 | MeanReward=17.781 | StdReward=4.435
2026-09-15 19:11:28,812 | INFO | Steps: 15360/150000 | Episodes: 30 | LastEpReward: 28.334 | RecentReward: 21.057 | ActorLoss: -2.011707 | CriticLoss: 0.005972 | Q: 1.9425 | TargetQ: 1.9426 | TDAbs: 0.0827 | ActorGrad: 0.0431 | CriticGrad: 0.2658 | Noise: 0.3090 | Replay: 15360 | FPS: 58.34 | ETA: 38.5 min
2026-09-15 19:11:35,664 | INFO | Steps: 15872/150000 | Episodes: 31 | LastEpReward: 12.901 | RecentReward: 20.345 | ActorLoss: -2.140271 | CriticLoss: 0.005966 | Q: 2.0780 | TargetQ: 2.0786 | TDAbs: 0.0826 | ActorGrad: 0.0423 | CriticGrad: 0.2735 | Noise: 0.3075 | Replay: 15872 | FPS: 58.76 | ETA: 38.0 min
2026-09-15 19:11:42,522 | INFO | Steps: 16384/150000 | Episodes: 32 | LastEpReward: 17.281 | RecentReward: 19.204 | ActorLoss: -2.228098 | CriticLoss: 0.006769 | Q: 2.1681 | TargetQ: 2.1681 | TDAbs: 0.0859 | ActorGrad: 0.0385 | CriticGrad: 0.2978 | Noise: 0.3060 | Replay: 16384 | FPS: 59.15 | ETA: 37.6 min
2026-09-15 19:11:49,379 | INFO | Steps: 16896/150000 | Episodes: 33 | LastEpReward: 13.433 | RecentReward: 18.071 | ActorLoss: -2.301755 | CriticLoss: 0.006688 | Q: 2.2370 | TargetQ: 2.2369 | TDAbs: 0.0857 | ActorGrad: 0.0451 | CriticGrad: 0.3077 | Noise: 0.3046 | Replay: 16896 | FPS: 59.52 | ETA: 37.3 min
2026-09-15 19:11:56,268 | INFO | Steps: 17408/150000 | Episodes: 34 | LastEpReward: 26.060 | RecentReward: 19.159 | ActorLoss: -2.388071 | CriticLoss: 0.006588 | Q: 2.3279 | TargetQ: 2.3283 | TDAbs: 0.0867 | ActorGrad: 0.0374 | CriticGrad: 0.2817 | Noise: 0.3031 | Replay: 17408 | FPS: 59.87 | ETA: 36.9 min
2026-09-15 19:12:03,330 | INFO | Steps: 17920/150000 | Episodes: 35 | LastEpReward: 21.415 | RecentReward: 19.981 | ActorLoss: -2.453791 | CriticLoss: 0.007273 | Q: 2.3947 | TargetQ: 2.3949 | TDAbs: 0.0916 | ActorGrad: 0.0458 | CriticGrad: 0.3381 | Noise: 0.3017 | Replay: 17920 | FPS: 60.17 | ETA: 36.6 min
2026-09-15 19:12:10,212 | INFO | Steps: 18432/150000 | Episodes: 36 | LastEpReward: 19.813 | RecentReward: 19.530 | ActorLoss: -2.521169 | CriticLoss: 0.007292 | Q: 2.4671 | TargetQ: 2.4670 | TDAbs: 0.0905 | ActorGrad: 0.0383 | CriticGrad: 0.3203 | Noise: 0.3002 | Replay: 18432 | FPS: 60.50 | ETA: 36.2 min
2026-09-15 19:12:17,162 | INFO | Steps: 18944/150000 | Episodes: 37 | LastEpReward: 18.583 | RecentReward: 18.868 | ActorLoss: -2.597985 | CriticLoss: 0.007557 | Q: 2.5399 | TargetQ: 2.5402 | TDAbs: 0.0930 | ActorGrad: 0.0451 | CriticGrad: 0.3357 | Noise: 0.2987 | Replay: 18944 | FPS: 60.79 | ETA: 35.9 min
2026-09-15 19:12:23,911 | INFO | Steps: 19456/150000 | Episodes: 38 | LastEpReward: 10.700 | RecentReward: 17.884 | ActorLoss: -2.684344 | CriticLoss: 0.009100 | Q: 2.6285 | TargetQ: 2.6292 | TDAbs: 0.1033 | ActorGrad: 0.0472 | CriticGrad: 0.5245 | Noise: 0.2973 | Replay: 19456 | FPS: 61.11 | ETA: 35.6 min
2026-09-15 19:12:30,987 | INFO | Steps: 19968/150000 | Episodes: 39 | LastEpReward: 22.510 | RecentReward: 19.103 | ActorLoss: -2.742825 | CriticLoss: 0.009112 | Q: 2.6891 | TargetQ: 2.6894 | TDAbs: 0.1008 | ActorGrad: 0.0562 | CriticGrad: 0.3728 | Noise: 0.2958 | Replay: 19968 | FPS: 61.35 | ETA: 35.3 min
2026-09-15 19:12:37,877 | INFO | 开始周期评估: Steps=20480 | Episodes=40 | EvalEpisodes=5
2026-09-15 19:12:58,883 | INFO | 周期评估完成: Steps=20480 | MeanReward=17.572 | StdReward=3.987
2026-09-15 19:12:58,891 | INFO | Steps: 20480/150000 | Episodes: 40 | LastEpReward: 14.499 | RecentReward: 17.719 | ActorLoss: -2.839239 | CriticLoss: 0.008565 | Q: 2.7813 | TargetQ: 2.7812 | TDAbs: 0.0975 | ActorGrad: 0.0545 | CriticGrad: 0.3431 | Noise: 0.2943 | Replay: 20480 | FPS: 57.96 | ETA: 37.2 min
2026-09-15 19:13:05,810 | INFO | Steps: 20992/150000 | Episodes: 41 | LastEpReward: 21.401 | RecentReward: 18.569 | ActorLoss: -2.920583 | CriticLoss: 0.009658 | Q: 2.8729 | TargetQ: 2.8726 | TDAbs: 0.1060 | ActorGrad: 0.0455 | CriticGrad: 0.4768 | Noise: 0.2929 | Replay: 20992 | FPS: 58.27 | ETA: 36.9 min
2026-09-15 19:13:12,939 | INFO | Steps: 21504/150000 | Episodes: 42 | LastEpReward: 27.422 | RecentReward: 19.584 | ActorLoss: -2.962620 | CriticLoss: 0.009287 | Q: 2.9138 | TargetQ: 2.9146 | TDAbs: 0.1026 | ActorGrad: 0.0478 | CriticGrad: 0.3779 | Noise: 0.2914 | Replay: 21504 | FPS: 58.53 | ETA: 36.6 min
2026-09-15 19:13:20,030 | INFO | Steps: 22016/150000 | Episodes: 43 | LastEpReward: 35.743 | RecentReward: 21.815 | ActorLoss: -3.013473 | CriticLoss: 0.010463 | Q: 2.9650 | TargetQ: 2.9648 | TDAbs: 0.1084 | ActorGrad: 0.0486 | CriticGrad: 0.4362 | Noise: 0.2900 | Replay: 22016 | FPS: 58.79 | ETA: 36.3 min
2026-09-15 19:13:26,963 | INFO | Steps: 22528/150000 | Episodes: 44 | LastEpReward: 22.596 | RecentReward: 21.468 | ActorLoss: -3.096414 | CriticLoss: 0.010493 | Q: 3.0448 | TargetQ: 3.0446 | TDAbs: 0.1074 | ActorGrad: 0.0508 | CriticGrad: 0.4214 | Noise: 0.2885 | Replay: 22528 | FPS: 59.06 | ETA: 36.0 min
2026-09-15 19:13:33,922 | INFO | Steps: 23040/150000 | Episodes: 45 | LastEpReward: 20.519 | RecentReward: 21.379 | ActorLoss: -3.148118 | CriticLoss: 0.010921 | Q: 3.1042 | TargetQ: 3.1045 | TDAbs: 0.1108 | ActorGrad: 0.0510 | CriticGrad: 0.4616 | Noise: 0.2870 | Replay: 23040 | FPS: 59.32 | ETA: 35.7 min
2026-09-15 19:13:40,827 | INFO | Steps: 23552/150000 | Episodes: 46 | LastEpReward: 19.460 | RecentReward: 21.343 | ActorLoss: -3.141101 | CriticLoss: 0.009959 | Q: 3.0951 | TargetQ: 3.0954 | TDAbs: 0.1080 | ActorGrad: 0.0483 | CriticGrad: 0.4135 | Noise: 0.2856 | Replay: 23552 | FPS: 59.58 | ETA: 35.4 min
2026-09-15 19:13:47,681 | INFO | Steps: 24064/150000 | Episodes: 47 | LastEpReward: 20.834 | RecentReward: 21.568 | ActorLoss: -3.212347 | CriticLoss: 0.010006 | Q: 3.1724 | TargetQ: 3.1721 | TDAbs: 0.1068 | ActorGrad: 0.0394 | CriticGrad: 0.4210 | Noise: 0.2841 | Replay: 24064 | FPS: 59.84 | ETA: 35.1 min
2026-09-15 19:13:54,604 | INFO | Steps: 24576/150000 | Episodes: 48 | LastEpReward: 20.865 | RecentReward: 22.585 | ActorLoss: -3.237821 | CriticLoss: 0.012152 | Q: 3.1923 | TargetQ: 3.1922 | TDAbs: 0.1173 | ActorGrad: 0.0611 | CriticGrad: 0.5241 | Noise: 0.2826 | Replay: 24576 | FPS: 60.08 | ETA: 34.8 min
2026-09-15 19:14:01,556 | INFO | Steps: 25088/150000 | Episodes: 49 | LastEpReward: 24.361 | RecentReward: 22.770 | ActorLoss: -3.290257 | CriticLoss: 0.011762 | Q: 3.2436 | TargetQ: 3.2443 | TDAbs: 0.1153 | ActorGrad: 0.0518 | CriticGrad: 0.4974 | Noise: 0.2812 | Replay: 25088 | FPS: 60.30 | ETA: 34.5 min
2026-09-15 19:14:08,414 | INFO | 开始周期评估: Steps=25600 | Episodes=50 | EvalEpisodes=5
2026-09-15 19:14:29,432 | INFO | 周期评估完成: Steps=25600 | MeanReward=23.250 | StdReward=4.351
2026-09-15 19:14:29,440 | INFO | Steps: 25600/150000 | Episodes: 50 | LastEpReward: 22.364 | RecentReward: 23.557 | ActorLoss: -3.286650 | CriticLoss: 0.012225 | Q: 3.2499 | TargetQ: 3.2489 | TDAbs: 0.1176 | ActorGrad: 0.0533 | CriticGrad: 0.4761 | Noise: 0.2797 | Replay: 25600 | FPS: 57.67 | ETA: 36.0 min
2026-09-15 19:14:36,404 | INFO | Steps: 26112/150000 | Episodes: 51 | LastEpReward: 22.445 | RecentReward: 23.661 | ActorLoss: -3.361981 | CriticLoss: 0.012857 | Q: 3.3223 | TargetQ: 3.3221 | TDAbs: 0.1194 | ActorGrad: 0.0511 | CriticGrad: 0.4891 | Noise: 0.2783 | Replay: 26112 | FPS: 57.91 | ETA: 35.7 min
2026-09-15 19:14:43,358 | INFO | Steps: 26624/150000 | Episodes: 52 | LastEpReward: 18.026 | RecentReward: 22.721 | ActorLoss: -3.369432 | CriticLoss: 0.011720 | Q: 3.3290 | TargetQ: 3.3290 | TDAbs: 0.1152 | ActorGrad: 0.0599 | CriticGrad: 0.4695 | Noise: 0.2768 | Replay: 26624 | FPS: 58.15 | ETA: 35.4 min
2026-09-15 19:14:50,290 | INFO | Steps: 27136/150000 | Episodes: 53 | LastEpReward: 26.516 | RecentReward: 21.799 | ActorLoss: -3.438636 | CriticLoss: 0.012893 | Q: 3.3991 | TargetQ: 3.3992 | TDAbs: 0.1217 | ActorGrad: 0.0518 | CriticGrad: 0.4746 | Noise: 0.2753 | Replay: 27136 | FPS: 58.39 | ETA: 35.1 min
2026-09-15 19:14:57,289 | INFO | Steps: 27648/150000 | Episodes: 54 | LastEpReward: 19.578 | RecentReward: 21.497 | ActorLoss: -3.445633 | CriticLoss: 0.013093 | Q: 3.4074 | TargetQ: 3.4086 | TDAbs: 0.1229 | ActorGrad: 0.0348 | CriticGrad: 0.5764 | Noise: 0.2739 | Replay: 27648 | FPS: 58.61 | ETA: 34.8 min
2026-09-15 19:15:04,211 | INFO | Steps: 28160/150000 | Episodes: 55 | LastEpReward: 22.699 | RecentReward: 21.715 | ActorLoss: -3.491474 | CriticLoss: 0.013749 | Q: 3.4475 | TargetQ: 3.4471 | TDAbs: 0.1238 | ActorGrad: 0.0402 | CriticGrad: 0.5486 | Noise: 0.2724 | Replay: 28160 | FPS: 58.83 | ETA: 34.5 min
2026-09-15 19:15:11,493 | INFO | Steps: 28672/150000 | Episodes: 56 | LastEpReward: 25.276 | RecentReward: 22.296 | ActorLoss: -3.540365 | CriticLoss: 0.014002 | Q: 3.5001 | TargetQ: 3.4997 | TDAbs: 0.1253 | ActorGrad: 0.0701 | CriticGrad: 0.5291 | Noise: 0.2709 | Replay: 28672 | FPS: 59.00 | ETA: 34.3 min
2026-09-15 19:15:18,608 | INFO | Steps: 29184/150000 | Episodes: 57 | LastEpReward: 24.798 | RecentReward: 22.693 | ActorLoss: -3.607363 | CriticLoss: 0.016382 | Q: 3.5693 | TargetQ: 3.5691 | TDAbs: 0.1335 | ActorGrad: 0.0524 | CriticGrad: 0.6560 | Noise: 0.2695 | Replay: 29184 | FPS: 59.19 | ETA: 34.0 min
2026-09-15 19:15:25,512 | INFO | Steps: 29696/150000 | Episodes: 58 | LastEpReward: 14.668 | RecentReward: 22.073 | ActorLoss: -3.612148 | CriticLoss: 0.015203 | Q: 3.5752 | TargetQ: 3.5751 | TDAbs: 0.1309 | ActorGrad: 0.0521 | CriticGrad: 0.5771 | Noise: 0.2680 | Replay: 29696 | FPS: 59.39 | ETA: 33.8 min
2026-09-15 19:15:32,439 | INFO | Steps: 30208/150000 | Episodes: 59 | LastEpReward: 30.245 | RecentReward: 22.661 | ActorLoss: -3.635335 | CriticLoss: 0.014523 | Q: 3.5995 | TargetQ: 3.5990 | TDAbs: 0.1285 | ActorGrad: 0.0129 | CriticGrad: 0.5819 | Noise: 0.2665 | Replay: 30208 | FPS: 59.59 | ETA: 33.5 min
2026-09-15 19:15:39,387 | INFO | 开始周期评估: Steps=30720 | Episodes=60 | EvalEpisodes=5
2026-09-15 19:16:00,430 | INFO | 周期评估完成: Steps=30720 | MeanReward=29.424 | StdReward=3.828
2026-09-15 19:16:00,441 | INFO | Steps: 30720/150000 | Episodes: 60 | LastEpReward: 33.043 | RecentReward: 23.729 | ActorLoss: -3.646355 | CriticLoss: 0.015615 | Q: 3.6151 | TargetQ: 3.6160 | TDAbs: 0.1306 | ActorGrad: 0.0159 | CriticGrad: 0.5839 | Noise: 0.2651 | Replay: 30720 | FPS: 57.43 | ETA: 34.6 min
2026-09-15 19:16:07,379 | INFO | Steps: 31232/150000 | Episodes: 61 | LastEpReward: 29.834 | RecentReward: 24.468 | ActorLoss: -3.663984 | CriticLoss: 0.014538 | Q: 3.6290 | TargetQ: 3.6298 | TDAbs: 0.1281 | ActorGrad: 0.0185 | CriticGrad: 0.5637 | Noise: 0.2636 | Replay: 31232 | FPS: 57.64 | ETA: 34.3 min
2026-09-15 19:16:14,391 | INFO | Steps: 31744/150000 | Episodes: 62 | LastEpReward: 30.764 | RecentReward: 25.742 | ActorLoss: -3.691191 | CriticLoss: 0.016140 | Q: 3.6605 | TargetQ: 3.6596 | TDAbs: 0.1326 | ActorGrad: 0.0211 | CriticGrad: 0.5757 | Noise: 0.2622 | Replay: 31744 | FPS: 57.84 | ETA: 34.1 min
2026-09-15 19:16:21,513 | INFO | Steps: 32256/150000 | Episodes: 63 | LastEpReward: 18.557 | RecentReward: 24.946 | ActorLoss: -3.733498 | CriticLoss: 0.017586 | Q: 3.7035 | TargetQ: 3.7038 | TDAbs: 0.1384 | ActorGrad: 0.0262 | CriticGrad: 0.6761 | Noise: 0.2607 | Replay: 32256 | FPS: 58.02 | ETA: 33.8 min
2026-09-15 19:16:28,392 | INFO | Steps: 32768/150000 | Episodes: 64 | LastEpReward: 26.843 | RecentReward: 25.673 | ActorLoss: -3.714858 | CriticLoss: 0.016859 | Q: 3.6847 | TargetQ: 3.6837 | TDAbs: 0.1342 | ActorGrad: 0.0241 | CriticGrad: 0.5927 | Noise: 0.2592 | Replay: 32768 | FPS: 58.22 | ETA: 33.6 min
2026-09-15 19:16:35,395 | INFO | Steps: 33280/150000 | Episodes: 65 | LastEpReward: 24.088 | RecentReward: 25.812 | ActorLoss: -3.807267 | CriticLoss: 0.017333 | Q: 3.7733 | TargetQ: 3.7741 | TDAbs: 0.1382 | ActorGrad: 0.0231 | CriticGrad: 0.7042 | Noise: 0.2578 | Replay: 33280 | FPS: 58.40 | ETA: 33.3 min
2026-09-15 19:16:42,351 | INFO | Steps: 33792/150000 | Episodes: 66 | LastEpReward: 28.978 | RecentReward: 26.182 | ActorLoss: -3.813669 | CriticLoss: 0.016702 | Q: 3.7840 | TargetQ: 3.7840 | TDAbs: 0.1345 | ActorGrad: 0.0294 | CriticGrad: 0.5978 | Noise: 0.2563 | Replay: 33792 | FPS: 58.58 | ETA: 33.1 min
2026-09-15 19:16:49,407 | INFO | Steps: 34304/150000 | Episodes: 67 | LastEpReward: 39.999 | RecentReward: 27.702 | ActorLoss: -3.856101 | CriticLoss: 0.017797 | Q: 3.8278 | TargetQ: 3.8266 | TDAbs: 0.1371 | ActorGrad: 0.0313 | CriticGrad: 0.6038 | Noise: 0.2548 | Replay: 34304 | FPS: 58.75 | ETA: 32.8 min
2026-09-15 19:16:56,696 | INFO | Steps: 34816/150000 | Episodes: 68 | LastEpReward: 24.145 | RecentReward: 28.650 | ActorLoss: -3.853613 | CriticLoss: 0.017308 | Q: 3.8271 | TargetQ: 3.8270 | TDAbs: 0.1380 | ActorGrad: 0.0297 | CriticGrad: 0.6001 | Noise: 0.2534 | Replay: 34816 | FPS: 58.89 | ETA: 32.6 min
2026-09-15 19:17:03,939 | INFO | Steps: 35328/150000 | Episodes: 69 | LastEpReward: 35.093 | RecentReward: 29.134 | ActorLoss: -3.904112 | CriticLoss: 0.019035 | Q: 3.8777 | TargetQ: 3.8759 | TDAbs: 0.1435 | ActorGrad: 0.0367 | CriticGrad: 0.7225 | Noise: 0.2519 | Replay: 35328 | FPS: 59.04 | ETA: 32.4 min
2026-09-15 19:17:10,956 | INFO | 开始周期评估: Steps=35840 | Episodes=70 | EvalEpisodes=5
2026-09-15 19:17:31,932 | INFO | 周期评估完成: Steps=35840 | MeanReward=28.988 | StdReward=4.532
2026-09-15 19:17:31,940 | INFO | Steps: 35840/150000 | Episodes: 70 | LastEpReward: 29.556 | RecentReward: 28.786 | ActorLoss: -3.935274 | CriticLoss: 0.019023 | Q: 3.9088 | TargetQ: 3.9084 | TDAbs: 0.1420 | ActorGrad: 0.0397 | CriticGrad: 0.6972 | Noise: 0.2505 | Replay: 35840 | FPS: 57.21 | ETA: 33.3 min
2026-09-15 19:17:38,864 | INFO | Steps: 36352/150000 | Episodes: 71 | LastEpReward: 19.103 | RecentReward: 27.713 | ActorLoss: -3.910060 | CriticLoss: 0.017324 | Q: 3.8828 | TargetQ: 3.8834 | TDAbs: 0.1399 | ActorGrad: 0.0394 | CriticGrad: 0.6020 | Noise: 0.2490 | Replay: 36352 | FPS: 57.40 | ETA: 33.0 min
2026-09-15 19:17:45,914 | INFO | Steps: 36864/150000 | Episodes: 72 | LastEpReward: 20.944 | RecentReward: 26.731 | ActorLoss: -3.987522 | CriticLoss: 0.017380 | Q: 3.9576 | TargetQ: 3.9579 | TDAbs: 0.1389 | ActorGrad: 0.0439 | CriticGrad: 0.5710 | Noise: 0.2475 | Replay: 36864 | FPS: 57.57 | ETA: 32.8 min
2026-09-15 19:17:52,914 | INFO | Steps: 37376/150000 | Episodes: 73 | LastEpReward: 34.129 | RecentReward: 28.288 | ActorLoss: -3.918462 | CriticLoss: 0.018274 | Q: 3.8913 | TargetQ: 3.8920 | TDAbs: 0.1408 | ActorGrad: 0.0407 | CriticGrad: 0.6684 | Noise: 0.2461 | Replay: 37376 | FPS: 57.73 | ETA: 32.5 min
2026-09-15 19:17:59,947 | INFO | Steps: 37888/150000 | Episodes: 74 | LastEpReward: 27.594 | RecentReward: 28.363 | ActorLoss: -3.982567 | CriticLoss: 0.018140 | Q: 3.9578 | TargetQ: 3.9594 | TDAbs: 0.1422 | ActorGrad: 0.0439 | CriticGrad: 0.6997 | Noise: 0.2446 | Replay: 37888 | FPS: 57.90 | ETA: 32.3 min
2026-09-15 19:18:06,852 | INFO | Steps: 38400/150000 | Episodes: 75 | LastEpReward: 19.109 | RecentReward: 27.865 | ActorLoss: -3.989529 | CriticLoss: 0.017876 | Q: 3.9601 | TargetQ: 3.9596 | TDAbs: 0.1402 | ActorGrad: 0.0444 | CriticGrad: 0.5959 | Noise: 0.2431 | Replay: 38400 | FPS: 58.07 | ETA: 32.0 min
2026-09-15 19:18:13,745 | INFO | Steps: 38912/150000 | Episodes: 76 | LastEpReward: 25.095 | RecentReward: 27.477 | ActorLoss: -3.983616 | CriticLoss: 0.017537 | Q: 3.9581 | TargetQ: 3.9577 | TDAbs: 0.1400 | ActorGrad: 0.0429 | CriticGrad: 0.7731 | Noise: 0.2417 | Replay: 38912 | FPS: 58.23 | ETA: 31.8 min
2026-09-15 19:18:20,881 | INFO | Steps: 39424/150000 | Episodes: 77 | LastEpReward: 38.997 | RecentReward: 27.377 | ActorLoss: -4.062759 | CriticLoss: 0.018482 | Q: 4.0359 | TargetQ: 4.0352 | TDAbs: 0.1401 | ActorGrad: 0.0426 | CriticGrad: 0.5890 | Noise: 0.2402 | Replay: 39424 | FPS: 58.38 | ETA: 31.6 min
2026-09-15 19:18:27,844 | INFO | Steps: 39936/150000 | Episodes: 78 | LastEpReward: 22.274 | RecentReward: 27.190 | ActorLoss: -4.045949 | CriticLoss: 0.019473 | Q: 4.0173 | TargetQ: 4.0181 | TDAbs: 0.1461 | ActorGrad: 0.0488 | CriticGrad: 0.6946 | Noise: 0.2388 | Replay: 39936 | FPS: 58.53 | ETA: 31.3 min
2026-09-15 19:18:34,907 | INFO | Steps: 40448/150000 | Episodes: 79 | LastEpReward: 31.355 | RecentReward: 26.816 | ActorLoss: -4.058234 | CriticLoss: 0.019066 | Q: 4.0287 | TargetQ: 4.0287 | TDAbs: 0.1454 | ActorGrad: 0.0508 | CriticGrad: 0.8251 | Noise: 0.2373 | Replay: 40448 | FPS: 58.67 | ETA: 31.1 min
2026-09-15 19:18:41,865 | INFO | 开始周期评估: Steps=40960 | Episodes=80 | EvalEpisodes=5
2026-09-15 19:19:02,879 | INFO | 周期评估完成: Steps=40960 | MeanReward=28.836 | StdReward=4.423
2026-09-15 19:19:02,887 | INFO | Steps: 40960/150000 | Episodes: 80 | LastEpReward: 18.710 | RecentReward: 25.731 | ActorLoss: -4.125175 | CriticLoss: 0.018738 | Q: 4.0937 | TargetQ: 4.0922 | TDAbs: 0.1418 | ActorGrad: 0.0431 | CriticGrad: 0.6158 | Noise: 0.2358 | Replay: 40960 | FPS: 57.10 | ETA: 31.8 min
2026-09-15 19:19:09,891 | INFO | Steps: 41472/150000 | Episodes: 81 | LastEpReward: 27.383 | RecentReward: 26.559 | ActorLoss: -4.140491 | CriticLoss: 0.019051 | Q: 4.1109 | TargetQ: 4.1099 | TDAbs: 0.1427 | ActorGrad: 0.0446 | CriticGrad: 0.7167 | Noise: 0.2344 | Replay: 41472 | FPS: 57.25 | ETA: 31.6 min
2026-09-15 19:19:16,880 | INFO | Steps: 41984/150000 | Episodes: 82 | LastEpReward: 23.362 | RecentReward: 26.801 | ActorLoss: -4.166795 | CriticLoss: 0.020088 | Q: 4.1381 | TargetQ: 4.1361 | TDAbs: 0.1484 | ActorGrad: 0.0496 | CriticGrad: 0.7890 | Noise: 0.2329 | Replay: 41984 | FPS: 57.41 | ETA: 31.4 min
2026-09-15 19:19:23,836 | INFO | Steps: 42496/150000 | Episodes: 83 | LastEpReward: 26.961 | RecentReward: 26.084 | ActorLoss: -4.205421 | CriticLoss: 0.017675 | Q: 4.1748 | TargetQ: 4.1741 | TDAbs: 0.1399 | ActorGrad: 0.0458 | CriticGrad: 0.6457 | Noise: 0.2314 | Replay: 42496 | FPS: 57.56 | ETA: 31.1 min
2026-09-15 19:19:30,851 | INFO | Steps: 43008/150000 | Episodes: 84 | LastEpReward: 22.426 | RecentReward: 25.567 | ActorLoss: -4.212522 | CriticLoss: 0.018817 | Q: 4.1801 | TargetQ: 4.1798 | TDAbs: 0.1421 | ActorGrad: 0.0368 | CriticGrad: 0.6575 | Noise: 0.2300 | Replay: 43008 | FPS: 57.70 | ETA: 30.9 min
2026-09-15 19:19:37,885 | INFO | Steps: 43520/150000 | Episodes: 85 | LastEpReward: 25.199 | RecentReward: 26.176 | ActorLoss: -4.268226 | CriticLoss: 0.018415 | Q: 4.2411 | TargetQ: 4.2401 | TDAbs: 0.1434 | ActorGrad: 0.0391 | CriticGrad: 0.7189 | Noise: 0.2285 | Replay: 43520 | FPS: 57.84 | ETA: 30.7 min
2026-09-15 19:19:45,139 | INFO | Steps: 44032/150000 | Episodes: 86 | LastEpReward: 39.813 | RecentReward: 27.648 | ActorLoss: -4.289366 | CriticLoss: 0.018895 | Q: 4.2601 | TargetQ: 4.2590 | TDAbs: 0.1437 | ActorGrad: 0.0439 | CriticGrad: 0.5874 | Noise: 0.2271 | Replay: 44032 | FPS: 57.97 | ETA: 30.5 min
2026-09-15 19:19:52,280 | INFO | Steps: 44544/150000 | Episodes: 87 | LastEpReward: 34.240 | RecentReward: 27.172 | ActorLoss: -4.360419 | CriticLoss: 0.019687 | Q: 4.3281 | TargetQ: 4.3279 | TDAbs: 0.1459 | ActorGrad: 0.0555 | CriticGrad: 0.6039 | Noise: 0.2256 | Replay: 44544 | FPS: 58.09 | ETA: 30.3 min
2026-09-15 19:19:59,323 | INFO | Steps: 45056/150000 | Episodes: 88 | LastEpReward: 33.558 | RecentReward: 28.301 | ActorLoss: -4.377787 | CriticLoss: 0.019994 | Q: 4.3440 | TargetQ: 4.3437 | TDAbs: 0.1462 | ActorGrad: 0.0405 | CriticGrad: 0.6085 | Noise: 0.2241 | Replay: 45056 | FPS: 58.23 | ETA: 30.0 min
2026-09-15 19:20:06,180 | INFO | Steps: 45568/150000 | Episodes: 89 | LastEpReward: 23.407 | RecentReward: 27.506 | ActorLoss: -4.356580 | CriticLoss: 0.020833 | Q: 4.3252 | TargetQ: 4.3237 | TDAbs: 0.1497 | ActorGrad: 0.0540 | CriticGrad: 0.7574 | Noise: 0.2227 | Replay: 45568 | FPS: 58.37 | ETA: 29.8 min
2026-09-15 19:20:13,197 | INFO | 开始周期评估: Steps=46080 | Episodes=90 | EvalEpisodes=5
2026-09-15 19:20:34,265 | INFO | 周期评估完成: Steps=46080 | MeanReward=29.525 | StdReward=3.372
2026-09-15 19:20:34,275 | INFO | Steps: 46080/150000 | Episodes: 90 | LastEpReward: 32.645 | RecentReward: 28.900 | ActorLoss: -4.424879 | CriticLoss: 0.019841 | Q: 4.3953 | TargetQ: 4.3956 | TDAbs: 0.1452 | ActorGrad: 0.0514 | CriticGrad: 0.6375 | Noise: 0.2212 | Replay: 46080 | FPS: 56.98 | ETA: 30.4 min
2026-09-15 19:20:41,269 | INFO | Steps: 46592/150000 | Episodes: 91 | LastEpReward: 32.606 | RecentReward: 29.422 | ActorLoss: -4.390847 | CriticLoss: 0.019366 | Q: 4.3625 | TargetQ: 4.3633 | TDAbs: 0.1469 | ActorGrad: 0.0398 | CriticGrad: 0.6813 | Noise: 0.2197 | Replay: 46592 | FPS: 57.12 | ETA: 30.2 min
2026-09-15 19:20:48,381 | INFO | Steps: 47104/150000 | Episodes: 92 | LastEpReward: 38.520 | RecentReward: 30.938 | ActorLoss: -4.484044 | CriticLoss: 0.019858 | Q: 4.4562 | TargetQ: 4.4557 | TDAbs: 0.1473 | ActorGrad: 0.0418 | CriticGrad: 0.7158 | Noise: 0.2183 | Replay: 47104 | FPS: 57.24 | ETA: 30.0 min
2026-09-15 19:20:55,371 | INFO | Steps: 47616/150000 | Episodes: 93 | LastEpReward: 24.116 | RecentReward: 30.653 | ActorLoss: -4.439478 | CriticLoss: 0.019849 | Q: 4.4139 | TargetQ: 4.4136 | TDAbs: 0.1474 | ActorGrad: 0.0393 | CriticGrad: 0.7311 | Noise: 0.2168 | Replay: 47616 | FPS: 57.38 | ETA: 29.7 min
2026-09-15 19:21:02,375 | INFO | Steps: 48128/150000 | Episodes: 94 | LastEpReward: 24.476 | RecentReward: 30.858 | ActorLoss: -4.499098 | CriticLoss: 0.021342 | Q: 4.4764 | TargetQ: 4.4753 | TDAbs: 0.1535 | ActorGrad: 0.0464 | CriticGrad: 0.6965 | Noise: 0.2153 | Replay: 48128 | FPS: 57.51 | ETA: 29.5 min
2026-09-15 19:21:09,464 | INFO | Steps: 48640/150000 | Episodes: 95 | LastEpReward: 32.905 | RecentReward: 31.629 | ActorLoss: -4.484751 | CriticLoss: 0.021517 | Q: 4.4551 | TargetQ: 4.4533 | TDAbs: 0.1525 | ActorGrad: 0.0450 | CriticGrad: 0.7136 | Noise: 0.2139 | Replay: 48640 | FPS: 57.63 | ETA: 29.3 min
2026-09-15 19:21:16,472 | INFO | Steps: 49152/150000 | Episodes: 96 | LastEpReward: 28.648 | RecentReward: 30.512 | ActorLoss: -4.535192 | CriticLoss: 0.020305 | Q: 4.5051 | TargetQ: 4.5049 | TDAbs: 0.1505 | ActorGrad: 0.0443 | CriticGrad: 0.6912 | Noise: 0.2124 | Replay: 49152 | FPS: 57.76 | ETA: 29.1 min
2026-09-15 19:21:23,487 | INFO | Steps: 49664/150000 | Episodes: 97 | LastEpReward: 7.902 | RecentReward: 27.879 | ActorLoss: -4.531892 | CriticLoss: 0.023237 | Q: 4.4993 | TargetQ: 4.5007 | TDAbs: 0.1567 | ActorGrad: 0.0456 | CriticGrad: 0.8006 | Noise: 0.2110 | Replay: 49664 | FPS: 57.89 | ETA: 28.9 min
2026-09-15 19:21:30,713 | INFO | Steps: 50176/150000 | Episodes: 98 | LastEpReward: 40.966 | RecentReward: 28.619 | ActorLoss: -4.551666 | CriticLoss: 0.020020 | Q: 4.5247 | TargetQ: 4.5252 | TDAbs: 0.1487 | ActorGrad: 0.0456 | CriticGrad: 0.6583 | Noise: 0.2095 | Replay: 50000 | FPS: 57.99 | ETA: 28.7 min
2026-09-15 19:21:37,836 | INFO | Steps: 50688/150000 | Episodes: 99 | LastEpReward: 38.592 | RecentReward: 30.138 | ActorLoss: -4.630928 | CriticLoss: 0.022768 | Q: 4.6040 | TargetQ: 4.6032 | TDAbs: 0.1565 | ActorGrad: 0.0377 | CriticGrad: 0.9328 | Noise: 0.2080 | Replay: 50000 | FPS: 58.11 | ETA: 28.5 min
2026-09-15 19:21:44,848 | INFO | 开始周期评估: Steps=51200 | Episodes=100 | EvalEpisodes=5
2026-09-15 19:22:05,919 | INFO | 周期评估完成: Steps=51200 | MeanReward=30.752 | StdReward=2.348
2026-09-15 19:22:05,931 | INFO | Steps: 51200/150000 | Episodes: 100 | LastEpReward: 31.878 | RecentReward: 30.061 | ActorLoss: -4.614607 | CriticLoss: 0.022645 | Q: 4.5884 | TargetQ: 4.5893 | TDAbs: 0.1555 | ActorGrad: 0.0453 | CriticGrad: 0.6902 | Noise: 0.2066 | Replay: 50000 | FPS: 56.86 | ETA: 29.0 min
2026-09-15 19:22:13,218 | INFO | Steps: 51712/150000 | Episodes: 101 | LastEpReward: 35.696 | RecentReward: 30.370 | ActorLoss: -4.661006 | CriticLoss: 0.021747 | Q: 4.6360 | TargetQ: 4.6347 | TDAbs: 0.1539 | ActorGrad: 0.0437 | CriticGrad: 0.7599 | Noise: 0.2051 | Replay: 50000 | FPS: 56.97 | ETA: 28.8 min
2026-09-15 19:22:20,239 | INFO | Steps: 52224/150000 | Episodes: 102 | LastEpReward: 19.861 | RecentReward: 28.504 | ActorLoss: -4.732536 | CriticLoss: 0.021602 | Q: 4.7106 | TargetQ: 4.7106 | TDAbs: 0.1534 | ActorGrad: 0.0438 | CriticGrad: 0.8108 | Noise: 0.2036 | Replay: 50000 | FPS: 57.09 | ETA: 28.5 min
2026-09-15 19:22:27,422 | INFO | Steps: 52736/150000 | Episodes: 103 | LastEpReward: 20.694 | RecentReward: 28.162 | ActorLoss: -4.765015 | CriticLoss: 0.020021 | Q: 4.7472 | TargetQ: 4.7466 | TDAbs: 0.1488 | ActorGrad: 0.0499 | CriticGrad: 0.7461 | Noise: 0.2022 | Replay: 50000 | FPS: 57.20 | ETA: 28.3 min
2026-09-15 19:22:34,459 | INFO | Steps: 53248/150000 | Episodes: 104 | LastEpReward: 23.056 | RecentReward: 28.020 | ActorLoss: -4.813841 | CriticLoss: 0.020185 | Q: 4.7973 | TargetQ: 4.7972 | TDAbs: 0.1508 | ActorGrad: 0.0492 | CriticGrad: 0.7659 | Noise: 0.2007 | Replay: 50000 | FPS: 57.32 | ETA: 28.1 min
2026-09-15 19:22:41,527 | INFO | Steps: 53760/150000 | Episodes: 105 | LastEpReward: 31.517 | RecentReward: 27.881 | ActorLoss: -4.833829 | CriticLoss: 0.020792 | Q: 4.8194 | TargetQ: 4.8196 | TDAbs: 0.1525 | ActorGrad: 0.0480 | CriticGrad: 0.8001 | Noise: 0.1993 | Replay: 50000 | FPS: 57.44 | ETA: 27.9 min
2026-09-15 19:22:48,783 | INFO | Steps: 54272/150000 | Episodes: 106 | LastEpReward: 24.083 | RecentReward: 27.425 | ActorLoss: -4.869004 | CriticLoss: 0.021911 | Q: 4.8555 | TargetQ: 4.8509 | TDAbs: 0.1523 | ActorGrad: 0.0436 | CriticGrad: 0.8887 | Noise: 0.1978 | Replay: 50000 | FPS: 57.54 | ETA: 27.7 min
2026-09-15 19:22:55,860 | INFO | Steps: 54784/150000 | Episodes: 107 | LastEpReward: 30.946 | RecentReward: 29.729 | ActorLoss: -4.875078 | CriticLoss: 0.020786 | Q: 4.8604 | TargetQ: 4.8598 | TDAbs: 0.1516 | ActorGrad: 0.0432 | CriticGrad: 0.7242 | Noise: 0.1963 | Replay: 50000 | FPS: 57.65 | ETA: 27.5 min
2026-09-15 19:23:03,177 | INFO | Steps: 55296/150000 | Episodes: 108 | LastEpReward: 29.747 | RecentReward: 28.607 | ActorLoss: -4.930807 | CriticLoss: 0.021909 | Q: 4.9160 | TargetQ: 4.9146 | TDAbs: 0.1527 | ActorGrad: 0.0562 | CriticGrad: 0.7609 | Noise: 0.1949 | Replay: 50000 | FPS: 57.74 | ETA: 27.3 min
2026-09-15 19:23:10,218 | INFO | Steps: 55808/150000 | Episodes: 109 | LastEpReward: 25.755 | RecentReward: 27.323 | ActorLoss: -4.955445 | CriticLoss: 0.020522 | Q: 4.9387 | TargetQ: 4.9398 | TDAbs: 0.1510 | ActorGrad: 0.0490 | CriticGrad: 0.7801 | Noise: 0.1934 | Replay: 50000 | FPS: 57.85 | ETA: 27.1 min
2026-09-15 19:23:17,231 | INFO | 开始周期评估: Steps=56320 | Episodes=110 | EvalEpisodes=5
2026-09-15 19:23:38,327 | INFO | 周期评估完成: Steps=56320 | MeanReward=29.326 | StdReward=3.817
2026-09-15 19:23:38,334 | INFO | Steps: 56320/150000 | Episodes: 110 | LastEpReward: 30.937 | RecentReward: 27.229 | ActorLoss: -4.952524 | CriticLoss: 0.022591 | Q: 4.9384 | TargetQ: 4.9347 | TDAbs: 0.1539 | ActorGrad: 0.0438 | CriticGrad: 0.7724 | Noise: 0.1919 | Replay: 50000 | FPS: 56.73 | ETA: 27.5 min
2026-09-15 19:23:45,352 | INFO | Steps: 56832/150000 | Episodes: 111 | LastEpReward: 26.692 | RecentReward: 26.329 | ActorLoss: -4.983634 | CriticLoss: 0.020455 | Q: 4.9678 | TargetQ: 4.9698 | TDAbs: 0.1518 | ActorGrad: 0.0416 | CriticGrad: 0.7971 | Noise: 0.1905 | Replay: 50000 | FPS: 56.84 | ETA: 27.3 min
2026-09-15 19:23:52,371 | INFO | Steps: 57344/150000 | Episodes: 112 | LastEpReward: 23.712 | RecentReward: 26.714 | ActorLoss: -4.978150 | CriticLoss: 0.020484 | Q: 4.9641 | TargetQ: 4.9640 | TDAbs: 0.1500 | ActorGrad: 0.0417 | CriticGrad: 0.6870 | Noise: 0.1890 | Replay: 50000 | FPS: 56.95 | ETA: 27.1 min
2026-09-15 19:23:59,409 | INFO | Steps: 57856/150000 | Episodes: 113 | LastEpReward: 23.336 | RecentReward: 26.978 | ActorLoss: -4.993587 | CriticLoss: 0.020491 | Q: 4.9789 | TargetQ: 4.9791 | TDAbs: 0.1517 | ActorGrad: 0.0410 | CriticGrad: 0.7888 | Noise: 0.1876 | Replay: 50000 | FPS: 57.06 | ETA: 26.9 min
2026-09-15 19:24:06,511 | INFO | Steps: 58368/150000 | Episodes: 114 | LastEpReward: 24.410 | RecentReward: 27.113 | ActorLoss: -5.025827 | CriticLoss: 0.019588 | Q: 5.0118 | TargetQ: 5.0101 | TDAbs: 0.1482 | ActorGrad: 0.0412 | CriticGrad: 0.7306 | Noise: 0.1861 | Replay: 50000 | FPS: 57.17 | ETA: 26.7 min
2026-09-15 19:24:13,542 | INFO | Steps: 58880/150000 | Episodes: 115 | LastEpReward: 17.130 | RecentReward: 25.675 | ActorLoss: -5.009564 | CriticLoss: 0.021705 | Q: 4.9947 | TargetQ: 4.9934 | TDAbs: 0.1521 | ActorGrad: 0.0395 | CriticGrad: 0.8271 | Noise: 0.1846 | Replay: 50000 | FPS: 57.28 | ETA: 26.5 min
2026-09-15 19:24:20,576 | INFO | Steps: 59392/150000 | Episodes: 116 | LastEpReward: 18.803 | RecentReward: 25.147 | ActorLoss: -5.028115 | CriticLoss: 0.020285 | Q: 5.0120 | TargetQ: 5.0116 | TDAbs: 0.1502 | ActorGrad: 0.0413 | CriticGrad: 0.6896 | Noise: 0.1832 | Replay: 50000 | FPS: 57.38 | ETA: 26.3 min
2026-09-15 19:24:27,560 | INFO | Steps: 59904/150000 | Episodes: 117 | LastEpReward: 17.261 | RecentReward: 23.778 | ActorLoss: -5.038246 | CriticLoss: 0.022701 | Q: 5.0225 | TargetQ: 5.0215 | TDAbs: 0.1547 | ActorGrad: 0.0420 | CriticGrad: 0.7223 | Noise: 0.1817 | Replay: 50000 | FPS: 57.49 | ETA: 26.1 min
2026-09-15 19:24:34,875 | INFO | Steps: 60416/150000 | Episodes: 118 | LastEpReward: 35.226 | RecentReward: 24.326 | ActorLoss: -5.083321 | CriticLoss: 0.021767 | Q: 5.0659 | TargetQ: 5.0645 | TDAbs: 0.1519 | ActorGrad: 0.0451 | CriticGrad: 0.8149 | Noise: 0.1802 | Replay: 50000 | FPS: 57.57 | ETA: 25.9 min
2026-09-15 19:24:41,858 | INFO | Steps: 60928/150000 | Episodes: 119 | LastEpReward: 28.368 | RecentReward: 24.588 | ActorLoss: -5.036308 | CriticLoss: 0.021214 | Q: 5.0196 | TargetQ: 5.0184 | TDAbs: 0.1521 | ActorGrad: 0.0338 | CriticGrad: 0.7237 | Noise: 0.1788 | Replay: 50000 | FPS: 57.68 | ETA: 25.7 min
2026-09-15 19:24:48,860 | INFO | 开始周期评估: Steps=61440 | Episodes=120 | EvalEpisodes=5
2026-09-15 19:25:10,003 | INFO | 周期评估完成: Steps=61440 | MeanReward=30.299 | StdReward=2.582
2026-09-15 19:25:10,009 | INFO | Steps: 61440/150000 | Episodes: 120 | LastEpReward: 16.124 | RecentReward: 23.106 | ActorLoss: -5.102590 | CriticLoss: 0.019493 | Q: 5.0845 | TargetQ: 5.0851 | TDAbs: 0.1468 | ActorGrad: 0.0344 | CriticGrad: 0.7781 | Noise: 0.1773 | Replay: 50000 | FPS: 56.65 | ETA: 26.1 min
2026-09-15 19:25:17,098 | INFO | Steps: 61952/150000 | Episodes: 121 | LastEpReward: 27.558 | RecentReward: 23.193 | ActorLoss: -5.107983 | CriticLoss: 0.020538 | Q: 5.0904 | TargetQ: 5.0889 | TDAbs: 0.1496 | ActorGrad: 0.0357 | CriticGrad: 0.8473 | Noise: 0.1759 | Replay: 50000 | FPS: 56.75 | ETA: 25.9 min
2026-09-15 19:25:24,093 | INFO | Steps: 62464/150000 | Episodes: 122 | LastEpReward: 25.622 | RecentReward: 23.384 | ActorLoss: -5.083353 | CriticLoss: 0.021526 | Q: 5.0655 | TargetQ: 5.0632 | TDAbs: 0.1521 | ActorGrad: 0.0360 | CriticGrad: 0.7250 | Noise: 0.1744 | Replay: 50000 | FPS: 56.86 | ETA: 25.7 min
2026-09-15 19:25:31,151 | INFO | Steps: 62976/150000 | Episodes: 123 | LastEpReward: 38.271 | RecentReward: 24.877 | ActorLoss: -5.105621 | CriticLoss: 0.020165 | Q: 5.0885 | TargetQ: 5.0876 | TDAbs: 0.1478 | ActorGrad: 0.0397 | CriticGrad: 0.6932 | Noise: 0.1729 | Replay: 50000 | FPS: 56.96 | ETA: 25.5 min
2026-09-15 19:25:38,213 | INFO | Steps: 63488/150000 | Episodes: 124 | LastEpReward: 17.490 | RecentReward: 24.185 | ActorLoss: -5.151958 | CriticLoss: 0.019239 | Q: 5.1347 | TargetQ: 5.1327 | TDAbs: 0.1470 | ActorGrad: 0.0352 | CriticGrad: 0.7068 | Noise: 0.1715 | Replay: 50000 | FPS: 57.06 | ETA: 25.3 min
2026-09-15 19:25:45,587 | INFO | Steps: 64000/150000 | Episodes: 125 | LastEpReward: 29.202 | RecentReward: 25.392 | ActorLoss: -5.212361 | CriticLoss: 0.026119 | Q: 5.1515 | TargetQ: 5.1516 | TDAbs: 0.1679 | ActorGrad: 0.1011 | CriticGrad: 0.8137 | Noise: 0.1700 | Replay: 50000 | FPS: 57.14 | ETA: 25.1 min
2026-09-15 19:25:52,661 | INFO | Steps: 64512/150000 | Episodes: 126 | LastEpReward: -10.151 | RecentReward: 22.497 | ActorLoss: -5.538369 | CriticLoss: 0.053191 | Q: 5.4239 | TargetQ: 5.4243 | TDAbs: 0.2442 | ActorGrad: 0.0000 | CriticGrad: 1.1088 | Noise: 0.1685 | Replay: 50000 | FPS: 57.24 | ETA: 24.9 min
2026-09-15 19:25:59,788 | INFO | Steps: 65024/150000 | Episodes: 127 | LastEpReward: -6.394 | RecentReward: 20.132 | ActorLoss: -5.398655 | CriticLoss: 0.054897 | Q: 5.4546 | TargetQ: 5.4542 | TDAbs: 0.2448 | ActorGrad: 0.0000 | CriticGrad: 1.1523 | Noise: 0.1671 | Replay: 50000 | FPS: 57.33 | ETA: 24.7 min
2026-09-15 19:26:06,850 | INFO | Steps: 65536/150000 | Episodes: 128 | LastEpReward: -18.926 | RecentReward: 14.716 | ActorLoss: -5.286505 | CriticLoss: 0.054959 | Q: 5.3473 | TargetQ: 5.3424 | TDAbs: 0.2438 | ActorGrad: 0.0000 | CriticGrad: 1.1709 | Noise: 0.1656 | Replay: 50000 | FPS: 57.42 | ETA: 24.5 min
2026-09-15 19:26:14,275 | INFO | Steps: 66048/150000 | Episodes: 129 | LastEpReward: -8.101 | RecentReward: 11.069 | ActorLoss: -5.221105 | CriticLoss: 0.048161 | Q: 5.2526 | TargetQ: 5.2502 | TDAbs: 0.2294 | ActorGrad: 0.0000 | CriticGrad: 0.9886 | Noise: 0.1641 | Replay: 50000 | FPS: 57.50 | ETA: 24.3 min
2026-09-15 19:26:21,584 | INFO | 开始周期评估: Steps=66560 | Episodes=130 | EvalEpisodes=5
2026-09-15 19:26:43,081 | INFO | 周期评估完成: Steps=66560 | MeanReward=-8.745 | StdReward=6.746
2026-09-15 19:26:43,089 | INFO | Steps: 66560/150000 | Episodes: 130 | LastEpReward: -11.867 | RecentReward: 8.270 | ActorLoss: -5.115948 | CriticLoss: 0.045727 | Q: 5.1385 | TargetQ: 5.1322 | TDAbs: 0.2187 | ActorGrad: 0.0000 | CriticGrad: 0.9788 | Noise: 0.1627 | Replay: 50000 | FPS: 56.52 | ETA: 24.6 min
2026-09-15 19:26:50,277 | INFO | Steps: 67072/150000 | Episodes: 131 | LastEpReward: -20.437 | RecentReward: 3.471 | ActorLoss: -4.951947 | CriticLoss: 0.041479 | Q: 4.9965 | TargetQ: 4.9902 | TDAbs: 0.2098 | ActorGrad: 0.0000 | CriticGrad: 0.9207 | Noise: 0.1612 | Replay: 50000 | FPS: 56.61 | ETA: 24.4 min
2026-09-15 19:26:57,612 | INFO | Steps: 67584/150000 | Episodes: 132 | LastEpReward: -23.278 | RecentReward: -1.419 | ActorLoss: -4.779505 | CriticLoss: 0.038169 | Q: 4.8260 | TargetQ: 4.8255 | TDAbs: 0.2016 | ActorGrad: 0.0000 | CriticGrad: 0.8060 | Noise: 0.1598 | Replay: 50000 | FPS: 56.69 | ETA: 24.2 min
2026-09-15 19:27:04,970 | INFO | Steps: 68096/150000 | Episodes: 133 | LastEpReward: -22.372 | RecentReward: -7.483 | ActorLoss: -4.599082 | CriticLoss: 0.034148 | Q: 4.6614 | TargetQ: 4.6599 | TDAbs: 0.1920 | ActorGrad: 0.0000 | CriticGrad: 0.7112 | Noise: 0.1583 | Replay: 50000 | FPS: 56.77 | ETA: 24.0 min
2026-09-15 19:27:12,032 | INFO | Steps: 68608/150000 | Episodes: 134 | LastEpReward: -3.287 | RecentReward: -9.561 | ActorLoss: -4.391986 | CriticLoss: 0.035158 | Q: 4.4649 | TargetQ: 4.4622 | TDAbs: 0.1931 | ActorGrad: 0.0000 | CriticGrad: 0.7859 | Noise: 0.1568 | Replay: 50000 | FPS: 56.87 | ETA: 23.9 min
2026-09-15 19:27:19,049 | INFO | Steps: 69120/150000 | Episodes: 135 | LastEpReward: -6.840 | RecentReward: -13.165 | ActorLoss: -4.264890 | CriticLoss: 0.031184 | Q: 4.3314 | TargetQ: 4.3284 | TDAbs: 0.1839 | ActorGrad: 0.0000 | CriticGrad: 0.6613 | Noise: 0.1554 | Replay: 50000 | FPS: 56.96 | ETA: 23.7 min
2026-09-15 19:27:26,296 | INFO | Steps: 69632/150000 | Episodes: 136 | LastEpReward: -8.353 | RecentReward: -12.986 | ActorLoss: -4.046374 | CriticLoss: 0.032843 | Q: 4.1224 | TargetQ: 4.1185 | TDAbs: 0.1862 | ActorGrad: 0.0000 | CriticGrad: 0.6332 | Noise: 0.1539 | Replay: 50000 | FPS: 57.04 | ETA: 23.5 min
2026-09-15 19:27:33,440 | INFO | Steps: 70144/150000 | Episodes: 137 | LastEpReward: -10.221 | RecentReward: -13.368 | ActorLoss: -3.883625 | CriticLoss: 0.030901 | Q: 3.9539 | TargetQ: 3.9543 | TDAbs: 0.1850 | ActorGrad: 0.0000 | CriticGrad: 0.7353 | Noise: 0.1524 | Replay: 50000 | FPS: 57.12 | ETA: 23.3 min
2026-09-15 19:27:40,624 | INFO | Steps: 70656/150000 | Episodes: 138 | LastEpReward: -7.190 | RecentReward: -12.195 | ActorLoss: -3.719162 | CriticLoss: 0.028799 | Q: 3.7861 | TargetQ: 3.7845 | TDAbs: 0.1787 | ActorGrad: 0.0000 | CriticGrad: 0.6803 | Noise: 0.1510 | Replay: 50000 | FPS: 57.21 | ETA: 23.1 min
2026-09-15 19:27:47,699 | INFO | Steps: 71168/150000 | Episodes: 139 | LastEpReward: -7.967 | RecentReward: -12.181 | ActorLoss: -3.527121 | CriticLoss: 0.029019 | Q: 3.5963 | TargetQ: 3.5933 | TDAbs: 0.1741 | ActorGrad: 0.0000 | CriticGrad: 0.5916 | Noise: 0.1495 | Replay: 50000 | FPS: 57.29 | ETA: 22.9 min
2026-09-15 19:27:54,723 | INFO | 开始周期评估: Steps=71680 | Episodes=140 | EvalEpisodes=5
2026-09-15 19:28:16,130 | INFO | 周期评估完成: Steps=71680 | MeanReward=-8.404 | StdReward=6.798
2026-09-15 19:28:16,137 | INFO | Steps: 71680/150000 | Episodes: 140 | LastEpReward: -11.730 | RecentReward: -12.168 | ActorLoss: -3.361339 | CriticLoss: 0.027348 | Q: 3.4306 | TargetQ: 3.4294 | TDAbs: 0.1708 | ActorGrad: 0.0000 | CriticGrad: 0.5575 | Noise: 0.1481 | Replay: 50000 | FPS: 56.41 | ETA: 23.1 min
2026-09-15 19:28:23,401 | INFO | Steps: 72192/150000 | Episodes: 141 | LastEpReward: -12.158 | RecentReward: -11.340 | ActorLoss: -3.197209 | CriticLoss: 0.025768 | Q: 3.2629 | TargetQ: 3.2624 | TDAbs: 0.1675 | ActorGrad: 0.0000 | CriticGrad: 0.5736 | Noise: 0.1466 | Replay: 50000 | FPS: 56.49 | ETA: 23.0 min
2026-09-15 19:28:30,488 | INFO | Steps: 72704/150000 | Episodes: 142 | LastEpReward: -4.076 | RecentReward: -9.419 | ActorLoss: -2.975028 | CriticLoss: 0.026392 | Q: 3.0434 | TargetQ: 3.0422 | TDAbs: 0.1692 | ActorGrad: 0.0000 | CriticGrad: 0.5919 | Noise: 0.1451 | Replay: 50000 | FPS: 56.58 | ETA: 22.8 min
2026-09-15 19:28:37,663 | INFO | Steps: 73216/150000 | Episodes: 143 | LastEpReward: -5.626 | RecentReward: -7.745 | ActorLoss: -2.854296 | CriticLoss: 0.026667 | Q: 2.9176 | TargetQ: 2.9169 | TDAbs: 0.1687 | ActorGrad: 0.0000 | CriticGrad: 0.5976 | Noise: 0.1437 | Replay: 50000 | FPS: 56.66 | ETA: 22.6 min
2026-09-15 19:28:44,673 | INFO | Steps: 73728/150000 | Episodes: 144 | LastEpReward: -9.688 | RecentReward: -8.385 | ActorLoss: -2.673292 | CriticLoss: 0.025341 | Q: 2.7390 | TargetQ: 2.7376 | TDAbs: 0.1642 | ActorGrad: 0.0000 | CriticGrad: 0.4956 | Noise: 0.1422 | Replay: 50000 | FPS: 56.75 | ETA: 22.4 min
2026-09-15 19:28:51,697 | INFO | Steps: 74240/150000 | Episodes: 145 | LastEpReward: -1.867 | RecentReward: -7.888 | ActorLoss: -2.530733 | CriticLoss: 0.025061 | Q: 2.5926 | TargetQ: 2.5913 | TDAbs: 0.1647 | ActorGrad: 0.0000 | CriticGrad: 0.5181 | Noise: 0.1407 | Replay: 50000 | FPS: 56.84 | ETA: 22.2 min
2026-09-15 19:28:58,966 | INFO | Steps: 74752/150000 | Episodes: 146 | LastEpReward: -13.548 | RecentReward: -8.407 | ActorLoss: -2.398849 | CriticLoss: 0.023735 | Q: 2.4575 | TargetQ: 2.4567 | TDAbs: 0.1608 | ActorGrad: 0.0000 | CriticGrad: 0.4800 | Noise: 0.1393 | Replay: 50000 | FPS: 56.91 | ETA: 22.0 min
2026-09-15 19:29:06,202 | INFO | Steps: 75264/150000 | Episodes: 147 | LastEpReward: -15.454 | RecentReward: -8.930 | ActorLoss: -2.256508 | CriticLoss: 0.022145 | Q: 2.3144 | TargetQ: 2.3141 | TDAbs: 0.1567 | ActorGrad: 0.0000 | CriticGrad: 0.4764 | Noise: 0.1378 | Replay: 50000 | FPS: 56.99 | ETA: 21.9 min
2026-09-15 19:29:13,446 | INFO | Steps: 75776/150000 | Episodes: 148 | LastEpReward: -14.926 | RecentReward: -9.704 | ActorLoss: -2.140612 | CriticLoss: 0.023988 | Q: 2.1972 | TargetQ: 2.1979 | TDAbs: 0.1613 | ActorGrad: 0.0000 | CriticGrad: 0.4907 | Noise: 0.1364 | Replay: 50000 | FPS: 57.06 | ETA: 21.7 min
2026-09-15 19:29:20,683 | INFO | Steps: 76288/150000 | Episodes: 149 | LastEpReward: -21.518 | RecentReward: -11.059 | ActorLoss: -2.013178 | CriticLoss: 0.024100 | Q: 2.0709 | TargetQ: 2.0715 | TDAbs: 0.1611 | ActorGrad: 0.0000 | CriticGrad: 0.4880 | Noise: 0.1349 | Replay: 50000 | FPS: 57.14 | ETA: 21.5 min
2026-09-15 19:29:28,135 | INFO | 开始周期评估: Steps=76800 | Episodes=150 | EvalEpisodes=5
2026-09-15 19:29:49,415 | INFO | 周期评估完成: Steps=76800 | MeanReward=-7.672 | StdReward=6.961
2026-09-15 19:29:49,422 | INFO | Steps: 76800/150000 | Episodes: 150 | LastEpReward: -22.552 | RecentReward: -12.141 | ActorLoss: -1.897059 | CriticLoss: 0.024637 | Q: 1.9540 | TargetQ: 1.9526 | TDAbs: 0.1623 | ActorGrad: 0.0000 | CriticGrad: 0.5299 | Noise: 0.1334 | Replay: 50000 | FPS: 56.31 | ETA: 21.7 min
2026-09-15 19:29:56,560 | INFO | Steps: 77312/150000 | Episodes: 151 | LastEpReward: -12.912 | RecentReward: -12.217 | ActorLoss: -1.815568 | CriticLoss: 0.024341 | Q: 1.8700 | TargetQ: 1.8694 | TDAbs: 0.1623 | ActorGrad: 0.0000 | CriticGrad: 0.5087 | Noise: 0.1320 | Replay: 50000 | FPS: 56.39 | ETA: 21.5 min
2026-09-15 19:30:03,746 | INFO | Steps: 77824/150000 | Episodes: 152 | LastEpReward: -19.579 | RecentReward: -13.767 | ActorLoss: -1.693064 | CriticLoss: 0.023151 | Q: 1.7514 | TargetQ: 1.7507 | TDAbs: 0.1588 | ActorGrad: 0.0000 | CriticGrad: 0.4858 | Noise: 0.1305 | Replay: 50000 | FPS: 56.47 | ETA: 21.3 min
2026-09-15 19:30:10,916 | INFO | Steps: 78336/150000 | Episodes: 153 | LastEpReward: -3.986 | RecentReward: -13.603 | ActorLoss: -1.577229 | CriticLoss: 0.023934 | Q: 1.6309 | TargetQ: 1.6305 | TDAbs: 0.1615 | ActorGrad: 0.0000 | CriticGrad: 0.4713 | Noise: 0.1290 | Replay: 50000 | FPS: 56.54 | ETA: 21.1 min
2026-09-15 19:30:18,192 | INFO | Steps: 78848/150000 | Episodes: 154 | LastEpReward: -13.894 | RecentReward: -14.024 | ActorLoss: -1.436301 | CriticLoss: 0.026232 | Q: 1.4944 | TargetQ: 1.4947 | TDAbs: 0.1678 | ActorGrad: 0.0000 | CriticGrad: 0.5184 | Noise: 0.1276 | Replay: 50000 | FPS: 56.62 | ETA: 20.9 min
2026-09-15 19:30:25,499 | INFO | Steps: 79360/150000 | Episodes: 155 | LastEpReward: -15.646 | RecentReward: -15.401 | ActorLoss: -1.388636 | CriticLoss: 0.025540 | Q: 1.4460 | TargetQ: 1.4453 | TDAbs: 0.1643 | ActorGrad: 0.0000 | CriticGrad: 0.5060 | Noise: 0.1261 | Replay: 50000 | FPS: 56.69 | ETA: 20.8 min
2026-09-15 19:30:32,953 | INFO | Steps: 79872/150000 | Episodes: 156 | LastEpReward: -30.156 | RecentReward: -17.062 | ActorLoss: -1.253961 | CriticLoss: 0.027309 | Q: 1.3104 | TargetQ: 1.3098 | TDAbs: 0.1702 | ActorGrad: 0.0000 | CriticGrad: 0.5068 | Noise: 0.1247 | Replay: 50000 | FPS: 56.75 | ETA: 20.6 min
2026-09-15 19:30:40,018 | INFO | Steps: 80384/150000 | Episodes: 157 | LastEpReward: -6.205 | RecentReward: -16.137 | ActorLoss: -1.137362 | CriticLoss: 0.027976 | Q: 1.1957 | TargetQ: 1.1943 | TDAbs: 0.1721 | ActorGrad: 0.0000 | CriticGrad: 0.5479 | Noise: 0.1232 | Replay: 50000 | FPS: 56.83 | ETA: 20.4 min
2026-09-15 19:30:47,071 | INFO | Steps: 80896/150000 | Episodes: 158 | LastEpReward: -1.501 | RecentReward: -14.795 | ActorLoss: -1.037607 | CriticLoss: 0.027822 | Q: 1.0940 | TargetQ: 1.0929 | TDAbs: 0.1716 | ActorGrad: 0.0000 | CriticGrad: 0.5245 | Noise: 0.1217 | Replay: 50000 | FPS: 56.91 | ETA: 20.2 min
2026-09-15 19:30:54,247 | INFO | Steps: 81408/150000 | Episodes: 159 | LastEpReward: -7.956 | RecentReward: -13.439 | ActorLoss: -0.971384 | CriticLoss: 0.028457 | Q: 1.0265 | TargetQ: 1.0261 | TDAbs: 0.1728 | ActorGrad: 0.0000 | CriticGrad: 0.5575 | Noise: 0.1203 | Replay: 50000 | FPS: 56.98 | ETA: 20.1 min
2026-09-15 19:31:01,383 | INFO | 开始周期评估: Steps=81920 | Episodes=160 | EvalEpisodes=5
2026-09-15 19:31:22,591 | INFO | 周期评估完成: Steps=81920 | MeanReward=-7.486 | StdReward=7.044
2026-09-15 19:31:22,599 | INFO | Steps: 81920/150000 | Episodes: 160 | LastEpReward: -14.922 | RecentReward: -12.676 | ActorLoss: -0.826312 | CriticLoss: 0.027314 | Q: 0.8819 | TargetQ: 0.8808 | TDAbs: 0.1723 | ActorGrad: 0.0000 | CriticGrad: 0.5483 | Noise: 0.1188 | Replay: 50000 | FPS: 56.22 | ETA: 20.2 min
2026-09-15 19:31:29,757 | INFO | Steps: 82432/150000 | Episodes: 161 | LastEpReward: -3.629 | RecentReward: -11.747 | ActorLoss: -0.774512 | CriticLoss: 0.030084 | Q: 0.8291 | TargetQ: 0.8289 | TDAbs: 0.1777 | ActorGrad: 0.0000 | CriticGrad: 0.5788 | Noise: 0.1173 | Replay: 50000 | FPS: 56.30 | ETA: 20.0 min
2026-09-15 19:31:37,093 | INFO | Steps: 82944/150000 | Episodes: 162 | LastEpReward: -21.623 | RecentReward: -11.952 | ActorLoss: -0.666581 | CriticLoss: 0.028805 | Q: 0.7217 | TargetQ: 0.7208 | TDAbs: 0.1782 | ActorGrad: 0.0000 | CriticGrad: 0.5710 | Noise: 0.1159 | Replay: 50000 | FPS: 56.36 | ETA: 19.8 min
2026-09-15 19:31:44,159 | INFO | Steps: 83456/150000 | Episodes: 163 | LastEpReward: -7.551 | RecentReward: -12.308 | ActorLoss: -0.564285 | CriticLoss: 0.030571 | Q: 0.6184 | TargetQ: 0.6169 | TDAbs: 0.1808 | ActorGrad: 0.0000 | CriticGrad: 0.5923 | Noise: 0.1144 | Replay: 50000 | FPS: 56.44 | ETA: 19.6 min
2026-09-15 19:31:51,365 | INFO | Steps: 83968/150000 | Episodes: 164 | LastEpReward: -16.621 | RecentReward: -12.581 | ActorLoss: -0.489968 | CriticLoss: 0.031595 | Q: 0.5397 | TargetQ: 0.5396 | TDAbs: 0.1808 | ActorGrad: 0.0000 | CriticGrad: 0.6196 | Noise: 0.1129 | Replay: 50000 | FPS: 56.51 | ETA: 19.5 min
2026-09-15 19:31:58,436 | INFO | Steps: 84480/150000 | Episodes: 165 | LastEpReward: -2.013 | RecentReward: -11.218 | ActorLoss: -0.412925 | CriticLoss: 0.030272 | Q: 0.4632 | TargetQ: 0.4603 | TDAbs: 0.1792 | ActorGrad: 0.0000 | CriticGrad: 0.5948 | Noise: 0.1115 | Replay: 50000 | FPS: 56.59 | ETA: 19.3 min
2026-09-15 19:32:05,497 | INFO | Steps: 84992/150000 | Episodes: 166 | LastEpReward: -8.276 | RecentReward: -9.030 | ActorLoss: -0.369245 | CriticLoss: 0.032355 | Q: 0.4204 | TargetQ: 0.4189 | TDAbs: 0.1841 | ActorGrad: 0.0000 | CriticGrad: 0.6444 | Noise: 0.1100 | Replay: 50000 | FPS: 56.66 | ETA: 19.1 min
2026-09-15 19:32:12,573 | INFO | Steps: 85504/150000 | Episodes: 167 | LastEpReward: -6.970 | RecentReward: -9.106 | ActorLoss: -0.268799 | CriticLoss: 0.032000 | Q: 0.3171 | TargetQ: 0.3177 | TDAbs: 0.1811 | ActorGrad: 0.0000 | CriticGrad: 0.6078 | Noise: 0.1086 | Replay: 50000 | FPS: 56.74 | ETA: 18.9 min
2026-09-15 19:32:19,644 | INFO | Steps: 86016/150000 | Episodes: 168 | LastEpReward: -11.207 | RecentReward: -10.077 | ActorLoss: -0.204722 | CriticLoss: 0.031406 | Q: 0.2511 | TargetQ: 0.2504 | TDAbs: 0.1822 | ActorGrad: 0.0000 | CriticGrad: 0.6119 | Noise: 0.1071 | Replay: 50000 | FPS: 56.81 | ETA: 18.8 min
2026-09-15 19:32:26,745 | INFO | Steps: 86528/150000 | Episodes: 169 | LastEpReward: 0.333 | RecentReward: -9.248 | ActorLoss: -0.076040 | CriticLoss: 0.034301 | Q: 0.1253 | TargetQ: 0.1259 | TDAbs: 0.1876 | ActorGrad: 0.0000 | CriticGrad: 0.6651 | Noise: 0.1056 | Replay: 50000 | FPS: 56.88 | ETA: 18.6 min
2026-09-15 19:32:33,844 | INFO | 开始周期评估: Steps=87040 | Episodes=170 | EvalEpisodes=5
2026-09-15 19:32:55,193 | INFO | 周期评估完成: Steps=87040 | MeanReward=-7.486 | StdReward=7.044
2026-09-15 19:32:55,200 | INFO | Steps: 87040/150000 | Episodes: 170 | LastEpReward: -15.443 | RecentReward: -9.300 | ActorLoss: -0.045081 | CriticLoss: 0.032082 | Q: 0.0887 | TargetQ: 0.0886 | TDAbs: 0.1842 | ActorGrad: 0.0000 | CriticGrad: 0.6398 | Noise: 0.1042 | Replay: 50000 | FPS: 56.17 | ETA: 18.7 min
2026-09-15 19:33:02,237 | INFO | Steps: 87552/150000 | Episodes: 171 | LastEpReward: -6.288 | RecentReward: -9.566 | ActorLoss: 0.032408 | CriticLoss: 0.036494 | Q: 0.0125 | TargetQ: 0.0132 | TDAbs: 0.1907 | ActorGrad: 0.0000 | CriticGrad: 0.6644 | Noise: 0.1027 | Replay: 50000 | FPS: 56.24 | ETA: 18.5 min
2026-09-15 19:33:09,298 | INFO | Steps: 88064/150000 | Episodes: 172 | LastEpReward: -11.379 | RecentReward: -8.542 | ActorLoss: 0.071238 | CriticLoss: 0.032275 | Q: -0.0276 | TargetQ: -0.0296 | TDAbs: 0.1827 | ActorGrad: 0.0000 | CriticGrad: 0.6340 | Noise: 0.1012 | Replay: 50000 | FPS: 56.32 | ETA: 18.3 min
2026-09-15 19:33:16,356 | INFO | Steps: 88576/150000 | Episodes: 173 | LastEpReward: -8.118 | RecentReward: -8.598 | ActorLoss: 0.097594 | CriticLoss: 0.032537 | Q: -0.0548 | TargetQ: -0.0551 | TDAbs: 0.1814 | ActorGrad: 0.0000 | CriticGrad: 0.6308 | Noise: 0.0998 | Replay: 50000 | FPS: 56.39 | ETA: 18.2 min
2026-09-15 19:33:23,420 | INFO | Steps: 89088/150000 | Episodes: 174 | LastEpReward: -7.036 | RecentReward: -7.640 | ActorLoss: 0.251464 | CriticLoss: 0.029316 | Q: -0.2061 | TargetQ: -0.2073 | TDAbs: 0.1774 | ActorGrad: 0.0000 | CriticGrad: 0.6086 | Noise: 0.0983 | Replay: 50000 | FPS: 56.46 | ETA: 18.0 min
2026-09-15 19:33:30,565 | INFO | Steps: 89600/150000 | Episodes: 175 | LastEpReward: -8.648 | RecentReward: -8.303 | ActorLoss: 0.241242 | CriticLoss: 0.033031 | Q: -0.1998 | TargetQ: -0.1998 | TDAbs: 0.1839 | ActorGrad: 0.0000 | CriticGrad: 0.6338 | Noise: 0.0969 | Replay: 50000 | FPS: 56.53 | ETA: 17.8 min
2026-09-15 19:33:37,605 | INFO | Steps: 90112/150000 | Episodes: 176 | LastEpReward: -13.981 | RecentReward: -8.874 | ActorLoss: 0.369990 | CriticLoss: 0.033902 | Q: -0.3266 | TargetQ: -0.3296 | TDAbs: 0.1843 | ActorGrad: 0.0000 | CriticGrad: 0.6353 | Noise: 0.0954 | Replay: 50000 | FPS: 56.60 | ETA: 17.6 min
2026-09-15 19:33:44,667 | INFO | Steps: 90624/150000 | Episodes: 177 | LastEpReward: -6.581 | RecentReward: -8.835 | ActorLoss: 0.368509 | CriticLoss: 0.031192 | Q: -0.3317 | TargetQ: -0.3308 | TDAbs: 0.1795 | ActorGrad: 0.0000 | CriticGrad: 0.6041 | Noise: 0.0939 | Replay: 50000 | FPS: 56.67 | ETA: 17.5 min
2026-09-15 19:33:51,705 | INFO | Steps: 91136/150000 | Episodes: 178 | LastEpReward: -15.155 | RecentReward: -9.230 | ActorLoss: 0.385485 | CriticLoss: 0.029913 | Q: -0.3491 | TargetQ: -0.3507 | TDAbs: 0.1792 | ActorGrad: 0.0000 | CriticGrad: 0.6422 | Noise: 0.0925 | Replay: 50000 | FPS: 56.74 | ETA: 17.3 min
2026-09-15 19:33:58,717 | INFO | Steps: 91648/150000 | Episodes: 179 | LastEpReward: -4.649 | RecentReward: -9.728 | ActorLoss: 0.514220 | CriticLoss: 0.028100 | Q: -0.4794 | TargetQ: -0.4806 | TDAbs: 0.1733 | ActorGrad: 0.0000 | CriticGrad: 0.5984 | Noise: 0.0910 | Replay: 50000 | FPS: 56.81 | ETA: 17.1 min
2026-09-15 19:34:05,731 | INFO | 开始周期评估: Steps=92160 | Episodes=180 | EvalEpisodes=5
2026-09-15 19:34:27,012 | INFO | 周期评估完成: Steps=92160 | MeanReward=-7.486 | StdReward=7.044
2026-09-15 19:34:27,019 | INFO | Steps: 92160/150000 | Episodes: 180 | LastEpReward: -6.234 | RecentReward: -8.807 | ActorLoss: 0.518032 | CriticLoss: 0.026874 | Q: -0.4803 | TargetQ: -0.4819 | TDAbs: 0.1704 | ActorGrad: 0.0000 | CriticGrad: 0.5651 | Noise: 0.0895 | Replay: 50000 | FPS: 56.14 | ETA: 17.2 min
2026-09-15 19:34:34,219 | INFO | Steps: 92672/150000 | Episodes: 181 | LastEpReward: -5.281 | RecentReward: -8.706 | ActorLoss: 0.513762 | CriticLoss: 0.025687 | Q: -0.4829 | TargetQ: -0.4828 | TDAbs: 0.1677 | ActorGrad: 0.0000 | CriticGrad: 0.5353 | Noise: 0.0881 | Replay: 50000 | FPS: 56.21 | ETA: 17.0 min
2026-09-15 19:34:41,359 | INFO | Steps: 93184/150000 | Episodes: 182 | LastEpReward: -6.946 | RecentReward: -8.263 | ActorLoss: 0.585959 | CriticLoss: 0.028017 | Q: -0.5543 | TargetQ: -0.5551 | TDAbs: 0.1709 | ActorGrad: 0.0000 | CriticGrad: 0.5613 | Noise: 0.0866 | Replay: 50000 | FPS: 56.28 | ETA: 16.8 min
2026-09-15 19:34:48,443 | INFO | Steps: 93696/150000 | Episodes: 183 | LastEpReward: -7.559 | RecentReward: -8.207 | ActorLoss: 0.585163 | CriticLoss: 0.027535 | Q: -0.5536 | TargetQ: -0.5544 | TDAbs: 0.1731 | ActorGrad: 0.0000 | CriticGrad: 0.5573 | Noise: 0.0852 | Replay: 50000 | FPS: 56.34 | ETA: 16.7 min
2026-09-15 19:34:55,569 | INFO | Steps: 94208/150000 | Episodes: 184 | LastEpReward: -15.505 | RecentReward: -9.054 | ActorLoss: 0.576136 | CriticLoss: 0.026307 | Q: -0.5469 | TargetQ: -0.5481 | TDAbs: 0.1698 | ActorGrad: 0.0000 | CriticGrad: 0.5463 | Noise: 0.0837 | Replay: 50000 | FPS: 56.41 | ETA: 16.5 min
2026-09-15 19:35:02,934 | INFO | Steps: 94720/150000 | Episodes: 185 | LastEpReward: -14.633 | RecentReward: -9.652 | ActorLoss: 0.678559 | CriticLoss: 0.027474 | Q: -0.6467 | TargetQ: -0.6491 | TDAbs: 0.1708 | ActorGrad: 0.0000 | CriticGrad: 0.5943 | Noise: 0.0822 | Replay: 50000 | FPS: 56.47 | ETA: 16.3 min
2026-09-15 19:35:10,110 | INFO | Steps: 95232/150000 | Episodes: 186 | LastEpReward: -10.997 | RecentReward: -9.354 | ActorLoss: 0.685745 | CriticLoss: 0.028290 | Q: -0.6546 | TargetQ: -0.6549 | TDAbs: 0.1710 | ActorGrad: 0.0000 | CriticGrad: 0.5930 | Noise: 0.0808 | Replay: 50000 | FPS: 56.53 | ETA: 16.1 min
2026-09-15 19:35:17,120 | INFO | Steps: 95744/150000 | Episodes: 187 | LastEpReward: -7.502 | RecentReward: -9.446 | ActorLoss: 0.693800 | CriticLoss: 0.025909 | Q: -0.6635 | TargetQ: -0.6644 | TDAbs: 0.1653 | ActorGrad: 0.0000 | CriticGrad: 0.5707 | Noise: 0.0793 | Replay: 50000 | FPS: 56.60 | ETA: 16.0 min
2026-09-15 19:35:24,199 | INFO | Steps: 96256/150000 | Episodes: 188 | LastEpReward: -12.558 | RecentReward: -9.186 | ActorLoss: 0.695757 | CriticLoss: 0.024879 | Q: -0.6688 | TargetQ: -0.6689 | TDAbs: 0.1653 | ActorGrad: 0.0000 | CriticGrad: 0.5592 | Noise: 0.0778 | Replay: 50000 | FPS: 56.67 | ETA: 15.8 min
2026-09-15 19:35:31,618 | INFO | Steps: 96768/150000 | Episodes: 189 | LastEpReward: -18.366 | RecentReward: -10.558 | ActorLoss: 0.784167 | CriticLoss: 0.025441 | Q: -0.7555 | TargetQ: -0.7566 | TDAbs: 0.1649 | ActorGrad: 0.0000 | CriticGrad: 0.5507 | Noise: 0.0764 | Replay: 50000 | FPS: 56.72 | ETA: 15.6 min
2026-09-15 19:35:38,766 | INFO | 开始周期评估: Steps=97280 | Episodes=190 | EvalEpisodes=5
2026-09-15 19:36:00,101 | INFO | 周期评估完成: Steps=97280 | MeanReward=-7.486 | StdReward=7.044
2026-09-15 19:36:00,109 | INFO | Steps: 97280/150000 | Episodes: 190 | LastEpReward: -14.510 | RecentReward: -11.386 | ActorLoss: 0.777368 | CriticLoss: 0.025101 | Q: -0.7503 | TargetQ: -0.7502 | TDAbs: 0.1620 | ActorGrad: 0.0000 | CriticGrad: 0.5454 | Noise: 0.0749 | Replay: 50000 | FPS: 56.08 | ETA: 15.7 min
2026-09-15 19:36:07,207 | INFO | Steps: 97792/150000 | Episodes: 191 | LastEpReward: -11.743 | RecentReward: -12.032 | ActorLoss: 0.809507 | CriticLoss: 0.022963 | Q: -0.7827 | TargetQ: -0.7844 | TDAbs: 0.1577 | ActorGrad: 0.0000 | CriticGrad: 0.5221 | Noise: 0.0735 | Replay: 50000 | FPS: 56.15 | ETA: 15.5 min
2026-09-15 19:36:14,321 | INFO | Steps: 98304/150000 | Episodes: 192 | LastEpReward: -0.361 | RecentReward: -11.373 | ActorLoss: 0.789213 | CriticLoss: 0.024014 | Q: -0.7683 | TargetQ: -0.7702 | TDAbs: 0.1607 | ActorGrad: 0.0000 | CriticGrad: 0.5162 | Noise: 0.0720 | Replay: 50000 | FPS: 56.21 | ETA: 15.3 min
2026-09-15 19:36:21,320 | INFO | Steps: 98816/150000 | Episodes: 193 | LastEpReward: -8.646 | RecentReward: -11.482 | ActorLoss: 0.827528 | CriticLoss: 0.023508 | Q: -0.8027 | TargetQ: -0.8036 | TDAbs: 0.1605 | ActorGrad: 0.0000 | CriticGrad: 0.5530 | Noise: 0.0705 | Replay: 50000 | FPS: 56.28 | ETA: 15.2 min
2026-09-15 19:36:28,367 | INFO | Steps: 99328/150000 | Episodes: 194 | LastEpReward: -9.355 | RecentReward: -10.867 | ActorLoss: 0.864950 | CriticLoss: 0.022753 | Q: -0.8405 | TargetQ: -0.8423 | TDAbs: 0.1583 | ActorGrad: 0.0000 | CriticGrad: 0.5209 | Noise: 0.0691 | Replay: 50000 | FPS: 56.35 | ETA: 15.0 min
2026-09-15 19:36:35,449 | INFO | Steps: 99840/150000 | Episodes: 195 | LastEpReward: -4.962 | RecentReward: -9.900 | ActorLoss: 0.854906 | CriticLoss: 0.021810 | Q: -0.8346 | TargetQ: -0.8355 | TDAbs: 0.1551 | ActorGrad: 0.0000 | CriticGrad: 0.4924 | Noise: 0.0676 | Replay: 50000 | FPS: 56.41 | ETA: 14.8 min
2026-09-15 19:36:42,566 | INFO | Steps: 100352/150000 | Episodes: 196 | LastEpReward: -13.472 | RecentReward: -10.147 | ActorLoss: 0.869773 | CriticLoss: 0.023051 | Q: -0.8501 | TargetQ: -0.8503 | TDAbs: 0.1574 | ActorGrad: 0.0000 | CriticGrad: 0.5039 | Noise: 0.0661 | Replay: 50000 | FPS: 56.47 | ETA: 14.7 min
2026-09-15 19:36:49,680 | INFO | Steps: 100864/150000 | Episodes: 197 | LastEpReward: 6.052 | RecentReward: -8.792 | ActorLoss: 0.906237 | CriticLoss: 0.023849 | Q: -0.8864 | TargetQ: -0.8891 | TDAbs: 0.1602 | ActorGrad: 0.0000 | CriticGrad: 0.5381 | Noise: 0.0647 | Replay: 50000 | FPS: 56.53 | ETA: 14.5 min
2026-09-15 19:36:56,715 | INFO | Steps: 101376/150000 | Episodes: 198 | LastEpReward: -9.968 | RecentReward: -8.533 | ActorLoss: 0.901402 | CriticLoss: 0.022300 | Q: -0.8845 | TargetQ: -0.8854 | TDAbs: 0.1544 | ActorGrad: 0.0000 | CriticGrad: 0.4813 | Noise: 0.0632 | Replay: 50000 | FPS: 56.60 | ETA: 14.3 min
2026-09-15 19:37:04,030 | INFO | Steps: 101888/150000 | Episodes: 199 | LastEpReward: -16.392 | RecentReward: -8.336 | ActorLoss: 0.860618 | CriticLoss: 0.021816 | Q: -0.8433 | TargetQ: -0.8445 | TDAbs: 0.1529 | ActorGrad: 0.0000 | CriticGrad: 0.4759 | Noise: 0.0617 | Replay: 50000 | FPS: 56.65 | ETA: 14.2 min
2026-09-15 19:37:11,026 | INFO | 开始周期评估: Steps=102400 | Episodes=200 | EvalEpisodes=5
2026-09-15 19:37:32,336 | INFO | 周期评估完成: Steps=102400 | MeanReward=-7.486 | StdReward=7.044
2026-09-15 19:37:32,343 | INFO | Steps: 102400/150000 | Episodes: 200 | LastEpReward: -12.265 | RecentReward: -8.111 | ActorLoss: 0.894479 | CriticLoss: 0.021462 | Q: -0.8788 | TargetQ: -0.8797 | TDAbs: 0.1534 | ActorGrad: 0.0000 | CriticGrad: 0.4820 | Noise: 0.0603 | Replay: 50000 | FPS: 56.05 | ETA: 14.2 min
2026-09-15 19:37:39,624 | INFO | Steps: 102912/150000 | Episodes: 201 | LastEpReward: -18.321 | RecentReward: -8.769 | ActorLoss: 0.895734 | CriticLoss: 0.022517 | Q: -0.8798 | TargetQ: -0.8798 | TDAbs: 0.1565 | ActorGrad: 0.0000 | CriticGrad: 0.5105 | Noise: 0.0588 | Replay: 50000 | FPS: 56.11 | ETA: 14.0 min
2026-09-15 19:37:46,650 | INFO | Steps: 103424/150000 | Episodes: 202 | LastEpReward: -2.248 | RecentReward: -8.958 | ActorLoss: 0.859607 | CriticLoss: 0.020419 | Q: -0.8439 | TargetQ: -0.8450 | TDAbs: 0.1515 | ActorGrad: 0.0000 | CriticGrad: 0.4715 | Noise: 0.0574 | Replay: 50000 | FPS: 56.17 | ETA: 13.8 min
2026-09-15 19:37:53,913 | INFO | Steps: 103936/150000 | Episodes: 203 | LastEpReward: -26.503 | RecentReward: -10.743 | ActorLoss: 0.938267 | CriticLoss: 0.021802 | Q: -0.9231 | TargetQ: -0.9235 | TDAbs: 0.1511 | ActorGrad: 0.0000 | CriticGrad: 0.4832 | Noise: 0.0559 | Replay: 50000 | FPS: 56.23 | ETA: 13.7 min
2026-09-15 19:38:01,068 | INFO | Steps: 104448/150000 | Episodes: 204 | LastEpReward: -10.993 | RecentReward: -10.907 | ActorLoss: 0.883898 | CriticLoss: 0.021825 | Q: -0.8697 | TargetQ: -0.8710 | TDAbs: 0.1518 | ActorGrad: 0.0000 | CriticGrad: 0.4783 | Noise: 0.0544 | Replay: 50000 | FPS: 56.29 | ETA: 13.5 min
2026-09-15 19:38:08,080 | INFO | Steps: 104960/150000 | Episodes: 205 | LastEpReward: -16.841 | RecentReward: -12.095 | ActorLoss: 0.900843 | CriticLoss: 0.019297 | Q: -0.8890 | TargetQ: -0.8894 | TDAbs: 0.1447 | ActorGrad: 0.0000 | CriticGrad: 0.4299 | Noise: 0.0530 | Replay: 50000 | FPS: 56.35 | ETA: 13.3 min
2026-09-15 19:38:15,131 | INFO | Steps: 105472/150000 | Episodes: 206 | LastEpReward: -8.532 | RecentReward: -11.601 | ActorLoss: 0.914805 | CriticLoss: 0.019820 | Q: -0.9030 | TargetQ: -0.9029 | TDAbs: 0.1452 | ActorGrad: 0.0000 | CriticGrad: 0.4650 | Noise: 0.0515 | Replay: 50000 | FPS: 56.41 | ETA: 13.2 min
2026-09-15 19:38:22,257 | INFO | Steps: 105984/150000 | Episodes: 207 | LastEpReward: -12.482 | RecentReward: -13.455 | ActorLoss: 0.875544 | CriticLoss: 0.018915 | Q: -0.8646 | TargetQ: -0.8654 | TDAbs: 0.1443 | ActorGrad: 0.0000 | CriticGrad: 0.4391 | Noise: 0.0500 | Replay: 50000 | FPS: 56.47 | ETA: 13.0 min
2026-09-15 19:38:29,319 | INFO | Steps: 106496/150000 | Episodes: 208 | LastEpReward: -9.762 | RecentReward: -13.434 | ActorLoss: 0.875932 | CriticLoss: 0.019245 | Q: -0.8682 | TargetQ: -0.8691 | TDAbs: 0.1433 | ActorGrad: 0.0000 | CriticGrad: 0.4311 | Noise: 0.0500 | Replay: 50000 | FPS: 56.53 | ETA: 12.8 min
2026-09-15 19:38:36,412 | INFO | Steps: 107008/150000 | Episodes: 209 | LastEpReward: -1.619 | RecentReward: -11.957 | ActorLoss: 0.898734 | CriticLoss: 0.018138 | Q: -0.8897 | TargetQ: -0.8909 | TDAbs: 0.1414 | ActorGrad: 0.0000 | CriticGrad: 0.4135 | Noise: 0.0500 | Replay: 50000 | FPS: 56.59 | ETA: 12.7 min
2026-09-15 19:38:43,484 | INFO | 开始周期评估: Steps=107520 | Episodes=210 | EvalEpisodes=5
2026-09-15 19:39:04,885 | INFO | 周期评估完成: Steps=107520 | MeanReward=-7.486 | StdReward=7.044
2026-09-15 19:39:04,893 | INFO | Steps: 107520/150000 | Episodes: 210 | LastEpReward: -10.223 | RecentReward: -11.752 | ActorLoss: 0.924567 | CriticLoss: 0.018217 | Q: -0.9178 | TargetQ: -0.9182 | TDAbs: 0.1408 | ActorGrad: 0.0000 | CriticGrad: 0.4202 | Noise: 0.0500 | Replay: 50000 | FPS: 56.02 | ETA: 12.6 min
2026-09-15 19:39:12,228 | INFO | Steps: 108032/150000 | Episodes: 211 | LastEpReward: -16.182 | RecentReward: -11.538 | ActorLoss: 0.926743 | CriticLoss: 0.018672 | Q: -0.9178 | TargetQ: -0.9189 | TDAbs: 0.1412 | ActorGrad: 0.0000 | CriticGrad: 0.4323 | Noise: 0.0500 | Replay: 50000 | FPS: 56.07 | ETA: 12.5 min
2026-09-15 19:39:19,279 | INFO | Steps: 108544/150000 | Episodes: 212 | LastEpReward: -6.492 | RecentReward: -11.963 | ActorLoss: 0.946850 | CriticLoss: 0.016653 | Q: -0.9404 | TargetQ: -0.9418 | TDAbs: 0.1359 | ActorGrad: 0.0000 | CriticGrad: 0.3892 | Noise: 0.0500 | Replay: 50000 | FPS: 56.13 | ETA: 12.3 min
2026-09-15 19:39:26,403 | INFO | Steps: 109056/150000 | Episodes: 213 | LastEpReward: -7.537 | RecentReward: -10.066 | ActorLoss: 0.979490 | CriticLoss: 0.018336 | Q: -0.9739 | TargetQ: -0.9753 | TDAbs: 0.1404 | ActorGrad: 0.0000 | CriticGrad: 0.4226 | Noise: 0.0500 | Replay: 50000 | FPS: 56.19 | ETA: 12.1 min
2026-09-15 19:39:33,673 | INFO | Steps: 109568/150000 | Episodes: 214 | LastEpReward: -15.799 | RecentReward: -10.547 | ActorLoss: 0.977366 | CriticLoss: 0.018314 | Q: -0.9713 | TargetQ: -0.9721 | TDAbs: 0.1399 | ActorGrad: 0.0000 | CriticGrad: 0.4252 | Noise: 0.0500 | Replay: 50000 | FPS: 56.24 | ETA: 12.0 min
2026-09-15 19:39:40,733 | INFO | Steps: 110080/150000 | Episodes: 215 | LastEpReward: -3.196 | RecentReward: -9.182 | ActorLoss: 0.959984 | CriticLoss: 0.016496 | Q: -0.9574 | TargetQ: -0.9579 | TDAbs: 0.1353 | ActorGrad: 0.0000 | CriticGrad: 0.3857 | Noise: 0.0500 | Replay: 50000 | FPS: 56.30 | ETA: 11.8 min
2026-09-15 19:39:47,791 | INFO | Steps: 110592/150000 | Episodes: 216 | LastEpReward: -3.982 | RecentReward: -8.727 | ActorLoss: 0.942030 | CriticLoss: 0.016397 | Q: -0.9393 | TargetQ: -0.9399 | TDAbs: 0.1340 | ActorGrad: 0.0000 | CriticGrad: 0.3895 | Noise: 0.0500 | Replay: 50000 | FPS: 56.36 | ETA: 11.7 min
2026-09-15 19:39:54,980 | INFO | Steps: 111104/150000 | Episodes: 217 | LastEpReward: -12.882 | RecentReward: -8.767 | ActorLoss: 1.017491 | CriticLoss: 0.017459 | Q: -1.0153 | TargetQ: -1.0154 | TDAbs: 0.1355 | ActorGrad: 0.0000 | CriticGrad: 0.4113 | Noise: 0.0500 | Replay: 50000 | FPS: 56.41 | ETA: 11.5 min
2026-09-15 19:40:02,246 | INFO | Steps: 111616/150000 | Episodes: 218 | LastEpReward: -16.962 | RecentReward: -9.487 | ActorLoss: 0.994040 | CriticLoss: 0.016527 | Q: -0.9918 | TargetQ: -0.9919 | TDAbs: 0.1329 | ActorGrad: 0.0000 | CriticGrad: 0.3884 | Noise: 0.0500 | Replay: 50000 | FPS: 56.47 | ETA: 11.3 min
2026-09-15 19:40:09,301 | INFO | Steps: 112128/150000 | Episodes: 219 | LastEpReward: -11.049 | RecentReward: -10.430 | ActorLoss: 1.005232 | CriticLoss: 0.015251 | Q: -1.0045 | TargetQ: -1.0046 | TDAbs: 0.1286 | ActorGrad: 0.0000 | CriticGrad: 0.3777 | Noise: 0.0500 | Replay: 50000 | FPS: 56.52 | ETA: 11.2 min
2026-09-15 19:40:16,392 | INFO | 开始周期评估: Steps=112640 | Episodes=220 | EvalEpisodes=5
2026-09-15 19:40:37,755 | INFO | 周期评估完成: Steps=112640 | MeanReward=-7.486 | StdReward=7.044
2026-09-15 19:40:37,763 | INFO | Steps: 112640/150000 | Episodes: 220 | LastEpReward: -12.649 | RecentReward: -10.673 | ActorLoss: 1.056880 | CriticLoss: 0.015032 | Q: -1.0572 | TargetQ: -1.0574 | TDAbs: 0.1295 | ActorGrad: 0.0000 | CriticGrad: 0.3652 | Noise: 0.0500 | Replay: 50000 | FPS: 55.98 | ETA: 11.1 min
2026-09-15 19:40:44,803 | INFO | Steps: 113152/150000 | Episodes: 221 | LastEpReward: -7.069 | RecentReward: -9.762 | ActorLoss: 1.035958 | CriticLoss: 0.014456 | Q: -1.0371 | TargetQ: -1.0381 | TDAbs: 0.1260 | ActorGrad: 0.0000 | CriticGrad: 0.3501 | Noise: 0.0500 | Replay: 50000 | FPS: 56.04 | ETA: 11.0 min
2026-09-15 19:40:51,874 | INFO | Steps: 113664/150000 | Episodes: 222 | LastEpReward: -6.754 | RecentReward: -9.788 | ActorLoss: 0.998748 | CriticLoss: 0.014544 | Q: -1.0009 | TargetQ: -1.0009 | TDAbs: 0.1269 | ActorGrad: 0.0000 | CriticGrad: 0.3519 | Noise: 0.0500 | Replay: 50000 | FPS: 56.09 | ETA: 10.8 min
2026-09-15 19:40:59,378 | INFO | Steps: 114176/150000 | Episodes: 223 | LastEpReward: -25.698 | RecentReward: -11.604 | ActorLoss: 1.056564 | CriticLoss: 0.015037 | Q: -1.0600 | TargetQ: -1.0602 | TDAbs: 0.1277 | ActorGrad: 0.0000 | CriticGrad: 0.3749 | Noise: 0.0500 | Replay: 50000 | FPS: 56.14 | ETA: 10.6 min
2026-09-15 19:41:06,741 | INFO | Steps: 114688/150000 | Episodes: 224 | LastEpReward: -16.285 | RecentReward: -11.653 | ActorLoss: 1.061484 | CriticLoss: 0.015146 | Q: -1.0648 | TargetQ: -1.0650 | TDAbs: 0.1292 | ActorGrad: 0.0000 | CriticGrad: 0.3878 | Noise: 0.0500 | Replay: 50000 | FPS: 56.19 | ETA: 10.5 min
2026-09-15 19:41:13,737 | INFO | Steps: 115200/150000 | Episodes: 225 | LastEpReward: -0.455 | RecentReward: -11.379 | ActorLoss: 1.074251 | CriticLoss: 0.013483 | Q: -1.0774 | TargetQ: -1.0783 | TDAbs: 0.1243 | ActorGrad: 0.0000 | CriticGrad: 0.3321 | Noise: 0.0500 | Replay: 50000 | FPS: 56.24 | ETA: 10.3 min
2026-09-15 19:41:20,852 | INFO | Steps: 115712/150000 | Episodes: 226 | LastEpReward: -0.128 | RecentReward: -10.993 | ActorLoss: 1.093390 | CriticLoss: 0.013500 | Q: -1.0968 | TargetQ: -1.0974 | TDAbs: 0.1230 | ActorGrad: 0.0000 | CriticGrad: 0.3347 | Noise: 0.0500 | Replay: 50000 | FPS: 56.30 | ETA: 10.2 min
2026-09-15 19:41:28,033 | INFO | Steps: 116224/150000 | Episodes: 227 | LastEpReward: -17.967 | RecentReward: -11.502 | ActorLoss: 1.099910 | CriticLoss: 0.013245 | Q: -1.1031 | TargetQ: -1.1041 | TDAbs: 0.1227 | ActorGrad: 0.0000 | CriticGrad: 0.3337 | Noise: 0.0500 | Replay: 50000 | FPS: 56.35 | ETA: 10.0 min
2026-09-15 19:41:35,103 | INFO | Steps: 116736/150000 | Episodes: 228 | LastEpReward: -8.752 | RecentReward: -10.681 | ActorLoss: 1.113236 | CriticLoss: 0.013484 | Q: -1.1165 | TargetQ: -1.1174 | TDAbs: 0.1210 | ActorGrad: 0.0000 | CriticGrad: 0.3277 | Noise: 0.0500 | Replay: 50000 | FPS: 56.41 | ETA: 9.8 min
2026-09-15 19:41:42,184 | INFO | Steps: 117248/150000 | Episodes: 229 | LastEpReward: -5.327 | RecentReward: -10.109 | ActorLoss: 1.116354 | CriticLoss: 0.013821 | Q: -1.1194 | TargetQ: -1.1206 | TDAbs: 0.1242 | ActorGrad: 0.0000 | CriticGrad: 0.3341 | Noise: 0.0500 | Replay: 50000 | FPS: 56.46 | ETA: 9.7 min
2026-09-15 19:41:49,557 | INFO | 开始周期评估: Steps=117760 | Episodes=230 | EvalEpisodes=5
2026-09-15 19:42:10,780 | INFO | 周期评估完成: Steps=117760 | MeanReward=-7.486 | StdReward=7.044
2026-09-15 19:42:10,787 | INFO | Steps: 117760/150000 | Episodes: 230 | LastEpReward: -12.871 | RecentReward: -10.131 | ActorLoss: 1.094705 | CriticLoss: 0.014085 | Q: -1.0980 | TargetQ: -1.0988 | TDAbs: 0.1232 | ActorGrad: 0.0000 | CriticGrad: 0.3327 | Noise: 0.0500 | Replay: 50000 | FPS: 55.94 | ETA: 9.6 min
2026-09-15 19:42:17,893 | INFO | Steps: 118272/150000 | Episodes: 231 | LastEpReward: -7.985 | RecentReward: -10.222 | ActorLoss: 1.094272 | CriticLoss: 0.012878 | Q: -1.0964 | TargetQ: -1.0969 | TDAbs: 0.1205 | ActorGrad: 0.0000 | CriticGrad: 0.3332 | Noise: 0.0500 | Replay: 50000 | FPS: 55.99 | ETA: 9.4 min
2026-09-15 19:42:25,132 | INFO | Steps: 118784/150000 | Episodes: 232 | LastEpReward: -6.207 | RecentReward: -10.167 | ActorLoss: 1.105345 | CriticLoss: 0.014189 | Q: -1.1081 | TargetQ: -1.1081 | TDAbs: 0.1230 | ActorGrad: 0.0000 | CriticGrad: 0.3265 | Noise: 0.0500 | Replay: 50000 | FPS: 56.04 | ETA: 9.3 min
2026-09-15 19:42:32,409 | INFO | Steps: 119296/150000 | Episodes: 233 | LastEpReward: -18.253 | RecentReward: -9.423 | ActorLoss: 1.092557 | CriticLoss: 0.013198 | Q: -1.0953 | TargetQ: -1.0963 | TDAbs: 0.1210 | ActorGrad: 0.0000 | CriticGrad: 0.3121 | Noise: 0.0500 | Replay: 50000 | FPS: 56.09 | ETA: 9.1 min
2026-09-15 19:42:39,446 | INFO | Steps: 119808/150000 | Episodes: 234 | LastEpReward: -11.512 | RecentReward: -8.946 | ActorLoss: 1.128481 | CriticLoss: 0.013024 | Q: -1.1314 | TargetQ: -1.1315 | TDAbs: 0.1201 | ActorGrad: 0.0000 | CriticGrad: 0.3203 | Noise: 0.0500 | Replay: 50000 | FPS: 56.14 | ETA: 9.0 min
2026-09-15 19:42:46,496 | INFO | Steps: 120320/150000 | Episodes: 235 | LastEpReward: -6.019 | RecentReward: -9.502 | ActorLoss: 1.183348 | CriticLoss: 0.012565 | Q: -1.1863 | TargetQ: -1.1862 | TDAbs: 0.1196 | ActorGrad: 0.0000 | CriticGrad: 0.3144 | Noise: 0.0500 | Replay: 50000 | FPS: 56.20 | ETA: 8.8 min
2026-09-15 19:42:53,423 | INFO | Steps: 120832/150000 | Episodes: 236 | LastEpReward: 1.503 | RecentReward: -9.339 | ActorLoss: 1.135219 | CriticLoss: 0.011932 | Q: -1.1379 | TargetQ: -1.1397 | TDAbs: 0.1165 | ActorGrad: 0.0000 | CriticGrad: 0.2905 | Noise: 0.0500 | Replay: 50000 | FPS: 56.26 | ETA: 8.6 min
2026-09-15 19:43:00,858 | INFO | Steps: 121344/150000 | Episodes: 237 | LastEpReward: -29.076 | RecentReward: -10.450 | ActorLoss: 1.194010 | CriticLoss: 0.013361 | Q: -1.1961 | TargetQ: -1.1965 | TDAbs: 0.1213 | ActorGrad: 0.0000 | CriticGrad: 0.3406 | Noise: 0.0500 | Replay: 50000 | FPS: 56.30 | ETA: 8.5 min
2026-09-15 19:43:08,110 | INFO | Steps: 121856/150000 | Episodes: 238 | LastEpReward: -10.727 | RecentReward: -10.647 | ActorLoss: 1.196058 | CriticLoss: 0.013027 | Q: -1.1992 | TargetQ: -1.1991 | TDAbs: 0.1190 | ActorGrad: 0.0000 | CriticGrad: 0.3180 | Noise: 0.0500 | Replay: 50000 | FPS: 56.35 | ETA: 8.3 min
2026-09-15 19:43:15,390 | INFO | Steps: 122368/150000 | Episodes: 239 | LastEpReward: -13.186 | RecentReward: -11.433 | ActorLoss: 1.204430 | CriticLoss: 0.011875 | Q: -1.2071 | TargetQ: -1.2076 | TDAbs: 0.1152 | ActorGrad: 0.0000 | CriticGrad: 0.3020 | Noise: 0.0500 | Replay: 50000 | FPS: 56.39 | ETA: 8.2 min
2026-09-15 19:43:22,461 | INFO | 开始周期评估: Steps=122880 | Episodes=240 | EvalEpisodes=5
2026-09-15 19:43:43,743 | INFO | 周期评估完成: Steps=122880 | MeanReward=-7.486 | StdReward=7.044
2026-09-15 19:43:43,751 | INFO | Steps: 122880/150000 | Episodes: 240 | LastEpReward: -13.026 | RecentReward: -11.449 | ActorLoss: 1.236190 | CriticLoss: 0.012660 | Q: -1.2388 | TargetQ: -1.2402 | TDAbs: 0.1185 | ActorGrad: 0.0000 | CriticGrad: 0.3292 | Noise: 0.0500 | Replay: 50000 | FPS: 55.90 | ETA: 8.1 min
2026-09-15 19:43:50,792 | INFO | Steps: 123392/150000 | Episodes: 241 | LastEpReward: -1.697 | RecentReward: -10.820 | ActorLoss: 1.261133 | CriticLoss: 0.012202 | Q: -1.2641 | TargetQ: -1.2642 | TDAbs: 0.1170 | ActorGrad: 0.0000 | CriticGrad: 0.3047 | Noise: 0.0500 | Replay: 50000 | FPS: 55.95 | ETA: 7.9 min
2026-09-15 19:43:57,865 | INFO | Steps: 123904/150000 | Episodes: 242 | LastEpReward: 2.309 | RecentReward: -9.968 | ActorLoss: 1.261708 | CriticLoss: 0.012326 | Q: -1.2644 | TargetQ: -1.2645 | TDAbs: 0.1180 | ActorGrad: 0.0000 | CriticGrad: 0.3173 | Noise: 0.0500 | Replay: 50000 | FPS: 56.01 | ETA: 7.8 min
2026-09-15 19:44:05,039 | INFO | Steps: 124416/150000 | Episodes: 243 | LastEpReward: -8.074 | RecentReward: -8.950 | ActorLoss: 1.282222 | CriticLoss: 0.012677 | Q: -1.2855 | TargetQ: -1.2850 | TDAbs: 0.1182 | ActorGrad: 0.0000 | CriticGrad: 0.3215 | Noise: 0.0500 | Replay: 50000 | FPS: 56.06 | ETA: 7.6 min
2026-09-15 19:44:12,375 | INFO | Steps: 124928/150000 | Episodes: 244 | LastEpReward: -16.697 | RecentReward: -9.469 | ActorLoss: 1.264649 | CriticLoss: 0.012934 | Q: -1.2677 | TargetQ: -1.2682 | TDAbs: 0.1191 | ActorGrad: 0.0000 | CriticGrad: 0.3127 | Noise: 0.0500 | Replay: 50000 | FPS: 56.10 | ETA: 7.4 min
2026-09-15 19:44:19,699 | INFO | Steps: 125440/150000 | Episodes: 245 | LastEpReward: -18.586 | RecentReward: -10.726 | ActorLoss: 1.289727 | CriticLoss: 0.011800 | Q: -1.2927 | TargetQ: -1.2927 | TDAbs: 0.1152 | ActorGrad: 0.0000 | CriticGrad: 0.3019 | Noise: 0.0500 | Replay: 50000 | FPS: 56.15 | ETA: 7.3 min
2026-09-15 19:44:26,741 | INFO | Steps: 125952/150000 | Episodes: 246 | LastEpReward: -5.922 | RecentReward: -11.468 | ActorLoss: 1.287519 | CriticLoss: 0.012613 | Q: -1.2907 | TargetQ: -1.2902 | TDAbs: 0.1189 | ActorGrad: 0.0000 | CriticGrad: 0.3200 | Noise: 0.0500 | Replay: 50000 | FPS: 56.20 | ETA: 7.1 min
2026-09-15 19:44:33,968 | INFO | Steps: 126464/150000 | Episodes: 247 | LastEpReward: -14.277 | RecentReward: -9.988 | ActorLoss: 1.291674 | CriticLoss: 0.012389 | Q: -1.2943 | TargetQ: -1.2955 | TDAbs: 0.1172 | ActorGrad: 0.0000 | CriticGrad: 0.3262 | Noise: 0.0500 | Replay: 50000 | FPS: 56.25 | ETA: 7.0 min
2026-09-15 19:44:41,126 | INFO | Steps: 126976/150000 | Episodes: 248 | LastEpReward: -14.610 | RecentReward: -10.377 | ActorLoss: 1.252050 | CriticLoss: 0.011571 | Q: -1.2546 | TargetQ: -1.2552 | TDAbs: 0.1136 | ActorGrad: 0.0000 | CriticGrad: 0.2883 | Noise: 0.0500 | Replay: 50000 | FPS: 56.29 | ETA: 6.8 min
2026-09-15 19:44:48,214 | INFO | Steps: 127488/150000 | Episodes: 249 | LastEpReward: -4.370 | RecentReward: -9.495 | ActorLoss: 1.290003 | CriticLoss: 0.011567 | Q: -1.2927 | TargetQ: -1.2936 | TDAbs: 0.1141 | ActorGrad: 0.0000 | CriticGrad: 0.2996 | Noise: 0.0500 | Replay: 50000 | FPS: 56.34 | ETA: 6.7 min
2026-09-15 19:44:55,297 | INFO | 开始周期评估: Steps=128000 | Episodes=250 | EvalEpisodes=5
2026-09-15 19:45:16,605 | INFO | 周期评估完成: Steps=128000 | MeanReward=-7.486 | StdReward=7.044
2026-09-15 19:45:16,613 | INFO | Steps: 128000/150000 | Episodes: 250 | LastEpReward: -16.693 | RecentReward: -9.862 | ActorLoss: 1.268377 | CriticLoss: 0.012029 | Q: -1.2708 | TargetQ: -1.2703 | TDAbs: 0.1162 | ActorGrad: 0.0000 | CriticGrad: 0.3058 | Noise: 0.0500 | Replay: 50000 | FPS: 55.87 | ETA: 6.6 min
2026-09-15 19:45:23,653 | INFO | Steps: 128512/150000 | Episodes: 251 | LastEpReward: -3.363 | RecentReward: -10.028 | ActorLoss: 1.259470 | CriticLoss: 0.012243 | Q: -1.2623 | TargetQ: -1.2623 | TDAbs: 0.1157 | ActorGrad: 0.0000 | CriticGrad: 0.2986 | Noise: 0.0500 | Replay: 50000 | FPS: 55.92 | ETA: 6.4 min
2026-09-15 19:45:30,767 | INFO | Steps: 129024/150000 | Episodes: 252 | LastEpReward: -9.259 | RecentReward: -11.185 | ActorLoss: 1.260010 | CriticLoss: 0.011925 | Q: -1.2622 | TargetQ: -1.2635 | TDAbs: 0.1152 | ActorGrad: 0.0000 | CriticGrad: 0.2918 | Noise: 0.0500 | Replay: 50000 | FPS: 55.97 | ETA: 6.2 min
2026-09-15 19:45:37,829 | INFO | Steps: 129536/150000 | Episodes: 253 | LastEpReward: -3.461 | RecentReward: -10.724 | ActorLoss: 1.264596 | CriticLoss: 0.011828 | Q: -1.2670 | TargetQ: -1.2674 | TDAbs: 0.1144 | ActorGrad: 0.0000 | CriticGrad: 0.2933 | Noise: 0.0500 | Replay: 50000 | FPS: 56.02 | ETA: 6.1 min
2026-09-15 19:45:44,902 | INFO | Steps: 130048/150000 | Episodes: 254 | LastEpReward: -4.098 | RecentReward: -9.464 | ActorLoss: 1.270455 | CriticLoss: 0.011387 | Q: -1.2727 | TargetQ: -1.2732 | TDAbs: 0.1131 | ActorGrad: 0.0000 | CriticGrad: 0.2775 | Noise: 0.0500 | Replay: 50000 | FPS: 56.07 | ETA: 5.9 min
2026-09-15 19:45:51,952 | INFO | Steps: 130560/150000 | Episodes: 255 | LastEpReward: -2.751 | RecentReward: -7.880 | ActorLoss: 1.275220 | CriticLoss: 0.012134 | Q: -1.2773 | TargetQ: -1.2775 | TDAbs: 0.1157 | ActorGrad: 0.0000 | CriticGrad: 0.3222 | Noise: 0.0500 | Replay: 50000 | FPS: 56.12 | ETA: 5.8 min
2026-09-15 19:45:59,282 | INFO | Steps: 131072/150000 | Episodes: 256 | LastEpReward: -14.106 | RecentReward: -8.699 | ActorLoss: 1.293379 | CriticLoss: 0.012322 | Q: -1.2956 | TargetQ: -1.2956 | TDAbs: 0.1165 | ActorGrad: 0.0000 | CriticGrad: 0.3094 | Noise: 0.0500 | Replay: 50000 | FPS: 56.16 | ETA: 5.6 min
2026-09-15 19:46:06,499 | INFO | Steps: 131584/150000 | Episodes: 257 | LastEpReward: -17.075 | RecentReward: -8.979 | ActorLoss: 1.293688 | CriticLoss: 0.011919 | Q: -1.2959 | TargetQ: -1.2965 | TDAbs: 0.1147 | ActorGrad: 0.0000 | CriticGrad: 0.2903 | Noise: 0.0500 | Replay: 50000 | FPS: 56.21 | ETA: 5.5 min
2026-09-15 19:46:13,659 | INFO | Steps: 132096/150000 | Episodes: 258 | LastEpReward: -10.163 | RecentReward: -8.534 | ActorLoss: 1.301383 | CriticLoss: 0.011839 | Q: -1.3037 | TargetQ: -1.3038 | TDAbs: 0.1147 | ActorGrad: 0.0000 | CriticGrad: 0.2908 | Noise: 0.0500 | Replay: 50000 | FPS: 56.26 | ETA: 5.3 min
2026-09-15 19:46:20,726 | INFO | Steps: 132608/150000 | Episodes: 259 | LastEpReward: -7.384 | RecentReward: -8.835 | ActorLoss: 1.291119 | CriticLoss: 0.010998 | Q: -1.2936 | TargetQ: -1.2930 | TDAbs: 0.1119 | ActorGrad: 0.0000 | CriticGrad: 0.2800 | Noise: 0.0500 | Replay: 50000 | FPS: 56.30 | ETA: 5.1 min
2026-09-15 19:46:27,842 | INFO | 开始周期评估: Steps=133120 | Episodes=260 | EvalEpisodes=5
2026-09-15 19:46:49,142 | INFO | 周期评估完成: Steps=133120 | MeanReward=-7.486 | StdReward=7.044
2026-09-15 19:46:49,149 | INFO | Steps: 133120/150000 | Episodes: 260 | LastEpReward: -4.557 | RecentReward: -7.622 | ActorLoss: 1.302948 | CriticLoss: 0.011482 | Q: -1.3046 | TargetQ: -1.3059 | TDAbs: 0.1131 | ActorGrad: 0.0000 | CriticGrad: 0.2990 | Noise: 0.0500 | Replay: 50000 | FPS: 55.85 | ETA: 5.0 min
2026-09-15 19:46:56,388 | INFO | Steps: 133632/150000 | Episodes: 261 | LastEpReward: -17.078 | RecentReward: -8.993 | ActorLoss: 1.260763 | CriticLoss: 0.011164 | Q: -1.2628 | TargetQ: -1.2619 | TDAbs: 0.1114 | ActorGrad: 0.0000 | CriticGrad: 0.2901 | Noise: 0.0500 | Replay: 50000 | FPS: 55.89 | ETA: 4.9 min
2026-09-15 19:47:03,841 | INFO | Steps: 134144/150000 | Episodes: 262 | LastEpReward: -21.580 | RecentReward: -10.225 | ActorLoss: 1.334022 | CriticLoss: 0.012917 | Q: -1.3356 | TargetQ: -1.3373 | TDAbs: 0.1185 | ActorGrad: 0.0000 | CriticGrad: 0.3347 | Noise: 0.0500 | Replay: 50000 | FPS: 55.93 | ETA: 4.7 min
2026-09-15 19:47:11,025 | INFO | Steps: 134656/150000 | Episodes: 263 | LastEpReward: -15.919 | RecentReward: -11.471 | ActorLoss: 1.306836 | CriticLoss: 0.011829 | Q: -1.3085 | TargetQ: -1.3079 | TDAbs: 0.1142 | ActorGrad: 0.0000 | CriticGrad: 0.3064 | Noise: 0.0500 | Replay: 50000 | FPS: 55.98 | ETA: 4.6 min
2026-09-15 19:47:18,443 | INFO | Steps: 135168/150000 | Episodes: 264 | LastEpReward: -23.399 | RecentReward: -13.401 | ActorLoss: 1.310199 | CriticLoss: 0.013281 | Q: -1.3119 | TargetQ: -1.3123 | TDAbs: 0.1193 | ActorGrad: 0.0000 | CriticGrad: 0.3499 | Noise: 0.0500 | Replay: 50000 | FPS: 56.02 | ETA: 4.4 min
2026-09-15 19:47:25,856 | INFO | Steps: 135680/150000 | Episodes: 265 | LastEpReward: -13.907 | RecentReward: -14.517 | ActorLoss: 1.354609 | CriticLoss: 0.012764 | Q: -1.3564 | TargetQ: -1.3572 | TDAbs: 0.1177 | ActorGrad: 0.0000 | CriticGrad: 0.3344 | Noise: 0.0500 | Replay: 50000 | FPS: 56.06 | ETA: 4.3 min
2026-09-15 19:47:32,959 | INFO | Steps: 136192/150000 | Episodes: 266 | LastEpReward: -0.472 | RecentReward: -13.153 | ActorLoss: 1.341364 | CriticLoss: 0.012199 | Q: -1.3429 | TargetQ: -1.3429 | TDAbs: 0.1139 | ActorGrad: 0.0000 | CriticGrad: 0.2897 | Noise: 0.0500 | Replay: 50000 | FPS: 56.11 | ETA: 4.1 min
2026-09-15 19:47:40,015 | INFO | Steps: 136704/150000 | Episodes: 267 | LastEpReward: -11.714 | RecentReward: -12.617 | ActorLoss: 1.364190 | CriticLoss: 0.012090 | Q: -1.3657 | TargetQ: -1.3660 | TDAbs: 0.1138 | ActorGrad: 0.0000 | CriticGrad: 0.3030 | Noise: 0.0500 | Replay: 50000 | FPS: 56.15 | ETA: 3.9 min
2026-09-15 19:47:47,074 | INFO | Steps: 137216/150000 | Episodes: 268 | LastEpReward: 3.202 | RecentReward: -11.281 | ActorLoss: 1.350000 | CriticLoss: 0.011548 | Q: -1.3515 | TargetQ: -1.3519 | TDAbs: 0.1116 | ActorGrad: 0.0000 | CriticGrad: 0.3067 | Noise: 0.0500 | Replay: 50000 | FPS: 56.20 | ETA: 3.8 min
2026-09-15 19:47:54,277 | INFO | Steps: 137728/150000 | Episodes: 269 | LastEpReward: -14.068 | RecentReward: -11.949 | ActorLoss: 1.373998 | CriticLoss: 0.012330 | Q: -1.3757 | TargetQ: -1.3755 | TDAbs: 0.1171 | ActorGrad: 0.0000 | CriticGrad: 0.3683 | Noise: 0.0500 | Replay: 50000 | FPS: 56.24 | ETA: 3.6 min
2026-09-15 19:48:01,267 | INFO | 开始周期评估: Steps=138240 | Episodes=270 | EvalEpisodes=5
2026-09-15 19:48:22,572 | INFO | 周期评估完成: Steps=138240 | MeanReward=-7.486 | StdReward=7.044
2026-09-15 19:48:22,580 | INFO | Steps: 138240/150000 | Episodes: 270 | LastEpReward: -5.005 | RecentReward: -11.994 | ActorLoss: 1.343114 | CriticLoss: 0.011224 | Q: -1.3454 | TargetQ: -1.3451 | TDAbs: 0.1122 | ActorGrad: 0.0000 | CriticGrad: 0.2793 | Noise: 0.0500 | Replay: 50000 | FPS: 55.81 | ETA: 3.5 min
2026-09-15 19:48:29,621 | INFO | Steps: 138752/150000 | Episodes: 271 | LastEpReward: 1.469 | RecentReward: -10.139 | ActorLoss: 1.372020 | CriticLoss: 0.011452 | Q: -1.3733 | TargetQ: -1.3730 | TDAbs: 0.1122 | ActorGrad: 0.0000 | CriticGrad: 0.2753 | Noise: 0.0500 | Replay: 50000 | FPS: 55.86 | ETA: 3.4 min
2026-09-15 19:48:36,667 | INFO | Steps: 139264/150000 | Episodes: 272 | LastEpReward: -3.131 | RecentReward: -8.294 | ActorLoss: 1.375596 | CriticLoss: 0.011865 | Q: -1.3771 | TargetQ: -1.3769 | TDAbs: 0.1131 | ActorGrad: 0.0000 | CriticGrad: 0.2905 | Noise: 0.0500 | Replay: 50000 | FPS: 55.90 | ETA: 3.2 min
2026-09-15 19:48:43,838 | INFO | Steps: 139776/150000 | Episodes: 273 | LastEpReward: -7.117 | RecentReward: -7.414 | ActorLoss: 1.382625 | CriticLoss: 0.011932 | Q: -1.3842 | TargetQ: -1.3842 | TDAbs: 0.1139 | ActorGrad: 0.0000 | CriticGrad: 0.3051 | Noise: 0.0500 | Replay: 50000 | FPS: 55.95 | ETA: 3.0 min
2026-09-15 19:48:51,171 | INFO | Steps: 140288/150000 | Episodes: 274 | LastEpReward: -27.365 | RecentReward: -7.811 | ActorLoss: 1.424904 | CriticLoss: 0.012152 | Q: -1.4268 | TargetQ: -1.4256 | TDAbs: 0.1153 | ActorGrad: 0.0000 | CriticGrad: 0.3215 | Noise: 0.0500 | Replay: 50000 | FPS: 55.99 | ETA: 2.9 min
2026-09-15 19:48:58,343 | INFO | Steps: 140800/150000 | Episodes: 275 | LastEpReward: -0.070 | RecentReward: -6.427 | ActorLoss: 1.401075 | CriticLoss: 0.011611 | Q: -1.4023 | TargetQ: -1.4030 | TDAbs: 0.1123 | ActorGrad: 0.0000 | CriticGrad: 0.2981 | Noise: 0.0500 | Replay: 50000 | FPS: 56.03 | ETA: 2.7 min
2026-09-15 19:49:05,451 | INFO | Steps: 141312/150000 | Episodes: 276 | LastEpReward: -15.821 | RecentReward: -7.962 | ActorLoss: 1.416310 | CriticLoss: 0.012040 | Q: -1.4174 | TargetQ: -1.4176 | TDAbs: 0.1136 | ActorGrad: 0.0000 | CriticGrad: 0.3105 | Noise: 0.0500 | Replay: 50000 | FPS: 56.08 | ETA: 2.6 min
2026-09-15 19:49:12,883 | INFO | Steps: 141824/150000 | Episodes: 277 | LastEpReward: -26.440 | RecentReward: -9.435 | ActorLoss: 1.479360 | CriticLoss: 0.012330 | Q: -1.4813 | TargetQ: -1.4810 | TDAbs: 0.1148 | ActorGrad: 0.0000 | CriticGrad: 0.3287 | Noise: 0.0500 | Replay: 50000 | FPS: 56.12 | ETA: 2.4 min
2026-09-15 19:49:20,137 | INFO | Steps: 142336/150000 | Episodes: 278 | LastEpReward: -24.643 | RecentReward: -12.219 | ActorLoss: 1.430294 | CriticLoss: 0.011859 | Q: -1.4313 | TargetQ: -1.4319 | TDAbs: 0.1141 | ActorGrad: 0.0000 | CriticGrad: 0.3040 | Noise: 0.0500 | Replay: 50000 | FPS: 56.16 | ETA: 2.3 min
2026-09-15 19:49:27,270 | INFO | Steps: 142848/150000 | Episodes: 279 | LastEpReward: -12.194 | RecentReward: -12.032 | ActorLoss: 1.461966 | CriticLoss: 0.011692 | Q: -1.4636 | TargetQ: -1.4643 | TDAbs: 0.1135 | ActorGrad: 0.0000 | CriticGrad: 0.3262 | Noise: 0.0500 | Replay: 50000 | FPS: 56.20 | ETA: 2.1 min
2026-09-15 19:49:34,551 | INFO | 开始周期评估: Steps=143360 | Episodes=280 | EvalEpisodes=5
2026-09-15 19:49:55,933 | INFO | 周期评估完成: Steps=143360 | MeanReward=-7.486 | StdReward=7.044
2026-09-15 19:49:55,941 | INFO | Steps: 143360/150000 | Episodes: 280 | LastEpReward: -20.824 | RecentReward: -13.614 | ActorLoss: 1.457225 | CriticLoss: 0.012060 | Q: -1.4587 | TargetQ: -1.4590 | TDAbs: 0.1139 | ActorGrad: 0.0000 | CriticGrad: 0.3138 | Noise: 0.0500 | Replay: 50000 | FPS: 55.77 | ETA: 2.0 min
2026-09-15 19:50:02,996 | INFO | Steps: 143872/150000 | Episodes: 281 | LastEpReward: -11.729 | RecentReward: -14.933 | ActorLoss: 1.473503 | CriticLoss: 0.011445 | Q: -1.4756 | TargetQ: -1.4761 | TDAbs: 0.1115 | ActorGrad: 0.0000 | CriticGrad: 0.2950 | Noise: 0.0500 | Replay: 50000 | FPS: 55.82 | ETA: 1.8 min
2026-09-15 19:50:10,143 | INFO | Steps: 144384/150000 | Episodes: 282 | LastEpReward: -8.089 | RecentReward: -15.429 | ActorLoss: 1.484225 | CriticLoss: 0.011953 | Q: -1.4859 | TargetQ: -1.4858 | TDAbs: 0.1132 | ActorGrad: 0.0000 | CriticGrad: 0.2909 | Noise: 0.0500 | Replay: 50000 | FPS: 55.86 | ETA: 1.7 min
2026-09-15 19:50:17,145 | INFO | Steps: 144896/150000 | Episodes: 283 | LastEpReward: -10.761 | RecentReward: -15.794 | ActorLoss: 1.495964 | CriticLoss: 0.011048 | Q: -1.4979 | TargetQ: -1.4979 | TDAbs: 0.1117 | ActorGrad: 0.0000 | CriticGrad: 0.2869 | Noise: 0.0500 | Replay: 50000 | FPS: 55.91 | ETA: 1.5 min
2026-09-15 19:50:24,248 | INFO | Steps: 145408/150000 | Episodes: 284 | LastEpReward: -6.587 | RecentReward: -13.716 | ActorLoss: 1.285167 | CriticLoss: 0.013971 | Q: -1.4857 | TargetQ: -1.4848 | TDAbs: 0.1212 | ActorGrad: 0.1783 | CriticGrad: 0.3109 | Noise: 0.0500 | Replay: 50000 | FPS: 55.95 | ETA: 1.4 min
2026-09-15 19:50:31,557 | INFO | Steps: 145920/150000 | Episodes: 285 | LastEpReward: -18.563 | RecentReward: -15.565 | ActorLoss: 0.645405 | CriticLoss: 0.029233 | Q: -0.7971 | TargetQ: -0.7948 | TDAbs: 0.1777 | ActorGrad: 0.0009 | CriticGrad: 0.3898 | Noise: 0.0500 | Replay: 50000 | FPS: 55.99 | ETA: 1.2 min
2026-09-15 19:50:38,660 | INFO | Steps: 146432/150000 | Episodes: 286 | LastEpReward: -18.358 | RecentReward: -15.819 | ActorLoss: 0.457602 | CriticLoss: 0.021175 | Q: -0.5349 | TargetQ: -0.5328 | TDAbs: 0.1532 | ActorGrad: 0.0005 | CriticGrad: 0.3297 | Noise: 0.0500 | Replay: 50000 | FPS: 56.04 | ETA: 1.1 min
2026-09-15 19:50:45,707 | INFO | Steps: 146944/150000 | Episodes: 287 | LastEpReward: -7.568 | RecentReward: -13.931 | ActorLoss: 0.341918 | CriticLoss: 0.017340 | Q: -0.3963 | TargetQ: -0.3946 | TDAbs: 0.1392 | ActorGrad: 0.0004 | CriticGrad: 0.2781 | Noise: 0.0500 | Replay: 50000 | FPS: 56.08 | ETA: 0.9 min
2026-09-15 19:50:52,739 | INFO | Steps: 147456/150000 | Episodes: 288 | LastEpReward: -16.010 | RecentReward: -13.068 | ActorLoss: 0.283835 | CriticLoss: 0.014679 | Q: -0.3215 | TargetQ: -0.3198 | TDAbs: 0.1280 | ActorGrad: 0.0010 | CriticGrad: 0.2405 | Noise: 0.0500 | Replay: 50000 | FPS: 56.13 | ETA: 0.8 min
2026-09-15 19:50:59,897 | INFO | Steps: 147968/150000 | Episodes: 289 | LastEpReward: -5.082 | RecentReward: -12.357 | ActorLoss: 0.245643 | CriticLoss: 0.013375 | Q: -0.2843 | TargetQ: -0.2835 | TDAbs: 0.1236 | ActorGrad: 0.0022 | CriticGrad: 0.2261 | Noise: 0.0500 | Replay: 50000 | FPS: 56.17 | ETA: 0.6 min
2026-09-15 19:51:06,957 | INFO | 开始周期评估: Steps=148480 | Episodes=290 | EvalEpisodes=5
2026-09-15 19:51:28,163 | INFO | 周期评估完成: Steps=148480 | MeanReward=-19.608 | StdReward=9.380
2026-09-15 19:51:28,169 | INFO | Steps: 148480/150000 | Episodes: 290 | LastEpReward: -14.109 | RecentReward: -11.685 | ActorLoss: 0.207866 | CriticLoss: 0.011809 | Q: -0.2459 | TargetQ: -0.2447 | TDAbs: 0.1158 | ActorGrad: 0.0031 | CriticGrad: 0.2059 | Noise: 0.0500 | Replay: 50000 | FPS: 55.76 | ETA: 0.5 min
2026-09-15 19:51:35,216 | INFO | Steps: 148992/150000 | Episodes: 291 | LastEpReward: -4.266 | RecentReward: -10.939 | ActorLoss: 0.160222 | CriticLoss: 0.011324 | Q: -0.1958 | TargetQ: -0.1959 | TDAbs: 0.1140 | ActorGrad: 0.0036 | CriticGrad: 0.2027 | Noise: 0.0500 | Replay: 50000 | FPS: 55.81 | ETA: 0.3 min
2026-09-15 19:51:42,204 | INFO | Steps: 149504/150000 | Episodes: 292 | LastEpReward: -1.483 | RecentReward: -10.279 | ActorLoss: 0.114317 | CriticLoss: 0.010747 | Q: -0.1483 | TargetQ: -0.1485 | TDAbs: 0.1111 | ActorGrad: 0.0026 | CriticGrad: 0.1928 | Noise: 0.0500 | Replay: 50000 | FPS: 55.85 | ETA: 0.1 min
2026-09-15 19:51:49,029 | INFO | Steps: 150000/150000 | Episodes: 292 | LastEpReward: -1.483 | RecentReward: -10.279 | ActorLoss: 0.089863 | CriticLoss: 0.010408 | Q: -0.1245 | TargetQ: -0.1233 | TDAbs: 0.1093 | ActorGrad: 0.0013 | CriticGrad: 0.1955 | Noise: 0.0500 | Replay: 50000 | FPS: 55.90 | ETA: 0.0 min
2026-09-15 19:52:31,519 | INFO | MADDPG 训练与评估完成，最佳权重: /home/pjpjq/LEO_switch/results/multiseed_0907/seed43/u30/learned_baselines/maddpg/maddpg_model.pt
