2026-08-10 16:36:06,048 | INFO | ============================================================
2026-08-10 16:36:06,048 | INFO | 开始训练纯 MADDPG 基线
2026-08-10 16:36:06,048 | INFO | 用户数: 30 | 观测维度: 76 | handover维度: 11 | 总步数: 150000 | warmup: 1000 | batch: 128 | 日志间隔: 512 steps | device: cuda | actor_lr: 1.0e-04 | critic_lr: 3.0e-04 | tau: 0.005 | reward_scale: 1.00
2026-08-10 16:36:06,048 | INFO | ============================================================
2026-08-10 16:36:19,324 | INFO | Steps: 512/150000 | Episodes: 1 | LastEpReward: -0.014 | RecentReward: -0.014 | ActorLoss: 0.000000 | CriticLoss: 0.000000 | Q: 0.0000 | TargetQ: 0.0000 | TDAbs: 0.0000 | ActorGrad: 0.0000 | CriticGrad: 0.0000 | Noise: 0.3500 | Replay: 512 | FPS: 38.57 | ETA: 64.6 min
2026-08-10 16:36:31,254 | INFO | Steps: 1024/150000 | Episodes: 2 | LastEpReward: -7.250 | RecentReward: -3.632 | ActorLoss: -0.018691 | CriticLoss: 0.003490 | Q: 0.0160 | TargetQ: 0.0214 | TDAbs: 0.0650 | ActorGrad: 0.0017 | CriticGrad: 0.0639 | Noise: 0.3499 | Replay: 1024 | FPS: 40.63 | ETA: 61.1 min
2026-08-10 16:36:50,488 | INFO | Steps: 1536/150000 | Episodes: 3 | LastEpReward: -99.313 | RecentReward: -35.525 | ActorLoss: 0.041734 | CriticLoss: 0.000602 | Q: -0.0662 | TargetQ: -0.0663 | TDAbs: 0.0255 | ActorGrad: 0.0003 | CriticGrad: 0.0465 | Noise: 0.3485 | Replay: 1536 | FPS: 34.56 | ETA: 71.6 min
2026-08-10 16:37:08,093 | INFO | Steps: 2048/150000 | Episodes: 4 | LastEpReward: -92.445 | RecentReward: -49.755 | ActorLoss: 0.250617 | CriticLoss: 0.000883 | Q: -0.2695 | TargetQ: -0.2694 | TDAbs: 0.0313 | ActorGrad: 0.0056 | CriticGrad: 0.0812 | Noise: 0.3470 | Replay: 2048 | FPS: 33.01 | ETA: 74.7 min
2026-08-10 16:37:27,331 | INFO | Steps: 2560/150000 | Episodes: 5 | LastEpReward: -115.387 | RecentReward: -62.882 | ActorLoss: 0.560998 | CriticLoss: 0.001063 | Q: -0.5779 | TargetQ: -0.5782 | TDAbs: 0.0346 | ActorGrad: 0.0013 | CriticGrad: 0.1148 | Noise: 0.3455 | Replay: 2560 | FPS: 31.50 | ETA: 78.0 min
2026-08-10 16:37:45,911 | INFO | Steps: 3072/150000 | Episodes: 6 | LastEpReward: -68.751 | RecentReward: -63.860 | ActorLoss: 0.875483 | CriticLoss: 0.001562 | Q: -0.9038 | TargetQ: -0.9039 | TDAbs: 0.0414 | ActorGrad: 0.0010 | CriticGrad: 0.1743 | Noise: 0.3441 | Replay: 3072 | FPS: 30.76 | ETA: 79.6 min
2026-08-10 16:38:05,199 | INFO | Steps: 3584/150000 | Episodes: 7 | LastEpReward: 9.382 | RecentReward: -53.397 | ActorLoss: 0.866182 | CriticLoss: 0.002347 | Q: -0.9276 | TargetQ: -0.9273 | TDAbs: 0.0499 | ActorGrad: 0.0040 | CriticGrad: 0.2203 | Noise: 0.3426 | Replay: 3584 | FPS: 30.08 | ETA: 81.1 min
2026-08-10 16:38:25,042 | INFO | Steps: 4096/150000 | Episodes: 8 | LastEpReward: 13.434 | RecentReward: -45.043 | ActorLoss: 0.782897 | CriticLoss: 0.001988 | Q: -0.8653 | TargetQ: -0.8652 | TDAbs: 0.0461 | ActorGrad: 0.0114 | CriticGrad: 0.1770 | Noise: 0.3412 | Replay: 4096 | FPS: 29.47 | ETA: 82.5 min
2026-08-10 16:38:45,338 | INFO | Steps: 4608/150000 | Episodes: 9 | LastEpReward: 18.639 | RecentReward: -37.967 | ActorLoss: 0.640542 | CriticLoss: 0.001892 | Q: -0.7177 | TargetQ: -0.7174 | TDAbs: 0.0460 | ActorGrad: 0.0072 | CriticGrad: 0.1944 | Noise: 0.3397 | Replay: 4608 | FPS: 28.93 | ETA: 83.8 min
2026-08-10 16:39:06,199 | INFO | 开始周期评估: Steps=5120 | Episodes=10 | EvalEpisodes=5
2026-08-10 16:40:04,425 | INFO | 周期评估完成: Steps=5120 | MeanReward=26.811 | StdReward=2.744
2026-08-10 16:40:04,590 | INFO | Steps: 5120/150000 | Episodes: 10 | LastEpReward: 30.024 | RecentReward: -31.168 | ActorLoss: 0.481027 | CriticLoss: 0.001555 | Q: -0.5631 | TargetQ: -0.5628 | TDAbs: 0.0420 | ActorGrad: 0.0061 | CriticGrad: 0.1217 | Noise: 0.3382 | Replay: 5120 | FPS: 21.46 | ETA: 112.5 min
2026-08-10 16:40:24,902 | INFO | Steps: 5632/150000 | Episodes: 11 | LastEpReward: 27.089 | RecentReward: -28.458 | ActorLoss: 0.359916 | CriticLoss: 0.001773 | Q: -0.4439 | TargetQ: -0.4438 | TDAbs: 0.0452 | ActorGrad: 0.0050 | CriticGrad: 0.1574 | Noise: 0.3368 | Replay: 5632 | FPS: 21.76 | ETA: 110.6 min
2026-08-10 16:40:46,397 | INFO | Steps: 6144/150000 | Episodes: 12 | LastEpReward: 21.311 | RecentReward: -25.602 | ActorLoss: 0.193998 | CriticLoss: 0.001733 | Q: -0.2690 | TargetQ: -0.2685 | TDAbs: 0.0445 | ActorGrad: 0.0044 | CriticGrad: 0.1224 | Noise: 0.3353 | Replay: 6144 | FPS: 21.92 | ETA: 109.4 min
2026-08-10 16:41:07,177 | INFO | Steps: 6656/150000 | Episodes: 13 | LastEpReward: 13.612 | RecentReward: -14.309 | ActorLoss: 0.080848 | CriticLoss: 0.002611 | Q: -0.1545 | TargetQ: -0.1546 | TDAbs: 0.0545 | ActorGrad: 0.0072 | CriticGrad: 0.1842 | Noise: 0.3338 | Replay: 6656 | FPS: 22.10 | ETA: 108.1 min
2026-08-10 16:41:26,187 | INFO | Steps: 7168/150000 | Episodes: 14 | LastEpReward: 19.281 | RecentReward: -3.137 | ActorLoss: -0.088878 | CriticLoss: 0.001940 | Q: 0.0184 | TargetQ: 0.0187 | TDAbs: 0.0473 | ActorGrad: 0.0070 | CriticGrad: 0.1166 | Noise: 0.3324 | Replay: 7168 | FPS: 22.39 | ETA: 106.3 min
2026-08-10 16:41:46,687 | INFO | Steps: 7680/150000 | Episodes: 15 | LastEpReward: 26.832 | RecentReward: 11.085 | ActorLoss: -0.219326 | CriticLoss: 0.001818 | Q: 0.1509 | TargetQ: 0.1512 | TDAbs: 0.0457 | ActorGrad: 0.0064 | CriticGrad: 0.1079 | Noise: 0.3309 | Replay: 7680 | FPS: 22.55 | ETA: 105.2 min
2026-08-10 16:42:07,075 | INFO | Steps: 8192/150000 | Episodes: 16 | LastEpReward: 14.924 | RecentReward: 19.453 | ActorLoss: -0.300382 | CriticLoss: 0.002749 | Q: 0.2328 | TargetQ: 0.2330 | TDAbs: 0.0566 | ActorGrad: 0.0074 | CriticGrad: 0.1542 | Noise: 0.3295 | Replay: 8192 | FPS: 22.69 | ETA: 104.2 min
2026-08-10 16:42:25,699 | INFO | Steps: 8704/150000 | Episodes: 17 | LastEpReward: 17.516 | RecentReward: 20.266 | ActorLoss: -0.450958 | CriticLoss: 0.002146 | Q: 0.3867 | TargetQ: 0.3874 | TDAbs: 0.0492 | ActorGrad: 0.0064 | CriticGrad: 0.1146 | Noise: 0.3280 | Replay: 8704 | FPS: 22.93 | ETA: 102.7 min
2026-08-10 16:42:44,696 | INFO | Steps: 9216/150000 | Episodes: 18 | LastEpReward: 29.138 | RecentReward: 21.837 | ActorLoss: -0.551093 | CriticLoss: 0.002961 | Q: 0.4873 | TargetQ: 0.4876 | TDAbs: 0.0582 | ActorGrad: 0.0056 | CriticGrad: 0.1506 | Noise: 0.3265 | Replay: 9216 | FPS: 23.12 | ETA: 101.5 min
2026-08-10 16:43:05,815 | INFO | Steps: 9728/150000 | Episodes: 19 | LastEpReward: 15.197 | RecentReward: 21.493 | ActorLoss: -0.673821 | CriticLoss: 0.002964 | Q: 0.6145 | TargetQ: 0.6148 | TDAbs: 0.0584 | ActorGrad: 0.0074 | CriticGrad: 0.1611 | Noise: 0.3251 | Replay: 9728 | FPS: 23.17 | ETA: 100.9 min
2026-08-10 16:43:25,213 | INFO | 开始周期评估: Steps=10240 | Episodes=20 | EvalEpisodes=5
2026-08-10 16:44:24,454 | INFO | 周期评估完成: Steps=10240 | MeanReward=25.131 | StdReward=4.380
2026-08-10 16:44:24,477 | INFO | Steps: 10240/150000 | Episodes: 20 | LastEpReward: 31.008 | RecentReward: 21.591 | ActorLoss: -0.804434 | CriticLoss: 0.002604 | Q: 0.7430 | TargetQ: 0.7432 | TDAbs: 0.0549 | ActorGrad: 0.0077 | CriticGrad: 0.1315 | Noise: 0.3236 | Replay: 10240 | FPS: 20.54 | ETA: 113.4 min
2026-08-10 16:44:45,544 | INFO | Steps: 10752/150000 | Episodes: 21 | LastEpReward: 19.698 | RecentReward: 20.852 | ActorLoss: -0.925389 | CriticLoss: 0.003231 | Q: 0.8699 | TargetQ: 0.8706 | TDAbs: 0.0607 | ActorGrad: 0.0075 | CriticGrad: 0.1616 | Noise: 0.3221 | Replay: 10752 | FPS: 20.70 | ETA: 112.1 min
2026-08-10 16:45:05,053 | INFO | Steps: 11264/150000 | Episodes: 22 | LastEpReward: 29.595 | RecentReward: 21.680 | ActorLoss: -1.037468 | CriticLoss: 0.003565 | Q: 0.9830 | TargetQ: 0.9838 | TDAbs: 0.0647 | ActorGrad: 0.0088 | CriticGrad: 0.1826 | Noise: 0.3207 | Replay: 11264 | FPS: 20.90 | ETA: 110.6 min
2026-08-10 16:45:25,435 | INFO | Steps: 11776/150000 | Episodes: 23 | LastEpReward: 22.689 | RecentReward: 22.588 | ActorLoss: -1.119589 | CriticLoss: 0.003870 | Q: 1.0670 | TargetQ: 1.0670 | TDAbs: 0.0667 | ActorGrad: 0.0138 | CriticGrad: 0.1910 | Noise: 0.3192 | Replay: 11776 | FPS: 21.05 | ETA: 109.4 min
2026-08-10 16:45:45,838 | INFO | Steps: 12288/150000 | Episodes: 24 | LastEpReward: 30.350 | RecentReward: 23.695 | ActorLoss: -1.238124 | CriticLoss: 0.005093 | Q: 1.1817 | TargetQ: 1.1826 | TDAbs: 0.0766 | ActorGrad: 0.0119 | CriticGrad: 0.2433 | Noise: 0.3177 | Replay: 12288 | FPS: 21.19 | ETA: 108.3 min
2026-08-10 16:46:06,894 | INFO | Steps: 12800/150000 | Episodes: 25 | LastEpReward: 24.395 | RecentReward: 23.451 | ActorLoss: -1.331863 | CriticLoss: 0.004391 | Q: 1.2833 | TargetQ: 1.2831 | TDAbs: 0.0700 | ActorGrad: 0.0102 | CriticGrad: 0.2248 | Noise: 0.3163 | Replay: 12800 | FPS: 21.30 | ETA: 107.3 min
2026-08-10 16:46:25,486 | INFO | Steps: 13312/150000 | Episodes: 26 | LastEpReward: 25.163 | RecentReward: 24.475 | ActorLoss: -1.414404 | CriticLoss: 0.004588 | Q: 1.3665 | TargetQ: 1.3671 | TDAbs: 0.0718 | ActorGrad: 0.0134 | CriticGrad: 0.2098 | Noise: 0.3148 | Replay: 13312 | FPS: 21.49 | ETA: 106.0 min
2026-08-10 16:46:45,177 | INFO | Steps: 13824/150000 | Episodes: 27 | LastEpReward: 31.504 | RecentReward: 25.874 | ActorLoss: -1.508736 | CriticLoss: 0.004906 | Q: 1.4642 | TargetQ: 1.4643 | TDAbs: 0.0750 | ActorGrad: 0.0105 | CriticGrad: 0.2403 | Noise: 0.3134 | Replay: 13824 | FPS: 21.63 | ETA: 104.9 min
2026-08-10 16:47:02,837 | INFO | Steps: 14336/150000 | Episodes: 28 | LastEpReward: 31.033 | RecentReward: 26.063 | ActorLoss: -1.598652 | CriticLoss: 0.005486 | Q: 1.5565 | TargetQ: 1.5568 | TDAbs: 0.0780 | ActorGrad: 0.0172 | CriticGrad: 0.2396 | Noise: 0.3119 | Replay: 14336 | FPS: 21.83 | ETA: 103.6 min
2026-08-10 16:47:22,267 | INFO | Steps: 14848/150000 | Episodes: 29 | LastEpReward: 27.444 | RecentReward: 27.288 | ActorLoss: -1.666924 | CriticLoss: 0.005868 | Q: 1.6183 | TargetQ: 1.6188 | TDAbs: 0.0814 | ActorGrad: 0.0196 | CriticGrad: 0.2607 | Noise: 0.3104 | Replay: 14848 | FPS: 21.96 | ETA: 102.6 min
2026-08-10 16:47:42,312 | INFO | 开始周期评估: Steps=15360 | Episodes=30 | EvalEpisodes=5
2026-08-10 16:48:43,848 | INFO | 周期评估完成: Steps=15360 | MeanReward=29.519 | StdReward=2.810
2026-08-10 16:48:43,986 | INFO | Steps: 15360/150000 | Episodes: 30 | LastEpReward: 24.564 | RecentReward: 26.644 | ActorLoss: -1.786062 | CriticLoss: 0.006506 | Q: 1.7367 | TargetQ: 1.7369 | TDAbs: 0.0852 | ActorGrad: 0.0219 | CriticGrad: 0.2961 | Noise: 0.3090 | Replay: 15360 | FPS: 20.27 | ETA: 110.7 min
2026-08-10 16:49:04,240 | INFO | Steps: 15872/150000 | Episodes: 31 | LastEpReward: 26.548 | RecentReward: 27.329 | ActorLoss: -1.858336 | CriticLoss: 0.006407 | Q: 1.8145 | TargetQ: 1.8156 | TDAbs: 0.0848 | ActorGrad: 0.0232 | CriticGrad: 0.3075 | Noise: 0.3075 | Replay: 15872 | FPS: 20.40 | ETA: 109.6 min
2026-08-10 16:49:23,550 | INFO | Steps: 16384/150000 | Episodes: 32 | LastEpReward: 22.014 | RecentReward: 26.570 | ActorLoss: -1.959368 | CriticLoss: 0.006888 | Q: 1.9180 | TargetQ: 1.9185 | TDAbs: 0.0879 | ActorGrad: 0.0234 | CriticGrad: 0.2878 | Noise: 0.3060 | Replay: 16384 | FPS: 20.54 | ETA: 108.4 min
2026-08-10 16:49:44,586 | INFO | Steps: 16896/150000 | Episodes: 33 | LastEpReward: 24.762 | RecentReward: 26.778 | ActorLoss: -2.032990 | CriticLoss: 0.006372 | Q: 1.9947 | TargetQ: 1.9950 | TDAbs: 0.0861 | ActorGrad: 0.0226 | CriticGrad: 0.2994 | Noise: 0.3046 | Replay: 16896 | FPS: 20.64 | ETA: 107.5 min
2026-08-10 16:50:05,159 | INFO | Steps: 17408/150000 | Episodes: 34 | LastEpReward: 20.063 | RecentReward: 25.749 | ActorLoss: -2.117223 | CriticLoss: 0.007485 | Q: 2.0760 | TargetQ: 2.0761 | TDAbs: 0.0925 | ActorGrad: 0.0263 | CriticGrad: 0.3064 | Noise: 0.3031 | Replay: 17408 | FPS: 20.75 | ETA: 106.5 min
2026-08-10 16:50:24,610 | INFO | Steps: 17920/150000 | Episodes: 35 | LastEpReward: 27.126 | RecentReward: 26.022 | ActorLoss: -2.192425 | CriticLoss: 0.007131 | Q: 2.1523 | TargetQ: 2.1525 | TDAbs: 0.0890 | ActorGrad: 0.0216 | CriticGrad: 0.2942 | Noise: 0.3017 | Replay: 17920 | FPS: 20.87 | ETA: 105.5 min
2026-08-10 16:50:44,816 | INFO | Steps: 18432/150000 | Episodes: 36 | LastEpReward: 32.396 | RecentReward: 26.745 | ActorLoss: -2.262939 | CriticLoss: 0.007653 | Q: 2.2234 | TargetQ: 2.2241 | TDAbs: 0.0935 | ActorGrad: 0.0298 | CriticGrad: 0.3281 | Noise: 0.3002 | Replay: 18432 | FPS: 20.97 | ETA: 104.5 min
2026-08-10 16:51:04,348 | INFO | Steps: 18944/150000 | Episodes: 37 | LastEpReward: 30.244 | RecentReward: 26.619 | ActorLoss: -2.311718 | CriticLoss: 0.008294 | Q: 2.2705 | TargetQ: 2.2710 | TDAbs: 0.0971 | ActorGrad: 0.0439 | CriticGrad: 0.3663 | Noise: 0.2987 | Replay: 18944 | FPS: 21.09 | ETA: 103.6 min
2026-08-10 16:51:24,538 | INFO | Steps: 19456/150000 | Episodes: 38 | LastEpReward: 27.299 | RecentReward: 26.246 | ActorLoss: -2.416941 | CriticLoss: 0.008482 | Q: 2.3777 | TargetQ: 2.3775 | TDAbs: 0.0973 | ActorGrad: 0.0303 | CriticGrad: 0.3311 | Noise: 0.2973 | Replay: 19456 | FPS: 21.18 | ETA: 102.7 min
2026-08-10 16:51:45,262 | INFO | Steps: 19968/150000 | Episodes: 39 | LastEpReward: 25.781 | RecentReward: 26.080 | ActorLoss: -2.456620 | CriticLoss: 0.008642 | Q: 2.4197 | TargetQ: 2.4198 | TDAbs: 0.0979 | ActorGrad: 0.0264 | CriticGrad: 0.3013 | Noise: 0.2958 | Replay: 19968 | FPS: 21.26 | ETA: 101.9 min
2026-08-10 16:52:05,706 | INFO | 开始周期评估: Steps=20480 | Episodes=40 | EvalEpisodes=5
2026-08-10 16:53:01,115 | INFO | 周期评估完成: Steps=20480 | MeanReward=28.626 | StdReward=2.593
2026-08-10 16:53:01,138 | INFO | Steps: 20480/150000 | Episodes: 40 | LastEpReward: 31.600 | RecentReward: 26.783 | ActorLoss: -2.530791 | CriticLoss: 0.009089 | Q: 2.4946 | TargetQ: 2.4946 | TDAbs: 0.1003 | ActorGrad: 0.0260 | CriticGrad: 0.3412 | Noise: 0.2943 | Replay: 20480 | FPS: 20.18 | ETA: 107.0 min
2026-08-10 16:53:22,188 | INFO | Steps: 20992/150000 | Episodes: 41 | LastEpReward: 14.790 | RecentReward: 25.608 | ActorLoss: -2.599056 | CriticLoss: 0.008245 | Q: 2.5636 | TargetQ: 2.5636 | TDAbs: 0.0971 | ActorGrad: 0.0302 | CriticGrad: 0.3417 | Noise: 0.2929 | Replay: 20992 | FPS: 20.26 | ETA: 106.1 min
2026-08-10 16:53:43,541 | INFO | Steps: 21504/150000 | Episodes: 42 | LastEpReward: 35.684 | RecentReward: 26.974 | ActorLoss: -2.674953 | CriticLoss: 0.009493 | Q: 2.6366 | TargetQ: 2.6371 | TDAbs: 0.1024 | ActorGrad: 0.0301 | CriticGrad: 0.3589 | Noise: 0.2914 | Replay: 21504 | FPS: 20.33 | ETA: 105.3 min
2026-08-10 16:54:04,241 | INFO | Steps: 22016/150000 | Episodes: 43 | LastEpReward: 19.609 | RecentReward: 26.459 | ActorLoss: -2.790640 | CriticLoss: 0.009990 | Q: 2.7534 | TargetQ: 2.7534 | TDAbs: 0.1052 | ActorGrad: 0.0272 | CriticGrad: 0.3786 | Noise: 0.2900 | Replay: 22016 | FPS: 20.42 | ETA: 104.5 min
2026-08-10 16:54:25,770 | INFO | Steps: 22528/150000 | Episodes: 44 | LastEpReward: 27.041 | RecentReward: 27.157 | ActorLoss: -2.822685 | CriticLoss: 0.010218 | Q: 2.7841 | TargetQ: 2.7849 | TDAbs: 0.1087 | ActorGrad: 0.0238 | CriticGrad: 0.4755 | Noise: 0.2885 | Replay: 22528 | FPS: 20.49 | ETA: 103.7 min
2026-08-10 16:54:46,683 | INFO | Steps: 23040/150000 | Episodes: 45 | LastEpReward: 32.962 | RecentReward: 27.741 | ActorLoss: -2.897594 | CriticLoss: 0.010440 | Q: 2.8559 | TargetQ: 2.8562 | TDAbs: 0.1097 | ActorGrad: 0.0241 | CriticGrad: 0.4519 | Noise: 0.2870 | Replay: 23040 | FPS: 20.56 | ETA: 102.9 min
2026-08-10 16:55:06,499 | INFO | Steps: 23552/150000 | Episodes: 46 | LastEpReward: 25.630 | RecentReward: 27.064 | ActorLoss: -2.968073 | CriticLoss: 0.009419 | Q: 2.9282 | TargetQ: 2.9287 | TDAbs: 0.1049 | ActorGrad: 0.0279 | CriticGrad: 0.4017 | Noise: 0.2856 | Replay: 23552 | FPS: 20.65 | ETA: 102.0 min
2026-08-10 16:55:26,333 | INFO | Steps: 24064/150000 | Episodes: 47 | LastEpReward: 32.386 | RecentReward: 27.278 | ActorLoss: -3.025079 | CriticLoss: 0.010939 | Q: 2.9849 | TargetQ: 2.9846 | TDAbs: 0.1114 | ActorGrad: 0.0291 | CriticGrad: 0.4846 | Noise: 0.2841 | Replay: 24064 | FPS: 20.74 | ETA: 101.2 min
2026-08-10 16:55:46,946 | INFO | Steps: 24576/150000 | Episodes: 48 | LastEpReward: 28.191 | RecentReward: 27.367 | ActorLoss: -3.091442 | CriticLoss: 0.009538 | Q: 3.0526 | TargetQ: 3.0539 | TDAbs: 0.1047 | ActorGrad: 0.0273 | CriticGrad: 0.4077 | Noise: 0.2826 | Replay: 24576 | FPS: 20.81 | ETA: 100.4 min
2026-08-10 16:56:08,372 | INFO | Steps: 25088/150000 | Episodes: 49 | LastEpReward: 30.428 | RecentReward: 27.832 | ActorLoss: -3.187067 | CriticLoss: 0.010404 | Q: 3.1480 | TargetQ: 3.1483 | TDAbs: 0.1091 | ActorGrad: 0.0332 | CriticGrad: 0.4513 | Noise: 0.2812 | Replay: 25088 | FPS: 20.87 | ETA: 99.8 min
2026-08-10 16:56:27,446 | INFO | 开始周期评估: Steps=25600 | Episodes=50 | EvalEpisodes=5
2026-08-10 16:57:26,441 | INFO | 周期评估完成: Steps=25600 | MeanReward=29.256 | StdReward=2.519
2026-08-10 16:57:26,467 | INFO | Steps: 25600/150000 | Episodes: 50 | LastEpReward: 19.099 | RecentReward: 26.582 | ActorLoss: -3.211593 | CriticLoss: 0.010729 | Q: 3.1716 | TargetQ: 3.1722 | TDAbs: 0.1105 | ActorGrad: 0.0359 | CriticGrad: 0.4320 | Noise: 0.2797 | Replay: 25600 | FPS: 19.99 | ETA: 103.7 min
2026-08-10 16:57:45,690 | INFO | Steps: 26112/150000 | Episodes: 51 | LastEpReward: 24.127 | RecentReward: 27.516 | ActorLoss: -3.313420 | CriticLoss: 0.012096 | Q: 3.2711 | TargetQ: 3.2720 | TDAbs: 0.1177 | ActorGrad: 0.0381 | CriticGrad: 0.5672 | Noise: 0.2783 | Replay: 26112 | FPS: 20.09 | ETA: 102.8 min
2026-08-10 16:58:05,665 | INFO | Steps: 26624/150000 | Episodes: 52 | LastEpReward: 24.305 | RecentReward: 26.378 | ActorLoss: -3.402638 | CriticLoss: 0.012410 | Q: 3.3595 | TargetQ: 3.3598 | TDAbs: 0.1202 | ActorGrad: 0.0411 | CriticGrad: 0.4909 | Noise: 0.2768 | Replay: 26624 | FPS: 20.18 | ETA: 101.9 min
2026-08-10 16:58:26,031 | INFO | Steps: 27136/150000 | Episodes: 53 | LastEpReward: 33.608 | RecentReward: 27.778 | ActorLoss: -3.418553 | CriticLoss: 0.011513 | Q: 3.3767 | TargetQ: 3.3766 | TDAbs: 0.1145 | ActorGrad: 0.0490 | CriticGrad: 0.4702 | Noise: 0.2753 | Replay: 27136 | FPS: 20.25 | ETA: 101.1 min
2026-08-10 16:58:46,181 | INFO | Steps: 27648/150000 | Episodes: 54 | LastEpReward: 20.641 | RecentReward: 27.138 | ActorLoss: -3.462546 | CriticLoss: 0.011808 | Q: 3.4199 | TargetQ: 3.4205 | TDAbs: 0.1160 | ActorGrad: 0.0351 | CriticGrad: 0.4442 | Noise: 0.2739 | Replay: 27648 | FPS: 20.33 | ETA: 100.3 min
2026-08-10 16:59:06,413 | INFO | Steps: 28160/150000 | Episodes: 55 | LastEpReward: 29.925 | RecentReward: 26.834 | ActorLoss: -3.563281 | CriticLoss: 0.013095 | Q: 3.5227 | TargetQ: 3.5236 | TDAbs: 0.1210 | ActorGrad: 0.0490 | CriticGrad: 0.5718 | Noise: 0.2724 | Replay: 28160 | FPS: 20.40 | ETA: 99.5 min
2026-08-10 16:59:26,657 | INFO | Steps: 28672/150000 | Episodes: 56 | LastEpReward: 21.476 | RecentReward: 26.419 | ActorLoss: -3.616337 | CriticLoss: 0.012164 | Q: 3.5770 | TargetQ: 3.5771 | TDAbs: 0.1184 | ActorGrad: 0.0499 | CriticGrad: 0.4649 | Noise: 0.2709 | Replay: 28672 | FPS: 20.47 | ETA: 98.8 min
2026-08-10 16:59:46,965 | INFO | Steps: 29184/150000 | Episodes: 57 | LastEpReward: 22.300 | RecentReward: 25.410 | ActorLoss: -3.655751 | CriticLoss: 0.012965 | Q: 3.6162 | TargetQ: 3.6167 | TDAbs: 0.1220 | ActorGrad: 0.0432 | CriticGrad: 0.5470 | Noise: 0.2695 | Replay: 29184 | FPS: 20.54 | ETA: 98.0 min
2026-08-10 17:00:08,354 | INFO | Steps: 29696/150000 | Episodes: 58 | LastEpReward: 43.889 | RecentReward: 26.980 | ActorLoss: -3.721266 | CriticLoss: 0.013309 | Q: 3.6805 | TargetQ: 3.6814 | TDAbs: 0.1225 | ActorGrad: 0.0281 | CriticGrad: 0.5164 | Noise: 0.2680 | Replay: 29696 | FPS: 20.59 | ETA: 97.4 min
2026-08-10 17:00:27,694 | INFO | Steps: 30208/150000 | Episodes: 59 | LastEpReward: 20.805 | RecentReward: 26.017 | ActorLoss: -3.783184 | CriticLoss: 0.014110 | Q: 3.7463 | TargetQ: 3.7462 | TDAbs: 0.1268 | ActorGrad: 0.0301 | CriticGrad: 0.5751 | Noise: 0.2665 | Replay: 30208 | FPS: 20.67 | ETA: 96.6 min
2026-08-10 17:00:48,762 | INFO | 开始周期评估: Steps=30720 | Episodes=60 | EvalEpisodes=5
2026-08-10 17:01:49,441 | INFO | 周期评估完成: Steps=30720 | MeanReward=28.246 | StdReward=2.279
2026-08-10 17:01:49,469 | INFO | Steps: 30720/150000 | Episodes: 60 | LastEpReward: 25.768 | RecentReward: 26.684 | ActorLoss: -3.859968 | CriticLoss: 0.013534 | Q: 3.8203 | TargetQ: 3.8205 | TDAbs: 0.1239 | ActorGrad: 0.0391 | CriticGrad: 0.5239 | Noise: 0.2651 | Replay: 30720 | FPS: 19.90 | ETA: 99.9 min
2026-08-10 17:02:10,617 | INFO | Steps: 31232/150000 | Episodes: 61 | LastEpReward: 40.746 | RecentReward: 28.346 | ActorLoss: -3.888352 | CriticLoss: 0.015031 | Q: 3.8516 | TargetQ: 3.8514 | TDAbs: 0.1283 | ActorGrad: 0.0293 | CriticGrad: 0.5570 | Noise: 0.2636 | Replay: 31232 | FPS: 19.96 | ETA: 99.2 min
2026-08-10 17:02:29,779 | INFO | Steps: 31744/150000 | Episodes: 62 | LastEpReward: 27.271 | RecentReward: 28.643 | ActorLoss: -3.963959 | CriticLoss: 0.013994 | Q: 3.9245 | TargetQ: 3.9241 | TDAbs: 0.1246 | ActorGrad: 0.0379 | CriticGrad: 0.4913 | Noise: 0.2622 | Replay: 31744 | FPS: 20.04 | ETA: 98.3 min
2026-08-10 17:02:50,665 | INFO | Steps: 32256/150000 | Episodes: 63 | LastEpReward: 20.322 | RecentReward: 27.314 | ActorLoss: -4.004937 | CriticLoss: 0.014801 | Q: 3.9687 | TargetQ: 3.9697 | TDAbs: 0.1297 | ActorGrad: 0.0425 | CriticGrad: 0.6829 | Noise: 0.2607 | Replay: 32256 | FPS: 20.10 | ETA: 97.6 min
2026-08-10 17:03:11,978 | INFO | Steps: 32768/150000 | Episodes: 64 | LastEpReward: 23.837 | RecentReward: 27.634 | ActorLoss: -4.067390 | CriticLoss: 0.014092 | Q: 4.0287 | TargetQ: 4.0295 | TDAbs: 0.1277 | ActorGrad: 0.0346 | CriticGrad: 0.5236 | Noise: 0.2592 | Replay: 32768 | FPS: 20.15 | ETA: 96.9 min
2026-08-10 17:03:32,808 | INFO | Steps: 33280/150000 | Episodes: 65 | LastEpReward: 31.120 | RecentReward: 27.753 | ActorLoss: -4.083003 | CriticLoss: 0.015011 | Q: 4.0462 | TargetQ: 4.0473 | TDAbs: 0.1306 | ActorGrad: 0.0366 | CriticGrad: 0.5866 | Noise: 0.2578 | Replay: 33280 | FPS: 20.21 | ETA: 96.3 min
2026-08-10 17:03:54,033 | INFO | Steps: 33792/150000 | Episodes: 66 | LastEpReward: 24.249 | RecentReward: 28.030 | ActorLoss: -4.115096 | CriticLoss: 0.015501 | Q: 4.0781 | TargetQ: 4.0780 | TDAbs: 0.1320 | ActorGrad: 0.0533 | CriticGrad: 0.5650 | Noise: 0.2563 | Replay: 33792 | FPS: 20.26 | ETA: 95.6 min
2026-08-10 17:04:14,094 | INFO | Steps: 34304/150000 | Episodes: 67 | LastEpReward: 24.740 | RecentReward: 28.275 | ActorLoss: -4.184203 | CriticLoss: 0.015164 | Q: 4.1497 | TargetQ: 4.1498 | TDAbs: 0.1325 | ActorGrad: 0.0391 | CriticGrad: 0.5673 | Noise: 0.2548 | Replay: 34304 | FPS: 20.32 | ETA: 94.9 min
2026-08-10 17:04:34,980 | INFO | Steps: 34816/150000 | Episodes: 68 | LastEpReward: 32.430 | RecentReward: 27.129 | ActorLoss: -4.236878 | CriticLoss: 0.016204 | Q: 4.2001 | TargetQ: 4.2002 | TDAbs: 0.1367 | ActorGrad: 0.0405 | CriticGrad: 0.6496 | Noise: 0.2534 | Replay: 34816 | FPS: 20.37 | ETA: 94.2 min
2026-08-10 17:04:54,273 | INFO | Steps: 35328/150000 | Episodes: 69 | LastEpReward: 24.093 | RecentReward: 27.457 | ActorLoss: -4.289496 | CriticLoss: 0.016728 | Q: 4.2536 | TargetQ: 4.2544 | TDAbs: 0.1378 | ActorGrad: 0.0364 | CriticGrad: 0.5889 | Noise: 0.2519 | Replay: 35328 | FPS: 20.44 | ETA: 93.5 min
2026-08-10 17:05:15,717 | INFO | 开始周期评估: Steps=35840 | Episodes=70 | EvalEpisodes=5
2026-08-10 17:06:16,096 | INFO | 周期评估完成: Steps=35840 | MeanReward=28.625 | StdReward=1.946
2026-08-10 17:06:16,113 | INFO | Steps: 35840/150000 | Episodes: 70 | LastEpReward: 40.646 | RecentReward: 28.945 | ActorLoss: -4.317295 | CriticLoss: 0.015997 | Q: 4.2847 | TargetQ: 4.2847 | TDAbs: 0.1354 | ActorGrad: 0.0427 | CriticGrad: 0.5706 | Noise: 0.2505 | Replay: 35840 | FPS: 19.80 | ETA: 96.1 min
2026-08-10 17:06:36,570 | INFO | Steps: 36352/150000 | Episodes: 71 | LastEpReward: 24.551 | RecentReward: 27.326 | ActorLoss: -4.336852 | CriticLoss: 0.016915 | Q: 4.3010 | TargetQ: 4.3013 | TDAbs: 0.1382 | ActorGrad: 0.0325 | CriticGrad: 0.6838 | Noise: 0.2490 | Replay: 36352 | FPS: 19.86 | ETA: 95.4 min
2026-08-10 17:06:56,970 | INFO | Steps: 36864/150000 | Episodes: 72 | LastEpReward: 29.068 | RecentReward: 27.506 | ActorLoss: -4.400997 | CriticLoss: 0.017637 | Q: 4.3688 | TargetQ: 4.3683 | TDAbs: 0.1404 | ActorGrad: 0.0339 | CriticGrad: 0.5989 | Noise: 0.2475 | Replay: 36864 | FPS: 19.92 | ETA: 94.7 min
2026-08-10 17:07:16,783 | INFO | Steps: 37376/150000 | Episodes: 73 | LastEpReward: 23.529 | RecentReward: 27.826 | ActorLoss: -4.429060 | CriticLoss: 0.018725 | Q: 4.3935 | TargetQ: 4.3935 | TDAbs: 0.1430 | ActorGrad: 0.0318 | CriticGrad: 0.6610 | Noise: 0.2461 | Replay: 37376 | FPS: 19.98 | ETA: 94.0 min
2026-08-10 17:07:37,342 | INFO | Steps: 37888/150000 | Episodes: 74 | LastEpReward: 26.251 | RecentReward: 28.068 | ActorLoss: -4.482661 | CriticLoss: 0.016663 | Q: 4.4481 | TargetQ: 4.4485 | TDAbs: 0.1382 | ActorGrad: 0.0327 | CriticGrad: 0.6194 | Noise: 0.2446 | Replay: 37888 | FPS: 20.03 | ETA: 93.3 min
2026-08-10 17:07:58,535 | INFO | Steps: 38400/150000 | Episodes: 75 | LastEpReward: 38.077 | RecentReward: 28.763 | ActorLoss: -4.498293 | CriticLoss: 0.016950 | Q: 4.4602 | TargetQ: 4.4612 | TDAbs: 0.1378 | ActorGrad: 0.0415 | CriticGrad: 0.6085 | Noise: 0.2431 | Replay: 38400 | FPS: 20.08 | ETA: 92.6 min
2026-08-10 17:08:19,603 | INFO | Steps: 38912/150000 | Episodes: 76 | LastEpReward: 23.136 | RecentReward: 28.652 | ActorLoss: -4.564256 | CriticLoss: 0.017087 | Q: 4.5289 | TargetQ: 4.5290 | TDAbs: 0.1403 | ActorGrad: 0.0369 | CriticGrad: 0.6925 | Noise: 0.2417 | Replay: 38912 | FPS: 20.12 | ETA: 92.0 min
2026-08-10 17:08:41,787 | INFO | Steps: 39424/150000 | Episodes: 77 | LastEpReward: 24.743 | RecentReward: 28.652 | ActorLoss: -4.598167 | CriticLoss: 0.018051 | Q: 4.5627 | TargetQ: 4.5625 | TDAbs: 0.1416 | ActorGrad: 0.0377 | CriticGrad: 0.6027 | Noise: 0.2402 | Replay: 39424 | FPS: 20.16 | ETA: 91.4 min
2026-08-10 17:09:03,728 | INFO | Steps: 39936/150000 | Episodes: 78 | LastEpReward: 44.821 | RecentReward: 29.892 | ActorLoss: -4.647125 | CriticLoss: 0.019328 | Q: 4.6105 | TargetQ: 4.6090 | TDAbs: 0.1467 | ActorGrad: 0.0430 | CriticGrad: 0.7735 | Noise: 0.2388 | Replay: 39936 | FPS: 20.19 | ETA: 90.8 min
2026-08-10 17:09:26,050 | INFO | Steps: 40448/150000 | Episodes: 79 | LastEpReward: 34.067 | RecentReward: 30.889 | ActorLoss: -4.651756 | CriticLoss: 0.018121 | Q: 4.6137 | TargetQ: 4.6153 | TDAbs: 0.1432 | ActorGrad: 0.0853 | CriticGrad: 0.6786 | Noise: 0.2373 | Replay: 40448 | FPS: 20.22 | ETA: 90.3 min
2026-08-10 17:09:47,089 | INFO | 开始周期评估: Steps=40960 | Episodes=80 | EvalEpisodes=5
2026-08-10 17:10:49,647 | INFO | 周期评估完成: Steps=40960 | MeanReward=25.564 | StdReward=2.606
2026-08-10 17:10:49,669 | INFO | Steps: 40960/150000 | Episodes: 80 | LastEpReward: 36.462 | RecentReward: 30.471 | ActorLoss: -4.695622 | CriticLoss: 0.021553 | Q: 4.6562 | TargetQ: 4.6569 | TDAbs: 0.1517 | ActorGrad: 0.0905 | CriticGrad: 0.7035 | Noise: 0.2358 | Replay: 40960 | FPS: 19.66 | ETA: 92.4 min
2026-08-10 17:11:08,904 | INFO | Steps: 41472/150000 | Episodes: 81 | LastEpReward: 13.081 | RecentReward: 29.324 | ActorLoss: -4.736460 | CriticLoss: 0.022981 | Q: 4.6926 | TargetQ: 4.6925 | TDAbs: 0.1595 | ActorGrad: 0.0970 | CriticGrad: 0.6953 | Noise: 0.2344 | Replay: 41472 | FPS: 19.72 | ETA: 91.7 min
2026-08-10 17:11:28,922 | INFO | Steps: 41984/150000 | Episodes: 82 | LastEpReward: 20.781 | RecentReward: 28.495 | ActorLoss: -4.836672 | CriticLoss: 0.021891 | Q: 4.7960 | TargetQ: 4.7956 | TDAbs: 0.1570 | ActorGrad: 0.1034 | CriticGrad: 0.6601 | Noise: 0.2329 | Replay: 41984 | FPS: 19.78 | ETA: 91.0 min
2026-08-10 17:11:49,366 | INFO | Steps: 42496/150000 | Episodes: 83 | LastEpReward: 20.204 | RecentReward: 28.162 | ActorLoss: -4.861877 | CriticLoss: 0.023027 | Q: 4.8172 | TargetQ: 4.8157 | TDAbs: 0.1604 | ActorGrad: 0.1111 | CriticGrad: 0.6960 | Noise: 0.2314 | Replay: 42496 | FPS: 19.83 | ETA: 90.4 min
2026-08-10 17:12:10,017 | INFO | Steps: 43008/150000 | Episodes: 84 | LastEpReward: 27.379 | RecentReward: 28.275 | ActorLoss: -4.905071 | CriticLoss: 0.023010 | Q: 4.8604 | TargetQ: 4.8590 | TDAbs: 0.1619 | ActorGrad: 0.0986 | CriticGrad: 0.6884 | Noise: 0.2300 | Replay: 43008 | FPS: 19.87 | ETA: 89.7 min
2026-08-10 17:12:29,808 | INFO | Steps: 43520/150000 | Episodes: 85 | LastEpReward: 16.669 | RecentReward: 26.134 | ActorLoss: -5.010197 | CriticLoss: 0.024648 | Q: 4.9706 | TargetQ: 4.9684 | TDAbs: 0.1650 | ActorGrad: 0.1105 | CriticGrad: 0.7502 | Noise: 0.2285 | Replay: 43520 | FPS: 19.93 | ETA: 89.0 min
2026-08-10 17:12:50,411 | INFO | Steps: 44032/150000 | Episodes: 86 | LastEpReward: 29.274 | RecentReward: 26.748 | ActorLoss: -5.062950 | CriticLoss: 0.023613 | Q: 5.0267 | TargetQ: 5.0253 | TDAbs: 0.1631 | ActorGrad: 0.0759 | CriticGrad: 0.7739 | Noise: 0.2271 | Replay: 44032 | FPS: 19.97 | ETA: 88.4 min
2026-08-10 17:13:10,818 | INFO | Steps: 44544/150000 | Episodes: 87 | LastEpReward: 17.531 | RecentReward: 26.027 | ActorLoss: -5.029466 | CriticLoss: 0.023084 | Q: 4.9935 | TargetQ: 4.9920 | TDAbs: 0.1603 | ActorGrad: 0.0868 | CriticGrad: 0.7620 | Noise: 0.2256 | Replay: 44544 | FPS: 20.02 | ETA: 87.8 min
2026-08-10 17:13:32,022 | INFO | Steps: 45056/150000 | Episodes: 88 | LastEpReward: 18.332 | RecentReward: 23.378 | ActorLoss: -5.065524 | CriticLoss: 0.025824 | Q: 5.0301 | TargetQ: 5.0300 | TDAbs: 0.1692 | ActorGrad: 0.0790 | CriticGrad: 0.8641 | Noise: 0.2241 | Replay: 45056 | FPS: 20.06 | ETA: 87.2 min
2026-08-10 17:13:54,614 | INFO | Steps: 45568/150000 | Episodes: 89 | LastEpReward: 29.912 | RecentReward: 22.963 | ActorLoss: -5.075862 | CriticLoss: 0.025485 | Q: 5.0403 | TargetQ: 5.0396 | TDAbs: 0.1690 | ActorGrad: 0.0966 | CriticGrad: 0.7915 | Noise: 0.2227 | Replay: 45568 | FPS: 20.09 | ETA: 86.7 min
2026-08-10 17:14:15,330 | INFO | 开始周期评估: Steps=46080 | Episodes=90 | EvalEpisodes=5
2026-08-10 17:15:14,192 | INFO | 周期评估完成: Steps=46080 | MeanReward=28.469 | StdReward=2.780
2026-08-10 17:15:14,220 | INFO | Steps: 46080/150000 | Episodes: 90 | LastEpReward: 25.139 | RecentReward: 21.830 | ActorLoss: -5.055287 | CriticLoss: 0.025524 | Q: 5.0253 | TargetQ: 5.0228 | TDAbs: 0.1684 | ActorGrad: 0.0740 | CriticGrad: 0.7817 | Noise: 0.2212 | Replay: 46080 | FPS: 19.62 | ETA: 88.3 min
2026-08-10 17:15:35,557 | INFO | Steps: 46592/150000 | Episodes: 91 | LastEpReward: 34.100 | RecentReward: 23.932 | ActorLoss: -5.132835 | CriticLoss: 0.026057 | Q: 5.0994 | TargetQ: 5.0976 | TDAbs: 0.1694 | ActorGrad: 0.0722 | CriticGrad: 0.8661 | Noise: 0.2197 | Replay: 46592 | FPS: 19.66 | ETA: 87.6 min
2026-08-10 17:15:57,288 | INFO | Steps: 47104/150000 | Episodes: 92 | LastEpReward: 25.805 | RecentReward: 24.435 | ActorLoss: -5.137037 | CriticLoss: 0.026515 | Q: 5.1040 | TargetQ: 5.1022 | TDAbs: 0.1679 | ActorGrad: 0.0572 | CriticGrad: 0.9477 | Noise: 0.2183 | Replay: 47104 | FPS: 19.70 | ETA: 87.1 min
2026-08-10 17:16:18,609 | INFO | Steps: 47616/150000 | Episodes: 93 | LastEpReward: 29.245 | RecentReward: 25.339 | ActorLoss: -5.168970 | CriticLoss: 0.026128 | Q: 5.1410 | TargetQ: 5.1391 | TDAbs: 0.1666 | ActorGrad: 0.0222 | CriticGrad: 0.8356 | Noise: 0.2168 | Replay: 47616 | FPS: 19.74 | ETA: 86.5 min
2026-08-10 17:16:38,823 | INFO | Steps: 48128/150000 | Episodes: 94 | LastEpReward: 30.311 | RecentReward: 25.632 | ActorLoss: -5.195954 | CriticLoss: 0.024734 | Q: 5.1657 | TargetQ: 5.1642 | TDAbs: 0.1646 | ActorGrad: 0.0123 | CriticGrad: 0.8004 | Noise: 0.2153 | Replay: 48128 | FPS: 19.78 | ETA: 85.8 min
2026-08-10 17:17:00,389 | INFO | Steps: 48640/150000 | Episodes: 95 | LastEpReward: 23.991 | RecentReward: 26.364 | ActorLoss: -5.155780 | CriticLoss: 0.024122 | Q: 5.1255 | TargetQ: 5.1242 | TDAbs: 0.1612 | ActorGrad: 0.0065 | CriticGrad: 0.8269 | Noise: 0.2139 | Replay: 48640 | FPS: 19.82 | ETA: 85.2 min
2026-08-10 17:17:20,438 | INFO | Steps: 49152/150000 | Episodes: 96 | LastEpReward: 27.259 | RecentReward: 26.163 | ActorLoss: -5.226985 | CriticLoss: 0.024225 | Q: 5.1941 | TargetQ: 5.1931 | TDAbs: 0.1613 | ActorGrad: 0.0079 | CriticGrad: 0.8182 | Noise: 0.2124 | Replay: 49152 | FPS: 19.86 | ETA: 84.6 min
2026-08-10 17:17:42,794 | INFO | Steps: 49664/150000 | Episodes: 97 | LastEpReward: 37.406 | RecentReward: 28.150 | ActorLoss: -5.262760 | CriticLoss: 0.023697 | Q: 5.2326 | TargetQ: 5.2334 | TDAbs: 0.1599 | ActorGrad: 0.0060 | CriticGrad: 0.8596 | Noise: 0.2110 | Replay: 49664 | FPS: 19.89 | ETA: 84.1 min
2026-08-10 17:18:03,272 | INFO | Steps: 50176/150000 | Episodes: 98 | LastEpReward: 39.113 | RecentReward: 30.228 | ActorLoss: -5.259149 | CriticLoss: 0.023119 | Q: 5.2282 | TargetQ: 5.2267 | TDAbs: 0.1576 | ActorGrad: 0.0047 | CriticGrad: 0.7383 | Noise: 0.2095 | Replay: 50000 | FPS: 19.93 | ETA: 83.5 min
2026-08-10 17:18:24,344 | INFO | Steps: 50688/150000 | Episodes: 99 | LastEpReward: 26.869 | RecentReward: 29.924 | ActorLoss: -5.272476 | CriticLoss: 0.023863 | Q: 5.2421 | TargetQ: 5.2397 | TDAbs: 0.1594 | ActorGrad: 0.0061 | CriticGrad: 0.8267 | Noise: 0.2080 | Replay: 50000 | FPS: 19.97 | ETA: 82.9 min
2026-08-10 17:18:44,885 | INFO | 开始周期评估: Steps=51200 | Episodes=100 | EvalEpisodes=5
2026-08-10 17:19:42,389 | INFO | 周期评估完成: Steps=51200 | MeanReward=31.767 | StdReward=2.467
2026-08-10 17:19:42,529 | INFO | Steps: 51200/150000 | Episodes: 100 | LastEpReward: 36.661 | RecentReward: 31.076 | ActorLoss: -5.279456 | CriticLoss: 0.024600 | Q: 5.2504 | TargetQ: 5.2494 | TDAbs: 0.1602 | ActorGrad: 0.0058 | CriticGrad: 0.7929 | Noise: 0.2066 | Replay: 50000 | FPS: 19.57 | ETA: 84.1 min
2026-08-10 17:20:02,106 | INFO | Steps: 51712/150000 | Episodes: 101 | LastEpReward: 28.099 | RecentReward: 30.476 | ActorLoss: -5.394290 | CriticLoss: 0.025020 | Q: 5.3647 | TargetQ: 5.3659 | TDAbs: 0.1618 | ActorGrad: 0.0046 | CriticGrad: 0.8868 | Noise: 0.2051 | Replay: 50000 | FPS: 19.62 | ETA: 83.5 min
2026-08-10 17:20:22,464 | INFO | Steps: 52224/150000 | Episodes: 102 | LastEpReward: 21.572 | RecentReward: 30.053 | ActorLoss: -5.385092 | CriticLoss: 0.024523 | Q: 5.3598 | TargetQ: 5.3604 | TDAbs: 0.1595 | ActorGrad: 0.0058 | CriticGrad: 0.7599 | Noise: 0.2036 | Replay: 50000 | FPS: 19.66 | ETA: 82.9 min
2026-08-10 17:20:43,546 | INFO | Steps: 52736/150000 | Episodes: 103 | LastEpReward: 22.957 | RecentReward: 29.424 | ActorLoss: -5.457612 | CriticLoss: 0.022085 | Q: 5.4338 | TargetQ: 5.4339 | TDAbs: 0.1569 | ActorGrad: 0.0030 | CriticGrad: 0.8811 | Noise: 0.2022 | Replay: 50000 | FPS: 19.70 | ETA: 82.3 min
2026-08-10 17:21:02,948 | INFO | Steps: 53248/150000 | Episodes: 104 | LastEpReward: 33.519 | RecentReward: 29.745 | ActorLoss: -5.526446 | CriticLoss: 0.022298 | Q: 5.5045 | TargetQ: 5.5034 | TDAbs: 0.1564 | ActorGrad: 0.0025 | CriticGrad: 0.8436 | Noise: 0.2007 | Replay: 50000 | FPS: 19.74 | ETA: 81.7 min
2026-08-10 17:21:24,044 | INFO | Steps: 53760/150000 | Episodes: 105 | LastEpReward: 34.942 | RecentReward: 30.840 | ActorLoss: -5.574305 | CriticLoss: 0.021912 | Q: 5.5534 | TargetQ: 5.5523 | TDAbs: 0.1537 | ActorGrad: 0.0037 | CriticGrad: 0.8556 | Noise: 0.1993 | Replay: 50000 | FPS: 19.78 | ETA: 81.1 min
2026-08-10 17:21:44,903 | INFO | Steps: 54272/150000 | Episodes: 106 | LastEpReward: 27.537 | RecentReward: 30.868 | ActorLoss: -5.525301 | CriticLoss: 0.022894 | Q: 5.5043 | TargetQ: 5.5008 | TDAbs: 0.1561 | ActorGrad: 0.0033 | CriticGrad: 0.8886 | Noise: 0.1978 | Replay: 50000 | FPS: 19.82 | ETA: 80.5 min
2026-08-10 17:22:06,554 | INFO | Steps: 54784/150000 | Episodes: 107 | LastEpReward: 29.847 | RecentReward: 30.112 | ActorLoss: -5.532493 | CriticLoss: 0.021178 | Q: 5.5121 | TargetQ: 5.5114 | TDAbs: 0.1521 | ActorGrad: 0.0189 | CriticGrad: 0.7172 | Noise: 0.1963 | Replay: 50000 | FPS: 19.85 | ETA: 80.0 min
2026-08-10 17:22:28,166 | INFO | Steps: 55296/150000 | Episodes: 108 | LastEpReward: 39.701 | RecentReward: 30.170 | ActorLoss: -5.556969 | CriticLoss: 0.022241 | Q: 5.5355 | TargetQ: 5.5355 | TDAbs: 0.1557 | ActorGrad: 0.0051 | CriticGrad: 0.7895 | Noise: 0.1949 | Replay: 50000 | FPS: 19.88 | ETA: 79.4 min
2026-08-10 17:22:48,696 | INFO | Steps: 55808/150000 | Episodes: 109 | LastEpReward: 27.380 | RecentReward: 30.221 | ActorLoss: -5.558712 | CriticLoss: 0.019979 | Q: 5.5372 | TargetQ: 5.5356 | TDAbs: 0.1496 | ActorGrad: 0.0121 | CriticGrad: 0.7462 | Noise: 0.1934 | Replay: 50000 | FPS: 19.91 | ETA: 78.8 min
2026-08-10 17:23:10,098 | INFO | 开始周期评估: Steps=56320 | Episodes=110 | EvalEpisodes=5
2026-08-10 17:24:05,771 | INFO | 周期评估完成: Steps=56320 | MeanReward=31.314 | StdReward=2.325
2026-08-10 17:24:05,795 | INFO | Steps: 56320/150000 | Episodes: 110 | LastEpReward: 29.490 | RecentReward: 29.504 | ActorLoss: -5.577598 | CriticLoss: 0.021373 | Q: 5.5569 | TargetQ: 5.5561 | TDAbs: 0.1526 | ActorGrad: 0.0124 | CriticGrad: 0.7855 | Noise: 0.1919 | Replay: 50000 | FPS: 19.56 | ETA: 79.8 min
2026-08-10 17:24:26,686 | INFO | Steps: 56832/150000 | Episodes: 111 | LastEpReward: 29.554 | RecentReward: 29.650 | ActorLoss: -5.597070 | CriticLoss: 0.019688 | Q: 5.5749 | TargetQ: 5.5757 | TDAbs: 0.1496 | ActorGrad: 0.0160 | CriticGrad: 0.8072 | Noise: 0.1905 | Replay: 50000 | FPS: 19.59 | ETA: 79.3 min
2026-08-10 17:24:47,273 | INFO | Steps: 57344/150000 | Episodes: 112 | LastEpReward: 31.009 | RecentReward: 30.594 | ActorLoss: -5.604206 | CriticLoss: 0.019604 | Q: 5.5819 | TargetQ: 5.5830 | TDAbs: 0.1504 | ActorGrad: 0.0106 | CriticGrad: 0.8493 | Noise: 0.1890 | Replay: 50000 | FPS: 19.63 | ETA: 78.7 min
2026-08-10 17:25:07,467 | INFO | Steps: 57856/150000 | Episodes: 113 | LastEpReward: 18.948 | RecentReward: 30.193 | ActorLoss: -5.687524 | CriticLoss: 0.021026 | Q: 5.6666 | TargetQ: 5.6661 | TDAbs: 0.1500 | ActorGrad: 0.0199 | CriticGrad: 0.7523 | Noise: 0.1876 | Replay: 50000 | FPS: 19.67 | ETA: 78.1 min
2026-08-10 17:25:27,453 | INFO | Steps: 58368/150000 | Episodes: 114 | LastEpReward: 25.525 | RecentReward: 29.393 | ActorLoss: -5.668081 | CriticLoss: 0.020756 | Q: 5.6478 | TargetQ: 5.6475 | TDAbs: 0.1504 | ActorGrad: 0.0144 | CriticGrad: 0.7919 | Noise: 0.1861 | Replay: 50000 | FPS: 19.71 | ETA: 77.5 min
2026-08-10 17:25:48,430 | INFO | Steps: 58880/150000 | Episodes: 115 | LastEpReward: 24.956 | RecentReward: 28.395 | ActorLoss: -5.662867 | CriticLoss: 0.019644 | Q: 5.6422 | TargetQ: 5.6427 | TDAbs: 0.1469 | ActorGrad: 0.0152 | CriticGrad: 0.6858 | Noise: 0.1846 | Replay: 50000 | FPS: 19.74 | ETA: 76.9 min
2026-08-10 17:26:10,229 | INFO | Steps: 59392/150000 | Episodes: 116 | LastEpReward: 35.326 | RecentReward: 29.174 | ActorLoss: -5.706987 | CriticLoss: 0.020906 | Q: 5.6891 | TargetQ: 5.6887 | TDAbs: 0.1514 | ActorGrad: 0.0154 | CriticGrad: 0.7456 | Noise: 0.1832 | Replay: 50000 | FPS: 19.77 | ETA: 76.4 min
2026-08-10 17:26:30,231 | INFO | Steps: 59904/150000 | Episodes: 117 | LastEpReward: 18.438 | RecentReward: 28.033 | ActorLoss: -5.663746 | CriticLoss: 0.019745 | Q: 5.6470 | TargetQ: 5.6447 | TDAbs: 0.1470 | ActorGrad: 0.0144 | CriticGrad: 0.7427 | Noise: 0.1817 | Replay: 50000 | FPS: 19.81 | ETA: 75.8 min
2026-08-10 17:26:50,606 | INFO | Steps: 60416/150000 | Episodes: 118 | LastEpReward: 21.599 | RecentReward: 26.222 | ActorLoss: -5.686483 | CriticLoss: 0.019498 | Q: 5.6691 | TargetQ: 5.6688 | TDAbs: 0.1479 | ActorGrad: 0.0142 | CriticGrad: 0.7705 | Noise: 0.1802 | Replay: 50000 | FPS: 19.84 | ETA: 75.2 min
2026-08-10 17:27:12,377 | INFO | Steps: 60928/150000 | Episodes: 119 | LastEpReward: 41.835 | RecentReward: 27.668 | ActorLoss: -5.751513 | CriticLoss: 0.020880 | Q: 5.7342 | TargetQ: 5.7297 | TDAbs: 0.1504 | ActorGrad: 0.0187 | CriticGrad: 0.9277 | Noise: 0.1788 | Replay: 50000 | FPS: 19.87 | ETA: 74.7 min
2026-08-10 17:27:33,926 | INFO | 开始周期评估: Steps=61440 | Episodes=120 | EvalEpisodes=5
2026-08-10 17:28:31,981 | INFO | 周期评估完成: Steps=61440 | MeanReward=31.928 | StdReward=5.726
2026-08-10 17:28:32,116 | INFO | Steps: 61440/150000 | Episodes: 120 | LastEpReward: 20.535 | RecentReward: 26.773 | ActorLoss: -5.687414 | CriticLoss: 0.020052 | Q: 5.6696 | TargetQ: 5.6678 | TDAbs: 0.1471 | ActorGrad: 0.0160 | CriticGrad: 0.7172 | Noise: 0.1773 | Replay: 50000 | FPS: 19.53 | ETA: 75.6 min
2026-08-10 17:28:51,712 | INFO | Steps: 61952/150000 | Episodes: 121 | LastEpReward: 32.703 | RecentReward: 27.087 | ActorLoss: -5.681861 | CriticLoss: 0.019826 | Q: 5.6661 | TargetQ: 5.6648 | TDAbs: 0.1464 | ActorGrad: 0.0079 | CriticGrad: 0.7029 | Noise: 0.1759 | Replay: 50000 | FPS: 19.57 | ETA: 75.0 min
2026-08-10 17:29:13,786 | INFO | Steps: 62464/150000 | Episodes: 122 | LastEpReward: 33.041 | RecentReward: 27.291 | ActorLoss: -5.701350 | CriticLoss: 0.019838 | Q: 5.6833 | TargetQ: 5.6818 | TDAbs: 0.1453 | ActorGrad: 0.0105 | CriticGrad: 0.7022 | Noise: 0.1744 | Replay: 50000 | FPS: 19.60 | ETA: 74.5 min
2026-08-10 17:29:34,863 | INFO | Steps: 62976/150000 | Episodes: 123 | LastEpReward: 28.480 | RecentReward: 28.244 | ActorLoss: -5.632060 | CriticLoss: 0.018860 | Q: 5.6146 | TargetQ: 5.6146 | TDAbs: 0.1433 | ActorGrad: 0.0093 | CriticGrad: 0.6708 | Noise: 0.1729 | Replay: 50000 | FPS: 19.63 | ETA: 73.9 min
2026-08-10 17:29:55,291 | INFO | Steps: 63488/150000 | Episodes: 124 | LastEpReward: 43.207 | RecentReward: 30.012 | ActorLoss: -5.708412 | CriticLoss: 0.020310 | Q: 5.6914 | TargetQ: 5.6899 | TDAbs: 0.1472 | ActorGrad: 0.0043 | CriticGrad: 0.7782 | Noise: 0.1715 | Replay: 50000 | FPS: 19.66 | ETA: 73.3 min
2026-08-10 17:30:16,750 | INFO | Steps: 64000/150000 | Episodes: 125 | LastEpReward: 27.238 | RecentReward: 30.240 | ActorLoss: -5.688607 | CriticLoss: 0.018800 | Q: 5.6716 | TargetQ: 5.6714 | TDAbs: 0.1445 | ActorGrad: 0.0050 | CriticGrad: 0.6572 | Noise: 0.1700 | Replay: 50000 | FPS: 19.69 | ETA: 72.8 min
2026-08-10 17:30:38,389 | INFO | Steps: 64512/150000 | Episodes: 126 | LastEpReward: 31.315 | RecentReward: 29.839 | ActorLoss: -5.713178 | CriticLoss: 0.018496 | Q: 5.6975 | TargetQ: 5.6959 | TDAbs: 0.1438 | ActorGrad: 0.0036 | CriticGrad: 0.8068 | Noise: 0.1685 | Replay: 50000 | FPS: 19.71 | ETA: 72.3 min
2026-08-10 17:30:57,187 | INFO | Steps: 65024/150000 | Episodes: 127 | LastEpReward: 30.486 | RecentReward: 31.044 | ActorLoss: -5.712514 | CriticLoss: 0.018185 | Q: 5.6973 | TargetQ: 5.6945 | TDAbs: 0.1427 | ActorGrad: 0.0045 | CriticGrad: 0.8183 | Noise: 0.1671 | Replay: 50000 | FPS: 19.76 | ETA: 71.7 min
2026-08-10 17:31:17,218 | INFO | Steps: 65536/150000 | Episodes: 128 | LastEpReward: 35.078 | RecentReward: 32.392 | ActorLoss: -5.731907 | CriticLoss: 0.020076 | Q: 5.7163 | TargetQ: 5.7144 | TDAbs: 0.1470 | ActorGrad: 0.0024 | CriticGrad: 0.9262 | Noise: 0.1656 | Replay: 50000 | FPS: 19.79 | ETA: 71.1 min
2026-08-10 17:31:38,053 | INFO | Steps: 66048/150000 | Episodes: 129 | LastEpReward: 35.841 | RecentReward: 31.793 | ActorLoss: -5.741723 | CriticLoss: 0.018006 | Q: 5.7262 | TargetQ: 5.7257 | TDAbs: 0.1390 | ActorGrad: 0.0046 | CriticGrad: 0.6442 | Noise: 0.1641 | Replay: 50000 | FPS: 19.82 | ETA: 70.6 min
2026-08-10 17:31:57,170 | INFO | 开始周期评估: Steps=66560 | Episodes=130 | EvalEpisodes=5
2026-08-10 17:32:54,264 | INFO | 周期评估完成: Steps=66560 | MeanReward=31.280 | StdReward=2.027
2026-08-10 17:32:54,281 | INFO | Steps: 66560/150000 | Episodes: 130 | LastEpReward: 31.827 | RecentReward: 32.922 | ActorLoss: -5.758256 | CriticLoss: 0.019689 | Q: 5.7418 | TargetQ: 5.7411 | TDAbs: 0.1460 | ActorGrad: 0.0054 | CriticGrad: 0.7745 | Noise: 0.1627 | Replay: 50000 | FPS: 19.53 | ETA: 71.2 min
2026-08-10 17:33:14,363 | INFO | Steps: 67072/150000 | Episodes: 131 | LastEpReward: 36.225 | RecentReward: 33.274 | ActorLoss: -5.785786 | CriticLoss: 0.017820 | Q: 5.7707 | TargetQ: 5.7707 | TDAbs: 0.1416 | ActorGrad: 0.0035 | CriticGrad: 0.7189 | Noise: 0.1612 | Replay: 50000 | FPS: 19.56 | ETA: 70.6 min
2026-08-10 17:33:36,508 | INFO | Steps: 67584/150000 | Episodes: 132 | LastEpReward: 27.483 | RecentReward: 32.718 | ActorLoss: -5.801538 | CriticLoss: 0.019461 | Q: 5.7875 | TargetQ: 5.7863 | TDAbs: 0.1475 | ActorGrad: 0.0048 | CriticGrad: 0.8316 | Noise: 0.1598 | Replay: 50000 | FPS: 19.59 | ETA: 70.1 min
2026-08-10 17:33:57,865 | INFO | Steps: 68096/150000 | Episodes: 133 | LastEpReward: 24.012 | RecentReward: 32.271 | ActorLoss: -5.789679 | CriticLoss: 0.019314 | Q: 5.7762 | TargetQ: 5.7744 | TDAbs: 0.1444 | ActorGrad: 0.0040 | CriticGrad: 0.7626 | Noise: 0.1583 | Replay: 50000 | FPS: 19.61 | ETA: 69.6 min
2026-08-10 17:34:19,149 | INFO | Steps: 68608/150000 | Episodes: 134 | LastEpReward: 36.198 | RecentReward: 31.570 | ActorLoss: -5.844200 | CriticLoss: 0.017918 | Q: 5.8285 | TargetQ: 5.8275 | TDAbs: 0.1407 | ActorGrad: 0.0061 | CriticGrad: 0.7251 | Noise: 0.1568 | Replay: 50000 | FPS: 19.64 | ETA: 69.1 min
2026-08-10 17:34:39,381 | INFO | Steps: 69120/150000 | Episodes: 135 | LastEpReward: 25.941 | RecentReward: 31.441 | ActorLoss: -5.811266 | CriticLoss: 0.020310 | Q: 5.7365 | TargetQ: 5.7362 | TDAbs: 0.1478 | ActorGrad: 0.0565 | CriticGrad: 0.7374 | Noise: 0.1554 | Replay: 50000 | FPS: 19.67 | ETA: 68.5 min
2026-08-10 17:35:01,845 | INFO | Steps: 69632/150000 | Episodes: 136 | LastEpReward: -12.420 | RecentReward: 27.067 | ActorLoss: -5.979809 | CriticLoss: 0.037431 | Q: 5.9675 | TargetQ: 5.9651 | TDAbs: 0.2026 | ActorGrad: 0.0075 | CriticGrad: 1.0585 | Noise: 0.1539 | Replay: 50000 | FPS: 19.69 | ETA: 68.0 min
2026-08-10 17:35:22,673 | INFO | Steps: 70144/150000 | Episodes: 137 | LastEpReward: -20.115 | RecentReward: 22.007 | ActorLoss: -5.887997 | CriticLoss: 0.038700 | Q: 5.9077 | TargetQ: 5.9059 | TDAbs: 0.2041 | ActorGrad: 0.0048 | CriticGrad: 0.9212 | Noise: 0.1524 | Replay: 50000 | FPS: 19.72 | ETA: 67.5 min
2026-08-10 17:35:42,850 | INFO | Steps: 70656/150000 | Episodes: 138 | LastEpReward: -9.160 | RecentReward: 17.583 | ActorLoss: -5.761080 | CriticLoss: 0.038548 | Q: 5.7946 | TargetQ: 5.7937 | TDAbs: 0.2054 | ActorGrad: 0.0101 | CriticGrad: 0.8917 | Noise: 0.1510 | Replay: 50000 | FPS: 19.75 | ETA: 66.9 min
2026-08-10 17:36:03,729 | INFO | Steps: 71168/150000 | Episodes: 139 | LastEpReward: 7.938 | RecentReward: 14.793 | ActorLoss: -5.743859 | CriticLoss: 0.036087 | Q: 5.7282 | TargetQ: 5.7256 | TDAbs: 0.1955 | ActorGrad: 0.0113 | CriticGrad: 0.8052 | Noise: 0.1495 | Replay: 50000 | FPS: 19.78 | ETA: 66.4 min
2026-08-10 17:36:24,015 | INFO | 开始周期评估: Steps=71680 | Episodes=140 | EvalEpisodes=5
2026-08-10 17:37:23,050 | INFO | 周期评估完成: Steps=71680 | MeanReward=11.298 | StdReward=4.946
2026-08-10 17:37:23,073 | INFO | Steps: 71680/150000 | Episodes: 140 | LastEpReward: 13.377 | RecentReward: 12.948 | ActorLoss: -5.733654 | CriticLoss: 0.025666 | Q: 5.7172 | TargetQ: 5.7162 | TDAbs: 0.1645 | ActorGrad: 0.0121 | CriticGrad: 0.8123 | Noise: 0.1481 | Replay: 50000 | FPS: 19.49 | ETA: 67.0 min
2026-08-10 17:37:44,476 | INFO | Steps: 72192/150000 | Episodes: 141 | LastEpReward: -13.135 | RecentReward: 8.012 | ActorLoss: -5.730165 | CriticLoss: 0.022416 | Q: 5.7128 | TargetQ: 5.7114 | TDAbs: 0.1552 | ActorGrad: 0.0066 | CriticGrad: 0.7133 | Noise: 0.1466 | Replay: 50000 | FPS: 19.52 | ETA: 66.4 min
2026-08-10 17:38:05,363 | INFO | Steps: 72704/150000 | Episodes: 142 | LastEpReward: -18.461 | RecentReward: 3.417 | ActorLoss: -5.714550 | CriticLoss: 0.022607 | Q: 5.6968 | TargetQ: 5.6939 | TDAbs: 0.1510 | ActorGrad: 0.0179 | CriticGrad: 0.6120 | Noise: 0.1451 | Replay: 50000 | FPS: 19.55 | ETA: 65.9 min
2026-08-10 17:38:27,078 | INFO | Steps: 73216/150000 | Episodes: 143 | LastEpReward: 3.252 | RecentReward: 1.341 | ActorLoss: -5.675456 | CriticLoss: 0.019295 | Q: 5.6579 | TargetQ: 5.6573 | TDAbs: 0.1447 | ActorGrad: 0.0119 | CriticGrad: 0.6458 | Noise: 0.1437 | Replay: 50000 | FPS: 19.57 | ETA: 65.4 min
2026-08-10 17:38:48,505 | INFO | Steps: 73728/150000 | Episodes: 144 | LastEpReward: 25.726 | RecentReward: 0.294 | ActorLoss: -5.686593 | CriticLoss: 0.018742 | Q: 5.6672 | TargetQ: 5.6660 | TDAbs: 0.1412 | ActorGrad: 0.0198 | CriticGrad: 0.7194 | Noise: 0.1422 | Replay: 50000 | FPS: 19.60 | ETA: 64.9 min
2026-08-10 17:39:09,471 | INFO | Steps: 74240/150000 | Episodes: 145 | LastEpReward: 21.755 | RecentReward: -0.124 | ActorLoss: -5.685866 | CriticLoss: 0.020175 | Q: 5.6666 | TargetQ: 5.6653 | TDAbs: 0.1437 | ActorGrad: 0.0086 | CriticGrad: 0.6518 | Noise: 0.1407 | Replay: 50000 | FPS: 19.62 | ETA: 64.3 min
2026-08-10 17:39:32,140 | INFO | Steps: 74752/150000 | Episodes: 146 | LastEpReward: 24.558 | RecentReward: 3.573 | ActorLoss: -5.693661 | CriticLoss: 0.020099 | Q: 5.6731 | TargetQ: 5.6706 | TDAbs: 0.1414 | ActorGrad: 0.0178 | CriticGrad: 0.6346 | Noise: 0.1393 | Replay: 50000 | FPS: 19.64 | ETA: 63.9 min
2026-08-10 17:39:54,090 | INFO | Steps: 75264/150000 | Episodes: 147 | LastEpReward: 27.960 | RecentReward: 8.381 | ActorLoss: -5.674525 | CriticLoss: 0.017205 | Q: 5.6545 | TargetQ: 5.6542 | TDAbs: 0.1384 | ActorGrad: 0.0231 | CriticGrad: 0.6393 | Noise: 0.1378 | Replay: 50000 | FPS: 19.66 | ETA: 63.4 min
2026-08-10 17:40:15,938 | INFO | Steps: 75776/150000 | Episodes: 148 | LastEpReward: 15.656 | RecentReward: 10.863 | ActorLoss: -5.670315 | CriticLoss: 0.018902 | Q: 5.6516 | TargetQ: 5.6497 | TDAbs: 0.1418 | ActorGrad: 0.0082 | CriticGrad: 0.6069 | Noise: 0.1364 | Replay: 50000 | FPS: 19.68 | ETA: 62.9 min
2026-08-10 17:40:37,833 | INFO | Steps: 76288/150000 | Episodes: 149 | LastEpReward: 32.706 | RecentReward: 13.340 | ActorLoss: -5.670917 | CriticLoss: 0.018767 | Q: 5.6503 | TargetQ: 5.6480 | TDAbs: 0.1395 | ActorGrad: 0.0125 | CriticGrad: 0.7251 | Noise: 0.1349 | Replay: 50000 | FPS: 19.70 | ETA: 62.4 min
2026-08-10 17:40:59,123 | INFO | 开始周期评估: Steps=76800 | Episodes=150 | EvalEpisodes=5
2026-08-10 17:41:58,823 | INFO | 周期评估完成: Steps=76800 | MeanReward=25.225 | StdReward=4.109
2026-08-10 17:41:58,847 | INFO | Steps: 76800/150000 | Episodes: 150 | LastEpReward: 22.806 | RecentReward: 14.283 | ActorLoss: -5.720286 | CriticLoss: 0.016832 | Q: 5.7007 | TargetQ: 5.7009 | TDAbs: 0.1368 | ActorGrad: 0.0183 | CriticGrad: 0.6456 | Noise: 0.1334 | Replay: 50000 | FPS: 19.43 | ETA: 62.8 min
2026-08-10 17:42:20,089 | INFO | Steps: 77312/150000 | Episodes: 151 | LastEpReward: 25.577 | RecentReward: 18.154 | ActorLoss: -5.671755 | CriticLoss: 0.018453 | Q: 5.6517 | TargetQ: 5.6517 | TDAbs: 0.1405 | ActorGrad: 0.0227 | CriticGrad: 0.7492 | Noise: 0.1320 | Replay: 50000 | FPS: 19.45 | ETA: 62.3 min
2026-08-10 17:42:40,504 | INFO | Steps: 77824/150000 | Episodes: 152 | LastEpReward: 12.605 | RecentReward: 21.260 | ActorLoss: -5.693400 | CriticLoss: 0.017815 | Q: 5.6734 | TargetQ: 5.6745 | TDAbs: 0.1383 | ActorGrad: 0.0150 | CriticGrad: 0.6229 | Noise: 0.1305 | Replay: 50000 | FPS: 19.48 | ETA: 61.7 min
2026-08-10 17:43:03,330 | INFO | Steps: 78336/150000 | Episodes: 153 | LastEpReward: 17.435 | RecentReward: 22.679 | ActorLoss: -5.721932 | CriticLoss: 0.017576 | Q: 5.7026 | TargetQ: 5.7016 | TDAbs: 0.1374 | ActorGrad: 0.0169 | CriticGrad: 0.6729 | Noise: 0.1290 | Replay: 50000 | FPS: 19.50 | ETA: 61.3 min
2026-08-10 17:43:23,619 | INFO | Steps: 78848/150000 | Episodes: 154 | LastEpReward: 21.673 | RecentReward: 22.273 | ActorLoss: -5.699185 | CriticLoss: 0.017792 | Q: 5.6791 | TargetQ: 5.6785 | TDAbs: 0.1391 | ActorGrad: 0.0161 | CriticGrad: 0.6054 | Noise: 0.1276 | Replay: 50000 | FPS: 19.53 | ETA: 60.7 min
2026-08-10 17:43:43,522 | INFO | Steps: 79360/150000 | Episodes: 155 | LastEpReward: 25.518 | RecentReward: 22.650 | ActorLoss: -5.751746 | CriticLoss: 0.016627 | Q: 5.7322 | TargetQ: 5.7318 | TDAbs: 0.1350 | ActorGrad: 0.0204 | CriticGrad: 0.6811 | Noise: 0.1261 | Replay: 50000 | FPS: 19.56 | ETA: 60.2 min
2026-08-10 17:44:03,612 | INFO | Steps: 79872/150000 | Episodes: 156 | LastEpReward: 30.480 | RecentReward: 23.242 | ActorLoss: -5.681376 | CriticLoss: 0.016729 | Q: 5.6619 | TargetQ: 5.6619 | TDAbs: 0.1384 | ActorGrad: 0.0168 | CriticGrad: 0.9885 | Noise: 0.1247 | Replay: 50000 | FPS: 19.59 | ETA: 59.7 min
2026-08-10 17:44:23,766 | INFO | Steps: 80384/150000 | Episodes: 157 | LastEpReward: 22.612 | RecentReward: 22.707 | ActorLoss: -5.679108 | CriticLoss: 0.017706 | Q: 5.6604 | TargetQ: 5.6601 | TDAbs: 0.1384 | ActorGrad: 0.0195 | CriticGrad: 0.7973 | Noise: 0.1232 | Replay: 50000 | FPS: 19.62 | ETA: 59.1 min
2026-08-10 17:44:44,567 | INFO | Steps: 80896/150000 | Episodes: 158 | LastEpReward: 22.186 | RecentReward: 23.360 | ActorLoss: -5.672626 | CriticLoss: 0.018133 | Q: 5.6540 | TargetQ: 5.6528 | TDAbs: 0.1366 | ActorGrad: 0.0216 | CriticGrad: 0.6132 | Noise: 0.1217 | Replay: 50000 | FPS: 19.64 | ETA: 58.6 min
2026-08-10 17:45:05,823 | INFO | Steps: 81408/150000 | Episodes: 159 | LastEpReward: 20.259 | RecentReward: 22.115 | ActorLoss: -5.701695 | CriticLoss: 0.016474 | Q: 5.6823 | TargetQ: 5.6822 | TDAbs: 0.1342 | ActorGrad: 0.0201 | CriticGrad: 0.6113 | Noise: 0.1203 | Replay: 50000 | FPS: 19.66 | ETA: 58.1 min
2026-08-10 17:45:26,328 | INFO | 开始周期评估: Steps=81920 | Episodes=160 | EvalEpisodes=5
2026-08-10 17:46:20,650 | INFO | 周期评估完成: Steps=81920 | MeanReward=24.938 | StdReward=3.602
2026-08-10 17:46:20,673 | INFO | Steps: 81920/150000 | Episodes: 160 | LastEpReward: 21.104 | RecentReward: 21.945 | ActorLoss: -5.690779 | CriticLoss: 0.018745 | Q: 5.6719 | TargetQ: 5.6713 | TDAbs: 0.1407 | ActorGrad: 0.0210 | CriticGrad: 0.8178 | Noise: 0.1188 | Replay: 50000 | FPS: 19.44 | ETA: 58.4 min
2026-08-10 17:46:40,599 | INFO | Steps: 82432/150000 | Episodes: 161 | LastEpReward: 27.202 | RecentReward: 22.107 | ActorLoss: -5.694999 | CriticLoss: 0.017541 | Q: 5.6765 | TargetQ: 5.6760 | TDAbs: 0.1370 | ActorGrad: 0.0208 | CriticGrad: 0.5764 | Noise: 0.1173 | Replay: 50000 | FPS: 19.47 | ETA: 57.8 min
2026-08-10 17:47:03,012 | INFO | Steps: 82944/150000 | Episodes: 162 | LastEpReward: 12.235 | RecentReward: 22.070 | ActorLoss: -5.685749 | CriticLoss: 0.017931 | Q: 5.6669 | TargetQ: 5.6654 | TDAbs: 0.1390 | ActorGrad: 0.0195 | CriticGrad: 0.7187 | Noise: 0.1159 | Replay: 50000 | FPS: 19.48 | ETA: 57.4 min
2026-08-10 17:47:23,471 | INFO | Steps: 83456/150000 | Episodes: 163 | LastEpReward: 26.048 | RecentReward: 22.932 | ActorLoss: -5.710259 | CriticLoss: 0.016666 | Q: 5.6908 | TargetQ: 5.6904 | TDAbs: 0.1352 | ActorGrad: 0.0268 | CriticGrad: 0.6033 | Noise: 0.1144 | Replay: 50000 | FPS: 19.51 | ETA: 56.8 min
2026-08-10 17:47:45,038 | INFO | Steps: 83968/150000 | Episodes: 164 | LastEpReward: 25.556 | RecentReward: 23.320 | ActorLoss: -5.730155 | CriticLoss: 0.016783 | Q: 5.7112 | TargetQ: 5.7110 | TDAbs: 0.1363 | ActorGrad: 0.0210 | CriticGrad: 0.6075 | Noise: 0.1129 | Replay: 50000 | FPS: 19.53 | ETA: 56.3 min
2026-08-10 17:48:06,402 | INFO | Steps: 84480/150000 | Episodes: 165 | LastEpReward: 19.525 | RecentReward: 22.721 | ActorLoss: -5.690332 | CriticLoss: 0.017178 | Q: 5.6717 | TargetQ: 5.6723 | TDAbs: 0.1371 | ActorGrad: 0.0141 | CriticGrad: 0.6447 | Noise: 0.1115 | Replay: 50000 | FPS: 19.55 | ETA: 55.8 min
2026-08-10 17:48:27,352 | INFO | Steps: 84992/150000 | Episodes: 166 | LastEpReward: 21.461 | RecentReward: 21.819 | ActorLoss: -5.707097 | CriticLoss: 0.017731 | Q: 5.6891 | TargetQ: 5.6889 | TDAbs: 0.1374 | ActorGrad: 0.0245 | CriticGrad: 0.6642 | Noise: 0.1100 | Replay: 50000 | FPS: 19.58 | ETA: 55.3 min
2026-08-10 17:48:48,658 | INFO | Steps: 85504/150000 | Episodes: 167 | LastEpReward: 17.824 | RecentReward: 21.340 | ActorLoss: -5.677925 | CriticLoss: 0.017361 | Q: 5.6611 | TargetQ: 5.6610 | TDAbs: 0.1360 | ActorGrad: 0.0284 | CriticGrad: 0.7684 | Noise: 0.1086 | Replay: 50000 | FPS: 19.60 | ETA: 54.8 min
2026-08-10 17:49:10,314 | INFO | Steps: 86016/150000 | Episodes: 168 | LastEpReward: 19.759 | RecentReward: 21.097 | ActorLoss: -5.602092 | CriticLoss: 0.017690 | Q: 5.5859 | TargetQ: 5.5869 | TDAbs: 0.1397 | ActorGrad: 0.0243 | CriticGrad: 0.6584 | Noise: 0.1071 | Replay: 50000 | FPS: 19.62 | ETA: 54.4 min
2026-08-10 17:49:30,934 | INFO | Steps: 86528/150000 | Episodes: 169 | LastEpReward: 25.538 | RecentReward: 21.625 | ActorLoss: -5.624231 | CriticLoss: 0.017478 | Q: 5.6065 | TargetQ: 5.6050 | TDAbs: 0.1369 | ActorGrad: 0.0232 | CriticGrad: 0.6693 | Noise: 0.1056 | Replay: 50000 | FPS: 19.64 | ETA: 53.9 min
2026-08-10 17:49:52,396 | INFO | 开始周期评估: Steps=87040 | Episodes=170 | EvalEpisodes=5
2026-08-10 17:50:50,641 | INFO | 周期评估完成: Steps=87040 | MeanReward=25.197 | StdReward=3.192
2026-08-10 17:50:50,664 | INFO | Steps: 87040/150000 | Episodes: 170 | LastEpReward: 17.710 | RecentReward: 21.286 | ActorLoss: -5.589661 | CriticLoss: 0.016274 | Q: 5.5716 | TargetQ: 5.5737 | TDAbs: 0.1352 | ActorGrad: 0.0260 | CriticGrad: 0.7437 | Noise: 0.1042 | Replay: 50000 | FPS: 19.41 | ETA: 54.1 min
2026-08-10 17:51:11,094 | INFO | Steps: 87552/150000 | Episodes: 171 | LastEpReward: 25.543 | RecentReward: 21.120 | ActorLoss: -5.576079 | CriticLoss: 0.016903 | Q: 5.5589 | TargetQ: 5.5583 | TDAbs: 0.1348 | ActorGrad: 0.0327 | CriticGrad: 0.6398 | Noise: 0.1027 | Replay: 50000 | FPS: 19.43 | ETA: 53.6 min
2026-08-10 17:51:31,130 | INFO | Steps: 88064/150000 | Episodes: 172 | LastEpReward: 18.233 | RecentReward: 21.720 | ActorLoss: -5.594447 | CriticLoss: 0.015255 | Q: 5.5793 | TargetQ: 5.5796 | TDAbs: 0.1311 | ActorGrad: 0.0196 | CriticGrad: 0.6200 | Noise: 0.1012 | Replay: 50000 | FPS: 19.46 | ETA: 53.0 min
2026-08-10 17:51:51,950 | INFO | Steps: 88576/150000 | Episodes: 173 | LastEpReward: 22.927 | RecentReward: 21.408 | ActorLoss: -5.539588 | CriticLoss: 0.017459 | Q: 5.5238 | TargetQ: 5.5224 | TDAbs: 0.1357 | ActorGrad: 0.0247 | CriticGrad: 0.5437 | Noise: 0.0998 | Replay: 50000 | FPS: 19.48 | ETA: 52.5 min
2026-08-10 17:52:12,708 | INFO | Steps: 89088/150000 | Episodes: 174 | LastEpReward: 32.049 | RecentReward: 22.057 | ActorLoss: -5.518001 | CriticLoss: 0.016302 | Q: 5.5018 | TargetQ: 5.4997 | TDAbs: 0.1326 | ActorGrad: 0.0241 | CriticGrad: 0.6728 | Noise: 0.0983 | Replay: 50000 | FPS: 19.51 | ETA: 52.0 min
2026-08-10 17:52:35,020 | INFO | Steps: 89600/150000 | Episodes: 175 | LastEpReward: 26.885 | RecentReward: 22.793 | ActorLoss: -5.504208 | CriticLoss: 0.016822 | Q: 5.4876 | TargetQ: 5.4873 | TDAbs: 0.1343 | ActorGrad: 0.0235 | CriticGrad: 0.7266 | Noise: 0.0969 | Replay: 50000 | FPS: 19.53 | ETA: 51.6 min
2026-08-10 17:52:56,241 | INFO | Steps: 90112/150000 | Episodes: 176 | LastEpReward: 24.768 | RecentReward: 23.124 | ActorLoss: -5.464556 | CriticLoss: 0.015328 | Q: 5.4475 | TargetQ: 5.4476 | TDAbs: 0.1324 | ActorGrad: 0.0275 | CriticGrad: 0.6413 | Noise: 0.0954 | Replay: 50000 | FPS: 19.55 | ETA: 51.1 min
2026-08-10 17:53:17,105 | INFO | Steps: 90624/150000 | Episodes: 177 | LastEpReward: 20.663 | RecentReward: 23.407 | ActorLoss: -5.474672 | CriticLoss: 0.015332 | Q: 5.4598 | TargetQ: 5.4602 | TDAbs: 0.1297 | ActorGrad: 0.0316 | CriticGrad: 0.5982 | Noise: 0.0939 | Replay: 50000 | FPS: 19.57 | ETA: 50.6 min
2026-08-10 17:53:37,801 | INFO | Steps: 91136/150000 | Episodes: 178 | LastEpReward: 32.899 | RecentReward: 24.721 | ActorLoss: -5.507340 | CriticLoss: 0.016021 | Q: 5.4912 | TargetQ: 5.4917 | TDAbs: 0.1316 | ActorGrad: 0.0306 | CriticGrad: 0.6117 | Noise: 0.0925 | Replay: 50000 | FPS: 19.59 | ETA: 50.1 min
2026-08-10 17:53:57,720 | INFO | Steps: 91648/150000 | Episodes: 179 | LastEpReward: 23.875 | RecentReward: 24.555 | ActorLoss: -5.467604 | CriticLoss: 0.017042 | Q: 5.4529 | TargetQ: 5.4508 | TDAbs: 0.1334 | ActorGrad: 0.0250 | CriticGrad: 0.6687 | Noise: 0.0910 | Replay: 50000 | FPS: 19.62 | ETA: 49.6 min
2026-08-10 17:54:19,299 | INFO | 开始周期评估: Steps=92160 | Episodes=180 | EvalEpisodes=5
2026-08-10 17:55:21,770 | INFO | 周期评估完成: Steps=92160 | MeanReward=25.359 | StdReward=3.240
2026-08-10 17:55:21,789 | INFO | Steps: 92160/150000 | Episodes: 180 | LastEpReward: 22.003 | RecentReward: 24.984 | ActorLoss: -5.446058 | CriticLoss: 0.017221 | Q: 5.4311 | TargetQ: 5.4291 | TDAbs: 0.1331 | ActorGrad: 0.0226 | CriticGrad: 0.5055 | Noise: 0.0895 | Replay: 50000 | FPS: 19.38 | ETA: 49.7 min
2026-08-10 17:55:42,820 | INFO | Steps: 92672/150000 | Episodes: 181 | LastEpReward: 13.698 | RecentReward: 23.800 | ActorLoss: -5.466279 | CriticLoss: 0.017180 | Q: 5.4496 | TargetQ: 5.4480 | TDAbs: 0.1343 | ActorGrad: 0.0233 | CriticGrad: 0.6732 | Noise: 0.0881 | Replay: 50000 | FPS: 19.40 | ETA: 49.2 min
2026-08-10 17:56:03,790 | INFO | Steps: 93184/150000 | Episodes: 182 | LastEpReward: 17.063 | RecentReward: 23.683 | ActorLoss: -5.431288 | CriticLoss: 0.016840 | Q: 5.4149 | TargetQ: 5.4136 | TDAbs: 0.1331 | ActorGrad: 0.0259 | CriticGrad: 0.7323 | Noise: 0.0866 | Replay: 50000 | FPS: 19.42 | ETA: 48.8 min
2026-08-10 17:56:24,174 | INFO | Steps: 93696/150000 | Episodes: 183 | LastEpReward: 19.256 | RecentReward: 23.316 | ActorLoss: -5.472356 | CriticLoss: 0.015753 | Q: 5.4573 | TargetQ: 5.4567 | TDAbs: 0.1303 | ActorGrad: 0.0249 | CriticGrad: 0.5721 | Noise: 0.0852 | Replay: 50000 | FPS: 19.45 | ETA: 48.3 min
2026-08-10 17:56:45,611 | INFO | Steps: 94208/150000 | Episodes: 184 | LastEpReward: 17.338 | RecentReward: 21.845 | ActorLoss: -5.449777 | CriticLoss: 0.015915 | Q: 5.4360 | TargetQ: 5.4354 | TDAbs: 0.1307 | ActorGrad: 0.0156 | CriticGrad: 0.5269 | Noise: 0.0837 | Replay: 50000 | FPS: 19.47 | ETA: 47.8 min
2026-08-10 17:57:04,287 | INFO | Steps: 94720/150000 | Episodes: 185 | LastEpReward: 21.525 | RecentReward: 21.309 | ActorLoss: -5.532934 | CriticLoss: 0.025454 | Q: 5.4859 | TargetQ: 5.4841 | TDAbs: 0.1687 | ActorGrad: 0.0752 | CriticGrad: 0.7604 | Noise: 0.0822 | Replay: 50000 | FPS: 19.50 | ETA: 47.3 min
2026-08-10 17:57:24,783 | INFO | Steps: 95232/150000 | Episodes: 186 | LastEpReward: 10.515 | RecentReward: 19.884 | ActorLoss: -5.546453 | CriticLoss: 0.024372 | Q: 5.5289 | TargetQ: 5.5290 | TDAbs: 0.1667 | ActorGrad: 0.0831 | CriticGrad: 0.6918 | Noise: 0.0808 | Replay: 50000 | FPS: 19.52 | ETA: 46.8 min
2026-08-10 17:57:45,000 | INFO | Steps: 95744/150000 | Episodes: 187 | LastEpReward: 12.941 | RecentReward: 19.111 | ActorLoss: -5.514984 | CriticLoss: 0.023268 | Q: 5.4964 | TargetQ: 5.4977 | TDAbs: 0.1619 | ActorGrad: 0.0795 | CriticGrad: 0.6678 | Noise: 0.0793 | Replay: 50000 | FPS: 19.54 | ETA: 46.3 min
2026-08-10 17:58:06,082 | INFO | Steps: 96256/150000 | Episodes: 188 | LastEpReward: 7.947 | RecentReward: 16.616 | ActorLoss: -5.494136 | CriticLoss: 0.026720 | Q: 5.4788 | TargetQ: 5.4754 | TDAbs: 0.1637 | ActorGrad: 0.1102 | CriticGrad: 0.7364 | Noise: 0.0778 | Replay: 50000 | FPS: 19.56 | ETA: 45.8 min
2026-08-10 17:58:26,519 | INFO | Steps: 96768/150000 | Episodes: 189 | LastEpReward: 15.073 | RecentReward: 15.736 | ActorLoss: -5.433198 | CriticLoss: 0.023405 | Q: 5.4176 | TargetQ: 5.4170 | TDAbs: 0.1594 | ActorGrad: 0.0948 | CriticGrad: 0.7409 | Noise: 0.0764 | Replay: 50000 | FPS: 19.59 | ETA: 45.3 min
2026-08-10 17:58:47,507 | INFO | 开始周期评估: Steps=97280 | Episodes=190 | EvalEpisodes=5
2026-08-10 17:59:48,127 | INFO | 周期评估完成: Steps=97280 | MeanReward=22.944 | StdReward=4.902
2026-08-10 17:59:48,152 | INFO | Steps: 97280/150000 | Episodes: 190 | LastEpReward: 24.773 | RecentReward: 16.013 | ActorLoss: -5.447202 | CriticLoss: 0.023875 | Q: 5.4287 | TargetQ: 5.4268 | TDAbs: 0.1595 | ActorGrad: 0.0917 | CriticGrad: 0.7099 | Noise: 0.0749 | Replay: 50000 | FPS: 19.37 | ETA: 45.4 min
2026-08-10 18:00:08,353 | INFO | Steps: 97792/150000 | Episodes: 191 | LastEpReward: 17.123 | RecentReward: 16.356 | ActorLoss: -5.469533 | CriticLoss: 0.023370 | Q: 5.4504 | TargetQ: 5.4487 | TDAbs: 0.1598 | ActorGrad: 0.0855 | CriticGrad: 0.6369 | Noise: 0.0735 | Replay: 50000 | FPS: 19.39 | ETA: 44.9 min
2026-08-10 18:00:27,289 | INFO | Steps: 98304/150000 | Episodes: 192 | LastEpReward: 22.890 | RecentReward: 16.938 | ActorLoss: -5.424287 | CriticLoss: 0.025957 | Q: 5.4048 | TargetQ: 5.4038 | TDAbs: 0.1658 | ActorGrad: 0.0981 | CriticGrad: 0.7724 | Noise: 0.0720 | Replay: 50000 | FPS: 19.42 | ETA: 44.4 min
2026-08-10 18:00:48,093 | INFO | Steps: 98816/150000 | Episodes: 193 | LastEpReward: 6.279 | RecentReward: 15.641 | ActorLoss: -5.411409 | CriticLoss: 0.026838 | Q: 5.3887 | TargetQ: 5.3867 | TDAbs: 0.1680 | ActorGrad: 0.0960 | CriticGrad: 0.6680 | Noise: 0.0705 | Replay: 50000 | FPS: 19.44 | ETA: 43.9 min
2026-08-10 18:01:08,256 | INFO | Steps: 99328/150000 | Episodes: 194 | LastEpReward: 18.324 | RecentReward: 15.739 | ActorLoss: -5.411454 | CriticLoss: 0.027665 | Q: 5.3895 | TargetQ: 5.3870 | TDAbs: 0.1724 | ActorGrad: 0.1054 | CriticGrad: 0.9332 | Noise: 0.0691 | Replay: 50000 | FPS: 19.47 | ETA: 43.4 min
2026-08-10 18:01:28,251 | INFO | Steps: 99840/150000 | Episodes: 195 | LastEpReward: 11.472 | RecentReward: 14.734 | ActorLoss: -5.421165 | CriticLoss: 0.028599 | Q: 5.4064 | TargetQ: 5.4058 | TDAbs: 0.1745 | ActorGrad: 0.1087 | CriticGrad: 0.9126 | Noise: 0.0676 | Replay: 50000 | FPS: 19.49 | ETA: 42.9 min
2026-08-10 18:01:48,573 | INFO | Steps: 100352/150000 | Episodes: 196 | LastEpReward: 15.200 | RecentReward: 15.202 | ActorLoss: -5.384098 | CriticLoss: 0.027660 | Q: 5.3680 | TargetQ: 5.3674 | TDAbs: 0.1739 | ActorGrad: 0.0922 | CriticGrad: 0.7578 | Noise: 0.0661 | Replay: 50000 | FPS: 19.51 | ETA: 42.4 min
2026-08-10 18:02:08,552 | INFO | Steps: 100864/150000 | Episodes: 197 | LastEpReward: 14.271 | RecentReward: 15.335 | ActorLoss: -5.376106 | CriticLoss: 0.029142 | Q: 5.3554 | TargetQ: 5.3541 | TDAbs: 0.1790 | ActorGrad: 0.1038 | CriticGrad: 0.7954 | Noise: 0.0647 | Replay: 50000 | FPS: 19.54 | ETA: 41.9 min
2026-08-10 18:02:29,178 | INFO | Steps: 101376/150000 | Episodes: 198 | LastEpReward: 13.928 | RecentReward: 15.933 | ActorLoss: -5.360373 | CriticLoss: 0.028648 | Q: 5.3450 | TargetQ: 5.3438 | TDAbs: 0.1769 | ActorGrad: 0.1025 | CriticGrad: 0.7377 | Noise: 0.0632 | Replay: 50000 | FPS: 19.56 | ETA: 41.4 min
2026-08-10 18:02:49,030 | INFO | Steps: 101888/150000 | Episodes: 199 | LastEpReward: 16.165 | RecentReward: 16.043 | ActorLoss: -5.310840 | CriticLoss: 0.031330 | Q: 5.2939 | TargetQ: 5.2935 | TDAbs: 0.1841 | ActorGrad: 0.1202 | CriticGrad: 0.7979 | Noise: 0.0617 | Replay: 50000 | FPS: 19.58 | ETA: 40.9 min
2026-08-10 18:03:09,696 | INFO | 开始周期评估: Steps=102400 | Episodes=200 | EvalEpisodes=5
2026-08-10 18:04:07,218 | INFO | 周期评估完成: Steps=102400 | MeanReward=23.278 | StdReward=4.801
2026-08-10 18:04:07,235 | INFO | Steps: 102400/150000 | Episodes: 200 | LastEpReward: 24.831 | RecentReward: 16.048 | ActorLoss: -5.279557 | CriticLoss: 0.031110 | Q: 5.2638 | TargetQ: 5.2616 | TDAbs: 0.1832 | ActorGrad: 0.1048 | CriticGrad: 0.8413 | Noise: 0.0603 | Replay: 50000 | FPS: 19.39 | ETA: 40.9 min
2026-08-10 18:04:26,330 | INFO | Steps: 102912/150000 | Episodes: 201 | LastEpReward: 12.720 | RecentReward: 15.608 | ActorLoss: -5.261125 | CriticLoss: 0.031532 | Q: 5.2479 | TargetQ: 5.2464 | TDAbs: 0.1860 | ActorGrad: 0.1168 | CriticGrad: 0.8955 | Noise: 0.0588 | Replay: 50000 | FPS: 19.42 | ETA: 40.4 min
2026-08-10 18:04:46,506 | INFO | Steps: 103424/150000 | Episodes: 202 | LastEpReward: 16.353 | RecentReward: 14.954 | ActorLoss: -5.219714 | CriticLoss: 0.031952 | Q: 5.2039 | TargetQ: 5.2038 | TDAbs: 0.1851 | ActorGrad: 0.1198 | CriticGrad: 0.8327 | Noise: 0.0574 | Replay: 50000 | FPS: 19.44 | ETA: 39.9 min
2026-08-10 18:05:07,529 | INFO | Steps: 103936/150000 | Episodes: 203 | LastEpReward: 9.230 | RecentReward: 15.250 | ActorLoss: -5.248177 | CriticLoss: 0.032603 | Q: 5.2355 | TargetQ: 5.2330 | TDAbs: 0.1886 | ActorGrad: 0.1351 | CriticGrad: 0.7391 | Noise: 0.0559 | Replay: 50000 | FPS: 19.46 | ETA: 39.5 min
2026-08-10 18:05:29,612 | INFO | Steps: 104448/150000 | Episodes: 204 | LastEpReward: 25.891 | RecentReward: 16.006 | ActorLoss: -5.182491 | CriticLoss: 0.033001 | Q: 5.1687 | TargetQ: 5.1682 | TDAbs: 0.1897 | ActorGrad: 0.1276 | CriticGrad: 0.8675 | Noise: 0.0544 | Replay: 50000 | FPS: 19.47 | ETA: 39.0 min
2026-08-10 18:05:50,313 | INFO | Steps: 104960/150000 | Episodes: 205 | LastEpReward: 7.340 | RecentReward: 15.593 | ActorLoss: -5.177791 | CriticLoss: 0.034108 | Q: 5.1621 | TargetQ: 5.1598 | TDAbs: 0.1915 | ActorGrad: 0.1326 | CriticGrad: 0.8289 | Noise: 0.0530 | Replay: 50000 | FPS: 19.49 | ETA: 38.5 min
2026-08-10 18:06:11,605 | INFO | Steps: 105472/150000 | Episodes: 206 | LastEpReward: 19.147 | RecentReward: 15.988 | ActorLoss: -5.101161 | CriticLoss: 0.034310 | Q: 5.0879 | TargetQ: 5.0865 | TDAbs: 0.1918 | ActorGrad: 0.1287 | CriticGrad: 0.8972 | Noise: 0.0515 | Replay: 50000 | FPS: 19.51 | ETA: 38.0 min
2026-08-10 18:06:32,482 | INFO | Steps: 105984/150000 | Episodes: 207 | LastEpReward: 25.229 | RecentReward: 17.084 | ActorLoss: -5.103371 | CriticLoss: 0.034294 | Q: 5.0903 | TargetQ: 5.0891 | TDAbs: 0.1918 | ActorGrad: 0.1379 | CriticGrad: 0.8726 | Noise: 0.0500 | Replay: 50000 | FPS: 19.53 | ETA: 37.6 min
2026-08-10 18:06:52,459 | INFO | Steps: 106496/150000 | Episodes: 208 | LastEpReward: 12.921 | RecentReward: 16.983 | ActorLoss: -5.151727 | CriticLoss: 0.035397 | Q: 5.1402 | TargetQ: 5.1367 | TDAbs: 0.1970 | ActorGrad: 0.1518 | CriticGrad: 1.0400 | Noise: 0.0500 | Replay: 50000 | FPS: 19.55 | ETA: 37.1 min
2026-08-10 18:07:13,504 | INFO | Steps: 107008/150000 | Episodes: 209 | LastEpReward: 19.335 | RecentReward: 17.300 | ActorLoss: -5.092253 | CriticLoss: 0.036273 | Q: 5.0824 | TargetQ: 5.0820 | TDAbs: 0.1974 | ActorGrad: 0.1375 | CriticGrad: 0.9186 | Noise: 0.0500 | Replay: 50000 | FPS: 19.57 | ETA: 36.6 min
2026-08-10 18:07:33,378 | INFO | 开始周期评估: Steps=107520 | Episodes=210 | EvalEpisodes=5
2026-08-10 18:08:28,185 | INFO | 周期评估完成: Steps=107520 | MeanReward=22.551 | StdReward=4.368
2026-08-10 18:08:28,201 | INFO | Steps: 107520/150000 | Episodes: 210 | LastEpReward: 11.868 | RecentReward: 16.004 | ActorLoss: -5.087840 | CriticLoss: 0.034666 | Q: 5.0751 | TargetQ: 5.0745 | TDAbs: 0.1942 | ActorGrad: 0.1571 | CriticGrad: 0.8322 | Noise: 0.0500 | Replay: 50000 | FPS: 19.40 | ETA: 36.5 min
2026-08-10 18:08:49,460 | INFO | Steps: 108032/150000 | Episodes: 211 | LastEpReward: 17.720 | RecentReward: 16.504 | ActorLoss: -5.034510 | CriticLoss: 0.035670 | Q: 5.0282 | TargetQ: 5.0261 | TDAbs: 0.1966 | ActorGrad: 0.1394 | CriticGrad: 0.8934 | Noise: 0.0500 | Replay: 50000 | FPS: 19.42 | ETA: 36.0 min
2026-08-10 18:09:09,566 | INFO | Steps: 108544/150000 | Episodes: 212 | LastEpReward: 21.648 | RecentReward: 17.033 | ActorLoss: -5.023169 | CriticLoss: 0.038192 | Q: 5.0135 | TargetQ: 5.0127 | TDAbs: 0.2038 | ActorGrad: 0.1240 | CriticGrad: 0.9351 | Noise: 0.0500 | Replay: 50000 | FPS: 19.44 | ETA: 35.5 min
2026-08-10 18:09:30,088 | INFO | Steps: 109056/150000 | Episodes: 213 | LastEpReward: 18.027 | RecentReward: 17.913 | ActorLoss: -4.953583 | CriticLoss: 0.037022 | Q: 4.9417 | TargetQ: 4.9387 | TDAbs: 0.1978 | ActorGrad: 0.1413 | CriticGrad: 0.8804 | Noise: 0.0500 | Replay: 50000 | FPS: 19.46 | ETA: 35.1 min
2026-08-10 18:09:52,020 | INFO | Steps: 109568/150000 | Episodes: 214 | LastEpReward: 24.109 | RecentReward: 17.735 | ActorLoss: -4.899753 | CriticLoss: 0.037597 | Q: 4.8919 | TargetQ: 4.8907 | TDAbs: 0.2003 | ActorGrad: 0.1404 | CriticGrad: 0.9096 | Noise: 0.0500 | Replay: 50000 | FPS: 19.48 | ETA: 34.6 min
2026-08-10 18:10:12,995 | INFO | Steps: 110080/150000 | Episodes: 215 | LastEpReward: 24.868 | RecentReward: 19.487 | ActorLoss: -4.863221 | CriticLoss: 0.037360 | Q: 4.8566 | TargetQ: 4.8543 | TDAbs: 0.1997 | ActorGrad: 0.1419 | CriticGrad: 0.9757 | Noise: 0.0500 | Replay: 50000 | FPS: 19.49 | ETA: 34.1 min
2026-08-10 18:10:34,124 | INFO | Steps: 110592/150000 | Episodes: 216 | LastEpReward: 25.506 | RecentReward: 20.123 | ActorLoss: -4.780561 | CriticLoss: 0.038993 | Q: 4.7752 | TargetQ: 4.7752 | TDAbs: 0.2034 | ActorGrad: 0.1691 | CriticGrad: 0.9914 | Noise: 0.0500 | Replay: 50000 | FPS: 19.51 | ETA: 33.7 min
2026-08-10 18:10:54,929 | INFO | Steps: 111104/150000 | Episodes: 217 | LastEpReward: 16.007 | RecentReward: 19.201 | ActorLoss: -4.773495 | CriticLoss: 0.037197 | Q: 4.7661 | TargetQ: 4.7654 | TDAbs: 0.2003 | ActorGrad: 0.1515 | CriticGrad: 0.8758 | Noise: 0.0500 | Replay: 50000 | FPS: 19.53 | ETA: 33.2 min
2026-08-10 18:11:16,064 | INFO | Steps: 111616/150000 | Episodes: 218 | LastEpReward: 21.837 | RecentReward: 20.093 | ActorLoss: -4.784822 | CriticLoss: 0.039000 | Q: 4.7745 | TargetQ: 4.7722 | TDAbs: 0.2028 | ActorGrad: 0.1525 | CriticGrad: 1.0253 | Noise: 0.0500 | Replay: 50000 | FPS: 19.55 | ETA: 32.7 min
2026-08-10 18:11:36,884 | INFO | Steps: 112128/150000 | Episodes: 219 | LastEpReward: 9.901 | RecentReward: 19.149 | ActorLoss: -4.709737 | CriticLoss: 0.039593 | Q: 4.7055 | TargetQ: 4.7063 | TDAbs: 0.2057 | ActorGrad: 0.1523 | CriticGrad: 0.9487 | Noise: 0.0500 | Replay: 50000 | FPS: 19.57 | ETA: 32.3 min
2026-08-10 18:11:57,341 | INFO | 开始周期评估: Steps=112640 | Episodes=220 | EvalEpisodes=5
2026-08-10 18:12:55,144 | INFO | 周期评估完成: Steps=112640 | MeanReward=23.984 | StdReward=4.600
2026-08-10 18:12:55,176 | INFO | Steps: 112640/150000 | Episodes: 220 | LastEpReward: 15.358 | RecentReward: 19.498 | ActorLoss: -4.683833 | CriticLoss: 0.037953 | Q: 4.6739 | TargetQ: 4.6741 | TDAbs: 0.2021 | ActorGrad: 0.1435 | CriticGrad: 0.8628 | Noise: 0.0500 | Replay: 50000 | FPS: 19.39 | ETA: 32.1 min
2026-08-10 18:13:16,440 | INFO | Steps: 113152/150000 | Episodes: 221 | LastEpReward: 25.885 | RecentReward: 20.315 | ActorLoss: -4.620825 | CriticLoss: 0.038782 | Q: 4.6171 | TargetQ: 4.6169 | TDAbs: 0.2036 | ActorGrad: 0.1591 | CriticGrad: 0.9535 | Noise: 0.0500 | Replay: 50000 | FPS: 19.41 | ETA: 31.6 min
2026-08-10 18:13:36,854 | INFO | Steps: 113664/150000 | Episodes: 222 | LastEpReward: 21.838 | RecentReward: 20.334 | ActorLoss: -4.584423 | CriticLoss: 0.037773 | Q: 4.5802 | TargetQ: 4.5800 | TDAbs: 0.2020 | ActorGrad: 0.1525 | CriticGrad: 0.8994 | Noise: 0.0500 | Replay: 50000 | FPS: 19.43 | ETA: 31.2 min
2026-08-10 18:13:57,764 | INFO | Steps: 114176/150000 | Episodes: 223 | LastEpReward: 26.868 | RecentReward: 21.218 | ActorLoss: -4.535169 | CriticLoss: 0.039019 | Q: 4.5297 | TargetQ: 4.5313 | TDAbs: 0.2047 | ActorGrad: 0.1550 | CriticGrad: 1.0433 | Noise: 0.0500 | Replay: 50000 | FPS: 19.45 | ETA: 30.7 min
2026-08-10 18:14:17,824 | INFO | Steps: 114688/150000 | Episodes: 224 | LastEpReward: 25.574 | RecentReward: 21.364 | ActorLoss: -4.497587 | CriticLoss: 0.037729 | Q: 4.4933 | TargetQ: 4.4942 | TDAbs: 0.2007 | ActorGrad: 0.1775 | CriticGrad: 1.0361 | Noise: 0.0500 | Replay: 50000 | FPS: 19.47 | ETA: 30.2 min
2026-08-10 18:14:37,610 | INFO | Steps: 115200/150000 | Episodes: 225 | LastEpReward: 26.946 | RecentReward: 21.572 | ActorLoss: -4.460826 | CriticLoss: 0.040541 | Q: 4.4547 | TargetQ: 4.4536 | TDAbs: 0.2083 | ActorGrad: 0.1611 | CriticGrad: 0.9772 | Noise: 0.0500 | Replay: 50000 | FPS: 19.49 | ETA: 29.8 min
2026-08-10 18:14:58,034 | INFO | Steps: 115712/150000 | Episodes: 226 | LastEpReward: 26.998 | RecentReward: 21.721 | ActorLoss: -4.419280 | CriticLoss: 0.042379 | Q: 4.4153 | TargetQ: 4.4144 | TDAbs: 0.2089 | ActorGrad: 0.1615 | CriticGrad: 1.0258 | Noise: 0.0500 | Replay: 50000 | FPS: 19.51 | ETA: 29.3 min
2026-08-10 18:15:18,005 | INFO | Steps: 116224/150000 | Episodes: 227 | LastEpReward: 20.411 | RecentReward: 22.162 | ActorLoss: -4.311385 | CriticLoss: 0.039141 | Q: 4.3068 | TargetQ: 4.3052 | TDAbs: 0.2042 | ActorGrad: 0.1638 | CriticGrad: 0.8791 | Noise: 0.0500 | Replay: 50000 | FPS: 19.53 | ETA: 28.8 min
2026-08-10 18:15:38,703 | INFO | Steps: 116736/150000 | Episodes: 228 | LastEpReward: 16.606 | RecentReward: 21.638 | ActorLoss: -4.314628 | CriticLoss: 0.038754 | Q: 4.3113 | TargetQ: 4.3099 | TDAbs: 0.2022 | ActorGrad: 0.1735 | CriticGrad: 0.8913 | Noise: 0.0500 | Replay: 50000 | FPS: 19.55 | ETA: 28.4 min
2026-08-10 18:15:58,830 | INFO | Steps: 117248/150000 | Episodes: 229 | LastEpReward: 26.378 | RecentReward: 23.286 | ActorLoss: -4.218022 | CriticLoss: 0.039505 | Q: 4.2178 | TargetQ: 4.2173 | TDAbs: 0.2040 | ActorGrad: 0.1575 | CriticGrad: 0.9447 | Noise: 0.0500 | Replay: 50000 | FPS: 19.56 | ETA: 27.9 min
2026-08-10 18:16:19,667 | INFO | 开始周期评估: Steps=117760 | Episodes=230 | EvalEpisodes=5
2026-08-10 18:17:17,156 | INFO | 周期评估完成: Steps=117760 | MeanReward=24.655 | StdReward=4.260
2026-08-10 18:17:17,172 | INFO | Steps: 117760/150000 | Episodes: 230 | LastEpReward: 23.682 | RecentReward: 24.119 | ActorLoss: -4.209108 | CriticLoss: 0.039327 | Q: 4.2055 | TargetQ: 4.2043 | TDAbs: 0.2035 | ActorGrad: 0.1769 | CriticGrad: 0.9451 | Noise: 0.0500 | Replay: 50000 | FPS: 19.40 | ETA: 27.7 min
2026-08-10 18:17:38,151 | INFO | Steps: 118272/150000 | Episodes: 231 | LastEpReward: 17.632 | RecentReward: 23.293 | ActorLoss: -4.147144 | CriticLoss: 0.039160 | Q: 4.1471 | TargetQ: 4.1451 | TDAbs: 0.2020 | ActorGrad: 0.1622 | CriticGrad: 0.9188 | Noise: 0.0500 | Replay: 50000 | FPS: 19.41 | ETA: 27.2 min
2026-08-10 18:17:59,704 | INFO | Steps: 118784/150000 | Episodes: 232 | LastEpReward: 21.978 | RecentReward: 23.307 | ActorLoss: -4.139200 | CriticLoss: 0.038549 | Q: 4.1347 | TargetQ: 4.1340 | TDAbs: 0.2005 | ActorGrad: 0.1843 | CriticGrad: 0.9031 | Noise: 0.0500 | Replay: 50000 | FPS: 19.43 | ETA: 26.8 min
2026-08-10 18:18:20,551 | INFO | Steps: 119296/150000 | Episodes: 233 | LastEpReward: 28.744 | RecentReward: 23.495 | ActorLoss: -4.114424 | CriticLoss: 0.038401 | Q: 4.1118 | TargetQ: 4.1090 | TDAbs: 0.1987 | ActorGrad: 0.1729 | CriticGrad: 0.9786 | Noise: 0.0500 | Replay: 50000 | FPS: 19.45 | ETA: 26.3 min
2026-08-10 18:18:41,167 | INFO | Steps: 119808/150000 | Episodes: 234 | LastEpReward: 13.172 | RecentReward: 22.255 | ActorLoss: -4.050202 | CriticLoss: 0.035821 | Q: 4.0501 | TargetQ: 4.0478 | TDAbs: 0.1943 | ActorGrad: 0.1630 | CriticGrad: 0.9092 | Noise: 0.0500 | Replay: 50000 | FPS: 19.46 | ETA: 25.9 min
2026-08-10 18:19:03,765 | INFO | Steps: 120320/150000 | Episodes: 235 | LastEpReward: 26.501 | RecentReward: 22.210 | ActorLoss: -3.984642 | CriticLoss: 0.035945 | Q: 3.9828 | TargetQ: 3.9816 | TDAbs: 0.1950 | ActorGrad: 0.1729 | CriticGrad: 0.8863 | Noise: 0.0500 | Replay: 50000 | FPS: 19.48 | ETA: 25.4 min
2026-08-10 18:19:25,629 | INFO | Steps: 120832/150000 | Episodes: 236 | LastEpReward: 21.047 | RecentReward: 21.615 | ActorLoss: -4.030078 | CriticLoss: 0.037855 | Q: 4.0263 | TargetQ: 4.0232 | TDAbs: 0.1992 | ActorGrad: 0.1454 | CriticGrad: 0.9203 | Noise: 0.0500 | Replay: 50000 | FPS: 19.49 | ETA: 24.9 min
2026-08-10 18:19:47,463 | INFO | Steps: 121344/150000 | Episodes: 237 | LastEpReward: 26.622 | RecentReward: 22.236 | ActorLoss: -3.974787 | CriticLoss: 0.036767 | Q: 3.9755 | TargetQ: 3.9755 | TDAbs: 0.1948 | ActorGrad: 0.1566 | CriticGrad: 0.9333 | Noise: 0.0500 | Replay: 50000 | FPS: 19.50 | ETA: 24.5 min
2026-08-10 18:20:08,441 | INFO | Steps: 121856/150000 | Episodes: 238 | LastEpReward: 15.845 | RecentReward: 22.160 | ActorLoss: -3.958271 | CriticLoss: 0.035906 | Q: 3.9562 | TargetQ: 3.9543 | TDAbs: 0.1932 | ActorGrad: 0.1731 | CriticGrad: 0.8688 | Noise: 0.0500 | Replay: 50000 | FPS: 19.52 | ETA: 24.0 min
2026-08-10 18:20:28,613 | INFO | Steps: 122368/150000 | Episodes: 239 | LastEpReward: 24.420 | RecentReward: 21.964 | ActorLoss: -3.956556 | CriticLoss: 0.038437 | Q: 3.9504 | TargetQ: 3.9490 | TDAbs: 0.1976 | ActorGrad: 0.1540 | CriticGrad: 0.8778 | Noise: 0.0500 | Replay: 50000 | FPS: 19.54 | ETA: 23.6 min
2026-08-10 18:20:48,510 | INFO | 开始周期评估: Steps=122880 | Episodes=240 | EvalEpisodes=5
2026-08-10 18:21:48,022 | INFO | 周期评估完成: Steps=122880 | MeanReward=24.975 | StdReward=4.201
2026-08-10 18:21:48,047 | INFO | Steps: 122880/150000 | Episodes: 240 | LastEpReward: 16.921 | RecentReward: 21.288 | ActorLoss: -3.990512 | CriticLoss: 0.035693 | Q: 3.9819 | TargetQ: 3.9836 | TDAbs: 0.1916 | ActorGrad: 0.1598 | CriticGrad: 0.9736 | Noise: 0.0500 | Replay: 50000 | FPS: 19.38 | ETA: 23.3 min
2026-08-10 18:22:08,192 | INFO | Steps: 123392/150000 | Episodes: 241 | LastEpReward: 20.390 | RecentReward: 21.564 | ActorLoss: -3.917607 | CriticLoss: 0.037960 | Q: 3.9131 | TargetQ: 3.9136 | TDAbs: 0.1953 | ActorGrad: 0.1549 | CriticGrad: 0.8975 | Noise: 0.0500 | Replay: 50000 | FPS: 19.39 | ETA: 22.9 min
2026-08-10 18:22:29,775 | INFO | Steps: 123904/150000 | Episodes: 242 | LastEpReward: 20.982 | RecentReward: 21.464 | ActorLoss: -3.927850 | CriticLoss: 0.035640 | Q: 3.9233 | TargetQ: 3.9223 | TDAbs: 0.1908 | ActorGrad: 0.1685 | CriticGrad: 0.9381 | Noise: 0.0500 | Replay: 50000 | FPS: 19.41 | ETA: 22.4 min
2026-08-10 18:22:51,258 | INFO | Steps: 124416/150000 | Episodes: 243 | LastEpReward: 24.670 | RecentReward: 21.057 | ActorLoss: -3.952280 | CriticLoss: 0.036898 | Q: 3.9442 | TargetQ: 3.9420 | TDAbs: 0.1934 | ActorGrad: 0.1701 | CriticGrad: 0.9066 | Noise: 0.0500 | Replay: 50000 | FPS: 19.42 | ETA: 22.0 min
2026-08-10 18:23:12,206 | INFO | Steps: 124928/150000 | Episodes: 244 | LastEpReward: 25.036 | RecentReward: 22.243 | ActorLoss: -3.956851 | CriticLoss: 0.039351 | Q: 3.9492 | TargetQ: 3.9472 | TDAbs: 0.1961 | ActorGrad: 0.1540 | CriticGrad: 0.9361 | Noise: 0.0500 | Replay: 50000 | FPS: 19.44 | ETA: 21.5 min
2026-08-10 18:23:32,639 | INFO | Steps: 125440/150000 | Episodes: 245 | LastEpReward: 15.554 | RecentReward: 21.149 | ActorLoss: -3.934773 | CriticLoss: 0.035807 | Q: 3.9298 | TargetQ: 3.9288 | TDAbs: 0.1915 | ActorGrad: 0.1596 | CriticGrad: 0.9023 | Noise: 0.0500 | Replay: 50000 | FPS: 19.46 | ETA: 21.0 min
2026-08-10 18:23:51,854 | INFO | Steps: 125952/150000 | Episodes: 246 | LastEpReward: 16.202 | RecentReward: 20.664 | ActorLoss: -3.946183 | CriticLoss: 0.037781 | Q: 3.9386 | TargetQ: 3.9394 | TDAbs: 0.1923 | ActorGrad: 0.1647 | CriticGrad: 0.9337 | Noise: 0.0500 | Replay: 50000 | FPS: 19.48 | ETA: 20.6 min
2026-08-10 18:24:12,028 | INFO | Steps: 126464/150000 | Episodes: 247 | LastEpReward: 20.153 | RecentReward: 20.017 | ActorLoss: -3.947346 | CriticLoss: 0.036293 | Q: 3.9378 | TargetQ: 3.9369 | TDAbs: 0.1884 | ActorGrad: 0.1687 | CriticGrad: 0.8672 | Noise: 0.0500 | Replay: 50000 | FPS: 19.50 | ETA: 20.1 min
2026-08-10 18:24:33,652 | INFO | Steps: 126976/150000 | Episodes: 248 | LastEpReward: 30.587 | RecentReward: 21.491 | ActorLoss: -3.942008 | CriticLoss: 0.038142 | Q: 3.9357 | TargetQ: 3.9350 | TDAbs: 0.1938 | ActorGrad: 0.1839 | CriticGrad: 0.9323 | Noise: 0.0500 | Replay: 50000 | FPS: 19.51 | ETA: 19.7 min
2026-08-10 18:24:54,620 | INFO | Steps: 127488/150000 | Episodes: 249 | LastEpReward: 23.398 | RecentReward: 21.389 | ActorLoss: -4.004410 | CriticLoss: 0.035323 | Q: 3.9949 | TargetQ: 3.9979 | TDAbs: 0.1887 | ActorGrad: 0.1616 | CriticGrad: 0.9762 | Noise: 0.0500 | Replay: 50000 | FPS: 19.53 | ETA: 19.2 min
2026-08-10 18:25:16,501 | INFO | 开始周期评估: Steps=128000 | Episodes=250 | EvalEpisodes=5
2026-08-10 18:26:15,139 | INFO | 周期评估完成: Steps=128000 | MeanReward=25.199 | StdReward=3.777
2026-08-10 18:26:15,162 | INFO | Steps: 128000/150000 | Episodes: 250 | LastEpReward: 26.065 | RecentReward: 22.304 | ActorLoss: -4.032900 | CriticLoss: 0.035536 | Q: 4.0234 | TargetQ: 4.0216 | TDAbs: 0.1894 | ActorGrad: 0.1549 | CriticGrad: 1.0763 | Noise: 0.0500 | Replay: 50000 | FPS: 19.37 | ETA: 18.9 min
2026-08-10 18:26:35,387 | INFO | Steps: 128512/150000 | Episodes: 251 | LastEpReward: 13.451 | RecentReward: 21.610 | ActorLoss: -4.010007 | CriticLoss: 0.037832 | Q: 3.9988 | TargetQ: 3.9960 | TDAbs: 0.1916 | ActorGrad: 0.1513 | CriticGrad: 1.0195 | Noise: 0.0500 | Replay: 50000 | FPS: 19.39 | ETA: 18.5 min
2026-08-10 18:26:57,357 | INFO | Steps: 129024/150000 | Episodes: 252 | LastEpReward: 14.350 | RecentReward: 20.947 | ActorLoss: -3.950272 | CriticLoss: 0.036500 | Q: 3.9424 | TargetQ: 3.9413 | TDAbs: 0.1886 | ActorGrad: 0.1760 | CriticGrad: 1.0909 | Noise: 0.0500 | Replay: 50000 | FPS: 19.40 | ETA: 18.0 min
2026-08-10 18:27:17,474 | INFO | Steps: 129536/150000 | Episodes: 253 | LastEpReward: 13.637 | RecentReward: 19.843 | ActorLoss: -3.921882 | CriticLoss: 0.037292 | Q: 3.9183 | TargetQ: 3.9182 | TDAbs: 0.1894 | ActorGrad: 0.1822 | CriticGrad: 1.0288 | Noise: 0.0500 | Replay: 50000 | FPS: 19.42 | ETA: 17.6 min
2026-08-10 18:27:39,174 | INFO | Steps: 130048/150000 | Episodes: 254 | LastEpReward: 32.882 | RecentReward: 20.628 | ActorLoss: -3.969099 | CriticLoss: 0.037972 | Q: 3.9632 | TargetQ: 3.9644 | TDAbs: 0.1881 | ActorGrad: 0.1436 | CriticGrad: 0.9872 | Noise: 0.0500 | Replay: 50000 | FPS: 19.43 | ETA: 17.1 min
2026-08-10 18:27:59,923 | INFO | Steps: 130560/150000 | Episodes: 255 | LastEpReward: 20.573 | RecentReward: 21.130 | ActorLoss: -3.929440 | CriticLoss: 0.033764 | Q: 3.9257 | TargetQ: 3.9258 | TDAbs: 0.1814 | ActorGrad: 0.0852 | CriticGrad: 0.9445 | Noise: 0.0500 | Replay: 50000 | FPS: 19.45 | ETA: 16.7 min
2026-08-10 18:28:21,300 | INFO | Steps: 131072/150000 | Episodes: 256 | LastEpReward: 29.467 | RecentReward: 22.456 | ActorLoss: -3.900687 | CriticLoss: 0.036503 | Q: 3.8964 | TargetQ: 3.8957 | TDAbs: 0.1867 | ActorGrad: 0.1142 | CriticGrad: 1.0134 | Noise: 0.0500 | Replay: 50000 | FPS: 19.46 | ETA: 16.2 min
2026-08-10 18:28:44,042 | INFO | Steps: 131584/150000 | Episodes: 257 | LastEpReward: 29.396 | RecentReward: 23.381 | ActorLoss: -4.013111 | CriticLoss: 0.038182 | Q: 4.0071 | TargetQ: 4.0061 | TDAbs: 0.1846 | ActorGrad: 0.0679 | CriticGrad: 1.0262 | Noise: 0.0500 | Replay: 50000 | FPS: 19.47 | ETA: 15.8 min
2026-08-10 18:29:05,709 | INFO | Steps: 132096/150000 | Episodes: 258 | LastEpReward: 28.252 | RecentReward: 23.147 | ActorLoss: -3.972622 | CriticLoss: 0.035650 | Q: 3.9662 | TargetQ: 3.9692 | TDAbs: 0.1792 | ActorGrad: 0.0642 | CriticGrad: 0.9606 | Noise: 0.0500 | Replay: 50000 | FPS: 19.48 | ETA: 15.3 min
2026-08-10 18:29:26,185 | INFO | Steps: 132608/150000 | Episodes: 259 | LastEpReward: 27.518 | RecentReward: 23.559 | ActorLoss: -3.992063 | CriticLoss: 0.036371 | Q: 3.9850 | TargetQ: 3.9886 | TDAbs: 0.1804 | ActorGrad: 0.0739 | CriticGrad: 1.0152 | Noise: 0.0500 | Replay: 50000 | FPS: 19.50 | ETA: 14.9 min
2026-08-10 18:29:47,611 | INFO | 开始周期评估: Steps=133120 | Episodes=260 | EvalEpisodes=5
2026-08-10 18:30:47,476 | INFO | 周期评估完成: Steps=133120 | MeanReward=30.361 | StdReward=5.672
2026-08-10 18:30:47,500 | INFO | Steps: 133120/150000 | Episodes: 260 | LastEpReward: 37.707 | RecentReward: 24.723 | ActorLoss: -3.974170 | CriticLoss: 0.041475 | Q: 3.9690 | TargetQ: 3.9709 | TDAbs: 0.1834 | ActorGrad: 0.0544 | CriticGrad: 0.9430 | Noise: 0.0500 | Replay: 50000 | FPS: 19.34 | ETA: 14.5 min
2026-08-10 18:31:08,801 | INFO | Steps: 133632/150000 | Episodes: 261 | LastEpReward: 16.729 | RecentReward: 25.051 | ActorLoss: -3.954130 | CriticLoss: 0.032329 | Q: 3.9495 | TargetQ: 3.9484 | TDAbs: 0.1730 | ActorGrad: 0.0542 | CriticGrad: 0.9074 | Noise: 0.0500 | Replay: 50000 | FPS: 19.36 | ETA: 14.1 min
2026-08-10 18:31:29,541 | INFO | Steps: 134144/150000 | Episodes: 262 | LastEpReward: 24.263 | RecentReward: 26.042 | ActorLoss: -3.975217 | CriticLoss: 0.032300 | Q: 3.9696 | TargetQ: 3.9735 | TDAbs: 0.1732 | ActorGrad: 0.0635 | CriticGrad: 0.9424 | Noise: 0.0500 | Replay: 50000 | FPS: 19.38 | ETA: 13.6 min
2026-08-10 18:31:51,293 | INFO | Steps: 134656/150000 | Episodes: 263 | LastEpReward: 31.251 | RecentReward: 27.804 | ActorLoss: -3.950051 | CriticLoss: 0.032956 | Q: 3.9433 | TargetQ: 3.9404 | TDAbs: 0.1724 | ActorGrad: 0.0641 | CriticGrad: 0.9754 | Noise: 0.0500 | Replay: 50000 | FPS: 19.39 | ETA: 13.2 min
2026-08-10 18:32:12,245 | INFO | Steps: 135168/150000 | Episodes: 264 | LastEpReward: 18.703 | RecentReward: 26.386 | ActorLoss: -3.928531 | CriticLoss: 0.034864 | Q: 3.9243 | TargetQ: 3.9204 | TDAbs: 0.1738 | ActorGrad: 0.0578 | CriticGrad: 0.9692 | Noise: 0.0500 | Replay: 50000 | FPS: 19.40 | ETA: 12.7 min
2026-08-10 18:32:32,395 | INFO | Steps: 135680/150000 | Episodes: 265 | LastEpReward: 24.621 | RecentReward: 26.791 | ActorLoss: -3.978370 | CriticLoss: 0.036872 | Q: 3.9726 | TargetQ: 3.9731 | TDAbs: 0.1752 | ActorGrad: 0.0633 | CriticGrad: 1.0306 | Noise: 0.0500 | Replay: 50000 | FPS: 19.42 | ETA: 12.3 min
2026-08-10 18:32:53,092 | INFO | Steps: 136192/150000 | Episodes: 266 | LastEpReward: 34.690 | RecentReward: 27.313 | ActorLoss: -3.948763 | CriticLoss: 0.030955 | Q: 3.9436 | TargetQ: 3.9421 | TDAbs: 0.1675 | ActorGrad: 0.0608 | CriticGrad: 0.8744 | Noise: 0.0500 | Replay: 50000 | FPS: 19.44 | ETA: 11.8 min
2026-08-10 18:33:13,985 | INFO | Steps: 136704/150000 | Episodes: 267 | LastEpReward: 20.404 | RecentReward: 26.414 | ActorLoss: -3.940184 | CriticLoss: 0.031720 | Q: 3.9350 | TargetQ: 3.9313 | TDAbs: 0.1662 | ActorGrad: 0.0535 | CriticGrad: 0.8816 | Noise: 0.0500 | Replay: 50000 | FPS: 19.45 | ETA: 11.4 min
2026-08-10 18:33:34,928 | INFO | Steps: 137216/150000 | Episodes: 268 | LastEpReward: 24.196 | RecentReward: 26.008 | ActorLoss: -3.840641 | CriticLoss: 0.025060 | Q: 3.8362 | TargetQ: 3.8373 | TDAbs: 0.1582 | ActorGrad: 0.0596 | CriticGrad: 0.7768 | Noise: 0.0500 | Replay: 50000 | FPS: 19.47 | ETA: 10.9 min
2026-08-10 18:33:55,358 | INFO | Steps: 137728/150000 | Episodes: 269 | LastEpReward: 24.230 | RecentReward: 25.679 | ActorLoss: -3.921337 | CriticLoss: 0.026365 | Q: 3.9176 | TargetQ: 3.9167 | TDAbs: 0.1614 | ActorGrad: 0.0527 | CriticGrad: 0.8642 | Noise: 0.0500 | Replay: 50000 | FPS: 19.48 | ETA: 10.5 min
2026-08-10 18:34:15,161 | INFO | 开始周期评估: Steps=138240 | Episodes=270 | EvalEpisodes=5
2026-08-10 18:35:14,890 | INFO | 周期评估完成: Steps=138240 | MeanReward=30.247 | StdReward=5.525
2026-08-10 18:35:14,914 | INFO | Steps: 138240/150000 | Episodes: 270 | LastEpReward: 35.152 | RecentReward: 25.424 | ActorLoss: -3.945361 | CriticLoss: 0.025499 | Q: 3.9415 | TargetQ: 3.9423 | TDAbs: 0.1562 | ActorGrad: 0.0512 | CriticGrad: 0.7727 | Noise: 0.0500 | Replay: 50000 | FPS: 19.34 | ETA: 10.1 min
2026-08-10 18:35:35,714 | INFO | Steps: 138752/150000 | Episodes: 271 | LastEpReward: 28.030 | RecentReward: 26.554 | ActorLoss: -3.962935 | CriticLoss: 0.022525 | Q: 3.9580 | TargetQ: 3.9589 | TDAbs: 0.1526 | ActorGrad: 0.0594 | CriticGrad: 0.8033 | Noise: 0.0500 | Replay: 50000 | FPS: 19.35 | ETA: 9.7 min
2026-08-10 18:35:56,246 | INFO | Steps: 139264/150000 | Episodes: 272 | LastEpReward: 22.392 | RecentReward: 26.367 | ActorLoss: -3.946388 | CriticLoss: 0.021270 | Q: 3.9412 | TargetQ: 3.9417 | TDAbs: 0.1498 | ActorGrad: 0.0548 | CriticGrad: 0.6620 | Noise: 0.0500 | Replay: 50000 | FPS: 19.37 | ETA: 9.2 min
2026-08-10 18:36:17,492 | INFO | Steps: 139776/150000 | Episodes: 273 | LastEpReward: 28.591 | RecentReward: 26.101 | ActorLoss: -3.971908 | CriticLoss: 0.024082 | Q: 3.9657 | TargetQ: 3.9666 | TDAbs: 0.1521 | ActorGrad: 0.0565 | CriticGrad: 0.7608 | Noise: 0.0500 | Replay: 50000 | FPS: 19.38 | ETA: 8.8 min
2026-08-10 18:36:37,690 | INFO | Steps: 140288/150000 | Episodes: 274 | LastEpReward: 20.714 | RecentReward: 26.302 | ActorLoss: -3.967973 | CriticLoss: 0.021202 | Q: 3.9624 | TargetQ: 3.9617 | TDAbs: 0.1465 | ActorGrad: 0.0582 | CriticGrad: 0.7272 | Noise: 0.0500 | Replay: 50000 | FPS: 19.40 | ETA: 8.3 min
2026-08-10 18:36:58,380 | INFO | Steps: 140800/150000 | Episodes: 275 | LastEpReward: 30.953 | RecentReward: 26.935 | ActorLoss: -3.899920 | CriticLoss: 0.021935 | Q: 3.8951 | TargetQ: 3.8949 | TDAbs: 0.1470 | ActorGrad: 0.0416 | CriticGrad: 0.6799 | Noise: 0.0500 | Replay: 50000 | FPS: 19.41 | ETA: 7.9 min
2026-08-10 18:37:20,468 | INFO | Steps: 141312/150000 | Episodes: 276 | LastEpReward: 27.479 | RecentReward: 26.214 | ActorLoss: -3.913156 | CriticLoss: 0.021446 | Q: 3.9079 | TargetQ: 3.9097 | TDAbs: 0.1458 | ActorGrad: 0.0507 | CriticGrad: 0.7519 | Noise: 0.0500 | Replay: 50000 | FPS: 19.43 | ETA: 7.5 min
2026-08-10 18:37:42,443 | INFO | Steps: 141824/150000 | Episodes: 277 | LastEpReward: 17.429 | RecentReward: 25.916 | ActorLoss: -3.885100 | CriticLoss: 0.021594 | Q: 3.8795 | TargetQ: 3.8774 | TDAbs: 0.1471 | ActorGrad: 0.0479 | CriticGrad: 0.7296 | Noise: 0.0500 | Replay: 50000 | FPS: 19.44 | ETA: 7.0 min
2026-08-10 18:38:03,338 | INFO | Steps: 142336/150000 | Episodes: 278 | LastEpReward: 16.204 | RecentReward: 25.117 | ActorLoss: -3.820731 | CriticLoss: 0.019170 | Q: 3.8154 | TargetQ: 3.8155 | TDAbs: 0.1388 | ActorGrad: 0.0372 | CriticGrad: 0.6259 | Noise: 0.0500 | Replay: 50000 | FPS: 19.45 | ETA: 6.6 min
2026-08-10 18:38:23,030 | INFO | Steps: 142848/150000 | Episodes: 279 | LastEpReward: 12.082 | RecentReward: 23.902 | ActorLoss: -3.835961 | CriticLoss: 0.018105 | Q: 3.8316 | TargetQ: 3.8306 | TDAbs: 0.1378 | ActorGrad: 0.0349 | CriticGrad: 0.5707 | Noise: 0.0500 | Replay: 50000 | FPS: 19.47 | ETA: 6.1 min
2026-08-10 18:38:45,210 | INFO | 开始周期评估: Steps=143360 | Episodes=280 | EvalEpisodes=5
2026-08-10 18:39:42,363 | INFO | 周期评估完成: Steps=143360 | MeanReward=29.847 | StdReward=5.708
2026-08-10 18:39:42,383 | INFO | Steps: 143360/150000 | Episodes: 280 | LastEpReward: 18.825 | RecentReward: 22.270 | ActorLoss: -3.818681 | CriticLoss: 0.015956 | Q: 3.8141 | TargetQ: 3.8137 | TDAbs: 0.1303 | ActorGrad: 0.0233 | CriticGrad: 0.5325 | Noise: 0.0500 | Replay: 50000 | FPS: 19.33 | ETA: 5.7 min
2026-08-10 18:40:03,060 | INFO | Steps: 143872/150000 | Episodes: 281 | LastEpReward: 35.960 | RecentReward: 23.063 | ActorLoss: -3.817149 | CriticLoss: 0.017481 | Q: 3.8134 | TargetQ: 3.8122 | TDAbs: 0.1339 | ActorGrad: 0.0199 | CriticGrad: 0.5534 | Noise: 0.0500 | Replay: 50000 | FPS: 19.35 | ETA: 5.3 min
2026-08-10 18:40:24,522 | INFO | Steps: 144384/150000 | Episodes: 282 | LastEpReward: 28.789 | RecentReward: 23.702 | ActorLoss: -3.777764 | CriticLoss: 0.015447 | Q: 3.7742 | TargetQ: 3.7743 | TDAbs: 0.1317 | ActorGrad: 0.0158 | CriticGrad: 0.4966 | Noise: 0.0500 | Replay: 50000 | FPS: 19.36 | ETA: 4.8 min
2026-08-10 18:40:44,637 | INFO | Steps: 144896/150000 | Episodes: 283 | LastEpReward: 21.253 | RecentReward: 22.969 | ActorLoss: -3.779273 | CriticLoss: 0.016652 | Q: 3.7755 | TargetQ: 3.7736 | TDAbs: 0.1305 | ActorGrad: 0.0246 | CriticGrad: 0.4652 | Noise: 0.0500 | Replay: 50000 | FPS: 19.37 | ETA: 4.4 min
2026-08-10 18:41:05,794 | INFO | Steps: 145408/150000 | Episodes: 284 | LastEpReward: 28.323 | RecentReward: 23.730 | ActorLoss: -3.769144 | CriticLoss: 0.015304 | Q: 3.7651 | TargetQ: 3.7646 | TDAbs: 0.1293 | ActorGrad: 0.0186 | CriticGrad: 0.4772 | Noise: 0.0500 | Replay: 50000 | FPS: 19.39 | ETA: 3.9 min
2026-08-10 18:41:25,626 | INFO | Steps: 145920/150000 | Episodes: 285 | LastEpReward: 16.040 | RecentReward: 22.238 | ActorLoss: -3.748934 | CriticLoss: 0.015512 | Q: 3.7452 | TargetQ: 3.7457 | TDAbs: 0.1284 | ActorGrad: 0.0165 | CriticGrad: 0.5442 | Noise: 0.0500 | Replay: 50000 | FPS: 19.41 | ETA: 3.5 min
2026-08-10 18:41:46,088 | INFO | Steps: 146432/150000 | Episodes: 286 | LastEpReward: 31.204 | RecentReward: 22.611 | ActorLoss: -3.833131 | CriticLoss: 0.015006 | Q: 3.8290 | TargetQ: 3.8284 | TDAbs: 0.1267 | ActorGrad: 0.0208 | CriticGrad: 0.4550 | Noise: 0.0500 | Replay: 50000 | FPS: 19.42 | ETA: 3.1 min
2026-08-10 18:42:07,342 | INFO | Steps: 146944/150000 | Episodes: 287 | LastEpReward: 27.684 | RecentReward: 23.636 | ActorLoss: -3.838032 | CriticLoss: 0.015507 | Q: 3.8340 | TargetQ: 3.8336 | TDAbs: 0.1290 | ActorGrad: 0.0259 | CriticGrad: 0.5037 | Noise: 0.0500 | Replay: 50000 | FPS: 19.43 | ETA: 2.6 min
2026-08-10 18:42:28,066 | INFO | Steps: 147456/150000 | Episodes: 288 | LastEpReward: 16.732 | RecentReward: 23.689 | ActorLoss: -3.785715 | CriticLoss: 0.014498 | Q: 3.7815 | TargetQ: 3.7813 | TDAbs: 0.1250 | ActorGrad: 0.0165 | CriticGrad: 0.4551 | Noise: 0.0500 | Replay: 50000 | FPS: 19.45 | ETA: 2.2 min
2026-08-10 18:42:47,492 | INFO | Steps: 147968/150000 | Episodes: 289 | LastEpReward: 27.034 | RecentReward: 25.184 | ActorLoss: -3.842374 | CriticLoss: 0.014893 | Q: 3.8386 | TargetQ: 3.8372 | TDAbs: 0.1259 | ActorGrad: 0.0200 | CriticGrad: 0.5046 | Noise: 0.0500 | Replay: 50000 | FPS: 19.47 | ETA: 1.7 min
2026-08-10 18:43:08,164 | INFO | 开始周期评估: Steps=148480 | Episodes=290 | EvalEpisodes=5
2026-08-10 18:44:05,610 | INFO | 周期评估完成: Steps=148480 | MeanReward=29.733 | StdReward=5.511
2026-08-10 18:44:05,635 | INFO | Steps: 148480/150000 | Episodes: 290 | LastEpReward: 25.693 | RecentReward: 25.871 | ActorLoss: -3.830714 | CriticLoss: 0.015834 | Q: 3.8270 | TargetQ: 3.8255 | TDAbs: 0.1272 | ActorGrad: 0.0182 | CriticGrad: 0.4891 | Noise: 0.0500 | Replay: 50000 | FPS: 19.33 | ETA: 1.3 min
2026-08-10 18:44:26,682 | INFO | Steps: 148992/150000 | Episodes: 291 | LastEpReward: 24.769 | RecentReward: 24.752 | ActorLoss: -3.888173 | CriticLoss: 0.013122 | Q: 3.8846 | TargetQ: 3.8841 | TDAbs: 0.1207 | ActorGrad: 0.0194 | CriticGrad: 0.4057 | Noise: 0.0500 | Replay: 50000 | FPS: 19.35 | ETA: 0.9 min
2026-08-10 18:44:46,821 | INFO | Steps: 149504/150000 | Episodes: 292 | LastEpReward: 21.761 | RecentReward: 24.049 | ActorLoss: -3.867482 | CriticLoss: 0.014235 | Q: 3.8642 | TargetQ: 3.8625 | TDAbs: 0.1250 | ActorGrad: 0.0215 | CriticGrad: 0.5073 | Noise: 0.0500 | Replay: 50000 | FPS: 19.36 | ETA: 0.4 min
2026-08-10 18:45:06,442 | INFO | Steps: 150000/150000 | Episodes: 292 | LastEpReward: 21.761 | RecentReward: 24.049 | ActorLoss: -3.901073 | CriticLoss: 0.015350 | Q: 3.8973 | TargetQ: 3.8966 | TDAbs: 0.1255 | ActorGrad: 0.0180 | CriticGrad: 0.4999 | Noise: 0.0500 | Replay: 50000 | FPS: 19.38 | ETA: 0.0 min
2026-08-10 18:47:04,701 | INFO | MADDPG 训练与评估完成，最佳权重: /home/pjpjq/LEO_switch/results/baseline_compare/multiuser_scaling_multiuser_single_seed_150k_20260804/u30/learned_baselines/maddpg/maddpg_model.pt
