2026-09-17 09:26:25,302 | INFO | ============================================================
2026-09-17 09:26:25,302 | INFO | 开始训练纯 PDQN 基线
2026-09-17 09:26:25,302 | INFO | 总步数: 150000 | warmup: 1000 | batch: 128 | 日志间隔: 512 steps | 保存间隔: 50000 steps | device: cuda
2026-09-17 09:26:25,302 | INFO | ============================================================
2026-09-17 09:26:29,887 | INFO | Steps: 512/150000 | Episodes: 1 | CurrentEpReward: 0.000 | RecentReward: -22.086 | QLoss: 0.000000 | ParamLoss: 0.000000 | Epsilon: 1.0000 | Replay: 512
2026-09-17 09:26:34,955 | INFO | Steps: 1024/150000 | Episodes: 2 | CurrentEpReward: 0.000 | RecentReward: -24.562 | QLoss: 0.187135 | ParamLoss: 0.005213 | Epsilon: 0.9993 | Replay: 1024
2026-09-17 09:26:46,647 | INFO | Steps: 1536/150000 | Episodes: 3 | CurrentEpReward: 0.000 | RecentReward: -21.422 | QLoss: 0.172307 | ParamLoss: -0.001644 | Epsilon: 0.9860 | Replay: 1536
2026-09-17 09:26:57,775 | INFO | Steps: 2048/150000 | Episodes: 4 | CurrentEpReward: 0.000 | RecentReward: -20.096 | QLoss: 0.183605 | ParamLoss: -0.005286 | Epsilon: 0.9726 | Replay: 2048
2026-09-17 09:27:09,513 | INFO | Steps: 2560/150000 | Episodes: 5 | CurrentEpReward: 0.000 | RecentReward: -18.579 | QLoss: 0.183054 | ParamLoss: -0.011607 | Epsilon: 0.9592 | Replay: 2560
2026-09-17 09:27:21,144 | INFO | Steps: 3072/150000 | Episodes: 6 | CurrentEpReward: 0.000 | RecentReward: -18.480 | QLoss: 0.184225 | ParamLoss: -0.016522 | Epsilon: 0.9458 | Replay: 3072
2026-09-17 09:27:32,413 | INFO | Steps: 3584/150000 | Episodes: 7 | CurrentEpReward: 0.000 | RecentReward: -18.685 | QLoss: 0.185551 | ParamLoss: -0.023328 | Epsilon: 0.9324 | Replay: 3584
2026-09-17 09:27:43,786 | INFO | Steps: 4096/150000 | Episodes: 8 | CurrentEpReward: 0.000 | RecentReward: -18.869 | QLoss: 0.187934 | ParamLoss: -0.026728 | Epsilon: 0.9191 | Replay: 4096
2026-09-17 09:27:55,062 | INFO | Steps: 4608/150000 | Episodes: 9 | CurrentEpReward: 0.000 | RecentReward: -19.679 | QLoss: 0.194544 | ParamLoss: -0.029141 | Epsilon: 0.9057 | Replay: 4608
2026-09-17 09:28:06,523 | INFO | Steps: 5120/150000 | Episodes: 10 | CurrentEpReward: 0.000 | RecentReward: -18.670 | QLoss: 0.194124 | ParamLoss: -0.031630 | Epsilon: 0.8923 | Replay: 5120
2026-09-17 09:28:17,948 | INFO | Steps: 5632/150000 | Episodes: 11 | CurrentEpReward: 0.000 | RecentReward: -17.936 | QLoss: 0.193717 | ParamLoss: -0.037409 | Epsilon: 0.8789 | Replay: 5632
2026-09-17 09:28:29,259 | INFO | Steps: 6144/150000 | Episodes: 12 | CurrentEpReward: 0.000 | RecentReward: -16.723 | QLoss: 0.199150 | ParamLoss: -0.040281 | Epsilon: 0.8655 | Replay: 6144
2026-09-17 09:28:40,550 | INFO | Steps: 6656/150000 | Episodes: 13 | CurrentEpReward: 0.000 | RecentReward: -16.251 | QLoss: 0.193287 | ParamLoss: -0.044883 | Epsilon: 0.8522 | Replay: 6656
2026-09-17 09:28:52,081 | INFO | Steps: 7168/150000 | Episodes: 14 | CurrentEpReward: 0.000 | RecentReward: -16.183 | QLoss: 0.197457 | ParamLoss: -0.051290 | Epsilon: 0.8388 | Replay: 7168
2026-09-17 09:29:03,754 | INFO | Steps: 7680/150000 | Episodes: 15 | CurrentEpReward: 0.000 | RecentReward: -14.862 | QLoss: 0.202694 | ParamLoss: -0.056345 | Epsilon: 0.8254 | Replay: 7680
2026-09-17 09:29:15,091 | INFO | Steps: 8192/150000 | Episodes: 16 | CurrentEpReward: 0.000 | RecentReward: -13.924 | QLoss: 0.203085 | ParamLoss: -0.064081 | Epsilon: 0.8120 | Replay: 8192
2026-09-17 09:29:26,459 | INFO | Steps: 8704/150000 | Episodes: 17 | CurrentEpReward: 0.000 | RecentReward: -12.988 | QLoss: 0.203623 | ParamLoss: -0.067983 | Epsilon: 0.7986 | Replay: 8704
2026-09-17 09:29:37,815 | INFO | Steps: 9216/150000 | Episodes: 18 | CurrentEpReward: 0.000 | RecentReward: -11.759 | QLoss: 0.205181 | ParamLoss: -0.073790 | Epsilon: 0.7853 | Replay: 9216
2026-09-17 09:29:49,284 | INFO | Steps: 9728/150000 | Episodes: 19 | CurrentEpReward: 0.000 | RecentReward: -10.427 | QLoss: 0.206276 | ParamLoss: -0.081982 | Epsilon: 0.7719 | Replay: 9728
2026-09-17 09:30:00,799 | INFO | Steps: 10240/150000 | Episodes: 20 | CurrentEpReward: 0.000 | RecentReward: -9.985 | QLoss: 0.206479 | ParamLoss: -0.088487 | Epsilon: 0.7585 | Replay: 10240
2026-09-17 09:30:12,210 | INFO | Steps: 10752/150000 | Episodes: 21 | CurrentEpReward: 0.000 | RecentReward: -9.702 | QLoss: 0.208405 | ParamLoss: -0.093938 | Epsilon: 0.7451 | Replay: 10752
2026-09-17 09:30:23,611 | INFO | Steps: 11264/150000 | Episodes: 22 | CurrentEpReward: 0.000 | RecentReward: -9.105 | QLoss: 0.210939 | ParamLoss: -0.100327 | Epsilon: 0.7317 | Replay: 11264
2026-09-17 09:30:35,202 | INFO | Steps: 11776/150000 | Episodes: 23 | CurrentEpReward: 0.000 | RecentReward: -8.903 | QLoss: 0.213357 | ParamLoss: -0.105841 | Epsilon: 0.7184 | Replay: 11776
2026-09-17 09:30:46,650 | INFO | Steps: 12288/150000 | Episodes: 24 | CurrentEpReward: 0.000 | RecentReward: -8.430 | QLoss: 0.213984 | ParamLoss: -0.112007 | Epsilon: 0.7050 | Replay: 12288
2026-09-17 09:30:58,160 | INFO | Steps: 12800/150000 | Episodes: 25 | CurrentEpReward: 0.000 | RecentReward: -9.351 | QLoss: 0.213996 | ParamLoss: -0.112011 | Epsilon: 0.6916 | Replay: 12800
2026-09-17 09:31:09,530 | INFO | Steps: 13312/150000 | Episodes: 26 | CurrentEpReward: 0.000 | RecentReward: -9.380 | QLoss: 0.214937 | ParamLoss: -0.120034 | Epsilon: 0.6782 | Replay: 13312
2026-09-17 09:31:20,890 | INFO | Steps: 13824/150000 | Episodes: 27 | CurrentEpReward: 0.000 | RecentReward: -8.402 | QLoss: 0.227193 | ParamLoss: -0.123231 | Epsilon: 0.6648 | Replay: 13824
2026-09-17 09:31:32,340 | INFO | Steps: 14336/150000 | Episodes: 28 | CurrentEpReward: 0.000 | RecentReward: -8.412 | QLoss: 0.225496 | ParamLoss: -0.124062 | Epsilon: 0.6515 | Replay: 14336
2026-09-17 09:31:43,792 | INFO | Steps: 14848/150000 | Episodes: 29 | CurrentEpReward: 0.000 | RecentReward: -7.525 | QLoss: 0.223718 | ParamLoss: -0.127061 | Epsilon: 0.6381 | Replay: 14848
2026-09-17 09:31:55,344 | INFO | Steps: 15360/150000 | Episodes: 30 | CurrentEpReward: 0.000 | RecentReward: -6.976 | QLoss: 0.226218 | ParamLoss: -0.133133 | Epsilon: 0.6247 | Replay: 15360
2026-09-17 09:32:07,093 | INFO | Steps: 15872/150000 | Episodes: 31 | CurrentEpReward: 0.000 | RecentReward: -5.666 | QLoss: 0.223552 | ParamLoss: -0.136362 | Epsilon: 0.6113 | Replay: 15872
2026-09-17 09:32:18,600 | INFO | Steps: 16384/150000 | Episodes: 32 | CurrentEpReward: 0.000 | RecentReward: -4.878 | QLoss: 0.233037 | ParamLoss: -0.146298 | Epsilon: 0.5979 | Replay: 16384
2026-09-17 09:32:30,019 | INFO | Steps: 16896/150000 | Episodes: 33 | CurrentEpReward: 0.000 | RecentReward: -4.311 | QLoss: 0.236287 | ParamLoss: -0.148564 | Epsilon: 0.5846 | Replay: 16896
2026-09-17 09:32:41,435 | INFO | Steps: 17408/150000 | Episodes: 34 | CurrentEpReward: 0.000 | RecentReward: -3.071 | QLoss: 0.232735 | ParamLoss: -0.153170 | Epsilon: 0.5712 | Replay: 17408
2026-09-17 09:32:53,010 | INFO | Steps: 17920/150000 | Episodes: 35 | CurrentEpReward: 0.000 | RecentReward: -1.719 | QLoss: 0.232258 | ParamLoss: -0.156465 | Epsilon: 0.5578 | Replay: 17920
2026-09-17 09:33:04,560 | INFO | Steps: 18432/150000 | Episodes: 36 | CurrentEpReward: 0.000 | RecentReward: -0.831 | QLoss: 0.238591 | ParamLoss: -0.163131 | Epsilon: 0.5444 | Replay: 18432
2026-09-17 09:33:15,987 | INFO | Steps: 18944/150000 | Episodes: 37 | CurrentEpReward: 0.000 | RecentReward: -0.580 | QLoss: 0.240040 | ParamLoss: -0.172110 | Epsilon: 0.5310 | Replay: 18944
2026-09-17 09:33:27,596 | INFO | Steps: 19456/150000 | Episodes: 38 | CurrentEpReward: 0.000 | RecentReward: 1.230 | QLoss: 0.246924 | ParamLoss: -0.183404 | Epsilon: 0.5177 | Replay: 19456
2026-09-17 09:33:39,066 | INFO | Steps: 19968/150000 | Episodes: 39 | CurrentEpReward: 0.000 | RecentReward: 2.498 | QLoss: 0.248066 | ParamLoss: -0.189327 | Epsilon: 0.5043 | Replay: 19968
2026-09-17 09:33:50,817 | INFO | Steps: 20480/150000 | Episodes: 40 | CurrentEpReward: 0.000 | RecentReward: 3.648 | QLoss: 0.252033 | ParamLoss: -0.199218 | Epsilon: 0.4909 | Replay: 20480
2026-09-17 09:34:02,184 | INFO | Steps: 20992/150000 | Episodes: 41 | CurrentEpReward: 0.000 | RecentReward: 4.424 | QLoss: 0.244563 | ParamLoss: -0.201955 | Epsilon: 0.4775 | Replay: 20992
2026-09-17 09:34:13,613 | INFO | Steps: 21504/150000 | Episodes: 42 | CurrentEpReward: 0.000 | RecentReward: 4.940 | QLoss: 0.257649 | ParamLoss: -0.209528 | Epsilon: 0.4641 | Replay: 21504
2026-09-17 09:34:25,018 | INFO | Steps: 22016/150000 | Episodes: 43 | CurrentEpReward: 0.000 | RecentReward: 5.167 | QLoss: 0.259710 | ParamLoss: -0.214239 | Epsilon: 0.4508 | Replay: 22016
2026-09-17 09:34:36,450 | INFO | Steps: 22528/150000 | Episodes: 44 | CurrentEpReward: 0.000 | RecentReward: 5.971 | QLoss: 0.263191 | ParamLoss: -0.224666 | Epsilon: 0.4374 | Replay: 22528
2026-09-17 09:34:48,228 | INFO | Steps: 23040/150000 | Episodes: 45 | CurrentEpReward: 0.000 | RecentReward: 7.333 | QLoss: 0.257283 | ParamLoss: -0.231411 | Epsilon: 0.4240 | Replay: 23040
2026-09-17 09:34:59,696 | INFO | Steps: 23552/150000 | Episodes: 46 | CurrentEpReward: 0.000 | RecentReward: 8.502 | QLoss: 0.269107 | ParamLoss: -0.236532 | Epsilon: 0.4106 | Replay: 23552
2026-09-17 09:35:11,064 | INFO | Steps: 24064/150000 | Episodes: 47 | CurrentEpReward: 0.000 | RecentReward: 9.938 | QLoss: 0.270979 | ParamLoss: -0.242724 | Epsilon: 0.3972 | Replay: 24064
2026-09-17 09:35:22,738 | INFO | Steps: 24576/150000 | Episodes: 48 | CurrentEpReward: 0.000 | RecentReward: 11.005 | QLoss: 0.275959 | ParamLoss: -0.253425 | Epsilon: 0.3839 | Replay: 24576
2026-09-17 09:35:34,129 | INFO | Steps: 25088/150000 | Episodes: 49 | CurrentEpReward: 0.000 | RecentReward: 10.861 | QLoss: 0.266107 | ParamLoss: -0.257593 | Epsilon: 0.3705 | Replay: 25088
2026-09-17 09:35:45,740 | INFO | Steps: 25600/150000 | Episodes: 50 | CurrentEpReward: 0.000 | RecentReward: 11.975 | QLoss: 0.279307 | ParamLoss: -0.264189 | Epsilon: 0.3571 | Replay: 25600
2026-09-17 09:35:57,202 | INFO | Steps: 26112/150000 | Episodes: 51 | CurrentEpReward: 0.000 | RecentReward: 12.829 | QLoss: 0.277701 | ParamLoss: -0.268381 | Epsilon: 0.3437 | Replay: 26112
2026-09-17 09:36:08,743 | INFO | Steps: 26624/150000 | Episodes: 52 | CurrentEpReward: 0.000 | RecentReward: 15.265 | QLoss: 0.282755 | ParamLoss: -0.269383 | Epsilon: 0.3303 | Replay: 26624
2026-09-17 09:36:20,205 | INFO | Steps: 27136/150000 | Episodes: 53 | CurrentEpReward: 0.000 | RecentReward: 17.144 | QLoss: 0.276497 | ParamLoss: -0.279041 | Epsilon: 0.3170 | Replay: 27136
2026-09-17 09:36:31,780 | INFO | Steps: 27648/150000 | Episodes: 54 | CurrentEpReward: 0.000 | RecentReward: 18.939 | QLoss: 0.278794 | ParamLoss: -0.285888 | Epsilon: 0.3036 | Replay: 27648
2026-09-17 09:36:43,481 | INFO | Steps: 28160/150000 | Episodes: 55 | CurrentEpReward: 0.000 | RecentReward: 20.434 | QLoss: 0.286192 | ParamLoss: -0.296373 | Epsilon: 0.2902 | Replay: 28160
2026-09-17 09:36:55,093 | INFO | Steps: 28672/150000 | Episodes: 56 | CurrentEpReward: 0.000 | RecentReward: 22.343 | QLoss: 0.299989 | ParamLoss: -0.303538 | Epsilon: 0.2768 | Replay: 28672
2026-09-17 09:37:06,508 | INFO | Steps: 29184/150000 | Episodes: 57 | CurrentEpReward: 0.000 | RecentReward: 23.636 | QLoss: 0.289672 | ParamLoss: -0.306499 | Epsilon: 0.2634 | Replay: 29184
2026-09-17 09:37:17,919 | INFO | Steps: 29696/150000 | Episodes: 58 | CurrentEpReward: 0.000 | RecentReward: 24.833 | QLoss: 0.275125 | ParamLoss: -0.315411 | Epsilon: 0.2501 | Replay: 29696
2026-09-17 09:37:29,512 | INFO | Steps: 30208/150000 | Episodes: 59 | CurrentEpReward: 0.000 | RecentReward: 27.359 | QLoss: 0.322643 | ParamLoss: -0.318570 | Epsilon: 0.2367 | Replay: 30208
2026-09-17 09:37:40,875 | INFO | Steps: 30720/150000 | Episodes: 60 | CurrentEpReward: 0.000 | RecentReward: 27.830 | QLoss: 0.298719 | ParamLoss: -0.328691 | Epsilon: 0.2233 | Replay: 30720
2026-09-17 09:37:52,460 | INFO | Steps: 31232/150000 | Episodes: 61 | CurrentEpReward: 0.000 | RecentReward: 29.982 | QLoss: 0.319480 | ParamLoss: -0.332808 | Epsilon: 0.2099 | Replay: 31232
2026-09-17 09:38:03,818 | INFO | Steps: 31744/150000 | Episodes: 62 | CurrentEpReward: 0.000 | RecentReward: 30.052 | QLoss: 0.282026 | ParamLoss: -0.334646 | Epsilon: 0.1965 | Replay: 31744
2026-09-17 09:38:15,237 | INFO | Steps: 32256/150000 | Episodes: 63 | CurrentEpReward: 0.000 | RecentReward: 31.617 | QLoss: 0.297693 | ParamLoss: -0.343621 | Epsilon: 0.1832 | Replay: 32256
2026-09-17 09:38:27,024 | INFO | Steps: 32768/150000 | Episodes: 64 | CurrentEpReward: 0.000 | RecentReward: 33.456 | QLoss: 0.297478 | ParamLoss: -0.351379 | Epsilon: 0.1698 | Replay: 32768
2026-09-17 09:38:38,466 | INFO | Steps: 33280/150000 | Episodes: 65 | CurrentEpReward: 0.000 | RecentReward: 34.741 | QLoss: 0.298062 | ParamLoss: -0.352913 | Epsilon: 0.1564 | Replay: 33280
2026-09-17 09:38:50,290 | INFO | Steps: 33792/150000 | Episodes: 66 | CurrentEpReward: 0.000 | RecentReward: 36.877 | QLoss: 0.300056 | ParamLoss: -0.362209 | Epsilon: 0.1430 | Replay: 33792
2026-09-17 09:39:01,964 | INFO | Steps: 34304/150000 | Episodes: 67 | CurrentEpReward: 0.000 | RecentReward: 39.740 | QLoss: 0.325300 | ParamLoss: -0.372239 | Epsilon: 0.1296 | Replay: 34304
2026-09-17 09:39:13,409 | INFO | Steps: 34816/150000 | Episodes: 68 | CurrentEpReward: 0.000 | RecentReward: 40.957 | QLoss: 0.327864 | ParamLoss: -0.376611 | Epsilon: 0.1162 | Replay: 34816
2026-09-17 09:39:25,139 | INFO | Steps: 35328/150000 | Episodes: 69 | CurrentEpReward: 0.000 | RecentReward: 43.745 | QLoss: 0.322840 | ParamLoss: -0.382696 | Epsilon: 0.1029 | Replay: 35328
2026-09-17 09:39:36,581 | INFO | Steps: 35840/150000 | Episodes: 70 | CurrentEpReward: 0.000 | RecentReward: 45.820 | QLoss: 0.321785 | ParamLoss: -0.381293 | Epsilon: 0.0895 | Replay: 35840
2026-09-17 09:39:47,955 | INFO | Steps: 36352/150000 | Episodes: 71 | CurrentEpReward: 0.000 | RecentReward: 46.517 | QLoss: 0.317173 | ParamLoss: -0.395476 | Epsilon: 0.0761 | Replay: 36352
2026-09-17 09:39:59,358 | INFO | Steps: 36864/150000 | Episodes: 72 | CurrentEpReward: 0.000 | RecentReward: 49.109 | QLoss: 0.295222 | ParamLoss: -0.400293 | Epsilon: 0.0627 | Replay: 36864
2026-09-17 09:40:10,759 | INFO | Steps: 37376/150000 | Episodes: 73 | CurrentEpReward: 0.000 | RecentReward: 51.143 | QLoss: 0.317323 | ParamLoss: -0.404183 | Epsilon: 0.0493 | Replay: 37376
2026-09-17 09:40:22,389 | INFO | Steps: 37888/150000 | Episodes: 74 | CurrentEpReward: 0.000 | RecentReward: 52.501 | QLoss: 0.332489 | ParamLoss: -0.417996 | Epsilon: 0.0360 | Replay: 37888
2026-09-17 09:40:33,832 | INFO | Steps: 38400/150000 | Episodes: 75 | CurrentEpReward: 0.000 | RecentReward: 53.746 | QLoss: 0.341508 | ParamLoss: -0.420806 | Epsilon: 0.0226 | Replay: 38400
2026-09-17 09:40:45,236 | INFO | Steps: 38912/150000 | Episodes: 76 | CurrentEpReward: 0.000 | RecentReward: 53.968 | QLoss: 0.315969 | ParamLoss: -0.426897 | Epsilon: 0.0200 | Replay: 38912
2026-09-17 09:40:56,703 | INFO | Steps: 39424/150000 | Episodes: 77 | CurrentEpReward: 0.000 | RecentReward: 54.806 | QLoss: 0.321723 | ParamLoss: -0.433211 | Epsilon: 0.0200 | Replay: 39424
2026-09-17 09:41:08,271 | INFO | Steps: 39936/150000 | Episodes: 78 | CurrentEpReward: 0.000 | RecentReward: 57.008 | QLoss: 0.346384 | ParamLoss: -0.449589 | Epsilon: 0.0200 | Replay: 39936
2026-09-17 09:41:19,710 | INFO | Steps: 40448/150000 | Episodes: 79 | CurrentEpReward: 0.000 | RecentReward: 57.122 | QLoss: 0.341133 | ParamLoss: -0.451124 | Epsilon: 0.0200 | Replay: 40448
2026-09-17 09:41:31,222 | INFO | Steps: 40960/150000 | Episodes: 80 | CurrentEpReward: 0.000 | RecentReward: 58.528 | QLoss: 0.330331 | ParamLoss: -0.456857 | Epsilon: 0.0200 | Replay: 40960
2026-09-17 09:41:42,657 | INFO | Steps: 41472/150000 | Episodes: 81 | CurrentEpReward: 0.000 | RecentReward: 61.030 | QLoss: 0.332212 | ParamLoss: -0.466175 | Epsilon: 0.0200 | Replay: 41472
2026-09-17 09:41:54,187 | INFO | Steps: 41984/150000 | Episodes: 82 | CurrentEpReward: 0.000 | RecentReward: 62.367 | QLoss: 0.362281 | ParamLoss: -0.468332 | Epsilon: 0.0200 | Replay: 41984
2026-09-17 09:42:05,674 | INFO | Steps: 42496/150000 | Episodes: 83 | CurrentEpReward: 0.000 | RecentReward: 64.061 | QLoss: 0.324883 | ParamLoss: -0.472358 | Epsilon: 0.0200 | Replay: 42496
2026-09-17 09:42:17,140 | INFO | Steps: 43008/150000 | Episodes: 84 | CurrentEpReward: 0.000 | RecentReward: 65.055 | QLoss: 0.340805 | ParamLoss: -0.475909 | Epsilon: 0.0200 | Replay: 43008
2026-09-17 09:42:28,710 | INFO | Steps: 43520/150000 | Episodes: 85 | CurrentEpReward: 0.000 | RecentReward: 65.540 | QLoss: 0.340162 | ParamLoss: -0.482568 | Epsilon: 0.0200 | Replay: 43520
2026-09-17 09:42:40,159 | INFO | Steps: 44032/150000 | Episodes: 86 | CurrentEpReward: 0.000 | RecentReward: 67.213 | QLoss: 0.322543 | ParamLoss: -0.493955 | Epsilon: 0.0200 | Replay: 44032
2026-09-17 09:42:51,670 | INFO | Steps: 44544/150000 | Episodes: 87 | CurrentEpReward: 0.000 | RecentReward: 68.774 | QLoss: 0.355503 | ParamLoss: -0.502147 | Epsilon: 0.0200 | Replay: 44544
2026-09-17 09:43:03,029 | INFO | Steps: 45056/150000 | Episodes: 88 | CurrentEpReward: 0.000 | RecentReward: 68.246 | QLoss: 0.362265 | ParamLoss: -0.518365 | Epsilon: 0.0200 | Replay: 45056
2026-09-17 09:43:14,428 | INFO | Steps: 45568/150000 | Episodes: 89 | CurrentEpReward: 0.000 | RecentReward: 68.342 | QLoss: 0.359594 | ParamLoss: -0.521760 | Epsilon: 0.0200 | Replay: 45568
2026-09-17 09:43:26,024 | INFO | Steps: 46080/150000 | Episodes: 90 | CurrentEpReward: 0.000 | RecentReward: 69.053 | QLoss: 0.338546 | ParamLoss: -0.528207 | Epsilon: 0.0200 | Replay: 46080
2026-09-17 09:43:37,741 | INFO | Steps: 46592/150000 | Episodes: 91 | CurrentEpReward: 0.000 | RecentReward: 69.416 | QLoss: 0.362942 | ParamLoss: -0.538751 | Epsilon: 0.0200 | Replay: 46592
2026-09-17 09:43:49,158 | INFO | Steps: 47104/150000 | Episodes: 92 | CurrentEpReward: 0.000 | RecentReward: 69.997 | QLoss: 0.356137 | ParamLoss: -0.546864 | Epsilon: 0.0200 | Replay: 47104
2026-09-17 09:44:00,931 | INFO | Steps: 47616/150000 | Episodes: 93 | CurrentEpReward: 0.000 | RecentReward: 69.849 | QLoss: 0.380370 | ParamLoss: -0.551353 | Epsilon: 0.0200 | Replay: 47616
2026-09-17 09:44:12,369 | INFO | Steps: 48128/150000 | Episodes: 94 | CurrentEpReward: 0.000 | RecentReward: 69.583 | QLoss: 0.391856 | ParamLoss: -0.559635 | Epsilon: 0.0200 | Replay: 48128
2026-09-17 09:44:23,888 | INFO | Steps: 48640/150000 | Episodes: 95 | CurrentEpReward: 0.000 | RecentReward: 70.244 | QLoss: 0.350227 | ParamLoss: -0.569118 | Epsilon: 0.0200 | Replay: 48640
2026-09-17 09:44:35,308 | INFO | Steps: 49152/150000 | Episodes: 96 | CurrentEpReward: 0.000 | RecentReward: 69.748 | QLoss: 0.350338 | ParamLoss: -0.579689 | Epsilon: 0.0200 | Replay: 49152
2026-09-17 09:44:46,735 | INFO | Steps: 49664/150000 | Episodes: 97 | CurrentEpReward: 0.000 | RecentReward: 68.472 | QLoss: 0.379422 | ParamLoss: -0.592436 | Epsilon: 0.0200 | Replay: 49664
2026-09-17 09:45:19,533 | INFO | 新的最佳模型 (reward): 73.447，保存至 /home/pjpjq/LEO_switch/results/multiseed_0907/seed45/u35/learned_baselines/pdqn/best_model.pt
2026-09-17 09:45:19,536 | INFO | 周期权重已保存: /home/pjpjq/LEO_switch/results/multiseed_0907/seed45/u35/learned_baselines/pdqn/checkpoint_50000.pt
2026-09-17 09:45:23,800 | INFO | Steps: 50176/150000 | Episodes: 98 | CurrentEpReward: 0.000 | RecentReward: 68.823 | QLoss: 0.393952 | ParamLoss: -0.595354 | Epsilon: 0.0200 | Replay: 50000
2026-09-17 09:45:35,377 | INFO | Steps: 50688/150000 | Episodes: 99 | CurrentEpReward: 0.000 | RecentReward: 70.039 | QLoss: 0.390618 | ParamLoss: -0.609938 | Epsilon: 0.0200 | Replay: 50000
2026-09-17 09:45:46,936 | INFO | Steps: 51200/150000 | Episodes: 100 | CurrentEpReward: 0.000 | RecentReward: 70.262 | QLoss: 0.370722 | ParamLoss: -0.621319 | Epsilon: 0.0200 | Replay: 50000
2026-09-17 09:45:58,509 | INFO | Steps: 51712/150000 | Episodes: 101 | CurrentEpReward: 0.000 | RecentReward: 69.625 | QLoss: 0.360754 | ParamLoss: -0.621612 | Epsilon: 0.0200 | Replay: 50000
2026-09-17 09:46:10,082 | INFO | Steps: 52224/150000 | Episodes: 102 | CurrentEpReward: 0.000 | RecentReward: 69.422 | QLoss: 0.366530 | ParamLoss: -0.625216 | Epsilon: 0.0200 | Replay: 50000
2026-09-17 09:46:21,553 | INFO | Steps: 52736/150000 | Episodes: 103 | CurrentEpReward: 0.000 | RecentReward: 69.445 | QLoss: 0.391143 | ParamLoss: -0.629051 | Epsilon: 0.0200 | Replay: 50000
2026-09-17 09:46:33,070 | INFO | Steps: 53248/150000 | Episodes: 104 | CurrentEpReward: 0.000 | RecentReward: 69.689 | QLoss: 0.405021 | ParamLoss: -0.635052 | Epsilon: 0.0200 | Replay: 50000
2026-09-17 09:46:44,616 | INFO | Steps: 53760/150000 | Episodes: 105 | CurrentEpReward: 0.000 | RecentReward: 70.244 | QLoss: 0.351335 | ParamLoss: -0.646634 | Epsilon: 0.0200 | Replay: 50000
2026-09-17 09:46:56,068 | INFO | Steps: 54272/150000 | Episodes: 106 | CurrentEpReward: 0.000 | RecentReward: 69.918 | QLoss: 0.376024 | ParamLoss: -0.647976 | Epsilon: 0.0200 | Replay: 50000
2026-09-17 09:47:07,630 | INFO | Steps: 54784/150000 | Episodes: 107 | CurrentEpReward: 0.000 | RecentReward: 69.746 | QLoss: 0.357335 | ParamLoss: -0.658893 | Epsilon: 0.0200 | Replay: 50000
2026-09-17 09:47:19,189 | INFO | Steps: 55296/150000 | Episodes: 108 | CurrentEpReward: 0.000 | RecentReward: 70.565 | QLoss: 0.340072 | ParamLoss: -0.665341 | Epsilon: 0.0200 | Replay: 50000
2026-09-17 09:47:30,975 | INFO | Steps: 55808/150000 | Episodes: 109 | CurrentEpReward: 0.000 | RecentReward: 70.987 | QLoss: 0.371963 | ParamLoss: -0.663268 | Epsilon: 0.0200 | Replay: 50000
2026-09-17 09:47:42,532 | INFO | Steps: 56320/150000 | Episodes: 110 | CurrentEpReward: 0.000 | RecentReward: 70.969 | QLoss: 0.363238 | ParamLoss: -0.669240 | Epsilon: 0.0200 | Replay: 50000
2026-09-17 09:47:53,990 | INFO | Steps: 56832/150000 | Episodes: 111 | CurrentEpReward: 0.000 | RecentReward: 71.313 | QLoss: 0.421308 | ParamLoss: -0.677459 | Epsilon: 0.0200 | Replay: 50000
2026-09-17 09:48:05,630 | INFO | Steps: 57344/150000 | Episodes: 112 | CurrentEpReward: 0.000 | RecentReward: 71.062 | QLoss: 0.359478 | ParamLoss: -0.688055 | Epsilon: 0.0200 | Replay: 50000
2026-09-17 09:48:17,341 | INFO | Steps: 57856/150000 | Episodes: 113 | CurrentEpReward: 0.000 | RecentReward: 71.315 | QLoss: 0.346447 | ParamLoss: -0.696315 | Epsilon: 0.0200 | Replay: 50000
2026-09-17 09:48:28,952 | INFO | Steps: 58368/150000 | Episodes: 114 | CurrentEpReward: 0.000 | RecentReward: 71.558 | QLoss: 0.363077 | ParamLoss: -0.697252 | Epsilon: 0.0200 | Replay: 50000
2026-09-17 09:48:40,514 | INFO | Steps: 58880/150000 | Episodes: 115 | CurrentEpReward: 0.000 | RecentReward: 71.233 | QLoss: 0.344970 | ParamLoss: -0.704340 | Epsilon: 0.0200 | Replay: 50000
2026-09-17 09:48:51,948 | INFO | Steps: 59392/150000 | Episodes: 116 | CurrentEpReward: 0.000 | RecentReward: 71.591 | QLoss: 0.341362 | ParamLoss: -0.709429 | Epsilon: 0.0200 | Replay: 50000
2026-09-17 09:49:03,502 | INFO | Steps: 59904/150000 | Episodes: 117 | CurrentEpReward: 0.000 | RecentReward: 73.023 | QLoss: 0.309072 | ParamLoss: -0.715116 | Epsilon: 0.0200 | Replay: 50000
2026-09-17 09:49:15,119 | INFO | Steps: 60416/150000 | Episodes: 118 | CurrentEpReward: 0.000 | RecentReward: 73.010 | QLoss: 0.356807 | ParamLoss: -0.710111 | Epsilon: 0.0200 | Replay: 50000
2026-09-17 09:49:26,676 | INFO | Steps: 60928/150000 | Episodes: 119 | CurrentEpReward: 0.000 | RecentReward: 72.971 | QLoss: 0.373182 | ParamLoss: -0.711720 | Epsilon: 0.0200 | Replay: 50000
2026-09-17 09:49:38,122 | INFO | Steps: 61440/150000 | Episodes: 120 | CurrentEpReward: 0.000 | RecentReward: 71.865 | QLoss: 0.305986 | ParamLoss: -0.714050 | Epsilon: 0.0200 | Replay: 50000
2026-09-17 09:49:49,676 | INFO | Steps: 61952/150000 | Episodes: 121 | CurrentEpReward: 0.000 | RecentReward: 71.698 | QLoss: 0.386945 | ParamLoss: -0.719600 | Epsilon: 0.0200 | Replay: 50000
2026-09-17 09:50:01,323 | INFO | Steps: 62464/150000 | Episodes: 122 | CurrentEpReward: 0.000 | RecentReward: 71.637 | QLoss: 0.372659 | ParamLoss: -0.723327 | Epsilon: 0.0200 | Replay: 50000
2026-09-17 09:50:12,829 | INFO | Steps: 62976/150000 | Episodes: 123 | CurrentEpReward: 0.000 | RecentReward: 72.106 | QLoss: 0.312138 | ParamLoss: -0.723914 | Epsilon: 0.0200 | Replay: 50000
2026-09-17 09:50:24,310 | INFO | Steps: 63488/150000 | Episodes: 124 | CurrentEpReward: 0.000 | RecentReward: 72.322 | QLoss: 0.361768 | ParamLoss: -0.723925 | Epsilon: 0.0200 | Replay: 50000
2026-09-17 09:50:35,761 | INFO | Steps: 64000/150000 | Episodes: 125 | CurrentEpReward: 0.000 | RecentReward: 71.824 | QLoss: 0.351873 | ParamLoss: -0.736202 | Epsilon: 0.0200 | Replay: 50000
2026-09-17 09:50:47,358 | INFO | Steps: 64512/150000 | Episodes: 126 | CurrentEpReward: 0.000 | RecentReward: 72.921 | QLoss: 0.428530 | ParamLoss: -0.749419 | Epsilon: 0.0200 | Replay: 50000
2026-09-17 09:50:59,143 | INFO | Steps: 65024/150000 | Episodes: 127 | CurrentEpReward: 0.000 | RecentReward: 72.629 | QLoss: 0.423116 | ParamLoss: -0.759721 | Epsilon: 0.0200 | Replay: 50000
2026-09-17 09:51:10,753 | INFO | Steps: 65536/150000 | Episodes: 128 | CurrentEpReward: 0.000 | RecentReward: 72.684 | QLoss: 0.331844 | ParamLoss: -0.765656 | Epsilon: 0.0200 | Replay: 50000
2026-09-17 09:51:22,312 | INFO | Steps: 66048/150000 | Episodes: 129 | CurrentEpReward: 0.000 | RecentReward: 71.654 | QLoss: 0.335720 | ParamLoss: -0.772423 | Epsilon: 0.0200 | Replay: 50000
2026-09-17 09:51:33,903 | INFO | Steps: 66560/150000 | Episodes: 130 | CurrentEpReward: 0.000 | RecentReward: 73.166 | QLoss: 0.360439 | ParamLoss: -0.783330 | Epsilon: 0.0200 | Replay: 50000
2026-09-17 09:51:45,561 | INFO | Steps: 67072/150000 | Episodes: 131 | CurrentEpReward: 0.000 | RecentReward: 73.734 | QLoss: 0.341160 | ParamLoss: -0.784492 | Epsilon: 0.0200 | Replay: 50000
2026-09-17 09:51:57,372 | INFO | Steps: 67584/150000 | Episodes: 132 | CurrentEpReward: 0.000 | RecentReward: 74.700 | QLoss: 0.367540 | ParamLoss: -0.794133 | Epsilon: 0.0200 | Replay: 50000
2026-09-17 09:52:09,299 | INFO | Steps: 68096/150000 | Episodes: 133 | CurrentEpReward: 0.000 | RecentReward: 75.134 | QLoss: 0.405142 | ParamLoss: -0.798486 | Epsilon: 0.0200 | Replay: 50000
2026-09-17 09:52:20,803 | INFO | Steps: 68608/150000 | Episodes: 134 | CurrentEpReward: 0.000 | RecentReward: 74.347 | QLoss: 0.411345 | ParamLoss: -0.809271 | Epsilon: 0.0200 | Replay: 50000
2026-09-17 09:52:32,271 | INFO | Steps: 69120/150000 | Episodes: 135 | CurrentEpReward: 0.000 | RecentReward: 74.691 | QLoss: 0.369488 | ParamLoss: -0.810135 | Epsilon: 0.0200 | Replay: 50000
2026-09-17 09:52:43,814 | INFO | Steps: 69632/150000 | Episodes: 136 | CurrentEpReward: 0.000 | RecentReward: 73.755 | QLoss: 0.460051 | ParamLoss: -0.809574 | Epsilon: 0.0200 | Replay: 50000
2026-09-17 09:52:55,384 | INFO | Steps: 70144/150000 | Episodes: 137 | CurrentEpReward: 0.000 | RecentReward: 73.602 | QLoss: 0.360200 | ParamLoss: -0.815386 | Epsilon: 0.0200 | Replay: 50000
2026-09-17 09:53:07,123 | INFO | Steps: 70656/150000 | Episodes: 138 | CurrentEpReward: 0.000 | RecentReward: 73.427 | QLoss: 0.418946 | ParamLoss: -0.814588 | Epsilon: 0.0200 | Replay: 50000
2026-09-17 09:53:18,741 | INFO | Steps: 71168/150000 | Episodes: 139 | CurrentEpReward: 0.000 | RecentReward: 74.139 | QLoss: 0.321047 | ParamLoss: -0.814384 | Epsilon: 0.0200 | Replay: 50000
2026-09-17 09:53:30,339 | INFO | Steps: 71680/150000 | Episodes: 140 | CurrentEpReward: 0.000 | RecentReward: 73.653 | QLoss: 0.430883 | ParamLoss: -0.824107 | Epsilon: 0.0200 | Replay: 50000
2026-09-17 09:53:41,900 | INFO | Steps: 72192/150000 | Episodes: 141 | CurrentEpReward: 0.000 | RecentReward: 72.876 | QLoss: 0.412703 | ParamLoss: -0.825895 | Epsilon: 0.0200 | Replay: 50000
2026-09-17 09:53:53,650 | INFO | Steps: 72704/150000 | Episodes: 142 | CurrentEpReward: 0.000 | RecentReward: 72.550 | QLoss: 0.358075 | ParamLoss: -0.831990 | Epsilon: 0.0200 | Replay: 50000
2026-09-17 09:54:05,381 | INFO | Steps: 73216/150000 | Episodes: 143 | CurrentEpReward: 0.000 | RecentReward: 71.938 | QLoss: 0.377731 | ParamLoss: -0.828233 | Epsilon: 0.0200 | Replay: 50000
2026-09-17 09:54:17,030 | INFO | Steps: 73728/150000 | Episodes: 144 | CurrentEpReward: 0.000 | RecentReward: 72.629 | QLoss: 0.412906 | ParamLoss: -0.834196 | Epsilon: 0.0200 | Replay: 50000
2026-09-17 09:54:28,769 | INFO | Steps: 74240/150000 | Episodes: 145 | CurrentEpReward: 0.000 | RecentReward: 72.500 | QLoss: 0.390543 | ParamLoss: -0.841260 | Epsilon: 0.0200 | Replay: 50000
2026-09-17 09:54:40,554 | INFO | Steps: 74752/150000 | Episodes: 146 | CurrentEpReward: 0.000 | RecentReward: 73.340 | QLoss: 0.475186 | ParamLoss: -0.850613 | Epsilon: 0.0200 | Replay: 50000
2026-09-17 09:54:52,371 | INFO | Steps: 75264/150000 | Episodes: 147 | CurrentEpReward: 0.000 | RecentReward: 73.507 | QLoss: 0.471653 | ParamLoss: -0.862738 | Epsilon: 0.0200 | Replay: 50000
2026-09-17 09:55:04,025 | INFO | Steps: 75776/150000 | Episodes: 148 | CurrentEpReward: 0.000 | RecentReward: 72.865 | QLoss: 0.435879 | ParamLoss: -0.881026 | Epsilon: 0.0200 | Replay: 50000
2026-09-17 09:55:15,588 | INFO | Steps: 76288/150000 | Episodes: 149 | CurrentEpReward: 0.000 | RecentReward: 72.386 | QLoss: 0.453333 | ParamLoss: -0.887151 | Epsilon: 0.0200 | Replay: 50000
2026-09-17 09:55:27,309 | INFO | Steps: 76800/150000 | Episodes: 150 | CurrentEpReward: 0.000 | RecentReward: 72.923 | QLoss: 0.443469 | ParamLoss: -0.890847 | Epsilon: 0.0200 | Replay: 50000
2026-09-17 09:55:38,919 | INFO | Steps: 77312/150000 | Episodes: 151 | CurrentEpReward: 0.000 | RecentReward: 72.785 | QLoss: 0.484764 | ParamLoss: -0.900719 | Epsilon: 0.0200 | Replay: 50000
2026-09-17 09:55:50,641 | INFO | Steps: 77824/150000 | Episodes: 152 | CurrentEpReward: 0.000 | RecentReward: 72.327 | QLoss: 0.473313 | ParamLoss: -0.905630 | Epsilon: 0.0200 | Replay: 50000
2026-09-17 09:56:02,682 | INFO | Steps: 78336/150000 | Episodes: 153 | CurrentEpReward: 0.000 | RecentReward: 72.707 | QLoss: 0.483924 | ParamLoss: -0.911984 | Epsilon: 0.0200 | Replay: 50000
2026-09-17 09:56:14,267 | INFO | Steps: 78848/150000 | Episodes: 154 | CurrentEpReward: 0.000 | RecentReward: 73.104 | QLoss: 0.454864 | ParamLoss: -0.917534 | Epsilon: 0.0200 | Replay: 50000
2026-09-17 09:56:25,890 | INFO | Steps: 79360/150000 | Episodes: 155 | CurrentEpReward: 0.000 | RecentReward: 73.142 | QLoss: 0.401748 | ParamLoss: -0.918914 | Epsilon: 0.0200 | Replay: 50000
2026-09-17 09:56:37,400 | INFO | Steps: 79872/150000 | Episodes: 156 | CurrentEpReward: 0.000 | RecentReward: 71.723 | QLoss: 0.393442 | ParamLoss: -0.925667 | Epsilon: 0.0200 | Replay: 50000
2026-09-17 09:56:48,961 | INFO | Steps: 80384/150000 | Episodes: 157 | CurrentEpReward: 0.000 | RecentReward: 70.551 | QLoss: 0.462135 | ParamLoss: -0.912884 | Epsilon: 0.0200 | Replay: 50000
2026-09-17 09:57:00,557 | INFO | Steps: 80896/150000 | Episodes: 158 | CurrentEpReward: 0.000 | RecentReward: 70.824 | QLoss: 0.422699 | ParamLoss: -0.917094 | Epsilon: 0.0200 | Replay: 50000
2026-09-17 09:57:12,146 | INFO | Steps: 81408/150000 | Episodes: 159 | CurrentEpReward: 0.000 | RecentReward: 70.679 | QLoss: 0.402863 | ParamLoss: -0.915377 | Epsilon: 0.0200 | Replay: 50000
2026-09-17 09:57:23,652 | INFO | Steps: 81920/150000 | Episodes: 160 | CurrentEpReward: 0.000 | RecentReward: 69.814 | QLoss: 0.419805 | ParamLoss: -0.923026 | Epsilon: 0.0200 | Replay: 50000
2026-09-17 09:57:35,232 | INFO | Steps: 82432/150000 | Episodes: 161 | CurrentEpReward: 0.000 | RecentReward: 70.021 | QLoss: 0.493242 | ParamLoss: -0.930472 | Epsilon: 0.0200 | Replay: 50000
2026-09-17 09:57:46,753 | INFO | Steps: 82944/150000 | Episodes: 162 | CurrentEpReward: 0.000 | RecentReward: 69.691 | QLoss: 0.467431 | ParamLoss: -0.935887 | Epsilon: 0.0200 | Replay: 50000
2026-09-17 09:57:58,441 | INFO | Steps: 83456/150000 | Episodes: 163 | CurrentEpReward: 0.000 | RecentReward: 68.214 | QLoss: 0.455674 | ParamLoss: -0.936819 | Epsilon: 0.0200 | Replay: 50000
2026-09-17 09:58:10,016 | INFO | Steps: 83968/150000 | Episodes: 164 | CurrentEpReward: 0.000 | RecentReward: 67.378 | QLoss: 0.469334 | ParamLoss: -0.943284 | Epsilon: 0.0200 | Replay: 50000
2026-09-17 09:58:21,536 | INFO | Steps: 84480/150000 | Episodes: 165 | CurrentEpReward: 0.000 | RecentReward: 67.569 | QLoss: 0.486981 | ParamLoss: -0.946315 | Epsilon: 0.0200 | Replay: 50000
2026-09-17 09:58:33,155 | INFO | Steps: 84992/150000 | Episodes: 166 | CurrentEpReward: 0.000 | RecentReward: 69.407 | QLoss: 0.493808 | ParamLoss: -0.939829 | Epsilon: 0.0200 | Replay: 50000
2026-09-17 09:58:44,832 | INFO | Steps: 85504/150000 | Episodes: 167 | CurrentEpReward: 0.000 | RecentReward: 69.460 | QLoss: 0.495898 | ParamLoss: -0.950278 | Epsilon: 0.0200 | Replay: 50000
2026-09-17 09:58:56,497 | INFO | Steps: 86016/150000 | Episodes: 168 | CurrentEpReward: 0.000 | RecentReward: 69.136 | QLoss: 0.423181 | ParamLoss: -0.948723 | Epsilon: 0.0200 | Replay: 50000
2026-09-17 09:59:08,087 | INFO | Steps: 86528/150000 | Episodes: 169 | CurrentEpReward: 0.000 | RecentReward: 69.569 | QLoss: 0.536095 | ParamLoss: -0.955468 | Epsilon: 0.0200 | Replay: 50000
2026-09-17 09:59:19,749 | INFO | Steps: 87040/150000 | Episodes: 170 | CurrentEpReward: 0.000 | RecentReward: 70.515 | QLoss: 0.478042 | ParamLoss: -0.967078 | Epsilon: 0.0200 | Replay: 50000
2026-09-17 09:59:31,641 | INFO | Steps: 87552/150000 | Episodes: 171 | CurrentEpReward: 0.000 | RecentReward: 71.188 | QLoss: 0.473863 | ParamLoss: -0.968057 | Epsilon: 0.0200 | Replay: 50000
2026-09-17 09:59:43,445 | INFO | Steps: 88064/150000 | Episodes: 172 | CurrentEpReward: 0.000 | RecentReward: 72.352 | QLoss: 0.458568 | ParamLoss: -0.975201 | Epsilon: 0.0200 | Replay: 50000
2026-09-17 09:59:55,086 | INFO | Steps: 88576/150000 | Episodes: 173 | CurrentEpReward: 0.000 | RecentReward: 73.014 | QLoss: 0.463785 | ParamLoss: -0.980483 | Epsilon: 0.0200 | Replay: 50000
2026-09-17 10:00:06,974 | INFO | Steps: 89088/150000 | Episodes: 174 | CurrentEpReward: 0.000 | RecentReward: 74.390 | QLoss: 0.469561 | ParamLoss: -0.992583 | Epsilon: 0.0200 | Replay: 50000
2026-09-17 10:00:18,597 | INFO | Steps: 89600/150000 | Episodes: 175 | CurrentEpReward: 0.000 | RecentReward: 74.409 | QLoss: 0.518746 | ParamLoss: -0.998607 | Epsilon: 0.0200 | Replay: 50000
2026-09-17 10:00:30,179 | INFO | Steps: 90112/150000 | Episodes: 176 | CurrentEpReward: 0.000 | RecentReward: 73.965 | QLoss: 0.506379 | ParamLoss: -1.003375 | Epsilon: 0.0200 | Replay: 50000
2026-09-17 10:00:41,676 | INFO | Steps: 90624/150000 | Episodes: 177 | CurrentEpReward: 0.000 | RecentReward: 74.007 | QLoss: 0.507910 | ParamLoss: -1.012659 | Epsilon: 0.0200 | Replay: 50000
2026-09-17 10:00:53,380 | INFO | Steps: 91136/150000 | Episodes: 178 | CurrentEpReward: 0.000 | RecentReward: 74.908 | QLoss: 0.487007 | ParamLoss: -1.019953 | Epsilon: 0.0200 | Replay: 50000
2026-09-17 10:01:04,974 | INFO | Steps: 91648/150000 | Episodes: 179 | CurrentEpReward: 0.000 | RecentReward: 74.721 | QLoss: 0.526867 | ParamLoss: -1.015924 | Epsilon: 0.0200 | Replay: 50000
2026-09-17 10:01:16,630 | INFO | Steps: 92160/150000 | Episodes: 180 | CurrentEpReward: 0.000 | RecentReward: 74.300 | QLoss: 0.475531 | ParamLoss: -1.007814 | Epsilon: 0.0200 | Replay: 50000
2026-09-17 10:01:28,138 | INFO | Steps: 92672/150000 | Episodes: 181 | CurrentEpReward: 0.000 | RecentReward: 73.519 | QLoss: 0.444798 | ParamLoss: -1.005994 | Epsilon: 0.0200 | Replay: 50000
2026-09-17 10:01:39,695 | INFO | Steps: 93184/150000 | Episodes: 182 | CurrentEpReward: 0.000 | RecentReward: 72.327 | QLoss: 0.524090 | ParamLoss: -1.008500 | Epsilon: 0.0200 | Replay: 50000
2026-09-17 10:01:51,423 | INFO | Steps: 93696/150000 | Episodes: 183 | CurrentEpReward: 0.000 | RecentReward: 72.639 | QLoss: 0.452626 | ParamLoss: -1.020673 | Epsilon: 0.0200 | Replay: 50000
2026-09-17 10:02:03,072 | INFO | Steps: 94208/150000 | Episodes: 184 | CurrentEpReward: 0.000 | RecentReward: 71.225 | QLoss: 0.524768 | ParamLoss: -1.023533 | Epsilon: 0.0200 | Replay: 50000
2026-09-17 10:02:14,677 | INFO | Steps: 94720/150000 | Episodes: 185 | CurrentEpReward: 0.000 | RecentReward: 70.700 | QLoss: 0.510808 | ParamLoss: -1.025401 | Epsilon: 0.0200 | Replay: 50000
2026-09-17 10:02:26,547 | INFO | Steps: 95232/150000 | Episodes: 186 | CurrentEpReward: 0.000 | RecentReward: 70.801 | QLoss: 0.555401 | ParamLoss: -1.036797 | Epsilon: 0.0200 | Replay: 50000
2026-09-17 10:02:38,183 | INFO | Steps: 95744/150000 | Episodes: 187 | CurrentEpReward: 0.000 | RecentReward: 70.861 | QLoss: 0.496113 | ParamLoss: -1.032892 | Epsilon: 0.0200 | Replay: 50000
2026-09-17 10:02:49,834 | INFO | Steps: 96256/150000 | Episodes: 188 | CurrentEpReward: 0.000 | RecentReward: 70.425 | QLoss: 0.487821 | ParamLoss: -1.036149 | Epsilon: 0.0200 | Replay: 50000
2026-09-17 10:03:01,484 | INFO | Steps: 96768/150000 | Episodes: 189 | CurrentEpReward: 0.000 | RecentReward: 71.074 | QLoss: 0.531068 | ParamLoss: -1.028292 | Epsilon: 0.0200 | Replay: 50000
2026-09-17 10:03:13,144 | INFO | Steps: 97280/150000 | Episodes: 190 | CurrentEpReward: 0.000 | RecentReward: 70.562 | QLoss: 0.468575 | ParamLoss: -1.033076 | Epsilon: 0.0200 | Replay: 50000
2026-09-17 10:03:24,792 | INFO | Steps: 97792/150000 | Episodes: 191 | CurrentEpReward: 0.000 | RecentReward: 70.974 | QLoss: 0.625116 | ParamLoss: -1.040641 | Epsilon: 0.0200 | Replay: 50000
2026-09-17 10:03:36,660 | INFO | Steps: 98304/150000 | Episodes: 192 | CurrentEpReward: 0.000 | RecentReward: 71.858 | QLoss: 0.471435 | ParamLoss: -1.055665 | Epsilon: 0.0200 | Replay: 50000
2026-09-17 10:03:48,280 | INFO | Steps: 98816/150000 | Episodes: 193 | CurrentEpReward: 0.000 | RecentReward: 72.210 | QLoss: 0.712793 | ParamLoss: -1.064429 | Epsilon: 0.0200 | Replay: 50000
2026-09-17 10:03:59,762 | INFO | Steps: 99328/150000 | Episodes: 194 | CurrentEpReward: 0.000 | RecentReward: 72.168 | QLoss: 0.489348 | ParamLoss: -1.076807 | Epsilon: 0.0200 | Replay: 50000
2026-09-17 10:04:11,451 | INFO | Steps: 99840/150000 | Episodes: 195 | CurrentEpReward: 0.000 | RecentReward: 73.290 | QLoss: 0.520061 | ParamLoss: -1.083230 | Epsilon: 0.0200 | Replay: 50000
2026-09-17 10:04:40,480 | INFO | 新的最佳模型 (reward): 76.052，保存至 /home/pjpjq/LEO_switch/results/multiseed_0907/seed45/u35/learned_baselines/pdqn/best_model.pt
2026-09-17 10:04:40,487 | INFO | 周期权重已保存: /home/pjpjq/LEO_switch/results/multiseed_0907/seed45/u35/learned_baselines/pdqn/checkpoint_100000.pt
2026-09-17 10:04:48,440 | INFO | Steps: 100352/150000 | Episodes: 196 | CurrentEpReward: 0.000 | RecentReward: 72.209 | QLoss: 0.598181 | ParamLoss: -1.083365 | Epsilon: 0.0200 | Replay: 50000
2026-09-17 10:05:00,055 | INFO | Steps: 100864/150000 | Episodes: 197 | CurrentEpReward: 0.000 | RecentReward: 72.950 | QLoss: 0.530259 | ParamLoss: -1.087932 | Epsilon: 0.0200 | Replay: 50000
2026-09-17 10:05:11,635 | INFO | Steps: 101376/150000 | Episodes: 198 | CurrentEpReward: 0.000 | RecentReward: 73.266 | QLoss: 0.599864 | ParamLoss: -1.099073 | Epsilon: 0.0200 | Replay: 50000
2026-09-17 10:05:23,325 | INFO | Steps: 101888/150000 | Episodes: 199 | CurrentEpReward: 0.000 | RecentReward: 72.409 | QLoss: 0.433070 | ParamLoss: -1.114672 | Epsilon: 0.0200 | Replay: 50000
2026-09-17 10:05:34,857 | INFO | Steps: 102400/150000 | Episodes: 200 | CurrentEpReward: 0.000 | RecentReward: 72.314 | QLoss: 0.389121 | ParamLoss: -1.118855 | Epsilon: 0.0200 | Replay: 50000
2026-09-17 10:05:46,652 | INFO | Steps: 102912/150000 | Episodes: 201 | CurrentEpReward: 0.000 | RecentReward: 73.179 | QLoss: 0.562677 | ParamLoss: -1.119066 | Epsilon: 0.0200 | Replay: 50000
2026-09-17 10:05:58,181 | INFO | Steps: 103424/150000 | Episodes: 202 | CurrentEpReward: 0.000 | RecentReward: 72.630 | QLoss: 0.620920 | ParamLoss: -1.120067 | Epsilon: 0.0200 | Replay: 50000
2026-09-17 10:06:09,851 | INFO | Steps: 103936/150000 | Episodes: 203 | CurrentEpReward: 0.000 | RecentReward: 71.901 | QLoss: 0.544810 | ParamLoss: -1.123029 | Epsilon: 0.0200 | Replay: 50000
2026-09-17 10:06:21,464 | INFO | Steps: 104448/150000 | Episodes: 204 | CurrentEpReward: 0.000 | RecentReward: 72.159 | QLoss: 0.561988 | ParamLoss: -1.122410 | Epsilon: 0.0200 | Replay: 50000
2026-09-17 10:06:33,051 | INFO | Steps: 104960/150000 | Episodes: 205 | CurrentEpReward: 0.000 | RecentReward: 71.848 | QLoss: 0.523348 | ParamLoss: -1.121651 | Epsilon: 0.0200 | Replay: 50000
2026-09-17 10:06:44,630 | INFO | Steps: 105472/150000 | Episodes: 206 | CurrentEpReward: 0.000 | RecentReward: 72.477 | QLoss: 0.506461 | ParamLoss: -1.118725 | Epsilon: 0.0200 | Replay: 50000
2026-09-17 10:06:56,243 | INFO | Steps: 105984/150000 | Episodes: 207 | CurrentEpReward: 0.000 | RecentReward: 72.107 | QLoss: 0.533601 | ParamLoss: -1.116167 | Epsilon: 0.0200 | Replay: 50000
2026-09-17 10:07:07,814 | INFO | Steps: 106496/150000 | Episodes: 208 | CurrentEpReward: 0.000 | RecentReward: 72.347 | QLoss: 0.506740 | ParamLoss: -1.123608 | Epsilon: 0.0200 | Replay: 50000
2026-09-17 10:07:19,597 | INFO | Steps: 107008/150000 | Episodes: 209 | CurrentEpReward: 0.000 | RecentReward: 73.051 | QLoss: 0.540492 | ParamLoss: -1.138392 | Epsilon: 0.0200 | Replay: 50000
2026-09-17 10:07:31,478 | INFO | Steps: 107520/150000 | Episodes: 210 | CurrentEpReward: 0.000 | RecentReward: 74.563 | QLoss: 0.586470 | ParamLoss: -1.146727 | Epsilon: 0.0200 | Replay: 50000
2026-09-17 10:07:43,072 | INFO | Steps: 108032/150000 | Episodes: 211 | CurrentEpReward: 0.000 | RecentReward: 73.976 | QLoss: 0.496719 | ParamLoss: -1.154739 | Epsilon: 0.0200 | Replay: 50000
2026-09-17 10:07:54,667 | INFO | Steps: 108544/150000 | Episodes: 212 | CurrentEpReward: 0.000 | RecentReward: 74.716 | QLoss: 0.418069 | ParamLoss: -1.158865 | Epsilon: 0.0200 | Replay: 50000
2026-09-17 10:08:06,259 | INFO | Steps: 109056/150000 | Episodes: 213 | CurrentEpReward: 0.000 | RecentReward: 75.076 | QLoss: 0.457666 | ParamLoss: -1.155908 | Epsilon: 0.0200 | Replay: 50000
2026-09-17 10:08:17,846 | INFO | Steps: 109568/150000 | Episodes: 214 | CurrentEpReward: 0.000 | RecentReward: 74.671 | QLoss: 0.470754 | ParamLoss: -1.167596 | Epsilon: 0.0200 | Replay: 50000
2026-09-17 10:08:29,881 | INFO | Steps: 110080/150000 | Episodes: 215 | CurrentEpReward: 0.000 | RecentReward: 75.117 | QLoss: 0.450760 | ParamLoss: -1.176347 | Epsilon: 0.0200 | Replay: 50000
2026-09-17 10:08:41,472 | INFO | Steps: 110592/150000 | Episodes: 216 | CurrentEpReward: 0.000 | RecentReward: 75.037 | QLoss: 0.545767 | ParamLoss: -1.172459 | Epsilon: 0.0200 | Replay: 50000
2026-09-17 10:08:53,414 | INFO | Steps: 111104/150000 | Episodes: 217 | CurrentEpReward: 0.000 | RecentReward: 75.613 | QLoss: 0.527656 | ParamLoss: -1.169630 | Epsilon: 0.0200 | Replay: 50000
2026-09-17 10:09:05,075 | INFO | Steps: 111616/150000 | Episodes: 218 | CurrentEpReward: 0.000 | RecentReward: 76.402 | QLoss: 0.607596 | ParamLoss: -1.174061 | Epsilon: 0.0200 | Replay: 50000
2026-09-17 10:09:16,884 | INFO | Steps: 112128/150000 | Episodes: 219 | CurrentEpReward: 0.000 | RecentReward: 76.745 | QLoss: 0.530541 | ParamLoss: -1.173130 | Epsilon: 0.0200 | Replay: 50000
2026-09-17 10:09:28,481 | INFO | Steps: 112640/150000 | Episodes: 220 | CurrentEpReward: 0.000 | RecentReward: 75.361 | QLoss: 0.568983 | ParamLoss: -1.180502 | Epsilon: 0.0200 | Replay: 50000
2026-09-17 10:09:39,991 | INFO | Steps: 113152/150000 | Episodes: 221 | CurrentEpReward: 0.000 | RecentReward: 74.541 | QLoss: 0.513773 | ParamLoss: -1.179591 | Epsilon: 0.0200 | Replay: 50000
2026-09-17 10:09:51,611 | INFO | Steps: 113664/150000 | Episodes: 222 | CurrentEpReward: 0.000 | RecentReward: 74.195 | QLoss: 0.546190 | ParamLoss: -1.188357 | Epsilon: 0.0200 | Replay: 50000
2026-09-17 10:10:03,173 | INFO | Steps: 114176/150000 | Episodes: 223 | CurrentEpReward: 0.000 | RecentReward: 73.787 | QLoss: 0.604319 | ParamLoss: -1.185517 | Epsilon: 0.0200 | Replay: 50000
2026-09-17 10:10:14,630 | INFO | Steps: 114688/150000 | Episodes: 224 | CurrentEpReward: 0.000 | RecentReward: 74.169 | QLoss: 0.558126 | ParamLoss: -1.180779 | Epsilon: 0.0200 | Replay: 50000
2026-09-17 10:10:26,361 | INFO | Steps: 115200/150000 | Episodes: 225 | CurrentEpReward: 0.000 | RecentReward: 73.036 | QLoss: 0.513663 | ParamLoss: -1.167441 | Epsilon: 0.0200 | Replay: 50000
2026-09-17 10:10:37,922 | INFO | Steps: 115712/150000 | Episodes: 226 | CurrentEpReward: 0.000 | RecentReward: 73.275 | QLoss: 0.556127 | ParamLoss: -1.178850 | Epsilon: 0.0200 | Replay: 50000
2026-09-17 10:10:49,461 | INFO | Steps: 116224/150000 | Episodes: 227 | CurrentEpReward: 0.000 | RecentReward: 71.583 | QLoss: 0.579520 | ParamLoss: -1.192888 | Epsilon: 0.0200 | Replay: 50000
2026-09-17 10:11:01,026 | INFO | Steps: 116736/150000 | Episodes: 228 | CurrentEpReward: 0.000 | RecentReward: 69.980 | QLoss: 0.608167 | ParamLoss: -1.187723 | Epsilon: 0.0200 | Replay: 50000
2026-09-17 10:11:12,806 | INFO | Steps: 117248/150000 | Episodes: 229 | CurrentEpReward: 0.000 | RecentReward: 69.925 | QLoss: 0.463537 | ParamLoss: -1.198536 | Epsilon: 0.0200 | Replay: 50000
2026-09-17 10:11:24,828 | INFO | Steps: 117760/150000 | Episodes: 230 | CurrentEpReward: 0.000 | RecentReward: 70.963 | QLoss: 0.501405 | ParamLoss: -1.195271 | Epsilon: 0.0200 | Replay: 50000
2026-09-17 10:11:36,404 | INFO | Steps: 118272/150000 | Episodes: 231 | CurrentEpReward: 0.000 | RecentReward: 70.637 | QLoss: 0.503428 | ParamLoss: -1.196079 | Epsilon: 0.0200 | Replay: 50000
2026-09-17 10:11:48,037 | INFO | Steps: 118784/150000 | Episodes: 232 | CurrentEpReward: 0.000 | RecentReward: 70.884 | QLoss: 0.597383 | ParamLoss: -1.202620 | Epsilon: 0.0200 | Replay: 50000
2026-09-17 10:11:59,601 | INFO | Steps: 119296/150000 | Episodes: 233 | CurrentEpReward: 0.000 | RecentReward: 70.809 | QLoss: 0.512981 | ParamLoss: -1.208864 | Epsilon: 0.0200 | Replay: 50000
2026-09-17 10:12:11,088 | INFO | Steps: 119808/150000 | Episodes: 234 | CurrentEpReward: 0.000 | RecentReward: 70.918 | QLoss: 0.546590 | ParamLoss: -1.207937 | Epsilon: 0.0200 | Replay: 50000
2026-09-17 10:12:22,732 | INFO | Steps: 120320/150000 | Episodes: 235 | CurrentEpReward: 0.000 | RecentReward: 71.024 | QLoss: 0.454269 | ParamLoss: -1.201292 | Epsilon: 0.0200 | Replay: 50000
2026-09-17 10:12:34,614 | INFO | Steps: 120832/150000 | Episodes: 236 | CurrentEpReward: 0.000 | RecentReward: 70.821 | QLoss: 0.564534 | ParamLoss: -1.193378 | Epsilon: 0.0200 | Replay: 50000
2026-09-17 10:12:46,223 | INFO | Steps: 121344/150000 | Episodes: 237 | CurrentEpReward: 0.000 | RecentReward: 72.455 | QLoss: 0.490644 | ParamLoss: -1.197445 | Epsilon: 0.0200 | Replay: 50000
2026-09-17 10:12:57,874 | INFO | Steps: 121856/150000 | Episodes: 238 | CurrentEpReward: 0.000 | RecentReward: 73.338 | QLoss: 0.561507 | ParamLoss: -1.200447 | Epsilon: 0.0200 | Replay: 50000
2026-09-17 10:13:09,595 | INFO | Steps: 122368/150000 | Episodes: 239 | CurrentEpReward: 0.000 | RecentReward: 72.751 | QLoss: 0.455835 | ParamLoss: -1.212217 | Epsilon: 0.0200 | Replay: 50000
2026-09-17 10:13:21,242 | INFO | Steps: 122880/150000 | Episodes: 240 | CurrentEpReward: 0.000 | RecentReward: 71.842 | QLoss: 0.571173 | ParamLoss: -1.225296 | Epsilon: 0.0200 | Replay: 50000
2026-09-17 10:13:32,797 | INFO | Steps: 123392/150000 | Episodes: 241 | CurrentEpReward: 0.000 | RecentReward: 72.617 | QLoss: 0.576249 | ParamLoss: -1.226794 | Epsilon: 0.0200 | Replay: 50000
2026-09-17 10:13:44,407 | INFO | Steps: 123904/150000 | Episodes: 242 | CurrentEpReward: 0.000 | RecentReward: 71.931 | QLoss: 0.677254 | ParamLoss: -1.224133 | Epsilon: 0.0200 | Replay: 50000
2026-09-17 10:13:55,898 | INFO | Steps: 124416/150000 | Episodes: 243 | CurrentEpReward: 0.000 | RecentReward: 71.540 | QLoss: 0.484354 | ParamLoss: -1.229805 | Epsilon: 0.0200 | Replay: 50000
2026-09-17 10:14:07,500 | INFO | Steps: 124928/150000 | Episodes: 244 | CurrentEpReward: 0.000 | RecentReward: 71.899 | QLoss: 0.450000 | ParamLoss: -1.234819 | Epsilon: 0.0200 | Replay: 50000
2026-09-17 10:14:19,186 | INFO | Steps: 125440/150000 | Episodes: 245 | CurrentEpReward: 0.000 | RecentReward: 72.413 | QLoss: 0.544607 | ParamLoss: -1.239575 | Epsilon: 0.0200 | Replay: 50000
2026-09-17 10:14:30,728 | INFO | Steps: 125952/150000 | Episodes: 246 | CurrentEpReward: 0.000 | RecentReward: 72.013 | QLoss: 0.570180 | ParamLoss: -1.247508 | Epsilon: 0.0200 | Replay: 50000
2026-09-17 10:14:42,605 | INFO | Steps: 126464/150000 | Episodes: 247 | CurrentEpReward: 0.000 | RecentReward: 71.562 | QLoss: 0.443971 | ParamLoss: -1.255438 | Epsilon: 0.0200 | Replay: 50000
2026-09-17 10:14:54,109 | INFO | Steps: 126976/150000 | Episodes: 248 | CurrentEpReward: 0.000 | RecentReward: 70.553 | QLoss: 0.556776 | ParamLoss: -1.269052 | Epsilon: 0.0200 | Replay: 50000
2026-09-17 10:15:05,804 | INFO | Steps: 127488/150000 | Episodes: 249 | CurrentEpReward: 0.000 | RecentReward: 71.370 | QLoss: 0.528267 | ParamLoss: -1.271559 | Epsilon: 0.0200 | Replay: 50000
2026-09-17 10:15:17,492 | INFO | Steps: 128000/150000 | Episodes: 250 | CurrentEpReward: 0.000 | RecentReward: 71.948 | QLoss: 0.589057 | ParamLoss: -1.258496 | Epsilon: 0.0200 | Replay: 50000
2026-09-17 10:15:29,084 | INFO | Steps: 128512/150000 | Episodes: 251 | CurrentEpReward: 0.000 | RecentReward: 72.559 | QLoss: 0.548373 | ParamLoss: -1.261221 | Epsilon: 0.0200 | Replay: 50000
2026-09-17 10:15:40,802 | INFO | Steps: 129024/150000 | Episodes: 252 | CurrentEpReward: 0.000 | RecentReward: 73.060 | QLoss: 0.618784 | ParamLoss: -1.271551 | Epsilon: 0.0200 | Replay: 50000
2026-09-17 10:15:52,472 | INFO | Steps: 129536/150000 | Episodes: 253 | CurrentEpReward: 0.000 | RecentReward: 74.092 | QLoss: 0.580853 | ParamLoss: -1.289657 | Epsilon: 0.0200 | Replay: 50000
2026-09-17 10:16:04,093 | INFO | Steps: 130048/150000 | Episodes: 254 | CurrentEpReward: 0.000 | RecentReward: 74.146 | QLoss: 0.627738 | ParamLoss: -1.293771 | Epsilon: 0.0200 | Replay: 50000
2026-09-17 10:16:15,779 | INFO | Steps: 130560/150000 | Episodes: 255 | CurrentEpReward: 0.000 | RecentReward: 74.107 | QLoss: 0.676701 | ParamLoss: -1.299992 | Epsilon: 0.0200 | Replay: 50000
2026-09-17 10:16:27,407 | INFO | Steps: 131072/150000 | Episodes: 256 | CurrentEpReward: 0.000 | RecentReward: 74.834 | QLoss: 0.500042 | ParamLoss: -1.302392 | Epsilon: 0.0200 | Replay: 50000
2026-09-17 10:16:39,175 | INFO | Steps: 131584/150000 | Episodes: 257 | CurrentEpReward: 0.000 | RecentReward: 74.762 | QLoss: 0.478352 | ParamLoss: -1.307412 | Epsilon: 0.0200 | Replay: 50000
2026-09-17 10:16:50,810 | INFO | Steps: 132096/150000 | Episodes: 258 | CurrentEpReward: 0.000 | RecentReward: 74.916 | QLoss: 0.555934 | ParamLoss: -1.321291 | Epsilon: 0.0200 | Replay: 50000
2026-09-17 10:17:02,358 | INFO | Steps: 132608/150000 | Episodes: 259 | CurrentEpReward: 0.000 | RecentReward: 74.031 | QLoss: 0.530369 | ParamLoss: -1.324021 | Epsilon: 0.0200 | Replay: 50000
2026-09-17 10:17:14,026 | INFO | Steps: 133120/150000 | Episodes: 260 | CurrentEpReward: 0.000 | RecentReward: 73.565 | QLoss: 0.534119 | ParamLoss: -1.316759 | Epsilon: 0.0200 | Replay: 50000
2026-09-17 10:17:25,566 | INFO | Steps: 133632/150000 | Episodes: 261 | CurrentEpReward: 0.000 | RecentReward: 73.294 | QLoss: 0.626484 | ParamLoss: -1.322805 | Epsilon: 0.0200 | Replay: 50000
2026-09-17 10:17:37,147 | INFO | Steps: 134144/150000 | Episodes: 262 | CurrentEpReward: 0.000 | RecentReward: 72.983 | QLoss: 0.429888 | ParamLoss: -1.329534 | Epsilon: 0.0200 | Replay: 50000
2026-09-17 10:17:49,150 | INFO | Steps: 134656/150000 | Episodes: 263 | CurrentEpReward: 0.000 | RecentReward: 73.015 | QLoss: 0.480170 | ParamLoss: -1.330375 | Epsilon: 0.0200 | Replay: 50000
2026-09-17 10:18:00,819 | INFO | Steps: 135168/150000 | Episodes: 264 | CurrentEpReward: 0.000 | RecentReward: 72.152 | QLoss: 0.456480 | ParamLoss: -1.338786 | Epsilon: 0.0200 | Replay: 50000
2026-09-17 10:18:12,493 | INFO | Steps: 135680/150000 | Episodes: 265 | CurrentEpReward: 0.000 | RecentReward: 72.685 | QLoss: 0.506831 | ParamLoss: -1.338572 | Epsilon: 0.0200 | Replay: 50000
2026-09-17 10:18:24,139 | INFO | Steps: 136192/150000 | Episodes: 266 | CurrentEpReward: 0.000 | RecentReward: 72.612 | QLoss: 0.526865 | ParamLoss: -1.338169 | Epsilon: 0.0200 | Replay: 50000
2026-09-17 10:18:35,613 | INFO | Steps: 136704/150000 | Episodes: 267 | CurrentEpReward: 0.000 | RecentReward: 71.546 | QLoss: 0.526291 | ParamLoss: -1.323281 | Epsilon: 0.0200 | Replay: 50000
2026-09-17 10:18:47,369 | INFO | Steps: 137216/150000 | Episodes: 268 | CurrentEpReward: 0.000 | RecentReward: 72.644 | QLoss: 0.625889 | ParamLoss: -1.325760 | Epsilon: 0.0200 | Replay: 50000
2026-09-17 10:18:58,833 | INFO | Steps: 137728/150000 | Episodes: 269 | CurrentEpReward: 0.000 | RecentReward: 71.362 | QLoss: 0.618921 | ParamLoss: -1.312347 | Epsilon: 0.0200 | Replay: 50000
2026-09-17 10:19:10,494 | INFO | Steps: 138240/150000 | Episodes: 270 | CurrentEpReward: 0.000 | RecentReward: 71.881 | QLoss: 0.544566 | ParamLoss: -1.323508 | Epsilon: 0.0200 | Replay: 50000
2026-09-17 10:19:22,309 | INFO | Steps: 138752/150000 | Episodes: 271 | CurrentEpReward: 0.000 | RecentReward: 72.572 | QLoss: 0.502758 | ParamLoss: -1.318839 | Epsilon: 0.0200 | Replay: 50000
2026-09-17 10:19:33,877 | INFO | Steps: 139264/150000 | Episodes: 272 | CurrentEpReward: 0.000 | RecentReward: 72.076 | QLoss: 0.555161 | ParamLoss: -1.323931 | Epsilon: 0.0200 | Replay: 50000
2026-09-17 10:19:45,339 | INFO | Steps: 139776/150000 | Episodes: 273 | CurrentEpReward: 0.000 | RecentReward: 71.048 | QLoss: 0.657836 | ParamLoss: -1.324643 | Epsilon: 0.0200 | Replay: 50000
2026-09-17 10:19:56,878 | INFO | Steps: 140288/150000 | Episodes: 274 | CurrentEpReward: 0.000 | RecentReward: 71.751 | QLoss: 0.398713 | ParamLoss: -1.323968 | Epsilon: 0.0200 | Replay: 50000
2026-09-17 10:20:08,441 | INFO | Steps: 140800/150000 | Episodes: 275 | CurrentEpReward: 0.000 | RecentReward: 71.003 | QLoss: 0.641205 | ParamLoss: -1.331733 | Epsilon: 0.0200 | Replay: 50000
2026-09-17 10:20:20,239 | INFO | Steps: 141312/150000 | Episodes: 276 | CurrentEpReward: 0.000 | RecentReward: 71.410 | QLoss: 0.581739 | ParamLoss: -1.325585 | Epsilon: 0.0200 | Replay: 50000
2026-09-17 10:20:32,100 | INFO | Steps: 141824/150000 | Episodes: 277 | CurrentEpReward: 0.000 | RecentReward: 73.160 | QLoss: 0.671547 | ParamLoss: -1.336353 | Epsilon: 0.0200 | Replay: 50000
2026-09-17 10:20:43,845 | INFO | Steps: 142336/150000 | Episodes: 278 | CurrentEpReward: 0.000 | RecentReward: 73.362 | QLoss: 0.560733 | ParamLoss: -1.323909 | Epsilon: 0.0200 | Replay: 50000
2026-09-17 10:20:55,659 | INFO | Steps: 142848/150000 | Episodes: 279 | CurrentEpReward: 0.000 | RecentReward: 75.195 | QLoss: 0.579566 | ParamLoss: -1.314924 | Epsilon: 0.0200 | Replay: 50000
2026-09-17 10:21:07,145 | INFO | Steps: 143360/150000 | Episodes: 280 | CurrentEpReward: 0.000 | RecentReward: 73.649 | QLoss: 0.572224 | ParamLoss: -1.320020 | Epsilon: 0.0200 | Replay: 50000
2026-09-17 10:21:18,982 | INFO | Steps: 143872/150000 | Episodes: 281 | CurrentEpReward: 0.000 | RecentReward: 73.367 | QLoss: 0.595906 | ParamLoss: -1.319675 | Epsilon: 0.0200 | Replay: 50000
2026-09-17 10:21:30,599 | INFO | Steps: 144384/150000 | Episodes: 282 | CurrentEpReward: 0.000 | RecentReward: 73.637 | QLoss: 0.478147 | ParamLoss: -1.316202 | Epsilon: 0.0200 | Replay: 50000
2026-09-17 10:21:42,257 | INFO | Steps: 144896/150000 | Episodes: 283 | CurrentEpReward: 0.000 | RecentReward: 74.260 | QLoss: 0.495315 | ParamLoss: -1.295832 | Epsilon: 0.0200 | Replay: 50000
2026-09-17 10:21:53,913 | INFO | Steps: 145408/150000 | Episodes: 284 | CurrentEpReward: 0.000 | RecentReward: 74.328 | QLoss: 0.590060 | ParamLoss: -1.291595 | Epsilon: 0.0200 | Replay: 50000
2026-09-17 10:22:05,416 | INFO | Steps: 145920/150000 | Episodes: 285 | CurrentEpReward: 0.000 | RecentReward: 73.344 | QLoss: 0.545898 | ParamLoss: -1.302115 | Epsilon: 0.0200 | Replay: 50000
2026-09-17 10:22:17,231 | INFO | Steps: 146432/150000 | Episodes: 286 | CurrentEpReward: 0.000 | RecentReward: 72.816 | QLoss: 0.628543 | ParamLoss: -1.312582 | Epsilon: 0.0200 | Replay: 50000
2026-09-17 10:22:28,838 | INFO | Steps: 146944/150000 | Episodes: 287 | CurrentEpReward: 0.000 | RecentReward: 72.103 | QLoss: 0.519495 | ParamLoss: -1.311822 | Epsilon: 0.0200 | Replay: 50000
2026-09-17 10:22:40,497 | INFO | Steps: 147456/150000 | Episodes: 288 | CurrentEpReward: 0.000 | RecentReward: 71.304 | QLoss: 0.524839 | ParamLoss: -1.301230 | Epsilon: 0.0200 | Replay: 50000
2026-09-17 10:22:52,331 | INFO | Steps: 147968/150000 | Episodes: 289 | CurrentEpReward: 0.000 | RecentReward: 71.049 | QLoss: 0.640644 | ParamLoss: -1.299144 | Epsilon: 0.0200 | Replay: 50000
2026-09-17 10:23:03,908 | INFO | Steps: 148480/150000 | Episodes: 290 | CurrentEpReward: 0.000 | RecentReward: 72.632 | QLoss: 0.553345 | ParamLoss: -1.300923 | Epsilon: 0.0200 | Replay: 50000
2026-09-17 10:23:15,603 | INFO | Steps: 148992/150000 | Episodes: 291 | CurrentEpReward: 0.000 | RecentReward: 72.258 | QLoss: 0.759545 | ParamLoss: -1.303957 | Epsilon: 0.0200 | Replay: 50000
2026-09-17 10:23:27,157 | INFO | Steps: 149504/150000 | Episodes: 292 | CurrentEpReward: 0.000 | RecentReward: 72.501 | QLoss: 0.608081 | ParamLoss: -1.299513 | Epsilon: 0.0200 | Replay: 50000
2026-09-17 10:23:38,477 | INFO | Steps: 150000/150000 | Episodes: 292 | CurrentEpReward: 71.551 | RecentReward: 72.501 | QLoss: 0.525893 | ParamLoss: -1.300405 | Epsilon: 0.0200 | Replay: 50000
2026-09-17 10:24:03,860 | INFO | 新的最佳模型 (reward): 80.160，保存至 /home/pjpjq/LEO_switch/results/multiseed_0907/seed45/u35/learned_baselines/pdqn/best_model.pt
2026-09-17 10:24:03,870 | INFO | 周期权重已保存: /home/pjpjq/LEO_switch/results/multiseed_0907/seed45/u35/learned_baselines/pdqn/checkpoint_150000.pt
2026-09-17 10:24:03,896 | INFO | 最终权重已保存: /home/pjpjq/LEO_switch/results/multiseed_0907/seed45/u35/learned_baselines/pdqn/pdqn_model.pt
2026-09-17 10:24:29,315 | INFO | 训练与评估完成 | EvalReward: 80.160 ± 2.438
