Run id: promoted_rerun_20260928
Proposed method: HAN+PDQN (--algorithm pdqn)
User counts: 20, 25, 30, 35, 40
Seeds: 43, 44, 45, 46
Baselines: han_mappo, mappo_no_han, maddpg, pdqn, min_distance, full_local
Multi-user summary CSV: /home/pjpjq/LEO_switch/results/multiseed_0907/multiuser_summary.csv
Generated artifact: /home/pjpjq/LEO_switch/results/multiseed_0907/seed43/multiuser_summary.csv
Generated artifact: /home/pjpjq/LEO_switch/results/multiseed_0907/seed43/multiuser_reward_convergence.png
Generated artifact: /home/pjpjq/LEO_switch/results/multiseed_0907/seed43/multiuser_core_metrics.png
Generated artifact: /home/pjpjq/LEO_switch/results/multiseed_0907/seed43/multiuser_resource_metrics.png
Generated artifact: /home/pjpjq/LEO_switch/results/multiseed_0907/seed43/multiuser_combined_metrics.png
Generated artifact: /home/pjpjq/LEO_switch/results/multiseed_0907/seed43/suite_manifest.json
Generated artifact: /home/pjpjq/LEO_switch/results/multiseed_0907/seed44/multiuser_summary.csv
Generated artifact: /home/pjpjq/LEO_switch/results/multiseed_0907/seed44/multiuser_reward_convergence.png
Generated artifact: /home/pjpjq/LEO_switch/results/multiseed_0907/seed44/multiuser_core_metrics.png
Generated artifact: /home/pjpjq/LEO_switch/results/multiseed_0907/seed44/multiuser_resource_metrics.png
Generated artifact: /home/pjpjq/LEO_switch/results/multiseed_0907/seed44/multiuser_combined_metrics.png
Generated artifact: /home/pjpjq/LEO_switch/results/multiseed_0907/seed44/suite_manifest.json
Generated artifact: /home/pjpjq/LEO_switch/results/multiseed_0907/seed45/multiuser_summary.csv
Generated artifact: /home/pjpjq/LEO_switch/results/multiseed_0907/seed45/multiuser_reward_convergence.png
Generated artifact: /home/pjpjq/LEO_switch/results/multiseed_0907/seed45/multiuser_core_metrics.png
Generated artifact: /home/pjpjq/LEO_switch/results/multiseed_0907/seed45/multiuser_resource_metrics.png
Generated artifact: /home/pjpjq/LEO_switch/results/multiseed_0907/seed45/multiuser_combined_metrics.png
Generated artifact: /home/pjpjq/LEO_switch/results/multiseed_0907/seed45/suite_manifest.json
Generated artifact: /home/pjpjq/LEO_switch/results/multiseed_0907/seed46/multiuser_summary.csv
Generated artifact: /home/pjpjq/LEO_switch/results/multiseed_0907/seed46/multiuser_reward_convergence.png
Generated artifact: /home/pjpjq/LEO_switch/results/multiseed_0907/seed46/multiuser_core_metrics.png
Generated artifact: /home/pjpjq/LEO_switch/results/multiseed_0907/seed46/multiuser_resource_metrics.png
Generated artifact: /home/pjpjq/LEO_switch/results/multiseed_0907/seed46/multiuser_combined_metrics.png
Generated artifact: /home/pjpjq/LEO_switch/results/multiseed_0907/seed46/suite_manifest.json
Generated artifact: /home/pjpjq/LEO_switch/results/multiseed_0907/multiuser_summary.csv
Generated artifact: /home/pjpjq/LEO_switch/results/multiseed_0907/multiuser_paired_reward_advantage.csv
Generated artifact: /home/pjpjq/LEO_switch/results/multiseed_0907/multiuser_paired_reward_advantage.png
Generated artifact: /home/pjpjq/LEO_switch/results/multiseed_0907/multiuser_reward_convergence.png
Generated artifact: /home/pjpjq/LEO_switch/results/multiseed_0907/multiuser_core_metrics.png
Generated artifact: /home/pjpjq/LEO_switch/results/multiseed_0907/multiuser_resource_metrics.png
Generated artifact: /home/pjpjq/LEO_switch/results/multiseed_0907/multiuser_combined_metrics.png
Generated artifact: /home/pjpjq/LEO_switch/results/multiseed_0907/suite_manifest.json
