2026-09-12 20:26:00,801 | INFO | ============================================================
2026-09-12 20:26:00,801 | INFO | 开始训练纯 PDQN 基线
2026-09-12 20:26:00,801 | INFO | 总步数: 150000 | warmup: 1000 | batch: 128 | 日志间隔: 512 steps | 保存间隔: 50000 steps | device: cuda
2026-09-12 20:26:00,801 | INFO | ============================================================
2026-09-12 20:26:04,309 | INFO | Steps: 512/150000 | Episodes: 1 | CurrentEpReward: 0.000 | RecentReward: 7.636 | QLoss: 0.000000 | ParamLoss: 0.000000 | Epsilon: 1.0000 | Replay: 512
2026-09-12 20:26:08,011 | INFO | Steps: 1024/150000 | Episodes: 2 | CurrentEpReward: 0.000 | RecentReward: 5.652 | QLoss: 0.166580 | ParamLoss: -0.007047 | Epsilon: 0.9993 | Replay: 1024
2026-09-12 20:26:17,542 | INFO | Steps: 1536/150000 | Episodes: 3 | CurrentEpReward: 0.000 | RecentReward: 1.616 | QLoss: 0.158769 | ParamLoss: -0.014812 | Epsilon: 0.9860 | Replay: 1536
2026-09-12 20:26:26,871 | INFO | Steps: 2048/150000 | Episodes: 4 | CurrentEpReward: 0.000 | RecentReward: 2.378 | QLoss: 0.167521 | ParamLoss: -0.021720 | Epsilon: 0.9726 | Replay: 2048
2026-09-12 20:26:36,275 | INFO | Steps: 2560/150000 | Episodes: 5 | CurrentEpReward: 0.000 | RecentReward: 2.614 | QLoss: 0.170873 | ParamLoss: -0.032644 | Epsilon: 0.9592 | Replay: 2560
2026-09-12 20:26:45,587 | INFO | Steps: 3072/150000 | Episodes: 6 | CurrentEpReward: 0.000 | RecentReward: 2.360 | QLoss: 0.170665 | ParamLoss: -0.039231 | Epsilon: 0.9458 | Replay: 3072
2026-09-12 20:26:54,842 | INFO | Steps: 3584/150000 | Episodes: 7 | CurrentEpReward: 0.000 | RecentReward: 2.829 | QLoss: 0.178443 | ParamLoss: -0.049044 | Epsilon: 0.9324 | Replay: 3584
2026-09-12 20:27:04,328 | INFO | Steps: 4096/150000 | Episodes: 8 | CurrentEpReward: 0.000 | RecentReward: 3.441 | QLoss: 0.177224 | ParamLoss: -0.061522 | Epsilon: 0.9191 | Replay: 4096
2026-09-12 20:27:13,720 | INFO | Steps: 4608/150000 | Episodes: 9 | CurrentEpReward: 0.000 | RecentReward: 3.948 | QLoss: 0.178688 | ParamLoss: -0.069436 | Epsilon: 0.9057 | Replay: 4608
2026-09-12 20:27:23,106 | INFO | Steps: 5120/150000 | Episodes: 10 | CurrentEpReward: 0.000 | RecentReward: 3.663 | QLoss: 0.184820 | ParamLoss: -0.075463 | Epsilon: 0.8923 | Replay: 5120
2026-09-12 20:27:32,571 | INFO | Steps: 5632/150000 | Episodes: 11 | CurrentEpReward: 0.000 | RecentReward: 3.710 | QLoss: 0.178052 | ParamLoss: -0.077893 | Epsilon: 0.8789 | Replay: 5632
2026-09-12 20:27:42,130 | INFO | Steps: 6144/150000 | Episodes: 12 | CurrentEpReward: 0.000 | RecentReward: 5.934 | QLoss: 0.190969 | ParamLoss: -0.087886 | Epsilon: 0.8655 | Replay: 6144
2026-09-12 20:27:51,617 | INFO | Steps: 6656/150000 | Episodes: 13 | CurrentEpReward: 0.000 | RecentReward: 7.669 | QLoss: 0.185821 | ParamLoss: -0.091094 | Epsilon: 0.8522 | Replay: 6656
2026-09-12 20:28:01,110 | INFO | Steps: 7168/150000 | Episodes: 14 | CurrentEpReward: 0.000 | RecentReward: 7.955 | QLoss: 0.192628 | ParamLoss: -0.099042 | Epsilon: 0.8388 | Replay: 7168
2026-09-12 20:28:10,526 | INFO | Steps: 7680/150000 | Episodes: 15 | CurrentEpReward: 0.000 | RecentReward: 8.291 | QLoss: 0.199355 | ParamLoss: -0.110895 | Epsilon: 0.8254 | Replay: 7680
2026-09-12 20:28:20,197 | INFO | Steps: 8192/150000 | Episodes: 16 | CurrentEpReward: 0.000 | RecentReward: 11.015 | QLoss: 0.193741 | ParamLoss: -0.120539 | Epsilon: 0.8120 | Replay: 8192
2026-09-12 20:28:29,725 | INFO | Steps: 8704/150000 | Episodes: 17 | CurrentEpReward: 0.000 | RecentReward: 12.045 | QLoss: 0.193006 | ParamLoss: -0.128379 | Epsilon: 0.7986 | Replay: 8704
2026-09-12 20:28:39,241 | INFO | Steps: 9216/150000 | Episodes: 18 | CurrentEpReward: 0.000 | RecentReward: 12.895 | QLoss: 0.198947 | ParamLoss: -0.136257 | Epsilon: 0.7853 | Replay: 9216
2026-09-12 20:28:48,725 | INFO | Steps: 9728/150000 | Episodes: 19 | CurrentEpReward: 0.000 | RecentReward: 14.404 | QLoss: 0.193610 | ParamLoss: -0.148601 | Epsilon: 0.7719 | Replay: 9728
2026-09-12 20:28:58,219 | INFO | Steps: 10240/150000 | Episodes: 20 | CurrentEpReward: 0.000 | RecentReward: 16.549 | QLoss: 0.203299 | ParamLoss: -0.159162 | Epsilon: 0.7585 | Replay: 10240
2026-09-12 20:29:07,917 | INFO | Steps: 10752/150000 | Episodes: 21 | CurrentEpReward: 0.000 | RecentReward: 18.290 | QLoss: 0.203930 | ParamLoss: -0.168760 | Epsilon: 0.7451 | Replay: 10752
2026-09-12 20:29:17,402 | INFO | Steps: 11264/150000 | Episodes: 22 | CurrentEpReward: 0.000 | RecentReward: 17.215 | QLoss: 0.206581 | ParamLoss: -0.178716 | Epsilon: 0.7317 | Replay: 11264
2026-09-12 20:29:26,980 | INFO | Steps: 11776/150000 | Episodes: 23 | CurrentEpReward: 0.000 | RecentReward: 17.929 | QLoss: 0.208973 | ParamLoss: -0.188414 | Epsilon: 0.7184 | Replay: 11776
2026-09-12 20:29:36,488 | INFO | Steps: 12288/150000 | Episodes: 24 | CurrentEpReward: 0.000 | RecentReward: 18.779 | QLoss: 0.217175 | ParamLoss: -0.197037 | Epsilon: 0.7050 | Replay: 12288
2026-09-12 20:29:45,951 | INFO | Steps: 12800/150000 | Episodes: 25 | CurrentEpReward: 0.000 | RecentReward: 19.961 | QLoss: 0.217679 | ParamLoss: -0.207862 | Epsilon: 0.6916 | Replay: 12800
2026-09-12 20:29:55,627 | INFO | Steps: 13312/150000 | Episodes: 26 | CurrentEpReward: 0.000 | RecentReward: 19.556 | QLoss: 0.217569 | ParamLoss: -0.216701 | Epsilon: 0.6782 | Replay: 13312
2026-09-12 20:30:05,223 | INFO | Steps: 13824/150000 | Episodes: 27 | CurrentEpReward: 0.000 | RecentReward: 20.948 | QLoss: 0.222384 | ParamLoss: -0.221222 | Epsilon: 0.6648 | Replay: 13824
2026-09-12 20:30:14,809 | INFO | Steps: 14336/150000 | Episodes: 28 | CurrentEpReward: 0.000 | RecentReward: 22.205 | QLoss: 0.223460 | ParamLoss: -0.230720 | Epsilon: 0.6515 | Replay: 14336
2026-09-12 20:30:24,403 | INFO | Steps: 14848/150000 | Episodes: 29 | CurrentEpReward: 0.000 | RecentReward: 23.301 | QLoss: 0.229551 | ParamLoss: -0.247078 | Epsilon: 0.6381 | Replay: 14848
2026-09-12 20:30:33,990 | INFO | Steps: 15360/150000 | Episodes: 30 | CurrentEpReward: 0.000 | RecentReward: 23.921 | QLoss: 0.226299 | ParamLoss: -0.257734 | Epsilon: 0.6247 | Replay: 15360
2026-09-12 20:30:43,501 | INFO | Steps: 15872/150000 | Episodes: 31 | CurrentEpReward: 0.000 | RecentReward: 23.442 | QLoss: 0.233082 | ParamLoss: -0.270478 | Epsilon: 0.6113 | Replay: 15872
2026-09-12 20:30:52,926 | INFO | Steps: 16384/150000 | Episodes: 32 | CurrentEpReward: 0.000 | RecentReward: 25.247 | QLoss: 0.248836 | ParamLoss: -0.279788 | Epsilon: 0.5979 | Replay: 16384
2026-09-12 20:31:02,485 | INFO | Steps: 16896/150000 | Episodes: 33 | CurrentEpReward: 0.000 | RecentReward: 27.116 | QLoss: 0.242497 | ParamLoss: -0.291473 | Epsilon: 0.5846 | Replay: 16896
2026-09-12 20:31:11,914 | INFO | Steps: 17408/150000 | Episodes: 34 | CurrentEpReward: 0.000 | RecentReward: 27.384 | QLoss: 0.249790 | ParamLoss: -0.305815 | Epsilon: 0.5712 | Replay: 17408
2026-09-12 20:31:21,387 | INFO | Steps: 17920/150000 | Episodes: 35 | CurrentEpReward: 0.000 | RecentReward: 28.034 | QLoss: 0.249533 | ParamLoss: -0.318267 | Epsilon: 0.5578 | Replay: 17920
2026-09-12 20:31:30,911 | INFO | Steps: 18432/150000 | Episodes: 36 | CurrentEpReward: 0.000 | RecentReward: 28.965 | QLoss: 0.258024 | ParamLoss: -0.330529 | Epsilon: 0.5444 | Replay: 18432
2026-09-12 20:31:40,445 | INFO | Steps: 18944/150000 | Episodes: 37 | CurrentEpReward: 0.000 | RecentReward: 30.328 | QLoss: 0.261029 | ParamLoss: -0.345345 | Epsilon: 0.5310 | Replay: 18944
2026-09-12 20:31:50,029 | INFO | Steps: 19456/150000 | Episodes: 38 | CurrentEpReward: 0.000 | RecentReward: 30.526 | QLoss: 0.270733 | ParamLoss: -0.354988 | Epsilon: 0.5177 | Replay: 19456
2026-09-12 20:31:59,545 | INFO | Steps: 19968/150000 | Episodes: 39 | CurrentEpReward: 0.000 | RecentReward: 30.655 | QLoss: 0.265387 | ParamLoss: -0.359743 | Epsilon: 0.5043 | Replay: 19968
2026-09-12 20:32:09,254 | INFO | Steps: 20480/150000 | Episodes: 40 | CurrentEpReward: 0.000 | RecentReward: 32.957 | QLoss: 0.285301 | ParamLoss: -0.369295 | Epsilon: 0.4909 | Replay: 20480
2026-09-12 20:32:18,926 | INFO | Steps: 20992/150000 | Episodes: 41 | CurrentEpReward: 0.000 | RecentReward: 35.706 | QLoss: 0.273388 | ParamLoss: -0.375740 | Epsilon: 0.4775 | Replay: 20992
2026-09-12 20:32:28,451 | INFO | Steps: 21504/150000 | Episodes: 42 | CurrentEpReward: 0.000 | RecentReward: 35.848 | QLoss: 0.285102 | ParamLoss: -0.383812 | Epsilon: 0.4641 | Replay: 21504
2026-09-12 20:32:37,919 | INFO | Steps: 22016/150000 | Episodes: 43 | CurrentEpReward: 0.000 | RecentReward: 36.397 | QLoss: 0.281303 | ParamLoss: -0.399808 | Epsilon: 0.4508 | Replay: 22016
2026-09-12 20:32:47,397 | INFO | Steps: 22528/150000 | Episodes: 44 | CurrentEpReward: 0.000 | RecentReward: 39.359 | QLoss: 0.306367 | ParamLoss: -0.413820 | Epsilon: 0.4374 | Replay: 22528
2026-09-12 20:32:56,963 | INFO | Steps: 23040/150000 | Episodes: 45 | CurrentEpReward: 0.000 | RecentReward: 40.587 | QLoss: 0.298107 | ParamLoss: -0.427461 | Epsilon: 0.4240 | Replay: 23040
2026-09-12 20:33:06,456 | INFO | Steps: 23552/150000 | Episodes: 46 | CurrentEpReward: 0.000 | RecentReward: 41.342 | QLoss: 0.282349 | ParamLoss: -0.442907 | Epsilon: 0.4106 | Replay: 23552
2026-09-12 20:33:16,018 | INFO | Steps: 24064/150000 | Episodes: 47 | CurrentEpReward: 0.000 | RecentReward: 42.387 | QLoss: 0.305413 | ParamLoss: -0.452754 | Epsilon: 0.3972 | Replay: 24064
2026-09-12 20:33:25,554 | INFO | Steps: 24576/150000 | Episodes: 48 | CurrentEpReward: 0.000 | RecentReward: 44.418 | QLoss: 0.317002 | ParamLoss: -0.465673 | Epsilon: 0.3839 | Replay: 24576
2026-09-12 20:33:35,212 | INFO | Steps: 25088/150000 | Episodes: 49 | CurrentEpReward: 0.000 | RecentReward: 45.582 | QLoss: 0.315459 | ParamLoss: -0.470944 | Epsilon: 0.3705 | Replay: 25088
2026-09-12 20:33:44,860 | INFO | Steps: 25600/150000 | Episodes: 50 | CurrentEpReward: 0.000 | RecentReward: 45.565 | QLoss: 0.312154 | ParamLoss: -0.478470 | Epsilon: 0.3571 | Replay: 25600
2026-09-12 20:33:54,698 | INFO | Steps: 26112/150000 | Episodes: 51 | CurrentEpReward: 0.000 | RecentReward: 47.360 | QLoss: 0.325506 | ParamLoss: -0.496590 | Epsilon: 0.3437 | Replay: 26112
2026-09-12 20:34:04,292 | INFO | Steps: 26624/150000 | Episodes: 52 | CurrentEpReward: 0.000 | RecentReward: 49.288 | QLoss: 0.319354 | ParamLoss: -0.510390 | Epsilon: 0.3303 | Replay: 26624
2026-09-12 20:34:13,986 | INFO | Steps: 27136/150000 | Episodes: 53 | CurrentEpReward: 0.000 | RecentReward: 51.402 | QLoss: 0.327678 | ParamLoss: -0.527254 | Epsilon: 0.3170 | Replay: 27136
2026-09-12 20:34:23,756 | INFO | Steps: 27648/150000 | Episodes: 54 | CurrentEpReward: 0.000 | RecentReward: 53.648 | QLoss: 0.325445 | ParamLoss: -0.543645 | Epsilon: 0.3036 | Replay: 27648
2026-09-12 20:34:33,560 | INFO | Steps: 28160/150000 | Episodes: 55 | CurrentEpReward: 0.000 | RecentReward: 56.329 | QLoss: 0.372760 | ParamLoss: -0.546356 | Epsilon: 0.2902 | Replay: 28160
2026-09-12 20:34:43,133 | INFO | Steps: 28672/150000 | Episodes: 56 | CurrentEpReward: 0.000 | RecentReward: 57.820 | QLoss: 0.345702 | ParamLoss: -0.557041 | Epsilon: 0.2768 | Replay: 28672
2026-09-12 20:34:52,718 | INFO | Steps: 29184/150000 | Episodes: 57 | CurrentEpReward: 0.000 | RecentReward: 58.320 | QLoss: 0.386624 | ParamLoss: -0.570355 | Epsilon: 0.2634 | Replay: 29184
2026-09-12 20:35:02,346 | INFO | Steps: 29696/150000 | Episodes: 58 | CurrentEpReward: 0.000 | RecentReward: 59.893 | QLoss: 0.335873 | ParamLoss: -0.566146 | Epsilon: 0.2501 | Replay: 29696
2026-09-12 20:35:12,035 | INFO | Steps: 30208/150000 | Episodes: 59 | CurrentEpReward: 0.000 | RecentReward: 61.829 | QLoss: 0.372985 | ParamLoss: -0.569497 | Epsilon: 0.2367 | Replay: 30208
2026-09-12 20:35:21,746 | INFO | Steps: 30720/150000 | Episodes: 60 | CurrentEpReward: 0.000 | RecentReward: 63.753 | QLoss: 0.381332 | ParamLoss: -0.576355 | Epsilon: 0.2233 | Replay: 30720
2026-09-12 20:35:31,305 | INFO | Steps: 31232/150000 | Episodes: 61 | CurrentEpReward: 0.000 | RecentReward: 63.123 | QLoss: 0.349520 | ParamLoss: -0.587586 | Epsilon: 0.2099 | Replay: 31232
2026-09-12 20:35:40,938 | INFO | Steps: 31744/150000 | Episodes: 62 | CurrentEpReward: 0.000 | RecentReward: 64.256 | QLoss: 0.366401 | ParamLoss: -0.588388 | Epsilon: 0.1965 | Replay: 31744
2026-09-12 20:35:50,569 | INFO | Steps: 32256/150000 | Episodes: 63 | CurrentEpReward: 0.000 | RecentReward: 64.400 | QLoss: 0.349573 | ParamLoss: -0.604391 | Epsilon: 0.1832 | Replay: 32256
2026-09-12 20:36:00,209 | INFO | Steps: 32768/150000 | Episodes: 64 | CurrentEpReward: 0.000 | RecentReward: 64.721 | QLoss: 0.343477 | ParamLoss: -0.612299 | Epsilon: 0.1698 | Replay: 32768
2026-09-12 20:36:09,867 | INFO | Steps: 33280/150000 | Episodes: 65 | CurrentEpReward: 0.000 | RecentReward: 65.445 | QLoss: 0.360038 | ParamLoss: -0.625079 | Epsilon: 0.1564 | Replay: 33280
2026-09-12 20:36:19,502 | INFO | Steps: 33792/150000 | Episodes: 66 | CurrentEpReward: 0.000 | RecentReward: 67.002 | QLoss: 0.393855 | ParamLoss: -0.636408 | Epsilon: 0.1430 | Replay: 33792
2026-09-12 20:36:29,074 | INFO | Steps: 34304/150000 | Episodes: 67 | CurrentEpReward: 0.000 | RecentReward: 68.093 | QLoss: 0.389940 | ParamLoss: -0.633384 | Epsilon: 0.1296 | Replay: 34304
2026-09-12 20:36:38,727 | INFO | Steps: 34816/150000 | Episodes: 68 | CurrentEpReward: 0.000 | RecentReward: 68.820 | QLoss: 0.373360 | ParamLoss: -0.652453 | Epsilon: 0.1162 | Replay: 34816
2026-09-12 20:36:48,443 | INFO | Steps: 35328/150000 | Episodes: 69 | CurrentEpReward: 0.000 | RecentReward: 70.076 | QLoss: 0.408763 | ParamLoss: -0.662771 | Epsilon: 0.1029 | Replay: 35328
2026-09-12 20:36:58,221 | INFO | Steps: 35840/150000 | Episodes: 70 | CurrentEpReward: 0.000 | RecentReward: 71.383 | QLoss: 0.340616 | ParamLoss: -0.669634 | Epsilon: 0.0895 | Replay: 35840
2026-09-12 20:37:07,866 | INFO | Steps: 36352/150000 | Episodes: 71 | CurrentEpReward: 0.000 | RecentReward: 73.037 | QLoss: 0.395433 | ParamLoss: -0.675095 | Epsilon: 0.0761 | Replay: 36352
2026-09-12 20:37:17,484 | INFO | Steps: 36864/150000 | Episodes: 72 | CurrentEpReward: 0.000 | RecentReward: 74.796 | QLoss: 0.344303 | ParamLoss: -0.669127 | Epsilon: 0.0627 | Replay: 36864
2026-09-12 20:37:27,171 | INFO | Steps: 37376/150000 | Episodes: 73 | CurrentEpReward: 0.000 | RecentReward: 75.986 | QLoss: 0.403972 | ParamLoss: -0.677241 | Epsilon: 0.0493 | Replay: 37376
2026-09-12 20:37:36,635 | INFO | Steps: 37888/150000 | Episodes: 74 | CurrentEpReward: 0.000 | RecentReward: 77.017 | QLoss: 0.378172 | ParamLoss: -0.694512 | Epsilon: 0.0360 | Replay: 37888
2026-09-12 20:37:46,189 | INFO | Steps: 38400/150000 | Episodes: 75 | CurrentEpReward: 0.000 | RecentReward: 77.951 | QLoss: 0.370010 | ParamLoss: -0.698251 | Epsilon: 0.0226 | Replay: 38400
2026-09-12 20:37:55,938 | INFO | Steps: 38912/150000 | Episodes: 76 | CurrentEpReward: 0.000 | RecentReward: 79.234 | QLoss: 0.399348 | ParamLoss: -0.700311 | Epsilon: 0.0200 | Replay: 38912
2026-09-12 20:38:05,551 | INFO | Steps: 39424/150000 | Episodes: 77 | CurrentEpReward: 0.000 | RecentReward: 80.708 | QLoss: 0.443431 | ParamLoss: -0.705012 | Epsilon: 0.0200 | Replay: 39424
2026-09-12 20:38:15,099 | INFO | Steps: 39936/150000 | Episodes: 78 | CurrentEpReward: 0.000 | RecentReward: 81.170 | QLoss: 0.350632 | ParamLoss: -0.714318 | Epsilon: 0.0200 | Replay: 39936
2026-09-12 20:38:24,763 | INFO | Steps: 40448/150000 | Episodes: 79 | CurrentEpReward: 0.000 | RecentReward: 82.391 | QLoss: 0.326666 | ParamLoss: -0.712021 | Epsilon: 0.0200 | Replay: 40448
2026-09-12 20:38:34,374 | INFO | Steps: 40960/150000 | Episodes: 80 | CurrentEpReward: 0.000 | RecentReward: 83.546 | QLoss: 0.352563 | ParamLoss: -0.714286 | Epsilon: 0.0200 | Replay: 40960
2026-09-12 20:38:44,011 | INFO | Steps: 41472/150000 | Episodes: 81 | CurrentEpReward: 0.000 | RecentReward: 85.090 | QLoss: 0.424765 | ParamLoss: -0.721654 | Epsilon: 0.0200 | Replay: 41472
2026-09-12 20:38:53,626 | INFO | Steps: 41984/150000 | Episodes: 82 | CurrentEpReward: 0.000 | RecentReward: 86.274 | QLoss: 0.433972 | ParamLoss: -0.739839 | Epsilon: 0.0200 | Replay: 41984
2026-09-12 20:39:03,090 | INFO | Steps: 42496/150000 | Episodes: 83 | CurrentEpReward: 0.000 | RecentReward: 87.442 | QLoss: 0.416440 | ParamLoss: -0.741627 | Epsilon: 0.0200 | Replay: 42496
2026-09-12 20:39:12,770 | INFO | Steps: 43008/150000 | Episodes: 84 | CurrentEpReward: 0.000 | RecentReward: 88.109 | QLoss: 0.380192 | ParamLoss: -0.749735 | Epsilon: 0.0200 | Replay: 43008
2026-09-12 20:39:22,201 | INFO | Steps: 43520/150000 | Episodes: 85 | CurrentEpReward: 0.000 | RecentReward: 88.455 | QLoss: 0.398802 | ParamLoss: -0.760273 | Epsilon: 0.0200 | Replay: 43520
2026-09-12 20:39:31,630 | INFO | Steps: 44032/150000 | Episodes: 86 | CurrentEpReward: 0.000 | RecentReward: 88.307 | QLoss: 0.449546 | ParamLoss: -0.766048 | Epsilon: 0.0200 | Replay: 44032
2026-09-12 20:39:41,055 | INFO | Steps: 44544/150000 | Episodes: 87 | CurrentEpReward: 0.000 | RecentReward: 88.598 | QLoss: 0.418468 | ParamLoss: -0.778782 | Epsilon: 0.0200 | Replay: 44544
2026-09-12 20:39:50,576 | INFO | Steps: 45056/150000 | Episodes: 88 | CurrentEpReward: 0.000 | RecentReward: 89.948 | QLoss: 0.477744 | ParamLoss: -0.796251 | Epsilon: 0.0200 | Replay: 45056
2026-09-12 20:40:00,206 | INFO | Steps: 45568/150000 | Episodes: 89 | CurrentEpReward: 0.000 | RecentReward: 89.632 | QLoss: 0.405128 | ParamLoss: -0.806729 | Epsilon: 0.0200 | Replay: 45568
2026-09-12 20:40:09,916 | INFO | Steps: 46080/150000 | Episodes: 90 | CurrentEpReward: 0.000 | RecentReward: 89.336 | QLoss: 0.397482 | ParamLoss: -0.821785 | Epsilon: 0.0200 | Replay: 46080
2026-09-12 20:40:19,565 | INFO | Steps: 46592/150000 | Episodes: 91 | CurrentEpReward: 0.000 | RecentReward: 89.598 | QLoss: 0.531069 | ParamLoss: -0.833367 | Epsilon: 0.0200 | Replay: 46592
2026-09-12 20:40:29,336 | INFO | Steps: 47104/150000 | Episodes: 92 | CurrentEpReward: 0.000 | RecentReward: 89.673 | QLoss: 0.444754 | ParamLoss: -0.848752 | Epsilon: 0.0200 | Replay: 47104
2026-09-12 20:40:38,949 | INFO | Steps: 47616/150000 | Episodes: 93 | CurrentEpReward: 0.000 | RecentReward: 89.807 | QLoss: 0.429612 | ParamLoss: -0.860931 | Epsilon: 0.0200 | Replay: 47616
2026-09-12 20:40:48,392 | INFO | Steps: 48128/150000 | Episodes: 94 | CurrentEpReward: 0.000 | RecentReward: 89.122 | QLoss: 0.462455 | ParamLoss: -0.858603 | Epsilon: 0.0200 | Replay: 48128
2026-09-12 20:40:57,770 | INFO | Steps: 48640/150000 | Episodes: 95 | CurrentEpReward: 0.000 | RecentReward: 89.067 | QLoss: 0.418185 | ParamLoss: -0.865450 | Epsilon: 0.0200 | Replay: 48640
2026-09-12 20:41:07,251 | INFO | Steps: 49152/150000 | Episodes: 96 | CurrentEpReward: 0.000 | RecentReward: 90.194 | QLoss: 0.393502 | ParamLoss: -0.857996 | Epsilon: 0.0200 | Replay: 49152
2026-09-12 20:41:16,812 | INFO | Steps: 49664/150000 | Episodes: 97 | CurrentEpReward: 0.000 | RecentReward: 91.383 | QLoss: 0.462068 | ParamLoss: -0.874311 | Epsilon: 0.0200 | Replay: 49664
2026-09-12 20:41:42,812 | INFO | 新的最佳模型 (reward): 94.721，保存至 /home/pjpjq/LEO_switch/results/multiseed_0907/seed46/u20/learned_baselines/pdqn/best_model.pt
2026-09-12 20:41:42,822 | INFO | 周期权重已保存: /home/pjpjq/LEO_switch/results/multiseed_0907/seed46/u20/learned_baselines/pdqn/checkpoint_50000.pt
2026-09-12 20:41:46,219 | INFO | Steps: 50176/150000 | Episodes: 98 | CurrentEpReward: 0.000 | RecentReward: 91.718 | QLoss: 0.455124 | ParamLoss: -0.884856 | Epsilon: 0.0200 | Replay: 50000
2026-09-12 20:41:55,707 | INFO | Steps: 50688/150000 | Episodes: 99 | CurrentEpReward: 0.000 | RecentReward: 92.501 | QLoss: 0.405878 | ParamLoss: -0.897291 | Epsilon: 0.0200 | Replay: 50000
2026-09-12 20:42:05,313 | INFO | Steps: 51200/150000 | Episodes: 100 | CurrentEpReward: 0.000 | RecentReward: 92.684 | QLoss: 0.466514 | ParamLoss: -0.904731 | Epsilon: 0.0200 | Replay: 50000
2026-09-12 20:42:15,056 | INFO | Steps: 51712/150000 | Episodes: 101 | CurrentEpReward: 0.000 | RecentReward: 92.588 | QLoss: 0.474018 | ParamLoss: -0.917604 | Epsilon: 0.0200 | Replay: 50000
2026-09-12 20:42:24,734 | INFO | Steps: 52224/150000 | Episodes: 102 | CurrentEpReward: 0.000 | RecentReward: 91.957 | QLoss: 0.480976 | ParamLoss: -0.925914 | Epsilon: 0.0200 | Replay: 50000
2026-09-12 20:42:34,326 | INFO | Steps: 52736/150000 | Episodes: 103 | CurrentEpReward: 0.000 | RecentReward: 92.019 | QLoss: 0.465745 | ParamLoss: -0.939150 | Epsilon: 0.0200 | Replay: 50000
2026-09-12 20:42:43,941 | INFO | Steps: 53248/150000 | Episodes: 104 | CurrentEpReward: 0.000 | RecentReward: 92.965 | QLoss: 0.501780 | ParamLoss: -0.938703 | Epsilon: 0.0200 | Replay: 50000
2026-09-12 20:42:53,760 | INFO | Steps: 53760/150000 | Episodes: 105 | CurrentEpReward: 0.000 | RecentReward: 94.697 | QLoss: 0.395676 | ParamLoss: -0.944325 | Epsilon: 0.0200 | Replay: 50000
2026-09-12 20:43:03,363 | INFO | Steps: 54272/150000 | Episodes: 106 | CurrentEpReward: 0.000 | RecentReward: 94.022 | QLoss: 0.437192 | ParamLoss: -0.959249 | Epsilon: 0.0200 | Replay: 50000
2026-09-12 20:43:12,990 | INFO | Steps: 54784/150000 | Episodes: 107 | CurrentEpReward: 0.000 | RecentReward: 92.204 | QLoss: 0.431666 | ParamLoss: -0.964957 | Epsilon: 0.0200 | Replay: 50000
2026-09-12 20:43:22,648 | INFO | Steps: 55296/150000 | Episodes: 108 | CurrentEpReward: 0.000 | RecentReward: 91.978 | QLoss: 0.471410 | ParamLoss: -0.968496 | Epsilon: 0.0200 | Replay: 50000
2026-09-12 20:43:32,173 | INFO | Steps: 55808/150000 | Episodes: 109 | CurrentEpReward: 0.000 | RecentReward: 91.681 | QLoss: 0.462782 | ParamLoss: -0.972847 | Epsilon: 0.0200 | Replay: 50000
2026-09-12 20:43:41,966 | INFO | Steps: 56320/150000 | Episodes: 110 | CurrentEpReward: 0.000 | RecentReward: 91.851 | QLoss: 0.475666 | ParamLoss: -0.980219 | Epsilon: 0.0200 | Replay: 50000
2026-09-12 20:43:51,600 | INFO | Steps: 56832/150000 | Episodes: 111 | CurrentEpReward: 0.000 | RecentReward: 91.458 | QLoss: 0.535637 | ParamLoss: -0.985979 | Epsilon: 0.0200 | Replay: 50000
2026-09-12 20:44:01,219 | INFO | Steps: 57344/150000 | Episodes: 112 | CurrentEpReward: 0.000 | RecentReward: 91.237 | QLoss: 0.454891 | ParamLoss: -0.991147 | Epsilon: 0.0200 | Replay: 50000
2026-09-12 20:44:11,005 | INFO | Steps: 57856/150000 | Episodes: 113 | CurrentEpReward: 0.000 | RecentReward: 91.943 | QLoss: 0.496709 | ParamLoss: -0.998024 | Epsilon: 0.0200 | Replay: 50000
2026-09-12 20:44:20,642 | INFO | Steps: 58368/150000 | Episodes: 114 | CurrentEpReward: 0.000 | RecentReward: 91.473 | QLoss: 0.582469 | ParamLoss: -0.990879 | Epsilon: 0.0200 | Replay: 50000
2026-09-12 20:44:30,295 | INFO | Steps: 58880/150000 | Episodes: 115 | CurrentEpReward: 0.000 | RecentReward: 91.127 | QLoss: 0.486985 | ParamLoss: -1.006796 | Epsilon: 0.0200 | Replay: 50000
2026-09-12 20:44:39,930 | INFO | Steps: 59392/150000 | Episodes: 116 | CurrentEpReward: 0.000 | RecentReward: 91.141 | QLoss: 0.519661 | ParamLoss: -1.015136 | Epsilon: 0.0200 | Replay: 50000
2026-09-12 20:44:49,741 | INFO | Steps: 59904/150000 | Episodes: 117 | CurrentEpReward: 0.000 | RecentReward: 92.896 | QLoss: 0.462201 | ParamLoss: -1.028752 | Epsilon: 0.0200 | Replay: 50000
2026-09-12 20:44:59,444 | INFO | Steps: 60416/150000 | Episodes: 118 | CurrentEpReward: 0.000 | RecentReward: 92.798 | QLoss: 0.418984 | ParamLoss: -1.032686 | Epsilon: 0.0200 | Replay: 50000
2026-09-12 20:45:09,346 | INFO | Steps: 60928/150000 | Episodes: 119 | CurrentEpReward: 0.000 | RecentReward: 93.366 | QLoss: 0.511308 | ParamLoss: -1.048429 | Epsilon: 0.0200 | Replay: 50000
2026-09-12 20:45:19,026 | INFO | Steps: 61440/150000 | Episodes: 120 | CurrentEpReward: 0.000 | RecentReward: 93.107 | QLoss: 0.463408 | ParamLoss: -1.052927 | Epsilon: 0.0200 | Replay: 50000
2026-09-12 20:45:28,789 | INFO | Steps: 61952/150000 | Episodes: 121 | CurrentEpReward: 0.000 | RecentReward: 93.909 | QLoss: 0.551571 | ParamLoss: -1.070492 | Epsilon: 0.0200 | Replay: 50000
2026-09-12 20:45:38,542 | INFO | Steps: 62464/150000 | Episodes: 122 | CurrentEpReward: 0.000 | RecentReward: 93.520 | QLoss: 0.494573 | ParamLoss: -1.072565 | Epsilon: 0.0200 | Replay: 50000
2026-09-12 20:45:48,342 | INFO | Steps: 62976/150000 | Episodes: 123 | CurrentEpReward: 0.000 | RecentReward: 93.094 | QLoss: 0.452066 | ParamLoss: -1.085978 | Epsilon: 0.0200 | Replay: 50000
2026-09-12 20:45:58,130 | INFO | Steps: 63488/150000 | Episodes: 124 | CurrentEpReward: 0.000 | RecentReward: 93.189 | QLoss: 0.470741 | ParamLoss: -1.080879 | Epsilon: 0.0200 | Replay: 50000
2026-09-12 20:46:07,879 | INFO | Steps: 64000/150000 | Episodes: 125 | CurrentEpReward: 0.000 | RecentReward: 92.765 | QLoss: 0.544960 | ParamLoss: -1.077459 | Epsilon: 0.0200 | Replay: 50000
2026-09-12 20:46:17,515 | INFO | Steps: 64512/150000 | Episodes: 126 | CurrentEpReward: 0.000 | RecentReward: 92.562 | QLoss: 0.476839 | ParamLoss: -1.086949 | Epsilon: 0.0200 | Replay: 50000
2026-09-12 20:46:27,422 | INFO | Steps: 65024/150000 | Episodes: 127 | CurrentEpReward: 0.000 | RecentReward: 92.202 | QLoss: 0.483845 | ParamLoss: -1.094965 | Epsilon: 0.0200 | Replay: 50000
2026-09-12 20:46:37,081 | INFO | Steps: 65536/150000 | Episodes: 128 | CurrentEpReward: 0.000 | RecentReward: 91.798 | QLoss: 0.410317 | ParamLoss: -1.100348 | Epsilon: 0.0200 | Replay: 50000
2026-09-12 20:46:46,773 | INFO | Steps: 66048/150000 | Episodes: 129 | CurrentEpReward: 0.000 | RecentReward: 90.870 | QLoss: 0.572509 | ParamLoss: -1.105770 | Epsilon: 0.0200 | Replay: 50000
2026-09-12 20:46:56,562 | INFO | Steps: 66560/150000 | Episodes: 130 | CurrentEpReward: 0.000 | RecentReward: 91.079 | QLoss: 0.588212 | ParamLoss: -1.116531 | Epsilon: 0.0200 | Replay: 50000
2026-09-12 20:47:06,308 | INFO | Steps: 67072/150000 | Episodes: 131 | CurrentEpReward: 0.000 | RecentReward: 90.763 | QLoss: 0.553739 | ParamLoss: -1.111493 | Epsilon: 0.0200 | Replay: 50000
2026-09-12 20:47:16,112 | INFO | Steps: 67584/150000 | Episodes: 132 | CurrentEpReward: 0.000 | RecentReward: 92.071 | QLoss: 0.503498 | ParamLoss: -1.114450 | Epsilon: 0.0200 | Replay: 50000
2026-09-12 20:47:25,876 | INFO | Steps: 68096/150000 | Episodes: 133 | CurrentEpReward: 0.000 | RecentReward: 91.892 | QLoss: 0.530179 | ParamLoss: -1.105122 | Epsilon: 0.0200 | Replay: 50000
2026-09-12 20:47:35,542 | INFO | Steps: 68608/150000 | Episodes: 134 | CurrentEpReward: 0.000 | RecentReward: 90.850 | QLoss: 0.648505 | ParamLoss: -1.108944 | Epsilon: 0.0200 | Replay: 50000
2026-09-12 20:47:45,427 | INFO | Steps: 69120/150000 | Episodes: 135 | CurrentEpReward: 0.000 | RecentReward: 91.601 | QLoss: 0.426226 | ParamLoss: -1.112342 | Epsilon: 0.0200 | Replay: 50000
2026-09-12 20:47:55,202 | INFO | Steps: 69632/150000 | Episodes: 136 | CurrentEpReward: 0.000 | RecentReward: 92.854 | QLoss: 0.463796 | ParamLoss: -1.120745 | Epsilon: 0.0200 | Replay: 50000
2026-09-12 20:48:05,156 | INFO | Steps: 70144/150000 | Episodes: 137 | CurrentEpReward: 0.000 | RecentReward: 93.555 | QLoss: 0.509192 | ParamLoss: -1.119690 | Epsilon: 0.0200 | Replay: 50000
2026-09-12 20:48:14,934 | INFO | Steps: 70656/150000 | Episodes: 138 | CurrentEpReward: 0.000 | RecentReward: 93.427 | QLoss: 0.509573 | ParamLoss: -1.127932 | Epsilon: 0.0200 | Replay: 50000
2026-09-12 20:48:24,664 | INFO | Steps: 71168/150000 | Episodes: 139 | CurrentEpReward: 0.000 | RecentReward: 93.390 | QLoss: 0.520486 | ParamLoss: -1.143822 | Epsilon: 0.0200 | Replay: 50000
2026-09-12 20:48:34,399 | INFO | Steps: 71680/150000 | Episodes: 140 | CurrentEpReward: 0.000 | RecentReward: 92.009 | QLoss: 0.397217 | ParamLoss: -1.152564 | Epsilon: 0.0200 | Replay: 50000
2026-09-12 20:48:44,266 | INFO | Steps: 72192/150000 | Episodes: 141 | CurrentEpReward: 0.000 | RecentReward: 91.844 | QLoss: 0.429883 | ParamLoss: -1.163631 | Epsilon: 0.0200 | Replay: 50000
2026-09-12 20:48:54,019 | INFO | Steps: 72704/150000 | Episodes: 142 | CurrentEpReward: 0.000 | RecentReward: 91.898 | QLoss: 0.584481 | ParamLoss: -1.164156 | Epsilon: 0.0200 | Replay: 50000
2026-09-12 20:49:03,807 | INFO | Steps: 73216/150000 | Episodes: 143 | CurrentEpReward: 0.000 | RecentReward: 92.379 | QLoss: 0.566762 | ParamLoss: -1.189913 | Epsilon: 0.0200 | Replay: 50000
2026-09-12 20:49:13,595 | INFO | Steps: 73728/150000 | Episodes: 144 | CurrentEpReward: 0.000 | RecentReward: 94.435 | QLoss: 0.542013 | ParamLoss: -1.184311 | Epsilon: 0.0200 | Replay: 50000
2026-09-12 20:49:23,317 | INFO | Steps: 74240/150000 | Episodes: 145 | CurrentEpReward: 0.000 | RecentReward: 93.613 | QLoss: 0.600709 | ParamLoss: -1.192390 | Epsilon: 0.0200 | Replay: 50000
2026-09-12 20:49:33,080 | INFO | Steps: 74752/150000 | Episodes: 146 | CurrentEpReward: 0.000 | RecentReward: 92.553 | QLoss: 0.570444 | ParamLoss: -1.205998 | Epsilon: 0.0200 | Replay: 50000
2026-09-12 20:49:42,913 | INFO | Steps: 75264/150000 | Episodes: 147 | CurrentEpReward: 0.000 | RecentReward: 92.187 | QLoss: 0.583267 | ParamLoss: -1.204011 | Epsilon: 0.0200 | Replay: 50000
2026-09-12 20:49:52,726 | INFO | Steps: 75776/150000 | Episodes: 148 | CurrentEpReward: 0.000 | RecentReward: 92.224 | QLoss: 0.543044 | ParamLoss: -1.203789 | Epsilon: 0.0200 | Replay: 50000
2026-09-12 20:50:02,669 | INFO | Steps: 76288/150000 | Episodes: 149 | CurrentEpReward: 0.000 | RecentReward: 92.737 | QLoss: 0.500663 | ParamLoss: -1.217275 | Epsilon: 0.0200 | Replay: 50000
2026-09-12 20:50:12,380 | INFO | Steps: 76800/150000 | Episodes: 150 | CurrentEpReward: 0.000 | RecentReward: 93.046 | QLoss: 0.546456 | ParamLoss: -1.218132 | Epsilon: 0.0200 | Replay: 50000
2026-09-12 20:50:22,212 | INFO | Steps: 77312/150000 | Episodes: 151 | CurrentEpReward: 0.000 | RecentReward: 93.274 | QLoss: 0.471884 | ParamLoss: -1.200382 | Epsilon: 0.0200 | Replay: 50000
2026-09-12 20:50:31,945 | INFO | Steps: 77824/150000 | Episodes: 152 | CurrentEpReward: 0.000 | RecentReward: 93.297 | QLoss: 0.440811 | ParamLoss: -1.206852 | Epsilon: 0.0200 | Replay: 50000
2026-09-12 20:50:41,704 | INFO | Steps: 78336/150000 | Episodes: 153 | CurrentEpReward: 0.000 | RecentReward: 92.532 | QLoss: 0.695780 | ParamLoss: -1.196122 | Epsilon: 0.0200 | Replay: 50000
2026-09-12 20:50:51,587 | INFO | Steps: 78848/150000 | Episodes: 154 | CurrentEpReward: 0.000 | RecentReward: 92.268 | QLoss: 0.588859 | ParamLoss: -1.213384 | Epsilon: 0.0200 | Replay: 50000
2026-09-12 20:51:01,297 | INFO | Steps: 79360/150000 | Episodes: 155 | CurrentEpReward: 0.000 | RecentReward: 92.686 | QLoss: 0.606700 | ParamLoss: -1.214348 | Epsilon: 0.0200 | Replay: 50000
2026-09-12 20:51:10,937 | INFO | Steps: 79872/150000 | Episodes: 156 | CurrentEpReward: 0.000 | RecentReward: 92.719 | QLoss: 0.421787 | ParamLoss: -1.228242 | Epsilon: 0.0200 | Replay: 50000
2026-09-12 20:51:20,596 | INFO | Steps: 80384/150000 | Episodes: 157 | CurrentEpReward: 0.000 | RecentReward: 91.681 | QLoss: 0.579767 | ParamLoss: -1.226746 | Epsilon: 0.0200 | Replay: 50000
2026-09-12 20:51:30,359 | INFO | Steps: 80896/150000 | Episodes: 158 | CurrentEpReward: 0.000 | RecentReward: 92.028 | QLoss: 0.537305 | ParamLoss: -1.232594 | Epsilon: 0.0200 | Replay: 50000
2026-09-12 20:51:40,172 | INFO | Steps: 81408/150000 | Episodes: 159 | CurrentEpReward: 0.000 | RecentReward: 93.047 | QLoss: 0.522722 | ParamLoss: -1.244263 | Epsilon: 0.0200 | Replay: 50000
2026-09-12 20:51:50,075 | INFO | Steps: 81920/150000 | Episodes: 160 | CurrentEpReward: 0.000 | RecentReward: 94.598 | QLoss: 0.538304 | ParamLoss: -1.246608 | Epsilon: 0.0200 | Replay: 50000
2026-09-12 20:51:59,846 | INFO | Steps: 82432/150000 | Episodes: 161 | CurrentEpReward: 0.000 | RecentReward: 95.060 | QLoss: 0.610898 | ParamLoss: -1.260032 | Epsilon: 0.0200 | Replay: 50000
2026-09-12 20:52:09,537 | INFO | Steps: 82944/150000 | Episodes: 162 | CurrentEpReward: 0.000 | RecentReward: 95.254 | QLoss: 0.483262 | ParamLoss: -1.251607 | Epsilon: 0.0200 | Replay: 50000
2026-09-12 20:52:19,323 | INFO | Steps: 83456/150000 | Episodes: 163 | CurrentEpReward: 0.000 | RecentReward: 95.994 | QLoss: 0.556506 | ParamLoss: -1.265779 | Epsilon: 0.0200 | Replay: 50000
2026-09-12 20:52:29,099 | INFO | Steps: 83968/150000 | Episodes: 164 | CurrentEpReward: 0.000 | RecentReward: 95.827 | QLoss: 0.458355 | ParamLoss: -1.278668 | Epsilon: 0.0200 | Replay: 50000
2026-09-12 20:52:38,643 | INFO | Steps: 84480/150000 | Episodes: 165 | CurrentEpReward: 0.000 | RecentReward: 95.426 | QLoss: 0.529695 | ParamLoss: -1.275839 | Epsilon: 0.0200 | Replay: 50000
2026-09-12 20:52:48,308 | INFO | Steps: 84992/150000 | Episodes: 166 | CurrentEpReward: 0.000 | RecentReward: 95.683 | QLoss: 0.462543 | ParamLoss: -1.282946 | Epsilon: 0.0200 | Replay: 50000
2026-09-12 20:52:57,971 | INFO | Steps: 85504/150000 | Episodes: 167 | CurrentEpReward: 0.000 | RecentReward: 96.671 | QLoss: 0.475272 | ParamLoss: -1.286592 | Epsilon: 0.0200 | Replay: 50000
2026-09-12 20:53:07,856 | INFO | Steps: 86016/150000 | Episodes: 168 | CurrentEpReward: 0.000 | RecentReward: 96.591 | QLoss: 0.588553 | ParamLoss: -1.293495 | Epsilon: 0.0200 | Replay: 50000
2026-09-12 20:53:17,642 | INFO | Steps: 86528/150000 | Episodes: 169 | CurrentEpReward: 0.000 | RecentReward: 95.452 | QLoss: 0.572113 | ParamLoss: -1.299792 | Epsilon: 0.0200 | Replay: 50000
2026-09-12 20:53:27,338 | INFO | Steps: 87040/150000 | Episodes: 170 | CurrentEpReward: 0.000 | RecentReward: 94.870 | QLoss: 0.618715 | ParamLoss: -1.305303 | Epsilon: 0.0200 | Replay: 50000
2026-09-12 20:53:36,999 | INFO | Steps: 87552/150000 | Episodes: 171 | CurrentEpReward: 0.000 | RecentReward: 94.762 | QLoss: 0.743224 | ParamLoss: -1.309369 | Epsilon: 0.0200 | Replay: 50000
2026-09-12 20:53:46,801 | INFO | Steps: 88064/150000 | Episodes: 172 | CurrentEpReward: 0.000 | RecentReward: 94.253 | QLoss: 0.685533 | ParamLoss: -1.314677 | Epsilon: 0.0200 | Replay: 50000
2026-09-12 20:53:56,460 | INFO | Steps: 88576/150000 | Episodes: 173 | CurrentEpReward: 0.000 | RecentReward: 93.579 | QLoss: 0.632432 | ParamLoss: -1.326123 | Epsilon: 0.0200 | Replay: 50000
2026-09-12 20:54:06,167 | INFO | Steps: 89088/150000 | Episodes: 174 | CurrentEpReward: 0.000 | RecentReward: 92.988 | QLoss: 0.609309 | ParamLoss: -1.335834 | Epsilon: 0.0200 | Replay: 50000
2026-09-12 20:54:15,729 | INFO | Steps: 89600/150000 | Episodes: 175 | CurrentEpReward: 0.000 | RecentReward: 92.061 | QLoss: 0.619720 | ParamLoss: -1.345574 | Epsilon: 0.0200 | Replay: 50000
2026-09-12 20:54:25,338 | INFO | Steps: 90112/150000 | Episodes: 176 | CurrentEpReward: 0.000 | RecentReward: 92.304 | QLoss: 0.673537 | ParamLoss: -1.367986 | Epsilon: 0.0200 | Replay: 50000
2026-09-12 20:54:34,919 | INFO | Steps: 90624/150000 | Episodes: 177 | CurrentEpReward: 0.000 | RecentReward: 91.491 | QLoss: 0.641289 | ParamLoss: -1.363643 | Epsilon: 0.0200 | Replay: 50000
2026-09-12 20:54:44,619 | INFO | Steps: 91136/150000 | Episodes: 178 | CurrentEpReward: 0.000 | RecentReward: 91.955 | QLoss: 0.560649 | ParamLoss: -1.362225 | Epsilon: 0.0200 | Replay: 50000
2026-09-12 20:54:54,279 | INFO | Steps: 91648/150000 | Episodes: 179 | CurrentEpReward: 0.000 | RecentReward: 92.521 | QLoss: 0.527508 | ParamLoss: -1.363821 | Epsilon: 0.0200 | Replay: 50000
2026-09-12 20:55:03,991 | INFO | Steps: 92160/150000 | Episodes: 180 | CurrentEpReward: 0.000 | RecentReward: 91.927 | QLoss: 0.590623 | ParamLoss: -1.365013 | Epsilon: 0.0200 | Replay: 50000
2026-09-12 20:55:13,831 | INFO | Steps: 92672/150000 | Episodes: 181 | CurrentEpReward: 0.000 | RecentReward: 91.765 | QLoss: 0.640586 | ParamLoss: -1.377742 | Epsilon: 0.0200 | Replay: 50000
2026-09-12 20:55:23,398 | INFO | Steps: 93184/150000 | Episodes: 182 | CurrentEpReward: 0.000 | RecentReward: 90.720 | QLoss: 0.714865 | ParamLoss: -1.386263 | Epsilon: 0.0200 | Replay: 50000
2026-09-12 20:55:33,144 | INFO | Steps: 93696/150000 | Episodes: 183 | CurrentEpReward: 0.000 | RecentReward: 91.009 | QLoss: 0.725403 | ParamLoss: -1.394928 | Epsilon: 0.0200 | Replay: 50000
2026-09-12 20:55:42,669 | INFO | Steps: 94208/150000 | Episodes: 184 | CurrentEpReward: 0.000 | RecentReward: 91.004 | QLoss: 0.608333 | ParamLoss: -1.411871 | Epsilon: 0.0200 | Replay: 50000
2026-09-12 20:55:52,313 | INFO | Steps: 94720/150000 | Episodes: 185 | CurrentEpReward: 0.000 | RecentReward: 91.893 | QLoss: 0.594541 | ParamLoss: -1.425242 | Epsilon: 0.0200 | Replay: 50000
2026-09-12 20:56:01,998 | INFO | Steps: 95232/150000 | Episodes: 186 | CurrentEpReward: 0.000 | RecentReward: 90.566 | QLoss: 0.691000 | ParamLoss: -1.429284 | Epsilon: 0.0200 | Replay: 50000
2026-09-12 20:56:11,712 | INFO | Steps: 95744/150000 | Episodes: 187 | CurrentEpReward: 0.000 | RecentReward: 90.693 | QLoss: 0.737924 | ParamLoss: -1.431683 | Epsilon: 0.0200 | Replay: 50000
2026-09-12 20:56:21,439 | INFO | Steps: 96256/150000 | Episodes: 188 | CurrentEpReward: 0.000 | RecentReward: 90.172 | QLoss: 0.725081 | ParamLoss: -1.430489 | Epsilon: 0.0200 | Replay: 50000
2026-09-12 20:56:31,304 | INFO | Steps: 96768/150000 | Episodes: 189 | CurrentEpReward: 0.000 | RecentReward: 90.487 | QLoss: 0.606506 | ParamLoss: -1.442924 | Epsilon: 0.0200 | Replay: 50000
2026-09-12 20:56:40,872 | INFO | Steps: 97280/150000 | Episodes: 190 | CurrentEpReward: 0.000 | RecentReward: 91.003 | QLoss: 0.542540 | ParamLoss: -1.442014 | Epsilon: 0.0200 | Replay: 50000
2026-09-12 20:56:50,537 | INFO | Steps: 97792/150000 | Episodes: 191 | CurrentEpReward: 0.000 | RecentReward: 91.033 | QLoss: 0.561277 | ParamLoss: -1.451148 | Epsilon: 0.0200 | Replay: 50000
2026-09-12 20:57:00,246 | INFO | Steps: 98304/150000 | Episodes: 192 | CurrentEpReward: 0.000 | RecentReward: 91.695 | QLoss: 0.743748 | ParamLoss: -1.459631 | Epsilon: 0.0200 | Replay: 50000
2026-09-12 20:57:09,861 | INFO | Steps: 98816/150000 | Episodes: 193 | CurrentEpReward: 0.000 | RecentReward: 91.435 | QLoss: 0.720108 | ParamLoss: -1.454648 | Epsilon: 0.0200 | Replay: 50000
2026-09-12 20:57:19,441 | INFO | Steps: 99328/150000 | Episodes: 194 | CurrentEpReward: 0.000 | RecentReward: 91.689 | QLoss: 0.688011 | ParamLoss: -1.455804 | Epsilon: 0.0200 | Replay: 50000
2026-09-12 20:57:29,037 | INFO | Steps: 99840/150000 | Episodes: 195 | CurrentEpReward: 0.000 | RecentReward: 90.830 | QLoss: 0.611389 | ParamLoss: -1.473980 | Epsilon: 0.0200 | Replay: 50000
2026-09-12 20:57:52,070 | INFO | 周期权重已保存: /home/pjpjq/LEO_switch/results/multiseed_0907/seed46/u20/learned_baselines/pdqn/checkpoint_100000.pt
2026-09-12 20:57:58,787 | INFO | Steps: 100352/150000 | Episodes: 196 | CurrentEpReward: 0.000 | RecentReward: 92.009 | QLoss: 0.713211 | ParamLoss: -1.462019 | Epsilon: 0.0200 | Replay: 50000
2026-09-12 20:58:08,274 | INFO | Steps: 100864/150000 | Episodes: 197 | CurrentEpReward: 0.000 | RecentReward: 91.893 | QLoss: 0.821498 | ParamLoss: -1.463634 | Epsilon: 0.0200 | Replay: 50000
2026-09-12 20:58:17,696 | INFO | Steps: 101376/150000 | Episodes: 198 | CurrentEpReward: 0.000 | RecentReward: 91.605 | QLoss: 0.610925 | ParamLoss: -1.464134 | Epsilon: 0.0200 | Replay: 50000
2026-09-12 20:58:27,224 | INFO | Steps: 101888/150000 | Episodes: 199 | CurrentEpReward: 0.000 | RecentReward: 91.114 | QLoss: 0.582659 | ParamLoss: -1.456761 | Epsilon: 0.0200 | Replay: 50000
2026-09-12 20:58:36,693 | INFO | Steps: 102400/150000 | Episodes: 200 | CurrentEpReward: 0.000 | RecentReward: 91.101 | QLoss: 0.651094 | ParamLoss: -1.461494 | Epsilon: 0.0200 | Replay: 50000
2026-09-12 20:58:46,155 | INFO | Steps: 102912/150000 | Episodes: 201 | CurrentEpReward: 0.000 | RecentReward: 89.853 | QLoss: 0.826580 | ParamLoss: -1.464807 | Epsilon: 0.0200 | Replay: 50000
2026-09-12 20:58:55,771 | INFO | Steps: 103424/150000 | Episodes: 202 | CurrentEpReward: 0.000 | RecentReward: 90.185 | QLoss: 0.724157 | ParamLoss: -1.465681 | Epsilon: 0.0200 | Replay: 50000
2026-09-12 20:59:05,349 | INFO | Steps: 103936/150000 | Episodes: 203 | CurrentEpReward: 0.000 | RecentReward: 90.012 | QLoss: 0.853236 | ParamLoss: -1.465354 | Epsilon: 0.0200 | Replay: 50000
2026-09-12 20:59:15,084 | INFO | Steps: 104448/150000 | Episodes: 204 | CurrentEpReward: 0.000 | RecentReward: 90.348 | QLoss: 0.783414 | ParamLoss: -1.466160 | Epsilon: 0.0200 | Replay: 50000
2026-09-12 20:59:24,662 | INFO | Steps: 104960/150000 | Episodes: 205 | CurrentEpReward: 0.000 | RecentReward: 91.244 | QLoss: 0.826721 | ParamLoss: -1.457738 | Epsilon: 0.0200 | Replay: 50000
2026-09-12 20:59:34,304 | INFO | Steps: 105472/150000 | Episodes: 206 | CurrentEpReward: 0.000 | RecentReward: 90.794 | QLoss: 0.569526 | ParamLoss: -1.452253 | Epsilon: 0.0200 | Replay: 50000
2026-09-12 20:59:44,035 | INFO | Steps: 105984/150000 | Episodes: 207 | CurrentEpReward: 0.000 | RecentReward: 91.116 | QLoss: 0.838351 | ParamLoss: -1.456365 | Epsilon: 0.0200 | Replay: 50000
2026-09-12 20:59:53,564 | INFO | Steps: 106496/150000 | Episodes: 208 | CurrentEpReward: 0.000 | RecentReward: 91.478 | QLoss: 0.747097 | ParamLoss: -1.455938 | Epsilon: 0.0200 | Replay: 50000
2026-09-12 21:00:03,065 | INFO | Steps: 107008/150000 | Episodes: 209 | CurrentEpReward: 0.000 | RecentReward: 90.769 | QLoss: 0.747669 | ParamLoss: -1.470171 | Epsilon: 0.0200 | Replay: 50000
2026-09-12 21:00:12,677 | INFO | Steps: 107520/150000 | Episodes: 210 | CurrentEpReward: 0.000 | RecentReward: 90.324 | QLoss: 0.725433 | ParamLoss: -1.473841 | Epsilon: 0.0200 | Replay: 50000
2026-09-12 21:00:22,320 | INFO | Steps: 108032/150000 | Episodes: 211 | CurrentEpReward: 0.000 | RecentReward: 91.148 | QLoss: 0.581723 | ParamLoss: -1.480576 | Epsilon: 0.0200 | Replay: 50000
2026-09-12 21:00:31,949 | INFO | Steps: 108544/150000 | Episodes: 212 | CurrentEpReward: 0.000 | RecentReward: 90.960 | QLoss: 0.735127 | ParamLoss: -1.494405 | Epsilon: 0.0200 | Replay: 50000
2026-09-12 21:00:41,700 | INFO | Steps: 109056/150000 | Episodes: 213 | CurrentEpReward: 0.000 | RecentReward: 92.177 | QLoss: 0.783242 | ParamLoss: -1.508292 | Epsilon: 0.0200 | Replay: 50000
2026-09-12 21:00:51,274 | INFO | Steps: 109568/150000 | Episodes: 214 | CurrentEpReward: 0.000 | RecentReward: 91.756 | QLoss: 0.800259 | ParamLoss: -1.499824 | Epsilon: 0.0200 | Replay: 50000
2026-09-12 21:01:00,851 | INFO | Steps: 110080/150000 | Episodes: 215 | CurrentEpReward: 0.000 | RecentReward: 91.109 | QLoss: 0.687189 | ParamLoss: -1.491501 | Epsilon: 0.0200 | Replay: 50000
2026-09-12 21:01:10,633 | INFO | Steps: 110592/150000 | Episodes: 216 | CurrentEpReward: 0.000 | RecentReward: 91.098 | QLoss: 0.626531 | ParamLoss: -1.502411 | Epsilon: 0.0200 | Replay: 50000
2026-09-12 21:01:20,272 | INFO | Steps: 111104/150000 | Episodes: 217 | CurrentEpReward: 0.000 | RecentReward: 90.823 | QLoss: 0.748641 | ParamLoss: -1.500974 | Epsilon: 0.0200 | Replay: 50000
2026-09-12 21:01:29,730 | INFO | Steps: 111616/150000 | Episodes: 218 | CurrentEpReward: 0.000 | RecentReward: 90.566 | QLoss: 0.585538 | ParamLoss: -1.506065 | Epsilon: 0.0200 | Replay: 50000
2026-09-12 21:01:39,387 | INFO | Steps: 112128/150000 | Episodes: 219 | CurrentEpReward: 0.000 | RecentReward: 91.032 | QLoss: 0.807004 | ParamLoss: -1.506634 | Epsilon: 0.0200 | Replay: 50000
2026-09-12 21:01:48,924 | INFO | Steps: 112640/150000 | Episodes: 220 | CurrentEpReward: 0.000 | RecentReward: 91.847 | QLoss: 0.717352 | ParamLoss: -1.515278 | Epsilon: 0.0200 | Replay: 50000
2026-09-12 21:01:58,417 | INFO | Steps: 113152/150000 | Episodes: 221 | CurrentEpReward: 0.000 | RecentReward: 91.494 | QLoss: 0.932262 | ParamLoss: -1.500270 | Epsilon: 0.0200 | Replay: 50000
2026-09-12 21:02:07,936 | INFO | Steps: 113664/150000 | Episodes: 222 | CurrentEpReward: 0.000 | RecentReward: 91.038 | QLoss: 0.606998 | ParamLoss: -1.509944 | Epsilon: 0.0200 | Replay: 50000
2026-09-12 21:02:17,611 | INFO | Steps: 114176/150000 | Episodes: 223 | CurrentEpReward: 0.000 | RecentReward: 89.800 | QLoss: 0.760932 | ParamLoss: -1.509567 | Epsilon: 0.0200 | Replay: 50000
2026-09-12 21:02:27,291 | INFO | Steps: 114688/150000 | Episodes: 224 | CurrentEpReward: 0.000 | RecentReward: 90.274 | QLoss: 0.715842 | ParamLoss: -1.505470 | Epsilon: 0.0200 | Replay: 50000
2026-09-12 21:02:37,034 | INFO | Steps: 115200/150000 | Episodes: 225 | CurrentEpReward: 0.000 | RecentReward: 90.794 | QLoss: 0.811562 | ParamLoss: -1.511662 | Epsilon: 0.0200 | Replay: 50000
2026-09-12 21:02:46,716 | INFO | Steps: 115712/150000 | Episodes: 226 | CurrentEpReward: 0.000 | RecentReward: 91.649 | QLoss: 0.888836 | ParamLoss: -1.525894 | Epsilon: 0.0200 | Replay: 50000
2026-09-12 21:02:56,379 | INFO | Steps: 116224/150000 | Episodes: 227 | CurrentEpReward: 0.000 | RecentReward: 91.715 | QLoss: 0.972022 | ParamLoss: -1.518703 | Epsilon: 0.0200 | Replay: 50000
2026-09-12 21:03:06,040 | INFO | Steps: 116736/150000 | Episodes: 228 | CurrentEpReward: 0.000 | RecentReward: 92.329 | QLoss: 0.625376 | ParamLoss: -1.532544 | Epsilon: 0.0200 | Replay: 50000
2026-09-12 21:03:15,672 | INFO | Steps: 117248/150000 | Episodes: 229 | CurrentEpReward: 0.000 | RecentReward: 91.754 | QLoss: 0.770147 | ParamLoss: -1.520266 | Epsilon: 0.0200 | Replay: 50000
2026-09-12 21:03:25,254 | INFO | Steps: 117760/150000 | Episodes: 230 | CurrentEpReward: 0.000 | RecentReward: 91.348 | QLoss: 0.675392 | ParamLoss: -1.509237 | Epsilon: 0.0200 | Replay: 50000
2026-09-12 21:03:34,924 | INFO | Steps: 118272/150000 | Episodes: 231 | CurrentEpReward: 0.000 | RecentReward: 92.208 | QLoss: 0.721884 | ParamLoss: -1.514037 | Epsilon: 0.0200 | Replay: 50000
2026-09-12 21:03:44,558 | INFO | Steps: 118784/150000 | Episodes: 232 | CurrentEpReward: 0.000 | RecentReward: 93.076 | QLoss: 0.749900 | ParamLoss: -1.518056 | Epsilon: 0.0200 | Replay: 50000
2026-09-12 21:03:54,274 | INFO | Steps: 119296/150000 | Episodes: 233 | CurrentEpReward: 0.000 | RecentReward: 93.439 | QLoss: 0.780484 | ParamLoss: -1.518249 | Epsilon: 0.0200 | Replay: 50000
2026-09-12 21:04:03,891 | INFO | Steps: 119808/150000 | Episodes: 234 | CurrentEpReward: 0.000 | RecentReward: 93.237 | QLoss: 0.685809 | ParamLoss: -1.506971 | Epsilon: 0.0200 | Replay: 50000
2026-09-12 21:04:13,466 | INFO | Steps: 120320/150000 | Episodes: 235 | CurrentEpReward: 0.000 | RecentReward: 93.961 | QLoss: 0.979135 | ParamLoss: -1.504930 | Epsilon: 0.0200 | Replay: 50000
2026-09-12 21:04:23,255 | INFO | Steps: 120832/150000 | Episodes: 236 | CurrentEpReward: 0.000 | RecentReward: 93.229 | QLoss: 0.562204 | ParamLoss: -1.502698 | Epsilon: 0.0200 | Replay: 50000
2026-09-12 21:04:33,135 | INFO | Steps: 121344/150000 | Episodes: 237 | CurrentEpReward: 0.000 | RecentReward: 93.514 | QLoss: 0.699575 | ParamLoss: -1.506350 | Epsilon: 0.0200 | Replay: 50000
2026-09-12 21:04:42,794 | INFO | Steps: 121856/150000 | Episodes: 238 | CurrentEpReward: 0.000 | RecentReward: 93.342 | QLoss: 0.689881 | ParamLoss: -1.517958 | Epsilon: 0.0200 | Replay: 50000
2026-09-12 21:04:52,306 | INFO | Steps: 122368/150000 | Episodes: 239 | CurrentEpReward: 0.000 | RecentReward: 92.899 | QLoss: 0.774682 | ParamLoss: -1.518553 | Epsilon: 0.0200 | Replay: 50000
2026-09-12 21:05:01,987 | INFO | Steps: 122880/150000 | Episodes: 240 | CurrentEpReward: 0.000 | RecentReward: 93.397 | QLoss: 0.690166 | ParamLoss: -1.515105 | Epsilon: 0.0200 | Replay: 50000
2026-09-12 21:05:11,794 | INFO | Steps: 123392/150000 | Episodes: 241 | CurrentEpReward: 0.000 | RecentReward: 93.252 | QLoss: 0.820898 | ParamLoss: -1.513398 | Epsilon: 0.0200 | Replay: 50000
2026-09-12 21:05:21,511 | INFO | Steps: 123904/150000 | Episodes: 242 | CurrentEpReward: 0.000 | RecentReward: 92.881 | QLoss: 0.796271 | ParamLoss: -1.530823 | Epsilon: 0.0200 | Replay: 50000
2026-09-12 21:05:31,179 | INFO | Steps: 124416/150000 | Episodes: 243 | CurrentEpReward: 0.000 | RecentReward: 93.306 | QLoss: 0.722579 | ParamLoss: -1.532148 | Epsilon: 0.0200 | Replay: 50000
2026-09-12 21:05:40,809 | INFO | Steps: 124928/150000 | Episodes: 244 | CurrentEpReward: 0.000 | RecentReward: 93.855 | QLoss: 0.766750 | ParamLoss: -1.538953 | Epsilon: 0.0200 | Replay: 50000
2026-09-12 21:05:50,604 | INFO | Steps: 125440/150000 | Episodes: 245 | CurrentEpReward: 0.000 | RecentReward: 93.684 | QLoss: 0.737728 | ParamLoss: -1.544875 | Epsilon: 0.0200 | Replay: 50000
2026-09-12 21:06:00,208 | INFO | Steps: 125952/150000 | Episodes: 246 | CurrentEpReward: 0.000 | RecentReward: 93.905 | QLoss: 0.873421 | ParamLoss: -1.535503 | Epsilon: 0.0200 | Replay: 50000
2026-09-12 21:06:09,778 | INFO | Steps: 126464/150000 | Episodes: 247 | CurrentEpReward: 0.000 | RecentReward: 93.603 | QLoss: 0.790183 | ParamLoss: -1.541056 | Epsilon: 0.0200 | Replay: 50000
2026-09-12 21:06:19,516 | INFO | Steps: 126976/150000 | Episodes: 248 | CurrentEpReward: 0.000 | RecentReward: 92.555 | QLoss: 0.838013 | ParamLoss: -1.538128 | Epsilon: 0.0200 | Replay: 50000
2026-09-12 21:06:29,029 | INFO | Steps: 127488/150000 | Episodes: 249 | CurrentEpReward: 0.000 | RecentReward: 93.409 | QLoss: 0.788104 | ParamLoss: -1.553805 | Epsilon: 0.0200 | Replay: 50000
2026-09-12 21:06:38,569 | INFO | Steps: 128000/150000 | Episodes: 250 | CurrentEpReward: 0.000 | RecentReward: 93.114 | QLoss: 0.522005 | ParamLoss: -1.552969 | Epsilon: 0.0200 | Replay: 50000
2026-09-12 21:06:48,097 | INFO | Steps: 128512/150000 | Episodes: 251 | CurrentEpReward: 0.000 | RecentReward: 93.025 | QLoss: 0.660191 | ParamLoss: -1.556816 | Epsilon: 0.0200 | Replay: 50000
2026-09-12 21:06:57,585 | INFO | Steps: 129024/150000 | Episodes: 252 | CurrentEpReward: 0.000 | RecentReward: 92.898 | QLoss: 0.776547 | ParamLoss: -1.555673 | Epsilon: 0.0200 | Replay: 50000
2026-09-12 21:07:07,250 | INFO | Steps: 129536/150000 | Episodes: 253 | CurrentEpReward: 0.000 | RecentReward: 92.327 | QLoss: 0.865967 | ParamLoss: -1.553014 | Epsilon: 0.0200 | Replay: 50000
2026-09-12 21:07:16,903 | INFO | Steps: 130048/150000 | Episodes: 254 | CurrentEpReward: 0.000 | RecentReward: 91.656 | QLoss: 0.859382 | ParamLoss: -1.563621 | Epsilon: 0.0200 | Replay: 50000
2026-09-12 21:07:26,484 | INFO | Steps: 130560/150000 | Episodes: 255 | CurrentEpReward: 0.000 | RecentReward: 90.867 | QLoss: 0.568861 | ParamLoss: -1.576457 | Epsilon: 0.0200 | Replay: 50000
2026-09-12 21:07:36,153 | INFO | Steps: 131072/150000 | Episodes: 256 | CurrentEpReward: 0.000 | RecentReward: 90.486 | QLoss: 0.850295 | ParamLoss: -1.591730 | Epsilon: 0.0200 | Replay: 50000
2026-09-12 21:07:45,723 | INFO | Steps: 131584/150000 | Episodes: 257 | CurrentEpReward: 0.000 | RecentReward: 90.289 | QLoss: 0.843538 | ParamLoss: -1.604069 | Epsilon: 0.0200 | Replay: 50000
2026-09-12 21:07:55,312 | INFO | Steps: 132096/150000 | Episodes: 258 | CurrentEpReward: 0.000 | RecentReward: 91.371 | QLoss: 0.921570 | ParamLoss: -1.600351 | Epsilon: 0.0200 | Replay: 50000
2026-09-12 21:08:04,877 | INFO | Steps: 132608/150000 | Episodes: 259 | CurrentEpReward: 0.000 | RecentReward: 91.370 | QLoss: 0.822040 | ParamLoss: -1.596901 | Epsilon: 0.0200 | Replay: 50000
2026-09-12 21:08:14,501 | INFO | Steps: 133120/150000 | Episodes: 260 | CurrentEpReward: 0.000 | RecentReward: 91.006 | QLoss: 0.827280 | ParamLoss: -1.590629 | Epsilon: 0.0200 | Replay: 50000
2026-09-12 21:08:24,153 | INFO | Steps: 133632/150000 | Episodes: 261 | CurrentEpReward: 0.000 | RecentReward: 90.039 | QLoss: 0.770794 | ParamLoss: -1.602900 | Epsilon: 0.0200 | Replay: 50000
2026-09-12 21:08:33,809 | INFO | Steps: 134144/150000 | Episodes: 262 | CurrentEpReward: 0.000 | RecentReward: 89.494 | QLoss: 0.794599 | ParamLoss: -1.609923 | Epsilon: 0.0200 | Replay: 50000
2026-09-12 21:08:43,668 | INFO | Steps: 134656/150000 | Episodes: 263 | CurrentEpReward: 0.000 | RecentReward: 90.493 | QLoss: 0.779018 | ParamLoss: -1.621881 | Epsilon: 0.0200 | Replay: 50000
2026-09-12 21:08:53,292 | INFO | Steps: 135168/150000 | Episodes: 264 | CurrentEpReward: 0.000 | RecentReward: 90.022 | QLoss: 0.712284 | ParamLoss: -1.639914 | Epsilon: 0.0200 | Replay: 50000
2026-09-12 21:09:02,883 | INFO | Steps: 135680/150000 | Episodes: 265 | CurrentEpReward: 0.000 | RecentReward: 90.046 | QLoss: 1.083168 | ParamLoss: -1.635932 | Epsilon: 0.0200 | Replay: 50000
2026-09-12 21:09:12,542 | INFO | Steps: 136192/150000 | Episodes: 266 | CurrentEpReward: 0.000 | RecentReward: 90.443 | QLoss: 0.915645 | ParamLoss: -1.643815 | Epsilon: 0.0200 | Replay: 50000
2026-09-12 21:09:22,205 | INFO | Steps: 136704/150000 | Episodes: 267 | CurrentEpReward: 0.000 | RecentReward: 90.275 | QLoss: 0.927234 | ParamLoss: -1.643168 | Epsilon: 0.0200 | Replay: 50000
2026-09-12 21:09:31,977 | INFO | Steps: 137216/150000 | Episodes: 268 | CurrentEpReward: 0.000 | RecentReward: 90.345 | QLoss: 0.638894 | ParamLoss: -1.644859 | Epsilon: 0.0200 | Replay: 50000
2026-09-12 21:09:41,527 | INFO | Steps: 137728/150000 | Episodes: 269 | CurrentEpReward: 0.000 | RecentReward: 89.860 | QLoss: 0.928968 | ParamLoss: -1.644697 | Epsilon: 0.0200 | Replay: 50000
2026-09-12 21:09:51,072 | INFO | Steps: 138240/150000 | Episodes: 270 | CurrentEpReward: 0.000 | RecentReward: 89.466 | QLoss: 0.585055 | ParamLoss: -1.647539 | Epsilon: 0.0200 | Replay: 50000
2026-09-12 21:10:00,739 | INFO | Steps: 138752/150000 | Episodes: 271 | CurrentEpReward: 0.000 | RecentReward: 89.408 | QLoss: 0.808166 | ParamLoss: -1.651720 | Epsilon: 0.0200 | Replay: 50000
2026-09-12 21:10:10,327 | INFO | Steps: 139264/150000 | Episodes: 272 | CurrentEpReward: 0.000 | RecentReward: 89.250 | QLoss: 0.819739 | ParamLoss: -1.652247 | Epsilon: 0.0200 | Replay: 50000
2026-09-12 21:10:19,941 | INFO | Steps: 139776/150000 | Episodes: 273 | CurrentEpReward: 0.000 | RecentReward: 88.434 | QLoss: 1.017929 | ParamLoss: -1.657862 | Epsilon: 0.0200 | Replay: 50000
2026-09-12 21:10:29,597 | INFO | Steps: 140288/150000 | Episodes: 274 | CurrentEpReward: 0.000 | RecentReward: 88.825 | QLoss: 0.993261 | ParamLoss: -1.655864 | Epsilon: 0.0200 | Replay: 50000
2026-09-12 21:10:39,249 | INFO | Steps: 140800/150000 | Episodes: 275 | CurrentEpReward: 0.000 | RecentReward: 88.323 | QLoss: 0.947481 | ParamLoss: -1.670022 | Epsilon: 0.0200 | Replay: 50000
2026-09-12 21:10:48,915 | INFO | Steps: 141312/150000 | Episodes: 276 | CurrentEpReward: 0.000 | RecentReward: 89.078 | QLoss: 0.886151 | ParamLoss: -1.661974 | Epsilon: 0.0200 | Replay: 50000
2026-09-12 21:10:58,475 | INFO | Steps: 141824/150000 | Episodes: 277 | CurrentEpReward: 0.000 | RecentReward: 89.779 | QLoss: 0.933491 | ParamLoss: -1.669215 | Epsilon: 0.0200 | Replay: 50000
2026-09-12 21:11:08,053 | INFO | Steps: 142336/150000 | Episodes: 278 | CurrentEpReward: 0.000 | RecentReward: 89.543 | QLoss: 0.735814 | ParamLoss: -1.658219 | Epsilon: 0.0200 | Replay: 50000
2026-09-12 21:11:17,727 | INFO | Steps: 142848/150000 | Episodes: 279 | CurrentEpReward: 0.000 | RecentReward: 89.335 | QLoss: 0.830348 | ParamLoss: -1.657301 | Epsilon: 0.0200 | Replay: 50000
2026-09-12 21:11:27,213 | INFO | Steps: 143360/150000 | Episodes: 280 | CurrentEpReward: 0.000 | RecentReward: 89.469 | QLoss: 0.780454 | ParamLoss: -1.656381 | Epsilon: 0.0200 | Replay: 50000
2026-09-12 21:11:36,775 | INFO | Steps: 143872/150000 | Episodes: 281 | CurrentEpReward: 0.000 | RecentReward: 89.959 | QLoss: 0.749719 | ParamLoss: -1.659813 | Epsilon: 0.0200 | Replay: 50000
2026-09-12 21:11:46,291 | INFO | Steps: 144384/150000 | Episodes: 282 | CurrentEpReward: 0.000 | RecentReward: 90.519 | QLoss: 0.680050 | ParamLoss: -1.675255 | Epsilon: 0.0200 | Replay: 50000
2026-09-12 21:11:55,859 | INFO | Steps: 144896/150000 | Episodes: 283 | CurrentEpReward: 0.000 | RecentReward: 89.685 | QLoss: 0.750858 | ParamLoss: -1.666074 | Epsilon: 0.0200 | Replay: 50000
2026-09-12 21:12:05,494 | INFO | Steps: 145408/150000 | Episodes: 284 | CurrentEpReward: 0.000 | RecentReward: 88.134 | QLoss: 0.883456 | ParamLoss: -1.665007 | Epsilon: 0.0200 | Replay: 50000
2026-09-12 21:12:15,206 | INFO | Steps: 145920/150000 | Episodes: 285 | CurrentEpReward: 0.000 | RecentReward: 89.069 | QLoss: 0.957168 | ParamLoss: -1.678667 | Epsilon: 0.0200 | Replay: 50000
2026-09-12 21:12:24,947 | INFO | Steps: 146432/150000 | Episodes: 286 | CurrentEpReward: 0.000 | RecentReward: 89.058 | QLoss: 0.798479 | ParamLoss: -1.669788 | Epsilon: 0.0200 | Replay: 50000
2026-09-12 21:12:34,617 | INFO | Steps: 146944/150000 | Episodes: 287 | CurrentEpReward: 0.000 | RecentReward: 88.293 | QLoss: 0.805085 | ParamLoss: -1.655720 | Epsilon: 0.0200 | Replay: 50000
2026-09-12 21:12:44,374 | INFO | Steps: 147456/150000 | Episodes: 288 | CurrentEpReward: 0.000 | RecentReward: 88.460 | QLoss: 1.064189 | ParamLoss: -1.642471 | Epsilon: 0.0200 | Replay: 50000
2026-09-12 21:12:53,931 | INFO | Steps: 147968/150000 | Episodes: 289 | CurrentEpReward: 0.000 | RecentReward: 88.637 | QLoss: 0.778640 | ParamLoss: -1.635445 | Epsilon: 0.0200 | Replay: 50000
2026-09-12 21:13:03,546 | INFO | Steps: 148480/150000 | Episodes: 290 | CurrentEpReward: 0.000 | RecentReward: 89.368 | QLoss: 1.060910 | ParamLoss: -1.628672 | Epsilon: 0.0200 | Replay: 50000
2026-09-12 21:13:13,244 | INFO | Steps: 148992/150000 | Episodes: 291 | CurrentEpReward: 0.000 | RecentReward: 89.677 | QLoss: 0.935829 | ParamLoss: -1.620955 | Epsilon: 0.0200 | Replay: 50000
2026-09-12 21:13:22,782 | INFO | Steps: 149504/150000 | Episodes: 292 | CurrentEpReward: 0.000 | RecentReward: 89.328 | QLoss: 0.809638 | ParamLoss: -1.614421 | Epsilon: 0.0200 | Replay: 50000
2026-09-12 21:13:32,093 | INFO | Steps: 150000/150000 | Episodes: 292 | CurrentEpReward: 92.126 | RecentReward: 89.328 | QLoss: 0.879534 | ParamLoss: -1.606753 | Epsilon: 0.0200 | Replay: 50000
2026-09-12 21:13:51,977 | INFO | 周期权重已保存: /home/pjpjq/LEO_switch/results/multiseed_0907/seed46/u20/learned_baselines/pdqn/checkpoint_150000.pt
2026-09-12 21:13:52,005 | INFO | 最终权重已保存: /home/pjpjq/LEO_switch/results/multiseed_0907/seed46/u20/learned_baselines/pdqn/pdqn_model.pt
2026-09-12 21:14:12,016 | INFO | 训练与评估完成 | EvalReward: 94.721 ± 4.098
