2026-09-16 19:14:59,853 | INFO | ============================================================
2026-09-16 19:14:59,853 | INFO | 开始训练纯 PDQN 基线
2026-09-16 19:14:59,853 | INFO | 总步数: 150000 | warmup: 1000 | batch: 128 | 日志间隔: 512 steps | 保存间隔: 50000 steps | device: cuda
2026-09-16 19:14:59,853 | INFO | ============================================================
2026-09-16 19:15:04,506 | INFO | Steps: 512/150000 | Episodes: 1 | CurrentEpReward: 0.000 | RecentReward: -25.326 | QLoss: 0.000000 | ParamLoss: 0.000000 | Epsilon: 1.0000 | Replay: 512
2026-09-16 19:15:09,490 | INFO | Steps: 1024/150000 | Episodes: 2 | CurrentEpReward: 0.000 | RecentReward: -24.260 | QLoss: 0.187832 | ParamLoss: -0.007843 | Epsilon: 0.9993 | Replay: 1024
2026-09-16 19:15:21,108 | INFO | Steps: 1536/150000 | Episodes: 3 | CurrentEpReward: 0.000 | RecentReward: -23.950 | QLoss: 0.178085 | ParamLoss: -0.014114 | Epsilon: 0.9860 | Replay: 1536
2026-09-16 19:15:32,402 | INFO | Steps: 2048/150000 | Episodes: 4 | CurrentEpReward: 0.000 | RecentReward: -23.437 | QLoss: 0.187937 | ParamLoss: -0.017327 | Epsilon: 0.9726 | Replay: 2048
2026-09-16 19:15:43,689 | INFO | Steps: 2560/150000 | Episodes: 5 | CurrentEpReward: 0.000 | RecentReward: -20.578 | QLoss: 0.186793 | ParamLoss: -0.021839 | Epsilon: 0.9592 | Replay: 2560
2026-09-16 19:15:54,927 | INFO | Steps: 3072/150000 | Episodes: 6 | CurrentEpReward: 0.000 | RecentReward: -21.361 | QLoss: 0.187870 | ParamLoss: -0.026058 | Epsilon: 0.9458 | Replay: 3072
2026-09-16 19:16:06,332 | INFO | Steps: 3584/150000 | Episodes: 7 | CurrentEpReward: 0.000 | RecentReward: -21.086 | QLoss: 0.189522 | ParamLoss: -0.031475 | Epsilon: 0.9324 | Replay: 3584
2026-09-16 19:16:17,639 | INFO | Steps: 4096/150000 | Episodes: 8 | CurrentEpReward: 0.000 | RecentReward: -19.698 | QLoss: 0.193014 | ParamLoss: -0.035226 | Epsilon: 0.9191 | Replay: 4096
2026-09-16 19:16:29,079 | INFO | Steps: 4608/150000 | Episodes: 9 | CurrentEpReward: 0.000 | RecentReward: -19.446 | QLoss: 0.192244 | ParamLoss: -0.040630 | Epsilon: 0.9057 | Replay: 4608
2026-09-16 19:16:40,327 | INFO | Steps: 5120/150000 | Episodes: 10 | CurrentEpReward: 0.000 | RecentReward: -18.618 | QLoss: 0.194758 | ParamLoss: -0.044098 | Epsilon: 0.8923 | Replay: 5120
2026-09-16 19:16:51,710 | INFO | Steps: 5632/150000 | Episodes: 11 | CurrentEpReward: 0.000 | RecentReward: -17.431 | QLoss: 0.196410 | ParamLoss: -0.047098 | Epsilon: 0.8789 | Replay: 5632
2026-09-16 19:17:03,546 | INFO | Steps: 6144/150000 | Episodes: 12 | CurrentEpReward: 0.000 | RecentReward: -17.210 | QLoss: 0.195053 | ParamLoss: -0.055900 | Epsilon: 0.8655 | Replay: 6144
2026-09-16 19:17:15,041 | INFO | Steps: 6656/150000 | Episodes: 13 | CurrentEpReward: 0.000 | RecentReward: -16.211 | QLoss: 0.199506 | ParamLoss: -0.059702 | Epsilon: 0.8522 | Replay: 6656
2026-09-16 19:17:26,402 | INFO | Steps: 7168/150000 | Episodes: 14 | CurrentEpReward: 0.000 | RecentReward: -15.109 | QLoss: 0.195878 | ParamLoss: -0.066960 | Epsilon: 0.8388 | Replay: 7168
2026-09-16 19:17:37,798 | INFO | Steps: 7680/150000 | Episodes: 15 | CurrentEpReward: 0.000 | RecentReward: -15.963 | QLoss: 0.199982 | ParamLoss: -0.069768 | Epsilon: 0.8254 | Replay: 7680
2026-09-16 19:17:49,148 | INFO | Steps: 8192/150000 | Episodes: 16 | CurrentEpReward: 0.000 | RecentReward: -14.141 | QLoss: 0.201008 | ParamLoss: -0.074824 | Epsilon: 0.8120 | Replay: 8192
2026-09-16 19:18:00,797 | INFO | Steps: 8704/150000 | Episodes: 17 | CurrentEpReward: 0.000 | RecentReward: -12.363 | QLoss: 0.206709 | ParamLoss: -0.080314 | Epsilon: 0.7986 | Replay: 8704
2026-09-16 19:18:12,254 | INFO | Steps: 9216/150000 | Episodes: 18 | CurrentEpReward: 0.000 | RecentReward: -11.749 | QLoss: 0.205311 | ParamLoss: -0.085608 | Epsilon: 0.7853 | Replay: 9216
2026-09-16 19:18:23,711 | INFO | Steps: 9728/150000 | Episodes: 19 | CurrentEpReward: 0.000 | RecentReward: -11.359 | QLoss: 0.208908 | ParamLoss: -0.090938 | Epsilon: 0.7719 | Replay: 9728
2026-09-16 19:18:35,069 | INFO | Steps: 10240/150000 | Episodes: 20 | CurrentEpReward: 0.000 | RecentReward: -10.780 | QLoss: 0.209448 | ParamLoss: -0.093880 | Epsilon: 0.7585 | Replay: 10240
2026-09-16 19:18:46,446 | INFO | Steps: 10752/150000 | Episodes: 21 | CurrentEpReward: 0.000 | RecentReward: -11.739 | QLoss: 0.208314 | ParamLoss: -0.102727 | Epsilon: 0.7451 | Replay: 10752
2026-09-16 19:18:57,904 | INFO | Steps: 11264/150000 | Episodes: 22 | CurrentEpReward: 0.000 | RecentReward: -9.980 | QLoss: 0.212734 | ParamLoss: -0.109367 | Epsilon: 0.7317 | Replay: 11264
2026-09-16 19:19:09,296 | INFO | Steps: 11776/150000 | Episodes: 23 | CurrentEpReward: 0.000 | RecentReward: -9.518 | QLoss: 0.211952 | ParamLoss: -0.112269 | Epsilon: 0.7184 | Replay: 11776
2026-09-16 19:19:20,771 | INFO | Steps: 12288/150000 | Episodes: 24 | CurrentEpReward: 0.000 | RecentReward: -9.459 | QLoss: 0.216948 | ParamLoss: -0.115465 | Epsilon: 0.7050 | Replay: 12288
2026-09-16 19:19:32,294 | INFO | Steps: 12800/150000 | Episodes: 25 | CurrentEpReward: 0.000 | RecentReward: -8.154 | QLoss: 0.226028 | ParamLoss: -0.122193 | Epsilon: 0.6916 | Replay: 12800
2026-09-16 19:19:43,768 | INFO | Steps: 13312/150000 | Episodes: 26 | CurrentEpReward: 0.000 | RecentReward: -8.419 | QLoss: 0.224829 | ParamLoss: -0.125041 | Epsilon: 0.6782 | Replay: 13312
2026-09-16 19:19:55,295 | INFO | Steps: 13824/150000 | Episodes: 27 | CurrentEpReward: 0.000 | RecentReward: -8.640 | QLoss: 0.221845 | ParamLoss: -0.126395 | Epsilon: 0.6648 | Replay: 13824
2026-09-16 19:20:06,668 | INFO | Steps: 14336/150000 | Episodes: 28 | CurrentEpReward: 0.000 | RecentReward: -8.669 | QLoss: 0.229390 | ParamLoss: -0.127050 | Epsilon: 0.6515 | Replay: 14336
2026-09-16 19:20:18,043 | INFO | Steps: 14848/150000 | Episodes: 29 | CurrentEpReward: 0.000 | RecentReward: -8.024 | QLoss: 0.228962 | ParamLoss: -0.130267 | Epsilon: 0.6381 | Replay: 14848
2026-09-16 19:20:29,498 | INFO | Steps: 15360/150000 | Episodes: 30 | CurrentEpReward: 0.000 | RecentReward: -7.485 | QLoss: 0.232859 | ParamLoss: -0.134166 | Epsilon: 0.6247 | Replay: 15360
2026-09-16 19:20:40,861 | INFO | Steps: 15872/150000 | Episodes: 31 | CurrentEpReward: 0.000 | RecentReward: -5.406 | QLoss: 0.233714 | ParamLoss: -0.136630 | Epsilon: 0.6113 | Replay: 15872
2026-09-16 19:20:52,325 | INFO | Steps: 16384/150000 | Episodes: 32 | CurrentEpReward: 0.000 | RecentReward: -5.171 | QLoss: 0.238310 | ParamLoss: -0.137236 | Epsilon: 0.5979 | Replay: 16384
2026-09-16 19:21:03,705 | INFO | Steps: 16896/150000 | Episodes: 33 | CurrentEpReward: 0.000 | RecentReward: -4.489 | QLoss: 0.230707 | ParamLoss: -0.139338 | Epsilon: 0.5846 | Replay: 16896
2026-09-16 19:21:15,110 | INFO | Steps: 17408/150000 | Episodes: 34 | CurrentEpReward: 0.000 | RecentReward: -3.638 | QLoss: 0.234725 | ParamLoss: -0.143960 | Epsilon: 0.5712 | Replay: 17408
2026-09-16 19:21:26,735 | INFO | Steps: 17920/150000 | Episodes: 35 | CurrentEpReward: 0.000 | RecentReward: -1.860 | QLoss: 0.247588 | ParamLoss: -0.150699 | Epsilon: 0.5578 | Replay: 17920
2026-09-16 19:21:38,168 | INFO | Steps: 18432/150000 | Episodes: 36 | CurrentEpReward: 0.000 | RecentReward: -0.668 | QLoss: 0.242096 | ParamLoss: -0.160293 | Epsilon: 0.5444 | Replay: 18432
2026-09-16 19:21:49,655 | INFO | Steps: 18944/150000 | Episodes: 37 | CurrentEpReward: 0.000 | RecentReward: -0.527 | QLoss: 0.255188 | ParamLoss: -0.164725 | Epsilon: 0.5310 | Replay: 18944
2026-09-16 19:22:00,936 | INFO | Steps: 19456/150000 | Episodes: 38 | CurrentEpReward: 0.000 | RecentReward: -1.009 | QLoss: 0.253737 | ParamLoss: -0.170454 | Epsilon: 0.5177 | Replay: 19456
2026-09-16 19:22:12,609 | INFO | Steps: 19968/150000 | Episodes: 39 | CurrentEpReward: 0.000 | RecentReward: 0.085 | QLoss: 0.257363 | ParamLoss: -0.173641 | Epsilon: 0.5043 | Replay: 19968
2026-09-16 19:22:24,089 | INFO | Steps: 20480/150000 | Episodes: 40 | CurrentEpReward: 0.000 | RecentReward: 0.516 | QLoss: 0.263892 | ParamLoss: -0.183519 | Epsilon: 0.4909 | Replay: 20480
2026-09-16 19:22:35,574 | INFO | Steps: 20992/150000 | Episodes: 41 | CurrentEpReward: 0.000 | RecentReward: 2.028 | QLoss: 0.258735 | ParamLoss: -0.184534 | Epsilon: 0.4775 | Replay: 20992
2026-09-16 19:22:47,352 | INFO | Steps: 21504/150000 | Episodes: 42 | CurrentEpReward: 0.000 | RecentReward: 2.852 | QLoss: 0.265525 | ParamLoss: -0.191171 | Epsilon: 0.4641 | Replay: 21504
2026-09-16 19:22:58,988 | INFO | Steps: 22016/150000 | Episodes: 43 | CurrentEpReward: 0.000 | RecentReward: 4.330 | QLoss: 0.263401 | ParamLoss: -0.194325 | Epsilon: 0.4508 | Replay: 22016
2026-09-16 19:23:10,443 | INFO | Steps: 22528/150000 | Episodes: 44 | CurrentEpReward: 0.000 | RecentReward: 5.912 | QLoss: 0.272408 | ParamLoss: -0.199930 | Epsilon: 0.4374 | Replay: 22528
2026-09-16 19:23:21,902 | INFO | Steps: 23040/150000 | Episodes: 45 | CurrentEpReward: 0.000 | RecentReward: 5.886 | QLoss: 0.270876 | ParamLoss: -0.202543 | Epsilon: 0.4240 | Replay: 23040
2026-09-16 19:23:33,323 | INFO | Steps: 23552/150000 | Episodes: 46 | CurrentEpReward: 0.000 | RecentReward: 6.600 | QLoss: 0.278906 | ParamLoss: -0.207676 | Epsilon: 0.4106 | Replay: 23552
2026-09-16 19:23:44,727 | INFO | Steps: 24064/150000 | Episodes: 47 | CurrentEpReward: 0.000 | RecentReward: 7.567 | QLoss: 0.290976 | ParamLoss: -0.213242 | Epsilon: 0.3972 | Replay: 24064
2026-09-16 19:23:56,193 | INFO | Steps: 24576/150000 | Episodes: 48 | CurrentEpReward: 0.000 | RecentReward: 9.599 | QLoss: 0.273853 | ParamLoss: -0.214854 | Epsilon: 0.3839 | Replay: 24576
2026-09-16 19:24:07,717 | INFO | Steps: 25088/150000 | Episodes: 49 | CurrentEpReward: 0.000 | RecentReward: 10.462 | QLoss: 0.279782 | ParamLoss: -0.221105 | Epsilon: 0.3705 | Replay: 25088
2026-09-16 19:24:19,105 | INFO | Steps: 25600/150000 | Episodes: 50 | CurrentEpReward: 0.000 | RecentReward: 10.977 | QLoss: 0.277291 | ParamLoss: -0.226415 | Epsilon: 0.3571 | Replay: 25600
2026-09-16 19:24:30,582 | INFO | Steps: 26112/150000 | Episodes: 51 | CurrentEpReward: 0.000 | RecentReward: 10.741 | QLoss: 0.284761 | ParamLoss: -0.228149 | Epsilon: 0.3437 | Replay: 26112
2026-09-16 19:24:42,100 | INFO | Steps: 26624/150000 | Episodes: 52 | CurrentEpReward: 0.000 | RecentReward: 12.320 | QLoss: 0.285232 | ParamLoss: -0.233917 | Epsilon: 0.3303 | Replay: 26624
2026-09-16 19:24:53,537 | INFO | Steps: 27136/150000 | Episodes: 53 | CurrentEpReward: 0.000 | RecentReward: 13.082 | QLoss: 0.272782 | ParamLoss: -0.240595 | Epsilon: 0.3170 | Replay: 27136
2026-09-16 19:25:04,984 | INFO | Steps: 27648/150000 | Episodes: 54 | CurrentEpReward: 0.000 | RecentReward: 13.479 | QLoss: 0.281504 | ParamLoss: -0.250166 | Epsilon: 0.3036 | Replay: 27648
2026-09-16 19:25:16,404 | INFO | Steps: 28160/150000 | Episodes: 55 | CurrentEpReward: 0.000 | RecentReward: 14.298 | QLoss: 0.276657 | ParamLoss: -0.253505 | Epsilon: 0.2902 | Replay: 28160
2026-09-16 19:25:28,232 | INFO | Steps: 28672/150000 | Episodes: 56 | CurrentEpReward: 0.000 | RecentReward: 16.011 | QLoss: 0.284592 | ParamLoss: -0.256406 | Epsilon: 0.2768 | Replay: 28672
2026-09-16 19:25:39,925 | INFO | Steps: 29184/150000 | Episodes: 57 | CurrentEpReward: 0.000 | RecentReward: 18.266 | QLoss: 0.285884 | ParamLoss: -0.265682 | Epsilon: 0.2634 | Replay: 29184
2026-09-16 19:25:51,290 | INFO | Steps: 29696/150000 | Episodes: 58 | CurrentEpReward: 0.000 | RecentReward: 19.387 | QLoss: 0.279870 | ParamLoss: -0.273845 | Epsilon: 0.2501 | Replay: 29696
2026-09-16 19:26:02,679 | INFO | Steps: 30208/150000 | Episodes: 59 | CurrentEpReward: 0.000 | RecentReward: 21.037 | QLoss: 0.293065 | ParamLoss: -0.280318 | Epsilon: 0.2367 | Replay: 30208
2026-09-16 19:26:14,120 | INFO | Steps: 30720/150000 | Episodes: 60 | CurrentEpReward: 0.000 | RecentReward: 22.998 | QLoss: 0.282088 | ParamLoss: -0.288626 | Epsilon: 0.2233 | Replay: 30720
2026-09-16 19:26:25,543 | INFO | Steps: 31232/150000 | Episodes: 61 | CurrentEpReward: 0.000 | RecentReward: 24.944 | QLoss: 0.289760 | ParamLoss: -0.291942 | Epsilon: 0.2099 | Replay: 31232
2026-09-16 19:26:37,138 | INFO | Steps: 31744/150000 | Episodes: 62 | CurrentEpReward: 0.000 | RecentReward: 26.162 | QLoss: 0.293500 | ParamLoss: -0.293902 | Epsilon: 0.1965 | Replay: 31744
2026-09-16 19:26:48,708 | INFO | Steps: 32256/150000 | Episodes: 63 | CurrentEpReward: 0.000 | RecentReward: 27.480 | QLoss: 0.286203 | ParamLoss: -0.300454 | Epsilon: 0.1832 | Replay: 32256
2026-09-16 19:27:00,078 | INFO | Steps: 32768/150000 | Episodes: 64 | CurrentEpReward: 0.000 | RecentReward: 29.008 | QLoss: 0.295450 | ParamLoss: -0.304331 | Epsilon: 0.1698 | Replay: 32768
2026-09-16 19:27:11,566 | INFO | Steps: 33280/150000 | Episodes: 65 | CurrentEpReward: 0.000 | RecentReward: 30.385 | QLoss: 0.303362 | ParamLoss: -0.308798 | Epsilon: 0.1564 | Replay: 33280
2026-09-16 19:27:23,034 | INFO | Steps: 33792/150000 | Episodes: 66 | CurrentEpReward: 0.000 | RecentReward: 32.370 | QLoss: 0.303056 | ParamLoss: -0.308768 | Epsilon: 0.1430 | Replay: 33792
2026-09-16 19:27:34,665 | INFO | Steps: 34304/150000 | Episodes: 67 | CurrentEpReward: 0.000 | RecentReward: 33.954 | QLoss: 0.288137 | ParamLoss: -0.323826 | Epsilon: 0.1296 | Replay: 34304
2026-09-16 19:27:46,490 | INFO | Steps: 34816/150000 | Episodes: 68 | CurrentEpReward: 0.000 | RecentReward: 36.249 | QLoss: 0.295928 | ParamLoss: -0.325906 | Epsilon: 0.1162 | Replay: 34816
2026-09-16 19:27:58,186 | INFO | Steps: 35328/150000 | Episodes: 69 | CurrentEpReward: 0.000 | RecentReward: 39.171 | QLoss: 0.288657 | ParamLoss: -0.335581 | Epsilon: 0.1029 | Replay: 35328
2026-09-16 19:28:09,548 | INFO | Steps: 35840/150000 | Episodes: 70 | CurrentEpReward: 0.000 | RecentReward: 41.394 | QLoss: 0.306109 | ParamLoss: -0.340135 | Epsilon: 0.0895 | Replay: 35840
2026-09-16 19:28:20,936 | INFO | Steps: 36352/150000 | Episodes: 71 | CurrentEpReward: 0.000 | RecentReward: 43.494 | QLoss: 0.291311 | ParamLoss: -0.341641 | Epsilon: 0.0761 | Replay: 36352
2026-09-16 19:28:32,455 | INFO | Steps: 36864/150000 | Episodes: 72 | CurrentEpReward: 0.000 | RecentReward: 45.171 | QLoss: 0.285254 | ParamLoss: -0.340370 | Epsilon: 0.0627 | Replay: 36864
2026-09-16 19:28:43,925 | INFO | Steps: 37376/150000 | Episodes: 73 | CurrentEpReward: 0.000 | RecentReward: 47.928 | QLoss: 0.285453 | ParamLoss: -0.346466 | Epsilon: 0.0493 | Replay: 37376
2026-09-16 19:28:55,447 | INFO | Steps: 37888/150000 | Episodes: 74 | CurrentEpReward: 0.000 | RecentReward: 50.618 | QLoss: 0.315813 | ParamLoss: -0.356764 | Epsilon: 0.0360 | Replay: 37888
2026-09-16 19:29:06,861 | INFO | Steps: 38400/150000 | Episodes: 75 | CurrentEpReward: 0.000 | RecentReward: 53.140 | QLoss: 0.308406 | ParamLoss: -0.362091 | Epsilon: 0.0226 | Replay: 38400
2026-09-16 19:29:18,191 | INFO | Steps: 38912/150000 | Episodes: 76 | CurrentEpReward: 0.000 | RecentReward: 54.662 | QLoss: 0.304030 | ParamLoss: -0.368192 | Epsilon: 0.0200 | Replay: 38912
2026-09-16 19:29:29,903 | INFO | Steps: 39424/150000 | Episodes: 77 | CurrentEpReward: 0.000 | RecentReward: 57.219 | QLoss: 0.295927 | ParamLoss: -0.377697 | Epsilon: 0.0200 | Replay: 39424
2026-09-16 19:29:41,332 | INFO | Steps: 39936/150000 | Episodes: 78 | CurrentEpReward: 0.000 | RecentReward: 58.566 | QLoss: 0.302958 | ParamLoss: -0.382375 | Epsilon: 0.0200 | Replay: 39936
2026-09-16 19:29:52,801 | INFO | Steps: 40448/150000 | Episodes: 79 | CurrentEpReward: 0.000 | RecentReward: 58.956 | QLoss: 0.301833 | ParamLoss: -0.394111 | Epsilon: 0.0200 | Replay: 40448
2026-09-16 19:30:04,235 | INFO | Steps: 40960/150000 | Episodes: 80 | CurrentEpReward: 0.000 | RecentReward: 60.410 | QLoss: 0.323595 | ParamLoss: -0.395856 | Epsilon: 0.0200 | Replay: 40960
2026-09-16 19:30:15,579 | INFO | Steps: 41472/150000 | Episodes: 81 | CurrentEpReward: 0.000 | RecentReward: 61.912 | QLoss: 0.338264 | ParamLoss: -0.405220 | Epsilon: 0.0200 | Replay: 41472
2026-09-16 19:30:27,021 | INFO | Steps: 41984/150000 | Episodes: 82 | CurrentEpReward: 0.000 | RecentReward: 62.963 | QLoss: 0.310216 | ParamLoss: -0.412662 | Epsilon: 0.0200 | Replay: 41984
2026-09-16 19:30:38,410 | INFO | Steps: 42496/150000 | Episodes: 83 | CurrentEpReward: 0.000 | RecentReward: 63.670 | QLoss: 0.321872 | ParamLoss: -0.418449 | Epsilon: 0.0200 | Replay: 42496
2026-09-16 19:30:49,908 | INFO | Steps: 43008/150000 | Episodes: 84 | CurrentEpReward: 0.000 | RecentReward: 64.340 | QLoss: 0.323780 | ParamLoss: -0.438994 | Epsilon: 0.0200 | Replay: 43008
2026-09-16 19:31:01,380 | INFO | Steps: 43520/150000 | Episodes: 85 | CurrentEpReward: 0.000 | RecentReward: 65.438 | QLoss: 0.318753 | ParamLoss: -0.450887 | Epsilon: 0.0200 | Replay: 43520
2026-09-16 19:31:13,069 | INFO | Steps: 44032/150000 | Episodes: 86 | CurrentEpReward: 0.000 | RecentReward: 66.548 | QLoss: 0.341510 | ParamLoss: -0.451631 | Epsilon: 0.0200 | Replay: 44032
2026-09-16 19:31:24,709 | INFO | Steps: 44544/150000 | Episodes: 87 | CurrentEpReward: 0.000 | RecentReward: 66.765 | QLoss: 0.332664 | ParamLoss: -0.459725 | Epsilon: 0.0200 | Replay: 44544
2026-09-16 19:31:36,111 | INFO | Steps: 45056/150000 | Episodes: 88 | CurrentEpReward: 0.000 | RecentReward: 68.421 | QLoss: 0.313226 | ParamLoss: -0.467716 | Epsilon: 0.0200 | Replay: 45056
2026-09-16 19:31:47,371 | INFO | Steps: 45568/150000 | Episodes: 89 | CurrentEpReward: 0.000 | RecentReward: 68.549 | QLoss: 0.311476 | ParamLoss: -0.470775 | Epsilon: 0.0200 | Replay: 45568
2026-09-16 19:31:58,835 | INFO | Steps: 46080/150000 | Episodes: 90 | CurrentEpReward: 0.000 | RecentReward: 69.305 | QLoss: 0.330075 | ParamLoss: -0.478626 | Epsilon: 0.0200 | Replay: 46080
2026-09-16 19:32:10,201 | INFO | Steps: 46592/150000 | Episodes: 91 | CurrentEpReward: 0.000 | RecentReward: 70.089 | QLoss: 0.350625 | ParamLoss: -0.490009 | Epsilon: 0.0200 | Replay: 46592
2026-09-16 19:32:21,803 | INFO | Steps: 47104/150000 | Episodes: 92 | CurrentEpReward: 0.000 | RecentReward: 71.163 | QLoss: 0.331834 | ParamLoss: -0.493902 | Epsilon: 0.0200 | Replay: 47104
2026-09-16 19:32:33,259 | INFO | Steps: 47616/150000 | Episodes: 93 | CurrentEpReward: 0.000 | RecentReward: 70.939 | QLoss: 0.373842 | ParamLoss: -0.504157 | Epsilon: 0.0200 | Replay: 47616
2026-09-16 19:32:44,699 | INFO | Steps: 48128/150000 | Episodes: 94 | CurrentEpReward: 0.000 | RecentReward: 71.163 | QLoss: 0.369365 | ParamLoss: -0.507331 | Epsilon: 0.0200 | Replay: 48128
2026-09-16 19:32:56,213 | INFO | Steps: 48640/150000 | Episodes: 95 | CurrentEpReward: 0.000 | RecentReward: 71.104 | QLoss: 0.366155 | ParamLoss: -0.512443 | Epsilon: 0.0200 | Replay: 48640
2026-09-16 19:33:07,633 | INFO | Steps: 49152/150000 | Episodes: 96 | CurrentEpReward: 0.000 | RecentReward: 71.062 | QLoss: 0.359328 | ParamLoss: -0.521152 | Epsilon: 0.0200 | Replay: 49152
2026-09-16 19:33:19,043 | INFO | Steps: 49664/150000 | Episodes: 97 | CurrentEpReward: 0.000 | RecentReward: 70.428 | QLoss: 0.366720 | ParamLoss: -0.525371 | Epsilon: 0.0200 | Replay: 49664
2026-09-16 19:33:51,912 | INFO | 新的最佳模型 (reward): 74.945，保存至 /home/pjpjq/LEO_switch/results/multiseed_0907/seed43/u35/learned_baselines/pdqn/best_model.pt
2026-09-16 19:33:51,915 | INFO | 周期权重已保存: /home/pjpjq/LEO_switch/results/multiseed_0907/seed43/u35/learned_baselines/pdqn/checkpoint_50000.pt
2026-09-16 19:33:56,011 | INFO | Steps: 50176/150000 | Episodes: 98 | CurrentEpReward: 0.000 | RecentReward: 70.546 | QLoss: 0.373216 | ParamLoss: -0.533402 | Epsilon: 0.0200 | Replay: 50000
2026-09-16 19:34:07,653 | INFO | Steps: 50688/150000 | Episodes: 99 | CurrentEpReward: 0.000 | RecentReward: 71.845 | QLoss: 0.385906 | ParamLoss: -0.539260 | Epsilon: 0.0200 | Replay: 50000
2026-09-16 19:34:19,120 | INFO | Steps: 51200/150000 | Episodes: 100 | CurrentEpReward: 0.000 | RecentReward: 71.632 | QLoss: 0.343336 | ParamLoss: -0.546268 | Epsilon: 0.0200 | Replay: 50000
2026-09-16 19:34:30,863 | INFO | Steps: 51712/150000 | Episodes: 101 | CurrentEpReward: 0.000 | RecentReward: 71.861 | QLoss: 0.356792 | ParamLoss: -0.552497 | Epsilon: 0.0200 | Replay: 50000
2026-09-16 19:34:42,325 | INFO | Steps: 52224/150000 | Episodes: 102 | CurrentEpReward: 0.000 | RecentReward: 71.514 | QLoss: 0.354381 | ParamLoss: -0.561155 | Epsilon: 0.0200 | Replay: 50000
2026-09-16 19:34:54,032 | INFO | Steps: 52736/150000 | Episodes: 103 | CurrentEpReward: 0.000 | RecentReward: 72.375 | QLoss: 0.369288 | ParamLoss: -0.578006 | Epsilon: 0.0200 | Replay: 50000
2026-09-16 19:35:05,645 | INFO | Steps: 53248/150000 | Episodes: 104 | CurrentEpReward: 0.000 | RecentReward: 73.307 | QLoss: 0.326179 | ParamLoss: -0.580199 | Epsilon: 0.0200 | Replay: 50000
2026-09-16 19:35:17,201 | INFO | Steps: 53760/150000 | Episodes: 105 | CurrentEpReward: 0.000 | RecentReward: 73.959 | QLoss: 0.361560 | ParamLoss: -0.585301 | Epsilon: 0.0200 | Replay: 50000
2026-09-16 19:35:28,893 | INFO | Steps: 54272/150000 | Episodes: 106 | CurrentEpReward: 0.000 | RecentReward: 74.224 | QLoss: 0.358903 | ParamLoss: -0.602602 | Epsilon: 0.0200 | Replay: 50000
2026-09-16 19:35:40,385 | INFO | Steps: 54784/150000 | Episodes: 107 | CurrentEpReward: 0.000 | RecentReward: 74.765 | QLoss: 0.372066 | ParamLoss: -0.608441 | Epsilon: 0.0200 | Replay: 50000
2026-09-16 19:35:52,207 | INFO | Steps: 55296/150000 | Episodes: 108 | CurrentEpReward: 0.000 | RecentReward: 74.767 | QLoss: 0.389537 | ParamLoss: -0.615798 | Epsilon: 0.0200 | Replay: 50000
2026-09-16 19:36:03,789 | INFO | Steps: 55808/150000 | Episodes: 109 | CurrentEpReward: 0.000 | RecentReward: 74.246 | QLoss: 0.406827 | ParamLoss: -0.612150 | Epsilon: 0.0200 | Replay: 50000
2026-09-16 19:36:15,233 | INFO | Steps: 56320/150000 | Episodes: 110 | CurrentEpReward: 0.000 | RecentReward: 74.353 | QLoss: 0.424961 | ParamLoss: -0.614742 | Epsilon: 0.0200 | Replay: 50000
2026-09-16 19:36:26,738 | INFO | Steps: 56832/150000 | Episodes: 111 | CurrentEpReward: 0.000 | RecentReward: 74.249 | QLoss: 0.344964 | ParamLoss: -0.630260 | Epsilon: 0.0200 | Replay: 50000
2026-09-16 19:36:38,195 | INFO | Steps: 57344/150000 | Episodes: 112 | CurrentEpReward: 0.000 | RecentReward: 74.795 | QLoss: 0.339538 | ParamLoss: -0.639625 | Epsilon: 0.0200 | Replay: 50000
2026-09-16 19:36:49,712 | INFO | Steps: 57856/150000 | Episodes: 113 | CurrentEpReward: 0.000 | RecentReward: 74.153 | QLoss: 0.358298 | ParamLoss: -0.639369 | Epsilon: 0.0200 | Replay: 50000
2026-09-16 19:37:01,343 | INFO | Steps: 58368/150000 | Episodes: 114 | CurrentEpReward: 0.000 | RecentReward: 73.939 | QLoss: 0.359095 | ParamLoss: -0.644383 | Epsilon: 0.0200 | Replay: 50000
2026-09-16 19:37:12,840 | INFO | Steps: 58880/150000 | Episodes: 115 | CurrentEpReward: 0.000 | RecentReward: 73.272 | QLoss: 0.386374 | ParamLoss: -0.653356 | Epsilon: 0.0200 | Replay: 50000
2026-09-16 19:37:24,311 | INFO | Steps: 59392/150000 | Episodes: 116 | CurrentEpReward: 0.000 | RecentReward: 72.564 | QLoss: 0.377772 | ParamLoss: -0.650562 | Epsilon: 0.0200 | Replay: 50000
2026-09-16 19:37:35,772 | INFO | Steps: 59904/150000 | Episodes: 117 | CurrentEpReward: 0.000 | RecentReward: 71.801 | QLoss: 0.344076 | ParamLoss: -0.663962 | Epsilon: 0.0200 | Replay: 50000
2026-09-16 19:37:47,550 | INFO | Steps: 60416/150000 | Episodes: 118 | CurrentEpReward: 0.000 | RecentReward: 72.293 | QLoss: 0.336880 | ParamLoss: -0.667904 | Epsilon: 0.0200 | Replay: 50000
2026-09-16 19:37:59,090 | INFO | Steps: 60928/150000 | Episodes: 119 | CurrentEpReward: 0.000 | RecentReward: 72.428 | QLoss: 0.374274 | ParamLoss: -0.667486 | Epsilon: 0.0200 | Replay: 50000
2026-09-16 19:38:10,560 | INFO | Steps: 61440/150000 | Episodes: 120 | CurrentEpReward: 0.000 | RecentReward: 72.598 | QLoss: 0.346639 | ParamLoss: -0.667450 | Epsilon: 0.0200 | Replay: 50000
2026-09-16 19:38:22,107 | INFO | Steps: 61952/150000 | Episodes: 121 | CurrentEpReward: 0.000 | RecentReward: 72.544 | QLoss: 0.391610 | ParamLoss: -0.667161 | Epsilon: 0.0200 | Replay: 50000
2026-09-16 19:38:33,525 | INFO | Steps: 62464/150000 | Episodes: 122 | CurrentEpReward: 0.000 | RecentReward: 71.521 | QLoss: 0.359860 | ParamLoss: -0.665153 | Epsilon: 0.0200 | Replay: 50000
2026-09-16 19:38:44,996 | INFO | Steps: 62976/150000 | Episodes: 123 | CurrentEpReward: 0.000 | RecentReward: 72.150 | QLoss: 0.365824 | ParamLoss: -0.680204 | Epsilon: 0.0200 | Replay: 50000
2026-09-16 19:38:56,593 | INFO | Steps: 63488/150000 | Episodes: 124 | CurrentEpReward: 0.000 | RecentReward: 71.325 | QLoss: 0.330897 | ParamLoss: -0.680990 | Epsilon: 0.0200 | Replay: 50000
2026-09-16 19:39:08,347 | INFO | Steps: 64000/150000 | Episodes: 125 | CurrentEpReward: 0.000 | RecentReward: 72.193 | QLoss: 0.358695 | ParamLoss: -0.696512 | Epsilon: 0.0200 | Replay: 50000
2026-09-16 19:39:19,846 | INFO | Steps: 64512/150000 | Episodes: 126 | CurrentEpReward: 0.000 | RecentReward: 72.484 | QLoss: 0.374409 | ParamLoss: -0.698794 | Epsilon: 0.0200 | Replay: 50000
2026-09-16 19:39:31,393 | INFO | Steps: 65024/150000 | Episodes: 127 | CurrentEpReward: 0.000 | RecentReward: 73.517 | QLoss: 0.385699 | ParamLoss: -0.708714 | Epsilon: 0.0200 | Replay: 50000
2026-09-16 19:39:42,898 | INFO | Steps: 65536/150000 | Episodes: 128 | CurrentEpReward: 0.000 | RecentReward: 72.014 | QLoss: 0.375135 | ParamLoss: -0.715503 | Epsilon: 0.0200 | Replay: 50000
2026-09-16 19:39:54,545 | INFO | Steps: 66048/150000 | Episodes: 129 | CurrentEpReward: 0.000 | RecentReward: 73.258 | QLoss: 0.432147 | ParamLoss: -0.720873 | Epsilon: 0.0200 | Replay: 50000
2026-09-16 19:40:06,255 | INFO | Steps: 66560/150000 | Episodes: 130 | CurrentEpReward: 0.000 | RecentReward: 73.600 | QLoss: 0.390454 | ParamLoss: -0.727790 | Epsilon: 0.0200 | Replay: 50000
2026-09-16 19:40:17,840 | INFO | Steps: 67072/150000 | Episodes: 131 | CurrentEpReward: 0.000 | RecentReward: 73.764 | QLoss: 0.408821 | ParamLoss: -0.740352 | Epsilon: 0.0200 | Replay: 50000
2026-09-16 19:40:29,605 | INFO | Steps: 67584/150000 | Episodes: 132 | CurrentEpReward: 0.000 | RecentReward: 75.164 | QLoss: 0.381312 | ParamLoss: -0.744776 | Epsilon: 0.0200 | Replay: 50000
2026-09-16 19:40:41,408 | INFO | Steps: 68096/150000 | Episodes: 133 | CurrentEpReward: 0.000 | RecentReward: 75.492 | QLoss: 0.385861 | ParamLoss: -0.751881 | Epsilon: 0.0200 | Replay: 50000
2026-09-16 19:40:52,865 | INFO | Steps: 68608/150000 | Episodes: 134 | CurrentEpReward: 0.000 | RecentReward: 75.858 | QLoss: 0.348727 | ParamLoss: -0.748147 | Epsilon: 0.0200 | Replay: 50000
2026-09-16 19:41:04,334 | INFO | Steps: 69120/150000 | Episodes: 135 | CurrentEpReward: 0.000 | RecentReward: 74.861 | QLoss: 0.378044 | ParamLoss: -0.751430 | Epsilon: 0.0200 | Replay: 50000
2026-09-16 19:41:15,992 | INFO | Steps: 69632/150000 | Episodes: 136 | CurrentEpReward: 0.000 | RecentReward: 75.453 | QLoss: 0.357275 | ParamLoss: -0.770824 | Epsilon: 0.0200 | Replay: 50000
2026-09-16 19:41:27,578 | INFO | Steps: 70144/150000 | Episodes: 137 | CurrentEpReward: 0.000 | RecentReward: 75.636 | QLoss: 0.406512 | ParamLoss: -0.778364 | Epsilon: 0.0200 | Replay: 50000
2026-09-16 19:41:39,187 | INFO | Steps: 70656/150000 | Episodes: 138 | CurrentEpReward: 0.000 | RecentReward: 77.022 | QLoss: 0.421955 | ParamLoss: -0.782620 | Epsilon: 0.0200 | Replay: 50000
2026-09-16 19:41:50,709 | INFO | Steps: 71168/150000 | Episodes: 139 | CurrentEpReward: 0.000 | RecentReward: 75.901 | QLoss: 0.342686 | ParamLoss: -0.780044 | Epsilon: 0.0200 | Replay: 50000
2026-09-16 19:42:02,277 | INFO | Steps: 71680/150000 | Episodes: 140 | CurrentEpReward: 0.000 | RecentReward: 74.942 | QLoss: 0.339055 | ParamLoss: -0.782826 | Epsilon: 0.0200 | Replay: 50000
2026-09-16 19:42:13,975 | INFO | Steps: 72192/150000 | Episodes: 141 | CurrentEpReward: 0.000 | RecentReward: 75.002 | QLoss: 0.356186 | ParamLoss: -0.788977 | Epsilon: 0.0200 | Replay: 50000
2026-09-16 19:42:25,517 | INFO | Steps: 72704/150000 | Episodes: 142 | CurrentEpReward: 0.000 | RecentReward: 74.373 | QLoss: 0.410002 | ParamLoss: -0.797331 | Epsilon: 0.0200 | Replay: 50000
2026-09-16 19:42:37,060 | INFO | Steps: 73216/150000 | Episodes: 143 | CurrentEpReward: 0.000 | RecentReward: 74.197 | QLoss: 0.342142 | ParamLoss: -0.799401 | Epsilon: 0.0200 | Replay: 50000
2026-09-16 19:42:48,593 | INFO | Steps: 73728/150000 | Episodes: 144 | CurrentEpReward: 0.000 | RecentReward: 74.175 | QLoss: 0.367494 | ParamLoss: -0.808846 | Epsilon: 0.0200 | Replay: 50000
2026-09-16 19:43:00,188 | INFO | Steps: 74240/150000 | Episodes: 145 | CurrentEpReward: 0.000 | RecentReward: 74.272 | QLoss: 0.406422 | ParamLoss: -0.825028 | Epsilon: 0.0200 | Replay: 50000
2026-09-16 19:43:11,902 | INFO | Steps: 74752/150000 | Episodes: 146 | CurrentEpReward: 0.000 | RecentReward: 74.601 | QLoss: 0.410883 | ParamLoss: -0.836009 | Epsilon: 0.0200 | Replay: 50000
2026-09-16 19:43:23,583 | INFO | Steps: 75264/150000 | Episodes: 147 | CurrentEpReward: 0.000 | RecentReward: 74.944 | QLoss: 0.335277 | ParamLoss: -0.837476 | Epsilon: 0.0200 | Replay: 50000
2026-09-16 19:43:35,323 | INFO | Steps: 75776/150000 | Episodes: 148 | CurrentEpReward: 0.000 | RecentReward: 74.703 | QLoss: 0.379211 | ParamLoss: -0.839078 | Epsilon: 0.0200 | Replay: 50000
2026-09-16 19:43:47,011 | INFO | Steps: 76288/150000 | Episodes: 149 | CurrentEpReward: 0.000 | RecentReward: 74.746 | QLoss: 0.412598 | ParamLoss: -0.845746 | Epsilon: 0.0200 | Replay: 50000
2026-09-16 19:43:58,944 | INFO | Steps: 76800/150000 | Episodes: 150 | CurrentEpReward: 0.000 | RecentReward: 76.299 | QLoss: 0.425322 | ParamLoss: -0.858291 | Epsilon: 0.0200 | Replay: 50000
2026-09-16 19:44:10,461 | INFO | Steps: 77312/150000 | Episodes: 151 | CurrentEpReward: 0.000 | RecentReward: 75.075 | QLoss: 0.426920 | ParamLoss: -0.862185 | Epsilon: 0.0200 | Replay: 50000
2026-09-16 19:44:22,036 | INFO | Steps: 77824/150000 | Episodes: 152 | CurrentEpReward: 0.000 | RecentReward: 75.009 | QLoss: 0.459580 | ParamLoss: -0.875753 | Epsilon: 0.0200 | Replay: 50000
2026-09-16 19:44:33,675 | INFO | Steps: 78336/150000 | Episodes: 153 | CurrentEpReward: 0.000 | RecentReward: 74.514 | QLoss: 0.471349 | ParamLoss: -0.886785 | Epsilon: 0.0200 | Replay: 50000
2026-09-16 19:44:45,495 | INFO | Steps: 78848/150000 | Episodes: 154 | CurrentEpReward: 0.000 | RecentReward: 75.227 | QLoss: 0.396030 | ParamLoss: -0.897880 | Epsilon: 0.0200 | Replay: 50000
2026-09-16 19:44:57,394 | INFO | Steps: 79360/150000 | Episodes: 155 | CurrentEpReward: 0.000 | RecentReward: 76.445 | QLoss: 0.474849 | ParamLoss: -0.903574 | Epsilon: 0.0200 | Replay: 50000
2026-09-16 19:45:09,316 | INFO | Steps: 79872/150000 | Episodes: 156 | CurrentEpReward: 0.000 | RecentReward: 75.927 | QLoss: 0.404807 | ParamLoss: -0.911151 | Epsilon: 0.0200 | Replay: 50000
2026-09-16 19:45:20,895 | INFO | Steps: 80384/150000 | Episodes: 157 | CurrentEpReward: 0.000 | RecentReward: 75.008 | QLoss: 0.373068 | ParamLoss: -0.919346 | Epsilon: 0.0200 | Replay: 50000
2026-09-16 19:45:32,468 | INFO | Steps: 80896/150000 | Episodes: 158 | CurrentEpReward: 0.000 | RecentReward: 74.592 | QLoss: 0.502248 | ParamLoss: -0.921999 | Epsilon: 0.0200 | Replay: 50000
2026-09-16 19:45:44,019 | INFO | Steps: 81408/150000 | Episodes: 159 | CurrentEpReward: 0.000 | RecentReward: 74.403 | QLoss: 0.438660 | ParamLoss: -0.920978 | Epsilon: 0.0200 | Replay: 50000
2026-09-16 19:45:55,748 | INFO | Steps: 81920/150000 | Episodes: 160 | CurrentEpReward: 0.000 | RecentReward: 73.357 | QLoss: 0.450814 | ParamLoss: -0.945177 | Epsilon: 0.0200 | Replay: 50000
2026-09-16 19:46:07,262 | INFO | Steps: 82432/150000 | Episodes: 161 | CurrentEpReward: 0.000 | RecentReward: 74.116 | QLoss: 0.466384 | ParamLoss: -0.950187 | Epsilon: 0.0200 | Replay: 50000
2026-09-16 19:46:19,009 | INFO | Steps: 82944/150000 | Episodes: 162 | CurrentEpReward: 0.000 | RecentReward: 73.901 | QLoss: 0.433341 | ParamLoss: -0.953508 | Epsilon: 0.0200 | Replay: 50000
2026-09-16 19:46:30,549 | INFO | Steps: 83456/150000 | Episodes: 163 | CurrentEpReward: 0.000 | RecentReward: 73.079 | QLoss: 0.613429 | ParamLoss: -0.965193 | Epsilon: 0.0200 | Replay: 50000
2026-09-16 19:46:42,226 | INFO | Steps: 83968/150000 | Episodes: 164 | CurrentEpReward: 0.000 | RecentReward: 73.076 | QLoss: 0.419194 | ParamLoss: -0.974049 | Epsilon: 0.0200 | Replay: 50000
2026-09-16 19:46:53,877 | INFO | Steps: 84480/150000 | Episodes: 165 | CurrentEpReward: 0.000 | RecentReward: 71.704 | QLoss: 0.403179 | ParamLoss: -0.973301 | Epsilon: 0.0200 | Replay: 50000
2026-09-16 19:47:05,443 | INFO | Steps: 84992/150000 | Episodes: 166 | CurrentEpReward: 0.000 | RecentReward: 71.202 | QLoss: 0.394804 | ParamLoss: -0.972778 | Epsilon: 0.0200 | Replay: 50000
2026-09-16 19:47:16,948 | INFO | Steps: 85504/150000 | Episodes: 167 | CurrentEpReward: 0.000 | RecentReward: 70.308 | QLoss: 0.444514 | ParamLoss: -0.981559 | Epsilon: 0.0200 | Replay: 50000
2026-09-16 19:47:28,476 | INFO | Steps: 86016/150000 | Episodes: 168 | CurrentEpReward: 0.000 | RecentReward: 68.810 | QLoss: 0.429781 | ParamLoss: -0.983254 | Epsilon: 0.0200 | Replay: 50000
2026-09-16 19:47:40,046 | INFO | Steps: 86528/150000 | Episodes: 169 | CurrentEpReward: 0.000 | RecentReward: 67.856 | QLoss: 0.445976 | ParamLoss: -0.985371 | Epsilon: 0.0200 | Replay: 50000
2026-09-16 19:47:51,700 | INFO | Steps: 87040/150000 | Episodes: 170 | CurrentEpReward: 0.000 | RecentReward: 66.649 | QLoss: 0.534161 | ParamLoss: -0.978841 | Epsilon: 0.0200 | Replay: 50000
2026-09-16 19:48:03,215 | INFO | Steps: 87552/150000 | Episodes: 171 | CurrentEpReward: 0.000 | RecentReward: 66.042 | QLoss: 0.557215 | ParamLoss: -0.965986 | Epsilon: 0.0200 | Replay: 50000
2026-09-16 19:48:14,752 | INFO | Steps: 88064/150000 | Episodes: 172 | CurrentEpReward: 0.000 | RecentReward: 65.527 | QLoss: 0.447476 | ParamLoss: -0.970576 | Epsilon: 0.0200 | Replay: 50000
2026-09-16 19:48:26,303 | INFO | Steps: 88576/150000 | Episodes: 173 | CurrentEpReward: 0.000 | RecentReward: 65.737 | QLoss: 0.463328 | ParamLoss: -0.969697 | Epsilon: 0.0200 | Replay: 50000
2026-09-16 19:48:37,870 | INFO | Steps: 89088/150000 | Episodes: 174 | CurrentEpReward: 0.000 | RecentReward: 64.939 | QLoss: 0.468000 | ParamLoss: -0.973540 | Epsilon: 0.0200 | Replay: 50000
2026-09-16 19:48:49,605 | INFO | Steps: 89600/150000 | Episodes: 175 | CurrentEpReward: 0.000 | RecentReward: 65.622 | QLoss: 0.500958 | ParamLoss: -0.979128 | Epsilon: 0.0200 | Replay: 50000
2026-09-16 19:49:01,182 | INFO | Steps: 90112/150000 | Episodes: 176 | CurrentEpReward: 0.000 | RecentReward: 65.099 | QLoss: 0.495907 | ParamLoss: -0.993389 | Epsilon: 0.0200 | Replay: 50000
2026-09-16 19:49:12,704 | INFO | Steps: 90624/150000 | Episodes: 177 | CurrentEpReward: 0.000 | RecentReward: 65.389 | QLoss: 0.524655 | ParamLoss: -0.993581 | Epsilon: 0.0200 | Replay: 50000
2026-09-16 19:49:24,261 | INFO | Steps: 91136/150000 | Episodes: 178 | CurrentEpReward: 0.000 | RecentReward: 66.375 | QLoss: 0.481660 | ParamLoss: -0.996893 | Epsilon: 0.0200 | Replay: 50000
2026-09-16 19:49:35,813 | INFO | Steps: 91648/150000 | Episodes: 179 | CurrentEpReward: 0.000 | RecentReward: 66.897 | QLoss: 0.520383 | ParamLoss: -0.990154 | Epsilon: 0.0200 | Replay: 50000
2026-09-16 19:49:47,398 | INFO | Steps: 92160/150000 | Episodes: 180 | CurrentEpReward: 0.000 | RecentReward: 67.626 | QLoss: 0.405359 | ParamLoss: -0.998733 | Epsilon: 0.0200 | Replay: 50000
2026-09-16 19:49:59,069 | INFO | Steps: 92672/150000 | Episodes: 181 | CurrentEpReward: 0.000 | RecentReward: 68.466 | QLoss: 0.501013 | ParamLoss: -1.005900 | Epsilon: 0.0200 | Replay: 50000
2026-09-16 19:50:10,691 | INFO | Steps: 93184/150000 | Episodes: 182 | CurrentEpReward: 0.000 | RecentReward: 69.575 | QLoss: 0.472950 | ParamLoss: -1.014003 | Epsilon: 0.0200 | Replay: 50000
2026-09-16 19:50:22,274 | INFO | Steps: 93696/150000 | Episodes: 183 | CurrentEpReward: 0.000 | RecentReward: 69.942 | QLoss: 0.371178 | ParamLoss: -1.018535 | Epsilon: 0.0200 | Replay: 50000
2026-09-16 19:50:33,858 | INFO | Steps: 94208/150000 | Episodes: 184 | CurrentEpReward: 0.000 | RecentReward: 69.738 | QLoss: 0.483987 | ParamLoss: -1.023313 | Epsilon: 0.0200 | Replay: 50000
2026-09-16 19:50:45,765 | INFO | Steps: 94720/150000 | Episodes: 185 | CurrentEpReward: 0.000 | RecentReward: 70.083 | QLoss: 0.504483 | ParamLoss: -1.023790 | Epsilon: 0.0200 | Replay: 50000
2026-09-16 19:50:57,385 | INFO | Steps: 95232/150000 | Episodes: 186 | CurrentEpReward: 0.000 | RecentReward: 70.604 | QLoss: 0.538389 | ParamLoss: -1.035189 | Epsilon: 0.0200 | Replay: 50000
2026-09-16 19:51:08,847 | INFO | Steps: 95744/150000 | Episodes: 187 | CurrentEpReward: 0.000 | RecentReward: 70.449 | QLoss: 0.417745 | ParamLoss: -1.037198 | Epsilon: 0.0200 | Replay: 50000
2026-09-16 19:51:20,422 | INFO | Steps: 96256/150000 | Episodes: 188 | CurrentEpReward: 0.000 | RecentReward: 70.707 | QLoss: 0.432219 | ParamLoss: -1.045653 | Epsilon: 0.0200 | Replay: 50000
2026-09-16 19:51:32,330 | INFO | Steps: 96768/150000 | Episodes: 189 | CurrentEpReward: 0.000 | RecentReward: 72.157 | QLoss: 0.563720 | ParamLoss: -1.043552 | Epsilon: 0.0200 | Replay: 50000
2026-09-16 19:51:44,030 | INFO | Steps: 97280/150000 | Episodes: 190 | CurrentEpReward: 0.000 | RecentReward: 72.565 | QLoss: 0.467408 | ParamLoss: -1.051449 | Epsilon: 0.0200 | Replay: 50000
2026-09-16 19:51:55,557 | INFO | Steps: 97792/150000 | Episodes: 191 | CurrentEpReward: 0.000 | RecentReward: 72.293 | QLoss: 0.488346 | ParamLoss: -1.057818 | Epsilon: 0.0200 | Replay: 50000
2026-09-16 19:52:07,147 | INFO | Steps: 98304/150000 | Episodes: 192 | CurrentEpReward: 0.000 | RecentReward: 72.249 | QLoss: 0.554562 | ParamLoss: -1.062833 | Epsilon: 0.0200 | Replay: 50000
2026-09-16 19:52:18,595 | INFO | Steps: 98816/150000 | Episodes: 193 | CurrentEpReward: 0.000 | RecentReward: 72.018 | QLoss: 0.515433 | ParamLoss: -1.062053 | Epsilon: 0.0200 | Replay: 50000
2026-09-16 19:52:30,151 | INFO | Steps: 99328/150000 | Episodes: 194 | CurrentEpReward: 0.000 | RecentReward: 71.789 | QLoss: 0.444961 | ParamLoss: -1.063588 | Epsilon: 0.0200 | Replay: 50000
2026-09-16 19:52:41,800 | INFO | Steps: 99840/150000 | Episodes: 195 | CurrentEpReward: 0.000 | RecentReward: 71.317 | QLoss: 0.484923 | ParamLoss: -1.072442 | Epsilon: 0.0200 | Replay: 50000
2026-09-16 19:53:10,784 | INFO | 新的最佳模型 (reward): 75.394，保存至 /home/pjpjq/LEO_switch/results/multiseed_0907/seed43/u35/learned_baselines/pdqn/best_model.pt
2026-09-16 19:53:10,790 | INFO | 周期权重已保存: /home/pjpjq/LEO_switch/results/multiseed_0907/seed43/u35/learned_baselines/pdqn/checkpoint_100000.pt
2026-09-16 19:53:18,814 | INFO | Steps: 100352/150000 | Episodes: 196 | CurrentEpReward: 0.000 | RecentReward: 71.633 | QLoss: 0.474449 | ParamLoss: -1.077333 | Epsilon: 0.0200 | Replay: 50000
2026-09-16 19:53:30,463 | INFO | Steps: 100864/150000 | Episodes: 197 | CurrentEpReward: 0.000 | RecentReward: 72.627 | QLoss: 0.442678 | ParamLoss: -1.087807 | Epsilon: 0.0200 | Replay: 50000
2026-09-16 19:53:41,992 | INFO | Steps: 101376/150000 | Episodes: 198 | CurrentEpReward: 0.000 | RecentReward: 72.184 | QLoss: 0.427486 | ParamLoss: -1.088747 | Epsilon: 0.0200 | Replay: 50000
2026-09-16 19:53:53,821 | INFO | Steps: 101888/150000 | Episodes: 199 | CurrentEpReward: 0.000 | RecentReward: 71.639 | QLoss: 0.499679 | ParamLoss: -1.091742 | Epsilon: 0.0200 | Replay: 50000
2026-09-16 19:54:05,297 | INFO | Steps: 102400/150000 | Episodes: 200 | CurrentEpReward: 0.000 | RecentReward: 70.516 | QLoss: 0.557395 | ParamLoss: -1.090136 | Epsilon: 0.0200 | Replay: 50000
2026-09-16 19:54:17,120 | INFO | Steps: 102912/150000 | Episodes: 201 | CurrentEpReward: 0.000 | RecentReward: 71.318 | QLoss: 0.447817 | ParamLoss: -1.087588 | Epsilon: 0.0200 | Replay: 50000
2026-09-16 19:54:28,633 | INFO | Steps: 103424/150000 | Episodes: 202 | CurrentEpReward: 0.000 | RecentReward: 70.834 | QLoss: 0.576137 | ParamLoss: -1.090550 | Epsilon: 0.0200 | Replay: 50000
2026-09-16 19:54:40,415 | INFO | Steps: 103936/150000 | Episodes: 203 | CurrentEpReward: 0.000 | RecentReward: 70.927 | QLoss: 0.513400 | ParamLoss: -1.095780 | Epsilon: 0.0200 | Replay: 50000
2026-09-16 19:54:52,034 | INFO | Steps: 104448/150000 | Episodes: 204 | CurrentEpReward: 0.000 | RecentReward: 71.274 | QLoss: 0.490613 | ParamLoss: -1.096364 | Epsilon: 0.0200 | Replay: 50000
2026-09-16 19:55:03,473 | INFO | Steps: 104960/150000 | Episodes: 205 | CurrentEpReward: 0.000 | RecentReward: 69.526 | QLoss: 0.434750 | ParamLoss: -1.097382 | Epsilon: 0.0200 | Replay: 50000
2026-09-16 19:55:15,097 | INFO | Steps: 105472/150000 | Episodes: 206 | CurrentEpReward: 0.000 | RecentReward: 69.058 | QLoss: 0.601048 | ParamLoss: -1.103637 | Epsilon: 0.0200 | Replay: 50000
2026-09-16 19:55:26,659 | INFO | Steps: 105984/150000 | Episodes: 207 | CurrentEpReward: 0.000 | RecentReward: 68.162 | QLoss: 0.499838 | ParamLoss: -1.106683 | Epsilon: 0.0200 | Replay: 50000
2026-09-16 19:55:38,262 | INFO | Steps: 106496/150000 | Episodes: 208 | CurrentEpReward: 0.000 | RecentReward: 68.407 | QLoss: 0.560930 | ParamLoss: -1.092167 | Epsilon: 0.0200 | Replay: 50000
2026-09-16 19:55:49,798 | INFO | Steps: 107008/150000 | Episodes: 209 | CurrentEpReward: 0.000 | RecentReward: 68.003 | QLoss: 0.480862 | ParamLoss: -1.094030 | Epsilon: 0.0200 | Replay: 50000
2026-09-16 19:56:01,366 | INFO | Steps: 107520/150000 | Episodes: 210 | CurrentEpReward: 0.000 | RecentReward: 68.677 | QLoss: 0.634418 | ParamLoss: -1.093401 | Epsilon: 0.0200 | Replay: 50000
2026-09-16 19:56:13,264 | INFO | Steps: 108032/150000 | Episodes: 211 | CurrentEpReward: 0.000 | RecentReward: 68.663 | QLoss: 0.589274 | ParamLoss: -1.094478 | Epsilon: 0.0200 | Replay: 50000
2026-09-16 19:56:24,820 | INFO | Steps: 108544/150000 | Episodes: 212 | CurrentEpReward: 0.000 | RecentReward: 68.767 | QLoss: 0.524279 | ParamLoss: -1.098732 | Epsilon: 0.0200 | Replay: 50000
2026-09-16 19:56:36,436 | INFO | Steps: 109056/150000 | Episodes: 213 | CurrentEpReward: 0.000 | RecentReward: 69.464 | QLoss: 0.582098 | ParamLoss: -1.102154 | Epsilon: 0.0200 | Replay: 50000
2026-09-16 19:56:48,092 | INFO | Steps: 109568/150000 | Episodes: 214 | CurrentEpReward: 0.000 | RecentReward: 69.829 | QLoss: 0.492481 | ParamLoss: -1.116045 | Epsilon: 0.0200 | Replay: 50000
2026-09-16 19:56:59,639 | INFO | Steps: 110080/150000 | Episodes: 215 | CurrentEpReward: 0.000 | RecentReward: 71.265 | QLoss: 0.529980 | ParamLoss: -1.117908 | Epsilon: 0.0200 | Replay: 50000
2026-09-16 19:57:11,280 | INFO | Steps: 110592/150000 | Episodes: 216 | CurrentEpReward: 0.000 | RecentReward: 71.388 | QLoss: 0.545777 | ParamLoss: -1.112947 | Epsilon: 0.0200 | Replay: 50000
2026-09-16 19:57:23,043 | INFO | Steps: 111104/150000 | Episodes: 217 | CurrentEpReward: 0.000 | RecentReward: 72.246 | QLoss: 0.601755 | ParamLoss: -1.115713 | Epsilon: 0.0200 | Replay: 50000
2026-09-16 19:57:34,877 | INFO | Steps: 111616/150000 | Episodes: 218 | CurrentEpReward: 0.000 | RecentReward: 73.192 | QLoss: 0.538461 | ParamLoss: -1.108979 | Epsilon: 0.0200 | Replay: 50000
2026-09-16 19:57:46,499 | INFO | Steps: 112128/150000 | Episodes: 219 | CurrentEpReward: 0.000 | RecentReward: 72.597 | QLoss: 0.514479 | ParamLoss: -1.112298 | Epsilon: 0.0200 | Replay: 50000
2026-09-16 19:57:58,124 | INFO | Steps: 112640/150000 | Episodes: 220 | CurrentEpReward: 0.000 | RecentReward: 73.655 | QLoss: 0.604172 | ParamLoss: -1.114372 | Epsilon: 0.0200 | Replay: 50000
2026-09-16 19:58:09,751 | INFO | Steps: 113152/150000 | Episodes: 221 | CurrentEpReward: 0.000 | RecentReward: 72.824 | QLoss: 0.638465 | ParamLoss: -1.113486 | Epsilon: 0.0200 | Replay: 50000
2026-09-16 19:58:21,302 | INFO | Steps: 113664/150000 | Episodes: 222 | CurrentEpReward: 0.000 | RecentReward: 72.474 | QLoss: 0.574528 | ParamLoss: -1.109493 | Epsilon: 0.0200 | Replay: 50000
2026-09-16 19:58:33,224 | INFO | Steps: 114176/150000 | Episodes: 223 | CurrentEpReward: 0.000 | RecentReward: 73.230 | QLoss: 0.596868 | ParamLoss: -1.115871 | Epsilon: 0.0200 | Replay: 50000
2026-09-16 19:58:45,060 | INFO | Steps: 114688/150000 | Episodes: 224 | CurrentEpReward: 0.000 | RecentReward: 73.982 | QLoss: 0.752811 | ParamLoss: -1.124831 | Epsilon: 0.0200 | Replay: 50000
2026-09-16 19:58:56,557 | INFO | Steps: 115200/150000 | Episodes: 225 | CurrentEpReward: 0.000 | RecentReward: 73.561 | QLoss: 0.520942 | ParamLoss: -1.119133 | Epsilon: 0.0200 | Replay: 50000
2026-09-16 19:59:08,211 | INFO | Steps: 115712/150000 | Episodes: 226 | CurrentEpReward: 0.000 | RecentReward: 74.047 | QLoss: 0.507948 | ParamLoss: -1.115045 | Epsilon: 0.0200 | Replay: 50000
2026-09-16 19:59:19,874 | INFO | Steps: 116224/150000 | Episodes: 227 | CurrentEpReward: 0.000 | RecentReward: 74.038 | QLoss: 0.501003 | ParamLoss: -1.124530 | Epsilon: 0.0200 | Replay: 50000
2026-09-16 19:59:31,499 | INFO | Steps: 116736/150000 | Episodes: 228 | CurrentEpReward: 0.000 | RecentReward: 72.924 | QLoss: 0.578612 | ParamLoss: -1.116130 | Epsilon: 0.0200 | Replay: 50000
2026-09-16 19:59:43,075 | INFO | Steps: 117248/150000 | Episodes: 229 | CurrentEpReward: 0.000 | RecentReward: 73.454 | QLoss: 0.496384 | ParamLoss: -1.124716 | Epsilon: 0.0200 | Replay: 50000
2026-09-16 19:59:54,845 | INFO | Steps: 117760/150000 | Episodes: 230 | CurrentEpReward: 0.000 | RecentReward: 73.615 | QLoss: 0.471870 | ParamLoss: -1.118625 | Epsilon: 0.0200 | Replay: 50000
2026-09-16 20:00:06,516 | INFO | Steps: 118272/150000 | Episodes: 231 | CurrentEpReward: 0.000 | RecentReward: 72.651 | QLoss: 0.675406 | ParamLoss: -1.132147 | Epsilon: 0.0200 | Replay: 50000
2026-09-16 20:00:18,162 | INFO | Steps: 118784/150000 | Episodes: 232 | CurrentEpReward: 0.000 | RecentReward: 73.016 | QLoss: 0.509329 | ParamLoss: -1.124462 | Epsilon: 0.0200 | Replay: 50000
2026-09-16 20:00:29,906 | INFO | Steps: 119296/150000 | Episodes: 233 | CurrentEpReward: 0.000 | RecentReward: 72.530 | QLoss: 0.560264 | ParamLoss: -1.138388 | Epsilon: 0.0200 | Replay: 50000
2026-09-16 20:00:41,459 | INFO | Steps: 119808/150000 | Episodes: 234 | CurrentEpReward: 0.000 | RecentReward: 70.964 | QLoss: 0.504493 | ParamLoss: -1.137215 | Epsilon: 0.0200 | Replay: 50000
2026-09-16 20:00:53,045 | INFO | Steps: 120320/150000 | Episodes: 235 | CurrentEpReward: 0.000 | RecentReward: 71.224 | QLoss: 0.552667 | ParamLoss: -1.142055 | Epsilon: 0.0200 | Replay: 50000
2026-09-16 20:01:04,652 | INFO | Steps: 120832/150000 | Episodes: 236 | CurrentEpReward: 0.000 | RecentReward: 70.154 | QLoss: 0.484487 | ParamLoss: -1.137380 | Epsilon: 0.0200 | Replay: 50000
2026-09-16 20:01:16,582 | INFO | Steps: 121344/150000 | Episodes: 237 | CurrentEpReward: 0.000 | RecentReward: 70.411 | QLoss: 0.527017 | ParamLoss: -1.138435 | Epsilon: 0.0200 | Replay: 50000
2026-09-16 20:01:28,254 | INFO | Steps: 121856/150000 | Episodes: 238 | CurrentEpReward: 0.000 | RecentReward: 71.133 | QLoss: 0.518182 | ParamLoss: -1.140629 | Epsilon: 0.0200 | Replay: 50000
2026-09-16 20:01:39,965 | INFO | Steps: 122368/150000 | Episodes: 239 | CurrentEpReward: 0.000 | RecentReward: 71.408 | QLoss: 0.410689 | ParamLoss: -1.151367 | Epsilon: 0.0200 | Replay: 50000
2026-09-16 20:01:51,512 | INFO | Steps: 122880/150000 | Episodes: 240 | CurrentEpReward: 0.000 | RecentReward: 69.696 | QLoss: 0.564910 | ParamLoss: -1.152749 | Epsilon: 0.0200 | Replay: 50000
2026-09-16 20:02:03,162 | INFO | Steps: 123392/150000 | Episodes: 241 | CurrentEpReward: 0.000 | RecentReward: 69.649 | QLoss: 0.430337 | ParamLoss: -1.168847 | Epsilon: 0.0200 | Replay: 50000
2026-09-16 20:02:14,736 | INFO | Steps: 123904/150000 | Episodes: 242 | CurrentEpReward: 0.000 | RecentReward: 69.678 | QLoss: 0.594789 | ParamLoss: -1.162581 | Epsilon: 0.0200 | Replay: 50000
2026-09-16 20:02:26,434 | INFO | Steps: 124416/150000 | Episodes: 243 | CurrentEpReward: 0.000 | RecentReward: 69.190 | QLoss: 0.641145 | ParamLoss: -1.167167 | Epsilon: 0.0200 | Replay: 50000
2026-09-16 20:02:38,287 | INFO | Steps: 124928/150000 | Episodes: 244 | CurrentEpReward: 0.000 | RecentReward: 70.492 | QLoss: 0.513188 | ParamLoss: -1.174418 | Epsilon: 0.0200 | Replay: 50000
2026-09-16 20:02:50,104 | INFO | Steps: 125440/150000 | Episodes: 245 | CurrentEpReward: 0.000 | RecentReward: 71.593 | QLoss: 0.515739 | ParamLoss: -1.178797 | Epsilon: 0.0200 | Replay: 50000
2026-09-16 20:03:01,732 | INFO | Steps: 125952/150000 | Episodes: 246 | CurrentEpReward: 0.000 | RecentReward: 71.846 | QLoss: 0.519673 | ParamLoss: -1.166126 | Epsilon: 0.0200 | Replay: 50000
2026-09-16 20:03:13,422 | INFO | Steps: 126464/150000 | Episodes: 247 | CurrentEpReward: 0.000 | RecentReward: 71.566 | QLoss: 0.499990 | ParamLoss: -1.169962 | Epsilon: 0.0200 | Replay: 50000
2026-09-16 20:03:24,913 | INFO | Steps: 126976/150000 | Episodes: 248 | CurrentEpReward: 0.000 | RecentReward: 70.662 | QLoss: 0.557241 | ParamLoss: -1.171496 | Epsilon: 0.0200 | Replay: 50000
2026-09-16 20:03:36,511 | INFO | Steps: 127488/150000 | Episodes: 249 | CurrentEpReward: 0.000 | RecentReward: 70.545 | QLoss: 0.628118 | ParamLoss: -1.173558 | Epsilon: 0.0200 | Replay: 50000
2026-09-16 20:03:48,143 | INFO | Steps: 128000/150000 | Episodes: 250 | CurrentEpReward: 0.000 | RecentReward: 71.329 | QLoss: 0.492674 | ParamLoss: -1.183120 | Epsilon: 0.0200 | Replay: 50000
2026-09-16 20:03:59,770 | INFO | Steps: 128512/150000 | Episodes: 251 | CurrentEpReward: 0.000 | RecentReward: 71.961 | QLoss: 0.583555 | ParamLoss: -1.189216 | Epsilon: 0.0200 | Replay: 50000
2026-09-16 20:04:11,384 | INFO | Steps: 129024/150000 | Episodes: 252 | CurrentEpReward: 0.000 | RecentReward: 71.864 | QLoss: 0.439276 | ParamLoss: -1.188771 | Epsilon: 0.0200 | Replay: 50000
2026-09-16 20:04:22,881 | INFO | Steps: 129536/150000 | Episodes: 253 | CurrentEpReward: 0.000 | RecentReward: 71.208 | QLoss: 0.507174 | ParamLoss: -1.186797 | Epsilon: 0.0200 | Replay: 50000
2026-09-16 20:04:34,450 | INFO | Steps: 130048/150000 | Episodes: 254 | CurrentEpReward: 0.000 | RecentReward: 69.833 | QLoss: 0.475851 | ParamLoss: -1.190255 | Epsilon: 0.0200 | Replay: 50000
2026-09-16 20:04:45,970 | INFO | Steps: 130560/150000 | Episodes: 255 | CurrentEpReward: 0.000 | RecentReward: 68.739 | QLoss: 0.515699 | ParamLoss: -1.197815 | Epsilon: 0.0200 | Replay: 50000
2026-09-16 20:04:57,875 | INFO | Steps: 131072/150000 | Episodes: 256 | CurrentEpReward: 0.000 | RecentReward: 69.629 | QLoss: 0.602324 | ParamLoss: -1.196590 | Epsilon: 0.0200 | Replay: 50000
2026-09-16 20:05:09,442 | INFO | Steps: 131584/150000 | Episodes: 257 | CurrentEpReward: 0.000 | RecentReward: 69.530 | QLoss: 0.518540 | ParamLoss: -1.196546 | Epsilon: 0.0200 | Replay: 50000
2026-09-16 20:05:21,078 | INFO | Steps: 132096/150000 | Episodes: 258 | CurrentEpReward: 0.000 | RecentReward: 70.216 | QLoss: 0.443015 | ParamLoss: -1.204159 | Epsilon: 0.0200 | Replay: 50000
2026-09-16 20:05:32,608 | INFO | Steps: 132608/150000 | Episodes: 259 | CurrentEpReward: 0.000 | RecentReward: 69.748 | QLoss: 0.491832 | ParamLoss: -1.207363 | Epsilon: 0.0200 | Replay: 50000
2026-09-16 20:05:44,225 | INFO | Steps: 133120/150000 | Episodes: 260 | CurrentEpReward: 0.000 | RecentReward: 70.058 | QLoss: 0.584132 | ParamLoss: -1.199716 | Epsilon: 0.0200 | Replay: 50000
2026-09-16 20:05:56,022 | INFO | Steps: 133632/150000 | Episodes: 261 | CurrentEpReward: 0.000 | RecentReward: 70.694 | QLoss: 0.499768 | ParamLoss: -1.192363 | Epsilon: 0.0200 | Replay: 50000
2026-09-16 20:06:07,963 | INFO | Steps: 134144/150000 | Episodes: 262 | CurrentEpReward: 0.000 | RecentReward: 71.598 | QLoss: 0.487253 | ParamLoss: -1.197292 | Epsilon: 0.0200 | Replay: 50000
2026-09-16 20:06:19,673 | INFO | Steps: 134656/150000 | Episodes: 263 | CurrentEpReward: 0.000 | RecentReward: 72.325 | QLoss: 0.438539 | ParamLoss: -1.201495 | Epsilon: 0.0200 | Replay: 50000
2026-09-16 20:06:31,578 | INFO | Steps: 135168/150000 | Episodes: 264 | CurrentEpReward: 0.000 | RecentReward: 73.782 | QLoss: 0.559738 | ParamLoss: -1.204145 | Epsilon: 0.0200 | Replay: 50000
2026-09-16 20:06:43,364 | INFO | Steps: 135680/150000 | Episodes: 265 | CurrentEpReward: 0.000 | RecentReward: 74.648 | QLoss: 0.519454 | ParamLoss: -1.210813 | Epsilon: 0.0200 | Replay: 50000
2026-09-16 20:06:55,097 | INFO | Steps: 136192/150000 | Episodes: 266 | CurrentEpReward: 0.000 | RecentReward: 74.261 | QLoss: 0.417329 | ParamLoss: -1.217878 | Epsilon: 0.0200 | Replay: 50000
2026-09-16 20:07:06,606 | INFO | Steps: 136704/150000 | Episodes: 267 | CurrentEpReward: 0.000 | RecentReward: 73.336 | QLoss: 0.453495 | ParamLoss: -1.220049 | Epsilon: 0.0200 | Replay: 50000
2026-09-16 20:07:18,133 | INFO | Steps: 137216/150000 | Episodes: 268 | CurrentEpReward: 0.000 | RecentReward: 73.377 | QLoss: 0.491935 | ParamLoss: -1.207764 | Epsilon: 0.0200 | Replay: 50000
2026-09-16 20:07:29,813 | INFO | Steps: 137728/150000 | Episodes: 269 | CurrentEpReward: 0.000 | RecentReward: 73.662 | QLoss: 0.552632 | ParamLoss: -1.211155 | Epsilon: 0.0200 | Replay: 50000
2026-09-16 20:07:41,271 | INFO | Steps: 138240/150000 | Episodes: 270 | CurrentEpReward: 0.000 | RecentReward: 72.469 | QLoss: 0.510079 | ParamLoss: -1.218331 | Epsilon: 0.0200 | Replay: 50000
2026-09-16 20:07:52,839 | INFO | Steps: 138752/150000 | Episodes: 271 | CurrentEpReward: 0.000 | RecentReward: 71.692 | QLoss: 0.576618 | ParamLoss: -1.231261 | Epsilon: 0.0200 | Replay: 50000
2026-09-16 20:08:04,361 | INFO | Steps: 139264/150000 | Episodes: 272 | CurrentEpReward: 0.000 | RecentReward: 69.993 | QLoss: 0.429968 | ParamLoss: -1.222335 | Epsilon: 0.0200 | Replay: 50000
2026-09-16 20:08:15,952 | INFO | Steps: 139776/150000 | Episodes: 273 | CurrentEpReward: 0.000 | RecentReward: 69.853 | QLoss: 0.496672 | ParamLoss: -1.219958 | Epsilon: 0.0200 | Replay: 50000
2026-09-16 20:08:27,700 | INFO | Steps: 140288/150000 | Episodes: 274 | CurrentEpReward: 0.000 | RecentReward: 69.355 | QLoss: 0.442169 | ParamLoss: -1.219458 | Epsilon: 0.0200 | Replay: 50000
2026-09-16 20:08:39,238 | INFO | Steps: 140800/150000 | Episodes: 275 | CurrentEpReward: 0.000 | RecentReward: 68.066 | QLoss: 0.476050 | ParamLoss: -1.218566 | Epsilon: 0.0200 | Replay: 50000
2026-09-16 20:08:50,921 | INFO | Steps: 141312/150000 | Episodes: 276 | CurrentEpReward: 0.000 | RecentReward: 67.416 | QLoss: 0.504401 | ParamLoss: -1.215426 | Epsilon: 0.0200 | Replay: 50000
2026-09-16 20:09:02,809 | INFO | Steps: 141824/150000 | Episodes: 277 | CurrentEpReward: 0.000 | RecentReward: 68.969 | QLoss: 0.599289 | ParamLoss: -1.219182 | Epsilon: 0.0200 | Replay: 50000
2026-09-16 20:09:14,528 | INFO | Steps: 142336/150000 | Episodes: 278 | CurrentEpReward: 0.000 | RecentReward: 68.672 | QLoss: 0.651491 | ParamLoss: -1.212901 | Epsilon: 0.0200 | Replay: 50000
2026-09-16 20:09:26,145 | INFO | Steps: 142848/150000 | Episodes: 279 | CurrentEpReward: 0.000 | RecentReward: 68.789 | QLoss: 0.489065 | ParamLoss: -1.217342 | Epsilon: 0.0200 | Replay: 50000
2026-09-16 20:09:37,976 | INFO | Steps: 143360/150000 | Episodes: 280 | CurrentEpReward: 0.000 | RecentReward: 70.124 | QLoss: 0.506008 | ParamLoss: -1.218384 | Epsilon: 0.0200 | Replay: 50000
2026-09-16 20:09:49,628 | INFO | Steps: 143872/150000 | Episodes: 281 | CurrentEpReward: 0.000 | RecentReward: 70.414 | QLoss: 0.558215 | ParamLoss: -1.214430 | Epsilon: 0.0200 | Replay: 50000
2026-09-16 20:10:01,304 | INFO | Steps: 144384/150000 | Episodes: 282 | CurrentEpReward: 0.000 | RecentReward: 70.727 | QLoss: 0.486605 | ParamLoss: -1.222774 | Epsilon: 0.0200 | Replay: 50000
2026-09-16 20:10:12,797 | INFO | Steps: 144896/150000 | Episodes: 283 | CurrentEpReward: 0.000 | RecentReward: 69.684 | QLoss: 0.570424 | ParamLoss: -1.226563 | Epsilon: 0.0200 | Replay: 50000
2026-09-16 20:10:24,323 | INFO | Steps: 145408/150000 | Episodes: 284 | CurrentEpReward: 0.000 | RecentReward: 68.369 | QLoss: 0.539611 | ParamLoss: -1.212490 | Epsilon: 0.0200 | Replay: 50000
2026-09-16 20:10:36,186 | INFO | Steps: 145920/150000 | Episodes: 285 | CurrentEpReward: 0.000 | RecentReward: 69.676 | QLoss: 0.597965 | ParamLoss: -1.202665 | Epsilon: 0.0200 | Replay: 50000
2026-09-16 20:10:47,889 | INFO | Steps: 146432/150000 | Episodes: 286 | CurrentEpReward: 0.000 | RecentReward: 70.502 | QLoss: 0.632400 | ParamLoss: -1.209002 | Epsilon: 0.0200 | Replay: 50000
2026-09-16 20:10:59,443 | INFO | Steps: 146944/150000 | Episodes: 287 | CurrentEpReward: 0.000 | RecentReward: 69.647 | QLoss: 0.539189 | ParamLoss: -1.210794 | Epsilon: 0.0200 | Replay: 50000
2026-09-16 20:11:11,074 | INFO | Steps: 147456/150000 | Episodes: 288 | CurrentEpReward: 0.000 | RecentReward: 69.458 | QLoss: 0.473309 | ParamLoss: -1.207459 | Epsilon: 0.0200 | Replay: 50000
2026-09-16 20:11:22,781 | INFO | Steps: 147968/150000 | Episodes: 289 | CurrentEpReward: 0.000 | RecentReward: 70.036 | QLoss: 0.633283 | ParamLoss: -1.210793 | Epsilon: 0.0200 | Replay: 50000
2026-09-16 20:11:34,359 | INFO | Steps: 148480/150000 | Episodes: 290 | CurrentEpReward: 0.000 | RecentReward: 69.564 | QLoss: 0.528650 | ParamLoss: -1.213655 | Epsilon: 0.0200 | Replay: 50000
2026-09-16 20:11:46,022 | INFO | Steps: 148992/150000 | Episodes: 291 | CurrentEpReward: 0.000 | RecentReward: 70.203 | QLoss: 0.584408 | ParamLoss: -1.215740 | Epsilon: 0.0200 | Replay: 50000
2026-09-16 20:11:57,500 | INFO | Steps: 149504/150000 | Episodes: 292 | CurrentEpReward: 0.000 | RecentReward: 70.259 | QLoss: 0.432127 | ParamLoss: -1.212981 | Epsilon: 0.0200 | Replay: 50000
2026-09-16 20:12:08,614 | INFO | Steps: 150000/150000 | Episodes: 292 | CurrentEpReward: 67.279 | RecentReward: 70.259 | QLoss: 0.513875 | ParamLoss: -1.220393 | Epsilon: 0.0200 | Replay: 50000
2026-09-16 20:12:34,083 | INFO | 新的最佳模型 (reward): 76.152，保存至 /home/pjpjq/LEO_switch/results/multiseed_0907/seed43/u35/learned_baselines/pdqn/best_model.pt
2026-09-16 20:12:34,093 | INFO | 周期权重已保存: /home/pjpjq/LEO_switch/results/multiseed_0907/seed43/u35/learned_baselines/pdqn/checkpoint_150000.pt
2026-09-16 20:12:34,120 | INFO | 最终权重已保存: /home/pjpjq/LEO_switch/results/multiseed_0907/seed43/u35/learned_baselines/pdqn/pdqn_model.pt
2026-09-16 20:12:59,546 | INFO | 训练与评估完成 | EvalReward: 76.152 ± 3.748
