2026-09-21 02:05:28,715 | INFO | ============================================================
2026-09-21 02:05:28,715 | INFO | 开始训练纯 PDQN 基线
2026-09-21 02:05:28,715 | INFO | 总步数: 150000 | warmup: 1000 | batch: 128 | 日志间隔: 512 steps | 保存间隔: 50000 steps | device: cuda
2026-09-21 02:05:28,715 | INFO | ============================================================
2026-09-21 02:05:34,242 | INFO | Steps: 512/150000 | Episodes: 1 | CurrentEpReward: 0.000 | RecentReward: -21.059 | QLoss: 0.000000 | ParamLoss: 0.000000 | Epsilon: 1.0000 | Replay: 512
2026-09-21 02:05:40,825 | INFO | Steps: 1024/150000 | Episodes: 2 | CurrentEpReward: 0.000 | RecentReward: -22.776 | QLoss: 0.185903 | ParamLoss: -0.010542 | Epsilon: 0.9993 | Replay: 1024
2026-09-21 02:06:04,572 | INFO | Steps: 1536/150000 | Episodes: 3 | CurrentEpReward: 0.000 | RecentReward: -22.561 | QLoss: 0.173010 | ParamLoss: -0.016156 | Epsilon: 0.9860 | Replay: 1536
2026-09-21 02:06:27,650 | INFO | Steps: 2048/150000 | Episodes: 4 | CurrentEpReward: 0.000 | RecentReward: -22.056 | QLoss: 0.184861 | ParamLoss: -0.018213 | Epsilon: 0.9726 | Replay: 2048
2026-09-21 02:06:52,024 | INFO | Steps: 2560/150000 | Episodes: 5 | CurrentEpReward: 0.000 | RecentReward: -21.573 | QLoss: 0.183400 | ParamLoss: -0.022914 | Epsilon: 0.9592 | Replay: 2560
2026-09-21 02:07:15,835 | INFO | Steps: 3072/150000 | Episodes: 6 | CurrentEpReward: 0.000 | RecentReward: -21.822 | QLoss: 0.183925 | ParamLoss: -0.027456 | Epsilon: 0.9458 | Replay: 3072
2026-09-21 02:07:39,455 | INFO | Steps: 3584/150000 | Episodes: 7 | CurrentEpReward: 0.000 | RecentReward: -22.386 | QLoss: 0.185746 | ParamLoss: -0.031436 | Epsilon: 0.9324 | Replay: 3584
2026-09-21 02:08:03,296 | INFO | Steps: 4096/150000 | Episodes: 8 | CurrentEpReward: 0.000 | RecentReward: -22.663 | QLoss: 0.190981 | ParamLoss: -0.037988 | Epsilon: 0.9191 | Replay: 4096
2026-09-21 02:08:26,845 | INFO | Steps: 4608/150000 | Episodes: 9 | CurrentEpReward: 0.000 | RecentReward: -23.085 | QLoss: 0.195376 | ParamLoss: -0.037227 | Epsilon: 0.9057 | Replay: 4608
2026-09-21 02:08:50,508 | INFO | Steps: 5120/150000 | Episodes: 10 | CurrentEpReward: 0.000 | RecentReward: -22.303 | QLoss: 0.193951 | ParamLoss: -0.042025 | Epsilon: 0.8923 | Replay: 5120
2026-09-21 02:09:14,282 | INFO | Steps: 5632/150000 | Episodes: 11 | CurrentEpReward: 0.000 | RecentReward: -21.977 | QLoss: 0.194901 | ParamLoss: -0.047069 | Epsilon: 0.8789 | Replay: 5632
2026-09-21 02:09:37,912 | INFO | Steps: 6144/150000 | Episodes: 12 | CurrentEpReward: 0.000 | RecentReward: -21.013 | QLoss: 0.196431 | ParamLoss: -0.050219 | Epsilon: 0.8655 | Replay: 6144
2026-09-21 02:10:00,787 | INFO | Steps: 6656/150000 | Episodes: 13 | CurrentEpReward: 0.000 | RecentReward: -20.205 | QLoss: 0.197975 | ParamLoss: -0.056301 | Epsilon: 0.8522 | Replay: 6656
2026-09-21 02:10:24,808 | INFO | Steps: 7168/150000 | Episodes: 14 | CurrentEpReward: 0.000 | RecentReward: -19.569 | QLoss: 0.203080 | ParamLoss: -0.062580 | Epsilon: 0.8388 | Replay: 7168
2026-09-21 02:10:48,712 | INFO | Steps: 7680/150000 | Episodes: 15 | CurrentEpReward: 0.000 | RecentReward: -18.271 | QLoss: 0.204677 | ParamLoss: -0.068786 | Epsilon: 0.8254 | Replay: 7680
2026-09-21 02:11:13,007 | INFO | Steps: 8192/150000 | Episodes: 16 | CurrentEpReward: 0.000 | RecentReward: -17.401 | QLoss: 0.204234 | ParamLoss: -0.072492 | Epsilon: 0.8120 | Replay: 8192
2026-09-21 02:11:36,872 | INFO | Steps: 8704/150000 | Episodes: 17 | CurrentEpReward: 0.000 | RecentReward: -15.676 | QLoss: 0.205180 | ParamLoss: -0.076581 | Epsilon: 0.7986 | Replay: 8704
2026-09-21 02:12:01,106 | INFO | Steps: 9216/150000 | Episodes: 18 | CurrentEpReward: 0.000 | RecentReward: -13.853 | QLoss: 0.206425 | ParamLoss: -0.075698 | Epsilon: 0.7853 | Replay: 9216
2026-09-21 02:12:25,533 | INFO | Steps: 9728/150000 | Episodes: 19 | CurrentEpReward: 0.000 | RecentReward: -13.511 | QLoss: 0.207252 | ParamLoss: -0.081030 | Epsilon: 0.7719 | Replay: 9728
2026-09-21 02:12:49,362 | INFO | Steps: 10240/150000 | Episodes: 20 | CurrentEpReward: 0.000 | RecentReward: -13.381 | QLoss: 0.211205 | ParamLoss: -0.083098 | Epsilon: 0.7585 | Replay: 10240
2026-09-21 02:13:13,408 | INFO | Steps: 10752/150000 | Episodes: 21 | CurrentEpReward: 0.000 | RecentReward: -13.061 | QLoss: 0.210956 | ParamLoss: -0.088054 | Epsilon: 0.7451 | Replay: 10752
2026-09-21 02:13:36,870 | INFO | Steps: 11264/150000 | Episodes: 22 | CurrentEpReward: 0.000 | RecentReward: -12.636 | QLoss: 0.214072 | ParamLoss: -0.094808 | Epsilon: 0.7317 | Replay: 11264
2026-09-21 02:14:00,420 | INFO | Steps: 11776/150000 | Episodes: 23 | CurrentEpReward: 0.000 | RecentReward: -12.213 | QLoss: 0.210503 | ParamLoss: -0.095444 | Epsilon: 0.7184 | Replay: 11776
2026-09-21 02:14:24,028 | INFO | Steps: 12288/150000 | Episodes: 24 | CurrentEpReward: 0.000 | RecentReward: -11.646 | QLoss: 0.216469 | ParamLoss: -0.100292 | Epsilon: 0.7050 | Replay: 12288
2026-09-21 02:14:47,933 | INFO | Steps: 12800/150000 | Episodes: 25 | CurrentEpReward: 0.000 | RecentReward: -12.305 | QLoss: 0.221781 | ParamLoss: -0.100423 | Epsilon: 0.6916 | Replay: 12800
2026-09-21 02:15:11,755 | INFO | Steps: 13312/150000 | Episodes: 26 | CurrentEpReward: 0.000 | RecentReward: -11.718 | QLoss: 0.224159 | ParamLoss: -0.109465 | Epsilon: 0.6782 | Replay: 13312
2026-09-21 02:15:35,532 | INFO | Steps: 13824/150000 | Episodes: 27 | CurrentEpReward: 0.000 | RecentReward: -11.201 | QLoss: 0.230017 | ParamLoss: -0.111760 | Epsilon: 0.6648 | Replay: 13824
2026-09-21 02:15:59,664 | INFO | Steps: 14336/150000 | Episodes: 28 | CurrentEpReward: 0.000 | RecentReward: -10.897 | QLoss: 0.225553 | ParamLoss: -0.110682 | Epsilon: 0.6515 | Replay: 14336
2026-09-21 02:16:23,303 | INFO | Steps: 14848/150000 | Episodes: 29 | CurrentEpReward: 0.000 | RecentReward: -9.363 | QLoss: 0.226793 | ParamLoss: -0.113523 | Epsilon: 0.6381 | Replay: 14848
2026-09-21 02:16:47,739 | INFO | Steps: 15360/150000 | Episodes: 30 | CurrentEpReward: 0.000 | RecentReward: -8.867 | QLoss: 0.229490 | ParamLoss: -0.117472 | Epsilon: 0.6247 | Replay: 15360
2026-09-21 02:17:12,495 | INFO | Steps: 15872/150000 | Episodes: 31 | CurrentEpReward: 0.000 | RecentReward: -7.697 | QLoss: 0.229186 | ParamLoss: -0.120751 | Epsilon: 0.6113 | Replay: 15872
2026-09-21 02:17:36,983 | INFO | Steps: 16384/150000 | Episodes: 32 | CurrentEpReward: 0.000 | RecentReward: -6.585 | QLoss: 0.234127 | ParamLoss: -0.128665 | Epsilon: 0.5979 | Replay: 16384
2026-09-21 02:18:00,851 | INFO | Steps: 16896/150000 | Episodes: 33 | CurrentEpReward: 0.000 | RecentReward: -5.974 | QLoss: 0.237283 | ParamLoss: -0.130968 | Epsilon: 0.5846 | Replay: 16896
2026-09-21 02:18:25,279 | INFO | Steps: 17408/150000 | Episodes: 34 | CurrentEpReward: 0.000 | RecentReward: -5.604 | QLoss: 0.235199 | ParamLoss: -0.135198 | Epsilon: 0.5712 | Replay: 17408
2026-09-21 02:18:49,341 | INFO | Steps: 17920/150000 | Episodes: 35 | CurrentEpReward: 0.000 | RecentReward: -4.166 | QLoss: 0.235576 | ParamLoss: -0.140344 | Epsilon: 0.5578 | Replay: 17920
2026-09-21 02:19:14,123 | INFO | Steps: 18432/150000 | Episodes: 36 | CurrentEpReward: 0.000 | RecentReward: -3.791 | QLoss: 0.238222 | ParamLoss: -0.143606 | Epsilon: 0.5444 | Replay: 18432
2026-09-21 02:19:38,152 | INFO | Steps: 18944/150000 | Episodes: 37 | CurrentEpReward: 0.000 | RecentReward: -3.163 | QLoss: 0.236186 | ParamLoss: -0.151214 | Epsilon: 0.5310 | Replay: 18944
2026-09-21 02:20:02,957 | INFO | Steps: 19456/150000 | Episodes: 38 | CurrentEpReward: 0.000 | RecentReward: -2.502 | QLoss: 0.242021 | ParamLoss: -0.160284 | Epsilon: 0.5177 | Replay: 19456
2026-09-21 02:20:26,963 | INFO | Steps: 19968/150000 | Episodes: 39 | CurrentEpReward: 0.000 | RecentReward: -1.595 | QLoss: 0.248098 | ParamLoss: -0.163992 | Epsilon: 0.5043 | Replay: 19968
2026-09-21 02:20:51,606 | INFO | Steps: 20480/150000 | Episodes: 40 | CurrentEpReward: 0.000 | RecentReward: 0.118 | QLoss: 0.249943 | ParamLoss: -0.173867 | Epsilon: 0.4909 | Replay: 20480
2026-09-21 02:21:15,504 | INFO | Steps: 20992/150000 | Episodes: 41 | CurrentEpReward: 0.000 | RecentReward: 1.047 | QLoss: 0.251149 | ParamLoss: -0.177480 | Epsilon: 0.4775 | Replay: 20992
2026-09-21 02:21:38,967 | INFO | Steps: 21504/150000 | Episodes: 42 | CurrentEpReward: 0.000 | RecentReward: 0.566 | QLoss: 0.255570 | ParamLoss: -0.186948 | Epsilon: 0.4641 | Replay: 21504
2026-09-21 02:22:06,623 | INFO | Steps: 22016/150000 | Episodes: 43 | CurrentEpReward: 0.000 | RecentReward: 0.932 | QLoss: 0.264551 | ParamLoss: -0.189700 | Epsilon: 0.4508 | Replay: 22016
2026-09-21 02:22:34,714 | INFO | Steps: 22528/150000 | Episodes: 44 | CurrentEpReward: 0.000 | RecentReward: 1.618 | QLoss: 0.256940 | ParamLoss: -0.197069 | Epsilon: 0.4374 | Replay: 22528
2026-09-21 02:23:04,112 | INFO | Steps: 23040/150000 | Episodes: 45 | CurrentEpReward: 0.000 | RecentReward: 2.121 | QLoss: 0.258290 | ParamLoss: -0.201656 | Epsilon: 0.4240 | Replay: 23040
2026-09-21 02:23:32,478 | INFO | Steps: 23552/150000 | Episodes: 46 | CurrentEpReward: 0.000 | RecentReward: 3.031 | QLoss: 0.266271 | ParamLoss: -0.205464 | Epsilon: 0.4106 | Replay: 23552
2026-09-21 02:24:00,305 | INFO | Steps: 24064/150000 | Episodes: 47 | CurrentEpReward: 0.000 | RecentReward: 3.503 | QLoss: 0.272214 | ParamLoss: -0.207817 | Epsilon: 0.3972 | Replay: 24064
2026-09-21 02:24:27,983 | INFO | Steps: 24576/150000 | Episodes: 48 | CurrentEpReward: 0.000 | RecentReward: 4.697 | QLoss: 0.279725 | ParamLoss: -0.211165 | Epsilon: 0.3839 | Replay: 24576
2026-09-21 02:24:55,727 | INFO | Steps: 25088/150000 | Episodes: 49 | CurrentEpReward: 0.000 | RecentReward: 5.366 | QLoss: 0.273005 | ParamLoss: -0.212284 | Epsilon: 0.3705 | Replay: 25088
2026-09-21 02:25:23,358 | INFO | Steps: 25600/150000 | Episodes: 50 | CurrentEpReward: 0.000 | RecentReward: 6.078 | QLoss: 0.286997 | ParamLoss: -0.216121 | Epsilon: 0.3571 | Replay: 25600
2026-09-21 02:25:50,304 | INFO | Steps: 26112/150000 | Episodes: 51 | CurrentEpReward: 0.000 | RecentReward: 5.831 | QLoss: 0.284481 | ParamLoss: -0.220353 | Epsilon: 0.3437 | Replay: 26112
2026-09-21 02:26:18,579 | INFO | Steps: 26624/150000 | Episodes: 52 | CurrentEpReward: 0.000 | RecentReward: 8.041 | QLoss: 0.279665 | ParamLoss: -0.224734 | Epsilon: 0.3303 | Replay: 26624
2026-09-21 02:26:45,951 | INFO | Steps: 27136/150000 | Episodes: 53 | CurrentEpReward: 0.000 | RecentReward: 9.027 | QLoss: 0.276342 | ParamLoss: -0.233741 | Epsilon: 0.3170 | Replay: 27136
2026-09-21 02:27:14,664 | INFO | Steps: 27648/150000 | Episodes: 54 | CurrentEpReward: 0.000 | RecentReward: 10.016 | QLoss: 0.277522 | ParamLoss: -0.235732 | Epsilon: 0.3036 | Replay: 27648
2026-09-21 02:27:42,219 | INFO | Steps: 28160/150000 | Episodes: 55 | CurrentEpReward: 0.000 | RecentReward: 11.255 | QLoss: 0.284174 | ParamLoss: -0.242244 | Epsilon: 0.2902 | Replay: 28160
2026-09-21 02:28:09,681 | INFO | Steps: 28672/150000 | Episodes: 56 | CurrentEpReward: 0.000 | RecentReward: 13.395 | QLoss: 0.286275 | ParamLoss: -0.248118 | Epsilon: 0.2768 | Replay: 28672
2026-09-21 02:28:35,618 | INFO | Steps: 29184/150000 | Episodes: 57 | CurrentEpReward: 0.000 | RecentReward: 14.317 | QLoss: 0.285964 | ParamLoss: -0.244534 | Epsilon: 0.2634 | Replay: 29184
2026-09-21 02:29:00,544 | INFO | Steps: 29696/150000 | Episodes: 58 | CurrentEpReward: 0.000 | RecentReward: 14.754 | QLoss: 0.276279 | ParamLoss: -0.254661 | Epsilon: 0.2501 | Replay: 29696
2026-09-21 02:29:24,464 | INFO | Steps: 30208/150000 | Episodes: 59 | CurrentEpReward: 0.000 | RecentReward: 15.755 | QLoss: 0.310982 | ParamLoss: -0.250731 | Epsilon: 0.2367 | Replay: 30208
2026-09-21 02:29:47,640 | INFO | Steps: 30720/150000 | Episodes: 60 | CurrentEpReward: 0.000 | RecentReward: 16.484 | QLoss: 0.291273 | ParamLoss: -0.255628 | Epsilon: 0.2233 | Replay: 30720
2026-09-21 02:30:12,237 | INFO | Steps: 31232/150000 | Episodes: 61 | CurrentEpReward: 0.000 | RecentReward: 18.468 | QLoss: 0.314712 | ParamLoss: -0.258521 | Epsilon: 0.2099 | Replay: 31232
2026-09-21 02:30:36,104 | INFO | Steps: 31744/150000 | Episodes: 62 | CurrentEpReward: 0.000 | RecentReward: 18.879 | QLoss: 0.280059 | ParamLoss: -0.260262 | Epsilon: 0.1965 | Replay: 31744
2026-09-21 02:30:59,303 | INFO | Steps: 32256/150000 | Episodes: 63 | CurrentEpReward: 0.000 | RecentReward: 19.607 | QLoss: 0.288829 | ParamLoss: -0.265547 | Epsilon: 0.1832 | Replay: 32256
2026-09-21 02:31:23,414 | INFO | Steps: 32768/150000 | Episodes: 64 | CurrentEpReward: 0.000 | RecentReward: 22.173 | QLoss: 0.288163 | ParamLoss: -0.269694 | Epsilon: 0.1698 | Replay: 32768
2026-09-21 02:31:46,866 | INFO | Steps: 33280/150000 | Episodes: 65 | CurrentEpReward: 0.000 | RecentReward: 23.165 | QLoss: 0.295427 | ParamLoss: -0.281270 | Epsilon: 0.1564 | Replay: 33280
2026-09-21 02:32:10,953 | INFO | Steps: 33792/150000 | Episodes: 66 | CurrentEpReward: 0.000 | RecentReward: 24.353 | QLoss: 0.295633 | ParamLoss: -0.289382 | Epsilon: 0.1430 | Replay: 33792
2026-09-21 02:32:34,331 | INFO | Steps: 34304/150000 | Episodes: 67 | CurrentEpReward: 0.000 | RecentReward: 26.689 | QLoss: 0.310579 | ParamLoss: -0.292308 | Epsilon: 0.1296 | Replay: 34304
2026-09-21 02:32:58,427 | INFO | Steps: 34816/150000 | Episodes: 68 | CurrentEpReward: 0.000 | RecentReward: 27.906 | QLoss: 0.314725 | ParamLoss: -0.296956 | Epsilon: 0.1162 | Replay: 34816
2026-09-21 02:33:22,086 | INFO | Steps: 35328/150000 | Episodes: 69 | CurrentEpReward: 0.000 | RecentReward: 29.981 | QLoss: 0.308348 | ParamLoss: -0.300575 | Epsilon: 0.1029 | Replay: 35328
2026-09-21 02:33:45,452 | INFO | Steps: 35840/150000 | Episodes: 70 | CurrentEpReward: 0.000 | RecentReward: 30.923 | QLoss: 0.305647 | ParamLoss: -0.301699 | Epsilon: 0.0895 | Replay: 35840
2026-09-21 02:34:08,774 | INFO | Steps: 36352/150000 | Episodes: 71 | CurrentEpReward: 0.000 | RecentReward: 31.962 | QLoss: 0.306873 | ParamLoss: -0.309393 | Epsilon: 0.0761 | Replay: 36352
2026-09-21 02:34:32,489 | INFO | Steps: 36864/150000 | Episodes: 72 | CurrentEpReward: 0.000 | RecentReward: 33.345 | QLoss: 0.283009 | ParamLoss: -0.305909 | Epsilon: 0.0627 | Replay: 36864
2026-09-21 02:34:56,191 | INFO | Steps: 37376/150000 | Episodes: 73 | CurrentEpReward: 0.000 | RecentReward: 35.286 | QLoss: 0.297413 | ParamLoss: -0.305729 | Epsilon: 0.0493 | Replay: 37376
2026-09-21 02:35:19,944 | INFO | Steps: 37888/150000 | Episodes: 74 | CurrentEpReward: 0.000 | RecentReward: 36.281 | QLoss: 0.306928 | ParamLoss: -0.314599 | Epsilon: 0.0360 | Replay: 37888
2026-09-21 02:35:43,471 | INFO | Steps: 38400/150000 | Episodes: 75 | CurrentEpReward: 0.000 | RecentReward: 37.637 | QLoss: 0.314630 | ParamLoss: -0.315704 | Epsilon: 0.0226 | Replay: 38400
2026-09-21 02:36:07,912 | INFO | Steps: 38912/150000 | Episodes: 76 | CurrentEpReward: 0.000 | RecentReward: 37.409 | QLoss: 0.303414 | ParamLoss: -0.319433 | Epsilon: 0.0200 | Replay: 38912
2026-09-21 02:36:31,758 | INFO | Steps: 39424/150000 | Episodes: 77 | CurrentEpReward: 0.000 | RecentReward: 37.660 | QLoss: 0.304296 | ParamLoss: -0.320496 | Epsilon: 0.0200 | Replay: 39424
2026-09-21 02:36:55,770 | INFO | Steps: 39936/150000 | Episodes: 78 | CurrentEpReward: 0.000 | RecentReward: 39.087 | QLoss: 0.304613 | ParamLoss: -0.326564 | Epsilon: 0.0200 | Replay: 39936
2026-09-21 02:37:19,766 | INFO | Steps: 40448/150000 | Episodes: 79 | CurrentEpReward: 0.000 | RecentReward: 39.425 | QLoss: 0.307623 | ParamLoss: -0.328645 | Epsilon: 0.0200 | Replay: 40448
2026-09-21 02:37:43,778 | INFO | Steps: 40960/150000 | Episodes: 80 | CurrentEpReward: 0.000 | RecentReward: 40.507 | QLoss: 0.301977 | ParamLoss: -0.330620 | Epsilon: 0.0200 | Replay: 40960
2026-09-21 02:38:07,339 | INFO | Steps: 41472/150000 | Episodes: 81 | CurrentEpReward: 0.000 | RecentReward: 41.250 | QLoss: 0.299161 | ParamLoss: -0.332813 | Epsilon: 0.0200 | Replay: 41472
2026-09-21 02:38:31,648 | INFO | Steps: 41984/150000 | Episodes: 82 | CurrentEpReward: 0.000 | RecentReward: 41.898 | QLoss: 0.319344 | ParamLoss: -0.337779 | Epsilon: 0.0200 | Replay: 41984
2026-09-21 02:38:55,671 | INFO | Steps: 42496/150000 | Episodes: 83 | CurrentEpReward: 0.000 | RecentReward: 42.597 | QLoss: 0.298477 | ParamLoss: -0.346700 | Epsilon: 0.0200 | Replay: 42496
2026-09-21 02:39:19,533 | INFO | Steps: 43008/150000 | Episodes: 84 | CurrentEpReward: 0.000 | RecentReward: 41.733 | QLoss: 0.314834 | ParamLoss: -0.347213 | Epsilon: 0.0200 | Replay: 43008
2026-09-21 02:39:44,135 | INFO | Steps: 43520/150000 | Episodes: 85 | CurrentEpReward: 0.000 | RecentReward: 40.811 | QLoss: 0.306096 | ParamLoss: -0.355931 | Epsilon: 0.0200 | Replay: 43520
2026-09-21 02:40:08,151 | INFO | Steps: 44032/150000 | Episodes: 86 | CurrentEpReward: 0.000 | RecentReward: 41.802 | QLoss: 0.297060 | ParamLoss: -0.362655 | Epsilon: 0.0200 | Replay: 44032
2026-09-21 02:40:32,642 | INFO | Steps: 44544/150000 | Episodes: 87 | CurrentEpReward: 0.000 | RecentReward: 43.520 | QLoss: 0.321630 | ParamLoss: -0.362002 | Epsilon: 0.0200 | Replay: 44544
2026-09-21 02:40:56,243 | INFO | Steps: 45056/150000 | Episodes: 88 | CurrentEpReward: 0.000 | RecentReward: 42.676 | QLoss: 0.323774 | ParamLoss: -0.375278 | Epsilon: 0.0200 | Replay: 45056
2026-09-21 02:41:19,621 | INFO | Steps: 45568/150000 | Episodes: 89 | CurrentEpReward: 0.000 | RecentReward: 41.966 | QLoss: 0.322319 | ParamLoss: -0.382305 | Epsilon: 0.0200 | Replay: 45568
2026-09-21 02:41:43,719 | INFO | Steps: 46080/150000 | Episodes: 90 | CurrentEpReward: 0.000 | RecentReward: 42.639 | QLoss: 0.301966 | ParamLoss: -0.387007 | Epsilon: 0.0200 | Replay: 46080
2026-09-21 02:42:08,380 | INFO | Steps: 46592/150000 | Episodes: 91 | CurrentEpReward: 0.000 | RecentReward: 43.998 | QLoss: 0.320953 | ParamLoss: -0.401357 | Epsilon: 0.0200 | Replay: 46592
2026-09-21 02:42:31,998 | INFO | Steps: 47104/150000 | Episodes: 92 | CurrentEpReward: 0.000 | RecentReward: 45.073 | QLoss: 0.320480 | ParamLoss: -0.412005 | Epsilon: 0.0200 | Replay: 47104
2026-09-21 02:42:56,608 | INFO | Steps: 47616/150000 | Episodes: 93 | CurrentEpReward: 0.000 | RecentReward: 46.374 | QLoss: 0.330261 | ParamLoss: -0.419272 | Epsilon: 0.0200 | Replay: 47616
2026-09-21 02:43:20,910 | INFO | Steps: 48128/150000 | Episodes: 94 | CurrentEpReward: 0.000 | RecentReward: 46.748 | QLoss: 0.342028 | ParamLoss: -0.415302 | Epsilon: 0.0200 | Replay: 48128
2026-09-21 02:43:44,908 | INFO | Steps: 48640/150000 | Episodes: 95 | CurrentEpReward: 0.000 | RecentReward: 49.104 | QLoss: 0.307613 | ParamLoss: -0.416437 | Epsilon: 0.0200 | Replay: 48640
2026-09-21 02:44:08,450 | INFO | Steps: 49152/150000 | Episodes: 96 | CurrentEpReward: 0.000 | RecentReward: 48.963 | QLoss: 0.307173 | ParamLoss: -0.416064 | Epsilon: 0.0200 | Replay: 49152
2026-09-21 02:44:32,246 | INFO | Steps: 49664/150000 | Episodes: 97 | CurrentEpReward: 0.000 | RecentReward: 47.907 | QLoss: 0.321766 | ParamLoss: -0.423174 | Epsilon: 0.0200 | Replay: 49664
2026-09-21 02:45:20,556 | INFO | 新的最佳模型 (reward): 54.633，保存至 /home/pjpjq/LEO_switch/results/multiseed_0907/seed45/u40/learned_baselines/pdqn/best_model.pt
2026-09-21 02:45:20,561 | INFO | 周期权重已保存: /home/pjpjq/LEO_switch/results/multiseed_0907/seed45/u40/learned_baselines/pdqn/checkpoint_50000.pt
2026-09-21 02:45:29,563 | INFO | Steps: 50176/150000 | Episodes: 98 | CurrentEpReward: 0.000 | RecentReward: 49.224 | QLoss: 0.341104 | ParamLoss: -0.423267 | Epsilon: 0.0200 | Replay: 50000
2026-09-21 02:45:53,471 | INFO | Steps: 50688/150000 | Episodes: 99 | CurrentEpReward: 0.000 | RecentReward: 51.231 | QLoss: 0.336988 | ParamLoss: -0.428604 | Epsilon: 0.0200 | Replay: 50000
2026-09-21 02:46:17,701 | INFO | Steps: 51200/150000 | Episodes: 100 | CurrentEpReward: 0.000 | RecentReward: 51.726 | QLoss: 0.329678 | ParamLoss: -0.433623 | Epsilon: 0.0200 | Replay: 50000
2026-09-21 02:46:41,218 | INFO | Steps: 51712/150000 | Episodes: 101 | CurrentEpReward: 0.000 | RecentReward: 51.428 | QLoss: 0.325379 | ParamLoss: -0.432873 | Epsilon: 0.0200 | Replay: 50000
2026-09-21 02:47:05,465 | INFO | Steps: 52224/150000 | Episodes: 102 | CurrentEpReward: 0.000 | RecentReward: 52.610 | QLoss: 0.322454 | ParamLoss: -0.436207 | Epsilon: 0.0200 | Replay: 50000
2026-09-21 02:47:30,154 | INFO | Steps: 52736/150000 | Episodes: 103 | CurrentEpReward: 0.000 | RecentReward: 52.551 | QLoss: 0.331947 | ParamLoss: -0.440058 | Epsilon: 0.0200 | Replay: 50000
2026-09-21 02:47:54,778 | INFO | Steps: 53248/150000 | Episodes: 104 | CurrentEpReward: 0.000 | RecentReward: 54.651 | QLoss: 0.348535 | ParamLoss: -0.442890 | Epsilon: 0.0200 | Replay: 50000
2026-09-21 02:48:19,153 | INFO | Steps: 53760/150000 | Episodes: 105 | CurrentEpReward: 0.000 | RecentReward: 54.143 | QLoss: 0.319644 | ParamLoss: -0.448920 | Epsilon: 0.0200 | Replay: 50000
2026-09-21 02:48:43,330 | INFO | Steps: 54272/150000 | Episodes: 106 | CurrentEpReward: 0.000 | RecentReward: 55.371 | QLoss: 0.320330 | ParamLoss: -0.449026 | Epsilon: 0.0200 | Replay: 50000
2026-09-21 02:49:08,400 | INFO | Steps: 54784/150000 | Episodes: 107 | CurrentEpReward: 0.000 | RecentReward: 55.987 | QLoss: 0.309811 | ParamLoss: -0.455972 | Epsilon: 0.0200 | Replay: 50000
2026-09-21 02:49:33,631 | INFO | Steps: 55296/150000 | Episodes: 108 | CurrentEpReward: 0.000 | RecentReward: 57.110 | QLoss: 0.312143 | ParamLoss: -0.458895 | Epsilon: 0.0200 | Replay: 50000
2026-09-21 02:49:58,326 | INFO | Steps: 55808/150000 | Episodes: 109 | CurrentEpReward: 0.000 | RecentReward: 58.075 | QLoss: 0.332484 | ParamLoss: -0.469961 | Epsilon: 0.0200 | Replay: 50000
2026-09-21 02:50:22,855 | INFO | Steps: 56320/150000 | Episodes: 110 | CurrentEpReward: 0.000 | RecentReward: 58.218 | QLoss: 0.331488 | ParamLoss: -0.470225 | Epsilon: 0.0200 | Replay: 50000
2026-09-21 02:50:46,864 | INFO | Steps: 56832/150000 | Episodes: 111 | CurrentEpReward: 0.000 | RecentReward: 59.320 | QLoss: 0.345370 | ParamLoss: -0.477287 | Epsilon: 0.0200 | Replay: 50000
2026-09-21 02:51:15,838 | INFO | Steps: 57344/150000 | Episodes: 112 | CurrentEpReward: 0.000 | RecentReward: 58.267 | QLoss: 0.327418 | ParamLoss: -0.492808 | Epsilon: 0.0200 | Replay: 50000
2026-09-21 02:51:44,337 | INFO | Steps: 57856/150000 | Episodes: 113 | CurrentEpReward: 0.000 | RecentReward: 58.904 | QLoss: 0.305890 | ParamLoss: -0.498530 | Epsilon: 0.0200 | Replay: 50000
2026-09-21 02:52:12,268 | INFO | Steps: 58368/150000 | Episodes: 114 | CurrentEpReward: 0.000 | RecentReward: 58.369 | QLoss: 0.333753 | ParamLoss: -0.491983 | Epsilon: 0.0200 | Replay: 50000
2026-09-21 02:52:39,359 | INFO | Steps: 58880/150000 | Episodes: 115 | CurrentEpReward: 0.000 | RecentReward: 59.290 | QLoss: 0.313945 | ParamLoss: -0.501931 | Epsilon: 0.0200 | Replay: 50000
2026-09-21 02:53:06,410 | INFO | Steps: 59392/150000 | Episodes: 116 | CurrentEpReward: 0.000 | RecentReward: 59.378 | QLoss: 0.309920 | ParamLoss: -0.495049 | Epsilon: 0.0200 | Replay: 50000
2026-09-21 02:53:34,186 | INFO | Steps: 59904/150000 | Episodes: 117 | CurrentEpReward: 0.000 | RecentReward: 59.902 | QLoss: 0.298470 | ParamLoss: -0.497186 | Epsilon: 0.0200 | Replay: 50000
2026-09-21 02:54:01,965 | INFO | Steps: 60416/150000 | Episodes: 118 | CurrentEpReward: 0.000 | RecentReward: 60.134 | QLoss: 0.311212 | ParamLoss: -0.502939 | Epsilon: 0.0200 | Replay: 50000
2026-09-21 02:54:29,632 | INFO | Steps: 60928/150000 | Episodes: 119 | CurrentEpReward: 0.000 | RecentReward: 59.543 | QLoss: 0.319786 | ParamLoss: -0.505773 | Epsilon: 0.0200 | Replay: 50000
2026-09-21 02:54:56,539 | INFO | Steps: 61440/150000 | Episodes: 120 | CurrentEpReward: 0.000 | RecentReward: 59.226 | QLoss: 0.282814 | ParamLoss: -0.506989 | Epsilon: 0.0200 | Replay: 50000
2026-09-21 02:55:25,157 | INFO | Steps: 61952/150000 | Episodes: 121 | CurrentEpReward: 0.000 | RecentReward: 58.554 | QLoss: 0.327019 | ParamLoss: -0.516618 | Epsilon: 0.0200 | Replay: 50000
2026-09-21 02:55:52,936 | INFO | Steps: 62464/150000 | Episodes: 122 | CurrentEpReward: 0.000 | RecentReward: 58.692 | QLoss: 0.323914 | ParamLoss: -0.518943 | Epsilon: 0.0200 | Replay: 50000
2026-09-21 02:56:21,015 | INFO | Steps: 62976/150000 | Episodes: 123 | CurrentEpReward: 0.000 | RecentReward: 58.944 | QLoss: 0.307807 | ParamLoss: -0.526598 | Epsilon: 0.0200 | Replay: 50000
2026-09-21 02:56:48,623 | INFO | Steps: 63488/150000 | Episodes: 124 | CurrentEpReward: 0.000 | RecentReward: 58.990 | QLoss: 0.319841 | ParamLoss: -0.534834 | Epsilon: 0.0200 | Replay: 50000
2026-09-21 02:57:15,959 | INFO | Steps: 64000/150000 | Episodes: 125 | CurrentEpReward: 0.000 | RecentReward: 57.972 | QLoss: 0.319313 | ParamLoss: -0.548612 | Epsilon: 0.0200 | Replay: 50000
2026-09-21 02:57:44,503 | INFO | Steps: 64512/150000 | Episodes: 126 | CurrentEpReward: 0.000 | RecentReward: 58.278 | QLoss: 0.370028 | ParamLoss: -0.557908 | Epsilon: 0.0200 | Replay: 50000
2026-09-21 02:58:10,119 | INFO | Steps: 65024/150000 | Episodes: 127 | CurrentEpReward: 0.000 | RecentReward: 58.459 | QLoss: 0.363049 | ParamLoss: -0.560825 | Epsilon: 0.0200 | Replay: 50000
2026-09-21 02:58:34,199 | INFO | Steps: 65536/150000 | Episodes: 128 | CurrentEpReward: 0.000 | RecentReward: 58.049 | QLoss: 0.298741 | ParamLoss: -0.569948 | Epsilon: 0.0200 | Replay: 50000
2026-09-21 02:58:58,589 | INFO | Steps: 66048/150000 | Episodes: 129 | CurrentEpReward: 0.000 | RecentReward: 58.148 | QLoss: 0.300281 | ParamLoss: -0.577063 | Epsilon: 0.0200 | Replay: 50000
2026-09-21 02:59:22,977 | INFO | Steps: 66560/150000 | Episodes: 130 | CurrentEpReward: 0.000 | RecentReward: 59.194 | QLoss: 0.304951 | ParamLoss: -0.579342 | Epsilon: 0.0200 | Replay: 50000
2026-09-21 02:59:47,443 | INFO | Steps: 67072/150000 | Episodes: 131 | CurrentEpReward: 0.000 | RecentReward: 59.939 | QLoss: 0.289333 | ParamLoss: -0.576265 | Epsilon: 0.0200 | Replay: 50000
2026-09-21 03:00:12,136 | INFO | Steps: 67584/150000 | Episodes: 132 | CurrentEpReward: 0.000 | RecentReward: 61.541 | QLoss: 0.299588 | ParamLoss: -0.578214 | Epsilon: 0.0200 | Replay: 50000
2026-09-21 03:00:37,064 | INFO | Steps: 68096/150000 | Episodes: 133 | CurrentEpReward: 0.000 | RecentReward: 62.233 | QLoss: 0.328521 | ParamLoss: -0.574253 | Epsilon: 0.0200 | Replay: 50000
2026-09-21 03:01:01,204 | INFO | Steps: 68608/150000 | Episodes: 134 | CurrentEpReward: 0.000 | RecentReward: 62.160 | QLoss: 0.327948 | ParamLoss: -0.582459 | Epsilon: 0.0200 | Replay: 50000
2026-09-21 03:01:25,377 | INFO | Steps: 69120/150000 | Episodes: 135 | CurrentEpReward: 0.000 | RecentReward: 62.861 | QLoss: 0.306949 | ParamLoss: -0.580480 | Epsilon: 0.0200 | Replay: 50000
2026-09-21 03:01:49,539 | INFO | Steps: 69632/150000 | Episodes: 136 | CurrentEpReward: 0.000 | RecentReward: 63.591 | QLoss: 0.354784 | ParamLoss: -0.582824 | Epsilon: 0.0200 | Replay: 50000
2026-09-21 03:02:13,697 | INFO | Steps: 70144/150000 | Episodes: 137 | CurrentEpReward: 0.000 | RecentReward: 63.619 | QLoss: 0.297925 | ParamLoss: -0.590218 | Epsilon: 0.0200 | Replay: 50000
2026-09-21 03:02:38,234 | INFO | Steps: 70656/150000 | Episodes: 138 | CurrentEpReward: 0.000 | RecentReward: 63.735 | QLoss: 0.337733 | ParamLoss: -0.592175 | Epsilon: 0.0200 | Replay: 50000
2026-09-21 03:03:02,112 | INFO | Steps: 71168/150000 | Episodes: 139 | CurrentEpReward: 0.000 | RecentReward: 63.800 | QLoss: 0.289003 | ParamLoss: -0.591102 | Epsilon: 0.0200 | Replay: 50000
2026-09-21 03:03:26,756 | INFO | Steps: 71680/150000 | Episodes: 140 | CurrentEpReward: 0.000 | RecentReward: 63.673 | QLoss: 0.356106 | ParamLoss: -0.599032 | Epsilon: 0.0200 | Replay: 50000
2026-09-21 03:03:50,816 | INFO | Steps: 72192/150000 | Episodes: 141 | CurrentEpReward: 0.000 | RecentReward: 62.914 | QLoss: 0.335086 | ParamLoss: -0.602352 | Epsilon: 0.0200 | Replay: 50000
2026-09-21 03:04:15,355 | INFO | Steps: 72704/150000 | Episodes: 142 | CurrentEpReward: 0.000 | RecentReward: 62.310 | QLoss: 0.312278 | ParamLoss: -0.609741 | Epsilon: 0.0200 | Replay: 50000
2026-09-21 03:04:39,714 | INFO | Steps: 73216/150000 | Episodes: 143 | CurrentEpReward: 0.000 | RecentReward: 61.654 | QLoss: 0.313288 | ParamLoss: -0.611895 | Epsilon: 0.0200 | Replay: 50000
2026-09-21 03:05:04,369 | INFO | Steps: 73728/150000 | Episodes: 144 | CurrentEpReward: 0.000 | RecentReward: 62.358 | QLoss: 0.342918 | ParamLoss: -0.615353 | Epsilon: 0.0200 | Replay: 50000
2026-09-21 03:05:29,262 | INFO | Steps: 74240/150000 | Episodes: 145 | CurrentEpReward: 0.000 | RecentReward: 62.715 | QLoss: 0.319628 | ParamLoss: -0.615386 | Epsilon: 0.0200 | Replay: 50000
2026-09-21 03:05:54,406 | INFO | Steps: 74752/150000 | Episodes: 146 | CurrentEpReward: 0.000 | RecentReward: 62.993 | QLoss: 0.366655 | ParamLoss: -0.623003 | Epsilon: 0.0200 | Replay: 50000
2026-09-21 03:06:19,137 | INFO | Steps: 75264/150000 | Episodes: 147 | CurrentEpReward: 0.000 | RecentReward: 63.151 | QLoss: 0.370751 | ParamLoss: -0.632582 | Epsilon: 0.0200 | Replay: 50000
2026-09-21 03:06:43,449 | INFO | Steps: 75776/150000 | Episodes: 148 | CurrentEpReward: 0.000 | RecentReward: 62.198 | QLoss: 0.351796 | ParamLoss: -0.645561 | Epsilon: 0.0200 | Replay: 50000
2026-09-21 03:07:07,644 | INFO | Steps: 76288/150000 | Episodes: 149 | CurrentEpReward: 0.000 | RecentReward: 62.312 | QLoss: 0.356345 | ParamLoss: -0.646639 | Epsilon: 0.0200 | Replay: 50000
2026-09-21 03:07:32,142 | INFO | Steps: 76800/150000 | Episodes: 150 | CurrentEpReward: 0.000 | RecentReward: 62.757 | QLoss: 0.351916 | ParamLoss: -0.657415 | Epsilon: 0.0200 | Replay: 50000
2026-09-21 03:07:56,339 | INFO | Steps: 77312/150000 | Episodes: 151 | CurrentEpReward: 0.000 | RecentReward: 62.550 | QLoss: 0.384261 | ParamLoss: -0.660796 | Epsilon: 0.0200 | Replay: 50000
2026-09-21 03:08:21,287 | INFO | Steps: 77824/150000 | Episodes: 152 | CurrentEpReward: 0.000 | RecentReward: 62.025 | QLoss: 0.373568 | ParamLoss: -0.663755 | Epsilon: 0.0200 | Replay: 50000
2026-09-21 03:08:45,993 | INFO | Steps: 78336/150000 | Episodes: 153 | CurrentEpReward: 0.000 | RecentReward: 62.840 | QLoss: 0.391262 | ParamLoss: -0.670669 | Epsilon: 0.0200 | Replay: 50000
2026-09-21 03:09:10,267 | INFO | Steps: 78848/150000 | Episodes: 154 | CurrentEpReward: 0.000 | RecentReward: 62.668 | QLoss: 0.349283 | ParamLoss: -0.676627 | Epsilon: 0.0200 | Replay: 50000
2026-09-21 03:09:34,315 | INFO | Steps: 79360/150000 | Episodes: 155 | CurrentEpReward: 0.000 | RecentReward: 62.531 | QLoss: 0.335022 | ParamLoss: -0.676562 | Epsilon: 0.0200 | Replay: 50000
2026-09-21 03:09:58,822 | INFO | Steps: 79872/150000 | Episodes: 156 | CurrentEpReward: 0.000 | RecentReward: 61.370 | QLoss: 0.327594 | ParamLoss: -0.683148 | Epsilon: 0.0200 | Replay: 50000
2026-09-21 03:10:23,052 | INFO | Steps: 80384/150000 | Episodes: 157 | CurrentEpReward: 0.000 | RecentReward: 60.723 | QLoss: 0.360806 | ParamLoss: -0.671498 | Epsilon: 0.0200 | Replay: 50000
2026-09-21 03:10:47,577 | INFO | Steps: 80896/150000 | Episodes: 158 | CurrentEpReward: 0.000 | RecentReward: 60.959 | QLoss: 0.334856 | ParamLoss: -0.673658 | Epsilon: 0.0200 | Replay: 50000
2026-09-21 03:11:11,497 | INFO | Steps: 81408/150000 | Episodes: 159 | CurrentEpReward: 0.000 | RecentReward: 60.215 | QLoss: 0.325930 | ParamLoss: -0.688328 | Epsilon: 0.0200 | Replay: 50000
2026-09-21 03:11:36,242 | INFO | Steps: 81920/150000 | Episodes: 160 | CurrentEpReward: 0.000 | RecentReward: 58.369 | QLoss: 0.358308 | ParamLoss: -0.690383 | Epsilon: 0.0200 | Replay: 50000
2026-09-21 03:12:00,805 | INFO | Steps: 82432/150000 | Episodes: 161 | CurrentEpReward: 0.000 | RecentReward: 58.970 | QLoss: 0.366978 | ParamLoss: -0.702702 | Epsilon: 0.0200 | Replay: 50000
2026-09-21 03:12:25,117 | INFO | Steps: 82944/150000 | Episodes: 162 | CurrentEpReward: 0.000 | RecentReward: 58.604 | QLoss: 0.358831 | ParamLoss: -0.697905 | Epsilon: 0.0200 | Replay: 50000
2026-09-21 03:12:49,401 | INFO | Steps: 83456/150000 | Episodes: 163 | CurrentEpReward: 0.000 | RecentReward: 57.005 | QLoss: 0.356285 | ParamLoss: -0.703216 | Epsilon: 0.0200 | Replay: 50000
2026-09-21 03:13:13,327 | INFO | Steps: 83968/150000 | Episodes: 164 | CurrentEpReward: 0.000 | RecentReward: 56.785 | QLoss: 0.370693 | ParamLoss: -0.708852 | Epsilon: 0.0200 | Replay: 50000
2026-09-21 03:13:37,818 | INFO | Steps: 84480/150000 | Episodes: 165 | CurrentEpReward: 0.000 | RecentReward: 56.409 | QLoss: 0.374095 | ParamLoss: -0.713707 | Epsilon: 0.0200 | Replay: 50000
2026-09-21 03:14:02,732 | INFO | Steps: 84992/150000 | Episodes: 166 | CurrentEpReward: 0.000 | RecentReward: 57.174 | QLoss: 0.378003 | ParamLoss: -0.716903 | Epsilon: 0.0200 | Replay: 50000
2026-09-21 03:14:27,397 | INFO | Steps: 85504/150000 | Episodes: 167 | CurrentEpReward: 0.000 | RecentReward: 57.988 | QLoss: 0.360638 | ParamLoss: -0.730382 | Epsilon: 0.0200 | Replay: 50000
2026-09-21 03:14:52,162 | INFO | Steps: 86016/150000 | Episodes: 168 | CurrentEpReward: 0.000 | RecentReward: 58.242 | QLoss: 0.329348 | ParamLoss: -0.735637 | Epsilon: 0.0200 | Replay: 50000
2026-09-21 03:15:16,646 | INFO | Steps: 86528/150000 | Episodes: 169 | CurrentEpReward: 0.000 | RecentReward: 58.290 | QLoss: 0.398416 | ParamLoss: -0.738815 | Epsilon: 0.0200 | Replay: 50000
2026-09-21 03:15:41,654 | INFO | Steps: 87040/150000 | Episodes: 170 | CurrentEpReward: 0.000 | RecentReward: 60.250 | QLoss: 0.376089 | ParamLoss: -0.740321 | Epsilon: 0.0200 | Replay: 50000
2026-09-21 03:16:06,731 | INFO | Steps: 87552/150000 | Episodes: 171 | CurrentEpReward: 0.000 | RecentReward: 60.867 | QLoss: 0.351257 | ParamLoss: -0.737086 | Epsilon: 0.0200 | Replay: 50000
2026-09-21 03:16:31,998 | INFO | Steps: 88064/150000 | Episodes: 172 | CurrentEpReward: 0.000 | RecentReward: 61.618 | QLoss: 0.343302 | ParamLoss: -0.746529 | Epsilon: 0.0200 | Replay: 50000
2026-09-21 03:16:56,604 | INFO | Steps: 88576/150000 | Episodes: 173 | CurrentEpReward: 0.000 | RecentReward: 61.458 | QLoss: 0.347662 | ParamLoss: -0.758111 | Epsilon: 0.0200 | Replay: 50000
2026-09-21 03:17:21,479 | INFO | Steps: 89088/150000 | Episodes: 174 | CurrentEpReward: 0.000 | RecentReward: 62.128 | QLoss: 0.360708 | ParamLoss: -0.764560 | Epsilon: 0.0200 | Replay: 50000
2026-09-21 03:17:46,672 | INFO | Steps: 89600/150000 | Episodes: 175 | CurrentEpReward: 0.000 | RecentReward: 62.506 | QLoss: 0.378950 | ParamLoss: -0.770055 | Epsilon: 0.0200 | Replay: 50000
2026-09-21 03:18:11,143 | INFO | Steps: 90112/150000 | Episodes: 176 | CurrentEpReward: 0.000 | RecentReward: 61.924 | QLoss: 0.372109 | ParamLoss: -0.777813 | Epsilon: 0.0200 | Replay: 50000
2026-09-21 03:18:35,730 | INFO | Steps: 90624/150000 | Episodes: 177 | CurrentEpReward: 0.000 | RecentReward: 61.339 | QLoss: 0.385537 | ParamLoss: -0.784230 | Epsilon: 0.0200 | Replay: 50000
2026-09-21 03:19:00,363 | INFO | Steps: 91136/150000 | Episodes: 178 | CurrentEpReward: 0.000 | RecentReward: 62.437 | QLoss: 0.370222 | ParamLoss: -0.791486 | Epsilon: 0.0200 | Replay: 50000
2026-09-21 03:19:25,230 | INFO | Steps: 91648/150000 | Episodes: 179 | CurrentEpReward: 0.000 | RecentReward: 63.431 | QLoss: 0.373582 | ParamLoss: -0.788705 | Epsilon: 0.0200 | Replay: 50000
2026-09-21 03:19:50,486 | INFO | Steps: 92160/150000 | Episodes: 180 | CurrentEpReward: 0.000 | RecentReward: 63.378 | QLoss: 0.352214 | ParamLoss: -0.785566 | Epsilon: 0.0200 | Replay: 50000
2026-09-21 03:20:17,497 | INFO | Steps: 92672/150000 | Episodes: 181 | CurrentEpReward: 0.000 | RecentReward: 62.205 | QLoss: 0.327567 | ParamLoss: -0.787148 | Epsilon: 0.0200 | Replay: 50000
2026-09-21 03:20:46,731 | INFO | Steps: 93184/150000 | Episodes: 182 | CurrentEpReward: 0.000 | RecentReward: 61.622 | QLoss: 0.362990 | ParamLoss: -0.790618 | Epsilon: 0.0200 | Replay: 50000
2026-09-21 03:21:14,991 | INFO | Steps: 93696/150000 | Episodes: 183 | CurrentEpReward: 0.000 | RecentReward: 62.647 | QLoss: 0.339018 | ParamLoss: -0.809642 | Epsilon: 0.0200 | Replay: 50000
2026-09-21 03:21:44,275 | INFO | Steps: 94208/150000 | Episodes: 184 | CurrentEpReward: 0.000 | RecentReward: 61.543 | QLoss: 0.390518 | ParamLoss: -0.809717 | Epsilon: 0.0200 | Replay: 50000
2026-09-21 03:22:13,728 | INFO | Steps: 94720/150000 | Episodes: 185 | CurrentEpReward: 0.000 | RecentReward: 61.904 | QLoss: 0.381507 | ParamLoss: -0.816640 | Epsilon: 0.0200 | Replay: 50000
2026-09-21 03:22:42,347 | INFO | Steps: 95232/150000 | Episodes: 186 | CurrentEpReward: 0.000 | RecentReward: 62.631 | QLoss: 0.383065 | ParamLoss: -0.830733 | Epsilon: 0.0200 | Replay: 50000
2026-09-21 03:23:09,883 | INFO | Steps: 95744/150000 | Episodes: 187 | CurrentEpReward: 0.000 | RecentReward: 62.718 | QLoss: 0.349616 | ParamLoss: -0.832480 | Epsilon: 0.0200 | Replay: 50000
2026-09-21 03:23:38,627 | INFO | Steps: 96256/150000 | Episodes: 188 | CurrentEpReward: 0.000 | RecentReward: 61.919 | QLoss: 0.337016 | ParamLoss: -0.836984 | Epsilon: 0.0200 | Replay: 50000
2026-09-21 03:24:06,882 | INFO | Steps: 96768/150000 | Episodes: 189 | CurrentEpReward: 0.000 | RecentReward: 62.160 | QLoss: 0.387692 | ParamLoss: -0.833235 | Epsilon: 0.0200 | Replay: 50000
2026-09-21 03:24:34,223 | INFO | Steps: 97280/150000 | Episodes: 190 | CurrentEpReward: 0.000 | RecentReward: 61.261 | QLoss: 0.347858 | ParamLoss: -0.836268 | Epsilon: 0.0200 | Replay: 50000
2026-09-21 03:25:01,972 | INFO | Steps: 97792/150000 | Episodes: 191 | CurrentEpReward: 0.000 | RecentReward: 61.998 | QLoss: 0.439074 | ParamLoss: -0.828985 | Epsilon: 0.0200 | Replay: 50000
2026-09-21 03:25:30,345 | INFO | Steps: 98304/150000 | Episodes: 192 | CurrentEpReward: 0.000 | RecentReward: 62.384 | QLoss: 0.319391 | ParamLoss: -0.834265 | Epsilon: 0.0200 | Replay: 50000
2026-09-21 03:25:57,956 | INFO | Steps: 98816/150000 | Episodes: 193 | CurrentEpReward: 0.000 | RecentReward: 61.403 | QLoss: 0.501673 | ParamLoss: -0.834705 | Epsilon: 0.0200 | Replay: 50000
2026-09-21 03:26:26,035 | INFO | Steps: 99328/150000 | Episodes: 194 | CurrentEpReward: 0.000 | RecentReward: 62.020 | QLoss: 0.346684 | ParamLoss: -0.844734 | Epsilon: 0.0200 | Replay: 50000
2026-09-21 03:26:52,967 | INFO | Steps: 99840/150000 | Episodes: 195 | CurrentEpReward: 0.000 | RecentReward: 61.619 | QLoss: 0.362864 | ParamLoss: -0.855877 | Epsilon: 0.0200 | Replay: 50000
2026-09-21 03:27:34,343 | INFO | 新的最佳模型 (reward): 70.069，保存至 /home/pjpjq/LEO_switch/results/multiseed_0907/seed45/u40/learned_baselines/pdqn/best_model.pt
2026-09-21 03:27:34,350 | INFO | 周期权重已保存: /home/pjpjq/LEO_switch/results/multiseed_0907/seed45/u40/learned_baselines/pdqn/checkpoint_100000.pt
2026-09-21 03:27:50,599 | INFO | Steps: 100352/150000 | Episodes: 196 | CurrentEpReward: 0.000 | RecentReward: 60.711 | QLoss: 0.409438 | ParamLoss: -0.862717 | Epsilon: 0.0200 | Replay: 50000
2026-09-21 03:28:14,153 | INFO | Steps: 100864/150000 | Episodes: 197 | CurrentEpReward: 0.000 | RecentReward: 61.424 | QLoss: 0.369794 | ParamLoss: -0.873195 | Epsilon: 0.0200 | Replay: 50000
2026-09-21 03:28:37,641 | INFO | Steps: 101376/150000 | Episodes: 198 | CurrentEpReward: 0.000 | RecentReward: 62.223 | QLoss: 0.442050 | ParamLoss: -0.882448 | Epsilon: 0.0200 | Replay: 50000
2026-09-21 03:29:01,234 | INFO | Steps: 101888/150000 | Episodes: 199 | CurrentEpReward: 0.000 | RecentReward: 61.661 | QLoss: 0.328964 | ParamLoss: -0.885837 | Epsilon: 0.0200 | Replay: 50000
2026-09-21 03:29:24,840 | INFO | Steps: 102400/150000 | Episodes: 200 | CurrentEpReward: 0.000 | RecentReward: 62.623 | QLoss: 0.302290 | ParamLoss: -0.898986 | Epsilon: 0.0200 | Replay: 50000
2026-09-21 03:29:48,817 | INFO | Steps: 102912/150000 | Episodes: 201 | CurrentEpReward: 0.000 | RecentReward: 62.994 | QLoss: 0.426589 | ParamLoss: -0.910064 | Epsilon: 0.0200 | Replay: 50000
2026-09-21 03:30:12,529 | INFO | Steps: 103424/150000 | Episodes: 202 | CurrentEpReward: 0.000 | RecentReward: 62.785 | QLoss: 0.468300 | ParamLoss: -0.901156 | Epsilon: 0.0200 | Replay: 50000
2026-09-21 03:30:36,211 | INFO | Steps: 103936/150000 | Episodes: 203 | CurrentEpReward: 0.000 | RecentReward: 63.638 | QLoss: 0.400288 | ParamLoss: -0.899086 | Epsilon: 0.0200 | Replay: 50000
2026-09-21 03:30:59,733 | INFO | Steps: 104448/150000 | Episodes: 204 | CurrentEpReward: 0.000 | RecentReward: 63.421 | QLoss: 0.422146 | ParamLoss: -0.899884 | Epsilon: 0.0200 | Replay: 50000
2026-09-21 03:31:23,163 | INFO | Steps: 104960/150000 | Episodes: 205 | CurrentEpReward: 0.000 | RecentReward: 63.809 | QLoss: 0.403289 | ParamLoss: -0.900431 | Epsilon: 0.0200 | Replay: 50000
2026-09-21 03:31:46,726 | INFO | Steps: 105472/150000 | Episodes: 206 | CurrentEpReward: 0.000 | RecentReward: 64.036 | QLoss: 0.390486 | ParamLoss: -0.896624 | Epsilon: 0.0200 | Replay: 50000
2026-09-21 03:32:10,340 | INFO | Steps: 105984/150000 | Episodes: 207 | CurrentEpReward: 0.000 | RecentReward: 63.535 | QLoss: 0.410901 | ParamLoss: -0.896659 | Epsilon: 0.0200 | Replay: 50000
2026-09-21 03:32:33,718 | INFO | Steps: 106496/150000 | Episodes: 208 | CurrentEpReward: 0.000 | RecentReward: 62.818 | QLoss: 0.392212 | ParamLoss: -0.903621 | Epsilon: 0.0200 | Replay: 50000
2026-09-21 03:32:57,431 | INFO | Steps: 107008/150000 | Episodes: 209 | CurrentEpReward: 0.000 | RecentReward: 63.674 | QLoss: 0.422377 | ParamLoss: -0.910517 | Epsilon: 0.0200 | Replay: 50000
2026-09-21 03:33:21,350 | INFO | Steps: 107520/150000 | Episodes: 210 | CurrentEpReward: 0.000 | RecentReward: 63.969 | QLoss: 0.454034 | ParamLoss: -0.924598 | Epsilon: 0.0200 | Replay: 50000
2026-09-21 03:33:44,739 | INFO | Steps: 108032/150000 | Episodes: 211 | CurrentEpReward: 0.000 | RecentReward: 63.265 | QLoss: 0.399492 | ParamLoss: -0.935507 | Epsilon: 0.0200 | Replay: 50000
2026-09-21 03:34:08,392 | INFO | Steps: 108544/150000 | Episodes: 212 | CurrentEpReward: 0.000 | RecentReward: 63.638 | QLoss: 0.343528 | ParamLoss: -0.944584 | Epsilon: 0.0200 | Replay: 50000
2026-09-21 03:34:32,093 | INFO | Steps: 109056/150000 | Episodes: 213 | CurrentEpReward: 0.000 | RecentReward: 63.618 | QLoss: 0.375011 | ParamLoss: -0.943793 | Epsilon: 0.0200 | Replay: 50000
2026-09-21 03:34:55,515 | INFO | Steps: 109568/150000 | Episodes: 214 | CurrentEpReward: 0.000 | RecentReward: 63.471 | QLoss: 0.385748 | ParamLoss: -0.953665 | Epsilon: 0.0200 | Replay: 50000
2026-09-21 03:35:19,496 | INFO | Steps: 110080/150000 | Episodes: 215 | CurrentEpReward: 0.000 | RecentReward: 64.075 | QLoss: 0.374417 | ParamLoss: -0.958385 | Epsilon: 0.0200 | Replay: 50000
2026-09-21 03:35:43,044 | INFO | Steps: 110592/150000 | Episodes: 216 | CurrentEpReward: 0.000 | RecentReward: 63.989 | QLoss: 0.444217 | ParamLoss: -0.958042 | Epsilon: 0.0200 | Replay: 50000
2026-09-21 03:36:07,177 | INFO | Steps: 111104/150000 | Episodes: 217 | CurrentEpReward: 0.000 | RecentReward: 64.318 | QLoss: 0.414788 | ParamLoss: -0.959314 | Epsilon: 0.0200 | Replay: 50000
2026-09-21 03:36:30,844 | INFO | Steps: 111616/150000 | Episodes: 218 | CurrentEpReward: 0.000 | RecentReward: 64.485 | QLoss: 0.470600 | ParamLoss: -0.964153 | Epsilon: 0.0200 | Replay: 50000
2026-09-21 03:36:54,582 | INFO | Steps: 112128/150000 | Episodes: 219 | CurrentEpReward: 0.000 | RecentReward: 64.672 | QLoss: 0.424434 | ParamLoss: -0.962255 | Epsilon: 0.0200 | Replay: 50000
2026-09-21 03:37:17,850 | INFO | Steps: 112640/150000 | Episodes: 220 | CurrentEpReward: 0.000 | RecentReward: 63.885 | QLoss: 0.454700 | ParamLoss: -0.974309 | Epsilon: 0.0200 | Replay: 50000
2026-09-21 03:37:41,107 | INFO | Steps: 113152/150000 | Episodes: 221 | CurrentEpReward: 0.000 | RecentReward: 63.565 | QLoss: 0.409155 | ParamLoss: -0.970470 | Epsilon: 0.0200 | Replay: 50000
2026-09-21 03:38:04,710 | INFO | Steps: 113664/150000 | Episodes: 222 | CurrentEpReward: 0.000 | RecentReward: 63.636 | QLoss: 0.448935 | ParamLoss: -0.965458 | Epsilon: 0.0200 | Replay: 50000
2026-09-21 03:38:28,358 | INFO | Steps: 114176/150000 | Episodes: 223 | CurrentEpReward: 0.000 | RecentReward: 63.906 | QLoss: 0.493327 | ParamLoss: -0.970771 | Epsilon: 0.0200 | Replay: 50000
2026-09-21 03:38:52,002 | INFO | Steps: 114688/150000 | Episodes: 224 | CurrentEpReward: 0.000 | RecentReward: 63.723 | QLoss: 0.461508 | ParamLoss: -0.961561 | Epsilon: 0.0200 | Replay: 50000
2026-09-21 03:39:15,886 | INFO | Steps: 115200/150000 | Episodes: 225 | CurrentEpReward: 0.000 | RecentReward: 62.878 | QLoss: 0.410868 | ParamLoss: -0.958382 | Epsilon: 0.0200 | Replay: 50000
2026-09-21 03:39:39,389 | INFO | Steps: 115712/150000 | Episodes: 226 | CurrentEpReward: 0.000 | RecentReward: 63.009 | QLoss: 0.449839 | ParamLoss: -0.948439 | Epsilon: 0.0200 | Replay: 50000
2026-09-21 03:40:02,816 | INFO | Steps: 116224/150000 | Episodes: 227 | CurrentEpReward: 0.000 | RecentReward: 61.970 | QLoss: 0.479562 | ParamLoss: -0.961017 | Epsilon: 0.0200 | Replay: 50000
2026-09-21 03:40:26,314 | INFO | Steps: 116736/150000 | Episodes: 228 | CurrentEpReward: 0.000 | RecentReward: 62.080 | QLoss: 0.497762 | ParamLoss: -0.957359 | Epsilon: 0.0200 | Replay: 50000
2026-09-21 03:40:50,110 | INFO | Steps: 117248/150000 | Episodes: 229 | CurrentEpReward: 0.000 | RecentReward: 62.045 | QLoss: 0.378823 | ParamLoss: -0.959780 | Epsilon: 0.0200 | Replay: 50000
2026-09-21 03:41:14,099 | INFO | Steps: 117760/150000 | Episodes: 230 | CurrentEpReward: 0.000 | RecentReward: 62.253 | QLoss: 0.402594 | ParamLoss: -0.954465 | Epsilon: 0.0200 | Replay: 50000
2026-09-21 03:41:37,363 | INFO | Steps: 118272/150000 | Episodes: 231 | CurrentEpReward: 0.000 | RecentReward: 62.247 | QLoss: 0.401131 | ParamLoss: -0.965881 | Epsilon: 0.0200 | Replay: 50000
2026-09-21 03:42:00,876 | INFO | Steps: 118784/150000 | Episodes: 232 | CurrentEpReward: 0.000 | RecentReward: 62.221 | QLoss: 0.476042 | ParamLoss: -0.968520 | Epsilon: 0.0200 | Replay: 50000
2026-09-21 03:42:24,343 | INFO | Steps: 119296/150000 | Episodes: 233 | CurrentEpReward: 0.000 | RecentReward: 61.286 | QLoss: 0.409276 | ParamLoss: -0.977250 | Epsilon: 0.0200 | Replay: 50000
2026-09-21 03:42:47,918 | INFO | Steps: 119808/150000 | Episodes: 234 | CurrentEpReward: 0.000 | RecentReward: 61.949 | QLoss: 0.448010 | ParamLoss: -0.979513 | Epsilon: 0.0200 | Replay: 50000
2026-09-21 03:43:11,338 | INFO | Steps: 120320/150000 | Episodes: 235 | CurrentEpReward: 0.000 | RecentReward: 61.431 | QLoss: 0.381634 | ParamLoss: -0.973074 | Epsilon: 0.0200 | Replay: 50000
2026-09-21 03:43:35,416 | INFO | Steps: 120832/150000 | Episodes: 236 | CurrentEpReward: 0.000 | RecentReward: 62.326 | QLoss: 0.460615 | ParamLoss: -0.972134 | Epsilon: 0.0200 | Replay: 50000
2026-09-21 03:43:59,053 | INFO | Steps: 121344/150000 | Episodes: 237 | CurrentEpReward: 0.000 | RecentReward: 63.383 | QLoss: 0.398930 | ParamLoss: -0.981324 | Epsilon: 0.0200 | Replay: 50000
2026-09-21 03:44:22,536 | INFO | Steps: 121856/150000 | Episodes: 238 | CurrentEpReward: 0.000 | RecentReward: 63.739 | QLoss: 0.451006 | ParamLoss: -0.989852 | Epsilon: 0.0200 | Replay: 50000
2026-09-21 03:44:46,238 | INFO | Steps: 122368/150000 | Episodes: 239 | CurrentEpReward: 0.000 | RecentReward: 63.315 | QLoss: 0.358763 | ParamLoss: -0.988058 | Epsilon: 0.0200 | Replay: 50000
2026-09-21 03:45:09,986 | INFO | Steps: 122880/150000 | Episodes: 240 | CurrentEpReward: 0.000 | RecentReward: 63.459 | QLoss: 0.440131 | ParamLoss: -0.988933 | Epsilon: 0.0200 | Replay: 50000
2026-09-21 03:45:33,464 | INFO | Steps: 123392/150000 | Episodes: 241 | CurrentEpReward: 0.000 | RecentReward: 63.783 | QLoss: 0.428782 | ParamLoss: -0.990399 | Epsilon: 0.0200 | Replay: 50000
2026-09-21 03:45:56,910 | INFO | Steps: 123904/150000 | Episodes: 242 | CurrentEpReward: 0.000 | RecentReward: 64.175 | QLoss: 0.514952 | ParamLoss: -0.987539 | Epsilon: 0.0200 | Replay: 50000
2026-09-21 03:46:20,268 | INFO | Steps: 124416/150000 | Episodes: 243 | CurrentEpReward: 0.000 | RecentReward: 64.117 | QLoss: 0.384283 | ParamLoss: -0.991846 | Epsilon: 0.0200 | Replay: 50000
2026-09-21 03:46:43,567 | INFO | Steps: 124928/150000 | Episodes: 244 | CurrentEpReward: 0.000 | RecentReward: 64.208 | QLoss: 0.365060 | ParamLoss: -0.996909 | Epsilon: 0.0200 | Replay: 50000
2026-09-21 03:47:07,068 | INFO | Steps: 125440/150000 | Episodes: 245 | CurrentEpReward: 0.000 | RecentReward: 65.173 | QLoss: 0.436682 | ParamLoss: -1.002638 | Epsilon: 0.0200 | Replay: 50000
2026-09-21 03:47:30,665 | INFO | Steps: 125952/150000 | Episodes: 246 | CurrentEpReward: 0.000 | RecentReward: 64.812 | QLoss: 0.452026 | ParamLoss: -1.009704 | Epsilon: 0.0200 | Replay: 50000
2026-09-21 03:47:54,444 | INFO | Steps: 126464/150000 | Episodes: 247 | CurrentEpReward: 0.000 | RecentReward: 64.660 | QLoss: 0.354582 | ParamLoss: -1.015895 | Epsilon: 0.0200 | Replay: 50000
2026-09-21 03:48:17,846 | INFO | Steps: 126976/150000 | Episodes: 248 | CurrentEpReward: 0.000 | RecentReward: 63.925 | QLoss: 0.442680 | ParamLoss: -1.013333 | Epsilon: 0.0200 | Replay: 50000
2026-09-21 03:48:41,496 | INFO | Steps: 127488/150000 | Episodes: 249 | CurrentEpReward: 0.000 | RecentReward: 63.928 | QLoss: 0.432508 | ParamLoss: -1.015775 | Epsilon: 0.0200 | Replay: 50000
2026-09-21 03:49:04,866 | INFO | Steps: 128000/150000 | Episodes: 250 | CurrentEpReward: 0.000 | RecentReward: 64.027 | QLoss: 0.484121 | ParamLoss: -1.010965 | Epsilon: 0.0200 | Replay: 50000
2026-09-21 03:49:28,402 | INFO | Steps: 128512/150000 | Episodes: 251 | CurrentEpReward: 0.000 | RecentReward: 64.978 | QLoss: 0.452507 | ParamLoss: -1.016715 | Epsilon: 0.0200 | Replay: 50000
2026-09-21 03:49:52,058 | INFO | Steps: 129024/150000 | Episodes: 252 | CurrentEpReward: 0.000 | RecentReward: 64.818 | QLoss: 0.503837 | ParamLoss: -1.020148 | Epsilon: 0.0200 | Replay: 50000
2026-09-21 03:50:15,851 | INFO | Steps: 129536/150000 | Episodes: 253 | CurrentEpReward: 0.000 | RecentReward: 65.932 | QLoss: 0.479456 | ParamLoss: -1.027299 | Epsilon: 0.0200 | Replay: 50000
2026-09-21 03:50:39,372 | INFO | Steps: 130048/150000 | Episodes: 254 | CurrentEpReward: 0.000 | RecentReward: 66.160 | QLoss: 0.510028 | ParamLoss: -1.025783 | Epsilon: 0.0200 | Replay: 50000
2026-09-21 03:51:02,831 | INFO | Steps: 130560/150000 | Episodes: 255 | CurrentEpReward: 0.000 | RecentReward: 66.236 | QLoss: 0.536843 | ParamLoss: -1.031648 | Epsilon: 0.0200 | Replay: 50000
2026-09-21 03:51:26,238 | INFO | Steps: 131072/150000 | Episodes: 256 | CurrentEpReward: 0.000 | RecentReward: 66.229 | QLoss: 0.411428 | ParamLoss: -1.037544 | Epsilon: 0.0200 | Replay: 50000
2026-09-21 03:51:49,808 | INFO | Steps: 131584/150000 | Episodes: 257 | CurrentEpReward: 0.000 | RecentReward: 66.814 | QLoss: 0.422284 | ParamLoss: -1.043953 | Epsilon: 0.0200 | Replay: 50000
2026-09-21 03:52:13,170 | INFO | Steps: 132096/150000 | Episodes: 258 | CurrentEpReward: 0.000 | RecentReward: 66.609 | QLoss: 0.459200 | ParamLoss: -1.046087 | Epsilon: 0.0200 | Replay: 50000
2026-09-21 03:52:36,908 | INFO | Steps: 132608/150000 | Episodes: 259 | CurrentEpReward: 0.000 | RecentReward: 66.284 | QLoss: 0.439422 | ParamLoss: -1.053887 | Epsilon: 0.0200 | Replay: 50000
2026-09-21 03:53:00,482 | INFO | Steps: 133120/150000 | Episodes: 260 | CurrentEpReward: 0.000 | RecentReward: 65.912 | QLoss: 0.472647 | ParamLoss: -1.056470 | Epsilon: 0.0200 | Replay: 50000
2026-09-21 03:53:23,899 | INFO | Steps: 133632/150000 | Episodes: 261 | CurrentEpReward: 0.000 | RecentReward: 65.316 | QLoss: 0.551052 | ParamLoss: -1.066793 | Epsilon: 0.0200 | Replay: 50000
2026-09-21 03:53:47,363 | INFO | Steps: 134144/150000 | Episodes: 262 | CurrentEpReward: 0.000 | RecentReward: 64.748 | QLoss: 0.399621 | ParamLoss: -1.076051 | Epsilon: 0.0200 | Replay: 50000
2026-09-21 03:54:11,316 | INFO | Steps: 134656/150000 | Episodes: 263 | CurrentEpReward: 0.000 | RecentReward: 65.093 | QLoss: 0.428301 | ParamLoss: -1.080751 | Epsilon: 0.0200 | Replay: 50000
2026-09-21 03:54:34,822 | INFO | Steps: 135168/150000 | Episodes: 264 | CurrentEpReward: 0.000 | RecentReward: 64.586 | QLoss: 0.422498 | ParamLoss: -1.090377 | Epsilon: 0.0200 | Replay: 50000
2026-09-21 03:54:58,488 | INFO | Steps: 135680/150000 | Episodes: 265 | CurrentEpReward: 0.000 | RecentReward: 64.936 | QLoss: 0.453022 | ParamLoss: -1.096469 | Epsilon: 0.0200 | Replay: 50000
2026-09-21 03:55:21,889 | INFO | Steps: 136192/150000 | Episodes: 266 | CurrentEpReward: 0.000 | RecentReward: 64.522 | QLoss: 0.475890 | ParamLoss: -1.099256 | Epsilon: 0.0200 | Replay: 50000
2026-09-21 03:55:45,308 | INFO | Steps: 136704/150000 | Episodes: 267 | CurrentEpReward: 0.000 | RecentReward: 62.920 | QLoss: 0.466415 | ParamLoss: -1.099330 | Epsilon: 0.0200 | Replay: 50000
2026-09-21 03:56:08,795 | INFO | Steps: 137216/150000 | Episodes: 268 | CurrentEpReward: 0.000 | RecentReward: 64.185 | QLoss: 0.565143 | ParamLoss: -1.106020 | Epsilon: 0.0200 | Replay: 50000
2026-09-21 03:56:32,165 | INFO | Steps: 137728/150000 | Episodes: 269 | CurrentEpReward: 0.000 | RecentReward: 63.795 | QLoss: 0.534818 | ParamLoss: -1.086031 | Epsilon: 0.0200 | Replay: 50000
2026-09-21 03:56:55,744 | INFO | Steps: 138240/150000 | Episodes: 270 | CurrentEpReward: 0.000 | RecentReward: 64.084 | QLoss: 0.492231 | ParamLoss: -1.080279 | Epsilon: 0.0200 | Replay: 50000
2026-09-21 03:57:19,633 | INFO | Steps: 138752/150000 | Episodes: 271 | CurrentEpReward: 0.000 | RecentReward: 65.175 | QLoss: 0.452941 | ParamLoss: -1.088348 | Epsilon: 0.0200 | Replay: 50000
2026-09-21 03:57:43,016 | INFO | Steps: 139264/150000 | Episodes: 272 | CurrentEpReward: 0.000 | RecentReward: 64.787 | QLoss: 0.481224 | ParamLoss: -1.085793 | Epsilon: 0.0200 | Replay: 50000
2026-09-21 03:58:06,140 | INFO | Steps: 139776/150000 | Episodes: 273 | CurrentEpReward: 0.000 | RecentReward: 63.509 | QLoss: 0.557308 | ParamLoss: -1.090923 | Epsilon: 0.0200 | Replay: 50000
2026-09-21 03:58:29,605 | INFO | Steps: 140288/150000 | Episodes: 274 | CurrentEpReward: 0.000 | RecentReward: 64.004 | QLoss: 0.353095 | ParamLoss: -1.086529 | Epsilon: 0.0200 | Replay: 50000
2026-09-21 03:58:52,745 | INFO | Steps: 140800/150000 | Episodes: 275 | CurrentEpReward: 0.000 | RecentReward: 63.892 | QLoss: 0.538721 | ParamLoss: -1.094410 | Epsilon: 0.0200 | Replay: 50000
2026-09-21 03:59:16,213 | INFO | Steps: 141312/150000 | Episodes: 276 | CurrentEpReward: 0.000 | RecentReward: 64.510 | QLoss: 0.490927 | ParamLoss: -1.085087 | Epsilon: 0.0200 | Replay: 50000
2026-09-21 03:59:40,038 | INFO | Steps: 141824/150000 | Episodes: 277 | CurrentEpReward: 0.000 | RecentReward: 66.059 | QLoss: 0.548353 | ParamLoss: -1.082868 | Epsilon: 0.0200 | Replay: 50000
2026-09-21 04:00:03,353 | INFO | Steps: 142336/150000 | Episodes: 278 | CurrentEpReward: 0.000 | RecentReward: 66.018 | QLoss: 0.484022 | ParamLoss: -1.086245 | Epsilon: 0.0200 | Replay: 50000
2026-09-21 04:00:27,065 | INFO | Steps: 142848/150000 | Episodes: 279 | CurrentEpReward: 0.000 | RecentReward: 66.859 | QLoss: 0.483241 | ParamLoss: -1.072073 | Epsilon: 0.0200 | Replay: 50000
2026-09-21 04:00:50,473 | INFO | Steps: 143360/150000 | Episodes: 280 | CurrentEpReward: 0.000 | RecentReward: 65.900 | QLoss: 0.475974 | ParamLoss: -1.074008 | Epsilon: 0.0200 | Replay: 50000
2026-09-21 04:01:14,179 | INFO | Steps: 143872/150000 | Episodes: 281 | CurrentEpReward: 0.000 | RecentReward: 65.579 | QLoss: 0.520379 | ParamLoss: -1.084958 | Epsilon: 0.0200 | Replay: 50000
2026-09-21 04:01:37,636 | INFO | Steps: 144384/150000 | Episodes: 282 | CurrentEpReward: 0.000 | RecentReward: 65.723 | QLoss: 0.425528 | ParamLoss: -1.080367 | Epsilon: 0.0200 | Replay: 50000
2026-09-21 04:02:01,122 | INFO | Steps: 144896/150000 | Episodes: 283 | CurrentEpReward: 0.000 | RecentReward: 66.008 | QLoss: 0.449384 | ParamLoss: -1.068350 | Epsilon: 0.0200 | Replay: 50000
2026-09-21 04:02:24,640 | INFO | Steps: 145408/150000 | Episodes: 284 | CurrentEpReward: 0.000 | RecentReward: 66.068 | QLoss: 0.502456 | ParamLoss: -1.065298 | Epsilon: 0.0200 | Replay: 50000
2026-09-21 04:02:47,845 | INFO | Steps: 145920/150000 | Episodes: 285 | CurrentEpReward: 0.000 | RecentReward: 64.575 | QLoss: 0.481380 | ParamLoss: -1.072842 | Epsilon: 0.0200 | Replay: 50000
2026-09-21 04:03:11,377 | INFO | Steps: 146432/150000 | Episodes: 286 | CurrentEpReward: 0.000 | RecentReward: 64.405 | QLoss: 0.528996 | ParamLoss: -1.072690 | Epsilon: 0.0200 | Replay: 50000
2026-09-21 04:03:35,009 | INFO | Steps: 146944/150000 | Episodes: 287 | CurrentEpReward: 0.000 | RecentReward: 63.545 | QLoss: 0.448434 | ParamLoss: -1.069426 | Epsilon: 0.0200 | Replay: 50000
2026-09-21 04:03:58,315 | INFO | Steps: 147456/150000 | Episodes: 288 | CurrentEpReward: 0.000 | RecentReward: 62.714 | QLoss: 0.450719 | ParamLoss: -1.068934 | Epsilon: 0.0200 | Replay: 50000
2026-09-21 04:04:21,923 | INFO | Steps: 147968/150000 | Episodes: 289 | CurrentEpReward: 0.000 | RecentReward: 63.120 | QLoss: 0.544893 | ParamLoss: -1.073872 | Epsilon: 0.0200 | Replay: 50000
2026-09-21 04:04:45,096 | INFO | Steps: 148480/150000 | Episodes: 290 | CurrentEpReward: 0.000 | RecentReward: 64.041 | QLoss: 0.480802 | ParamLoss: -1.078680 | Epsilon: 0.0200 | Replay: 50000
2026-09-21 04:05:08,417 | INFO | Steps: 148992/150000 | Episodes: 291 | CurrentEpReward: 0.000 | RecentReward: 62.985 | QLoss: 0.627775 | ParamLoss: -1.075505 | Epsilon: 0.0200 | Replay: 50000
2026-09-21 04:05:31,774 | INFO | Steps: 149504/150000 | Episodes: 292 | CurrentEpReward: 0.000 | RecentReward: 63.260 | QLoss: 0.515843 | ParamLoss: -1.074711 | Epsilon: 0.0200 | Replay: 50000
2026-09-21 04:05:54,632 | INFO | Steps: 150000/150000 | Episodes: 292 | CurrentEpReward: 59.112 | RecentReward: 63.260 | QLoss: 0.459494 | ParamLoss: -1.070139 | Epsilon: 0.0200 | Replay: 50000
2026-09-21 04:06:28,765 | INFO | 周期权重已保存: /home/pjpjq/LEO_switch/results/multiseed_0907/seed45/u40/learned_baselines/pdqn/checkpoint_150000.pt
2026-09-21 04:06:28,791 | INFO | 最终权重已保存: /home/pjpjq/LEO_switch/results/multiseed_0907/seed45/u40/learned_baselines/pdqn/pdqn_model.pt
2026-09-21 04:07:03,134 | INFO | 训练与评估完成 | EvalReward: 70.069 ± 3.048
