2026-09-16 00:49:31,406 | INFO | ============================================================
2026-09-16 00:49:31,406 | INFO | 开始训练纯 MADDPG 基线
2026-09-16 00:49:31,407 | INFO | 用户数: 30 | 观测维度: 76 | handover维度: 11 | 总步数: 150000 | warmup: 1000 | batch: 128 | 日志间隔: 512 steps | device: cuda | actor_lr: 1.0e-04 | critic_lr: 3.0e-04 | tau: 0.005 | reward_scale: 1.00
2026-09-16 00:49:31,407 | INFO | ============================================================
2026-09-16 00:49:35,604 | INFO | Steps: 512/150000 | Episodes: 1 | LastEpReward: -5.021 | RecentReward: -5.021 | ActorLoss: 0.000000 | CriticLoss: 0.000000 | Q: 0.0000 | TargetQ: 0.0000 | TDAbs: 0.0000 | ActorGrad: 0.0000 | CriticGrad: 0.0000 | Noise: 0.3500 | Replay: 512 | FPS: 121.98 | ETA: 20.4 min
2026-09-16 00:49:39,996 | INFO | Steps: 1024/150000 | Episodes: 2 | LastEpReward: 3.246 | RecentReward: -0.888 | ActorLoss: 0.088290 | CriticLoss: 0.003678 | Q: -0.0887 | TargetQ: -0.0884 | TDAbs: 0.0687 | ActorGrad: 0.0010 | CriticGrad: 0.0695 | Noise: 0.3499 | Replay: 1024 | FPS: 119.21 | ETA: 20.8 min
2026-09-16 00:49:46,775 | INFO | Steps: 1536/150000 | Episodes: 3 | LastEpReward: -81.356 | RecentReward: -27.711 | ActorLoss: 0.103767 | CriticLoss: 0.000451 | Q: -0.1206 | TargetQ: -0.1204 | TDAbs: 0.0220 | ActorGrad: 0.0002 | CriticGrad: 0.0350 | Noise: 0.3485 | Replay: 1536 | FPS: 99.94 | ETA: 24.8 min
2026-09-16 00:49:53,472 | INFO | Steps: 2048/150000 | Episodes: 4 | LastEpReward: -141.112 | RecentReward: -56.061 | ActorLoss: 0.340363 | CriticLoss: 0.001152 | Q: -0.3556 | TargetQ: -0.3555 | TDAbs: 0.0351 | ActorGrad: 0.0019 | CriticGrad: 0.0916 | Noise: 0.3470 | Replay: 2048 | FPS: 92.81 | ETA: 26.6 min
2026-09-16 00:50:00,264 | INFO | Steps: 2560/150000 | Episodes: 5 | LastEpReward: -78.370 | RecentReward: -60.523 | ActorLoss: 0.578807 | CriticLoss: 0.001198 | Q: -0.5926 | TargetQ: -0.5924 | TDAbs: 0.0360 | ActorGrad: 0.0038 | CriticGrad: 0.1154 | Noise: 0.3455 | Replay: 2560 | FPS: 88.71 | ETA: 27.7 min
2026-09-16 00:50:06,928 | INFO | Steps: 3072/150000 | Episodes: 6 | LastEpReward: -86.088 | RecentReward: -64.784 | ActorLoss: 0.923356 | CriticLoss: 0.001527 | Q: -0.9386 | TargetQ: -0.9387 | TDAbs: 0.0398 | ActorGrad: 0.0072 | CriticGrad: 0.1510 | Noise: 0.3441 | Replay: 3072 | FPS: 86.48 | ETA: 28.3 min
2026-09-16 00:50:13,676 | INFO | Steps: 3584/150000 | Episodes: 7 | LastEpReward: -69.018 | RecentReward: -65.389 | ActorLoss: 1.160993 | CriticLoss: 0.002399 | Q: -1.2009 | TargetQ: -1.2011 | TDAbs: 0.0474 | ActorGrad: 0.0086 | CriticGrad: 0.1720 | Noise: 0.3426 | Replay: 3584 | FPS: 84.79 | ETA: 28.8 min
2026-09-16 00:50:20,411 | INFO | Steps: 4096/150000 | Episodes: 8 | LastEpReward: -30.174 | RecentReward: -60.987 | ActorLoss: 1.265660 | CriticLoss: 0.002687 | Q: -1.3146 | TargetQ: -1.3147 | TDAbs: 0.0522 | ActorGrad: 0.0054 | CriticGrad: 0.2042 | Noise: 0.3412 | Replay: 4096 | FPS: 83.58 | ETA: 29.1 min
2026-09-16 00:50:27,310 | INFO | Steps: 4608/150000 | Episodes: 9 | LastEpReward: 8.230 | RecentReward: -53.296 | ActorLoss: 1.140477 | CriticLoss: 0.003425 | Q: -1.2610 | TargetQ: -1.2611 | TDAbs: 0.0609 | ActorGrad: 0.0171 | CriticGrad: 0.2713 | Noise: 0.3397 | Replay: 4608 | FPS: 82.43 | ETA: 29.4 min
2026-09-16 00:50:34,314 | INFO | 开始周期评估: Steps=5120 | Episodes=10 | EvalEpisodes=5
2026-09-16 00:50:55,202 | INFO | 周期评估完成: Steps=5120 | MeanReward=25.477 | StdReward=1.702
2026-09-16 00:50:55,212 | INFO | Steps: 5120/150000 | Episodes: 10 | LastEpReward: 26.804 | RecentReward: -45.286 | ActorLoss: 0.917553 | CriticLoss: 0.001360 | Q: -1.0418 | TargetQ: -1.0416 | TDAbs: 0.0393 | ActorGrad: 0.0104 | CriticGrad: 0.1252 | Noise: 0.3382 | Replay: 5120 | FPS: 61.09 | ETA: 39.5 min
2026-09-16 00:51:02,286 | INFO | Steps: 5632/150000 | Episodes: 11 | LastEpReward: 35.429 | RecentReward: -41.241 | ActorLoss: 0.695665 | CriticLoss: 0.001549 | Q: -0.8014 | TargetQ: -0.8012 | TDAbs: 0.0421 | ActorGrad: 0.0087 | CriticGrad: 0.1261 | Noise: 0.3368 | Replay: 5632 | FPS: 61.97 | ETA: 38.8 min
2026-09-16 00:51:09,044 | INFO | Steps: 6144/150000 | Episodes: 12 | LastEpReward: 14.605 | RecentReward: -40.105 | ActorLoss: 0.585142 | CriticLoss: 0.001921 | Q: -0.6692 | TargetQ: -0.6689 | TDAbs: 0.0463 | ActorGrad: 0.0113 | CriticGrad: 0.1267 | Noise: 0.3353 | Replay: 6144 | FPS: 62.93 | ETA: 38.1 min
2026-09-16 00:51:15,839 | INFO | Steps: 6656/150000 | Episodes: 13 | LastEpReward: 19.961 | RecentReward: -29.973 | ActorLoss: 0.440270 | CriticLoss: 0.002006 | Q: -0.5176 | TargetQ: -0.5174 | TDAbs: 0.0476 | ActorGrad: 0.0103 | CriticGrad: 0.1530 | Noise: 0.3338 | Replay: 6656 | FPS: 63.73 | ETA: 37.5 min
2026-09-16 00:51:22,601 | INFO | Steps: 7168/150000 | Episodes: 14 | LastEpReward: 26.895 | RecentReward: -13.173 | ActorLoss: 0.297335 | CriticLoss: 0.002479 | Q: -0.3642 | TargetQ: -0.3641 | TDAbs: 0.0534 | ActorGrad: 0.0096 | CriticGrad: 0.1823 | Noise: 0.3324 | Replay: 7168 | FPS: 64.46 | ETA: 36.9 min
2026-09-16 00:51:29,584 | INFO | Steps: 7680/150000 | Episodes: 15 | LastEpReward: 36.035 | RecentReward: -1.732 | ActorLoss: 0.198840 | CriticLoss: 0.002450 | Q: -0.2661 | TargetQ: -0.2661 | TDAbs: 0.0532 | ActorGrad: 0.0073 | CriticGrad: 0.1560 | Noise: 0.3309 | Replay: 7680 | FPS: 64.99 | ETA: 36.5 min
2026-09-16 00:51:36,401 | INFO | Steps: 8192/150000 | Episodes: 16 | LastEpReward: 32.309 | RecentReward: 10.108 | ActorLoss: 0.046951 | CriticLoss: 0.002784 | Q: -0.1115 | TargetQ: -0.1112 | TDAbs: 0.0573 | ActorGrad: 0.0088 | CriticGrad: 0.1815 | Noise: 0.3295 | Replay: 8192 | FPS: 65.54 | ETA: 36.1 min
2026-09-16 00:51:43,120 | INFO | Steps: 8704/150000 | Episodes: 17 | LastEpReward: 17.915 | RecentReward: 18.801 | ActorLoss: -0.072855 | CriticLoss: 0.002855 | Q: 0.0045 | TargetQ: 0.0044 | TDAbs: 0.0569 | ActorGrad: 0.0112 | CriticGrad: 0.1776 | Noise: 0.3280 | Replay: 8704 | FPS: 66.08 | ETA: 35.6 min
2026-09-16 00:51:50,236 | INFO | Steps: 9216/150000 | Episodes: 18 | LastEpReward: 33.060 | RecentReward: 25.124 | ActorLoss: -0.250971 | CriticLoss: 0.003574 | Q: 0.1815 | TargetQ: 0.1820 | TDAbs: 0.0648 | ActorGrad: 0.0262 | CriticGrad: 0.2276 | Noise: 0.3265 | Replay: 9216 | FPS: 66.38 | ETA: 35.3 min
2026-09-16 00:51:57,088 | INFO | Steps: 9728/150000 | Episodes: 19 | LastEpReward: 18.340 | RecentReward: 26.135 | ActorLoss: -0.391240 | CriticLoss: 0.003125 | Q: 0.3177 | TargetQ: 0.3179 | TDAbs: 0.0599 | ActorGrad: 0.0333 | CriticGrad: 0.1817 | Noise: 0.3251 | Replay: 9728 | FPS: 66.78 | ETA: 35.0 min
2026-09-16 00:52:03,894 | INFO | 开始周期评估: Steps=10240 | Episodes=20 | EvalEpisodes=5
2026-09-16 00:52:24,829 | INFO | 周期评估完成: Steps=10240 | MeanReward=22.059 | StdReward=1.757
2026-09-16 00:52:24,836 | INFO | Steps: 10240/150000 | Episodes: 20 | LastEpReward: 19.983 | RecentReward: 25.453 | ActorLoss: -0.503351 | CriticLoss: 0.003530 | Q: 0.4294 | TargetQ: 0.4295 | TDAbs: 0.0628 | ActorGrad: 0.0331 | CriticGrad: 0.1930 | Noise: 0.3236 | Replay: 10240 | FPS: 59.04 | ETA: 39.5 min
2026-09-16 00:52:31,817 | INFO | Steps: 10752/150000 | Episodes: 21 | LastEpReward: 27.976 | RecentReward: 24.708 | ActorLoss: -0.706037 | CriticLoss: 0.004168 | Q: 0.6375 | TargetQ: 0.6380 | TDAbs: 0.0686 | ActorGrad: 0.0294 | CriticGrad: 0.2244 | Noise: 0.3221 | Replay: 10752 | FPS: 59.60 | ETA: 38.9 min
2026-09-16 00:52:38,634 | INFO | Steps: 11264/150000 | Episodes: 22 | LastEpReward: 19.455 | RecentReward: 25.193 | ActorLoss: -0.825478 | CriticLoss: 0.004139 | Q: 0.7667 | TargetQ: 0.7673 | TDAbs: 0.0694 | ActorGrad: 0.0216 | CriticGrad: 0.2500 | Noise: 0.3207 | Replay: 11264 | FPS: 60.16 | ETA: 38.4 min
2026-09-16 00:52:45,699 | INFO | Steps: 11776/150000 | Episodes: 23 | LastEpReward: 36.071 | RecentReward: 26.804 | ActorLoss: -0.927884 | CriticLoss: 0.003965 | Q: 0.8729 | TargetQ: 0.8727 | TDAbs: 0.0675 | ActorGrad: 0.0200 | CriticGrad: 0.2263 | Noise: 0.3192 | Replay: 11776 | FPS: 60.61 | ETA: 38.0 min
2026-09-16 00:52:52,518 | INFO | Steps: 12288/150000 | Episodes: 24 | LastEpReward: 28.829 | RecentReward: 26.997 | ActorLoss: -1.032303 | CriticLoss: 0.004547 | Q: 0.9783 | TargetQ: 0.9789 | TDAbs: 0.0727 | ActorGrad: 0.0170 | CriticGrad: 0.2435 | Noise: 0.3177 | Replay: 12288 | FPS: 61.10 | ETA: 37.6 min
2026-09-16 00:52:59,346 | INFO | Steps: 12800/150000 | Episodes: 25 | LastEpReward: 29.319 | RecentReward: 26.326 | ActorLoss: -1.200774 | CriticLoss: 0.004564 | Q: 1.1435 | TargetQ: 1.1445 | TDAbs: 0.0725 | ActorGrad: 0.0193 | CriticGrad: 0.2403 | Noise: 0.3163 | Replay: 12800 | FPS: 61.56 | ETA: 37.1 min
2026-09-16 00:53:06,211 | INFO | Steps: 13312/150000 | Episodes: 26 | LastEpReward: 28.195 | RecentReward: 25.914 | ActorLoss: -1.293302 | CriticLoss: 0.004713 | Q: 1.2373 | TargetQ: 1.2375 | TDAbs: 0.0729 | ActorGrad: 0.0205 | CriticGrad: 0.2295 | Noise: 0.3148 | Replay: 13312 | FPS: 61.97 | ETA: 36.8 min
2026-09-16 00:53:13,124 | INFO | Steps: 13824/150000 | Episodes: 27 | LastEpReward: 33.071 | RecentReward: 27.430 | ActorLoss: -1.390583 | CriticLoss: 0.005078 | Q: 1.3399 | TargetQ: 1.3403 | TDAbs: 0.0767 | ActorGrad: 0.0194 | CriticGrad: 0.2333 | Noise: 0.3134 | Replay: 13824 | FPS: 62.35 | ETA: 36.4 min
2026-09-16 00:53:20,121 | INFO | Steps: 14336/150000 | Episodes: 28 | LastEpReward: 29.979 | RecentReward: 27.122 | ActorLoss: -1.535018 | CriticLoss: 0.006186 | Q: 1.4791 | TargetQ: 1.4791 | TDAbs: 0.0839 | ActorGrad: 0.0168 | CriticGrad: 0.2825 | Noise: 0.3119 | Replay: 14336 | FPS: 62.68 | ETA: 36.1 min
2026-09-16 00:53:26,963 | INFO | Steps: 14848/150000 | Episodes: 29 | LastEpReward: 28.770 | RecentReward: 28.165 | ActorLoss: -1.672658 | CriticLoss: 0.006477 | Q: 1.6167 | TargetQ: 1.6165 | TDAbs: 0.0855 | ActorGrad: 0.0131 | CriticGrad: 0.3611 | Noise: 0.3104 | Replay: 14848 | FPS: 63.03 | ETA: 35.7 min
2026-09-16 00:53:33,866 | INFO | 开始周期评估: Steps=15360 | Episodes=30 | EvalEpisodes=5
2026-09-16 00:53:54,826 | INFO | 周期评估完成: Steps=15360 | MeanReward=23.790 | StdReward=3.648
2026-09-16 00:53:54,833 | INFO | Steps: 15360/150000 | Episodes: 30 | LastEpReward: 34.393 | RecentReward: 29.606 | ActorLoss: -1.750912 | CriticLoss: 0.005839 | Q: 1.6896 | TargetQ: 1.6900 | TDAbs: 0.0824 | ActorGrad: 0.0361 | CriticGrad: 0.3536 | Noise: 0.3090 | Replay: 15360 | FPS: 58.31 | ETA: 38.5 min
2026-09-16 00:54:01,689 | INFO | Steps: 15872/150000 | Episodes: 31 | LastEpReward: 28.767 | RecentReward: 29.685 | ActorLoss: -1.921837 | CriticLoss: 0.006606 | Q: 1.8589 | TargetQ: 1.8590 | TDAbs: 0.0874 | ActorGrad: 0.0316 | CriticGrad: 0.3813 | Noise: 0.3075 | Replay: 15872 | FPS: 58.72 | ETA: 38.1 min
2026-09-16 00:54:08,489 | INFO | Steps: 16384/150000 | Episodes: 32 | LastEpReward: 27.980 | RecentReward: 30.538 | ActorLoss: -2.025297 | CriticLoss: 0.007149 | Q: 1.9644 | TargetQ: 1.9652 | TDAbs: 0.0897 | ActorGrad: 0.0505 | CriticGrad: 0.3372 | Noise: 0.3060 | Replay: 16384 | FPS: 59.13 | ETA: 37.7 min
2026-09-16 00:54:15,328 | INFO | Steps: 16896/150000 | Episodes: 33 | LastEpReward: 17.107 | RecentReward: 28.641 | ActorLoss: -2.195129 | CriticLoss: 0.008060 | Q: 2.1294 | TargetQ: 2.1301 | TDAbs: 0.0959 | ActorGrad: 0.0555 | CriticGrad: 0.4197 | Noise: 0.3046 | Replay: 16896 | FPS: 59.51 | ETA: 37.3 min
2026-09-16 00:54:22,504 | INFO | Steps: 17408/150000 | Episodes: 34 | LastEpReward: 19.099 | RecentReward: 27.668 | ActorLoss: -2.334182 | CriticLoss: 0.008638 | Q: 2.2706 | TargetQ: 2.2713 | TDAbs: 0.0994 | ActorGrad: 0.0520 | CriticGrad: 0.4577 | Noise: 0.3031 | Replay: 17408 | FPS: 59.80 | ETA: 37.0 min
2026-09-16 00:54:29,410 | INFO | Steps: 17920/150000 | Episodes: 35 | LastEpReward: 26.209 | RecentReward: 27.357 | ActorLoss: -2.449103 | CriticLoss: 0.008531 | Q: 2.3919 | TargetQ: 2.3923 | TDAbs: 0.0975 | ActorGrad: 0.0372 | CriticGrad: 0.4177 | Noise: 0.3017 | Replay: 17920 | FPS: 60.13 | ETA: 36.6 min
2026-09-16 00:54:36,307 | INFO | Steps: 18432/150000 | Episodes: 36 | LastEpReward: 24.099 | RecentReward: 26.948 | ActorLoss: -2.556717 | CriticLoss: 0.009244 | Q: 2.4937 | TargetQ: 2.4946 | TDAbs: 0.1024 | ActorGrad: 0.0544 | CriticGrad: 0.4697 | Noise: 0.3002 | Replay: 18432 | FPS: 60.45 | ETA: 36.3 min
2026-09-16 00:54:43,146 | INFO | Steps: 18944/150000 | Episodes: 37 | LastEpReward: 22.949 | RecentReward: 25.935 | ActorLoss: -2.664150 | CriticLoss: 0.009966 | Q: 2.6021 | TargetQ: 2.6024 | TDAbs: 0.1049 | ActorGrad: 0.0556 | CriticGrad: 0.4481 | Noise: 0.2987 | Replay: 18944 | FPS: 60.77 | ETA: 35.9 min
2026-09-16 00:54:50,061 | INFO | Steps: 19456/150000 | Episodes: 38 | LastEpReward: 18.826 | RecentReward: 24.820 | ActorLoss: -2.775733 | CriticLoss: 0.010117 | Q: 2.7180 | TargetQ: 2.7187 | TDAbs: 0.1080 | ActorGrad: 0.0570 | CriticGrad: 0.5036 | Noise: 0.2973 | Replay: 19456 | FPS: 61.06 | ETA: 35.6 min
2026-09-16 00:54:56,902 | INFO | Steps: 19968/150000 | Episodes: 39 | LastEpReward: 17.686 | RecentReward: 23.712 | ActorLoss: -2.886632 | CriticLoss: 0.010805 | Q: 2.8225 | TargetQ: 2.8231 | TDAbs: 0.1112 | ActorGrad: 0.0597 | CriticGrad: 0.5110 | Noise: 0.2958 | Replay: 19968 | FPS: 61.35 | ETA: 35.3 min
2026-09-16 00:55:03,780 | INFO | 开始周期评估: Steps=20480 | Episodes=40 | EvalEpisodes=5
2026-09-16 00:55:24,760 | INFO | 周期评估完成: Steps=20480 | MeanReward=21.904 | StdReward=1.694
2026-09-16 00:55:24,768 | INFO | Steps: 20480/150000 | Episodes: 40 | LastEpReward: 28.274 | RecentReward: 23.100 | ActorLoss: -2.992824 | CriticLoss: 0.010703 | Q: 2.9313 | TargetQ: 2.9320 | TDAbs: 0.1105 | ActorGrad: 0.0618 | CriticGrad: 0.4524 | Noise: 0.2943 | Replay: 20480 | FPS: 57.96 | ETA: 37.2 min
2026-09-16 00:55:31,809 | INFO | Steps: 20992/150000 | Episodes: 41 | LastEpReward: 17.512 | RecentReward: 21.974 | ActorLoss: -3.060534 | CriticLoss: 0.014707 | Q: 3.0014 | TargetQ: 3.0019 | TDAbs: 0.1265 | ActorGrad: 0.0688 | CriticGrad: 0.6685 | Noise: 0.2929 | Replay: 20992 | FPS: 58.25 | ETA: 36.9 min
2026-09-16 00:55:38,724 | INFO | Steps: 21504/150000 | Episodes: 42 | LastEpReward: 21.815 | RecentReward: 21.358 | ActorLoss: -3.179148 | CriticLoss: 0.013053 | Q: 3.1185 | TargetQ: 3.1196 | TDAbs: 0.1221 | ActorGrad: 0.0622 | CriticGrad: 0.6016 | Noise: 0.2914 | Replay: 21504 | FPS: 58.54 | ETA: 36.6 min
2026-09-16 00:55:45,578 | INFO | Steps: 22016/150000 | Episodes: 43 | LastEpReward: 16.315 | RecentReward: 21.279 | ActorLoss: -3.294381 | CriticLoss: 0.012885 | Q: 3.2380 | TargetQ: 3.2384 | TDAbs: 0.1197 | ActorGrad: 0.0631 | CriticGrad: 0.5225 | Noise: 0.2900 | Replay: 22016 | FPS: 58.84 | ETA: 36.3 min
2026-09-16 00:55:52,422 | INFO | Steps: 22528/150000 | Episodes: 44 | LastEpReward: 25.353 | RecentReward: 21.904 | ActorLoss: -3.390912 | CriticLoss: 0.013325 | Q: 3.3277 | TargetQ: 3.3293 | TDAbs: 0.1244 | ActorGrad: 0.0697 | CriticGrad: 0.5888 | Noise: 0.2885 | Replay: 22528 | FPS: 59.13 | ETA: 35.9 min
2026-09-16 00:55:59,413 | INFO | Steps: 23040/150000 | Episodes: 45 | LastEpReward: 27.564 | RecentReward: 22.039 | ActorLoss: -3.498557 | CriticLoss: 0.016560 | Q: 3.4386 | TargetQ: 3.4402 | TDAbs: 0.1359 | ActorGrad: 0.0742 | CriticGrad: 0.6473 | Noise: 0.2870 | Replay: 23040 | FPS: 59.38 | ETA: 35.6 min
2026-09-16 00:56:06,428 | INFO | Steps: 23552/150000 | Episodes: 46 | LastEpReward: 28.787 | RecentReward: 22.508 | ActorLoss: -3.555716 | CriticLoss: 0.017676 | Q: 3.5002 | TargetQ: 3.5003 | TDAbs: 0.1381 | ActorGrad: 0.0648 | CriticGrad: 0.7191 | Noise: 0.2856 | Replay: 23552 | FPS: 59.62 | ETA: 35.3 min
2026-09-16 00:56:13,330 | INFO | Steps: 24064/150000 | Episodes: 47 | LastEpReward: 10.199 | RecentReward: 21.233 | ActorLoss: -3.641957 | CriticLoss: 0.015765 | Q: 3.5841 | TargetQ: 3.5846 | TDAbs: 0.1332 | ActorGrad: 0.0629 | CriticGrad: 0.6166 | Noise: 0.2841 | Replay: 24064 | FPS: 59.87 | ETA: 35.1 min
2026-09-16 00:56:20,262 | INFO | Steps: 24576/150000 | Episodes: 48 | LastEpReward: 20.394 | RecentReward: 21.390 | ActorLoss: -3.734418 | CriticLoss: 0.017144 | Q: 3.6807 | TargetQ: 3.6811 | TDAbs: 0.1371 | ActorGrad: 0.0642 | CriticGrad: 0.6157 | Noise: 0.2826 | Replay: 24576 | FPS: 60.11 | ETA: 34.8 min
2026-09-16 00:56:27,192 | INFO | Steps: 25088/150000 | Episodes: 49 | LastEpReward: 25.749 | RecentReward: 22.196 | ActorLoss: -3.829000 | CriticLoss: 0.016956 | Q: 3.7781 | TargetQ: 3.7776 | TDAbs: 0.1373 | ActorGrad: 0.0656 | CriticGrad: 0.6835 | Noise: 0.2812 | Replay: 25088 | FPS: 60.34 | ETA: 34.5 min
2026-09-16 00:56:34,089 | INFO | 开始周期评估: Steps=25600 | Episodes=50 | EvalEpisodes=5
2026-09-16 00:56:55,060 | INFO | 周期评估完成: Steps=25600 | MeanReward=22.872 | StdReward=2.164
2026-09-16 00:56:55,068 | INFO | Steps: 25600/150000 | Episodes: 50 | LastEpReward: 28.559 | RecentReward: 22.225 | ActorLoss: -3.814600 | CriticLoss: 0.016185 | Q: 3.7590 | TargetQ: 3.7581 | TDAbs: 0.1351 | ActorGrad: 0.0670 | CriticGrad: 0.6191 | Noise: 0.2797 | Replay: 25600 | FPS: 57.70 | ETA: 35.9 min
2026-09-16 00:57:01,923 | INFO | Steps: 26112/150000 | Episodes: 51 | LastEpReward: 25.640 | RecentReward: 23.037 | ActorLoss: -4.013577 | CriticLoss: 0.018277 | Q: 3.9603 | TargetQ: 3.9615 | TDAbs: 0.1432 | ActorGrad: 0.0622 | CriticGrad: 0.6586 | Noise: 0.2783 | Replay: 26112 | FPS: 57.96 | ETA: 35.6 min
2026-09-16 00:57:09,033 | INFO | Steps: 26624/150000 | Episodes: 52 | LastEpReward: 27.295 | RecentReward: 23.585 | ActorLoss: -4.086944 | CriticLoss: 0.022653 | Q: 4.0280 | TargetQ: 4.0287 | TDAbs: 0.1554 | ActorGrad: 0.0663 | CriticGrad: 0.8934 | Noise: 0.2768 | Replay: 26624 | FPS: 58.18 | ETA: 35.3 min
2026-09-16 00:57:16,145 | INFO | Steps: 27136/150000 | Episodes: 53 | LastEpReward: 27.742 | RecentReward: 24.728 | ActorLoss: -4.082908 | CriticLoss: 0.020466 | Q: 4.0307 | TargetQ: 4.0310 | TDAbs: 0.1500 | ActorGrad: 0.0627 | CriticGrad: 0.7598 | Noise: 0.2753 | Replay: 27136 | FPS: 58.39 | ETA: 35.1 min
2026-09-16 00:57:23,026 | INFO | Steps: 27648/150000 | Episodes: 54 | LastEpReward: 14.467 | RecentReward: 23.640 | ActorLoss: -4.164535 | CriticLoss: 0.018389 | Q: 4.1131 | TargetQ: 4.1128 | TDAbs: 0.1422 | ActorGrad: 0.0596 | CriticGrad: 0.6535 | Noise: 0.2739 | Replay: 27648 | FPS: 58.62 | ETA: 34.8 min
2026-09-16 00:57:29,798 | INFO | Steps: 28160/150000 | Episodes: 55 | LastEpReward: 26.385 | RecentReward: 23.522 | ActorLoss: -4.207678 | CriticLoss: 0.021006 | Q: 4.1643 | TargetQ: 4.1625 | TDAbs: 0.1529 | ActorGrad: 0.0614 | CriticGrad: 0.8090 | Noise: 0.2724 | Replay: 28160 | FPS: 58.86 | ETA: 34.5 min
2026-09-16 00:57:36,772 | INFO | Steps: 28672/150000 | Episodes: 56 | LastEpReward: 27.123 | RecentReward: 23.355 | ActorLoss: -4.294018 | CriticLoss: 0.020125 | Q: 4.2483 | TargetQ: 4.2500 | TDAbs: 0.1495 | ActorGrad: 0.0565 | CriticGrad: 0.8091 | Noise: 0.2709 | Replay: 28672 | FPS: 59.07 | ETA: 34.2 min
2026-09-16 00:57:43,715 | INFO | Steps: 29184/150000 | Episodes: 57 | LastEpReward: 17.555 | RecentReward: 24.091 | ActorLoss: -4.350077 | CriticLoss: 0.020442 | Q: 4.3053 | TargetQ: 4.3047 | TDAbs: 0.1511 | ActorGrad: 0.0545 | CriticGrad: 0.7874 | Noise: 0.2695 | Replay: 29184 | FPS: 59.28 | ETA: 34.0 min
2026-09-16 00:57:50,539 | INFO | Steps: 29696/150000 | Episodes: 58 | LastEpReward: 20.329 | RecentReward: 24.084 | ActorLoss: -4.384001 | CriticLoss: 0.023026 | Q: 4.3376 | TargetQ: 4.3373 | TDAbs: 0.1593 | ActorGrad: 0.0536 | CriticGrad: 0.8805 | Noise: 0.2680 | Replay: 29696 | FPS: 59.50 | ETA: 33.7 min
2026-09-16 00:57:57,472 | INFO | Steps: 30208/150000 | Episodes: 59 | LastEpReward: 18.636 | RecentReward: 23.373 | ActorLoss: -4.401552 | CriticLoss: 0.021223 | Q: 4.3549 | TargetQ: 4.3535 | TDAbs: 0.1510 | ActorGrad: 0.0480 | CriticGrad: 0.8016 | Noise: 0.2665 | Replay: 30208 | FPS: 59.69 | ETA: 33.4 min
2026-09-16 00:58:04,596 | INFO | 开始周期评估: Steps=30720 | Episodes=60 | EvalEpisodes=5
2026-09-16 00:58:25,567 | INFO | 周期评估完成: Steps=30720 | MeanReward=28.894 | StdReward=2.557
2026-09-16 00:58:25,578 | INFO | Steps: 30720/150000 | Episodes: 60 | LastEpReward: 35.327 | RecentReward: 24.050 | ActorLoss: -4.462511 | CriticLoss: 0.023341 | Q: 4.4186 | TargetQ: 4.4193 | TDAbs: 0.1599 | ActorGrad: 0.0484 | CriticGrad: 0.9888 | Noise: 0.2651 | Replay: 30720 | FPS: 57.51 | ETA: 34.6 min
2026-09-16 00:58:32,786 | INFO | Steps: 31232/150000 | Episodes: 61 | LastEpReward: 31.725 | RecentReward: 24.658 | ActorLoss: -4.547913 | CriticLoss: 0.023371 | Q: 4.5042 | TargetQ: 4.5058 | TDAbs: 0.1596 | ActorGrad: 0.0490 | CriticGrad: 0.7973 | Noise: 0.2636 | Replay: 31232 | FPS: 57.69 | ETA: 34.3 min
2026-09-16 00:58:39,597 | INFO | Steps: 31744/150000 | Episodes: 62 | LastEpReward: 30.732 | RecentReward: 25.002 | ActorLoss: -4.586929 | CriticLoss: 0.022875 | Q: 4.5430 | TargetQ: 4.5432 | TDAbs: 0.1579 | ActorGrad: 0.0335 | CriticGrad: 0.7297 | Noise: 0.2622 | Replay: 31744 | FPS: 57.91 | ETA: 34.0 min
2026-09-16 00:58:46,842 | INFO | Steps: 32256/150000 | Episodes: 63 | LastEpReward: 32.474 | RecentReward: 25.475 | ActorLoss: -4.633914 | CriticLoss: 0.023789 | Q: 4.5818 | TargetQ: 4.5797 | TDAbs: 0.1601 | ActorGrad: 0.0337 | CriticGrad: 0.8984 | Noise: 0.2607 | Replay: 32256 | FPS: 58.07 | ETA: 33.8 min
2026-09-16 00:58:53,963 | INFO | Steps: 32768/150000 | Episodes: 64 | LastEpReward: 29.174 | RecentReward: 26.946 | ActorLoss: -4.729753 | CriticLoss: 0.024443 | Q: 4.6858 | TargetQ: 4.6853 | TDAbs: 0.1612 | ActorGrad: 0.0323 | CriticGrad: 0.8484 | Noise: 0.2592 | Replay: 32768 | FPS: 58.25 | ETA: 33.5 min
2026-09-16 00:59:00,816 | INFO | Steps: 33280/150000 | Episodes: 65 | LastEpReward: 31.471 | RecentReward: 27.455 | ActorLoss: -4.748305 | CriticLoss: 0.023582 | Q: 4.7017 | TargetQ: 4.6999 | TDAbs: 0.1605 | ActorGrad: 0.0338 | CriticGrad: 0.9058 | Noise: 0.2578 | Replay: 33280 | FPS: 58.45 | ETA: 33.3 min
2026-09-16 00:59:07,775 | INFO | Steps: 33792/150000 | Episodes: 66 | LastEpReward: 29.200 | RecentReward: 27.662 | ActorLoss: -4.733639 | CriticLoss: 0.023556 | Q: 4.6886 | TargetQ: 4.6869 | TDAbs: 0.1594 | ActorGrad: 0.0283 | CriticGrad: 0.8147 | Noise: 0.2563 | Replay: 33792 | FPS: 58.63 | ETA: 33.0 min
2026-09-16 00:59:14,782 | INFO | Steps: 34304/150000 | Episodes: 67 | LastEpReward: 35.149 | RecentReward: 29.422 | ActorLoss: -4.803454 | CriticLoss: 0.022834 | Q: 4.7596 | TargetQ: 4.7597 | TDAbs: 0.1574 | ActorGrad: 0.0427 | CriticGrad: 0.8382 | Noise: 0.2548 | Replay: 34304 | FPS: 58.80 | ETA: 32.8 min
2026-09-16 00:59:21,743 | INFO | Steps: 34816/150000 | Episodes: 68 | LastEpReward: 25.993 | RecentReward: 29.988 | ActorLoss: -4.822156 | CriticLoss: 0.023861 | Q: 4.7781 | TargetQ: 4.7765 | TDAbs: 0.1621 | ActorGrad: 0.0465 | CriticGrad: 0.9217 | Noise: 0.2534 | Replay: 34816 | FPS: 58.98 | ETA: 32.6 min
2026-09-16 00:59:28,680 | INFO | Steps: 35328/150000 | Episodes: 69 | LastEpReward: 21.642 | RecentReward: 30.289 | ActorLoss: -4.910900 | CriticLoss: 0.023828 | Q: 4.8720 | TargetQ: 4.8735 | TDAbs: 0.1606 | ActorGrad: 0.0606 | CriticGrad: 0.9581 | Noise: 0.2519 | Replay: 35328 | FPS: 59.15 | ETA: 32.3 min
2026-09-16 00:59:35,632 | INFO | 开始周期评估: Steps=35840 | Episodes=70 | EvalEpisodes=5
2026-09-16 00:59:56,466 | INFO | 周期评估完成: Steps=35840 | MeanReward=29.448 | StdReward=5.120
2026-09-16 00:59:56,479 | INFO | Steps: 35840/150000 | Episodes: 70 | LastEpReward: 30.845 | RecentReward: 29.840 | ActorLoss: -4.909103 | CriticLoss: 0.024033 | Q: 4.8686 | TargetQ: 4.8671 | TDAbs: 0.1598 | ActorGrad: 0.0568 | CriticGrad: 0.8150 | Noise: 0.2505 | Replay: 35840 | FPS: 57.34 | ETA: 33.2 min
2026-09-16 01:00:03,431 | INFO | Steps: 36352/150000 | Episodes: 71 | LastEpReward: 20.219 | RecentReward: 28.690 | ActorLoss: -4.971964 | CriticLoss: 0.025338 | Q: 4.9318 | TargetQ: 4.9317 | TDAbs: 0.1655 | ActorGrad: 0.0517 | CriticGrad: 0.9625 | Noise: 0.2490 | Replay: 36352 | FPS: 57.52 | ETA: 32.9 min
2026-09-16 01:00:10,428 | INFO | Steps: 36864/150000 | Episodes: 72 | LastEpReward: 30.528 | RecentReward: 28.670 | ActorLoss: -5.006405 | CriticLoss: 0.022783 | Q: 4.9670 | TargetQ: 4.9660 | TDAbs: 0.1588 | ActorGrad: 0.0443 | CriticGrad: 0.9975 | Noise: 0.2475 | Replay: 36864 | FPS: 57.69 | ETA: 32.7 min
2026-09-16 01:00:17,535 | INFO | Steps: 37376/150000 | Episodes: 73 | LastEpReward: 28.714 | RecentReward: 28.294 | ActorLoss: -5.058809 | CriticLoss: 0.026295 | Q: 5.0199 | TargetQ: 5.0186 | TDAbs: 0.1665 | ActorGrad: 0.0489 | CriticGrad: 1.0243 | Noise: 0.2461 | Replay: 37376 | FPS: 57.85 | ETA: 32.4 min
2026-09-16 01:00:24,645 | INFO | Steps: 37888/150000 | Episodes: 74 | LastEpReward: 34.405 | RecentReward: 28.817 | ActorLoss: -5.078618 | CriticLoss: 0.026881 | Q: 5.0376 | TargetQ: 5.0376 | TDAbs: 0.1666 | ActorGrad: 0.0510 | CriticGrad: 0.8886 | Noise: 0.2446 | Replay: 37888 | FPS: 58.00 | ETA: 32.2 min
2026-09-16 01:00:31,518 | INFO | Steps: 38400/150000 | Episodes: 75 | LastEpReward: 30.913 | RecentReward: 28.761 | ActorLoss: -5.134912 | CriticLoss: 0.025933 | Q: 5.0932 | TargetQ: 5.0925 | TDAbs: 0.1645 | ActorGrad: 0.0485 | CriticGrad: 0.8608 | Noise: 0.2431 | Replay: 38400 | FPS: 58.17 | ETA: 32.0 min
2026-09-16 01:00:38,469 | INFO | Steps: 38912/150000 | Episodes: 76 | LastEpReward: 25.294 | RecentReward: 28.370 | ActorLoss: -5.190306 | CriticLoss: 0.026374 | Q: 5.1472 | TargetQ: 5.1469 | TDAbs: 0.1656 | ActorGrad: 0.0547 | CriticGrad: 0.8802 | Noise: 0.2417 | Replay: 38912 | FPS: 58.33 | ETA: 31.7 min
2026-09-16 01:00:45,456 | INFO | Steps: 39424/150000 | Episodes: 77 | LastEpReward: 27.252 | RecentReward: 27.581 | ActorLoss: -5.201354 | CriticLoss: 0.026586 | Q: 5.1599 | TargetQ: 5.1563 | TDAbs: 0.1649 | ActorGrad: 0.0505 | CriticGrad: 0.9372 | Noise: 0.2402 | Replay: 39424 | FPS: 58.49 | ETA: 31.5 min
2026-09-16 01:00:52,481 | INFO | Steps: 39936/150000 | Episodes: 78 | LastEpReward: 25.996 | RecentReward: 27.581 | ActorLoss: -5.218960 | CriticLoss: 0.026393 | Q: 5.1768 | TargetQ: 5.1754 | TDAbs: 0.1650 | ActorGrad: 0.0626 | CriticGrad: 1.0358 | Noise: 0.2388 | Replay: 39936 | FPS: 58.64 | ETA: 31.3 min
2026-09-16 01:00:59,519 | INFO | Steps: 40448/150000 | Episodes: 79 | LastEpReward: 38.058 | RecentReward: 29.222 | ActorLoss: -5.267344 | CriticLoss: 0.026628 | Q: 5.2244 | TargetQ: 5.2232 | TDAbs: 0.1670 | ActorGrad: 0.0521 | CriticGrad: 0.9036 | Noise: 0.2373 | Replay: 40448 | FPS: 58.78 | ETA: 31.1 min
2026-09-16 01:01:06,355 | INFO | 开始周期评估: Steps=40960 | Episodes=80 | EvalEpisodes=5
2026-09-16 01:01:27,204 | INFO | 周期评估完成: Steps=40960 | MeanReward=29.694 | StdReward=4.803
2026-09-16 01:01:27,215 | INFO | Steps: 40960/150000 | Episodes: 80 | LastEpReward: 20.885 | RecentReward: 28.226 | ActorLoss: -5.332002 | CriticLoss: 0.028834 | Q: 5.2888 | TargetQ: 5.2892 | TDAbs: 0.1694 | ActorGrad: 0.0548 | CriticGrad: 0.9855 | Noise: 0.2358 | Replay: 40960 | FPS: 57.22 | ETA: 31.8 min
2026-09-16 01:01:34,307 | INFO | Steps: 41472/150000 | Episodes: 81 | LastEpReward: 27.642 | RecentReward: 28.969 | ActorLoss: -5.300526 | CriticLoss: 0.025632 | Q: 5.2597 | TargetQ: 5.2585 | TDAbs: 0.1646 | ActorGrad: 0.0498 | CriticGrad: 0.8642 | Noise: 0.2344 | Replay: 41472 | FPS: 57.37 | ETA: 31.5 min
2026-09-16 01:01:41,215 | INFO | Steps: 41984/150000 | Episodes: 82 | LastEpReward: 23.788 | RecentReward: 28.294 | ActorLoss: -5.423465 | CriticLoss: 0.029437 | Q: 5.3780 | TargetQ: 5.3787 | TDAbs: 0.1708 | ActorGrad: 0.0542 | CriticGrad: 1.0549 | Noise: 0.2329 | Replay: 41984 | FPS: 57.53 | ETA: 31.3 min
2026-09-16 01:01:48,276 | INFO | Steps: 42496/150000 | Episodes: 83 | LastEpReward: 30.020 | RecentReward: 28.425 | ActorLoss: -5.343423 | CriticLoss: 0.032662 | Q: 5.3042 | TargetQ: 5.3065 | TDAbs: 0.1774 | ActorGrad: 0.0522 | CriticGrad: 1.0332 | Noise: 0.2314 | Replay: 42496 | FPS: 57.67 | ETA: 31.1 min
2026-09-16 01:01:55,189 | INFO | Steps: 43008/150000 | Episodes: 84 | LastEpReward: 27.458 | RecentReward: 27.730 | ActorLoss: -5.400507 | CriticLoss: 0.030151 | Q: 5.3590 | TargetQ: 5.3580 | TDAbs: 0.1718 | ActorGrad: 0.0589 | CriticGrad: 0.9880 | Noise: 0.2300 | Replay: 43008 | FPS: 57.82 | ETA: 30.8 min
2026-09-16 01:02:02,385 | INFO | Steps: 43520/150000 | Episodes: 85 | LastEpReward: 38.906 | RecentReward: 28.530 | ActorLoss: -5.499408 | CriticLoss: 0.031422 | Q: 5.4589 | TargetQ: 5.4614 | TDAbs: 0.1769 | ActorGrad: 0.0586 | CriticGrad: 1.0581 | Noise: 0.2285 | Replay: 43520 | FPS: 57.95 | ETA: 30.6 min
2026-09-16 01:02:09,473 | INFO | Steps: 44032/150000 | Episodes: 86 | LastEpReward: 39.747 | RecentReward: 29.975 | ActorLoss: -5.487799 | CriticLoss: 0.030814 | Q: 5.4441 | TargetQ: 5.4446 | TDAbs: 0.1719 | ActorGrad: 0.0509 | CriticGrad: 1.0682 | Noise: 0.2271 | Replay: 44032 | FPS: 58.08 | ETA: 30.4 min
2026-09-16 01:02:16,439 | INFO | Steps: 44544/150000 | Episodes: 87 | LastEpReward: 30.738 | RecentReward: 30.324 | ActorLoss: -5.431963 | CriticLoss: 0.028348 | Q: 5.3943 | TargetQ: 5.3920 | TDAbs: 0.1709 | ActorGrad: 0.0602 | CriticGrad: 0.9990 | Noise: 0.2256 | Replay: 44544 | FPS: 58.22 | ETA: 30.2 min
2026-09-16 01:02:23,487 | INFO | Steps: 45056/150000 | Episodes: 88 | LastEpReward: 31.323 | RecentReward: 30.856 | ActorLoss: -5.452195 | CriticLoss: 0.033039 | Q: 5.4100 | TargetQ: 5.4129 | TDAbs: 0.1786 | ActorGrad: 0.0616 | CriticGrad: 1.1274 | Noise: 0.2241 | Replay: 45056 | FPS: 58.36 | ETA: 30.0 min
2026-09-16 01:02:30,412 | INFO | Steps: 45568/150000 | Episodes: 89 | LastEpReward: 20.031 | RecentReward: 29.054 | ActorLoss: -5.502923 | CriticLoss: 0.030112 | Q: 5.4658 | TargetQ: 5.4630 | TDAbs: 0.1750 | ActorGrad: 0.0597 | CriticGrad: 1.0783 | Noise: 0.2227 | Replay: 45568 | FPS: 58.50 | ETA: 29.8 min
2026-09-16 01:02:37,483 | INFO | 开始周期评估: Steps=46080 | Episodes=90 | EvalEpisodes=5
2026-09-16 01:02:58,339 | INFO | 周期评估完成: Steps=46080 | MeanReward=28.857 | StdReward=4.589
2026-09-16 01:02:58,346 | INFO | Steps: 46080/150000 | Episodes: 90 | LastEpReward: 28.642 | RecentReward: 29.829 | ActorLoss: -5.641797 | CriticLoss: 0.034076 | Q: 5.6025 | TargetQ: 5.6036 | TDAbs: 0.1810 | ActorGrad: 0.0686 | CriticGrad: 1.1737 | Noise: 0.2212 | Replay: 46080 | FPS: 57.10 | ETA: 30.3 min
2026-09-16 01:03:05,171 | INFO | Steps: 46592/150000 | Episodes: 91 | LastEpReward: 16.083 | RecentReward: 28.673 | ActorLoss: -5.572360 | CriticLoss: 0.028959 | Q: 5.5309 | TargetQ: 5.5328 | TDAbs: 0.1715 | ActorGrad: 0.0685 | CriticGrad: 1.1099 | Noise: 0.2197 | Replay: 46592 | FPS: 57.25 | ETA: 30.1 min
2026-09-16 01:03:12,073 | INFO | Steps: 47104/150000 | Episodes: 92 | LastEpReward: 18.371 | RecentReward: 28.132 | ActorLoss: -5.565372 | CriticLoss: 0.036846 | Q: 5.5216 | TargetQ: 5.5201 | TDAbs: 0.1850 | ActorGrad: 0.0724 | CriticGrad: 1.1167 | Noise: 0.2183 | Replay: 47104 | FPS: 57.40 | ETA: 29.9 min
2026-09-16 01:03:19,085 | INFO | Steps: 47616/150000 | Episodes: 93 | LastEpReward: 30.203 | RecentReward: 28.150 | ActorLoss: -5.522069 | CriticLoss: 0.039497 | Q: 5.4848 | TargetQ: 5.4829 | TDAbs: 0.1909 | ActorGrad: 0.0689 | CriticGrad: 1.0909 | Noise: 0.2168 | Replay: 47616 | FPS: 57.53 | ETA: 29.7 min
2026-09-16 01:03:25,979 | INFO | Steps: 48128/150000 | Episodes: 94 | LastEpReward: 12.684 | RecentReward: 26.673 | ActorLoss: -5.608602 | CriticLoss: 0.032295 | Q: 5.5700 | TargetQ: 5.5720 | TDAbs: 0.1790 | ActorGrad: 0.0742 | CriticGrad: 1.1268 | Noise: 0.2153 | Replay: 48128 | FPS: 57.67 | ETA: 29.4 min
2026-09-16 01:03:32,874 | INFO | Steps: 48640/150000 | Episodes: 95 | LastEpReward: 24.609 | RecentReward: 25.243 | ActorLoss: -5.647322 | CriticLoss: 0.034680 | Q: 5.6148 | TargetQ: 5.6163 | TDAbs: 0.1835 | ActorGrad: 0.0771 | CriticGrad: 1.2451 | Noise: 0.2139 | Replay: 48640 | FPS: 57.80 | ETA: 29.2 min
2026-09-16 01:03:39,861 | INFO | Steps: 49152/150000 | Episodes: 96 | LastEpReward: 38.649 | RecentReward: 25.133 | ActorLoss: -5.713054 | CriticLoss: 0.036766 | Q: 5.6757 | TargetQ: 5.6737 | TDAbs: 0.1849 | ActorGrad: 0.0803 | CriticGrad: 1.1831 | Noise: 0.2124 | Replay: 49152 | FPS: 57.93 | ETA: 29.0 min
2026-09-16 01:03:47,069 | INFO | Steps: 49664/150000 | Episodes: 97 | LastEpReward: 28.089 | RecentReward: 24.868 | ActorLoss: -5.745443 | CriticLoss: 0.037313 | Q: 5.7099 | TargetQ: 5.7046 | TDAbs: 0.1873 | ActorGrad: 0.0771 | CriticGrad: 1.3510 | Noise: 0.2110 | Replay: 49664 | FPS: 58.04 | ETA: 28.8 min
2026-09-16 01:03:54,143 | INFO | Steps: 50176/150000 | Episodes: 98 | LastEpReward: 29.697 | RecentReward: 24.706 | ActorLoss: -5.735522 | CriticLoss: 0.036402 | Q: 5.6957 | TargetQ: 5.6932 | TDAbs: 0.1850 | ActorGrad: 0.0796 | CriticGrad: 1.3331 | Noise: 0.2095 | Replay: 50000 | FPS: 58.16 | ETA: 28.6 min
2026-09-16 01:04:01,200 | INFO | Steps: 50688/150000 | Episodes: 99 | LastEpReward: 34.657 | RecentReward: 26.168 | ActorLoss: -5.686251 | CriticLoss: 0.040547 | Q: 5.6565 | TargetQ: 5.6534 | TDAbs: 0.1901 | ActorGrad: 0.0895 | CriticGrad: 1.3460 | Noise: 0.2080 | Replay: 50000 | FPS: 58.28 | ETA: 28.4 min
2026-09-16 01:04:08,150 | INFO | 开始周期评估: Steps=51200 | Episodes=100 | EvalEpisodes=5
2026-09-16 01:04:29,020 | INFO | 周期评估完成: Steps=51200 | MeanReward=28.561 | StdReward=5.193
2026-09-16 01:04:29,026 | INFO | Steps: 51200/150000 | Episodes: 100 | LastEpReward: 24.741 | RecentReward: 25.778 | ActorLoss: -5.684137 | CriticLoss: 0.033071 | Q: 5.6505 | TargetQ: 5.6489 | TDAbs: 0.1794 | ActorGrad: 0.1003 | CriticGrad: 1.1677 | Noise: 0.2066 | Replay: 50000 | FPS: 57.04 | ETA: 28.9 min
2026-09-16 01:04:36,117 | INFO | Steps: 51712/150000 | Episodes: 101 | LastEpReward: 40.586 | RecentReward: 28.229 | ActorLoss: -5.751391 | CriticLoss: 0.041083 | Q: 5.7149 | TargetQ: 5.7085 | TDAbs: 0.1914 | ActorGrad: 0.1062 | CriticGrad: 1.3215 | Noise: 0.2051 | Replay: 50000 | FPS: 57.16 | ETA: 28.7 min
2026-09-16 01:04:43,153 | INFO | Steps: 52224/150000 | Episodes: 102 | LastEpReward: 23.356 | RecentReward: 28.727 | ActorLoss: -5.922862 | CriticLoss: 0.036822 | Q: 5.8904 | TargetQ: 5.8850 | TDAbs: 0.1859 | ActorGrad: 0.0920 | CriticGrad: 1.2470 | Noise: 0.2036 | Replay: 50000 | FPS: 57.28 | ETA: 28.5 min
2026-09-16 01:04:50,126 | INFO | Steps: 52736/150000 | Episodes: 103 | LastEpReward: 22.261 | RecentReward: 27.933 | ActorLoss: -5.806532 | CriticLoss: 0.040691 | Q: 5.7780 | TargetQ: 5.7751 | TDAbs: 0.1930 | ActorGrad: 0.0907 | CriticGrad: 1.3392 | Noise: 0.2022 | Replay: 50000 | FPS: 57.40 | ETA: 28.2 min
2026-09-16 01:04:57,007 | INFO | Steps: 53248/150000 | Episodes: 104 | LastEpReward: 20.857 | RecentReward: 28.750 | ActorLoss: -6.048673 | CriticLoss: 0.045556 | Q: 6.0207 | TargetQ: 6.0184 | TDAbs: 0.1949 | ActorGrad: 0.0917 | CriticGrad: 1.3810 | Noise: 0.2007 | Replay: 50000 | FPS: 57.53 | ETA: 28.0 min
2026-09-16 01:05:04,061 | INFO | Steps: 53760/150000 | Episodes: 105 | LastEpReward: 20.529 | RecentReward: 28.342 | ActorLoss: -6.068681 | CriticLoss: 0.038546 | Q: 6.0372 | TargetQ: 6.0352 | TDAbs: 0.1849 | ActorGrad: 0.0973 | CriticGrad: 1.4913 | Noise: 0.1993 | Replay: 50000 | FPS: 57.64 | ETA: 27.8 min
2026-09-16 01:05:11,082 | INFO | Steps: 54272/150000 | Episodes: 106 | LastEpReward: 21.062 | RecentReward: 26.584 | ActorLoss: -5.996224 | CriticLoss: 0.039885 | Q: 5.9714 | TargetQ: 5.9715 | TDAbs: 0.1904 | ActorGrad: 0.0961 | CriticGrad: 1.4840 | Noise: 0.1978 | Replay: 50000 | FPS: 57.76 | ETA: 27.6 min
2026-09-16 01:05:18,287 | INFO | Steps: 54784/150000 | Episodes: 107 | LastEpReward: 27.621 | RecentReward: 26.537 | ActorLoss: -6.149437 | CriticLoss: 0.043131 | Q: 6.1232 | TargetQ: 6.1242 | TDAbs: 0.1942 | ActorGrad: 0.0849 | CriticGrad: 1.5568 | Noise: 0.1963 | Replay: 50000 | FPS: 57.86 | ETA: 27.4 min
2026-09-16 01:05:25,436 | INFO | Steps: 55296/150000 | Episodes: 108 | LastEpReward: 30.737 | RecentReward: 26.641 | ActorLoss: -5.679278 | CriticLoss: 0.026164 | Q: 5.6604 | TargetQ: 5.6612 | TDAbs: 0.1699 | ActorGrad: 0.0534 | CriticGrad: 0.8100 | Noise: 0.1949 | Replay: 50000 | FPS: 57.96 | ETA: 27.2 min
2026-09-16 01:05:32,429 | INFO | Steps: 55808/150000 | Episodes: 109 | LastEpReward: 16.411 | RecentReward: 24.816 | ActorLoss: -5.700977 | CriticLoss: 0.025389 | Q: 5.6845 | TargetQ: 5.6802 | TDAbs: 0.1684 | ActorGrad: 0.0489 | CriticGrad: 1.0069 | Noise: 0.1934 | Replay: 50000 | FPS: 58.07 | ETA: 27.0 min
2026-09-16 01:05:39,446 | INFO | 开始周期评估: Steps=56320 | Episodes=110 | EvalEpisodes=5
2026-09-16 01:06:00,432 | INFO | 周期评估完成: Steps=56320 | MeanReward=28.835 | StdReward=5.096
2026-09-16 01:06:00,438 | INFO | Steps: 56320/150000 | Episodes: 110 | LastEpReward: 24.968 | RecentReward: 24.839 | ActorLoss: -5.722982 | CriticLoss: 0.022006 | Q: 5.7072 | TargetQ: 5.7068 | TDAbs: 0.1581 | ActorGrad: 0.0494 | CriticGrad: 0.8080 | Noise: 0.1919 | Replay: 50000 | FPS: 56.94 | ETA: 27.4 min
2026-09-16 01:06:07,425 | INFO | Steps: 56832/150000 | Episodes: 111 | LastEpReward: 29.157 | RecentReward: 23.696 | ActorLoss: -5.701865 | CriticLoss: 0.024927 | Q: 5.6858 | TargetQ: 5.6817 | TDAbs: 0.1607 | ActorGrad: 0.0548 | CriticGrad: 0.7599 | Noise: 0.1905 | Replay: 50000 | FPS: 57.06 | ETA: 27.2 min
2026-09-16 01:06:14,434 | INFO | Steps: 57344/150000 | Episodes: 112 | LastEpReward: 30.479 | RecentReward: 24.408 | ActorLoss: -5.669148 | CriticLoss: 0.023821 | Q: 5.6511 | TargetQ: 5.6503 | TDAbs: 0.1598 | ActorGrad: 0.0603 | CriticGrad: 0.7765 | Noise: 0.1890 | Replay: 50000 | FPS: 57.17 | ETA: 27.0 min
2026-09-16 01:06:21,482 | INFO | Steps: 57856/150000 | Episodes: 113 | LastEpReward: 29.358 | RecentReward: 25.118 | ActorLoss: -5.656802 | CriticLoss: 0.021918 | Q: 5.6414 | TargetQ: 5.6391 | TDAbs: 0.1557 | ActorGrad: 0.0507 | CriticGrad: 0.7224 | Noise: 0.1876 | Replay: 50000 | FPS: 57.28 | ETA: 26.8 min
2026-09-16 01:06:28,532 | INFO | Steps: 58368/150000 | Episodes: 114 | LastEpReward: 30.168 | RecentReward: 26.049 | ActorLoss: -5.638478 | CriticLoss: 0.021894 | Q: 5.6229 | TargetQ: 5.6222 | TDAbs: 0.1562 | ActorGrad: 0.0566 | CriticGrad: 0.8921 | Noise: 0.1861 | Replay: 50000 | FPS: 57.39 | ETA: 26.6 min
2026-09-16 01:06:35,606 | INFO | Steps: 58880/150000 | Episodes: 115 | LastEpReward: 26.507 | RecentReward: 26.647 | ActorLoss: -5.659176 | CriticLoss: 0.020856 | Q: 5.6427 | TargetQ: 5.6420 | TDAbs: 0.1525 | ActorGrad: 0.0546 | CriticGrad: 0.6651 | Noise: 0.1846 | Replay: 50000 | FPS: 57.49 | ETA: 26.4 min
2026-09-16 01:06:42,787 | INFO | Steps: 59392/150000 | Episodes: 116 | LastEpReward: 27.870 | RecentReward: 27.328 | ActorLoss: -5.688188 | CriticLoss: 0.022072 | Q: 5.6723 | TargetQ: 5.6704 | TDAbs: 0.1534 | ActorGrad: 0.0522 | CriticGrad: 0.6579 | Noise: 0.1832 | Replay: 50000 | FPS: 57.58 | ETA: 26.2 min
2026-09-16 01:06:49,691 | INFO | Steps: 59904/150000 | Episodes: 117 | LastEpReward: 14.442 | RecentReward: 26.010 | ActorLoss: -5.697207 | CriticLoss: 0.022015 | Q: 5.6823 | TargetQ: 5.6816 | TDAbs: 0.1553 | ActorGrad: 0.0499 | CriticGrad: 0.8396 | Noise: 0.1817 | Replay: 50000 | FPS: 57.70 | ETA: 26.0 min
2026-09-16 01:06:56,610 | INFO | Steps: 60416/150000 | Episodes: 118 | LastEpReward: 24.022 | RecentReward: 25.338 | ActorLoss: -5.651346 | CriticLoss: 0.022376 | Q: 5.6350 | TargetQ: 5.6322 | TDAbs: 0.1543 | ActorGrad: 0.0763 | CriticGrad: 0.7062 | Noise: 0.1802 | Replay: 50000 | FPS: 57.80 | ETA: 25.8 min
2026-09-16 01:07:03,696 | INFO | Steps: 60928/150000 | Episodes: 119 | LastEpReward: 36.056 | RecentReward: 27.303 | ActorLoss: -5.695418 | CriticLoss: 0.023354 | Q: 5.6815 | TargetQ: 5.6799 | TDAbs: 0.1557 | ActorGrad: 0.0532 | CriticGrad: 0.7219 | Noise: 0.1788 | Replay: 50000 | FPS: 57.90 | ETA: 25.6 min
2026-09-16 01:07:10,705 | INFO | 开始周期评估: Steps=61440 | Episodes=120 | EvalEpisodes=5
2026-09-16 01:07:31,624 | INFO | 周期评估完成: Steps=61440 | MeanReward=29.909 | StdReward=4.509
2026-09-16 01:07:31,637 | INFO | Steps: 61440/150000 | Episodes: 120 | LastEpReward: 24.612 | RecentReward: 27.267 | ActorLoss: -5.659729 | CriticLoss: 0.020740 | Q: 5.6449 | TargetQ: 5.6447 | TDAbs: 0.1505 | ActorGrad: 0.0542 | CriticGrad: 0.7291 | Noise: 0.1773 | Replay: 50000 | FPS: 56.88 | ETA: 26.0 min
2026-09-16 01:07:38,714 | INFO | Steps: 61952/150000 | Episodes: 121 | LastEpReward: 25.250 | RecentReward: 26.876 | ActorLoss: -5.642190 | CriticLoss: 0.022731 | Q: 5.6282 | TargetQ: 5.6264 | TDAbs: 0.1546 | ActorGrad: 0.0564 | CriticGrad: 0.7397 | Noise: 0.1759 | Replay: 50000 | FPS: 56.98 | ETA: 25.8 min
2026-09-16 01:07:45,868 | INFO | Steps: 62464/150000 | Episodes: 122 | LastEpReward: 29.434 | RecentReward: 26.772 | ActorLoss: -5.616066 | CriticLoss: 0.021826 | Q: 5.6022 | TargetQ: 5.6022 | TDAbs: 0.1566 | ActorGrad: 0.0662 | CriticGrad: 0.8227 | Noise: 0.1744 | Replay: 50000 | FPS: 57.07 | ETA: 25.6 min
2026-09-16 01:07:53,219 | INFO | Steps: 62976/150000 | Episodes: 123 | LastEpReward: 32.313 | RecentReward: 27.067 | ActorLoss: -5.617510 | CriticLoss: 0.020821 | Q: 5.6057 | TargetQ: 5.6057 | TDAbs: 0.1500 | ActorGrad: 0.0566 | CriticGrad: 0.7152 | Noise: 0.1729 | Replay: 50000 | FPS: 57.16 | ETA: 25.4 min
2026-09-16 01:08:00,348 | INFO | Steps: 63488/150000 | Episodes: 124 | LastEpReward: 29.791 | RecentReward: 27.030 | ActorLoss: -5.608155 | CriticLoss: 0.020535 | Q: 5.5952 | TargetQ: 5.5951 | TDAbs: 0.1496 | ActorGrad: 0.0743 | CriticGrad: 0.6950 | Noise: 0.1715 | Replay: 50000 | FPS: 57.25 | ETA: 25.2 min
2026-09-16 01:08:07,328 | INFO | Steps: 64000/150000 | Episodes: 125 | LastEpReward: 25.244 | RecentReward: 26.903 | ActorLoss: -5.610557 | CriticLoss: 0.022512 | Q: 5.5973 | TargetQ: 5.5954 | TDAbs: 0.1535 | ActorGrad: 0.0571 | CriticGrad: 0.6195 | Noise: 0.1700 | Replay: 50000 | FPS: 57.35 | ETA: 25.0 min
2026-09-16 01:08:14,242 | INFO | Steps: 64512/150000 | Episodes: 126 | LastEpReward: 21.031 | RecentReward: 26.220 | ActorLoss: -5.591289 | CriticLoss: 0.021924 | Q: 5.5805 | TargetQ: 5.5791 | TDAbs: 0.1547 | ActorGrad: 0.0604 | CriticGrad: 0.7586 | Noise: 0.1685 | Replay: 50000 | FPS: 57.45 | ETA: 24.8 min
2026-09-16 01:08:21,266 | INFO | Steps: 65024/150000 | Episodes: 127 | LastEpReward: 33.641 | RecentReward: 28.139 | ActorLoss: -5.518608 | CriticLoss: 0.018654 | Q: 5.5056 | TargetQ: 5.5047 | TDAbs: 0.1456 | ActorGrad: 0.0679 | CriticGrad: 0.5875 | Noise: 0.1671 | Replay: 50000 | FPS: 57.55 | ETA: 24.6 min
2026-09-16 01:08:28,402 | INFO | Steps: 65536/150000 | Episodes: 128 | LastEpReward: 38.159 | RecentReward: 29.553 | ActorLoss: -5.524311 | CriticLoss: 0.020301 | Q: 5.5136 | TargetQ: 5.5126 | TDAbs: 0.1499 | ActorGrad: 0.0478 | CriticGrad: 0.7194 | Noise: 0.1656 | Replay: 50000 | FPS: 57.64 | ETA: 24.4 min
2026-09-16 01:08:35,400 | INFO | Steps: 66048/150000 | Episodes: 129 | LastEpReward: 26.953 | RecentReward: 28.643 | ActorLoss: -5.478716 | CriticLoss: 0.020330 | Q: 5.4684 | TargetQ: 5.4683 | TDAbs: 0.1500 | ActorGrad: 0.0654 | CriticGrad: 0.6496 | Noise: 0.1641 | Replay: 50000 | FPS: 57.73 | ETA: 24.2 min
2026-09-16 01:08:42,419 | INFO | 开始周期评估: Steps=66560 | Episodes=130 | EvalEpisodes=5
2026-09-16 01:09:03,347 | INFO | 周期评估完成: Steps=66560 | MeanReward=29.882 | StdReward=3.717
2026-09-16 01:09:03,355 | INFO | Steps: 66560/150000 | Episodes: 130 | LastEpReward: 25.596 | RecentReward: 28.741 | ActorLoss: -5.548061 | CriticLoss: 0.018433 | Q: 5.5379 | TargetQ: 5.5384 | TDAbs: 0.1465 | ActorGrad: 0.0465 | CriticGrad: 0.6724 | Noise: 0.1627 | Replay: 50000 | FPS: 56.79 | ETA: 24.5 min
2026-09-16 01:09:10,313 | INFO | Steps: 67072/150000 | Episodes: 131 | LastEpReward: 19.701 | RecentReward: 28.186 | ActorLoss: -5.494565 | CriticLoss: 0.020143 | Q: 5.4849 | TargetQ: 5.4839 | TDAbs: 0.1482 | ActorGrad: 0.0581 | CriticGrad: 0.6974 | Noise: 0.1612 | Replay: 50000 | FPS: 56.89 | ETA: 24.3 min
2026-09-16 01:09:17,327 | INFO | Steps: 67584/150000 | Episodes: 132 | LastEpReward: 32.413 | RecentReward: 28.484 | ActorLoss: -5.475152 | CriticLoss: 0.021306 | Q: 5.4653 | TargetQ: 5.4639 | TDAbs: 0.1503 | ActorGrad: 0.0514 | CriticGrad: 0.7525 | Noise: 0.1598 | Replay: 50000 | FPS: 56.99 | ETA: 24.1 min
2026-09-16 01:09:24,381 | INFO | Steps: 68096/150000 | Episodes: 133 | LastEpReward: 22.948 | RecentReward: 27.548 | ActorLoss: -5.480649 | CriticLoss: 0.018544 | Q: 5.4728 | TargetQ: 5.4728 | TDAbs: 0.1451 | ActorGrad: 0.0555 | CriticGrad: 0.6298 | Noise: 0.1583 | Replay: 50000 | FPS: 57.08 | ETA: 23.9 min
2026-09-16 01:09:31,512 | INFO | Steps: 68608/150000 | Episodes: 134 | LastEpReward: 30.154 | RecentReward: 27.584 | ActorLoss: -5.470555 | CriticLoss: 0.019601 | Q: 5.4626 | TargetQ: 5.4616 | TDAbs: 0.1478 | ActorGrad: 0.0506 | CriticGrad: 0.6457 | Noise: 0.1568 | Replay: 50000 | FPS: 57.17 | ETA: 23.7 min
2026-09-16 01:09:38,496 | INFO | Steps: 69120/150000 | Episodes: 135 | LastEpReward: 25.700 | RecentReward: 27.630 | ActorLoss: -5.434626 | CriticLoss: 0.020401 | Q: 5.4264 | TargetQ: 5.4264 | TDAbs: 0.1500 | ActorGrad: 0.0941 | CriticGrad: 0.6965 | Noise: 0.1554 | Replay: 50000 | FPS: 57.26 | ETA: 23.5 min
2026-09-16 01:09:45,533 | INFO | Steps: 69632/150000 | Episodes: 136 | LastEpReward: 16.688 | RecentReward: 27.195 | ActorLoss: -5.444674 | CriticLoss: 0.020848 | Q: 5.4357 | TargetQ: 5.4360 | TDAbs: 0.1511 | ActorGrad: 0.0462 | CriticGrad: 0.7339 | Noise: 0.1539 | Replay: 50000 | FPS: 57.35 | ETA: 23.4 min
2026-09-16 01:09:52,771 | INFO | Steps: 70144/150000 | Episodes: 137 | LastEpReward: 32.163 | RecentReward: 27.047 | ActorLoss: -5.469670 | CriticLoss: 0.019163 | Q: 5.4610 | TargetQ: 5.4614 | TDAbs: 0.1467 | ActorGrad: 0.0702 | CriticGrad: 0.6364 | Noise: 0.1524 | Replay: 50000 | FPS: 57.43 | ETA: 23.2 min
2026-09-16 01:09:59,932 | INFO | Steps: 70656/150000 | Episodes: 138 | LastEpReward: 36.348 | RecentReward: 26.866 | ActorLoss: -5.433762 | CriticLoss: 0.020930 | Q: 5.4244 | TargetQ: 5.4221 | TDAbs: 0.1533 | ActorGrad: 0.1089 | CriticGrad: 0.7406 | Noise: 0.1510 | Replay: 50000 | FPS: 57.51 | ETA: 23.0 min
2026-09-16 01:10:06,844 | INFO | Steps: 71168/150000 | Episodes: 139 | LastEpReward: 17.641 | RecentReward: 25.935 | ActorLoss: -5.405296 | CriticLoss: 0.020307 | Q: 5.3960 | TargetQ: 5.3948 | TDAbs: 0.1500 | ActorGrad: 0.1062 | CriticGrad: 0.6361 | Noise: 0.1495 | Replay: 50000 | FPS: 57.61 | ETA: 22.8 min
2026-09-16 01:10:13,971 | INFO | 开始周期评估: Steps=71680 | Episodes=140 | EvalEpisodes=5
2026-09-16 01:10:34,871 | INFO | 周期评估完成: Steps=71680 | MeanReward=20.051 | StdReward=7.451
2026-09-16 01:10:34,878 | INFO | Steps: 71680/150000 | Episodes: 140 | LastEpReward: 24.133 | RecentReward: 25.789 | ActorLoss: -5.396901 | CriticLoss: 0.020955 | Q: 5.3884 | TargetQ: 5.3871 | TDAbs: 0.1513 | ActorGrad: 0.0652 | CriticGrad: 0.6440 | Noise: 0.1481 | Replay: 50000 | FPS: 56.73 | ETA: 23.0 min
2026-09-16 01:10:41,944 | INFO | Steps: 72192/150000 | Episodes: 141 | LastEpReward: 26.423 | RecentReward: 26.461 | ActorLoss: -5.365606 | CriticLoss: 0.018983 | Q: 5.3559 | TargetQ: 5.3566 | TDAbs: 0.1462 | ActorGrad: 0.0862 | CriticGrad: 0.6832 | Noise: 0.1466 | Replay: 50000 | FPS: 56.82 | ETA: 22.8 min
2026-09-16 01:10:49,114 | INFO | Steps: 72704/150000 | Episodes: 142 | LastEpReward: 29.042 | RecentReward: 26.124 | ActorLoss: -5.381058 | CriticLoss: 0.021150 | Q: 5.3716 | TargetQ: 5.3711 | TDAbs: 0.1533 | ActorGrad: 0.0845 | CriticGrad: 0.6731 | Noise: 0.1451 | Replay: 50000 | FPS: 56.90 | ETA: 22.6 min
2026-09-16 01:10:56,131 | INFO | Steps: 73216/150000 | Episodes: 143 | LastEpReward: 22.172 | RecentReward: 26.046 | ActorLoss: -5.357241 | CriticLoss: 0.021627 | Q: 5.3468 | TargetQ: 5.3455 | TDAbs: 0.1534 | ActorGrad: 0.0958 | CriticGrad: 0.6762 | Noise: 0.1437 | Replay: 50000 | FPS: 56.99 | ETA: 22.5 min
2026-09-16 01:11:03,116 | INFO | Steps: 73728/150000 | Episodes: 144 | LastEpReward: 26.216 | RecentReward: 25.653 | ActorLoss: -5.393209 | CriticLoss: 0.021000 | Q: 5.3833 | TargetQ: 5.3832 | TDAbs: 0.1533 | ActorGrad: 0.0990 | CriticGrad: 0.6203 | Noise: 0.1422 | Replay: 50000 | FPS: 57.08 | ETA: 22.3 min
2026-09-16 01:11:10,028 | INFO | Steps: 74240/150000 | Episodes: 145 | LastEpReward: 15.829 | RecentReward: 24.665 | ActorLoss: -5.386512 | CriticLoss: 0.021336 | Q: 5.3774 | TargetQ: 5.3776 | TDAbs: 0.1554 | ActorGrad: 0.0869 | CriticGrad: 0.6797 | Noise: 0.1407 | Replay: 50000 | FPS: 57.17 | ETA: 22.1 min
2026-09-16 01:11:16,933 | INFO | Steps: 74752/150000 | Episodes: 146 | LastEpReward: 16.620 | RecentReward: 24.659 | ActorLoss: -5.341691 | CriticLoss: 0.022075 | Q: 5.3352 | TargetQ: 5.3342 | TDAbs: 0.1561 | ActorGrad: 0.0979 | CriticGrad: 0.6532 | Noise: 0.1393 | Replay: 50000 | FPS: 57.26 | ETA: 21.9 min
2026-09-16 01:11:23,988 | INFO | Steps: 75264/150000 | Episodes: 147 | LastEpReward: 25.485 | RecentReward: 23.991 | ActorLoss: -5.353017 | CriticLoss: 0.021738 | Q: 5.3467 | TargetQ: 5.3452 | TDAbs: 0.1548 | ActorGrad: 0.1015 | CriticGrad: 0.7285 | Noise: 0.1378 | Replay: 50000 | FPS: 57.34 | ETA: 21.7 min
2026-09-16 01:11:30,941 | INFO | Steps: 75776/150000 | Episodes: 148 | LastEpReward: 18.670 | RecentReward: 22.223 | ActorLoss: -5.310139 | CriticLoss: 0.020774 | Q: 5.3014 | TargetQ: 5.3008 | TDAbs: 0.1530 | ActorGrad: 0.0916 | CriticGrad: 0.6085 | Noise: 0.1364 | Replay: 50000 | FPS: 57.43 | ETA: 21.5 min
2026-09-16 01:11:37,933 | INFO | Steps: 76288/150000 | Episodes: 149 | LastEpReward: 27.142 | RecentReward: 23.173 | ActorLoss: -5.337522 | CriticLoss: 0.021480 | Q: 5.3287 | TargetQ: 5.3287 | TDAbs: 0.1574 | ActorGrad: 0.1029 | CriticGrad: 0.8223 | Noise: 0.1349 | Replay: 50000 | FPS: 57.51 | ETA: 21.4 min
2026-09-16 01:11:45,019 | INFO | 开始周期评估: Steps=76800 | Episodes=150 | EvalEpisodes=5
2026-09-16 01:12:05,891 | INFO | 周期评估完成: Steps=76800 | MeanReward=28.573 | StdReward=4.109
2026-09-16 01:12:05,899 | INFO | Steps: 76800/150000 | Episodes: 150 | LastEpReward: 29.770 | RecentReward: 23.737 | ActorLoss: -5.280764 | CriticLoss: 0.019195 | Q: 5.2740 | TargetQ: 5.2740 | TDAbs: 0.1480 | ActorGrad: 0.0649 | CriticGrad: 0.6295 | Noise: 0.1334 | Replay: 50000 | FPS: 56.70 | ETA: 21.5 min
2026-09-16 01:12:12,865 | INFO | Steps: 77312/150000 | Episodes: 151 | LastEpReward: 22.075 | RecentReward: 23.302 | ActorLoss: -5.267205 | CriticLoss: 0.019143 | Q: 5.2614 | TargetQ: 5.2607 | TDAbs: 0.1466 | ActorGrad: 0.0483 | CriticGrad: 0.6929 | Noise: 0.1320 | Replay: 50000 | FPS: 56.79 | ETA: 21.3 min
2026-09-16 01:12:19,972 | INFO | Steps: 77824/150000 | Episodes: 152 | LastEpReward: 26.786 | RecentReward: 23.077 | ActorLoss: -5.261026 | CriticLoss: 0.020701 | Q: 5.2546 | TargetQ: 5.2533 | TDAbs: 0.1504 | ActorGrad: 0.0545 | CriticGrad: 0.6331 | Noise: 0.1305 | Replay: 50000 | FPS: 56.87 | ETA: 21.2 min
2026-09-16 01:12:26,927 | INFO | Steps: 78336/150000 | Episodes: 153 | LastEpReward: 26.439 | RecentReward: 23.503 | ActorLoss: -5.272783 | CriticLoss: 0.018410 | Q: 5.2663 | TargetQ: 5.2659 | TDAbs: 0.1432 | ActorGrad: 0.0598 | CriticGrad: 0.6077 | Noise: 0.1290 | Replay: 50000 | FPS: 56.95 | ETA: 21.0 min
2026-09-16 01:12:33,984 | INFO | Steps: 78848/150000 | Episodes: 154 | LastEpReward: 33.974 | RecentReward: 24.279 | ActorLoss: -5.267792 | CriticLoss: 0.018825 | Q: 5.2613 | TargetQ: 5.2614 | TDAbs: 0.1438 | ActorGrad: 0.0430 | CriticGrad: 0.6147 | Noise: 0.1276 | Replay: 50000 | FPS: 57.03 | ETA: 20.8 min
2026-09-16 01:12:41,223 | INFO | Steps: 79360/150000 | Episodes: 155 | LastEpReward: 33.440 | RecentReward: 26.040 | ActorLoss: -5.259516 | CriticLoss: 0.018384 | Q: 5.2547 | TargetQ: 5.2539 | TDAbs: 0.1418 | ActorGrad: 0.0546 | CriticGrad: 0.5874 | Noise: 0.1261 | Replay: 50000 | FPS: 57.10 | ETA: 20.6 min
2026-09-16 01:12:48,245 | INFO | Steps: 79872/150000 | Episodes: 156 | LastEpReward: 27.286 | RecentReward: 27.107 | ActorLoss: -5.267488 | CriticLoss: 0.019511 | Q: 5.2611 | TargetQ: 5.2615 | TDAbs: 0.1441 | ActorGrad: 0.0527 | CriticGrad: 0.5747 | Noise: 0.1247 | Replay: 50000 | FPS: 57.18 | ETA: 20.4 min
2026-09-16 01:12:55,542 | INFO | Steps: 80384/150000 | Episodes: 157 | LastEpReward: 33.428 | RecentReward: 27.901 | ActorLoss: -5.287398 | CriticLoss: 0.017418 | Q: 5.2827 | TargetQ: 5.2824 | TDAbs: 0.1394 | ActorGrad: 0.0595 | CriticGrad: 0.5712 | Noise: 0.1232 | Replay: 50000 | FPS: 57.25 | ETA: 20.3 min
2026-09-16 01:13:02,535 | INFO | Steps: 80896/150000 | Episodes: 158 | LastEpReward: 13.645 | RecentReward: 27.398 | ActorLoss: -5.285446 | CriticLoss: 0.017847 | Q: 5.2812 | TargetQ: 5.2808 | TDAbs: 0.1415 | ActorGrad: 0.0330 | CriticGrad: 0.6297 | Noise: 0.1217 | Replay: 50000 | FPS: 57.33 | ETA: 20.1 min
2026-09-16 01:13:09,646 | INFO | Steps: 81408/150000 | Episodes: 159 | LastEpReward: 17.470 | RecentReward: 26.431 | ActorLoss: -5.231548 | CriticLoss: 0.016846 | Q: 5.2258 | TargetQ: 5.2260 | TDAbs: 0.1362 | ActorGrad: 0.0224 | CriticGrad: 0.5640 | Noise: 0.1203 | Replay: 50000 | FPS: 57.40 | ETA: 19.9 min
2026-09-16 01:13:16,648 | INFO | 开始周期评估: Steps=81920 | Episodes=160 | EvalEpisodes=5
2026-09-16 01:13:37,499 | INFO | 周期评估完成: Steps=81920 | MeanReward=30.374 | StdReward=5.851
2026-09-16 01:13:37,510 | INFO | Steps: 81920/150000 | Episodes: 160 | LastEpReward: 25.795 | RecentReward: 26.034 | ActorLoss: -5.262058 | CriticLoss: 0.015861 | Q: 5.2561 | TargetQ: 5.2554 | TDAbs: 0.1350 | ActorGrad: 0.0785 | CriticGrad: 0.5830 | Noise: 0.1188 | Replay: 50000 | FPS: 56.65 | ETA: 20.0 min
2026-09-16 01:13:44,454 | INFO | Steps: 82432/150000 | Episodes: 161 | LastEpReward: 17.835 | RecentReward: 25.610 | ActorLoss: -5.169780 | CriticLoss: 0.018810 | Q: 5.1639 | TargetQ: 5.1624 | TDAbs: 0.1419 | ActorGrad: 0.0550 | CriticGrad: 0.6142 | Noise: 0.1173 | Replay: 50000 | FPS: 56.73 | ETA: 19.9 min
2026-09-16 01:13:51,651 | INFO | Steps: 82944/150000 | Episodes: 162 | LastEpReward: 41.600 | RecentReward: 27.091 | ActorLoss: -5.172443 | CriticLoss: 0.016806 | Q: 5.1672 | TargetQ: 5.1666 | TDAbs: 0.1366 | ActorGrad: 0.0480 | CriticGrad: 0.6202 | Noise: 0.1159 | Replay: 50000 | FPS: 56.80 | ETA: 19.7 min
2026-09-16 01:13:58,711 | INFO | Steps: 83456/150000 | Episodes: 163 | LastEpReward: 29.522 | RecentReward: 27.399 | ActorLoss: -5.153239 | CriticLoss: 0.017664 | Q: 5.1468 | TargetQ: 5.1480 | TDAbs: 0.1380 | ActorGrad: 0.0444 | CriticGrad: 0.5825 | Noise: 0.1144 | Replay: 50000 | FPS: 56.88 | ETA: 19.5 min
2026-09-16 01:14:05,909 | INFO | Steps: 83968/150000 | Episodes: 164 | LastEpReward: 34.324 | RecentReward: 27.434 | ActorLoss: -5.099958 | CriticLoss: 0.018053 | Q: 5.0953 | TargetQ: 5.0943 | TDAbs: 0.1379 | ActorGrad: 0.0355 | CriticGrad: 0.6078 | Noise: 0.1129 | Replay: 50000 | FPS: 56.95 | ETA: 19.3 min
2026-09-16 01:14:12,862 | INFO | Steps: 84480/150000 | Episodes: 165 | LastEpReward: 20.969 | RecentReward: 26.187 | ActorLoss: -5.101228 | CriticLoss: 0.016957 | Q: 5.0982 | TargetQ: 5.0971 | TDAbs: 0.1375 | ActorGrad: 0.0376 | CriticGrad: 0.6591 | Noise: 0.1115 | Replay: 50000 | FPS: 57.02 | ETA: 19.1 min
2026-09-16 01:14:19,869 | INFO | Steps: 84992/150000 | Episodes: 166 | LastEpReward: 32.452 | RecentReward: 26.704 | ActorLoss: -5.086298 | CriticLoss: 0.016909 | Q: 5.0819 | TargetQ: 5.0805 | TDAbs: 0.1356 | ActorGrad: 0.0536 | CriticGrad: 0.5445 | Noise: 0.1100 | Replay: 50000 | FPS: 57.10 | ETA: 19.0 min
2026-09-16 01:14:26,906 | INFO | Steps: 85504/150000 | Episodes: 167 | LastEpReward: 24.031 | RecentReward: 25.764 | ActorLoss: -5.114662 | CriticLoss: 0.015979 | Q: 5.1113 | TargetQ: 5.1115 | TDAbs: 0.1332 | ActorGrad: 0.0424 | CriticGrad: 0.5165 | Noise: 0.1086 | Replay: 50000 | FPS: 57.17 | ETA: 18.8 min
2026-09-16 01:14:33,908 | INFO | Steps: 86016/150000 | Episodes: 168 | LastEpReward: 11.906 | RecentReward: 25.590 | ActorLoss: -5.077465 | CriticLoss: 0.016588 | Q: 5.0751 | TargetQ: 5.0746 | TDAbs: 0.1366 | ActorGrad: 0.0328 | CriticGrad: 0.5731 | Noise: 0.1071 | Replay: 50000 | FPS: 57.25 | ETA: 18.6 min
2026-09-16 01:14:40,994 | INFO | Steps: 86528/150000 | Episodes: 169 | LastEpReward: 26.646 | RecentReward: 26.508 | ActorLoss: -5.086835 | CriticLoss: 0.017126 | Q: 5.0829 | TargetQ: 5.0819 | TDAbs: 0.1336 | ActorGrad: 0.0398 | CriticGrad: 0.5501 | Noise: 0.1056 | Replay: 50000 | FPS: 57.32 | ETA: 18.5 min
2026-09-16 01:14:47,975 | INFO | 开始周期评估: Steps=87040 | Episodes=170 | EvalEpisodes=5
2026-09-16 01:15:08,949 | INFO | 周期评估完成: Steps=87040 | MeanReward=16.192 | StdReward=9.195
2026-09-16 01:15:08,956 | INFO | Steps: 87040/150000 | Episodes: 170 | LastEpReward: 8.513 | RecentReward: 24.780 | ActorLoss: -5.089062 | CriticLoss: 0.018434 | Q: 5.0859 | TargetQ: 5.0841 | TDAbs: 0.1362 | ActorGrad: 0.0360 | CriticGrad: 0.5691 | Noise: 0.1042 | Replay: 50000 | FPS: 56.61 | ETA: 18.5 min
2026-09-16 01:15:16,060 | INFO | Steps: 87552/150000 | Episodes: 171 | LastEpReward: 31.730 | RecentReward: 26.169 | ActorLoss: -5.025749 | CriticLoss: 0.015960 | Q: 5.0226 | TargetQ: 5.0224 | TDAbs: 0.1328 | ActorGrad: 0.0385 | CriticGrad: 0.5941 | Noise: 0.1027 | Replay: 50000 | FPS: 56.68 | ETA: 18.4 min
2026-09-16 01:15:23,126 | INFO | Steps: 88064/150000 | Episodes: 172 | LastEpReward: 27.957 | RecentReward: 24.805 | ActorLoss: -5.015103 | CriticLoss: 0.017017 | Q: 5.0124 | TargetQ: 5.0108 | TDAbs: 0.1338 | ActorGrad: 0.0428 | CriticGrad: 0.6089 | Noise: 0.1012 | Replay: 50000 | FPS: 56.75 | ETA: 18.2 min
2026-09-16 01:15:30,217 | INFO | Steps: 88576/150000 | Episodes: 173 | LastEpReward: 15.109 | RecentReward: 23.364 | ActorLoss: -4.990066 | CriticLoss: 0.015300 | Q: 4.9876 | TargetQ: 4.9875 | TDAbs: 0.1305 | ActorGrad: 0.0557 | CriticGrad: 0.4762 | Noise: 0.0998 | Replay: 50000 | FPS: 56.82 | ETA: 18.0 min
2026-09-16 01:15:37,470 | INFO | Steps: 89088/150000 | Episodes: 174 | LastEpReward: 26.313 | RecentReward: 22.562 | ActorLoss: -4.966300 | CriticLoss: 0.015392 | Q: 4.9635 | TargetQ: 4.9618 | TDAbs: 0.1282 | ActorGrad: 0.0458 | CriticGrad: 0.5077 | Noise: 0.0983 | Replay: 50000 | FPS: 56.89 | ETA: 17.8 min
2026-09-16 01:15:44,374 | INFO | Steps: 89600/150000 | Episodes: 175 | LastEpReward: 24.755 | RecentReward: 22.941 | ActorLoss: -5.000103 | CriticLoss: 0.018940 | Q: 4.9922 | TargetQ: 4.9913 | TDAbs: 0.1437 | ActorGrad: 0.2045 | CriticGrad: 0.5907 | Noise: 0.0969 | Replay: 50000 | FPS: 56.96 | ETA: 17.7 min
2026-09-16 01:15:51,405 | INFO | Steps: 90112/150000 | Episodes: 176 | LastEpReward: 26.815 | RecentReward: 22.377 | ActorLoss: -4.993632 | CriticLoss: 0.020193 | Q: 4.9837 | TargetQ: 4.9820 | TDAbs: 0.1489 | ActorGrad: 0.1689 | CriticGrad: 0.6592 | Noise: 0.0954 | Replay: 50000 | FPS: 57.03 | ETA: 17.5 min
2026-09-16 01:15:58,527 | INFO | Steps: 90624/150000 | Episodes: 177 | LastEpReward: 34.265 | RecentReward: 23.401 | ActorLoss: -5.038926 | CriticLoss: 0.022999 | Q: 5.0189 | TargetQ: 5.0186 | TDAbs: 0.1570 | ActorGrad: 0.1208 | CriticGrad: 0.6048 | Noise: 0.0939 | Replay: 50000 | FPS: 57.10 | ETA: 17.3 min
2026-09-16 01:16:05,606 | INFO | Steps: 91136/150000 | Episodes: 178 | LastEpReward: 1.435 | RecentReward: 22.354 | ActorLoss: -5.057549 | CriticLoss: 0.030196 | Q: 5.0420 | TargetQ: 5.0407 | TDAbs: 0.1817 | ActorGrad: 0.1069 | CriticGrad: 0.6935 | Noise: 0.0925 | Replay: 50000 | FPS: 57.17 | ETA: 17.2 min
2026-09-16 01:16:12,560 | INFO | Steps: 91648/150000 | Episodes: 179 | LastEpReward: 21.271 | RecentReward: 21.816 | ActorLoss: -5.057356 | CriticLoss: 0.027261 | Q: 5.0581 | TargetQ: 5.0567 | TDAbs: 0.1723 | ActorGrad: 0.1191 | CriticGrad: 0.6661 | Noise: 0.0910 | Replay: 50000 | FPS: 57.24 | ETA: 17.0 min
2026-09-16 01:16:19,672 | INFO | 开始周期评估: Steps=92160 | Episodes=180 | EvalEpisodes=5
2026-09-16 01:16:40,626 | INFO | 周期评估完成: Steps=92160 | MeanReward=31.226 | StdReward=5.028
2026-09-16 01:16:40,636 | INFO | Steps: 92160/150000 | Episodes: 180 | LastEpReward: 42.710 | RecentReward: 25.236 | ActorLoss: -5.049189 | CriticLoss: 0.021048 | Q: 5.0436 | TargetQ: 5.0410 | TDAbs: 0.1456 | ActorGrad: 0.0462 | CriticGrad: 0.5623 | Noise: 0.0895 | Replay: 50000 | FPS: 56.57 | ETA: 17.0 min
2026-09-16 01:16:47,696 | INFO | Steps: 92672/150000 | Episodes: 181 | LastEpReward: 26.574 | RecentReward: 24.720 | ActorLoss: -5.026966 | CriticLoss: 0.017858 | Q: 5.0203 | TargetQ: 5.0190 | TDAbs: 0.1378 | ActorGrad: 0.0215 | CriticGrad: 0.4855 | Noise: 0.0881 | Replay: 50000 | FPS: 56.64 | ETA: 16.9 min
2026-09-16 01:16:54,735 | INFO | Steps: 93184/150000 | Episodes: 182 | LastEpReward: 27.285 | RecentReward: 24.653 | ActorLoss: -5.030619 | CriticLoss: 0.018530 | Q: 5.0237 | TargetQ: 5.0218 | TDAbs: 0.1366 | ActorGrad: 0.0222 | CriticGrad: 0.4955 | Noise: 0.0866 | Replay: 50000 | FPS: 56.70 | ETA: 16.7 min
2026-09-16 01:17:01,717 | INFO | Steps: 93696/150000 | Episodes: 183 | LastEpReward: 24.485 | RecentReward: 25.591 | ActorLoss: -4.987467 | CriticLoss: 0.017263 | Q: 4.9790 | TargetQ: 4.9772 | TDAbs: 0.1330 | ActorGrad: 0.0188 | CriticGrad: 0.5093 | Noise: 0.0852 | Replay: 50000 | FPS: 56.77 | ETA: 16.5 min
2026-09-16 01:17:08,818 | INFO | Steps: 94208/150000 | Episodes: 184 | LastEpReward: 31.771 | RecentReward: 26.137 | ActorLoss: -4.993220 | CriticLoss: 0.017774 | Q: 4.9850 | TargetQ: 4.9844 | TDAbs: 0.1363 | ActorGrad: 0.0255 | CriticGrad: 0.5750 | Noise: 0.0837 | Replay: 50000 | FPS: 56.84 | ETA: 16.4 min
2026-09-16 01:17:15,841 | INFO | Steps: 94720/150000 | Episodes: 185 | LastEpReward: 12.203 | RecentReward: 24.881 | ActorLoss: -4.971507 | CriticLoss: 0.017000 | Q: 4.9633 | TargetQ: 4.9624 | TDAbs: 0.1335 | ActorGrad: 0.0224 | CriticGrad: 0.5053 | Noise: 0.0822 | Replay: 50000 | FPS: 56.91 | ETA: 16.2 min
2026-09-16 01:17:22,833 | INFO | Steps: 95232/150000 | Episodes: 186 | LastEpReward: 26.792 | RecentReward: 24.879 | ActorLoss: -4.971416 | CriticLoss: 0.016103 | Q: 4.9629 | TargetQ: 4.9618 | TDAbs: 0.1318 | ActorGrad: 0.0187 | CriticGrad: 0.5974 | Noise: 0.0808 | Replay: 50000 | FPS: 56.98 | ETA: 16.0 min
2026-09-16 01:17:29,948 | INFO | Steps: 95744/150000 | Episodes: 187 | LastEpReward: 36.930 | RecentReward: 25.146 | ActorLoss: -4.976061 | CriticLoss: 0.018107 | Q: 4.9679 | TargetQ: 4.9665 | TDAbs: 0.1356 | ActorGrad: 0.0170 | CriticGrad: 0.6109 | Noise: 0.0793 | Replay: 50000 | FPS: 57.04 | ETA: 15.9 min
2026-09-16 01:17:37,198 | INFO | Steps: 96256/150000 | Episodes: 188 | LastEpReward: 34.637 | RecentReward: 28.466 | ActorLoss: -4.989285 | CriticLoss: 0.015051 | Q: 4.9818 | TargetQ: 4.9811 | TDAbs: 0.1302 | ActorGrad: 0.0205 | CriticGrad: 0.5569 | Noise: 0.0778 | Replay: 50000 | FPS: 57.10 | ETA: 15.7 min
2026-09-16 01:17:44,199 | INFO | Steps: 96768/150000 | Episodes: 189 | LastEpReward: 26.612 | RecentReward: 29.000 | ActorLoss: -5.007844 | CriticLoss: 0.015552 | Q: 4.9990 | TargetQ: 4.9993 | TDAbs: 0.1285 | ActorGrad: 0.0255 | CriticGrad: 0.5149 | Noise: 0.0764 | Replay: 50000 | FPS: 57.16 | ETA: 15.5 min
2026-09-16 01:17:51,192 | INFO | 开始周期评估: Steps=97280 | Episodes=190 | EvalEpisodes=5
2026-09-16 01:18:12,201 | INFO | 周期评估完成: Steps=97280 | MeanReward=31.779 | StdReward=5.461
2026-09-16 01:18:12,211 | INFO | Steps: 97280/150000 | Episodes: 190 | LastEpReward: 27.464 | RecentReward: 27.475 | ActorLoss: -5.005174 | CriticLoss: 0.016136 | Q: 4.9965 | TargetQ: 4.9957 | TDAbs: 0.1298 | ActorGrad: 0.0218 | CriticGrad: 0.4819 | Noise: 0.0749 | Replay: 50000 | FPS: 56.53 | ETA: 15.5 min
2026-09-16 01:18:19,243 | INFO | Steps: 97792/150000 | Episodes: 191 | LastEpReward: 25.367 | RecentReward: 27.355 | ActorLoss: -5.030458 | CriticLoss: 0.015762 | Q: 5.0208 | TargetQ: 5.0196 | TDAbs: 0.1293 | ActorGrad: 0.0263 | CriticGrad: 0.4677 | Noise: 0.0735 | Replay: 50000 | FPS: 56.60 | ETA: 15.4 min
2026-09-16 01:18:26,278 | INFO | Steps: 98304/150000 | Episodes: 192 | LastEpReward: 23.502 | RecentReward: 26.976 | ActorLoss: -4.998137 | CriticLoss: 0.014366 | Q: 4.9894 | TargetQ: 4.9894 | TDAbs: 0.1269 | ActorGrad: 0.0244 | CriticGrad: 0.5132 | Noise: 0.0720 | Replay: 50000 | FPS: 56.66 | ETA: 15.2 min
2026-09-16 01:18:33,426 | INFO | Steps: 98816/150000 | Episodes: 193 | LastEpReward: 34.994 | RecentReward: 28.027 | ActorLoss: -5.028387 | CriticLoss: 0.015832 | Q: 5.0189 | TargetQ: 5.0167 | TDAbs: 0.1270 | ActorGrad: 0.0222 | CriticGrad: 0.5740 | Noise: 0.0705 | Replay: 50000 | FPS: 56.72 | ETA: 15.0 min
2026-09-16 01:18:40,441 | INFO | Steps: 99328/150000 | Episodes: 194 | LastEpReward: 26.427 | RecentReward: 27.493 | ActorLoss: -5.044550 | CriticLoss: 0.015996 | Q: 5.0354 | TargetQ: 5.0345 | TDAbs: 0.1281 | ActorGrad: 0.0279 | CriticGrad: 0.4729 | Noise: 0.0691 | Replay: 50000 | FPS: 56.79 | ETA: 14.9 min
2026-09-16 01:18:47,565 | INFO | Steps: 99840/150000 | Episodes: 195 | LastEpReward: 36.636 | RecentReward: 29.936 | ActorLoss: -5.007534 | CriticLoss: 0.016095 | Q: 4.9984 | TargetQ: 4.9969 | TDAbs: 0.1276 | ActorGrad: 0.0185 | CriticGrad: 0.4886 | Noise: 0.0676 | Replay: 50000 | FPS: 56.85 | ETA: 14.7 min
2026-09-16 01:18:54,686 | INFO | Steps: 100352/150000 | Episodes: 196 | LastEpReward: 28.946 | RecentReward: 30.151 | ActorLoss: -5.056902 | CriticLoss: 0.015117 | Q: 5.0490 | TargetQ: 5.0480 | TDAbs: 0.1283 | ActorGrad: 0.0265 | CriticGrad: 0.4922 | Noise: 0.0661 | Replay: 50000 | FPS: 56.91 | ETA: 14.5 min
2026-09-16 01:19:01,635 | INFO | Steps: 100864/150000 | Episodes: 197 | LastEpReward: 22.465 | RecentReward: 28.705 | ActorLoss: -4.970290 | CriticLoss: 0.016316 | Q: 4.9617 | TargetQ: 4.9602 | TDAbs: 0.1286 | ActorGrad: 0.0225 | CriticGrad: 0.5157 | Noise: 0.0647 | Replay: 50000 | FPS: 56.98 | ETA: 14.4 min
2026-09-16 01:19:08,650 | INFO | Steps: 101376/150000 | Episodes: 198 | LastEpReward: 25.254 | RecentReward: 27.767 | ActorLoss: -5.018371 | CriticLoss: 0.016359 | Q: 5.0106 | TargetQ: 5.0092 | TDAbs: 0.1288 | ActorGrad: 0.0233 | CriticGrad: 0.5229 | Noise: 0.0632 | Replay: 50000 | FPS: 57.04 | ETA: 14.2 min
2026-09-16 01:19:15,629 | INFO | Steps: 101888/150000 | Episodes: 199 | LastEpReward: 24.318 | RecentReward: 27.537 | ActorLoss: -4.975606 | CriticLoss: 0.016000 | Q: 4.9681 | TargetQ: 4.9674 | TDAbs: 0.1292 | ActorGrad: 0.0183 | CriticGrad: 0.5931 | Noise: 0.0617 | Replay: 50000 | FPS: 57.10 | ETA: 14.0 min
2026-09-16 01:19:22,601 | INFO | 开始周期评估: Steps=102400 | Episodes=200 | EvalEpisodes=5
2026-09-16 01:19:43,585 | INFO | 周期评估完成: Steps=102400 | MeanReward=30.799 | StdReward=3.908
2026-09-16 01:19:43,592 | INFO | Steps: 102400/150000 | Episodes: 200 | LastEpReward: 30.368 | RecentReward: 27.828 | ActorLoss: -5.013488 | CriticLoss: 0.015617 | Q: 5.0055 | TargetQ: 5.0045 | TDAbs: 0.1289 | ActorGrad: 0.0301 | CriticGrad: 0.5246 | Noise: 0.0603 | Replay: 50000 | FPS: 56.51 | ETA: 14.0 min
2026-09-16 01:19:50,607 | INFO | Steps: 102912/150000 | Episodes: 201 | LastEpReward: 26.631 | RecentReward: 27.954 | ActorLoss: -4.960013 | CriticLoss: 0.016173 | Q: 4.9530 | TargetQ: 4.9519 | TDAbs: 0.1296 | ActorGrad: 0.0236 | CriticGrad: 0.5447 | Noise: 0.0588 | Replay: 50000 | FPS: 56.57 | ETA: 13.9 min
2026-09-16 01:19:57,636 | INFO | Steps: 103424/150000 | Episodes: 202 | LastEpReward: 27.100 | RecentReward: 28.314 | ActorLoss: -4.965617 | CriticLoss: 0.014434 | Q: 4.9575 | TargetQ: 4.9571 | TDAbs: 0.1239 | ActorGrad: 0.0295 | CriticGrad: 0.4560 | Noise: 0.0574 | Replay: 50000 | FPS: 56.63 | ETA: 13.7 min
2026-09-16 01:20:04,809 | INFO | Steps: 103936/150000 | Episodes: 203 | LastEpReward: 31.977 | RecentReward: 28.012 | ActorLoss: -5.029327 | CriticLoss: 0.014329 | Q: 5.0213 | TargetQ: 5.0204 | TDAbs: 0.1264 | ActorGrad: 0.0266 | CriticGrad: 0.5405 | Noise: 0.0559 | Replay: 50000 | FPS: 56.69 | ETA: 13.5 min
2026-09-16 01:20:11,795 | INFO | Steps: 104448/150000 | Episodes: 204 | LastEpReward: 30.176 | RecentReward: 28.387 | ActorLoss: -5.007123 | CriticLoss: 0.015017 | Q: 4.9998 | TargetQ: 4.9988 | TDAbs: 0.1264 | ActorGrad: 0.0315 | CriticGrad: 0.5391 | Noise: 0.0544 | Replay: 50000 | FPS: 56.75 | ETA: 13.4 min
2026-09-16 01:20:19,056 | INFO | Steps: 104960/150000 | Episodes: 205 | LastEpReward: 36.639 | RecentReward: 28.387 | ActorLoss: -4.987409 | CriticLoss: 0.015234 | Q: 4.9787 | TargetQ: 4.9786 | TDAbs: 0.1269 | ActorGrad: 0.0271 | CriticGrad: 0.4969 | Noise: 0.0530 | Replay: 50000 | FPS: 56.81 | ETA: 13.2 min
2026-09-16 01:20:26,018 | INFO | Steps: 105472/150000 | Episodes: 206 | LastEpReward: 15.536 | RecentReward: 27.046 | ActorLoss: -5.013911 | CriticLoss: 0.015505 | Q: 5.0064 | TargetQ: 5.0052 | TDAbs: 0.1292 | ActorGrad: 0.0544 | CriticGrad: 0.5100 | Noise: 0.0515 | Replay: 50000 | FPS: 56.87 | ETA: 13.0 min
2026-09-16 01:20:33,316 | INFO | Steps: 105984/150000 | Episodes: 207 | LastEpReward: 40.070 | RecentReward: 28.807 | ActorLoss: -5.053096 | CriticLoss: 0.016529 | Q: 5.0449 | TargetQ: 5.0437 | TDAbs: 0.1300 | ActorGrad: 0.0567 | CriticGrad: 0.6371 | Noise: 0.0500 | Replay: 50000 | FPS: 56.92 | ETA: 12.9 min
2026-09-16 01:20:40,293 | INFO | Steps: 106496/150000 | Episodes: 208 | LastEpReward: 28.336 | RecentReward: 29.115 | ActorLoss: -5.038386 | CriticLoss: 0.015663 | Q: 5.0309 | TargetQ: 5.0319 | TDAbs: 0.1297 | ActorGrad: 0.0700 | CriticGrad: 0.5793 | Noise: 0.0500 | Replay: 50000 | FPS: 56.98 | ETA: 12.7 min
2026-09-16 01:20:47,245 | INFO | Steps: 107008/150000 | Episodes: 209 | LastEpReward: 31.382 | RecentReward: 29.822 | ActorLoss: -5.046506 | CriticLoss: 0.016612 | Q: 5.0385 | TargetQ: 5.0373 | TDAbs: 0.1314 | ActorGrad: 0.1003 | CriticGrad: 0.5429 | Noise: 0.0500 | Replay: 50000 | FPS: 57.05 | ETA: 12.6 min
2026-09-16 01:20:54,209 | INFO | 开始周期评估: Steps=107520 | Episodes=210 | EvalEpisodes=5
2026-09-16 01:21:15,261 | INFO | 周期评估完成: Steps=107520 | MeanReward=31.326 | StdReward=5.677
2026-09-16 01:21:15,267 | INFO | Steps: 107520/150000 | Episodes: 210 | LastEpReward: 22.795 | RecentReward: 29.064 | ActorLoss: -5.021263 | CriticLoss: 0.016261 | Q: 5.0135 | TargetQ: 5.0127 | TDAbs: 0.1324 | ActorGrad: 0.0941 | CriticGrad: 0.5668 | Noise: 0.0500 | Replay: 50000 | FPS: 56.47 | ETA: 12.5 min
2026-09-16 01:21:22,257 | INFO | Steps: 108032/150000 | Episodes: 211 | LastEpReward: 30.786 | RecentReward: 29.480 | ActorLoss: -5.050590 | CriticLoss: 0.016715 | Q: 5.0420 | TargetQ: 5.0404 | TDAbs: 0.1316 | ActorGrad: 0.1223 | CriticGrad: 0.5351 | Noise: 0.0500 | Replay: 50000 | FPS: 56.54 | ETA: 12.4 min
2026-09-16 01:21:29,233 | INFO | Steps: 108544/150000 | Episodes: 212 | LastEpReward: 22.101 | RecentReward: 28.980 | ActorLoss: -5.054457 | CriticLoss: 0.015994 | Q: 5.0458 | TargetQ: 5.0450 | TDAbs: 0.1304 | ActorGrad: 0.1040 | CriticGrad: 0.5008 | Noise: 0.0500 | Replay: 50000 | FPS: 56.60 | ETA: 12.2 min
2026-09-16 01:21:36,302 | INFO | Steps: 109056/150000 | Episodes: 213 | LastEpReward: 33.024 | RecentReward: 29.085 | ActorLoss: -5.051232 | CriticLoss: 0.015688 | Q: 5.0413 | TargetQ: 5.0417 | TDAbs: 0.1322 | ActorGrad: 0.1060 | CriticGrad: 0.5108 | Noise: 0.0500 | Replay: 50000 | FPS: 56.66 | ETA: 12.0 min
2026-09-16 01:21:43,241 | INFO | Steps: 109568/150000 | Episodes: 214 | LastEpReward: 23.337 | RecentReward: 28.401 | ActorLoss: -5.057813 | CriticLoss: 0.016452 | Q: 5.0469 | TargetQ: 5.0466 | TDAbs: 0.1349 | ActorGrad: 0.1015 | CriticGrad: 0.6005 | Noise: 0.0500 | Replay: 50000 | FPS: 56.72 | ETA: 11.9 min
2026-09-16 01:21:50,420 | INFO | Steps: 110080/150000 | Episodes: 215 | LastEpReward: 34.068 | RecentReward: 28.144 | ActorLoss: -5.070843 | CriticLoss: 0.016225 | Q: 5.0637 | TargetQ: 5.0638 | TDAbs: 0.1331 | ActorGrad: 0.0800 | CriticGrad: 0.5465 | Noise: 0.0500 | Replay: 50000 | FPS: 56.77 | ETA: 11.7 min
2026-09-16 01:21:57,412 | INFO | Steps: 110592/150000 | Episodes: 216 | LastEpReward: 18.579 | RecentReward: 28.448 | ActorLoss: -5.083189 | CriticLoss: 0.016324 | Q: 5.0747 | TargetQ: 5.0742 | TDAbs: 0.1319 | ActorGrad: 0.1098 | CriticGrad: 0.5153 | Noise: 0.0500 | Replay: 50000 | FPS: 56.83 | ETA: 11.6 min
2026-09-16 01:22:04,446 | INFO | Steps: 111104/150000 | Episodes: 217 | LastEpReward: 27.438 | RecentReward: 27.185 | ActorLoss: -5.091750 | CriticLoss: 0.017637 | Q: 5.0817 | TargetQ: 5.0824 | TDAbs: 0.1369 | ActorGrad: 0.1173 | CriticGrad: 0.5293 | Noise: 0.0500 | Replay: 50000 | FPS: 56.89 | ETA: 11.4 min
2026-09-16 01:22:11,431 | INFO | Steps: 111616/150000 | Episodes: 218 | LastEpReward: 18.415 | RecentReward: 26.193 | ActorLoss: -5.058162 | CriticLoss: 0.015543 | Q: 5.0496 | TargetQ: 5.0500 | TDAbs: 0.1309 | ActorGrad: 0.1027 | CriticGrad: 0.5411 | Noise: 0.0500 | Replay: 50000 | FPS: 56.95 | ETA: 11.2 min
2026-09-16 01:22:18,335 | INFO | Steps: 112128/150000 | Episodes: 219 | LastEpReward: 24.738 | RecentReward: 25.528 | ActorLoss: -5.070724 | CriticLoss: 0.015235 | Q: 5.0619 | TargetQ: 5.0615 | TDAbs: 0.1294 | ActorGrad: 0.1043 | CriticGrad: 0.4979 | Noise: 0.0500 | Replay: 50000 | FPS: 57.01 | ETA: 11.1 min
2026-09-16 01:22:25,301 | INFO | 开始周期评估: Steps=112640 | Episodes=220 | EvalEpisodes=5
2026-09-16 01:22:46,335 | INFO | 周期评估完成: Steps=112640 | MeanReward=31.408 | StdReward=6.300
2026-09-16 01:22:46,343 | INFO | Steps: 112640/150000 | Episodes: 220 | LastEpReward: 20.009 | RecentReward: 25.250 | ActorLoss: -5.086323 | CriticLoss: 0.016821 | Q: 5.0801 | TargetQ: 5.0798 | TDAbs: 0.1335 | ActorGrad: 0.1121 | CriticGrad: 0.5809 | Noise: 0.0500 | Replay: 50000 | FPS: 56.46 | ETA: 11.0 min
2026-09-16 01:22:53,315 | INFO | Steps: 113152/150000 | Episodes: 221 | LastEpReward: 25.584 | RecentReward: 24.729 | ActorLoss: -5.044080 | CriticLoss: 0.016483 | Q: 5.0363 | TargetQ: 5.0352 | TDAbs: 0.1332 | ActorGrad: 0.1139 | CriticGrad: 0.5164 | Noise: 0.0500 | Replay: 50000 | FPS: 56.52 | ETA: 10.9 min
2026-09-16 01:23:00,283 | INFO | Steps: 113664/150000 | Episodes: 222 | LastEpReward: 22.636 | RecentReward: 24.783 | ActorLoss: -5.027817 | CriticLoss: 0.015924 | Q: 5.0197 | TargetQ: 5.0196 | TDAbs: 0.1329 | ActorGrad: 0.1271 | CriticGrad: 0.5467 | Noise: 0.0500 | Replay: 50000 | FPS: 56.58 | ETA: 10.7 min
2026-09-16 01:23:07,458 | INFO | Steps: 114176/150000 | Episodes: 223 | LastEpReward: 32.444 | RecentReward: 24.725 | ActorLoss: -5.055606 | CriticLoss: 0.018687 | Q: 5.0471 | TargetQ: 5.0465 | TDAbs: 0.1383 | ActorGrad: 0.1582 | CriticGrad: 0.5675 | Noise: 0.0500 | Replay: 50000 | FPS: 56.63 | ETA: 10.5 min
2026-09-16 01:23:14,664 | INFO | Steps: 114688/150000 | Episodes: 224 | LastEpReward: 37.426 | RecentReward: 26.134 | ActorLoss: -5.077913 | CriticLoss: 0.018228 | Q: 5.0672 | TargetQ: 5.0662 | TDAbs: 0.1390 | ActorGrad: 0.2085 | CriticGrad: 0.6221 | Noise: 0.0500 | Replay: 50000 | FPS: 56.68 | ETA: 10.4 min
2026-09-16 01:23:21,696 | INFO | Steps: 115200/150000 | Episodes: 225 | LastEpReward: 30.358 | RecentReward: 25.763 | ActorLoss: -5.049230 | CriticLoss: 0.019873 | Q: 5.0396 | TargetQ: 5.0380 | TDAbs: 0.1434 | ActorGrad: 0.1666 | CriticGrad: 0.6547 | Noise: 0.0500 | Replay: 50000 | FPS: 56.74 | ETA: 10.2 min
2026-09-16 01:23:28,693 | INFO | Steps: 115712/150000 | Episodes: 226 | LastEpReward: 29.504 | RecentReward: 26.855 | ActorLoss: -5.056481 | CriticLoss: 0.020283 | Q: 5.0452 | TargetQ: 5.0446 | TDAbs: 0.1448 | ActorGrad: 0.2089 | CriticGrad: 0.5546 | Noise: 0.0500 | Replay: 50000 | FPS: 56.80 | ETA: 10.1 min
2026-09-16 01:23:35,729 | INFO | Steps: 116224/150000 | Episodes: 227 | LastEpReward: 27.854 | RecentReward: 26.897 | ActorLoss: -5.066143 | CriticLoss: 0.020759 | Q: 5.0565 | TargetQ: 5.0564 | TDAbs: 0.1479 | ActorGrad: 0.1608 | CriticGrad: 0.6330 | Noise: 0.0500 | Replay: 50000 | FPS: 56.85 | ETA: 9.9 min
2026-09-16 01:23:42,752 | INFO | Steps: 116736/150000 | Episodes: 228 | LastEpReward: 32.508 | RecentReward: 28.306 | ActorLoss: -5.054038 | CriticLoss: 0.021128 | Q: 5.0431 | TargetQ: 5.0420 | TDAbs: 0.1500 | ActorGrad: 0.1698 | CriticGrad: 0.6616 | Noise: 0.0500 | Replay: 50000 | FPS: 56.91 | ETA: 9.7 min
2026-09-16 01:23:49,940 | INFO | Steps: 117248/150000 | Episodes: 229 | LastEpReward: 38.641 | RecentReward: 29.696 | ActorLoss: -5.094105 | CriticLoss: 0.020900 | Q: 5.0832 | TargetQ: 5.0824 | TDAbs: 0.1487 | ActorGrad: 0.1799 | CriticGrad: 0.6505 | Noise: 0.0500 | Replay: 50000 | FPS: 56.96 | ETA: 9.6 min
2026-09-16 01:23:56,957 | INFO | 开始周期评估: Steps=117760 | Episodes=230 | EvalEpisodes=5
2026-09-16 01:24:17,988 | INFO | 周期评估完成: Steps=117760 | MeanReward=28.580 | StdReward=4.885
2026-09-16 01:24:17,996 | INFO | Steps: 117760/150000 | Episodes: 230 | LastEpReward: 22.921 | RecentReward: 29.988 | ActorLoss: -5.137820 | CriticLoss: 0.021923 | Q: 5.1257 | TargetQ: 5.1251 | TDAbs: 0.1530 | ActorGrad: 0.2077 | CriticGrad: 0.6776 | Noise: 0.0500 | Replay: 50000 | FPS: 56.44 | ETA: 9.5 min
2026-09-16 01:24:25,023 | INFO | Steps: 118272/150000 | Episodes: 231 | LastEpReward: 30.853 | RecentReward: 30.514 | ActorLoss: -5.109505 | CriticLoss: 0.021934 | Q: 5.0960 | TargetQ: 5.0963 | TDAbs: 0.1536 | ActorGrad: 0.1756 | CriticGrad: 0.6004 | Noise: 0.0500 | Replay: 50000 | FPS: 56.49 | ETA: 9.4 min
2026-09-16 01:24:32,048 | INFO | Steps: 118784/150000 | Episodes: 232 | LastEpReward: 17.538 | RecentReward: 30.005 | ActorLoss: -5.106171 | CriticLoss: 0.023626 | Q: 5.0963 | TargetQ: 5.0954 | TDAbs: 0.1574 | ActorGrad: 0.1828 | CriticGrad: 0.6529 | Noise: 0.0500 | Replay: 50000 | FPS: 56.55 | ETA: 9.2 min
2026-09-16 01:24:39,113 | INFO | Steps: 119296/150000 | Episodes: 233 | LastEpReward: 22.397 | RecentReward: 29.000 | ActorLoss: -5.155182 | CriticLoss: 0.024531 | Q: 5.1458 | TargetQ: 5.1456 | TDAbs: 0.1598 | ActorGrad: 0.1802 | CriticGrad: 0.7283 | Noise: 0.0500 | Replay: 50000 | FPS: 56.60 | ETA: 9.0 min
2026-09-16 01:24:46,575 | INFO | Steps: 119808/150000 | Episodes: 234 | LastEpReward: 38.752 | RecentReward: 29.133 | ActorLoss: -5.151094 | CriticLoss: 0.024313 | Q: 5.1375 | TargetQ: 5.1364 | TDAbs: 0.1593 | ActorGrad: 0.2265 | CriticGrad: 0.7157 | Noise: 0.0500 | Replay: 50000 | FPS: 56.64 | ETA: 8.9 min
2026-09-16 01:24:53,539 | INFO | Steps: 120320/150000 | Episodes: 235 | LastEpReward: 28.091 | RecentReward: 28.906 | ActorLoss: -5.146963 | CriticLoss: 0.024153 | Q: 5.1324 | TargetQ: 5.1327 | TDAbs: 0.1609 | ActorGrad: 0.1885 | CriticGrad: 0.6835 | Noise: 0.0500 | Replay: 50000 | FPS: 56.70 | ETA: 8.7 min
2026-09-16 01:25:00,683 | INFO | Steps: 120832/150000 | Episodes: 236 | LastEpReward: 28.595 | RecentReward: 28.815 | ActorLoss: -5.155601 | CriticLoss: 0.026587 | Q: 5.1432 | TargetQ: 5.1427 | TDAbs: 0.1656 | ActorGrad: 0.2445 | CriticGrad: 0.6329 | Noise: 0.0500 | Replay: 50000 | FPS: 56.75 | ETA: 8.6 min
2026-09-16 01:25:07,727 | INFO | Steps: 121344/150000 | Episodes: 237 | LastEpReward: 30.639 | RecentReward: 29.093 | ActorLoss: -5.203049 | CriticLoss: 0.026131 | Q: 5.1910 | TargetQ: 5.1912 | TDAbs: 0.1656 | ActorGrad: 0.2170 | CriticGrad: 0.7007 | Noise: 0.0500 | Replay: 50000 | FPS: 56.80 | ETA: 8.4 min
2026-09-16 01:25:14,828 | INFO | Steps: 121856/150000 | Episodes: 238 | LastEpReward: 28.980 | RecentReward: 28.741 | ActorLoss: -5.161358 | CriticLoss: 0.028127 | Q: 5.1492 | TargetQ: 5.1480 | TDAbs: 0.1692 | ActorGrad: 0.2019 | CriticGrad: 0.8374 | Noise: 0.0500 | Replay: 50000 | FPS: 56.85 | ETA: 8.3 min
2026-09-16 01:25:22,000 | INFO | Steps: 122368/150000 | Episodes: 239 | LastEpReward: 32.685 | RecentReward: 28.145 | ActorLoss: -5.188913 | CriticLoss: 0.028094 | Q: 5.1819 | TargetQ: 5.1811 | TDAbs: 0.1684 | ActorGrad: 0.1545 | CriticGrad: 0.7298 | Noise: 0.0500 | Replay: 50000 | FPS: 56.90 | ETA: 8.1 min
2026-09-16 01:25:29,005 | INFO | 开始周期评估: Steps=122880 | Episodes=240 | EvalEpisodes=5
2026-09-16 01:25:50,075 | INFO | 周期评估完成: Steps=122880 | MeanReward=29.915 | StdReward=5.205
2026-09-16 01:25:50,082 | INFO | Steps: 122880/150000 | Episodes: 240 | LastEpReward: 29.225 | RecentReward: 28.776 | ActorLoss: -5.162820 | CriticLoss: 0.025673 | Q: 5.1547 | TargetQ: 5.1542 | TDAbs: 0.1636 | ActorGrad: 0.1614 | CriticGrad: 0.7252 | Noise: 0.0500 | Replay: 50000 | FPS: 56.40 | ETA: 8.0 min
2026-09-16 01:25:57,070 | INFO | Steps: 123392/150000 | Episodes: 241 | LastEpReward: 24.335 | RecentReward: 28.124 | ActorLoss: -5.178228 | CriticLoss: 0.027320 | Q: 5.1703 | TargetQ: 5.1692 | TDAbs: 0.1666 | ActorGrad: 0.1819 | CriticGrad: 0.7546 | Noise: 0.0500 | Replay: 50000 | FPS: 56.46 | ETA: 7.9 min
2026-09-16 01:26:04,166 | INFO | Steps: 123904/150000 | Episodes: 242 | LastEpReward: 25.614 | RecentReward: 28.931 | ActorLoss: -5.162275 | CriticLoss: 0.026628 | Q: 5.1519 | TargetQ: 5.1502 | TDAbs: 0.1676 | ActorGrad: 0.2014 | CriticGrad: 0.8165 | Noise: 0.0500 | Replay: 50000 | FPS: 56.51 | ETA: 7.7 min
2026-09-16 01:26:11,155 | INFO | Steps: 124416/150000 | Episodes: 243 | LastEpReward: 18.421 | RecentReward: 28.534 | ActorLoss: -5.168390 | CriticLoss: 0.027057 | Q: 5.1569 | TargetQ: 5.1551 | TDAbs: 0.1676 | ActorGrad: 0.1550 | CriticGrad: 0.6623 | Noise: 0.0500 | Replay: 50000 | FPS: 56.56 | ETA: 7.5 min
2026-09-16 01:26:18,134 | INFO | Steps: 124928/150000 | Episodes: 244 | LastEpReward: 23.242 | RecentReward: 26.983 | ActorLoss: -5.200324 | CriticLoss: 0.027635 | Q: 5.1879 | TargetQ: 5.1840 | TDAbs: 0.1677 | ActorGrad: 0.1748 | CriticGrad: 0.7282 | Noise: 0.0500 | Replay: 50000 | FPS: 56.61 | ETA: 7.4 min
2026-09-16 01:26:25,175 | INFO | Steps: 125440/150000 | Episodes: 245 | LastEpReward: 22.927 | RecentReward: 26.466 | ActorLoss: -5.235609 | CriticLoss: 0.027069 | Q: 5.2258 | TargetQ: 5.2249 | TDAbs: 0.1683 | ActorGrad: 0.1684 | CriticGrad: 0.7024 | Noise: 0.0500 | Replay: 50000 | FPS: 56.66 | ETA: 7.2 min
2026-09-16 01:26:32,155 | INFO | Steps: 125952/150000 | Episodes: 246 | LastEpReward: 28.442 | RecentReward: 26.451 | ActorLoss: -5.236282 | CriticLoss: 0.029499 | Q: 5.2261 | TargetQ: 5.2259 | TDAbs: 0.1722 | ActorGrad: 0.1535 | CriticGrad: 0.8174 | Noise: 0.0500 | Replay: 50000 | FPS: 56.72 | ETA: 7.1 min
2026-09-16 01:26:39,210 | INFO | Steps: 126464/150000 | Episodes: 247 | LastEpReward: 36.756 | RecentReward: 27.063 | ActorLoss: -5.240972 | CriticLoss: 0.030543 | Q: 5.2307 | TargetQ: 5.2275 | TDAbs: 0.1771 | ActorGrad: 0.1665 | CriticGrad: 0.7358 | Noise: 0.0500 | Replay: 50000 | FPS: 56.77 | ETA: 6.9 min
2026-09-16 01:26:46,055 | INFO | Steps: 126976/150000 | Episodes: 248 | LastEpReward: 23.259 | RecentReward: 26.491 | ActorLoss: -5.258476 | CriticLoss: 0.029277 | Q: 5.2500 | TargetQ: 5.2492 | TDAbs: 0.1727 | ActorGrad: 0.1548 | CriticGrad: 0.7233 | Noise: 0.0500 | Replay: 50000 | FPS: 56.82 | ETA: 6.8 min
2026-09-16 01:26:53,043 | INFO | Steps: 127488/150000 | Episodes: 249 | LastEpReward: 19.392 | RecentReward: 25.161 | ActorLoss: -5.290640 | CriticLoss: 0.029693 | Q: 5.2807 | TargetQ: 5.2811 | TDAbs: 0.1747 | ActorGrad: 0.1527 | CriticGrad: 0.7556 | Noise: 0.0500 | Replay: 50000 | FPS: 56.87 | ETA: 6.6 min
2026-09-16 01:27:00,212 | INFO | 开始周期评估: Steps=128000 | Episodes=250 | EvalEpisodes=5
2026-09-16 01:27:21,150 | INFO | 周期评估完成: Steps=128000 | MeanReward=30.429 | StdReward=5.347
2026-09-16 01:27:21,158 | INFO | Steps: 128000/150000 | Episodes: 250 | LastEpReward: 37.501 | RecentReward: 25.989 | ActorLoss: -5.250962 | CriticLoss: 0.026205 | Q: 5.2411 | TargetQ: 5.2417 | TDAbs: 0.1665 | ActorGrad: 0.1702 | CriticGrad: 0.6938 | Noise: 0.0500 | Replay: 50000 | FPS: 56.39 | ETA: 6.5 min
2026-09-16 01:27:28,458 | INFO | Steps: 128512/150000 | Episodes: 251 | LastEpReward: 37.680 | RecentReward: 27.323 | ActorLoss: -5.246474 | CriticLoss: 0.027867 | Q: 5.2371 | TargetQ: 5.2364 | TDAbs: 0.1700 | ActorGrad: 0.1462 | CriticGrad: 0.7465 | Noise: 0.0500 | Replay: 50000 | FPS: 56.44 | ETA: 6.3 min
2026-09-16 01:27:35,508 | INFO | Steps: 129024/150000 | Episodes: 252 | LastEpReward: 34.403 | RecentReward: 28.202 | ActorLoss: -5.241249 | CriticLoss: 0.029124 | Q: 5.2303 | TargetQ: 5.2301 | TDAbs: 0.1740 | ActorGrad: 0.1780 | CriticGrad: 0.9092 | Noise: 0.0500 | Replay: 50000 | FPS: 56.49 | ETA: 6.2 min
2026-09-16 01:27:42,874 | INFO | Steps: 129536/150000 | Episodes: 253 | LastEpReward: 40.089 | RecentReward: 30.369 | ActorLoss: -5.309178 | CriticLoss: 0.028554 | Q: 5.2974 | TargetQ: 5.2961 | TDAbs: 0.1708 | ActorGrad: 0.1931 | CriticGrad: 0.8061 | Noise: 0.0500 | Replay: 50000 | FPS: 56.53 | ETA: 6.0 min
2026-09-16 01:27:49,902 | INFO | Steps: 130048/150000 | Episodes: 254 | LastEpReward: 29.872 | RecentReward: 31.032 | ActorLoss: -5.219261 | CriticLoss: 0.029589 | Q: 5.2082 | TargetQ: 5.2100 | TDAbs: 0.1723 | ActorGrad: 0.1840 | CriticGrad: 0.7925 | Noise: 0.0500 | Replay: 50000 | FPS: 56.58 | ETA: 5.9 min
2026-09-16 01:27:57,009 | INFO | Steps: 130560/150000 | Episodes: 255 | LastEpReward: 28.674 | RecentReward: 31.607 | ActorLoss: -5.231098 | CriticLoss: 0.026226 | Q: 5.2215 | TargetQ: 5.2208 | TDAbs: 0.1671 | ActorGrad: 0.1782 | CriticGrad: 0.7205 | Noise: 0.0500 | Replay: 50000 | FPS: 56.63 | ETA: 5.7 min
2026-09-16 01:28:04,195 | INFO | Steps: 131072/150000 | Episodes: 256 | LastEpReward: 33.557 | RecentReward: 32.118 | ActorLoss: -5.217886 | CriticLoss: 0.028531 | Q: 5.2060 | TargetQ: 5.2035 | TDAbs: 0.1684 | ActorGrad: 0.1642 | CriticGrad: 0.7487 | Noise: 0.0500 | Replay: 50000 | FPS: 56.67 | ETA: 5.6 min
2026-09-16 01:28:11,449 | INFO | Steps: 131584/150000 | Episodes: 257 | LastEpReward: 33.913 | RecentReward: 31.834 | ActorLoss: -5.250740 | CriticLoss: 0.030078 | Q: 5.2405 | TargetQ: 5.2395 | TDAbs: 0.1709 | ActorGrad: 0.1716 | CriticGrad: 0.7759 | Noise: 0.0500 | Replay: 50000 | FPS: 56.72 | ETA: 5.4 min
2026-09-16 01:28:18,439 | INFO | Steps: 132096/150000 | Episodes: 258 | LastEpReward: 28.498 | RecentReward: 32.358 | ActorLoss: -5.261599 | CriticLoss: 0.030290 | Q: 5.2500 | TargetQ: 5.2487 | TDAbs: 0.1717 | ActorGrad: 0.1879 | CriticGrad: 0.8358 | Noise: 0.0500 | Replay: 50000 | FPS: 56.77 | ETA: 5.3 min
2026-09-16 01:28:25,633 | INFO | Steps: 132608/150000 | Episodes: 259 | LastEpReward: 34.031 | RecentReward: 33.822 | ActorLoss: -5.277517 | CriticLoss: 0.028690 | Q: 5.2666 | TargetQ: 5.2678 | TDAbs: 0.1703 | ActorGrad: 0.1736 | CriticGrad: 0.7757 | Noise: 0.0500 | Replay: 50000 | FPS: 56.81 | ETA: 5.1 min
2026-09-16 01:28:32,729 | INFO | 开始周期评估: Steps=133120 | Episodes=260 | EvalEpisodes=5
2026-09-16 01:28:53,656 | INFO | 周期评估完成: Steps=133120 | MeanReward=30.272 | StdReward=4.423
2026-09-16 01:28:53,664 | INFO | Steps: 133120/150000 | Episodes: 260 | LastEpReward: 35.334 | RecentReward: 33.605 | ActorLoss: -5.269485 | CriticLoss: 0.027653 | Q: 5.2580 | TargetQ: 5.2557 | TDAbs: 0.1689 | ActorGrad: 0.2093 | CriticGrad: 0.7294 | Noise: 0.0500 | Replay: 50000 | FPS: 56.35 | ETA: 5.0 min
2026-09-16 01:29:00,748 | INFO | Steps: 133632/150000 | Episodes: 261 | LastEpReward: 30.755 | RecentReward: 32.913 | ActorLoss: -5.301266 | CriticLoss: 0.026625 | Q: 5.2885 | TargetQ: 5.2882 | TDAbs: 0.1682 | ActorGrad: 0.2027 | CriticGrad: 0.7724 | Noise: 0.0500 | Replay: 50000 | FPS: 56.40 | ETA: 4.8 min
2026-09-16 01:29:07,809 | INFO | Steps: 134144/150000 | Episodes: 262 | LastEpReward: 30.196 | RecentReward: 32.492 | ActorLoss: -5.301019 | CriticLoss: 0.028238 | Q: 5.2889 | TargetQ: 5.2901 | TDAbs: 0.1696 | ActorGrad: 0.2167 | CriticGrad: 0.8150 | Noise: 0.0500 | Replay: 50000 | FPS: 56.45 | ETA: 4.7 min
2026-09-16 01:29:14,750 | INFO | Steps: 134656/150000 | Episodes: 263 | LastEpReward: 30.979 | RecentReward: 31.581 | ActorLoss: -5.281997 | CriticLoss: 0.029541 | Q: 5.2694 | TargetQ: 5.2687 | TDAbs: 0.1725 | ActorGrad: 0.2152 | CriticGrad: 0.7899 | Noise: 0.0500 | Replay: 50000 | FPS: 56.50 | ETA: 4.5 min
2026-09-16 01:29:21,685 | INFO | Steps: 135168/150000 | Episodes: 264 | LastEpReward: 21.118 | RecentReward: 30.705 | ActorLoss: -5.303709 | CriticLoss: 0.029975 | Q: 5.2893 | TargetQ: 5.2891 | TDAbs: 0.1736 | ActorGrad: 0.2256 | CriticGrad: 0.8988 | Noise: 0.0500 | Replay: 50000 | FPS: 56.55 | ETA: 4.4 min
2026-09-16 01:29:28,674 | INFO | Steps: 135680/150000 | Episodes: 265 | LastEpReward: 30.241 | RecentReward: 30.862 | ActorLoss: -5.291094 | CriticLoss: 0.029609 | Q: 5.2780 | TargetQ: 5.2768 | TDAbs: 0.1701 | ActorGrad: 0.2226 | CriticGrad: 0.7893 | Noise: 0.0500 | Replay: 50000 | FPS: 56.60 | ETA: 4.2 min
2026-09-16 01:29:35,704 | INFO | Steps: 136192/150000 | Episodes: 266 | LastEpReward: 20.232 | RecentReward: 29.530 | ActorLoss: -5.336182 | CriticLoss: 0.029060 | Q: 5.3239 | TargetQ: 5.3243 | TDAbs: 0.1714 | ActorGrad: 0.2058 | CriticGrad: 0.7720 | Noise: 0.0500 | Replay: 50000 | FPS: 56.65 | ETA: 4.1 min
2026-09-16 01:29:42,767 | INFO | Steps: 136704/150000 | Episodes: 267 | LastEpReward: 25.166 | RecentReward: 28.655 | ActorLoss: -5.258198 | CriticLoss: 0.026403 | Q: 5.2471 | TargetQ: 5.2485 | TDAbs: 0.1700 | ActorGrad: 0.2175 | CriticGrad: 0.7847 | Noise: 0.0500 | Replay: 50000 | FPS: 56.69 | ETA: 3.9 min
2026-09-16 01:29:50,004 | INFO | Steps: 137216/150000 | Episodes: 268 | LastEpReward: 30.561 | RecentReward: 28.861 | ActorLoss: -5.255563 | CriticLoss: 0.031433 | Q: 5.2388 | TargetQ: 5.2403 | TDAbs: 0.1846 | ActorGrad: 0.2703 | CriticGrad: 0.8018 | Noise: 0.0500 | Replay: 50000 | FPS: 56.73 | ETA: 3.8 min
2026-09-16 01:29:56,993 | INFO | Steps: 137728/150000 | Episodes: 269 | LastEpReward: 11.449 | RecentReward: 26.603 | ActorLoss: -5.271771 | CriticLoss: 0.040750 | Q: 5.2693 | TargetQ: 5.2700 | TDAbs: 0.2100 | ActorGrad: 0.2144 | CriticGrad: 0.8872 | Noise: 0.0500 | Replay: 50000 | FPS: 56.78 | ETA: 3.6 min
2026-09-16 01:30:04,148 | INFO | 开始周期评估: Steps=138240 | Episodes=270 | EvalEpisodes=5
2026-09-16 01:30:25,141 | INFO | 周期评估完成: Steps=138240 | MeanReward=20.220 | StdReward=7.471
2026-09-16 01:30:25,150 | INFO | Steps: 138240/150000 | Episodes: 270 | LastEpReward: 25.078 | RecentReward: 25.578 | ActorLoss: -5.246687 | CriticLoss: 0.041024 | Q: 5.2438 | TargetQ: 5.2416 | TDAbs: 0.2089 | ActorGrad: 0.2330 | CriticGrad: 0.8014 | Noise: 0.0500 | Replay: 50000 | FPS: 56.34 | ETA: 3.5 min
2026-09-16 01:30:32,228 | INFO | Steps: 138752/150000 | Episodes: 271 | LastEpReward: 14.990 | RecentReward: 24.001 | ActorLoss: -5.217670 | CriticLoss: 0.040896 | Q: 5.2225 | TargetQ: 5.2207 | TDAbs: 0.2091 | ActorGrad: 0.2277 | CriticGrad: 0.8710 | Noise: 0.0500 | Replay: 50000 | FPS: 56.38 | ETA: 3.3 min
2026-09-16 01:30:39,309 | INFO | Steps: 139264/150000 | Episodes: 272 | LastEpReward: 14.773 | RecentReward: 22.459 | ActorLoss: -5.223982 | CriticLoss: 0.040230 | Q: 5.2323 | TargetQ: 5.2300 | TDAbs: 0.2100 | ActorGrad: 0.2603 | CriticGrad: 0.8729 | Noise: 0.0500 | Replay: 50000 | FPS: 56.43 | ETA: 3.2 min
2026-09-16 01:30:46,384 | INFO | Steps: 139776/150000 | Episodes: 273 | LastEpReward: 23.831 | RecentReward: 21.744 | ActorLoss: -5.212789 | CriticLoss: 0.039104 | Q: 5.2179 | TargetQ: 5.2154 | TDAbs: 0.2073 | ActorGrad: 0.2709 | CriticGrad: 0.8155 | Noise: 0.0500 | Replay: 50000 | FPS: 56.48 | ETA: 3.0 min
2026-09-16 01:30:53,553 | INFO | Steps: 140288/150000 | Episodes: 274 | LastEpReward: 27.319 | RecentReward: 22.364 | ActorLoss: -5.211870 | CriticLoss: 0.036928 | Q: 5.2041 | TargetQ: 5.2007 | TDAbs: 0.1968 | ActorGrad: 0.1951 | CriticGrad: 0.7480 | Noise: 0.0500 | Replay: 50000 | FPS: 56.52 | ETA: 2.9 min
2026-09-16 01:31:00,684 | INFO | Steps: 140800/150000 | Episodes: 275 | LastEpReward: 29.804 | RecentReward: 22.320 | ActorLoss: -5.206978 | CriticLoss: 0.033445 | Q: 5.1971 | TargetQ: 5.1964 | TDAbs: 0.1901 | ActorGrad: 0.1955 | CriticGrad: 0.7971 | Noise: 0.0500 | Replay: 50000 | FPS: 56.56 | ETA: 2.7 min
2026-09-16 01:31:07,767 | INFO | Steps: 141312/150000 | Episodes: 276 | LastEpReward: 28.250 | RecentReward: 23.122 | ActorLoss: -5.216173 | CriticLoss: 0.032688 | Q: 5.2035 | TargetQ: 5.2038 | TDAbs: 0.1855 | ActorGrad: 0.2006 | CriticGrad: 0.8491 | Noise: 0.0500 | Replay: 50000 | FPS: 56.61 | ETA: 2.6 min
2026-09-16 01:31:14,997 | INFO | Steps: 141824/150000 | Episodes: 277 | LastEpReward: 19.052 | RecentReward: 22.511 | ActorLoss: -5.221836 | CriticLoss: 0.033519 | Q: 5.2105 | TargetQ: 5.2114 | TDAbs: 0.1853 | ActorGrad: 0.1799 | CriticGrad: 0.7315 | Noise: 0.0500 | Replay: 50000 | FPS: 56.65 | ETA: 2.4 min
2026-09-16 01:31:22,005 | INFO | Steps: 142336/150000 | Episodes: 278 | LastEpReward: 16.943 | RecentReward: 21.149 | ActorLoss: -5.211249 | CriticLoss: 0.031587 | Q: 5.1993 | TargetQ: 5.1990 | TDAbs: 0.1827 | ActorGrad: 0.1951 | CriticGrad: 0.8176 | Noise: 0.0500 | Replay: 50000 | FPS: 56.69 | ETA: 2.3 min
2026-09-16 01:31:29,010 | INFO | Steps: 142848/150000 | Episodes: 279 | LastEpReward: 11.839 | RecentReward: 21.188 | ActorLoss: -5.216187 | CriticLoss: 0.031400 | Q: 5.2047 | TargetQ: 5.2046 | TDAbs: 0.1795 | ActorGrad: 0.1999 | CriticGrad: 0.7342 | Noise: 0.0500 | Replay: 50000 | FPS: 56.74 | ETA: 2.1 min
2026-09-16 01:31:35,980 | INFO | 开始周期评估: Steps=143360 | Episodes=280 | EvalEpisodes=5
2026-09-16 01:31:56,990 | INFO | 周期评估完成: Steps=143360 | MeanReward=26.166 | StdReward=6.084
2026-09-16 01:31:56,997 | INFO | Steps: 143360/150000 | Episodes: 280 | LastEpReward: 14.076 | RecentReward: 20.088 | ActorLoss: -5.177703 | CriticLoss: 0.031056 | Q: 5.1693 | TargetQ: 5.1674 | TDAbs: 0.1800 | ActorGrad: 0.1971 | CriticGrad: 0.8030 | Noise: 0.0500 | Replay: 50000 | FPS: 56.32 | ETA: 2.0 min
2026-09-16 01:32:04,215 | INFO | Steps: 143872/150000 | Episodes: 281 | LastEpReward: 30.410 | RecentReward: 21.630 | ActorLoss: -5.263995 | CriticLoss: 0.031164 | Q: 5.2556 | TargetQ: 5.2549 | TDAbs: 0.1820 | ActorGrad: 0.1901 | CriticGrad: 0.7796 | Noise: 0.0500 | Replay: 50000 | FPS: 56.36 | ETA: 1.8 min
2026-09-16 01:32:11,447 | INFO | Steps: 144384/150000 | Episodes: 282 | LastEpReward: 34.060 | RecentReward: 23.558 | ActorLoss: -5.302456 | CriticLoss: 0.032236 | Q: 5.2903 | TargetQ: 5.2911 | TDAbs: 0.1829 | ActorGrad: 0.1794 | CriticGrad: 0.7467 | Noise: 0.0500 | Replay: 50000 | FPS: 56.40 | ETA: 1.7 min
2026-09-16 01:32:18,565 | INFO | Steps: 144896/150000 | Episodes: 283 | LastEpReward: 32.139 | RecentReward: 24.389 | ActorLoss: -5.274705 | CriticLoss: 0.030220 | Q: 5.2664 | TargetQ: 5.2647 | TDAbs: 0.1783 | ActorGrad: 0.2109 | CriticGrad: 0.7592 | Noise: 0.0500 | Replay: 50000 | FPS: 56.44 | ETA: 1.5 min
2026-09-16 01:32:25,595 | INFO | Steps: 145408/150000 | Episodes: 284 | LastEpReward: 27.341 | RecentReward: 24.391 | ActorLoss: -5.290136 | CriticLoss: 0.031755 | Q: 5.2777 | TargetQ: 5.2766 | TDAbs: 0.1842 | ActorGrad: 0.1811 | CriticGrad: 0.7938 | Noise: 0.0500 | Replay: 50000 | FPS: 56.49 | ETA: 1.4 min
2026-09-16 01:32:32,577 | INFO | Steps: 145920/150000 | Episodes: 285 | LastEpReward: 21.687 | RecentReward: 23.580 | ActorLoss: -5.261061 | CriticLoss: 0.031813 | Q: 5.2513 | TargetQ: 5.2505 | TDAbs: 0.1845 | ActorGrad: 0.1755 | CriticGrad: 0.8222 | Noise: 0.0500 | Replay: 50000 | FPS: 56.53 | ETA: 1.2 min
2026-09-16 01:32:39,630 | INFO | Steps: 146432/150000 | Episodes: 286 | LastEpReward: 20.641 | RecentReward: 22.819 | ActorLoss: -5.295029 | CriticLoss: 0.032016 | Q: 5.2821 | TargetQ: 5.2812 | TDAbs: 0.1835 | ActorGrad: 0.1968 | CriticGrad: 0.8024 | Noise: 0.0500 | Replay: 50000 | FPS: 56.58 | ETA: 1.1 min
2026-09-16 01:32:46,610 | INFO | Steps: 146944/150000 | Episodes: 287 | LastEpReward: 23.020 | RecentReward: 23.216 | ActorLoss: -5.304035 | CriticLoss: 0.035390 | Q: 5.2892 | TargetQ: 5.2870 | TDAbs: 0.1905 | ActorGrad: 0.2709 | CriticGrad: 0.9019 | Noise: 0.0500 | Replay: 50000 | FPS: 56.62 | ETA: 0.9 min
2026-09-16 01:32:53,669 | INFO | Steps: 147456/150000 | Episodes: 288 | LastEpReward: 23.028 | RecentReward: 23.824 | ActorLoss: -5.328064 | CriticLoss: 0.033220 | Q: 5.3135 | TargetQ: 5.3133 | TDAbs: 0.1874 | ActorGrad: 0.2616 | CriticGrad: 0.8291 | Noise: 0.0500 | Replay: 50000 | FPS: 56.66 | ETA: 0.7 min
2026-09-16 01:33:00,965 | INFO | Steps: 147968/150000 | Episodes: 289 | LastEpReward: 34.642 | RecentReward: 26.104 | ActorLoss: -5.321332 | CriticLoss: 0.034762 | Q: 5.3095 | TargetQ: 5.3083 | TDAbs: 0.1905 | ActorGrad: 0.2531 | CriticGrad: 0.7907 | Noise: 0.0500 | Replay: 50000 | FPS: 56.70 | ETA: 0.6 min
2026-09-16 01:33:07,990 | INFO | 开始周期评估: Steps=148480 | Episodes=290 | EvalEpisodes=5
2026-09-16 01:33:28,908 | INFO | 周期评估完成: Steps=148480 | MeanReward=18.380 | StdReward=7.944
2026-09-16 01:33:28,916 | INFO | Steps: 148480/150000 | Episodes: 290 | LastEpReward: 26.908 | RecentReward: 27.388 | ActorLoss: -5.303572 | CriticLoss: 0.037326 | Q: 5.2903 | TargetQ: 5.2894 | TDAbs: 0.1966 | ActorGrad: 0.2671 | CriticGrad: 0.9523 | Noise: 0.0500 | Replay: 50000 | FPS: 56.30 | ETA: 0.5 min
2026-09-16 01:33:35,951 | INFO | Steps: 148992/150000 | Episodes: 291 | LastEpReward: 21.773 | RecentReward: 26.524 | ActorLoss: -5.301486 | CriticLoss: 0.038639 | Q: 5.2899 | TargetQ: 5.2902 | TDAbs: 0.1993 | ActorGrad: 0.2366 | CriticGrad: 0.8561 | Noise: 0.0500 | Replay: 50000 | FPS: 56.34 | ETA: 0.3 min
2026-09-16 01:33:42,932 | INFO | Steps: 149504/150000 | Episodes: 292 | LastEpReward: 17.538 | RecentReward: 24.872 | ActorLoss: -5.328300 | CriticLoss: 0.035941 | Q: 5.3157 | TargetQ: 5.3130 | TDAbs: 0.1942 | ActorGrad: 0.2590 | CriticGrad: 0.8578 | Noise: 0.0500 | Replay: 50000 | FPS: 56.38 | ETA: 0.1 min
2026-09-16 01:33:49,763 | INFO | Steps: 150000/150000 | Episodes: 292 | LastEpReward: 17.538 | RecentReward: 24.872 | ActorLoss: -5.281613 | CriticLoss: 0.039285 | Q: 5.2692 | TargetQ: 5.2667 | TDAbs: 0.1999 | ActorGrad: 0.2778 | CriticGrad: 0.9387 | Noise: 0.0500 | Replay: 50000 | FPS: 56.43 | ETA: 0.0 min
2026-09-16 01:34:31,895 | INFO | MADDPG 训练与评估完成，最佳权重: /home/pjpjq/LEO_switch/results/multiseed_0907/seed44/u30/learned_baselines/maddpg/maddpg_model.pt
