2026-09-15 19:52:31,605 | INFO | ============================================================
2026-09-15 19:52:31,605 | INFO | 开始训练纯 PDQN 基线
2026-09-15 19:52:31,605 | INFO | 总步数: 150000 | warmup: 1000 | batch: 128 | 日志间隔: 512 steps | 保存间隔: 50000 steps | device: cuda
2026-09-15 19:52:31,605 | INFO | ============================================================
2026-09-15 19:52:35,891 | INFO | Steps: 512/150000 | Episodes: 1 | CurrentEpReward: 0.000 | RecentReward: -20.153 | QLoss: 0.000000 | ParamLoss: 0.000000 | Epsilon: 1.0000 | Replay: 512
2026-09-15 19:52:40,400 | INFO | Steps: 1024/150000 | Episodes: 2 | CurrentEpReward: 0.000 | RecentReward: -19.392 | QLoss: 0.187713 | ParamLoss: 0.009912 | Epsilon: 0.9993 | Replay: 1024
2026-09-15 19:52:51,411 | INFO | Steps: 1536/150000 | Episodes: 3 | CurrentEpReward: 0.000 | RecentReward: -19.331 | QLoss: 0.176150 | ParamLoss: 0.004158 | Epsilon: 0.9860 | Replay: 1536
2026-09-15 19:53:02,135 | INFO | Steps: 2048/150000 | Episodes: 4 | CurrentEpReward: 0.000 | RecentReward: -18.431 | QLoss: 0.182533 | ParamLoss: 0.000304 | Epsilon: 0.9726 | Replay: 2048
2026-09-15 19:53:12,940 | INFO | Steps: 2560/150000 | Episodes: 5 | CurrentEpReward: 0.000 | RecentReward: -16.493 | QLoss: 0.182425 | ParamLoss: -0.004731 | Epsilon: 0.9592 | Replay: 2560
2026-09-15 19:53:23,611 | INFO | Steps: 3072/150000 | Episodes: 6 | CurrentEpReward: 0.000 | RecentReward: -16.710 | QLoss: 0.184698 | ParamLoss: -0.008787 | Epsilon: 0.9458 | Replay: 3072
2026-09-15 19:53:34,306 | INFO | Steps: 3584/150000 | Episodes: 7 | CurrentEpReward: 0.000 | RecentReward: -16.154 | QLoss: 0.183807 | ParamLoss: -0.013583 | Epsilon: 0.9324 | Replay: 3584
2026-09-15 19:53:44,981 | INFO | Steps: 4096/150000 | Episodes: 8 | CurrentEpReward: 0.000 | RecentReward: -15.113 | QLoss: 0.188612 | ParamLoss: -0.017579 | Epsilon: 0.9191 | Replay: 4096
2026-09-15 19:53:55,837 | INFO | Steps: 4608/150000 | Episodes: 9 | CurrentEpReward: 0.000 | RecentReward: -14.673 | QLoss: 0.189573 | ParamLoss: -0.021551 | Epsilon: 0.9057 | Replay: 4608
2026-09-15 19:54:06,441 | INFO | Steps: 5120/150000 | Episodes: 10 | CurrentEpReward: 0.000 | RecentReward: -14.484 | QLoss: 0.189034 | ParamLoss: -0.026161 | Epsilon: 0.8923 | Replay: 5120
2026-09-15 19:54:17,300 | INFO | Steps: 5632/150000 | Episodes: 11 | CurrentEpReward: 0.000 | RecentReward: -13.650 | QLoss: 0.192482 | ParamLoss: -0.029646 | Epsilon: 0.8789 | Replay: 5632
2026-09-15 19:54:28,404 | INFO | Steps: 6144/150000 | Episodes: 12 | CurrentEpReward: 0.000 | RecentReward: -13.377 | QLoss: 0.196752 | ParamLoss: -0.035855 | Epsilon: 0.8655 | Replay: 6144
2026-09-15 19:54:39,343 | INFO | Steps: 6656/150000 | Episodes: 13 | CurrentEpReward: 0.000 | RecentReward: -12.041 | QLoss: 0.195833 | ParamLoss: -0.039842 | Epsilon: 0.8522 | Replay: 6656
2026-09-15 19:54:50,153 | INFO | Steps: 7168/150000 | Episodes: 14 | CurrentEpReward: 0.000 | RecentReward: -11.066 | QLoss: 0.196536 | ParamLoss: -0.048088 | Epsilon: 0.8388 | Replay: 7168
2026-09-15 19:55:00,987 | INFO | Steps: 7680/150000 | Episodes: 15 | CurrentEpReward: 0.000 | RecentReward: -10.964 | QLoss: 0.197808 | ParamLoss: -0.056640 | Epsilon: 0.8254 | Replay: 7680
2026-09-15 19:55:11,737 | INFO | Steps: 8192/150000 | Episodes: 16 | CurrentEpReward: 0.000 | RecentReward: -9.583 | QLoss: 0.195514 | ParamLoss: -0.060452 | Epsilon: 0.8120 | Replay: 8192
2026-09-15 19:55:22,793 | INFO | Steps: 8704/150000 | Episodes: 17 | CurrentEpReward: 0.000 | RecentReward: -8.355 | QLoss: 0.199585 | ParamLoss: -0.071368 | Epsilon: 0.7986 | Replay: 8704
2026-09-15 19:55:33,650 | INFO | Steps: 9216/150000 | Episodes: 18 | CurrentEpReward: 0.000 | RecentReward: -7.633 | QLoss: 0.204101 | ParamLoss: -0.079159 | Epsilon: 0.7853 | Replay: 9216
2026-09-15 19:55:44,500 | INFO | Steps: 9728/150000 | Episodes: 19 | CurrentEpReward: 0.000 | RecentReward: -7.251 | QLoss: 0.203219 | ParamLoss: -0.085502 | Epsilon: 0.7719 | Replay: 9728
2026-09-15 19:55:55,263 | INFO | Steps: 10240/150000 | Episodes: 20 | CurrentEpReward: 0.000 | RecentReward: -6.636 | QLoss: 0.208680 | ParamLoss: -0.087885 | Epsilon: 0.7585 | Replay: 10240
2026-09-15 19:56:06,074 | INFO | Steps: 10752/150000 | Episodes: 21 | CurrentEpReward: 0.000 | RecentReward: -6.638 | QLoss: 0.208688 | ParamLoss: -0.093767 | Epsilon: 0.7451 | Replay: 10752
2026-09-15 19:56:16,971 | INFO | Steps: 11264/150000 | Episodes: 22 | CurrentEpReward: 0.000 | RecentReward: -4.767 | QLoss: 0.212746 | ParamLoss: -0.104109 | Epsilon: 0.7317 | Replay: 11264
2026-09-15 19:56:27,798 | INFO | Steps: 11776/150000 | Episodes: 23 | CurrentEpReward: 0.000 | RecentReward: -4.666 | QLoss: 0.209801 | ParamLoss: -0.108295 | Epsilon: 0.7184 | Replay: 11776
2026-09-15 19:56:38,681 | INFO | Steps: 12288/150000 | Episodes: 24 | CurrentEpReward: 0.000 | RecentReward: -4.376 | QLoss: 0.218197 | ParamLoss: -0.114016 | Epsilon: 0.7050 | Replay: 12288
2026-09-15 19:56:49,578 | INFO | Steps: 12800/150000 | Episodes: 25 | CurrentEpReward: 0.000 | RecentReward: -3.617 | QLoss: 0.226455 | ParamLoss: -0.122957 | Epsilon: 0.6916 | Replay: 12800
2026-09-15 19:57:00,445 | INFO | Steps: 13312/150000 | Episodes: 26 | CurrentEpReward: 0.000 | RecentReward: -2.692 | QLoss: 0.223063 | ParamLoss: -0.128491 | Epsilon: 0.6782 | Replay: 13312
2026-09-15 19:57:11,270 | INFO | Steps: 13824/150000 | Episodes: 27 | CurrentEpReward: 0.000 | RecentReward: -2.693 | QLoss: 0.220088 | ParamLoss: -0.136955 | Epsilon: 0.6648 | Replay: 13824
2026-09-15 19:57:22,163 | INFO | Steps: 14336/150000 | Episodes: 28 | CurrentEpReward: 0.000 | RecentReward: -2.315 | QLoss: 0.232583 | ParamLoss: -0.139973 | Epsilon: 0.6515 | Replay: 14336
2026-09-15 19:57:32,940 | INFO | Steps: 14848/150000 | Episodes: 29 | CurrentEpReward: 0.000 | RecentReward: -1.455 | QLoss: 0.226626 | ParamLoss: -0.143777 | Epsilon: 0.6381 | Replay: 14848
2026-09-15 19:57:43,840 | INFO | Steps: 15360/150000 | Episodes: 30 | CurrentEpReward: 0.000 | RecentReward: 0.526 | QLoss: 0.228242 | ParamLoss: -0.143316 | Epsilon: 0.6247 | Replay: 15360
2026-09-15 19:57:54,656 | INFO | Steps: 15872/150000 | Episodes: 31 | CurrentEpReward: 0.000 | RecentReward: 2.248 | QLoss: 0.232380 | ParamLoss: -0.149773 | Epsilon: 0.6113 | Replay: 15872
2026-09-15 19:58:05,507 | INFO | Steps: 16384/150000 | Episodes: 32 | CurrentEpReward: 0.000 | RecentReward: 2.101 | QLoss: 0.242592 | ParamLoss: -0.154412 | Epsilon: 0.5979 | Replay: 16384
2026-09-15 19:58:16,381 | INFO | Steps: 16896/150000 | Episodes: 33 | CurrentEpReward: 0.000 | RecentReward: 3.108 | QLoss: 0.230909 | ParamLoss: -0.159421 | Epsilon: 0.5846 | Replay: 16896
2026-09-15 19:58:27,356 | INFO | Steps: 17408/150000 | Episodes: 34 | CurrentEpReward: 0.000 | RecentReward: 4.796 | QLoss: 0.238114 | ParamLoss: -0.167274 | Epsilon: 0.5712 | Replay: 17408
2026-09-15 19:58:38,389 | INFO | Steps: 17920/150000 | Episodes: 35 | CurrentEpReward: 0.000 | RecentReward: 6.599 | QLoss: 0.243121 | ParamLoss: -0.174414 | Epsilon: 0.5578 | Replay: 17920
2026-09-15 19:58:49,215 | INFO | Steps: 18432/150000 | Episodes: 36 | CurrentEpReward: 0.000 | RecentReward: 6.926 | QLoss: 0.249959 | ParamLoss: -0.182453 | Epsilon: 0.5444 | Replay: 18432
2026-09-15 19:58:59,994 | INFO | Steps: 18944/150000 | Episodes: 37 | CurrentEpReward: 0.000 | RecentReward: 7.589 | QLoss: 0.260355 | ParamLoss: -0.187339 | Epsilon: 0.5310 | Replay: 18944
2026-09-15 19:59:10,721 | INFO | Steps: 19456/150000 | Episodes: 38 | CurrentEpReward: 0.000 | RecentReward: 7.866 | QLoss: 0.252423 | ParamLoss: -0.194238 | Epsilon: 0.5177 | Replay: 19456
2026-09-15 19:59:21,783 | INFO | Steps: 19968/150000 | Episodes: 39 | CurrentEpReward: 0.000 | RecentReward: 9.057 | QLoss: 0.258262 | ParamLoss: -0.202409 | Epsilon: 0.5043 | Replay: 19968
2026-09-15 19:59:32,754 | INFO | Steps: 20480/150000 | Episodes: 40 | CurrentEpReward: 0.000 | RecentReward: 8.596 | QLoss: 0.267246 | ParamLoss: -0.213942 | Epsilon: 0.4909 | Replay: 20480
2026-09-15 19:59:43,595 | INFO | Steps: 20992/150000 | Episodes: 41 | CurrentEpReward: 0.000 | RecentReward: 9.817 | QLoss: 0.257856 | ParamLoss: -0.217137 | Epsilon: 0.4775 | Replay: 20992
2026-09-15 19:59:54,665 | INFO | Steps: 21504/150000 | Episodes: 42 | CurrentEpReward: 0.000 | RecentReward: 11.602 | QLoss: 0.264153 | ParamLoss: -0.229345 | Epsilon: 0.4641 | Replay: 21504
2026-09-15 20:00:05,697 | INFO | Steps: 22016/150000 | Episodes: 43 | CurrentEpReward: 0.000 | RecentReward: 13.541 | QLoss: 0.268936 | ParamLoss: -0.236705 | Epsilon: 0.4508 | Replay: 22016
2026-09-15 20:00:16,588 | INFO | Steps: 22528/150000 | Episodes: 44 | CurrentEpReward: 0.000 | RecentReward: 13.801 | QLoss: 0.274737 | ParamLoss: -0.244525 | Epsilon: 0.4374 | Replay: 22528
2026-09-15 20:00:27,405 | INFO | Steps: 23040/150000 | Episodes: 45 | CurrentEpReward: 0.000 | RecentReward: 14.230 | QLoss: 0.270575 | ParamLoss: -0.250068 | Epsilon: 0.4240 | Replay: 23040
2026-09-15 20:00:38,282 | INFO | Steps: 23552/150000 | Episodes: 46 | CurrentEpReward: 0.000 | RecentReward: 15.478 | QLoss: 0.278235 | ParamLoss: -0.257955 | Epsilon: 0.4106 | Replay: 23552
2026-09-15 20:00:49,081 | INFO | Steps: 24064/150000 | Episodes: 47 | CurrentEpReward: 0.000 | RecentReward: 17.108 | QLoss: 0.299105 | ParamLoss: -0.265686 | Epsilon: 0.3972 | Replay: 24064
2026-09-15 20:00:59,946 | INFO | Steps: 24576/150000 | Episodes: 48 | CurrentEpReward: 0.000 | RecentReward: 18.632 | QLoss: 0.281886 | ParamLoss: -0.271079 | Epsilon: 0.3839 | Replay: 24576
2026-09-15 20:01:10,856 | INFO | Steps: 25088/150000 | Episodes: 49 | CurrentEpReward: 0.000 | RecentReward: 19.772 | QLoss: 0.297512 | ParamLoss: -0.279026 | Epsilon: 0.3705 | Replay: 25088
2026-09-15 20:01:21,636 | INFO | Steps: 25600/150000 | Episodes: 50 | CurrentEpReward: 0.000 | RecentReward: 21.509 | QLoss: 0.288908 | ParamLoss: -0.285101 | Epsilon: 0.3571 | Replay: 25600
2026-09-15 20:01:32,536 | INFO | Steps: 26112/150000 | Episodes: 51 | CurrentEpReward: 0.000 | RecentReward: 22.385 | QLoss: 0.303969 | ParamLoss: -0.287306 | Epsilon: 0.3437 | Replay: 26112
2026-09-15 20:01:43,492 | INFO | Steps: 26624/150000 | Episodes: 52 | CurrentEpReward: 0.000 | RecentReward: 23.364 | QLoss: 0.292633 | ParamLoss: -0.294141 | Epsilon: 0.3303 | Replay: 26624
2026-09-15 20:01:54,362 | INFO | Steps: 27136/150000 | Episodes: 53 | CurrentEpReward: 0.000 | RecentReward: 24.111 | QLoss: 0.280560 | ParamLoss: -0.302621 | Epsilon: 0.3170 | Replay: 27136
2026-09-15 20:02:05,205 | INFO | Steps: 27648/150000 | Episodes: 54 | CurrentEpReward: 0.000 | RecentReward: 25.197 | QLoss: 0.296454 | ParamLoss: -0.307311 | Epsilon: 0.3036 | Replay: 27648
2026-09-15 20:02:16,029 | INFO | Steps: 28160/150000 | Episodes: 55 | CurrentEpReward: 0.000 | RecentReward: 26.072 | QLoss: 0.286825 | ParamLoss: -0.311100 | Epsilon: 0.2902 | Replay: 28160
2026-09-15 20:02:27,211 | INFO | Steps: 28672/150000 | Episodes: 56 | CurrentEpReward: 0.000 | RecentReward: 27.552 | QLoss: 0.302058 | ParamLoss: -0.315069 | Epsilon: 0.2768 | Replay: 28672
2026-09-15 20:02:38,197 | INFO | Steps: 29184/150000 | Episodes: 57 | CurrentEpReward: 0.000 | RecentReward: 29.418 | QLoss: 0.307334 | ParamLoss: -0.322458 | Epsilon: 0.2634 | Replay: 29184
2026-09-15 20:02:49,060 | INFO | Steps: 29696/150000 | Episodes: 58 | CurrentEpReward: 0.000 | RecentReward: 30.086 | QLoss: 0.301315 | ParamLoss: -0.330026 | Epsilon: 0.2501 | Replay: 29696
2026-09-15 20:02:59,849 | INFO | Steps: 30208/150000 | Episodes: 59 | CurrentEpReward: 0.000 | RecentReward: 31.957 | QLoss: 0.304388 | ParamLoss: -0.340266 | Epsilon: 0.2367 | Replay: 30208
2026-09-15 20:03:10,703 | INFO | Steps: 30720/150000 | Episodes: 60 | CurrentEpReward: 0.000 | RecentReward: 33.355 | QLoss: 0.285731 | ParamLoss: -0.352253 | Epsilon: 0.2233 | Replay: 30720
2026-09-15 20:03:21,463 | INFO | Steps: 31232/150000 | Episodes: 61 | CurrentEpReward: 0.000 | RecentReward: 34.653 | QLoss: 0.293778 | ParamLoss: -0.359256 | Epsilon: 0.2099 | Replay: 31232
2026-09-15 20:03:32,361 | INFO | Steps: 31744/150000 | Episodes: 62 | CurrentEpReward: 0.000 | RecentReward: 35.394 | QLoss: 0.309903 | ParamLoss: -0.366400 | Epsilon: 0.1965 | Replay: 31744
2026-09-15 20:03:43,319 | INFO | Steps: 32256/150000 | Episodes: 63 | CurrentEpReward: 0.000 | RecentReward: 36.477 | QLoss: 0.293734 | ParamLoss: -0.384715 | Epsilon: 0.1832 | Replay: 32256
2026-09-15 20:03:54,140 | INFO | Steps: 32768/150000 | Episodes: 64 | CurrentEpReward: 0.000 | RecentReward: 37.804 | QLoss: 0.303912 | ParamLoss: -0.387322 | Epsilon: 0.1698 | Replay: 32768
2026-09-15 20:04:05,036 | INFO | Steps: 33280/150000 | Episodes: 65 | CurrentEpReward: 0.000 | RecentReward: 38.813 | QLoss: 0.301727 | ParamLoss: -0.393649 | Epsilon: 0.1564 | Replay: 33280
2026-09-15 20:04:15,897 | INFO | Steps: 33792/150000 | Episodes: 66 | CurrentEpReward: 0.000 | RecentReward: 40.880 | QLoss: 0.304201 | ParamLoss: -0.399892 | Epsilon: 0.1430 | Replay: 33792
2026-09-15 20:04:26,818 | INFO | Steps: 34304/150000 | Episodes: 67 | CurrentEpReward: 0.000 | RecentReward: 42.369 | QLoss: 0.294422 | ParamLoss: -0.409715 | Epsilon: 0.1296 | Replay: 34304
2026-09-15 20:04:37,956 | INFO | Steps: 34816/150000 | Episodes: 68 | CurrentEpReward: 0.000 | RecentReward: 44.902 | QLoss: 0.311330 | ParamLoss: -0.410772 | Epsilon: 0.1162 | Replay: 34816
2026-09-15 20:04:49,073 | INFO | Steps: 35328/150000 | Episodes: 69 | CurrentEpReward: 0.000 | RecentReward: 47.007 | QLoss: 0.305903 | ParamLoss: -0.414233 | Epsilon: 0.1029 | Replay: 35328
2026-09-15 20:04:59,848 | INFO | Steps: 35840/150000 | Episodes: 70 | CurrentEpReward: 0.000 | RecentReward: 48.922 | QLoss: 0.319189 | ParamLoss: -0.427158 | Epsilon: 0.0895 | Replay: 35840
2026-09-15 20:05:10,614 | INFO | Steps: 36352/150000 | Episodes: 71 | CurrentEpReward: 0.000 | RecentReward: 50.943 | QLoss: 0.301050 | ParamLoss: -0.436315 | Epsilon: 0.0761 | Replay: 36352
2026-09-15 20:05:21,472 | INFO | Steps: 36864/150000 | Episodes: 72 | CurrentEpReward: 0.000 | RecentReward: 53.301 | QLoss: 0.292888 | ParamLoss: -0.434814 | Epsilon: 0.0627 | Replay: 36864
2026-09-15 20:05:32,375 | INFO | Steps: 37376/150000 | Episodes: 73 | CurrentEpReward: 0.000 | RecentReward: 55.902 | QLoss: 0.293828 | ParamLoss: -0.444786 | Epsilon: 0.0493 | Replay: 37376
2026-09-15 20:05:43,279 | INFO | Steps: 37888/150000 | Episodes: 74 | CurrentEpReward: 0.000 | RecentReward: 58.345 | QLoss: 0.333012 | ParamLoss: -0.448695 | Epsilon: 0.0360 | Replay: 37888
2026-09-15 20:05:54,126 | INFO | Steps: 38400/150000 | Episodes: 75 | CurrentEpReward: 0.000 | RecentReward: 61.176 | QLoss: 0.316769 | ParamLoss: -0.450599 | Epsilon: 0.0226 | Replay: 38400
2026-09-15 20:06:04,857 | INFO | Steps: 38912/150000 | Episodes: 76 | CurrentEpReward: 0.000 | RecentReward: 62.815 | QLoss: 0.311840 | ParamLoss: -0.456827 | Epsilon: 0.0200 | Replay: 38912
2026-09-15 20:06:15,855 | INFO | Steps: 39424/150000 | Episodes: 77 | CurrentEpReward: 0.000 | RecentReward: 65.069 | QLoss: 0.313201 | ParamLoss: -0.469829 | Epsilon: 0.0200 | Replay: 39424
2026-09-15 20:06:26,695 | INFO | Steps: 39936/150000 | Episodes: 78 | CurrentEpReward: 0.000 | RecentReward: 66.184 | QLoss: 0.312465 | ParamLoss: -0.479958 | Epsilon: 0.0200 | Replay: 39936
2026-09-15 20:06:37,602 | INFO | Steps: 40448/150000 | Episodes: 79 | CurrentEpReward: 0.000 | RecentReward: 67.506 | QLoss: 0.315056 | ParamLoss: -0.482007 | Epsilon: 0.0200 | Replay: 40448
2026-09-15 20:06:48,424 | INFO | Steps: 40960/150000 | Episodes: 80 | CurrentEpReward: 0.000 | RecentReward: 68.922 | QLoss: 0.322630 | ParamLoss: -0.483598 | Epsilon: 0.0200 | Replay: 40960
2026-09-15 20:06:59,191 | INFO | Steps: 41472/150000 | Episodes: 81 | CurrentEpReward: 0.000 | RecentReward: 70.520 | QLoss: 0.336610 | ParamLoss: -0.489679 | Epsilon: 0.0200 | Replay: 41472
2026-09-15 20:07:10,102 | INFO | Steps: 41984/150000 | Episodes: 82 | CurrentEpReward: 0.000 | RecentReward: 71.637 | QLoss: 0.312230 | ParamLoss: -0.498204 | Epsilon: 0.0200 | Replay: 41984
2026-09-15 20:07:20,915 | INFO | Steps: 42496/150000 | Episodes: 83 | CurrentEpReward: 0.000 | RecentReward: 72.319 | QLoss: 0.316677 | ParamLoss: -0.503768 | Epsilon: 0.0200 | Replay: 42496
2026-09-15 20:07:31,842 | INFO | Steps: 43008/150000 | Episodes: 84 | CurrentEpReward: 0.000 | RecentReward: 73.675 | QLoss: 0.322328 | ParamLoss: -0.523633 | Epsilon: 0.0200 | Replay: 43008
2026-09-15 20:07:42,749 | INFO | Steps: 43520/150000 | Episodes: 85 | CurrentEpReward: 0.000 | RecentReward: 74.381 | QLoss: 0.316105 | ParamLoss: -0.537677 | Epsilon: 0.0200 | Replay: 43520
2026-09-15 20:07:53,862 | INFO | Steps: 44032/150000 | Episodes: 86 | CurrentEpReward: 0.000 | RecentReward: 75.799 | QLoss: 0.338539 | ParamLoss: -0.536512 | Epsilon: 0.0200 | Replay: 44032
2026-09-15 20:08:04,880 | INFO | Steps: 44544/150000 | Episodes: 87 | CurrentEpReward: 0.000 | RecentReward: 76.543 | QLoss: 0.320741 | ParamLoss: -0.540740 | Epsilon: 0.0200 | Replay: 44544
2026-09-15 20:08:15,850 | INFO | Steps: 45056/150000 | Episodes: 88 | CurrentEpReward: 0.000 | RecentReward: 77.831 | QLoss: 0.307310 | ParamLoss: -0.550131 | Epsilon: 0.0200 | Replay: 45056
2026-09-15 20:08:26,633 | INFO | Steps: 45568/150000 | Episodes: 89 | CurrentEpReward: 0.000 | RecentReward: 77.655 | QLoss: 0.305151 | ParamLoss: -0.554909 | Epsilon: 0.0200 | Replay: 45568
2026-09-15 20:08:37,586 | INFO | Steps: 46080/150000 | Episodes: 90 | CurrentEpReward: 0.000 | RecentReward: 78.650 | QLoss: 0.315035 | ParamLoss: -0.567499 | Epsilon: 0.0200 | Replay: 46080
2026-09-15 20:08:48,452 | INFO | Steps: 46592/150000 | Episodes: 91 | CurrentEpReward: 0.000 | RecentReward: 78.831 | QLoss: 0.346553 | ParamLoss: -0.589282 | Epsilon: 0.0200 | Replay: 46592
2026-09-15 20:08:59,415 | INFO | Steps: 47104/150000 | Episodes: 92 | CurrentEpReward: 0.000 | RecentReward: 79.823 | QLoss: 0.331135 | ParamLoss: -0.593135 | Epsilon: 0.0200 | Replay: 47104
2026-09-15 20:09:10,285 | INFO | Steps: 47616/150000 | Episodes: 93 | CurrentEpReward: 0.000 | RecentReward: 80.222 | QLoss: 0.383343 | ParamLoss: -0.609672 | Epsilon: 0.0200 | Replay: 47616
2026-09-15 20:09:21,244 | INFO | Steps: 48128/150000 | Episodes: 94 | CurrentEpReward: 0.000 | RecentReward: 79.786 | QLoss: 0.372311 | ParamLoss: -0.621426 | Epsilon: 0.0200 | Replay: 48128
2026-09-15 20:09:32,176 | INFO | Steps: 48640/150000 | Episodes: 95 | CurrentEpReward: 0.000 | RecentReward: 79.826 | QLoss: 0.368650 | ParamLoss: -0.627059 | Epsilon: 0.0200 | Replay: 48640
2026-09-15 20:09:43,035 | INFO | Steps: 49152/150000 | Episodes: 96 | CurrentEpReward: 0.000 | RecentReward: 79.358 | QLoss: 0.356076 | ParamLoss: -0.639449 | Epsilon: 0.0200 | Replay: 49152
2026-09-15 20:09:53,811 | INFO | Steps: 49664/150000 | Episodes: 97 | CurrentEpReward: 0.000 | RecentReward: 77.270 | QLoss: 0.370405 | ParamLoss: -0.645297 | Epsilon: 0.0200 | Replay: 49664
2026-09-15 20:10:24,762 | INFO | 新的最佳模型 (reward): 81.786，保存至 /home/pjpjq/LEO_switch/results/multiseed_0907/seed43/u30/learned_baselines/pdqn/best_model.pt
2026-09-15 20:10:24,766 | INFO | 周期权重已保存: /home/pjpjq/LEO_switch/results/multiseed_0907/seed43/u30/learned_baselines/pdqn/checkpoint_50000.pt
2026-09-15 20:10:28,566 | INFO | Steps: 50176/150000 | Episodes: 98 | CurrentEpReward: 0.000 | RecentReward: 77.978 | QLoss: 0.365107 | ParamLoss: -0.658170 | Epsilon: 0.0200 | Replay: 50000
2026-09-15 20:10:39,552 | INFO | Steps: 50688/150000 | Episodes: 99 | CurrentEpReward: 0.000 | RecentReward: 79.037 | QLoss: 0.396420 | ParamLoss: -0.675937 | Epsilon: 0.0200 | Replay: 50000
2026-09-15 20:10:50,459 | INFO | Steps: 51200/150000 | Episodes: 100 | CurrentEpReward: 0.000 | RecentReward: 78.676 | QLoss: 0.333126 | ParamLoss: -0.672374 | Epsilon: 0.0200 | Replay: 50000
2026-09-15 20:11:01,629 | INFO | Steps: 51712/150000 | Episodes: 101 | CurrentEpReward: 0.000 | RecentReward: 79.906 | QLoss: 0.356442 | ParamLoss: -0.678279 | Epsilon: 0.0200 | Replay: 50000
2026-09-15 20:11:12,610 | INFO | Steps: 52224/150000 | Episodes: 102 | CurrentEpReward: 0.000 | RecentReward: 79.661 | QLoss: 0.349029 | ParamLoss: -0.685020 | Epsilon: 0.0200 | Replay: 50000
2026-09-15 20:11:23,700 | INFO | Steps: 52736/150000 | Episodes: 103 | CurrentEpReward: 0.000 | RecentReward: 79.979 | QLoss: 0.354927 | ParamLoss: -0.700218 | Epsilon: 0.0200 | Replay: 50000
2026-09-15 20:11:34,593 | INFO | Steps: 53248/150000 | Episodes: 104 | CurrentEpReward: 0.000 | RecentReward: 80.529 | QLoss: 0.317044 | ParamLoss: -0.690456 | Epsilon: 0.0200 | Replay: 50000
2026-09-15 20:11:45,524 | INFO | Steps: 53760/150000 | Episodes: 105 | CurrentEpReward: 0.000 | RecentReward: 81.161 | QLoss: 0.362543 | ParamLoss: -0.693648 | Epsilon: 0.0200 | Replay: 50000
2026-09-15 20:11:56,637 | INFO | Steps: 54272/150000 | Episodes: 106 | CurrentEpReward: 0.000 | RecentReward: 80.353 | QLoss: 0.354747 | ParamLoss: -0.698031 | Epsilon: 0.0200 | Replay: 50000
2026-09-15 20:12:07,516 | INFO | Steps: 54784/150000 | Episodes: 107 | CurrentEpReward: 0.000 | RecentReward: 82.283 | QLoss: 0.356914 | ParamLoss: -0.703713 | Epsilon: 0.0200 | Replay: 50000
2026-09-15 20:12:18,770 | INFO | Steps: 55296/150000 | Episodes: 108 | CurrentEpReward: 0.000 | RecentReward: 81.741 | QLoss: 0.382900 | ParamLoss: -0.714662 | Epsilon: 0.0200 | Replay: 50000
2026-09-15 20:12:29,747 | INFO | Steps: 55808/150000 | Episodes: 109 | CurrentEpReward: 0.000 | RecentReward: 81.280 | QLoss: 0.421427 | ParamLoss: -0.721636 | Epsilon: 0.0200 | Replay: 50000
2026-09-15 20:12:40,613 | INFO | Steps: 56320/150000 | Episodes: 110 | CurrentEpReward: 0.000 | RecentReward: 81.549 | QLoss: 0.442477 | ParamLoss: -0.717829 | Epsilon: 0.0200 | Replay: 50000
2026-09-15 20:12:51,494 | INFO | Steps: 56832/150000 | Episodes: 111 | CurrentEpReward: 0.000 | RecentReward: 80.557 | QLoss: 0.346833 | ParamLoss: -0.731709 | Epsilon: 0.0200 | Replay: 50000
2026-09-15 20:13:02,293 | INFO | Steps: 57344/150000 | Episodes: 112 | CurrentEpReward: 0.000 | RecentReward: 80.797 | QLoss: 0.335361 | ParamLoss: -0.742227 | Epsilon: 0.0200 | Replay: 50000
2026-09-15 20:13:13,171 | INFO | Steps: 57856/150000 | Episodes: 113 | CurrentEpReward: 0.000 | RecentReward: 79.776 | QLoss: 0.359478 | ParamLoss: -0.744479 | Epsilon: 0.0200 | Replay: 50000
2026-09-15 20:13:24,145 | INFO | Steps: 58368/150000 | Episodes: 114 | CurrentEpReward: 0.000 | RecentReward: 80.011 | QLoss: 0.390447 | ParamLoss: -0.755312 | Epsilon: 0.0200 | Replay: 50000
2026-09-15 20:13:35,098 | INFO | Steps: 58880/150000 | Episodes: 115 | CurrentEpReward: 0.000 | RecentReward: 79.603 | QLoss: 0.402806 | ParamLoss: -0.769246 | Epsilon: 0.0200 | Replay: 50000
2026-09-15 20:13:45,949 | INFO | Steps: 59392/150000 | Episodes: 116 | CurrentEpReward: 0.000 | RecentReward: 79.814 | QLoss: 0.406396 | ParamLoss: -0.775784 | Epsilon: 0.0200 | Replay: 50000
2026-09-15 20:13:56,797 | INFO | Steps: 59904/150000 | Episodes: 117 | CurrentEpReward: 0.000 | RecentReward: 78.158 | QLoss: 0.368251 | ParamLoss: -0.783623 | Epsilon: 0.0200 | Replay: 50000
2026-09-15 20:14:07,981 | INFO | Steps: 60416/150000 | Episodes: 118 | CurrentEpReward: 0.000 | RecentReward: 78.826 | QLoss: 0.368496 | ParamLoss: -0.795830 | Epsilon: 0.0200 | Replay: 50000
2026-09-15 20:14:18,842 | INFO | Steps: 60928/150000 | Episodes: 119 | CurrentEpReward: 0.000 | RecentReward: 78.809 | QLoss: 0.395658 | ParamLoss: -0.787082 | Epsilon: 0.0200 | Replay: 50000
2026-09-15 20:14:29,692 | INFO | Steps: 61440/150000 | Episodes: 120 | CurrentEpReward: 0.000 | RecentReward: 78.471 | QLoss: 0.380616 | ParamLoss: -0.790080 | Epsilon: 0.0200 | Replay: 50000
2026-09-15 20:14:40,726 | INFO | Steps: 61952/150000 | Episodes: 121 | CurrentEpReward: 0.000 | RecentReward: 78.946 | QLoss: 0.411632 | ParamLoss: -0.796431 | Epsilon: 0.0200 | Replay: 50000
2026-09-15 20:14:51,608 | INFO | Steps: 62464/150000 | Episodes: 122 | CurrentEpReward: 0.000 | RecentReward: 78.591 | QLoss: 0.383828 | ParamLoss: -0.799344 | Epsilon: 0.0200 | Replay: 50000
2026-09-15 20:15:02,553 | INFO | Steps: 62976/150000 | Episodes: 123 | CurrentEpReward: 0.000 | RecentReward: 80.073 | QLoss: 0.399203 | ParamLoss: -0.804485 | Epsilon: 0.0200 | Replay: 50000
2026-09-15 20:15:13,500 | INFO | Steps: 63488/150000 | Episodes: 124 | CurrentEpReward: 0.000 | RecentReward: 79.441 | QLoss: 0.355909 | ParamLoss: -0.806754 | Epsilon: 0.0200 | Replay: 50000
2026-09-15 20:15:24,753 | INFO | Steps: 64000/150000 | Episodes: 125 | CurrentEpReward: 0.000 | RecentReward: 79.962 | QLoss: 0.391473 | ParamLoss: -0.822009 | Epsilon: 0.0200 | Replay: 50000
2026-09-15 20:15:35,650 | INFO | Steps: 64512/150000 | Episodes: 126 | CurrentEpReward: 0.000 | RecentReward: 79.880 | QLoss: 0.410786 | ParamLoss: -0.817846 | Epsilon: 0.0200 | Replay: 50000
2026-09-15 20:15:46,684 | INFO | Steps: 65024/150000 | Episodes: 127 | CurrentEpReward: 0.000 | RecentReward: 81.440 | QLoss: 0.405719 | ParamLoss: -0.824581 | Epsilon: 0.0200 | Replay: 50000
2026-09-15 20:15:57,593 | INFO | Steps: 65536/150000 | Episodes: 128 | CurrentEpReward: 0.000 | RecentReward: 80.654 | QLoss: 0.395625 | ParamLoss: -0.833172 | Epsilon: 0.0200 | Replay: 50000
2026-09-15 20:16:08,590 | INFO | Steps: 66048/150000 | Episodes: 129 | CurrentEpReward: 0.000 | RecentReward: 81.338 | QLoss: 0.471617 | ParamLoss: -0.844036 | Epsilon: 0.0200 | Replay: 50000
2026-09-15 20:16:19,734 | INFO | Steps: 66560/150000 | Episodes: 130 | CurrentEpReward: 0.000 | RecentReward: 82.429 | QLoss: 0.424474 | ParamLoss: -0.850615 | Epsilon: 0.0200 | Replay: 50000
2026-09-15 20:16:30,802 | INFO | Steps: 67072/150000 | Episodes: 131 | CurrentEpReward: 0.000 | RecentReward: 82.232 | QLoss: 0.437984 | ParamLoss: -0.858159 | Epsilon: 0.0200 | Replay: 50000
2026-09-15 20:16:41,979 | INFO | Steps: 67584/150000 | Episodes: 132 | CurrentEpReward: 0.000 | RecentReward: 83.061 | QLoss: 0.438170 | ParamLoss: -0.868668 | Epsilon: 0.0200 | Replay: 50000
2026-09-15 20:16:53,229 | INFO | Steps: 68096/150000 | Episodes: 133 | CurrentEpReward: 0.000 | RecentReward: 82.744 | QLoss: 0.455913 | ParamLoss: -0.881108 | Epsilon: 0.0200 | Replay: 50000
2026-09-15 20:17:04,051 | INFO | Steps: 68608/150000 | Episodes: 134 | CurrentEpReward: 0.000 | RecentReward: 83.195 | QLoss: 0.389148 | ParamLoss: -0.878940 | Epsilon: 0.0200 | Replay: 50000
2026-09-15 20:17:14,899 | INFO | Steps: 69120/150000 | Episodes: 135 | CurrentEpReward: 0.000 | RecentReward: 81.905 | QLoss: 0.423989 | ParamLoss: -0.879731 | Epsilon: 0.0200 | Replay: 50000
2026-09-15 20:17:25,957 | INFO | Steps: 69632/150000 | Episodes: 136 | CurrentEpReward: 0.000 | RecentReward: 83.255 | QLoss: 0.388800 | ParamLoss: -0.893704 | Epsilon: 0.0200 | Replay: 50000
2026-09-15 20:17:36,937 | INFO | Steps: 70144/150000 | Episodes: 137 | CurrentEpReward: 0.000 | RecentReward: 83.114 | QLoss: 0.482177 | ParamLoss: -0.910268 | Epsilon: 0.0200 | Replay: 50000
2026-09-15 20:17:47,937 | INFO | Steps: 70656/150000 | Episodes: 138 | CurrentEpReward: 0.000 | RecentReward: 83.947 | QLoss: 0.462253 | ParamLoss: -0.920100 | Epsilon: 0.0200 | Replay: 50000
2026-09-15 20:17:58,922 | INFO | Steps: 71168/150000 | Episodes: 139 | CurrentEpReward: 0.000 | RecentReward: 83.186 | QLoss: 0.367175 | ParamLoss: -0.925418 | Epsilon: 0.0200 | Replay: 50000
2026-09-15 20:18:09,777 | INFO | Steps: 71680/150000 | Episodes: 140 | CurrentEpReward: 0.000 | RecentReward: 81.523 | QLoss: 0.359674 | ParamLoss: -0.923786 | Epsilon: 0.0200 | Replay: 50000
2026-09-15 20:18:20,883 | INFO | Steps: 72192/150000 | Episodes: 141 | CurrentEpReward: 0.000 | RecentReward: 82.070 | QLoss: 0.413168 | ParamLoss: -0.939617 | Epsilon: 0.0200 | Replay: 50000
2026-09-15 20:18:31,826 | INFO | Steps: 72704/150000 | Episodes: 142 | CurrentEpReward: 0.000 | RecentReward: 81.560 | QLoss: 0.467007 | ParamLoss: -0.952506 | Epsilon: 0.0200 | Replay: 50000
2026-09-15 20:18:42,710 | INFO | Steps: 73216/150000 | Episodes: 143 | CurrentEpReward: 0.000 | RecentReward: 80.589 | QLoss: 0.382165 | ParamLoss: -0.963774 | Epsilon: 0.0200 | Replay: 50000
2026-09-15 20:18:53,586 | INFO | Steps: 73728/150000 | Episodes: 144 | CurrentEpReward: 0.000 | RecentReward: 79.788 | QLoss: 0.416799 | ParamLoss: -0.963766 | Epsilon: 0.0200 | Replay: 50000
2026-09-15 20:19:04,503 | INFO | Steps: 74240/150000 | Episodes: 145 | CurrentEpReward: 0.000 | RecentReward: 80.904 | QLoss: 0.454706 | ParamLoss: -0.971462 | Epsilon: 0.0200 | Replay: 50000
2026-09-15 20:19:15,712 | INFO | Steps: 74752/150000 | Episodes: 146 | CurrentEpReward: 0.000 | RecentReward: 81.203 | QLoss: 0.451838 | ParamLoss: -0.973792 | Epsilon: 0.0200 | Replay: 50000
2026-09-15 20:19:26,759 | INFO | Steps: 75264/150000 | Episodes: 147 | CurrentEpReward: 0.000 | RecentReward: 81.284 | QLoss: 0.376138 | ParamLoss: -0.974703 | Epsilon: 0.0200 | Replay: 50000
2026-09-15 20:19:37,892 | INFO | Steps: 75776/150000 | Episodes: 148 | CurrentEpReward: 0.000 | RecentReward: 80.984 | QLoss: 0.445940 | ParamLoss: -0.967781 | Epsilon: 0.0200 | Replay: 50000
2026-09-15 20:19:48,952 | INFO | Steps: 76288/150000 | Episodes: 149 | CurrentEpReward: 0.000 | RecentReward: 81.368 | QLoss: 0.473213 | ParamLoss: -0.977165 | Epsilon: 0.0200 | Replay: 50000
2026-09-15 20:20:00,134 | INFO | Steps: 76800/150000 | Episodes: 150 | CurrentEpReward: 0.000 | RecentReward: 82.958 | QLoss: 0.491674 | ParamLoss: -0.992891 | Epsilon: 0.0200 | Replay: 50000
2026-09-15 20:20:11,141 | INFO | Steps: 77312/150000 | Episodes: 151 | CurrentEpReward: 0.000 | RecentReward: 81.102 | QLoss: 0.473327 | ParamLoss: -0.992174 | Epsilon: 0.0200 | Replay: 50000
2026-09-15 20:20:22,140 | INFO | Steps: 77824/150000 | Episodes: 152 | CurrentEpReward: 0.000 | RecentReward: 80.506 | QLoss: 0.528913 | ParamLoss: -1.000739 | Epsilon: 0.0200 | Replay: 50000
2026-09-15 20:20:33,143 | INFO | Steps: 78336/150000 | Episodes: 153 | CurrentEpReward: 0.000 | RecentReward: 80.227 | QLoss: 0.538043 | ParamLoss: -1.005797 | Epsilon: 0.0200 | Replay: 50000
2026-09-15 20:20:44,301 | INFO | Steps: 78848/150000 | Episodes: 154 | CurrentEpReward: 0.000 | RecentReward: 81.757 | QLoss: 0.441516 | ParamLoss: -1.014804 | Epsilon: 0.0200 | Replay: 50000
2026-09-15 20:20:55,488 | INFO | Steps: 79360/150000 | Episodes: 155 | CurrentEpReward: 0.000 | RecentReward: 82.167 | QLoss: 0.516646 | ParamLoss: -1.022185 | Epsilon: 0.0200 | Replay: 50000
2026-09-15 20:21:06,763 | INFO | Steps: 79872/150000 | Episodes: 156 | CurrentEpReward: 0.000 | RecentReward: 80.945 | QLoss: 0.442384 | ParamLoss: -1.027886 | Epsilon: 0.0200 | Replay: 50000
2026-09-15 20:21:17,735 | INFO | Steps: 80384/150000 | Episodes: 157 | CurrentEpReward: 0.000 | RecentReward: 80.606 | QLoss: 0.394212 | ParamLoss: -1.026568 | Epsilon: 0.0200 | Replay: 50000
2026-09-15 20:21:28,741 | INFO | Steps: 80896/150000 | Episodes: 158 | CurrentEpReward: 0.000 | RecentReward: 80.145 | QLoss: 0.557959 | ParamLoss: -1.029871 | Epsilon: 0.0200 | Replay: 50000
2026-09-15 20:21:39,688 | INFO | Steps: 81408/150000 | Episodes: 159 | CurrentEpReward: 0.000 | RecentReward: 79.407 | QLoss: 0.486380 | ParamLoss: -1.021642 | Epsilon: 0.0200 | Replay: 50000
2026-09-15 20:21:50,705 | INFO | Steps: 81920/150000 | Episodes: 160 | CurrentEpReward: 0.000 | RecentReward: 78.860 | QLoss: 0.489727 | ParamLoss: -1.041395 | Epsilon: 0.0200 | Replay: 50000
2026-09-15 20:22:01,607 | INFO | Steps: 82432/150000 | Episodes: 161 | CurrentEpReward: 0.000 | RecentReward: 79.796 | QLoss: 0.506601 | ParamLoss: -1.038828 | Epsilon: 0.0200 | Replay: 50000
2026-09-15 20:22:12,762 | INFO | Steps: 82944/150000 | Episodes: 162 | CurrentEpReward: 0.000 | RecentReward: 79.883 | QLoss: 0.492112 | ParamLoss: -1.055259 | Epsilon: 0.0200 | Replay: 50000
2026-09-15 20:22:23,724 | INFO | Steps: 83456/150000 | Episodes: 163 | CurrentEpReward: 0.000 | RecentReward: 79.442 | QLoss: 0.675348 | ParamLoss: -1.062378 | Epsilon: 0.0200 | Replay: 50000
2026-09-15 20:22:34,858 | INFO | Steps: 83968/150000 | Episodes: 164 | CurrentEpReward: 0.000 | RecentReward: 78.214 | QLoss: 0.469644 | ParamLoss: -1.073135 | Epsilon: 0.0200 | Replay: 50000
2026-09-15 20:22:45,856 | INFO | Steps: 84480/150000 | Episodes: 165 | CurrentEpReward: 0.000 | RecentReward: 77.554 | QLoss: 0.449124 | ParamLoss: -1.079205 | Epsilon: 0.0200 | Replay: 50000
2026-09-15 20:22:56,848 | INFO | Steps: 84992/150000 | Episodes: 166 | CurrentEpReward: 0.000 | RecentReward: 77.304 | QLoss: 0.418787 | ParamLoss: -1.067960 | Epsilon: 0.0200 | Replay: 50000
2026-09-15 20:23:07,824 | INFO | Steps: 85504/150000 | Episodes: 167 | CurrentEpReward: 0.000 | RecentReward: 76.134 | QLoss: 0.470584 | ParamLoss: -1.075448 | Epsilon: 0.0200 | Replay: 50000
2026-09-15 20:23:18,800 | INFO | Steps: 86016/150000 | Episodes: 168 | CurrentEpReward: 0.000 | RecentReward: 75.624 | QLoss: 0.451809 | ParamLoss: -1.073586 | Epsilon: 0.0200 | Replay: 50000
2026-09-15 20:23:29,757 | INFO | Steps: 86528/150000 | Episodes: 169 | CurrentEpReward: 0.000 | RecentReward: 75.654 | QLoss: 0.462872 | ParamLoss: -1.076314 | Epsilon: 0.0200 | Replay: 50000
2026-09-15 20:23:40,843 | INFO | Steps: 87040/150000 | Episodes: 170 | CurrentEpReward: 0.000 | RecentReward: 74.275 | QLoss: 0.570143 | ParamLoss: -1.078754 | Epsilon: 0.0200 | Replay: 50000
2026-09-15 20:23:51,741 | INFO | Steps: 87552/150000 | Episodes: 171 | CurrentEpReward: 0.000 | RecentReward: 73.425 | QLoss: 0.589367 | ParamLoss: -1.078051 | Epsilon: 0.0200 | Replay: 50000
2026-09-15 20:24:02,624 | INFO | Steps: 88064/150000 | Episodes: 172 | CurrentEpReward: 0.000 | RecentReward: 72.938 | QLoss: 0.473346 | ParamLoss: -1.082881 | Epsilon: 0.0200 | Replay: 50000
2026-09-15 20:24:13,504 | INFO | Steps: 88576/150000 | Episodes: 173 | CurrentEpReward: 0.000 | RecentReward: 73.463 | QLoss: 0.499638 | ParamLoss: -1.079788 | Epsilon: 0.0200 | Replay: 50000
2026-09-15 20:24:24,413 | INFO | Steps: 89088/150000 | Episodes: 174 | CurrentEpReward: 0.000 | RecentReward: 73.913 | QLoss: 0.512096 | ParamLoss: -1.082705 | Epsilon: 0.0200 | Replay: 50000
2026-09-15 20:24:35,337 | INFO | Steps: 89600/150000 | Episodes: 175 | CurrentEpReward: 0.000 | RecentReward: 74.008 | QLoss: 0.540281 | ParamLoss: -1.082410 | Epsilon: 0.0200 | Replay: 50000
2026-09-15 20:24:46,313 | INFO | Steps: 90112/150000 | Episodes: 176 | CurrentEpReward: 0.000 | RecentReward: 73.367 | QLoss: 0.520770 | ParamLoss: -1.092838 | Epsilon: 0.0200 | Replay: 50000
2026-09-15 20:24:57,220 | INFO | Steps: 90624/150000 | Episodes: 177 | CurrentEpReward: 0.000 | RecentReward: 74.544 | QLoss: 0.536093 | ParamLoss: -1.092430 | Epsilon: 0.0200 | Replay: 50000
2026-09-15 20:25:08,192 | INFO | Steps: 91136/150000 | Episodes: 178 | CurrentEpReward: 0.000 | RecentReward: 74.556 | QLoss: 0.500911 | ParamLoss: -1.098331 | Epsilon: 0.0200 | Replay: 50000
2026-09-15 20:25:19,106 | INFO | Steps: 91648/150000 | Episodes: 179 | CurrentEpReward: 0.000 | RecentReward: 74.989 | QLoss: 0.552394 | ParamLoss: -1.085985 | Epsilon: 0.0200 | Replay: 50000
2026-09-15 20:25:30,021 | INFO | Steps: 92160/150000 | Episodes: 180 | CurrentEpReward: 0.000 | RecentReward: 75.678 | QLoss: 0.408576 | ParamLoss: -1.100648 | Epsilon: 0.0200 | Replay: 50000
2026-09-15 20:25:41,082 | INFO | Steps: 92672/150000 | Episodes: 181 | CurrentEpReward: 0.000 | RecentReward: 77.176 | QLoss: 0.539539 | ParamLoss: -1.112048 | Epsilon: 0.0200 | Replay: 50000
2026-09-15 20:25:52,169 | INFO | Steps: 93184/150000 | Episodes: 182 | CurrentEpReward: 0.000 | RecentReward: 78.457 | QLoss: 0.500833 | ParamLoss: -1.111871 | Epsilon: 0.0200 | Replay: 50000
2026-09-15 20:26:03,124 | INFO | Steps: 93696/150000 | Episodes: 183 | CurrentEpReward: 0.000 | RecentReward: 78.751 | QLoss: 0.392531 | ParamLoss: -1.113299 | Epsilon: 0.0200 | Replay: 50000
2026-09-15 20:26:14,098 | INFO | Steps: 94208/150000 | Episodes: 184 | CurrentEpReward: 0.000 | RecentReward: 78.374 | QLoss: 0.488823 | ParamLoss: -1.113711 | Epsilon: 0.0200 | Replay: 50000
2026-09-15 20:26:25,318 | INFO | Steps: 94720/150000 | Episodes: 185 | CurrentEpReward: 0.000 | RecentReward: 78.825 | QLoss: 0.524578 | ParamLoss: -1.122852 | Epsilon: 0.0200 | Replay: 50000
2026-09-15 20:26:36,303 | INFO | Steps: 95232/150000 | Episodes: 186 | CurrentEpReward: 0.000 | RecentReward: 79.577 | QLoss: 0.569781 | ParamLoss: -1.130910 | Epsilon: 0.0200 | Replay: 50000
2026-09-15 20:26:47,183 | INFO | Steps: 95744/150000 | Episodes: 187 | CurrentEpReward: 0.000 | RecentReward: 79.136 | QLoss: 0.447617 | ParamLoss: -1.134490 | Epsilon: 0.0200 | Replay: 50000
2026-09-15 20:26:58,221 | INFO | Steps: 96256/150000 | Episodes: 188 | CurrentEpReward: 0.000 | RecentReward: 79.540 | QLoss: 0.443477 | ParamLoss: -1.133958 | Epsilon: 0.0200 | Replay: 50000
2026-09-15 20:27:09,481 | INFO | Steps: 96768/150000 | Episodes: 189 | CurrentEpReward: 0.000 | RecentReward: 80.397 | QLoss: 0.615359 | ParamLoss: -1.126459 | Epsilon: 0.0200 | Replay: 50000
2026-09-15 20:27:20,510 | INFO | Steps: 97280/150000 | Episodes: 190 | CurrentEpReward: 0.000 | RecentReward: 80.669 | QLoss: 0.506430 | ParamLoss: -1.135736 | Epsilon: 0.0200 | Replay: 50000
2026-09-15 20:27:31,449 | INFO | Steps: 97792/150000 | Episodes: 191 | CurrentEpReward: 0.000 | RecentReward: 79.791 | QLoss: 0.538852 | ParamLoss: -1.137761 | Epsilon: 0.0200 | Replay: 50000
2026-09-15 20:27:42,460 | INFO | Steps: 98304/150000 | Episodes: 192 | CurrentEpReward: 0.000 | RecentReward: 79.690 | QLoss: 0.640992 | ParamLoss: -1.129686 | Epsilon: 0.0200 | Replay: 50000
2026-09-15 20:27:53,316 | INFO | Steps: 98816/150000 | Episodes: 193 | CurrentEpReward: 0.000 | RecentReward: 79.653 | QLoss: 0.586576 | ParamLoss: -1.121380 | Epsilon: 0.0200 | Replay: 50000
2026-09-15 20:28:04,343 | INFO | Steps: 99328/150000 | Episodes: 194 | CurrentEpReward: 0.000 | RecentReward: 78.996 | QLoss: 0.509748 | ParamLoss: -1.127650 | Epsilon: 0.0200 | Replay: 50000
2026-09-15 20:28:15,290 | INFO | Steps: 99840/150000 | Episodes: 195 | CurrentEpReward: 0.000 | RecentReward: 77.453 | QLoss: 0.524106 | ParamLoss: -1.137178 | Epsilon: 0.0200 | Replay: 50000
2026-09-15 20:28:42,393 | INFO | 新的最佳模型 (reward): 82.385，保存至 /home/pjpjq/LEO_switch/results/multiseed_0907/seed43/u30/learned_baselines/pdqn/best_model.pt
2026-09-15 20:28:42,400 | INFO | 周期权重已保存: /home/pjpjq/LEO_switch/results/multiseed_0907/seed43/u30/learned_baselines/pdqn/checkpoint_100000.pt
2026-09-15 20:28:50,091 | INFO | Steps: 100352/150000 | Episodes: 196 | CurrentEpReward: 0.000 | RecentReward: 77.505 | QLoss: 0.542055 | ParamLoss: -1.142489 | Epsilon: 0.0200 | Replay: 50000
2026-09-15 20:29:01,128 | INFO | Steps: 100864/150000 | Episodes: 197 | CurrentEpReward: 0.000 | RecentReward: 78.895 | QLoss: 0.489323 | ParamLoss: -1.151690 | Epsilon: 0.0200 | Replay: 50000
2026-09-15 20:29:11,996 | INFO | Steps: 101376/150000 | Episodes: 198 | CurrentEpReward: 0.000 | RecentReward: 78.624 | QLoss: 0.470901 | ParamLoss: -1.147818 | Epsilon: 0.0200 | Replay: 50000
2026-09-15 20:29:23,181 | INFO | Steps: 101888/150000 | Episodes: 199 | CurrentEpReward: 0.000 | RecentReward: 77.563 | QLoss: 0.564610 | ParamLoss: -1.141876 | Epsilon: 0.0200 | Replay: 50000
2026-09-15 20:29:34,067 | INFO | Steps: 102400/150000 | Episodes: 200 | CurrentEpReward: 0.000 | RecentReward: 76.835 | QLoss: 0.591323 | ParamLoss: -1.122238 | Epsilon: 0.0200 | Replay: 50000
2026-09-15 20:29:45,283 | INFO | Steps: 102912/150000 | Episodes: 201 | CurrentEpReward: 0.000 | RecentReward: 77.699 | QLoss: 0.482629 | ParamLoss: -1.116804 | Epsilon: 0.0200 | Replay: 50000
2026-09-15 20:29:56,265 | INFO | Steps: 103424/150000 | Episodes: 202 | CurrentEpReward: 0.000 | RecentReward: 77.442 | QLoss: 0.605219 | ParamLoss: -1.126800 | Epsilon: 0.0200 | Replay: 50000
2026-09-15 20:30:07,413 | INFO | Steps: 103936/150000 | Episodes: 203 | CurrentEpReward: 0.000 | RecentReward: 77.283 | QLoss: 0.551137 | ParamLoss: -1.135898 | Epsilon: 0.0200 | Replay: 50000
2026-09-15 20:30:18,412 | INFO | Steps: 104448/150000 | Episodes: 204 | CurrentEpReward: 0.000 | RecentReward: 78.521 | QLoss: 0.511138 | ParamLoss: -1.139870 | Epsilon: 0.0200 | Replay: 50000
2026-09-15 20:30:29,333 | INFO | Steps: 104960/150000 | Episodes: 205 | CurrentEpReward: 0.000 | RecentReward: 78.570 | QLoss: 0.458863 | ParamLoss: -1.146126 | Epsilon: 0.0200 | Replay: 50000
2026-09-15 20:30:40,350 | INFO | Steps: 105472/150000 | Episodes: 206 | CurrentEpReward: 0.000 | RecentReward: 78.544 | QLoss: 0.613772 | ParamLoss: -1.157229 | Epsilon: 0.0200 | Replay: 50000
2026-09-15 20:30:51,382 | INFO | Steps: 105984/150000 | Episodes: 207 | CurrentEpReward: 0.000 | RecentReward: 77.718 | QLoss: 0.532736 | ParamLoss: -1.169640 | Epsilon: 0.0200 | Replay: 50000
2026-09-15 20:31:02,455 | INFO | Steps: 106496/150000 | Episodes: 208 | CurrentEpReward: 0.000 | RecentReward: 77.757 | QLoss: 0.586674 | ParamLoss: -1.167661 | Epsilon: 0.0200 | Replay: 50000
2026-09-15 20:31:13,418 | INFO | Steps: 107008/150000 | Episodes: 209 | CurrentEpReward: 0.000 | RecentReward: 77.704 | QLoss: 0.508064 | ParamLoss: -1.170868 | Epsilon: 0.0200 | Replay: 50000
2026-09-15 20:31:24,434 | INFO | Steps: 107520/150000 | Episodes: 210 | CurrentEpReward: 0.000 | RecentReward: 78.783 | QLoss: 0.682586 | ParamLoss: -1.180695 | Epsilon: 0.0200 | Replay: 50000
2026-09-15 20:31:35,677 | INFO | Steps: 108032/150000 | Episodes: 211 | CurrentEpReward: 0.000 | RecentReward: 78.867 | QLoss: 0.652176 | ParamLoss: -1.181413 | Epsilon: 0.0200 | Replay: 50000
2026-09-15 20:31:46,597 | INFO | Steps: 108544/150000 | Episodes: 212 | CurrentEpReward: 0.000 | RecentReward: 78.761 | QLoss: 0.579293 | ParamLoss: -1.176516 | Epsilon: 0.0200 | Replay: 50000
2026-09-15 20:31:57,626 | INFO | Steps: 109056/150000 | Episodes: 213 | CurrentEpReward: 0.000 | RecentReward: 79.675 | QLoss: 0.628456 | ParamLoss: -1.178638 | Epsilon: 0.0200 | Replay: 50000
2026-09-15 20:32:08,760 | INFO | Steps: 109568/150000 | Episodes: 214 | CurrentEpReward: 0.000 | RecentReward: 79.366 | QLoss: 0.526486 | ParamLoss: -1.193649 | Epsilon: 0.0200 | Replay: 50000
2026-09-15 20:32:19,702 | INFO | Steps: 110080/150000 | Episodes: 215 | CurrentEpReward: 0.000 | RecentReward: 79.341 | QLoss: 0.569193 | ParamLoss: -1.205162 | Epsilon: 0.0200 | Replay: 50000
2026-09-15 20:32:30,636 | INFO | Steps: 110592/150000 | Episodes: 216 | CurrentEpReward: 0.000 | RecentReward: 78.935 | QLoss: 0.580736 | ParamLoss: -1.201468 | Epsilon: 0.0200 | Replay: 50000
2026-09-15 20:32:41,736 | INFO | Steps: 111104/150000 | Episodes: 217 | CurrentEpReward: 0.000 | RecentReward: 79.176 | QLoss: 0.661410 | ParamLoss: -1.213801 | Epsilon: 0.0200 | Replay: 50000
2026-09-15 20:32:52,839 | INFO | Steps: 111616/150000 | Episodes: 218 | CurrentEpReward: 0.000 | RecentReward: 80.614 | QLoss: 0.618395 | ParamLoss: -1.220507 | Epsilon: 0.0200 | Replay: 50000
2026-09-15 20:33:03,806 | INFO | Steps: 112128/150000 | Episodes: 219 | CurrentEpReward: 0.000 | RecentReward: 80.934 | QLoss: 0.571304 | ParamLoss: -1.221453 | Epsilon: 0.0200 | Replay: 50000
2026-09-15 20:33:14,799 | INFO | Steps: 112640/150000 | Episodes: 220 | CurrentEpReward: 0.000 | RecentReward: 80.968 | QLoss: 0.655464 | ParamLoss: -1.220572 | Epsilon: 0.0200 | Replay: 50000
2026-09-15 20:33:25,771 | INFO | Steps: 113152/150000 | Episodes: 221 | CurrentEpReward: 0.000 | RecentReward: 79.912 | QLoss: 0.698534 | ParamLoss: -1.213383 | Epsilon: 0.0200 | Replay: 50000
2026-09-15 20:33:36,692 | INFO | Steps: 113664/150000 | Episodes: 222 | CurrentEpReward: 0.000 | RecentReward: 80.442 | QLoss: 0.641606 | ParamLoss: -1.193333 | Epsilon: 0.0200 | Replay: 50000
2026-09-15 20:33:47,935 | INFO | Steps: 114176/150000 | Episodes: 223 | CurrentEpReward: 0.000 | RecentReward: 80.459 | QLoss: 0.683097 | ParamLoss: -1.203762 | Epsilon: 0.0200 | Replay: 50000
2026-09-15 20:33:59,165 | INFO | Steps: 114688/150000 | Episodes: 224 | CurrentEpReward: 0.000 | RecentReward: 81.404 | QLoss: 0.835302 | ParamLoss: -1.212190 | Epsilon: 0.0200 | Replay: 50000
2026-09-15 20:34:10,052 | INFO | Steps: 115200/150000 | Episodes: 225 | CurrentEpReward: 0.000 | RecentReward: 82.131 | QLoss: 0.590343 | ParamLoss: -1.205421 | Epsilon: 0.0200 | Replay: 50000
2026-09-15 20:34:21,023 | INFO | Steps: 115712/150000 | Episodes: 226 | CurrentEpReward: 0.000 | RecentReward: 82.875 | QLoss: 0.576249 | ParamLoss: -1.201539 | Epsilon: 0.0200 | Replay: 50000
2026-09-15 20:34:32,149 | INFO | Steps: 116224/150000 | Episodes: 227 | CurrentEpReward: 0.000 | RecentReward: 82.458 | QLoss: 0.559714 | ParamLoss: -1.214243 | Epsilon: 0.0200 | Replay: 50000
2026-09-15 20:34:43,082 | INFO | Steps: 116736/150000 | Episodes: 228 | CurrentEpReward: 0.000 | RecentReward: 80.552 | QLoss: 0.646764 | ParamLoss: -1.205947 | Epsilon: 0.0200 | Replay: 50000
2026-09-15 20:34:53,982 | INFO | Steps: 117248/150000 | Episodes: 229 | CurrentEpReward: 0.000 | RecentReward: 80.205 | QLoss: 0.556157 | ParamLoss: -1.207615 | Epsilon: 0.0200 | Replay: 50000
2026-09-15 20:35:05,130 | INFO | Steps: 117760/150000 | Episodes: 230 | CurrentEpReward: 0.000 | RecentReward: 80.562 | QLoss: 0.509483 | ParamLoss: -1.199450 | Epsilon: 0.0200 | Replay: 50000
2026-09-15 20:35:16,085 | INFO | Steps: 118272/150000 | Episodes: 231 | CurrentEpReward: 0.000 | RecentReward: 80.715 | QLoss: 0.738638 | ParamLoss: -1.209503 | Epsilon: 0.0200 | Replay: 50000
2026-09-15 20:35:27,158 | INFO | Steps: 118784/150000 | Episodes: 232 | CurrentEpReward: 0.000 | RecentReward: 80.381 | QLoss: 0.557384 | ParamLoss: -1.217694 | Epsilon: 0.0200 | Replay: 50000
2026-09-15 20:35:38,437 | INFO | Steps: 119296/150000 | Episodes: 233 | CurrentEpReward: 0.000 | RecentReward: 80.625 | QLoss: 0.620867 | ParamLoss: -1.220426 | Epsilon: 0.0200 | Replay: 50000
2026-09-15 20:35:49,370 | INFO | Steps: 119808/150000 | Episodes: 234 | CurrentEpReward: 0.000 | RecentReward: 78.850 | QLoss: 0.595077 | ParamLoss: -1.210224 | Epsilon: 0.0200 | Replay: 50000
2026-09-15 20:36:00,336 | INFO | Steps: 120320/150000 | Episodes: 235 | CurrentEpReward: 0.000 | RecentReward: 78.826 | QLoss: 0.612886 | ParamLoss: -1.213738 | Epsilon: 0.0200 | Replay: 50000
2026-09-15 20:36:11,159 | INFO | Steps: 120832/150000 | Episodes: 236 | CurrentEpReward: 0.000 | RecentReward: 78.293 | QLoss: 0.547523 | ParamLoss: -1.207447 | Epsilon: 0.0200 | Replay: 50000
2026-09-15 20:36:22,325 | INFO | Steps: 121344/150000 | Episodes: 237 | CurrentEpReward: 0.000 | RecentReward: 78.237 | QLoss: 0.574746 | ParamLoss: -1.207021 | Epsilon: 0.0200 | Replay: 50000
2026-09-15 20:36:33,376 | INFO | Steps: 121856/150000 | Episodes: 238 | CurrentEpReward: 0.000 | RecentReward: 78.962 | QLoss: 0.580718 | ParamLoss: -1.210022 | Epsilon: 0.0200 | Replay: 50000
2026-09-15 20:36:44,576 | INFO | Steps: 122368/150000 | Episodes: 239 | CurrentEpReward: 0.000 | RecentReward: 79.535 | QLoss: 0.438237 | ParamLoss: -1.213341 | Epsilon: 0.0200 | Replay: 50000
2026-09-15 20:36:55,540 | INFO | Steps: 122880/150000 | Episodes: 240 | CurrentEpReward: 0.000 | RecentReward: 78.421 | QLoss: 0.604840 | ParamLoss: -1.216226 | Epsilon: 0.0200 | Replay: 50000
2026-09-15 20:37:06,471 | INFO | Steps: 123392/150000 | Episodes: 241 | CurrentEpReward: 0.000 | RecentReward: 78.391 | QLoss: 0.483708 | ParamLoss: -1.217134 | Epsilon: 0.0200 | Replay: 50000
2026-09-15 20:37:17,386 | INFO | Steps: 123904/150000 | Episodes: 242 | CurrentEpReward: 0.000 | RecentReward: 78.559 | QLoss: 0.638713 | ParamLoss: -1.212408 | Epsilon: 0.0200 | Replay: 50000
2026-09-15 20:37:28,446 | INFO | Steps: 124416/150000 | Episodes: 243 | CurrentEpReward: 0.000 | RecentReward: 77.792 | QLoss: 0.702233 | ParamLoss: -1.209971 | Epsilon: 0.0200 | Replay: 50000
2026-09-15 20:37:39,635 | INFO | Steps: 124928/150000 | Episodes: 244 | CurrentEpReward: 0.000 | RecentReward: 79.281 | QLoss: 0.567511 | ParamLoss: -1.221743 | Epsilon: 0.0200 | Replay: 50000
2026-09-15 20:37:50,864 | INFO | Steps: 125440/150000 | Episodes: 245 | CurrentEpReward: 0.000 | RecentReward: 79.606 | QLoss: 0.562495 | ParamLoss: -1.227220 | Epsilon: 0.0200 | Replay: 50000
2026-09-15 20:38:01,800 | INFO | Steps: 125952/150000 | Episodes: 246 | CurrentEpReward: 0.000 | RecentReward: 79.530 | QLoss: 0.603007 | ParamLoss: -1.217836 | Epsilon: 0.0200 | Replay: 50000
2026-09-15 20:38:12,853 | INFO | Steps: 126464/150000 | Episodes: 247 | CurrentEpReward: 0.000 | RecentReward: 80.253 | QLoss: 0.547423 | ParamLoss: -1.221191 | Epsilon: 0.0200 | Replay: 50000
2026-09-15 20:38:23,769 | INFO | Steps: 126976/150000 | Episodes: 248 | CurrentEpReward: 0.000 | RecentReward: 79.668 | QLoss: 0.616962 | ParamLoss: -1.225327 | Epsilon: 0.0200 | Replay: 50000
2026-09-15 20:38:34,726 | INFO | Steps: 127488/150000 | Episodes: 249 | CurrentEpReward: 0.000 | RecentReward: 79.565 | QLoss: 0.726111 | ParamLoss: -1.234383 | Epsilon: 0.0200 | Replay: 50000
2026-09-15 20:38:45,690 | INFO | Steps: 128000/150000 | Episodes: 250 | CurrentEpReward: 0.000 | RecentReward: 79.436 | QLoss: 0.567119 | ParamLoss: -1.245617 | Epsilon: 0.0200 | Replay: 50000
2026-09-15 20:38:56,555 | INFO | Steps: 128512/150000 | Episodes: 251 | CurrentEpReward: 0.000 | RecentReward: 79.209 | QLoss: 0.676534 | ParamLoss: -1.250334 | Epsilon: 0.0200 | Replay: 50000
2026-09-15 20:39:07,640 | INFO | Steps: 129024/150000 | Episodes: 252 | CurrentEpReward: 0.000 | RecentReward: 78.818 | QLoss: 0.497471 | ParamLoss: -1.243769 | Epsilon: 0.0200 | Replay: 50000
2026-09-15 20:39:18,492 | INFO | Steps: 129536/150000 | Episodes: 253 | CurrentEpReward: 0.000 | RecentReward: 78.808 | QLoss: 0.587781 | ParamLoss: -1.248638 | Epsilon: 0.0200 | Replay: 50000
2026-09-15 20:39:29,434 | INFO | Steps: 130048/150000 | Episodes: 254 | CurrentEpReward: 0.000 | RecentReward: 77.589 | QLoss: 0.550342 | ParamLoss: -1.249776 | Epsilon: 0.0200 | Replay: 50000
2026-09-15 20:39:40,352 | INFO | Steps: 130560/150000 | Episodes: 255 | CurrentEpReward: 0.000 | RecentReward: 77.271 | QLoss: 0.583766 | ParamLoss: -1.257972 | Epsilon: 0.0200 | Replay: 50000
2026-09-15 20:39:51,499 | INFO | Steps: 131072/150000 | Episodes: 256 | CurrentEpReward: 0.000 | RecentReward: 78.288 | QLoss: 0.652322 | ParamLoss: -1.262485 | Epsilon: 0.0200 | Replay: 50000
2026-09-15 20:40:02,445 | INFO | Steps: 131584/150000 | Episodes: 257 | CurrentEpReward: 0.000 | RecentReward: 77.447 | QLoss: 0.575150 | ParamLoss: -1.262500 | Epsilon: 0.0200 | Replay: 50000
2026-09-15 20:40:13,560 | INFO | Steps: 132096/150000 | Episodes: 258 | CurrentEpReward: 0.000 | RecentReward: 77.900 | QLoss: 0.485192 | ParamLoss: -1.267104 | Epsilon: 0.0200 | Replay: 50000
2026-09-15 20:40:24,470 | INFO | Steps: 132608/150000 | Episodes: 259 | CurrentEpReward: 0.000 | RecentReward: 76.835 | QLoss: 0.531047 | ParamLoss: -1.265317 | Epsilon: 0.0200 | Replay: 50000
2026-09-15 20:40:35,457 | INFO | Steps: 133120/150000 | Episodes: 260 | CurrentEpReward: 0.000 | RecentReward: 77.889 | QLoss: 0.626033 | ParamLoss: -1.255055 | Epsilon: 0.0200 | Replay: 50000
2026-09-15 20:40:46,595 | INFO | Steps: 133632/150000 | Episodes: 261 | CurrentEpReward: 0.000 | RecentReward: 78.611 | QLoss: 0.552168 | ParamLoss: -1.252230 | Epsilon: 0.0200 | Replay: 50000
2026-09-15 20:40:57,883 | INFO | Steps: 134144/150000 | Episodes: 262 | CurrentEpReward: 0.000 | RecentReward: 78.982 | QLoss: 0.523111 | ParamLoss: -1.261741 | Epsilon: 0.0200 | Replay: 50000
2026-09-15 20:41:08,999 | INFO | Steps: 134656/150000 | Episodes: 263 | CurrentEpReward: 0.000 | RecentReward: 79.791 | QLoss: 0.470024 | ParamLoss: -1.267216 | Epsilon: 0.0200 | Replay: 50000
2026-09-15 20:41:20,385 | INFO | Steps: 135168/150000 | Episodes: 264 | CurrentEpReward: 0.000 | RecentReward: 80.612 | QLoss: 0.611545 | ParamLoss: -1.267630 | Epsilon: 0.0200 | Replay: 50000
2026-09-15 20:41:31,554 | INFO | Steps: 135680/150000 | Episodes: 265 | CurrentEpReward: 0.000 | RecentReward: 81.094 | QLoss: 0.573206 | ParamLoss: -1.272137 | Epsilon: 0.0200 | Replay: 50000
2026-09-15 20:41:42,515 | INFO | Steps: 136192/150000 | Episodes: 266 | CurrentEpReward: 0.000 | RecentReward: 80.105 | QLoss: 0.450297 | ParamLoss: -1.273459 | Epsilon: 0.0200 | Replay: 50000
2026-09-15 20:41:53,404 | INFO | Steps: 136704/150000 | Episodes: 267 | CurrentEpReward: 0.000 | RecentReward: 79.001 | QLoss: 0.471622 | ParamLoss: -1.276751 | Epsilon: 0.0200 | Replay: 50000
2026-09-15 20:42:04,335 | INFO | Steps: 137216/150000 | Episodes: 268 | CurrentEpReward: 0.000 | RecentReward: 79.139 | QLoss: 0.537647 | ParamLoss: -1.281560 | Epsilon: 0.0200 | Replay: 50000
2026-09-15 20:42:15,390 | INFO | Steps: 137728/150000 | Episodes: 269 | CurrentEpReward: 0.000 | RecentReward: 79.839 | QLoss: 0.602127 | ParamLoss: -1.287891 | Epsilon: 0.0200 | Replay: 50000
2026-09-15 20:42:26,314 | INFO | Steps: 138240/150000 | Episodes: 270 | CurrentEpReward: 0.000 | RecentReward: 78.628 | QLoss: 0.559838 | ParamLoss: -1.299874 | Epsilon: 0.0200 | Replay: 50000
2026-09-15 20:42:37,220 | INFO | Steps: 138752/150000 | Episodes: 271 | CurrentEpReward: 0.000 | RecentReward: 77.926 | QLoss: 0.620935 | ParamLoss: -1.303465 | Epsilon: 0.0200 | Replay: 50000
2026-09-15 20:42:48,106 | INFO | Steps: 139264/150000 | Episodes: 272 | CurrentEpReward: 0.000 | RecentReward: 76.900 | QLoss: 0.458529 | ParamLoss: -1.302011 | Epsilon: 0.0200 | Replay: 50000
2026-09-15 20:42:59,139 | INFO | Steps: 139776/150000 | Episodes: 273 | CurrentEpReward: 0.000 | RecentReward: 76.527 | QLoss: 0.542265 | ParamLoss: -1.309182 | Epsilon: 0.0200 | Replay: 50000
2026-09-15 20:43:10,290 | INFO | Steps: 140288/150000 | Episodes: 274 | CurrentEpReward: 0.000 | RecentReward: 76.263 | QLoss: 0.469073 | ParamLoss: -1.309372 | Epsilon: 0.0200 | Replay: 50000
2026-09-15 20:43:21,259 | INFO | Steps: 140800/150000 | Episodes: 275 | CurrentEpReward: 0.000 | RecentReward: 75.992 | QLoss: 0.525485 | ParamLoss: -1.310249 | Epsilon: 0.0200 | Replay: 50000
2026-09-15 20:43:32,318 | INFO | Steps: 141312/150000 | Episodes: 276 | CurrentEpReward: 0.000 | RecentReward: 75.243 | QLoss: 0.568990 | ParamLoss: -1.305992 | Epsilon: 0.0200 | Replay: 50000
2026-09-15 20:43:43,582 | INFO | Steps: 141824/150000 | Episodes: 277 | CurrentEpReward: 0.000 | RecentReward: 76.642 | QLoss: 0.669926 | ParamLoss: -1.309025 | Epsilon: 0.0200 | Replay: 50000
2026-09-15 20:43:54,709 | INFO | Steps: 142336/150000 | Episodes: 278 | CurrentEpReward: 0.000 | RecentReward: 77.040 | QLoss: 0.739830 | ParamLoss: -1.305911 | Epsilon: 0.0200 | Replay: 50000
2026-09-15 20:44:05,766 | INFO | Steps: 142848/150000 | Episodes: 279 | CurrentEpReward: 0.000 | RecentReward: 76.769 | QLoss: 0.567841 | ParamLoss: -1.312662 | Epsilon: 0.0200 | Replay: 50000
2026-09-15 20:44:16,949 | INFO | Steps: 143360/150000 | Episodes: 280 | CurrentEpReward: 0.000 | RecentReward: 77.818 | QLoss: 0.573546 | ParamLoss: -1.308367 | Epsilon: 0.0200 | Replay: 50000
2026-09-15 20:44:27,853 | INFO | Steps: 143872/150000 | Episodes: 281 | CurrentEpReward: 0.000 | RecentReward: 77.816 | QLoss: 0.626869 | ParamLoss: -1.311135 | Epsilon: 0.0200 | Replay: 50000
2026-09-15 20:44:38,940 | INFO | Steps: 144384/150000 | Episodes: 282 | CurrentEpReward: 0.000 | RecentReward: 78.460 | QLoss: 0.545816 | ParamLoss: -1.307530 | Epsilon: 0.0200 | Replay: 50000
2026-09-15 20:44:49,825 | INFO | Steps: 144896/150000 | Episodes: 283 | CurrentEpReward: 0.000 | RecentReward: 77.427 | QLoss: 0.642195 | ParamLoss: -1.305064 | Epsilon: 0.0200 | Replay: 50000
2026-09-15 20:45:00,753 | INFO | Steps: 145408/150000 | Episodes: 284 | CurrentEpReward: 0.000 | RecentReward: 77.070 | QLoss: 0.630848 | ParamLoss: -1.301144 | Epsilon: 0.0200 | Replay: 50000
2026-09-15 20:45:11,981 | INFO | Steps: 145920/150000 | Episodes: 285 | CurrentEpReward: 0.000 | RecentReward: 77.375 | QLoss: 0.672289 | ParamLoss: -1.300744 | Epsilon: 0.0200 | Replay: 50000
2026-09-15 20:45:23,002 | INFO | Steps: 146432/150000 | Episodes: 286 | CurrentEpReward: 0.000 | RecentReward: 78.580 | QLoss: 0.698910 | ParamLoss: -1.290611 | Epsilon: 0.0200 | Replay: 50000
2026-09-15 20:45:33,976 | INFO | Steps: 146944/150000 | Episodes: 287 | CurrentEpReward: 0.000 | RecentReward: 77.988 | QLoss: 0.620957 | ParamLoss: -1.293986 | Epsilon: 0.0200 | Replay: 50000
2026-09-15 20:45:45,070 | INFO | Steps: 147456/150000 | Episodes: 288 | CurrentEpReward: 0.000 | RecentReward: 77.056 | QLoss: 0.533647 | ParamLoss: -1.294401 | Epsilon: 0.0200 | Replay: 50000
2026-09-15 20:45:56,154 | INFO | Steps: 147968/150000 | Episodes: 289 | CurrentEpReward: 0.000 | RecentReward: 77.698 | QLoss: 0.735693 | ParamLoss: -1.297989 | Epsilon: 0.0200 | Replay: 50000
2026-09-15 20:46:07,072 | INFO | Steps: 148480/150000 | Episodes: 290 | CurrentEpReward: 0.000 | RecentReward: 77.679 | QLoss: 0.595668 | ParamLoss: -1.301424 | Epsilon: 0.0200 | Replay: 50000
2026-09-15 20:46:17,996 | INFO | Steps: 148992/150000 | Episodes: 291 | CurrentEpReward: 0.000 | RecentReward: 78.662 | QLoss: 0.636078 | ParamLoss: -1.299812 | Epsilon: 0.0200 | Replay: 50000
2026-09-15 20:46:28,818 | INFO | Steps: 149504/150000 | Episodes: 292 | CurrentEpReward: 0.000 | RecentReward: 78.209 | QLoss: 0.472990 | ParamLoss: -1.300255 | Epsilon: 0.0200 | Replay: 50000
2026-09-15 20:46:39,353 | INFO | Steps: 150000/150000 | Episodes: 292 | CurrentEpReward: 71.740 | RecentReward: 78.209 | QLoss: 0.587751 | ParamLoss: -1.300946 | Epsilon: 0.0200 | Replay: 50000
2026-09-15 20:47:03,040 | INFO | 新的最佳模型 (reward): 83.165，保存至 /home/pjpjq/LEO_switch/results/multiseed_0907/seed43/u30/learned_baselines/pdqn/best_model.pt
2026-09-15 20:47:03,049 | INFO | 周期权重已保存: /home/pjpjq/LEO_switch/results/multiseed_0907/seed43/u30/learned_baselines/pdqn/checkpoint_150000.pt
2026-09-15 20:47:03,075 | INFO | 最终权重已保存: /home/pjpjq/LEO_switch/results/multiseed_0907/seed43/u30/learned_baselines/pdqn/pdqn_model.pt
2026-09-15 20:47:26,868 | INFO | 训练与评估完成 | EvalReward: 83.165 ± 3.950
