2026-07-30 23:10:19,652 | INFO | ============================================================
2026-07-30 23:10:19,652 | INFO | 开始训练纯 PDQN 基线
2026-07-30 23:10:19,652 | INFO | 总步数: 200000 | warmup: 1000 | batch: 128 | 日志间隔: 512 steps | 保存间隔: 50000 steps | device: cuda
2026-07-30 23:10:19,652 | INFO | ============================================================
2026-07-30 23:10:27,724 | INFO | Steps: 512/200000 | Episodes: 1 | CurrentEpReward: 0.000 | RecentReward: 80.921 | QLoss: 0.000000 | ParamLoss: 0.000000 | Epsilon: 1.0000 | Replay: 512
2026-07-30 23:10:37,435 | INFO | Steps: 1024/200000 | Episodes: 2 | CurrentEpReward: 0.000 | RecentReward: 79.397 | QLoss: 0.131663 | ParamLoss: -0.008950 | Epsilon: 0.9995 | Replay: 1024
2026-07-30 23:11:05,711 | INFO | Steps: 1536/200000 | Episodes: 3 | CurrentEpReward: 0.000 | RecentReward: 77.541 | QLoss: 0.107511 | ParamLoss: -0.026666 | Epsilon: 0.9895 | Replay: 1536
2026-07-30 23:11:33,660 | INFO | Steps: 2048/200000 | Episodes: 4 | CurrentEpReward: 0.000 | RecentReward: 78.553 | QLoss: 0.201913 | ParamLoss: -0.055147 | Epsilon: 0.9794 | Replay: 2048
2026-07-30 23:12:01,431 | INFO | Steps: 2560/200000 | Episodes: 5 | CurrentEpReward: 0.000 | RecentReward: 76.333 | QLoss: 0.197485 | ParamLoss: -0.077705 | Epsilon: 0.9694 | Replay: 2560
2026-07-30 23:12:31,557 | INFO | Steps: 3072/200000 | Episodes: 6 | CurrentEpReward: 0.000 | RecentReward: 77.531 | QLoss: 0.204150 | ParamLoss: -0.099774 | Epsilon: 0.9594 | Replay: 3072
2026-07-30 23:13:03,087 | INFO | Steps: 3584/200000 | Episodes: 7 | CurrentEpReward: 0.000 | RecentReward: 77.855 | QLoss: 0.204935 | ParamLoss: -0.122360 | Epsilon: 0.9493 | Replay: 3584
2026-07-30 23:13:34,171 | INFO | Steps: 4096/200000 | Episodes: 8 | CurrentEpReward: 0.000 | RecentReward: 78.858 | QLoss: 0.215026 | ParamLoss: -0.152017 | Epsilon: 0.9393 | Replay: 4096
2026-07-30 23:14:06,190 | INFO | Steps: 4608/200000 | Episodes: 9 | CurrentEpReward: 0.000 | RecentReward: 79.809 | QLoss: 0.211342 | ParamLoss: -0.175362 | Epsilon: 0.9293 | Replay: 4608
2026-07-30 23:14:36,839 | INFO | Steps: 5120/200000 | Episodes: 10 | CurrentEpReward: 0.000 | RecentReward: 80.197 | QLoss: 0.259767 | ParamLoss: -0.205805 | Epsilon: 0.9192 | Replay: 5120
2026-07-30 23:15:08,781 | INFO | Steps: 5632/200000 | Episodes: 11 | CurrentEpReward: 0.000 | RecentReward: 80.268 | QLoss: 0.226559 | ParamLoss: -0.230349 | Epsilon: 0.9092 | Replay: 5632
2026-07-30 23:15:40,630 | INFO | Steps: 6144/200000 | Episodes: 12 | CurrentEpReward: 0.000 | RecentReward: 80.891 | QLoss: 0.244558 | ParamLoss: -0.251107 | Epsilon: 0.8992 | Replay: 6144
2026-07-30 23:16:11,861 | INFO | Steps: 6656/200000 | Episodes: 13 | CurrentEpReward: 0.000 | RecentReward: 81.276 | QLoss: 0.223210 | ParamLoss: -0.276691 | Epsilon: 0.8891 | Replay: 6656
2026-07-30 23:16:44,448 | INFO | Steps: 7168/200000 | Episodes: 14 | CurrentEpReward: 0.000 | RecentReward: 81.601 | QLoss: 0.230585 | ParamLoss: -0.291703 | Epsilon: 0.8791 | Replay: 7168
2026-07-30 23:17:15,179 | INFO | Steps: 7680/200000 | Episodes: 15 | CurrentEpReward: 0.000 | RecentReward: 83.434 | QLoss: 0.234687 | ParamLoss: -0.318564 | Epsilon: 0.8691 | Replay: 7680
2026-07-30 23:17:48,523 | INFO | Steps: 8192/200000 | Episodes: 16 | CurrentEpReward: 0.000 | RecentReward: 84.146 | QLoss: 0.237801 | ParamLoss: -0.337445 | Epsilon: 0.8590 | Replay: 8192
2026-07-30 23:18:18,839 | INFO | Steps: 8704/200000 | Episodes: 17 | CurrentEpReward: 0.000 | RecentReward: 84.358 | QLoss: 0.226443 | ParamLoss: -0.352330 | Epsilon: 0.8490 | Replay: 8704
2026-07-30 23:18:51,379 | INFO | Steps: 9216/200000 | Episodes: 18 | CurrentEpReward: 0.000 | RecentReward: 84.014 | QLoss: 0.245565 | ParamLoss: -0.366808 | Epsilon: 0.8389 | Replay: 9216
2026-07-30 23:19:23,550 | INFO | Steps: 9728/200000 | Episodes: 19 | CurrentEpReward: 0.000 | RecentReward: 83.074 | QLoss: 0.249642 | ParamLoss: -0.385267 | Epsilon: 0.8289 | Replay: 9728
2026-07-30 23:19:54,853 | INFO | Steps: 10240/200000 | Episodes: 20 | CurrentEpReward: 0.000 | RecentReward: 82.985 | QLoss: 0.271703 | ParamLoss: -0.399547 | Epsilon: 0.8189 | Replay: 10240
2026-07-30 23:20:26,872 | INFO | Steps: 10752/200000 | Episodes: 21 | CurrentEpReward: 0.000 | RecentReward: 83.208 | QLoss: 0.260693 | ParamLoss: -0.417423 | Epsilon: 0.8088 | Replay: 10752
2026-07-30 23:20:58,521 | INFO | Steps: 11264/200000 | Episodes: 22 | CurrentEpReward: 0.000 | RecentReward: 82.458 | QLoss: 0.288093 | ParamLoss: -0.434488 | Epsilon: 0.7988 | Replay: 11264
2026-07-30 23:21:30,909 | INFO | Steps: 11776/200000 | Episodes: 23 | CurrentEpReward: 0.000 | RecentReward: 82.754 | QLoss: 0.283892 | ParamLoss: -0.449900 | Epsilon: 0.7888 | Replay: 11776
2026-07-30 23:22:03,257 | INFO | Steps: 12288/200000 | Episodes: 24 | CurrentEpReward: 0.000 | RecentReward: 83.583 | QLoss: 0.311371 | ParamLoss: -0.469316 | Epsilon: 0.7787 | Replay: 12288
2026-07-30 23:22:35,767 | INFO | Steps: 12800/200000 | Episodes: 25 | CurrentEpReward: 0.000 | RecentReward: 84.059 | QLoss: 0.302420 | ParamLoss: -0.487557 | Epsilon: 0.7687 | Replay: 12800
2026-07-30 23:23:06,770 | INFO | Steps: 13312/200000 | Episodes: 26 | CurrentEpReward: 0.000 | RecentReward: 83.377 | QLoss: 0.348219 | ParamLoss: -0.505145 | Epsilon: 0.7587 | Replay: 13312
2026-07-30 23:23:38,356 | INFO | Steps: 13824/200000 | Episodes: 27 | CurrentEpReward: 0.000 | RecentReward: 84.339 | QLoss: 0.283191 | ParamLoss: -0.524410 | Epsilon: 0.7486 | Replay: 13824
2026-07-30 23:24:10,416 | INFO | Steps: 14336/200000 | Episodes: 28 | CurrentEpReward: 0.000 | RecentReward: 85.564 | QLoss: 0.312775 | ParamLoss: -0.537144 | Epsilon: 0.7386 | Replay: 14336
2026-07-30 23:24:41,682 | INFO | Steps: 14848/200000 | Episodes: 29 | CurrentEpReward: 0.000 | RecentReward: 87.244 | QLoss: 0.359800 | ParamLoss: -0.557734 | Epsilon: 0.7286 | Replay: 14848
2026-07-30 23:25:13,667 | INFO | Steps: 15360/200000 | Episodes: 30 | CurrentEpReward: 0.000 | RecentReward: 87.981 | QLoss: 0.304373 | ParamLoss: -0.573168 | Epsilon: 0.7185 | Replay: 15360
2026-07-30 23:25:45,268 | INFO | Steps: 15872/200000 | Episodes: 31 | CurrentEpReward: 0.000 | RecentReward: 88.654 | QLoss: 0.373062 | ParamLoss: -0.596319 | Epsilon: 0.7085 | Replay: 15872
2026-07-30 23:26:16,734 | INFO | Steps: 16384/200000 | Episodes: 32 | CurrentEpReward: 0.000 | RecentReward: 89.658 | QLoss: 0.429573 | ParamLoss: -0.620111 | Epsilon: 0.6985 | Replay: 16384
2026-07-30 23:26:47,032 | INFO | Steps: 16896/200000 | Episodes: 33 | CurrentEpReward: 0.000 | RecentReward: 91.391 | QLoss: 0.412974 | ParamLoss: -0.635741 | Epsilon: 0.6884 | Replay: 16896
2026-07-30 23:27:19,207 | INFO | Steps: 17408/200000 | Episodes: 34 | CurrentEpReward: 0.000 | RecentReward: 91.494 | QLoss: 0.391263 | ParamLoss: -0.654185 | Epsilon: 0.6784 | Replay: 17408
2026-07-30 23:27:49,957 | INFO | Steps: 17920/200000 | Episodes: 35 | CurrentEpReward: 0.000 | RecentReward: 92.141 | QLoss: 0.453126 | ParamLoss: -0.681270 | Epsilon: 0.6683 | Replay: 17920
2026-07-30 23:28:22,211 | INFO | Steps: 18432/200000 | Episodes: 36 | CurrentEpReward: 0.000 | RecentReward: 93.439 | QLoss: 0.423224 | ParamLoss: -0.688702 | Epsilon: 0.6583 | Replay: 18432
2026-07-30 23:28:54,632 | INFO | Steps: 18944/200000 | Episodes: 37 | CurrentEpReward: 0.000 | RecentReward: 93.142 | QLoss: 0.374671 | ParamLoss: -0.698158 | Epsilon: 0.6483 | Replay: 18944
2026-07-30 23:29:27,011 | INFO | Steps: 19456/200000 | Episodes: 38 | CurrentEpReward: 0.000 | RecentReward: 93.699 | QLoss: 0.417865 | ParamLoss: -0.717376 | Epsilon: 0.6382 | Replay: 19456
2026-07-30 23:29:56,951 | INFO | Steps: 19968/200000 | Episodes: 39 | CurrentEpReward: 0.000 | RecentReward: 93.138 | QLoss: 0.489742 | ParamLoss: -0.730182 | Epsilon: 0.6282 | Replay: 19968
2026-07-30 23:30:28,995 | INFO | Steps: 20480/200000 | Episodes: 40 | CurrentEpReward: 0.000 | RecentReward: 94.619 | QLoss: 0.492890 | ParamLoss: -0.746881 | Epsilon: 0.6182 | Replay: 20480
2026-07-30 23:31:00,400 | INFO | Steps: 20992/200000 | Episodes: 41 | CurrentEpReward: 0.000 | RecentReward: 95.011 | QLoss: 0.497363 | ParamLoss: -0.760751 | Epsilon: 0.6081 | Replay: 20992
2026-07-30 23:31:30,809 | INFO | Steps: 21504/200000 | Episodes: 42 | CurrentEpReward: 0.000 | RecentReward: 96.471 | QLoss: 0.573677 | ParamLoss: -0.784749 | Epsilon: 0.5981 | Replay: 21504
2026-07-30 23:32:02,933 | INFO | Steps: 22016/200000 | Episodes: 43 | CurrentEpReward: 0.000 | RecentReward: 96.825 | QLoss: 0.522205 | ParamLoss: -0.787873 | Epsilon: 0.5881 | Replay: 22016
2026-07-30 23:32:33,267 | INFO | Steps: 22528/200000 | Episodes: 44 | CurrentEpReward: 0.000 | RecentReward: 97.928 | QLoss: 0.547702 | ParamLoss: -0.802720 | Epsilon: 0.5780 | Replay: 22528
2026-07-30 23:33:06,594 | INFO | Steps: 23040/200000 | Episodes: 45 | CurrentEpReward: 0.000 | RecentReward: 98.635 | QLoss: 0.566683 | ParamLoss: -0.810618 | Epsilon: 0.5680 | Replay: 23040
2026-07-30 23:33:39,446 | INFO | Steps: 23552/200000 | Episodes: 46 | CurrentEpReward: 0.000 | RecentReward: 99.510 | QLoss: 0.490512 | ParamLoss: -0.824001 | Epsilon: 0.5580 | Replay: 23552
2026-07-30 23:34:11,272 | INFO | Steps: 24064/200000 | Episodes: 47 | CurrentEpReward: 0.000 | RecentReward: 100.392 | QLoss: 0.532097 | ParamLoss: -0.838491 | Epsilon: 0.5479 | Replay: 24064
2026-07-30 23:34:42,143 | INFO | Steps: 24576/200000 | Episodes: 48 | CurrentEpReward: 0.000 | RecentReward: 100.755 | QLoss: 0.542260 | ParamLoss: -0.856842 | Epsilon: 0.5379 | Replay: 24576
2026-07-30 23:35:14,917 | INFO | Steps: 25088/200000 | Episodes: 49 | CurrentEpReward: 0.000 | RecentReward: 101.711 | QLoss: 0.588613 | ParamLoss: -0.874563 | Epsilon: 0.5279 | Replay: 25088
2026-07-30 23:35:47,200 | INFO | Steps: 25600/200000 | Episodes: 50 | CurrentEpReward: 0.000 | RecentReward: 100.881 | QLoss: 0.526642 | ParamLoss: -0.883892 | Epsilon: 0.5178 | Replay: 25600
2026-07-30 23:36:19,288 | INFO | Steps: 26112/200000 | Episodes: 51 | CurrentEpReward: 0.000 | RecentReward: 101.356 | QLoss: 0.560595 | ParamLoss: -0.889442 | Epsilon: 0.5078 | Replay: 26112
2026-07-30 23:36:51,123 | INFO | Steps: 26624/200000 | Episodes: 52 | CurrentEpReward: 0.000 | RecentReward: 100.495 | QLoss: 0.557594 | ParamLoss: -0.915725 | Epsilon: 0.4978 | Replay: 26624
2026-07-30 23:37:20,731 | INFO | Steps: 27136/200000 | Episodes: 53 | CurrentEpReward: 0.000 | RecentReward: 100.492 | QLoss: 0.590912 | ParamLoss: -0.934208 | Epsilon: 0.4877 | Replay: 27136
2026-07-30 23:37:50,328 | INFO | Steps: 27648/200000 | Episodes: 54 | CurrentEpReward: 0.000 | RecentReward: 100.520 | QLoss: 0.656236 | ParamLoss: -0.948599 | Epsilon: 0.4777 | Replay: 27648
2026-07-30 23:38:20,765 | INFO | Steps: 28160/200000 | Episodes: 55 | CurrentEpReward: 0.000 | RecentReward: 99.712 | QLoss: 0.684201 | ParamLoss: -0.963014 | Epsilon: 0.4676 | Replay: 28160
2026-07-30 23:38:50,676 | INFO | Steps: 28672/200000 | Episodes: 56 | CurrentEpReward: 0.000 | RecentReward: 99.669 | QLoss: 0.634256 | ParamLoss: -0.975641 | Epsilon: 0.4576 | Replay: 28672
2026-07-30 23:39:20,544 | INFO | Steps: 29184/200000 | Episodes: 57 | CurrentEpReward: 0.000 | RecentReward: 100.358 | QLoss: 0.582966 | ParamLoss: -0.987913 | Epsilon: 0.4476 | Replay: 29184
2026-07-30 23:39:50,575 | INFO | Steps: 29696/200000 | Episodes: 58 | CurrentEpReward: 0.000 | RecentReward: 101.398 | QLoss: 0.598567 | ParamLoss: -1.010980 | Epsilon: 0.4375 | Replay: 29696
2026-07-30 23:40:22,386 | INFO | Steps: 30208/200000 | Episodes: 59 | CurrentEpReward: 0.000 | RecentReward: 101.979 | QLoss: 0.648515 | ParamLoss: -1.027084 | Epsilon: 0.4275 | Replay: 30208
2026-07-30 23:40:53,927 | INFO | Steps: 30720/200000 | Episodes: 60 | CurrentEpReward: 0.000 | RecentReward: 102.688 | QLoss: 0.626284 | ParamLoss: -1.042525 | Epsilon: 0.4175 | Replay: 30720
2026-07-30 23:41:24,861 | INFO | Steps: 31232/200000 | Episodes: 61 | CurrentEpReward: 0.000 | RecentReward: 103.516 | QLoss: 0.643940 | ParamLoss: -1.062276 | Epsilon: 0.4074 | Replay: 31232
2026-07-30 23:41:57,253 | INFO | Steps: 31744/200000 | Episodes: 62 | CurrentEpReward: 0.000 | RecentReward: 105.431 | QLoss: 0.662686 | ParamLoss: -1.069368 | Epsilon: 0.3974 | Replay: 31744
2026-07-30 23:42:29,349 | INFO | Steps: 32256/200000 | Episodes: 63 | CurrentEpReward: 0.000 | RecentReward: 106.532 | QLoss: 0.614058 | ParamLoss: -1.083639 | Epsilon: 0.3874 | Replay: 32256
2026-07-30 23:43:01,814 | INFO | Steps: 32768/200000 | Episodes: 64 | CurrentEpReward: 0.000 | RecentReward: 106.353 | QLoss: 0.610452 | ParamLoss: -1.100294 | Epsilon: 0.3773 | Replay: 32768
2026-07-30 23:43:33,870 | INFO | Steps: 33280/200000 | Episodes: 65 | CurrentEpReward: 0.000 | RecentReward: 108.457 | QLoss: 0.717143 | ParamLoss: -1.116343 | Epsilon: 0.3673 | Replay: 33280
2026-07-30 23:44:06,356 | INFO | Steps: 33792/200000 | Episodes: 66 | CurrentEpReward: 0.000 | RecentReward: 108.601 | QLoss: 0.746029 | ParamLoss: -1.122297 | Epsilon: 0.3573 | Replay: 33792
2026-07-30 23:44:37,794 | INFO | Steps: 34304/200000 | Episodes: 67 | CurrentEpReward: 0.000 | RecentReward: 109.344 | QLoss: 0.705561 | ParamLoss: -1.133222 | Epsilon: 0.3472 | Replay: 34304
2026-07-30 23:45:08,715 | INFO | Steps: 34816/200000 | Episodes: 68 | CurrentEpReward: 0.000 | RecentReward: 109.600 | QLoss: 0.707046 | ParamLoss: -1.164067 | Epsilon: 0.3372 | Replay: 34816
2026-07-30 23:45:40,682 | INFO | Steps: 35328/200000 | Episodes: 69 | CurrentEpReward: 0.000 | RecentReward: 110.172 | QLoss: 0.630364 | ParamLoss: -1.172790 | Epsilon: 0.3272 | Replay: 35328
2026-07-30 23:46:13,296 | INFO | Steps: 35840/200000 | Episodes: 70 | CurrentEpReward: 0.000 | RecentReward: 112.216 | QLoss: 0.630874 | ParamLoss: -1.182767 | Epsilon: 0.3171 | Replay: 35840
2026-07-30 23:46:45,965 | INFO | Steps: 36352/200000 | Episodes: 71 | CurrentEpReward: 0.000 | RecentReward: 112.464 | QLoss: 0.723240 | ParamLoss: -1.186905 | Epsilon: 0.3071 | Replay: 36352
2026-07-30 23:47:18,222 | INFO | Steps: 36864/200000 | Episodes: 72 | CurrentEpReward: 0.000 | RecentReward: 112.878 | QLoss: 0.681194 | ParamLoss: -1.180547 | Epsilon: 0.2970 | Replay: 36864
2026-07-30 23:47:47,778 | INFO | Steps: 37376/200000 | Episodes: 73 | CurrentEpReward: 0.000 | RecentReward: 113.104 | QLoss: 0.810041 | ParamLoss: -1.190955 | Epsilon: 0.2870 | Replay: 37376
2026-07-30 23:48:18,124 | INFO | Steps: 37888/200000 | Episodes: 74 | CurrentEpReward: 0.000 | RecentReward: 114.628 | QLoss: 0.635164 | ParamLoss: -1.199067 | Epsilon: 0.2770 | Replay: 37888
2026-07-30 23:48:47,566 | INFO | Steps: 38400/200000 | Episodes: 75 | CurrentEpReward: 0.000 | RecentReward: 114.849 | QLoss: 0.764908 | ParamLoss: -1.205101 | Epsilon: 0.2669 | Replay: 38400
2026-07-30 23:49:16,064 | INFO | Steps: 38912/200000 | Episodes: 76 | CurrentEpReward: 0.000 | RecentReward: 116.367 | QLoss: 0.802970 | ParamLoss: -1.219019 | Epsilon: 0.2569 | Replay: 38912
2026-07-30 23:49:46,046 | INFO | Steps: 39424/200000 | Episodes: 77 | CurrentEpReward: 0.000 | RecentReward: 117.135 | QLoss: 0.793307 | ParamLoss: -1.220328 | Epsilon: 0.2469 | Replay: 39424
2026-07-30 23:50:17,239 | INFO | Steps: 39936/200000 | Episodes: 78 | CurrentEpReward: 0.000 | RecentReward: 118.015 | QLoss: 0.790226 | ParamLoss: -1.235350 | Epsilon: 0.2368 | Replay: 39936
2026-07-30 23:50:49,265 | INFO | Steps: 40448/200000 | Episodes: 79 | CurrentEpReward: 0.000 | RecentReward: 118.730 | QLoss: 0.788321 | ParamLoss: -1.246957 | Epsilon: 0.2268 | Replay: 40448
2026-07-30 23:51:18,897 | INFO | Steps: 40960/200000 | Episodes: 80 | CurrentEpReward: 0.000 | RecentReward: 119.192 | QLoss: 0.767382 | ParamLoss: -1.274005 | Epsilon: 0.2168 | Replay: 40960
2026-07-30 23:51:48,781 | INFO | Steps: 41472/200000 | Episodes: 81 | CurrentEpReward: 0.000 | RecentReward: 118.482 | QLoss: 0.782351 | ParamLoss: -1.295891 | Epsilon: 0.2067 | Replay: 41472
2026-07-30 23:52:19,739 | INFO | Steps: 41984/200000 | Episodes: 82 | CurrentEpReward: 0.000 | RecentReward: 119.191 | QLoss: 0.802351 | ParamLoss: -1.300610 | Epsilon: 0.1967 | Replay: 41984
2026-07-30 23:52:51,456 | INFO | Steps: 42496/200000 | Episodes: 83 | CurrentEpReward: 0.000 | RecentReward: 120.227 | QLoss: 0.763726 | ParamLoss: -1.291627 | Epsilon: 0.1867 | Replay: 42496
2026-07-30 23:53:23,068 | INFO | Steps: 43008/200000 | Episodes: 84 | CurrentEpReward: 0.000 | RecentReward: 119.384 | QLoss: 0.699210 | ParamLoss: -1.286202 | Epsilon: 0.1766 | Replay: 43008
2026-07-30 23:53:53,383 | INFO | Steps: 43520/200000 | Episodes: 85 | CurrentEpReward: 0.000 | RecentReward: 119.594 | QLoss: 0.816995 | ParamLoss: -1.298080 | Epsilon: 0.1666 | Replay: 43520
2026-07-30 23:54:23,907 | INFO | Steps: 44032/200000 | Episodes: 86 | CurrentEpReward: 0.000 | RecentReward: 119.429 | QLoss: 0.667711 | ParamLoss: -1.289122 | Epsilon: 0.1566 | Replay: 44032
2026-07-30 23:54:54,551 | INFO | Steps: 44544/200000 | Episodes: 87 | CurrentEpReward: 0.000 | RecentReward: 119.176 | QLoss: 0.810975 | ParamLoss: -1.275005 | Epsilon: 0.1465 | Replay: 44544
2026-07-30 23:55:24,074 | INFO | Steps: 45056/200000 | Episodes: 88 | CurrentEpReward: 0.000 | RecentReward: 119.145 | QLoss: 0.828347 | ParamLoss: -1.273961 | Epsilon: 0.1365 | Replay: 45056
2026-07-30 23:55:54,039 | INFO | Steps: 45568/200000 | Episodes: 89 | CurrentEpReward: 0.000 | RecentReward: 119.927 | QLoss: 0.902584 | ParamLoss: -1.289779 | Epsilon: 0.1264 | Replay: 45568
2026-07-30 23:56:24,249 | INFO | Steps: 46080/200000 | Episodes: 90 | CurrentEpReward: 0.000 | RecentReward: 119.399 | QLoss: 0.969554 | ParamLoss: -1.308514 | Epsilon: 0.1164 | Replay: 46080
2026-07-30 23:56:54,652 | INFO | Steps: 46592/200000 | Episodes: 91 | CurrentEpReward: 0.000 | RecentReward: 121.165 | QLoss: 0.758896 | ParamLoss: -1.329054 | Epsilon: 0.1064 | Replay: 46592
2026-07-30 23:57:24,133 | INFO | Steps: 47104/200000 | Episodes: 92 | CurrentEpReward: 0.000 | RecentReward: 121.204 | QLoss: 0.793472 | ParamLoss: -1.329302 | Epsilon: 0.0963 | Replay: 47104
2026-07-30 23:57:53,676 | INFO | Steps: 47616/200000 | Episodes: 93 | CurrentEpReward: 0.000 | RecentReward: 120.758 | QLoss: 0.877379 | ParamLoss: -1.359001 | Epsilon: 0.0863 | Replay: 47616
2026-07-30 23:58:23,268 | INFO | Steps: 48128/200000 | Episodes: 94 | CurrentEpReward: 0.000 | RecentReward: 122.386 | QLoss: 1.037189 | ParamLoss: -1.353171 | Epsilon: 0.0763 | Replay: 48128
2026-07-30 23:58:53,070 | INFO | Steps: 48640/200000 | Episodes: 95 | CurrentEpReward: 0.000 | RecentReward: 122.567 | QLoss: 0.848185 | ParamLoss: -1.368675 | Epsilon: 0.0662 | Replay: 48640
2026-07-30 23:59:23,795 | INFO | Steps: 49152/200000 | Episodes: 96 | CurrentEpReward: 0.000 | RecentReward: 123.180 | QLoss: 1.034732 | ParamLoss: -1.370888 | Epsilon: 0.0562 | Replay: 49152
2026-07-30 23:59:53,402 | INFO | Steps: 49664/200000 | Episodes: 97 | CurrentEpReward: 0.000 | RecentReward: 124.955 | QLoss: 0.988395 | ParamLoss: -1.389427 | Epsilon: 0.0462 | Replay: 49664
2026-07-31 00:00:13,424 | INFO | 周期权重已保存: /home/pjpjq/LEO_switch/results/baseline_compare/multiuser_scaling_multiuser_20260730/u20/learned_baselines/pdqn/checkpoint_50000.pt
2026-07-31 00:00:23,800 | INFO | Steps: 50176/200000 | Episodes: 98 | CurrentEpReward: 0.000 | RecentReward: 125.822 | QLoss: 0.954854 | ParamLoss: -1.404467 | Epsilon: 0.0361 | Replay: 50000
2026-07-31 00:00:52,533 | INFO | Steps: 50688/200000 | Episodes: 99 | CurrentEpReward: 0.000 | RecentReward: 126.543 | QLoss: 0.885291 | ParamLoss: -1.424167 | Epsilon: 0.0261 | Replay: 50000
2026-07-31 00:01:22,420 | INFO | Steps: 51200/200000 | Episodes: 100 | CurrentEpReward: 0.000 | RecentReward: 128.391 | QLoss: 0.858949 | ParamLoss: -1.436264 | Epsilon: 0.0200 | Replay: 50000
2026-07-31 00:01:52,432 | INFO | Steps: 51712/200000 | Episodes: 101 | CurrentEpReward: 0.000 | RecentReward: 129.306 | QLoss: 0.882739 | ParamLoss: -1.461863 | Epsilon: 0.0200 | Replay: 50000
2026-07-31 00:02:21,897 | INFO | Steps: 52224/200000 | Episodes: 102 | CurrentEpReward: 0.000 | RecentReward: 129.752 | QLoss: 0.898479 | ParamLoss: -1.482626 | Epsilon: 0.0200 | Replay: 50000
2026-07-31 00:02:51,667 | INFO | Steps: 52736/200000 | Episodes: 103 | CurrentEpReward: 0.000 | RecentReward: 131.225 | QLoss: 1.067260 | ParamLoss: -1.489302 | Epsilon: 0.0200 | Replay: 50000
2026-07-31 00:03:20,905 | INFO | Steps: 53248/200000 | Episodes: 104 | CurrentEpReward: 0.000 | RecentReward: 131.597 | QLoss: 0.927298 | ParamLoss: -1.508505 | Epsilon: 0.0200 | Replay: 50000
2026-07-31 00:03:50,202 | INFO | Steps: 53760/200000 | Episodes: 105 | CurrentEpReward: 0.000 | RecentReward: 130.843 | QLoss: 0.865372 | ParamLoss: -1.503767 | Epsilon: 0.0200 | Replay: 50000
2026-07-31 00:04:19,375 | INFO | Steps: 54272/200000 | Episodes: 106 | CurrentEpReward: 0.000 | RecentReward: 130.252 | QLoss: 0.955919 | ParamLoss: -1.513389 | Epsilon: 0.0200 | Replay: 50000
2026-07-31 00:04:49,124 | INFO | Steps: 54784/200000 | Episodes: 107 | CurrentEpReward: 0.000 | RecentReward: 129.082 | QLoss: 0.876353 | ParamLoss: -1.540629 | Epsilon: 0.0200 | Replay: 50000
2026-07-31 00:05:19,314 | INFO | Steps: 55296/200000 | Episodes: 108 | CurrentEpReward: 0.000 | RecentReward: 128.636 | QLoss: 1.010697 | ParamLoss: -1.549064 | Epsilon: 0.0200 | Replay: 50000
2026-07-31 00:05:49,339 | INFO | Steps: 55808/200000 | Episodes: 109 | CurrentEpReward: 0.000 | RecentReward: 128.142 | QLoss: 1.060456 | ParamLoss: -1.546031 | Epsilon: 0.0200 | Replay: 50000
2026-07-31 00:06:20,897 | INFO | Steps: 56320/200000 | Episodes: 110 | CurrentEpReward: 0.000 | RecentReward: 126.738 | QLoss: 0.999451 | ParamLoss: -1.548652 | Epsilon: 0.0200 | Replay: 50000
2026-07-31 00:06:52,218 | INFO | Steps: 56832/200000 | Episodes: 111 | CurrentEpReward: 0.000 | RecentReward: 127.258 | QLoss: 0.970611 | ParamLoss: -1.554453 | Epsilon: 0.0200 | Replay: 50000
2026-07-31 00:07:24,676 | INFO | Steps: 57344/200000 | Episodes: 112 | CurrentEpReward: 0.000 | RecentReward: 127.387 | QLoss: 1.200082 | ParamLoss: -1.557872 | Epsilon: 0.0200 | Replay: 50000
2026-07-31 00:07:56,686 | INFO | Steps: 57856/200000 | Episodes: 113 | CurrentEpReward: 0.000 | RecentReward: 126.333 | QLoss: 1.014396 | ParamLoss: -1.575319 | Epsilon: 0.0200 | Replay: 50000
2026-07-31 00:08:28,881 | INFO | Steps: 58368/200000 | Episodes: 114 | CurrentEpReward: 0.000 | RecentReward: 126.432 | QLoss: 1.055606 | ParamLoss: -1.597531 | Epsilon: 0.0200 | Replay: 50000
2026-07-31 00:08:58,833 | INFO | Steps: 58880/200000 | Episodes: 115 | CurrentEpReward: 0.000 | RecentReward: 127.193 | QLoss: 1.022307 | ParamLoss: -1.605997 | Epsilon: 0.0200 | Replay: 50000
2026-07-31 00:09:31,333 | INFO | Steps: 59392/200000 | Episodes: 116 | CurrentEpReward: 0.000 | RecentReward: 128.522 | QLoss: 1.012903 | ParamLoss: -1.615911 | Epsilon: 0.0200 | Replay: 50000
2026-07-31 00:10:02,824 | INFO | Steps: 59904/200000 | Episodes: 117 | CurrentEpReward: 0.000 | RecentReward: 129.081 | QLoss: 1.078583 | ParamLoss: -1.629388 | Epsilon: 0.0200 | Replay: 50000
2026-07-31 00:10:34,843 | INFO | Steps: 60416/200000 | Episodes: 118 | CurrentEpReward: 0.000 | RecentReward: 128.665 | QLoss: 1.180066 | ParamLoss: -1.639151 | Epsilon: 0.0200 | Replay: 50000
2026-07-31 00:11:06,471 | INFO | Steps: 60928/200000 | Episodes: 119 | CurrentEpReward: 0.000 | RecentReward: 128.528 | QLoss: 1.114948 | ParamLoss: -1.660913 | Epsilon: 0.0200 | Replay: 50000
2026-07-31 00:11:36,392 | INFO | Steps: 61440/200000 | Episodes: 120 | CurrentEpReward: 0.000 | RecentReward: 127.696 | QLoss: 1.085067 | ParamLoss: -1.669240 | Epsilon: 0.0200 | Replay: 50000
2026-07-31 00:12:06,467 | INFO | Steps: 61952/200000 | Episodes: 121 | CurrentEpReward: 0.000 | RecentReward: 127.461 | QLoss: 1.339153 | ParamLoss: -1.694759 | Epsilon: 0.0200 | Replay: 50000
2026-07-31 00:12:36,500 | INFO | Steps: 62464/200000 | Episodes: 122 | CurrentEpReward: 0.000 | RecentReward: 128.460 | QLoss: 1.046290 | ParamLoss: -1.702110 | Epsilon: 0.0200 | Replay: 50000
2026-07-31 00:13:06,503 | INFO | Steps: 62976/200000 | Episodes: 123 | CurrentEpReward: 0.000 | RecentReward: 129.128 | QLoss: 1.159308 | ParamLoss: -1.722636 | Epsilon: 0.0200 | Replay: 50000
2026-07-31 00:13:37,891 | INFO | Steps: 63488/200000 | Episodes: 124 | CurrentEpReward: 0.000 | RecentReward: 129.905 | QLoss: 1.023596 | ParamLoss: -1.729846 | Epsilon: 0.0200 | Replay: 50000
2026-07-31 00:14:06,957 | INFO | Steps: 64000/200000 | Episodes: 125 | CurrentEpReward: 0.000 | RecentReward: 131.223 | QLoss: 1.276344 | ParamLoss: -1.740740 | Epsilon: 0.0200 | Replay: 50000
2026-07-31 00:14:36,475 | INFO | Steps: 64512/200000 | Episodes: 126 | CurrentEpReward: 0.000 | RecentReward: 130.268 | QLoss: 1.153903 | ParamLoss: -1.728815 | Epsilon: 0.0200 | Replay: 50000
2026-07-31 00:15:06,126 | INFO | Steps: 65024/200000 | Episodes: 127 | CurrentEpReward: 0.000 | RecentReward: 130.214 | QLoss: 1.024420 | ParamLoss: -1.739061 | Epsilon: 0.0200 | Replay: 50000
2026-07-31 00:15:36,342 | INFO | Steps: 65536/200000 | Episodes: 128 | CurrentEpReward: 0.000 | RecentReward: 131.217 | QLoss: 1.174837 | ParamLoss: -1.749225 | Epsilon: 0.0200 | Replay: 50000
2026-07-31 00:16:06,306 | INFO | Steps: 66048/200000 | Episodes: 129 | CurrentEpReward: 0.000 | RecentReward: 131.922 | QLoss: 1.568625 | ParamLoss: -1.758172 | Epsilon: 0.0200 | Replay: 50000
2026-07-31 00:16:36,481 | INFO | Steps: 66560/200000 | Episodes: 130 | CurrentEpReward: 0.000 | RecentReward: 132.003 | QLoss: 1.301298 | ParamLoss: -1.751670 | Epsilon: 0.0200 | Replay: 50000
2026-07-31 00:17:07,020 | INFO | Steps: 67072/200000 | Episodes: 131 | CurrentEpReward: 0.000 | RecentReward: 131.949 | QLoss: 1.393516 | ParamLoss: -1.755374 | Epsilon: 0.0200 | Replay: 50000
2026-07-31 00:17:37,844 | INFO | Steps: 67584/200000 | Episodes: 132 | CurrentEpReward: 0.000 | RecentReward: 131.599 | QLoss: 1.126890 | ParamLoss: -1.757864 | Epsilon: 0.0200 | Replay: 50000
2026-07-31 00:18:08,585 | INFO | Steps: 68096/200000 | Episodes: 133 | CurrentEpReward: 0.000 | RecentReward: 131.714 | QLoss: 1.051989 | ParamLoss: -1.762446 | Epsilon: 0.0200 | Replay: 50000
2026-07-31 00:18:38,735 | INFO | Steps: 68608/200000 | Episodes: 134 | CurrentEpReward: 0.000 | RecentReward: 131.245 | QLoss: 1.050128 | ParamLoss: -1.776888 | Epsilon: 0.0200 | Replay: 50000
2026-07-31 00:19:07,286 | INFO | Steps: 69120/200000 | Episodes: 135 | CurrentEpReward: 0.000 | RecentReward: 129.723 | QLoss: 1.029081 | ParamLoss: -1.769436 | Epsilon: 0.0200 | Replay: 50000
2026-07-31 00:19:38,254 | INFO | Steps: 69632/200000 | Episodes: 136 | CurrentEpReward: 0.000 | RecentReward: 130.755 | QLoss: 1.223551 | ParamLoss: -1.785564 | Epsilon: 0.0200 | Replay: 50000
2026-07-31 00:20:07,446 | INFO | Steps: 70144/200000 | Episodes: 137 | CurrentEpReward: 0.000 | RecentReward: 131.262 | QLoss: 1.215796 | ParamLoss: -1.788687 | Epsilon: 0.0200 | Replay: 50000
2026-07-31 00:20:38,092 | INFO | Steps: 70656/200000 | Episodes: 138 | CurrentEpReward: 0.000 | RecentReward: 131.071 | QLoss: 1.034959 | ParamLoss: -1.806764 | Epsilon: 0.0200 | Replay: 50000
2026-07-31 00:21:09,468 | INFO | Steps: 71168/200000 | Episodes: 139 | CurrentEpReward: 0.000 | RecentReward: 130.674 | QLoss: 1.184511 | ParamLoss: -1.807774 | Epsilon: 0.0200 | Replay: 50000
2026-07-31 00:21:40,144 | INFO | Steps: 71680/200000 | Episodes: 140 | CurrentEpReward: 0.000 | RecentReward: 131.361 | QLoss: 1.272535 | ParamLoss: -1.789989 | Epsilon: 0.0200 | Replay: 50000
2026-07-31 00:22:10,287 | INFO | Steps: 72192/200000 | Episodes: 141 | CurrentEpReward: 0.000 | RecentReward: 132.236 | QLoss: 1.314925 | ParamLoss: -1.801881 | Epsilon: 0.0200 | Replay: 50000
2026-07-31 00:22:39,635 | INFO | Steps: 72704/200000 | Episodes: 142 | CurrentEpReward: 0.000 | RecentReward: 131.173 | QLoss: 1.192982 | ParamLoss: -1.803550 | Epsilon: 0.0200 | Replay: 50000
2026-07-31 00:23:11,511 | INFO | Steps: 73216/200000 | Episodes: 143 | CurrentEpReward: 0.000 | RecentReward: 131.188 | QLoss: 1.288794 | ParamLoss: -1.810996 | Epsilon: 0.0200 | Replay: 50000
2026-07-31 00:23:43,256 | INFO | Steps: 73728/200000 | Episodes: 144 | CurrentEpReward: 0.000 | RecentReward: 132.383 | QLoss: 0.999419 | ParamLoss: -1.831930 | Epsilon: 0.0200 | Replay: 50000
2026-07-31 00:24:15,063 | INFO | Steps: 74240/200000 | Episodes: 145 | CurrentEpReward: 0.000 | RecentReward: 133.382 | QLoss: 1.570886 | ParamLoss: -1.830209 | Epsilon: 0.0200 | Replay: 50000
2026-07-31 00:24:47,948 | INFO | Steps: 74752/200000 | Episodes: 146 | CurrentEpReward: 0.000 | RecentReward: 133.001 | QLoss: 1.382990 | ParamLoss: -1.819825 | Epsilon: 0.0200 | Replay: 50000
2026-07-31 00:25:19,356 | INFO | Steps: 75264/200000 | Episodes: 147 | CurrentEpReward: 0.000 | RecentReward: 134.075 | QLoss: 1.096678 | ParamLoss: -1.798753 | Epsilon: 0.0200 | Replay: 50000
2026-07-31 00:25:53,609 | INFO | Steps: 75776/200000 | Episodes: 148 | CurrentEpReward: 0.000 | RecentReward: 134.009 | QLoss: 1.408573 | ParamLoss: -1.802838 | Epsilon: 0.0200 | Replay: 50000
2026-07-31 00:26:27,366 | INFO | Steps: 76288/200000 | Episodes: 149 | CurrentEpReward: 0.000 | RecentReward: 135.234 | QLoss: 1.360181 | ParamLoss: -1.811366 | Epsilon: 0.0200 | Replay: 50000
2026-07-31 00:26:59,800 | INFO | Steps: 76800/200000 | Episodes: 150 | CurrentEpReward: 0.000 | RecentReward: 135.263 | QLoss: 1.329482 | ParamLoss: -1.819675 | Epsilon: 0.0200 | Replay: 50000
2026-07-31 00:27:32,162 | INFO | Steps: 77312/200000 | Episodes: 151 | CurrentEpReward: 0.000 | RecentReward: 134.597 | QLoss: 1.413320 | ParamLoss: -1.830167 | Epsilon: 0.0200 | Replay: 50000
2026-07-31 00:28:03,686 | INFO | Steps: 77824/200000 | Episodes: 152 | CurrentEpReward: 0.000 | RecentReward: 133.904 | QLoss: 0.964499 | ParamLoss: -1.833033 | Epsilon: 0.0200 | Replay: 50000
2026-07-31 00:28:36,766 | INFO | Steps: 78336/200000 | Episodes: 153 | CurrentEpReward: 0.000 | RecentReward: 134.544 | QLoss: 1.275045 | ParamLoss: -1.834969 | Epsilon: 0.0200 | Replay: 50000
2026-07-31 00:29:10,178 | INFO | Steps: 78848/200000 | Episodes: 154 | CurrentEpReward: 0.000 | RecentReward: 132.769 | QLoss: 1.202290 | ParamLoss: -1.847756 | Epsilon: 0.0200 | Replay: 50000
2026-07-31 00:29:41,100 | INFO | Steps: 79360/200000 | Episodes: 155 | CurrentEpReward: 0.000 | RecentReward: 133.682 | QLoss: 1.249161 | ParamLoss: -1.844389 | Epsilon: 0.0200 | Replay: 50000
2026-07-31 00:30:13,471 | INFO | Steps: 79872/200000 | Episodes: 156 | CurrentEpReward: 0.000 | RecentReward: 134.032 | QLoss: 1.065960 | ParamLoss: -1.865780 | Epsilon: 0.0200 | Replay: 50000
2026-07-31 00:30:44,686 | INFO | Steps: 80384/200000 | Episodes: 157 | CurrentEpReward: 0.000 | RecentReward: 131.930 | QLoss: 1.198553 | ParamLoss: -1.863353 | Epsilon: 0.0200 | Replay: 50000
2026-07-31 00:31:17,379 | INFO | Steps: 80896/200000 | Episodes: 158 | CurrentEpReward: 0.000 | RecentReward: 132.298 | QLoss: 1.312820 | ParamLoss: -1.863127 | Epsilon: 0.0200 | Replay: 50000
2026-07-31 00:31:48,346 | INFO | Steps: 81408/200000 | Episodes: 159 | CurrentEpReward: 0.000 | RecentReward: 130.643 | QLoss: 1.324046 | ParamLoss: -1.865933 | Epsilon: 0.0200 | Replay: 50000
2026-07-31 00:32:20,874 | INFO | Steps: 81920/200000 | Episodes: 160 | CurrentEpReward: 0.000 | RecentReward: 130.155 | QLoss: 1.304437 | ParamLoss: -1.860300 | Epsilon: 0.0200 | Replay: 50000
2026-07-31 00:32:53,095 | INFO | Steps: 82432/200000 | Episodes: 161 | CurrentEpReward: 0.000 | RecentReward: 129.188 | QLoss: 1.265992 | ParamLoss: -1.866590 | Epsilon: 0.0200 | Replay: 50000
2026-07-31 00:33:26,209 | INFO | Steps: 82944/200000 | Episodes: 162 | CurrentEpReward: 0.000 | RecentReward: 129.342 | QLoss: 1.404085 | ParamLoss: -1.854759 | Epsilon: 0.0200 | Replay: 50000
2026-07-31 00:33:58,503 | INFO | Steps: 83456/200000 | Episodes: 163 | CurrentEpReward: 0.000 | RecentReward: 129.139 | QLoss: 1.271383 | ParamLoss: -1.856300 | Epsilon: 0.0200 | Replay: 50000
2026-07-31 00:34:30,294 | INFO | Steps: 83968/200000 | Episodes: 164 | CurrentEpReward: 0.000 | RecentReward: 128.621 | QLoss: 1.328327 | ParamLoss: -1.860974 | Epsilon: 0.0200 | Replay: 50000
2026-07-31 00:35:01,995 | INFO | Steps: 84480/200000 | Episodes: 165 | CurrentEpReward: 0.000 | RecentReward: 127.115 | QLoss: 1.203815 | ParamLoss: -1.865242 | Epsilon: 0.0200 | Replay: 50000
2026-07-31 00:35:32,332 | INFO | Steps: 84992/200000 | Episodes: 166 | CurrentEpReward: 0.000 | RecentReward: 127.343 | QLoss: 1.155139 | ParamLoss: -1.872555 | Epsilon: 0.0200 | Replay: 50000
2026-07-31 00:36:01,375 | INFO | Steps: 85504/200000 | Episodes: 167 | CurrentEpReward: 0.000 | RecentReward: 127.524 | QLoss: 1.612555 | ParamLoss: -1.875637 | Epsilon: 0.0200 | Replay: 50000
2026-07-31 00:36:32,598 | INFO | Steps: 86016/200000 | Episodes: 168 | CurrentEpReward: 0.000 | RecentReward: 127.451 | QLoss: 1.309596 | ParamLoss: -1.893038 | Epsilon: 0.0200 | Replay: 50000
2026-07-31 00:37:03,439 | INFO | Steps: 86528/200000 | Episodes: 169 | CurrentEpReward: 0.000 | RecentReward: 127.909 | QLoss: 1.179357 | ParamLoss: -1.901224 | Epsilon: 0.0200 | Replay: 50000
2026-07-31 00:37:36,354 | INFO | Steps: 87040/200000 | Episodes: 170 | CurrentEpReward: 0.000 | RecentReward: 127.856 | QLoss: 1.429178 | ParamLoss: -1.900821 | Epsilon: 0.0200 | Replay: 50000
2026-07-31 00:38:08,684 | INFO | Steps: 87552/200000 | Episodes: 171 | CurrentEpReward: 0.000 | RecentReward: 128.928 | QLoss: 1.265376 | ParamLoss: -1.912406 | Epsilon: 0.0200 | Replay: 50000
2026-07-31 00:38:41,369 | INFO | Steps: 88064/200000 | Episodes: 172 | CurrentEpReward: 0.000 | RecentReward: 129.226 | QLoss: 1.014121 | ParamLoss: -1.923875 | Epsilon: 0.0200 | Replay: 50000
2026-07-31 00:39:13,172 | INFO | Steps: 88576/200000 | Episodes: 173 | CurrentEpReward: 0.000 | RecentReward: 127.676 | QLoss: 1.207382 | ParamLoss: -1.923562 | Epsilon: 0.0200 | Replay: 50000
2026-07-31 00:39:45,400 | INFO | Steps: 89088/200000 | Episodes: 174 | CurrentEpReward: 0.000 | RecentReward: 128.310 | QLoss: 0.992807 | ParamLoss: -1.942413 | Epsilon: 0.0200 | Replay: 50000
2026-07-31 00:40:18,417 | INFO | Steps: 89600/200000 | Episodes: 175 | CurrentEpReward: 0.000 | RecentReward: 129.504 | QLoss: 1.530430 | ParamLoss: -1.943399 | Epsilon: 0.0200 | Replay: 50000
2026-07-31 00:40:51,546 | INFO | Steps: 90112/200000 | Episodes: 176 | CurrentEpReward: 0.000 | RecentReward: 129.259 | QLoss: 1.115308 | ParamLoss: -1.928230 | Epsilon: 0.0200 | Replay: 50000
2026-07-31 00:41:24,773 | INFO | Steps: 90624/200000 | Episodes: 177 | CurrentEpReward: 0.000 | RecentReward: 130.891 | QLoss: 1.276918 | ParamLoss: -1.914815 | Epsilon: 0.0200 | Replay: 50000
2026-07-31 00:41:56,908 | INFO | Steps: 91136/200000 | Episodes: 178 | CurrentEpReward: 0.000 | RecentReward: 130.063 | QLoss: 1.454054 | ParamLoss: -1.928503 | Epsilon: 0.0200 | Replay: 50000
2026-07-31 00:42:30,053 | INFO | Steps: 91648/200000 | Episodes: 179 | CurrentEpReward: 0.000 | RecentReward: 130.305 | QLoss: 1.255826 | ParamLoss: -1.932390 | Epsilon: 0.0200 | Replay: 50000
2026-07-31 00:43:01,870 | INFO | Steps: 92160/200000 | Episodes: 180 | CurrentEpReward: 0.000 | RecentReward: 131.995 | QLoss: 1.064202 | ParamLoss: -1.935571 | Epsilon: 0.0200 | Replay: 50000
2026-07-31 00:43:35,033 | INFO | Steps: 92672/200000 | Episodes: 181 | CurrentEpReward: 0.000 | RecentReward: 131.395 | QLoss: 1.259474 | ParamLoss: -1.948102 | Epsilon: 0.0200 | Replay: 50000
2026-07-31 00:44:06,082 | INFO | Steps: 93184/200000 | Episodes: 182 | CurrentEpReward: 0.000 | RecentReward: 132.288 | QLoss: 1.451797 | ParamLoss: -1.943301 | Epsilon: 0.0200 | Replay: 50000
2026-07-31 00:44:36,254 | INFO | Steps: 93696/200000 | Episodes: 183 | CurrentEpReward: 0.000 | RecentReward: 133.042 | QLoss: 1.278848 | ParamLoss: -1.956845 | Epsilon: 0.0200 | Replay: 50000
2026-07-31 00:45:05,797 | INFO | Steps: 94208/200000 | Episodes: 184 | CurrentEpReward: 0.000 | RecentReward: 133.333 | QLoss: 1.542709 | ParamLoss: -1.977657 | Epsilon: 0.0200 | Replay: 50000
2026-07-31 00:45:34,743 | INFO | Steps: 94720/200000 | Episodes: 185 | CurrentEpReward: 0.000 | RecentReward: 133.375 | QLoss: 1.306349 | ParamLoss: -1.973899 | Epsilon: 0.0200 | Replay: 50000
2026-07-31 00:46:03,860 | INFO | Steps: 95232/200000 | Episodes: 186 | CurrentEpReward: 0.000 | RecentReward: 132.963 | QLoss: 1.281383 | ParamLoss: -1.977350 | Epsilon: 0.0200 | Replay: 50000
2026-07-31 00:46:34,598 | INFO | Steps: 95744/200000 | Episodes: 187 | CurrentEpReward: 0.000 | RecentReward: 131.305 | QLoss: 1.091666 | ParamLoss: -1.968770 | Epsilon: 0.0200 | Replay: 50000
2026-07-31 00:47:06,164 | INFO | Steps: 96256/200000 | Episodes: 188 | CurrentEpReward: 0.000 | RecentReward: 130.817 | QLoss: 1.384809 | ParamLoss: -1.982039 | Epsilon: 0.0200 | Replay: 50000
2026-07-31 00:47:37,774 | INFO | Steps: 96768/200000 | Episodes: 189 | CurrentEpReward: 0.000 | RecentReward: 130.745 | QLoss: 1.352544 | ParamLoss: -1.992881 | Epsilon: 0.0200 | Replay: 50000
2026-07-31 00:48:11,074 | INFO | Steps: 97280/200000 | Episodes: 190 | CurrentEpReward: 0.000 | RecentReward: 129.978 | QLoss: 1.752861 | ParamLoss: -2.004369 | Epsilon: 0.0200 | Replay: 50000
2026-07-31 00:48:42,725 | INFO | Steps: 97792/200000 | Episodes: 191 | CurrentEpReward: 0.000 | RecentReward: 130.818 | QLoss: 1.743006 | ParamLoss: -2.030282 | Epsilon: 0.0200 | Replay: 50000
2026-07-31 00:49:13,592 | INFO | Steps: 98304/200000 | Episodes: 192 | CurrentEpReward: 0.000 | RecentReward: 130.218 | QLoss: 1.385767 | ParamLoss: -2.047292 | Epsilon: 0.0200 | Replay: 50000
2026-07-31 00:49:44,534 | INFO | Steps: 98816/200000 | Episodes: 193 | CurrentEpReward: 0.000 | RecentReward: 131.342 | QLoss: 1.214004 | ParamLoss: -2.043335 | Epsilon: 0.0200 | Replay: 50000
2026-07-31 00:50:15,724 | INFO | Steps: 99328/200000 | Episodes: 194 | CurrentEpReward: 0.000 | RecentReward: 131.277 | QLoss: 1.347609 | ParamLoss: -2.057457 | Epsilon: 0.0200 | Replay: 50000
2026-07-31 00:50:45,258 | INFO | Steps: 99840/200000 | Episodes: 195 | CurrentEpReward: 0.000 | RecentReward: 129.844 | QLoss: 1.602519 | ParamLoss: -2.036715 | Epsilon: 0.0200 | Replay: 50000
2026-07-31 00:50:54,784 | INFO | 周期权重已保存: /home/pjpjq/LEO_switch/results/baseline_compare/multiuser_scaling_multiuser_20260730/u20/learned_baselines/pdqn/checkpoint_100000.pt
2026-07-31 00:51:16,034 | INFO | Steps: 100352/200000 | Episodes: 196 | CurrentEpReward: 0.000 | RecentReward: 130.148 | QLoss: 1.314580 | ParamLoss: -2.039957 | Epsilon: 0.0200 | Replay: 50000
2026-07-31 00:51:46,106 | INFO | Steps: 100864/200000 | Episodes: 197 | CurrentEpReward: 0.000 | RecentReward: 129.945 | QLoss: 1.392810 | ParamLoss: -2.045843 | Epsilon: 0.0200 | Replay: 50000
2026-07-31 00:52:16,875 | INFO | Steps: 101376/200000 | Episodes: 198 | CurrentEpReward: 0.000 | RecentReward: 131.333 | QLoss: 1.441212 | ParamLoss: -2.038853 | Epsilon: 0.0200 | Replay: 50000
2026-07-31 00:52:46,014 | INFO | Steps: 101888/200000 | Episodes: 199 | CurrentEpReward: 0.000 | RecentReward: 131.416 | QLoss: 1.570817 | ParamLoss: -2.046033 | Epsilon: 0.0200 | Replay: 50000
2026-07-31 00:53:16,258 | INFO | Steps: 102400/200000 | Episodes: 200 | CurrentEpReward: 0.000 | RecentReward: 131.578 | QLoss: 1.575295 | ParamLoss: -2.040394 | Epsilon: 0.0200 | Replay: 50000
2026-07-31 00:53:45,308 | INFO | Steps: 102912/200000 | Episodes: 201 | CurrentEpReward: 0.000 | RecentReward: 130.801 | QLoss: 1.421716 | ParamLoss: -2.047411 | Epsilon: 0.0200 | Replay: 50000
2026-07-31 00:54:15,076 | INFO | Steps: 103424/200000 | Episodes: 202 | CurrentEpReward: 0.000 | RecentReward: 131.526 | QLoss: 1.294067 | ParamLoss: -2.031630 | Epsilon: 0.0200 | Replay: 50000
2026-07-31 00:54:46,712 | INFO | Steps: 103936/200000 | Episodes: 203 | CurrentEpReward: 0.000 | RecentReward: 130.735 | QLoss: 1.388014 | ParamLoss: -2.038517 | Epsilon: 0.0200 | Replay: 50000
2026-07-31 00:55:19,675 | INFO | Steps: 104448/200000 | Episodes: 204 | CurrentEpReward: 0.000 | RecentReward: 130.355 | QLoss: 1.345100 | ParamLoss: -2.042739 | Epsilon: 0.0200 | Replay: 50000
2026-07-31 00:55:52,594 | INFO | Steps: 104960/200000 | Episodes: 205 | CurrentEpReward: 0.000 | RecentReward: 130.253 | QLoss: 1.632207 | ParamLoss: -2.034889 | Epsilon: 0.0200 | Replay: 50000
2026-07-31 00:56:25,105 | INFO | Steps: 105472/200000 | Episodes: 206 | CurrentEpReward: 0.000 | RecentReward: 130.281 | QLoss: 1.601739 | ParamLoss: -2.032553 | Epsilon: 0.0200 | Replay: 50000
2026-07-31 00:56:57,334 | INFO | Steps: 105984/200000 | Episodes: 207 | CurrentEpReward: 0.000 | RecentReward: 131.497 | QLoss: 1.407380 | ParamLoss: -2.049581 | Epsilon: 0.0200 | Replay: 50000
2026-07-31 00:57:28,692 | INFO | Steps: 106496/200000 | Episodes: 208 | CurrentEpReward: 0.000 | RecentReward: 130.641 | QLoss: 1.122839 | ParamLoss: -2.041813 | Epsilon: 0.0200 | Replay: 50000
2026-07-31 00:58:01,331 | INFO | Steps: 107008/200000 | Episodes: 209 | CurrentEpReward: 0.000 | RecentReward: 130.284 | QLoss: 1.592822 | ParamLoss: -2.054184 | Epsilon: 0.0200 | Replay: 50000
2026-07-31 00:58:33,303 | INFO | Steps: 107520/200000 | Episodes: 210 | CurrentEpReward: 0.000 | RecentReward: 130.131 | QLoss: 1.369336 | ParamLoss: -2.040396 | Epsilon: 0.0200 | Replay: 50000
2026-07-31 00:59:06,298 | INFO | Steps: 108032/200000 | Episodes: 211 | CurrentEpReward: 0.000 | RecentReward: 130.645 | QLoss: 1.347696 | ParamLoss: -2.040754 | Epsilon: 0.0200 | Replay: 50000
2026-07-31 00:59:39,300 | INFO | Steps: 108544/200000 | Episodes: 212 | CurrentEpReward: 0.000 | RecentReward: 131.088 | QLoss: 1.608015 | ParamLoss: -2.047769 | Epsilon: 0.0200 | Replay: 50000
2026-07-31 01:00:12,704 | INFO | Steps: 109056/200000 | Episodes: 213 | CurrentEpReward: 0.000 | RecentReward: 130.915 | QLoss: 1.558528 | ParamLoss: -2.053953 | Epsilon: 0.0200 | Replay: 50000
2026-07-31 01:00:45,913 | INFO | Steps: 109568/200000 | Episodes: 214 | CurrentEpReward: 0.000 | RecentReward: 131.616 | QLoss: 1.547998 | ParamLoss: -2.056595 | Epsilon: 0.0200 | Replay: 50000
2026-07-31 01:01:18,603 | INFO | Steps: 110080/200000 | Episodes: 215 | CurrentEpReward: 0.000 | RecentReward: 131.633 | QLoss: 1.804475 | ParamLoss: -2.075273 | Epsilon: 0.0200 | Replay: 50000
2026-07-31 01:01:48,570 | INFO | Steps: 110592/200000 | Episodes: 216 | CurrentEpReward: 0.000 | RecentReward: 131.073 | QLoss: 1.226434 | ParamLoss: -2.106669 | Epsilon: 0.0200 | Replay: 50000
2026-07-31 01:02:19,173 | INFO | Steps: 111104/200000 | Episodes: 217 | CurrentEpReward: 0.000 | RecentReward: 130.000 | QLoss: 1.334181 | ParamLoss: -2.106182 | Epsilon: 0.0200 | Replay: 50000
2026-07-31 01:02:48,347 | INFO | Steps: 111616/200000 | Episodes: 218 | CurrentEpReward: 0.000 | RecentReward: 130.944 | QLoss: 1.127503 | ParamLoss: -2.114116 | Epsilon: 0.0200 | Replay: 50000
2026-07-31 01:03:18,366 | INFO | Steps: 112128/200000 | Episodes: 219 | CurrentEpReward: 0.000 | RecentReward: 130.907 | QLoss: 1.456710 | ParamLoss: -2.109881 | Epsilon: 0.0200 | Replay: 50000
2026-07-31 01:03:47,682 | INFO | Steps: 112640/200000 | Episodes: 220 | CurrentEpReward: 0.000 | RecentReward: 130.837 | QLoss: 1.365416 | ParamLoss: -2.099963 | Epsilon: 0.0200 | Replay: 50000
2026-07-31 01:04:17,964 | INFO | Steps: 113152/200000 | Episodes: 221 | CurrentEpReward: 0.000 | RecentReward: 130.174 | QLoss: 1.639859 | ParamLoss: -2.115876 | Epsilon: 0.0200 | Replay: 50000
2026-07-31 01:04:48,158 | INFO | Steps: 113664/200000 | Episodes: 222 | CurrentEpReward: 0.000 | RecentReward: 129.631 | QLoss: 1.845050 | ParamLoss: -2.116967 | Epsilon: 0.0200 | Replay: 50000
2026-07-31 01:05:17,810 | INFO | Steps: 114176/200000 | Episodes: 223 | CurrentEpReward: 0.000 | RecentReward: 130.343 | QLoss: 1.236715 | ParamLoss: -2.115096 | Epsilon: 0.0200 | Replay: 50000
2026-07-31 01:05:48,070 | INFO | Steps: 114688/200000 | Episodes: 224 | CurrentEpReward: 0.000 | RecentReward: 129.812 | QLoss: 1.367337 | ParamLoss: -2.143363 | Epsilon: 0.0200 | Replay: 50000
2026-07-31 01:06:18,736 | INFO | Steps: 115200/200000 | Episodes: 225 | CurrentEpReward: 0.000 | RecentReward: 130.094 | QLoss: 1.360875 | ParamLoss: -2.139871 | Epsilon: 0.0200 | Replay: 50000
2026-07-31 01:06:48,597 | INFO | Steps: 115712/200000 | Episodes: 226 | CurrentEpReward: 0.000 | RecentReward: 130.665 | QLoss: 1.602232 | ParamLoss: -2.141836 | Epsilon: 0.0200 | Replay: 50000
2026-07-31 01:07:18,788 | INFO | Steps: 116224/200000 | Episodes: 227 | CurrentEpReward: 0.000 | RecentReward: 131.455 | QLoss: 1.837451 | ParamLoss: -2.130207 | Epsilon: 0.0200 | Replay: 50000
2026-07-31 01:07:49,441 | INFO | Steps: 116736/200000 | Episodes: 228 | CurrentEpReward: 0.000 | RecentReward: 129.768 | QLoss: 1.598123 | ParamLoss: -2.137230 | Epsilon: 0.0200 | Replay: 50000
2026-07-31 01:08:20,968 | INFO | Steps: 117248/200000 | Episodes: 229 | CurrentEpReward: 0.000 | RecentReward: 131.095 | QLoss: 1.558198 | ParamLoss: -2.132671 | Epsilon: 0.0200 | Replay: 50000
2026-07-31 01:08:54,184 | INFO | Steps: 117760/200000 | Episodes: 230 | CurrentEpReward: 0.000 | RecentReward: 131.087 | QLoss: 1.438383 | ParamLoss: -2.139439 | Epsilon: 0.0200 | Replay: 50000
2026-07-31 01:09:26,699 | INFO | Steps: 118272/200000 | Episodes: 231 | CurrentEpReward: 0.000 | RecentReward: 132.092 | QLoss: 1.403336 | ParamLoss: -2.139990 | Epsilon: 0.0200 | Replay: 50000
2026-07-31 01:09:58,241 | INFO | Steps: 118784/200000 | Episodes: 232 | CurrentEpReward: 0.000 | RecentReward: 130.877 | QLoss: 1.204924 | ParamLoss: -2.134316 | Epsilon: 0.0200 | Replay: 50000
2026-07-31 01:10:27,712 | INFO | Steps: 119296/200000 | Episodes: 233 | CurrentEpReward: 0.000 | RecentReward: 128.525 | QLoss: 1.487843 | ParamLoss: -2.127444 | Epsilon: 0.0200 | Replay: 50000
2026-07-31 01:10:58,061 | INFO | Steps: 119808/200000 | Episodes: 234 | CurrentEpReward: 0.000 | RecentReward: 128.294 | QLoss: 1.471746 | ParamLoss: -2.124051 | Epsilon: 0.0200 | Replay: 50000
2026-07-31 01:11:30,710 | INFO | Steps: 120320/200000 | Episodes: 235 | CurrentEpReward: 0.000 | RecentReward: 128.395 | QLoss: 1.481650 | ParamLoss: -2.111492 | Epsilon: 0.0200 | Replay: 50000
2026-07-31 01:12:03,656 | INFO | Steps: 120832/200000 | Episodes: 236 | CurrentEpReward: 0.000 | RecentReward: 128.605 | QLoss: 1.430492 | ParamLoss: -2.107736 | Epsilon: 0.0200 | Replay: 50000
2026-07-31 01:12:35,826 | INFO | Steps: 121344/200000 | Episodes: 237 | CurrentEpReward: 0.000 | RecentReward: 128.321 | QLoss: 1.345220 | ParamLoss: -2.108465 | Epsilon: 0.0200 | Replay: 50000
2026-07-31 01:13:08,802 | INFO | Steps: 121856/200000 | Episodes: 238 | CurrentEpReward: 0.000 | RecentReward: 130.253 | QLoss: 1.277439 | ParamLoss: -2.119206 | Epsilon: 0.0200 | Replay: 50000
2026-07-31 01:13:41,566 | INFO | Steps: 122368/200000 | Episodes: 239 | CurrentEpReward: 0.000 | RecentReward: 129.589 | QLoss: 1.292570 | ParamLoss: -2.116961 | Epsilon: 0.0200 | Replay: 50000
2026-07-31 01:14:14,775 | INFO | Steps: 122880/200000 | Episodes: 240 | CurrentEpReward: 0.000 | RecentReward: 129.760 | QLoss: 1.270786 | ParamLoss: -2.122317 | Epsilon: 0.0200 | Replay: 50000
2026-07-31 01:14:46,676 | INFO | Steps: 123392/200000 | Episodes: 241 | CurrentEpReward: 0.000 | RecentReward: 130.078 | QLoss: 1.408617 | ParamLoss: -2.130529 | Epsilon: 0.0200 | Replay: 50000
2026-07-31 01:15:19,863 | INFO | Steps: 123904/200000 | Episodes: 242 | CurrentEpReward: 0.000 | RecentReward: 131.057 | QLoss: 1.851784 | ParamLoss: -2.153512 | Epsilon: 0.0200 | Replay: 50000
2026-07-31 01:15:51,945 | INFO | Steps: 124416/200000 | Episodes: 243 | CurrentEpReward: 0.000 | RecentReward: 132.062 | QLoss: 1.368352 | ParamLoss: -2.169499 | Epsilon: 0.0200 | Replay: 50000
2026-07-31 01:16:23,512 | INFO | Steps: 124928/200000 | Episodes: 244 | CurrentEpReward: 0.000 | RecentReward: 131.636 | QLoss: 1.740192 | ParamLoss: -2.159497 | Epsilon: 0.0200 | Replay: 50000
2026-07-31 01:16:56,373 | INFO | Steps: 125440/200000 | Episodes: 245 | CurrentEpReward: 0.000 | RecentReward: 131.708 | QLoss: 1.740276 | ParamLoss: -2.157383 | Epsilon: 0.0200 | Replay: 50000
2026-07-31 01:17:28,865 | INFO | Steps: 125952/200000 | Episodes: 246 | CurrentEpReward: 0.000 | RecentReward: 131.080 | QLoss: 1.492144 | ParamLoss: -2.136882 | Epsilon: 0.0200 | Replay: 50000
2026-07-31 01:18:01,419 | INFO | Steps: 126464/200000 | Episodes: 247 | CurrentEpReward: 0.000 | RecentReward: 131.451 | QLoss: 1.718427 | ParamLoss: -2.151432 | Epsilon: 0.0200 | Replay: 50000
2026-07-31 01:18:33,947 | INFO | Steps: 126976/200000 | Episodes: 248 | CurrentEpReward: 0.000 | RecentReward: 130.776 | QLoss: 1.899160 | ParamLoss: -2.160582 | Epsilon: 0.0200 | Replay: 50000
2026-07-31 01:19:04,902 | INFO | Steps: 127488/200000 | Episodes: 249 | CurrentEpReward: 0.000 | RecentReward: 130.549 | QLoss: 1.706674 | ParamLoss: -2.143489 | Epsilon: 0.0200 | Replay: 50000
2026-07-31 01:19:36,278 | INFO | Steps: 128000/200000 | Episodes: 250 | CurrentEpReward: 0.000 | RecentReward: 130.221 | QLoss: 1.852559 | ParamLoss: -2.146865 | Epsilon: 0.0200 | Replay: 50000
2026-07-31 01:20:07,600 | INFO | Steps: 128512/200000 | Episodes: 251 | CurrentEpReward: 0.000 | RecentReward: 128.632 | QLoss: 1.086665 | ParamLoss: -2.143789 | Epsilon: 0.0200 | Replay: 50000
2026-07-31 01:20:37,981 | INFO | Steps: 129024/200000 | Episodes: 252 | CurrentEpReward: 0.000 | RecentReward: 128.605 | QLoss: 1.585510 | ParamLoss: -2.156964 | Epsilon: 0.0200 | Replay: 50000
2026-07-31 01:21:07,851 | INFO | Steps: 129536/200000 | Episodes: 253 | CurrentEpReward: 0.000 | RecentReward: 128.660 | QLoss: 1.640936 | ParamLoss: -2.168157 | Epsilon: 0.0200 | Replay: 50000
2026-07-31 01:21:37,463 | INFO | Steps: 130048/200000 | Episodes: 254 | CurrentEpReward: 0.000 | RecentReward: 129.335 | QLoss: 1.269161 | ParamLoss: -2.170123 | Epsilon: 0.0200 | Replay: 50000
2026-07-31 01:22:08,071 | INFO | Steps: 130560/200000 | Episodes: 255 | CurrentEpReward: 0.000 | RecentReward: 130.330 | QLoss: 1.572570 | ParamLoss: -2.177644 | Epsilon: 0.0200 | Replay: 50000
2026-07-31 01:22:38,022 | INFO | Steps: 131072/200000 | Episodes: 256 | CurrentEpReward: 0.000 | RecentReward: 130.490 | QLoss: 1.907917 | ParamLoss: -2.176226 | Epsilon: 0.0200 | Replay: 50000
2026-07-31 01:23:08,834 | INFO | Steps: 131584/200000 | Episodes: 257 | CurrentEpReward: 0.000 | RecentReward: 130.936 | QLoss: 1.607766 | ParamLoss: -2.172739 | Epsilon: 0.0200 | Replay: 50000
2026-07-31 01:23:41,065 | INFO | Steps: 132096/200000 | Episodes: 258 | CurrentEpReward: 0.000 | RecentReward: 131.747 | QLoss: 1.352767 | ParamLoss: -2.197433 | Epsilon: 0.0200 | Replay: 50000
2026-07-31 01:24:11,766 | INFO | Steps: 132608/200000 | Episodes: 259 | CurrentEpReward: 0.000 | RecentReward: 130.772 | QLoss: 1.296627 | ParamLoss: -2.184686 | Epsilon: 0.0200 | Replay: 50000
2026-07-31 01:24:44,689 | INFO | Steps: 133120/200000 | Episodes: 260 | CurrentEpReward: 0.000 | RecentReward: 132.056 | QLoss: 1.222916 | ParamLoss: -2.193772 | Epsilon: 0.0200 | Replay: 50000
2026-07-31 01:25:18,616 | INFO | Steps: 133632/200000 | Episodes: 261 | CurrentEpReward: 0.000 | RecentReward: 132.620 | QLoss: 1.212705 | ParamLoss: -2.161508 | Epsilon: 0.0200 | Replay: 50000
2026-07-31 01:25:51,257 | INFO | Steps: 134144/200000 | Episodes: 262 | CurrentEpReward: 0.000 | RecentReward: 133.286 | QLoss: 1.413066 | ParamLoss: -2.152283 | Epsilon: 0.0200 | Replay: 50000
2026-07-31 01:26:25,337 | INFO | Steps: 134656/200000 | Episodes: 263 | CurrentEpReward: 0.000 | RecentReward: 134.960 | QLoss: 1.724547 | ParamLoss: -2.162096 | Epsilon: 0.0200 | Replay: 50000
2026-07-31 01:26:58,325 | INFO | Steps: 135168/200000 | Episodes: 264 | CurrentEpReward: 0.000 | RecentReward: 134.560 | QLoss: 1.808825 | ParamLoss: -2.164161 | Epsilon: 0.0200 | Replay: 50000
2026-07-31 01:27:31,121 | INFO | Steps: 135680/200000 | Episodes: 265 | CurrentEpReward: 0.000 | RecentReward: 133.464 | QLoss: 1.684095 | ParamLoss: -2.157351 | Epsilon: 0.0200 | Replay: 50000
2026-07-31 01:28:03,460 | INFO | Steps: 136192/200000 | Episodes: 266 | CurrentEpReward: 0.000 | RecentReward: 134.221 | QLoss: 1.682438 | ParamLoss: -2.157412 | Epsilon: 0.0200 | Replay: 50000
2026-07-31 01:28:33,793 | INFO | Steps: 136704/200000 | Episodes: 267 | CurrentEpReward: 0.000 | RecentReward: 132.762 | QLoss: 1.849489 | ParamLoss: -2.159747 | Epsilon: 0.0200 | Replay: 50000
2026-07-31 01:29:04,440 | INFO | Steps: 137216/200000 | Episodes: 268 | CurrentEpReward: 0.000 | RecentReward: 131.909 | QLoss: 1.827886 | ParamLoss: -2.163310 | Epsilon: 0.0200 | Replay: 50000
2026-07-31 01:29:33,820 | INFO | Steps: 137728/200000 | Episodes: 269 | CurrentEpReward: 0.000 | RecentReward: 132.966 | QLoss: 1.908065 | ParamLoss: -2.153869 | Epsilon: 0.0200 | Replay: 50000
2026-07-31 01:30:02,940 | INFO | Steps: 138240/200000 | Episodes: 270 | CurrentEpReward: 0.000 | RecentReward: 132.180 | QLoss: 1.509001 | ParamLoss: -2.162109 | Epsilon: 0.0200 | Replay: 50000
2026-07-31 01:30:32,440 | INFO | Steps: 138752/200000 | Episodes: 271 | CurrentEpReward: 0.000 | RecentReward: 132.361 | QLoss: 1.352061 | ParamLoss: -2.160092 | Epsilon: 0.0200 | Replay: 50000
2026-07-31 01:31:02,008 | INFO | Steps: 139264/200000 | Episodes: 272 | CurrentEpReward: 0.000 | RecentReward: 132.230 | QLoss: 1.162352 | ParamLoss: -2.156392 | Epsilon: 0.0200 | Replay: 50000
2026-07-31 01:31:31,501 | INFO | Steps: 139776/200000 | Episodes: 273 | CurrentEpReward: 0.000 | RecentReward: 130.823 | QLoss: 1.369660 | ParamLoss: -2.165772 | Epsilon: 0.0200 | Replay: 50000
2026-07-31 01:32:00,925 | INFO | Steps: 140288/200000 | Episodes: 274 | CurrentEpReward: 0.000 | RecentReward: 132.129 | QLoss: 1.182067 | ParamLoss: -2.174804 | Epsilon: 0.0200 | Replay: 50000
2026-07-31 01:32:29,807 | INFO | Steps: 140800/200000 | Episodes: 275 | CurrentEpReward: 0.000 | RecentReward: 133.166 | QLoss: 1.626877 | ParamLoss: -2.180396 | Epsilon: 0.0200 | Replay: 50000
2026-07-31 01:32:59,281 | INFO | Steps: 141312/200000 | Episodes: 276 | CurrentEpReward: 0.000 | RecentReward: 132.352 | QLoss: 1.542968 | ParamLoss: -2.193795 | Epsilon: 0.0200 | Replay: 50000
2026-07-31 01:33:29,015 | INFO | Steps: 141824/200000 | Episodes: 277 | CurrentEpReward: 0.000 | RecentReward: 131.736 | QLoss: 1.563609 | ParamLoss: -2.213525 | Epsilon: 0.0200 | Replay: 50000
2026-07-31 01:33:59,660 | INFO | Steps: 142336/200000 | Episodes: 278 | CurrentEpReward: 0.000 | RecentReward: 131.794 | QLoss: 1.530643 | ParamLoss: -2.215863 | Epsilon: 0.0200 | Replay: 50000
2026-07-31 01:34:29,637 | INFO | Steps: 142848/200000 | Episodes: 279 | CurrentEpReward: 0.000 | RecentReward: 130.793 | QLoss: 1.554277 | ParamLoss: -2.212129 | Epsilon: 0.0200 | Replay: 50000
2026-07-31 01:35:00,154 | INFO | Steps: 143360/200000 | Episodes: 280 | CurrentEpReward: 0.000 | RecentReward: 130.247 | QLoss: 1.391854 | ParamLoss: -2.204233 | Epsilon: 0.0200 | Replay: 50000
2026-07-31 01:35:31,533 | INFO | Steps: 143872/200000 | Episodes: 281 | CurrentEpReward: 0.000 | RecentReward: 129.655 | QLoss: 1.671551 | ParamLoss: -2.231101 | Epsilon: 0.0200 | Replay: 50000
2026-07-31 01:36:05,962 | INFO | Steps: 144384/200000 | Episodes: 282 | CurrentEpReward: 0.000 | RecentReward: 129.839 | QLoss: 1.547387 | ParamLoss: -2.236545 | Epsilon: 0.0200 | Replay: 50000
2026-07-31 01:36:38,652 | INFO | Steps: 144896/200000 | Episodes: 283 | CurrentEpReward: 0.000 | RecentReward: 129.700 | QLoss: 2.018814 | ParamLoss: -2.235225 | Epsilon: 0.0200 | Replay: 50000
2026-07-31 01:37:09,502 | INFO | Steps: 145408/200000 | Episodes: 284 | CurrentEpReward: 0.000 | RecentReward: 129.084 | QLoss: 1.345933 | ParamLoss: -2.216358 | Epsilon: 0.0200 | Replay: 50000
2026-07-31 01:37:40,811 | INFO | Steps: 145920/200000 | Episodes: 285 | CurrentEpReward: 0.000 | RecentReward: 127.935 | QLoss: 1.234427 | ParamLoss: -2.218792 | Epsilon: 0.0200 | Replay: 50000
2026-07-31 01:38:12,129 | INFO | Steps: 146432/200000 | Episodes: 286 | CurrentEpReward: 0.000 | RecentReward: 129.152 | QLoss: 1.516133 | ParamLoss: -2.192206 | Epsilon: 0.0200 | Replay: 50000
2026-07-31 01:38:44,327 | INFO | Steps: 146944/200000 | Episodes: 287 | CurrentEpReward: 0.000 | RecentReward: 131.742 | QLoss: 1.525715 | ParamLoss: -2.191239 | Epsilon: 0.0200 | Replay: 50000
2026-07-31 01:39:15,871 | INFO | Steps: 147456/200000 | Episodes: 288 | CurrentEpReward: 0.000 | RecentReward: 130.899 | QLoss: 1.342925 | ParamLoss: -2.185393 | Epsilon: 0.0200 | Replay: 50000
2026-07-31 01:39:48,027 | INFO | Steps: 147968/200000 | Episodes: 289 | CurrentEpReward: 0.000 | RecentReward: 131.228 | QLoss: 1.470604 | ParamLoss: -2.167936 | Epsilon: 0.0200 | Replay: 50000
2026-07-31 01:40:19,142 | INFO | Steps: 148480/200000 | Episodes: 290 | CurrentEpReward: 0.000 | RecentReward: 131.675 | QLoss: 1.613264 | ParamLoss: -2.184932 | Epsilon: 0.0200 | Replay: 50000
2026-07-31 01:40:52,272 | INFO | Steps: 148992/200000 | Episodes: 291 | CurrentEpReward: 0.000 | RecentReward: 132.194 | QLoss: 1.303930 | ParamLoss: -2.189636 | Epsilon: 0.0200 | Replay: 50000
2026-07-31 01:41:23,132 | INFO | Steps: 149504/200000 | Episodes: 292 | CurrentEpReward: 0.000 | RecentReward: 132.131 | QLoss: 1.916938 | ParamLoss: -2.174731 | Epsilon: 0.0200 | Replay: 50000
2026-07-31 01:41:54,492 | INFO | 周期权重已保存: /home/pjpjq/LEO_switch/results/baseline_compare/multiuser_scaling_multiuser_20260730/u20/learned_baselines/pdqn/checkpoint_150000.pt
2026-07-31 01:41:55,612 | INFO | Steps: 150016/200000 | Episodes: 293 | CurrentEpReward: 0.000 | RecentReward: 131.506 | QLoss: 1.280975 | ParamLoss: -2.172419 | Epsilon: 0.0200 | Replay: 50000
2026-07-31 01:42:25,711 | INFO | Steps: 150528/200000 | Episodes: 294 | CurrentEpReward: 0.000 | RecentReward: 132.168 | QLoss: 1.489989 | ParamLoss: -2.173779 | Epsilon: 0.0200 | Replay: 50000
2026-07-31 01:42:58,468 | INFO | Steps: 151040/200000 | Episodes: 295 | CurrentEpReward: 0.000 | RecentReward: 132.812 | QLoss: 1.618382 | ParamLoss: -2.174497 | Epsilon: 0.0200 | Replay: 50000
2026-07-31 01:43:30,592 | INFO | Steps: 151552/200000 | Episodes: 296 | CurrentEpReward: 0.000 | RecentReward: 132.503 | QLoss: 1.762815 | ParamLoss: -2.179127 | Epsilon: 0.0200 | Replay: 50000
2026-07-31 01:44:02,575 | INFO | Steps: 152064/200000 | Episodes: 297 | CurrentEpReward: 0.000 | RecentReward: 131.843 | QLoss: 1.520006 | ParamLoss: -2.174751 | Epsilon: 0.0200 | Replay: 50000
2026-07-31 01:44:33,108 | INFO | Steps: 152576/200000 | Episodes: 298 | CurrentEpReward: 0.000 | RecentReward: 133.250 | QLoss: 1.642978 | ParamLoss: -2.178537 | Epsilon: 0.0200 | Replay: 50000
2026-07-31 01:45:04,671 | INFO | Steps: 153088/200000 | Episodes: 299 | CurrentEpReward: 0.000 | RecentReward: 134.101 | QLoss: 1.513041 | ParamLoss: -2.181028 | Epsilon: 0.0200 | Replay: 50000
2026-07-31 01:45:35,220 | INFO | Steps: 153600/200000 | Episodes: 300 | CurrentEpReward: 0.000 | RecentReward: 133.605 | QLoss: 1.494458 | ParamLoss: -2.176110 | Epsilon: 0.0200 | Replay: 50000
2026-07-31 01:46:08,914 | INFO | Steps: 154112/200000 | Episodes: 301 | CurrentEpReward: 0.000 | RecentReward: 133.220 | QLoss: 1.317657 | ParamLoss: -2.177829 | Epsilon: 0.0200 | Replay: 50000
2026-07-31 01:46:40,933 | INFO | Steps: 154624/200000 | Episodes: 302 | CurrentEpReward: 0.000 | RecentReward: 132.546 | QLoss: 1.857136 | ParamLoss: -2.195156 | Epsilon: 0.0200 | Replay: 50000
2026-07-31 01:47:13,821 | INFO | Steps: 155136/200000 | Episodes: 303 | CurrentEpReward: 0.000 | RecentReward: 133.733 | QLoss: 1.454665 | ParamLoss: -2.197841 | Epsilon: 0.0200 | Replay: 50000
2026-07-31 01:47:45,505 | INFO | Steps: 155648/200000 | Episodes: 304 | CurrentEpReward: 0.000 | RecentReward: 132.805 | QLoss: 1.627111 | ParamLoss: -2.221955 | Epsilon: 0.0200 | Replay: 50000
2026-07-31 01:48:18,618 | INFO | Steps: 156160/200000 | Episodes: 305 | CurrentEpReward: 0.000 | RecentReward: 133.028 | QLoss: 1.495714 | ParamLoss: -2.214311 | Epsilon: 0.0200 | Replay: 50000
2026-07-31 01:48:50,864 | INFO | Steps: 156672/200000 | Episodes: 306 | CurrentEpReward: 0.000 | RecentReward: 132.381 | QLoss: 1.724978 | ParamLoss: -2.211250 | Epsilon: 0.0200 | Replay: 50000
2026-07-31 01:49:23,419 | INFO | Steps: 157184/200000 | Episodes: 307 | CurrentEpReward: 0.000 | RecentReward: 131.142 | QLoss: 1.821207 | ParamLoss: -2.239500 | Epsilon: 0.0200 | Replay: 50000
2026-07-31 01:49:56,507 | INFO | Steps: 157696/200000 | Episodes: 308 | CurrentEpReward: 0.000 | RecentReward: 131.337 | QLoss: 1.725210 | ParamLoss: -2.244878 | Epsilon: 0.0200 | Replay: 50000
2026-07-31 01:50:28,446 | INFO | Steps: 158208/200000 | Episodes: 309 | CurrentEpReward: 0.000 | RecentReward: 131.307 | QLoss: 1.717446 | ParamLoss: -2.240151 | Epsilon: 0.0200 | Replay: 50000
2026-07-31 01:51:01,717 | INFO | Steps: 158720/200000 | Episodes: 310 | CurrentEpReward: 0.000 | RecentReward: 131.412 | QLoss: 1.552939 | ParamLoss: -2.237210 | Epsilon: 0.0200 | Replay: 50000
2026-07-31 01:51:35,075 | INFO | Steps: 159232/200000 | Episodes: 311 | CurrentEpReward: 0.000 | RecentReward: 131.518 | QLoss: 2.020104 | ParamLoss: -2.235783 | Epsilon: 0.0200 | Replay: 50000
2026-07-31 01:52:08,371 | INFO | Steps: 159744/200000 | Episodes: 312 | CurrentEpReward: 0.000 | RecentReward: 132.383 | QLoss: 1.754536 | ParamLoss: -2.230498 | Epsilon: 0.0200 | Replay: 50000
2026-07-31 01:52:41,100 | INFO | Steps: 160256/200000 | Episodes: 313 | CurrentEpReward: 0.000 | RecentReward: 132.050 | QLoss: 1.792208 | ParamLoss: -2.245898 | Epsilon: 0.0200 | Replay: 50000
2026-07-31 01:53:13,416 | INFO | Steps: 160768/200000 | Episodes: 314 | CurrentEpReward: 0.000 | RecentReward: 132.084 | QLoss: 1.378414 | ParamLoss: -2.246377 | Epsilon: 0.0200 | Replay: 50000
2026-07-31 01:53:45,162 | INFO | Steps: 161280/200000 | Episodes: 315 | CurrentEpReward: 0.000 | RecentReward: 130.384 | QLoss: 1.783900 | ParamLoss: -2.229926 | Epsilon: 0.0200 | Replay: 50000
2026-07-31 01:54:18,157 | INFO | Steps: 161792/200000 | Episodes: 316 | CurrentEpReward: 0.000 | RecentReward: 130.275 | QLoss: 2.176596 | ParamLoss: -2.268076 | Epsilon: 0.0200 | Replay: 50000
2026-07-31 01:54:50,306 | INFO | Steps: 162304/200000 | Episodes: 317 | CurrentEpReward: 0.000 | RecentReward: 130.593 | QLoss: 1.715654 | ParamLoss: -2.254885 | Epsilon: 0.0200 | Replay: 50000
2026-07-31 01:55:22,298 | INFO | Steps: 162816/200000 | Episodes: 318 | CurrentEpReward: 0.000 | RecentReward: 129.087 | QLoss: 1.789107 | ParamLoss: -2.262942 | Epsilon: 0.0200 | Replay: 50000
2026-07-31 01:55:56,133 | INFO | Steps: 163328/200000 | Episodes: 319 | CurrentEpReward: 0.000 | RecentReward: 129.100 | QLoss: 1.725166 | ParamLoss: -2.271610 | Epsilon: 0.0200 | Replay: 50000
2026-07-31 01:56:28,847 | INFO | Steps: 163840/200000 | Episodes: 320 | CurrentEpReward: 0.000 | RecentReward: 129.023 | QLoss: 1.626902 | ParamLoss: -2.303693 | Epsilon: 0.0200 | Replay: 50000
2026-07-31 01:57:01,486 | INFO | Steps: 164352/200000 | Episodes: 321 | CurrentEpReward: 0.000 | RecentReward: 129.231 | QLoss: 1.860745 | ParamLoss: -2.271023 | Epsilon: 0.0200 | Replay: 50000
2026-07-31 01:57:33,616 | INFO | Steps: 164864/200000 | Episodes: 322 | CurrentEpReward: 0.000 | RecentReward: 127.946 | QLoss: 1.795866 | ParamLoss: -2.277569 | Epsilon: 0.0200 | Replay: 50000
2026-07-31 01:58:06,675 | INFO | Steps: 165376/200000 | Episodes: 323 | CurrentEpReward: 0.000 | RecentReward: 128.805 | QLoss: 1.645632 | ParamLoss: -2.298743 | Epsilon: 0.0200 | Replay: 50000
2026-07-31 01:58:39,346 | INFO | Steps: 165888/200000 | Episodes: 324 | CurrentEpReward: 0.000 | RecentReward: 129.833 | QLoss: 1.627458 | ParamLoss: -2.288206 | Epsilon: 0.0200 | Replay: 50000
2026-07-31 01:59:11,486 | INFO | Steps: 166400/200000 | Episodes: 325 | CurrentEpReward: 0.000 | RecentReward: 131.623 | QLoss: 1.346301 | ParamLoss: -2.288775 | Epsilon: 0.0200 | Replay: 50000
2026-07-31 01:59:44,033 | INFO | Steps: 166912/200000 | Episodes: 326 | CurrentEpReward: 0.000 | RecentReward: 132.000 | QLoss: 1.940758 | ParamLoss: -2.295167 | Epsilon: 0.0200 | Replay: 50000
2026-07-31 02:00:15,859 | INFO | Steps: 167424/200000 | Episodes: 327 | CurrentEpReward: 0.000 | RecentReward: 131.307 | QLoss: 1.932044 | ParamLoss: -2.295650 | Epsilon: 0.0200 | Replay: 50000
2026-07-31 02:00:47,626 | INFO | Steps: 167936/200000 | Episodes: 328 | CurrentEpReward: 0.000 | RecentReward: 133.132 | QLoss: 1.417191 | ParamLoss: -2.282820 | Epsilon: 0.0200 | Replay: 50000
2026-07-31 02:01:20,350 | INFO | Steps: 168448/200000 | Episodes: 329 | CurrentEpReward: 0.000 | RecentReward: 133.306 | QLoss: 1.612421 | ParamLoss: -2.280347 | Epsilon: 0.0200 | Replay: 50000
2026-07-31 02:01:51,758 | INFO | Steps: 168960/200000 | Episodes: 330 | CurrentEpReward: 0.000 | RecentReward: 133.406 | QLoss: 1.353404 | ParamLoss: -2.272960 | Epsilon: 0.0200 | Replay: 50000
2026-07-31 02:02:20,848 | INFO | Steps: 169472/200000 | Episodes: 331 | CurrentEpReward: 0.000 | RecentReward: 133.184 | QLoss: 1.659001 | ParamLoss: -2.263173 | Epsilon: 0.0200 | Replay: 50000
2026-07-31 02:02:51,451 | INFO | Steps: 169984/200000 | Episodes: 332 | CurrentEpReward: 0.000 | RecentReward: 132.608 | QLoss: 1.766385 | ParamLoss: -2.266961 | Epsilon: 0.0200 | Replay: 50000
2026-07-31 02:03:21,451 | INFO | Steps: 170496/200000 | Episodes: 333 | CurrentEpReward: 0.000 | RecentReward: 131.648 | QLoss: 1.584648 | ParamLoss: -2.263032 | Epsilon: 0.0200 | Replay: 50000
2026-07-31 02:03:53,107 | INFO | Steps: 171008/200000 | Episodes: 334 | CurrentEpReward: 0.000 | RecentReward: 130.304 | QLoss: 1.572054 | ParamLoss: -2.265222 | Epsilon: 0.0200 | Replay: 50000
2026-07-31 02:04:25,278 | INFO | Steps: 171520/200000 | Episodes: 335 | CurrentEpReward: 0.000 | RecentReward: 130.500 | QLoss: 1.962840 | ParamLoss: -2.286816 | Epsilon: 0.0200 | Replay: 50000
2026-07-31 02:04:55,100 | INFO | Steps: 172032/200000 | Episodes: 336 | CurrentEpReward: 0.000 | RecentReward: 129.907 | QLoss: 1.569413 | ParamLoss: -2.286707 | Epsilon: 0.0200 | Replay: 50000
2026-07-31 02:05:26,124 | INFO | Steps: 172544/200000 | Episodes: 337 | CurrentEpReward: 0.000 | RecentReward: 131.383 | QLoss: 1.676398 | ParamLoss: -2.288965 | Epsilon: 0.0200 | Replay: 50000
2026-07-31 02:05:57,999 | INFO | Steps: 173056/200000 | Episodes: 338 | CurrentEpReward: 0.000 | RecentReward: 129.844 | QLoss: 2.222899 | ParamLoss: -2.276465 | Epsilon: 0.0200 | Replay: 50000
2026-07-31 02:06:31,269 | INFO | Steps: 173568/200000 | Episodes: 339 | CurrentEpReward: 0.000 | RecentReward: 127.540 | QLoss: 1.762796 | ParamLoss: -2.288231 | Epsilon: 0.0200 | Replay: 50000
2026-07-31 02:07:04,683 | INFO | Steps: 174080/200000 | Episodes: 340 | CurrentEpReward: 0.000 | RecentReward: 128.287 | QLoss: 1.789174 | ParamLoss: -2.310799 | Epsilon: 0.0200 | Replay: 50000
2026-07-31 02:07:36,303 | INFO | Steps: 174592/200000 | Episodes: 341 | CurrentEpReward: 0.000 | RecentReward: 125.402 | QLoss: 1.705957 | ParamLoss: -2.318417 | Epsilon: 0.0200 | Replay: 50000
2026-07-31 02:08:09,034 | INFO | Steps: 175104/200000 | Episodes: 342 | CurrentEpReward: 0.000 | RecentReward: 126.361 | QLoss: 1.726609 | ParamLoss: -2.304024 | Epsilon: 0.0200 | Replay: 50000
2026-07-31 02:08:39,199 | INFO | Steps: 175616/200000 | Episodes: 343 | CurrentEpReward: 0.000 | RecentReward: 126.807 | QLoss: 1.668721 | ParamLoss: -2.303853 | Epsilon: 0.0200 | Replay: 50000
2026-07-31 02:09:09,731 | INFO | Steps: 176128/200000 | Episodes: 344 | CurrentEpReward: 0.000 | RecentReward: 127.512 | QLoss: 1.782778 | ParamLoss: -2.290860 | Epsilon: 0.0200 | Replay: 50000
2026-07-31 02:09:40,592 | INFO | Steps: 176640/200000 | Episodes: 345 | CurrentEpReward: 0.000 | RecentReward: 125.496 | QLoss: 1.839041 | ParamLoss: -2.293353 | Epsilon: 0.0200 | Replay: 50000
2026-07-31 02:10:11,909 | INFO | Steps: 177152/200000 | Episodes: 346 | CurrentEpReward: 0.000 | RecentReward: 125.793 | QLoss: 1.832187 | ParamLoss: -2.283312 | Epsilon: 0.0200 | Replay: 50000
2026-07-31 02:10:43,108 | INFO | Steps: 177664/200000 | Episodes: 347 | CurrentEpReward: 0.000 | RecentReward: 125.344 | QLoss: 1.787427 | ParamLoss: -2.291485 | Epsilon: 0.0200 | Replay: 50000
2026-07-31 02:11:14,937 | INFO | Steps: 178176/200000 | Episodes: 348 | CurrentEpReward: 0.000 | RecentReward: 125.335 | QLoss: 1.540416 | ParamLoss: -2.274730 | Epsilon: 0.0200 | Replay: 50000
2026-07-31 02:11:47,683 | INFO | Steps: 178688/200000 | Episodes: 349 | CurrentEpReward: 0.000 | RecentReward: 127.121 | QLoss: 2.148703 | ParamLoss: -2.279530 | Epsilon: 0.0200 | Replay: 50000
2026-07-31 02:12:19,620 | INFO | Steps: 179200/200000 | Episodes: 350 | CurrentEpReward: 0.000 | RecentReward: 126.303 | QLoss: 1.514611 | ParamLoss: -2.292991 | Epsilon: 0.0200 | Replay: 50000
2026-07-31 02:12:51,411 | INFO | Steps: 179712/200000 | Episodes: 351 | CurrentEpReward: 0.000 | RecentReward: 129.673 | QLoss: 1.763263 | ParamLoss: -2.294926 | Epsilon: 0.0200 | Replay: 50000
2026-07-31 02:13:23,324 | INFO | Steps: 180224/200000 | Episodes: 352 | CurrentEpReward: 0.000 | RecentReward: 130.606 | QLoss: 1.821018 | ParamLoss: -2.273756 | Epsilon: 0.0200 | Replay: 50000
2026-07-31 02:13:55,481 | INFO | Steps: 180736/200000 | Episodes: 353 | CurrentEpReward: 0.000 | RecentReward: 130.964 | QLoss: 2.010190 | ParamLoss: -2.272546 | Epsilon: 0.0200 | Replay: 50000
2026-07-31 02:14:27,318 | INFO | Steps: 181248/200000 | Episodes: 354 | CurrentEpReward: 0.000 | RecentReward: 130.883 | QLoss: 1.439720 | ParamLoss: -2.270721 | Epsilon: 0.0200 | Replay: 50000
2026-07-31 02:14:58,701 | INFO | Steps: 181760/200000 | Episodes: 355 | CurrentEpReward: 0.000 | RecentReward: 132.650 | QLoss: 1.718318 | ParamLoss: -2.260015 | Epsilon: 0.0200 | Replay: 50000
2026-07-31 02:15:30,038 | INFO | Steps: 182272/200000 | Episodes: 356 | CurrentEpReward: 0.000 | RecentReward: 130.967 | QLoss: 1.597664 | ParamLoss: -2.244037 | Epsilon: 0.0200 | Replay: 50000
2026-07-31 02:16:01,606 | INFO | Steps: 182784/200000 | Episodes: 357 | CurrentEpReward: 0.000 | RecentReward: 130.987 | QLoss: 1.795278 | ParamLoss: -2.258699 | Epsilon: 0.0200 | Replay: 50000
2026-07-31 02:16:33,235 | INFO | Steps: 183296/200000 | Episodes: 358 | CurrentEpReward: 0.000 | RecentReward: 131.269 | QLoss: 1.794188 | ParamLoss: -2.259206 | Epsilon: 0.0200 | Replay: 50000
2026-07-31 02:17:05,810 | INFO | Steps: 183808/200000 | Episodes: 359 | CurrentEpReward: 0.000 | RecentReward: 132.131 | QLoss: 1.467567 | ParamLoss: -2.268083 | Epsilon: 0.0200 | Replay: 50000
2026-07-31 02:17:37,222 | INFO | Steps: 184320/200000 | Episodes: 360 | CurrentEpReward: 0.000 | RecentReward: 131.880 | QLoss: 1.454301 | ParamLoss: -2.268724 | Epsilon: 0.0200 | Replay: 50000
2026-07-31 02:18:10,261 | INFO | Steps: 184832/200000 | Episodes: 361 | CurrentEpReward: 0.000 | RecentReward: 130.985 | QLoss: 1.845355 | ParamLoss: -2.255368 | Epsilon: 0.0200 | Replay: 50000
2026-07-31 02:18:43,115 | INFO | Steps: 185344/200000 | Episodes: 362 | CurrentEpReward: 0.000 | RecentReward: 130.026 | QLoss: 1.931326 | ParamLoss: -2.245819 | Epsilon: 0.0200 | Replay: 50000
2026-07-31 02:19:15,756 | INFO | Steps: 185856/200000 | Episodes: 363 | CurrentEpReward: 0.000 | RecentReward: 129.174 | QLoss: 1.983413 | ParamLoss: -2.255976 | Epsilon: 0.0200 | Replay: 50000
2026-07-31 02:19:47,536 | INFO | Steps: 186368/200000 | Episodes: 364 | CurrentEpReward: 0.000 | RecentReward: 128.924 | QLoss: 1.591169 | ParamLoss: -2.256673 | Epsilon: 0.0200 | Replay: 50000
2026-07-31 02:20:20,370 | INFO | Steps: 186880/200000 | Episodes: 365 | CurrentEpReward: 0.000 | RecentReward: 128.644 | QLoss: 1.625051 | ParamLoss: -2.261868 | Epsilon: 0.0200 | Replay: 50000
2026-07-31 02:20:52,836 | INFO | Steps: 187392/200000 | Episodes: 366 | CurrentEpReward: 0.000 | RecentReward: 130.635 | QLoss: 1.566661 | ParamLoss: -2.259671 | Epsilon: 0.0200 | Replay: 50000
2026-07-31 02:21:25,163 | INFO | Steps: 187904/200000 | Episodes: 367 | CurrentEpReward: 0.000 | RecentReward: 130.140 | QLoss: 1.780330 | ParamLoss: -2.253741 | Epsilon: 0.0200 | Replay: 50000
2026-07-31 02:21:57,007 | INFO | Steps: 188416/200000 | Episodes: 368 | CurrentEpReward: 0.000 | RecentReward: 130.945 | QLoss: 1.557342 | ParamLoss: -2.238341 | Epsilon: 0.0200 | Replay: 50000
2026-07-31 02:22:28,416 | INFO | Steps: 188928/200000 | Episodes: 369 | CurrentEpReward: 0.000 | RecentReward: 130.739 | QLoss: 1.616316 | ParamLoss: -2.252839 | Epsilon: 0.0200 | Replay: 50000
2026-07-31 02:23:00,487 | INFO | Steps: 189440/200000 | Episodes: 370 | CurrentEpReward: 0.000 | RecentReward: 130.780 | QLoss: 1.765014 | ParamLoss: -2.272596 | Epsilon: 0.0200 | Replay: 50000
2026-07-31 02:23:32,956 | INFO | Steps: 189952/200000 | Episodes: 371 | CurrentEpReward: 0.000 | RecentReward: 131.539 | QLoss: 2.187436 | ParamLoss: -2.251244 | Epsilon: 0.0200 | Replay: 50000
2026-07-31 02:24:06,434 | INFO | Steps: 190464/200000 | Episodes: 372 | CurrentEpReward: 0.000 | RecentReward: 130.839 | QLoss: 1.530010 | ParamLoss: -2.260530 | Epsilon: 0.0200 | Replay: 50000
2026-07-31 02:24:39,072 | INFO | Steps: 190976/200000 | Episodes: 373 | CurrentEpReward: 0.000 | RecentReward: 130.765 | QLoss: 1.886094 | ParamLoss: -2.273426 | Epsilon: 0.0200 | Replay: 50000
2026-07-31 02:25:12,022 | INFO | Steps: 191488/200000 | Episodes: 374 | CurrentEpReward: 0.000 | RecentReward: 131.768 | QLoss: 1.963095 | ParamLoss: -2.290009 | Epsilon: 0.0200 | Replay: 50000
2026-07-31 02:25:44,541 | INFO | Steps: 192000/200000 | Episodes: 375 | CurrentEpReward: 0.000 | RecentReward: 132.113 | QLoss: 1.697323 | ParamLoss: -2.275255 | Epsilon: 0.0200 | Replay: 50000
2026-07-31 02:26:16,715 | INFO | Steps: 192512/200000 | Episodes: 376 | CurrentEpReward: 0.000 | RecentReward: 131.625 | QLoss: 1.620194 | ParamLoss: -2.276324 | Epsilon: 0.0200 | Replay: 50000
2026-07-31 02:26:49,558 | INFO | Steps: 193024/200000 | Episodes: 377 | CurrentEpReward: 0.000 | RecentReward: 132.265 | QLoss: 1.522958 | ParamLoss: -2.286957 | Epsilon: 0.0200 | Replay: 50000
2026-07-31 02:27:20,873 | INFO | Steps: 193536/200000 | Episodes: 378 | CurrentEpReward: 0.000 | RecentReward: 130.732 | QLoss: 2.215796 | ParamLoss: -2.272669 | Epsilon: 0.0200 | Replay: 50000
2026-07-31 02:27:53,317 | INFO | Steps: 194048/200000 | Episodes: 379 | CurrentEpReward: 0.000 | RecentReward: 130.000 | QLoss: 1.668834 | ParamLoss: -2.271100 | Epsilon: 0.0200 | Replay: 50000
2026-07-31 02:28:25,357 | INFO | Steps: 194560/200000 | Episodes: 380 | CurrentEpReward: 0.000 | RecentReward: 129.851 | QLoss: 1.380367 | ParamLoss: -2.280739 | Epsilon: 0.0200 | Replay: 50000
2026-07-31 02:28:57,650 | INFO | Steps: 195072/200000 | Episodes: 381 | CurrentEpReward: 0.000 | RecentReward: 129.731 | QLoss: 1.648963 | ParamLoss: -2.281747 | Epsilon: 0.0200 | Replay: 50000
2026-07-31 02:29:30,626 | INFO | Steps: 195584/200000 | Episodes: 382 | CurrentEpReward: 0.000 | RecentReward: 130.350 | QLoss: 1.943378 | ParamLoss: -2.296996 | Epsilon: 0.0200 | Replay: 50000
2026-07-31 02:30:02,409 | INFO | Steps: 196096/200000 | Episodes: 383 | CurrentEpReward: 0.000 | RecentReward: 130.856 | QLoss: 1.330457 | ParamLoss: -2.282503 | Epsilon: 0.0200 | Replay: 50000
2026-07-31 02:30:34,819 | INFO | Steps: 196608/200000 | Episodes: 384 | CurrentEpReward: 0.000 | RecentReward: 129.129 | QLoss: 1.670635 | ParamLoss: -2.285743 | Epsilon: 0.0200 | Replay: 50000
2026-07-31 02:31:06,431 | INFO | Steps: 197120/200000 | Episodes: 385 | CurrentEpReward: 0.000 | RecentReward: 129.453 | QLoss: 1.878193 | ParamLoss: -2.282808 | Epsilon: 0.0200 | Replay: 50000
2026-07-31 02:31:39,823 | INFO | Steps: 197632/200000 | Episodes: 386 | CurrentEpReward: 0.000 | RecentReward: 130.026 | QLoss: 1.579728 | ParamLoss: -2.286608 | Epsilon: 0.0200 | Replay: 50000
2026-07-31 02:32:11,637 | INFO | Steps: 198144/200000 | Episodes: 387 | CurrentEpReward: 0.000 | RecentReward: 130.279 | QLoss: 1.961334 | ParamLoss: -2.273476 | Epsilon: 0.0200 | Replay: 50000
2026-07-31 02:32:42,864 | INFO | Steps: 198656/200000 | Episodes: 388 | CurrentEpReward: 0.000 | RecentReward: 130.944 | QLoss: 1.522919 | ParamLoss: -2.264164 | Epsilon: 0.0200 | Replay: 50000
2026-07-31 02:33:14,305 | INFO | Steps: 199168/200000 | Episodes: 389 | CurrentEpReward: 0.000 | RecentReward: 131.281 | QLoss: 1.358261 | ParamLoss: -2.270772 | Epsilon: 0.0200 | Replay: 50000
2026-07-31 02:33:47,385 | INFO | Steps: 199680/200000 | Episodes: 390 | CurrentEpReward: 0.000 | RecentReward: 132.263 | QLoss: 1.618643 | ParamLoss: -2.279122 | Epsilon: 0.0200 | Replay: 50000
2026-07-31 02:34:07,426 | INFO | Steps: 200000/200000 | Episodes: 390 | CurrentEpReward: 71.557 | RecentReward: 132.263 | QLoss: 1.670552 | ParamLoss: -2.281595 | Epsilon: 0.0200 | Replay: 50000
2026-07-31 02:34:07,527 | INFO | 周期权重已保存: /home/pjpjq/LEO_switch/results/baseline_compare/multiuser_scaling_multiuser_20260730/u20/learned_baselines/pdqn/checkpoint_200000.pt
2026-07-31 02:34:07,607 | INFO | 最终权重已保存: /home/pjpjq/LEO_switch/results/baseline_compare/multiuser_scaling_multiuser_20260730/u20/learned_baselines/pdqn/pdqn_model.pt
2026-07-31 02:36:03,086 | INFO | 训练与评估完成 | EvalReward: 135.777 ± 4.569
