2026-09-21 16:32:54,595 | INFO | ============================================================
2026-09-21 16:32:54,595 | INFO | 开始训练纯 MADDPG 基线
2026-09-21 16:32:54,595 | INFO | 用户数: 40 | 观测维度: 76 | handover维度: 11 | 总步数: 150000 | warmup: 1000 | batch: 128 | 日志间隔: 512 steps | device: cuda | actor_lr: 1.0e-04 | critic_lr: 3.0e-04 | tau: 0.005 | reward_scale: 1.00
2026-09-21 16:32:54,595 | INFO | ============================================================
2026-09-21 16:33:00,004 | INFO | Steps: 512/150000 | Episodes: 1 | LastEpReward: -9.876 | RecentReward: -9.876 | ActorLoss: 0.000000 | CriticLoss: 0.000000 | Q: 0.0000 | TargetQ: 0.0000 | TDAbs: 0.0000 | ActorGrad: 0.0000 | CriticGrad: 0.0000 | Noise: 0.3500 | Replay: 512 | FPS: 94.65 | ETA: 26.3 min
2026-09-21 16:33:05,658 | INFO | Steps: 1024/150000 | Episodes: 2 | LastEpReward: -14.322 | RecentReward: -12.099 | ActorLoss: 0.139869 | CriticLoss: 0.004632 | Q: -0.1403 | TargetQ: -0.1298 | TDAbs: 0.0682 | ActorGrad: 0.0011 | CriticGrad: 0.1131 | Noise: 0.3499 | Replay: 1024 | FPS: 92.56 | ETA: 26.8 min
2026-09-21 16:33:21,726 | INFO | Steps: 1536/150000 | Episodes: 3 | LastEpReward: -59.826 | RecentReward: -28.008 | ActorLoss: 0.197503 | CriticLoss: 0.000586 | Q: -0.2109 | TargetQ: -0.2110 | TDAbs: 0.0261 | ActorGrad: 0.0007 | CriticGrad: 0.0549 | Noise: 0.3485 | Replay: 1536 | FPS: 56.61 | ETA: 43.7 min
2026-09-21 16:33:37,487 | INFO | Steps: 2048/150000 | Episodes: 4 | LastEpReward: -66.077 | RecentReward: -37.525 | ActorLoss: 0.355098 | CriticLoss: 0.000839 | Q: -0.3660 | TargetQ: -0.3665 | TDAbs: 0.0307 | ActorGrad: 0.0004 | CriticGrad: 0.0872 | Noise: 0.3470 | Replay: 2048 | FPS: 47.75 | ETA: 51.6 min
2026-09-21 16:33:52,987 | INFO | Steps: 2560/150000 | Episodes: 5 | LastEpReward: -75.849 | RecentReward: -45.190 | ActorLoss: 0.589443 | CriticLoss: 0.001033 | Q: -0.5979 | TargetQ: -0.5982 | TDAbs: 0.0339 | ActorGrad: 0.0025 | CriticGrad: 0.1186 | Noise: 0.3455 | Replay: 2560 | FPS: 43.84 | ETA: 56.1 min
2026-09-21 16:34:08,900 | INFO | Steps: 3072/150000 | Episodes: 6 | LastEpReward: 3.350 | RecentReward: -37.100 | ActorLoss: 0.640053 | CriticLoss: 0.001280 | Q: -0.6852 | TargetQ: -0.6852 | TDAbs: 0.0381 | ActorGrad: 0.0105 | CriticGrad: 0.1244 | Noise: 0.3441 | Replay: 3072 | FPS: 41.34 | ETA: 59.2 min
2026-09-21 16:34:24,669 | INFO | Steps: 3584/150000 | Episodes: 7 | LastEpReward: 4.699 | RecentReward: -31.129 | ActorLoss: 0.589846 | CriticLoss: 0.000913 | Q: -0.6460 | TargetQ: -0.6458 | TDAbs: 0.0319 | ActorGrad: 0.0103 | CriticGrad: 0.0929 | Noise: 0.3426 | Replay: 3584 | FPS: 39.79 | ETA: 61.3 min
2026-09-21 16:34:40,927 | INFO | Steps: 4096/150000 | Episodes: 8 | LastEpReward: 7.110 | RecentReward: -26.349 | ActorLoss: 0.530861 | CriticLoss: 0.000963 | Q: -0.5818 | TargetQ: -0.5816 | TDAbs: 0.0327 | ActorGrad: 0.0114 | CriticGrad: 0.0816 | Noise: 0.3412 | Replay: 4096 | FPS: 38.52 | ETA: 63.1 min
2026-09-21 16:34:57,105 | INFO | Steps: 4608/150000 | Episodes: 9 | LastEpReward: 8.264 | RecentReward: -22.503 | ActorLoss: 0.460923 | CriticLoss: 0.000991 | Q: -0.5160 | TargetQ: -0.5159 | TDAbs: 0.0327 | ActorGrad: 0.0125 | CriticGrad: 0.0768 | Noise: 0.3397 | Replay: 4608 | FPS: 37.61 | ETA: 64.4 min
2026-09-21 16:35:13,253 | INFO | 开始周期评估: Steps=5120 | Episodes=10 | EvalEpisodes=5
2026-09-21 16:35:44,672 | INFO | 周期评估完成: Steps=5120 | MeanReward=5.652 | StdReward=2.889
2026-09-21 16:35:44,689 | INFO | Steps: 5120/150000 | Episodes: 10 | LastEpReward: -0.402 | RecentReward: -20.293 | ActorLoss: 0.380614 | CriticLoss: 0.000937 | Q: -0.4327 | TargetQ: -0.4327 | TDAbs: 0.0325 | ActorGrad: 0.0154 | CriticGrad: 0.0763 | Noise: 0.3382 | Replay: 5120 | FPS: 30.10 | ETA: 80.2 min
2026-09-21 16:36:00,627 | INFO | Steps: 5632/150000 | Episodes: 11 | LastEpReward: 3.699 | RecentReward: -18.935 | ActorLoss: 0.323598 | CriticLoss: 0.001118 | Q: -0.3681 | TargetQ: -0.3677 | TDAbs: 0.0359 | ActorGrad: 0.0165 | CriticGrad: 0.0851 | Noise: 0.3368 | Replay: 5632 | FPS: 30.27 | ETA: 79.5 min
2026-09-21 16:36:16,486 | INFO | Steps: 6144/150000 | Episodes: 12 | LastEpReward: -2.012 | RecentReward: -17.704 | ActorLoss: 0.274020 | CriticLoss: 0.001339 | Q: -0.3143 | TargetQ: -0.3142 | TDAbs: 0.0378 | ActorGrad: 0.0148 | CriticGrad: 0.0764 | Noise: 0.3353 | Replay: 6144 | FPS: 30.43 | ETA: 78.8 min
2026-09-21 16:36:32,436 | INFO | Steps: 6656/150000 | Episodes: 13 | LastEpReward: 6.808 | RecentReward: -11.041 | ActorLoss: 0.225449 | CriticLoss: 0.001462 | Q: -0.2665 | TargetQ: -0.2662 | TDAbs: 0.0403 | ActorGrad: 0.0180 | CriticGrad: 0.0840 | Noise: 0.3338 | Replay: 6656 | FPS: 30.55 | ETA: 78.2 min
2026-09-21 16:36:48,413 | INFO | Steps: 7168/150000 | Episodes: 14 | LastEpReward: 7.244 | RecentReward: -3.709 | ActorLoss: 0.181225 | CriticLoss: 0.001344 | Q: -0.2189 | TargetQ: -0.2190 | TDAbs: 0.0389 | ActorGrad: 0.0159 | CriticGrad: 0.0783 | Noise: 0.3324 | Replay: 7168 | FPS: 30.66 | ETA: 77.7 min
2026-09-21 16:37:04,014 | INFO | Steps: 7680/150000 | Episodes: 15 | LastEpReward: 2.354 | RecentReward: 4.111 | ActorLoss: 0.130035 | CriticLoss: 0.001932 | Q: -0.1682 | TargetQ: -0.1679 | TDAbs: 0.0473 | ActorGrad: 0.0188 | CriticGrad: 0.1099 | Noise: 0.3309 | Replay: 7680 | FPS: 30.79 | ETA: 77.0 min
2026-09-21 16:37:20,237 | INFO | Steps: 8192/150000 | Episodes: 16 | LastEpReward: 2.658 | RecentReward: 4.042 | ActorLoss: 0.068044 | CriticLoss: 0.001482 | Q: -0.1042 | TargetQ: -0.1038 | TDAbs: 0.0409 | ActorGrad: 0.0191 | CriticGrad: 0.0842 | Noise: 0.3295 | Replay: 8192 | FPS: 30.84 | ETA: 76.6 min
2026-09-21 16:37:36,356 | INFO | Steps: 8704/150000 | Episodes: 17 | LastEpReward: -2.911 | RecentReward: 3.281 | ActorLoss: 0.026290 | CriticLoss: 0.001874 | Q: -0.0613 | TargetQ: -0.0613 | TDAbs: 0.0458 | ActorGrad: 0.0190 | CriticGrad: 0.0923 | Noise: 0.3280 | Replay: 8704 | FPS: 30.89 | ETA: 76.2 min
2026-09-21 16:37:52,332 | INFO | Steps: 9216/150000 | Episodes: 18 | LastEpReward: 15.326 | RecentReward: 4.103 | ActorLoss: -0.010690 | CriticLoss: 0.001991 | Q: -0.0206 | TargetQ: -0.0207 | TDAbs: 0.0480 | ActorGrad: 0.0198 | CriticGrad: 0.1019 | Noise: 0.3265 | Replay: 9216 | FPS: 30.95 | ETA: 75.8 min
2026-09-21 16:38:08,629 | INFO | Steps: 9728/150000 | Episodes: 19 | LastEpReward: 0.611 | RecentReward: 3.338 | ActorLoss: -0.059039 | CriticLoss: 0.001781 | Q: 0.0273 | TargetQ: 0.0276 | TDAbs: 0.0449 | ActorGrad: 0.0199 | CriticGrad: 0.0876 | Noise: 0.3251 | Replay: 9728 | FPS: 30.98 | ETA: 75.5 min
2026-09-21 16:38:24,737 | INFO | 开始周期评估: Steps=10240 | Episodes=20 | EvalEpisodes=5
2026-09-21 16:38:56,237 | INFO | 周期评估完成: Steps=10240 | MeanReward=5.924 | StdReward=4.591
2026-09-21 16:38:56,253 | INFO | Steps: 10240/150000 | Episodes: 20 | LastEpReward: 11.065 | RecentReward: 4.484 | ActorLoss: -0.076237 | CriticLoss: 0.002192 | Q: 0.0471 | TargetQ: 0.0472 | TDAbs: 0.0503 | ActorGrad: 0.0184 | CriticGrad: 0.1078 | Noise: 0.3236 | Replay: 10240 | FPS: 28.31 | ETA: 82.3 min
2026-09-21 16:39:12,583 | INFO | Steps: 10752/150000 | Episodes: 21 | LastEpReward: -6.113 | RecentReward: 3.503 | ActorLoss: -0.111814 | CriticLoss: 0.001881 | Q: 0.0829 | TargetQ: 0.0829 | TDAbs: 0.0467 | ActorGrad: 0.0190 | CriticGrad: 0.0866 | Noise: 0.3221 | Replay: 10752 | FPS: 28.45 | ETA: 81.6 min
2026-09-21 16:39:28,681 | INFO | Steps: 11264/150000 | Episodes: 22 | LastEpReward: 0.852 | RecentReward: 3.789 | ActorLoss: -0.143721 | CriticLoss: 0.002137 | Q: 0.1146 | TargetQ: 0.1149 | TDAbs: 0.0496 | ActorGrad: 0.0210 | CriticGrad: 0.1046 | Noise: 0.3207 | Replay: 11264 | FPS: 28.58 | ETA: 80.9 min
2026-09-21 16:39:44,846 | INFO | Steps: 11776/150000 | Episodes: 23 | LastEpReward: -0.096 | RecentReward: 3.099 | ActorLoss: -0.168636 | CriticLoss: 0.002546 | Q: 0.1397 | TargetQ: 0.1402 | TDAbs: 0.0542 | ActorGrad: 0.0187 | CriticGrad: 0.1163 | Noise: 0.3192 | Replay: 11776 | FPS: 28.70 | ETA: 80.3 min
2026-09-21 16:40:00,962 | INFO | Steps: 12288/150000 | Episodes: 24 | LastEpReward: 10.168 | RecentReward: 3.391 | ActorLoss: -0.208142 | CriticLoss: 0.002487 | Q: 0.1817 | TargetQ: 0.1818 | TDAbs: 0.0536 | ActorGrad: 0.0215 | CriticGrad: 0.1169 | Noise: 0.3177 | Replay: 12288 | FPS: 28.82 | ETA: 79.6 min
2026-09-21 16:40:16,807 | INFO | Steps: 12800/150000 | Episodes: 25 | LastEpReward: 16.696 | RecentReward: 4.826 | ActorLoss: -0.243371 | CriticLoss: 0.002706 | Q: 0.2150 | TargetQ: 0.2155 | TDAbs: 0.0554 | ActorGrad: 0.0195 | CriticGrad: 0.1194 | Noise: 0.3163 | Replay: 12800 | FPS: 28.95 | ETA: 79.0 min
2026-09-21 16:40:33,276 | INFO | Steps: 13312/150000 | Episodes: 26 | LastEpReward: 2.618 | RecentReward: 4.822 | ActorLoss: -0.279128 | CriticLoss: 0.002610 | Q: 0.2515 | TargetQ: 0.2512 | TDAbs: 0.0545 | ActorGrad: 0.0070 | CriticGrad: 0.1055 | Noise: 0.3148 | Replay: 13312 | FPS: 29.02 | ETA: 78.5 min
2026-09-21 16:40:49,501 | INFO | Steps: 13824/150000 | Episodes: 27 | LastEpReward: 5.525 | RecentReward: 5.665 | ActorLoss: -0.299966 | CriticLoss: 0.002469 | Q: 0.2758 | TargetQ: 0.2761 | TDAbs: 0.0536 | ActorGrad: 0.0125 | CriticGrad: 0.1053 | Noise: 0.3134 | Replay: 13824 | FPS: 29.11 | ETA: 78.0 min
2026-09-21 16:41:05,967 | INFO | Steps: 14336/150000 | Episodes: 28 | LastEpReward: 5.502 | RecentReward: 4.683 | ActorLoss: -0.342093 | CriticLoss: 0.002808 | Q: 0.3186 | TargetQ: 0.3190 | TDAbs: 0.0572 | ActorGrad: 0.0165 | CriticGrad: 0.1229 | Noise: 0.3119 | Replay: 14336 | FPS: 29.18 | ETA: 77.5 min
2026-09-21 16:41:22,244 | INFO | Steps: 14848/150000 | Episodes: 29 | LastEpReward: 5.632 | RecentReward: 5.185 | ActorLoss: -0.359509 | CriticLoss: 0.002697 | Q: 0.3375 | TargetQ: 0.3378 | TDAbs: 0.0557 | ActorGrad: 0.0159 | CriticGrad: 0.1173 | Noise: 0.3104 | Replay: 14848 | FPS: 29.25 | ETA: 77.0 min
2026-09-21 16:41:38,222 | INFO | 开始周期评估: Steps=15360 | Episodes=30 | EvalEpisodes=5
2026-09-21 16:42:09,694 | INFO | 周期评估完成: Steps=15360 | MeanReward=10.983 | StdReward=3.599
2026-09-21 16:42:09,708 | INFO | Steps: 15360/150000 | Episodes: 30 | LastEpReward: -2.878 | RecentReward: 3.791 | ActorLoss: -0.358054 | CriticLoss: 0.002795 | Q: 0.3348 | TargetQ: 0.3354 | TDAbs: 0.0563 | ActorGrad: 0.0195 | CriticGrad: 0.1041 | Noise: 0.3090 | Replay: 15360 | FPS: 27.67 | ETA: 81.1 min
2026-09-21 16:42:25,876 | INFO | Steps: 15872/150000 | Episodes: 31 | LastEpReward: 11.992 | RecentReward: 5.601 | ActorLoss: -0.380162 | CriticLoss: 0.003089 | Q: 0.3581 | TargetQ: 0.3585 | TDAbs: 0.0604 | ActorGrad: 0.0205 | CriticGrad: 0.1258 | Noise: 0.3075 | Replay: 15872 | FPS: 27.78 | ETA: 80.5 min
2026-09-21 16:42:41,770 | INFO | Steps: 16384/150000 | Episodes: 32 | LastEpReward: 6.916 | RecentReward: 6.208 | ActorLoss: -0.406719 | CriticLoss: 0.003280 | Q: 0.3845 | TargetQ: 0.3852 | TDAbs: 0.0613 | ActorGrad: 0.0190 | CriticGrad: 0.1381 | Noise: 0.3060 | Replay: 16384 | FPS: 27.90 | ETA: 79.8 min
2026-09-21 16:42:57,887 | INFO | Steps: 16896/150000 | Episodes: 33 | LastEpReward: 5.131 | RecentReward: 6.730 | ActorLoss: -0.440907 | CriticLoss: 0.003051 | Q: 0.4199 | TargetQ: 0.4192 | TDAbs: 0.0592 | ActorGrad: 0.0113 | CriticGrad: 0.1329 | Noise: 0.3046 | Replay: 16896 | FPS: 28.01 | ETA: 79.2 min
2026-09-21 16:43:13,785 | INFO | Steps: 17408/150000 | Episodes: 34 | LastEpReward: -2.699 | RecentReward: 5.444 | ActorLoss: -0.445041 | CriticLoss: 0.003084 | Q: 0.4262 | TargetQ: 0.4265 | TDAbs: 0.0593 | ActorGrad: 0.0157 | CriticGrad: 0.1223 | Noise: 0.3031 | Replay: 17408 | FPS: 28.11 | ETA: 78.6 min
2026-09-21 16:43:29,530 | INFO | Steps: 17920/150000 | Episodes: 35 | LastEpReward: 18.674 | RecentReward: 5.641 | ActorLoss: -0.472458 | CriticLoss: 0.003155 | Q: 0.4530 | TargetQ: 0.4532 | TDAbs: 0.0604 | ActorGrad: 0.0155 | CriticGrad: 0.1164 | Noise: 0.3017 | Replay: 17920 | FPS: 28.22 | ETA: 78.0 min
2026-09-21 16:43:45,897 | INFO | Steps: 18432/150000 | Episodes: 36 | LastEpReward: -3.518 | RecentReward: 5.028 | ActorLoss: -0.494001 | CriticLoss: 0.003556 | Q: 0.4736 | TargetQ: 0.4738 | TDAbs: 0.0640 | ActorGrad: 0.0156 | CriticGrad: 0.1308 | Noise: 0.3002 | Replay: 18432 | FPS: 28.30 | ETA: 77.5 min
2026-09-21 16:44:01,828 | INFO | Steps: 18944/150000 | Episodes: 37 | LastEpReward: 17.212 | RecentReward: 6.196 | ActorLoss: -0.493832 | CriticLoss: 0.003434 | Q: 0.4749 | TargetQ: 0.4749 | TDAbs: 0.0633 | ActorGrad: 0.0171 | CriticGrad: 0.1411 | Noise: 0.2987 | Replay: 18944 | FPS: 28.39 | ETA: 76.9 min
2026-09-21 16:44:17,585 | INFO | Steps: 19456/150000 | Episodes: 38 | LastEpReward: 16.438 | RecentReward: 7.290 | ActorLoss: -0.553676 | CriticLoss: 0.003471 | Q: 0.5367 | TargetQ: 0.5370 | TDAbs: 0.0629 | ActorGrad: 0.0170 | CriticGrad: 0.1323 | Noise: 0.2973 | Replay: 19456 | FPS: 28.49 | ETA: 76.4 min
2026-09-21 16:44:33,476 | INFO | Steps: 19968/150000 | Episodes: 39 | LastEpReward: 17.887 | RecentReward: 8.515 | ActorLoss: -0.547755 | CriticLoss: 0.003812 | Q: 0.5314 | TargetQ: 0.5312 | TDAbs: 0.0661 | ActorGrad: 0.0164 | CriticGrad: 0.1608 | Noise: 0.2958 | Replay: 19968 | FPS: 28.57 | ETA: 75.9 min
2026-09-21 16:44:49,645 | INFO | 开始周期评估: Steps=20480 | Episodes=40 | EvalEpisodes=5
2026-09-21 16:45:21,141 | INFO | 周期评估完成: Steps=20480 | MeanReward=11.118 | StdReward=3.582
2026-09-21 16:45:21,158 | INFO | Steps: 20480/150000 | Episodes: 40 | LastEpReward: 6.097 | RecentReward: 9.413 | ActorLoss: -0.567932 | CriticLoss: 0.003858 | Q: 0.5491 | TargetQ: 0.5495 | TDAbs: 0.0670 | ActorGrad: 0.0173 | CriticGrad: 0.1517 | Noise: 0.2943 | Replay: 20480 | FPS: 27.43 | ETA: 78.7 min
2026-09-21 16:45:37,212 | INFO | Steps: 20992/150000 | Episodes: 41 | LastEpReward: 4.975 | RecentReward: 8.711 | ActorLoss: -0.589650 | CriticLoss: 0.003625 | Q: 0.5703 | TargetQ: 0.5704 | TDAbs: 0.0643 | ActorGrad: 0.0179 | CriticGrad: 0.1384 | Noise: 0.2929 | Replay: 20992 | FPS: 27.53 | ETA: 78.1 min
2026-09-21 16:45:53,066 | INFO | Steps: 21504/150000 | Episodes: 42 | LastEpReward: 10.974 | RecentReward: 9.117 | ActorLoss: -0.629975 | CriticLoss: 0.003867 | Q: 0.6107 | TargetQ: 0.6111 | TDAbs: 0.0669 | ActorGrad: 0.0214 | CriticGrad: 0.1558 | Noise: 0.2914 | Replay: 21504 | FPS: 27.62 | ETA: 77.5 min
2026-09-21 16:46:08,854 | INFO | Steps: 22016/150000 | Episodes: 43 | LastEpReward: 19.641 | RecentReward: 10.568 | ActorLoss: -0.657726 | CriticLoss: 0.003857 | Q: 0.6368 | TargetQ: 0.6370 | TDAbs: 0.0666 | ActorGrad: 0.0185 | CriticGrad: 0.1384 | Noise: 0.2900 | Replay: 22016 | FPS: 27.72 | ETA: 77.0 min
2026-09-21 16:46:24,744 | INFO | Steps: 22528/150000 | Episodes: 44 | LastEpReward: 5.459 | RecentReward: 11.384 | ActorLoss: -0.666458 | CriticLoss: 0.004339 | Q: 0.6474 | TargetQ: 0.6471 | TDAbs: 0.0695 | ActorGrad: 0.0179 | CriticGrad: 0.1561 | Noise: 0.2885 | Replay: 22528 | FPS: 27.81 | ETA: 76.4 min
2026-09-21 16:46:40,878 | INFO | Steps: 23040/150000 | Episodes: 45 | LastEpReward: 12.433 | RecentReward: 10.760 | ActorLoss: -0.693921 | CriticLoss: 0.004703 | Q: 0.6731 | TargetQ: 0.6733 | TDAbs: 0.0731 | ActorGrad: 0.0173 | CriticGrad: 0.1878 | Noise: 0.2870 | Replay: 23040 | FPS: 27.88 | ETA: 75.9 min
2026-09-21 16:46:56,700 | INFO | Steps: 23552/150000 | Episodes: 46 | LastEpReward: 0.339 | RecentReward: 11.145 | ActorLoss: -0.737522 | CriticLoss: 0.003913 | Q: 0.7171 | TargetQ: 0.7171 | TDAbs: 0.0677 | ActorGrad: 0.0180 | CriticGrad: 0.1485 | Noise: 0.2856 | Replay: 23552 | FPS: 27.97 | ETA: 75.4 min
2026-09-21 16:47:12,740 | INFO | Steps: 24064/150000 | Episodes: 47 | LastEpReward: 9.432 | RecentReward: 10.367 | ActorLoss: -0.764339 | CriticLoss: 0.004380 | Q: 0.7457 | TargetQ: 0.7461 | TDAbs: 0.0710 | ActorGrad: 0.0179 | CriticGrad: 0.1623 | Noise: 0.2841 | Replay: 24064 | FPS: 28.04 | ETA: 74.8 min
2026-09-21 16:47:28,647 | INFO | Steps: 24576/150000 | Episodes: 48 | LastEpReward: 12.494 | RecentReward: 9.973 | ActorLoss: -0.770326 | CriticLoss: 0.004423 | Q: 0.7520 | TargetQ: 0.7519 | TDAbs: 0.0712 | ActorGrad: 0.0193 | CriticGrad: 0.1535 | Noise: 0.2826 | Replay: 24576 | FPS: 28.12 | ETA: 74.3 min
2026-09-21 16:47:44,851 | INFO | Steps: 25088/150000 | Episodes: 49 | LastEpReward: 13.772 | RecentReward: 9.561 | ActorLoss: -0.793802 | CriticLoss: 0.004454 | Q: 0.7751 | TargetQ: 0.7752 | TDAbs: 0.0719 | ActorGrad: 0.0178 | CriticGrad: 0.1524 | Noise: 0.2812 | Replay: 25088 | FPS: 28.18 | ETA: 73.9 min
2026-09-21 16:48:00,574 | INFO | 开始周期评估: Steps=25600 | Episodes=50 | EvalEpisodes=5
2026-09-21 16:48:32,055 | INFO | 周期评估完成: Steps=25600 | MeanReward=11.650 | StdReward=3.458
2026-09-21 16:48:32,072 | INFO | Steps: 25600/150000 | Episodes: 50 | LastEpReward: 0.471 | RecentReward: 8.999 | ActorLoss: -0.819953 | CriticLoss: 0.004763 | Q: 0.7996 | TargetQ: 0.8002 | TDAbs: 0.0730 | ActorGrad: 0.0202 | CriticGrad: 0.1748 | Noise: 0.2797 | Replay: 25600 | FPS: 27.31 | ETA: 75.9 min
2026-09-21 16:48:48,270 | INFO | Steps: 26112/150000 | Episodes: 51 | LastEpReward: 10.634 | RecentReward: 9.565 | ActorLoss: -0.827033 | CriticLoss: 0.004801 | Q: 0.8087 | TargetQ: 0.8088 | TDAbs: 0.0747 | ActorGrad: 0.0185 | CriticGrad: 0.1854 | Noise: 0.2783 | Replay: 26112 | FPS: 27.38 | ETA: 75.4 min
2026-09-21 16:49:04,060 | INFO | Steps: 26624/150000 | Episodes: 52 | LastEpReward: 12.125 | RecentReward: 9.680 | ActorLoss: -0.843848 | CriticLoss: 0.004704 | Q: 0.8262 | TargetQ: 0.8260 | TDAbs: 0.0737 | ActorGrad: 0.0185 | CriticGrad: 0.1659 | Noise: 0.2768 | Replay: 26624 | FPS: 27.46 | ETA: 74.9 min
2026-09-21 16:49:20,155 | INFO | Steps: 27136/150000 | Episodes: 53 | LastEpReward: 8.849 | RecentReward: 8.601 | ActorLoss: -0.881749 | CriticLoss: 0.005095 | Q: 0.8628 | TargetQ: 0.8628 | TDAbs: 0.0767 | ActorGrad: 0.0198 | CriticGrad: 0.1928 | Noise: 0.2753 | Replay: 27136 | FPS: 27.53 | ETA: 74.4 min
2026-09-21 16:49:36,328 | INFO | Steps: 27648/150000 | Episodes: 54 | LastEpReward: 14.676 | RecentReward: 9.522 | ActorLoss: -0.905564 | CriticLoss: 0.005512 | Q: 0.8876 | TargetQ: 0.8878 | TDAbs: 0.0784 | ActorGrad: 0.0175 | CriticGrad: 0.1872 | Noise: 0.2739 | Replay: 27648 | FPS: 27.60 | ETA: 73.9 min
2026-09-21 16:49:52,722 | INFO | Steps: 28160/150000 | Episodes: 55 | LastEpReward: 10.820 | RecentReward: 9.361 | ActorLoss: -0.914748 | CriticLoss: 0.005343 | Q: 0.8974 | TargetQ: 0.8976 | TDAbs: 0.0788 | ActorGrad: 0.0214 | CriticGrad: 0.1813 | Noise: 0.2724 | Replay: 28160 | FPS: 27.66 | ETA: 73.4 min
2026-09-21 16:50:08,672 | INFO | Steps: 28672/150000 | Episodes: 56 | LastEpReward: 19.321 | RecentReward: 11.259 | ActorLoss: -0.963289 | CriticLoss: 0.005230 | Q: 0.9448 | TargetQ: 0.9447 | TDAbs: 0.0773 | ActorGrad: 0.0331 | CriticGrad: 0.1756 | Noise: 0.2709 | Replay: 28672 | FPS: 27.73 | ETA: 72.9 min
2026-09-21 16:50:24,627 | INFO | Steps: 29184/150000 | Episodes: 57 | LastEpReward: -19.794 | RecentReward: 8.337 | ActorLoss: -1.005959 | CriticLoss: 0.008298 | Q: 0.9928 | TargetQ: 0.9932 | TDAbs: 0.0984 | ActorGrad: 0.0041 | CriticGrad: 0.1862 | Noise: 0.2695 | Replay: 29184 | FPS: 27.79 | ETA: 72.4 min
2026-09-21 16:50:40,643 | INFO | Steps: 29696/150000 | Episodes: 58 | LastEpReward: -14.701 | RecentReward: 5.617 | ActorLoss: -0.947807 | CriticLoss: 0.007995 | Q: 0.9517 | TargetQ: 0.9524 | TDAbs: 0.0952 | ActorGrad: 0.0337 | CriticGrad: 0.1705 | Noise: 0.2680 | Replay: 29696 | FPS: 27.86 | ETA: 72.0 min
2026-09-21 16:50:56,807 | INFO | Steps: 30208/150000 | Episodes: 59 | LastEpReward: 0.938 | RecentReward: 4.334 | ActorLoss: -0.924856 | CriticLoss: 0.006693 | Q: 0.9157 | TargetQ: 0.9157 | TDAbs: 0.0889 | ActorGrad: 0.0456 | CriticGrad: 0.1551 | Noise: 0.2665 | Replay: 30208 | FPS: 27.91 | ETA: 71.5 min
2026-09-21 16:51:12,684 | INFO | 开始周期评估: Steps=30720 | Episodes=60 | EvalEpisodes=5
2026-09-21 16:51:43,692 | INFO | 周期评估完成: Steps=30720 | MeanReward=3.552 | StdReward=5.062
2026-09-21 16:51:43,702 | INFO | Steps: 30720/150000 | Episodes: 60 | LastEpReward: 1.187 | RecentReward: 4.406 | ActorLoss: -0.943950 | CriticLoss: 0.006377 | Q: 0.9309 | TargetQ: 0.9312 | TDAbs: 0.0867 | ActorGrad: 0.0533 | CriticGrad: 0.1651 | Noise: 0.2651 | Replay: 30720 | FPS: 27.21 | ETA: 73.1 min
2026-09-21 16:51:59,503 | INFO | Steps: 31232/150000 | Episodes: 61 | LastEpReward: 5.086 | RecentReward: 3.851 | ActorLoss: -0.928947 | CriticLoss: 0.006479 | Q: 0.9179 | TargetQ: 0.9178 | TDAbs: 0.0872 | ActorGrad: 0.0489 | CriticGrad: 0.1700 | Noise: 0.2636 | Replay: 31232 | FPS: 27.28 | ETA: 72.6 min
2026-09-21 16:52:15,608 | INFO | Steps: 31744/150000 | Episodes: 62 | LastEpReward: 8.123 | RecentReward: 3.451 | ActorLoss: -0.948777 | CriticLoss: 0.006380 | Q: 0.9344 | TargetQ: 0.9350 | TDAbs: 0.0859 | ActorGrad: 0.0499 | CriticGrad: 0.1631 | Noise: 0.2622 | Replay: 31744 | FPS: 27.34 | ETA: 72.1 min
2026-09-21 16:52:31,529 | INFO | Steps: 32256/150000 | Episodes: 63 | LastEpReward: 2.690 | RecentReward: 2.835 | ActorLoss: -0.972823 | CriticLoss: 0.006488 | Q: 0.9537 | TargetQ: 0.9538 | TDAbs: 0.0866 | ActorGrad: 0.0191 | CriticGrad: 0.1708 | Noise: 0.2607 | Replay: 32256 | FPS: 27.41 | ETA: 71.6 min
2026-09-21 16:52:47,334 | INFO | Steps: 32768/150000 | Episodes: 64 | LastEpReward: 15.758 | RecentReward: 2.943 | ActorLoss: -0.997746 | CriticLoss: 0.006461 | Q: 0.9792 | TargetQ: 0.9795 | TDAbs: 0.0874 | ActorGrad: 0.0208 | CriticGrad: 0.2118 | Noise: 0.2592 | Replay: 32768 | FPS: 27.47 | ETA: 71.1 min
2026-09-21 16:53:03,371 | INFO | Steps: 33280/150000 | Episodes: 65 | LastEpReward: 3.274 | RecentReward: 2.188 | ActorLoss: -1.034010 | CriticLoss: 0.005518 | Q: 1.0144 | TargetQ: 1.0149 | TDAbs: 0.0806 | ActorGrad: 0.0268 | CriticGrad: 0.1581 | Noise: 0.2578 | Replay: 33280 | FPS: 27.53 | ETA: 70.7 min
2026-09-21 16:53:19,468 | INFO | Steps: 33792/150000 | Episodes: 66 | LastEpReward: 18.658 | RecentReward: 2.122 | ActorLoss: -1.065983 | CriticLoss: 0.005935 | Q: 1.0477 | TargetQ: 1.0482 | TDAbs: 0.0832 | ActorGrad: 0.0315 | CriticGrad: 0.1618 | Noise: 0.2563 | Replay: 33792 | FPS: 27.59 | ETA: 70.2 min
2026-09-21 16:53:35,388 | INFO | Steps: 34304/150000 | Episodes: 67 | LastEpReward: 5.702 | RecentReward: 4.671 | ActorLoss: -1.072274 | CriticLoss: 0.005879 | Q: 1.0539 | TargetQ: 1.0541 | TDAbs: 0.0824 | ActorGrad: 0.0252 | CriticGrad: 0.1560 | Noise: 0.2548 | Replay: 34304 | FPS: 27.65 | ETA: 69.7 min
2026-09-21 16:53:50,993 | INFO | Steps: 34816/150000 | Episodes: 68 | LastEpReward: 25.354 | RecentReward: 8.677 | ActorLoss: -1.096842 | CriticLoss: 0.005997 | Q: 1.0783 | TargetQ: 1.0786 | TDAbs: 0.0838 | ActorGrad: 0.0245 | CriticGrad: 0.1714 | Noise: 0.2534 | Replay: 34816 | FPS: 27.71 | ETA: 69.3 min
2026-09-21 16:54:06,860 | INFO | Steps: 35328/150000 | Episodes: 69 | LastEpReward: 17.926 | RecentReward: 10.376 | ActorLoss: -1.123253 | CriticLoss: 0.005894 | Q: 1.1052 | TargetQ: 1.1059 | TDAbs: 0.0823 | ActorGrad: 0.0383 | CriticGrad: 0.1721 | Noise: 0.2519 | Replay: 35328 | FPS: 27.77 | ETA: 68.8 min
2026-09-21 16:54:23,165 | INFO | 开始周期评估: Steps=35840 | Episodes=70 | EvalEpisodes=5
2026-09-21 16:54:54,434 | INFO | 周期评估完成: Steps=35840 | MeanReward=14.115 | StdReward=5.217
2026-09-21 16:54:54,452 | INFO | Steps: 35840/150000 | Episodes: 70 | LastEpReward: 18.016 | RecentReward: 12.059 | ActorLoss: -1.153466 | CriticLoss: 0.006379 | Q: 1.1333 | TargetQ: 1.1336 | TDAbs: 0.0863 | ActorGrad: 0.0326 | CriticGrad: 0.1772 | Noise: 0.2505 | Replay: 35840 | FPS: 27.15 | ETA: 70.1 min
2026-09-21 16:55:10,522 | INFO | Steps: 36352/150000 | Episodes: 71 | LastEpReward: 10.793 | RecentReward: 12.630 | ActorLoss: -1.172933 | CriticLoss: 0.006121 | Q: 1.1528 | TargetQ: 1.1535 | TDAbs: 0.0848 | ActorGrad: 0.0377 | CriticGrad: 0.1786 | Noise: 0.2490 | Replay: 36352 | FPS: 27.21 | ETA: 69.6 min
2026-09-21 16:55:26,585 | INFO | Steps: 36864/150000 | Episodes: 72 | LastEpReward: 9.810 | RecentReward: 12.798 | ActorLoss: -1.208283 | CriticLoss: 0.006345 | Q: 1.1864 | TargetQ: 1.1864 | TDAbs: 0.0861 | ActorGrad: 0.0368 | CriticGrad: 0.1851 | Noise: 0.2475 | Replay: 36864 | FPS: 27.27 | ETA: 69.2 min
2026-09-21 16:55:42,517 | INFO | Steps: 37376/150000 | Episodes: 73 | LastEpReward: 8.344 | RecentReward: 13.364 | ActorLoss: -1.228490 | CriticLoss: 0.006919 | Q: 1.2077 | TargetQ: 1.2078 | TDAbs: 0.0894 | ActorGrad: 0.0356 | CriticGrad: 0.1975 | Noise: 0.2461 | Replay: 37376 | FPS: 27.32 | ETA: 68.7 min
2026-09-21 16:55:58,303 | INFO | Steps: 37888/150000 | Episodes: 74 | LastEpReward: 9.284 | RecentReward: 12.716 | ActorLoss: -1.257148 | CriticLoss: 0.006403 | Q: 1.2367 | TargetQ: 1.2365 | TDAbs: 0.0865 | ActorGrad: 0.0330 | CriticGrad: 0.1758 | Noise: 0.2446 | Replay: 37888 | FPS: 27.38 | ETA: 68.2 min
2026-09-21 16:56:14,253 | INFO | Steps: 38400/150000 | Episodes: 75 | LastEpReward: 11.464 | RecentReward: 13.535 | ActorLoss: -1.263468 | CriticLoss: 0.006639 | Q: 1.2442 | TargetQ: 1.2446 | TDAbs: 0.0887 | ActorGrad: 0.0387 | CriticGrad: 0.1847 | Noise: 0.2431 | Replay: 38400 | FPS: 27.44 | ETA: 67.8 min
2026-09-21 16:56:31,005 | INFO | Steps: 38912/150000 | Episodes: 76 | LastEpReward: 16.401 | RecentReward: 13.310 | ActorLoss: -1.286365 | CriticLoss: 0.006781 | Q: 1.2681 | TargetQ: 1.2684 | TDAbs: 0.0879 | ActorGrad: 0.0397 | CriticGrad: 0.1860 | Noise: 0.2417 | Replay: 38912 | FPS: 27.47 | ETA: 67.4 min
2026-09-21 16:56:47,113 | INFO | Steps: 39424/150000 | Episodes: 77 | LastEpReward: 8.639 | RecentReward: 13.603 | ActorLoss: -1.316628 | CriticLoss: 0.006968 | Q: 1.2957 | TargetQ: 1.2958 | TDAbs: 0.0906 | ActorGrad: 0.0471 | CriticGrad: 0.1991 | Noise: 0.2402 | Replay: 39424 | FPS: 27.52 | ETA: 67.0 min
2026-09-21 16:57:03,178 | INFO | Steps: 39936/150000 | Episodes: 78 | LastEpReward: 10.053 | RecentReward: 12.073 | ActorLoss: -1.315054 | CriticLoss: 0.007161 | Q: 1.2951 | TargetQ: 1.2962 | TDAbs: 0.0919 | ActorGrad: 0.0422 | CriticGrad: 0.2061 | Noise: 0.2388 | Replay: 39936 | FPS: 27.57 | ETA: 66.5 min
2026-09-21 16:57:19,359 | INFO | Steps: 40448/150000 | Episodes: 79 | LastEpReward: 12.329 | RecentReward: 11.513 | ActorLoss: -1.349911 | CriticLoss: 0.007031 | Q: 1.3335 | TargetQ: 1.3337 | TDAbs: 0.0911 | ActorGrad: 0.0370 | CriticGrad: 0.1882 | Noise: 0.2373 | Replay: 40448 | FPS: 27.61 | ETA: 66.1 min
2026-09-21 16:57:35,838 | INFO | 开始周期评估: Steps=40960 | Episodes=80 | EvalEpisodes=5
2026-09-21 16:58:07,326 | INFO | 周期评估完成: Steps=40960 | MeanReward=15.894 | StdReward=3.380
2026-09-21 16:58:07,346 | INFO | Steps: 40960/150000 | Episodes: 80 | LastEpReward: 13.887 | RecentReward: 11.101 | ActorLoss: -1.384420 | CriticLoss: 0.007058 | Q: 1.3667 | TargetQ: 1.3667 | TDAbs: 0.0911 | ActorGrad: 0.0408 | CriticGrad: 0.2044 | Noise: 0.2358 | Replay: 40960 | FPS: 27.08 | ETA: 67.1 min
2026-09-21 16:58:23,335 | INFO | Steps: 41472/150000 | Episodes: 81 | LastEpReward: 22.771 | RecentReward: 12.298 | ActorLoss: -1.400099 | CriticLoss: 0.007524 | Q: 1.3812 | TargetQ: 1.3825 | TDAbs: 0.0930 | ActorGrad: 0.0417 | CriticGrad: 0.2145 | Noise: 0.2344 | Replay: 41472 | FPS: 27.13 | ETA: 66.7 min
2026-09-21 16:58:39,615 | INFO | Steps: 41984/150000 | Episodes: 82 | LastEpReward: 22.250 | RecentReward: 13.542 | ActorLoss: -1.414771 | CriticLoss: 0.007623 | Q: 1.3966 | TargetQ: 1.3971 | TDAbs: 0.0938 | ActorGrad: 0.0410 | CriticGrad: 0.2011 | Noise: 0.2329 | Replay: 41984 | FPS: 27.17 | ETA: 66.3 min
2026-09-21 16:58:55,429 | INFO | Steps: 42496/150000 | Episodes: 83 | LastEpReward: 13.894 | RecentReward: 14.097 | ActorLoss: -1.435292 | CriticLoss: 0.007747 | Q: 1.4162 | TargetQ: 1.4174 | TDAbs: 0.0950 | ActorGrad: 0.0373 | CriticGrad: 0.2181 | Noise: 0.2314 | Replay: 42496 | FPS: 27.23 | ETA: 65.8 min
2026-09-21 16:59:11,588 | INFO | Steps: 43008/150000 | Episodes: 84 | LastEpReward: 9.419 | RecentReward: 14.111 | ActorLoss: -1.443208 | CriticLoss: 0.007758 | Q: 1.4223 | TargetQ: 1.4224 | TDAbs: 0.0950 | ActorGrad: 0.0417 | CriticGrad: 0.2197 | Noise: 0.2300 | Replay: 43008 | FPS: 27.27 | ETA: 65.4 min
2026-09-21 16:59:27,569 | INFO | Steps: 43520/150000 | Episodes: 85 | LastEpReward: 13.529 | RecentReward: 14.317 | ActorLoss: -1.479465 | CriticLoss: 0.007752 | Q: 1.4588 | TargetQ: 1.4596 | TDAbs: 0.0952 | ActorGrad: 0.0489 | CriticGrad: 0.2169 | Noise: 0.2285 | Replay: 43520 | FPS: 27.32 | ETA: 65.0 min
2026-09-21 16:59:43,411 | INFO | Steps: 44032/150000 | Episodes: 86 | LastEpReward: 7.275 | RecentReward: 13.405 | ActorLoss: -1.493993 | CriticLoss: 0.007864 | Q: 1.4754 | TargetQ: 1.4755 | TDAbs: 0.0956 | ActorGrad: 0.0413 | CriticGrad: 0.2387 | Noise: 0.2271 | Replay: 44032 | FPS: 27.37 | ETA: 64.5 min
2026-09-21 16:59:59,458 | INFO | Steps: 44544/150000 | Episodes: 87 | LastEpReward: 12.677 | RecentReward: 13.808 | ActorLoss: -1.518831 | CriticLoss: 0.008108 | Q: 1.5006 | TargetQ: 1.5011 | TDAbs: 0.0976 | ActorGrad: 0.0433 | CriticGrad: 0.2345 | Noise: 0.2256 | Replay: 44544 | FPS: 27.41 | ETA: 64.1 min
2026-09-21 17:00:15,363 | INFO | Steps: 45056/150000 | Episodes: 88 | LastEpReward: 22.598 | RecentReward: 15.063 | ActorLoss: -1.551279 | CriticLoss: 0.008110 | Q: 1.5320 | TargetQ: 1.5322 | TDAbs: 0.0973 | ActorGrad: 0.0412 | CriticGrad: 0.2199 | Noise: 0.2241 | Replay: 45056 | FPS: 27.46 | ETA: 63.7 min
2026-09-21 17:00:31,156 | INFO | Steps: 45568/150000 | Episodes: 89 | LastEpReward: 15.285 | RecentReward: 15.359 | ActorLoss: -1.546953 | CriticLoss: 0.008264 | Q: 1.5280 | TargetQ: 1.5287 | TDAbs: 0.0980 | ActorGrad: 0.0479 | CriticGrad: 0.2272 | Noise: 0.2227 | Replay: 45568 | FPS: 27.51 | ETA: 63.3 min
2026-09-21 17:00:47,135 | INFO | 开始周期评估: Steps=46080 | Episodes=90 | EvalEpisodes=5
2026-09-21 17:01:18,458 | INFO | 周期评估完成: Steps=46080 | MeanReward=17.020 | StdReward=3.549
2026-09-21 17:01:18,480 | INFO | Steps: 46080/150000 | Episodes: 90 | LastEpReward: 4.314 | RecentReward: 14.401 | ActorLoss: -1.598259 | CriticLoss: 0.008358 | Q: 1.5803 | TargetQ: 1.5806 | TDAbs: 0.0990 | ActorGrad: 0.0427 | CriticGrad: 0.2361 | Noise: 0.2212 | Replay: 46080 | FPS: 27.04 | ETA: 64.0 min
2026-09-21 17:01:34,319 | INFO | Steps: 46592/150000 | Episodes: 91 | LastEpReward: 12.670 | RecentReward: 13.391 | ActorLoss: -1.596008 | CriticLoss: 0.008127 | Q: 1.5791 | TargetQ: 1.5792 | TDAbs: 0.0972 | ActorGrad: 0.0453 | CriticGrad: 0.2296 | Noise: 0.2197 | Replay: 46592 | FPS: 27.09 | ETA: 63.6 min
2026-09-21 17:01:50,516 | INFO | Steps: 47104/150000 | Episodes: 92 | LastEpReward: 14.552 | RecentReward: 12.621 | ActorLoss: -1.598367 | CriticLoss: 0.009255 | Q: 1.5802 | TargetQ: 1.5807 | TDAbs: 0.1033 | ActorGrad: 0.0399 | CriticGrad: 0.2595 | Noise: 0.2183 | Replay: 47104 | FPS: 27.13 | ETA: 63.2 min
2026-09-21 17:02:06,575 | INFO | Steps: 47616/150000 | Episodes: 93 | LastEpReward: 17.706 | RecentReward: 13.002 | ActorLoss: -1.628085 | CriticLoss: 0.009026 | Q: 1.6111 | TargetQ: 1.6118 | TDAbs: 0.1024 | ActorGrad: 0.0414 | CriticGrad: 0.2610 | Noise: 0.2168 | Replay: 47616 | FPS: 27.18 | ETA: 62.8 min
2026-09-21 17:02:22,325 | INFO | Steps: 48128/150000 | Episodes: 94 | LastEpReward: 8.172 | RecentReward: 12.878 | ActorLoss: -1.633334 | CriticLoss: 0.009408 | Q: 1.6134 | TargetQ: 1.6142 | TDAbs: 0.1050 | ActorGrad: 0.0445 | CriticGrad: 0.2877 | Noise: 0.2153 | Replay: 48128 | FPS: 27.23 | ETA: 62.4 min
2026-09-21 17:02:38,373 | INFO | Steps: 48640/150000 | Episodes: 95 | LastEpReward: 18.294 | RecentReward: 13.354 | ActorLoss: -1.675043 | CriticLoss: 0.008955 | Q: 1.6577 | TargetQ: 1.6580 | TDAbs: 0.1021 | ActorGrad: 0.0546 | CriticGrad: 0.2516 | Noise: 0.2139 | Replay: 48640 | FPS: 27.27 | ETA: 62.0 min
2026-09-21 17:02:54,311 | INFO | Steps: 49152/150000 | Episodes: 96 | LastEpReward: 10.705 | RecentReward: 13.697 | ActorLoss: -1.664991 | CriticLoss: 0.009257 | Q: 1.6460 | TargetQ: 1.6463 | TDAbs: 0.1038 | ActorGrad: 0.0449 | CriticGrad: 0.2432 | Noise: 0.2124 | Replay: 49152 | FPS: 27.31 | ETA: 61.5 min
2026-09-21 17:03:10,151 | INFO | Steps: 49664/150000 | Episodes: 97 | LastEpReward: 15.364 | RecentReward: 13.966 | ActorLoss: -1.682565 | CriticLoss: 0.009277 | Q: 1.6641 | TargetQ: 1.6646 | TDAbs: 0.1034 | ActorGrad: 0.0389 | CriticGrad: 0.2631 | Noise: 0.2110 | Replay: 49664 | FPS: 27.35 | ETA: 61.1 min
2026-09-21 17:03:26,127 | INFO | Steps: 50176/150000 | Episodes: 98 | LastEpReward: 17.143 | RecentReward: 13.420 | ActorLoss: -1.698057 | CriticLoss: 0.009395 | Q: 1.6809 | TargetQ: 1.6813 | TDAbs: 0.1048 | ActorGrad: 0.0376 | CriticGrad: 0.2579 | Noise: 0.2095 | Replay: 50000 | FPS: 27.40 | ETA: 60.7 min
2026-09-21 17:03:42,060 | INFO | Steps: 50688/150000 | Episodes: 99 | LastEpReward: 19.521 | RecentReward: 13.844 | ActorLoss: -1.703128 | CriticLoss: 0.009772 | Q: 1.6864 | TargetQ: 1.6870 | TDAbs: 0.1072 | ActorGrad: 0.0344 | CriticGrad: 0.2908 | Noise: 0.2080 | Replay: 50000 | FPS: 27.44 | ETA: 60.3 min
2026-09-21 17:03:57,952 | INFO | 开始周期评估: Steps=51200 | Episodes=100 | EvalEpisodes=5
2026-09-21 17:04:29,304 | INFO | 周期评估完成: Steps=51200 | MeanReward=17.048 | StdReward=3.566
2026-09-21 17:04:29,321 | INFO | Steps: 51200/150000 | Episodes: 100 | LastEpReward: 21.193 | RecentReward: 15.532 | ActorLoss: -1.729228 | CriticLoss: 0.009588 | Q: 1.7140 | TargetQ: 1.7144 | TDAbs: 0.1056 | ActorGrad: 0.0320 | CriticGrad: 0.2665 | Noise: 0.2066 | Replay: 50000 | FPS: 27.02 | ETA: 60.9 min
2026-09-21 17:04:45,290 | INFO | Steps: 51712/150000 | Episodes: 101 | LastEpReward: 15.107 | RecentReward: 15.776 | ActorLoss: -1.756631 | CriticLoss: 0.009951 | Q: 1.7396 | TargetQ: 1.7393 | TDAbs: 0.1072 | ActorGrad: 0.0290 | CriticGrad: 0.2704 | Noise: 0.2051 | Replay: 50000 | FPS: 27.06 | ETA: 60.5 min
2026-09-21 17:05:01,440 | INFO | Steps: 52224/150000 | Episodes: 102 | LastEpReward: 11.100 | RecentReward: 15.431 | ActorLoss: -1.811225 | CriticLoss: 0.010058 | Q: 1.7990 | TargetQ: 1.7991 | TDAbs: 0.1078 | ActorGrad: 0.0354 | CriticGrad: 0.2676 | Noise: 0.2036 | Replay: 50000 | FPS: 27.10 | ETA: 60.1 min
2026-09-21 17:05:17,279 | INFO | Steps: 52736/150000 | Episodes: 103 | LastEpReward: 8.639 | RecentReward: 14.524 | ActorLoss: -1.798684 | CriticLoss: 0.010409 | Q: 1.7860 | TargetQ: 1.7871 | TDAbs: 0.1081 | ActorGrad: 0.0354 | CriticGrad: 0.2864 | Noise: 0.2022 | Replay: 50000 | FPS: 27.15 | ETA: 59.7 min
2026-09-21 17:05:33,360 | INFO | Steps: 53248/150000 | Episodes: 104 | LastEpReward: 22.453 | RecentReward: 15.952 | ActorLoss: -1.829101 | CriticLoss: 0.009588 | Q: 1.8165 | TargetQ: 1.8163 | TDAbs: 0.1054 | ActorGrad: 0.0387 | CriticGrad: 0.2719 | Noise: 0.2007 | Replay: 50000 | FPS: 27.18 | ETA: 59.3 min
2026-09-21 17:05:49,554 | INFO | Steps: 53760/150000 | Episodes: 105 | LastEpReward: 15.023 | RecentReward: 15.625 | ActorLoss: -1.863312 | CriticLoss: 0.010421 | Q: 1.8526 | TargetQ: 1.8524 | TDAbs: 0.1086 | ActorGrad: 0.0385 | CriticGrad: 0.2737 | Noise: 0.1993 | Replay: 50000 | FPS: 27.22 | ETA: 58.9 min
2026-09-21 17:06:05,468 | INFO | Steps: 54272/150000 | Episodes: 106 | LastEpReward: 14.305 | RecentReward: 15.985 | ActorLoss: -1.844390 | CriticLoss: 0.010140 | Q: 1.8324 | TargetQ: 1.8333 | TDAbs: 0.1084 | ActorGrad: 0.0331 | CriticGrad: 0.2952 | Noise: 0.1978 | Replay: 50000 | FPS: 27.26 | ETA: 58.5 min
2026-09-21 17:06:21,499 | INFO | Steps: 54784/150000 | Episodes: 107 | LastEpReward: 11.291 | RecentReward: 15.578 | ActorLoss: -1.861101 | CriticLoss: 0.010761 | Q: 1.8492 | TargetQ: 1.8497 | TDAbs: 0.1101 | ActorGrad: 0.0346 | CriticGrad: 0.2863 | Noise: 0.1963 | Replay: 50000 | FPS: 27.30 | ETA: 58.1 min
2026-09-21 17:06:37,227 | INFO | Steps: 55296/150000 | Episodes: 108 | LastEpReward: 16.137 | RecentReward: 15.477 | ActorLoss: -1.908600 | CriticLoss: 0.011130 | Q: 1.8968 | TargetQ: 1.8967 | TDAbs: 0.1116 | ActorGrad: 0.0393 | CriticGrad: 0.3118 | Noise: 0.1949 | Replay: 50000 | FPS: 27.34 | ETA: 57.7 min
2026-09-21 17:06:53,289 | INFO | Steps: 55808/150000 | Episodes: 109 | LastEpReward: 16.033 | RecentReward: 15.128 | ActorLoss: -1.901775 | CriticLoss: 0.011440 | Q: 1.8896 | TargetQ: 1.8915 | TDAbs: 0.1135 | ActorGrad: 0.0365 | CriticGrad: 0.3080 | Noise: 0.1934 | Replay: 50000 | FPS: 27.37 | ETA: 57.3 min
2026-09-21 17:07:09,773 | INFO | 开始周期评估: Steps=56320 | Episodes=110 | EvalEpisodes=5
2026-09-21 17:07:41,117 | INFO | 周期评估完成: Steps=56320 | MeanReward=17.131 | StdReward=3.696
2026-09-21 17:07:41,136 | INFO | Steps: 56320/150000 | Episodes: 110 | LastEpReward: 14.483 | RecentReward: 14.457 | ActorLoss: -1.948368 | CriticLoss: 0.011299 | Q: 1.9366 | TargetQ: 1.9365 | TDAbs: 0.1124 | ActorGrad: 0.0345 | CriticGrad: 0.3271 | Noise: 0.1919 | Replay: 50000 | FPS: 26.99 | ETA: 57.8 min
2026-09-21 17:07:57,066 | INFO | Steps: 56832/150000 | Episodes: 111 | LastEpReward: 16.737 | RecentReward: 14.620 | ActorLoss: -1.953901 | CriticLoss: 0.011999 | Q: 1.9403 | TargetQ: 1.9404 | TDAbs: 0.1132 | ActorGrad: 0.0407 | CriticGrad: 0.3251 | Noise: 0.1905 | Replay: 50000 | FPS: 27.03 | ETA: 57.4 min
2026-09-21 17:08:12,994 | INFO | Steps: 57344/150000 | Episodes: 112 | LastEpReward: 7.312 | RecentReward: 14.241 | ActorLoss: -1.933524 | CriticLoss: 0.012265 | Q: 1.9208 | TargetQ: 1.9214 | TDAbs: 0.1163 | ActorGrad: 0.0395 | CriticGrad: 0.3319 | Noise: 0.1890 | Replay: 50000 | FPS: 27.07 | ETA: 57.0 min
2026-09-21 17:08:29,659 | INFO | Steps: 57856/150000 | Episodes: 113 | LastEpReward: 11.948 | RecentReward: 14.572 | ActorLoss: -1.982073 | CriticLoss: 0.011859 | Q: 1.9687 | TargetQ: 1.9690 | TDAbs: 0.1150 | ActorGrad: 0.0466 | CriticGrad: 0.3444 | Noise: 0.1876 | Replay: 50000 | FPS: 27.10 | ETA: 56.7 min
2026-09-21 17:08:45,343 | INFO | Steps: 58368/150000 | Episodes: 114 | LastEpReward: 12.609 | RecentReward: 13.588 | ActorLoss: -1.984437 | CriticLoss: 0.013010 | Q: 1.9724 | TargetQ: 1.9731 | TDAbs: 0.1169 | ActorGrad: 0.0355 | CriticGrad: 0.3673 | Noise: 0.1861 | Replay: 50000 | FPS: 27.14 | ETA: 56.3 min
2026-09-21 17:09:01,187 | INFO | Steps: 58880/150000 | Episodes: 115 | LastEpReward: 18.878 | RecentReward: 13.973 | ActorLoss: -1.991473 | CriticLoss: 0.012187 | Q: 1.9781 | TargetQ: 1.9782 | TDAbs: 0.1137 | ActorGrad: 0.0494 | CriticGrad: 0.3378 | Noise: 0.1846 | Replay: 50000 | FPS: 27.18 | ETA: 55.9 min
2026-09-21 17:09:17,102 | INFO | Steps: 59392/150000 | Episodes: 116 | LastEpReward: 13.287 | RecentReward: 13.872 | ActorLoss: -1.997196 | CriticLoss: 0.013198 | Q: 1.9843 | TargetQ: 1.9832 | TDAbs: 0.1198 | ActorGrad: 0.0478 | CriticGrad: 0.3736 | Noise: 0.1832 | Replay: 50000 | FPS: 27.21 | ETA: 55.5 min
2026-09-21 17:09:33,300 | INFO | Steps: 59904/150000 | Episodes: 117 | LastEpReward: 16.950 | RecentReward: 14.437 | ActorLoss: -2.020239 | CriticLoss: 0.011957 | Q: 2.0074 | TargetQ: 2.0073 | TDAbs: 0.1150 | ActorGrad: 0.0413 | CriticGrad: 0.3172 | Noise: 0.1817 | Replay: 50000 | FPS: 27.25 | ETA: 55.1 min
2026-09-21 17:09:49,167 | INFO | Steps: 60416/150000 | Episodes: 118 | LastEpReward: 17.601 | RecentReward: 14.584 | ActorLoss: -2.083573 | CriticLoss: 0.015266 | Q: 2.0682 | TargetQ: 2.0696 | TDAbs: 0.1228 | ActorGrad: 0.0444 | CriticGrad: 0.4114 | Noise: 0.1802 | Replay: 50000 | FPS: 27.28 | ETA: 54.7 min
2026-09-21 17:10:05,546 | INFO | Steps: 60928/150000 | Episodes: 119 | LastEpReward: 24.989 | RecentReward: 15.479 | ActorLoss: -2.080053 | CriticLoss: 0.016830 | Q: 2.0642 | TargetQ: 2.0655 | TDAbs: 0.1238 | ActorGrad: 0.0499 | CriticGrad: 0.4403 | Noise: 0.1788 | Replay: 50000 | FPS: 27.31 | ETA: 54.4 min
2026-09-21 17:10:21,441 | INFO | 开始周期评估: Steps=61440 | Episodes=120 | EvalEpisodes=5
2026-09-21 17:10:52,518 | INFO | 周期评估完成: Steps=61440 | MeanReward=17.225 | StdReward=3.725
2026-09-21 17:10:52,531 | INFO | Steps: 61440/150000 | Episodes: 120 | LastEpReward: 20.480 | RecentReward: 16.079 | ActorLoss: -2.099647 | CriticLoss: 0.016175 | Q: 2.0874 | TargetQ: 2.0877 | TDAbs: 0.1253 | ActorGrad: 0.0514 | CriticGrad: 0.4295 | Noise: 0.1773 | Replay: 50000 | FPS: 26.97 | ETA: 54.7 min
2026-09-21 17:11:08,492 | INFO | Steps: 61952/150000 | Episodes: 121 | LastEpReward: 23.814 | RecentReward: 16.787 | ActorLoss: -2.122750 | CriticLoss: 0.020042 | Q: 2.1098 | TargetQ: 2.1126 | TDAbs: 0.1338 | ActorGrad: 0.0505 | CriticGrad: 0.5038 | Noise: 0.1759 | Replay: 50000 | FPS: 27.01 | ETA: 54.3 min
2026-09-21 17:11:24,367 | INFO | Steps: 62464/150000 | Episodes: 122 | LastEpReward: 8.264 | RecentReward: 16.882 | ActorLoss: -2.142547 | CriticLoss: 0.017991 | Q: 2.1275 | TargetQ: 2.1268 | TDAbs: 0.1297 | ActorGrad: 0.0524 | CriticGrad: 0.5024 | Noise: 0.1744 | Replay: 50000 | FPS: 27.04 | ETA: 53.9 min
2026-09-21 17:11:40,445 | INFO | Steps: 62976/150000 | Episodes: 123 | LastEpReward: 13.566 | RecentReward: 17.044 | ActorLoss: -2.173110 | CriticLoss: 0.017170 | Q: 2.1565 | TargetQ: 2.1562 | TDAbs: 0.1275 | ActorGrad: 0.0493 | CriticGrad: 0.4921 | Noise: 0.1729 | Replay: 50000 | FPS: 27.08 | ETA: 53.6 min
2026-09-21 17:11:56,236 | INFO | Steps: 63488/150000 | Episodes: 124 | LastEpReward: 9.731 | RecentReward: 16.756 | ActorLoss: -2.172223 | CriticLoss: 0.017079 | Q: 2.1561 | TargetQ: 2.1567 | TDAbs: 0.1280 | ActorGrad: 0.0497 | CriticGrad: 0.5094 | Noise: 0.1715 | Replay: 50000 | FPS: 27.11 | ETA: 53.2 min
2026-09-21 17:12:12,173 | INFO | Steps: 64000/150000 | Episodes: 125 | LastEpReward: 5.205 | RecentReward: 15.389 | ActorLoss: -2.195795 | CriticLoss: 0.020138 | Q: 2.1780 | TargetQ: 2.1809 | TDAbs: 0.1288 | ActorGrad: 0.0565 | CriticGrad: 0.5181 | Noise: 0.1700 | Replay: 50000 | FPS: 27.15 | ETA: 52.8 min
2026-09-21 17:12:28,078 | INFO | Steps: 64512/150000 | Episodes: 126 | LastEpReward: 9.842 | RecentReward: 15.044 | ActorLoss: -2.178382 | CriticLoss: 0.018705 | Q: 2.1626 | TargetQ: 2.1617 | TDAbs: 0.1265 | ActorGrad: 0.0497 | CriticGrad: 0.4925 | Noise: 0.1685 | Replay: 50000 | FPS: 27.18 | ETA: 52.4 min
2026-09-21 17:12:44,240 | INFO | Steps: 65024/150000 | Episodes: 127 | LastEpReward: 16.598 | RecentReward: 15.009 | ActorLoss: -2.240332 | CriticLoss: 0.018449 | Q: 2.2210 | TargetQ: 2.2203 | TDAbs: 0.1274 | ActorGrad: 0.0491 | CriticGrad: 0.5499 | Noise: 0.1671 | Replay: 50000 | FPS: 27.21 | ETA: 52.0 min
2026-09-21 17:13:00,053 | INFO | Steps: 65536/150000 | Episodes: 128 | LastEpReward: 9.387 | RecentReward: 14.188 | ActorLoss: -2.275635 | CriticLoss: 0.018441 | Q: 2.2565 | TargetQ: 2.2564 | TDAbs: 0.1273 | ActorGrad: 0.0486 | CriticGrad: 0.5573 | Noise: 0.1656 | Replay: 50000 | FPS: 27.24 | ETA: 51.7 min
2026-09-21 17:13:16,152 | INFO | Steps: 66048/150000 | Episodes: 129 | LastEpReward: 15.644 | RecentReward: 13.253 | ActorLoss: -2.305108 | CriticLoss: 0.021594 | Q: 2.2839 | TargetQ: 2.2815 | TDAbs: 0.1325 | ActorGrad: 0.0559 | CriticGrad: 0.6465 | Noise: 0.1641 | Replay: 50000 | FPS: 27.28 | ETA: 51.3 min
2026-09-21 17:13:32,414 | INFO | 开始周期评估: Steps=66560 | Episodes=130 | EvalEpisodes=5
2026-09-21 17:14:03,705 | INFO | 周期评估完成: Steps=66560 | MeanReward=17.226 | StdReward=3.691
2026-09-21 17:14:03,718 | INFO | Steps: 66560/150000 | Episodes: 130 | LastEpReward: 14.156 | RecentReward: 12.621 | ActorLoss: -2.320507 | CriticLoss: 0.024902 | Q: 2.2984 | TargetQ: 2.2988 | TDAbs: 0.1359 | ActorGrad: 0.0462 | CriticGrad: 0.6331 | Noise: 0.1627 | Replay: 50000 | FPS: 26.96 | ETA: 51.6 min
2026-09-21 17:14:19,677 | INFO | Steps: 67072/150000 | Episodes: 131 | LastEpReward: 20.054 | RecentReward: 12.245 | ActorLoss: -2.356184 | CriticLoss: 0.025476 | Q: 2.3331 | TargetQ: 2.3367 | TDAbs: 0.1358 | ActorGrad: 0.0544 | CriticGrad: 0.7114 | Noise: 0.1612 | Replay: 50000 | FPS: 26.99 | ETA: 51.2 min
2026-09-21 17:14:35,804 | INFO | Steps: 67584/150000 | Episodes: 132 | LastEpReward: 18.342 | RecentReward: 13.252 | ActorLoss: -2.370124 | CriticLoss: 0.021384 | Q: 2.3479 | TargetQ: 2.3511 | TDAbs: 0.1314 | ActorGrad: 0.0368 | CriticGrad: 0.6802 | Noise: 0.1598 | Replay: 50000 | FPS: 27.02 | ETA: 50.8 min
2026-09-21 17:14:51,845 | INFO | Steps: 68096/150000 | Episodes: 133 | LastEpReward: 15.559 | RecentReward: 13.452 | ActorLoss: -2.364088 | CriticLoss: 0.024710 | Q: 2.3373 | TargetQ: 2.3419 | TDAbs: 0.1359 | ActorGrad: 0.0461 | CriticGrad: 0.6845 | Noise: 0.1583 | Replay: 50000 | FPS: 27.05 | ETA: 50.5 min
2026-09-21 17:15:07,773 | INFO | Steps: 68608/150000 | Episodes: 134 | LastEpReward: 15.155 | RecentReward: 13.994 | ActorLoss: -2.486473 | CriticLoss: 0.022447 | Q: 2.4589 | TargetQ: 2.4587 | TDAbs: 0.1325 | ActorGrad: 0.0477 | CriticGrad: 0.7965 | Noise: 0.1568 | Replay: 50000 | FPS: 27.08 | ETA: 50.1 min
2026-09-21 17:15:23,956 | INFO | Steps: 69120/150000 | Episodes: 135 | LastEpReward: 17.728 | RecentReward: 15.246 | ActorLoss: -2.531295 | CriticLoss: 0.033070 | Q: 2.5088 | TargetQ: 2.5219 | TDAbs: 0.1419 | ActorGrad: 0.0434 | CriticGrad: 0.7459 | Noise: 0.1554 | Replay: 50000 | FPS: 27.11 | ETA: 49.7 min
2026-09-21 17:15:39,817 | INFO | Steps: 69632/150000 | Episodes: 136 | LastEpReward: 16.200 | RecentReward: 15.882 | ActorLoss: -2.678349 | CriticLoss: 0.036490 | Q: 2.6420 | TargetQ: 2.6500 | TDAbs: 0.1490 | ActorGrad: 0.0497 | CriticGrad: 1.0289 | Noise: 0.1539 | Replay: 50000 | FPS: 27.14 | ETA: 49.3 min
2026-09-21 17:15:56,392 | INFO | Steps: 70144/150000 | Episodes: 137 | LastEpReward: 14.890 | RecentReward: 15.711 | ActorLoss: -2.701407 | CriticLoss: 0.037767 | Q: 2.6603 | TargetQ: 2.6629 | TDAbs: 0.1523 | ActorGrad: 0.0576 | CriticGrad: 1.0898 | Noise: 0.1524 | Replay: 50000 | FPS: 27.17 | ETA: 49.0 min
2026-09-21 17:16:12,338 | INFO | Steps: 70656/150000 | Episodes: 138 | LastEpReward: 17.736 | RecentReward: 16.546 | ActorLoss: -2.621851 | CriticLoss: 0.035833 | Q: 2.5870 | TargetQ: 2.5885 | TDAbs: 0.1505 | ActorGrad: 0.0465 | CriticGrad: 0.8460 | Noise: 0.1510 | Replay: 50000 | FPS: 27.20 | ETA: 48.6 min
2026-09-21 17:16:28,197 | INFO | Steps: 71168/150000 | Episodes: 139 | LastEpReward: 14.835 | RecentReward: 16.465 | ActorLoss: -2.693327 | CriticLoss: 0.039771 | Q: 2.6622 | TargetQ: 2.6804 | TDAbs: 0.1508 | ActorGrad: 0.0750 | CriticGrad: 0.9821 | Noise: 0.1495 | Replay: 50000 | FPS: 27.23 | ETA: 48.3 min
2026-09-21 17:16:43,909 | INFO | 开始周期评估: Steps=71680 | Episodes=140 | EvalEpisodes=5
2026-09-21 17:17:15,464 | INFO | 周期评估完成: Steps=71680 | MeanReward=17.121 | StdReward=3.587
2026-09-21 17:17:15,474 | INFO | Steps: 71680/150000 | Episodes: 140 | LastEpReward: 7.763 | RecentReward: 15.826 | ActorLoss: -2.903902 | CriticLoss: 0.033831 | Q: 2.8392 | TargetQ: 2.8393 | TDAbs: 0.1479 | ActorGrad: 0.0662 | CriticGrad: 1.2863 | Noise: 0.1481 | Replay: 50000 | FPS: 26.94 | ETA: 48.5 min
2026-09-21 17:17:31,987 | INFO | Steps: 72192/150000 | Episodes: 141 | LastEpReward: 11.003 | RecentReward: 14.921 | ActorLoss: -2.927517 | CriticLoss: 0.035180 | Q: 2.8528 | TargetQ: 2.8529 | TDAbs: 0.1512 | ActorGrad: 0.0481 | CriticGrad: 1.2808 | Noise: 0.1466 | Replay: 50000 | FPS: 26.96 | ETA: 48.1 min
2026-09-21 17:17:47,782 | INFO | Steps: 72704/150000 | Episodes: 142 | LastEpReward: 17.136 | RecentReward: 14.801 | ActorLoss: -2.879234 | CriticLoss: 0.032702 | Q: 2.8209 | TargetQ: 2.8214 | TDAbs: 0.1472 | ActorGrad: 0.0532 | CriticGrad: 1.1658 | Noise: 0.1451 | Replay: 50000 | FPS: 27.00 | ETA: 47.7 min
2026-09-21 17:18:03,918 | INFO | Steps: 73216/150000 | Episodes: 143 | LastEpReward: 21.213 | RecentReward: 15.366 | ActorLoss: -2.940938 | CriticLoss: 0.043370 | Q: 2.8794 | TargetQ: 2.8825 | TDAbs: 0.1595 | ActorGrad: 0.0640 | CriticGrad: 1.2694 | Noise: 0.1437 | Replay: 50000 | FPS: 27.02 | ETA: 47.4 min
2026-09-21 17:18:19,902 | INFO | Steps: 73728/150000 | Episodes: 144 | LastEpReward: 16.108 | RecentReward: 15.461 | ActorLoss: -2.961933 | CriticLoss: 0.055769 | Q: 2.9230 | TargetQ: 2.9394 | TDAbs: 0.1712 | ActorGrad: 0.0677 | CriticGrad: 1.2492 | Noise: 0.1422 | Replay: 50000 | FPS: 27.05 | ETA: 47.0 min
2026-09-21 17:18:35,942 | INFO | Steps: 74240/150000 | Episodes: 145 | LastEpReward: 20.893 | RecentReward: 15.778 | ActorLoss: -3.083413 | CriticLoss: 0.060309 | Q: 3.0144 | TargetQ: 3.0303 | TDAbs: 0.1775 | ActorGrad: 0.1733 | CriticGrad: 1.5255 | Noise: 0.1407 | Replay: 50000 | FPS: 27.08 | ETA: 46.6 min
2026-09-21 17:18:52,047 | INFO | Steps: 74752/150000 | Episodes: 146 | LastEpReward: 7.083 | RecentReward: 14.866 | ActorLoss: -4.031601 | CriticLoss: 0.055433 | Q: 3.8734 | TargetQ: 3.8799 | TDAbs: 0.1749 | ActorGrad: 0.1962 | CriticGrad: 2.4246 | Noise: 0.1393 | Replay: 50000 | FPS: 27.11 | ETA: 46.3 min
2026-09-21 17:19:08,046 | INFO | Steps: 75264/150000 | Episodes: 147 | LastEpReward: 17.197 | RecentReward: 15.097 | ActorLoss: -3.906939 | CriticLoss: 0.070130 | Q: 3.8041 | TargetQ: 3.8250 | TDAbs: 0.1923 | ActorGrad: 0.1544 | CriticGrad: 1.9442 | Noise: 0.1378 | Replay: 50000 | FPS: 27.14 | ETA: 45.9 min
2026-09-21 17:19:24,130 | INFO | Steps: 75776/150000 | Episodes: 148 | LastEpReward: -1.125 | RecentReward: 13.211 | ActorLoss: -3.623317 | CriticLoss: 0.067470 | Q: 3.4587 | TargetQ: 3.4655 | TDAbs: 0.2131 | ActorGrad: 0.1007 | CriticGrad: 1.9334 | Noise: 0.1364 | Replay: 50000 | FPS: 27.16 | ETA: 45.5 min
2026-09-21 17:19:40,395 | INFO | Steps: 76288/150000 | Episodes: 149 | LastEpReward: -22.363 | RecentReward: 9.491 | ActorLoss: -3.565150 | CriticLoss: 0.079210 | Q: 3.4402 | TargetQ: 3.4523 | TDAbs: 0.2334 | ActorGrad: 0.2728 | CriticGrad: 1.7585 | Noise: 0.1349 | Replay: 50000 | FPS: 27.19 | ETA: 45.2 min
2026-09-21 17:19:56,297 | INFO | 开始周期评估: Steps=76800 | Episodes=150 | EvalEpisodes=5
2026-09-21 17:20:27,913 | INFO | 周期评估完成: Steps=76800 | MeanReward=-10.283 | StdReward=4.213
2026-09-21 17:20:27,924 | INFO | Steps: 76800/150000 | Episodes: 150 | LastEpReward: 1.246 | RecentReward: 8.839 | ActorLoss: -3.685662 | CriticLoss: 0.086406 | Q: 3.5396 | TargetQ: 3.5521 | TDAbs: 0.2393 | ActorGrad: 0.3769 | CriticGrad: 2.1797 | Noise: 0.1334 | Replay: 50000 | FPS: 26.92 | ETA: 45.3 min
2026-09-21 17:20:44,309 | INFO | Steps: 77312/150000 | Episodes: 151 | LastEpReward: -1.601 | RecentReward: 7.579 | ActorLoss: -5.562658 | CriticLoss: 0.177790 | Q: 5.2838 | TargetQ: 5.3505 | TDAbs: 0.3321 | ActorGrad: 0.4856 | CriticGrad: 4.2375 | Noise: 0.1320 | Replay: 50000 | FPS: 26.94 | ETA: 45.0 min
2026-09-21 17:21:00,078 | INFO | Steps: 77824/150000 | Episodes: 152 | LastEpReward: 19.139 | RecentReward: 7.779 | ActorLoss: -4.727267 | CriticLoss: 0.111266 | Q: 4.5041 | TargetQ: 4.5190 | TDAbs: 0.2553 | ActorGrad: 0.5790 | CriticGrad: 3.3401 | Noise: 0.1305 | Replay: 50000 | FPS: 26.97 | ETA: 44.6 min
2026-09-21 17:21:15,835 | INFO | Steps: 78336/150000 | Episodes: 153 | LastEpReward: 4.998 | RecentReward: 6.157 | ActorLoss: -4.627153 | CriticLoss: 0.099933 | Q: 4.4378 | TargetQ: 4.4379 | TDAbs: 0.2381 | ActorGrad: 0.5560 | CriticGrad: 3.2680 | Noise: 0.1290 | Replay: 50000 | FPS: 27.00 | ETA: 44.2 min
2026-09-21 17:21:32,354 | INFO | Steps: 78848/150000 | Episodes: 154 | LastEpReward: 14.088 | RecentReward: 5.955 | ActorLoss: -5.603487 | CriticLoss: 0.167101 | Q: 5.3162 | TargetQ: 5.3629 | TDAbs: 0.3049 | ActorGrad: 0.3522 | CriticGrad: 3.8498 | Noise: 0.1276 | Replay: 50000 | FPS: 27.02 | ETA: 43.9 min
2026-09-21 17:21:47,953 | INFO | Steps: 79360/150000 | Episodes: 155 | LastEpReward: 12.461 | RecentReward: 5.112 | ActorLoss: -8.187179 | CriticLoss: 0.168865 | Q: 7.7472 | TargetQ: 7.7125 | TDAbs: 0.3070 | ActorGrad: 0.5617 | CriticGrad: 5.0852 | Noise: 0.1261 | Replay: 50000 | FPS: 27.05 | ETA: 43.5 min
2026-09-21 17:22:04,015 | INFO | Steps: 79872/150000 | Episodes: 156 | LastEpReward: 10.582 | RecentReward: 5.462 | ActorLoss: -6.875661 | CriticLoss: 0.195454 | Q: 6.5746 | TargetQ: 6.5554 | TDAbs: 0.3314 | ActorGrad: 1.2504 | CriticGrad: 5.2222 | Noise: 0.1247 | Replay: 50000 | FPS: 27.08 | ETA: 43.2 min
2026-09-21 17:22:19,810 | INFO | Steps: 80384/150000 | Episodes: 157 | LastEpReward: 12.485 | RecentReward: 4.991 | ActorLoss: -7.772249 | CriticLoss: 0.246985 | Q: 7.2984 | TargetQ: 7.3811 | TDAbs: 0.3885 | ActorGrad: 0.6989 | CriticGrad: 6.9393 | Noise: 0.1232 | Replay: 50000 | FPS: 27.11 | ETA: 42.8 min
2026-09-21 17:22:36,033 | INFO | Steps: 80896/150000 | Episodes: 158 | LastEpReward: 15.770 | RecentReward: 6.681 | ActorLoss: -3.049556 | CriticLoss: 0.123068 | Q: 3.0023 | TargetQ: 3.0288 | TDAbs: 0.2552 | ActorGrad: 0.5618 | CriticGrad: 2.1122 | Noise: 0.1217 | Replay: 50000 | FPS: 27.13 | ETA: 42.4 min
2026-09-21 17:22:52,458 | INFO | Steps: 81408/150000 | Episodes: 159 | LastEpReward: 15.134 | RecentReward: 10.430 | ActorLoss: -3.272862 | CriticLoss: 0.108437 | Q: 3.2118 | TargetQ: 3.2242 | TDAbs: 0.2404 | ActorGrad: 0.6719 | CriticGrad: 2.1371 | Noise: 0.1203 | Replay: 50000 | FPS: 27.16 | ETA: 42.1 min
2026-09-21 17:23:08,806 | INFO | 开始周期评估: Steps=81920 | Episodes=160 | EvalEpisodes=5
2026-09-21 17:23:40,370 | INFO | 周期评估完成: Steps=81920 | MeanReward=12.608 | StdReward=3.177
2026-09-21 17:23:40,381 | INFO | Steps: 81920/150000 | Episodes: 160 | LastEpReward: 16.651 | RecentReward: 11.971 | ActorLoss: -2.882374 | CriticLoss: 0.053052 | Q: 2.8528 | TargetQ: 2.8578 | TDAbs: 0.1826 | ActorGrad: 0.3101 | CriticGrad: 1.4164 | Noise: 0.1188 | Replay: 50000 | FPS: 26.90 | ETA: 42.2 min
2026-09-21 17:23:56,100 | INFO | Steps: 82432/150000 | Episodes: 161 | LastEpReward: 9.937 | RecentReward: 13.125 | ActorLoss: -3.277302 | CriticLoss: 0.114814 | Q: 3.2130 | TargetQ: 3.2481 | TDAbs: 0.2424 | ActorGrad: 0.6155 | CriticGrad: 2.0230 | Noise: 0.1173 | Replay: 50000 | FPS: 26.93 | ETA: 41.8 min
2026-09-21 17:24:11,874 | INFO | Steps: 82944/150000 | Episodes: 162 | LastEpReward: 16.414 | RecentReward: 12.852 | ActorLoss: -3.224523 | CriticLoss: 0.105458 | Q: 3.1778 | TargetQ: 3.1949 | TDAbs: 0.2317 | ActorGrad: 0.6233 | CriticGrad: 1.9736 | Noise: 0.1159 | Replay: 50000 | FPS: 26.95 | ETA: 41.5 min
2026-09-21 17:24:28,210 | INFO | Steps: 83456/150000 | Episodes: 163 | LastEpReward: 18.278 | RecentReward: 14.180 | ActorLoss: -3.272924 | CriticLoss: 0.118339 | Q: 3.2285 | TargetQ: 3.2361 | TDAbs: 0.2428 | ActorGrad: 0.6815 | CriticGrad: 2.2226 | Noise: 0.1144 | Replay: 50000 | FPS: 26.98 | ETA: 41.1 min
2026-09-21 17:24:44,011 | INFO | Steps: 83968/150000 | Episodes: 164 | LastEpReward: 14.899 | RecentReward: 14.261 | ActorLoss: -3.180802 | CriticLoss: 0.069834 | Q: 3.1388 | TargetQ: 3.1659 | TDAbs: 0.1950 | ActorGrad: 0.3470 | CriticGrad: 1.5064 | Noise: 0.1129 | Replay: 50000 | FPS: 27.00 | ETA: 40.8 min
2026-09-21 17:24:59,815 | INFO | Steps: 84480/150000 | Episodes: 165 | LastEpReward: 11.394 | RecentReward: 14.154 | ActorLoss: -3.863031 | CriticLoss: 0.112884 | Q: 3.7970 | TargetQ: 3.7958 | TDAbs: 0.2381 | ActorGrad: 0.5393 | CriticGrad: 2.5490 | Noise: 0.1115 | Replay: 50000 | FPS: 27.03 | ETA: 40.4 min
2026-09-21 17:25:15,544 | INFO | Steps: 84992/150000 | Episodes: 166 | LastEpReward: 12.322 | RecentReward: 14.328 | ActorLoss: -3.683794 | CriticLoss: 0.092133 | Q: 3.6187 | TargetQ: 3.6359 | TDAbs: 0.2169 | ActorGrad: 0.6281 | CriticGrad: 2.2963 | Noise: 0.1100 | Replay: 50000 | FPS: 27.06 | ETA: 40.0 min
2026-09-21 17:25:31,798 | INFO | Steps: 85504/150000 | Episodes: 167 | LastEpReward: 11.219 | RecentReward: 14.202 | ActorLoss: -4.866837 | CriticLoss: 0.167872 | Q: 4.7639 | TargetQ: 4.7894 | TDAbs: 0.2944 | ActorGrad: 1.0572 | CriticGrad: 3.8904 | Noise: 0.1086 | Replay: 50000 | FPS: 27.08 | ETA: 39.7 min
2026-09-21 17:25:48,019 | INFO | Steps: 86016/150000 | Episodes: 168 | LastEpReward: 14.378 | RecentReward: 14.063 | ActorLoss: -3.886293 | CriticLoss: 0.073019 | Q: 3.8458 | TargetQ: 3.8309 | TDAbs: 0.1978 | ActorGrad: 0.4397 | CriticGrad: 2.5342 | Noise: 0.1071 | Replay: 50000 | FPS: 27.11 | ETA: 39.3 min
2026-09-21 17:26:04,035 | INFO | Steps: 86528/150000 | Episodes: 169 | LastEpReward: 8.195 | RecentReward: 13.369 | ActorLoss: -4.286400 | CriticLoss: 0.176360 | Q: 4.2318 | TargetQ: 4.1838 | TDAbs: 0.3063 | ActorGrad: 0.8054 | CriticGrad: 3.6240 | Noise: 0.1056 | Replay: 50000 | FPS: 27.13 | ETA: 39.0 min
2026-09-21 17:26:19,891 | INFO | 开始周期评估: Steps=87040 | Episodes=170 | EvalEpisodes=5
2026-09-21 17:26:51,172 | INFO | 周期评估完成: Steps=87040 | MeanReward=13.786 | StdReward=3.753
2026-09-21 17:26:51,181 | INFO | Steps: 87040/150000 | Episodes: 170 | LastEpReward: 12.931 | RecentReward: 12.997 | ActorLoss: -4.028944 | CriticLoss: 0.116515 | Q: 3.9944 | TargetQ: 4.0016 | TDAbs: 0.2415 | ActorGrad: 0.4356 | CriticGrad: 2.4760 | Noise: 0.1042 | Replay: 50000 | FPS: 26.89 | ETA: 39.0 min
2026-09-21 17:27:07,003 | INFO | Steps: 87552/150000 | Episodes: 171 | LastEpReward: 16.092 | RecentReward: 13.612 | ActorLoss: -4.023641 | CriticLoss: 0.097101 | Q: 3.9690 | TargetQ: 3.9590 | TDAbs: 0.2204 | ActorGrad: 0.6766 | CriticGrad: 2.8217 | Noise: 0.1027 | Replay: 50000 | FPS: 26.92 | ETA: 38.7 min
2026-09-21 17:27:23,048 | INFO | Steps: 88064/150000 | Episodes: 172 | LastEpReward: 8.212 | RecentReward: 12.792 | ActorLoss: -3.986594 | CriticLoss: 0.114693 | Q: 3.9529 | TargetQ: 3.9278 | TDAbs: 0.2386 | ActorGrad: 0.4047 | CriticGrad: 2.8586 | Noise: 0.1012 | Replay: 50000 | FPS: 26.94 | ETA: 38.3 min
2026-09-21 17:27:38,924 | INFO | Steps: 88576/150000 | Episodes: 173 | LastEpReward: 10.878 | RecentReward: 12.052 | ActorLoss: -4.552963 | CriticLoss: 0.121551 | Q: 4.4809 | TargetQ: 4.4707 | TDAbs: 0.2453 | ActorGrad: 0.5484 | CriticGrad: 3.3987 | Noise: 0.0998 | Replay: 50000 | FPS: 26.97 | ETA: 38.0 min
2026-09-21 17:27:54,616 | INFO | Steps: 89088/150000 | Episodes: 174 | LastEpReward: 0.479 | RecentReward: 10.610 | ActorLoss: -5.134646 | CriticLoss: 0.149330 | Q: 5.0561 | TargetQ: 5.0375 | TDAbs: 0.2729 | ActorGrad: 0.7640 | CriticGrad: 3.7684 | Noise: 0.0983 | Replay: 50000 | FPS: 27.00 | ETA: 37.6 min
2026-09-21 17:28:10,282 | INFO | Steps: 89600/150000 | Episodes: 175 | LastEpReward: 13.367 | RecentReward: 10.807 | ActorLoss: -4.607151 | CriticLoss: 0.121052 | Q: 4.5569 | TargetQ: 4.5496 | TDAbs: 0.2447 | ActorGrad: 0.5500 | CriticGrad: 3.4570 | Noise: 0.0969 | Replay: 50000 | FPS: 27.02 | ETA: 37.3 min
2026-09-21 17:28:26,462 | INFO | Steps: 90112/150000 | Episodes: 176 | LastEpReward: 11.313 | RecentReward: 10.706 | ActorLoss: -4.845848 | CriticLoss: 0.114055 | Q: 4.7676 | TargetQ: 4.7678 | TDAbs: 0.2362 | ActorGrad: 0.9267 | CriticGrad: 3.6233 | Noise: 0.0954 | Replay: 50000 | FPS: 27.05 | ETA: 36.9 min
2026-09-21 17:28:42,282 | INFO | Steps: 90624/150000 | Episodes: 177 | LastEpReward: 8.948 | RecentReward: 10.479 | ActorLoss: -4.043705 | CriticLoss: 0.106791 | Q: 3.9992 | TargetQ: 3.9753 | TDAbs: 0.2281 | ActorGrad: 0.5194 | CriticGrad: 2.7009 | Noise: 0.0939 | Replay: 50000 | FPS: 27.07 | ETA: 36.6 min
2026-09-21 17:28:58,151 | INFO | Steps: 91136/150000 | Episodes: 178 | LastEpReward: 14.754 | RecentReward: 10.517 | ActorLoss: -4.531191 | CriticLoss: 0.124010 | Q: 4.4664 | TargetQ: 4.5156 | TDAbs: 0.2471 | ActorGrad: 0.6931 | CriticGrad: 3.1726 | Noise: 0.0925 | Replay: 50000 | FPS: 27.10 | ETA: 36.2 min
2026-09-21 17:29:14,139 | INFO | Steps: 91648/150000 | Episodes: 179 | LastEpReward: 19.311 | RecentReward: 11.629 | ActorLoss: -4.689597 | CriticLoss: 0.136241 | Q: 4.6328 | TargetQ: 4.6381 | TDAbs: 0.2577 | ActorGrad: 0.8504 | CriticGrad: 3.5621 | Noise: 0.0910 | Replay: 50000 | FPS: 27.12 | ETA: 35.9 min
2026-09-21 17:29:30,065 | INFO | 开始周期评估: Steps=92160 | Episodes=180 | EvalEpisodes=5
2026-09-21 17:30:01,288 | INFO | 周期评估完成: Steps=92160 | MeanReward=13.619 | StdReward=3.965
2026-09-21 17:30:01,298 | INFO | Steps: 92160/150000 | Episodes: 180 | LastEpReward: 13.601 | RecentReward: 11.696 | ActorLoss: -4.276731 | CriticLoss: 0.138546 | Q: 4.2460 | TargetQ: 4.3116 | TDAbs: 0.2589 | ActorGrad: 0.5058 | CriticGrad: 2.9302 | Noise: 0.0895 | Replay: 50000 | FPS: 26.89 | ETA: 35.8 min
2026-09-21 17:30:17,436 | INFO | Steps: 92672/150000 | Episodes: 181 | LastEpReward: 13.563 | RecentReward: 11.443 | ActorLoss: -5.029577 | CriticLoss: 0.110642 | Q: 4.9646 | TargetQ: 4.9245 | TDAbs: 0.2335 | ActorGrad: 0.7482 | CriticGrad: 3.3421 | Noise: 0.0881 | Replay: 50000 | FPS: 26.92 | ETA: 35.5 min
2026-09-21 17:30:33,299 | INFO | Steps: 93184/150000 | Episodes: 182 | LastEpReward: 6.502 | RecentReward: 11.272 | ActorLoss: -5.657389 | CriticLoss: 0.100759 | Q: 5.5918 | TargetQ: 5.5928 | TDAbs: 0.2208 | ActorGrad: 0.7851 | CriticGrad: 4.0313 | Noise: 0.0866 | Replay: 50000 | FPS: 26.94 | ETA: 35.1 min
2026-09-21 17:30:49,439 | INFO | Steps: 93696/150000 | Episodes: 183 | LastEpReward: 18.269 | RecentReward: 12.011 | ActorLoss: -6.151996 | CriticLoss: 0.226196 | Q: 6.0705 | TargetQ: 6.0801 | TDAbs: 0.3454 | ActorGrad: 0.9990 | CriticGrad: 4.4497 | Noise: 0.0852 | Replay: 50000 | FPS: 26.96 | ETA: 34.8 min
2026-09-21 17:31:05,371 | INFO | Steps: 94208/150000 | Episodes: 184 | LastEpReward: 9.190 | RecentReward: 12.882 | ActorLoss: -5.271297 | CriticLoss: 0.141575 | Q: 5.2049 | TargetQ: 5.2396 | TDAbs: 0.2612 | ActorGrad: 0.6381 | CriticGrad: 4.2206 | Noise: 0.0837 | Replay: 50000 | FPS: 26.99 | ETA: 34.5 min
2026-09-21 17:31:21,694 | INFO | Steps: 94720/150000 | Episodes: 185 | LastEpReward: 13.377 | RecentReward: 12.883 | ActorLoss: -5.539870 | CriticLoss: 0.148253 | Q: 5.4677 | TargetQ: 5.4852 | TDAbs: 0.2707 | ActorGrad: 1.0290 | CriticGrad: 4.2415 | Noise: 0.0822 | Replay: 50000 | FPS: 27.01 | ETA: 34.1 min
2026-09-21 17:31:37,483 | INFO | Steps: 95232/150000 | Episodes: 186 | LastEpReward: 7.167 | RecentReward: 12.468 | ActorLoss: -4.589670 | CriticLoss: 0.137413 | Q: 4.5400 | TargetQ: 4.5665 | TDAbs: 0.2554 | ActorGrad: 0.6507 | CriticGrad: 3.1433 | Noise: 0.0808 | Replay: 50000 | FPS: 27.03 | ETA: 33.8 min
2026-09-21 17:31:53,692 | INFO | Steps: 95744/150000 | Episodes: 187 | LastEpReward: 16.072 | RecentReward: 13.181 | ActorLoss: -5.605374 | CriticLoss: 0.166181 | Q: 5.5416 | TargetQ: 5.6042 | TDAbs: 0.2851 | ActorGrad: 0.7054 | CriticGrad: 4.2728 | Noise: 0.0793 | Replay: 50000 | FPS: 27.05 | ETA: 33.4 min
2026-09-21 17:32:09,606 | INFO | Steps: 96256/150000 | Episodes: 188 | LastEpReward: 12.319 | RecentReward: 12.937 | ActorLoss: -4.537156 | CriticLoss: 0.128379 | Q: 4.5006 | TargetQ: 4.5441 | TDAbs: 0.2456 | ActorGrad: 0.5971 | CriticGrad: 3.3521 | Noise: 0.0778 | Replay: 50000 | FPS: 27.08 | ETA: 33.1 min
2026-09-21 17:32:26,250 | INFO | Steps: 96768/150000 | Episodes: 189 | LastEpReward: 12.307 | RecentReward: 12.237 | ActorLoss: -5.283838 | CriticLoss: 0.205689 | Q: 5.2182 | TargetQ: 5.2337 | TDAbs: 0.3232 | ActorGrad: 0.5633 | CriticGrad: 4.3167 | Noise: 0.0764 | Replay: 50000 | FPS: 27.09 | ETA: 32.7 min
2026-09-21 17:32:42,232 | INFO | 开始周期评估: Steps=97280 | Episodes=190 | EvalEpisodes=5
2026-09-21 17:33:13,480 | INFO | 周期评估完成: Steps=97280 | MeanReward=15.045 | StdReward=3.945
2026-09-21 17:33:13,490 | INFO | Steps: 97280/150000 | Episodes: 190 | LastEpReward: 19.481 | RecentReward: 12.825 | ActorLoss: -6.033263 | CriticLoss: 0.123163 | Q: 5.9674 | TargetQ: 5.9833 | TDAbs: 0.2408 | ActorGrad: 0.6947 | CriticGrad: 3.9463 | Noise: 0.0749 | Replay: 50000 | FPS: 26.88 | ETA: 32.7 min
2026-09-21 17:33:29,487 | INFO | Steps: 97792/150000 | Episodes: 191 | LastEpReward: 23.601 | RecentReward: 13.828 | ActorLoss: -4.522364 | CriticLoss: 0.108288 | Q: 4.4806 | TargetQ: 4.5216 | TDAbs: 0.2227 | ActorGrad: 0.6923 | CriticGrad: 2.6899 | Noise: 0.0735 | Replay: 50000 | FPS: 26.90 | ETA: 32.3 min
2026-09-21 17:33:44,960 | INFO | Steps: 98304/150000 | Episodes: 192 | LastEpReward: 11.910 | RecentReward: 14.369 | ActorLoss: -6.438259 | CriticLoss: 0.200808 | Q: 6.3356 | TargetQ: 6.3047 | TDAbs: 0.3180 | ActorGrad: 1.1115 | CriticGrad: 4.7764 | Noise: 0.0720 | Replay: 50000 | FPS: 26.93 | ETA: 32.0 min
2026-09-21 17:34:01,039 | INFO | Steps: 98816/150000 | Episodes: 193 | LastEpReward: 7.889 | RecentReward: 13.331 | ActorLoss: -4.696042 | CriticLoss: 0.138918 | Q: 4.6169 | TargetQ: 4.6031 | TDAbs: 0.2545 | ActorGrad: 0.8987 | CriticGrad: 3.5889 | Noise: 0.0705 | Replay: 50000 | FPS: 26.95 | ETA: 31.7 min
2026-09-21 17:34:17,261 | INFO | Steps: 99328/150000 | Episodes: 194 | LastEpReward: 17.157 | RecentReward: 14.128 | ActorLoss: -5.889747 | CriticLoss: 0.139705 | Q: 5.8275 | TargetQ: 5.8707 | TDAbs: 0.2538 | ActorGrad: 1.0345 | CriticGrad: 4.2410 | Noise: 0.0691 | Replay: 50000 | FPS: 26.97 | ETA: 31.3 min
2026-09-21 17:34:33,170 | INFO | Steps: 99840/150000 | Episodes: 195 | LastEpReward: 13.607 | RecentReward: 14.151 | ActorLoss: -4.954530 | CriticLoss: 0.126391 | Q: 4.8722 | TargetQ: 4.8994 | TDAbs: 0.2391 | ActorGrad: 0.8042 | CriticGrad: 3.5717 | Noise: 0.0676 | Replay: 50000 | FPS: 26.99 | ETA: 31.0 min
2026-09-21 17:34:49,141 | INFO | Steps: 100352/150000 | Episodes: 196 | LastEpReward: 14.235 | RecentReward: 14.858 | ActorLoss: -6.904236 | CriticLoss: 0.146275 | Q: 6.8114 | TargetQ: 6.8430 | TDAbs: 0.2632 | ActorGrad: 0.9904 | CriticGrad: 5.6909 | Noise: 0.0661 | Replay: 50000 | FPS: 27.02 | ETA: 30.6 min
2026-09-21 17:35:04,883 | INFO | Steps: 100864/150000 | Episodes: 197 | LastEpReward: 5.520 | RecentReward: 13.803 | ActorLoss: -6.314149 | CriticLoss: 0.138774 | Q: 6.2664 | TargetQ: 6.3344 | TDAbs: 0.2559 | ActorGrad: 0.5695 | CriticGrad: 4.5316 | Noise: 0.0647 | Replay: 50000 | FPS: 27.04 | ETA: 30.3 min
2026-09-21 17:35:20,689 | INFO | Steps: 101376/150000 | Episodes: 198 | LastEpReward: 14.667 | RecentReward: 14.037 | ActorLoss: -5.965199 | CriticLoss: 0.189116 | Q: 5.8848 | TargetQ: 5.9643 | TDAbs: 0.3047 | ActorGrad: 0.8066 | CriticGrad: 4.3462 | Noise: 0.0632 | Replay: 50000 | FPS: 27.06 | ETA: 29.9 min
2026-09-21 17:35:36,863 | INFO | Steps: 101888/150000 | Episodes: 199 | LastEpReward: 15.735 | RecentReward: 14.380 | ActorLoss: -5.066924 | CriticLoss: 0.118193 | Q: 5.0017 | TargetQ: 4.9906 | TDAbs: 0.2311 | ActorGrad: 0.7517 | CriticGrad: 3.6045 | Noise: 0.0617 | Replay: 50000 | FPS: 27.08 | ETA: 29.6 min
2026-09-21 17:35:53,091 | INFO | 开始周期评估: Steps=102400 | Episodes=200 | EvalEpisodes=5
2026-09-21 17:36:24,341 | INFO | 周期评估完成: Steps=102400 | MeanReward=14.871 | StdReward=4.201
2026-09-21 17:36:24,349 | INFO | Steps: 102400/150000 | Episodes: 200 | LastEpReward: 12.836 | RecentReward: 13.716 | ActorLoss: -6.963615 | CriticLoss: 0.127209 | Q: 6.8458 | TargetQ: 6.8697 | TDAbs: 0.2423 | ActorGrad: 0.9076 | CriticGrad: 5.2377 | Noise: 0.0603 | Replay: 50000 | FPS: 26.88 | ETA: 29.5 min
2026-09-21 17:36:40,073 | INFO | Steps: 102912/150000 | Episodes: 201 | LastEpReward: 12.911 | RecentReward: 12.647 | ActorLoss: -6.611802 | CriticLoss: 0.152704 | Q: 6.5491 | TargetQ: 6.5744 | TDAbs: 0.2650 | ActorGrad: 0.8982 | CriticGrad: 4.5448 | Noise: 0.0588 | Replay: 50000 | FPS: 26.90 | ETA: 29.2 min
2026-09-21 17:36:55,797 | INFO | Steps: 103424/150000 | Episodes: 202 | LastEpReward: 17.788 | RecentReward: 13.235 | ActorLoss: -6.289002 | CriticLoss: 0.170263 | Q: 6.2417 | TargetQ: 6.2420 | TDAbs: 0.2850 | ActorGrad: 0.5967 | CriticGrad: 4.5830 | Noise: 0.0574 | Replay: 50000 | FPS: 26.92 | ETA: 28.8 min
2026-09-21 17:37:11,419 | INFO | Steps: 103936/150000 | Episodes: 203 | LastEpReward: 3.803 | RecentReward: 12.826 | ActorLoss: -5.309090 | CriticLoss: 0.150431 | Q: 5.2249 | TargetQ: 5.2421 | TDAbs: 0.2648 | ActorGrad: 0.8258 | CriticGrad: 4.4889 | Noise: 0.0559 | Replay: 50000 | FPS: 26.95 | ETA: 28.5 min
2026-09-21 17:37:27,404 | INFO | Steps: 104448/150000 | Episodes: 204 | LastEpReward: 4.620 | RecentReward: 11.572 | ActorLoss: -6.035482 | CriticLoss: 0.134929 | Q: 5.9783 | TargetQ: 5.9989 | TDAbs: 0.2464 | ActorGrad: 0.7736 | CriticGrad: 4.7161 | Noise: 0.0544 | Replay: 50000 | FPS: 26.97 | ETA: 28.2 min
2026-09-21 17:37:43,270 | INFO | Steps: 104960/150000 | Episodes: 205 | LastEpReward: 6.557 | RecentReward: 10.867 | ActorLoss: -6.178163 | CriticLoss: 0.108514 | Q: 6.1080 | TargetQ: 6.1165 | TDAbs: 0.2195 | ActorGrad: 0.6641 | CriticGrad: 4.3450 | Noise: 0.0530 | Replay: 50000 | FPS: 26.99 | ETA: 27.8 min
2026-09-21 17:37:59,292 | INFO | Steps: 105472/150000 | Episodes: 206 | LastEpReward: 16.606 | RecentReward: 11.104 | ActorLoss: -6.144514 | CriticLoss: 0.117486 | Q: 6.0917 | TargetQ: 6.1015 | TDAbs: 0.2289 | ActorGrad: 0.4750 | CriticGrad: 4.8011 | Noise: 0.0515 | Replay: 50000 | FPS: 27.01 | ETA: 27.5 min
2026-09-21 17:38:15,424 | INFO | Steps: 105984/150000 | Episodes: 207 | LastEpReward: 24.840 | RecentReward: 13.036 | ActorLoss: -5.909340 | CriticLoss: 0.119265 | Q: 5.8371 | TargetQ: 5.8345 | TDAbs: 0.2307 | ActorGrad: 0.6000 | CriticGrad: 4.1645 | Noise: 0.0500 | Replay: 50000 | FPS: 27.03 | ETA: 27.1 min
2026-09-21 17:38:31,077 | INFO | Steps: 106496/150000 | Episodes: 208 | LastEpReward: 7.338 | RecentReward: 12.303 | ActorLoss: -6.061903 | CriticLoss: 0.163949 | Q: 5.9975 | TargetQ: 5.9721 | TDAbs: 0.2752 | ActorGrad: 0.4346 | CriticGrad: 4.3548 | Noise: 0.0500 | Replay: 50000 | FPS: 27.05 | ETA: 26.8 min
2026-09-21 17:38:47,021 | INFO | Steps: 107008/150000 | Episodes: 209 | LastEpReward: 10.911 | RecentReward: 11.821 | ActorLoss: -7.149768 | CriticLoss: 0.159888 | Q: 7.0995 | TargetQ: 7.1245 | TDAbs: 0.2695 | ActorGrad: 0.4703 | CriticGrad: 5.5252 | Noise: 0.0500 | Replay: 50000 | FPS: 27.07 | ETA: 26.5 min
2026-09-21 17:39:02,670 | INFO | 开始周期评估: Steps=107520 | Episodes=210 | EvalEpisodes=5
2026-09-21 17:39:33,777 | INFO | 周期评估完成: Steps=107520 | MeanReward=14.036 | StdReward=4.243
2026-09-21 17:39:33,787 | INFO | Steps: 107520/150000 | Episodes: 210 | LastEpReward: 13.780 | RecentReward: 11.915 | ActorLoss: -6.493233 | CriticLoss: 0.158888 | Q: 6.3997 | TargetQ: 6.4128 | TDAbs: 0.2701 | ActorGrad: 0.6170 | CriticGrad: 4.9217 | Noise: 0.0500 | Replay: 50000 | FPS: 26.89 | ETA: 26.3 min
2026-09-21 17:39:49,832 | INFO | Steps: 108032/150000 | Episodes: 211 | LastEpReward: 7.767 | RecentReward: 11.401 | ActorLoss: -6.365463 | CriticLoss: 0.100968 | Q: 6.3148 | TargetQ: 6.2882 | TDAbs: 0.2128 | ActorGrad: 0.5477 | CriticGrad: 4.2811 | Noise: 0.0500 | Replay: 50000 | FPS: 26.91 | ETA: 26.0 min
2026-09-21 17:40:05,865 | INFO | Steps: 108544/150000 | Episodes: 212 | LastEpReward: 7.913 | RecentReward: 10.414 | ActorLoss: -6.598322 | CriticLoss: 0.118259 | Q: 6.5380 | TargetQ: 6.5404 | TDAbs: 0.2296 | ActorGrad: 0.4083 | CriticGrad: 5.2161 | Noise: 0.0500 | Replay: 50000 | FPS: 26.93 | ETA: 25.7 min
2026-09-21 17:40:22,523 | INFO | Steps: 109056/150000 | Episodes: 213 | LastEpReward: 15.674 | RecentReward: 11.601 | ActorLoss: -6.443285 | CriticLoss: 0.123825 | Q: 6.3962 | TargetQ: 6.3841 | TDAbs: 0.2335 | ActorGrad: 0.4231 | CriticGrad: 4.6314 | Noise: 0.0500 | Replay: 50000 | FPS: 26.94 | ETA: 25.3 min
2026-09-21 17:40:38,581 | INFO | Steps: 109568/150000 | Episodes: 214 | LastEpReward: 17.959 | RecentReward: 12.935 | ActorLoss: -7.033716 | CriticLoss: 0.103805 | Q: 6.9732 | TargetQ: 6.9649 | TDAbs: 0.2124 | ActorGrad: 0.3791 | CriticGrad: 5.0723 | Noise: 0.0500 | Replay: 50000 | FPS: 26.96 | ETA: 25.0 min
2026-09-21 17:40:54,432 | INFO | Steps: 110080/150000 | Episodes: 215 | LastEpReward: 12.233 | RecentReward: 13.502 | ActorLoss: -5.904457 | CriticLoss: 0.117760 | Q: 5.8639 | TargetQ: 5.8509 | TDAbs: 0.2258 | ActorGrad: 0.3784 | CriticGrad: 4.3978 | Noise: 0.0500 | Replay: 50000 | FPS: 26.98 | ETA: 24.7 min
2026-09-21 17:41:10,407 | INFO | Steps: 110592/150000 | Episodes: 216 | LastEpReward: 5.655 | RecentReward: 12.407 | ActorLoss: -6.047743 | CriticLoss: 0.120308 | Q: 5.9951 | TargetQ: 5.9894 | TDAbs: 0.2292 | ActorGrad: 0.5398 | CriticGrad: 4.6177 | Noise: 0.0500 | Replay: 50000 | FPS: 27.00 | ETA: 24.3 min
2026-09-21 17:41:26,343 | INFO | Steps: 111104/150000 | Episodes: 217 | LastEpReward: 8.017 | RecentReward: 10.725 | ActorLoss: -7.471386 | CriticLoss: 0.140222 | Q: 7.3798 | TargetQ: 7.3966 | TDAbs: 0.2534 | ActorGrad: 1.0016 | CriticGrad: 5.9925 | Noise: 0.0500 | Replay: 50000 | FPS: 27.02 | ETA: 24.0 min
2026-09-21 17:41:42,032 | INFO | Steps: 111616/150000 | Episodes: 218 | LastEpReward: 11.746 | RecentReward: 11.166 | ActorLoss: -7.019922 | CriticLoss: 0.138857 | Q: 6.9532 | TargetQ: 6.9682 | TDAbs: 0.2463 | ActorGrad: 0.5432 | CriticGrad: 4.9993 | Noise: 0.0500 | Replay: 50000 | FPS: 27.04 | ETA: 23.7 min
2026-09-21 17:41:58,262 | INFO | Steps: 112128/150000 | Episodes: 219 | LastEpReward: 10.753 | RecentReward: 11.150 | ActorLoss: -5.024348 | CriticLoss: 0.072549 | Q: 4.9676 | TargetQ: 4.9749 | TDAbs: 0.1779 | ActorGrad: 0.2075 | CriticGrad: 3.0781 | Noise: 0.0500 | Replay: 50000 | FPS: 27.06 | ETA: 23.3 min
2026-09-21 17:42:13,707 | INFO | 开始周期评估: Steps=112640 | Episodes=220 | EvalEpisodes=5
2026-09-21 17:42:45,030 | INFO | 周期评估完成: Steps=112640 | MeanReward=10.995 | StdReward=4.815
2026-09-21 17:42:45,039 | INFO | Steps: 112640/150000 | Episodes: 220 | LastEpReward: 8.039 | RecentReward: 10.576 | ActorLoss: -6.340508 | CriticLoss: 0.125779 | Q: 6.2731 | TargetQ: 6.2904 | TDAbs: 0.2320 | ActorGrad: 0.2396 | CriticGrad: 4.2940 | Noise: 0.0500 | Replay: 50000 | FPS: 26.88 | ETA: 23.2 min
2026-09-21 17:43:00,942 | INFO | Steps: 113152/150000 | Episodes: 221 | LastEpReward: -0.363 | RecentReward: 9.763 | ActorLoss: -6.932823 | CriticLoss: 0.142179 | Q: 6.8732 | TargetQ: 6.9012 | TDAbs: 0.2490 | ActorGrad: 0.6500 | CriticGrad: 5.5076 | Noise: 0.0500 | Replay: 50000 | FPS: 26.90 | ETA: 22.8 min
2026-09-21 17:43:16,573 | INFO | Steps: 113664/150000 | Episodes: 222 | LastEpReward: -1.339 | RecentReward: 8.838 | ActorLoss: -7.684062 | CriticLoss: 0.117823 | Q: 7.6163 | TargetQ: 7.6483 | TDAbs: 0.2217 | ActorGrad: 0.4049 | CriticGrad: 5.5761 | Noise: 0.0500 | Replay: 50000 | FPS: 26.92 | ETA: 22.5 min
2026-09-21 17:43:32,335 | INFO | Steps: 114176/150000 | Episodes: 223 | LastEpReward: 5.426 | RecentReward: 7.813 | ActorLoss: -7.005112 | CriticLoss: 0.172263 | Q: 6.9605 | TargetQ: 7.0441 | TDAbs: 0.2767 | ActorGrad: 0.4031 | CriticGrad: 5.4571 | Noise: 0.0500 | Replay: 50000 | FPS: 26.94 | ETA: 22.2 min
2026-09-21 17:43:48,906 | INFO | Steps: 114688/150000 | Episodes: 224 | LastEpReward: 19.072 | RecentReward: 7.924 | ActorLoss: -7.297176 | CriticLoss: 0.084618 | Q: 7.2497 | TargetQ: 7.2322 | TDAbs: 0.1875 | ActorGrad: 0.1668 | CriticGrad: 5.4497 | Noise: 0.0500 | Replay: 50000 | FPS: 26.96 | ETA: 21.8 min
2026-09-21 17:44:05,163 | INFO | Steps: 115200/150000 | Episodes: 225 | LastEpReward: 17.645 | RecentReward: 8.465 | ActorLoss: -6.450937 | CriticLoss: 0.118031 | Q: 6.3914 | TargetQ: 6.4339 | TDAbs: 0.2209 | ActorGrad: 0.2146 | CriticGrad: 4.6424 | Noise: 0.0500 | Replay: 50000 | FPS: 26.98 | ETA: 21.5 min
2026-09-21 17:44:21,038 | INFO | Steps: 115712/150000 | Episodes: 226 | LastEpReward: 9.446 | RecentReward: 8.844 | ActorLoss: -6.728241 | CriticLoss: 0.091822 | Q: 6.6728 | TargetQ: 6.6740 | TDAbs: 0.1960 | ActorGrad: 0.2065 | CriticGrad: 4.1067 | Noise: 0.0500 | Replay: 50000 | FPS: 26.99 | ETA: 21.2 min
2026-09-21 17:44:37,058 | INFO | Steps: 116224/150000 | Episodes: 227 | LastEpReward: 7.665 | RecentReward: 8.809 | ActorLoss: -6.543389 | CriticLoss: 0.104248 | Q: 6.4987 | TargetQ: 6.5154 | TDAbs: 0.2098 | ActorGrad: 0.2121 | CriticGrad: 4.5753 | Noise: 0.0500 | Replay: 50000 | FPS: 27.01 | ETA: 20.8 min
2026-09-21 17:44:53,257 | INFO | Steps: 116736/150000 | Episodes: 228 | LastEpReward: 15.683 | RecentReward: 9.203 | ActorLoss: -6.437666 | CriticLoss: 0.071543 | Q: 6.4070 | TargetQ: 6.4217 | TDAbs: 0.1760 | ActorGrad: 0.2571 | CriticGrad: 4.5930 | Noise: 0.0500 | Replay: 50000 | FPS: 27.03 | ETA: 20.5 min
2026-09-21 17:45:09,229 | INFO | Steps: 117248/150000 | Episodes: 229 | LastEpReward: 16.306 | RecentReward: 9.758 | ActorLoss: -6.562003 | CriticLoss: 0.109174 | Q: 6.5289 | TargetQ: 6.5582 | TDAbs: 0.2154 | ActorGrad: 0.1496 | CriticGrad: 4.5893 | Noise: 0.0500 | Replay: 50000 | FPS: 27.05 | ETA: 20.2 min
2026-09-21 17:45:25,389 | INFO | 开始周期评估: Steps=117760 | Episodes=230 | EvalEpisodes=5
2026-09-21 17:45:56,673 | INFO | 周期评估完成: Steps=117760 | MeanReward=12.877 | StdReward=5.130
2026-09-21 17:45:56,683 | INFO | Steps: 117760/150000 | Episodes: 230 | LastEpReward: 13.357 | RecentReward: 10.290 | ActorLoss: -6.993730 | CriticLoss: 0.082227 | Q: 6.9266 | TargetQ: 6.9438 | TDAbs: 0.1825 | ActorGrad: 0.3119 | CriticGrad: 5.4281 | Noise: 0.0500 | Replay: 50000 | FPS: 26.87 | ETA: 20.0 min
2026-09-21 17:46:12,735 | INFO | Steps: 118272/150000 | Episodes: 231 | LastEpReward: 16.669 | RecentReward: 11.993 | ActorLoss: -7.304339 | CriticLoss: 0.104480 | Q: 7.2554 | TargetQ: 7.2679 | TDAbs: 0.2077 | ActorGrad: 0.2809 | CriticGrad: 4.8094 | Noise: 0.0500 | Replay: 50000 | FPS: 26.89 | ETA: 19.7 min
2026-09-21 17:46:28,483 | INFO | Steps: 118784/150000 | Episodes: 232 | LastEpReward: 20.415 | RecentReward: 14.168 | ActorLoss: -3.511523 | CriticLoss: 0.037564 | Q: 3.4869 | TargetQ: 3.4961 | TDAbs: 0.1378 | ActorGrad: 0.0831 | CriticGrad: 1.5878 | Noise: 0.0500 | Replay: 50000 | FPS: 26.91 | ETA: 19.3 min
2026-09-21 17:46:44,475 | INFO | Steps: 119296/150000 | Episodes: 233 | LastEpReward: 19.280 | RecentReward: 15.554 | ActorLoss: -2.267579 | CriticLoss: 0.010027 | Q: 2.2627 | TargetQ: 2.2636 | TDAbs: 0.1069 | ActorGrad: 0.0280 | CriticGrad: 0.2601 | Noise: 0.0500 | Replay: 50000 | FPS: 26.93 | ETA: 19.0 min
2026-09-21 17:47:00,396 | INFO | Steps: 119808/150000 | Episodes: 234 | LastEpReward: 11.966 | RecentReward: 14.843 | ActorLoss: -2.256329 | CriticLoss: 0.009178 | Q: 2.2518 | TargetQ: 2.2516 | TDAbs: 0.1024 | ActorGrad: 0.0385 | CriticGrad: 0.2448 | Noise: 0.0500 | Replay: 50000 | FPS: 26.95 | ETA: 18.7 min
2026-09-21 17:47:16,163 | INFO | Steps: 120320/150000 | Episodes: 235 | LastEpReward: 11.555 | RecentReward: 14.234 | ActorLoss: -2.222278 | CriticLoss: 0.009720 | Q: 2.2167 | TargetQ: 2.2161 | TDAbs: 0.1040 | ActorGrad: 0.0351 | CriticGrad: 0.2576 | Noise: 0.0500 | Replay: 50000 | FPS: 26.97 | ETA: 18.3 min
2026-09-21 17:47:32,043 | INFO | Steps: 120832/150000 | Episodes: 236 | LastEpReward: 7.282 | RecentReward: 14.018 | ActorLoss: -2.226226 | CriticLoss: 0.009343 | Q: 2.2222 | TargetQ: 2.2211 | TDAbs: 0.1017 | ActorGrad: 0.0408 | CriticGrad: 0.2413 | Noise: 0.0500 | Replay: 50000 | FPS: 26.99 | ETA: 18.0 min
2026-09-21 17:47:48,280 | INFO | Steps: 121344/150000 | Episodes: 237 | LastEpReward: 14.503 | RecentReward: 14.702 | ActorLoss: -2.249913 | CriticLoss: 0.008871 | Q: 2.2465 | TargetQ: 2.2474 | TDAbs: 0.0996 | ActorGrad: 0.0386 | CriticGrad: 0.2376 | Noise: 0.0500 | Replay: 50000 | FPS: 27.00 | ETA: 17.7 min
2026-09-21 17:48:04,031 | INFO | Steps: 121856/150000 | Episodes: 238 | LastEpReward: 12.296 | RecentReward: 14.363 | ActorLoss: -2.237927 | CriticLoss: 0.008570 | Q: 2.2343 | TargetQ: 2.2348 | TDAbs: 0.0985 | ActorGrad: 0.0381 | CriticGrad: 0.2287 | Noise: 0.0500 | Replay: 50000 | FPS: 27.02 | ETA: 17.4 min
2026-09-21 17:48:19,609 | INFO | Steps: 122368/150000 | Episodes: 239 | LastEpReward: 12.503 | RecentReward: 13.983 | ActorLoss: -2.234023 | CriticLoss: 0.008319 | Q: 2.2300 | TargetQ: 2.2299 | TDAbs: 0.0972 | ActorGrad: 0.0362 | CriticGrad: 0.2206 | Noise: 0.0500 | Replay: 50000 | FPS: 27.04 | ETA: 17.0 min
2026-09-21 17:48:35,675 | INFO | 开始周期评估: Steps=122880 | Episodes=240 | EvalEpisodes=5
2026-09-21 17:49:06,995 | INFO | 周期评估完成: Steps=122880 | MeanReward=15.069 | StdReward=4.305
2026-09-21 17:49:07,004 | INFO | Steps: 122880/150000 | Episodes: 240 | LastEpReward: 14.516 | RecentReward: 14.098 | ActorLoss: -2.216217 | CriticLoss: 0.008110 | Q: 2.2119 | TargetQ: 2.2122 | TDAbs: 0.0965 | ActorGrad: 0.0430 | CriticGrad: 0.2270 | Noise: 0.0500 | Replay: 50000 | FPS: 26.87 | ETA: 16.8 min
2026-09-21 17:49:23,475 | INFO | Steps: 123392/150000 | Episodes: 241 | LastEpReward: 23.751 | RecentReward: 14.807 | ActorLoss: -2.194674 | CriticLoss: 0.009285 | Q: 2.1899 | TargetQ: 2.1893 | TDAbs: 0.1017 | ActorGrad: 0.0459 | CriticGrad: 0.2369 | Noise: 0.0500 | Replay: 50000 | FPS: 26.89 | ETA: 16.5 min
2026-09-21 17:49:39,585 | INFO | Steps: 123904/150000 | Episodes: 242 | LastEpReward: 13.022 | RecentReward: 14.067 | ActorLoss: -2.217453 | CriticLoss: 0.016127 | Q: 2.2109 | TargetQ: 2.2176 | TDAbs: 0.1101 | ActorGrad: 0.0597 | CriticGrad: 0.2481 | Noise: 0.0500 | Replay: 50000 | FPS: 26.91 | ETA: 16.2 min
2026-09-21 17:49:55,729 | INFO | Steps: 124416/150000 | Episodes: 243 | LastEpReward: 20.399 | RecentReward: 14.179 | ActorLoss: -2.223037 | CriticLoss: 0.010757 | Q: 2.2165 | TargetQ: 2.2166 | TDAbs: 0.1049 | ActorGrad: 0.0524 | CriticGrad: 0.2750 | Noise: 0.0500 | Replay: 50000 | FPS: 26.92 | ETA: 15.8 min
2026-09-21 17:50:11,727 | INFO | Steps: 124928/150000 | Episodes: 244 | LastEpReward: 14.213 | RecentReward: 14.404 | ActorLoss: -2.218845 | CriticLoss: 0.009548 | Q: 2.2125 | TargetQ: 2.2125 | TDAbs: 0.1021 | ActorGrad: 0.0418 | CriticGrad: 0.2409 | Noise: 0.0500 | Replay: 50000 | FPS: 26.94 | ETA: 15.5 min
2026-09-21 17:50:28,042 | INFO | Steps: 125440/150000 | Episodes: 245 | LastEpReward: 13.134 | RecentReward: 14.562 | ActorLoss: -2.207647 | CriticLoss: 0.009410 | Q: 2.2012 | TargetQ: 2.2008 | TDAbs: 0.1019 | ActorGrad: 0.0426 | CriticGrad: 0.2587 | Noise: 0.0500 | Replay: 50000 | FPS: 26.96 | ETA: 15.2 min
2026-09-21 17:50:43,990 | INFO | Steps: 125952/150000 | Episodes: 246 | LastEpReward: 21.908 | RecentReward: 16.024 | ActorLoss: -2.227732 | CriticLoss: 0.008894 | Q: 2.2233 | TargetQ: 2.2239 | TDAbs: 0.1001 | ActorGrad: 0.0380 | CriticGrad: 0.2401 | Noise: 0.0500 | Replay: 50000 | FPS: 26.97 | ETA: 14.9 min
2026-09-21 17:50:59,984 | INFO | Steps: 126464/150000 | Episodes: 247 | LastEpReward: 17.844 | RecentReward: 16.358 | ActorLoss: -2.223346 | CriticLoss: 0.009098 | Q: 2.2191 | TargetQ: 2.2196 | TDAbs: 0.1018 | ActorGrad: 0.0361 | CriticGrad: 0.2603 | Noise: 0.0500 | Replay: 50000 | FPS: 26.99 | ETA: 14.5 min
2026-09-21 17:51:15,945 | INFO | Steps: 126976/150000 | Episodes: 248 | LastEpReward: 5.666 | RecentReward: 15.695 | ActorLoss: -2.211298 | CriticLoss: 0.009315 | Q: 2.2082 | TargetQ: 2.2083 | TDAbs: 0.1021 | ActorGrad: 0.0448 | CriticGrad: 0.2518 | Noise: 0.0500 | Replay: 50000 | FPS: 27.01 | ETA: 14.2 min
2026-09-21 17:51:32,177 | INFO | Steps: 127488/150000 | Episodes: 249 | LastEpReward: 21.556 | RecentReward: 16.601 | ActorLoss: -2.221197 | CriticLoss: 0.009114 | Q: 2.2184 | TargetQ: 2.2182 | TDAbs: 0.1012 | ActorGrad: 0.0498 | CriticGrad: 0.2394 | Noise: 0.0500 | Replay: 50000 | FPS: 27.02 | ETA: 13.9 min
2026-09-21 17:51:48,361 | INFO | 开始周期评估: Steps=128000 | Episodes=250 | EvalEpisodes=5
2026-09-21 17:52:19,696 | INFO | 周期评估完成: Steps=128000 | MeanReward=15.546 | StdReward=5.086
2026-09-21 17:52:19,705 | INFO | Steps: 128000/150000 | Episodes: 250 | LastEpReward: 19.699 | RecentReward: 17.119 | ActorLoss: -2.206296 | CriticLoss: 0.009006 | Q: 2.2032 | TargetQ: 2.2032 | TDAbs: 0.0997 | ActorGrad: 0.0405 | CriticGrad: 0.2285 | Noise: 0.0500 | Replay: 50000 | FPS: 26.86 | ETA: 13.7 min
2026-09-21 17:52:35,623 | INFO | Steps: 128512/150000 | Episodes: 251 | LastEpReward: 21.618 | RecentReward: 16.906 | ActorLoss: -2.246526 | CriticLoss: 0.008700 | Q: 2.2440 | TargetQ: 2.2439 | TDAbs: 0.0995 | ActorGrad: 0.0439 | CriticGrad: 0.2483 | Noise: 0.0500 | Replay: 50000 | FPS: 26.88 | ETA: 13.3 min
2026-09-21 17:52:51,709 | INFO | Steps: 129024/150000 | Episodes: 252 | LastEpReward: 14.528 | RecentReward: 17.056 | ActorLoss: -2.223820 | CriticLoss: 0.009978 | Q: 2.2211 | TargetQ: 2.2217 | TDAbs: 0.1013 | ActorGrad: 0.0449 | CriticGrad: 0.2535 | Noise: 0.0500 | Replay: 50000 | FPS: 26.90 | ETA: 13.0 min
2026-09-21 17:53:07,910 | INFO | Steps: 129536/150000 | Episodes: 253 | LastEpReward: 3.801 | RecentReward: 15.397 | ActorLoss: -2.245599 | CriticLoss: 0.012138 | Q: 2.2424 | TargetQ: 2.2463 | TDAbs: 0.1027 | ActorGrad: 0.0447 | CriticGrad: 0.2376 | Noise: 0.0500 | Replay: 50000 | FPS: 26.91 | ETA: 12.7 min
2026-09-21 17:53:23,926 | INFO | Steps: 130048/150000 | Episodes: 254 | LastEpReward: 12.917 | RecentReward: 15.267 | ActorLoss: -2.265464 | CriticLoss: 0.008650 | Q: 2.2618 | TargetQ: 2.2620 | TDAbs: 0.0987 | ActorGrad: 0.0434 | CriticGrad: 0.2372 | Noise: 0.0500 | Replay: 50000 | FPS: 26.93 | ETA: 12.3 min
2026-09-21 17:53:39,735 | INFO | Steps: 130560/150000 | Episodes: 255 | LastEpReward: 6.600 | RecentReward: 14.614 | ActorLoss: -2.241366 | CriticLoss: 0.009260 | Q: 2.2381 | TargetQ: 2.2376 | TDAbs: 0.0994 | ActorGrad: 0.0437 | CriticGrad: 0.2300 | Noise: 0.0500 | Replay: 50000 | FPS: 26.95 | ETA: 12.0 min
2026-09-21 17:53:55,907 | INFO | Steps: 131072/150000 | Episodes: 256 | LastEpReward: 10.239 | RecentReward: 13.447 | ActorLoss: -2.245775 | CriticLoss: 0.008982 | Q: 2.2434 | TargetQ: 2.2432 | TDAbs: 0.0989 | ActorGrad: 0.0437 | CriticGrad: 0.2425 | Noise: 0.0500 | Replay: 50000 | FPS: 26.96 | ETA: 11.7 min
2026-09-21 17:54:11,761 | INFO | Steps: 131584/150000 | Episodes: 257 | LastEpReward: 10.338 | RecentReward: 12.696 | ActorLoss: -2.239071 | CriticLoss: 0.009240 | Q: 2.2368 | TargetQ: 2.2365 | TDAbs: 0.0994 | ActorGrad: 0.0503 | CriticGrad: 0.2420 | Noise: 0.0500 | Replay: 50000 | FPS: 26.98 | ETA: 11.4 min
2026-09-21 17:54:27,592 | INFO | Steps: 132096/150000 | Episodes: 258 | LastEpReward: 5.004 | RecentReward: 12.630 | ActorLoss: -2.227819 | CriticLoss: 0.009692 | Q: 2.2257 | TargetQ: 2.2249 | TDAbs: 0.1011 | ActorGrad: 0.0475 | CriticGrad: 0.2511 | Noise: 0.0500 | Replay: 50000 | FPS: 27.00 | ETA: 11.1 min
2026-09-21 17:54:43,864 | INFO | Steps: 132608/150000 | Episodes: 259 | LastEpReward: 17.271 | RecentReward: 12.201 | ActorLoss: -2.220707 | CriticLoss: 0.009226 | Q: 2.2182 | TargetQ: 2.2183 | TDAbs: 0.1011 | ActorGrad: 0.0513 | CriticGrad: 0.2486 | Noise: 0.0500 | Replay: 50000 | FPS: 27.01 | ETA: 10.7 min
2026-09-21 17:54:59,743 | INFO | 开始周期评估: Steps=133120 | Episodes=260 | EvalEpisodes=5
2026-09-21 17:55:30,711 | INFO | 周期评估完成: Steps=133120 | MeanReward=15.109 | StdReward=5.029
2026-09-21 17:55:30,721 | INFO | Steps: 133120/150000 | Episodes: 260 | LastEpReward: 10.549 | RecentReward: 11.286 | ActorLoss: -2.214668 | CriticLoss: 0.009540 | Q: 2.2119 | TargetQ: 2.2112 | TDAbs: 0.1016 | ActorGrad: 0.0445 | CriticGrad: 0.2522 | Noise: 0.0500 | Replay: 50000 | FPS: 26.86 | ETA: 10.5 min
2026-09-21 17:55:46,615 | INFO | Steps: 133632/150000 | Episodes: 261 | LastEpReward: 5.907 | RecentReward: 9.715 | ActorLoss: -2.207233 | CriticLoss: 0.009357 | Q: 2.2044 | TargetQ: 2.2042 | TDAbs: 0.0984 | ActorGrad: 0.0496 | CriticGrad: 0.2375 | Noise: 0.0500 | Replay: 50000 | FPS: 26.88 | ETA: 10.2 min
2026-09-21 17:56:02,274 | INFO | Steps: 134144/150000 | Episodes: 262 | LastEpReward: 2.640 | RecentReward: 8.527 | ActorLoss: -2.240632 | CriticLoss: 0.008893 | Q: 2.2371 | TargetQ: 2.2373 | TDAbs: 0.0998 | ActorGrad: 0.0451 | CriticGrad: 0.2463 | Noise: 0.0500 | Replay: 50000 | FPS: 26.90 | ETA: 9.8 min
2026-09-21 17:56:18,570 | INFO | Steps: 134656/150000 | Episodes: 263 | LastEpReward: 16.052 | RecentReward: 9.752 | ActorLoss: -2.222166 | CriticLoss: 0.009316 | Q: 2.2200 | TargetQ: 2.2199 | TDAbs: 0.1000 | ActorGrad: 0.0473 | CriticGrad: 0.2619 | Noise: 0.0500 | Replay: 50000 | FPS: 26.91 | ETA: 9.5 min
2026-09-21 17:56:34,152 | INFO | Steps: 135168/150000 | Episodes: 264 | LastEpReward: 16.753 | RecentReward: 10.135 | ActorLoss: -2.225294 | CriticLoss: 0.009100 | Q: 2.2239 | TargetQ: 2.2238 | TDAbs: 0.0996 | ActorGrad: 0.0521 | CriticGrad: 0.2576 | Noise: 0.0500 | Replay: 50000 | FPS: 26.93 | ETA: 9.2 min
2026-09-21 17:56:50,052 | INFO | Steps: 135680/150000 | Episodes: 265 | LastEpReward: 13.966 | RecentReward: 10.872 | ActorLoss: -2.198685 | CriticLoss: 0.009290 | Q: 2.1965 | TargetQ: 2.1966 | TDAbs: 0.0996 | ActorGrad: 0.0450 | CriticGrad: 0.2442 | Noise: 0.0500 | Replay: 50000 | FPS: 26.94 | ETA: 8.9 min
2026-09-21 17:57:06,380 | INFO | Steps: 136192/150000 | Episodes: 266 | LastEpReward: 13.191 | RecentReward: 11.167 | ActorLoss: -2.240411 | CriticLoss: 0.009561 | Q: 2.2381 | TargetQ: 2.2380 | TDAbs: 0.1018 | ActorGrad: 0.0554 | CriticGrad: 0.2477 | Noise: 0.0500 | Replay: 50000 | FPS: 26.96 | ETA: 8.5 min
2026-09-21 17:57:22,315 | INFO | Steps: 136704/150000 | Episodes: 267 | LastEpReward: 0.762 | RecentReward: 10.209 | ActorLoss: -2.212627 | CriticLoss: 0.008892 | Q: 2.2112 | TargetQ: 2.2112 | TDAbs: 0.0994 | ActorGrad: 0.0489 | CriticGrad: 0.2352 | Noise: 0.0500 | Replay: 50000 | FPS: 26.98 | ETA: 8.2 min
2026-09-21 17:57:38,208 | INFO | Steps: 137216/150000 | Episodes: 268 | LastEpReward: -4.391 | RecentReward: 9.270 | ActorLoss: -2.209224 | CriticLoss: 0.010020 | Q: 2.2006 | TargetQ: 2.2007 | TDAbs: 0.1066 | ActorGrad: 0.0556 | CriticGrad: 0.2616 | Noise: 0.0500 | Replay: 50000 | FPS: 26.99 | ETA: 7.9 min
2026-09-21 17:57:54,131 | INFO | Steps: 137728/150000 | Episodes: 269 | LastEpReward: -37.864 | RecentReward: 3.756 | ActorLoss: -2.279258 | CriticLoss: 0.018084 | Q: 2.2503 | TargetQ: 2.2511 | TDAbs: 0.1456 | ActorGrad: 0.0564 | CriticGrad: 0.3873 | Noise: 0.0500 | Replay: 50000 | FPS: 27.01 | ETA: 7.6 min
2026-09-21 17:58:09,793 | INFO | 开始周期评估: Steps=138240 | Episodes=270 | EvalEpisodes=5
2026-09-21 17:58:39,759 | INFO | 周期评估完成: Steps=138240 | MeanReward=-41.226 | StdReward=3.029
2026-09-21 17:58:39,769 | INFO | Steps: 138240/150000 | Episodes: 270 | LastEpReward: -33.078 | RecentReward: -0.606 | ActorLoss: -2.302831 | CriticLoss: 0.020677 | Q: 2.2814 | TargetQ: 2.2826 | TDAbs: 0.1545 | ActorGrad: 0.0704 | CriticGrad: 0.3885 | Noise: 0.0500 | Replay: 50000 | FPS: 26.87 | ETA: 7.3 min
2026-09-21 17:58:55,730 | INFO | Steps: 138752/150000 | Episodes: 271 | LastEpReward: -35.383 | RecentReward: -4.735 | ActorLoss: -2.333886 | CriticLoss: 0.020780 | Q: 2.3167 | TargetQ: 2.3164 | TDAbs: 0.1531 | ActorGrad: 0.0616 | CriticGrad: 0.4017 | Noise: 0.0500 | Replay: 50000 | FPS: 26.88 | ETA: 7.0 min
2026-09-21 17:59:11,590 | INFO | Steps: 139264/150000 | Episodes: 272 | LastEpReward: -14.744 | RecentReward: -6.474 | ActorLoss: -2.342319 | CriticLoss: 0.021988 | Q: 2.3373 | TargetQ: 2.3362 | TDAbs: 0.1556 | ActorGrad: 0.0718 | CriticGrad: 0.4032 | Noise: 0.0500 | Replay: 50000 | FPS: 26.90 | ETA: 6.7 min
2026-09-21 17:59:27,493 | INFO | Steps: 139776/150000 | Episodes: 273 | LastEpReward: -8.100 | RecentReward: -8.889 | ActorLoss: -2.336509 | CriticLoss: 0.021156 | Q: 2.3287 | TargetQ: 2.3293 | TDAbs: 0.1527 | ActorGrad: 0.1899 | CriticGrad: 0.4224 | Noise: 0.0500 | Replay: 50000 | FPS: 26.92 | ETA: 6.3 min
2026-09-21 17:59:43,563 | INFO | Steps: 140288/150000 | Episodes: 274 | LastEpReward: -6.643 | RecentReward: -11.228 | ActorLoss: -2.346701 | CriticLoss: 0.019247 | Q: 2.3399 | TargetQ: 2.3408 | TDAbs: 0.1471 | ActorGrad: 0.1494 | CriticGrad: 0.3874 | Noise: 0.0500 | Replay: 50000 | FPS: 26.93 | ETA: 6.0 min
2026-09-21 17:59:59,251 | INFO | Steps: 140800/150000 | Episodes: 275 | LastEpReward: 9.373 | RecentReward: -11.688 | ActorLoss: -2.337987 | CriticLoss: 0.016469 | Q: 2.3330 | TargetQ: 2.3332 | TDAbs: 0.1345 | ActorGrad: 0.1050 | CriticGrad: 0.3435 | Noise: 0.0500 | Replay: 50000 | FPS: 26.95 | ETA: 5.7 min
2026-09-21 18:00:15,001 | INFO | Steps: 141312/150000 | Episodes: 276 | LastEpReward: 12.548 | RecentReward: -11.752 | ActorLoss: -2.338409 | CriticLoss: 0.014833 | Q: 2.3327 | TargetQ: 2.3329 | TDAbs: 0.1277 | ActorGrad: 0.0601 | CriticGrad: 0.3212 | Noise: 0.0500 | Replay: 50000 | FPS: 26.97 | ETA: 5.4 min
2026-09-21 18:00:30,648 | INFO | Steps: 141824/150000 | Episodes: 277 | LastEpReward: 12.882 | RecentReward: -10.540 | ActorLoss: -2.324730 | CriticLoss: 0.013853 | Q: 2.3196 | TargetQ: 2.3194 | TDAbs: 0.1246 | ActorGrad: 0.0526 | CriticGrad: 0.3099 | Noise: 0.0500 | Replay: 50000 | FPS: 26.98 | ETA: 5.1 min
2026-09-21 18:00:46,708 | INFO | Steps: 142336/150000 | Episodes: 278 | LastEpReward: 10.623 | RecentReward: -9.038 | ActorLoss: -2.300678 | CriticLoss: 0.013362 | Q: 2.2940 | TargetQ: 2.2941 | TDAbs: 0.1212 | ActorGrad: 0.0531 | CriticGrad: 0.3463 | Noise: 0.0500 | Replay: 50000 | FPS: 27.00 | ETA: 4.7 min
2026-09-21 18:01:02,760 | INFO | Steps: 142848/150000 | Episodes: 279 | LastEpReward: 14.489 | RecentReward: -3.803 | ActorLoss: -2.296662 | CriticLoss: 0.012044 | Q: 2.2902 | TargetQ: 2.2904 | TDAbs: 0.1159 | ActorGrad: 0.0583 | CriticGrad: 0.2998 | Noise: 0.0500 | Replay: 50000 | FPS: 27.01 | ETA: 4.4 min
2026-09-21 18:01:18,778 | INFO | 开始周期评估: Steps=143360 | Episodes=280 | EvalEpisodes=5
2026-09-21 18:01:49,709 | INFO | 周期评估完成: Steps=143360 | MeanReward=16.383 | StdReward=3.077
2026-09-21 18:01:49,719 | INFO | Steps: 143360/150000 | Episodes: 280 | LastEpReward: 8.620 | RecentReward: 0.367 | ActorLoss: -2.275172 | CriticLoss: 0.011986 | Q: 2.2697 | TargetQ: 2.2695 | TDAbs: 0.1153 | ActorGrad: 0.0602 | CriticGrad: 0.3076 | Noise: 0.0500 | Replay: 50000 | FPS: 26.87 | ETA: 4.1 min
2026-09-21 18:02:05,673 | INFO | Steps: 143872/150000 | Episodes: 281 | LastEpReward: 21.518 | RecentReward: 6.057 | ActorLoss: -2.279337 | CriticLoss: 0.012163 | Q: 2.2730 | TargetQ: 2.2738 | TDAbs: 0.1151 | ActorGrad: 0.0553 | CriticGrad: 0.2787 | Noise: 0.0500 | Replay: 50000 | FPS: 26.89 | ETA: 3.8 min
2026-09-21 18:02:21,458 | INFO | Steps: 144384/150000 | Episodes: 282 | LastEpReward: 6.309 | RecentReward: 8.162 | ActorLoss: -2.259778 | CriticLoss: 0.011657 | Q: 2.2531 | TargetQ: 2.2530 | TDAbs: 0.1125 | ActorGrad: 0.0406 | CriticGrad: 0.2758 | Noise: 0.0500 | Replay: 50000 | FPS: 26.90 | ETA: 3.5 min
2026-09-21 18:02:37,233 | INFO | Steps: 144896/150000 | Episodes: 283 | LastEpReward: 14.448 | RecentReward: 10.417 | ActorLoss: -2.281571 | CriticLoss: 0.011032 | Q: 2.2746 | TargetQ: 2.2747 | TDAbs: 0.1114 | ActorGrad: 0.0546 | CriticGrad: 0.2823 | Noise: 0.0500 | Replay: 50000 | FPS: 26.92 | ETA: 3.2 min
2026-09-21 18:02:53,054 | INFO | Steps: 145408/150000 | Episodes: 284 | LastEpReward: 13.794 | RecentReward: 12.460 | ActorLoss: -2.284514 | CriticLoss: 0.010941 | Q: 2.2782 | TargetQ: 2.2780 | TDAbs: 0.1101 | ActorGrad: 0.0496 | CriticGrad: 0.2590 | Noise: 0.0500 | Replay: 50000 | FPS: 26.94 | ETA: 2.8 min
2026-09-21 18:03:08,867 | INFO | Steps: 145920/150000 | Episodes: 285 | LastEpReward: 10.659 | RecentReward: 12.589 | ActorLoss: -2.266959 | CriticLoss: 0.011191 | Q: 2.2594 | TargetQ: 2.2605 | TDAbs: 0.1107 | ActorGrad: 0.0590 | CriticGrad: 0.2931 | Noise: 0.0500 | Replay: 50000 | FPS: 26.95 | ETA: 2.5 min
2026-09-21 18:03:24,766 | INFO | Steps: 146432/150000 | Episodes: 286 | LastEpReward: 16.211 | RecentReward: 12.955 | ActorLoss: -2.260313 | CriticLoss: 0.011049 | Q: 2.2535 | TargetQ: 2.2537 | TDAbs: 0.1097 | ActorGrad: 0.0630 | CriticGrad: 0.3057 | Noise: 0.0500 | Replay: 50000 | FPS: 26.97 | ETA: 2.2 min
2026-09-21 18:03:40,695 | INFO | Steps: 146944/150000 | Episodes: 287 | LastEpReward: 13.939 | RecentReward: 13.061 | ActorLoss: -2.239849 | CriticLoss: 0.010559 | Q: 2.2328 | TargetQ: 2.2327 | TDAbs: 0.1072 | ActorGrad: 0.0586 | CriticGrad: 0.2583 | Noise: 0.0500 | Replay: 50000 | FPS: 26.98 | ETA: 1.9 min
2026-09-21 18:03:56,706 | INFO | Steps: 147456/150000 | Episodes: 288 | LastEpReward: 16.516 | RecentReward: 13.650 | ActorLoss: -2.245203 | CriticLoss: 0.010753 | Q: 2.2385 | TargetQ: 2.2379 | TDAbs: 0.1080 | ActorGrad: 0.0509 | CriticGrad: 0.2794 | Noise: 0.0500 | Replay: 50000 | FPS: 27.00 | ETA: 1.6 min
2026-09-21 18:04:12,687 | INFO | Steps: 147968/150000 | Episodes: 289 | LastEpReward: 14.095 | RecentReward: 13.611 | ActorLoss: -2.212946 | CriticLoss: 0.009939 | Q: 2.2056 | TargetQ: 2.2064 | TDAbs: 0.1054 | ActorGrad: 0.0525 | CriticGrad: 0.2520 | Noise: 0.0500 | Replay: 50000 | FPS: 27.01 | ETA: 1.3 min
2026-09-21 18:04:28,870 | INFO | 开始周期评估: Steps=148480 | Episodes=290 | EvalEpisodes=5
2026-09-21 18:05:00,068 | INFO | 周期评估完成: Steps=148480 | MeanReward=15.731 | StdReward=3.239
2026-09-21 18:05:00,078 | INFO | Steps: 148480/150000 | Episodes: 290 | LastEpReward: 17.204 | RecentReward: 14.469 | ActorLoss: -2.223676 | CriticLoss: 0.010316 | Q: 2.2180 | TargetQ: 2.2176 | TDAbs: 0.1072 | ActorGrad: 0.0596 | CriticGrad: 0.2674 | Noise: 0.0500 | Replay: 50000 | FPS: 26.87 | ETA: 0.9 min
2026-09-21 18:05:16,003 | INFO | Steps: 148992/150000 | Episodes: 291 | LastEpReward: 18.539 | RecentReward: 14.171 | ActorLoss: -2.239981 | CriticLoss: 0.010088 | Q: 2.2339 | TargetQ: 2.2338 | TDAbs: 0.1054 | ActorGrad: 0.0515 | CriticGrad: 0.2646 | Noise: 0.0500 | Replay: 50000 | FPS: 26.89 | ETA: 0.6 min
2026-09-21 18:05:31,807 | INFO | Steps: 149504/150000 | Episodes: 292 | LastEpReward: 11.051 | RecentReward: 14.646 | ActorLoss: -2.200983 | CriticLoss: 0.009992 | Q: 2.1941 | TargetQ: 2.1942 | TDAbs: 0.1046 | ActorGrad: 0.0533 | CriticGrad: 0.2634 | Noise: 0.0500 | Replay: 50000 | FPS: 26.90 | ETA: 0.3 min
2026-09-21 18:05:47,121 | INFO | Steps: 150000/150000 | Episodes: 292 | LastEpReward: 11.051 | RecentReward: 14.646 | ActorLoss: -2.192503 | CriticLoss: 0.009506 | Q: 2.1855 | TargetQ: 2.1858 | TDAbs: 0.1029 | ActorGrad: 0.0576 | CriticGrad: 0.2557 | Noise: 0.0500 | Replay: 50000 | FPS: 26.92 | ETA: 0.0 min
2026-09-21 18:06:49,517 | INFO | MADDPG 训练与评估完成，最佳权重: /home/pjpjq/LEO_switch/results/multiseed_0907/seed46/u40/learned_baselines/maddpg/maddpg_model.pt
