2026-09-12 18:16:54,179 | INFO | ============================================================
2026-09-12 18:16:54,179 | INFO | 开始训练纯 MADDPG 基线
2026-09-12 18:16:54,179 | INFO | 用户数: 20 | 观测维度: 76 | handover维度: 11 | 总步数: 150000 | warmup: 1000 | batch: 128 | 日志间隔: 512 steps | device: cuda | actor_lr: 1.0e-04 | critic_lr: 3.0e-04 | tau: 0.005 | reward_scale: 1.00
2026-09-12 18:16:54,179 | INFO | ============================================================
2026-09-12 18:16:57,548 | INFO | Steps: 512/150000 | Episodes: 1 | LastEpReward: 8.682 | RecentReward: 8.682 | ActorLoss: 0.000000 | CriticLoss: 0.000000 | Q: 0.0000 | TargetQ: 0.0000 | TDAbs: 0.0000 | ActorGrad: 0.0000 | CriticGrad: 0.0000 | Noise: 0.3500 | Replay: 512 | FPS: 151.98 | ETA: 16.4 min
2026-09-12 18:17:01,233 | INFO | Steps: 1024/150000 | Episodes: 2 | LastEpReward: 18.153 | RecentReward: 13.418 | ActorLoss: 0.023618 | CriticLoss: 0.004970 | Q: -0.0256 | TargetQ: -0.0273 | TDAbs: 0.0796 | ActorGrad: 0.0008 | CriticGrad: 0.0579 | Noise: 0.3499 | Replay: 1024 | FPS: 145.16 | ETA: 17.1 min
2026-09-12 18:17:07,192 | INFO | Steps: 1536/150000 | Episodes: 3 | LastEpReward: -60.476 | RecentReward: -11.214 | ActorLoss: -0.047452 | CriticLoss: 0.000731 | Q: 0.0243 | TargetQ: 0.0243 | TDAbs: 0.0283 | ActorGrad: 0.0029 | CriticGrad: 0.0545 | Noise: 0.3485 | Replay: 1536 | FPS: 118.03 | ETA: 21.0 min
2026-09-12 18:17:12,822 | INFO | Steps: 2048/150000 | Episodes: 4 | LastEpReward: -92.487 | RecentReward: -31.532 | ActorLoss: 0.024100 | CriticLoss: 0.001035 | Q: -0.0416 | TargetQ: -0.0417 | TDAbs: 0.0339 | ActorGrad: 0.0027 | CriticGrad: 0.0791 | Noise: 0.3470 | Replay: 2048 | FPS: 109.86 | ETA: 22.4 min
2026-09-12 18:17:18,833 | INFO | Steps: 2560/150000 | Episodes: 5 | LastEpReward: -118.425 | RecentReward: -48.911 | ActorLoss: 0.276864 | CriticLoss: 0.002173 | Q: -0.2936 | TargetQ: -0.2935 | TDAbs: 0.0489 | ActorGrad: 0.0039 | CriticGrad: 0.1680 | Noise: 0.3455 | Replay: 2560 | FPS: 103.84 | ETA: 23.7 min
2026-09-12 18:17:24,961 | INFO | Steps: 3072/150000 | Episodes: 6 | LastEpReward: -124.493 | RecentReward: -61.508 | ActorLoss: 0.574955 | CriticLoss: 0.002306 | Q: -0.5895 | TargetQ: -0.5897 | TDAbs: 0.0501 | ActorGrad: 0.0060 | CriticGrad: 0.1978 | Noise: 0.3441 | Replay: 3072 | FPS: 99.80 | ETA: 24.5 min
2026-09-12 18:17:30,746 | INFO | Steps: 3584/150000 | Episodes: 7 | LastEpReward: -104.378 | RecentReward: -67.632 | ActorLoss: 0.884315 | CriticLoss: 0.002977 | Q: -0.9000 | TargetQ: -0.9002 | TDAbs: 0.0565 | ActorGrad: 0.0095 | CriticGrad: 0.2862 | Noise: 0.3426 | Replay: 3584 | FPS: 98.01 | ETA: 24.9 min
2026-09-12 18:17:36,747 | INFO | Steps: 4096/150000 | Episodes: 8 | LastEpReward: 11.411 | RecentReward: -57.752 | ActorLoss: 0.739657 | CriticLoss: 0.002005 | Q: -0.8333 | TargetQ: -0.8330 | TDAbs: 0.0474 | ActorGrad: 0.0140 | CriticGrad: 0.1535 | Noise: 0.3412 | Replay: 4096 | FPS: 96.22 | ETA: 25.3 min
2026-09-12 18:17:42,663 | INFO | Steps: 4608/150000 | Episodes: 9 | LastEpReward: 29.573 | RecentReward: -48.049 | ActorLoss: 0.565818 | CriticLoss: 0.002254 | Q: -0.6592 | TargetQ: -0.6598 | TDAbs: 0.0502 | ActorGrad: 0.0122 | CriticGrad: 0.1951 | Noise: 0.3397 | Replay: 4608 | FPS: 95.04 | ETA: 25.5 min
2026-09-12 18:17:48,592 | INFO | 开始周期评估: Steps=5120 | Episodes=10 | EvalEpisodes=5
2026-09-12 18:18:05,719 | INFO | 周期评估完成: Steps=5120 | MeanReward=42.244 | StdReward=7.910
2026-09-12 18:18:05,728 | INFO | Steps: 5120/150000 | Episodes: 10 | LastEpReward: 42.025 | RecentReward: -39.042 | ActorLoss: 0.402346 | CriticLoss: 0.002287 | Q: -0.5043 | TargetQ: -0.5046 | TDAbs: 0.0507 | ActorGrad: 0.0108 | CriticGrad: 0.1921 | Noise: 0.3382 | Replay: 5120 | FPS: 71.56 | ETA: 33.7 min
2026-09-12 18:18:11,691 | INFO | Steps: 5632/150000 | Episodes: 11 | LastEpReward: 47.275 | RecentReward: -35.182 | ActorLoss: 0.123059 | CriticLoss: 0.002161 | Q: -0.2280 | TargetQ: -0.2278 | TDAbs: 0.0493 | ActorGrad: 0.0100 | CriticGrad: 0.1680 | Noise: 0.3368 | Replay: 5632 | FPS: 72.66 | ETA: 33.1 min
2026-09-12 18:18:17,577 | INFO | Steps: 6144/150000 | Episodes: 12 | LastEpReward: 42.095 | RecentReward: -32.788 | ActorLoss: -0.102688 | CriticLoss: 0.002129 | Q: 0.0008 | TargetQ: 0.0006 | TDAbs: 0.0496 | ActorGrad: 0.0105 | CriticGrad: 0.1580 | Noise: 0.3353 | Replay: 6144 | FPS: 73.67 | ETA: 32.5 min
2026-09-12 18:18:23,537 | INFO | Steps: 6656/150000 | Episodes: 13 | LastEpReward: 36.742 | RecentReward: -23.066 | ActorLoss: -0.308129 | CriticLoss: 0.002461 | Q: 0.2099 | TargetQ: 0.2098 | TDAbs: 0.0503 | ActorGrad: 0.0090 | CriticGrad: 0.1538 | Noise: 0.3338 | Replay: 6656 | FPS: 74.49 | ETA: 32.1 min
2026-09-12 18:18:29,483 | INFO | Steps: 7168/150000 | Episodes: 14 | LastEpReward: 33.277 | RecentReward: -10.490 | ActorLoss: -0.548264 | CriticLoss: 0.003181 | Q: 0.4586 | TargetQ: 0.4590 | TDAbs: 0.0594 | ActorGrad: 0.0097 | CriticGrad: 0.2286 | Noise: 0.3324 | Replay: 7168 | FPS: 75.21 | ETA: 31.7 min
2026-09-12 18:18:35,453 | INFO | Steps: 7680/150000 | Episodes: 15 | LastEpReward: 42.418 | RecentReward: 5.594 | ActorLoss: -0.743602 | CriticLoss: 0.003475 | Q: 0.6574 | TargetQ: 0.6577 | TDAbs: 0.0627 | ActorGrad: 0.0106 | CriticGrad: 0.2326 | Noise: 0.3309 | Replay: 7680 | FPS: 75.83 | ETA: 31.3 min
2026-09-12 18:18:41,384 | INFO | Steps: 8192/150000 | Episodes: 16 | LastEpReward: 43.935 | RecentReward: 22.437 | ActorLoss: -0.938161 | CriticLoss: 0.003566 | Q: 0.8583 | TargetQ: 0.8583 | TDAbs: 0.0626 | ActorGrad: 0.0110 | CriticGrad: 0.2233 | Noise: 0.3295 | Replay: 8192 | FPS: 76.41 | ETA: 30.9 min
2026-09-12 18:18:47,235 | INFO | Steps: 8704/150000 | Episodes: 17 | LastEpReward: 39.727 | RecentReward: 36.848 | ActorLoss: -1.120247 | CriticLoss: 0.004180 | Q: 1.0443 | TargetQ: 1.0443 | TDAbs: 0.0684 | ActorGrad: 0.0109 | CriticGrad: 0.2886 | Noise: 0.3280 | Replay: 8704 | FPS: 76.99 | ETA: 30.6 min
2026-09-12 18:18:53,102 | INFO | Steps: 9216/150000 | Episodes: 18 | LastEpReward: 42.475 | RecentReward: 39.954 | ActorLoss: -1.261841 | CriticLoss: 0.003916 | Q: 1.1909 | TargetQ: 1.1914 | TDAbs: 0.0663 | ActorGrad: 0.0096 | CriticGrad: 0.2253 | Noise: 0.3265 | Replay: 9216 | FPS: 77.50 | ETA: 30.3 min
2026-09-12 18:18:58,985 | INFO | Steps: 9728/150000 | Episodes: 19 | LastEpReward: 30.047 | RecentReward: 40.002 | ActorLoss: -1.409325 | CriticLoss: 0.004259 | Q: 1.3454 | TargetQ: 1.3456 | TDAbs: 0.0694 | ActorGrad: 0.0096 | CriticGrad: 0.2797 | Noise: 0.3251 | Replay: 9728 | FPS: 77.94 | ETA: 30.0 min
2026-09-12 18:19:04,885 | INFO | 开始周期评估: Steps=10240 | Episodes=20 | EvalEpisodes=5
2026-09-12 18:19:21,980 | INFO | 周期评估完成: Steps=10240 | MeanReward=40.983 | StdReward=5.279
2026-09-12 18:19:21,987 | INFO | Steps: 10240/150000 | Episodes: 20 | LastEpReward: 39.139 | RecentReward: 39.713 | ActorLoss: -1.620419 | CriticLoss: 0.004681 | Q: 1.5601 | TargetQ: 1.5604 | TDAbs: 0.0726 | ActorGrad: 0.0110 | CriticGrad: 0.2643 | Noise: 0.3236 | Replay: 10240 | FPS: 69.28 | ETA: 33.6 min
2026-09-12 18:19:27,920 | INFO | Steps: 10752/150000 | Episodes: 21 | LastEpReward: 39.328 | RecentReward: 38.918 | ActorLoss: -1.808491 | CriticLoss: 0.006038 | Q: 1.7528 | TargetQ: 1.7530 | TDAbs: 0.0818 | ActorGrad: 0.0114 | CriticGrad: 0.3502 | Noise: 0.3221 | Replay: 10752 | FPS: 69.94 | ETA: 33.2 min
2026-09-12 18:19:33,844 | INFO | Steps: 11264/150000 | Episodes: 22 | LastEpReward: 44.097 | RecentReward: 39.118 | ActorLoss: -1.924383 | CriticLoss: 0.005856 | Q: 1.8677 | TargetQ: 1.8682 | TDAbs: 0.0808 | ActorGrad: 0.0108 | CriticGrad: 0.3411 | Noise: 0.3207 | Replay: 11264 | FPS: 70.55 | ETA: 32.8 min
2026-09-12 18:19:39,885 | INFO | Steps: 11776/150000 | Episodes: 23 | LastEpReward: 38.383 | RecentReward: 39.283 | ActorLoss: -2.089174 | CriticLoss: 0.006326 | Q: 2.0381 | TargetQ: 2.0388 | TDAbs: 0.0851 | ActorGrad: 0.0104 | CriticGrad: 0.3839 | Noise: 0.3192 | Replay: 11776 | FPS: 71.07 | ETA: 32.4 min
2026-09-12 18:19:45,782 | INFO | Steps: 12288/150000 | Episodes: 24 | LastEpReward: 22.463 | RecentReward: 38.201 | ActorLoss: -2.195706 | CriticLoss: 0.007527 | Q: 2.1468 | TargetQ: 2.1470 | TDAbs: 0.0910 | ActorGrad: 0.0114 | CriticGrad: 0.4719 | Noise: 0.3177 | Replay: 12288 | FPS: 71.61 | ETA: 32.1 min
2026-09-12 18:19:51,694 | INFO | Steps: 12800/150000 | Episodes: 25 | LastEpReward: 40.610 | RecentReward: 38.020 | ActorLoss: -2.340645 | CriticLoss: 0.006803 | Q: 2.2938 | TargetQ: 2.2943 | TDAbs: 0.0883 | ActorGrad: 0.0139 | CriticGrad: 0.3983 | Noise: 0.3163 | Replay: 12800 | FPS: 72.11 | ETA: 31.7 min
2026-09-12 18:19:57,606 | INFO | Steps: 13312/150000 | Episodes: 26 | LastEpReward: 36.080 | RecentReward: 37.235 | ActorLoss: -2.442698 | CriticLoss: 0.007756 | Q: 2.3958 | TargetQ: 2.3961 | TDAbs: 0.0942 | ActorGrad: 0.0142 | CriticGrad: 0.4539 | Noise: 0.3148 | Replay: 13312 | FPS: 72.57 | ETA: 31.4 min
2026-09-12 18:20:03,524 | INFO | Steps: 13824/150000 | Episodes: 27 | LastEpReward: 49.769 | RecentReward: 38.239 | ActorLoss: -2.532000 | CriticLoss: 0.008239 | Q: 2.4868 | TargetQ: 2.4866 | TDAbs: 0.0949 | ActorGrad: 0.0134 | CriticGrad: 0.4961 | Noise: 0.3134 | Replay: 13824 | FPS: 73.01 | ETA: 31.1 min
2026-09-12 18:20:09,509 | INFO | Steps: 14336/150000 | Episodes: 28 | LastEpReward: 42.503 | RecentReward: 38.242 | ActorLoss: -2.683820 | CriticLoss: 0.009248 | Q: 2.6380 | TargetQ: 2.6379 | TDAbs: 0.1004 | ActorGrad: 0.0090 | CriticGrad: 0.4958 | Noise: 0.3119 | Replay: 14336 | FPS: 73.39 | ETA: 30.8 min
2026-09-12 18:20:15,511 | INFO | Steps: 14848/150000 | Episodes: 29 | LastEpReward: 45.338 | RecentReward: 39.771 | ActorLoss: -2.867860 | CriticLoss: 0.009135 | Q: 2.8251 | TargetQ: 2.8251 | TDAbs: 0.1004 | ActorGrad: 0.0100 | CriticGrad: 0.4893 | Noise: 0.3104 | Replay: 14848 | FPS: 73.75 | ETA: 30.5 min
2026-09-12 18:20:21,527 | INFO | 开始周期评估: Steps=15360 | Episodes=30 | EvalEpisodes=5
2026-09-12 18:20:38,681 | INFO | 周期评估完成: Steps=15360 | MeanReward=35.378 | StdReward=7.088
2026-09-12 18:20:38,688 | INFO | Steps: 15360/150000 | Episodes: 30 | LastEpReward: 32.165 | RecentReward: 39.073 | ActorLoss: -3.022058 | CriticLoss: 0.009437 | Q: 2.9773 | TargetQ: 2.9787 | TDAbs: 0.1022 | ActorGrad: 0.0112 | CriticGrad: 0.6081 | Noise: 0.3090 | Replay: 15360 | FPS: 68.42 | ETA: 32.8 min
2026-09-12 18:20:44,758 | INFO | Steps: 15872/150000 | Episodes: 31 | LastEpReward: 31.649 | RecentReward: 38.306 | ActorLoss: -3.117441 | CriticLoss: 0.010800 | Q: 3.0801 | TargetQ: 3.0795 | TDAbs: 0.1082 | ActorGrad: 0.0139 | CriticGrad: 0.5739 | Noise: 0.3075 | Replay: 15872 | FPS: 68.84 | ETA: 32.5 min
2026-09-12 18:20:50,723 | INFO | Steps: 16384/150000 | Episodes: 32 | LastEpReward: 39.838 | RecentReward: 37.880 | ActorLoss: -3.231220 | CriticLoss: 0.009874 | Q: 3.1907 | TargetQ: 3.1914 | TDAbs: 0.1042 | ActorGrad: 0.0146 | CriticGrad: 0.4889 | Noise: 0.3060 | Replay: 16384 | FPS: 69.26 | ETA: 32.2 min
2026-09-12 18:20:56,623 | INFO | Steps: 16896/150000 | Episodes: 33 | LastEpReward: 38.489 | RecentReward: 37.890 | ActorLoss: -3.340576 | CriticLoss: 0.012748 | Q: 3.3010 | TargetQ: 3.3001 | TDAbs: 0.1144 | ActorGrad: 0.0122 | CriticGrad: 0.5832 | Noise: 0.3046 | Replay: 16896 | FPS: 69.69 | ETA: 31.8 min
2026-09-12 18:21:02,546 | INFO | Steps: 17408/150000 | Episodes: 34 | LastEpReward: 47.872 | RecentReward: 40.431 | ActorLoss: -3.438429 | CriticLoss: 0.010181 | Q: 3.3983 | TargetQ: 3.3993 | TDAbs: 0.1069 | ActorGrad: 0.0183 | CriticGrad: 0.5188 | Noise: 0.3031 | Replay: 17408 | FPS: 70.09 | ETA: 31.5 min
2026-09-12 18:21:08,496 | INFO | Steps: 17920/150000 | Episodes: 35 | LastEpReward: 44.211 | RecentReward: 40.791 | ActorLoss: -3.545625 | CriticLoss: 0.011768 | Q: 3.5068 | TargetQ: 3.5064 | TDAbs: 0.1144 | ActorGrad: 0.0354 | CriticGrad: 0.5889 | Noise: 0.3017 | Replay: 17920 | FPS: 70.46 | ETA: 31.2 min
2026-09-12 18:21:14,548 | INFO | Steps: 18432/150000 | Episodes: 36 | LastEpReward: 52.988 | RecentReward: 42.482 | ActorLoss: -3.678895 | CriticLoss: 0.012712 | Q: 3.6376 | TargetQ: 3.6377 | TDAbs: 0.1174 | ActorGrad: 0.0308 | CriticGrad: 0.6572 | Noise: 0.3002 | Replay: 18432 | FPS: 70.79 | ETA: 31.0 min
2026-09-12 18:21:20,548 | INFO | Steps: 18944/150000 | Episodes: 37 | LastEpReward: 44.811 | RecentReward: 41.986 | ActorLoss: -3.793903 | CriticLoss: 0.012266 | Q: 3.7503 | TargetQ: 3.7502 | TDAbs: 0.1153 | ActorGrad: 0.0374 | CriticGrad: 0.6353 | Noise: 0.2987 | Replay: 18944 | FPS: 71.12 | ETA: 30.7 min
2026-09-12 18:21:26,753 | INFO | Steps: 19456/150000 | Episodes: 38 | LastEpReward: 45.487 | RecentReward: 42.285 | ActorLoss: -3.919969 | CriticLoss: 0.013423 | Q: 3.8773 | TargetQ: 3.8776 | TDAbs: 0.1226 | ActorGrad: 0.0388 | CriticGrad: 0.7584 | Noise: 0.2973 | Replay: 19456 | FPS: 71.38 | ETA: 30.5 min
2026-09-12 18:21:32,882 | INFO | Steps: 19968/150000 | Episodes: 39 | LastEpReward: 45.935 | RecentReward: 42.345 | ActorLoss: -4.084733 | CriticLoss: 0.015140 | Q: 4.0430 | TargetQ: 4.0439 | TDAbs: 0.1288 | ActorGrad: 0.0325 | CriticGrad: 0.9509 | Noise: 0.2958 | Replay: 19968 | FPS: 71.65 | ETA: 30.2 min
2026-09-12 18:21:39,054 | INFO | 开始周期评估: Steps=20480 | Episodes=40 | EvalEpisodes=5
2026-09-12 18:21:56,086 | INFO | 周期评估完成: Steps=20480 | MeanReward=40.126 | StdReward=5.063
2026-09-12 18:21:56,092 | INFO | Steps: 20480/150000 | Episodes: 40 | LastEpReward: 49.917 | RecentReward: 44.120 | ActorLoss: -4.121361 | CriticLoss: 0.013712 | Q: 4.0770 | TargetQ: 4.0763 | TDAbs: 0.1219 | ActorGrad: 0.0359 | CriticGrad: 0.6034 | Noise: 0.2943 | Replay: 20480 | FPS: 67.83 | ETA: 31.8 min
2026-09-12 18:22:01,984 | INFO | Steps: 20992/150000 | Episodes: 41 | LastEpReward: 36.875 | RecentReward: 44.642 | ActorLoss: -4.256564 | CriticLoss: 0.015027 | Q: 4.2087 | TargetQ: 4.2087 | TDAbs: 0.1280 | ActorGrad: 0.0373 | CriticGrad: 0.7074 | Noise: 0.2929 | Replay: 20992 | FPS: 68.20 | ETA: 31.5 min
2026-09-12 18:22:07,911 | INFO | Steps: 21504/150000 | Episodes: 42 | LastEpReward: 29.905 | RecentReward: 43.649 | ActorLoss: -4.364844 | CriticLoss: 0.017013 | Q: 4.3178 | TargetQ: 4.3165 | TDAbs: 0.1346 | ActorGrad: 0.0357 | CriticGrad: 0.7131 | Noise: 0.2914 | Replay: 21504 | FPS: 68.54 | ETA: 31.2 min
2026-09-12 18:22:13,848 | INFO | Steps: 22016/150000 | Episodes: 43 | LastEpReward: 35.774 | RecentReward: 43.378 | ActorLoss: -4.497517 | CriticLoss: 0.015731 | Q: 4.4547 | TargetQ: 4.4537 | TDAbs: 0.1320 | ActorGrad: 0.0436 | CriticGrad: 0.9059 | Noise: 0.2900 | Replay: 22016 | FPS: 68.87 | ETA: 31.0 min
2026-09-12 18:22:19,838 | INFO | Steps: 22528/150000 | Episodes: 44 | LastEpReward: 36.649 | RecentReward: 42.255 | ActorLoss: -4.584660 | CriticLoss: 0.016995 | Q: 4.5435 | TargetQ: 4.5431 | TDAbs: 0.1366 | ActorGrad: 0.0382 | CriticGrad: 0.7653 | Noise: 0.2885 | Replay: 22528 | FPS: 69.18 | ETA: 30.7 min
2026-09-12 18:22:25,958 | INFO | Steps: 23040/150000 | Episodes: 45 | LastEpReward: 43.334 | RecentReward: 42.168 | ActorLoss: -4.705441 | CriticLoss: 0.017042 | Q: 4.6607 | TargetQ: 4.6611 | TDAbs: 0.1380 | ActorGrad: 0.0455 | CriticGrad: 0.7731 | Noise: 0.2870 | Replay: 23040 | FPS: 69.44 | ETA: 30.5 min
2026-09-12 18:22:31,979 | INFO | Steps: 23552/150000 | Episodes: 46 | LastEpReward: 41.046 | RecentReward: 40.973 | ActorLoss: -4.844605 | CriticLoss: 0.018282 | Q: 4.8024 | TargetQ: 4.8029 | TDAbs: 0.1392 | ActorGrad: 0.0445 | CriticGrad: 0.8038 | Noise: 0.2856 | Replay: 23552 | FPS: 69.72 | ETA: 30.2 min
2026-09-12 18:22:37,959 | INFO | Steps: 24064/150000 | Episodes: 47 | LastEpReward: 54.067 | RecentReward: 41.899 | ActorLoss: -4.943909 | CriticLoss: 0.017736 | Q: 4.9045 | TargetQ: 4.9028 | TDAbs: 0.1383 | ActorGrad: 0.0437 | CriticGrad: 0.8198 | Noise: 0.2841 | Replay: 24064 | FPS: 70.00 | ETA: 30.0 min
2026-09-12 18:22:44,066 | INFO | Steps: 24576/150000 | Episodes: 48 | LastEpReward: 34.071 | RecentReward: 40.757 | ActorLoss: -4.952185 | CriticLoss: 0.020710 | Q: 4.9126 | TargetQ: 4.9129 | TDAbs: 0.1500 | ActorGrad: 0.0420 | CriticGrad: 0.9821 | Noise: 0.2826 | Replay: 24576 | FPS: 70.24 | ETA: 29.8 min
2026-09-12 18:22:50,049 | INFO | Steps: 25088/150000 | Episodes: 49 | LastEpReward: 38.408 | RecentReward: 40.005 | ActorLoss: -5.074160 | CriticLoss: 0.019405 | Q: 5.0355 | TargetQ: 5.0361 | TDAbs: 0.1462 | ActorGrad: 0.0449 | CriticGrad: 0.7998 | Noise: 0.2812 | Replay: 25088 | FPS: 70.50 | ETA: 29.5 min
2026-09-12 18:22:56,137 | INFO | 开始周期评估: Steps=25600 | Episodes=50 | EvalEpisodes=5
2026-09-12 18:23:13,189 | INFO | 周期评估完成: Steps=25600 | MeanReward=39.923 | StdReward=5.940
2026-09-12 18:23:13,195 | INFO | Steps: 25600/150000 | Episodes: 50 | LastEpReward: 44.606 | RecentReward: 39.474 | ActorLoss: -5.156918 | CriticLoss: 0.019448 | Q: 5.1199 | TargetQ: 5.1212 | TDAbs: 0.1476 | ActorGrad: 0.0419 | CriticGrad: 0.9577 | Noise: 0.2797 | Replay: 25600 | FPS: 67.54 | ETA: 30.7 min
2026-09-12 18:23:19,233 | INFO | Steps: 26112/150000 | Episodes: 51 | LastEpReward: 37.795 | RecentReward: 39.565 | ActorLoss: -5.263212 | CriticLoss: 0.019793 | Q: 5.2229 | TargetQ: 5.2242 | TDAbs: 0.1479 | ActorGrad: 0.0440 | CriticGrad: 1.0405 | Noise: 0.2783 | Replay: 26112 | FPS: 67.81 | ETA: 30.4 min
2026-09-12 18:23:25,461 | INFO | Steps: 26624/150000 | Episodes: 52 | LastEpReward: 34.801 | RecentReward: 40.055 | ActorLoss: -5.313785 | CriticLoss: 0.021251 | Q: 5.2777 | TargetQ: 5.2749 | TDAbs: 0.1483 | ActorGrad: 0.0542 | CriticGrad: 0.8617 | Noise: 0.2768 | Replay: 26624 | FPS: 68.04 | ETA: 30.2 min
2026-09-12 18:23:31,559 | INFO | Steps: 27136/150000 | Episodes: 53 | LastEpReward: 46.189 | RecentReward: 41.096 | ActorLoss: -5.386493 | CriticLoss: 0.020960 | Q: 5.3485 | TargetQ: 5.3478 | TDAbs: 0.1502 | ActorGrad: 0.0414 | CriticGrad: 0.8077 | Noise: 0.2753 | Replay: 27136 | FPS: 68.29 | ETA: 30.0 min
2026-09-12 18:23:37,575 | INFO | Steps: 27648/150000 | Episodes: 54 | LastEpReward: 30.064 | RecentReward: 40.438 | ActorLoss: -5.470239 | CriticLoss: 0.022629 | Q: 5.4340 | TargetQ: 5.4321 | TDAbs: 0.1573 | ActorGrad: 0.0486 | CriticGrad: 1.0692 | Noise: 0.2739 | Replay: 27648 | FPS: 68.54 | ETA: 29.8 min
2026-09-12 18:23:43,629 | INFO | Steps: 28160/150000 | Episodes: 55 | LastEpReward: 40.123 | RecentReward: 40.117 | ActorLoss: -5.555529 | CriticLoss: 0.022671 | Q: 5.5199 | TargetQ: 5.5195 | TDAbs: 0.1556 | ActorGrad: 0.0505 | CriticGrad: 1.0181 | Noise: 0.2724 | Replay: 28160 | FPS: 68.78 | ETA: 29.5 min
2026-09-12 18:23:49,672 | INFO | Steps: 28672/150000 | Episodes: 56 | LastEpReward: 38.844 | RecentReward: 39.897 | ActorLoss: -5.613441 | CriticLoss: 0.022000 | Q: 5.5781 | TargetQ: 5.5767 | TDAbs: 0.1543 | ActorGrad: 0.0412 | CriticGrad: 0.8607 | Noise: 0.2709 | Replay: 28672 | FPS: 69.01 | ETA: 29.3 min
2026-09-12 18:23:55,585 | INFO | Steps: 29184/150000 | Episodes: 57 | LastEpReward: 37.490 | RecentReward: 38.239 | ActorLoss: -5.650007 | CriticLoss: 0.023916 | Q: 5.6158 | TargetQ: 5.6121 | TDAbs: 0.1607 | ActorGrad: 0.0405 | CriticGrad: 0.9724 | Noise: 0.2695 | Replay: 29184 | FPS: 69.25 | ETA: 29.1 min
2026-09-12 18:24:01,519 | INFO | Steps: 29696/150000 | Episodes: 58 | LastEpReward: 39.189 | RecentReward: 38.751 | ActorLoss: -5.719380 | CriticLoss: 0.023415 | Q: 5.6854 | TargetQ: 5.6847 | TDAbs: 0.1571 | ActorGrad: 0.0493 | CriticGrad: 1.0160 | Noise: 0.2680 | Replay: 29696 | FPS: 69.49 | ETA: 28.9 min
2026-09-12 18:24:07,533 | INFO | Steps: 30208/150000 | Episodes: 59 | LastEpReward: 42.994 | RecentReward: 39.209 | ActorLoss: -5.777943 | CriticLoss: 0.023070 | Q: 5.7447 | TargetQ: 5.7446 | TDAbs: 0.1580 | ActorGrad: 0.0528 | CriticGrad: 0.9876 | Noise: 0.2665 | Replay: 30208 | FPS: 69.71 | ETA: 28.6 min
2026-09-12 18:24:13,433 | INFO | 开始周期评估: Steps=30720 | Episodes=60 | EvalEpisodes=5
2026-09-12 18:24:30,497 | INFO | 周期评估完成: Steps=30720 | MeanReward=39.798 | StdReward=4.966
2026-09-12 18:24:30,504 | INFO | Steps: 30720/150000 | Episodes: 60 | LastEpReward: 35.393 | RecentReward: 38.288 | ActorLoss: -5.854301 | CriticLoss: 0.023464 | Q: 5.8198 | TargetQ: 5.8199 | TDAbs: 0.1591 | ActorGrad: 0.0520 | CriticGrad: 1.1544 | Noise: 0.2651 | Replay: 30720 | FPS: 67.32 | ETA: 29.5 min
2026-09-12 18:24:36,731 | INFO | Steps: 31232/150000 | Episodes: 61 | LastEpReward: 28.990 | RecentReward: 37.408 | ActorLoss: -5.922699 | CriticLoss: 0.023825 | Q: 5.8884 | TargetQ: 5.8877 | TDAbs: 0.1635 | ActorGrad: 0.0488 | CriticGrad: 1.2653 | Noise: 0.2636 | Replay: 31232 | FPS: 67.52 | ETA: 29.3 min
2026-09-12 18:24:42,793 | INFO | Steps: 31744/150000 | Episodes: 62 | LastEpReward: 31.415 | RecentReward: 37.069 | ActorLoss: -5.955431 | CriticLoss: 0.026426 | Q: 5.9231 | TargetQ: 5.9205 | TDAbs: 0.1677 | ActorGrad: 0.0507 | CriticGrad: 1.0686 | Noise: 0.2622 | Replay: 31744 | FPS: 67.74 | ETA: 29.1 min
2026-09-12 18:24:48,930 | INFO | Steps: 32256/150000 | Episodes: 63 | LastEpReward: 45.102 | RecentReward: 36.960 | ActorLoss: -6.003780 | CriticLoss: 0.025613 | Q: 5.9652 | TargetQ: 5.9648 | TDAbs: 0.1655 | ActorGrad: 0.0589 | CriticGrad: 0.9557 | Noise: 0.2607 | Replay: 32256 | FPS: 67.94 | ETA: 28.9 min
2026-09-12 18:24:55,128 | INFO | Steps: 32768/150000 | Episodes: 64 | LastEpReward: 37.759 | RecentReward: 37.730 | ActorLoss: -6.082362 | CriticLoss: 0.024490 | Q: 6.0479 | TargetQ: 6.0486 | TDAbs: 0.1638 | ActorGrad: 0.0541 | CriticGrad: 1.2412 | Noise: 0.2592 | Replay: 32768 | FPS: 68.13 | ETA: 28.7 min
2026-09-12 18:25:01,154 | INFO | Steps: 33280/150000 | Episodes: 65 | LastEpReward: 42.991 | RecentReward: 38.017 | ActorLoss: -6.132286 | CriticLoss: 0.026563 | Q: 6.0984 | TargetQ: 6.0965 | TDAbs: 0.1704 | ActorGrad: 0.0556 | CriticGrad: 1.2454 | Noise: 0.2578 | Replay: 33280 | FPS: 68.34 | ETA: 28.5 min
2026-09-12 18:25:07,334 | INFO | Steps: 33792/150000 | Episodes: 66 | LastEpReward: 34.710 | RecentReward: 37.603 | ActorLoss: -6.192835 | CriticLoss: 0.027209 | Q: 6.1592 | TargetQ: 6.1581 | TDAbs: 0.1711 | ActorGrad: 0.0502 | CriticGrad: 1.1151 | Noise: 0.2563 | Replay: 33792 | FPS: 68.52 | ETA: 28.3 min
2026-09-12 18:25:13,499 | INFO | Steps: 34304/150000 | Episodes: 67 | LastEpReward: 35.150 | RecentReward: 37.369 | ActorLoss: -6.274056 | CriticLoss: 0.026383 | Q: 6.2382 | TargetQ: 6.2353 | TDAbs: 0.1685 | ActorGrad: 0.0527 | CriticGrad: 1.0886 | Noise: 0.2548 | Replay: 34304 | FPS: 68.70 | ETA: 28.1 min
2026-09-12 18:25:19,554 | INFO | Steps: 34816/150000 | Episodes: 68 | LastEpReward: 46.754 | RecentReward: 38.126 | ActorLoss: -6.248376 | CriticLoss: 0.025279 | Q: 6.2129 | TargetQ: 6.2108 | TDAbs: 0.1694 | ActorGrad: 0.0482 | CriticGrad: 1.3232 | Noise: 0.2534 | Replay: 34816 | FPS: 68.89 | ETA: 27.9 min
2026-09-12 18:25:25,905 | INFO | Steps: 35328/150000 | Episodes: 69 | LastEpReward: 36.800 | RecentReward: 37.506 | ActorLoss: -6.420953 | CriticLoss: 0.027160 | Q: 6.3826 | TargetQ: 6.3826 | TDAbs: 0.1689 | ActorGrad: 0.0450 | CriticGrad: 0.9603 | Noise: 0.2519 | Replay: 35328 | FPS: 69.04 | ETA: 27.7 min
2026-09-12 18:25:31,990 | INFO | 开始周期评估: Steps=35840 | Episodes=70 | EvalEpisodes=5
2026-09-12 18:25:49,089 | INFO | 周期评估完成: Steps=35840 | MeanReward=40.026 | StdReward=5.058
2026-09-12 18:25:49,096 | INFO | Steps: 35840/150000 | Episodes: 70 | LastEpReward: 31.109 | RecentReward: 37.078 | ActorLoss: -6.409184 | CriticLoss: 0.026201 | Q: 6.3716 | TargetQ: 6.3728 | TDAbs: 0.1673 | ActorGrad: 0.0430 | CriticGrad: 1.0483 | Noise: 0.2505 | Replay: 35840 | FPS: 67.00 | ETA: 28.4 min
2026-09-12 18:25:55,062 | INFO | Steps: 36352/150000 | Episodes: 71 | LastEpReward: 39.220 | RecentReward: 38.101 | ActorLoss: -6.502639 | CriticLoss: 0.024508 | Q: 6.4662 | TargetQ: 6.4615 | TDAbs: 0.1663 | ActorGrad: 0.0403 | CriticGrad: 1.2980 | Noise: 0.2490 | Replay: 36352 | FPS: 67.21 | ETA: 28.2 min
2026-09-12 18:26:01,038 | INFO | Steps: 36864/150000 | Episodes: 72 | LastEpReward: 35.771 | RecentReward: 38.537 | ActorLoss: -6.572600 | CriticLoss: 0.026704 | Q: 6.5383 | TargetQ: 6.5370 | TDAbs: 0.1695 | ActorGrad: 0.0447 | CriticGrad: 1.0880 | Noise: 0.2475 | Replay: 36864 | FPS: 67.41 | ETA: 28.0 min
2026-09-12 18:26:07,184 | INFO | Steps: 37376/150000 | Episodes: 73 | LastEpReward: 44.180 | RecentReward: 38.444 | ActorLoss: -6.601052 | CriticLoss: 0.025533 | Q: 6.5657 | TargetQ: 6.5655 | TDAbs: 0.1670 | ActorGrad: 0.0454 | CriticGrad: 1.0085 | Noise: 0.2461 | Replay: 37376 | FPS: 67.59 | ETA: 27.8 min
2026-09-12 18:26:13,411 | INFO | Steps: 37888/150000 | Episodes: 74 | LastEpReward: 48.621 | RecentReward: 39.531 | ActorLoss: -6.617159 | CriticLoss: 0.028776 | Q: 6.5814 | TargetQ: 6.5743 | TDAbs: 0.1765 | ActorGrad: 0.0493 | CriticGrad: 1.3387 | Noise: 0.2446 | Replay: 37888 | FPS: 67.75 | ETA: 27.6 min
2026-09-12 18:26:19,689 | INFO | Steps: 38400/150000 | Episodes: 75 | LastEpReward: 40.810 | RecentReward: 39.312 | ActorLoss: -6.689585 | CriticLoss: 0.029869 | Q: 6.6556 | TargetQ: 6.6546 | TDAbs: 0.1762 | ActorGrad: 0.0499 | CriticGrad: 0.9859 | Noise: 0.2431 | Replay: 38400 | FPS: 67.90 | ETA: 27.4 min
2026-09-12 18:26:25,866 | INFO | Steps: 38912/150000 | Episodes: 76 | LastEpReward: 40.012 | RecentReward: 39.843 | ActorLoss: -6.690623 | CriticLoss: 0.028744 | Q: 6.6586 | TargetQ: 6.6579 | TDAbs: 0.1772 | ActorGrad: 0.0488 | CriticGrad: 1.0699 | Noise: 0.2417 | Replay: 38912 | FPS: 68.07 | ETA: 27.2 min
2026-09-12 18:26:32,043 | INFO | Steps: 39424/150000 | Episodes: 77 | LastEpReward: 40.561 | RecentReward: 40.384 | ActorLoss: -6.738501 | CriticLoss: 0.027416 | Q: 6.7035 | TargetQ: 6.7045 | TDAbs: 0.1731 | ActorGrad: 0.0444 | CriticGrad: 1.1592 | Noise: 0.2402 | Replay: 39424 | FPS: 68.22 | ETA: 27.0 min
2026-09-12 18:26:38,322 | INFO | Steps: 39936/150000 | Episodes: 78 | LastEpReward: 36.329 | RecentReward: 39.341 | ActorLoss: -6.792684 | CriticLoss: 0.030005 | Q: 6.7616 | TargetQ: 6.7583 | TDAbs: 0.1760 | ActorGrad: 0.0435 | CriticGrad: 1.1927 | Noise: 0.2388 | Replay: 39936 | FPS: 68.37 | ETA: 26.8 min
2026-09-12 18:26:44,435 | INFO | Steps: 40448/150000 | Episodes: 79 | LastEpReward: 38.956 | RecentReward: 39.557 | ActorLoss: -6.819188 | CriticLoss: 0.028738 | Q: 6.7892 | TargetQ: 6.7868 | TDAbs: 0.1773 | ActorGrad: 0.0461 | CriticGrad: 1.1360 | Noise: 0.2373 | Replay: 40448 | FPS: 68.53 | ETA: 26.6 min
2026-09-12 18:26:50,621 | INFO | 开始周期评估: Steps=40960 | Episodes=80 | EvalEpisodes=5
2026-09-12 18:27:07,724 | INFO | 周期评估完成: Steps=40960 | MeanReward=38.981 | StdReward=5.260
2026-09-12 18:27:07,730 | INFO | Steps: 40960/150000 | Episodes: 80 | LastEpReward: 38.683 | RecentReward: 40.314 | ActorLoss: -6.923414 | CriticLoss: 0.028352 | Q: 6.8920 | TargetQ: 6.8892 | TDAbs: 0.1735 | ActorGrad: 0.0377 | CriticGrad: 1.1275 | Noise: 0.2358 | Replay: 40960 | FPS: 66.76 | ETA: 27.2 min
2026-09-12 18:27:13,793 | INFO | Steps: 41472/150000 | Episodes: 81 | LastEpReward: 51.684 | RecentReward: 41.561 | ActorLoss: -6.873618 | CriticLoss: 0.030452 | Q: 6.8416 | TargetQ: 6.8405 | TDAbs: 0.1795 | ActorGrad: 0.0518 | CriticGrad: 1.1774 | Noise: 0.2344 | Replay: 41472 | FPS: 66.93 | ETA: 27.0 min
2026-09-12 18:27:19,866 | INFO | Steps: 41984/150000 | Episodes: 82 | LastEpReward: 46.919 | RecentReward: 42.676 | ActorLoss: -6.979101 | CriticLoss: 0.029756 | Q: 6.9468 | TargetQ: 6.9439 | TDAbs: 0.1766 | ActorGrad: 0.0458 | CriticGrad: 1.1969 | Noise: 0.2329 | Replay: 41984 | FPS: 67.10 | ETA: 26.8 min
2026-09-12 18:27:26,031 | INFO | Steps: 42496/150000 | Episodes: 83 | LastEpReward: 45.498 | RecentReward: 42.807 | ActorLoss: -6.987453 | CriticLoss: 0.029785 | Q: 6.9540 | TargetQ: 6.9531 | TDAbs: 0.1773 | ActorGrad: 0.0551 | CriticGrad: 1.1085 | Noise: 0.2314 | Replay: 42496 | FPS: 67.26 | ETA: 26.6 min
2026-09-12 18:27:32,119 | INFO | Steps: 43008/150000 | Episodes: 84 | LastEpReward: 39.215 | RecentReward: 41.867 | ActorLoss: -6.982015 | CriticLoss: 0.030208 | Q: 6.9506 | TargetQ: 6.9500 | TDAbs: 0.1790 | ActorGrad: 0.0462 | CriticGrad: 1.2169 | Noise: 0.2300 | Replay: 43008 | FPS: 67.42 | ETA: 26.5 min
2026-09-12 18:27:38,231 | INFO | Steps: 43520/150000 | Episodes: 85 | LastEpReward: 27.297 | RecentReward: 40.515 | ActorLoss: -7.059206 | CriticLoss: 0.030673 | Q: 7.0280 | TargetQ: 7.0285 | TDAbs: 0.1817 | ActorGrad: 0.0480 | CriticGrad: 1.1771 | Noise: 0.2285 | Replay: 43520 | FPS: 67.57 | ETA: 26.3 min
2026-09-12 18:27:44,268 | INFO | Steps: 44032/150000 | Episodes: 86 | LastEpReward: 44.505 | RecentReward: 40.965 | ActorLoss: -7.107132 | CriticLoss: 0.031280 | Q: 7.0784 | TargetQ: 7.0778 | TDAbs: 0.1818 | ActorGrad: 0.0534 | CriticGrad: 1.1737 | Noise: 0.2271 | Replay: 44032 | FPS: 67.73 | ETA: 26.1 min
2026-09-12 18:27:50,429 | INFO | Steps: 44544/150000 | Episodes: 87 | LastEpReward: 35.601 | RecentReward: 40.469 | ActorLoss: -7.071991 | CriticLoss: 0.032542 | Q: 7.0432 | TargetQ: 7.0423 | TDAbs: 0.1823 | ActorGrad: 0.0423 | CriticGrad: 1.3537 | Noise: 0.2256 | Replay: 44544 | FPS: 67.88 | ETA: 25.9 min
2026-09-12 18:27:56,419 | INFO | Steps: 45056/150000 | Episodes: 88 | LastEpReward: 36.593 | RecentReward: 40.495 | ActorLoss: -7.098933 | CriticLoss: 0.029963 | Q: 7.0697 | TargetQ: 7.0680 | TDAbs: 0.1787 | ActorGrad: 0.0359 | CriticGrad: 1.1112 | Noise: 0.2241 | Replay: 45056 | FPS: 68.04 | ETA: 25.7 min
2026-09-12 18:28:02,398 | INFO | Steps: 45568/150000 | Episodes: 89 | LastEpReward: 37.918 | RecentReward: 40.391 | ActorLoss: -7.150718 | CriticLoss: 0.029308 | Q: 7.1199 | TargetQ: 7.1174 | TDAbs: 0.1797 | ActorGrad: 0.0355 | CriticGrad: 1.2466 | Noise: 0.2227 | Replay: 45568 | FPS: 68.19 | ETA: 25.5 min
2026-09-12 18:28:08,581 | INFO | 开始周期评估: Steps=46080 | Episodes=90 | EvalEpisodes=5
2026-09-12 18:28:25,763 | INFO | 周期评估完成: Steps=46080 | MeanReward=39.104 | StdReward=5.685
2026-09-12 18:28:25,768 | INFO | Steps: 46080/150000 | Episodes: 90 | LastEpReward: 39.532 | RecentReward: 40.476 | ActorLoss: -7.215788 | CriticLoss: 0.030703 | Q: 7.1877 | TargetQ: 7.1854 | TDAbs: 0.1799 | ActorGrad: 0.0400 | CriticGrad: 1.0602 | Noise: 0.2212 | Replay: 46080 | FPS: 66.63 | ETA: 26.0 min
2026-09-12 18:28:32,037 | INFO | Steps: 46592/150000 | Episodes: 91 | LastEpReward: 49.251 | RecentReward: 40.233 | ActorLoss: -7.252053 | CriticLoss: 0.028102 | Q: 7.2236 | TargetQ: 7.2235 | TDAbs: 0.1753 | ActorGrad: 0.0417 | CriticGrad: 1.1484 | Noise: 0.2197 | Replay: 46592 | FPS: 66.76 | ETA: 25.8 min
2026-09-12 18:28:38,098 | INFO | Steps: 47104/150000 | Episodes: 92 | LastEpReward: 50.549 | RecentReward: 40.596 | ActorLoss: -7.233445 | CriticLoss: 0.030716 | Q: 7.2035 | TargetQ: 7.1998 | TDAbs: 0.1817 | ActorGrad: 0.0488 | CriticGrad: 1.3975 | Noise: 0.2183 | Replay: 47104 | FPS: 66.92 | ETA: 25.6 min
2026-09-12 18:28:44,365 | INFO | Steps: 47616/150000 | Episodes: 93 | LastEpReward: 35.826 | RecentReward: 39.629 | ActorLoss: -7.267770 | CriticLoss: 0.031111 | Q: 7.2401 | TargetQ: 7.2373 | TDAbs: 0.1833 | ActorGrad: 0.0385 | CriticGrad: 1.0691 | Noise: 0.2168 | Replay: 47616 | FPS: 67.05 | ETA: 25.5 min
2026-09-12 18:28:50,417 | INFO | Steps: 48128/150000 | Episodes: 94 | LastEpReward: 34.056 | RecentReward: 39.113 | ActorLoss: -7.286729 | CriticLoss: 0.030301 | Q: 7.2575 | TargetQ: 7.2581 | TDAbs: 0.1809 | ActorGrad: 0.0503 | CriticGrad: 1.0759 | Noise: 0.2153 | Replay: 48128 | FPS: 67.20 | ETA: 25.3 min
2026-09-12 18:28:56,532 | INFO | Steps: 48640/150000 | Episodes: 95 | LastEpReward: 37.807 | RecentReward: 40.164 | ActorLoss: -7.339331 | CriticLoss: 0.031867 | Q: 7.3092 | TargetQ: 7.3041 | TDAbs: 0.1814 | ActorGrad: 0.0475 | CriticGrad: 1.1211 | Noise: 0.2139 | Replay: 48640 | FPS: 67.34 | ETA: 25.1 min
2026-09-12 18:29:02,617 | INFO | Steps: 49152/150000 | Episodes: 96 | LastEpReward: 43.310 | RecentReward: 40.044 | ActorLoss: -7.348389 | CriticLoss: 0.032099 | Q: 7.3195 | TargetQ: 7.3141 | TDAbs: 0.1839 | ActorGrad: 0.0519 | CriticGrad: 1.0893 | Noise: 0.2124 | Replay: 49152 | FPS: 67.48 | ETA: 24.9 min
2026-09-12 18:29:08,671 | INFO | Steps: 49664/150000 | Episodes: 97 | LastEpReward: 39.068 | RecentReward: 40.391 | ActorLoss: -7.386498 | CriticLoss: 0.032234 | Q: 7.3586 | TargetQ: 7.3530 | TDAbs: 0.1843 | ActorGrad: 0.0468 | CriticGrad: 1.2623 | Noise: 0.2110 | Replay: 49664 | FPS: 67.62 | ETA: 24.7 min
2026-09-12 18:29:14,921 | INFO | Steps: 50176/150000 | Episodes: 98 | LastEpReward: 24.985 | RecentReward: 39.230 | ActorLoss: -7.334162 | CriticLoss: 0.031929 | Q: 7.3096 | TargetQ: 7.3108 | TDAbs: 0.1831 | ActorGrad: 0.0445 | CriticGrad: 1.2514 | Noise: 0.2095 | Replay: 50000 | FPS: 67.74 | ETA: 24.6 min
2026-09-12 18:29:21,191 | INFO | Steps: 50688/150000 | Episodes: 99 | LastEpReward: 41.277 | RecentReward: 39.566 | ActorLoss: -7.384547 | CriticLoss: 0.029528 | Q: 7.3574 | TargetQ: 7.3578 | TDAbs: 0.1806 | ActorGrad: 0.0516 | CriticGrad: 1.1873 | Noise: 0.2080 | Replay: 50000 | FPS: 67.85 | ETA: 24.4 min
2026-09-12 18:29:27,283 | INFO | 开始周期评估: Steps=51200 | Episodes=100 | EvalEpisodes=5
2026-09-12 18:29:44,411 | INFO | 周期评估完成: Steps=51200 | MeanReward=39.086 | StdReward=5.586
2026-09-12 18:29:44,418 | INFO | Steps: 51200/150000 | Episodes: 100 | LastEpReward: 44.236 | RecentReward: 40.036 | ActorLoss: -7.453345 | CriticLoss: 0.030368 | Q: 7.4285 | TargetQ: 7.4255 | TDAbs: 0.1808 | ActorGrad: 0.0508 | CriticGrad: 1.0418 | Noise: 0.2066 | Replay: 50000 | FPS: 66.47 | ETA: 24.8 min
2026-09-12 18:29:50,478 | INFO | Steps: 51712/150000 | Episodes: 101 | LastEpReward: 30.920 | RecentReward: 38.203 | ActorLoss: -7.508845 | CriticLoss: 0.030392 | Q: 7.4837 | TargetQ: 7.4811 | TDAbs: 0.1794 | ActorGrad: 0.0638 | CriticGrad: 1.0867 | Noise: 0.2051 | Replay: 50000 | FPS: 66.61 | ETA: 24.6 min
2026-09-12 18:29:56,537 | INFO | Steps: 52224/150000 | Episodes: 102 | LastEpReward: 27.091 | RecentReward: 35.858 | ActorLoss: -7.607744 | CriticLoss: 0.031024 | Q: 7.5849 | TargetQ: 7.5820 | TDAbs: 0.1859 | ActorGrad: 0.0520 | CriticGrad: 1.4434 | Noise: 0.2036 | Replay: 50000 | FPS: 66.75 | ETA: 24.4 min
2026-09-12 18:30:02,638 | INFO | Steps: 52736/150000 | Episodes: 103 | LastEpReward: 39.125 | RecentReward: 36.188 | ActorLoss: -7.674897 | CriticLoss: 0.029447 | Q: 7.6540 | TargetQ: 7.6497 | TDAbs: 0.1793 | ActorGrad: 0.0540 | CriticGrad: 1.0038 | Noise: 0.2022 | Replay: 50000 | FPS: 66.88 | ETA: 24.2 min
2026-09-12 18:30:08,745 | INFO | Steps: 53248/150000 | Episodes: 104 | LastEpReward: 54.771 | RecentReward: 38.259 | ActorLoss: -7.794434 | CriticLoss: 0.034164 | Q: 7.7751 | TargetQ: 7.7712 | TDAbs: 0.1864 | ActorGrad: 0.0611 | CriticGrad: 1.2168 | Noise: 0.2007 | Replay: 50000 | FPS: 67.02 | ETA: 24.1 min
2026-09-12 18:30:14,881 | INFO | Steps: 53760/150000 | Episodes: 105 | LastEpReward: 44.329 | RecentReward: 38.911 | ActorLoss: -7.859541 | CriticLoss: 0.030416 | Q: 7.8437 | TargetQ: 7.8411 | TDAbs: 0.1803 | ActorGrad: 0.0621 | CriticGrad: 1.1624 | Noise: 0.1993 | Replay: 50000 | FPS: 67.14 | ETA: 23.9 min
2026-09-12 18:30:20,952 | INFO | Steps: 54272/150000 | Episodes: 106 | LastEpReward: 36.202 | RecentReward: 38.200 | ActorLoss: -7.844949 | CriticLoss: 0.032414 | Q: 7.8298 | TargetQ: 7.8246 | TDAbs: 0.1818 | ActorGrad: 0.0620 | CriticGrad: 1.1071 | Noise: 0.1978 | Replay: 50000 | FPS: 67.27 | ETA: 23.7 min
2026-09-12 18:30:26,953 | INFO | Steps: 54784/150000 | Episodes: 107 | LastEpReward: 39.625 | RecentReward: 38.256 | ActorLoss: -7.899231 | CriticLoss: 0.032006 | Q: 7.8833 | TargetQ: 7.8790 | TDAbs: 0.1842 | ActorGrad: 0.0567 | CriticGrad: 1.4017 | Noise: 0.1963 | Replay: 50000 | FPS: 67.40 | ETA: 23.5 min
2026-09-12 18:30:33,032 | INFO | Steps: 55296/150000 | Episodes: 108 | LastEpReward: 51.511 | RecentReward: 40.909 | ActorLoss: -7.896628 | CriticLoss: 0.032753 | Q: 7.8800 | TargetQ: 7.8772 | TDAbs: 0.1825 | ActorGrad: 0.0560 | CriticGrad: 1.1067 | Noise: 0.1949 | Replay: 50000 | FPS: 67.53 | ETA: 23.4 min
2026-09-12 18:30:39,220 | INFO | Steps: 55808/150000 | Episodes: 109 | LastEpReward: 24.107 | RecentReward: 39.192 | ActorLoss: -7.879271 | CriticLoss: 0.030110 | Q: 7.8624 | TargetQ: 7.8594 | TDAbs: 0.1789 | ActorGrad: 0.0596 | CriticGrad: 1.1961 | Noise: 0.1934 | Replay: 50000 | FPS: 67.64 | ETA: 23.2 min
2026-09-12 18:30:45,260 | INFO | 开始周期评估: Steps=56320 | Episodes=110 | EvalEpisodes=5
2026-09-12 18:31:02,394 | INFO | 周期评估完成: Steps=56320 | MeanReward=39.875 | StdReward=6.161
2026-09-12 18:31:02,400 | INFO | Steps: 56320/150000 | Episodes: 110 | LastEpReward: 42.142 | RecentReward: 38.982 | ActorLoss: -7.910763 | CriticLoss: 0.029672 | Q: 7.8938 | TargetQ: 7.8914 | TDAbs: 0.1795 | ActorGrad: 0.0543 | CriticGrad: 1.1557 | Noise: 0.1919 | Replay: 50000 | FPS: 66.40 | ETA: 23.5 min
2026-09-12 18:31:08,437 | INFO | Steps: 56832/150000 | Episodes: 111 | LastEpReward: 38.588 | RecentReward: 39.749 | ActorLoss: -7.926760 | CriticLoss: 0.030243 | Q: 7.9093 | TargetQ: 7.9078 | TDAbs: 0.1801 | ActorGrad: 0.0606 | CriticGrad: 1.0877 | Noise: 0.1905 | Replay: 50000 | FPS: 66.53 | ETA: 23.3 min
2026-09-12 18:31:14,569 | INFO | Steps: 57344/150000 | Episodes: 112 | LastEpReward: 49.355 | RecentReward: 41.976 | ActorLoss: -7.993663 | CriticLoss: 0.029193 | Q: 7.9772 | TargetQ: 7.9730 | TDAbs: 0.1791 | ActorGrad: 0.0543 | CriticGrad: 1.4347 | Noise: 0.1890 | Replay: 50000 | FPS: 66.65 | ETA: 23.2 min
2026-09-12 18:31:20,702 | INFO | Steps: 57856/150000 | Episodes: 113 | LastEpReward: 25.412 | RecentReward: 40.604 | ActorLoss: -8.004714 | CriticLoss: 0.032290 | Q: 7.9888 | TargetQ: 7.9866 | TDAbs: 0.1824 | ActorGrad: 0.0711 | CriticGrad: 1.2737 | Noise: 0.1876 | Replay: 50000 | FPS: 66.77 | ETA: 23.0 min
2026-09-12 18:31:26,823 | INFO | Steps: 58368/150000 | Episodes: 114 | LastEpReward: 45.908 | RecentReward: 39.718 | ActorLoss: -7.960298 | CriticLoss: 0.033002 | Q: 7.9464 | TargetQ: 7.9442 | TDAbs: 0.1851 | ActorGrad: 0.0591 | CriticGrad: 1.1106 | Noise: 0.1861 | Replay: 50000 | FPS: 66.89 | ETA: 22.8 min
2026-09-12 18:31:32,920 | INFO | Steps: 58880/150000 | Episodes: 115 | LastEpReward: 41.226 | RecentReward: 39.408 | ActorLoss: -7.967535 | CriticLoss: 0.032018 | Q: 7.9536 | TargetQ: 7.9523 | TDAbs: 0.1846 | ActorGrad: 0.0704 | CriticGrad: 1.2818 | Noise: 0.1846 | Replay: 50000 | FPS: 67.00 | ETA: 22.7 min
2026-09-12 18:31:38,958 | INFO | Steps: 59392/150000 | Episodes: 116 | LastEpReward: 36.966 | RecentReward: 39.484 | ActorLoss: -8.019533 | CriticLoss: 0.030830 | Q: 8.0042 | TargetQ: 7.9991 | TDAbs: 0.1840 | ActorGrad: 0.0679 | CriticGrad: 1.3052 | Noise: 0.1832 | Replay: 50000 | FPS: 67.13 | ETA: 22.5 min
2026-09-12 18:31:45,014 | INFO | Steps: 59904/150000 | Episodes: 117 | LastEpReward: 46.982 | RecentReward: 40.220 | ActorLoss: -8.017471 | CriticLoss: 0.032368 | Q: 8.0016 | TargetQ: 7.9984 | TDAbs: 0.1830 | ActorGrad: 0.0602 | CriticGrad: 1.1905 | Noise: 0.1817 | Replay: 50000 | FPS: 67.24 | ETA: 22.3 min
2026-09-12 18:31:51,136 | INFO | Steps: 60416/150000 | Episodes: 118 | LastEpReward: 52.927 | RecentReward: 40.361 | ActorLoss: -8.004532 | CriticLoss: 0.034000 | Q: 7.9886 | TargetQ: 7.9839 | TDAbs: 0.1849 | ActorGrad: 0.0709 | CriticGrad: 1.0030 | Noise: 0.1802 | Replay: 50000 | FPS: 67.36 | ETA: 22.2 min
2026-09-12 18:31:57,234 | INFO | Steps: 60928/150000 | Episodes: 119 | LastEpReward: 40.117 | RecentReward: 41.962 | ActorLoss: -8.086067 | CriticLoss: 0.030097 | Q: 8.0726 | TargetQ: 8.0718 | TDAbs: 0.1812 | ActorGrad: 0.0585 | CriticGrad: 1.2342 | Noise: 0.1788 | Replay: 50000 | FPS: 67.47 | ETA: 22.0 min
2026-09-12 18:32:03,301 | INFO | 开始周期评估: Steps=61440 | Episodes=120 | EvalEpisodes=5
2026-09-12 18:32:20,470 | INFO | 周期评估完成: Steps=61440 | MeanReward=39.844 | StdReward=5.340
2026-09-12 18:32:20,476 | INFO | Steps: 61440/150000 | Episodes: 120 | LastEpReward: 47.726 | RecentReward: 42.521 | ActorLoss: -8.073552 | CriticLoss: 0.031103 | Q: 8.0572 | TargetQ: 8.0520 | TDAbs: 0.1824 | ActorGrad: 0.0760 | CriticGrad: 1.2070 | Noise: 0.1773 | Replay: 50000 | FPS: 66.33 | ETA: 22.3 min
2026-09-12 18:32:26,574 | INFO | Steps: 61952/150000 | Episodes: 121 | LastEpReward: 48.263 | RecentReward: 43.488 | ActorLoss: -8.065149 | CriticLoss: 0.031361 | Q: 8.0500 | TargetQ: 8.0513 | TDAbs: 0.1830 | ActorGrad: 0.0603 | CriticGrad: 1.5315 | Noise: 0.1759 | Replay: 50000 | FPS: 66.44 | ETA: 22.1 min
2026-09-12 18:32:32,666 | INFO | Steps: 62464/150000 | Episodes: 122 | LastEpReward: 39.048 | RecentReward: 42.457 | ActorLoss: -8.104162 | CriticLoss: 0.029757 | Q: 8.0903 | TargetQ: 8.0906 | TDAbs: 0.1803 | ActorGrad: 0.0538 | CriticGrad: 1.0967 | Noise: 0.1744 | Replay: 50000 | FPS: 66.56 | ETA: 21.9 min
2026-09-12 18:32:38,714 | INFO | Steps: 62976/150000 | Episodes: 123 | LastEpReward: 43.641 | RecentReward: 44.280 | ActorLoss: -8.150765 | CriticLoss: 0.031801 | Q: 8.1344 | TargetQ: 8.1300 | TDAbs: 0.1824 | ActorGrad: 0.0725 | CriticGrad: 1.2969 | Noise: 0.1729 | Replay: 50000 | FPS: 66.67 | ETA: 21.8 min
2026-09-12 18:32:44,696 | INFO | Steps: 63488/150000 | Episodes: 124 | LastEpReward: 32.356 | RecentReward: 42.925 | ActorLoss: -8.162311 | CriticLoss: 0.030654 | Q: 8.1452 | TargetQ: 8.1457 | TDAbs: 0.1794 | ActorGrad: 0.0564 | CriticGrad: 1.3542 | Noise: 0.1715 | Replay: 50000 | FPS: 66.79 | ETA: 21.6 min
2026-09-12 18:32:50,708 | INFO | Steps: 64000/150000 | Episodes: 125 | LastEpReward: 43.874 | RecentReward: 43.190 | ActorLoss: -8.122093 | CriticLoss: 0.031930 | Q: 8.1063 | TargetQ: 8.1007 | TDAbs: 0.1800 | ActorGrad: 0.0598 | CriticGrad: 1.1791 | Noise: 0.1700 | Replay: 50000 | FPS: 66.91 | ETA: 21.4 min
2026-09-12 18:32:56,805 | INFO | Steps: 64512/150000 | Episodes: 126 | LastEpReward: 52.823 | RecentReward: 44.776 | ActorLoss: -8.143874 | CriticLoss: 0.032762 | Q: 8.1266 | TargetQ: 8.1249 | TDAbs: 0.1849 | ActorGrad: 0.0602 | CriticGrad: 1.4224 | Noise: 0.1685 | Replay: 50000 | FPS: 67.02 | ETA: 21.3 min
2026-09-12 18:33:02,965 | INFO | Steps: 65024/150000 | Episodes: 127 | LastEpReward: 35.663 | RecentReward: 43.644 | ActorLoss: -8.122771 | CriticLoss: 0.030798 | Q: 8.1055 | TargetQ: 8.1027 | TDAbs: 0.1815 | ActorGrad: 0.0567 | CriticGrad: 1.2256 | Noise: 0.1671 | Replay: 50000 | FPS: 67.12 | ETA: 21.1 min
2026-09-12 18:33:09,092 | INFO | Steps: 65536/150000 | Episodes: 128 | LastEpReward: 41.436 | RecentReward: 42.495 | ActorLoss: -8.210199 | CriticLoss: 0.032147 | Q: 8.1953 | TargetQ: 8.1930 | TDAbs: 0.1801 | ActorGrad: 0.0614 | CriticGrad: 1.1815 | Noise: 0.1656 | Replay: 50000 | FPS: 67.22 | ETA: 20.9 min
2026-09-12 18:33:15,127 | INFO | Steps: 66048/150000 | Episodes: 129 | LastEpReward: 46.199 | RecentReward: 43.103 | ActorLoss: -8.210808 | CriticLoss: 0.030467 | Q: 8.1938 | TargetQ: 8.1926 | TDAbs: 0.1785 | ActorGrad: 0.0636 | CriticGrad: 1.2236 | Noise: 0.1641 | Replay: 50000 | FPS: 67.33 | ETA: 20.8 min
2026-09-12 18:33:21,310 | INFO | 开始周期评估: Steps=66560 | Episodes=130 | EvalEpisodes=5
2026-09-12 18:33:38,428 | INFO | 周期评估完成: Steps=66560 | MeanReward=40.112 | StdReward=5.826
2026-09-12 18:33:38,434 | INFO | Steps: 66560/150000 | Episodes: 130 | LastEpReward: 41.078 | RecentReward: 42.438 | ActorLoss: -8.235111 | CriticLoss: 0.030450 | Q: 8.2192 | TargetQ: 8.2205 | TDAbs: 0.1814 | ActorGrad: 0.0718 | CriticGrad: 1.3153 | Noise: 0.1627 | Replay: 50000 | FPS: 66.28 | ETA: 21.0 min
2026-09-12 18:33:44,615 | INFO | Steps: 67072/150000 | Episodes: 131 | LastEpReward: 44.100 | RecentReward: 42.022 | ActorLoss: -8.238481 | CriticLoss: 0.030646 | Q: 8.2223 | TargetQ: 8.2192 | TDAbs: 0.1774 | ActorGrad: 0.0704 | CriticGrad: 1.1368 | Noise: 0.1612 | Replay: 50000 | FPS: 66.38 | ETA: 20.8 min
2026-09-12 18:33:50,888 | INFO | Steps: 67584/150000 | Episodes: 132 | LastEpReward: 42.324 | RecentReward: 42.349 | ActorLoss: -8.226004 | CriticLoss: 0.032964 | Q: 8.2090 | TargetQ: 8.2061 | TDAbs: 0.1829 | ActorGrad: 0.0684 | CriticGrad: 1.2128 | Noise: 0.1598 | Replay: 50000 | FPS: 66.47 | ETA: 20.7 min
2026-09-12 18:33:57,099 | INFO | Steps: 68096/150000 | Episodes: 133 | LastEpReward: 31.446 | RecentReward: 41.130 | ActorLoss: -8.162243 | CriticLoss: 0.034559 | Q: 8.1456 | TargetQ: 8.1436 | TDAbs: 0.1869 | ActorGrad: 0.0841 | CriticGrad: 1.4600 | Noise: 0.1583 | Replay: 50000 | FPS: 66.57 | ETA: 20.5 min
2026-09-12 18:34:03,198 | INFO | Steps: 68608/150000 | Episodes: 134 | LastEpReward: 33.460 | RecentReward: 41.240 | ActorLoss: -8.188256 | CriticLoss: 0.031158 | Q: 8.1706 | TargetQ: 8.1678 | TDAbs: 0.1795 | ActorGrad: 0.0812 | CriticGrad: 1.3111 | Noise: 0.1568 | Replay: 50000 | FPS: 66.67 | ETA: 20.3 min
2026-09-12 18:34:09,350 | INFO | Steps: 69120/150000 | Episodes: 135 | LastEpReward: 43.931 | RecentReward: 41.246 | ActorLoss: -8.198265 | CriticLoss: 0.029658 | Q: 8.1823 | TargetQ: 8.1789 | TDAbs: 0.1761 | ActorGrad: 0.0564 | CriticGrad: 1.1854 | Noise: 0.1554 | Replay: 50000 | FPS: 66.77 | ETA: 20.2 min
2026-09-12 18:34:15,555 | INFO | Steps: 69632/150000 | Episodes: 136 | LastEpReward: 45.070 | RecentReward: 40.471 | ActorLoss: -8.248531 | CriticLoss: 0.030422 | Q: 8.2298 | TargetQ: 8.2297 | TDAbs: 0.1779 | ActorGrad: 0.0665 | CriticGrad: 1.1331 | Noise: 0.1539 | Replay: 50000 | FPS: 66.87 | ETA: 20.0 min
2026-09-12 18:34:21,599 | INFO | Steps: 70144/150000 | Episodes: 137 | LastEpReward: 46.612 | RecentReward: 41.566 | ActorLoss: -8.231256 | CriticLoss: 0.033319 | Q: 8.2147 | TargetQ: 8.2104 | TDAbs: 0.1833 | ActorGrad: 0.0691 | CriticGrad: 1.2367 | Noise: 0.1524 | Replay: 50000 | FPS: 66.97 | ETA: 19.9 min
2026-09-12 18:34:27,714 | INFO | Steps: 70656/150000 | Episodes: 138 | LastEpReward: 47.895 | RecentReward: 42.211 | ActorLoss: -8.277093 | CriticLoss: 0.030661 | Q: 8.2588 | TargetQ: 8.2565 | TDAbs: 0.1803 | ActorGrad: 0.0792 | CriticGrad: 1.3373 | Noise: 0.1510 | Replay: 50000 | FPS: 67.07 | ETA: 19.7 min
2026-09-12 18:34:33,908 | INFO | Steps: 71168/150000 | Episodes: 139 | LastEpReward: 40.871 | RecentReward: 41.679 | ActorLoss: -8.305808 | CriticLoss: 0.032299 | Q: 8.2884 | TargetQ: 8.2837 | TDAbs: 0.1813 | ActorGrad: 0.0723 | CriticGrad: 1.0149 | Noise: 0.1495 | Replay: 50000 | FPS: 67.16 | ETA: 19.6 min
2026-09-12 18:34:40,063 | INFO | 开始周期评估: Steps=71680 | Episodes=140 | EvalEpisodes=5
2026-09-12 18:34:57,199 | INFO | 周期评估完成: Steps=71680 | MeanReward=40.363 | StdReward=6.159
2026-09-12 18:34:57,206 | INFO | Steps: 71680/150000 | Episodes: 140 | LastEpReward: 45.872 | RecentReward: 42.158 | ActorLoss: -8.341383 | CriticLoss: 0.030781 | Q: 8.3222 | TargetQ: 8.3207 | TDAbs: 0.1788 | ActorGrad: 0.0754 | CriticGrad: 1.1865 | Noise: 0.1481 | Replay: 50000 | FPS: 66.18 | ETA: 19.7 min
2026-09-12 18:35:03,326 | INFO | Steps: 72192/150000 | Episodes: 141 | LastEpReward: 31.814 | RecentReward: 40.930 | ActorLoss: -8.352042 | CriticLoss: 0.034299 | Q: 8.3337 | TargetQ: 8.3290 | TDAbs: 0.1839 | ActorGrad: 0.0816 | CriticGrad: 1.1761 | Noise: 0.1466 | Replay: 50000 | FPS: 66.28 | ETA: 19.6 min
2026-09-12 18:35:09,525 | INFO | Steps: 72704/150000 | Episodes: 142 | LastEpReward: 32.924 | RecentReward: 39.990 | ActorLoss: -8.331255 | CriticLoss: 0.031065 | Q: 8.3131 | TargetQ: 8.3097 | TDAbs: 0.1812 | ActorGrad: 0.0819 | CriticGrad: 1.1669 | Noise: 0.1451 | Replay: 50000 | FPS: 66.38 | ETA: 19.4 min
2026-09-12 18:35:15,741 | INFO | Steps: 73216/150000 | Episodes: 143 | LastEpReward: 42.728 | RecentReward: 41.118 | ActorLoss: -8.365027 | CriticLoss: 0.029890 | Q: 8.3468 | TargetQ: 8.3440 | TDAbs: 0.1763 | ActorGrad: 0.0767 | CriticGrad: 1.0983 | Noise: 0.1437 | Replay: 50000 | FPS: 66.47 | ETA: 19.3 min
2026-09-12 18:35:21,909 | INFO | Steps: 73728/150000 | Episodes: 144 | LastEpReward: 37.585 | RecentReward: 41.530 | ActorLoss: -8.378434 | CriticLoss: 0.032122 | Q: 8.3589 | TargetQ: 8.3576 | TDAbs: 0.1824 | ActorGrad: 0.0731 | CriticGrad: 1.3085 | Noise: 0.1422 | Replay: 50000 | FPS: 66.56 | ETA: 19.1 min
2026-09-12 18:35:28,141 | INFO | Steps: 74240/150000 | Episodes: 145 | LastEpReward: 29.194 | RecentReward: 40.057 | ActorLoss: -8.385193 | CriticLoss: 0.033393 | Q: 8.3652 | TargetQ: 8.3611 | TDAbs: 0.1824 | ActorGrad: 0.0964 | CriticGrad: 1.0729 | Noise: 0.1407 | Replay: 50000 | FPS: 66.64 | ETA: 18.9 min
2026-09-12 18:35:34,368 | INFO | Steps: 74752/150000 | Episodes: 146 | LastEpReward: 33.114 | RecentReward: 38.861 | ActorLoss: -8.407165 | CriticLoss: 0.030680 | Q: 8.3882 | TargetQ: 8.3830 | TDAbs: 0.1783 | ActorGrad: 0.0839 | CriticGrad: 1.2764 | Noise: 0.1393 | Replay: 50000 | FPS: 66.73 | ETA: 18.8 min
2026-09-12 18:35:40,575 | INFO | Steps: 75264/150000 | Episodes: 147 | LastEpReward: 35.998 | RecentReward: 37.799 | ActorLoss: -8.403365 | CriticLoss: 0.034991 | Q: 8.3832 | TargetQ: 8.3768 | TDAbs: 0.1840 | ActorGrad: 0.0775 | CriticGrad: 1.1503 | Noise: 0.1378 | Replay: 50000 | FPS: 66.82 | ETA: 18.6 min
2026-09-12 18:35:46,698 | INFO | Steps: 75776/150000 | Episodes: 148 | LastEpReward: 45.171 | RecentReward: 37.527 | ActorLoss: -8.395524 | CriticLoss: 0.034590 | Q: 8.3758 | TargetQ: 8.3750 | TDAbs: 0.1870 | ActorGrad: 0.0756 | CriticGrad: 1.2157 | Noise: 0.1364 | Replay: 50000 | FPS: 66.91 | ETA: 18.5 min
2026-09-12 18:35:52,837 | INFO | Steps: 76288/150000 | Episodes: 149 | LastEpReward: 45.347 | RecentReward: 37.975 | ActorLoss: -8.421182 | CriticLoss: 0.032744 | Q: 8.4005 | TargetQ: 8.3972 | TDAbs: 0.1815 | ActorGrad: 0.0779 | CriticGrad: 1.1639 | Noise: 0.1349 | Replay: 50000 | FPS: 67.00 | ETA: 18.3 min
2026-09-12 18:35:59,033 | INFO | 开始周期评估: Steps=76800 | Episodes=150 | EvalEpisodes=5
2026-09-12 18:36:16,247 | INFO | 周期评估完成: Steps=76800 | MeanReward=40.399 | StdReward=4.763
2026-09-12 18:36:16,253 | INFO | Steps: 76800/150000 | Episodes: 150 | LastEpReward: 48.379 | RecentReward: 38.225 | ActorLoss: -8.461609 | CriticLoss: 0.033739 | Q: 8.4425 | TargetQ: 8.4399 | TDAbs: 0.1853 | ActorGrad: 0.0754 | CriticGrad: 1.1105 | Noise: 0.1334 | Replay: 50000 | FPS: 66.09 | ETA: 18.5 min
2026-09-12 18:36:22,413 | INFO | Steps: 77312/150000 | Episodes: 151 | LastEpReward: 36.342 | RecentReward: 38.678 | ActorLoss: -8.476999 | CriticLoss: 0.033200 | Q: 8.4565 | TargetQ: 8.4519 | TDAbs: 0.1853 | ActorGrad: 0.0655 | CriticGrad: 1.3891 | Noise: 0.1320 | Replay: 50000 | FPS: 66.18 | ETA: 18.3 min
2026-09-12 18:36:28,619 | INFO | Steps: 77824/150000 | Episodes: 152 | LastEpReward: 37.998 | RecentReward: 39.186 | ActorLoss: -8.530421 | CriticLoss: 0.032995 | Q: 8.5097 | TargetQ: 8.5080 | TDAbs: 0.1841 | ActorGrad: 0.0633 | CriticGrad: 1.3319 | Noise: 0.1305 | Replay: 50000 | FPS: 66.26 | ETA: 18.2 min
2026-09-12 18:36:34,985 | INFO | Steps: 78336/150000 | Episodes: 153 | LastEpReward: 45.542 | RecentReward: 39.467 | ActorLoss: -8.536217 | CriticLoss: 0.033129 | Q: 8.5167 | TargetQ: 8.5122 | TDAbs: 0.1828 | ActorGrad: 0.0721 | CriticGrad: 1.1104 | Noise: 0.1290 | Replay: 50000 | FPS: 66.34 | ETA: 18.0 min
2026-09-12 18:36:41,098 | INFO | Steps: 78848/150000 | Episodes: 154 | LastEpReward: 45.299 | RecentReward: 40.238 | ActorLoss: -8.501735 | CriticLoss: 0.031873 | Q: 8.4823 | TargetQ: 8.4773 | TDAbs: 0.1828 | ActorGrad: 0.0771 | CriticGrad: 1.3559 | Noise: 0.1276 | Replay: 50000 | FPS: 66.43 | ETA: 17.9 min
2026-09-12 18:36:47,306 | INFO | Steps: 79360/150000 | Episodes: 155 | LastEpReward: 44.417 | RecentReward: 41.761 | ActorLoss: -8.551094 | CriticLoss: 0.029784 | Q: 8.5312 | TargetQ: 8.5322 | TDAbs: 0.1770 | ActorGrad: 0.0741 | CriticGrad: 1.1997 | Noise: 0.1261 | Replay: 50000 | FPS: 66.51 | ETA: 17.7 min
2026-09-12 18:36:53,380 | INFO | Steps: 79872/150000 | Episodes: 156 | LastEpReward: 44.674 | RecentReward: 42.917 | ActorLoss: -8.546977 | CriticLoss: 0.033659 | Q: 8.5276 | TargetQ: 8.5227 | TDAbs: 0.1864 | ActorGrad: 0.0777 | CriticGrad: 1.4412 | Noise: 0.1247 | Replay: 50000 | FPS: 66.60 | ETA: 17.5 min
2026-09-12 18:36:59,496 | INFO | Steps: 80384/150000 | Episodes: 157 | LastEpReward: 38.164 | RecentReward: 43.133 | ActorLoss: -8.533176 | CriticLoss: 0.032260 | Q: 8.5126 | TargetQ: 8.5072 | TDAbs: 0.1817 | ActorGrad: 0.0776 | CriticGrad: 1.1753 | Noise: 0.1232 | Replay: 50000 | FPS: 66.69 | ETA: 17.4 min
2026-09-12 18:37:05,605 | INFO | Steps: 80896/150000 | Episodes: 158 | LastEpReward: 48.603 | RecentReward: 43.477 | ActorLoss: -8.533834 | CriticLoss: 0.032419 | Q: 8.5142 | TargetQ: 8.5095 | TDAbs: 0.1834 | ActorGrad: 0.0798 | CriticGrad: 1.1240 | Noise: 0.1217 | Replay: 50000 | FPS: 66.78 | ETA: 17.2 min
2026-09-12 18:37:11,717 | INFO | Steps: 81408/150000 | Episodes: 159 | LastEpReward: 48.095 | RecentReward: 43.751 | ActorLoss: -8.530669 | CriticLoss: 0.031144 | Q: 8.5125 | TargetQ: 8.5096 | TDAbs: 0.1818 | ActorGrad: 0.0774 | CriticGrad: 1.3030 | Noise: 0.1203 | Replay: 50000 | FPS: 66.86 | ETA: 17.1 min
2026-09-12 18:37:17,846 | INFO | 开始周期评估: Steps=81920 | Episodes=160 | EvalEpisodes=5
2026-09-12 18:37:34,961 | INFO | 周期评估完成: Steps=81920 | MeanReward=41.221 | StdReward=5.436
2026-09-12 18:37:34,967 | INFO | Steps: 81920/150000 | Episodes: 160 | LastEpReward: 32.188 | RecentReward: 42.132 | ActorLoss: -8.605360 | CriticLoss: 0.034273 | Q: 8.5858 | TargetQ: 8.5832 | TDAbs: 0.1846 | ActorGrad: 0.0841 | CriticGrad: 1.1573 | Noise: 0.1188 | Replay: 50000 | FPS: 66.02 | ETA: 17.2 min
2026-09-12 18:37:41,110 | INFO | Steps: 82432/150000 | Episodes: 161 | LastEpReward: 51.422 | RecentReward: 43.640 | ActorLoss: -8.644063 | CriticLoss: 0.032324 | Q: 8.6242 | TargetQ: 8.6226 | TDAbs: 0.1831 | ActorGrad: 0.0768 | CriticGrad: 1.1593 | Noise: 0.1173 | Replay: 50000 | FPS: 66.11 | ETA: 17.0 min
2026-09-12 18:37:47,194 | INFO | Steps: 82944/150000 | Episodes: 162 | LastEpReward: 41.781 | RecentReward: 44.019 | ActorLoss: -8.696922 | CriticLoss: 0.029415 | Q: 8.6764 | TargetQ: 8.6747 | TDAbs: 0.1778 | ActorGrad: 0.0674 | CriticGrad: 1.2925 | Noise: 0.1159 | Replay: 50000 | FPS: 66.20 | ETA: 16.9 min
2026-09-12 18:37:53,335 | INFO | Steps: 83456/150000 | Episodes: 163 | LastEpReward: 35.217 | RecentReward: 42.986 | ActorLoss: -8.603394 | CriticLoss: 0.030959 | Q: 8.5838 | TargetQ: 8.5820 | TDAbs: 0.1815 | ActorGrad: 0.0841 | CriticGrad: 1.0778 | Noise: 0.1144 | Replay: 50000 | FPS: 66.28 | ETA: 16.7 min
2026-09-12 18:37:59,451 | INFO | Steps: 83968/150000 | Episodes: 164 | LastEpReward: 51.427 | RecentReward: 43.599 | ActorLoss: -8.668236 | CriticLoss: 0.034316 | Q: 8.6493 | TargetQ: 8.6429 | TDAbs: 0.1894 | ActorGrad: 0.0724 | CriticGrad: 1.4787 | Noise: 0.1129 | Replay: 50000 | FPS: 66.36 | ETA: 16.6 min
2026-09-12 18:38:05,534 | INFO | Steps: 84480/150000 | Episodes: 165 | LastEpReward: 41.360 | RecentReward: 43.293 | ActorLoss: -8.716808 | CriticLoss: 0.033419 | Q: 8.6975 | TargetQ: 8.6955 | TDAbs: 0.1858 | ActorGrad: 0.0773 | CriticGrad: 1.0634 | Noise: 0.1115 | Replay: 50000 | FPS: 66.45 | ETA: 16.4 min
2026-09-12 18:38:11,708 | INFO | Steps: 84992/150000 | Episodes: 166 | LastEpReward: 42.428 | RecentReward: 43.069 | ActorLoss: -8.702532 | CriticLoss: 0.033454 | Q: 8.6818 | TargetQ: 8.6793 | TDAbs: 0.1895 | ActorGrad: 0.0906 | CriticGrad: 1.2229 | Noise: 0.1100 | Replay: 50000 | FPS: 66.53 | ETA: 16.3 min
2026-09-12 18:38:17,881 | INFO | Steps: 85504/150000 | Episodes: 167 | LastEpReward: 31.283 | RecentReward: 42.380 | ActorLoss: -8.734649 | CriticLoss: 0.033494 | Q: 8.7153 | TargetQ: 8.7142 | TDAbs: 0.1879 | ActorGrad: 0.0821 | CriticGrad: 1.1643 | Noise: 0.1086 | Replay: 50000 | FPS: 66.61 | ETA: 16.1 min
2026-09-12 18:38:23,936 | INFO | Steps: 86016/150000 | Episodes: 168 | LastEpReward: 37.995 | RecentReward: 41.320 | ActorLoss: -8.745263 | CriticLoss: 0.033429 | Q: 8.7262 | TargetQ: 8.7241 | TDAbs: 0.1868 | ActorGrad: 0.0932 | CriticGrad: 1.2075 | Noise: 0.1071 | Replay: 50000 | FPS: 66.69 | ETA: 16.0 min
2026-09-12 18:38:30,008 | INFO | Steps: 86528/150000 | Episodes: 169 | LastEpReward: 45.203 | RecentReward: 41.030 | ActorLoss: -8.722370 | CriticLoss: 0.032620 | Q: 8.7034 | TargetQ: 8.6978 | TDAbs: 0.1826 | ActorGrad: 0.0821 | CriticGrad: 1.2463 | Noise: 0.1056 | Replay: 50000 | FPS: 66.77 | ETA: 15.8 min
2026-09-12 18:38:36,164 | INFO | 开始周期评估: Steps=87040 | Episodes=170 | EvalEpisodes=5
2026-09-12 18:38:53,281 | INFO | 周期评估完成: Steps=87040 | MeanReward=41.066 | StdReward=5.413
2026-09-12 18:38:53,287 | INFO | Steps: 87040/150000 | Episodes: 170 | LastEpReward: 40.045 | RecentReward: 41.816 | ActorLoss: -8.723132 | CriticLoss: 0.033876 | Q: 8.7049 | TargetQ: 8.7012 | TDAbs: 0.1871 | ActorGrad: 0.0894 | CriticGrad: 1.5283 | Noise: 0.1042 | Replay: 50000 | FPS: 65.98 | ETA: 15.9 min
2026-09-12 18:38:59,505 | INFO | Steps: 87552/150000 | Episodes: 171 | LastEpReward: 37.046 | RecentReward: 40.378 | ActorLoss: -8.841038 | CriticLoss: 0.037461 | Q: 8.7792 | TargetQ: 8.7761 | TDAbs: 0.1977 | ActorGrad: 0.1931 | CriticGrad: 1.2898 | Noise: 0.1027 | Replay: 50000 | FPS: 66.06 | ETA: 15.8 min
2026-09-12 18:39:05,786 | INFO | Steps: 88064/150000 | Episodes: 172 | LastEpReward: 10.431 | RecentReward: 37.243 | ActorLoss: -8.959410 | CriticLoss: 0.075902 | Q: 8.9105 | TargetQ: 8.9141 | TDAbs: 0.2868 | ActorGrad: 0.0771 | CriticGrad: 1.9175 | Noise: 0.1012 | Replay: 50000 | FPS: 66.13 | ETA: 15.6 min
2026-09-12 18:39:11,991 | INFO | Steps: 88576/150000 | Episodes: 173 | LastEpReward: 19.465 | RecentReward: 35.668 | ActorLoss: -9.113486 | CriticLoss: 0.086169 | Q: 8.9955 | TargetQ: 8.9864 | TDAbs: 0.3077 | ActorGrad: 0.0256 | CriticGrad: 1.9765 | Noise: 0.0998 | Replay: 50000 | FPS: 66.21 | ETA: 15.5 min
2026-09-12 18:39:18,310 | INFO | Steps: 89088/150000 | Episodes: 174 | LastEpReward: 3.341 | RecentReward: 30.860 | ActorLoss: -9.240029 | CriticLoss: 0.095253 | Q: 9.1550 | TargetQ: 9.1446 | TDAbs: 0.3205 | ActorGrad: 0.0003 | CriticGrad: 1.6872 | Noise: 0.0983 | Replay: 50000 | FPS: 66.28 | ETA: 15.3 min
2026-09-12 18:39:24,468 | INFO | Steps: 89600/150000 | Episodes: 175 | LastEpReward: 0.341 | RecentReward: 26.758 | ActorLoss: -9.184980 | CriticLoss: 0.084961 | Q: 9.1951 | TargetQ: 9.1937 | TDAbs: 0.3016 | ActorGrad: 0.0002 | CriticGrad: 1.6911 | Noise: 0.0969 | Replay: 50000 | FPS: 66.36 | ETA: 15.2 min
2026-09-12 18:39:30,615 | INFO | Steps: 90112/150000 | Episodes: 176 | LastEpReward: 16.088 | RecentReward: 24.124 | ActorLoss: -8.996880 | CriticLoss: 0.077226 | Q: 9.0459 | TargetQ: 9.0371 | TDAbs: 0.2888 | ActorGrad: 0.0001 | CriticGrad: 1.7156 | Noise: 0.0954 | Replay: 50000 | FPS: 66.43 | ETA: 15.0 min
2026-09-12 18:39:36,701 | INFO | Steps: 90624/150000 | Episodes: 177 | LastEpReward: 7.733 | RecentReward: 21.769 | ActorLoss: -8.906770 | CriticLoss: 0.076603 | Q: 8.9280 | TargetQ: 8.9132 | TDAbs: 0.2819 | ActorGrad: 0.0001 | CriticGrad: 1.7810 | Noise: 0.0939 | Replay: 50000 | FPS: 66.51 | ETA: 14.9 min
2026-09-12 18:39:42,900 | INFO | Steps: 91136/150000 | Episodes: 178 | LastEpReward: 7.580 | RecentReward: 18.727 | ActorLoss: -8.754935 | CriticLoss: 0.068905 | Q: 8.7940 | TargetQ: 8.7848 | TDAbs: 0.2689 | ActorGrad: 0.0000 | CriticGrad: 1.4384 | Noise: 0.0925 | Replay: 50000 | FPS: 66.58 | ETA: 14.7 min
2026-09-12 18:39:48,970 | INFO | Steps: 91648/150000 | Episodes: 179 | LastEpReward: 9.444 | RecentReward: 15.151 | ActorLoss: -8.587810 | CriticLoss: 0.067975 | Q: 8.6078 | TargetQ: 8.6036 | TDAbs: 0.2644 | ActorGrad: 0.0000 | CriticGrad: 1.7655 | Noise: 0.0910 | Replay: 50000 | FPS: 66.66 | ETA: 14.6 min
2026-09-12 18:39:55,103 | INFO | 开始周期评估: Steps=92160 | Episodes=180 | EvalEpisodes=5
2026-09-12 18:40:12,441 | INFO | 周期评估完成: Steps=92160 | MeanReward=8.935 | StdReward=8.662
2026-09-12 18:40:12,447 | INFO | Steps: 92160/150000 | Episodes: 180 | LastEpReward: -0.615 | RecentReward: 11.085 | ActorLoss: -8.459309 | CriticLoss: 0.062530 | Q: 8.4938 | TargetQ: 8.4843 | TDAbs: 0.2540 | ActorGrad: 0.0001 | CriticGrad: 1.7168 | Noise: 0.0895 | Replay: 50000 | FPS: 65.91 | ETA: 14.6 min
2026-09-12 18:40:18,516 | INFO | Steps: 92672/150000 | Episodes: 181 | LastEpReward: 8.285 | RecentReward: 8.209 | ActorLoss: -8.318608 | CriticLoss: 0.062039 | Q: 8.3640 | TargetQ: 8.3543 | TDAbs: 0.2491 | ActorGrad: 0.0000 | CriticGrad: 1.4976 | Noise: 0.0881 | Replay: 50000 | FPS: 65.99 | ETA: 14.5 min
2026-09-12 18:40:24,697 | INFO | Steps: 93184/150000 | Episodes: 182 | LastEpReward: 2.170 | RecentReward: 7.383 | ActorLoss: -8.151726 | CriticLoss: 0.062659 | Q: 8.1899 | TargetQ: 8.1809 | TDAbs: 0.2496 | ActorGrad: 0.0000 | CriticGrad: 1.4010 | Noise: 0.0866 | Replay: 50000 | FPS: 66.06 | ETA: 14.3 min
2026-09-12 18:40:30,885 | INFO | Steps: 93696/150000 | Episodes: 183 | LastEpReward: 2.363 | RecentReward: 5.673 | ActorLoss: -8.023485 | CriticLoss: 0.053787 | Q: 8.0618 | TargetQ: 8.0581 | TDAbs: 0.2384 | ActorGrad: 0.0000 | CriticGrad: 1.2812 | Noise: 0.0852 | Replay: 50000 | FPS: 66.14 | ETA: 14.2 min
2026-09-12 18:40:37,060 | INFO | Steps: 94208/150000 | Episodes: 184 | LastEpReward: 5.263 | RecentReward: 5.865 | ActorLoss: -7.857605 | CriticLoss: 0.057088 | Q: 7.8799 | TargetQ: 7.8745 | TDAbs: 0.2394 | ActorGrad: 0.0000 | CriticGrad: 1.3471 | Noise: 0.0837 | Replay: 50000 | FPS: 66.21 | ETA: 14.0 min
2026-09-12 18:40:43,188 | INFO | Steps: 94720/150000 | Episodes: 185 | LastEpReward: 12.105 | RecentReward: 7.042 | ActorLoss: -7.705067 | CriticLoss: 0.057546 | Q: 7.7457 | TargetQ: 7.7394 | TDAbs: 0.2431 | ActorGrad: 0.0000 | CriticGrad: 1.5929 | Noise: 0.0822 | Replay: 50000 | FPS: 66.28 | ETA: 13.9 min
2026-09-12 18:40:49,531 | INFO | Steps: 95232/150000 | Episodes: 186 | LastEpReward: 3.438 | RecentReward: 5.777 | ActorLoss: -7.567926 | CriticLoss: 0.061497 | Q: 7.6034 | TargetQ: 7.5926 | TDAbs: 0.2465 | ActorGrad: 0.0000 | CriticGrad: 1.2571 | Noise: 0.0808 | Replay: 50000 | FPS: 66.35 | ETA: 13.8 min
2026-09-12 18:40:55,702 | INFO | Steps: 95744/150000 | Episodes: 187 | LastEpReward: 4.333 | RecentReward: 5.437 | ActorLoss: -7.381841 | CriticLoss: 0.058401 | Q: 7.4298 | TargetQ: 7.4224 | TDAbs: 0.2428 | ActorGrad: 0.0000 | CriticGrad: 1.3510 | Noise: 0.0793 | Replay: 50000 | FPS: 66.42 | ETA: 13.6 min
2026-09-12 18:41:01,819 | INFO | Steps: 96256/150000 | Episodes: 188 | LastEpReward: 11.209 | RecentReward: 5.799 | ActorLoss: -7.191766 | CriticLoss: 0.055962 | Q: 7.2546 | TargetQ: 7.2501 | TDAbs: 0.2387 | ActorGrad: 0.0000 | CriticGrad: 1.2992 | Noise: 0.0778 | Replay: 50000 | FPS: 66.49 | ETA: 13.5 min
2026-09-12 18:41:07,938 | INFO | Steps: 96768/150000 | Episodes: 189 | LastEpReward: 14.743 | RecentReward: 6.329 | ActorLoss: -7.046525 | CriticLoss: 0.055412 | Q: 7.1017 | TargetQ: 7.0982 | TDAbs: 0.2387 | ActorGrad: 0.0000 | CriticGrad: 1.2084 | Noise: 0.0764 | Replay: 50000 | FPS: 66.56 | ETA: 13.3 min
2026-09-12 18:41:14,133 | INFO | 开始周期评估: Steps=97280 | Episodes=190 | EvalEpisodes=5
2026-09-12 18:41:31,425 | INFO | 周期评估完成: Steps=97280 | MeanReward=8.935 | StdReward=8.662
2026-09-12 18:41:31,431 | INFO | Steps: 97280/150000 | Episodes: 190 | LastEpReward: 9.052 | RecentReward: 7.296 | ActorLoss: -6.891624 | CriticLoss: 0.054086 | Q: 6.9420 | TargetQ: 6.9343 | TDAbs: 0.2355 | ActorGrad: 0.0000 | CriticGrad: 1.2023 | Noise: 0.0749 | Replay: 50000 | FPS: 65.85 | ETA: 13.3 min
2026-09-12 18:41:37,597 | INFO | Steps: 97792/150000 | Episodes: 191 | LastEpReward: 5.066 | RecentReward: 6.974 | ActorLoss: -6.747592 | CriticLoss: 0.060380 | Q: 6.7940 | TargetQ: 6.7884 | TDAbs: 0.2441 | ActorGrad: 0.0000 | CriticGrad: 1.2485 | Noise: 0.0735 | Replay: 50000 | FPS: 65.92 | ETA: 13.2 min
2026-09-12 18:41:43,894 | INFO | Steps: 98304/150000 | Episodes: 192 | LastEpReward: 3.119 | RecentReward: 7.069 | ActorLoss: -6.570728 | CriticLoss: 0.054617 | Q: 6.6234 | TargetQ: 6.6177 | TDAbs: 0.2366 | ActorGrad: 0.0000 | CriticGrad: 1.1059 | Noise: 0.0720 | Replay: 50000 | FPS: 65.99 | ETA: 13.1 min
2026-09-12 18:41:50,010 | INFO | Steps: 98816/150000 | Episodes: 193 | LastEpReward: 5.680 | RecentReward: 7.401 | ActorLoss: -6.421382 | CriticLoss: 0.055423 | Q: 6.4655 | TargetQ: 6.4598 | TDAbs: 0.2413 | ActorGrad: 0.0000 | CriticGrad: 1.2186 | Noise: 0.0705 | Replay: 50000 | FPS: 66.06 | ETA: 12.9 min
2026-09-12 18:41:56,115 | INFO | Steps: 99328/150000 | Episodes: 194 | LastEpReward: 1.232 | RecentReward: 6.998 | ActorLoss: -6.276558 | CriticLoss: 0.050248 | Q: 6.3313 | TargetQ: 6.3272 | TDAbs: 0.2302 | ActorGrad: 0.0000 | CriticGrad: 1.2269 | Noise: 0.0691 | Replay: 50000 | FPS: 66.13 | ETA: 12.8 min
2026-09-12 18:42:02,271 | INFO | Steps: 99840/150000 | Episodes: 195 | LastEpReward: 15.287 | RecentReward: 7.316 | ActorLoss: -6.113644 | CriticLoss: 0.055142 | Q: 6.1635 | TargetQ: 6.1552 | TDAbs: 0.2392 | ActorGrad: 0.0000 | CriticGrad: 1.3492 | Noise: 0.0676 | Replay: 50000 | FPS: 66.20 | ETA: 12.6 min
2026-09-12 18:42:08,309 | INFO | Steps: 100352/150000 | Episodes: 196 | LastEpReward: 12.279 | RecentReward: 8.200 | ActorLoss: -6.005654 | CriticLoss: 0.057182 | Q: 6.0569 | TargetQ: 6.0538 | TDAbs: 0.2455 | ActorGrad: 0.0000 | CriticGrad: 1.2131 | Noise: 0.0661 | Replay: 50000 | FPS: 66.28 | ETA: 12.5 min
2026-09-12 18:42:14,548 | INFO | Steps: 100864/150000 | Episodes: 197 | LastEpReward: 13.628 | RecentReward: 9.129 | ActorLoss: -5.833724 | CriticLoss: 0.053669 | Q: 5.8880 | TargetQ: 5.8856 | TDAbs: 0.2393 | ActorGrad: 0.0000 | CriticGrad: 1.1385 | Noise: 0.0647 | Replay: 50000 | FPS: 66.34 | ETA: 12.3 min
2026-09-12 18:42:20,686 | INFO | Steps: 101376/150000 | Episodes: 198 | LastEpReward: 8.635 | RecentReward: 8.872 | ActorLoss: -5.682876 | CriticLoss: 0.051480 | Q: 5.7331 | TargetQ: 5.7293 | TDAbs: 0.2352 | ActorGrad: 0.0000 | CriticGrad: 1.2458 | Noise: 0.0632 | Replay: 50000 | FPS: 66.41 | ETA: 12.2 min
2026-09-12 18:42:26,885 | INFO | Steps: 101888/150000 | Episodes: 199 | LastEpReward: 11.212 | RecentReward: 8.519 | ActorLoss: -5.535461 | CriticLoss: 0.052600 | Q: 5.5883 | TargetQ: 5.5823 | TDAbs: 0.2369 | ActorGrad: 0.0000 | CriticGrad: 1.0979 | Noise: 0.0617 | Replay: 50000 | FPS: 66.48 | ETA: 12.1 min
2026-09-12 18:42:33,028 | INFO | 开始周期评估: Steps=102400 | Episodes=200 | EvalEpisodes=5
2026-09-12 18:42:50,275 | INFO | 周期评估完成: Steps=102400 | MeanReward=8.935 | StdReward=8.662
2026-09-12 18:42:50,281 | INFO | Steps: 102400/150000 | Episodes: 200 | LastEpReward: 10.127 | RecentReward: 8.626 | ActorLoss: -5.426661 | CriticLoss: 0.053114 | Q: 5.4820 | TargetQ: 5.4790 | TDAbs: 0.2390 | ActorGrad: 0.0000 | CriticGrad: 1.3312 | Noise: 0.0603 | Replay: 50000 | FPS: 65.81 | ETA: 12.1 min
2026-09-12 18:42:56,515 | INFO | Steps: 102912/150000 | Episodes: 201 | LastEpReward: 1.674 | RecentReward: 8.287 | ActorLoss: -5.281467 | CriticLoss: 0.053507 | Q: 5.3255 | TargetQ: 5.3215 | TDAbs: 0.2375 | ActorGrad: 0.0000 | CriticGrad: 1.0772 | Noise: 0.0588 | Replay: 50000 | FPS: 65.87 | ETA: 11.9 min
2026-09-12 18:43:02,593 | INFO | Steps: 103424/150000 | Episodes: 202 | LastEpReward: 8.239 | RecentReward: 8.799 | ActorLoss: -5.151250 | CriticLoss: 0.054254 | Q: 5.2021 | TargetQ: 5.1997 | TDAbs: 0.2406 | ActorGrad: 0.0000 | CriticGrad: 1.2378 | Noise: 0.0574 | Replay: 50000 | FPS: 65.94 | ETA: 11.8 min
2026-09-12 18:43:08,828 | INFO | Steps: 103936/150000 | Episodes: 203 | LastEpReward: 10.267 | RecentReward: 9.258 | ActorLoss: -5.009447 | CriticLoss: 0.052926 | Q: 5.0650 | TargetQ: 5.0611 | TDAbs: 0.2389 | ActorGrad: 0.0000 | CriticGrad: 1.0642 | Noise: 0.0559 | Replay: 50000 | FPS: 66.01 | ETA: 11.6 min
2026-09-12 18:43:14,994 | INFO | Steps: 104448/150000 | Episodes: 204 | LastEpReward: 8.054 | RecentReward: 9.940 | ActorLoss: -4.879861 | CriticLoss: 0.051234 | Q: 4.9390 | TargetQ: 4.9364 | TDAbs: 0.2371 | ActorGrad: 0.0000 | CriticGrad: 1.2036 | Noise: 0.0544 | Replay: 50000 | FPS: 66.07 | ETA: 11.5 min
2026-09-12 18:43:21,152 | INFO | Steps: 104960/150000 | Episodes: 205 | LastEpReward: 11.132 | RecentReward: 9.525 | ActorLoss: -4.784538 | CriticLoss: 0.055534 | Q: 4.8400 | TargetQ: 4.8364 | TDAbs: 0.2445 | ActorGrad: 0.0000 | CriticGrad: 1.1864 | Noise: 0.0530 | Replay: 50000 | FPS: 66.14 | ETA: 11.3 min
2026-09-12 18:43:27,327 | INFO | Steps: 105472/150000 | Episodes: 206 | LastEpReward: 7.383 | RecentReward: 9.035 | ActorLoss: -4.614412 | CriticLoss: 0.053425 | Q: 4.6679 | TargetQ: 4.6665 | TDAbs: 0.2405 | ActorGrad: 0.0000 | CriticGrad: 1.1224 | Noise: 0.0515 | Replay: 50000 | FPS: 66.20 | ETA: 11.2 min
2026-09-12 18:43:33,457 | INFO | Steps: 105984/150000 | Episodes: 207 | LastEpReward: 10.070 | RecentReward: 8.679 | ActorLoss: -4.495808 | CriticLoss: 0.056872 | Q: 4.5412 | TargetQ: 4.5368 | TDAbs: 0.2458 | ActorGrad: 0.0000 | CriticGrad: 1.1413 | Noise: 0.0500 | Replay: 50000 | FPS: 66.27 | ETA: 11.1 min
2026-09-12 18:43:39,580 | INFO | Steps: 106496/150000 | Episodes: 208 | LastEpReward: 6.434 | RecentReward: 8.459 | ActorLoss: -4.437670 | CriticLoss: 0.054908 | Q: 4.4799 | TargetQ: 4.4794 | TDAbs: 0.2441 | ActorGrad: 0.0000 | CriticGrad: 1.2121 | Noise: 0.0500 | Replay: 50000 | FPS: 66.34 | ETA: 10.9 min
2026-09-12 18:43:45,843 | INFO | Steps: 107008/150000 | Episodes: 209 | LastEpReward: 3.852 | RecentReward: 7.723 | ActorLoss: -4.334928 | CriticLoss: 0.054307 | Q: 4.3751 | TargetQ: 4.3729 | TDAbs: 0.2407 | ActorGrad: 0.0000 | CriticGrad: 1.1860 | Noise: 0.0500 | Replay: 50000 | FPS: 66.40 | ETA: 10.8 min
2026-09-12 18:43:52,201 | INFO | 开始周期评估: Steps=107520 | Episodes=210 | EvalEpisodes=5
2026-09-12 18:44:09,559 | INFO | 周期评估完成: Steps=107520 | MeanReward=8.935 | StdReward=8.662
2026-09-12 18:44:09,565 | INFO | Steps: 107520/150000 | Episodes: 210 | LastEpReward: 0.272 | RecentReward: 6.738 | ActorLoss: -4.219000 | CriticLoss: 0.052881 | Q: 4.2614 | TargetQ: 4.2591 | TDAbs: 0.2406 | ActorGrad: 0.0000 | CriticGrad: 1.1834 | Noise: 0.0500 | Replay: 50000 | FPS: 65.75 | ETA: 10.8 min
2026-09-12 18:44:15,708 | INFO | Steps: 108032/150000 | Episodes: 211 | LastEpReward: 7.492 | RecentReward: 7.320 | ActorLoss: -4.123311 | CriticLoss: 0.055313 | Q: 4.1668 | TargetQ: 4.1648 | TDAbs: 0.2424 | ActorGrad: 0.0000 | CriticGrad: 1.1731 | Noise: 0.0500 | Replay: 50000 | FPS: 65.81 | ETA: 10.6 min
2026-09-12 18:44:21,918 | INFO | Steps: 108544/150000 | Episodes: 212 | LastEpReward: 13.294 | RecentReward: 7.825 | ActorLoss: -3.982039 | CriticLoss: 0.054536 | Q: 4.0270 | TargetQ: 4.0258 | TDAbs: 0.2427 | ActorGrad: 0.0000 | CriticGrad: 1.0611 | Noise: 0.0500 | Replay: 50000 | FPS: 65.87 | ETA: 10.5 min
2026-09-12 18:44:28,046 | INFO | Steps: 109056/150000 | Episodes: 213 | LastEpReward: 5.459 | RecentReward: 7.344 | ActorLoss: -3.923012 | CriticLoss: 0.057145 | Q: 3.9691 | TargetQ: 3.9666 | TDAbs: 0.2466 | ActorGrad: 0.0000 | CriticGrad: 1.1191 | Noise: 0.0500 | Replay: 50000 | FPS: 65.94 | ETA: 10.3 min
2026-09-12 18:44:34,187 | INFO | Steps: 109568/150000 | Episodes: 214 | LastEpReward: 16.134 | RecentReward: 8.152 | ActorLoss: -3.870393 | CriticLoss: 0.054575 | Q: 3.9103 | TargetQ: 3.9068 | TDAbs: 0.2428 | ActorGrad: 0.0000 | CriticGrad: 1.0656 | Noise: 0.0500 | Replay: 50000 | FPS: 66.00 | ETA: 10.2 min
2026-09-12 18:44:40,513 | INFO | Steps: 110080/150000 | Episodes: 215 | LastEpReward: -3.052 | RecentReward: 6.734 | ActorLoss: -3.744414 | CriticLoss: 0.055274 | Q: 3.7860 | TargetQ: 3.7825 | TDAbs: 0.2435 | ActorGrad: 0.0000 | CriticGrad: 1.0375 | Noise: 0.0500 | Replay: 50000 | FPS: 66.06 | ETA: 10.1 min
2026-09-12 18:44:46,686 | INFO | Steps: 110592/150000 | Episodes: 216 | LastEpReward: 7.574 | RecentReward: 6.753 | ActorLoss: -3.642914 | CriticLoss: 0.052593 | Q: 3.6861 | TargetQ: 3.6860 | TDAbs: 0.2406 | ActorGrad: 0.0000 | CriticGrad: 1.1722 | Noise: 0.0500 | Replay: 50000 | FPS: 66.12 | ETA: 9.9 min
2026-09-12 18:44:53,074 | INFO | Steps: 111104/150000 | Episodes: 217 | LastEpReward: -2.183 | RecentReward: 5.528 | ActorLoss: -3.548686 | CriticLoss: 0.056575 | Q: 3.5886 | TargetQ: 3.5872 | TDAbs: 0.2472 | ActorGrad: 0.0000 | CriticGrad: 1.0978 | Noise: 0.0500 | Replay: 50000 | FPS: 66.18 | ETA: 9.8 min
2026-09-12 18:44:59,259 | INFO | Steps: 111616/150000 | Episodes: 218 | LastEpReward: 14.322 | RecentReward: 6.316 | ActorLoss: -3.481246 | CriticLoss: 0.053731 | Q: 3.5260 | TargetQ: 3.5240 | TDAbs: 0.2419 | ActorGrad: 0.0000 | CriticGrad: 1.1114 | Noise: 0.0500 | Replay: 50000 | FPS: 66.24 | ETA: 9.7 min
2026-09-12 18:45:05,477 | INFO | Steps: 112128/150000 | Episodes: 219 | LastEpReward: 11.404 | RecentReward: 7.072 | ActorLoss: -3.421792 | CriticLoss: 0.055527 | Q: 3.4684 | TargetQ: 3.4655 | TDAbs: 0.2461 | ActorGrad: 0.0000 | CriticGrad: 1.1198 | Noise: 0.0500 | Replay: 50000 | FPS: 66.30 | ETA: 9.5 min
2026-09-12 18:45:11,646 | INFO | 开始周期评估: Steps=112640 | Episodes=220 | EvalEpisodes=5
2026-09-12 18:45:28,995 | INFO | 周期评估完成: Steps=112640 | MeanReward=8.935 | StdReward=8.662
2026-09-12 18:45:29,001 | INFO | Steps: 112640/150000 | Episodes: 220 | LastEpReward: 11.090 | RecentReward: 8.153 | ActorLoss: -3.318231 | CriticLoss: 0.055884 | Q: 3.3561 | TargetQ: 3.3545 | TDAbs: 0.2474 | ActorGrad: 0.0000 | CriticGrad: 1.1036 | Noise: 0.0500 | Replay: 50000 | FPS: 65.69 | ETA: 9.5 min
2026-09-12 18:45:35,074 | INFO | Steps: 113152/150000 | Episodes: 221 | LastEpReward: -0.254 | RecentReward: 7.379 | ActorLoss: -3.263711 | CriticLoss: 0.052649 | Q: 3.2995 | TargetQ: 3.2978 | TDAbs: 0.2398 | ActorGrad: 0.0000 | CriticGrad: 1.0697 | Noise: 0.0500 | Replay: 50000 | FPS: 65.75 | ETA: 9.3 min
2026-09-12 18:45:41,226 | INFO | Steps: 113664/150000 | Episodes: 222 | LastEpReward: 3.065 | RecentReward: 6.356 | ActorLoss: -3.173437 | CriticLoss: 0.054136 | Q: 3.2122 | TargetQ: 3.2109 | TDAbs: 0.2426 | ActorGrad: 0.0000 | CriticGrad: 1.1564 | Noise: 0.0500 | Replay: 50000 | FPS: 65.81 | ETA: 9.2 min
2026-09-12 18:45:47,423 | INFO | Steps: 114176/150000 | Episodes: 223 | LastEpReward: 6.840 | RecentReward: 6.494 | ActorLoss: -3.077239 | CriticLoss: 0.056443 | Q: 3.1139 | TargetQ: 3.1120 | TDAbs: 0.2467 | ActorGrad: 0.0000 | CriticGrad: 1.0579 | Noise: 0.0500 | Replay: 50000 | FPS: 65.87 | ETA: 9.1 min
2026-09-12 18:45:53,552 | INFO | Steps: 114688/150000 | Episodes: 224 | LastEpReward: 7.366 | RecentReward: 5.617 | ActorLoss: -3.114534 | CriticLoss: 0.055242 | Q: 3.1491 | TargetQ: 3.1493 | TDAbs: 0.2458 | ActorGrad: 0.0000 | CriticGrad: 1.1551 | Noise: 0.0500 | Replay: 50000 | FPS: 65.94 | ETA: 8.9 min
2026-09-12 18:45:59,793 | INFO | Steps: 115200/150000 | Episodes: 225 | LastEpReward: 9.642 | RecentReward: 6.887 | ActorLoss: -2.954540 | CriticLoss: 0.056714 | Q: 2.9962 | TargetQ: 2.9960 | TDAbs: 0.2468 | ActorGrad: 0.0000 | CriticGrad: 1.1835 | Noise: 0.0500 | Replay: 50000 | FPS: 65.99 | ETA: 8.8 min
2026-09-12 18:46:05,941 | INFO | Steps: 115712/150000 | Episodes: 226 | LastEpReward: 11.505 | RecentReward: 7.280 | ActorLoss: -2.915553 | CriticLoss: 0.056454 | Q: 2.9508 | TargetQ: 2.9455 | TDAbs: 0.2460 | ActorGrad: 0.0000 | CriticGrad: 1.0779 | Noise: 0.0500 | Replay: 50000 | FPS: 66.05 | ETA: 8.7 min
2026-09-12 18:46:12,106 | INFO | Steps: 116224/150000 | Episodes: 227 | LastEpReward: 15.438 | RecentReward: 9.042 | ActorLoss: -2.939607 | CriticLoss: 0.050165 | Q: 2.9707 | TargetQ: 2.9687 | TDAbs: 0.2354 | ActorGrad: 0.0000 | CriticGrad: 1.0464 | Noise: 0.0500 | Replay: 50000 | FPS: 66.11 | ETA: 8.5 min
2026-09-12 18:46:18,231 | INFO | Steps: 116736/150000 | Episodes: 228 | LastEpReward: 12.526 | RecentReward: 8.862 | ActorLoss: -2.878217 | CriticLoss: 0.051514 | Q: 2.9114 | TargetQ: 2.9087 | TDAbs: 0.2356 | ActorGrad: 0.0000 | CriticGrad: 1.0709 | Noise: 0.0500 | Replay: 50000 | FPS: 66.17 | ETA: 8.4 min
2026-09-12 18:46:24,576 | INFO | Steps: 117248/150000 | Episodes: 229 | LastEpReward: 3.213 | RecentReward: 8.043 | ActorLoss: -2.787876 | CriticLoss: 0.053058 | Q: 2.8199 | TargetQ: 2.8180 | TDAbs: 0.2391 | ActorGrad: 0.0000 | CriticGrad: 1.0352 | Noise: 0.0500 | Replay: 50000 | FPS: 66.23 | ETA: 8.2 min
2026-09-12 18:46:30,925 | INFO | 开始周期评估: Steps=117760 | Episodes=230 | EvalEpisodes=5
2026-09-12 18:46:48,270 | INFO | 周期评估完成: Steps=117760 | MeanReward=8.935 | StdReward=8.662
2026-09-12 18:46:48,276 | INFO | Steps: 117760/150000 | Episodes: 230 | LastEpReward: -6.967 | RecentReward: 6.237 | ActorLoss: -2.774230 | CriticLoss: 0.052218 | Q: 2.8092 | TargetQ: 2.8086 | TDAbs: 0.2372 | ActorGrad: 0.0000 | CriticGrad: 1.0141 | Noise: 0.0500 | Replay: 50000 | FPS: 65.64 | ETA: 8.2 min
2026-09-12 18:46:54,397 | INFO | Steps: 118272/150000 | Episodes: 231 | LastEpReward: 6.000 | RecentReward: 6.863 | ActorLoss: -2.720090 | CriticLoss: 0.048334 | Q: 2.7483 | TargetQ: 2.7498 | TDAbs: 0.2312 | ActorGrad: 0.0000 | CriticGrad: 1.0213 | Noise: 0.0500 | Replay: 50000 | FPS: 65.70 | ETA: 8.0 min
2026-09-12 18:47:00,599 | INFO | Steps: 118784/150000 | Episodes: 232 | LastEpReward: 23.040 | RecentReward: 8.860 | ActorLoss: -2.682343 | CriticLoss: 0.049290 | Q: 2.7137 | TargetQ: 2.7134 | TDAbs: 0.2300 | ActorGrad: 0.0000 | CriticGrad: 1.0593 | Noise: 0.0500 | Replay: 50000 | FPS: 65.76 | ETA: 7.9 min
2026-09-12 18:47:06,704 | INFO | Steps: 119296/150000 | Episodes: 233 | LastEpReward: 5.968 | RecentReward: 8.773 | ActorLoss: -2.646327 | CriticLoss: 0.048633 | Q: 2.6754 | TargetQ: 2.6744 | TDAbs: 0.2298 | ActorGrad: 0.0000 | CriticGrad: 0.9999 | Noise: 0.0500 | Replay: 50000 | FPS: 65.82 | ETA: 7.8 min
2026-09-12 18:47:12,770 | INFO | Steps: 119808/150000 | Episodes: 234 | LastEpReward: 6.220 | RecentReward: 8.659 | ActorLoss: -2.571673 | CriticLoss: 0.048377 | Q: 2.6003 | TargetQ: 2.6019 | TDAbs: 0.2308 | ActorGrad: 0.0000 | CriticGrad: 1.0327 | Noise: 0.0500 | Replay: 50000 | FPS: 65.88 | ETA: 7.6 min
2026-09-12 18:47:18,883 | INFO | Steps: 120320/150000 | Episodes: 235 | LastEpReward: -0.904 | RecentReward: 7.604 | ActorLoss: -2.514375 | CriticLoss: 0.049114 | Q: 2.5422 | TargetQ: 2.5406 | TDAbs: 0.2302 | ActorGrad: 0.0000 | CriticGrad: 1.0434 | Noise: 0.0500 | Replay: 50000 | FPS: 65.94 | ETA: 7.5 min
2026-09-12 18:47:25,194 | INFO | Steps: 120832/150000 | Episodes: 236 | LastEpReward: 1.631 | RecentReward: 6.616 | ActorLoss: -2.490931 | CriticLoss: 0.050795 | Q: 2.5183 | TargetQ: 2.5175 | TDAbs: 0.2306 | ActorGrad: 0.0000 | CriticGrad: 1.0278 | Noise: 0.0500 | Replay: 50000 | FPS: 65.99 | ETA: 7.4 min
2026-09-12 18:47:31,310 | INFO | Steps: 121344/150000 | Episodes: 237 | LastEpReward: 12.504 | RecentReward: 6.323 | ActorLoss: -2.391547 | CriticLoss: 0.047975 | Q: 2.4215 | TargetQ: 2.4217 | TDAbs: 0.2288 | ActorGrad: 0.0000 | CriticGrad: 1.0134 | Noise: 0.0500 | Replay: 50000 | FPS: 66.05 | ETA: 7.2 min
2026-09-12 18:47:37,516 | INFO | Steps: 121856/150000 | Episodes: 238 | LastEpReward: 4.384 | RecentReward: 5.509 | ActorLoss: -2.463713 | CriticLoss: 0.043423 | Q: 2.4847 | TargetQ: 2.4829 | TDAbs: 0.2181 | ActorGrad: 0.0000 | CriticGrad: 0.8942 | Noise: 0.0500 | Replay: 50000 | FPS: 66.11 | ETA: 7.1 min
2026-09-12 18:47:43,740 | INFO | Steps: 122368/150000 | Episodes: 239 | LastEpReward: 4.274 | RecentReward: 5.615 | ActorLoss: -2.444873 | CriticLoss: 0.046282 | Q: 2.4675 | TargetQ: 2.4674 | TDAbs: 0.2219 | ActorGrad: 0.0000 | CriticGrad: 0.9490 | Noise: 0.0500 | Replay: 50000 | FPS: 66.16 | ETA: 7.0 min
2026-09-12 18:47:49,892 | INFO | 开始周期评估: Steps=122880 | Episodes=240 | EvalEpisodes=5
2026-09-12 18:48:07,264 | INFO | 周期评估完成: Steps=122880 | MeanReward=8.935 | StdReward=8.662
2026-09-12 18:48:07,270 | INFO | Steps: 122880/150000 | Episodes: 240 | LastEpReward: 2.649 | RecentReward: 6.576 | ActorLoss: -2.360872 | CriticLoss: 0.045168 | Q: 2.3836 | TargetQ: 2.3819 | TDAbs: 0.2216 | ActorGrad: 0.0000 | CriticGrad: 1.0259 | Noise: 0.0500 | Replay: 50000 | FPS: 65.60 | ETA: 6.9 min
2026-09-12 18:48:13,360 | INFO | Steps: 123392/150000 | Episodes: 241 | LastEpReward: 9.673 | RecentReward: 6.944 | ActorLoss: -2.431500 | CriticLoss: 0.047462 | Q: 2.4519 | TargetQ: 2.4498 | TDAbs: 0.2257 | ActorGrad: 0.0000 | CriticGrad: 0.9608 | Noise: 0.0500 | Replay: 50000 | FPS: 65.66 | ETA: 6.8 min
2026-09-12 18:48:19,488 | INFO | Steps: 123904/150000 | Episodes: 242 | LastEpReward: 4.738 | RecentReward: 5.113 | ActorLoss: -2.345915 | CriticLoss: 0.045102 | Q: 2.3664 | TargetQ: 2.3686 | TDAbs: 0.2205 | ActorGrad: 0.0000 | CriticGrad: 0.9325 | Noise: 0.0500 | Replay: 50000 | FPS: 65.72 | ETA: 6.6 min
2026-09-12 18:48:25,549 | INFO | Steps: 124416/150000 | Episodes: 243 | LastEpReward: 8.439 | RecentReward: 5.361 | ActorLoss: -2.274342 | CriticLoss: 0.043344 | Q: 2.2958 | TargetQ: 2.2946 | TDAbs: 0.2148 | ActorGrad: 0.0000 | CriticGrad: 0.9022 | Noise: 0.0500 | Replay: 50000 | FPS: 65.78 | ETA: 6.5 min
2026-09-12 18:48:31,713 | INFO | Steps: 124928/150000 | Episodes: 244 | LastEpReward: 8.072 | RecentReward: 5.546 | ActorLoss: -2.238984 | CriticLoss: 0.040774 | Q: 2.2577 | TargetQ: 2.2567 | TDAbs: 0.2099 | ActorGrad: 0.0000 | CriticGrad: 0.8563 | Noise: 0.0500 | Replay: 50000 | FPS: 65.84 | ETA: 6.3 min
2026-09-12 18:48:37,866 | INFO | Steps: 125440/150000 | Episodes: 245 | LastEpReward: 0.200 | RecentReward: 5.656 | ActorLoss: -2.243941 | CriticLoss: 0.040240 | Q: 2.2631 | TargetQ: 2.2602 | TDAbs: 0.2104 | ActorGrad: 0.0000 | CriticGrad: 0.8669 | Noise: 0.0500 | Replay: 50000 | FPS: 65.89 | ETA: 6.2 min
2026-09-12 18:48:44,070 | INFO | Steps: 125952/150000 | Episodes: 246 | LastEpReward: 13.341 | RecentReward: 6.827 | ActorLoss: -2.236719 | CriticLoss: 0.039447 | Q: 2.2546 | TargetQ: 2.2521 | TDAbs: 0.2076 | ActorGrad: 0.0000 | CriticGrad: 0.8424 | Noise: 0.0500 | Replay: 50000 | FPS: 65.95 | ETA: 6.1 min
2026-09-12 18:48:50,379 | INFO | Steps: 126464/150000 | Episodes: 247 | LastEpReward: -15.099 | RecentReward: 4.067 | ActorLoss: -2.115314 | CriticLoss: 0.037912 | Q: 2.1313 | TargetQ: 2.1326 | TDAbs: 0.2050 | ActorGrad: 0.0000 | CriticGrad: 0.8479 | Noise: 0.0500 | Replay: 50000 | FPS: 66.00 | ETA: 5.9 min
2026-09-12 18:48:56,482 | INFO | Steps: 126976/150000 | Episodes: 248 | LastEpReward: 7.089 | RecentReward: 4.337 | ActorLoss: -2.159675 | CriticLoss: 0.036487 | Q: 2.1742 | TargetQ: 2.1752 | TDAbs: 0.2005 | ActorGrad: 0.0000 | CriticGrad: 0.8243 | Noise: 0.0500 | Replay: 50000 | FPS: 66.05 | ETA: 5.8 min
2026-09-12 18:49:02,697 | INFO | Steps: 127488/150000 | Episodes: 249 | LastEpReward: 13.075 | RecentReward: 5.218 | ActorLoss: -2.041891 | CriticLoss: 0.036754 | Q: 2.0601 | TargetQ: 2.0608 | TDAbs: 0.1998 | ActorGrad: 0.0000 | CriticGrad: 0.8102 | Noise: 0.0500 | Replay: 50000 | FPS: 66.11 | ETA: 5.7 min
2026-09-12 18:49:08,921 | INFO | 开始周期评估: Steps=128000 | Episodes=250 | EvalEpisodes=5
2026-09-12 18:49:26,254 | INFO | 周期评估完成: Steps=128000 | MeanReward=8.935 | StdReward=8.662
2026-09-12 18:49:26,260 | INFO | Steps: 128000/150000 | Episodes: 250 | LastEpReward: 5.133 | RecentReward: 5.466 | ActorLoss: -2.042160 | CriticLoss: 0.035573 | Q: 2.0561 | TargetQ: 2.0561 | TDAbs: 0.1971 | ActorGrad: 0.0000 | CriticGrad: 0.7878 | Noise: 0.0500 | Replay: 50000 | FPS: 65.57 | ETA: 5.6 min
2026-09-12 18:49:32,468 | INFO | Steps: 128512/150000 | Episodes: 251 | LastEpReward: 9.165 | RecentReward: 5.415 | ActorLoss: -1.979053 | CriticLoss: 0.033499 | Q: 1.9918 | TargetQ: 1.9914 | TDAbs: 0.1929 | ActorGrad: 0.0000 | CriticGrad: 0.7258 | Noise: 0.0500 | Replay: 50000 | FPS: 65.62 | ETA: 5.5 min
2026-09-12 18:49:38,730 | INFO | Steps: 129024/150000 | Episodes: 252 | LastEpReward: 1.120 | RecentReward: 5.054 | ActorLoss: -1.974441 | CriticLoss: 0.034911 | Q: 1.9873 | TargetQ: 1.9863 | TDAbs: 0.1940 | ActorGrad: 0.0000 | CriticGrad: 0.7431 | Noise: 0.0500 | Replay: 50000 | FPS: 65.68 | ETA: 5.3 min
2026-09-12 18:49:44,877 | INFO | Steps: 129536/150000 | Episodes: 253 | LastEpReward: 5.620 | RecentReward: 4.772 | ActorLoss: -1.924553 | CriticLoss: 0.032827 | Q: 1.9360 | TargetQ: 1.9373 | TDAbs: 0.1892 | ActorGrad: 0.0000 | CriticGrad: 0.7426 | Noise: 0.0500 | Replay: 50000 | FPS: 65.73 | ETA: 5.2 min
2026-09-12 18:49:51,003 | INFO | Steps: 130048/150000 | Episodes: 254 | LastEpReward: 6.144 | RecentReward: 4.579 | ActorLoss: -1.896681 | CriticLoss: 0.032604 | Q: 1.9085 | TargetQ: 1.9094 | TDAbs: 0.1891 | ActorGrad: 0.0000 | CriticGrad: 0.7315 | Noise: 0.0500 | Replay: 50000 | FPS: 65.79 | ETA: 5.1 min
2026-09-12 18:49:57,271 | INFO | Steps: 130560/150000 | Episodes: 255 | LastEpReward: -0.294 | RecentReward: 4.529 | ActorLoss: -1.824215 | CriticLoss: 0.032921 | Q: 1.8349 | TargetQ: 1.8336 | TDAbs: 0.1893 | ActorGrad: 0.0000 | CriticGrad: 0.7627 | Noise: 0.0500 | Replay: 50000 | FPS: 65.84 | ETA: 4.9 min
2026-09-12 18:50:03,441 | INFO | Steps: 131072/150000 | Episodes: 256 | LastEpReward: 6.498 | RecentReward: 3.845 | ActorLoss: -1.829360 | CriticLoss: 0.034420 | Q: 1.8406 | TargetQ: 1.8407 | TDAbs: 0.1907 | ActorGrad: 0.0000 | CriticGrad: 0.7335 | Noise: 0.0500 | Replay: 50000 | FPS: 65.89 | ETA: 4.8 min
2026-09-12 18:50:09,663 | INFO | Steps: 131584/150000 | Episodes: 257 | LastEpReward: 15.510 | RecentReward: 6.906 | ActorLoss: -1.817583 | CriticLoss: 0.031938 | Q: 1.8257 | TargetQ: 1.8248 | TDAbs: 0.1861 | ActorGrad: 0.0000 | CriticGrad: 0.7072 | Noise: 0.0500 | Replay: 50000 | FPS: 65.94 | ETA: 4.7 min
2026-09-12 18:50:15,774 | INFO | Steps: 132096/150000 | Episodes: 258 | LastEpReward: 6.975 | RecentReward: 6.895 | ActorLoss: -1.827504 | CriticLoss: 0.030766 | Q: 1.8340 | TargetQ: 1.8330 | TDAbs: 0.1838 | ActorGrad: 0.0000 | CriticGrad: 0.7257 | Noise: 0.0500 | Replay: 50000 | FPS: 66.00 | ETA: 4.5 min
2026-09-12 18:50:21,970 | INFO | Steps: 132608/150000 | Episodes: 259 | LastEpReward: 7.284 | RecentReward: 6.315 | ActorLoss: -1.783754 | CriticLoss: 0.030040 | Q: 1.7921 | TargetQ: 1.7920 | TDAbs: 0.1814 | ActorGrad: 0.0000 | CriticGrad: 0.7018 | Noise: 0.0500 | Replay: 50000 | FPS: 66.05 | ETA: 4.4 min
2026-09-12 18:50:28,103 | INFO | 开始周期评估: Steps=133120 | Episodes=260 | EvalEpisodes=5
2026-09-12 18:50:45,433 | INFO | 周期评估完成: Steps=133120 | MeanReward=8.935 | StdReward=8.662
2026-09-12 18:50:45,439 | INFO | Steps: 133120/150000 | Episodes: 260 | LastEpReward: 4.646 | RecentReward: 6.267 | ActorLoss: -1.752983 | CriticLoss: 0.028924 | Q: 1.7602 | TargetQ: 1.7599 | TDAbs: 0.1787 | ActorGrad: 0.0000 | CriticGrad: 0.6766 | Noise: 0.0500 | Replay: 50000 | FPS: 65.54 | ETA: 4.3 min
2026-09-12 18:50:51,633 | INFO | Steps: 133632/150000 | Episodes: 261 | LastEpReward: 14.917 | RecentReward: 6.842 | ActorLoss: -1.822005 | CriticLoss: 0.028565 | Q: 1.8290 | TargetQ: 1.8284 | TDAbs: 0.1785 | ActorGrad: 0.0000 | CriticGrad: 0.6608 | Noise: 0.0500 | Replay: 50000 | FPS: 65.59 | ETA: 4.2 min
2026-09-12 18:50:57,811 | INFO | Steps: 134144/150000 | Episodes: 262 | LastEpReward: 16.671 | RecentReward: 8.397 | ActorLoss: -1.793403 | CriticLoss: 0.027710 | Q: 1.7987 | TargetQ: 1.7977 | TDAbs: 0.1735 | ActorGrad: 0.0000 | CriticGrad: 0.6218 | Noise: 0.0500 | Replay: 50000 | FPS: 65.64 | ETA: 4.0 min
2026-09-12 18:51:04,257 | INFO | Steps: 134656/150000 | Episodes: 263 | LastEpReward: -16.191 | RecentReward: 6.216 | ActorLoss: -1.732053 | CriticLoss: 0.027636 | Q: 1.7370 | TargetQ: 1.7366 | TDAbs: 0.1738 | ActorGrad: 0.0000 | CriticGrad: 0.6740 | Noise: 0.0500 | Replay: 50000 | FPS: 65.68 | ETA: 3.9 min
2026-09-12 18:51:10,455 | INFO | Steps: 135168/150000 | Episodes: 264 | LastEpReward: 5.356 | RecentReward: 6.137 | ActorLoss: -1.733018 | CriticLoss: 0.029832 | Q: 1.7365 | TargetQ: 1.7360 | TDAbs: 0.1751 | ActorGrad: 0.0000 | CriticGrad: 0.6476 | Noise: 0.0500 | Replay: 50000 | FPS: 65.73 | ETA: 3.8 min
2026-09-12 18:51:16,631 | INFO | Steps: 135680/150000 | Episodes: 265 | LastEpReward: 17.451 | RecentReward: 7.912 | ActorLoss: -1.727367 | CriticLoss: 0.026639 | Q: 1.7303 | TargetQ: 1.7303 | TDAbs: 0.1716 | ActorGrad: 0.0000 | CriticGrad: 0.6682 | Noise: 0.0500 | Replay: 50000 | FPS: 65.79 | ETA: 3.6 min
2026-09-12 18:51:22,768 | INFO | Steps: 136192/150000 | Episodes: 266 | LastEpReward: 11.839 | RecentReward: 8.446 | ActorLoss: -1.660183 | CriticLoss: 0.024869 | Q: 1.6619 | TargetQ: 1.6611 | TDAbs: 0.1676 | ActorGrad: 0.0000 | CriticGrad: 0.6384 | Noise: 0.0500 | Replay: 50000 | FPS: 65.84 | ETA: 3.5 min
2026-09-12 18:51:28,868 | INFO | Steps: 136704/150000 | Episodes: 267 | LastEpReward: -0.594 | RecentReward: 6.835 | ActorLoss: -1.648591 | CriticLoss: 0.025878 | Q: 1.6509 | TargetQ: 1.6505 | TDAbs: 0.1687 | ActorGrad: 0.0000 | CriticGrad: 0.6037 | Noise: 0.0500 | Replay: 50000 | FPS: 65.89 | ETA: 3.4 min
2026-09-12 18:51:35,109 | INFO | Steps: 137216/150000 | Episodes: 268 | LastEpReward: 5.187 | RecentReward: 6.657 | ActorLoss: -1.644872 | CriticLoss: 0.025644 | Q: 1.6463 | TargetQ: 1.6447 | TDAbs: 0.1660 | ActorGrad: 0.0000 | CriticGrad: 0.5935 | Noise: 0.0500 | Replay: 50000 | FPS: 65.94 | ETA: 3.2 min
2026-09-12 18:51:41,198 | INFO | Steps: 137728/150000 | Episodes: 269 | LastEpReward: 15.457 | RecentReward: 7.474 | ActorLoss: -1.609828 | CriticLoss: 0.023485 | Q: 1.6115 | TargetQ: 1.6117 | TDAbs: 0.1622 | ActorGrad: 0.0000 | CriticGrad: 0.6097 | Noise: 0.0500 | Replay: 50000 | FPS: 65.99 | ETA: 3.1 min
2026-09-12 18:51:47,402 | INFO | 开始周期评估: Steps=138240 | Episodes=270 | EvalEpisodes=5
2026-09-12 18:52:04,813 | INFO | 周期评估完成: Steps=138240 | MeanReward=8.935 | StdReward=8.662
2026-09-12 18:52:04,819 | INFO | Steps: 138240/150000 | Episodes: 270 | LastEpReward: 7.374 | RecentReward: 7.747 | ActorLoss: -1.607831 | CriticLoss: 0.023778 | Q: 1.6090 | TargetQ: 1.6090 | TDAbs: 0.1620 | ActorGrad: 0.0000 | CriticGrad: 0.5989 | Noise: 0.0500 | Replay: 50000 | FPS: 65.50 | ETA: 3.0 min
2026-09-12 18:52:11,152 | INFO | Steps: 138752/150000 | Episodes: 271 | LastEpReward: 2.927 | RecentReward: 6.548 | ActorLoss: -1.593002 | CriticLoss: 0.022298 | Q: 1.5942 | TargetQ: 1.5943 | TDAbs: 0.1575 | ActorGrad: 0.0000 | CriticGrad: 0.5321 | Noise: 0.0500 | Replay: 50000 | FPS: 65.54 | ETA: 2.9 min
2026-09-12 18:52:17,306 | INFO | Steps: 139264/150000 | Episodes: 272 | LastEpReward: 4.753 | RecentReward: 5.356 | ActorLoss: -1.605921 | CriticLoss: 0.022003 | Q: 1.6065 | TargetQ: 1.6064 | TDAbs: 0.1562 | ActorGrad: 0.0000 | CriticGrad: 0.5318 | Noise: 0.0500 | Replay: 50000 | FPS: 65.59 | ETA: 2.7 min
2026-09-12 18:52:23,409 | INFO | Steps: 139776/150000 | Episodes: 273 | LastEpReward: 7.762 | RecentReward: 7.751 | ActorLoss: -1.586691 | CriticLoss: 0.022602 | Q: 1.5869 | TargetQ: 1.5865 | TDAbs: 0.1581 | ActorGrad: 0.0000 | CriticGrad: 0.5446 | Noise: 0.0500 | Replay: 50000 | FPS: 65.65 | ETA: 2.6 min
2026-09-12 18:52:29,544 | INFO | Steps: 140288/150000 | Episodes: 274 | LastEpReward: 10.919 | RecentReward: 8.307 | ActorLoss: -1.545380 | CriticLoss: 0.020969 | Q: 1.5459 | TargetQ: 1.5455 | TDAbs: 0.1543 | ActorGrad: 0.0000 | CriticGrad: 0.5389 | Noise: 0.0500 | Replay: 50000 | FPS: 65.70 | ETA: 2.5 min
2026-09-12 18:52:35,710 | INFO | Steps: 140800/150000 | Episodes: 275 | LastEpReward: 10.230 | RecentReward: 7.585 | ActorLoss: -1.525961 | CriticLoss: 0.021042 | Q: 1.5270 | TargetQ: 1.5274 | TDAbs: 0.1552 | ActorGrad: 0.0000 | CriticGrad: 0.5531 | Noise: 0.0500 | Replay: 50000 | FPS: 65.75 | ETA: 2.3 min
2026-09-12 18:52:41,964 | INFO | Steps: 141312/150000 | Episodes: 276 | LastEpReward: 8.450 | RecentReward: 7.246 | ActorLoss: -1.505244 | CriticLoss: 0.020231 | Q: 1.5060 | TargetQ: 1.5060 | TDAbs: 0.1499 | ActorGrad: 0.0000 | CriticGrad: 0.5015 | Noise: 0.0500 | Replay: 50000 | FPS: 65.79 | ETA: 2.2 min
2026-09-12 18:52:48,352 | INFO | Steps: 141824/150000 | Episodes: 277 | LastEpReward: -9.270 | RecentReward: 6.379 | ActorLoss: -1.478231 | CriticLoss: 0.020397 | Q: 1.4792 | TargetQ: 1.4786 | TDAbs: 0.1509 | ActorGrad: 0.0000 | CriticGrad: 0.5008 | Noise: 0.0500 | Replay: 50000 | FPS: 65.84 | ETA: 2.1 min
2026-09-12 18:52:54,608 | INFO | Steps: 142336/150000 | Episodes: 278 | LastEpReward: 13.487 | RecentReward: 7.209 | ActorLoss: -1.479672 | CriticLoss: 0.020936 | Q: 1.4800 | TargetQ: 1.4795 | TDAbs: 0.1521 | ActorGrad: 0.0000 | CriticGrad: 0.5109 | Noise: 0.0500 | Replay: 50000 | FPS: 65.88 | ETA: 1.9 min
2026-09-12 18:53:00,954 | INFO | Steps: 142848/150000 | Episodes: 279 | LastEpReward: 0.050 | RecentReward: 5.668 | ActorLoss: -1.483226 | CriticLoss: 0.020502 | Q: 1.4852 | TargetQ: 1.4846 | TDAbs: 0.1510 | ActorGrad: 0.0000 | CriticGrad: 0.4996 | Noise: 0.0500 | Replay: 50000 | FPS: 65.93 | ETA: 1.8 min
2026-09-12 18:53:07,060 | INFO | 开始周期评估: Steps=143360 | Episodes=280 | EvalEpisodes=5
2026-09-12 18:53:24,432 | INFO | 周期评估完成: Steps=143360 | MeanReward=8.935 | StdReward=8.662
2026-09-12 18:53:24,439 | INFO | Steps: 143360/150000 | Episodes: 280 | LastEpReward: 17.254 | RecentReward: 6.656 | ActorLoss: -1.457217 | CriticLoss: 0.019724 | Q: 1.4585 | TargetQ: 1.4574 | TDAbs: 0.1479 | ActorGrad: 0.0000 | CriticGrad: 0.4828 | Noise: 0.0500 | Replay: 50000 | FPS: 65.45 | ETA: 1.7 min
2026-09-12 18:53:30,721 | INFO | Steps: 143872/150000 | Episodes: 281 | LastEpReward: 9.962 | RecentReward: 7.360 | ActorLoss: -1.395278 | CriticLoss: 0.019716 | Q: 1.3956 | TargetQ: 1.3951 | TDAbs: 0.1491 | ActorGrad: 0.0000 | CriticGrad: 0.4839 | Noise: 0.0500 | Replay: 50000 | FPS: 65.50 | ETA: 1.6 min
2026-09-12 18:53:36,978 | INFO | Steps: 144384/150000 | Episodes: 282 | LastEpReward: 7.814 | RecentReward: 7.666 | ActorLoss: -1.417415 | CriticLoss: 0.019680 | Q: 1.4185 | TargetQ: 1.4182 | TDAbs: 0.1485 | ActorGrad: 0.0000 | CriticGrad: 0.4973 | Noise: 0.0500 | Replay: 50000 | FPS: 65.55 | ETA: 1.4 min
2026-09-12 18:53:43,179 | INFO | Steps: 144896/150000 | Episodes: 283 | LastEpReward: 10.410 | RecentReward: 7.931 | ActorLoss: -1.429087 | CriticLoss: 0.020603 | Q: 1.4303 | TargetQ: 1.4312 | TDAbs: 0.1512 | ActorGrad: 0.0000 | CriticGrad: 0.5463 | Noise: 0.0500 | Replay: 50000 | FPS: 65.59 | ETA: 1.3 min
2026-09-12 18:53:49,420 | INFO | Steps: 145408/150000 | Episodes: 284 | LastEpReward: 13.874 | RecentReward: 8.226 | ActorLoss: -1.385419 | CriticLoss: 0.019921 | Q: 1.3862 | TargetQ: 1.3852 | TDAbs: 0.1482 | ActorGrad: 0.0000 | CriticGrad: 0.5029 | Noise: 0.0500 | Replay: 50000 | FPS: 65.64 | ETA: 1.2 min
2026-09-12 18:53:55,583 | INFO | Steps: 145920/150000 | Episodes: 285 | LastEpReward: 2.823 | RecentReward: 7.486 | ActorLoss: -1.400559 | CriticLoss: 0.019482 | Q: 1.4011 | TargetQ: 1.4014 | TDAbs: 0.1470 | ActorGrad: 0.0000 | CriticGrad: 0.5162 | Noise: 0.0500 | Replay: 50000 | FPS: 65.69 | ETA: 1.0 min
2026-09-12 18:54:01,803 | INFO | Steps: 146432/150000 | Episodes: 286 | LastEpReward: 9.444 | RecentReward: 7.585 | ActorLoss: -1.367396 | CriticLoss: 0.020058 | Q: 1.3679 | TargetQ: 1.3678 | TDAbs: 0.1502 | ActorGrad: 0.0000 | CriticGrad: 0.5212 | Noise: 0.0500 | Replay: 50000 | FPS: 65.73 | ETA: 0.9 min
2026-09-12 18:54:07,977 | INFO | Steps: 146944/150000 | Episodes: 287 | LastEpReward: 15.592 | RecentReward: 10.071 | ActorLoss: -1.350256 | CriticLoss: 0.019710 | Q: 1.3512 | TargetQ: 1.3506 | TDAbs: 0.1484 | ActorGrad: 0.0000 | CriticGrad: 0.5201 | Noise: 0.0500 | Replay: 50000 | FPS: 65.78 | ETA: 0.8 min
2026-09-12 18:54:14,193 | INFO | Steps: 147456/150000 | Episodes: 288 | LastEpReward: 1.353 | RecentReward: 8.858 | ActorLoss: -1.371855 | CriticLoss: 0.020099 | Q: 1.3726 | TargetQ: 1.3706 | TDAbs: 0.1481 | ActorGrad: 0.0000 | CriticGrad: 0.4981 | Noise: 0.0500 | Replay: 50000 | FPS: 65.83 | ETA: 0.6 min
2026-09-12 18:54:20,577 | INFO | Steps: 147968/150000 | Episodes: 289 | LastEpReward: -5.782 | RecentReward: 8.274 | ActorLoss: -1.346983 | CriticLoss: 0.019071 | Q: 1.3469 | TargetQ: 1.3479 | TDAbs: 0.1453 | ActorGrad: 0.0000 | CriticGrad: 0.4921 | Noise: 0.0500 | Replay: 50000 | FPS: 65.87 | ETA: 0.5 min
2026-09-12 18:54:26,742 | INFO | 开始周期评估: Steps=148480 | Episodes=290 | EvalEpisodes=5
2026-09-12 18:54:44,092 | INFO | 周期评估完成: Steps=148480 | MeanReward=8.935 | StdReward=8.662
2026-09-12 18:54:44,098 | INFO | Steps: 148480/150000 | Episodes: 290 | LastEpReward: 10.666 | RecentReward: 7.616 | ActorLoss: -1.344701 | CriticLoss: 0.018975 | Q: 1.3455 | TargetQ: 1.3460 | TDAbs: 0.1462 | ActorGrad: 0.0000 | CriticGrad: 0.5145 | Noise: 0.0500 | Replay: 50000 | FPS: 65.41 | ETA: 0.4 min
2026-09-12 18:54:50,346 | INFO | Steps: 148992/150000 | Episodes: 291 | LastEpReward: 6.980 | RecentReward: 7.317 | ActorLoss: -1.335453 | CriticLoss: 0.017532 | Q: 1.3362 | TargetQ: 1.3358 | TDAbs: 0.1405 | ActorGrad: 0.0000 | CriticGrad: 0.4384 | Noise: 0.0500 | Replay: 50000 | FPS: 65.46 | ETA: 0.3 min
2026-09-12 18:54:56,465 | INFO | Steps: 149504/150000 | Episodes: 292 | LastEpReward: 5.090 | RecentReward: 7.045 | ActorLoss: -1.290371 | CriticLoss: 0.018686 | Q: 1.2903 | TargetQ: 1.2900 | TDAbs: 0.1459 | ActorGrad: 0.0000 | CriticGrad: 0.5075 | Noise: 0.0500 | Replay: 50000 | FPS: 65.51 | ETA: 0.1 min
2026-09-12 18:55:02,553 | INFO | Steps: 150000/150000 | Episodes: 292 | LastEpReward: 5.090 | RecentReward: 7.045 | ActorLoss: -1.322986 | CriticLoss: 0.017813 | Q: 1.3234 | TargetQ: 1.3225 | TDAbs: 0.1411 | ActorGrad: 0.0000 | CriticGrad: 0.4354 | Noise: 0.0500 | Replay: 50000 | FPS: 65.55 | ETA: 0.0 min
2026-09-12 18:55:37,284 | INFO | MADDPG 训练与评估完成，最佳权重: /home/pjpjq/LEO_switch/results/multiseed_0907/seed45/u20/learned_baselines/maddpg/maddpg_model.pt
