2026-08-05 12:26:31,056 | INFO | ============================================================
2026-08-05 12:26:31,056 | INFO | 开始训练纯 PDQN 基线
2026-08-05 12:26:31,057 | INFO | 总步数: 150000 | warmup: 1000 | batch: 128 | 日志间隔: 512 steps | 保存间隔: 50000 steps | device: cuda
2026-08-05 12:26:31,057 | INFO | ============================================================
2026-08-05 12:26:42,168 | INFO | Steps: 512/150000 | Episodes: 1 | CurrentEpReward: 0.000 | RecentReward: 2.905 | QLoss: 0.000000 | ParamLoss: 0.000000 | Epsilon: 1.0000 | Replay: 512
2026-08-05 12:26:55,070 | INFO | Steps: 1024/150000 | Episodes: 2 | CurrentEpReward: 0.000 | RecentReward: -3.299 | QLoss: 0.169375 | ParamLoss: -0.001576 | Epsilon: 0.9993 | Replay: 1024
2026-08-05 12:27:24,398 | INFO | Steps: 1536/150000 | Episodes: 3 | CurrentEpReward: 0.000 | RecentReward: -5.485 | QLoss: 0.164052 | ParamLoss: -0.008311 | Epsilon: 0.9860 | Replay: 1536
2026-08-05 12:27:56,046 | INFO | Steps: 2048/150000 | Episodes: 4 | CurrentEpReward: 0.000 | RecentReward: -5.196 | QLoss: 0.173224 | ParamLoss: -0.018436 | Epsilon: 0.9726 | Replay: 2048
2026-08-05 12:28:28,450 | INFO | Steps: 2560/150000 | Episodes: 5 | CurrentEpReward: 0.000 | RecentReward: -6.735 | QLoss: 0.172650 | ParamLoss: -0.024813 | Epsilon: 0.9592 | Replay: 2560
2026-08-05 12:29:00,527 | INFO | Steps: 3072/150000 | Episodes: 6 | CurrentEpReward: 0.000 | RecentReward: -7.120 | QLoss: 0.178265 | ParamLoss: -0.032682 | Epsilon: 0.9458 | Replay: 3072
2026-08-05 12:29:35,274 | INFO | Steps: 3584/150000 | Episodes: 7 | CurrentEpReward: 0.000 | RecentReward: -8.289 | QLoss: 0.182913 | ParamLoss: -0.038095 | Epsilon: 0.9324 | Replay: 3584
2026-08-05 12:30:08,255 | INFO | Steps: 4096/150000 | Episodes: 8 | CurrentEpReward: 0.000 | RecentReward: -7.660 | QLoss: 0.186194 | ParamLoss: -0.045880 | Epsilon: 0.9191 | Replay: 4096
2026-08-05 12:30:41,664 | INFO | Steps: 4608/150000 | Episodes: 9 | CurrentEpReward: 0.000 | RecentReward: -7.808 | QLoss: 0.183399 | ParamLoss: -0.049828 | Epsilon: 0.9057 | Replay: 4608
2026-08-05 12:31:14,705 | INFO | Steps: 5120/150000 | Episodes: 10 | CurrentEpReward: 0.000 | RecentReward: -7.473 | QLoss: 0.186641 | ParamLoss: -0.055611 | Epsilon: 0.8923 | Replay: 5120
2026-08-05 12:31:47,861 | INFO | Steps: 5632/150000 | Episodes: 11 | CurrentEpReward: 0.000 | RecentReward: -7.905 | QLoss: 0.182396 | ParamLoss: -0.060754 | Epsilon: 0.8789 | Replay: 5632
2026-08-05 12:32:23,866 | INFO | Steps: 6144/150000 | Episodes: 12 | CurrentEpReward: 0.000 | RecentReward: -6.627 | QLoss: 0.190428 | ParamLoss: -0.070265 | Epsilon: 0.8655 | Replay: 6144
2026-08-05 12:32:57,534 | INFO | Steps: 6656/150000 | Episodes: 13 | CurrentEpReward: 0.000 | RecentReward: -5.212 | QLoss: 0.192803 | ParamLoss: -0.083377 | Epsilon: 0.8522 | Replay: 6656
2026-08-05 12:33:31,379 | INFO | Steps: 7168/150000 | Episodes: 14 | CurrentEpReward: 0.000 | RecentReward: -5.288 | QLoss: 0.193256 | ParamLoss: -0.088040 | Epsilon: 0.8388 | Replay: 7168
2026-08-05 12:34:04,390 | INFO | Steps: 7680/150000 | Episodes: 15 | CurrentEpReward: 0.000 | RecentReward: -4.576 | QLoss: 0.196744 | ParamLoss: -0.096495 | Epsilon: 0.8254 | Replay: 7680
2026-08-05 12:34:38,405 | INFO | Steps: 8192/150000 | Episodes: 16 | CurrentEpReward: 0.000 | RecentReward: -3.088 | QLoss: 0.200190 | ParamLoss: -0.101700 | Epsilon: 0.8120 | Replay: 8192
2026-08-05 12:35:10,782 | INFO | Steps: 8704/150000 | Episodes: 17 | CurrentEpReward: 0.000 | RecentReward: -1.908 | QLoss: 0.195052 | ParamLoss: -0.113118 | Epsilon: 0.7986 | Replay: 8704
2026-08-05 12:35:43,925 | INFO | Steps: 9216/150000 | Episodes: 18 | CurrentEpReward: 0.000 | RecentReward: -2.060 | QLoss: 0.203595 | ParamLoss: -0.122496 | Epsilon: 0.7853 | Replay: 9216
2026-08-05 12:36:19,163 | INFO | Steps: 9728/150000 | Episodes: 19 | CurrentEpReward: 0.000 | RecentReward: -0.546 | QLoss: 0.206365 | ParamLoss: -0.129522 | Epsilon: 0.7719 | Replay: 9728
2026-08-05 12:36:53,297 | INFO | Steps: 10240/150000 | Episodes: 20 | CurrentEpReward: 0.000 | RecentReward: 0.897 | QLoss: 0.208815 | ParamLoss: -0.134854 | Epsilon: 0.7585 | Replay: 10240
2026-08-05 12:37:27,721 | INFO | Steps: 10752/150000 | Episodes: 21 | CurrentEpReward: 0.000 | RecentReward: 1.522 | QLoss: 0.211091 | ParamLoss: -0.142522 | Epsilon: 0.7451 | Replay: 10752
2026-08-05 12:38:01,983 | INFO | Steps: 11264/150000 | Episodes: 22 | CurrentEpReward: 0.000 | RecentReward: 2.329 | QLoss: 0.212070 | ParamLoss: -0.147225 | Epsilon: 0.7317 | Replay: 11264
2026-08-05 12:38:36,854 | INFO | Steps: 11776/150000 | Episodes: 23 | CurrentEpReward: 0.000 | RecentReward: 4.025 | QLoss: 0.211183 | ParamLoss: -0.153673 | Epsilon: 0.7184 | Replay: 11776
2026-08-05 12:39:09,370 | INFO | Steps: 12288/150000 | Episodes: 24 | CurrentEpReward: 0.000 | RecentReward: 5.877 | QLoss: 0.222365 | ParamLoss: -0.162710 | Epsilon: 0.7050 | Replay: 12288
2026-08-05 12:39:41,096 | INFO | Steps: 12800/150000 | Episodes: 25 | CurrentEpReward: 0.000 | RecentReward: 7.279 | QLoss: 0.221016 | ParamLoss: -0.168836 | Epsilon: 0.6916 | Replay: 12800
2026-08-05 12:40:16,100 | INFO | Steps: 13312/150000 | Episodes: 26 | CurrentEpReward: 0.000 | RecentReward: 7.233 | QLoss: 0.221652 | ParamLoss: -0.172681 | Epsilon: 0.6782 | Replay: 13312
2026-08-05 12:40:50,295 | INFO | Steps: 13824/150000 | Episodes: 27 | CurrentEpReward: 0.000 | RecentReward: 8.291 | QLoss: 0.222856 | ParamLoss: -0.181632 | Epsilon: 0.6648 | Replay: 13824
2026-08-05 12:41:24,693 | INFO | Steps: 14336/150000 | Episodes: 28 | CurrentEpReward: 0.000 | RecentReward: 10.050 | QLoss: 0.222814 | ParamLoss: -0.188952 | Epsilon: 0.6515 | Replay: 14336
2026-08-05 12:41:59,309 | INFO | Steps: 14848/150000 | Episodes: 29 | CurrentEpReward: 0.000 | RecentReward: 10.747 | QLoss: 0.241702 | ParamLoss: -0.199744 | Epsilon: 0.6381 | Replay: 14848
2026-08-05 12:42:33,680 | INFO | Steps: 15360/150000 | Episodes: 30 | CurrentEpReward: 0.000 | RecentReward: 10.260 | QLoss: 0.234585 | ParamLoss: -0.208923 | Epsilon: 0.6247 | Replay: 15360
2026-08-05 12:43:07,594 | INFO | Steps: 15872/150000 | Episodes: 31 | CurrentEpReward: 0.000 | RecentReward: 11.998 | QLoss: 0.229239 | ParamLoss: -0.221171 | Epsilon: 0.6113 | Replay: 15872
2026-08-05 12:43:42,448 | INFO | Steps: 16384/150000 | Episodes: 32 | CurrentEpReward: 0.000 | RecentReward: 11.164 | QLoss: 0.233755 | ParamLoss: -0.228810 | Epsilon: 0.5979 | Replay: 16384
2026-08-05 12:44:16,606 | INFO | Steps: 16896/150000 | Episodes: 33 | CurrentEpReward: 0.000 | RecentReward: 9.632 | QLoss: 0.235765 | ParamLoss: -0.242152 | Epsilon: 0.5846 | Replay: 16896
2026-08-05 12:44:51,212 | INFO | Steps: 17408/150000 | Episodes: 34 | CurrentEpReward: 0.000 | RecentReward: 9.571 | QLoss: 0.237625 | ParamLoss: -0.253785 | Epsilon: 0.5712 | Replay: 17408
2026-08-05 12:45:25,687 | INFO | Steps: 17920/150000 | Episodes: 35 | CurrentEpReward: 0.000 | RecentReward: 10.141 | QLoss: 0.249773 | ParamLoss: -0.260691 | Epsilon: 0.5578 | Replay: 17920
2026-08-05 12:46:00,181 | INFO | Steps: 18432/150000 | Episodes: 36 | CurrentEpReward: 0.000 | RecentReward: 11.157 | QLoss: 0.238956 | ParamLoss: -0.266569 | Epsilon: 0.5444 | Replay: 18432
2026-08-05 12:46:33,790 | INFO | Steps: 18944/150000 | Episodes: 37 | CurrentEpReward: 0.000 | RecentReward: 11.729 | QLoss: 0.249127 | ParamLoss: -0.270666 | Epsilon: 0.5310 | Replay: 18944
2026-08-05 12:47:06,583 | INFO | Steps: 19456/150000 | Episodes: 38 | CurrentEpReward: 0.000 | RecentReward: 12.373 | QLoss: 0.249057 | ParamLoss: -0.281202 | Epsilon: 0.5177 | Replay: 19456
2026-08-05 12:47:40,195 | INFO | Steps: 19968/150000 | Episodes: 39 | CurrentEpReward: 0.000 | RecentReward: 13.113 | QLoss: 0.243503 | ParamLoss: -0.285236 | Epsilon: 0.5043 | Replay: 19968
2026-08-05 12:48:15,530 | INFO | Steps: 20480/150000 | Episodes: 40 | CurrentEpReward: 0.000 | RecentReward: 14.781 | QLoss: 0.270891 | ParamLoss: -0.288146 | Epsilon: 0.4909 | Replay: 20480
2026-08-05 12:48:48,526 | INFO | Steps: 20992/150000 | Episodes: 41 | CurrentEpReward: 0.000 | RecentReward: 14.741 | QLoss: 0.257121 | ParamLoss: -0.299116 | Epsilon: 0.4775 | Replay: 20992
2026-08-05 12:49:23,199 | INFO | Steps: 21504/150000 | Episodes: 42 | CurrentEpReward: 0.000 | RecentReward: 17.181 | QLoss: 0.262912 | ParamLoss: -0.309016 | Epsilon: 0.4641 | Replay: 21504
2026-08-05 12:49:59,466 | INFO | Steps: 22016/150000 | Episodes: 43 | CurrentEpReward: 0.000 | RecentReward: 18.811 | QLoss: 0.277085 | ParamLoss: -0.311657 | Epsilon: 0.4508 | Replay: 22016
2026-08-05 12:50:32,761 | INFO | Steps: 22528/150000 | Episodes: 44 | CurrentEpReward: 0.000 | RecentReward: 20.247 | QLoss: 0.286863 | ParamLoss: -0.324540 | Epsilon: 0.4374 | Replay: 22528
2026-08-05 12:51:07,561 | INFO | Steps: 23040/150000 | Episodes: 45 | CurrentEpReward: 0.000 | RecentReward: 22.667 | QLoss: 0.266172 | ParamLoss: -0.334363 | Epsilon: 0.4240 | Replay: 23040
2026-08-05 12:51:40,522 | INFO | Steps: 23552/150000 | Episodes: 46 | CurrentEpReward: 0.000 | RecentReward: 23.978 | QLoss: 0.286721 | ParamLoss: -0.341100 | Epsilon: 0.4106 | Replay: 23552
2026-08-05 12:52:13,758 | INFO | Steps: 24064/150000 | Episodes: 47 | CurrentEpReward: 0.000 | RecentReward: 25.956 | QLoss: 0.281429 | ParamLoss: -0.360633 | Epsilon: 0.3972 | Replay: 24064
2026-08-05 12:52:46,009 | INFO | Steps: 24576/150000 | Episodes: 48 | CurrentEpReward: 0.000 | RecentReward: 28.373 | QLoss: 0.308955 | ParamLoss: -0.374535 | Epsilon: 0.3839 | Replay: 24576
2026-08-05 12:53:19,943 | INFO | Steps: 25088/150000 | Episodes: 49 | CurrentEpReward: 0.000 | RecentReward: 29.439 | QLoss: 0.272385 | ParamLoss: -0.384699 | Epsilon: 0.3705 | Replay: 25088
2026-08-05 12:53:53,721 | INFO | Steps: 25600/150000 | Episodes: 50 | CurrentEpReward: 0.000 | RecentReward: 29.180 | QLoss: 0.271721 | ParamLoss: -0.388815 | Epsilon: 0.3571 | Replay: 25600
2026-08-05 12:54:28,344 | INFO | Steps: 26112/150000 | Episodes: 51 | CurrentEpReward: 0.000 | RecentReward: 30.095 | QLoss: 0.310500 | ParamLoss: -0.393409 | Epsilon: 0.3437 | Replay: 26112
2026-08-05 12:55:01,104 | INFO | Steps: 26624/150000 | Episodes: 52 | CurrentEpReward: 0.000 | RecentReward: 30.854 | QLoss: 0.274372 | ParamLoss: -0.402801 | Epsilon: 0.3303 | Replay: 26624
2026-08-05 12:55:34,718 | INFO | Steps: 27136/150000 | Episodes: 53 | CurrentEpReward: 0.000 | RecentReward: 32.668 | QLoss: 0.280144 | ParamLoss: -0.411534 | Epsilon: 0.3170 | Replay: 27136
2026-08-05 12:56:08,142 | INFO | Steps: 27648/150000 | Episodes: 54 | CurrentEpReward: 0.000 | RecentReward: 33.923 | QLoss: 0.327465 | ParamLoss: -0.427135 | Epsilon: 0.3036 | Replay: 27648
2026-08-05 12:56:42,234 | INFO | Steps: 28160/150000 | Episodes: 55 | CurrentEpReward: 0.000 | RecentReward: 34.034 | QLoss: 0.320567 | ParamLoss: -0.441793 | Epsilon: 0.2902 | Replay: 28160
2026-08-05 12:57:15,587 | INFO | Steps: 28672/150000 | Episodes: 56 | CurrentEpReward: 0.000 | RecentReward: 34.955 | QLoss: 0.334412 | ParamLoss: -0.453505 | Epsilon: 0.2768 | Replay: 28672
2026-08-05 12:57:48,576 | INFO | Steps: 29184/150000 | Episodes: 57 | CurrentEpReward: 0.000 | RecentReward: 36.183 | QLoss: 0.333567 | ParamLoss: -0.450286 | Epsilon: 0.2634 | Replay: 29184
2026-08-05 12:58:23,897 | INFO | Steps: 29696/150000 | Episodes: 58 | CurrentEpReward: 0.000 | RecentReward: 37.587 | QLoss: 0.332575 | ParamLoss: -0.460213 | Epsilon: 0.2501 | Replay: 29696
2026-08-05 12:58:56,724 | INFO | Steps: 30208/150000 | Episodes: 59 | CurrentEpReward: 0.000 | RecentReward: 38.206 | QLoss: 0.340821 | ParamLoss: -0.469212 | Epsilon: 0.2367 | Replay: 30208
2026-08-05 12:59:30,742 | INFO | Steps: 30720/150000 | Episodes: 60 | CurrentEpReward: 0.000 | RecentReward: 40.786 | QLoss: 0.330191 | ParamLoss: -0.481339 | Epsilon: 0.2233 | Replay: 30720
2026-08-05 13:00:04,714 | INFO | Steps: 31232/150000 | Episodes: 61 | CurrentEpReward: 0.000 | RecentReward: 43.866 | QLoss: 0.338735 | ParamLoss: -0.484195 | Epsilon: 0.2099 | Replay: 31232
2026-08-05 13:00:37,808 | INFO | Steps: 31744/150000 | Episodes: 62 | CurrentEpReward: 0.000 | RecentReward: 46.218 | QLoss: 0.353818 | ParamLoss: -0.495979 | Epsilon: 0.1965 | Replay: 31744
2026-08-05 13:01:10,358 | INFO | Steps: 32256/150000 | Episodes: 63 | CurrentEpReward: 0.000 | RecentReward: 47.941 | QLoss: 0.342790 | ParamLoss: -0.506617 | Epsilon: 0.1832 | Replay: 32256
2026-08-05 13:01:45,052 | INFO | Steps: 32768/150000 | Episodes: 64 | CurrentEpReward: 0.000 | RecentReward: 49.133 | QLoss: 0.349348 | ParamLoss: -0.516886 | Epsilon: 0.1698 | Replay: 32768
2026-08-05 13:02:20,009 | INFO | Steps: 33280/150000 | Episodes: 65 | CurrentEpReward: 0.000 | RecentReward: 51.585 | QLoss: 0.366648 | ParamLoss: -0.516765 | Epsilon: 0.1564 | Replay: 33280
2026-08-05 13:02:52,639 | INFO | Steps: 33792/150000 | Episodes: 66 | CurrentEpReward: 0.000 | RecentReward: 52.932 | QLoss: 0.326923 | ParamLoss: -0.512045 | Epsilon: 0.1430 | Replay: 33792
2026-08-05 13:03:23,521 | INFO | Steps: 34304/150000 | Episodes: 67 | CurrentEpReward: 0.000 | RecentReward: 55.091 | QLoss: 0.304806 | ParamLoss: -0.516462 | Epsilon: 0.1296 | Replay: 34304
2026-08-05 13:03:56,550 | INFO | Steps: 34816/150000 | Episodes: 68 | CurrentEpReward: 0.000 | RecentReward: 56.409 | QLoss: 0.297405 | ParamLoss: -0.526597 | Epsilon: 0.1162 | Replay: 34816
2026-08-05 13:04:29,170 | INFO | Steps: 35328/150000 | Episodes: 69 | CurrentEpReward: 0.000 | RecentReward: 58.608 | QLoss: 0.341058 | ParamLoss: -0.532701 | Epsilon: 0.1029 | Replay: 35328
2026-08-05 13:05:02,282 | INFO | Steps: 35840/150000 | Episodes: 70 | CurrentEpReward: 0.000 | RecentReward: 61.773 | QLoss: 0.339668 | ParamLoss: -0.550622 | Epsilon: 0.0895 | Replay: 35840
2026-08-05 13:05:31,776 | INFO | Steps: 36352/150000 | Episodes: 71 | CurrentEpReward: 0.000 | RecentReward: 62.495 | QLoss: 0.349143 | ParamLoss: -0.553770 | Epsilon: 0.0761 | Replay: 36352
2026-08-05 13:06:02,820 | INFO | Steps: 36864/150000 | Episodes: 72 | CurrentEpReward: 0.000 | RecentReward: 63.826 | QLoss: 0.292206 | ParamLoss: -0.563367 | Epsilon: 0.0627 | Replay: 36864
2026-08-05 13:06:34,265 | INFO | Steps: 37376/150000 | Episodes: 73 | CurrentEpReward: 0.000 | RecentReward: 64.793 | QLoss: 0.324666 | ParamLoss: -0.565806 | Epsilon: 0.0493 | Replay: 37376
2026-08-05 13:07:05,216 | INFO | Steps: 37888/150000 | Episodes: 74 | CurrentEpReward: 0.000 | RecentReward: 66.897 | QLoss: 0.333867 | ParamLoss: -0.580656 | Epsilon: 0.0360 | Replay: 37888
2026-08-05 13:07:35,570 | INFO | Steps: 38400/150000 | Episodes: 75 | CurrentEpReward: 0.000 | RecentReward: 68.402 | QLoss: 0.359520 | ParamLoss: -0.583579 | Epsilon: 0.0226 | Replay: 38400
2026-08-05 13:08:05,109 | INFO | Steps: 38912/150000 | Episodes: 76 | CurrentEpReward: 0.000 | RecentReward: 71.292 | QLoss: 0.372576 | ParamLoss: -0.591544 | Epsilon: 0.0200 | Replay: 38912
2026-08-05 13:08:38,790 | INFO | Steps: 39424/150000 | Episodes: 77 | CurrentEpReward: 0.000 | RecentReward: 73.100 | QLoss: 0.332244 | ParamLoss: -0.603229 | Epsilon: 0.0200 | Replay: 39424
2026-08-05 13:09:11,105 | INFO | Steps: 39936/150000 | Episodes: 78 | CurrentEpReward: 0.000 | RecentReward: 74.509 | QLoss: 0.390495 | ParamLoss: -0.606848 | Epsilon: 0.0200 | Replay: 39936
2026-08-05 13:09:42,334 | INFO | Steps: 40448/150000 | Episodes: 79 | CurrentEpReward: 0.000 | RecentReward: 76.317 | QLoss: 0.385176 | ParamLoss: -0.621231 | Epsilon: 0.0200 | Replay: 40448
2026-08-05 13:10:15,041 | INFO | Steps: 40960/150000 | Episodes: 80 | CurrentEpReward: 0.000 | RecentReward: 76.706 | QLoss: 0.332524 | ParamLoss: -0.635408 | Epsilon: 0.0200 | Replay: 40960
2026-08-05 13:10:45,701 | INFO | Steps: 41472/150000 | Episodes: 81 | CurrentEpReward: 0.000 | RecentReward: 76.939 | QLoss: 0.334402 | ParamLoss: -0.637125 | Epsilon: 0.0200 | Replay: 41472
2026-08-05 13:11:16,566 | INFO | Steps: 41984/150000 | Episodes: 82 | CurrentEpReward: 0.000 | RecentReward: 77.732 | QLoss: 0.311722 | ParamLoss: -0.642470 | Epsilon: 0.0200 | Replay: 41984
2026-08-05 13:11:48,405 | INFO | Steps: 42496/150000 | Episodes: 83 | CurrentEpReward: 0.000 | RecentReward: 79.187 | QLoss: 0.340106 | ParamLoss: -0.645413 | Epsilon: 0.0200 | Replay: 42496
2026-08-05 13:12:19,862 | INFO | Steps: 43008/150000 | Episodes: 84 | CurrentEpReward: 0.000 | RecentReward: 79.611 | QLoss: 0.382494 | ParamLoss: -0.645950 | Epsilon: 0.0200 | Replay: 43008
2026-08-05 13:12:52,369 | INFO | Steps: 43520/150000 | Episodes: 85 | CurrentEpReward: 0.000 | RecentReward: 79.923 | QLoss: 0.428538 | ParamLoss: -0.656676 | Epsilon: 0.0200 | Replay: 43520
2026-08-05 13:13:22,712 | INFO | Steps: 44032/150000 | Episodes: 86 | CurrentEpReward: 0.000 | RecentReward: 80.069 | QLoss: 0.346306 | ParamLoss: -0.657919 | Epsilon: 0.0200 | Replay: 44032
2026-08-05 13:13:53,893 | INFO | Steps: 44544/150000 | Episodes: 87 | CurrentEpReward: 0.000 | RecentReward: 79.484 | QLoss: 0.360197 | ParamLoss: -0.663069 | Epsilon: 0.0200 | Replay: 44544
2026-08-05 13:14:26,604 | INFO | Steps: 45056/150000 | Episodes: 88 | CurrentEpReward: 0.000 | RecentReward: 79.350 | QLoss: 0.347031 | ParamLoss: -0.673053 | Epsilon: 0.0200 | Replay: 45056
2026-08-05 13:14:59,940 | INFO | Steps: 45568/150000 | Episodes: 89 | CurrentEpReward: 0.000 | RecentReward: 80.084 | QLoss: 0.324181 | ParamLoss: -0.687824 | Epsilon: 0.0200 | Replay: 45568
2026-08-05 13:15:30,618 | INFO | Steps: 46080/150000 | Episodes: 90 | CurrentEpReward: 0.000 | RecentReward: 79.598 | QLoss: 0.389190 | ParamLoss: -0.705424 | Epsilon: 0.0200 | Replay: 46080
2026-08-05 13:16:01,918 | INFO | Steps: 46592/150000 | Episodes: 91 | CurrentEpReward: 0.000 | RecentReward: 81.187 | QLoss: 0.429201 | ParamLoss: -0.715020 | Epsilon: 0.0200 | Replay: 46592
2026-08-05 13:16:32,887 | INFO | Steps: 47104/150000 | Episodes: 92 | CurrentEpReward: 0.000 | RecentReward: 81.876 | QLoss: 0.373586 | ParamLoss: -0.718937 | Epsilon: 0.0200 | Replay: 47104
2026-08-05 13:17:05,018 | INFO | Steps: 47616/150000 | Episodes: 93 | CurrentEpReward: 0.000 | RecentReward: 81.408 | QLoss: 0.406736 | ParamLoss: -0.728443 | Epsilon: 0.0200 | Replay: 47616
2026-08-05 13:17:37,287 | INFO | Steps: 48128/150000 | Episodes: 94 | CurrentEpReward: 0.000 | RecentReward: 82.710 | QLoss: 0.399780 | ParamLoss: -0.722005 | Epsilon: 0.0200 | Replay: 48128
2026-08-05 13:18:08,669 | INFO | Steps: 48640/150000 | Episodes: 95 | CurrentEpReward: 0.000 | RecentReward: 82.705 | QLoss: 0.434528 | ParamLoss: -0.724255 | Epsilon: 0.0200 | Replay: 48640
2026-08-05 13:18:40,309 | INFO | Steps: 49152/150000 | Episodes: 96 | CurrentEpReward: 0.000 | RecentReward: 82.911 | QLoss: 0.462327 | ParamLoss: -0.735991 | Epsilon: 0.0200 | Replay: 49152
2026-08-05 13:19:12,814 | INFO | Steps: 49664/150000 | Episodes: 97 | CurrentEpReward: 0.000 | RecentReward: 83.910 | QLoss: 0.418927 | ParamLoss: -0.743935 | Epsilon: 0.0200 | Replay: 49664
2026-08-05 13:20:38,997 | INFO | 新的最佳模型 (reward): 82.302，保存至 /home/pjpjq/LEO_switch/results/baseline_compare/multiuser_scaling_multiuser_single_seed_150k_20260804/u25/learned_baselines/pdqn/best_model.pt
2026-08-05 13:20:39,004 | INFO | 周期权重已保存: /home/pjpjq/LEO_switch/results/baseline_compare/multiuser_scaling_multiuser_single_seed_150k_20260804/u25/learned_baselines/pdqn/checkpoint_50000.pt
2026-08-05 13:20:48,924 | INFO | Steps: 50176/150000 | Episodes: 98 | CurrentEpReward: 0.000 | RecentReward: 84.747 | QLoss: 0.417001 | ParamLoss: -0.749409 | Epsilon: 0.0200 | Replay: 50000
2026-08-05 13:21:21,270 | INFO | Steps: 50688/150000 | Episodes: 99 | CurrentEpReward: 0.000 | RecentReward: 85.151 | QLoss: 0.388900 | ParamLoss: -0.759394 | Epsilon: 0.0200 | Replay: 50000
2026-08-05 13:21:54,339 | INFO | Steps: 51200/150000 | Episodes: 100 | CurrentEpReward: 0.000 | RecentReward: 86.198 | QLoss: 0.377560 | ParamLoss: -0.764788 | Epsilon: 0.0200 | Replay: 50000
2026-08-05 13:22:25,294 | INFO | Steps: 51712/150000 | Episodes: 101 | CurrentEpReward: 0.000 | RecentReward: 85.812 | QLoss: 0.398170 | ParamLoss: -0.771890 | Epsilon: 0.0200 | Replay: 50000
2026-08-05 13:22:56,682 | INFO | Steps: 52224/150000 | Episodes: 102 | CurrentEpReward: 0.000 | RecentReward: 85.655 | QLoss: 0.398860 | ParamLoss: -0.775176 | Epsilon: 0.0200 | Replay: 50000
2026-08-05 13:23:28,642 | INFO | Steps: 52736/150000 | Episodes: 103 | CurrentEpReward: 0.000 | RecentReward: 86.492 | QLoss: 0.430884 | ParamLoss: -0.780674 | Epsilon: 0.0200 | Replay: 50000
2026-08-05 13:24:00,370 | INFO | Steps: 53248/150000 | Episodes: 104 | CurrentEpReward: 0.000 | RecentReward: 86.488 | QLoss: 0.401491 | ParamLoss: -0.788646 | Epsilon: 0.0200 | Replay: 50000
2026-08-05 13:24:32,052 | INFO | Steps: 53760/150000 | Episodes: 105 | CurrentEpReward: 0.000 | RecentReward: 86.483 | QLoss: 0.419389 | ParamLoss: -0.790056 | Epsilon: 0.0200 | Replay: 50000
2026-08-05 13:25:04,560 | INFO | Steps: 54272/150000 | Episodes: 106 | CurrentEpReward: 0.000 | RecentReward: 86.441 | QLoss: 0.420586 | ParamLoss: -0.798237 | Epsilon: 0.0200 | Replay: 50000
2026-08-05 13:25:36,823 | INFO | Steps: 54784/150000 | Episodes: 107 | CurrentEpReward: 0.000 | RecentReward: 85.769 | QLoss: 0.454223 | ParamLoss: -0.813915 | Epsilon: 0.0200 | Replay: 50000
2026-08-05 13:26:10,016 | INFO | Steps: 55296/150000 | Episodes: 108 | CurrentEpReward: 0.000 | RecentReward: 85.750 | QLoss: 0.426096 | ParamLoss: -0.828660 | Epsilon: 0.0200 | Replay: 50000
2026-08-05 13:26:41,744 | INFO | Steps: 55808/150000 | Episodes: 109 | CurrentEpReward: 0.000 | RecentReward: 85.683 | QLoss: 0.428939 | ParamLoss: -0.835052 | Epsilon: 0.0200 | Replay: 50000
2026-08-05 13:27:12,991 | INFO | Steps: 56320/150000 | Episodes: 110 | CurrentEpReward: 0.000 | RecentReward: 85.789 | QLoss: 0.406033 | ParamLoss: -0.826697 | Epsilon: 0.0200 | Replay: 50000
2026-08-05 13:27:45,634 | INFO | Steps: 56832/150000 | Episodes: 111 | CurrentEpReward: 0.000 | RecentReward: 86.180 | QLoss: 0.412760 | ParamLoss: -0.840287 | Epsilon: 0.0200 | Replay: 50000
2026-08-05 13:28:18,234 | INFO | Steps: 57344/150000 | Episodes: 112 | CurrentEpReward: 0.000 | RecentReward: 86.580 | QLoss: 0.349121 | ParamLoss: -0.853130 | Epsilon: 0.0200 | Replay: 50000
2026-08-05 13:28:50,446 | INFO | Steps: 57856/150000 | Episodes: 113 | CurrentEpReward: 0.000 | RecentReward: 86.968 | QLoss: 0.502595 | ParamLoss: -0.856541 | Epsilon: 0.0200 | Replay: 50000
2026-08-05 13:29:22,253 | INFO | Steps: 58368/150000 | Episodes: 114 | CurrentEpReward: 0.000 | RecentReward: 87.114 | QLoss: 0.476159 | ParamLoss: -0.859090 | Epsilon: 0.0200 | Replay: 50000
2026-08-05 13:29:54,198 | INFO | Steps: 58880/150000 | Episodes: 115 | CurrentEpReward: 0.000 | RecentReward: 87.971 | QLoss: 0.452347 | ParamLoss: -0.870232 | Epsilon: 0.0200 | Replay: 50000
2026-08-05 13:30:27,361 | INFO | Steps: 59392/150000 | Episodes: 116 | CurrentEpReward: 0.000 | RecentReward: 87.955 | QLoss: 0.380792 | ParamLoss: -0.887609 | Epsilon: 0.0200 | Replay: 50000
2026-08-05 13:31:00,455 | INFO | Steps: 59904/150000 | Episodes: 117 | CurrentEpReward: 0.000 | RecentReward: 89.153 | QLoss: 0.481676 | ParamLoss: -0.889361 | Epsilon: 0.0200 | Replay: 50000
2026-08-05 13:31:33,564 | INFO | Steps: 60416/150000 | Episodes: 118 | CurrentEpReward: 0.000 | RecentReward: 88.332 | QLoss: 0.479963 | ParamLoss: -0.898918 | Epsilon: 0.0200 | Replay: 50000
2026-08-05 13:32:05,952 | INFO | Steps: 60928/150000 | Episodes: 119 | CurrentEpReward: 0.000 | RecentReward: 88.274 | QLoss: 0.410665 | ParamLoss: -0.912840 | Epsilon: 0.0200 | Replay: 50000
2026-08-05 13:32:38,098 | INFO | Steps: 61440/150000 | Episodes: 120 | CurrentEpReward: 0.000 | RecentReward: 87.634 | QLoss: 0.449574 | ParamLoss: -0.923464 | Epsilon: 0.0200 | Replay: 50000
2026-08-05 13:33:12,189 | INFO | Steps: 61952/150000 | Episodes: 121 | CurrentEpReward: 0.000 | RecentReward: 87.639 | QLoss: 0.479770 | ParamLoss: -0.924651 | Epsilon: 0.0200 | Replay: 50000
2026-08-05 13:33:45,758 | INFO | Steps: 62464/150000 | Episodes: 122 | CurrentEpReward: 0.000 | RecentReward: 87.723 | QLoss: 0.485685 | ParamLoss: -0.953471 | Epsilon: 0.0200 | Replay: 50000
2026-08-05 13:34:21,293 | INFO | Steps: 62976/150000 | Episodes: 123 | CurrentEpReward: 0.000 | RecentReward: 87.343 | QLoss: 0.447445 | ParamLoss: -0.970928 | Epsilon: 0.0200 | Replay: 50000
2026-08-05 13:34:55,561 | INFO | Steps: 63488/150000 | Episodes: 124 | CurrentEpReward: 0.000 | RecentReward: 87.453 | QLoss: 0.490515 | ParamLoss: -0.970085 | Epsilon: 0.0200 | Replay: 50000
2026-08-05 13:35:26,194 | INFO | Steps: 64000/150000 | Episodes: 125 | CurrentEpReward: 0.000 | RecentReward: 87.483 | QLoss: 0.457360 | ParamLoss: -0.971980 | Epsilon: 0.0200 | Replay: 50000
2026-08-05 13:35:59,331 | INFO | Steps: 64512/150000 | Episodes: 126 | CurrentEpReward: 0.000 | RecentReward: 87.824 | QLoss: 0.463887 | ParamLoss: -0.979600 | Epsilon: 0.0200 | Replay: 50000
2026-08-05 13:36:30,420 | INFO | Steps: 65024/150000 | Episodes: 127 | CurrentEpReward: 0.000 | RecentReward: 87.372 | QLoss: 0.521878 | ParamLoss: -0.993163 | Epsilon: 0.0200 | Replay: 50000
2026-08-05 13:37:02,577 | INFO | Steps: 65536/150000 | Episodes: 128 | CurrentEpReward: 0.000 | RecentReward: 88.315 | QLoss: 0.558964 | ParamLoss: -1.005989 | Epsilon: 0.0200 | Replay: 50000
2026-08-05 13:37:34,875 | INFO | Steps: 66048/150000 | Episodes: 129 | CurrentEpReward: 0.000 | RecentReward: 89.180 | QLoss: 0.456858 | ParamLoss: -1.017383 | Epsilon: 0.0200 | Replay: 50000
2026-08-05 13:38:05,648 | INFO | Steps: 66560/150000 | Episodes: 130 | CurrentEpReward: 0.000 | RecentReward: 89.819 | QLoss: 0.506341 | ParamLoss: -1.032579 | Epsilon: 0.0200 | Replay: 50000
2026-08-05 13:38:38,820 | INFO | Steps: 67072/150000 | Episodes: 131 | CurrentEpReward: 0.000 | RecentReward: 90.478 | QLoss: 0.457540 | ParamLoss: -1.049489 | Epsilon: 0.0200 | Replay: 50000
2026-08-05 13:39:10,375 | INFO | Steps: 67584/150000 | Episodes: 132 | CurrentEpReward: 0.000 | RecentReward: 90.298 | QLoss: 0.525790 | ParamLoss: -1.071122 | Epsilon: 0.0200 | Replay: 50000
2026-08-05 13:39:43,201 | INFO | Steps: 68096/150000 | Episodes: 133 | CurrentEpReward: 0.000 | RecentReward: 90.461 | QLoss: 0.573411 | ParamLoss: -1.086775 | Epsilon: 0.0200 | Replay: 50000
2026-08-05 13:40:14,726 | INFO | Steps: 68608/150000 | Episodes: 134 | CurrentEpReward: 0.000 | RecentReward: 90.714 | QLoss: 0.578157 | ParamLoss: -1.097010 | Epsilon: 0.0200 | Replay: 50000
2026-08-05 13:40:46,870 | INFO | Steps: 69120/150000 | Episodes: 135 | CurrentEpReward: 0.000 | RecentReward: 89.478 | QLoss: 0.493615 | ParamLoss: -1.105067 | Epsilon: 0.0200 | Replay: 50000
2026-08-05 13:41:18,518 | INFO | Steps: 69632/150000 | Episodes: 136 | CurrentEpReward: 0.000 | RecentReward: 89.780 | QLoss: 0.480321 | ParamLoss: -1.112161 | Epsilon: 0.0200 | Replay: 50000
2026-08-05 13:41:50,988 | INFO | Steps: 70144/150000 | Episodes: 137 | CurrentEpReward: 0.000 | RecentReward: 89.885 | QLoss: 0.485028 | ParamLoss: -1.115606 | Epsilon: 0.0200 | Replay: 50000
2026-08-05 13:42:21,481 | INFO | Steps: 70656/150000 | Episodes: 138 | CurrentEpReward: 0.000 | RecentReward: 89.004 | QLoss: 0.559846 | ParamLoss: -1.121056 | Epsilon: 0.0200 | Replay: 50000
2026-08-05 13:42:52,754 | INFO | Steps: 71168/150000 | Episodes: 139 | CurrentEpReward: 0.000 | RecentReward: 87.487 | QLoss: 0.598786 | ParamLoss: -1.125759 | Epsilon: 0.0200 | Replay: 50000
2026-08-05 13:43:25,003 | INFO | Steps: 71680/150000 | Episodes: 140 | CurrentEpReward: 0.000 | RecentReward: 87.000 | QLoss: 0.588214 | ParamLoss: -1.126080 | Epsilon: 0.0200 | Replay: 50000
2026-08-05 13:43:56,813 | INFO | Steps: 72192/150000 | Episodes: 141 | CurrentEpReward: 0.000 | RecentReward: 86.720 | QLoss: 0.443455 | ParamLoss: -1.126992 | Epsilon: 0.0200 | Replay: 50000
2026-08-05 13:44:29,417 | INFO | Steps: 72704/150000 | Episodes: 142 | CurrentEpReward: 0.000 | RecentReward: 86.349 | QLoss: 0.451627 | ParamLoss: -1.129507 | Epsilon: 0.0200 | Replay: 50000
2026-08-05 13:45:02,640 | INFO | Steps: 73216/150000 | Episodes: 143 | CurrentEpReward: 0.000 | RecentReward: 86.922 | QLoss: 0.468503 | ParamLoss: -1.138637 | Epsilon: 0.0200 | Replay: 50000
2026-08-05 13:45:34,712 | INFO | Steps: 73728/150000 | Episodes: 144 | CurrentEpReward: 0.000 | RecentReward: 86.383 | QLoss: 0.594528 | ParamLoss: -1.153484 | Epsilon: 0.0200 | Replay: 50000
2026-08-05 13:46:06,071 | INFO | Steps: 74240/150000 | Episodes: 145 | CurrentEpReward: 0.000 | RecentReward: 86.068 | QLoss: 0.591656 | ParamLoss: -1.161843 | Epsilon: 0.0200 | Replay: 50000
2026-08-05 13:46:36,498 | INFO | Steps: 74752/150000 | Episodes: 146 | CurrentEpReward: 0.000 | RecentReward: 85.701 | QLoss: 0.613544 | ParamLoss: -1.172451 | Epsilon: 0.0200 | Replay: 50000
2026-08-05 13:47:09,486 | INFO | Steps: 75264/150000 | Episodes: 147 | CurrentEpReward: 0.000 | RecentReward: 85.263 | QLoss: 0.581449 | ParamLoss: -1.168265 | Epsilon: 0.0200 | Replay: 50000
2026-08-05 13:47:41,241 | INFO | Steps: 75776/150000 | Episodes: 148 | CurrentEpReward: 0.000 | RecentReward: 85.728 | QLoss: 0.495199 | ParamLoss: -1.167941 | Epsilon: 0.0200 | Replay: 50000
2026-08-05 13:48:12,189 | INFO | Steps: 76288/150000 | Episodes: 149 | CurrentEpReward: 0.000 | RecentReward: 86.569 | QLoss: 0.433629 | ParamLoss: -1.174256 | Epsilon: 0.0200 | Replay: 50000
2026-08-05 13:48:44,372 | INFO | Steps: 76800/150000 | Episodes: 150 | CurrentEpReward: 0.000 | RecentReward: 86.887 | QLoss: 0.494313 | ParamLoss: -1.174298 | Epsilon: 0.0200 | Replay: 50000
2026-08-05 13:49:14,692 | INFO | Steps: 77312/150000 | Episodes: 151 | CurrentEpReward: 0.000 | RecentReward: 86.675 | QLoss: 0.588947 | ParamLoss: -1.180563 | Epsilon: 0.0200 | Replay: 50000
2026-08-05 13:49:45,637 | INFO | Steps: 77824/150000 | Episodes: 152 | CurrentEpReward: 0.000 | RecentReward: 85.970 | QLoss: 0.529057 | ParamLoss: -1.184122 | Epsilon: 0.0200 | Replay: 50000
2026-08-05 13:50:15,805 | INFO | Steps: 78336/150000 | Episodes: 153 | CurrentEpReward: 0.000 | RecentReward: 85.444 | QLoss: 0.554107 | ParamLoss: -1.193223 | Epsilon: 0.0200 | Replay: 50000
2026-08-05 13:50:48,509 | INFO | Steps: 78848/150000 | Episodes: 154 | CurrentEpReward: 0.000 | RecentReward: 84.943 | QLoss: 0.594709 | ParamLoss: -1.206207 | Epsilon: 0.0200 | Replay: 50000
2026-08-05 13:51:20,591 | INFO | Steps: 79360/150000 | Episodes: 155 | CurrentEpReward: 0.000 | RecentReward: 86.408 | QLoss: 0.596420 | ParamLoss: -1.199646 | Epsilon: 0.0200 | Replay: 50000
2026-08-05 13:51:52,199 | INFO | Steps: 79872/150000 | Episodes: 156 | CurrentEpReward: 0.000 | RecentReward: 86.441 | QLoss: 0.546618 | ParamLoss: -1.201360 | Epsilon: 0.0200 | Replay: 50000
2026-08-05 13:52:24,593 | INFO | Steps: 80384/150000 | Episodes: 157 | CurrentEpReward: 0.000 | RecentReward: 85.723 | QLoss: 0.495629 | ParamLoss: -1.216143 | Epsilon: 0.0200 | Replay: 50000
2026-08-05 13:52:57,012 | INFO | Steps: 80896/150000 | Episodes: 158 | CurrentEpReward: 0.000 | RecentReward: 84.758 | QLoss: 0.568026 | ParamLoss: -1.223106 | Epsilon: 0.0200 | Replay: 50000
2026-08-05 13:53:28,390 | INFO | Steps: 81408/150000 | Episodes: 159 | CurrentEpReward: 0.000 | RecentReward: 85.114 | QLoss: 0.558445 | ParamLoss: -1.227368 | Epsilon: 0.0200 | Replay: 50000
2026-08-05 13:53:58,862 | INFO | Steps: 81920/150000 | Episodes: 160 | CurrentEpReward: 0.000 | RecentReward: 84.347 | QLoss: 0.456567 | ParamLoss: -1.234262 | Epsilon: 0.0200 | Replay: 50000
2026-08-05 13:54:30,299 | INFO | Steps: 82432/150000 | Episodes: 161 | CurrentEpReward: 0.000 | RecentReward: 83.568 | QLoss: 0.440574 | ParamLoss: -1.226230 | Epsilon: 0.0200 | Replay: 50000
2026-08-05 13:55:01,613 | INFO | Steps: 82944/150000 | Episodes: 162 | CurrentEpReward: 0.000 | RecentReward: 84.498 | QLoss: 0.543379 | ParamLoss: -1.234905 | Epsilon: 0.0200 | Replay: 50000
2026-08-05 13:55:34,145 | INFO | Steps: 83456/150000 | Episodes: 163 | CurrentEpReward: 0.000 | RecentReward: 84.685 | QLoss: 0.569562 | ParamLoss: -1.239728 | Epsilon: 0.0200 | Replay: 50000
2026-08-05 13:56:06,150 | INFO | Steps: 83968/150000 | Episodes: 164 | CurrentEpReward: 0.000 | RecentReward: 84.446 | QLoss: 0.524633 | ParamLoss: -1.253368 | Epsilon: 0.0200 | Replay: 50000
2026-08-05 13:56:38,275 | INFO | Steps: 84480/150000 | Episodes: 165 | CurrentEpReward: 0.000 | RecentReward: 83.707 | QLoss: 0.547035 | ParamLoss: -1.253934 | Epsilon: 0.0200 | Replay: 50000
2026-08-05 13:57:10,443 | INFO | Steps: 84992/150000 | Episodes: 166 | CurrentEpReward: 0.000 | RecentReward: 83.674 | QLoss: 0.579001 | ParamLoss: -1.268345 | Epsilon: 0.0200 | Replay: 50000
2026-08-05 13:57:42,247 | INFO | Steps: 85504/150000 | Episodes: 167 | CurrentEpReward: 0.000 | RecentReward: 84.449 | QLoss: 0.537973 | ParamLoss: -1.269971 | Epsilon: 0.0200 | Replay: 50000
2026-08-05 13:58:14,239 | INFO | Steps: 86016/150000 | Episodes: 168 | CurrentEpReward: 0.000 | RecentReward: 85.057 | QLoss: 0.534166 | ParamLoss: -1.276197 | Epsilon: 0.0200 | Replay: 50000
2026-08-05 13:58:46,981 | INFO | Steps: 86528/150000 | Episodes: 169 | CurrentEpReward: 0.000 | RecentReward: 83.492 | QLoss: 0.644127 | ParamLoss: -1.280428 | Epsilon: 0.0200 | Replay: 50000
2026-08-05 13:59:22,058 | INFO | Steps: 87040/150000 | Episodes: 170 | CurrentEpReward: 0.000 | RecentReward: 83.716 | QLoss: 0.515407 | ParamLoss: -1.285147 | Epsilon: 0.0200 | Replay: 50000
2026-08-05 13:59:56,371 | INFO | Steps: 87552/150000 | Episodes: 171 | CurrentEpReward: 0.000 | RecentReward: 83.781 | QLoss: 0.580376 | ParamLoss: -1.284754 | Epsilon: 0.0200 | Replay: 50000
2026-08-05 14:00:29,842 | INFO | Steps: 88064/150000 | Episodes: 172 | CurrentEpReward: 0.000 | RecentReward: 83.295 | QLoss: 0.731942 | ParamLoss: -1.290211 | Epsilon: 0.0200 | Replay: 50000
2026-08-05 14:01:00,855 | INFO | Steps: 88576/150000 | Episodes: 173 | CurrentEpReward: 0.000 | RecentReward: 82.359 | QLoss: 0.793553 | ParamLoss: -1.287804 | Epsilon: 0.0200 | Replay: 50000
2026-08-05 14:01:36,606 | INFO | Steps: 89088/150000 | Episodes: 174 | CurrentEpReward: 0.000 | RecentReward: 82.535 | QLoss: 0.636047 | ParamLoss: -1.291919 | Epsilon: 0.0200 | Replay: 50000
2026-08-05 14:02:09,782 | INFO | Steps: 89600/150000 | Episodes: 175 | CurrentEpReward: 0.000 | RecentReward: 83.678 | QLoss: 0.675791 | ParamLoss: -1.284878 | Epsilon: 0.0200 | Replay: 50000
2026-08-05 14:02:43,742 | INFO | Steps: 90112/150000 | Episodes: 176 | CurrentEpReward: 0.000 | RecentReward: 84.190 | QLoss: 0.666651 | ParamLoss: -1.287886 | Epsilon: 0.0200 | Replay: 50000
2026-08-05 14:03:18,911 | INFO | Steps: 90624/150000 | Episodes: 177 | CurrentEpReward: 0.000 | RecentReward: 84.880 | QLoss: 0.624271 | ParamLoss: -1.303874 | Epsilon: 0.0200 | Replay: 50000
2026-08-05 14:03:52,862 | INFO | Steps: 91136/150000 | Episodes: 178 | CurrentEpReward: 0.000 | RecentReward: 85.164 | QLoss: 0.635393 | ParamLoss: -1.309897 | Epsilon: 0.0200 | Replay: 50000
2026-08-05 14:04:29,278 | INFO | Steps: 91648/150000 | Episodes: 179 | CurrentEpReward: 0.000 | RecentReward: 86.320 | QLoss: 0.580921 | ParamLoss: -1.320291 | Epsilon: 0.0200 | Replay: 50000
2026-08-05 14:05:03,215 | INFO | Steps: 92160/150000 | Episodes: 180 | CurrentEpReward: 0.000 | RecentReward: 87.704 | QLoss: 0.650282 | ParamLoss: -1.328322 | Epsilon: 0.0200 | Replay: 50000
2026-08-05 14:05:37,520 | INFO | Steps: 92672/150000 | Episodes: 181 | CurrentEpReward: 0.000 | RecentReward: 88.533 | QLoss: 0.710990 | ParamLoss: -1.342467 | Epsilon: 0.0200 | Replay: 50000
2026-08-05 14:06:09,419 | INFO | Steps: 93184/150000 | Episodes: 182 | CurrentEpReward: 0.000 | RecentReward: 89.492 | QLoss: 0.529738 | ParamLoss: -1.345681 | Epsilon: 0.0200 | Replay: 50000
2026-08-05 14:06:40,439 | INFO | Steps: 93696/150000 | Episodes: 183 | CurrentEpReward: 0.000 | RecentReward: 89.185 | QLoss: 0.713948 | ParamLoss: -1.346777 | Epsilon: 0.0200 | Replay: 50000
2026-08-05 14:07:13,315 | INFO | Steps: 94208/150000 | Episodes: 184 | CurrentEpReward: 0.000 | RecentReward: 89.538 | QLoss: 0.673039 | ParamLoss: -1.341324 | Epsilon: 0.0200 | Replay: 50000
2026-08-05 14:07:44,820 | INFO | Steps: 94720/150000 | Episodes: 185 | CurrentEpReward: 0.000 | RecentReward: 89.152 | QLoss: 0.631836 | ParamLoss: -1.348804 | Epsilon: 0.0200 | Replay: 50000
2026-08-05 14:08:18,515 | INFO | Steps: 95232/150000 | Episodes: 186 | CurrentEpReward: 0.000 | RecentReward: 88.042 | QLoss: 0.615429 | ParamLoss: -1.348126 | Epsilon: 0.0200 | Replay: 50000
2026-08-05 14:08:50,129 | INFO | Steps: 95744/150000 | Episodes: 187 | CurrentEpReward: 0.000 | RecentReward: 87.060 | QLoss: 0.713026 | ParamLoss: -1.340682 | Epsilon: 0.0200 | Replay: 50000
2026-08-05 14:09:21,821 | INFO | Steps: 96256/150000 | Episodes: 188 | CurrentEpReward: 0.000 | RecentReward: 86.675 | QLoss: 0.754559 | ParamLoss: -1.340967 | Epsilon: 0.0200 | Replay: 50000
2026-08-05 14:09:53,381 | INFO | Steps: 96768/150000 | Episodes: 189 | CurrentEpReward: 0.000 | RecentReward: 86.325 | QLoss: 0.724467 | ParamLoss: -1.332738 | Epsilon: 0.0200 | Replay: 50000
2026-08-05 14:10:25,019 | INFO | Steps: 97280/150000 | Episodes: 190 | CurrentEpReward: 0.000 | RecentReward: 85.761 | QLoss: 0.609097 | ParamLoss: -1.342782 | Epsilon: 0.0200 | Replay: 50000
2026-08-05 14:10:57,173 | INFO | Steps: 97792/150000 | Episodes: 191 | CurrentEpReward: 0.000 | RecentReward: 85.638 | QLoss: 0.872790 | ParamLoss: -1.339758 | Epsilon: 0.0200 | Replay: 50000
2026-08-05 14:11:27,833 | INFO | Steps: 98304/150000 | Episodes: 192 | CurrentEpReward: 0.000 | RecentReward: 85.195 | QLoss: 0.829777 | ParamLoss: -1.343846 | Epsilon: 0.0200 | Replay: 50000
2026-08-05 14:12:00,600 | INFO | Steps: 98816/150000 | Episodes: 193 | CurrentEpReward: 0.000 | RecentReward: 86.251 | QLoss: 0.676159 | ParamLoss: -1.341463 | Epsilon: 0.0200 | Replay: 50000
2026-08-05 14:12:31,442 | INFO | Steps: 99328/150000 | Episodes: 194 | CurrentEpReward: 0.000 | RecentReward: 85.966 | QLoss: 0.679855 | ParamLoss: -1.357182 | Epsilon: 0.0200 | Replay: 50000
2026-08-05 14:13:04,202 | INFO | Steps: 99840/150000 | Episodes: 195 | CurrentEpReward: 0.000 | RecentReward: 84.959 | QLoss: 0.862354 | ParamLoss: -1.358331 | Epsilon: 0.0200 | Replay: 50000
2026-08-05 14:14:22,415 | INFO | 新的最佳模型 (reward): 86.681，保存至 /home/pjpjq/LEO_switch/results/baseline_compare/multiuser_scaling_multiuser_single_seed_150k_20260804/u25/learned_baselines/pdqn/best_model.pt
2026-08-05 14:14:22,427 | INFO | 周期权重已保存: /home/pjpjq/LEO_switch/results/baseline_compare/multiuser_scaling_multiuser_single_seed_150k_20260804/u25/learned_baselines/pdqn/checkpoint_100000.pt
2026-08-05 14:14:43,200 | INFO | Steps: 100352/150000 | Episodes: 196 | CurrentEpReward: 0.000 | RecentReward: 85.872 | QLoss: 0.688369 | ParamLoss: -1.367510 | Epsilon: 0.0200 | Replay: 50000
2026-08-05 14:15:15,579 | INFO | Steps: 100864/150000 | Episodes: 197 | CurrentEpReward: 0.000 | RecentReward: 85.778 | QLoss: 0.778563 | ParamLoss: -1.356958 | Epsilon: 0.0200 | Replay: 50000
2026-08-05 14:15:48,109 | INFO | Steps: 101376/150000 | Episodes: 198 | CurrentEpReward: 0.000 | RecentReward: 86.576 | QLoss: 0.625876 | ParamLoss: -1.353318 | Epsilon: 0.0200 | Replay: 50000
2026-08-05 14:16:21,489 | INFO | Steps: 101888/150000 | Episodes: 199 | CurrentEpReward: 0.000 | RecentReward: 86.167 | QLoss: 0.671433 | ParamLoss: -1.344553 | Epsilon: 0.0200 | Replay: 50000
2026-08-05 14:16:54,139 | INFO | Steps: 102400/150000 | Episodes: 200 | CurrentEpReward: 0.000 | RecentReward: 86.260 | QLoss: 0.600433 | ParamLoss: -1.355055 | Epsilon: 0.0200 | Replay: 50000
2026-08-05 14:17:25,463 | INFO | Steps: 102912/150000 | Episodes: 201 | CurrentEpReward: 0.000 | RecentReward: 85.630 | QLoss: 0.535939 | ParamLoss: -1.351320 | Epsilon: 0.0200 | Replay: 50000
2026-08-05 14:17:56,659 | INFO | Steps: 103424/150000 | Episodes: 202 | CurrentEpReward: 0.000 | RecentReward: 85.206 | QLoss: 0.787781 | ParamLoss: -1.347395 | Epsilon: 0.0200 | Replay: 50000
2026-08-05 14:18:28,378 | INFO | Steps: 103936/150000 | Episodes: 203 | CurrentEpReward: 0.000 | RecentReward: 84.143 | QLoss: 0.581808 | ParamLoss: -1.349257 | Epsilon: 0.0200 | Replay: 50000
2026-08-05 14:19:01,213 | INFO | Steps: 104448/150000 | Episodes: 204 | CurrentEpReward: 0.000 | RecentReward: 84.149 | QLoss: 0.734931 | ParamLoss: -1.365783 | Epsilon: 0.0200 | Replay: 50000
2026-08-05 14:19:31,609 | INFO | Steps: 104960/150000 | Episodes: 205 | CurrentEpReward: 0.000 | RecentReward: 83.985 | QLoss: 0.535181 | ParamLoss: -1.357273 | Epsilon: 0.0200 | Replay: 50000
2026-08-05 14:20:02,656 | INFO | Steps: 105472/150000 | Episodes: 206 | CurrentEpReward: 0.000 | RecentReward: 83.881 | QLoss: 0.639413 | ParamLoss: -1.351547 | Epsilon: 0.0200 | Replay: 50000
2026-08-05 14:20:36,287 | INFO | Steps: 105984/150000 | Episodes: 207 | CurrentEpReward: 0.000 | RecentReward: 84.434 | QLoss: 0.650934 | ParamLoss: -1.343791 | Epsilon: 0.0200 | Replay: 50000
2026-08-05 14:21:09,083 | INFO | Steps: 106496/150000 | Episodes: 208 | CurrentEpReward: 0.000 | RecentReward: 83.693 | QLoss: 0.595704 | ParamLoss: -1.360017 | Epsilon: 0.0200 | Replay: 50000
2026-08-05 14:21:41,629 | INFO | Steps: 107008/150000 | Episodes: 209 | CurrentEpReward: 0.000 | RecentReward: 83.824 | QLoss: 0.710658 | ParamLoss: -1.365549 | Epsilon: 0.0200 | Replay: 50000
2026-08-05 14:22:14,689 | INFO | Steps: 107520/150000 | Episodes: 210 | CurrentEpReward: 0.000 | RecentReward: 83.563 | QLoss: 0.784134 | ParamLoss: -1.370411 | Epsilon: 0.0200 | Replay: 50000
2026-08-05 14:22:47,150 | INFO | Steps: 108032/150000 | Episodes: 211 | CurrentEpReward: 0.000 | RecentReward: 84.427 | QLoss: 0.553269 | ParamLoss: -1.371761 | Epsilon: 0.0200 | Replay: 50000
2026-08-05 14:23:18,495 | INFO | Steps: 108544/150000 | Episodes: 212 | CurrentEpReward: 0.000 | RecentReward: 85.187 | QLoss: 0.602925 | ParamLoss: -1.365658 | Epsilon: 0.0200 | Replay: 50000
2026-08-05 14:23:51,378 | INFO | Steps: 109056/150000 | Episodes: 213 | CurrentEpReward: 0.000 | RecentReward: 86.275 | QLoss: 0.716546 | ParamLoss: -1.363042 | Epsilon: 0.0200 | Replay: 50000
2026-08-05 14:24:24,334 | INFO | Steps: 109568/150000 | Episodes: 214 | CurrentEpReward: 0.000 | RecentReward: 86.219 | QLoss: 0.709692 | ParamLoss: -1.372774 | Epsilon: 0.0200 | Replay: 50000
2026-08-05 14:24:57,878 | INFO | Steps: 110080/150000 | Episodes: 215 | CurrentEpReward: 0.000 | RecentReward: 86.878 | QLoss: 0.708010 | ParamLoss: -1.375023 | Epsilon: 0.0200 | Replay: 50000
2026-08-05 14:25:30,146 | INFO | Steps: 110592/150000 | Episodes: 216 | CurrentEpReward: 0.000 | RecentReward: 86.985 | QLoss: 0.726773 | ParamLoss: -1.394518 | Epsilon: 0.0200 | Replay: 50000
2026-08-05 14:26:02,239 | INFO | Steps: 111104/150000 | Episodes: 217 | CurrentEpReward: 0.000 | RecentReward: 86.248 | QLoss: 0.539965 | ParamLoss: -1.397941 | Epsilon: 0.0200 | Replay: 50000
2026-08-05 14:26:34,894 | INFO | Steps: 111616/150000 | Episodes: 218 | CurrentEpReward: 0.000 | RecentReward: 86.742 | QLoss: 0.706010 | ParamLoss: -1.399008 | Epsilon: 0.0200 | Replay: 50000
2026-08-05 14:27:06,488 | INFO | Steps: 112128/150000 | Episodes: 219 | CurrentEpReward: 0.000 | RecentReward: 86.778 | QLoss: 0.594910 | ParamLoss: -1.397242 | Epsilon: 0.0200 | Replay: 50000
2026-08-05 14:27:38,446 | INFO | Steps: 112640/150000 | Episodes: 220 | CurrentEpReward: 0.000 | RecentReward: 86.360 | QLoss: 0.630784 | ParamLoss: -1.383863 | Epsilon: 0.0200 | Replay: 50000
2026-08-05 14:28:09,980 | INFO | Steps: 113152/150000 | Episodes: 221 | CurrentEpReward: 0.000 | RecentReward: 85.736 | QLoss: 0.718757 | ParamLoss: -1.381944 | Epsilon: 0.0200 | Replay: 50000
2026-08-05 14:28:42,989 | INFO | Steps: 113664/150000 | Episodes: 222 | CurrentEpReward: 0.000 | RecentReward: 84.868 | QLoss: 0.742351 | ParamLoss: -1.386508 | Epsilon: 0.0200 | Replay: 50000
2026-08-05 14:29:14,149 | INFO | Steps: 114176/150000 | Episodes: 223 | CurrentEpReward: 0.000 | RecentReward: 84.446 | QLoss: 0.713716 | ParamLoss: -1.379359 | Epsilon: 0.0200 | Replay: 50000
2026-08-05 14:29:45,585 | INFO | Steps: 114688/150000 | Episodes: 224 | CurrentEpReward: 0.000 | RecentReward: 83.966 | QLoss: 0.507533 | ParamLoss: -1.362279 | Epsilon: 0.0200 | Replay: 50000
2026-08-05 14:30:17,899 | INFO | Steps: 115200/150000 | Episodes: 225 | CurrentEpReward: 0.000 | RecentReward: 84.078 | QLoss: 0.548483 | ParamLoss: -1.363122 | Epsilon: 0.0200 | Replay: 50000
2026-08-05 14:30:49,966 | INFO | Steps: 115712/150000 | Episodes: 226 | CurrentEpReward: 0.000 | RecentReward: 83.056 | QLoss: 0.645116 | ParamLoss: -1.365447 | Epsilon: 0.0200 | Replay: 50000
2026-08-05 14:31:21,808 | INFO | Steps: 116224/150000 | Episodes: 227 | CurrentEpReward: 0.000 | RecentReward: 83.564 | QLoss: 0.653460 | ParamLoss: -1.371565 | Epsilon: 0.0200 | Replay: 50000
2026-08-05 14:31:54,652 | INFO | Steps: 116736/150000 | Episodes: 228 | CurrentEpReward: 0.000 | RecentReward: 82.604 | QLoss: 0.567307 | ParamLoss: -1.374130 | Epsilon: 0.0200 | Replay: 50000
2026-08-05 14:32:28,218 | INFO | Steps: 117248/150000 | Episodes: 229 | CurrentEpReward: 0.000 | RecentReward: 83.561 | QLoss: 0.602287 | ParamLoss: -1.375974 | Epsilon: 0.0200 | Replay: 50000
2026-08-05 14:33:03,240 | INFO | Steps: 117760/150000 | Episodes: 230 | CurrentEpReward: 0.000 | RecentReward: 83.697 | QLoss: 0.634721 | ParamLoss: -1.376461 | Epsilon: 0.0200 | Replay: 50000
2026-08-05 14:33:37,998 | INFO | Steps: 118272/150000 | Episodes: 231 | CurrentEpReward: 0.000 | RecentReward: 84.193 | QLoss: 0.609101 | ParamLoss: -1.387537 | Epsilon: 0.0200 | Replay: 50000
2026-08-05 14:34:11,807 | INFO | Steps: 118784/150000 | Episodes: 232 | CurrentEpReward: 0.000 | RecentReward: 84.230 | QLoss: 0.583722 | ParamLoss: -1.382339 | Epsilon: 0.0200 | Replay: 50000
2026-08-05 14:34:46,006 | INFO | Steps: 119296/150000 | Episodes: 233 | CurrentEpReward: 0.000 | RecentReward: 83.984 | QLoss: 0.535544 | ParamLoss: -1.386927 | Epsilon: 0.0200 | Replay: 50000
2026-08-05 14:35:18,730 | INFO | Steps: 119808/150000 | Episodes: 234 | CurrentEpReward: 0.000 | RecentReward: 83.946 | QLoss: 0.521616 | ParamLoss: -1.386942 | Epsilon: 0.0200 | Replay: 50000
2026-08-05 14:35:53,586 | INFO | Steps: 120320/150000 | Episodes: 235 | CurrentEpReward: 0.000 | RecentReward: 84.846 | QLoss: 0.432051 | ParamLoss: -1.390582 | Epsilon: 0.0200 | Replay: 50000
2026-08-05 14:36:26,754 | INFO | Steps: 120832/150000 | Episodes: 236 | CurrentEpReward: 0.000 | RecentReward: 85.400 | QLoss: 0.559533 | ParamLoss: -1.392750 | Epsilon: 0.0200 | Replay: 50000
2026-08-05 14:37:01,882 | INFO | Steps: 121344/150000 | Episodes: 237 | CurrentEpReward: 0.000 | RecentReward: 85.670 | QLoss: 0.616556 | ParamLoss: -1.400935 | Epsilon: 0.0200 | Replay: 50000
2026-08-05 14:37:35,933 | INFO | Steps: 121856/150000 | Episodes: 238 | CurrentEpReward: 0.000 | RecentReward: 86.465 | QLoss: 0.677651 | ParamLoss: -1.409762 | Epsilon: 0.0200 | Replay: 50000
2026-08-05 14:38:08,820 | INFO | Steps: 122368/150000 | Episodes: 239 | CurrentEpReward: 0.000 | RecentReward: 86.098 | QLoss: 0.672396 | ParamLoss: -1.411799 | Epsilon: 0.0200 | Replay: 50000
2026-08-05 14:38:42,630 | INFO | Steps: 122880/150000 | Episodes: 240 | CurrentEpReward: 0.000 | RecentReward: 85.854 | QLoss: 0.678950 | ParamLoss: -1.409177 | Epsilon: 0.0200 | Replay: 50000
2026-08-05 14:39:16,657 | INFO | Steps: 123392/150000 | Episodes: 241 | CurrentEpReward: 0.000 | RecentReward: 85.717 | QLoss: 0.623111 | ParamLoss: -1.399569 | Epsilon: 0.0200 | Replay: 50000
2026-08-05 14:39:51,319 | INFO | Steps: 123904/150000 | Episodes: 242 | CurrentEpReward: 0.000 | RecentReward: 86.209 | QLoss: 0.724935 | ParamLoss: -1.399325 | Epsilon: 0.0200 | Replay: 50000
2026-08-05 14:40:26,350 | INFO | Steps: 124416/150000 | Episodes: 243 | CurrentEpReward: 0.000 | RecentReward: 85.960 | QLoss: 0.712626 | ParamLoss: -1.403194 | Epsilon: 0.0200 | Replay: 50000
2026-08-05 14:41:00,546 | INFO | Steps: 124928/150000 | Episodes: 244 | CurrentEpReward: 0.000 | RecentReward: 86.173 | QLoss: 0.536393 | ParamLoss: -1.409318 | Epsilon: 0.0200 | Replay: 50000
2026-08-05 14:41:33,007 | INFO | Steps: 125440/150000 | Episodes: 245 | CurrentEpReward: 0.000 | RecentReward: 85.181 | QLoss: 0.698953 | ParamLoss: -1.415158 | Epsilon: 0.0200 | Replay: 50000
2026-08-05 14:42:05,328 | INFO | Steps: 125952/150000 | Episodes: 246 | CurrentEpReward: 0.000 | RecentReward: 85.091 | QLoss: 0.520251 | ParamLoss: -1.404887 | Epsilon: 0.0200 | Replay: 50000
2026-08-05 14:42:38,482 | INFO | Steps: 126464/150000 | Episodes: 247 | CurrentEpReward: 0.000 | RecentReward: 84.788 | QLoss: 0.586925 | ParamLoss: -1.414709 | Epsilon: 0.0200 | Replay: 50000
2026-08-05 14:43:11,636 | INFO | Steps: 126976/150000 | Episodes: 248 | CurrentEpReward: 0.000 | RecentReward: 84.634 | QLoss: 0.603522 | ParamLoss: -1.419091 | Epsilon: 0.0200 | Replay: 50000
2026-08-05 14:43:45,058 | INFO | Steps: 127488/150000 | Episodes: 249 | CurrentEpReward: 0.000 | RecentReward: 84.323 | QLoss: 0.711330 | ParamLoss: -1.420263 | Epsilon: 0.0200 | Replay: 50000
2026-08-05 14:44:19,667 | INFO | Steps: 128000/150000 | Episodes: 250 | CurrentEpReward: 0.000 | RecentReward: 84.639 | QLoss: 0.540482 | ParamLoss: -1.429608 | Epsilon: 0.0200 | Replay: 50000
2026-08-05 14:44:55,260 | INFO | Steps: 128512/150000 | Episodes: 251 | CurrentEpReward: 0.000 | RecentReward: 83.694 | QLoss: 0.648186 | ParamLoss: -1.431972 | Epsilon: 0.0200 | Replay: 50000
2026-08-05 14:45:28,799 | INFO | Steps: 129024/150000 | Episodes: 252 | CurrentEpReward: 0.000 | RecentReward: 82.583 | QLoss: 0.778259 | ParamLoss: -1.430649 | Epsilon: 0.0200 | Replay: 50000
2026-08-05 14:46:03,765 | INFO | Steps: 129536/150000 | Episodes: 253 | CurrentEpReward: 0.000 | RecentReward: 82.941 | QLoss: 0.551022 | ParamLoss: -1.429663 | Epsilon: 0.0200 | Replay: 50000
2026-08-05 14:46:38,255 | INFO | Steps: 130048/150000 | Episodes: 254 | CurrentEpReward: 0.000 | RecentReward: 83.247 | QLoss: 0.501639 | ParamLoss: -1.435199 | Epsilon: 0.0200 | Replay: 50000
2026-08-05 14:47:10,802 | INFO | Steps: 130560/150000 | Episodes: 255 | CurrentEpReward: 0.000 | RecentReward: 83.333 | QLoss: 0.894571 | ParamLoss: -1.436938 | Epsilon: 0.0200 | Replay: 50000
2026-08-05 14:47:44,502 | INFO | Steps: 131072/150000 | Episodes: 256 | CurrentEpReward: 0.000 | RecentReward: 83.824 | QLoss: 0.557725 | ParamLoss: -1.435517 | Epsilon: 0.0200 | Replay: 50000
2026-08-05 14:48:18,616 | INFO | Steps: 131584/150000 | Episodes: 257 | CurrentEpReward: 0.000 | RecentReward: 84.215 | QLoss: 0.493925 | ParamLoss: -1.444558 | Epsilon: 0.0200 | Replay: 50000
2026-08-05 14:48:52,392 | INFO | Steps: 132096/150000 | Episodes: 258 | CurrentEpReward: 0.000 | RecentReward: 83.895 | QLoss: 0.591614 | ParamLoss: -1.446779 | Epsilon: 0.0200 | Replay: 50000
2026-08-05 14:49:25,022 | INFO | Steps: 132608/150000 | Episodes: 259 | CurrentEpReward: 0.000 | RecentReward: 83.428 | QLoss: 0.693833 | ParamLoss: -1.437124 | Epsilon: 0.0200 | Replay: 50000
2026-08-05 14:49:59,588 | INFO | Steps: 133120/150000 | Episodes: 260 | CurrentEpReward: 0.000 | RecentReward: 84.319 | QLoss: 0.762724 | ParamLoss: -1.444238 | Epsilon: 0.0200 | Replay: 50000
2026-08-05 14:50:32,737 | INFO | Steps: 133632/150000 | Episodes: 261 | CurrentEpReward: 0.000 | RecentReward: 84.661 | QLoss: 0.447978 | ParamLoss: -1.444675 | Epsilon: 0.0200 | Replay: 50000
2026-08-05 14:51:07,377 | INFO | Steps: 134144/150000 | Episodes: 262 | CurrentEpReward: 0.000 | RecentReward: 86.505 | QLoss: 0.608068 | ParamLoss: -1.451518 | Epsilon: 0.0200 | Replay: 50000
2026-08-05 14:51:42,359 | INFO | Steps: 134656/150000 | Episodes: 263 | CurrentEpReward: 0.000 | RecentReward: 87.330 | QLoss: 0.641214 | ParamLoss: -1.451126 | Epsilon: 0.0200 | Replay: 50000
2026-08-05 14:52:15,291 | INFO | Steps: 135168/150000 | Episodes: 264 | CurrentEpReward: 0.000 | RecentReward: 87.087 | QLoss: 0.720763 | ParamLoss: -1.440679 | Epsilon: 0.0200 | Replay: 50000
2026-08-05 14:52:51,049 | INFO | Steps: 135680/150000 | Episodes: 265 | CurrentEpReward: 0.000 | RecentReward: 86.011 | QLoss: 0.684005 | ParamLoss: -1.445341 | Epsilon: 0.0200 | Replay: 50000
2026-08-05 14:53:23,868 | INFO | Steps: 136192/150000 | Episodes: 266 | CurrentEpReward: 0.000 | RecentReward: 86.199 | QLoss: 0.817501 | ParamLoss: -1.449171 | Epsilon: 0.0200 | Replay: 50000
2026-08-05 14:53:57,920 | INFO | Steps: 136704/150000 | Episodes: 267 | CurrentEpReward: 0.000 | RecentReward: 85.297 | QLoss: 0.610548 | ParamLoss: -1.461257 | Epsilon: 0.0200 | Replay: 50000
2026-08-05 14:54:32,322 | INFO | Steps: 137216/150000 | Episodes: 268 | CurrentEpReward: 0.000 | RecentReward: 84.873 | QLoss: 0.652836 | ParamLoss: -1.463278 | Epsilon: 0.0200 | Replay: 50000
2026-08-05 14:55:05,157 | INFO | Steps: 137728/150000 | Episodes: 269 | CurrentEpReward: 0.000 | RecentReward: 85.657 | QLoss: 0.854889 | ParamLoss: -1.471013 | Epsilon: 0.0200 | Replay: 50000
2026-08-05 14:55:39,114 | INFO | Steps: 138240/150000 | Episodes: 270 | CurrentEpReward: 0.000 | RecentReward: 85.605 | QLoss: 0.686942 | ParamLoss: -1.479127 | Epsilon: 0.0200 | Replay: 50000
2026-08-05 14:56:09,902 | INFO | Steps: 138752/150000 | Episodes: 271 | CurrentEpReward: 0.000 | RecentReward: 86.014 | QLoss: 0.653883 | ParamLoss: -1.482125 | Epsilon: 0.0200 | Replay: 50000
2026-08-05 14:56:41,414 | INFO | Steps: 139264/150000 | Episodes: 272 | CurrentEpReward: 0.000 | RecentReward: 84.756 | QLoss: 0.717319 | ParamLoss: -1.475585 | Epsilon: 0.0200 | Replay: 50000
2026-08-05 14:57:15,237 | INFO | Steps: 139776/150000 | Episodes: 273 | CurrentEpReward: 0.000 | RecentReward: 84.219 | QLoss: 0.676320 | ParamLoss: -1.472697 | Epsilon: 0.0200 | Replay: 50000
2026-08-05 14:57:46,440 | INFO | Steps: 140288/150000 | Episodes: 274 | CurrentEpReward: 0.000 | RecentReward: 84.998 | QLoss: 0.630603 | ParamLoss: -1.479311 | Epsilon: 0.0200 | Replay: 50000
2026-08-05 14:58:18,216 | INFO | Steps: 140800/150000 | Episodes: 275 | CurrentEpReward: 0.000 | RecentReward: 86.226 | QLoss: 0.687045 | ParamLoss: -1.482875 | Epsilon: 0.0200 | Replay: 50000
2026-08-05 14:58:50,327 | INFO | Steps: 141312/150000 | Episodes: 276 | CurrentEpReward: 0.000 | RecentReward: 85.837 | QLoss: 0.698934 | ParamLoss: -1.485611 | Epsilon: 0.0200 | Replay: 50000
2026-08-05 14:59:24,372 | INFO | Steps: 141824/150000 | Episodes: 277 | CurrentEpReward: 0.000 | RecentReward: 84.990 | QLoss: 0.629045 | ParamLoss: -1.487052 | Epsilon: 0.0200 | Replay: 50000
2026-08-05 15:00:00,342 | INFO | Steps: 142336/150000 | Episodes: 278 | CurrentEpReward: 0.000 | RecentReward: 85.651 | QLoss: 0.790187 | ParamLoss: -1.489891 | Epsilon: 0.0200 | Replay: 50000
2026-08-05 15:00:37,532 | INFO | Steps: 142848/150000 | Episodes: 279 | CurrentEpReward: 0.000 | RecentReward: 84.463 | QLoss: 0.811510 | ParamLoss: -1.488546 | Epsilon: 0.0200 | Replay: 50000
2026-08-05 15:01:13,283 | INFO | Steps: 143360/150000 | Episodes: 280 | CurrentEpReward: 0.000 | RecentReward: 83.587 | QLoss: 0.682088 | ParamLoss: -1.480073 | Epsilon: 0.0200 | Replay: 50000
2026-08-05 15:01:47,502 | INFO | Steps: 143872/150000 | Episodes: 281 | CurrentEpReward: 0.000 | RecentReward: 84.008 | QLoss: 0.650257 | ParamLoss: -1.486384 | Epsilon: 0.0200 | Replay: 50000
2026-08-05 15:02:20,711 | INFO | Steps: 144384/150000 | Episodes: 282 | CurrentEpReward: 0.000 | RecentReward: 85.298 | QLoss: 0.734726 | ParamLoss: -1.492020 | Epsilon: 0.0200 | Replay: 50000
2026-08-05 15:02:55,060 | INFO | Steps: 144896/150000 | Episodes: 283 | CurrentEpReward: 0.000 | RecentReward: 84.658 | QLoss: 0.842772 | ParamLoss: -1.489188 | Epsilon: 0.0200 | Replay: 50000
2026-08-05 15:03:30,433 | INFO | Steps: 145408/150000 | Episodes: 284 | CurrentEpReward: 0.000 | RecentReward: 84.364 | QLoss: 0.633430 | ParamLoss: -1.484692 | Epsilon: 0.0200 | Replay: 50000
2026-08-05 15:04:07,032 | INFO | Steps: 145920/150000 | Episodes: 285 | CurrentEpReward: 0.000 | RecentReward: 83.478 | QLoss: 0.746662 | ParamLoss: -1.476886 | Epsilon: 0.0200 | Replay: 50000
2026-08-05 15:04:41,249 | INFO | Steps: 146432/150000 | Episodes: 286 | CurrentEpReward: 0.000 | RecentReward: 84.470 | QLoss: 0.756380 | ParamLoss: -1.482887 | Epsilon: 0.0200 | Replay: 50000
2026-08-05 15:05:14,282 | INFO | Steps: 146944/150000 | Episodes: 287 | CurrentEpReward: 0.000 | RecentReward: 86.556 | QLoss: 0.665537 | ParamLoss: -1.488804 | Epsilon: 0.0200 | Replay: 50000
2026-08-05 15:05:46,981 | INFO | Steps: 147456/150000 | Episodes: 288 | CurrentEpReward: 0.000 | RecentReward: 86.032 | QLoss: 0.804615 | ParamLoss: -1.498567 | Epsilon: 0.0200 | Replay: 50000
2026-08-05 15:06:20,391 | INFO | Steps: 147968/150000 | Episodes: 289 | CurrentEpReward: 0.000 | RecentReward: 86.055 | QLoss: 0.708851 | ParamLoss: -1.499484 | Epsilon: 0.0200 | Replay: 50000
2026-08-05 15:06:53,962 | INFO | Steps: 148480/150000 | Episodes: 290 | CurrentEpReward: 0.000 | RecentReward: 86.373 | QLoss: 0.687559 | ParamLoss: -1.510589 | Epsilon: 0.0200 | Replay: 50000
2026-08-05 15:07:27,314 | INFO | Steps: 148992/150000 | Episodes: 291 | CurrentEpReward: 0.000 | RecentReward: 86.082 | QLoss: 0.720881 | ParamLoss: -1.517580 | Epsilon: 0.0200 | Replay: 50000
2026-08-05 15:07:59,979 | INFO | Steps: 149504/150000 | Episodes: 292 | CurrentEpReward: 0.000 | RecentReward: 85.580 | QLoss: 0.776826 | ParamLoss: -1.520475 | Epsilon: 0.0200 | Replay: 50000
2026-08-05 15:08:31,202 | INFO | Steps: 150000/150000 | Episodes: 292 | CurrentEpReward: 74.802 | RecentReward: 85.580 | QLoss: 0.846794 | ParamLoss: -1.527831 | Epsilon: 0.0200 | Replay: 50000
2026-08-05 15:09:40,034 | INFO | 周期权重已保存: /home/pjpjq/LEO_switch/results/baseline_compare/multiuser_scaling_multiuser_single_seed_150k_20260804/u25/learned_baselines/pdqn/checkpoint_150000.pt
2026-08-05 15:09:40,120 | INFO | 最终权重已保存: /home/pjpjq/LEO_switch/results/baseline_compare/multiuser_scaling_multiuser_single_seed_150k_20260804/u25/learned_baselines/pdqn/pdqn_model.pt
2026-08-05 15:10:44,120 | INFO | 训练与评估完成 | EvalReward: 86.681 ± 3.336
