2026-08-10 18:50:07,841 | INFO | ============================================================
2026-08-10 18:50:07,842 | INFO | 开始训练纯 MADDPG 基线
2026-08-10 18:50:07,842 | INFO | 用户数: 35 | 观测维度: 76 | handover维度: 11 | 总步数: 150000 | warmup: 1000 | batch: 128 | 日志间隔: 512 steps | device: cuda | actor_lr: 1.0e-04 | critic_lr: 3.0e-04 | tau: 0.005 | reward_scale: 1.00
2026-08-10 18:50:07,842 | INFO | ============================================================
2026-08-10 18:50:19,964 | INFO | Steps: 512/150000 | Episodes: 1 | LastEpReward: -3.082 | RecentReward: -3.082 | ActorLoss: 0.000000 | CriticLoss: 0.000000 | Q: 0.0000 | TargetQ: 0.0000 | TDAbs: 0.0000 | ActorGrad: 0.0000 | CriticGrad: 0.0000 | Noise: 0.3500 | Replay: 512 | FPS: 42.24 | ETA: 59.0 min
2026-08-10 18:50:35,318 | INFO | Steps: 1024/150000 | Episodes: 2 | LastEpReward: -14.791 | RecentReward: -8.937 | ActorLoss: -0.039313 | CriticLoss: 0.003755 | Q: 0.0390 | TargetQ: 0.0425 | TDAbs: 0.0680 | ActorGrad: 0.0015 | CriticGrad: 0.1021 | Noise: 0.3499 | Replay: 1024 | FPS: 37.27 | ETA: 66.6 min
2026-08-10 18:50:56,104 | INFO | Steps: 1536/150000 | Episodes: 3 | LastEpReward: -103.709 | RecentReward: -40.527 | ActorLoss: 0.049083 | CriticLoss: 0.000489 | Q: -0.0729 | TargetQ: -0.0731 | TDAbs: 0.0240 | ActorGrad: 0.0045 | CriticGrad: 0.0565 | Noise: 0.3485 | Replay: 1536 | FPS: 31.83 | ETA: 77.7 min
2026-08-10 18:51:15,791 | INFO | Steps: 2048/150000 | Episodes: 4 | LastEpReward: -92.605 | RecentReward: -53.547 | ActorLoss: 0.268246 | CriticLoss: 0.000677 | Q: -0.2821 | TargetQ: -0.2823 | TDAbs: 0.0263 | ActorGrad: 0.0014 | CriticGrad: 0.0651 | Noise: 0.3470 | Replay: 2048 | FPS: 30.14 | ETA: 81.8 min
2026-08-10 18:51:34,690 | INFO | Steps: 2560/150000 | Episodes: 5 | LastEpReward: -47.441 | RecentReward: -52.326 | ActorLoss: 0.471074 | CriticLoss: 0.001329 | Q: -0.5067 | TargetQ: -0.5068 | TDAbs: 0.0391 | ActorGrad: 0.0095 | CriticGrad: 0.1349 | Noise: 0.3455 | Replay: 2560 | FPS: 29.48 | ETA: 83.4 min
2026-08-10 18:51:55,587 | INFO | Steps: 3072/150000 | Episodes: 6 | LastEpReward: 8.413 | RecentReward: -42.203 | ActorLoss: 0.510941 | CriticLoss: 0.000989 | Q: -0.5524 | TargetQ: -0.5524 | TDAbs: 0.0333 | ActorGrad: 0.0089 | CriticGrad: 0.1012 | Noise: 0.3441 | Replay: 3072 | FPS: 28.51 | ETA: 85.9 min
2026-08-10 18:52:17,591 | INFO | Steps: 3584/150000 | Episodes: 7 | LastEpReward: 10.583 | RecentReward: -34.662 | ActorLoss: 0.485345 | CriticLoss: 0.001072 | Q: -0.5303 | TargetQ: -0.5301 | TDAbs: 0.0353 | ActorGrad: 0.0085 | CriticGrad: 0.1133 | Noise: 0.3426 | Replay: 3584 | FPS: 27.62 | ETA: 88.3 min
2026-08-10 18:52:39,557 | INFO | Steps: 4096/150000 | Episodes: 8 | LastEpReward: 15.942 | RecentReward: -28.336 | ActorLoss: 0.453025 | CriticLoss: 0.001092 | Q: -0.4989 | TargetQ: -0.4985 | TDAbs: 0.0355 | ActorGrad: 0.0075 | CriticGrad: 0.0973 | Noise: 0.3412 | Replay: 4096 | FPS: 27.00 | ETA: 90.1 min
2026-08-10 18:53:00,521 | INFO | Steps: 4608/150000 | Episodes: 9 | LastEpReward: 11.340 | RecentReward: -23.928 | ActorLoss: 0.382566 | CriticLoss: 0.001834 | Q: -0.4243 | TargetQ: -0.4245 | TDAbs: 0.0459 | ActorGrad: 0.0065 | CriticGrad: 0.1365 | Noise: 0.3397 | Replay: 4608 | FPS: 26.69 | ETA: 90.8 min
2026-08-10 18:53:20,130 | INFO | 开始周期评估: Steps=5120 | Episodes=10 | EvalEpisodes=5
2026-08-10 18:54:21,681 | INFO | 周期评估完成: Steps=5120 | MeanReward=19.751 | StdReward=5.064
2026-08-10 18:54:21,803 | INFO | Steps: 5120/150000 | Episodes: 10 | LastEpReward: 12.848 | RecentReward: -20.250 | ActorLoss: 0.317790 | CriticLoss: 0.001437 | Q: -0.3600 | TargetQ: -0.3597 | TDAbs: 0.0400 | ActorGrad: 0.0079 | CriticGrad: 0.0974 | Noise: 0.3382 | Replay: 5120 | FPS: 20.16 | ETA: 119.8 min
2026-08-10 18:54:43,030 | INFO | Steps: 5632/150000 | Episodes: 11 | LastEpReward: 17.596 | RecentReward: -18.182 | ActorLoss: 0.261680 | CriticLoss: 0.001783 | Q: -0.3066 | TargetQ: -0.3065 | TDAbs: 0.0454 | ActorGrad: 0.0084 | CriticGrad: 0.1185 | Noise: 0.3368 | Replay: 5632 | FPS: 20.47 | ETA: 117.6 min
2026-08-10 18:55:07,072 | INFO | Steps: 6144/150000 | Episodes: 12 | LastEpReward: 19.823 | RecentReward: -14.721 | ActorLoss: 0.163150 | CriticLoss: 0.001669 | Q: -0.2102 | TargetQ: -0.2102 | TDAbs: 0.0436 | ActorGrad: 0.0071 | CriticGrad: 0.1162 | Noise: 0.3353 | Replay: 6144 | FPS: 20.53 | ETA: 116.8 min
2026-08-10 18:55:29,042 | INFO | Steps: 6656/150000 | Episodes: 13 | LastEpReward: 14.378 | RecentReward: -2.912 | ActorLoss: 0.091669 | CriticLoss: 0.001685 | Q: -0.1367 | TargetQ: -0.1363 | TDAbs: 0.0435 | ActorGrad: 0.0072 | CriticGrad: 0.1024 | Noise: 0.3338 | Replay: 6656 | FPS: 20.72 | ETA: 115.3 min
2026-08-10 18:55:49,735 | INFO | Steps: 7168/150000 | Episodes: 14 | LastEpReward: 17.077 | RecentReward: 8.056 | ActorLoss: -0.030255 | CriticLoss: 0.002312 | Q: -0.0151 | TargetQ: -0.0148 | TDAbs: 0.0506 | ActorGrad: 0.0084 | CriticGrad: 0.1361 | Noise: 0.3324 | Replay: 7168 | FPS: 20.97 | ETA: 113.5 min
2026-08-10 18:56:11,802 | INFO | Steps: 7680/150000 | Episodes: 15 | LastEpReward: 16.747 | RecentReward: 14.475 | ActorLoss: -0.123893 | CriticLoss: 0.001910 | Q: 0.0787 | TargetQ: 0.0787 | TDAbs: 0.0468 | ActorGrad: 0.0082 | CriticGrad: 0.1050 | Noise: 0.3309 | Replay: 7680 | FPS: 21.10 | ETA: 112.4 min
2026-08-10 18:56:34,856 | INFO | Steps: 8192/150000 | Episodes: 16 | LastEpReward: 15.370 | RecentReward: 15.170 | ActorLoss: -0.206202 | CriticLoss: 0.002547 | Q: 0.1593 | TargetQ: 0.1595 | TDAbs: 0.0533 | ActorGrad: 0.0088 | CriticGrad: 0.1529 | Noise: 0.3295 | Replay: 8192 | FPS: 21.17 | ETA: 111.7 min
2026-08-10 18:56:54,811 | INFO | Steps: 8704/150000 | Episodes: 17 | LastEpReward: 8.853 | RecentReward: 14.997 | ActorLoss: -0.286213 | CriticLoss: 0.002075 | Q: 0.2411 | TargetQ: 0.2414 | TDAbs: 0.0488 | ActorGrad: 0.0097 | CriticGrad: 0.1066 | Noise: 0.3280 | Replay: 8704 | FPS: 21.39 | ETA: 110.1 min
2026-08-10 18:57:16,934 | INFO | Steps: 9216/150000 | Episodes: 18 | LastEpReward: 17.616 | RecentReward: 15.165 | ActorLoss: -0.372117 | CriticLoss: 0.001994 | Q: 0.3256 | TargetQ: 0.3257 | TDAbs: 0.0476 | ActorGrad: 0.0095 | CriticGrad: 0.0946 | Noise: 0.3265 | Replay: 9216 | FPS: 21.48 | ETA: 109.2 min
2026-08-10 18:57:38,824 | INFO | Steps: 9728/150000 | Episodes: 19 | LastEpReward: 14.627 | RecentReward: 15.494 | ActorLoss: -0.482074 | CriticLoss: 0.002217 | Q: 0.4401 | TargetQ: 0.4408 | TDAbs: 0.0499 | ActorGrad: 0.0088 | CriticGrad: 0.1021 | Noise: 0.3251 | Replay: 9728 | FPS: 21.57 | ETA: 108.4 min
2026-08-10 18:58:00,419 | INFO | 开始周期评估: Steps=10240 | Episodes=20 | EvalEpisodes=5
2026-08-10 18:59:03,701 | INFO | 周期评估完成: Steps=10240 | MeanReward=20.597 | StdReward=5.237
2026-08-10 18:59:03,820 | INFO | Steps: 10240/150000 | Episodes: 20 | LastEpReward: 14.594 | RecentReward: 15.668 | ActorLoss: -0.541902 | CriticLoss: 0.002442 | Q: 0.5030 | TargetQ: 0.5032 | TDAbs: 0.0535 | ActorGrad: 0.0088 | CriticGrad: 0.1269 | Noise: 0.3236 | Replay: 10240 | FPS: 19.11 | ETA: 121.9 min
2026-08-10 18:59:26,089 | INFO | Steps: 10752/150000 | Episodes: 21 | LastEpReward: 8.522 | RecentReward: 14.761 | ActorLoss: -0.641430 | CriticLoss: 0.002491 | Q: 0.6043 | TargetQ: 0.6043 | TDAbs: 0.0537 | ActorGrad: 0.0087 | CriticGrad: 0.1181 | Noise: 0.3221 | Replay: 10752 | FPS: 19.26 | ETA: 120.5 min
2026-08-10 18:59:47,597 | INFO | Steps: 11264/150000 | Episodes: 22 | LastEpReward: 21.436 | RecentReward: 14.922 | ActorLoss: -0.716779 | CriticLoss: 0.003082 | Q: 0.6787 | TargetQ: 0.6796 | TDAbs: 0.0593 | ActorGrad: 0.0084 | CriticGrad: 0.1433 | Noise: 0.3207 | Replay: 11264 | FPS: 19.43 | ETA: 119.0 min
2026-08-10 19:00:09,794 | INFO | Steps: 11776/150000 | Episodes: 23 | LastEpReward: 19.828 | RecentReward: 15.467 | ActorLoss: -0.786849 | CriticLoss: 0.002848 | Q: 0.7518 | TargetQ: 0.7516 | TDAbs: 0.0571 | ActorGrad: 0.0081 | CriticGrad: 0.1370 | Noise: 0.3192 | Replay: 11776 | FPS: 19.56 | ETA: 117.8 min
2026-08-10 19:00:32,898 | INFO | Steps: 12288/150000 | Episodes: 24 | LastEpReward: 23.833 | RecentReward: 16.143 | ActorLoss: -0.834843 | CriticLoss: 0.003665 | Q: 0.7987 | TargetQ: 0.7994 | TDAbs: 0.0653 | ActorGrad: 0.0071 | CriticGrad: 0.1764 | Noise: 0.3177 | Replay: 12288 | FPS: 19.66 | ETA: 116.8 min
2026-08-10 19:00:54,869 | INFO | Steps: 12800/150000 | Episodes: 25 | LastEpReward: 13.275 | RecentReward: 15.795 | ActorLoss: -0.948564 | CriticLoss: 0.003295 | Q: 0.9117 | TargetQ: 0.9120 | TDAbs: 0.0618 | ActorGrad: 0.0073 | CriticGrad: 0.1600 | Noise: 0.3163 | Replay: 12800 | FPS: 19.78 | ETA: 115.6 min
2026-08-10 19:01:15,660 | INFO | Steps: 13312/150000 | Episodes: 26 | LastEpReward: 16.575 | RecentReward: 15.916 | ActorLoss: -0.998457 | CriticLoss: 0.003481 | Q: 0.9621 | TargetQ: 0.9620 | TDAbs: 0.0629 | ActorGrad: 0.0070 | CriticGrad: 0.1512 | Noise: 0.3148 | Replay: 13312 | FPS: 19.93 | ETA: 114.3 min
2026-08-10 19:01:36,946 | INFO | Steps: 13824/150000 | Episodes: 27 | LastEpReward: 26.623 | RecentReward: 17.693 | ActorLoss: -1.078142 | CriticLoss: 0.003519 | Q: 1.0411 | TargetQ: 1.0418 | TDAbs: 0.0633 | ActorGrad: 0.0061 | CriticGrad: 0.1626 | Noise: 0.3134 | Replay: 13824 | FPS: 20.06 | ETA: 113.1 min
2026-08-10 19:01:59,449 | INFO | Steps: 14336/150000 | Episodes: 28 | LastEpReward: 20.748 | RecentReward: 18.006 | ActorLoss: -1.157394 | CriticLoss: 0.004145 | Q: 1.1222 | TargetQ: 1.1227 | TDAbs: 0.0679 | ActorGrad: 0.0060 | CriticGrad: 0.1903 | Noise: 0.3119 | Replay: 14336 | FPS: 20.15 | ETA: 112.2 min
2026-08-10 19:02:21,785 | INFO | Steps: 14848/150000 | Episodes: 29 | LastEpReward: 13.842 | RecentReward: 17.928 | ActorLoss: -1.217692 | CriticLoss: 0.003789 | Q: 1.1828 | TargetQ: 1.1831 | TDAbs: 0.0649 | ActorGrad: 0.0054 | CriticGrad: 0.1603 | Noise: 0.3104 | Replay: 14848 | FPS: 20.23 | ETA: 111.3 min
2026-08-10 19:02:43,785 | INFO | 开始周期评估: Steps=15360 | Episodes=30 | EvalEpisodes=5
2026-08-10 19:03:46,725 | INFO | 周期评估完成: Steps=15360 | MeanReward=21.863 | StdReward=4.163
2026-08-10 19:03:46,844 | INFO | Steps: 15360/150000 | Episodes: 30 | LastEpReward: 19.789 | RecentReward: 18.447 | ActorLoss: -1.301435 | CriticLoss: 0.004448 | Q: 1.2667 | TargetQ: 1.2671 | TDAbs: 0.0714 | ActorGrad: 0.0053 | CriticGrad: 0.1943 | Noise: 0.3090 | Replay: 15360 | FPS: 18.75 | ETA: 119.7 min
2026-08-10 19:04:08,830 | INFO | Steps: 15872/150000 | Episodes: 31 | LastEpReward: 17.490 | RecentReward: 19.344 | ActorLoss: -1.375808 | CriticLoss: 0.004154 | Q: 1.3398 | TargetQ: 1.3403 | TDAbs: 0.0690 | ActorGrad: 0.0047 | CriticGrad: 0.1774 | Noise: 0.3075 | Replay: 15872 | FPS: 18.87 | ETA: 118.4 min
2026-08-10 19:04:29,026 | INFO | Steps: 16384/150000 | Episodes: 32 | LastEpReward: 9.937 | RecentReward: 18.194 | ActorLoss: -1.441234 | CriticLoss: 0.003897 | Q: 1.4061 | TargetQ: 1.4066 | TDAbs: 0.0674 | ActorGrad: 0.0064 | CriticGrad: 0.1636 | Noise: 0.3060 | Replay: 16384 | FPS: 19.02 | ETA: 117.1 min
2026-08-10 19:04:50,818 | INFO | Steps: 16896/150000 | Episodes: 33 | LastEpReward: 11.279 | RecentReward: 17.339 | ActorLoss: -1.521773 | CriticLoss: 0.005128 | Q: 1.4883 | TargetQ: 1.4883 | TDAbs: 0.0762 | ActorGrad: 0.0058 | CriticGrad: 0.2123 | Noise: 0.3046 | Replay: 16896 | FPS: 19.14 | ETA: 115.9 min
2026-08-10 19:05:11,981 | INFO | Steps: 17408/150000 | Episodes: 34 | LastEpReward: 22.414 | RecentReward: 17.197 | ActorLoss: -1.553677 | CriticLoss: 0.004496 | Q: 1.5204 | TargetQ: 1.5205 | TDAbs: 0.0712 | ActorGrad: 0.0052 | CriticGrad: 0.1805 | Noise: 0.3031 | Replay: 17408 | FPS: 19.25 | ETA: 114.8 min
2026-08-10 19:05:34,166 | INFO | Steps: 17920/150000 | Episodes: 35 | LastEpReward: 21.326 | RecentReward: 18.002 | ActorLoss: -1.608403 | CriticLoss: 0.004616 | Q: 1.5759 | TargetQ: 1.5759 | TDAbs: 0.0728 | ActorGrad: 0.0045 | CriticGrad: 0.2010 | Noise: 0.3017 | Replay: 17920 | FPS: 19.35 | ETA: 113.8 min
2026-08-10 19:05:59,611 | INFO | Steps: 18432/150000 | Episodes: 36 | LastEpReward: 28.092 | RecentReward: 19.154 | ActorLoss: -1.670664 | CriticLoss: 0.004920 | Q: 1.6362 | TargetQ: 1.6363 | TDAbs: 0.0752 | ActorGrad: 0.0146 | CriticGrad: 0.1983 | Noise: 0.3002 | Replay: 18432 | FPS: 19.37 | ETA: 113.2 min
2026-08-10 19:06:22,622 | INFO | Steps: 18944/150000 | Episodes: 37 | LastEpReward: 16.577 | RecentReward: 18.149 | ActorLoss: -1.703069 | CriticLoss: 0.005717 | Q: 1.6669 | TargetQ: 1.6683 | TDAbs: 0.0807 | ActorGrad: 0.0283 | CriticGrad: 0.2661 | Noise: 0.2987 | Replay: 18944 | FPS: 19.43 | ETA: 112.4 min
2026-08-10 19:06:42,208 | INFO | Steps: 19456/150000 | Episodes: 38 | LastEpReward: 20.402 | RecentReward: 18.115 | ActorLoss: -1.800881 | CriticLoss: 0.005586 | Q: 1.7668 | TargetQ: 1.7681 | TDAbs: 0.0793 | ActorGrad: 0.0211 | CriticGrad: 0.2219 | Noise: 0.2973 | Replay: 19456 | FPS: 19.57 | ETA: 111.2 min
2026-08-10 19:07:00,802 | INFO | Steps: 19968/150000 | Episodes: 39 | LastEpReward: 9.831 | RecentReward: 17.714 | ActorLoss: -1.829453 | CriticLoss: 0.005756 | Q: 1.7952 | TargetQ: 1.7954 | TDAbs: 0.0809 | ActorGrad: 0.0209 | CriticGrad: 0.2448 | Noise: 0.2958 | Replay: 19968 | FPS: 19.71 | ETA: 109.9 min
2026-08-10 19:07:20,438 | INFO | 开始周期评估: Steps=20480 | Episodes=40 | EvalEpisodes=5
2026-08-10 19:08:16,654 | INFO | 周期评估完成: Steps=20480 | MeanReward=24.089 | StdReward=3.938
2026-08-10 19:08:16,780 | INFO | Steps: 20480/150000 | Episodes: 40 | LastEpReward: 25.019 | RecentReward: 18.237 | ActorLoss: -1.921131 | CriticLoss: 0.006012 | Q: 1.8885 | TargetQ: 1.8897 | TDAbs: 0.0824 | ActorGrad: 0.0196 | CriticGrad: 0.2581 | Noise: 0.2943 | Replay: 20480 | FPS: 18.81 | ETA: 114.8 min
2026-08-10 19:08:35,978 | INFO | Steps: 20992/150000 | Episodes: 41 | LastEpReward: 7.678 | RecentReward: 17.256 | ActorLoss: -1.963710 | CriticLoss: 0.005750 | Q: 1.9309 | TargetQ: 1.9313 | TDAbs: 0.0815 | ActorGrad: 0.0226 | CriticGrad: 0.2122 | Noise: 0.2929 | Replay: 20992 | FPS: 18.94 | ETA: 113.5 min
2026-08-10 19:08:55,305 | INFO | Steps: 21504/150000 | Episodes: 42 | LastEpReward: 24.340 | RecentReward: 18.696 | ActorLoss: -2.028482 | CriticLoss: 0.006247 | Q: 1.9962 | TargetQ: 1.9961 | TDAbs: 0.0832 | ActorGrad: 0.0281 | CriticGrad: 0.2617 | Noise: 0.2914 | Replay: 21504 | FPS: 19.07 | ETA: 112.3 min
2026-08-10 19:09:13,380 | INFO | Steps: 22016/150000 | Episodes: 43 | LastEpReward: 17.560 | RecentReward: 19.324 | ActorLoss: -2.088199 | CriticLoss: 0.006127 | Q: 2.0563 | TargetQ: 2.0567 | TDAbs: 0.0828 | ActorGrad: 0.0293 | CriticGrad: 0.2306 | Noise: 0.2900 | Replay: 22016 | FPS: 19.22 | ETA: 111.0 min
2026-08-10 19:09:32,389 | INFO | Steps: 22528/150000 | Episodes: 44 | LastEpReward: 17.267 | RecentReward: 18.809 | ActorLoss: -2.134717 | CriticLoss: 0.006999 | Q: 2.1007 | TargetQ: 2.1004 | TDAbs: 0.0899 | ActorGrad: 0.0282 | CriticGrad: 0.3185 | Noise: 0.2885 | Replay: 22528 | FPS: 19.34 | ETA: 109.8 min
2026-08-10 19:09:55,075 | INFO | Steps: 23040/150000 | Episodes: 45 | LastEpReward: 28.170 | RecentReward: 19.494 | ActorLoss: -2.190173 | CriticLoss: 0.007041 | Q: 2.1560 | TargetQ: 2.1571 | TDAbs: 0.0897 | ActorGrad: 0.0317 | CriticGrad: 0.3005 | Noise: 0.2870 | Replay: 23040 | FPS: 19.41 | ETA: 109.0 min
2026-08-10 19:10:15,924 | INFO | Steps: 23552/150000 | Episodes: 46 | LastEpReward: 22.375 | RecentReward: 18.922 | ActorLoss: -2.267901 | CriticLoss: 0.006219 | Q: 2.2358 | TargetQ: 2.2362 | TDAbs: 0.0843 | ActorGrad: 0.0234 | CriticGrad: 0.2314 | Noise: 0.2856 | Replay: 23552 | FPS: 19.50 | ETA: 108.1 min
2026-08-10 19:10:36,433 | INFO | Steps: 24064/150000 | Episodes: 47 | LastEpReward: 18.369 | RecentReward: 19.101 | ActorLoss: -2.287149 | CriticLoss: 0.007632 | Q: 2.2582 | TargetQ: 2.2586 | TDAbs: 0.0930 | ActorGrad: 0.0264 | CriticGrad: 0.3206 | Noise: 0.2841 | Replay: 24064 | FPS: 19.59 | ETA: 107.2 min
2026-08-10 19:10:57,802 | INFO | Steps: 24576/150000 | Episodes: 48 | LastEpReward: 25.649 | RecentReward: 19.626 | ActorLoss: -2.353704 | CriticLoss: 0.007479 | Q: 2.3255 | TargetQ: 2.3258 | TDAbs: 0.0924 | ActorGrad: 0.0274 | CriticGrad: 0.3302 | Noise: 0.2826 | Replay: 24576 | FPS: 19.66 | ETA: 106.3 min
2026-08-10 19:11:20,967 | INFO | Steps: 25088/150000 | Episodes: 49 | LastEpReward: 17.561 | RecentReward: 20.399 | ActorLoss: -2.423076 | CriticLoss: 0.007514 | Q: 2.3933 | TargetQ: 2.3938 | TDAbs: 0.0918 | ActorGrad: 0.0308 | CriticGrad: 0.3183 | Noise: 0.2812 | Replay: 25088 | FPS: 19.71 | ETA: 105.6 min
2026-08-10 19:11:43,505 | INFO | 开始周期评估: Steps=25600 | Episodes=50 | EvalEpisodes=5
2026-08-10 19:12:46,233 | INFO | 周期评估完成: Steps=25600 | MeanReward=22.135 | StdReward=5.263
2026-08-10 19:12:46,261 | INFO | Steps: 25600/150000 | Episodes: 50 | LastEpReward: 17.011 | RecentReward: 19.598 | ActorLoss: -2.446441 | CriticLoss: 0.007501 | Q: 2.4171 | TargetQ: 2.4186 | TDAbs: 0.0921 | ActorGrad: 0.0306 | CriticGrad: 0.3238 | Noise: 0.2797 | Replay: 25600 | FPS: 18.85 | ETA: 110.0 min
2026-08-10 19:13:08,664 | INFO | Steps: 26112/150000 | Episodes: 51 | LastEpReward: 13.912 | RecentReward: 20.222 | ActorLoss: -2.481085 | CriticLoss: 0.008217 | Q: 2.4500 | TargetQ: 2.4507 | TDAbs: 0.0962 | ActorGrad: 0.0379 | CriticGrad: 0.2895 | Noise: 0.2783 | Replay: 26112 | FPS: 18.91 | ETA: 109.2 min
2026-08-10 19:13:31,154 | INFO | Steps: 26624/150000 | Episodes: 52 | LastEpReward: 17.630 | RecentReward: 19.551 | ActorLoss: -2.525435 | CriticLoss: 0.008170 | Q: 2.4919 | TargetQ: 2.4924 | TDAbs: 0.0956 | ActorGrad: 0.0496 | CriticGrad: 0.3077 | Noise: 0.2768 | Replay: 26624 | FPS: 18.97 | ETA: 108.4 min
2026-08-10 19:13:53,187 | INFO | Steps: 27136/150000 | Episodes: 53 | LastEpReward: 5.639 | RecentReward: 18.358 | ActorLoss: -2.578244 | CriticLoss: 0.008700 | Q: 2.5436 | TargetQ: 2.5446 | TDAbs: 0.0991 | ActorGrad: 0.0473 | CriticGrad: 0.2970 | Noise: 0.2753 | Replay: 27136 | FPS: 19.04 | ETA: 107.6 min
2026-08-10 19:14:14,817 | INFO | Steps: 27648/150000 | Episodes: 54 | LastEpReward: 16.087 | RecentReward: 18.240 | ActorLoss: -2.600032 | CriticLoss: 0.009039 | Q: 2.5634 | TargetQ: 2.5649 | TDAbs: 0.1017 | ActorGrad: 0.0540 | CriticGrad: 0.3670 | Noise: 0.2739 | Replay: 27648 | FPS: 19.11 | ETA: 106.7 min
2026-08-10 19:14:39,125 | INFO | Steps: 28160/150000 | Episodes: 55 | LastEpReward: 16.415 | RecentReward: 17.065 | ActorLoss: -2.690505 | CriticLoss: 0.009098 | Q: 2.6576 | TargetQ: 2.6578 | TDAbs: 0.1008 | ActorGrad: 0.0433 | CriticGrad: 0.3179 | Noise: 0.2724 | Replay: 28160 | FPS: 19.14 | ETA: 106.1 min
2026-08-10 19:15:01,491 | INFO | Steps: 28672/150000 | Episodes: 56 | LastEpReward: 12.401 | RecentReward: 16.067 | ActorLoss: -2.760036 | CriticLoss: 0.009147 | Q: 2.7278 | TargetQ: 2.7276 | TDAbs: 0.1024 | ActorGrad: 0.0470 | CriticGrad: 0.3197 | Noise: 0.2709 | Replay: 28672 | FPS: 19.20 | ETA: 105.3 min
2026-08-10 19:15:24,159 | INFO | Steps: 29184/150000 | Episodes: 57 | LastEpReward: 9.772 | RecentReward: 15.208 | ActorLoss: -2.765148 | CriticLoss: 0.009098 | Q: 2.7340 | TargetQ: 2.7339 | TDAbs: 0.1024 | ActorGrad: 0.0456 | CriticGrad: 0.3837 | Noise: 0.2695 | Replay: 29184 | FPS: 19.25 | ETA: 104.6 min
2026-08-10 19:15:48,148 | INFO | Steps: 29696/150000 | Episodes: 58 | LastEpReward: 27.497 | RecentReward: 15.392 | ActorLoss: -2.807395 | CriticLoss: 0.009314 | Q: 2.7776 | TargetQ: 2.7781 | TDAbs: 0.1031 | ActorGrad: 0.0529 | CriticGrad: 0.3263 | Noise: 0.2680 | Replay: 29696 | FPS: 19.28 | ETA: 104.0 min
2026-08-10 19:16:11,104 | INFO | Steps: 30208/150000 | Episodes: 59 | LastEpReward: 3.733 | RecentReward: 14.010 | ActorLoss: -2.835604 | CriticLoss: 0.009451 | Q: 2.8057 | TargetQ: 2.8057 | TDAbs: 0.1034 | ActorGrad: 0.0442 | CriticGrad: 0.3404 | Noise: 0.2665 | Replay: 30208 | FPS: 19.32 | ETA: 103.3 min
2026-08-10 19:16:33,279 | INFO | 开始周期评估: Steps=30720 | Episodes=60 | EvalEpisodes=5
2026-08-10 19:17:38,160 | INFO | 周期评估完成: Steps=30720 | MeanReward=13.543 | StdReward=7.684
2026-08-10 19:17:38,183 | INFO | Steps: 30720/150000 | Episodes: 60 | LastEpReward: 14.743 | RecentReward: 13.783 | ActorLoss: -2.926641 | CriticLoss: 0.011201 | Q: 2.8854 | TargetQ: 2.8856 | TDAbs: 0.1130 | ActorGrad: 0.0455 | CriticGrad: 0.3666 | Noise: 0.2651 | Replay: 30720 | FPS: 18.61 | ETA: 106.8 min
2026-08-10 19:18:02,094 | INFO | Steps: 31232/150000 | Episodes: 61 | LastEpReward: 23.332 | RecentReward: 14.725 | ActorLoss: -2.955831 | CriticLoss: 0.011808 | Q: 2.9121 | TargetQ: 2.9124 | TDAbs: 0.1152 | ActorGrad: 0.0414 | CriticGrad: 0.3484 | Noise: 0.2636 | Replay: 31232 | FPS: 18.65 | ETA: 106.1 min
2026-08-10 19:18:25,935 | INFO | Steps: 31744/150000 | Episodes: 62 | LastEpReward: 17.564 | RecentReward: 14.718 | ActorLoss: -3.028972 | CriticLoss: 0.012122 | Q: 2.9843 | TargetQ: 2.9842 | TDAbs: 0.1179 | ActorGrad: 0.0439 | CriticGrad: 0.4040 | Noise: 0.2622 | Replay: 31744 | FPS: 18.69 | ETA: 105.4 min
2026-08-10 19:18:48,727 | INFO | Steps: 32256/150000 | Episodes: 63 | LastEpReward: 7.857 | RecentReward: 14.940 | ActorLoss: -3.121090 | CriticLoss: 0.013440 | Q: 3.0729 | TargetQ: 3.0740 | TDAbs: 0.1235 | ActorGrad: 0.0419 | CriticGrad: 0.4031 | Noise: 0.2607 | Replay: 32256 | FPS: 18.74 | ETA: 104.7 min
2026-08-10 19:19:10,712 | INFO | Steps: 32768/150000 | Episodes: 64 | LastEpReward: 9.083 | RecentReward: 14.240 | ActorLoss: -3.141823 | CriticLoss: 0.012841 | Q: 3.0994 | TargetQ: 3.0993 | TDAbs: 0.1214 | ActorGrad: 0.0438 | CriticGrad: 0.4485 | Noise: 0.2592 | Replay: 32768 | FPS: 18.80 | ETA: 103.9 min
2026-08-10 19:19:32,566 | INFO | Steps: 33280/150000 | Episodes: 65 | LastEpReward: 19.309 | RecentReward: 14.529 | ActorLoss: -3.180439 | CriticLoss: 0.014068 | Q: 3.1381 | TargetQ: 3.1383 | TDAbs: 0.1239 | ActorGrad: 0.0475 | CriticGrad: 0.4048 | Noise: 0.2578 | Replay: 33280 | FPS: 18.86 | ETA: 103.2 min
2026-08-10 19:19:56,208 | INFO | Steps: 33792/150000 | Episodes: 66 | LastEpReward: 15.182 | RecentReward: 14.807 | ActorLoss: -3.241986 | CriticLoss: 0.013335 | Q: 3.2033 | TargetQ: 3.2028 | TDAbs: 0.1229 | ActorGrad: 0.0478 | CriticGrad: 0.4101 | Noise: 0.2563 | Replay: 33792 | FPS: 18.90 | ETA: 102.5 min
2026-08-10 19:20:19,480 | INFO | Steps: 34304/150000 | Episodes: 67 | LastEpReward: 15.176 | RecentReward: 15.348 | ActorLoss: -3.284883 | CriticLoss: 0.013794 | Q: 3.2522 | TargetQ: 3.2528 | TDAbs: 0.1252 | ActorGrad: 0.0414 | CriticGrad: 0.4349 | Noise: 0.2548 | Replay: 34304 | FPS: 18.94 | ETA: 101.8 min
2026-08-10 19:20:41,173 | INFO | Steps: 34816/150000 | Episodes: 68 | LastEpReward: 17.859 | RecentReward: 14.384 | ActorLoss: -3.324459 | CriticLoss: 0.014105 | Q: 3.2879 | TargetQ: 3.2888 | TDAbs: 0.1266 | ActorGrad: 0.0483 | CriticGrad: 0.4334 | Noise: 0.2534 | Replay: 34816 | FPS: 18.99 | ETA: 101.1 min
2026-08-10 19:21:02,665 | INFO | Steps: 35328/150000 | Episodes: 69 | LastEpReward: 6.093 | RecentReward: 14.620 | ActorLoss: -3.353655 | CriticLoss: 0.014552 | Q: 3.3194 | TargetQ: 3.3199 | TDAbs: 0.1285 | ActorGrad: 0.0493 | CriticGrad: 0.4904 | Noise: 0.2519 | Replay: 35328 | FPS: 19.05 | ETA: 100.3 min
2026-08-10 19:21:26,043 | INFO | 开始周期评估: Steps=35840 | Episodes=70 | EvalEpisodes=5
2026-08-10 19:22:28,915 | INFO | 周期评估完成: Steps=35840 | MeanReward=16.770 | StdReward=5.365
2026-08-10 19:22:28,941 | INFO | Steps: 35840/150000 | Episodes: 70 | LastEpReward: 10.455 | RecentReward: 14.191 | ActorLoss: -3.398035 | CriticLoss: 0.016120 | Q: 3.3622 | TargetQ: 3.3628 | TDAbs: 0.1322 | ActorGrad: 0.0516 | CriticGrad: 0.4597 | Noise: 0.2505 | Replay: 35840 | FPS: 18.46 | ETA: 103.0 min
2026-08-10 19:22:50,968 | INFO | Steps: 36352/150000 | Episodes: 71 | LastEpReward: 10.702 | RecentReward: 12.928 | ActorLoss: -3.389052 | CriticLoss: 0.017634 | Q: 3.3586 | TargetQ: 3.3594 | TDAbs: 0.1381 | ActorGrad: 0.0506 | CriticGrad: 0.5797 | Noise: 0.2490 | Replay: 36352 | FPS: 18.52 | ETA: 102.3 min
2026-08-10 19:23:11,241 | INFO | Steps: 36864/150000 | Episodes: 72 | LastEpReward: 6.600 | RecentReward: 11.832 | ActorLoss: -3.410061 | CriticLoss: 0.017918 | Q: 3.3856 | TargetQ: 3.3859 | TDAbs: 0.1389 | ActorGrad: 0.0527 | CriticGrad: 0.5287 | Noise: 0.2475 | Replay: 36864 | FPS: 18.59 | ETA: 101.5 min
2026-08-10 19:23:34,848 | INFO | Steps: 37376/150000 | Episodes: 73 | LastEpReward: 12.620 | RecentReward: 12.308 | ActorLoss: -3.413472 | CriticLoss: 0.017020 | Q: 3.3869 | TargetQ: 3.3882 | TDAbs: 0.1371 | ActorGrad: 0.0413 | CriticGrad: 0.5108 | Noise: 0.2461 | Replay: 37376 | FPS: 18.62 | ETA: 100.8 min
2026-08-10 19:23:57,476 | INFO | Steps: 37888/150000 | Episodes: 74 | LastEpReward: 10.837 | RecentReward: 12.483 | ActorLoss: -3.453720 | CriticLoss: 0.019288 | Q: 3.4294 | TargetQ: 3.4294 | TDAbs: 0.1444 | ActorGrad: 0.0479 | CriticGrad: 0.5323 | Noise: 0.2446 | Replay: 37888 | FPS: 18.67 | ETA: 100.1 min
2026-08-10 19:24:20,973 | INFO | Steps: 38400/150000 | Episodes: 75 | LastEpReward: 17.006 | RecentReward: 12.253 | ActorLoss: -3.417075 | CriticLoss: 0.017282 | Q: 3.3927 | TargetQ: 3.3925 | TDAbs: 0.1391 | ActorGrad: 0.0471 | CriticGrad: 0.5486 | Noise: 0.2431 | Replay: 38400 | FPS: 18.70 | ETA: 99.4 min
2026-08-10 19:24:42,279 | INFO | Steps: 38912/150000 | Episodes: 76 | LastEpReward: 12.085 | RecentReward: 11.943 | ActorLoss: -3.421981 | CriticLoss: 0.017784 | Q: 3.4010 | TargetQ: 3.4019 | TDAbs: 0.1395 | ActorGrad: 0.0469 | CriticGrad: 0.5668 | Noise: 0.2417 | Replay: 38912 | FPS: 18.76 | ETA: 98.7 min
2026-08-10 19:25:05,613 | INFO | Steps: 39424/150000 | Episodes: 77 | LastEpReward: 9.854 | RecentReward: 11.411 | ActorLoss: -3.438534 | CriticLoss: 0.019632 | Q: 3.4204 | TargetQ: 3.4207 | TDAbs: 0.1441 | ActorGrad: 0.0519 | CriticGrad: 0.6299 | Noise: 0.2402 | Replay: 39424 | FPS: 18.79 | ETA: 98.1 min
2026-08-10 19:25:30,070 | INFO | Steps: 39936/150000 | Episodes: 78 | LastEpReward: 25.777 | RecentReward: 12.203 | ActorLoss: -3.422000 | CriticLoss: 0.020101 | Q: 3.3988 | TargetQ: 3.3988 | TDAbs: 0.1463 | ActorGrad: 0.0434 | CriticGrad: 0.5832 | Noise: 0.2388 | Replay: 39936 | FPS: 18.82 | ETA: 97.5 min
2026-08-10 19:25:53,220 | INFO | Steps: 40448/150000 | Episodes: 79 | LastEpReward: 24.385 | RecentReward: 14.032 | ActorLoss: -3.400655 | CriticLoss: 0.021475 | Q: 3.3743 | TargetQ: 3.3764 | TDAbs: 0.1505 | ActorGrad: 0.0387 | CriticGrad: 0.6315 | Noise: 0.2373 | Replay: 40448 | FPS: 18.85 | ETA: 96.8 min
2026-08-10 19:26:16,834 | INFO | 开始周期评估: Steps=40960 | Episodes=80 | EvalEpisodes=5
2026-08-10 19:27:23,392 | INFO | 周期评估完成: Steps=40960 | MeanReward=26.115 | StdReward=4.119
2026-08-10 19:27:23,525 | INFO | Steps: 40960/150000 | Episodes: 80 | LastEpReward: 27.137 | RecentReward: 15.700 | ActorLoss: -3.419174 | CriticLoss: 0.019778 | Q: 3.3967 | TargetQ: 3.3981 | TDAbs: 0.1450 | ActorGrad: 0.0355 | CriticGrad: 0.5785 | Noise: 0.2358 | Replay: 40960 | FPS: 18.32 | ETA: 99.2 min
2026-08-10 19:27:45,333 | INFO | Steps: 41472/150000 | Episodes: 81 | LastEpReward: 16.627 | RecentReward: 16.293 | ActorLoss: -3.425867 | CriticLoss: 0.020293 | Q: 3.4039 | TargetQ: 3.4032 | TDAbs: 0.1454 | ActorGrad: 0.0477 | CriticGrad: 0.6035 | Noise: 0.2344 | Replay: 41472 | FPS: 18.37 | ETA: 98.5 min
2026-08-10 19:28:08,045 | INFO | Steps: 41984/150000 | Episodes: 82 | LastEpReward: 15.820 | RecentReward: 17.215 | ActorLoss: -3.481545 | CriticLoss: 0.019681 | Q: 3.4578 | TargetQ: 3.4585 | TDAbs: 0.1427 | ActorGrad: 0.0442 | CriticGrad: 0.6331 | Noise: 0.2329 | Replay: 41984 | FPS: 18.41 | ETA: 97.8 min
2026-08-10 19:28:31,744 | INFO | Steps: 42496/150000 | Episodes: 83 | LastEpReward: 17.777 | RecentReward: 17.730 | ActorLoss: -3.480200 | CriticLoss: 0.019809 | Q: 3.4557 | TargetQ: 3.4563 | TDAbs: 0.1415 | ActorGrad: 0.0460 | CriticGrad: 0.6126 | Noise: 0.2314 | Replay: 42496 | FPS: 18.45 | ETA: 97.1 min
2026-08-10 19:28:54,606 | INFO | Steps: 43008/150000 | Episodes: 84 | LastEpReward: 20.387 | RecentReward: 18.685 | ActorLoss: -3.477992 | CriticLoss: 0.022358 | Q: 3.4507 | TargetQ: 3.4523 | TDAbs: 0.1468 | ActorGrad: 0.0462 | CriticGrad: 0.6675 | Noise: 0.2300 | Replay: 43008 | FPS: 18.48 | ETA: 96.5 min
2026-08-10 19:29:16,966 | INFO | Steps: 43520/150000 | Episodes: 85 | LastEpReward: 15.282 | RecentReward: 18.513 | ActorLoss: -3.489728 | CriticLoss: 0.018120 | Q: 3.4657 | TargetQ: 3.4665 | TDAbs: 0.1376 | ActorGrad: 0.0450 | CriticGrad: 0.5410 | Noise: 0.2285 | Replay: 43520 | FPS: 18.53 | ETA: 95.8 min
2026-08-10 19:29:38,235 | INFO | Steps: 44032/150000 | Episodes: 86 | LastEpReward: 24.060 | RecentReward: 19.710 | ActorLoss: -3.531492 | CriticLoss: 0.019376 | Q: 3.5082 | TargetQ: 3.5081 | TDAbs: 0.1418 | ActorGrad: 0.0441 | CriticGrad: 0.6257 | Noise: 0.2271 | Replay: 44032 | FPS: 18.58 | ETA: 95.1 min
2026-08-10 19:29:59,690 | INFO | Steps: 44544/150000 | Episodes: 87 | LastEpReward: 14.584 | RecentReward: 20.184 | ActorLoss: -3.482897 | CriticLoss: 0.019551 | Q: 3.4596 | TargetQ: 3.4595 | TDAbs: 0.1400 | ActorGrad: 0.0415 | CriticGrad: 0.6199 | Noise: 0.2256 | Replay: 44544 | FPS: 18.62 | ETA: 94.4 min
2026-08-10 19:30:25,020 | INFO | Steps: 45056/150000 | Episodes: 88 | LastEpReward: 12.232 | RecentReward: 18.829 | ActorLoss: -3.525001 | CriticLoss: 0.018748 | Q: 3.4980 | TargetQ: 3.4986 | TDAbs: 0.1373 | ActorGrad: 0.0532 | CriticGrad: 0.6338 | Noise: 0.2241 | Replay: 45056 | FPS: 18.64 | ETA: 93.8 min
2026-08-10 19:30:47,141 | INFO | Steps: 45568/150000 | Episodes: 89 | LastEpReward: 16.170 | RecentReward: 18.008 | ActorLoss: -3.512024 | CriticLoss: 0.021495 | Q: 3.4873 | TargetQ: 3.4881 | TDAbs: 0.1472 | ActorGrad: 0.0598 | CriticGrad: 0.6683 | Noise: 0.2227 | Replay: 45568 | FPS: 18.68 | ETA: 93.2 min
2026-08-10 19:31:09,729 | INFO | 开始周期评估: Steps=46080 | Episodes=90 | EvalEpisodes=5
2026-08-10 19:32:14,366 | INFO | 周期评估完成: Steps=46080 | MeanReward=18.605 | StdReward=4.091
2026-08-10 19:32:14,394 | INFO | Steps: 46080/150000 | Episodes: 90 | LastEpReward: 10.904 | RecentReward: 16.384 | ActorLoss: -3.506174 | CriticLoss: 0.019073 | Q: 3.4781 | TargetQ: 3.4798 | TDAbs: 0.1415 | ActorGrad: 0.0624 | CriticGrad: 0.5845 | Noise: 0.2212 | Replay: 46080 | FPS: 18.24 | ETA: 95.0 min
2026-08-10 19:32:37,157 | INFO | Steps: 46592/150000 | Episodes: 91 | LastEpReward: 20.126 | RecentReward: 16.734 | ActorLoss: -3.513656 | CriticLoss: 0.021409 | Q: 3.4869 | TargetQ: 3.4869 | TDAbs: 0.1468 | ActorGrad: 0.0673 | CriticGrad: 0.6764 | Noise: 0.2197 | Replay: 46592 | FPS: 18.28 | ETA: 94.3 min
2026-08-10 19:33:01,236 | INFO | Steps: 47104/150000 | Episodes: 92 | LastEpReward: 15.868 | RecentReward: 16.739 | ActorLoss: -3.522648 | CriticLoss: 0.023552 | Q: 3.5010 | TargetQ: 3.5007 | TDAbs: 0.1509 | ActorGrad: 0.0548 | CriticGrad: 0.8124 | Noise: 0.2183 | Replay: 47104 | FPS: 18.30 | ETA: 93.7 min
2026-08-10 19:33:23,669 | INFO | Steps: 47616/150000 | Episodes: 93 | LastEpReward: 17.282 | RecentReward: 16.690 | ActorLoss: -3.572371 | CriticLoss: 0.021401 | Q: 3.5497 | TargetQ: 3.5481 | TDAbs: 0.1457 | ActorGrad: 0.0662 | CriticGrad: 0.6477 | Noise: 0.2168 | Replay: 47616 | FPS: 18.34 | ETA: 93.0 min
2026-08-10 19:33:46,693 | INFO | Steps: 48128/150000 | Episodes: 94 | LastEpReward: 18.440 | RecentReward: 16.495 | ActorLoss: -3.607764 | CriticLoss: 0.023679 | Q: 3.5810 | TargetQ: 3.5821 | TDAbs: 0.1464 | ActorGrad: 0.0622 | CriticGrad: 0.7527 | Noise: 0.2153 | Replay: 48128 | FPS: 18.38 | ETA: 92.4 min
2026-08-10 19:34:10,861 | INFO | Steps: 48640/150000 | Episodes: 95 | LastEpReward: 11.812 | RecentReward: 16.148 | ActorLoss: -3.570389 | CriticLoss: 0.024524 | Q: 3.5443 | TargetQ: 3.5422 | TDAbs: 0.1474 | ActorGrad: 0.0614 | CriticGrad: 0.7402 | Noise: 0.2139 | Replay: 48640 | FPS: 18.40 | ETA: 91.8 min
2026-08-10 19:34:33,749 | INFO | Steps: 49152/150000 | Episodes: 96 | LastEpReward: 20.110 | RecentReward: 15.753 | ActorLoss: -3.553038 | CriticLoss: 0.022616 | Q: 3.5318 | TargetQ: 3.5330 | TDAbs: 0.1463 | ActorGrad: 0.0555 | CriticGrad: 0.6849 | Noise: 0.2124 | Replay: 49152 | FPS: 18.44 | ETA: 91.2 min
2026-08-10 19:34:56,911 | INFO | Steps: 49664/150000 | Episodes: 97 | LastEpReward: 8.586 | RecentReward: 15.153 | ActorLoss: -3.555151 | CriticLoss: 0.021911 | Q: 3.5313 | TargetQ: 3.5317 | TDAbs: 0.1466 | ActorGrad: 0.0587 | CriticGrad: 0.6297 | Noise: 0.2110 | Replay: 49664 | FPS: 18.47 | ETA: 90.5 min
2026-08-10 19:35:21,163 | INFO | Steps: 50176/150000 | Episodes: 98 | LastEpReward: 16.804 | RecentReward: 15.610 | ActorLoss: -3.600601 | CriticLoss: 0.023575 | Q: 3.5834 | TargetQ: 3.5852 | TDAbs: 0.1479 | ActorGrad: 0.0647 | CriticGrad: 0.7479 | Noise: 0.2095 | Replay: 50000 | FPS: 18.49 | ETA: 90.0 min
2026-08-10 19:35:44,286 | INFO | Steps: 50688/150000 | Episodes: 99 | LastEpReward: 14.190 | RecentReward: 15.412 | ActorLoss: -3.567302 | CriticLoss: 0.024124 | Q: 3.5474 | TargetQ: 3.5486 | TDAbs: 0.1507 | ActorGrad: 0.0581 | CriticGrad: 0.7479 | Noise: 0.2080 | Replay: 50000 | FPS: 18.52 | ETA: 89.4 min
2026-08-10 19:36:08,106 | INFO | 开始周期评估: Steps=51200 | Episodes=100 | EvalEpisodes=5
2026-08-10 19:37:14,448 | INFO | 周期评估完成: Steps=51200 | MeanReward=22.991 | StdReward=3.488
2026-08-10 19:37:14,474 | INFO | Steps: 51200/150000 | Episodes: 100 | LastEpReward: 23.312 | RecentReward: 16.653 | ActorLoss: -3.458177 | CriticLoss: 0.020045 | Q: 3.4423 | TargetQ: 3.4429 | TDAbs: 0.1458 | ActorGrad: 0.0691 | CriticGrad: 0.5540 | Noise: 0.2066 | Replay: 50000 | FPS: 18.11 | ETA: 90.9 min
2026-08-10 19:37:37,393 | INFO | Steps: 51712/150000 | Episodes: 101 | LastEpReward: 14.946 | RecentReward: 16.135 | ActorLoss: -3.513276 | CriticLoss: 0.017786 | Q: 3.5008 | TargetQ: 3.5000 | TDAbs: 0.1389 | ActorGrad: 0.0628 | CriticGrad: 0.5095 | Noise: 0.2051 | Replay: 50000 | FPS: 18.15 | ETA: 90.3 min
2026-08-10 19:37:59,003 | INFO | Steps: 52224/150000 | Episodes: 102 | LastEpReward: 12.634 | RecentReward: 15.812 | ActorLoss: -3.566872 | CriticLoss: 0.017633 | Q: 3.5543 | TargetQ: 3.5543 | TDAbs: 0.1376 | ActorGrad: 0.0633 | CriticGrad: 0.4846 | Noise: 0.2036 | Replay: 50000 | FPS: 18.19 | ETA: 89.6 min
2026-08-10 19:38:21,762 | INFO | Steps: 52736/150000 | Episodes: 103 | LastEpReward: 15.294 | RecentReward: 15.613 | ActorLoss: -3.603960 | CriticLoss: 0.015667 | Q: 3.5927 | TargetQ: 3.5932 | TDAbs: 0.1341 | ActorGrad: 0.0549 | CriticGrad: 0.5152 | Noise: 0.2022 | Replay: 50000 | FPS: 18.22 | ETA: 89.0 min
2026-08-10 19:38:43,597 | INFO | Steps: 53248/150000 | Episodes: 104 | LastEpReward: 17.834 | RecentReward: 15.552 | ActorLoss: -3.601253 | CriticLoss: 0.014930 | Q: 3.5895 | TargetQ: 3.5894 | TDAbs: 0.1300 | ActorGrad: 0.0490 | CriticGrad: 0.4107 | Noise: 0.2007 | Replay: 50000 | FPS: 18.26 | ETA: 88.3 min
2026-08-10 19:39:05,773 | INFO | Steps: 53760/150000 | Episodes: 105 | LastEpReward: 24.631 | RecentReward: 16.834 | ActorLoss: -3.614327 | CriticLoss: 0.015882 | Q: 3.6046 | TargetQ: 3.6041 | TDAbs: 0.1321 | ActorGrad: 0.0482 | CriticGrad: 0.4174 | Noise: 0.1993 | Replay: 50000 | FPS: 18.30 | ETA: 87.7 min
2026-08-10 19:39:28,769 | INFO | Steps: 54272/150000 | Episodes: 106 | LastEpReward: 20.774 | RecentReward: 16.901 | ActorLoss: -3.561072 | CriticLoss: 0.015946 | Q: 3.5490 | TargetQ: 3.5485 | TDAbs: 0.1318 | ActorGrad: 0.0469 | CriticGrad: 0.4224 | Noise: 0.1978 | Replay: 50000 | FPS: 18.33 | ETA: 87.0 min
2026-08-10 19:39:50,475 | INFO | Steps: 54784/150000 | Episodes: 107 | LastEpReward: 25.352 | RecentReward: 18.577 | ActorLoss: -3.555454 | CriticLoss: 0.015290 | Q: 3.5453 | TargetQ: 3.5448 | TDAbs: 0.1319 | ActorGrad: 0.0477 | CriticGrad: 0.4639 | Noise: 0.1963 | Replay: 50000 | FPS: 18.37 | ETA: 86.4 min
2026-08-10 19:40:15,125 | INFO | Steps: 55296/150000 | Episodes: 108 | LastEpReward: 16.456 | RecentReward: 18.542 | ActorLoss: -3.559687 | CriticLoss: 0.015075 | Q: 3.5475 | TargetQ: 3.5466 | TDAbs: 0.1288 | ActorGrad: 0.0396 | CriticGrad: 0.4013 | Noise: 0.1949 | Replay: 50000 | FPS: 18.39 | ETA: 85.8 min
2026-08-10 19:40:38,963 | INFO | Steps: 55808/150000 | Episodes: 109 | LastEpReward: 14.522 | RecentReward: 18.576 | ActorLoss: -3.550989 | CriticLoss: 0.014999 | Q: 3.5399 | TargetQ: 3.5393 | TDAbs: 0.1299 | ActorGrad: 0.0413 | CriticGrad: 0.4229 | Noise: 0.1934 | Replay: 50000 | FPS: 18.41 | ETA: 85.3 min
2026-08-10 19:41:02,458 | INFO | 开始周期评估: Steps=56320 | Episodes=110 | EvalEpisodes=5
2026-08-10 19:42:07,172 | INFO | 周期评估完成: Steps=56320 | MeanReward=25.102 | StdReward=3.675
2026-08-10 19:42:07,200 | INFO | Steps: 56320/150000 | Episodes: 110 | LastEpReward: 20.443 | RecentReward: 18.289 | ActorLoss: -3.539252 | CriticLoss: 0.014760 | Q: 3.5279 | TargetQ: 3.5267 | TDAbs: 0.1272 | ActorGrad: 0.0456 | CriticGrad: 0.3987 | Noise: 0.1919 | Replay: 50000 | FPS: 18.05 | ETA: 86.5 min
2026-08-10 19:42:30,813 | INFO | Steps: 56832/150000 | Episodes: 111 | LastEpReward: 17.270 | RecentReward: 18.521 | ActorLoss: -3.542681 | CriticLoss: 0.014184 | Q: 3.5313 | TargetQ: 3.5319 | TDAbs: 0.1263 | ActorGrad: 0.0399 | CriticGrad: 0.3926 | Noise: 0.1905 | Replay: 50000 | FPS: 18.08 | ETA: 85.9 min
2026-08-10 19:42:52,756 | INFO | Steps: 57344/150000 | Episodes: 112 | LastEpReward: 18.111 | RecentReward: 19.069 | ActorLoss: -3.525992 | CriticLoss: 0.012535 | Q: 3.5143 | TargetQ: 3.5146 | TDAbs: 0.1216 | ActorGrad: 0.0445 | CriticGrad: 0.3806 | Noise: 0.1890 | Replay: 50000 | FPS: 18.12 | ETA: 85.2 min
2026-08-10 19:43:15,405 | INFO | Steps: 57856/150000 | Episodes: 113 | LastEpReward: 14.020 | RecentReward: 18.941 | ActorLoss: -3.601719 | CriticLoss: 0.015469 | Q: 3.5914 | TargetQ: 3.5917 | TDAbs: 0.1301 | ActorGrad: 0.0449 | CriticGrad: 0.4447 | Noise: 0.1876 | Replay: 50000 | FPS: 18.15 | ETA: 84.6 min
2026-08-10 19:43:38,308 | INFO | Steps: 58368/150000 | Episodes: 114 | LastEpReward: 17.108 | RecentReward: 18.869 | ActorLoss: -3.571464 | CriticLoss: 0.013783 | Q: 3.5612 | TargetQ: 3.5616 | TDAbs: 0.1246 | ActorGrad: 0.0442 | CriticGrad: 0.3945 | Noise: 0.1861 | Replay: 50000 | FPS: 18.18 | ETA: 84.0 min
2026-08-10 19:44:03,026 | INFO | Steps: 58880/150000 | Episodes: 115 | LastEpReward: 26.580 | RecentReward: 19.064 | ActorLoss: -3.536193 | CriticLoss: 0.013244 | Q: 3.5258 | TargetQ: 3.5257 | TDAbs: 0.1229 | ActorGrad: 0.0358 | CriticGrad: 0.3700 | Noise: 0.1846 | Replay: 50000 | FPS: 18.20 | ETA: 83.4 min
2026-08-10 19:44:28,087 | INFO | Steps: 59392/150000 | Episodes: 116 | LastEpReward: 24.430 | RecentReward: 19.429 | ActorLoss: -3.576418 | CriticLoss: 0.013954 | Q: 3.5655 | TargetQ: 3.5647 | TDAbs: 0.1236 | ActorGrad: 0.0460 | CriticGrad: 0.3658 | Noise: 0.1832 | Replay: 50000 | FPS: 18.22 | ETA: 82.9 min
2026-08-10 19:44:50,791 | INFO | Steps: 59904/150000 | Episodes: 117 | LastEpReward: 21.795 | RecentReward: 19.074 | ActorLoss: -3.586095 | CriticLoss: 0.013950 | Q: 3.5752 | TargetQ: 3.5741 | TDAbs: 0.1238 | ActorGrad: 0.0470 | CriticGrad: 0.3909 | Noise: 0.1817 | Replay: 50000 | FPS: 18.25 | ETA: 82.3 min
2026-08-10 19:45:13,700 | INFO | Steps: 60416/150000 | Episodes: 118 | LastEpReward: 14.300 | RecentReward: 18.858 | ActorLoss: -3.581691 | CriticLoss: 0.012860 | Q: 3.5692 | TargetQ: 3.5696 | TDAbs: 0.1222 | ActorGrad: 0.0407 | CriticGrad: 0.4379 | Noise: 0.1802 | Replay: 50000 | FPS: 18.28 | ETA: 81.7 min
2026-08-10 19:45:36,561 | INFO | Steps: 60928/150000 | Episodes: 119 | LastEpReward: 30.400 | RecentReward: 20.446 | ActorLoss: -3.597371 | CriticLoss: 0.013608 | Q: 3.5873 | TargetQ: 3.5863 | TDAbs: 0.1225 | ActorGrad: 0.0352 | CriticGrad: 0.4018 | Noise: 0.1788 | Replay: 50000 | FPS: 18.30 | ETA: 81.1 min
2026-08-10 19:45:57,914 | INFO | 开始周期评估: Steps=61440 | Episodes=120 | EvalEpisodes=5
2026-08-10 19:47:03,932 | INFO | 周期评估完成: Steps=61440 | MeanReward=27.722 | StdReward=4.220
2026-08-10 19:47:04,114 | INFO | Steps: 61440/150000 | Episodes: 120 | LastEpReward: 13.770 | RecentReward: 19.778 | ActorLoss: -3.581237 | CriticLoss: 0.013883 | Q: 3.5703 | TargetQ: 3.5695 | TDAbs: 0.1236 | ActorGrad: 0.0295 | CriticGrad: 0.3894 | Noise: 0.1773 | Replay: 50000 | FPS: 17.98 | ETA: 82.1 min
2026-08-10 19:47:27,785 | INFO | Steps: 61952/150000 | Episodes: 121 | LastEpReward: 19.738 | RecentReward: 20.025 | ActorLoss: -3.607875 | CriticLoss: 0.014282 | Q: 3.5961 | TargetQ: 3.5959 | TDAbs: 0.1242 | ActorGrad: 0.0331 | CriticGrad: 0.4335 | Noise: 0.1759 | Replay: 50000 | FPS: 18.01 | ETA: 81.5 min
2026-08-10 19:47:51,744 | INFO | Steps: 62464/150000 | Episodes: 122 | LastEpReward: 25.151 | RecentReward: 20.729 | ActorLoss: -3.604903 | CriticLoss: 0.013239 | Q: 3.5935 | TargetQ: 3.5932 | TDAbs: 0.1220 | ActorGrad: 0.0274 | CriticGrad: 0.4162 | Noise: 0.1744 | Replay: 50000 | FPS: 18.03 | ETA: 80.9 min
2026-08-10 19:48:15,333 | INFO | Steps: 62976/150000 | Episodes: 123 | LastEpReward: 23.878 | RecentReward: 21.715 | ActorLoss: -3.560539 | CriticLoss: 0.012442 | Q: 3.5496 | TargetQ: 3.5496 | TDAbs: 0.1175 | ActorGrad: 0.0295 | CriticGrad: 0.3342 | Noise: 0.1729 | Replay: 50000 | FPS: 18.06 | ETA: 80.3 min
2026-08-10 19:48:38,759 | INFO | Steps: 63488/150000 | Episodes: 124 | LastEpReward: 17.184 | RecentReward: 21.723 | ActorLoss: -3.586594 | CriticLoss: 0.014130 | Q: 3.5756 | TargetQ: 3.5750 | TDAbs: 0.1220 | ActorGrad: 0.0257 | CriticGrad: 0.3756 | Noise: 0.1715 | Replay: 50000 | FPS: 18.08 | ETA: 79.7 min
2026-08-10 19:49:01,225 | INFO | Steps: 64000/150000 | Episodes: 125 | LastEpReward: 23.562 | RecentReward: 21.421 | ActorLoss: -3.581095 | CriticLoss: 0.013384 | Q: 3.5701 | TargetQ: 3.5699 | TDAbs: 0.1203 | ActorGrad: 0.0296 | CriticGrad: 0.3652 | Noise: 0.1700 | Replay: 50000 | FPS: 18.11 | ETA: 79.1 min
2026-08-10 19:49:25,259 | INFO | Steps: 64512/150000 | Episodes: 126 | LastEpReward: 18.990 | RecentReward: 20.877 | ActorLoss: -3.577495 | CriticLoss: 0.012623 | Q: 3.5657 | TargetQ: 3.5660 | TDAbs: 0.1189 | ActorGrad: 0.0130 | CriticGrad: 0.3597 | Noise: 0.1685 | Replay: 50000 | FPS: 18.13 | ETA: 78.6 min
2026-08-10 19:49:47,639 | INFO | Steps: 65024/150000 | Episodes: 127 | LastEpReward: 28.233 | RecentReward: 21.521 | ActorLoss: -3.582677 | CriticLoss: 0.013116 | Q: 3.5718 | TargetQ: 3.5708 | TDAbs: 0.1193 | ActorGrad: 0.0237 | CriticGrad: 0.3773 | Noise: 0.1671 | Replay: 50000 | FPS: 18.16 | ETA: 78.0 min
2026-08-10 19:50:09,864 | INFO | Steps: 65536/150000 | Episodes: 128 | LastEpReward: 29.223 | RecentReward: 23.013 | ActorLoss: -3.583998 | CriticLoss: 0.013316 | Q: 3.5741 | TargetQ: 3.5733 | TDAbs: 0.1197 | ActorGrad: 0.0229 | CriticGrad: 0.4167 | Noise: 0.1656 | Replay: 50000 | FPS: 18.19 | ETA: 77.4 min
2026-08-10 19:50:33,742 | INFO | Steps: 66048/150000 | Episodes: 129 | LastEpReward: 32.547 | RecentReward: 23.228 | ActorLoss: -3.585621 | CriticLoss: 0.012544 | Q: 3.5756 | TargetQ: 3.5755 | TDAbs: 0.1180 | ActorGrad: 0.0270 | CriticGrad: 0.3539 | Noise: 0.1641 | Replay: 50000 | FPS: 18.22 | ETA: 76.8 min
2026-08-10 19:50:57,099 | INFO | 开始周期评估: Steps=66560 | Episodes=130 | EvalEpisodes=5
2026-08-10 19:52:03,124 | INFO | 周期评估完成: Steps=66560 | MeanReward=27.771 | StdReward=4.341
2026-08-10 19:52:03,288 | INFO | Steps: 66560/150000 | Episodes: 130 | LastEpReward: 24.960 | RecentReward: 24.347 | ActorLoss: -3.563007 | CriticLoss: 0.012755 | Q: 3.5535 | TargetQ: 3.5540 | TDAbs: 0.1190 | ActorGrad: 0.0160 | CriticGrad: 0.3878 | Noise: 0.1627 | Replay: 50000 | FPS: 17.91 | ETA: 77.6 min
2026-08-10 19:52:25,557 | INFO | Steps: 67072/150000 | Episodes: 131 | LastEpReward: 29.039 | RecentReward: 25.277 | ActorLoss: -3.599235 | CriticLoss: 0.011936 | Q: 3.5915 | TargetQ: 3.5915 | TDAbs: 0.1160 | ActorGrad: 0.0154 | CriticGrad: 0.3506 | Noise: 0.1612 | Replay: 50000 | FPS: 17.94 | ETA: 77.0 min
2026-08-10 19:52:49,667 | INFO | Steps: 67584/150000 | Episodes: 132 | LastEpReward: 29.676 | RecentReward: 25.729 | ActorLoss: -3.585476 | CriticLoss: 0.012431 | Q: 3.5765 | TargetQ: 3.5756 | TDAbs: 0.1182 | ActorGrad: 0.0259 | CriticGrad: 0.3535 | Noise: 0.1598 | Replay: 50000 | FPS: 17.97 | ETA: 76.5 min
2026-08-10 19:53:13,090 | INFO | Steps: 68096/150000 | Episodes: 133 | LastEpReward: 18.672 | RecentReward: 25.208 | ActorLoss: -3.559016 | CriticLoss: 0.012012 | Q: 3.5505 | TargetQ: 3.5507 | TDAbs: 0.1169 | ActorGrad: 0.0241 | CriticGrad: 0.3381 | Noise: 0.1583 | Replay: 50000 | FPS: 17.99 | ETA: 75.9 min
2026-08-10 19:53:37,533 | INFO | Steps: 68608/150000 | Episodes: 134 | LastEpReward: 24.843 | RecentReward: 25.974 | ActorLoss: -3.578519 | CriticLoss: 0.012549 | Q: 3.5702 | TargetQ: 3.5700 | TDAbs: 0.1178 | ActorGrad: 0.0210 | CriticGrad: 0.3825 | Noise: 0.1568 | Replay: 50000 | FPS: 18.01 | ETA: 75.3 min
2026-08-10 19:53:59,462 | INFO | Steps: 69120/150000 | Episodes: 135 | LastEpReward: 21.417 | RecentReward: 25.760 | ActorLoss: -3.535972 | CriticLoss: 0.012515 | Q: 3.5272 | TargetQ: 3.5273 | TDAbs: 0.1185 | ActorGrad: 0.0136 | CriticGrad: 0.3864 | Noise: 0.1554 | Replay: 50000 | FPS: 18.04 | ETA: 74.7 min
2026-08-10 19:54:22,474 | INFO | Steps: 69632/150000 | Episodes: 136 | LastEpReward: 29.809 | RecentReward: 26.842 | ActorLoss: -3.556914 | CriticLoss: 0.011833 | Q: 3.5481 | TargetQ: 3.5481 | TDAbs: 0.1145 | ActorGrad: 0.0192 | CriticGrad: 0.3383 | Noise: 0.1539 | Replay: 50000 | FPS: 18.06 | ETA: 74.1 min
2026-08-10 19:54:46,078 | INFO | Steps: 70144/150000 | Episodes: 137 | LastEpReward: 30.398 | RecentReward: 27.058 | ActorLoss: -3.573314 | CriticLoss: 0.011774 | Q: 3.5652 | TargetQ: 3.5651 | TDAbs: 0.1150 | ActorGrad: 0.0125 | CriticGrad: 0.3636 | Noise: 0.1524 | Replay: 50000 | FPS: 18.09 | ETA: 73.6 min
2026-08-10 19:55:09,768 | INFO | Steps: 70656/150000 | Episodes: 138 | LastEpReward: 22.464 | RecentReward: 26.382 | ActorLoss: -3.548141 | CriticLoss: 0.011809 | Q: 3.5395 | TargetQ: 3.5385 | TDAbs: 0.1140 | ActorGrad: 0.0172 | CriticGrad: 0.3432 | Noise: 0.1510 | Replay: 50000 | FPS: 18.11 | ETA: 73.0 min
2026-08-10 19:55:33,127 | INFO | Steps: 71168/150000 | Episodes: 139 | LastEpReward: 17.344 | RecentReward: 24.862 | ActorLoss: -3.571566 | CriticLoss: 0.012412 | Q: 3.5638 | TargetQ: 3.5641 | TDAbs: 0.1180 | ActorGrad: 0.0285 | CriticGrad: 0.4005 | Noise: 0.1495 | Replay: 50000 | FPS: 18.13 | ETA: 72.5 min
2026-08-10 19:55:56,912 | INFO | 开始周期评估: Steps=71680 | Episodes=140 | EvalEpisodes=5
2026-08-10 19:57:03,351 | INFO | 周期评估完成: Steps=71680 | MeanReward=27.589 | StdReward=4.204
2026-08-10 19:57:03,377 | INFO | Steps: 71680/150000 | Episodes: 140 | LastEpReward: 27.219 | RecentReward: 25.088 | ActorLoss: -3.551633 | CriticLoss: 0.011836 | Q: 3.5427 | TargetQ: 3.5426 | TDAbs: 0.1150 | ActorGrad: 0.0239 | CriticGrad: 0.3601 | Noise: 0.1481 | Replay: 50000 | FPS: 17.85 | ETA: 73.1 min
2026-08-10 19:57:27,346 | INFO | Steps: 72192/150000 | Episodes: 141 | LastEpReward: 20.482 | RecentReward: 24.232 | ActorLoss: -3.574247 | CriticLoss: 0.012240 | Q: 3.5658 | TargetQ: 3.5661 | TDAbs: 0.1181 | ActorGrad: 0.0186 | CriticGrad: 0.4078 | Noise: 0.1466 | Replay: 50000 | FPS: 17.87 | ETA: 72.6 min
2026-08-10 19:57:50,325 | INFO | Steps: 72704/150000 | Episodes: 142 | LastEpReward: 10.465 | RecentReward: 22.311 | ActorLoss: -3.563042 | CriticLoss: 0.011645 | Q: 3.5554 | TargetQ: 3.5548 | TDAbs: 0.1138 | ActorGrad: 0.0185 | CriticGrad: 0.3470 | Noise: 0.1451 | Replay: 50000 | FPS: 17.90 | ETA: 72.0 min
2026-08-10 19:58:15,602 | INFO | Steps: 73216/150000 | Episodes: 143 | LastEpReward: 29.487 | RecentReward: 23.393 | ActorLoss: -3.543700 | CriticLoss: 0.011735 | Q: 3.5357 | TargetQ: 3.5361 | TDAbs: 0.1157 | ActorGrad: 0.0210 | CriticGrad: 0.3797 | Noise: 0.1437 | Replay: 50000 | FPS: 17.91 | ETA: 71.4 min
2026-08-10 19:58:39,645 | INFO | Steps: 73728/150000 | Episodes: 144 | LastEpReward: 30.063 | RecentReward: 23.915 | ActorLoss: -3.544931 | CriticLoss: 0.011226 | Q: 3.5371 | TargetQ: 3.5373 | TDAbs: 0.1135 | ActorGrad: 0.0200 | CriticGrad: 0.3644 | Noise: 0.1422 | Replay: 50000 | FPS: 17.93 | ETA: 70.9 min
2026-08-10 19:59:02,916 | INFO | Steps: 74240/150000 | Episodes: 145 | LastEpReward: 20.136 | RecentReward: 23.787 | ActorLoss: -3.552843 | CriticLoss: 0.011539 | Q: 3.5451 | TargetQ: 3.5452 | TDAbs: 0.1129 | ActorGrad: 0.0208 | CriticGrad: 0.3402 | Noise: 0.1407 | Replay: 50000 | FPS: 17.95 | ETA: 70.3 min
2026-08-10 19:59:25,427 | INFO | Steps: 74752/150000 | Episodes: 146 | LastEpReward: 20.640 | RecentReward: 22.870 | ActorLoss: -3.524459 | CriticLoss: 0.012426 | Q: 3.5162 | TargetQ: 3.5150 | TDAbs: 0.1150 | ActorGrad: 0.0135 | CriticGrad: 0.3470 | Noise: 0.1393 | Replay: 50000 | FPS: 17.98 | ETA: 69.8 min
2026-08-10 19:59:49,500 | INFO | Steps: 75264/150000 | Episodes: 147 | LastEpReward: 20.011 | RecentReward: 21.831 | ActorLoss: -3.552537 | CriticLoss: 0.011536 | Q: 3.5439 | TargetQ: 3.5441 | TDAbs: 0.1132 | ActorGrad: 0.0127 | CriticGrad: 0.3501 | Noise: 0.1378 | Replay: 50000 | FPS: 18.00 | ETA: 69.2 min
2026-08-10 20:00:11,737 | INFO | Steps: 75776/150000 | Episodes: 148 | LastEpReward: 22.788 | RecentReward: 21.864 | ActorLoss: -3.556644 | CriticLoss: 0.011516 | Q: 3.5478 | TargetQ: 3.5485 | TDAbs: 0.1139 | ActorGrad: 0.0158 | CriticGrad: 0.3632 | Noise: 0.1364 | Replay: 50000 | FPS: 18.03 | ETA: 68.6 min
2026-08-10 20:00:34,319 | INFO | Steps: 76288/150000 | Episodes: 149 | LastEpReward: 23.334 | RecentReward: 22.463 | ActorLoss: -3.522505 | CriticLoss: 0.011824 | Q: 3.5147 | TargetQ: 3.5145 | TDAbs: 0.1133 | ActorGrad: 0.0062 | CriticGrad: 0.3785 | Noise: 0.1349 | Replay: 50000 | FPS: 18.05 | ETA: 68.1 min
2026-08-10 20:00:57,699 | INFO | 开始周期评估: Steps=76800 | Episodes=150 | EvalEpisodes=5
2026-08-10 20:02:01,240 | INFO | 周期评估完成: Steps=76800 | MeanReward=27.759 | StdReward=4.355
2026-08-10 20:02:01,267 | INFO | Steps: 76800/150000 | Episodes: 150 | LastEpReward: 22.896 | RecentReward: 22.030 | ActorLoss: -3.550293 | CriticLoss: 0.010724 | Q: 3.5423 | TargetQ: 3.5425 | TDAbs: 0.1094 | ActorGrad: 0.0143 | CriticGrad: 0.3068 | Noise: 0.1334 | Replay: 50000 | FPS: 17.80 | ETA: 68.5 min
2026-08-10 20:02:25,708 | INFO | Steps: 77312/150000 | Episodes: 151 | LastEpReward: 23.574 | RecentReward: 22.339 | ActorLoss: -3.541325 | CriticLoss: 0.010428 | Q: 3.5337 | TargetQ: 3.5338 | TDAbs: 0.1091 | ActorGrad: 0.0180 | CriticGrad: 0.3313 | Noise: 0.1320 | Replay: 50000 | FPS: 17.82 | ETA: 68.0 min
2026-08-10 20:02:46,478 | INFO | Steps: 77824/150000 | Episodes: 152 | LastEpReward: 19.834 | RecentReward: 23.276 | ActorLoss: -3.529274 | CriticLoss: 0.011062 | Q: 3.5219 | TargetQ: 3.5221 | TDAbs: 0.1120 | ActorGrad: 0.0199 | CriticGrad: 0.3395 | Noise: 0.1305 | Replay: 50000 | FPS: 17.86 | ETA: 67.4 min
2026-08-10 20:03:06,558 | INFO | Steps: 78336/150000 | Episodes: 153 | LastEpReward: 25.394 | RecentReward: 22.867 | ActorLoss: -3.556279 | CriticLoss: 0.010956 | Q: 3.5487 | TargetQ: 3.5479 | TDAbs: 0.1098 | ActorGrad: 0.0237 | CriticGrad: 0.3053 | Noise: 0.1290 | Replay: 50000 | FPS: 17.89 | ETA: 66.8 min
2026-08-10 20:03:26,911 | INFO | Steps: 78848/150000 | Episodes: 154 | LastEpReward: 23.212 | RecentReward: 22.182 | ActorLoss: -3.554202 | CriticLoss: 0.011004 | Q: 3.5461 | TargetQ: 3.5470 | TDAbs: 0.1110 | ActorGrad: 0.0186 | CriticGrad: 0.3439 | Noise: 0.1276 | Replay: 50000 | FPS: 17.92 | ETA: 66.2 min
2026-08-10 20:03:48,631 | INFO | Steps: 79360/150000 | Episodes: 155 | LastEpReward: 27.185 | RecentReward: 22.887 | ActorLoss: -3.602739 | CriticLoss: 0.010167 | Q: 3.5952 | TargetQ: 3.5951 | TDAbs: 0.1074 | ActorGrad: 0.0248 | CriticGrad: 0.3054 | Noise: 0.1261 | Replay: 50000 | FPS: 17.95 | ETA: 65.6 min
2026-08-10 20:04:10,566 | INFO | Steps: 79872/150000 | Episodes: 156 | LastEpReward: 24.674 | RecentReward: 23.290 | ActorLoss: -3.555588 | CriticLoss: 0.010370 | Q: 3.5474 | TargetQ: 3.5476 | TDAbs: 0.1093 | ActorGrad: 0.0166 | CriticGrad: 0.3164 | Noise: 0.1247 | Replay: 50000 | FPS: 17.98 | ETA: 65.0 min
2026-08-10 20:04:32,137 | INFO | Steps: 80384/150000 | Episodes: 157 | LastEpReward: 21.201 | RecentReward: 23.409 | ActorLoss: -3.574306 | CriticLoss: 0.010551 | Q: 3.5662 | TargetQ: 3.5662 | TDAbs: 0.1078 | ActorGrad: 0.0213 | CriticGrad: 0.2988 | Noise: 0.1232 | Replay: 50000 | FPS: 18.01 | ETA: 64.4 min
2026-08-10 20:04:52,673 | INFO | Steps: 80896/150000 | Episodes: 158 | LastEpReward: 16.788 | RecentReward: 22.809 | ActorLoss: -3.585852 | CriticLoss: 0.010592 | Q: 3.5778 | TargetQ: 3.5772 | TDAbs: 0.1083 | ActorGrad: 0.0154 | CriticGrad: 0.3246 | Noise: 0.1217 | Replay: 50000 | FPS: 18.04 | ETA: 63.9 min
2026-08-10 20:05:14,533 | INFO | Steps: 81408/150000 | Episodes: 159 | LastEpReward: 32.739 | RecentReward: 23.750 | ActorLoss: -3.619315 | CriticLoss: 0.010269 | Q: 3.6121 | TargetQ: 3.6122 | TDAbs: 0.1078 | ActorGrad: 0.0186 | CriticGrad: 0.3090 | Noise: 0.1203 | Replay: 50000 | FPS: 18.06 | ETA: 63.3 min
2026-08-10 20:05:37,357 | INFO | 开始周期评估: Steps=81920 | Episodes=160 | EvalEpisodes=5
2026-08-10 20:06:40,765 | INFO | 周期评估完成: Steps=81920 | MeanReward=27.726 | StdReward=4.161
2026-08-10 20:06:40,787 | INFO | Steps: 81920/150000 | Episodes: 160 | LastEpReward: 14.177 | RecentReward: 22.878 | ActorLoss: -3.571699 | CriticLoss: 0.010670 | Q: 3.5645 | TargetQ: 3.5638 | TDAbs: 0.1082 | ActorGrad: 0.0073 | CriticGrad: 0.3366 | Noise: 0.1188 | Replay: 50000 | FPS: 17.84 | ETA: 63.6 min
2026-08-10 20:07:03,398 | INFO | Steps: 82432/150000 | Episodes: 161 | LastEpReward: 23.379 | RecentReward: 22.858 | ActorLoss: -3.598912 | CriticLoss: 0.010335 | Q: 3.5915 | TargetQ: 3.5921 | TDAbs: 0.1065 | ActorGrad: 0.0119 | CriticGrad: 0.2956 | Noise: 0.1173 | Replay: 50000 | FPS: 17.86 | ETA: 63.1 min
2026-08-10 20:07:25,914 | INFO | Steps: 82944/150000 | Episodes: 162 | LastEpReward: 16.926 | RecentReward: 22.568 | ActorLoss: -3.607960 | CriticLoss: 0.010747 | Q: 3.5992 | TargetQ: 3.5987 | TDAbs: 0.1103 | ActorGrad: 0.0125 | CriticGrad: 0.3031 | Noise: 0.1159 | Replay: 50000 | FPS: 17.88 | ETA: 62.5 min
2026-08-10 20:07:48,469 | INFO | Steps: 83456/150000 | Episodes: 163 | LastEpReward: 17.128 | RecentReward: 21.741 | ActorLoss: -3.626671 | CriticLoss: 0.010960 | Q: 3.6181 | TargetQ: 3.6181 | TDAbs: 0.1114 | ActorGrad: 0.0079 | CriticGrad: 0.3548 | Noise: 0.1144 | Replay: 50000 | FPS: 17.91 | ETA: 61.9 min
2026-08-10 20:08:11,549 | INFO | Steps: 83968/150000 | Episodes: 164 | LastEpReward: 2.257 | RecentReward: 19.645 | ActorLoss: -3.609967 | CriticLoss: 0.010136 | Q: 3.6013 | TargetQ: 3.6021 | TDAbs: 0.1075 | ActorGrad: 0.0126 | CriticGrad: 0.3450 | Noise: 0.1129 | Replay: 50000 | FPS: 17.93 | ETA: 61.4 min
2026-08-10 20:08:32,457 | INFO | Steps: 84480/150000 | Episodes: 165 | LastEpReward: 6.712 | RecentReward: 17.598 | ActorLoss: -3.636075 | CriticLoss: 0.010008 | Q: 3.6280 | TargetQ: 3.6279 | TDAbs: 0.1067 | ActorGrad: 0.0136 | CriticGrad: 0.3245 | Noise: 0.1115 | Replay: 50000 | FPS: 17.96 | ETA: 60.8 min
2026-08-10 20:08:55,811 | INFO | Steps: 84992/150000 | Episodes: 166 | LastEpReward: 3.674 | RecentReward: 15.498 | ActorLoss: -3.648605 | CriticLoss: 0.010667 | Q: 3.6407 | TargetQ: 3.6406 | TDAbs: 0.1076 | ActorGrad: 0.0101 | CriticGrad: 0.2978 | Noise: 0.1100 | Replay: 50000 | FPS: 17.98 | ETA: 60.3 min
2026-08-10 20:09:17,851 | INFO | Steps: 85504/150000 | Episodes: 167 | LastEpReward: 3.964 | RecentReward: 13.774 | ActorLoss: -3.650037 | CriticLoss: 0.010059 | Q: 3.6427 | TargetQ: 3.6425 | TDAbs: 0.1067 | ActorGrad: 0.0077 | CriticGrad: 0.3151 | Noise: 0.1086 | Replay: 50000 | FPS: 18.00 | ETA: 59.7 min
2026-08-10 20:09:39,915 | INFO | Steps: 86016/150000 | Episodes: 168 | LastEpReward: 0.447 | RecentReward: 12.140 | ActorLoss: -3.627212 | CriticLoss: 0.009720 | Q: 3.6208 | TargetQ: 3.6215 | TDAbs: 0.1056 | ActorGrad: 0.0086 | CriticGrad: 0.2895 | Noise: 0.1071 | Replay: 50000 | FPS: 18.02 | ETA: 59.2 min
2026-08-10 20:10:04,695 | INFO | Steps: 86528/150000 | Episodes: 169 | LastEpReward: 0.891 | RecentReward: 8.956 | ActorLoss: -3.649871 | CriticLoss: 0.009484 | Q: 3.6429 | TargetQ: 3.6426 | TDAbs: 0.1049 | ActorGrad: 0.0147 | CriticGrad: 0.3042 | Noise: 0.1056 | Replay: 50000 | FPS: 18.04 | ETA: 58.6 min
2026-08-10 20:10:27,792 | INFO | 开始周期评估: Steps=87040 | Episodes=170 | EvalEpisodes=5
2026-08-10 20:11:28,753 | INFO | 周期评估完成: Steps=87040 | MeanReward=12.663 | StdReward=3.583
2026-08-10 20:11:28,772 | INFO | Steps: 87040/150000 | Episodes: 170 | LastEpReward: 14.451 | RecentReward: 8.983 | ActorLoss: -3.634026 | CriticLoss: 0.009931 | Q: 3.6280 | TargetQ: 3.6278 | TDAbs: 0.1054 | ActorGrad: 0.0152 | CriticGrad: 0.3199 | Noise: 0.1042 | Replay: 50000 | FPS: 17.83 | ETA: 58.8 min
2026-08-10 20:11:49,175 | INFO | Steps: 87552/150000 | Episodes: 171 | LastEpReward: 9.996 | RecentReward: 7.645 | ActorLoss: -3.629308 | CriticLoss: 0.009955 | Q: 3.6228 | TargetQ: 3.6231 | TDAbs: 0.1055 | ActorGrad: 0.0177 | CriticGrad: 0.3099 | Noise: 0.1027 | Replay: 50000 | FPS: 17.86 | ETA: 58.3 min
2026-08-10 20:12:11,894 | INFO | Steps: 88064/150000 | Episodes: 172 | LastEpReward: 10.864 | RecentReward: 7.038 | ActorLoss: -3.652452 | CriticLoss: 0.009510 | Q: 3.6462 | TargetQ: 3.6460 | TDAbs: 0.1044 | ActorGrad: 0.0222 | CriticGrad: 0.2872 | Noise: 0.1012 | Replay: 50000 | FPS: 17.88 | ETA: 57.7 min
2026-08-10 20:12:36,033 | INFO | Steps: 88576/150000 | Episodes: 173 | LastEpReward: 12.001 | RecentReward: 6.526 | ActorLoss: -3.610714 | CriticLoss: 0.010436 | Q: 3.6043 | TargetQ: 3.6031 | TDAbs: 0.1059 | ActorGrad: 0.0212 | CriticGrad: 0.3013 | Noise: 0.0998 | Replay: 50000 | FPS: 17.90 | ETA: 57.2 min
2026-08-10 20:12:59,716 | INFO | Steps: 89088/150000 | Episodes: 174 | LastEpReward: 24.941 | RecentReward: 8.794 | ActorLoss: -3.640433 | CriticLoss: 0.010339 | Q: 3.6325 | TargetQ: 3.6321 | TDAbs: 0.1076 | ActorGrad: 0.0178 | CriticGrad: 0.3052 | Noise: 0.0983 | Replay: 50000 | FPS: 17.92 | ETA: 56.7 min
2026-08-10 20:13:23,035 | INFO | Steps: 89600/150000 | Episodes: 175 | LastEpReward: 22.646 | RecentReward: 10.388 | ActorLoss: -3.601707 | CriticLoss: 0.010759 | Q: 3.5942 | TargetQ: 3.5947 | TDAbs: 0.1087 | ActorGrad: 0.0194 | CriticGrad: 0.3249 | Noise: 0.0969 | Replay: 50000 | FPS: 17.94 | ETA: 56.1 min
2026-08-10 20:13:46,588 | INFO | Steps: 90112/150000 | Episodes: 176 | LastEpReward: 29.888 | RecentReward: 13.009 | ActorLoss: -3.642529 | CriticLoss: 0.010294 | Q: 3.6360 | TargetQ: 3.6359 | TDAbs: 0.1079 | ActorGrad: 0.0157 | CriticGrad: 0.3513 | Noise: 0.0954 | Replay: 50000 | FPS: 17.96 | ETA: 55.6 min
2026-08-10 20:14:11,251 | INFO | Steps: 90624/150000 | Episodes: 177 | LastEpReward: 25.237 | RecentReward: 15.136 | ActorLoss: -3.623235 | CriticLoss: 0.010654 | Q: 3.6164 | TargetQ: 3.6164 | TDAbs: 0.1089 | ActorGrad: 0.0179 | CriticGrad: 0.3462 | Noise: 0.0939 | Replay: 50000 | FPS: 17.97 | ETA: 55.1 min
2026-08-10 20:14:35,108 | INFO | Steps: 91136/150000 | Episodes: 178 | LastEpReward: 22.489 | RecentReward: 17.340 | ActorLoss: -3.650241 | CriticLoss: 0.010405 | Q: 3.6443 | TargetQ: 3.6447 | TDAbs: 0.1076 | ActorGrad: 0.0155 | CriticGrad: 0.3226 | Noise: 0.0925 | Replay: 50000 | FPS: 17.99 | ETA: 54.5 min
2026-08-10 20:14:57,963 | INFO | Steps: 91648/150000 | Episodes: 179 | LastEpReward: 26.008 | RecentReward: 19.852 | ActorLoss: -3.616448 | CriticLoss: 0.010802 | Q: 3.6087 | TargetQ: 3.6086 | TDAbs: 0.1081 | ActorGrad: 0.0176 | CriticGrad: 0.3053 | Noise: 0.0910 | Replay: 50000 | FPS: 18.01 | ETA: 54.0 min
2026-08-10 20:15:20,414 | INFO | 开始周期评估: Steps=92160 | Episodes=180 | EvalEpisodes=5
2026-08-10 20:16:27,852 | INFO | 周期评估完成: Steps=92160 | MeanReward=24.182 | StdReward=4.303
2026-08-10 20:16:27,887 | INFO | Steps: 92160/150000 | Episodes: 180 | LastEpReward: 27.808 | RecentReward: 21.188 | ActorLoss: -3.618589 | CriticLoss: 0.011495 | Q: 3.6108 | TargetQ: 3.6102 | TDAbs: 0.1088 | ActorGrad: 0.0199 | CriticGrad: 0.3149 | Noise: 0.0895 | Replay: 50000 | FPS: 17.79 | ETA: 54.2 min
2026-08-10 20:16:50,112 | INFO | Steps: 92672/150000 | Episodes: 181 | LastEpReward: 30.415 | RecentReward: 23.230 | ActorLoss: -3.635782 | CriticLoss: 0.010737 | Q: 3.6285 | TargetQ: 3.6282 | TDAbs: 0.1090 | ActorGrad: 0.0137 | CriticGrad: 0.3492 | Noise: 0.0881 | Replay: 50000 | FPS: 17.81 | ETA: 53.6 min
2026-08-10 20:17:15,208 | INFO | Steps: 93184/150000 | Episodes: 182 | LastEpReward: 24.441 | RecentReward: 24.587 | ActorLoss: -3.618992 | CriticLoss: 0.011574 | Q: 3.6121 | TargetQ: 3.6107 | TDAbs: 0.1116 | ActorGrad: 0.0166 | CriticGrad: 0.3379 | Noise: 0.0866 | Replay: 50000 | FPS: 17.83 | ETA: 53.1 min
2026-08-10 20:17:38,047 | INFO | Steps: 93696/150000 | Episodes: 183 | LastEpReward: 9.141 | RecentReward: 24.301 | ActorLoss: -3.647477 | CriticLoss: 0.010736 | Q: 3.6405 | TargetQ: 3.6407 | TDAbs: 0.1071 | ActorGrad: 0.0204 | CriticGrad: 0.3062 | Noise: 0.0852 | Replay: 50000 | FPS: 17.85 | ETA: 52.6 min
2026-08-10 20:17:59,241 | INFO | Steps: 94208/150000 | Episodes: 184 | LastEpReward: 14.491 | RecentReward: 23.256 | ActorLoss: -3.660780 | CriticLoss: 0.011068 | Q: 3.6542 | TargetQ: 3.6541 | TDAbs: 0.1098 | ActorGrad: 0.0156 | CriticGrad: 0.3345 | Noise: 0.0837 | Replay: 50000 | FPS: 17.87 | ETA: 52.0 min
2026-08-10 20:18:20,780 | INFO | Steps: 94720/150000 | Episodes: 185 | LastEpReward: 18.601 | RecentReward: 22.852 | ActorLoss: -3.620485 | CriticLoss: 0.011173 | Q: 3.6134 | TargetQ: 3.6130 | TDAbs: 0.1084 | ActorGrad: 0.0193 | CriticGrad: 0.3116 | Noise: 0.0822 | Replay: 50000 | FPS: 17.90 | ETA: 51.5 min
2026-08-10 20:18:42,999 | INFO | Steps: 95232/150000 | Episodes: 186 | LastEpReward: 21.719 | RecentReward: 22.035 | ActorLoss: -3.656256 | CriticLoss: 0.010687 | Q: 3.6505 | TargetQ: 3.6504 | TDAbs: 0.1079 | ActorGrad: 0.0161 | CriticGrad: 0.3286 | Noise: 0.0808 | Replay: 50000 | FPS: 17.92 | ETA: 50.9 min
2026-08-10 20:19:04,712 | INFO | Steps: 95744/150000 | Episodes: 187 | LastEpReward: 21.326 | RecentReward: 21.644 | ActorLoss: -3.655243 | CriticLoss: 0.010954 | Q: 3.6487 | TargetQ: 3.6480 | TDAbs: 0.1100 | ActorGrad: 0.0189 | CriticGrad: 0.3475 | Noise: 0.0793 | Replay: 50000 | FPS: 17.94 | ETA: 50.4 min
2026-08-10 20:19:26,539 | INFO | Steps: 96256/150000 | Episodes: 188 | LastEpReward: 17.602 | RecentReward: 21.155 | ActorLoss: -3.676532 | CriticLoss: 0.012160 | Q: 3.6697 | TargetQ: 3.6696 | TDAbs: 0.1132 | ActorGrad: 0.0203 | CriticGrad: 0.3804 | Noise: 0.0778 | Replay: 50000 | FPS: 17.96 | ETA: 49.9 min
2026-08-10 20:19:48,728 | INFO | Steps: 96768/150000 | Episodes: 189 | LastEpReward: 15.420 | RecentReward: 20.096 | ActorLoss: -3.620026 | CriticLoss: 0.011183 | Q: 3.6132 | TargetQ: 3.6129 | TDAbs: 0.1100 | ActorGrad: 0.0204 | CriticGrad: 0.3352 | Noise: 0.0764 | Replay: 50000 | FPS: 17.98 | ETA: 49.3 min
2026-08-10 20:20:10,491 | INFO | 开始周期评估: Steps=97280 | Episodes=190 | EvalEpisodes=5
2026-08-10 20:21:13,122 | INFO | 周期评估完成: Steps=97280 | MeanReward=25.645 | StdReward=4.166
2026-08-10 20:21:13,142 | INFO | Steps: 97280/150000 | Episodes: 190 | LastEpReward: 19.692 | RecentReward: 19.285 | ActorLoss: -3.638755 | CriticLoss: 0.010970 | Q: 3.6300 | TargetQ: 3.6303 | TDAbs: 0.1092 | ActorGrad: 0.0202 | CriticGrad: 0.3175 | Noise: 0.0749 | Replay: 50000 | FPS: 17.80 | ETA: 49.4 min
2026-08-10 20:21:35,256 | INFO | Steps: 97792/150000 | Episodes: 191 | LastEpReward: 35.123 | RecentReward: 19.756 | ActorLoss: -3.663148 | CriticLoss: 0.010692 | Q: 3.6577 | TargetQ: 3.6572 | TDAbs: 0.1087 | ActorGrad: 0.0227 | CriticGrad: 0.3205 | Noise: 0.0735 | Replay: 50000 | FPS: 17.82 | ETA: 48.8 min
2026-08-10 20:21:58,286 | INFO | Steps: 98304/150000 | Episodes: 192 | LastEpReward: 27.386 | RecentReward: 20.050 | ActorLoss: -3.675838 | CriticLoss: 0.010749 | Q: 3.6693 | TargetQ: 3.6690 | TDAbs: 0.1087 | ActorGrad: 0.0219 | CriticGrad: 0.3215 | Noise: 0.0720 | Replay: 50000 | FPS: 17.84 | ETA: 48.3 min
2026-08-10 20:22:22,598 | INFO | Steps: 98816/150000 | Episodes: 193 | LastEpReward: 24.113 | RecentReward: 21.547 | ActorLoss: -3.714061 | CriticLoss: 0.011419 | Q: 3.7075 | TargetQ: 3.7072 | TDAbs: 0.1098 | ActorGrad: 0.0226 | CriticGrad: 0.3242 | Noise: 0.0705 | Replay: 50000 | FPS: 17.85 | ETA: 47.8 min
2026-08-10 20:22:44,731 | INFO | Steps: 99328/150000 | Episodes: 194 | LastEpReward: 15.522 | RecentReward: 21.650 | ActorLoss: -3.688694 | CriticLoss: 0.010645 | Q: 3.6821 | TargetQ: 3.6815 | TDAbs: 0.1077 | ActorGrad: 0.0142 | CriticGrad: 0.3167 | Noise: 0.0691 | Replay: 50000 | FPS: 17.87 | ETA: 47.2 min
2026-08-10 20:23:07,757 | INFO | Steps: 99840/150000 | Episodes: 195 | LastEpReward: 18.247 | RecentReward: 21.615 | ActorLoss: -3.693690 | CriticLoss: 0.011022 | Q: 3.6870 | TargetQ: 3.6873 | TDAbs: 0.1094 | ActorGrad: 0.0139 | CriticGrad: 0.3359 | Noise: 0.0676 | Replay: 50000 | FPS: 17.89 | ETA: 46.7 min
2026-08-10 20:23:30,717 | INFO | Steps: 100352/150000 | Episodes: 196 | LastEpReward: 22.701 | RecentReward: 21.713 | ActorLoss: -3.701856 | CriticLoss: 0.010580 | Q: 3.6953 | TargetQ: 3.6951 | TDAbs: 0.1076 | ActorGrad: 0.0141 | CriticGrad: 0.3665 | Noise: 0.0661 | Replay: 50000 | FPS: 17.91 | ETA: 46.2 min
2026-08-10 20:23:52,650 | INFO | Steps: 100864/150000 | Episodes: 197 | LastEpReward: 19.990 | RecentReward: 21.580 | ActorLoss: -3.677957 | CriticLoss: 0.011250 | Q: 3.6712 | TargetQ: 3.6710 | TDAbs: 0.1106 | ActorGrad: 0.0078 | CriticGrad: 0.3439 | Noise: 0.0647 | Replay: 50000 | FPS: 17.93 | ETA: 45.7 min
2026-08-10 20:24:16,037 | INFO | Steps: 101376/150000 | Episodes: 198 | LastEpReward: 27.004 | RecentReward: 22.520 | ActorLoss: -3.730678 | CriticLoss: 0.011380 | Q: 3.7237 | TargetQ: 3.7233 | TDAbs: 0.1103 | ActorGrad: 0.0063 | CriticGrad: 0.3180 | Noise: 0.0632 | Replay: 50000 | FPS: 17.95 | ETA: 45.2 min
2026-08-10 20:24:38,231 | INFO | Steps: 101888/150000 | Episodes: 199 | LastEpReward: 26.049 | RecentReward: 23.583 | ActorLoss: -3.717085 | CriticLoss: 0.011219 | Q: 3.7116 | TargetQ: 3.7118 | TDAbs: 0.1098 | ActorGrad: 0.0076 | CriticGrad: 0.3205 | Noise: 0.0617 | Replay: 50000 | FPS: 17.97 | ETA: 44.6 min
2026-08-10 20:24:57,744 | INFO | 开始周期评估: Steps=102400 | Episodes=200 | EvalEpisodes=5
2026-08-10 20:25:59,942 | INFO | 周期评估完成: Steps=102400 | MeanReward=27.422 | StdReward=4.310
2026-08-10 20:25:59,961 | INFO | Steps: 102400/150000 | Episodes: 200 | LastEpReward: 30.750 | RecentReward: 24.689 | ActorLoss: -3.723236 | CriticLoss: 0.011444 | Q: 3.7183 | TargetQ: 3.7167 | TDAbs: 0.1096 | ActorGrad: 0.0059 | CriticGrad: 0.3725 | Noise: 0.0603 | Replay: 50000 | FPS: 17.80 | ETA: 44.6 min
2026-08-10 20:26:22,135 | INFO | Steps: 102912/150000 | Episodes: 201 | LastEpReward: 24.935 | RecentReward: 23.670 | ActorLoss: -3.731672 | CriticLoss: 0.011067 | Q: 3.7253 | TargetQ: 3.7257 | TDAbs: 0.1086 | ActorGrad: 0.0051 | CriticGrad: 0.3158 | Noise: 0.0588 | Replay: 50000 | FPS: 17.82 | ETA: 44.0 min
2026-08-10 20:26:44,763 | INFO | Steps: 103424/150000 | Episodes: 202 | LastEpReward: 17.281 | RecentReward: 22.659 | ActorLoss: -3.719037 | CriticLoss: 0.012604 | Q: 3.7133 | TargetQ: 3.7130 | TDAbs: 0.1111 | ActorGrad: 0.0081 | CriticGrad: 0.3398 | Noise: 0.0574 | Replay: 50000 | FPS: 17.84 | ETA: 43.5 min
2026-08-10 20:27:09,529 | INFO | Steps: 103936/150000 | Episodes: 203 | LastEpReward: 16.852 | RecentReward: 21.933 | ActorLoss: -3.756099 | CriticLoss: 0.011550 | Q: 3.7504 | TargetQ: 3.7500 | TDAbs: 0.1095 | ActorGrad: 0.0068 | CriticGrad: 0.3273 | Noise: 0.0559 | Replay: 50000 | FPS: 17.85 | ETA: 43.0 min
2026-08-10 20:27:33,472 | INFO | Steps: 104448/150000 | Episodes: 204 | LastEpReward: 26.243 | RecentReward: 23.005 | ActorLoss: -3.753338 | CriticLoss: 0.011572 | Q: 3.7478 | TargetQ: 3.7480 | TDAbs: 0.1105 | ActorGrad: 0.0057 | CriticGrad: 0.3601 | Noise: 0.0544 | Replay: 50000 | FPS: 17.87 | ETA: 42.5 min
2026-08-10 20:27:55,380 | INFO | Steps: 104960/150000 | Episodes: 205 | LastEpReward: 18.312 | RecentReward: 23.012 | ActorLoss: -3.743310 | CriticLoss: 0.011448 | Q: 3.7382 | TargetQ: 3.7397 | TDAbs: 0.1105 | ActorGrad: 0.0074 | CriticGrad: 0.3284 | Noise: 0.0530 | Replay: 50000 | FPS: 17.89 | ETA: 42.0 min
2026-08-10 20:28:17,823 | INFO | Steps: 105472/150000 | Episodes: 206 | LastEpReward: 19.496 | RecentReward: 22.691 | ActorLoss: -3.726732 | CriticLoss: 0.012423 | Q: 3.7205 | TargetQ: 3.7201 | TDAbs: 0.1125 | ActorGrad: 0.0053 | CriticGrad: 0.3222 | Noise: 0.0515 | Replay: 50000 | FPS: 17.91 | ETA: 41.4 min
2026-08-10 20:28:42,499 | INFO | Steps: 105984/150000 | Episodes: 207 | LastEpReward: 27.997 | RecentReward: 23.492 | ActorLoss: -3.755366 | CriticLoss: 0.012678 | Q: 3.7493 | TargetQ: 3.7492 | TDAbs: 0.1129 | ActorGrad: 0.0069 | CriticGrad: 0.3447 | Noise: 0.0500 | Replay: 50000 | FPS: 17.92 | ETA: 40.9 min
2026-08-10 20:29:05,761 | INFO | Steps: 106496/150000 | Episodes: 208 | LastEpReward: 18.655 | RecentReward: 22.657 | ActorLoss: -3.759437 | CriticLoss: 0.012005 | Q: 3.7537 | TargetQ: 3.7547 | TDAbs: 0.1121 | ActorGrad: 0.0065 | CriticGrad: 0.3464 | Noise: 0.0500 | Replay: 50000 | FPS: 17.93 | ETA: 40.4 min
2026-08-10 20:29:27,973 | INFO | Steps: 107008/150000 | Episodes: 209 | LastEpReward: 3.585 | RecentReward: 20.411 | ActorLoss: -3.817856 | CriticLoss: 0.021862 | Q: 3.7888 | TargetQ: 3.7902 | TDAbs: 0.1536 | ActorGrad: 0.0459 | CriticGrad: 0.4982 | Noise: 0.0500 | Replay: 50000 | FPS: 17.95 | ETA: 39.9 min
2026-08-10 20:29:52,255 | INFO | 开始周期评估: Steps=107520 | Episodes=210 | EvalEpisodes=5
2026-08-10 20:30:58,805 | INFO | 周期评估完成: Steps=107520 | MeanReward=-9.065 | StdReward=4.178
2026-08-10 20:30:58,831 | INFO | Steps: 107520/150000 | Episodes: 210 | LastEpReward: -6.426 | RecentReward: 16.693 | ActorLoss: -3.865139 | CriticLoss: 0.026872 | Q: 3.8412 | TargetQ: 3.8425 | TDAbs: 0.1708 | ActorGrad: 0.0439 | CriticGrad: 0.4847 | Noise: 0.0500 | Replay: 50000 | FPS: 17.77 | ETA: 39.8 min
2026-08-10 20:31:22,592 | INFO | Steps: 108032/150000 | Episodes: 211 | LastEpReward: -14.009 | RecentReward: 12.798 | ActorLoss: -3.928380 | CriticLoss: 0.027157 | Q: 3.9058 | TargetQ: 3.9047 | TDAbs: 0.1722 | ActorGrad: 0.0355 | CriticGrad: 0.4813 | Noise: 0.0500 | Replay: 50000 | FPS: 17.78 | ETA: 39.3 min
2026-08-10 20:31:46,153 | INFO | Steps: 108544/150000 | Episodes: 212 | LastEpReward: -11.887 | RecentReward: 9.882 | ActorLoss: -3.912536 | CriticLoss: 0.026754 | Q: 3.9083 | TargetQ: 3.9072 | TDAbs: 0.1694 | ActorGrad: 0.0126 | CriticGrad: 0.4851 | Noise: 0.0500 | Replay: 50000 | FPS: 17.80 | ETA: 38.8 min
2026-08-10 20:32:07,392 | INFO | Steps: 109056/150000 | Episodes: 213 | LastEpReward: -12.424 | RecentReward: 6.954 | ActorLoss: -3.855273 | CriticLoss: 0.027739 | Q: 3.8760 | TargetQ: 3.8753 | TDAbs: 0.1714 | ActorGrad: 0.0270 | CriticGrad: 0.4686 | Noise: 0.0500 | Replay: 50000 | FPS: 17.82 | ETA: 38.3 min
2026-08-10 20:32:30,738 | INFO | Steps: 109568/150000 | Episodes: 214 | LastEpReward: 21.172 | RecentReward: 6.447 | ActorLoss: -3.818338 | CriticLoss: 0.022697 | Q: 3.8101 | TargetQ: 3.8083 | TDAbs: 0.1549 | ActorGrad: 0.0123 | CriticGrad: 0.4337 | Noise: 0.0500 | Replay: 50000 | FPS: 17.84 | ETA: 37.8 min
2026-08-10 20:32:54,894 | INFO | Steps: 110080/150000 | Episodes: 215 | LastEpReward: 27.825 | RecentReward: 7.398 | ActorLoss: -3.833093 | CriticLoss: 0.019083 | Q: 3.8253 | TargetQ: 3.8246 | TDAbs: 0.1385 | ActorGrad: 0.0130 | CriticGrad: 0.3912 | Noise: 0.0500 | Replay: 50000 | FPS: 17.85 | ETA: 37.3 min
2026-08-10 20:33:18,373 | INFO | Steps: 110592/150000 | Episodes: 216 | LastEpReward: 29.512 | RecentReward: 8.400 | ActorLoss: -3.808965 | CriticLoss: 0.017134 | Q: 3.8026 | TargetQ: 3.8024 | TDAbs: 0.1313 | ActorGrad: 0.0157 | CriticGrad: 0.3983 | Noise: 0.0500 | Replay: 50000 | FPS: 17.86 | ETA: 36.8 min
2026-08-10 20:33:40,976 | INFO | Steps: 111104/150000 | Episodes: 217 | LastEpReward: 20.793 | RecentReward: 7.680 | ActorLoss: -3.776737 | CriticLoss: 0.016822 | Q: 3.7705 | TargetQ: 3.7694 | TDAbs: 0.1280 | ActorGrad: 0.0144 | CriticGrad: 0.3612 | Noise: 0.0500 | Replay: 50000 | FPS: 17.88 | ETA: 36.3 min
2026-08-10 20:34:03,470 | INFO | Steps: 111616/150000 | Episodes: 218 | LastEpReward: 23.875 | RecentReward: 8.202 | ActorLoss: -3.801101 | CriticLoss: 0.015091 | Q: 3.7929 | TargetQ: 3.7928 | TDAbs: 0.1242 | ActorGrad: 0.0092 | CriticGrad: 0.3680 | Noise: 0.0500 | Replay: 50000 | FPS: 17.90 | ETA: 35.7 min
2026-08-10 20:34:25,637 | INFO | Steps: 112128/150000 | Episodes: 219 | LastEpReward: 19.549 | RecentReward: 9.798 | ActorLoss: -3.803590 | CriticLoss: 0.014141 | Q: 3.7957 | TargetQ: 3.7964 | TDAbs: 0.1219 | ActorGrad: 0.0149 | CriticGrad: 0.3633 | Noise: 0.0500 | Replay: 50000 | FPS: 17.92 | ETA: 35.2 min
2026-08-10 20:34:48,450 | INFO | 开始周期评估: Steps=112640 | Episodes=220 | EvalEpisodes=5
2026-08-10 20:35:54,215 | INFO | 周期评估完成: Steps=112640 | MeanReward=27.499 | StdReward=4.471
2026-08-10 20:35:54,245 | INFO | Steps: 112640/150000 | Episodes: 220 | LastEpReward: 23.745 | RecentReward: 12.815 | ActorLoss: -3.781068 | CriticLoss: 0.014808 | Q: 3.7725 | TargetQ: 3.7721 | TDAbs: 0.1216 | ActorGrad: 0.0158 | CriticGrad: 0.3892 | Noise: 0.0500 | Replay: 50000 | FPS: 17.75 | ETA: 35.1 min
2026-08-10 20:36:17,711 | INFO | Steps: 113152/150000 | Episodes: 221 | LastEpReward: 26.014 | RecentReward: 16.818 | ActorLoss: -3.808108 | CriticLoss: 0.014124 | Q: 3.7998 | TargetQ: 3.8002 | TDAbs: 0.1207 | ActorGrad: 0.0237 | CriticGrad: 0.3887 | Noise: 0.0500 | Replay: 50000 | FPS: 17.76 | ETA: 34.6 min
2026-08-10 20:36:40,915 | INFO | Steps: 113664/150000 | Episodes: 222 | LastEpReward: 28.441 | RecentReward: 20.850 | ActorLoss: -3.791075 | CriticLoss: 0.014329 | Q: 3.7819 | TargetQ: 3.7818 | TDAbs: 0.1201 | ActorGrad: 0.0429 | CriticGrad: 0.3787 | Noise: 0.0500 | Replay: 50000 | FPS: 17.78 | ETA: 34.1 min
2026-08-10 20:37:03,644 | INFO | Steps: 114176/150000 | Episodes: 223 | LastEpReward: 11.642 | RecentReward: 23.257 | ActorLoss: -3.768229 | CriticLoss: 0.016991 | Q: 3.7622 | TargetQ: 3.7629 | TDAbs: 0.1337 | ActorGrad: 0.0941 | CriticGrad: 0.3748 | Noise: 0.0500 | Replay: 50000 | FPS: 17.80 | ETA: 33.6 min
2026-08-10 20:37:27,794 | INFO | Steps: 114688/150000 | Episodes: 224 | LastEpReward: 21.401 | RecentReward: 23.280 | ActorLoss: -3.790995 | CriticLoss: 0.013876 | Q: 3.7816 | TargetQ: 3.7826 | TDAbs: 0.1225 | ActorGrad: 0.0626 | CriticGrad: 0.3457 | Noise: 0.0500 | Replay: 50000 | FPS: 17.81 | ETA: 33.0 min
2026-08-10 20:37:51,281 | INFO | Steps: 115200/150000 | Episodes: 225 | LastEpReward: 27.404 | RecentReward: 23.238 | ActorLoss: -3.770037 | CriticLoss: 0.014005 | Q: 3.7602 | TargetQ: 3.7608 | TDAbs: 0.1206 | ActorGrad: 0.0645 | CriticGrad: 0.3466 | Noise: 0.0500 | Replay: 50000 | FPS: 17.82 | ETA: 32.5 min
2026-08-10 20:38:12,493 | INFO | Steps: 115712/150000 | Episodes: 226 | LastEpReward: 12.941 | RecentReward: 21.581 | ActorLoss: -3.792500 | CriticLoss: 0.014999 | Q: 3.7829 | TargetQ: 3.7828 | TDAbs: 0.1252 | ActorGrad: 0.0752 | CriticGrad: 0.3680 | Noise: 0.0500 | Replay: 50000 | FPS: 17.84 | ETA: 32.0 min
2026-08-10 20:38:34,421 | INFO | Steps: 116224/150000 | Episodes: 227 | LastEpReward: 18.323 | RecentReward: 21.334 | ActorLoss: -3.773932 | CriticLoss: 0.015431 | Q: 3.7652 | TargetQ: 3.7654 | TDAbs: 0.1285 | ActorGrad: 0.0850 | CriticGrad: 0.3941 | Noise: 0.0500 | Replay: 50000 | FPS: 17.86 | ETA: 31.5 min
2026-08-10 20:38:57,446 | INFO | Steps: 116736/150000 | Episodes: 228 | LastEpReward: 11.075 | RecentReward: 20.054 | ActorLoss: -3.754459 | CriticLoss: 0.014318 | Q: 3.7464 | TargetQ: 3.7459 | TDAbs: 0.1224 | ActorGrad: 0.0822 | CriticGrad: 0.4153 | Noise: 0.0500 | Replay: 50000 | FPS: 17.88 | ETA: 31.0 min
2026-08-10 20:39:21,526 | INFO | Steps: 117248/150000 | Episodes: 229 | LastEpReward: 18.258 | RecentReward: 19.924 | ActorLoss: -3.757406 | CriticLoss: 0.013906 | Q: 3.7468 | TargetQ: 3.7476 | TDAbs: 0.1222 | ActorGrad: 0.0815 | CriticGrad: 0.3661 | Noise: 0.0500 | Replay: 50000 | FPS: 17.89 | ETA: 30.5 min
2026-08-10 20:39:44,485 | INFO | 开始周期评估: Steps=117760 | Episodes=230 | EvalEpisodes=5
2026-08-10 20:40:49,967 | INFO | 周期评估完成: Steps=117760 | MeanReward=27.086 | StdReward=4.647
2026-08-10 20:40:49,987 | INFO | Steps: 117760/150000 | Episodes: 230 | LastEpReward: 25.246 | RecentReward: 20.074 | ActorLoss: -3.744252 | CriticLoss: 0.014724 | Q: 3.7371 | TargetQ: 3.7368 | TDAbs: 0.1244 | ActorGrad: 0.0785 | CriticGrad: 0.3729 | Noise: 0.0500 | Replay: 50000 | FPS: 17.73 | ETA: 30.3 min
2026-08-10 20:41:11,705 | INFO | Steps: 118272/150000 | Episodes: 231 | LastEpReward: 23.128 | RecentReward: 19.786 | ActorLoss: -3.782549 | CriticLoss: 0.016198 | Q: 3.7694 | TargetQ: 3.7678 | TDAbs: 0.1282 | ActorGrad: 0.0903 | CriticGrad: 0.4067 | Noise: 0.0500 | Replay: 50000 | FPS: 17.75 | ETA: 29.8 min
2026-08-10 20:41:33,624 | INFO | Steps: 118784/150000 | Episodes: 232 | LastEpReward: 25.326 | RecentReward: 19.474 | ActorLoss: -3.769350 | CriticLoss: 0.016219 | Q: 3.7571 | TargetQ: 3.7559 | TDAbs: 0.1278 | ActorGrad: 0.0923 | CriticGrad: 0.3858 | Noise: 0.0500 | Replay: 50000 | FPS: 17.77 | ETA: 29.3 min
2026-08-10 20:41:56,256 | INFO | Steps: 119296/150000 | Episodes: 233 | LastEpReward: 24.189 | RecentReward: 20.729 | ActorLoss: -3.793660 | CriticLoss: 0.016979 | Q: 3.7807 | TargetQ: 3.7815 | TDAbs: 0.1309 | ActorGrad: 0.1046 | CriticGrad: 0.4317 | Noise: 0.0500 | Replay: 50000 | FPS: 17.78 | ETA: 28.8 min
2026-08-10 20:42:21,097 | INFO | Steps: 119808/150000 | Episodes: 234 | LastEpReward: 18.978 | RecentReward: 20.487 | ActorLoss: -3.788389 | CriticLoss: 0.015503 | Q: 3.7742 | TargetQ: 3.7739 | TDAbs: 0.1295 | ActorGrad: 0.0920 | CriticGrad: 0.3795 | Noise: 0.0500 | Replay: 50000 | FPS: 17.79 | ETA: 28.3 min
2026-08-10 20:42:46,220 | INFO | Steps: 120320/150000 | Episodes: 235 | LastEpReward: 27.363 | RecentReward: 20.483 | ActorLoss: -3.799197 | CriticLoss: 0.015837 | Q: 3.7858 | TargetQ: 3.7857 | TDAbs: 0.1293 | ActorGrad: 0.0919 | CriticGrad: 0.4138 | Noise: 0.0500 | Replay: 50000 | FPS: 17.80 | ETA: 27.8 min
2026-08-10 20:43:10,155 | INFO | Steps: 120832/150000 | Episodes: 236 | LastEpReward: 18.330 | RecentReward: 21.022 | ActorLoss: -3.797701 | CriticLoss: 0.016668 | Q: 3.7845 | TargetQ: 3.7821 | TDAbs: 0.1310 | ActorGrad: 0.0846 | CriticGrad: 0.3963 | Noise: 0.0500 | Replay: 50000 | FPS: 17.82 | ETA: 27.3 min
2026-08-10 20:43:33,200 | INFO | Steps: 121344/150000 | Episodes: 237 | LastEpReward: 25.015 | RecentReward: 21.691 | ActorLoss: -3.794777 | CriticLoss: 0.017466 | Q: 3.7818 | TargetQ: 3.7800 | TDAbs: 0.1334 | ActorGrad: 0.0908 | CriticGrad: 0.4157 | Noise: 0.0500 | Replay: 50000 | FPS: 17.83 | ETA: 26.8 min
2026-08-10 20:43:56,278 | INFO | Steps: 121856/150000 | Episodes: 238 | LastEpReward: 21.261 | RecentReward: 22.709 | ActorLoss: -3.806888 | CriticLoss: 0.017102 | Q: 3.7924 | TargetQ: 3.7925 | TDAbs: 0.1349 | ActorGrad: 0.0937 | CriticGrad: 0.4529 | Noise: 0.0500 | Replay: 50000 | FPS: 17.85 | ETA: 26.3 min
2026-08-10 20:44:19,760 | INFO | Steps: 122368/150000 | Episodes: 239 | LastEpReward: 22.859 | RecentReward: 23.169 | ActorLoss: -3.820135 | CriticLoss: 0.017388 | Q: 3.8075 | TargetQ: 3.8071 | TDAbs: 0.1359 | ActorGrad: 0.1015 | CriticGrad: 0.4529 | Noise: 0.0500 | Replay: 50000 | FPS: 17.86 | ETA: 25.8 min
2026-08-10 20:44:42,238 | INFO | 开始周期评估: Steps=122880 | Episodes=240 | EvalEpisodes=5
2026-08-10 20:45:46,805 | INFO | 周期评估完成: Steps=122880 | MeanReward=26.530 | StdReward=4.513
2026-08-10 20:45:46,825 | INFO | Steps: 122880/150000 | Episodes: 240 | LastEpReward: 26.283 | RecentReward: 23.273 | ActorLoss: -3.832756 | CriticLoss: 0.018615 | Q: 3.8194 | TargetQ: 3.8192 | TDAbs: 0.1388 | ActorGrad: 0.0996 | CriticGrad: 0.4850 | Noise: 0.0500 | Replay: 50000 | FPS: 17.71 | ETA: 25.5 min
2026-08-10 20:46:10,118 | INFO | Steps: 123392/150000 | Episodes: 241 | LastEpReward: 17.564 | RecentReward: 22.717 | ActorLoss: -3.853258 | CriticLoss: 0.019618 | Q: 3.8396 | TargetQ: 3.8386 | TDAbs: 0.1403 | ActorGrad: 0.1038 | CriticGrad: 0.4852 | Noise: 0.0500 | Replay: 50000 | FPS: 17.72 | ETA: 25.0 min
2026-08-10 20:46:34,616 | INFO | Steps: 123904/150000 | Episodes: 242 | LastEpReward: 27.262 | RecentReward: 22.910 | ActorLoss: -3.857238 | CriticLoss: 0.018936 | Q: 3.8435 | TargetQ: 3.8436 | TDAbs: 0.1400 | ActorGrad: 0.0980 | CriticGrad: 0.4550 | Noise: 0.0500 | Replay: 50000 | FPS: 17.73 | ETA: 24.5 min
2026-08-10 20:46:58,191 | INFO | Steps: 124416/150000 | Episodes: 243 | LastEpReward: 26.931 | RecentReward: 23.184 | ActorLoss: -3.843365 | CriticLoss: 0.020197 | Q: 3.8311 | TargetQ: 3.8294 | TDAbs: 0.1410 | ActorGrad: 0.1013 | CriticGrad: 0.4797 | Noise: 0.0500 | Replay: 50000 | FPS: 17.75 | ETA: 24.0 min
2026-08-10 20:47:20,573 | INFO | Steps: 124928/150000 | Episodes: 244 | LastEpReward: 17.995 | RecentReward: 23.086 | ActorLoss: -3.897135 | CriticLoss: 0.019502 | Q: 3.8824 | TargetQ: 3.8818 | TDAbs: 0.1432 | ActorGrad: 0.0976 | CriticGrad: 0.4910 | Noise: 0.0500 | Replay: 50000 | FPS: 17.76 | ETA: 23.5 min
2026-08-10 20:47:42,097 | INFO | Steps: 125440/150000 | Episodes: 245 | LastEpReward: 18.254 | RecentReward: 22.175 | ActorLoss: -3.902580 | CriticLoss: 0.019452 | Q: 3.8867 | TargetQ: 3.8863 | TDAbs: 0.1449 | ActorGrad: 0.1043 | CriticGrad: 0.4920 | Noise: 0.0500 | Replay: 50000 | FPS: 17.78 | ETA: 23.0 min
2026-08-10 20:48:04,733 | INFO | Steps: 125952/150000 | Episodes: 246 | LastEpReward: 15.912 | RecentReward: 21.934 | ActorLoss: -3.962326 | CriticLoss: 0.019493 | Q: 3.9468 | TargetQ: 3.9466 | TDAbs: 0.1448 | ActorGrad: 0.1177 | CriticGrad: 0.4903 | Noise: 0.0500 | Replay: 50000 | FPS: 17.80 | ETA: 22.5 min
2026-08-10 20:48:27,744 | INFO | Steps: 126464/150000 | Episodes: 247 | LastEpReward: 17.414 | RecentReward: 21.174 | ActorLoss: -3.967089 | CriticLoss: 0.022077 | Q: 3.9541 | TargetQ: 3.9532 | TDAbs: 0.1490 | ActorGrad: 0.1214 | CriticGrad: 0.5208 | Noise: 0.0500 | Replay: 50000 | FPS: 17.81 | ETA: 22.0 min
2026-08-10 20:48:50,272 | INFO | Steps: 126976/150000 | Episodes: 248 | LastEpReward: 31.146 | RecentReward: 22.162 | ActorLoss: -3.941018 | CriticLoss: 0.021833 | Q: 3.9288 | TargetQ: 3.9270 | TDAbs: 0.1496 | ActorGrad: 0.1048 | CriticGrad: 0.5658 | Noise: 0.0500 | Replay: 50000 | FPS: 17.83 | ETA: 21.5 min
2026-08-10 20:49:12,891 | INFO | Steps: 127488/150000 | Episodes: 249 | LastEpReward: 27.685 | RecentReward: 22.645 | ActorLoss: -3.953850 | CriticLoss: 0.022000 | Q: 3.9426 | TargetQ: 3.9415 | TDAbs: 0.1489 | ActorGrad: 0.0986 | CriticGrad: 0.5158 | Noise: 0.0500 | Replay: 50000 | FPS: 17.84 | ETA: 21.0 min
2026-08-10 20:49:36,202 | INFO | 开始周期评估: Steps=128000 | Episodes=250 | EvalEpisodes=5
2026-08-10 20:50:43,058 | INFO | 周期评估完成: Steps=128000 | MeanReward=27.122 | StdReward=4.626
2026-08-10 20:50:43,077 | INFO | Steps: 128000/150000 | Episodes: 250 | LastEpReward: 25.824 | RecentReward: 22.599 | ActorLoss: -3.955337 | CriticLoss: 0.021472 | Q: 3.9427 | TargetQ: 3.9415 | TDAbs: 0.1485 | ActorGrad: 0.0930 | CriticGrad: 0.5285 | Noise: 0.0500 | Replay: 50000 | FPS: 17.69 | ETA: 20.7 min
2026-08-10 20:51:05,123 | INFO | Steps: 128512/150000 | Episodes: 251 | LastEpReward: 15.911 | RecentReward: 22.434 | ActorLoss: -3.988562 | CriticLoss: 0.022806 | Q: 3.9755 | TargetQ: 3.9741 | TDAbs: 0.1532 | ActorGrad: 0.1104 | CriticGrad: 0.5564 | Noise: 0.0500 | Replay: 50000 | FPS: 17.71 | ETA: 20.2 min
2026-08-10 20:51:28,154 | INFO | Steps: 129024/150000 | Episodes: 252 | LastEpReward: 11.988 | RecentReward: 20.906 | ActorLoss: -3.993544 | CriticLoss: 0.024102 | Q: 3.9790 | TargetQ: 3.9791 | TDAbs: 0.1562 | ActorGrad: 0.1272 | CriticGrad: 0.5629 | Noise: 0.0500 | Replay: 50000 | FPS: 17.72 | ETA: 19.7 min
2026-08-10 20:51:49,995 | INFO | Steps: 129536/150000 | Episodes: 253 | LastEpReward: 16.899 | RecentReward: 19.903 | ActorLoss: -3.891177 | CriticLoss: 0.024251 | Q: 3.8785 | TargetQ: 3.8784 | TDAbs: 0.1558 | ActorGrad: 0.1001 | CriticGrad: 0.5916 | Noise: 0.0500 | Replay: 50000 | FPS: 17.74 | ETA: 19.2 min
2026-08-10 20:52:13,359 | INFO | Steps: 130048/150000 | Episodes: 254 | LastEpReward: 32.457 | RecentReward: 21.349 | ActorLoss: -3.961134 | CriticLoss: 0.025815 | Q: 3.9483 | TargetQ: 3.9476 | TDAbs: 0.1611 | ActorGrad: 0.1334 | CriticGrad: 0.6070 | Noise: 0.0500 | Replay: 50000 | FPS: 17.75 | ETA: 18.7 min
2026-08-10 20:52:36,180 | INFO | Steps: 130560/150000 | Episodes: 255 | LastEpReward: 17.468 | RecentReward: 21.271 | ActorLoss: -4.012844 | CriticLoss: 0.024700 | Q: 3.9962 | TargetQ: 3.9955 | TDAbs: 0.1584 | ActorGrad: 0.1256 | CriticGrad: 0.6050 | Noise: 0.0500 | Replay: 50000 | FPS: 17.77 | ETA: 18.2 min
2026-08-10 20:52:59,553 | INFO | Steps: 131072/150000 | Episodes: 256 | LastEpReward: 27.311 | RecentReward: 22.410 | ActorLoss: -3.992486 | CriticLoss: 0.027166 | Q: 3.9781 | TargetQ: 3.9768 | TDAbs: 0.1628 | ActorGrad: 0.1267 | CriticGrad: 0.5827 | Noise: 0.0500 | Replay: 50000 | FPS: 17.78 | ETA: 17.7 min
2026-08-10 20:53:22,689 | INFO | Steps: 131584/150000 | Episodes: 257 | LastEpReward: 23.609 | RecentReward: 23.030 | ActorLoss: -3.994236 | CriticLoss: 0.026708 | Q: 3.9804 | TargetQ: 3.9815 | TDAbs: 0.1642 | ActorGrad: 0.1426 | CriticGrad: 0.6473 | Noise: 0.0500 | Replay: 50000 | FPS: 17.79 | ETA: 17.2 min
2026-08-10 20:53:44,160 | INFO | Steps: 132096/150000 | Episodes: 258 | LastEpReward: 24.090 | RecentReward: 22.324 | ActorLoss: -4.069777 | CriticLoss: 0.025808 | Q: 4.0535 | TargetQ: 4.0542 | TDAbs: 0.1648 | ActorGrad: 0.1388 | CriticGrad: 0.6599 | Noise: 0.0500 | Replay: 50000 | FPS: 17.81 | ETA: 16.8 min
2026-08-10 20:54:07,180 | INFO | Steps: 132608/150000 | Episodes: 259 | LastEpReward: 16.578 | RecentReward: 21.214 | ActorLoss: -4.013038 | CriticLoss: 0.026660 | Q: 3.9990 | TargetQ: 4.0011 | TDAbs: 0.1664 | ActorGrad: 0.1375 | CriticGrad: 0.6681 | Noise: 0.0500 | Replay: 50000 | FPS: 17.83 | ETA: 16.3 min
2026-08-10 20:54:30,313 | INFO | 开始周期评估: Steps=133120 | Episodes=260 | EvalEpisodes=5
2026-08-10 20:55:35,933 | INFO | 周期评估完成: Steps=133120 | MeanReward=24.778 | StdReward=5.034
2026-08-10 20:55:35,960 | INFO | Steps: 133120/150000 | Episodes: 260 | LastEpReward: 22.958 | RecentReward: 20.927 | ActorLoss: -4.081765 | CriticLoss: 0.027295 | Q: 4.0672 | TargetQ: 4.0663 | TDAbs: 0.1667 | ActorGrad: 0.1313 | CriticGrad: 0.6523 | Noise: 0.0500 | Replay: 50000 | FPS: 17.68 | ETA: 15.9 min
2026-08-10 20:55:58,888 | INFO | Steps: 133632/150000 | Episodes: 261 | LastEpReward: 20.102 | RecentReward: 21.346 | ActorLoss: -4.078225 | CriticLoss: 0.027349 | Q: 4.0650 | TargetQ: 4.0630 | TDAbs: 0.1685 | ActorGrad: 0.1331 | CriticGrad: 0.6322 | Noise: 0.0500 | Replay: 50000 | FPS: 17.70 | ETA: 15.4 min
2026-08-10 20:56:22,718 | INFO | Steps: 134144/150000 | Episodes: 262 | LastEpReward: 20.218 | RecentReward: 22.169 | ActorLoss: -4.107848 | CriticLoss: 0.029835 | Q: 4.0974 | TargetQ: 4.0964 | TDAbs: 0.1723 | ActorGrad: 0.1365 | CriticGrad: 0.6973 | Noise: 0.0500 | Replay: 50000 | FPS: 17.71 | ETA: 14.9 min
2026-08-10 20:56:45,479 | INFO | Steps: 134656/150000 | Episodes: 263 | LastEpReward: 22.838 | RecentReward: 22.763 | ActorLoss: -4.123310 | CriticLoss: 0.030307 | Q: 4.1120 | TargetQ: 4.1120 | TDAbs: 0.1733 | ActorGrad: 0.1316 | CriticGrad: 0.7206 | Noise: 0.0500 | Replay: 50000 | FPS: 17.72 | ETA: 14.4 min
2026-08-10 20:57:09,275 | INFO | Steps: 135168/150000 | Episodes: 264 | LastEpReward: 18.138 | RecentReward: 21.331 | ActorLoss: -4.071591 | CriticLoss: 0.029618 | Q: 4.0610 | TargetQ: 4.0600 | TDAbs: 0.1702 | ActorGrad: 0.1464 | CriticGrad: 0.6736 | Noise: 0.0500 | Replay: 50000 | FPS: 17.74 | ETA: 13.9 min
2026-08-10 20:57:32,010 | INFO | Steps: 135680/150000 | Episodes: 265 | LastEpReward: 17.057 | RecentReward: 21.290 | ActorLoss: -4.104360 | CriticLoss: 0.030222 | Q: 4.0926 | TargetQ: 4.0918 | TDAbs: 0.1732 | ActorGrad: 0.1476 | CriticGrad: 0.7445 | Noise: 0.0500 | Replay: 50000 | FPS: 17.75 | ETA: 13.4 min
2026-08-10 20:57:54,277 | INFO | Steps: 136192/150000 | Episodes: 266 | LastEpReward: 25.998 | RecentReward: 21.159 | ActorLoss: -4.192409 | CriticLoss: 0.031254 | Q: 4.1838 | TargetQ: 4.1833 | TDAbs: 0.1750 | ActorGrad: 0.1626 | CriticGrad: 0.7397 | Noise: 0.0500 | Replay: 50000 | FPS: 17.76 | ETA: 13.0 min
2026-08-10 20:58:16,484 | INFO | Steps: 136704/150000 | Episodes: 267 | LastEpReward: 12.787 | RecentReward: 20.076 | ActorLoss: -4.189804 | CriticLoss: 0.033675 | Q: 4.1761 | TargetQ: 4.1762 | TDAbs: 0.1782 | ActorGrad: 0.1405 | CriticGrad: 0.7954 | Noise: 0.0500 | Replay: 50000 | FPS: 17.78 | ETA: 12.5 min
2026-08-10 20:58:39,398 | INFO | Steps: 137216/150000 | Episodes: 268 | LastEpReward: 14.877 | RecentReward: 19.155 | ActorLoss: -4.160196 | CriticLoss: 0.027927 | Q: 4.1451 | TargetQ: 4.1448 | TDAbs: 0.1694 | ActorGrad: 0.1536 | CriticGrad: 0.7061 | Noise: 0.0500 | Replay: 50000 | FPS: 17.79 | ETA: 12.0 min
2026-08-10 20:59:03,063 | INFO | Steps: 137728/150000 | Episodes: 269 | LastEpReward: 20.040 | RecentReward: 19.501 | ActorLoss: -4.249957 | CriticLoss: 0.031323 | Q: 4.2366 | TargetQ: 4.2385 | TDAbs: 0.1746 | ActorGrad: 0.1507 | CriticGrad: 0.7578 | Noise: 0.0500 | Replay: 50000 | FPS: 17.81 | ETA: 11.5 min
2026-08-10 20:59:27,117 | INFO | 开始周期评估: Steps=138240 | Episodes=270 | EvalEpisodes=5
2026-08-10 21:00:36,764 | INFO | 周期评估完成: Steps=138240 | MeanReward=25.292 | StdReward=5.277
2026-08-10 21:00:36,795 | INFO | Steps: 138240/150000 | Episodes: 270 | LastEpReward: 25.132 | RecentReward: 19.719 | ActorLoss: -4.145287 | CriticLoss: 0.030789 | Q: 4.1319 | TargetQ: 4.1316 | TDAbs: 0.1746 | ActorGrad: 0.1548 | CriticGrad: 0.7412 | Noise: 0.0500 | Replay: 50000 | FPS: 17.66 | ETA: 11.1 min
2026-08-10 21:01:01,508 | INFO | Steps: 138752/150000 | Episodes: 271 | LastEpReward: 20.216 | RecentReward: 19.730 | ActorLoss: -4.115229 | CriticLoss: 0.029620 | Q: 4.1031 | TargetQ: 4.1037 | TDAbs: 0.1711 | ActorGrad: 0.1777 | CriticGrad: 0.7621 | Noise: 0.0500 | Replay: 50000 | FPS: 17.67 | ETA: 10.6 min
2026-08-10 21:01:23,818 | INFO | Steps: 139264/150000 | Episodes: 272 | LastEpReward: 16.083 | RecentReward: 19.317 | ActorLoss: -4.130814 | CriticLoss: 0.032797 | Q: 4.1197 | TargetQ: 4.1190 | TDAbs: 0.1784 | ActorGrad: 0.1391 | CriticGrad: 0.8120 | Noise: 0.0500 | Replay: 50000 | FPS: 17.68 | ETA: 10.1 min
2026-08-10 21:01:43,658 | INFO | Steps: 139776/150000 | Episodes: 273 | LastEpReward: 22.782 | RecentReward: 19.311 | ActorLoss: -4.100935 | CriticLoss: 0.031759 | Q: 4.0927 | TargetQ: 4.0921 | TDAbs: 0.1776 | ActorGrad: 0.1673 | CriticGrad: 0.8121 | Noise: 0.0500 | Replay: 50000 | FPS: 17.70 | ETA: 9.6 min
2026-08-10 21:02:06,619 | INFO | Steps: 140288/150000 | Episodes: 274 | LastEpReward: 22.703 | RecentReward: 19.768 | ActorLoss: -4.056825 | CriticLoss: 0.030186 | Q: 4.0479 | TargetQ: 4.0478 | TDAbs: 0.1727 | ActorGrad: 0.1560 | CriticGrad: 0.6896 | Noise: 0.0500 | Replay: 50000 | FPS: 17.72 | ETA: 9.1 min
2026-08-10 21:02:29,959 | INFO | Steps: 140800/150000 | Episodes: 275 | LastEpReward: 19.133 | RecentReward: 19.975 | ActorLoss: -4.082119 | CriticLoss: 0.030365 | Q: 4.0710 | TargetQ: 4.0716 | TDAbs: 0.1769 | ActorGrad: 0.1589 | CriticGrad: 0.7219 | Noise: 0.0500 | Replay: 50000 | FPS: 17.73 | ETA: 8.6 min
2026-08-10 21:02:52,178 | INFO | Steps: 141312/150000 | Episodes: 276 | LastEpReward: 17.415 | RecentReward: 19.117 | ActorLoss: -4.026072 | CriticLoss: 0.029464 | Q: 4.0167 | TargetQ: 4.0164 | TDAbs: 0.1738 | ActorGrad: 0.1418 | CriticGrad: 0.7007 | Noise: 0.0500 | Replay: 50000 | FPS: 17.74 | ETA: 8.2 min
2026-08-10 21:03:13,681 | INFO | Steps: 141824/150000 | Episodes: 277 | LastEpReward: 18.802 | RecentReward: 19.718 | ActorLoss: -4.021574 | CriticLoss: 0.031752 | Q: 4.0115 | TargetQ: 4.0127 | TDAbs: 0.1779 | ActorGrad: 0.1525 | CriticGrad: 0.7289 | Noise: 0.0500 | Replay: 50000 | FPS: 17.76 | ETA: 7.7 min
2026-08-10 21:03:37,024 | INFO | Steps: 142336/150000 | Episodes: 278 | LastEpReward: 20.400 | RecentReward: 20.271 | ActorLoss: -3.992096 | CriticLoss: 0.031992 | Q: 3.9820 | TargetQ: 3.9813 | TDAbs: 0.1774 | ActorGrad: 0.1617 | CriticGrad: 0.7692 | Noise: 0.0500 | Replay: 50000 | FPS: 17.77 | ETA: 7.2 min
2026-08-10 21:03:59,302 | INFO | Steps: 142848/150000 | Episodes: 279 | LastEpReward: 19.692 | RecentReward: 20.236 | ActorLoss: -3.933198 | CriticLoss: 0.032234 | Q: 3.9248 | TargetQ: 3.9250 | TDAbs: 0.1790 | ActorGrad: 0.1518 | CriticGrad: 0.7544 | Noise: 0.0500 | Replay: 50000 | FPS: 17.79 | ETA: 6.7 min
2026-08-10 21:04:22,393 | INFO | 开始周期评估: Steps=143360 | Episodes=280 | EvalEpisodes=5
2026-08-10 21:05:27,930 | INFO | 周期评估完成: Steps=143360 | MeanReward=25.520 | StdReward=5.195
2026-08-10 21:05:27,962 | INFO | Steps: 143360/150000 | Episodes: 280 | LastEpReward: 17.598 | RecentReward: 19.483 | ActorLoss: -3.945995 | CriticLoss: 0.030717 | Q: 3.9366 | TargetQ: 3.9340 | TDAbs: 0.1739 | ActorGrad: 0.1645 | CriticGrad: 0.7485 | Noise: 0.0500 | Replay: 50000 | FPS: 17.65 | ETA: 6.3 min
2026-08-10 21:05:50,874 | INFO | Steps: 143872/150000 | Episodes: 281 | LastEpReward: 30.001 | RecentReward: 20.461 | ActorLoss: -3.964966 | CriticLoss: 0.032077 | Q: 3.9551 | TargetQ: 3.9555 | TDAbs: 0.1777 | ActorGrad: 0.1411 | CriticGrad: 0.7565 | Noise: 0.0500 | Replay: 50000 | FPS: 17.67 | ETA: 5.8 min
2026-08-10 21:06:15,562 | INFO | Steps: 144384/150000 | Episodes: 282 | LastEpReward: 22.795 | RecentReward: 21.132 | ActorLoss: -3.945998 | CriticLoss: 0.030006 | Q: 3.9401 | TargetQ: 3.9406 | TDAbs: 0.1734 | ActorGrad: 0.1370 | CriticGrad: 0.6954 | Noise: 0.0500 | Replay: 50000 | FPS: 17.68 | ETA: 5.3 min
2026-08-10 21:06:39,268 | INFO | Steps: 144896/150000 | Episodes: 283 | LastEpReward: 17.914 | RecentReward: 20.645 | ActorLoss: -3.924387 | CriticLoss: 0.030914 | Q: 3.9170 | TargetQ: 3.9156 | TDAbs: 0.1741 | ActorGrad: 0.1607 | CriticGrad: 0.7590 | Noise: 0.0500 | Replay: 50000 | FPS: 17.69 | ETA: 4.8 min
2026-08-10 21:07:01,926 | INFO | Steps: 145408/150000 | Episodes: 284 | LastEpReward: 23.773 | RecentReward: 20.752 | ActorLoss: -3.982567 | CriticLoss: 0.032920 | Q: 3.9720 | TargetQ: 3.9733 | TDAbs: 0.1745 | ActorGrad: 0.1579 | CriticGrad: 0.7753 | Noise: 0.0500 | Replay: 50000 | FPS: 17.70 | ETA: 4.3 min
2026-08-10 21:07:24,882 | INFO | Steps: 145920/150000 | Episodes: 285 | LastEpReward: 12.388 | RecentReward: 20.078 | ActorLoss: -3.941275 | CriticLoss: 0.031501 | Q: 3.9358 | TargetQ: 3.9359 | TDAbs: 0.1731 | ActorGrad: 0.1479 | CriticGrad: 0.7298 | Noise: 0.0500 | Replay: 50000 | FPS: 17.72 | ETA: 3.8 min
2026-08-10 21:07:48,924 | INFO | Steps: 146432/150000 | Episodes: 286 | LastEpReward: 26.767 | RecentReward: 21.013 | ActorLoss: -3.934946 | CriticLoss: 0.029111 | Q: 3.9295 | TargetQ: 3.9292 | TDAbs: 0.1691 | ActorGrad: 0.1124 | CriticGrad: 0.7253 | Noise: 0.0500 | Replay: 50000 | FPS: 17.73 | ETA: 3.4 min
2026-08-10 21:08:13,056 | INFO | Steps: 146944/150000 | Episodes: 287 | LastEpReward: 23.160 | RecentReward: 21.449 | ActorLoss: -3.989442 | CriticLoss: 0.031063 | Q: 3.9802 | TargetQ: 3.9818 | TDAbs: 0.1737 | ActorGrad: 0.1650 | CriticGrad: 0.7768 | Noise: 0.0500 | Replay: 50000 | FPS: 17.74 | ETA: 2.9 min
2026-08-10 21:08:35,508 | INFO | Steps: 147456/150000 | Episodes: 288 | LastEpReward: 15.971 | RecentReward: 21.006 | ActorLoss: -3.963461 | CriticLoss: 0.031185 | Q: 3.9555 | TargetQ: 3.9564 | TDAbs: 0.1725 | ActorGrad: 0.1376 | CriticGrad: 0.7465 | Noise: 0.0500 | Replay: 50000 | FPS: 17.75 | ETA: 2.4 min
2026-08-10 21:08:58,161 | INFO | Steps: 147968/150000 | Episodes: 289 | LastEpReward: 21.305 | RecentReward: 21.167 | ActorLoss: -3.944303 | CriticLoss: 0.031229 | Q: 3.9344 | TargetQ: 3.9311 | TDAbs: 0.1708 | ActorGrad: 0.1848 | CriticGrad: 0.7872 | Noise: 0.0500 | Replay: 50000 | FPS: 17.76 | ETA: 1.9 min
2026-08-10 21:09:21,345 | INFO | 开始周期评估: Steps=148480 | Episodes=290 | EvalEpisodes=5
2026-08-10 21:10:30,124 | INFO | 周期评估完成: Steps=148480 | MeanReward=25.331 | StdReward=5.202
2026-08-10 21:10:30,151 | INFO | Steps: 148480/150000 | Episodes: 290 | LastEpReward: 18.371 | RecentReward: 21.245 | ActorLoss: -3.886551 | CriticLoss: 0.031420 | Q: 3.8800 | TargetQ: 3.8784 | TDAbs: 0.1707 | ActorGrad: 0.1712 | CriticGrad: 0.7554 | Noise: 0.0500 | Replay: 50000 | FPS: 17.63 | ETA: 1.4 min
2026-08-10 21:10:52,462 | INFO | Steps: 148992/150000 | Episodes: 291 | LastEpReward: 13.220 | RecentReward: 19.566 | ActorLoss: -3.921442 | CriticLoss: 0.029665 | Q: 3.9166 | TargetQ: 3.9138 | TDAbs: 0.1709 | ActorGrad: 0.1509 | CriticGrad: 0.7851 | Noise: 0.0500 | Replay: 50000 | FPS: 17.64 | ETA: 1.0 min
2026-08-10 21:11:16,653 | INFO | Steps: 149504/150000 | Episodes: 292 | LastEpReward: 27.337 | RecentReward: 20.021 | ActorLoss: -3.887326 | CriticLoss: 0.030927 | Q: 3.8802 | TargetQ: 3.8808 | TDAbs: 0.1726 | ActorGrad: 0.1595 | CriticGrad: 0.8434 | Noise: 0.0500 | Replay: 50000 | FPS: 17.65 | ETA: 0.5 min
2026-08-10 21:11:39,780 | INFO | Steps: 150000/150000 | Episodes: 292 | LastEpReward: 27.337 | RecentReward: 20.021 | ActorLoss: -3.857010 | CriticLoss: 0.032360 | Q: 3.8534 | TargetQ: 3.8537 | TDAbs: 0.1725 | ActorGrad: 0.1610 | CriticGrad: 0.7927 | Noise: 0.0500 | Replay: 50000 | FPS: 17.66 | ETA: 0.0 min
2026-08-10 21:13:54,823 | INFO | MADDPG 训练与评估完成，最佳权重: /home/pjpjq/LEO_switch/results/baseline_compare/multiuser_scaling_multiuser_single_seed_150k_20260804/u35/learned_baselines/maddpg/maddpg_model.pt
