2026-09-17 20:27:09,990 | INFO | ============================================================
2026-09-17 20:27:09,990 | INFO | 开始训练纯 MADDPG 基线
2026-09-17 20:27:09,990 | INFO | 用户数: 35 | 观测维度: 76 | handover维度: 11 | 总步数: 150000 | warmup: 1000 | batch: 128 | 日志间隔: 512 steps | device: cuda | actor_lr: 1.0e-04 | critic_lr: 3.0e-04 | tau: 0.005 | reward_scale: 1.00
2026-09-17 20:27:09,990 | INFO | ============================================================
2026-09-17 20:27:14,956 | INFO | Steps: 512/150000 | Episodes: 1 | LastEpReward: -6.686 | RecentReward: -6.686 | ActorLoss: 0.000000 | CriticLoss: 0.000000 | Q: 0.0000 | TargetQ: 0.0000 | TDAbs: 0.0000 | ActorGrad: 0.0000 | CriticGrad: 0.0000 | Noise: 0.3500 | Replay: 512 | FPS: 103.11 | ETA: 24.2 min
2026-09-17 20:27:20,456 | INFO | Steps: 1024/150000 | Episodes: 2 | LastEpReward: -7.089 | RecentReward: -6.888 | ActorLoss: 0.060414 | CriticLoss: 0.003108 | Q: -0.0600 | TargetQ: -0.0562 | TDAbs: 0.0608 | ActorGrad: 0.0011 | CriticGrad: 0.0762 | Noise: 0.3499 | Replay: 1024 | FPS: 97.84 | ETA: 25.4 min
2026-09-17 20:27:44,427 | INFO | Steps: 1536/150000 | Episodes: 3 | LastEpReward: -105.051 | RecentReward: -39.609 | ActorLoss: 0.154187 | CriticLoss: 0.000542 | Q: -0.1747 | TargetQ: -0.1748 | TDAbs: 0.0245 | ActorGrad: 0.0004 | CriticGrad: 0.0469 | Noise: 0.3485 | Replay: 1536 | FPS: 44.60 | ETA: 55.5 min
2026-09-17 20:28:07,986 | INFO | Steps: 2048/150000 | Episodes: 4 | LastEpReward: -91.313 | RecentReward: -52.535 | ActorLoss: 0.374008 | CriticLoss: 0.000789 | Q: -0.3882 | TargetQ: -0.3883 | TDAbs: 0.0288 | ActorGrad: 0.0063 | CriticGrad: 0.0789 | Noise: 0.3470 | Replay: 2048 | FPS: 35.31 | ETA: 69.8 min
2026-09-17 20:28:31,900 | INFO | Steps: 2560/150000 | Episodes: 5 | LastEpReward: -148.785 | RecentReward: -71.785 | ActorLoss: 0.771199 | CriticLoss: 0.001433 | Q: -0.7874 | TargetQ: -0.7880 | TDAbs: 0.0385 | ActorGrad: 0.0088 | CriticGrad: 0.1609 | Noise: 0.3455 | Replay: 2560 | FPS: 31.25 | ETA: 78.6 min
2026-09-17 20:28:55,718 | INFO | Steps: 3072/150000 | Episodes: 6 | LastEpReward: -10.029 | RecentReward: -61.492 | ActorLoss: 0.870584 | CriticLoss: 0.001332 | Q: -0.9231 | TargetQ: -0.9232 | TDAbs: 0.0381 | ActorGrad: 0.0098 | CriticGrad: 0.1471 | Noise: 0.3441 | Replay: 3072 | FPS: 29.06 | ETA: 84.3 min
2026-09-17 20:29:19,533 | INFO | Steps: 3584/150000 | Episodes: 7 | LastEpReward: 6.541 | RecentReward: -51.773 | ActorLoss: 0.862375 | CriticLoss: 0.001080 | Q: -0.9219 | TargetQ: -0.9219 | TDAbs: 0.0340 | ActorGrad: 0.0064 | CriticGrad: 0.1130 | Noise: 0.3426 | Replay: 3584 | FPS: 27.67 | ETA: 88.2 min
2026-09-17 20:29:43,681 | INFO | Steps: 4096/150000 | Episodes: 8 | LastEpReward: 16.905 | RecentReward: -43.188 | ActorLoss: 0.807745 | CriticLoss: 0.002170 | Q: -0.8668 | TargetQ: -0.8666 | TDAbs: 0.0481 | ActorGrad: 0.0052 | CriticGrad: 0.1697 | Noise: 0.3412 | Replay: 4096 | FPS: 26.65 | ETA: 91.2 min
2026-09-17 20:30:07,460 | INFO | Steps: 4608/150000 | Episodes: 9 | LastEpReward: 22.259 | RecentReward: -35.917 | ActorLoss: 0.744290 | CriticLoss: 0.001707 | Q: -0.8097 | TargetQ: -0.8097 | TDAbs: 0.0420 | ActorGrad: 0.0071 | CriticGrad: 0.1994 | Noise: 0.3397 | Replay: 4608 | FPS: 25.97 | ETA: 93.3 min
2026-09-17 20:30:31,561 | INFO | 开始周期评估: Steps=5120 | Episodes=10 | EvalEpisodes=5
2026-09-17 20:31:09,921 | INFO | 周期评估完成: Steps=5120 | MeanReward=20.954 | StdReward=6.082
2026-09-17 20:31:09,934 | INFO | Steps: 5120/150000 | Episodes: 10 | LastEpReward: 13.397 | RecentReward: -30.985 | ActorLoss: 0.630318 | CriticLoss: 0.002386 | Q: -0.6998 | TargetQ: -0.6999 | TDAbs: 0.0473 | ActorGrad: 0.0049 | CriticGrad: 0.2142 | Noise: 0.3382 | Replay: 5120 | FPS: 21.34 | ETA: 113.2 min
2026-09-17 20:31:33,994 | INFO | Steps: 5632/150000 | Episodes: 11 | LastEpReward: 17.680 | RecentReward: -28.549 | ActorLoss: 0.496925 | CriticLoss: 0.001327 | Q: -0.5655 | TargetQ: -0.5650 | TDAbs: 0.0387 | ActorGrad: 0.0053 | CriticGrad: 0.1112 | Noise: 0.3368 | Replay: 5632 | FPS: 21.33 | ETA: 112.8 min
2026-09-17 20:31:58,384 | INFO | Steps: 6144/150000 | Episodes: 12 | LastEpReward: 17.070 | RecentReward: -26.133 | ActorLoss: 0.371379 | CriticLoss: 0.002176 | Q: -0.4369 | TargetQ: -0.4370 | TDAbs: 0.0483 | ActorGrad: 0.0098 | CriticGrad: 0.1753 | Noise: 0.3353 | Replay: 6144 | FPS: 21.30 | ETA: 112.5 min
2026-09-17 20:32:22,201 | INFO | Steps: 6656/150000 | Episodes: 13 | LastEpReward: 15.270 | RecentReward: -14.101 | ActorLoss: 0.234229 | CriticLoss: 0.001531 | Q: -0.3030 | TargetQ: -0.3027 | TDAbs: 0.0416 | ActorGrad: 0.0113 | CriticGrad: 0.1118 | Noise: 0.3338 | Replay: 6656 | FPS: 21.32 | ETA: 112.1 min
2026-09-17 20:32:46,056 | INFO | Steps: 7168/150000 | Episodes: 14 | LastEpReward: 19.292 | RecentReward: -3.040 | ActorLoss: 0.128410 | CriticLoss: 0.002206 | Q: -0.1929 | TargetQ: -0.1925 | TDAbs: 0.0497 | ActorGrad: 0.0106 | CriticGrad: 0.1609 | Noise: 0.3324 | Replay: 7168 | FPS: 21.33 | ETA: 111.6 min
2026-09-17 20:33:09,898 | INFO | Steps: 7680/150000 | Episodes: 15 | LastEpReward: 18.661 | RecentReward: 13.705 | ActorLoss: 0.016295 | CriticLoss: 0.001633 | Q: -0.0786 | TargetQ: -0.0784 | TDAbs: 0.0424 | ActorGrad: 0.0132 | CriticGrad: 0.1225 | Noise: 0.3309 | Replay: 7680 | FPS: 21.34 | ETA: 111.2 min
2026-09-17 20:33:33,921 | INFO | Steps: 8192/150000 | Episodes: 16 | LastEpReward: 14.981 | RecentReward: 16.206 | ActorLoss: -0.118443 | CriticLoss: 0.002149 | Q: 0.0588 | TargetQ: 0.0588 | TDAbs: 0.0488 | ActorGrad: 0.0131 | CriticGrad: 0.1385 | Noise: 0.3295 | Replay: 8192 | FPS: 21.34 | ETA: 110.8 min
2026-09-17 20:33:57,991 | INFO | Steps: 8704/150000 | Episodes: 17 | LastEpReward: 16.327 | RecentReward: 17.184 | ActorLoss: -0.208515 | CriticLoss: 0.002304 | Q: 0.1564 | TargetQ: 0.1567 | TDAbs: 0.0499 | ActorGrad: 0.0121 | CriticGrad: 0.1723 | Noise: 0.3280 | Replay: 8704 | FPS: 21.33 | ETA: 110.4 min
2026-09-17 20:34:22,163 | INFO | Steps: 9216/150000 | Episodes: 18 | LastEpReward: 26.992 | RecentReward: 18.193 | ActorLoss: -0.288466 | CriticLoss: 0.002420 | Q: 0.2371 | TargetQ: 0.2373 | TDAbs: 0.0522 | ActorGrad: 0.0113 | CriticGrad: 0.1370 | Noise: 0.3265 | Replay: 9216 | FPS: 21.32 | ETA: 110.0 min
2026-09-17 20:34:46,255 | INFO | Steps: 9728/150000 | Episodes: 19 | LastEpReward: 12.628 | RecentReward: 17.230 | ActorLoss: -0.406957 | CriticLoss: 0.002972 | Q: 0.3574 | TargetQ: 0.3579 | TDAbs: 0.0558 | ActorGrad: 0.0117 | CriticGrad: 0.1965 | Noise: 0.3251 | Replay: 9728 | FPS: 21.32 | ETA: 109.7 min
2026-09-17 20:35:10,180 | INFO | 开始周期评估: Steps=10240 | Episodes=20 | EvalEpisodes=5
2026-09-17 20:35:48,577 | INFO | 周期评估完成: Steps=10240 | MeanReward=19.867 | StdReward=5.841
2026-09-17 20:35:48,586 | INFO | Steps: 10240/150000 | Episodes: 20 | LastEpReward: 22.860 | RecentReward: 18.176 | ActorLoss: -0.502960 | CriticLoss: 0.002247 | Q: 0.4553 | TargetQ: 0.4554 | TDAbs: 0.0508 | ActorGrad: 0.0112 | CriticGrad: 0.1351 | Noise: 0.3236 | Replay: 10240 | FPS: 19.75 | ETA: 118.0 min
2026-09-17 20:36:12,953 | INFO | Steps: 10752/150000 | Episodes: 21 | LastEpReward: 3.710 | RecentReward: 16.779 | ActorLoss: -0.604374 | CriticLoss: 0.002994 | Q: 0.5573 | TargetQ: 0.5577 | TDAbs: 0.0588 | ActorGrad: 0.0108 | CriticGrad: 0.1726 | Noise: 0.3221 | Replay: 10752 | FPS: 19.80 | ETA: 117.2 min
2026-09-17 20:36:37,164 | INFO | Steps: 11264/150000 | Episodes: 22 | LastEpReward: 11.042 | RecentReward: 16.176 | ActorLoss: -0.693759 | CriticLoss: 0.003363 | Q: 0.6466 | TargetQ: 0.6472 | TDAbs: 0.0611 | ActorGrad: 0.0105 | CriticGrad: 0.2024 | Noise: 0.3207 | Replay: 11264 | FPS: 19.86 | ETA: 116.4 min
2026-09-17 20:37:01,535 | INFO | Steps: 11776/150000 | Episodes: 23 | LastEpReward: 1.587 | RecentReward: 14.808 | ActorLoss: -0.762020 | CriticLoss: 0.003708 | Q: 0.7135 | TargetQ: 0.7136 | TDAbs: 0.0638 | ActorGrad: 0.0119 | CriticGrad: 0.2347 | Noise: 0.3192 | Replay: 11776 | FPS: 19.91 | ETA: 115.7 min
2026-09-17 20:37:25,735 | INFO | Steps: 12288/150000 | Episodes: 24 | LastEpReward: 24.623 | RecentReward: 15.341 | ActorLoss: -0.860180 | CriticLoss: 0.003076 | Q: 0.8132 | TargetQ: 0.8130 | TDAbs: 0.0593 | ActorGrad: 0.0131 | CriticGrad: 0.1644 | Noise: 0.3177 | Replay: 12288 | FPS: 19.96 | ETA: 115.0 min
2026-09-17 20:37:49,732 | INFO | Steps: 12800/150000 | Episodes: 25 | LastEpReward: 21.145 | RecentReward: 15.590 | ActorLoss: -0.924764 | CriticLoss: 0.003257 | Q: 0.8772 | TargetQ: 0.8778 | TDAbs: 0.0614 | ActorGrad: 0.0112 | CriticGrad: 0.1850 | Noise: 0.3163 | Replay: 12800 | FPS: 20.01 | ETA: 114.3 min
2026-09-17 20:38:14,370 | INFO | Steps: 13312/150000 | Episodes: 26 | LastEpReward: 7.258 | RecentReward: 14.817 | ActorLoss: -1.065340 | CriticLoss: 0.003516 | Q: 1.0217 | TargetQ: 1.0222 | TDAbs: 0.0633 | ActorGrad: 0.0103 | CriticGrad: 0.2029 | Noise: 0.3148 | Replay: 13312 | FPS: 20.04 | ETA: 113.7 min
2026-09-17 20:38:38,712 | INFO | Steps: 13824/150000 | Episodes: 27 | LastEpReward: 11.985 | RecentReward: 14.383 | ActorLoss: -1.113714 | CriticLoss: 0.004493 | Q: 1.0666 | TargetQ: 1.0669 | TDAbs: 0.0720 | ActorGrad: 0.0319 | CriticGrad: 0.2413 | Noise: 0.3134 | Replay: 13824 | FPS: 20.07 | ETA: 113.1 min
2026-09-17 20:39:03,158 | INFO | Steps: 14336/150000 | Episodes: 28 | LastEpReward: 16.420 | RecentReward: 13.326 | ActorLoss: -1.212153 | CriticLoss: 0.004155 | Q: 1.1653 | TargetQ: 1.1654 | TDAbs: 0.0691 | ActorGrad: 0.0348 | CriticGrad: 0.2259 | Noise: 0.3119 | Replay: 14336 | FPS: 20.10 | ETA: 112.5 min
2026-09-17 20:39:27,538 | INFO | Steps: 14848/150000 | Episodes: 29 | LastEpReward: 3.878 | RecentReward: 12.451 | ActorLoss: -1.288956 | CriticLoss: 0.003890 | Q: 1.2414 | TargetQ: 1.2419 | TDAbs: 0.0666 | ActorGrad: 0.0305 | CriticGrad: 0.1953 | Noise: 0.3104 | Replay: 14848 | FPS: 20.13 | ETA: 111.9 min
2026-09-17 20:39:51,446 | INFO | 开始周期评估: Steps=15360 | Episodes=30 | EvalEpisodes=5
2026-09-17 20:40:29,763 | INFO | 周期评估完成: Steps=15360 | MeanReward=14.790 | StdReward=5.154
2026-09-17 20:40:29,772 | INFO | Steps: 15360/150000 | Episodes: 30 | LastEpReward: -0.051 | RecentReward: 10.160 | ActorLoss: -1.311011 | CriticLoss: 0.004024 | Q: 1.2683 | TargetQ: 1.2687 | TDAbs: 0.0680 | ActorGrad: 0.0270 | CriticGrad: 0.1910 | Noise: 0.3090 | Replay: 15360 | FPS: 19.21 | ETA: 116.8 min
2026-09-17 20:40:53,831 | INFO | Steps: 15872/150000 | Episodes: 31 | LastEpReward: 19.306 | RecentReward: 11.719 | ActorLoss: -1.408024 | CriticLoss: 0.004600 | Q: 1.3684 | TargetQ: 1.3685 | TDAbs: 0.0721 | ActorGrad: 0.0311 | CriticGrad: 0.2161 | Noise: 0.3075 | Replay: 15872 | FPS: 19.27 | ETA: 116.0 min
2026-09-17 20:41:17,822 | INFO | Steps: 16384/150000 | Episodes: 32 | LastEpReward: 6.210 | RecentReward: 11.236 | ActorLoss: -1.438832 | CriticLoss: 0.004716 | Q: 1.3925 | TargetQ: 1.3925 | TDAbs: 0.0745 | ActorGrad: 0.0429 | CriticGrad: 0.2340 | Noise: 0.3060 | Replay: 16384 | FPS: 19.32 | ETA: 115.2 min
2026-09-17 20:41:42,015 | INFO | Steps: 16896/150000 | Episodes: 33 | LastEpReward: 1.429 | RecentReward: 11.220 | ActorLoss: -1.501525 | CriticLoss: 0.004347 | Q: 1.4617 | TargetQ: 1.4617 | TDAbs: 0.0687 | ActorGrad: 0.0408 | CriticGrad: 0.1832 | Noise: 0.3046 | Replay: 16896 | FPS: 19.38 | ETA: 114.5 min
2026-09-17 20:42:05,983 | INFO | Steps: 17408/150000 | Episodes: 34 | LastEpReward: -0.535 | RecentReward: 8.704 | ActorLoss: -1.579159 | CriticLoss: 0.005775 | Q: 1.5409 | TargetQ: 1.5414 | TDAbs: 0.0802 | ActorGrad: 0.0377 | CriticGrad: 0.2932 | Noise: 0.3031 | Replay: 17408 | FPS: 19.43 | ETA: 113.7 min
2026-09-17 20:42:29,952 | INFO | Steps: 17920/150000 | Episodes: 35 | LastEpReward: 13.803 | RecentReward: 7.970 | ActorLoss: -1.630250 | CriticLoss: 0.005404 | Q: 1.5905 | TargetQ: 1.5908 | TDAbs: 0.0773 | ActorGrad: 0.0444 | CriticGrad: 0.2536 | Noise: 0.3017 | Replay: 17920 | FPS: 19.48 | ETA: 113.0 min
2026-09-17 20:42:54,078 | INFO | Steps: 18432/150000 | Episodes: 36 | LastEpReward: 2.344 | RecentReward: 7.479 | ActorLoss: -1.658956 | CriticLoss: 0.005198 | Q: 1.6239 | TargetQ: 1.6242 | TDAbs: 0.0770 | ActorGrad: 0.0357 | CriticGrad: 0.2462 | Noise: 0.3002 | Replay: 18432 | FPS: 19.52 | ETA: 112.3 min
2026-09-17 20:43:18,117 | INFO | Steps: 18944/150000 | Episodes: 37 | LastEpReward: 18.602 | RecentReward: 8.141 | ActorLoss: -1.680556 | CriticLoss: 0.005144 | Q: 1.6455 | TargetQ: 1.6453 | TDAbs: 0.0771 | ActorGrad: 0.0364 | CriticGrad: 0.2231 | Noise: 0.2987 | Replay: 18944 | FPS: 19.57 | ETA: 111.6 min
2026-09-17 20:43:41,992 | INFO | Steps: 19456/150000 | Episodes: 38 | LastEpReward: 11.681 | RecentReward: 7.667 | ActorLoss: -1.791709 | CriticLoss: 0.005544 | Q: 1.7582 | TargetQ: 1.7579 | TDAbs: 0.0801 | ActorGrad: 0.0376 | CriticGrad: 0.2459 | Noise: 0.2973 | Replay: 19456 | FPS: 19.61 | ETA: 110.9 min
2026-09-17 20:44:06,098 | INFO | Steps: 19968/150000 | Episodes: 39 | LastEpReward: 23.760 | RecentReward: 9.655 | ActorLoss: -1.805257 | CriticLoss: 0.006424 | Q: 1.7709 | TargetQ: 1.7717 | TDAbs: 0.0854 | ActorGrad: 0.0370 | CriticGrad: 0.2907 | Noise: 0.2958 | Replay: 19968 | FPS: 19.65 | ETA: 110.3 min
2026-09-17 20:44:30,324 | INFO | 开始周期评估: Steps=20480 | Episodes=40 | EvalEpisodes=5
2026-09-17 20:45:08,802 | INFO | 周期评估完成: Steps=20480 | MeanReward=13.465 | StdReward=5.107
2026-09-17 20:45:08,811 | INFO | Steps: 20480/150000 | Episodes: 40 | LastEpReward: 9.876 | RecentReward: 10.647 | ActorLoss: -1.817434 | CriticLoss: 0.006378 | Q: 1.7890 | TargetQ: 1.7888 | TDAbs: 0.0844 | ActorGrad: 0.0335 | CriticGrad: 0.2945 | Noise: 0.2943 | Replay: 20480 | FPS: 18.98 | ETA: 113.7 min
2026-09-17 20:45:32,954 | INFO | Steps: 20992/150000 | Episodes: 41 | LastEpReward: 4.037 | RecentReward: 9.121 | ActorLoss: -1.838860 | CriticLoss: 0.005889 | Q: 1.8082 | TargetQ: 1.8078 | TDAbs: 0.0819 | ActorGrad: 0.0333 | CriticGrad: 0.2665 | Noise: 0.2929 | Replay: 20992 | FPS: 19.03 | ETA: 113.0 min
2026-09-17 20:45:56,886 | INFO | Steps: 21504/150000 | Episodes: 42 | LastEpReward: 7.609 | RecentReward: 9.260 | ActorLoss: -1.881749 | CriticLoss: 0.006627 | Q: 1.8560 | TargetQ: 1.8566 | TDAbs: 0.0867 | ActorGrad: 0.0295 | CriticGrad: 0.3163 | Noise: 0.2914 | Replay: 21504 | FPS: 19.08 | ETA: 112.2 min
2026-09-17 20:46:20,881 | INFO | Steps: 22016/150000 | Episodes: 43 | LastEpReward: 9.318 | RecentReward: 10.049 | ActorLoss: -1.872892 | CriticLoss: 0.006206 | Q: 1.8469 | TargetQ: 1.8470 | TDAbs: 0.0839 | ActorGrad: 0.0308 | CriticGrad: 0.2584 | Noise: 0.2900 | Replay: 22016 | FPS: 19.13 | ETA: 111.5 min
2026-09-17 20:46:44,892 | INFO | Steps: 22528/150000 | Episodes: 44 | LastEpReward: 12.630 | RecentReward: 11.366 | ActorLoss: -1.885989 | CriticLoss: 0.006503 | Q: 1.8606 | TargetQ: 1.8608 | TDAbs: 0.0843 | ActorGrad: 0.0295 | CriticGrad: 0.2450 | Noise: 0.2885 | Replay: 22528 | FPS: 19.17 | ETA: 110.8 min
2026-09-17 20:47:09,108 | INFO | Steps: 23040/150000 | Episodes: 45 | LastEpReward: 7.445 | RecentReward: 10.730 | ActorLoss: -1.934408 | CriticLoss: 0.006386 | Q: 1.9089 | TargetQ: 1.9093 | TDAbs: 0.0845 | ActorGrad: 0.0316 | CriticGrad: 0.2720 | Noise: 0.2870 | Replay: 23040 | FPS: 19.21 | ETA: 110.1 min
2026-09-17 20:47:33,162 | INFO | Steps: 23552/150000 | Episodes: 46 | LastEpReward: 0.788 | RecentReward: 10.574 | ActorLoss: -1.897693 | CriticLoss: 0.007154 | Q: 1.8730 | TargetQ: 1.8732 | TDAbs: 0.0902 | ActorGrad: 0.0317 | CriticGrad: 0.3547 | Noise: 0.2856 | Replay: 23552 | FPS: 19.25 | ETA: 109.5 min
2026-09-17 20:47:57,314 | INFO | Steps: 24064/150000 | Episodes: 47 | LastEpReward: 8.999 | RecentReward: 9.614 | ActorLoss: -1.987900 | CriticLoss: 0.007116 | Q: 1.9665 | TargetQ: 1.9674 | TDAbs: 0.0905 | ActorGrad: 0.0362 | CriticGrad: 0.3632 | Noise: 0.2841 | Replay: 24064 | FPS: 19.29 | ETA: 108.8 min
2026-09-17 20:48:21,000 | INFO | Steps: 24576/150000 | Episodes: 48 | LastEpReward: 12.504 | RecentReward: 9.696 | ActorLoss: -1.961595 | CriticLoss: 0.006553 | Q: 1.9397 | TargetQ: 1.9398 | TDAbs: 0.0848 | ActorGrad: 0.0338 | CriticGrad: 0.2574 | Noise: 0.2826 | Replay: 24576 | FPS: 19.34 | ETA: 108.1 min
2026-09-17 20:48:44,859 | INFO | Steps: 25088/150000 | Episodes: 49 | LastEpReward: 11.164 | RecentReward: 8.437 | ActorLoss: -1.946270 | CriticLoss: 0.006916 | Q: 1.9249 | TargetQ: 1.9251 | TDAbs: 0.0882 | ActorGrad: 0.0318 | CriticGrad: 0.2800 | Noise: 0.2812 | Replay: 25088 | FPS: 19.37 | ETA: 107.5 min
2026-09-17 20:49:08,887 | INFO | 开始周期评估: Steps=25600 | Episodes=50 | EvalEpisodes=5
2026-09-17 20:49:47,295 | INFO | 周期评估完成: Steps=25600 | MeanReward=14.213 | StdReward=5.289
2026-09-17 20:49:47,305 | INFO | Steps: 25600/150000 | Episodes: 50 | LastEpReward: -5.228 | RecentReward: 6.926 | ActorLoss: -1.970823 | CriticLoss: 0.006563 | Q: 1.9508 | TargetQ: 1.9512 | TDAbs: 0.0856 | ActorGrad: 0.0313 | CriticGrad: 0.2605 | Noise: 0.2797 | Replay: 25600 | FPS: 18.86 | ETA: 109.9 min
2026-09-17 20:50:11,590 | INFO | Steps: 26112/150000 | Episodes: 51 | LastEpReward: 0.918 | RecentReward: 6.615 | ActorLoss: -1.908535 | CriticLoss: 0.007628 | Q: 1.8908 | TargetQ: 1.8908 | TDAbs: 0.0934 | ActorGrad: 0.0226 | CriticGrad: 0.3309 | Noise: 0.2783 | Replay: 26112 | FPS: 18.90 | ETA: 109.2 min
2026-09-17 20:50:35,483 | INFO | Steps: 26624/150000 | Episodes: 52 | LastEpReward: 18.819 | RecentReward: 7.736 | ActorLoss: -1.956640 | CriticLoss: 0.007628 | Q: 1.9391 | TargetQ: 1.9387 | TDAbs: 0.0935 | ActorGrad: 0.0243 | CriticGrad: 0.3245 | Noise: 0.2768 | Replay: 26624 | FPS: 18.94 | ETA: 108.6 min
2026-09-17 20:50:59,617 | INFO | Steps: 27136/150000 | Episodes: 53 | LastEpReward: -0.618 | RecentReward: 6.742 | ActorLoss: -1.945559 | CriticLoss: 0.007888 | Q: 1.9252 | TargetQ: 1.9257 | TDAbs: 0.0956 | ActorGrad: 0.0258 | CriticGrad: 0.3223 | Noise: 0.2753 | Replay: 27136 | FPS: 18.98 | ETA: 107.9 min
2026-09-17 20:51:23,908 | INFO | Steps: 27648/150000 | Episodes: 54 | LastEpReward: 5.108 | RecentReward: 5.990 | ActorLoss: -1.947721 | CriticLoss: 0.008196 | Q: 1.9279 | TargetQ: 1.9282 | TDAbs: 0.0952 | ActorGrad: 0.0246 | CriticGrad: 0.2923 | Noise: 0.2739 | Replay: 27648 | FPS: 19.02 | ETA: 107.2 min
2026-09-17 20:51:48,180 | INFO | Steps: 28160/150000 | Episodes: 55 | LastEpReward: 7.968 | RecentReward: 6.042 | ActorLoss: -1.933282 | CriticLoss: 0.008321 | Q: 1.9141 | TargetQ: 1.9142 | TDAbs: 0.0981 | ActorGrad: 0.0248 | CriticGrad: 0.3358 | Noise: 0.2724 | Replay: 28160 | FPS: 19.05 | ETA: 106.6 min
2026-09-17 20:52:12,087 | INFO | Steps: 28672/150000 | Episodes: 56 | LastEpReward: 18.873 | RecentReward: 7.851 | ActorLoss: -1.954911 | CriticLoss: 0.008929 | Q: 1.9383 | TargetQ: 1.9377 | TDAbs: 0.0996 | ActorGrad: 0.0284 | CriticGrad: 0.3338 | Noise: 0.2709 | Replay: 28672 | FPS: 19.09 | ETA: 105.9 min
2026-09-17 20:52:35,972 | INFO | Steps: 29184/150000 | Episodes: 57 | LastEpReward: 17.708 | RecentReward: 8.722 | ActorLoss: -1.980970 | CriticLoss: 0.009250 | Q: 1.9625 | TargetQ: 1.9623 | TDAbs: 0.1022 | ActorGrad: 0.0235 | CriticGrad: 0.3570 | Noise: 0.2695 | Replay: 29184 | FPS: 19.12 | ETA: 105.3 min
2026-09-17 20:52:59,989 | INFO | Steps: 29696/150000 | Episodes: 58 | LastEpReward: 16.038 | RecentReward: 9.075 | ActorLoss: -1.964264 | CriticLoss: 0.009020 | Q: 1.9491 | TargetQ: 1.9492 | TDAbs: 0.1001 | ActorGrad: 0.0280 | CriticGrad: 0.3573 | Noise: 0.2680 | Replay: 29696 | FPS: 19.16 | ETA: 104.7 min
2026-09-17 20:53:23,987 | INFO | Steps: 30208/150000 | Episodes: 59 | LastEpReward: 1.875 | RecentReward: 8.146 | ActorLoss: -1.959314 | CriticLoss: 0.008772 | Q: 1.9435 | TargetQ: 1.9435 | TDAbs: 0.1006 | ActorGrad: 0.0296 | CriticGrad: 0.3439 | Noise: 0.2665 | Replay: 30208 | FPS: 19.19 | ETA: 104.0 min
2026-09-17 20:53:48,194 | INFO | 开始周期评估: Steps=30720 | Episodes=60 | EvalEpisodes=5
2026-09-17 20:54:26,488 | INFO | 周期评估完成: Steps=30720 | MeanReward=14.496 | StdReward=5.319
2026-09-17 20:54:26,498 | INFO | Steps: 30720/150000 | Episodes: 60 | LastEpReward: 17.258 | RecentReward: 10.395 | ActorLoss: -1.946802 | CriticLoss: 0.009683 | Q: 1.9330 | TargetQ: 1.9331 | TDAbs: 0.1036 | ActorGrad: 0.0285 | CriticGrad: 0.3922 | Noise: 0.2651 | Replay: 30720 | FPS: 18.77 | ETA: 105.9 min
2026-09-17 20:54:50,394 | INFO | Steps: 31232/150000 | Episodes: 61 | LastEpReward: 15.902 | RecentReward: 11.893 | ActorLoss: -1.996000 | CriticLoss: 0.009251 | Q: 1.9794 | TargetQ: 1.9797 | TDAbs: 0.1033 | ActorGrad: 0.0299 | CriticGrad: 0.3627 | Noise: 0.2636 | Replay: 31232 | FPS: 18.81 | ETA: 105.2 min
2026-09-17 20:55:14,323 | INFO | Steps: 31744/150000 | Episodes: 62 | LastEpReward: 17.920 | RecentReward: 11.803 | ActorLoss: -1.985158 | CriticLoss: 0.010334 | Q: 1.9694 | TargetQ: 1.9683 | TDAbs: 0.1063 | ActorGrad: 0.0309 | CriticGrad: 0.3928 | Noise: 0.2622 | Replay: 31744 | FPS: 18.85 | ETA: 104.6 min
2026-09-17 20:55:38,215 | INFO | Steps: 32256/150000 | Episodes: 63 | LastEpReward: 5.910 | RecentReward: 12.456 | ActorLoss: -2.021639 | CriticLoss: 0.009940 | Q: 2.0059 | TargetQ: 2.0059 | TDAbs: 0.1058 | ActorGrad: 0.0418 | CriticGrad: 0.3595 | Noise: 0.2607 | Replay: 32256 | FPS: 18.88 | ETA: 103.9 min
2026-09-17 20:56:02,156 | INFO | Steps: 32768/150000 | Episodes: 64 | LastEpReward: 13.302 | RecentReward: 13.275 | ActorLoss: -1.986132 | CriticLoss: 0.010327 | Q: 1.9695 | TargetQ: 1.9691 | TDAbs: 0.1084 | ActorGrad: 0.0338 | CriticGrad: 0.4010 | Noise: 0.2592 | Replay: 32768 | FPS: 18.92 | ETA: 103.3 min
2026-09-17 20:56:26,336 | INFO | Steps: 33280/150000 | Episodes: 65 | LastEpReward: 10.986 | RecentReward: 13.577 | ActorLoss: -1.995174 | CriticLoss: 0.011523 | Q: 1.9799 | TargetQ: 1.9794 | TDAbs: 0.1135 | ActorGrad: 0.0321 | CriticGrad: 0.4562 | Noise: 0.2578 | Replay: 33280 | FPS: 18.95 | ETA: 102.7 min
2026-09-17 20:56:50,342 | INFO | Steps: 33792/150000 | Episodes: 66 | LastEpReward: 20.571 | RecentReward: 13.747 | ActorLoss: -2.059636 | CriticLoss: 0.010509 | Q: 2.0475 | TargetQ: 2.0480 | TDAbs: 0.1084 | ActorGrad: 0.0417 | CriticGrad: 0.3787 | Noise: 0.2563 | Replay: 33792 | FPS: 18.98 | ETA: 102.0 min
2026-09-17 20:57:14,173 | INFO | Steps: 34304/150000 | Episodes: 67 | LastEpReward: 8.075 | RecentReward: 12.784 | ActorLoss: -2.032167 | CriticLoss: 0.012201 | Q: 2.0156 | TargetQ: 2.0148 | TDAbs: 0.1146 | ActorGrad: 0.0390 | CriticGrad: 0.4994 | Noise: 0.2548 | Replay: 34304 | FPS: 19.01 | ETA: 101.4 min
2026-09-17 20:57:38,194 | INFO | Steps: 34816/150000 | Episodes: 68 | LastEpReward: 17.879 | RecentReward: 12.968 | ActorLoss: -2.002009 | CriticLoss: 0.012807 | Q: 1.9851 | TargetQ: 1.9843 | TDAbs: 0.1197 | ActorGrad: 0.0409 | CriticGrad: 0.5229 | Noise: 0.2534 | Replay: 34816 | FPS: 19.04 | ETA: 100.8 min
2026-09-17 20:58:01,845 | INFO | Steps: 35328/150000 | Episodes: 69 | LastEpReward: 19.225 | RecentReward: 14.703 | ActorLoss: -2.068196 | CriticLoss: 0.010940 | Q: 2.0512 | TargetQ: 2.0507 | TDAbs: 0.1104 | ActorGrad: 0.0359 | CriticGrad: 0.3924 | Noise: 0.2519 | Replay: 35328 | FPS: 19.08 | ETA: 100.2 min
2026-09-17 20:58:26,139 | INFO | 开始周期评估: Steps=35840 | Episodes=70 | EvalEpisodes=5
2026-09-17 20:59:04,546 | INFO | 周期评估完成: Steps=35840 | MeanReward=14.747 | StdReward=4.239
2026-09-17 20:59:04,555 | INFO | Steps: 35840/150000 | Episodes: 70 | LastEpReward: 5.981 | RecentReward: 13.575 | ActorLoss: -2.069364 | CriticLoss: 0.012462 | Q: 2.0540 | TargetQ: 2.0549 | TDAbs: 0.1170 | ActorGrad: 0.0384 | CriticGrad: 0.4484 | Noise: 0.2505 | Replay: 35840 | FPS: 18.72 | ETA: 101.6 min
2026-09-17 20:59:28,522 | INFO | Steps: 36352/150000 | Episodes: 71 | LastEpReward: 3.626 | RecentReward: 12.348 | ActorLoss: -2.061487 | CriticLoss: 0.013402 | Q: 2.0509 | TargetQ: 2.0512 | TDAbs: 0.1195 | ActorGrad: 0.0422 | CriticGrad: 0.5692 | Noise: 0.2490 | Replay: 36352 | FPS: 18.75 | ETA: 101.0 min
2026-09-17 20:59:52,247 | INFO | Steps: 36864/150000 | Episodes: 72 | LastEpReward: 12.547 | RecentReward: 11.810 | ActorLoss: -1.985626 | CriticLoss: 0.012731 | Q: 1.9762 | TargetQ: 1.9767 | TDAbs: 0.1170 | ActorGrad: 0.0405 | CriticGrad: 0.4808 | Noise: 0.2475 | Replay: 36864 | FPS: 18.79 | ETA: 100.4 min
2026-09-17 21:00:16,402 | INFO | Steps: 37376/150000 | Episodes: 73 | LastEpReward: 11.026 | RecentReward: 12.322 | ActorLoss: -2.027982 | CriticLoss: 0.013645 | Q: 2.0219 | TargetQ: 2.0213 | TDAbs: 0.1212 | ActorGrad: 0.0402 | CriticGrad: 0.4823 | Noise: 0.2461 | Replay: 37376 | FPS: 18.82 | ETA: 99.8 min
2026-09-17 21:00:39,958 | INFO | Steps: 37888/150000 | Episodes: 74 | LastEpReward: 12.735 | RecentReward: 12.265 | ActorLoss: -2.054670 | CriticLoss: 0.013727 | Q: 2.0462 | TargetQ: 2.0458 | TDAbs: 0.1223 | ActorGrad: 0.0402 | CriticGrad: 0.5520 | Noise: 0.2446 | Replay: 37888 | FPS: 18.85 | ETA: 99.1 min
2026-09-17 21:01:04,279 | INFO | Steps: 38400/150000 | Episodes: 75 | LastEpReward: 4.390 | RecentReward: 11.605 | ActorLoss: -1.936855 | CriticLoss: 0.014224 | Q: 1.9260 | TargetQ: 1.9255 | TDAbs: 0.1223 | ActorGrad: 0.0463 | CriticGrad: 0.5422 | Noise: 0.2431 | Replay: 38400 | FPS: 18.88 | ETA: 98.5 min
2026-09-17 21:01:28,230 | INFO | Steps: 38912/150000 | Episodes: 76 | LastEpReward: 3.470 | RecentReward: 9.895 | ActorLoss: -1.959980 | CriticLoss: 0.016977 | Q: 1.9476 | TargetQ: 1.9471 | TDAbs: 0.1309 | ActorGrad: 0.0471 | CriticGrad: 0.6769 | Noise: 0.2417 | Replay: 38912 | FPS: 18.91 | ETA: 97.9 min
2026-09-17 21:01:52,266 | INFO | Steps: 39424/150000 | Episodes: 77 | LastEpReward: 13.496 | RecentReward: 10.437 | ActorLoss: -1.928046 | CriticLoss: 0.014035 | Q: 1.9157 | TargetQ: 1.9160 | TDAbs: 0.1217 | ActorGrad: 0.0480 | CriticGrad: 0.5551 | Noise: 0.2402 | Replay: 39424 | FPS: 18.93 | ETA: 97.3 min
2026-09-17 21:02:16,247 | INFO | Steps: 39936/150000 | Episodes: 78 | LastEpReward: 8.273 | RecentReward: 9.477 | ActorLoss: -1.933435 | CriticLoss: 0.015162 | Q: 1.9262 | TargetQ: 1.9253 | TDAbs: 0.1259 | ActorGrad: 0.0495 | CriticGrad: 0.5800 | Noise: 0.2388 | Replay: 39936 | FPS: 18.96 | ETA: 96.7 min
2026-09-17 21:02:40,169 | INFO | Steps: 40448/150000 | Episodes: 79 | LastEpReward: -0.576 | RecentReward: 7.497 | ActorLoss: -1.934158 | CriticLoss: 0.018022 | Q: 1.9262 | TargetQ: 1.9271 | TDAbs: 0.1294 | ActorGrad: 0.0506 | CriticGrad: 0.7072 | Noise: 0.2373 | Replay: 40448 | FPS: 18.99 | ETA: 96.2 min
2026-09-17 21:03:04,413 | INFO | 开始周期评估: Steps=40960 | Episodes=80 | EvalEpisodes=5
2026-09-17 21:03:42,788 | INFO | 周期评估完成: Steps=40960 | MeanReward=14.325 | StdReward=4.745
2026-09-17 21:03:42,797 | INFO | Steps: 40960/150000 | Episodes: 80 | LastEpReward: 3.108 | RecentReward: 7.209 | ActorLoss: -1.907841 | CriticLoss: 0.016710 | Q: 1.9002 | TargetQ: 1.9005 | TDAbs: 0.1284 | ActorGrad: 0.0510 | CriticGrad: 0.7262 | Noise: 0.2358 | Replay: 40960 | FPS: 18.68 | ETA: 97.3 min
2026-09-17 21:04:06,915 | INFO | Steps: 41472/150000 | Episodes: 81 | LastEpReward: 4.048 | RecentReward: 7.252 | ActorLoss: -1.915159 | CriticLoss: 0.016545 | Q: 1.9098 | TargetQ: 1.9093 | TDAbs: 0.1280 | ActorGrad: 0.0491 | CriticGrad: 0.6351 | Noise: 0.2344 | Replay: 41472 | FPS: 18.71 | ETA: 96.7 min
2026-09-17 21:04:31,148 | INFO | Steps: 41984/150000 | Episodes: 82 | LastEpReward: 9.137 | RecentReward: 6.911 | ActorLoss: -1.863085 | CriticLoss: 0.019351 | Q: 1.8581 | TargetQ: 1.8562 | TDAbs: 0.1359 | ActorGrad: 0.0552 | CriticGrad: 0.7433 | Noise: 0.2329 | Replay: 41984 | FPS: 18.73 | ETA: 96.1 min
2026-09-17 21:04:55,065 | INFO | Steps: 42496/150000 | Episodes: 83 | LastEpReward: 18.555 | RecentReward: 7.664 | ActorLoss: -1.862535 | CriticLoss: 0.017976 | Q: 1.8564 | TargetQ: 1.8563 | TDAbs: 0.1332 | ActorGrad: 0.0540 | CriticGrad: 0.7064 | Noise: 0.2314 | Replay: 42496 | FPS: 18.76 | ETA: 95.5 min
2026-09-17 21:05:19,208 | INFO | Steps: 43008/150000 | Episodes: 84 | LastEpReward: 10.016 | RecentReward: 7.392 | ActorLoss: -1.796277 | CriticLoss: 0.021603 | Q: 1.7925 | TargetQ: 1.7937 | TDAbs: 0.1395 | ActorGrad: 0.0496 | CriticGrad: 0.8685 | Noise: 0.2300 | Replay: 43008 | FPS: 18.79 | ETA: 94.9 min
2026-09-17 21:05:43,163 | INFO | Steps: 43520/150000 | Episodes: 85 | LastEpReward: 13.477 | RecentReward: 8.300 | ActorLoss: -1.809182 | CriticLoss: 0.020232 | Q: 1.8033 | TargetQ: 1.8021 | TDAbs: 0.1375 | ActorGrad: 0.0559 | CriticGrad: 0.8445 | Noise: 0.2285 | Replay: 43520 | FPS: 18.81 | ETA: 94.3 min
2026-09-17 21:06:07,033 | INFO | Steps: 44032/150000 | Episodes: 86 | LastEpReward: 4.813 | RecentReward: 8.435 | ActorLoss: -1.733012 | CriticLoss: 0.023062 | Q: 1.7299 | TargetQ: 1.7321 | TDAbs: 0.1407 | ActorGrad: 0.0587 | CriticGrad: 0.8619 | Noise: 0.2271 | Replay: 44032 | FPS: 18.84 | ETA: 93.7 min
2026-09-17 21:06:30,921 | INFO | Steps: 44544/150000 | Episodes: 87 | LastEpReward: 14.571 | RecentReward: 8.542 | ActorLoss: -1.769848 | CriticLoss: 0.020195 | Q: 1.7654 | TargetQ: 1.7651 | TDAbs: 0.1386 | ActorGrad: 0.0582 | CriticGrad: 0.8169 | Noise: 0.2256 | Replay: 44544 | FPS: 18.87 | ETA: 93.2 min
2026-09-17 21:06:54,762 | INFO | Steps: 45056/150000 | Episodes: 88 | LastEpReward: 11.826 | RecentReward: 8.898 | ActorLoss: -1.753620 | CriticLoss: 0.024913 | Q: 1.7489 | TargetQ: 1.7504 | TDAbs: 0.1491 | ActorGrad: 0.0623 | CriticGrad: 0.9905 | Noise: 0.2241 | Replay: 45056 | FPS: 18.89 | ETA: 92.6 min
2026-09-17 21:07:18,701 | INFO | Steps: 45568/150000 | Episodes: 89 | LastEpReward: 17.755 | RecentReward: 10.731 | ActorLoss: -1.712289 | CriticLoss: 0.024991 | Q: 1.7021 | TargetQ: 1.7020 | TDAbs: 0.1489 | ActorGrad: 0.0581 | CriticGrad: 1.0213 | Noise: 0.2227 | Replay: 45568 | FPS: 18.92 | ETA: 92.0 min
2026-09-17 21:07:42,573 | INFO | 开始周期评估: Steps=46080 | Episodes=90 | EvalEpisodes=5
2026-09-17 21:08:21,187 | INFO | 周期评估完成: Steps=46080 | MeanReward=15.484 | StdReward=3.829
2026-09-17 21:08:21,195 | INFO | Steps: 46080/150000 | Episodes: 90 | LastEpReward: 4.845 | RecentReward: 10.904 | ActorLoss: -1.784038 | CriticLoss: 0.021008 | Q: 1.7762 | TargetQ: 1.7785 | TDAbs: 0.1431 | ActorGrad: 0.0576 | CriticGrad: 0.8561 | Noise: 0.2212 | Replay: 46080 | FPS: 18.65 | ETA: 92.9 min
2026-09-17 21:08:45,312 | INFO | Steps: 46592/150000 | Episodes: 91 | LastEpReward: 8.741 | RecentReward: 11.374 | ActorLoss: -1.781621 | CriticLoss: 0.023319 | Q: 1.7721 | TargetQ: 1.7703 | TDAbs: 0.1457 | ActorGrad: 0.0610 | CriticGrad: 0.8353 | Noise: 0.2197 | Replay: 46592 | FPS: 18.67 | ETA: 92.3 min
2026-09-17 21:09:09,188 | INFO | Steps: 47104/150000 | Episodes: 92 | LastEpReward: 17.610 | RecentReward: 12.221 | ActorLoss: -1.758416 | CriticLoss: 0.024175 | Q: 1.7510 | TargetQ: 1.7513 | TDAbs: 0.1483 | ActorGrad: 0.0622 | CriticGrad: 0.9044 | Noise: 0.2183 | Replay: 47104 | FPS: 18.70 | ETA: 91.7 min
2026-09-17 21:09:32,999 | INFO | Steps: 47616/150000 | Episodes: 93 | LastEpReward: 19.263 | RecentReward: 12.292 | ActorLoss: -1.776922 | CriticLoss: 0.024950 | Q: 1.7730 | TargetQ: 1.7733 | TDAbs: 0.1477 | ActorGrad: 0.0560 | CriticGrad: 0.9250 | Noise: 0.2168 | Replay: 47616 | FPS: 18.72 | ETA: 91.1 min
2026-09-17 21:09:56,844 | INFO | Steps: 48128/150000 | Episodes: 94 | LastEpReward: 13.128 | RecentReward: 12.603 | ActorLoss: -1.758426 | CriticLoss: 0.024795 | Q: 1.7506 | TargetQ: 1.7500 | TDAbs: 0.1473 | ActorGrad: 0.0550 | CriticGrad: 0.9277 | Noise: 0.2153 | Replay: 48128 | FPS: 18.75 | ETA: 90.6 min
2026-09-17 21:10:20,779 | INFO | Steps: 48640/150000 | Episodes: 95 | LastEpReward: 9.202 | RecentReward: 12.175 | ActorLoss: -1.843850 | CriticLoss: 0.021589 | Q: 1.8381 | TargetQ: 1.8391 | TDAbs: 0.1426 | ActorGrad: 0.0486 | CriticGrad: 0.7686 | Noise: 0.2139 | Replay: 48640 | FPS: 18.77 | ETA: 90.0 min
2026-09-17 21:10:44,731 | INFO | Steps: 49152/150000 | Episodes: 96 | LastEpReward: 24.082 | RecentReward: 14.102 | ActorLoss: -1.749422 | CriticLoss: 0.024310 | Q: 1.7397 | TargetQ: 1.7420 | TDAbs: 0.1487 | ActorGrad: 0.0600 | CriticGrad: 0.9427 | Noise: 0.2124 | Replay: 49152 | FPS: 18.80 | ETA: 89.4 min
2026-09-17 21:11:08,417 | INFO | Steps: 49664/150000 | Episodes: 97 | LastEpReward: 12.216 | RecentReward: 13.867 | ActorLoss: -1.825009 | CriticLoss: 0.022773 | Q: 1.8216 | TargetQ: 1.8226 | TDAbs: 0.1471 | ActorGrad: 0.0597 | CriticGrad: 0.7899 | Noise: 0.2110 | Replay: 49664 | FPS: 18.82 | ETA: 88.8 min
2026-09-17 21:11:32,283 | INFO | Steps: 50176/150000 | Episodes: 98 | LastEpReward: 18.368 | RecentReward: 14.521 | ActorLoss: -1.727160 | CriticLoss: 0.025385 | Q: 1.7195 | TargetQ: 1.7230 | TDAbs: 0.1516 | ActorGrad: 0.0598 | CriticGrad: 1.0115 | Noise: 0.2095 | Replay: 50000 | FPS: 18.85 | ETA: 88.3 min
2026-09-17 21:11:56,024 | INFO | Steps: 50688/150000 | Episodes: 99 | LastEpReward: 19.363 | RecentReward: 14.682 | ActorLoss: -1.762561 | CriticLoss: 0.024554 | Q: 1.7571 | TargetQ: 1.7582 | TDAbs: 0.1496 | ActorGrad: 0.0624 | CriticGrad: 0.9580 | Noise: 0.2080 | Replay: 50000 | FPS: 18.87 | ETA: 87.7 min
2026-09-17 21:12:20,180 | INFO | 开始周期评估: Steps=51200 | Episodes=100 | EvalEpisodes=5
2026-09-17 21:12:58,475 | INFO | 周期评估完成: Steps=51200 | MeanReward=16.502 | StdReward=2.874
2026-09-17 21:12:58,483 | INFO | Steps: 51200/150000 | Episodes: 100 | LastEpReward: 22.258 | RecentReward: 16.423 | ActorLoss: -1.736673 | CriticLoss: 0.027449 | Q: 1.7289 | TargetQ: 1.7282 | TDAbs: 0.1517 | ActorGrad: 0.0715 | CriticGrad: 0.9591 | Noise: 0.2066 | Replay: 50000 | FPS: 18.63 | ETA: 88.4 min
2026-09-17 21:13:22,389 | INFO | Steps: 51712/150000 | Episodes: 101 | LastEpReward: 12.150 | RecentReward: 16.764 | ActorLoss: -1.806138 | CriticLoss: 0.025229 | Q: 1.8005 | TargetQ: 1.8005 | TDAbs: 0.1500 | ActorGrad: 0.0595 | CriticGrad: 0.9759 | Noise: 0.2051 | Replay: 50000 | FPS: 18.65 | ETA: 87.8 min
2026-09-17 21:13:46,172 | INFO | Steps: 52224/150000 | Episodes: 102 | LastEpReward: 16.436 | RecentReward: 16.647 | ActorLoss: -2.082266 | CriticLoss: 0.018911 | Q: 2.0760 | TargetQ: 2.0753 | TDAbs: 0.1417 | ActorGrad: 0.0453 | CriticGrad: 0.5737 | Noise: 0.2036 | Replay: 50000 | FPS: 18.68 | ETA: 87.3 min
2026-09-17 21:14:10,396 | INFO | Steps: 52736/150000 | Episodes: 103 | LastEpReward: 3.574 | RecentReward: 15.078 | ActorLoss: -2.156015 | CriticLoss: 0.015862 | Q: 2.1526 | TargetQ: 2.1523 | TDAbs: 0.1351 | ActorGrad: 0.0439 | CriticGrad: 0.4867 | Noise: 0.2022 | Replay: 50000 | FPS: 18.70 | ETA: 86.7 min
2026-09-17 21:14:34,448 | INFO | Steps: 53248/150000 | Episodes: 104 | LastEpReward: 26.262 | RecentReward: 16.391 | ActorLoss: -2.200011 | CriticLoss: 0.015466 | Q: 2.1949 | TargetQ: 2.1950 | TDAbs: 0.1334 | ActorGrad: 0.0436 | CriticGrad: 0.4967 | Noise: 0.2007 | Replay: 50000 | FPS: 18.72 | ETA: 86.1 min
2026-09-17 21:14:58,862 | INFO | Steps: 53760/150000 | Episodes: 105 | LastEpReward: 18.930 | RecentReward: 17.364 | ActorLoss: -2.200736 | CriticLoss: 0.016148 | Q: 2.1963 | TargetQ: 2.1975 | TDAbs: 0.1337 | ActorGrad: 0.0409 | CriticGrad: 0.4708 | Noise: 0.1993 | Replay: 50000 | FPS: 18.74 | ETA: 85.6 min
2026-09-17 21:15:22,936 | INFO | Steps: 54272/150000 | Episodes: 106 | LastEpReward: 7.751 | RecentReward: 15.731 | ActorLoss: -2.111189 | CriticLoss: 0.015455 | Q: 2.1071 | TargetQ: 2.1074 | TDAbs: 0.1336 | ActorGrad: 0.0472 | CriticGrad: 0.4505 | Noise: 0.1978 | Replay: 50000 | FPS: 18.76 | ETA: 85.0 min
2026-09-17 21:15:43,276 | INFO | Steps: 54784/150000 | Episodes: 107 | LastEpReward: 13.125 | RecentReward: 15.822 | ActorLoss: -2.145179 | CriticLoss: 0.015808 | Q: 2.1408 | TargetQ: 2.1416 | TDAbs: 0.1331 | ActorGrad: 0.0460 | CriticGrad: 0.4721 | Noise: 0.1963 | Replay: 50000 | FPS: 18.80 | ETA: 84.4 min
2026-09-17 21:16:07,197 | INFO | Steps: 55296/150000 | Episodes: 108 | LastEpReward: 11.503 | RecentReward: 15.135 | ActorLoss: -2.152964 | CriticLoss: 0.015603 | Q: 2.1475 | TargetQ: 2.1495 | TDAbs: 0.1314 | ActorGrad: 0.0503 | CriticGrad: 0.4599 | Noise: 0.1949 | Replay: 50000 | FPS: 18.83 | ETA: 83.8 min
2026-09-17 21:16:31,315 | INFO | Steps: 55808/150000 | Episodes: 109 | LastEpReward: 23.990 | RecentReward: 15.598 | ActorLoss: -2.128966 | CriticLoss: 0.015958 | Q: 2.1244 | TargetQ: 2.1254 | TDAbs: 0.1353 | ActorGrad: 0.0454 | CriticGrad: 0.5083 | Noise: 0.1934 | Replay: 50000 | FPS: 18.85 | ETA: 83.3 min
2026-09-17 21:16:55,463 | INFO | 开始周期评估: Steps=56320 | Episodes=110 | EvalEpisodes=5
2026-09-17 21:17:34,136 | INFO | 周期评估完成: Steps=56320 | MeanReward=17.237 | StdReward=2.642
2026-09-17 21:17:34,146 | INFO | Steps: 56320/150000 | Episodes: 110 | LastEpReward: 13.411 | RecentReward: 14.713 | ActorLoss: -2.101552 | CriticLoss: 0.014877 | Q: 2.0967 | TargetQ: 2.0969 | TDAbs: 0.1308 | ActorGrad: 0.0511 | CriticGrad: 0.4375 | Noise: 0.1919 | Replay: 50000 | FPS: 18.62 | ETA: 83.8 min
2026-09-17 21:17:58,162 | INFO | Steps: 56832/150000 | Episodes: 111 | LastEpReward: 16.149 | RecentReward: 15.113 | ActorLoss: -2.096644 | CriticLoss: 0.015600 | Q: 2.0904 | TargetQ: 2.0906 | TDAbs: 0.1318 | ActorGrad: 0.0464 | CriticGrad: 0.4290 | Noise: 0.1905 | Replay: 50000 | FPS: 18.64 | ETA: 83.3 min
2026-09-17 21:18:21,876 | INFO | Steps: 57344/150000 | Episodes: 112 | LastEpReward: 6.744 | RecentReward: 14.144 | ActorLoss: -2.021322 | CriticLoss: 0.015205 | Q: 2.0168 | TargetQ: 2.0165 | TDAbs: 0.1314 | ActorGrad: 0.0454 | CriticGrad: 0.4316 | Noise: 0.1890 | Replay: 50000 | FPS: 18.67 | ETA: 82.7 min
2026-09-17 21:18:46,218 | INFO | Steps: 57856/150000 | Episodes: 113 | LastEpReward: 19.121 | RecentReward: 15.699 | ActorLoss: -2.050101 | CriticLoss: 0.015550 | Q: 2.0445 | TargetQ: 2.0448 | TDAbs: 0.1324 | ActorGrad: 0.0677 | CriticGrad: 0.4615 | Noise: 0.1876 | Replay: 50000 | FPS: 18.69 | ETA: 82.2 min
2026-09-17 21:19:09,891 | INFO | Steps: 58368/150000 | Episodes: 114 | LastEpReward: 19.197 | RecentReward: 14.992 | ActorLoss: -2.051685 | CriticLoss: 0.015625 | Q: 2.0461 | TargetQ: 2.0460 | TDAbs: 0.1313 | ActorGrad: 0.0729 | CriticGrad: 0.4438 | Noise: 0.1861 | Replay: 50000 | FPS: 18.71 | ETA: 81.6 min
2026-09-17 21:19:33,580 | INFO | Steps: 58880/150000 | Episodes: 115 | LastEpReward: 11.731 | RecentReward: 14.272 | ActorLoss: -2.094424 | CriticLoss: 0.017138 | Q: 2.0658 | TargetQ: 2.0658 | TDAbs: 0.1412 | ActorGrad: 0.1588 | CriticGrad: 0.4699 | Noise: 0.1846 | Replay: 50000 | FPS: 18.73 | ETA: 81.1 min
2026-09-17 21:19:57,362 | INFO | Steps: 59392/150000 | Episodes: 116 | LastEpReward: 12.209 | RecentReward: 14.718 | ActorLoss: -2.139701 | CriticLoss: 0.020683 | Q: 2.1134 | TargetQ: 2.1132 | TDAbs: 0.1511 | ActorGrad: 0.0815 | CriticGrad: 0.5183 | Noise: 0.1832 | Replay: 50000 | FPS: 18.75 | ETA: 80.5 min
2026-09-17 21:20:21,276 | INFO | Steps: 59904/150000 | Episodes: 117 | LastEpReward: 27.695 | RecentReward: 16.175 | ActorLoss: -2.200021 | CriticLoss: 0.019599 | Q: 2.1762 | TargetQ: 2.1760 | TDAbs: 0.1467 | ActorGrad: 0.0581 | CriticGrad: 0.5178 | Noise: 0.1817 | Replay: 50000 | FPS: 18.77 | ETA: 80.0 min
2026-09-17 21:20:45,275 | INFO | Steps: 60416/150000 | Episodes: 118 | LastEpReward: 21.414 | RecentReward: 17.166 | ActorLoss: -2.192712 | CriticLoss: 0.019044 | Q: 2.1814 | TargetQ: 2.1806 | TDAbs: 0.1462 | ActorGrad: 0.0456 | CriticGrad: 0.4954 | Noise: 0.1802 | Replay: 50000 | FPS: 18.79 | ETA: 79.5 min
2026-09-17 21:21:09,472 | INFO | Steps: 60928/150000 | Episodes: 119 | LastEpReward: 34.284 | RecentReward: 18.195 | ActorLoss: -2.177215 | CriticLoss: 0.021429 | Q: 2.1764 | TargetQ: 2.1757 | TDAbs: 0.1523 | ActorGrad: 0.0379 | CriticGrad: 0.6032 | Noise: 0.1788 | Replay: 50000 | FPS: 18.81 | ETA: 78.9 min
2026-09-17 21:21:33,432 | INFO | 开始周期评估: Steps=61440 | Episodes=120 | EvalEpisodes=5
2026-09-17 21:22:12,123 | INFO | 周期评估完成: Steps=61440 | MeanReward=25.980 | StdReward=6.844
2026-09-17 21:22:12,137 | INFO | Steps: 61440/150000 | Episodes: 120 | LastEpReward: 19.345 | RecentReward: 18.789 | ActorLoss: -2.240323 | CriticLoss: 0.020818 | Q: 2.2425 | TargetQ: 2.2431 | TDAbs: 0.1512 | ActorGrad: 0.0306 | CriticGrad: 0.4953 | Noise: 0.1773 | Replay: 50000 | FPS: 18.61 | ETA: 79.3 min
2026-09-17 21:22:36,345 | INFO | Steps: 61952/150000 | Episodes: 121 | LastEpReward: 31.560 | RecentReward: 20.330 | ActorLoss: -2.273779 | CriticLoss: 0.018792 | Q: 2.2731 | TargetQ: 2.2743 | TDAbs: 0.1463 | ActorGrad: 0.0249 | CriticGrad: 0.5194 | Noise: 0.1759 | Replay: 50000 | FPS: 18.62 | ETA: 78.8 min
2026-09-17 21:23:00,328 | INFO | Steps: 62464/150000 | Episodes: 122 | LastEpReward: 11.489 | RecentReward: 20.804 | ActorLoss: -2.184515 | CriticLoss: 0.019160 | Q: 2.1884 | TargetQ: 2.1881 | TDAbs: 0.1461 | ActorGrad: 0.0248 | CriticGrad: 0.5585 | Noise: 0.1744 | Replay: 50000 | FPS: 18.64 | ETA: 78.3 min
2026-09-17 21:23:24,478 | INFO | Steps: 62976/150000 | Episodes: 123 | LastEpReward: 23.266 | RecentReward: 21.219 | ActorLoss: -2.229648 | CriticLoss: 0.019189 | Q: 2.2305 | TargetQ: 2.2294 | TDAbs: 0.1459 | ActorGrad: 0.0239 | CriticGrad: 0.5151 | Noise: 0.1729 | Replay: 50000 | FPS: 18.66 | ETA: 77.7 min
2026-09-17 21:23:48,325 | INFO | Steps: 63488/150000 | Episodes: 124 | LastEpReward: 21.192 | RecentReward: 21.418 | ActorLoss: -2.169776 | CriticLoss: 0.018749 | Q: 2.1718 | TargetQ: 2.1713 | TDAbs: 0.1429 | ActorGrad: 0.0262 | CriticGrad: 0.4932 | Noise: 0.1715 | Replay: 50000 | FPS: 18.68 | ETA: 77.2 min
2026-09-17 21:24:12,382 | INFO | Steps: 64000/150000 | Episodes: 125 | LastEpReward: 16.180 | RecentReward: 21.863 | ActorLoss: -2.215819 | CriticLoss: 0.018584 | Q: 2.2214 | TargetQ: 2.2220 | TDAbs: 0.1441 | ActorGrad: 0.0271 | CriticGrad: 0.4685 | Noise: 0.1700 | Replay: 50000 | FPS: 18.70 | ETA: 76.6 min
2026-09-17 21:24:35,794 | INFO | Steps: 64512/150000 | Episodes: 126 | LastEpReward: 14.423 | RecentReward: 22.085 | ActorLoss: -2.189921 | CriticLoss: 0.018402 | Q: 2.1911 | TargetQ: 2.1908 | TDAbs: 0.1431 | ActorGrad: 0.0262 | CriticGrad: 0.4839 | Noise: 0.1685 | Replay: 50000 | FPS: 18.72 | ETA: 76.1 min
2026-09-17 21:25:00,145 | INFO | Steps: 65024/150000 | Episodes: 127 | LastEpReward: 32.520 | RecentReward: 22.567 | ActorLoss: -2.173524 | CriticLoss: 0.019186 | Q: 2.1741 | TargetQ: 2.1743 | TDAbs: 0.1453 | ActorGrad: 0.0286 | CriticGrad: 0.5062 | Noise: 0.1671 | Replay: 50000 | FPS: 18.74 | ETA: 75.6 min
2026-09-17 21:25:24,068 | INFO | Steps: 65536/150000 | Episodes: 128 | LastEpReward: 23.819 | RecentReward: 22.808 | ActorLoss: -2.163298 | CriticLoss: 0.018177 | Q: 2.1634 | TargetQ: 2.1629 | TDAbs: 0.1426 | ActorGrad: 0.0261 | CriticGrad: 0.4739 | Noise: 0.1656 | Replay: 50000 | FPS: 18.76 | ETA: 75.1 min
2026-09-17 21:25:47,819 | INFO | Steps: 66048/150000 | Episodes: 129 | LastEpReward: 20.261 | RecentReward: 21.406 | ActorLoss: -2.137781 | CriticLoss: 0.018791 | Q: 2.1371 | TargetQ: 2.1369 | TDAbs: 0.1442 | ActorGrad: 0.0288 | CriticGrad: 0.5080 | Noise: 0.1641 | Replay: 50000 | FPS: 18.78 | ETA: 74.5 min
2026-09-17 21:26:11,726 | INFO | 开始周期评估: Steps=66560 | Episodes=130 | EvalEpisodes=5
2026-09-17 21:26:50,591 | INFO | 周期评估完成: Steps=66560 | MeanReward=25.155 | StdReward=7.469
2026-09-17 21:26:50,600 | INFO | Steps: 66560/150000 | Episodes: 130 | LastEpReward: 24.928 | RecentReward: 21.964 | ActorLoss: -2.167077 | CriticLoss: 0.018543 | Q: 2.1657 | TargetQ: 2.1651 | TDAbs: 0.1437 | ActorGrad: 0.0267 | CriticGrad: 0.5275 | Noise: 0.1627 | Replay: 50000 | FPS: 18.59 | ETA: 74.8 min
2026-09-17 21:27:14,284 | INFO | Steps: 67072/150000 | Episodes: 131 | LastEpReward: 21.807 | RecentReward: 20.988 | ActorLoss: -2.245878 | CriticLoss: 0.017780 | Q: 2.2423 | TargetQ: 2.2423 | TDAbs: 0.1404 | ActorGrad: 0.0266 | CriticGrad: 0.4687 | Noise: 0.1612 | Replay: 50000 | FPS: 18.61 | ETA: 74.3 min
2026-09-17 21:27:38,276 | INFO | Steps: 67584/150000 | Episodes: 132 | LastEpReward: 29.688 | RecentReward: 22.808 | ActorLoss: -2.225664 | CriticLoss: 0.020004 | Q: 2.2237 | TargetQ: 2.2232 | TDAbs: 0.1455 | ActorGrad: 0.0254 | CriticGrad: 0.4862 | Noise: 0.1598 | Replay: 50000 | FPS: 18.63 | ETA: 73.7 min
2026-09-17 21:28:02,055 | INFO | Steps: 68096/150000 | Episodes: 133 | LastEpReward: 13.616 | RecentReward: 21.843 | ActorLoss: -2.282437 | CriticLoss: 0.018939 | Q: 2.2780 | TargetQ: 2.2772 | TDAbs: 0.1456 | ActorGrad: 0.0287 | CriticGrad: 0.5500 | Noise: 0.1583 | Replay: 50000 | FPS: 18.65 | ETA: 73.2 min
2026-09-17 21:28:25,858 | INFO | Steps: 68608/150000 | Episodes: 134 | LastEpReward: 19.289 | RecentReward: 21.653 | ActorLoss: -2.298319 | CriticLoss: 0.019353 | Q: 2.2942 | TargetQ: 2.2933 | TDAbs: 0.1441 | ActorGrad: 0.0295 | CriticGrad: 0.4921 | Noise: 0.1568 | Replay: 50000 | FPS: 18.66 | ETA: 72.7 min
2026-09-17 21:28:50,382 | INFO | Steps: 69120/150000 | Episodes: 135 | LastEpReward: 29.490 | RecentReward: 22.984 | ActorLoss: -2.298603 | CriticLoss: 0.018324 | Q: 2.2928 | TargetQ: 2.2927 | TDAbs: 0.1398 | ActorGrad: 0.0282 | CriticGrad: 0.4679 | Noise: 0.1554 | Replay: 50000 | FPS: 18.68 | ETA: 72.2 min
2026-09-17 21:29:14,860 | INFO | Steps: 69632/150000 | Episodes: 136 | LastEpReward: 29.221 | RecentReward: 24.464 | ActorLoss: -2.306355 | CriticLoss: 0.020276 | Q: 2.3015 | TargetQ: 2.3015 | TDAbs: 0.1466 | ActorGrad: 0.0252 | CriticGrad: 0.5676 | Noise: 0.1539 | Replay: 50000 | FPS: 18.69 | ETA: 71.7 min
2026-09-17 21:29:39,050 | INFO | Steps: 70144/150000 | Episodes: 137 | LastEpReward: 27.290 | RecentReward: 23.941 | ActorLoss: -2.330799 | CriticLoss: 0.020023 | Q: 2.3221 | TargetQ: 2.3220 | TDAbs: 0.1475 | ActorGrad: 0.0269 | CriticGrad: 0.5474 | Noise: 0.1524 | Replay: 50000 | FPS: 18.71 | ETA: 71.1 min
2026-09-17 21:30:02,668 | INFO | Steps: 70656/150000 | Episodes: 138 | LastEpReward: 15.721 | RecentReward: 23.131 | ActorLoss: -2.364152 | CriticLoss: 0.018087 | Q: 2.3573 | TargetQ: 2.3574 | TDAbs: 0.1404 | ActorGrad: 0.0238 | CriticGrad: 0.4790 | Noise: 0.1510 | Replay: 50000 | FPS: 18.73 | ETA: 70.6 min
2026-09-17 21:30:26,260 | INFO | Steps: 71168/150000 | Episodes: 139 | LastEpReward: 20.088 | RecentReward: 23.114 | ActorLoss: -2.396169 | CriticLoss: 0.017594 | Q: 2.3876 | TargetQ: 2.3875 | TDAbs: 0.1409 | ActorGrad: 0.0268 | CriticGrad: 0.4876 | Noise: 0.1495 | Replay: 50000 | FPS: 18.75 | ETA: 70.1 min
2026-09-17 21:30:50,144 | INFO | 开始周期评估: Steps=71680 | Episodes=140 | EvalEpisodes=5
2026-09-17 21:31:28,956 | INFO | 周期评估完成: Steps=71680 | MeanReward=25.481 | StdReward=7.436
2026-09-17 21:31:28,966 | INFO | Steps: 71680/150000 | Episodes: 140 | LastEpReward: 11.419 | RecentReward: 21.763 | ActorLoss: -2.411606 | CriticLoss: 0.017872 | Q: 2.4020 | TargetQ: 2.4018 | TDAbs: 0.1392 | ActorGrad: 0.0270 | CriticGrad: 0.5040 | Noise: 0.1481 | Replay: 50000 | FPS: 18.57 | ETA: 70.3 min
2026-09-17 21:31:53,183 | INFO | Steps: 72192/150000 | Episodes: 141 | LastEpReward: 18.813 | RecentReward: 21.464 | ActorLoss: -2.421191 | CriticLoss: 0.018165 | Q: 2.4130 | TargetQ: 2.4130 | TDAbs: 0.1418 | ActorGrad: 0.0295 | CriticGrad: 0.4949 | Noise: 0.1466 | Replay: 50000 | FPS: 18.59 | ETA: 69.8 min
2026-09-17 21:32:16,960 | INFO | Steps: 72704/150000 | Episodes: 142 | LastEpReward: 18.359 | RecentReward: 20.331 | ActorLoss: -2.452053 | CriticLoss: 0.019021 | Q: 2.4447 | TargetQ: 2.4447 | TDAbs: 0.1440 | ActorGrad: 0.0280 | CriticGrad: 0.5656 | Noise: 0.1451 | Replay: 50000 | FPS: 18.61 | ETA: 69.2 min
2026-09-17 21:32:40,398 | INFO | Steps: 73216/150000 | Episodes: 143 | LastEpReward: 28.026 | RecentReward: 21.772 | ActorLoss: -2.505016 | CriticLoss: 0.018985 | Q: 2.4973 | TargetQ: 2.4979 | TDAbs: 0.1436 | ActorGrad: 0.0255 | CriticGrad: 0.5413 | Noise: 0.1437 | Replay: 50000 | FPS: 18.63 | ETA: 68.7 min
2026-09-17 21:33:03,894 | INFO | Steps: 73728/150000 | Episodes: 144 | LastEpReward: 18.680 | RecentReward: 21.711 | ActorLoss: -2.503504 | CriticLoss: 0.018068 | Q: 2.4954 | TargetQ: 2.4961 | TDAbs: 0.1401 | ActorGrad: 0.0232 | CriticGrad: 0.5240 | Noise: 0.1422 | Replay: 50000 | FPS: 18.65 | ETA: 68.2 min
2026-09-17 21:33:27,871 | INFO | Steps: 74240/150000 | Episodes: 145 | LastEpReward: 29.346 | RecentReward: 21.696 | ActorLoss: -2.519527 | CriticLoss: 0.018456 | Q: 2.5135 | TargetQ: 2.5136 | TDAbs: 0.1409 | ActorGrad: 0.0261 | CriticGrad: 0.5533 | Noise: 0.1407 | Replay: 50000 | FPS: 18.66 | ETA: 67.7 min
2026-09-17 21:33:51,602 | INFO | Steps: 74752/150000 | Episodes: 146 | LastEpReward: 17.263 | RecentReward: 20.501 | ActorLoss: -2.546539 | CriticLoss: 0.018853 | Q: 2.5395 | TargetQ: 2.5397 | TDAbs: 0.1420 | ActorGrad: 0.0234 | CriticGrad: 0.5142 | Noise: 0.1393 | Replay: 50000 | FPS: 18.68 | ETA: 67.1 min
2026-09-17 21:34:15,466 | INFO | Steps: 75264/150000 | Episodes: 147 | LastEpReward: 19.894 | RecentReward: 19.761 | ActorLoss: -2.589878 | CriticLoss: 0.018625 | Q: 2.5810 | TargetQ: 2.5810 | TDAbs: 0.1422 | ActorGrad: 0.0261 | CriticGrad: 0.6015 | Noise: 0.1378 | Replay: 50000 | FPS: 18.70 | ETA: 66.6 min
2026-09-17 21:34:39,384 | INFO | Steps: 75776/150000 | Episodes: 148 | LastEpReward: 20.456 | RecentReward: 20.235 | ActorLoss: -2.619175 | CriticLoss: 0.020112 | Q: 2.6084 | TargetQ: 2.6096 | TDAbs: 0.1447 | ActorGrad: 0.0276 | CriticGrad: 0.5744 | Noise: 0.1364 | Replay: 50000 | FPS: 18.71 | ETA: 66.1 min
2026-09-17 21:35:03,762 | INFO | Steps: 76288/150000 | Episodes: 149 | LastEpReward: 29.314 | RecentReward: 21.157 | ActorLoss: -2.651309 | CriticLoss: 0.018820 | Q: 2.6413 | TargetQ: 2.6415 | TDAbs: 0.1390 | ActorGrad: 0.0137 | CriticGrad: 0.5203 | Noise: 0.1349 | Replay: 50000 | FPS: 18.73 | ETA: 65.6 min
2026-09-17 21:35:27,600 | INFO | 开始周期评估: Steps=76800 | Episodes=150 | EvalEpisodes=5
2026-09-17 21:36:06,040 | INFO | 周期评估完成: Steps=76800 | MeanReward=25.983 | StdReward=6.794
2026-09-17 21:36:06,060 | INFO | Steps: 76800/150000 | Episodes: 150 | LastEpReward: 20.577 | RecentReward: 22.073 | ActorLoss: -2.627832 | CriticLoss: 0.019678 | Q: 2.6168 | TargetQ: 2.6180 | TDAbs: 0.1438 | ActorGrad: 0.0351 | CriticGrad: 0.5519 | Noise: 0.1334 | Replay: 50000 | FPS: 18.57 | ETA: 65.7 min
2026-09-17 21:36:30,159 | INFO | Steps: 77312/150000 | Episodes: 151 | LastEpReward: 28.159 | RecentReward: 23.007 | ActorLoss: -2.650030 | CriticLoss: 0.018891 | Q: 2.6394 | TargetQ: 2.6399 | TDAbs: 0.1419 | ActorGrad: 0.0382 | CriticGrad: 0.5402 | Noise: 0.1320 | Replay: 50000 | FPS: 18.58 | ETA: 65.2 min
2026-09-17 21:36:54,031 | INFO | Steps: 77824/150000 | Episodes: 152 | LastEpReward: 21.374 | RecentReward: 23.309 | ActorLoss: -2.749151 | CriticLoss: 0.017998 | Q: 2.7356 | TargetQ: 2.7364 | TDAbs: 0.1381 | ActorGrad: 0.0393 | CriticGrad: 0.5070 | Noise: 0.1305 | Replay: 50000 | FPS: 18.60 | ETA: 64.7 min
2026-09-17 21:37:17,935 | INFO | Steps: 78336/150000 | Episodes: 153 | LastEpReward: 16.273 | RecentReward: 22.134 | ActorLoss: -2.758412 | CriticLoss: 0.019224 | Q: 2.7485 | TargetQ: 2.7499 | TDAbs: 0.1408 | ActorGrad: 0.0414 | CriticGrad: 0.5245 | Noise: 0.1290 | Replay: 50000 | FPS: 18.62 | ETA: 64.2 min
2026-09-17 21:37:42,306 | INFO | Steps: 78848/150000 | Episodes: 154 | LastEpReward: 31.805 | RecentReward: 23.446 | ActorLoss: -2.731696 | CriticLoss: 0.017695 | Q: 2.7224 | TargetQ: 2.7220 | TDAbs: 0.1366 | ActorGrad: 0.0328 | CriticGrad: 0.5006 | Noise: 0.1276 | Replay: 50000 | FPS: 18.63 | ETA: 63.7 min
2026-09-17 21:38:06,315 | INFO | Steps: 79360/150000 | Episodes: 155 | LastEpReward: 29.077 | RecentReward: 23.419 | ActorLoss: -2.775977 | CriticLoss: 0.017976 | Q: 2.7671 | TargetQ: 2.7678 | TDAbs: 0.1387 | ActorGrad: 0.0358 | CriticGrad: 0.4912 | Noise: 0.1261 | Replay: 50000 | FPS: 18.65 | ETA: 63.1 min
2026-09-17 21:38:30,560 | INFO | Steps: 79872/150000 | Episodes: 156 | LastEpReward: 20.217 | RecentReward: 23.715 | ActorLoss: -2.849237 | CriticLoss: 0.017716 | Q: 2.8379 | TargetQ: 2.8378 | TDAbs: 0.1387 | ActorGrad: 0.0342 | CriticGrad: 0.4812 | Noise: 0.1247 | Replay: 50000 | FPS: 18.66 | ETA: 62.6 min
2026-09-17 21:38:54,433 | INFO | Steps: 80384/150000 | Episodes: 157 | LastEpReward: 16.335 | RecentReward: 23.359 | ActorLoss: -2.847477 | CriticLoss: 0.017492 | Q: 2.8340 | TargetQ: 2.8342 | TDAbs: 0.1369 | ActorGrad: 0.0380 | CriticGrad: 0.5237 | Noise: 0.1232 | Replay: 50000 | FPS: 18.67 | ETA: 62.1 min
2026-09-17 21:39:18,255 | INFO | Steps: 80896/150000 | Episodes: 158 | LastEpReward: 23.550 | RecentReward: 23.668 | ActorLoss: -2.881668 | CriticLoss: 0.016240 | Q: 2.8693 | TargetQ: 2.8695 | TDAbs: 0.1349 | ActorGrad: 0.0406 | CriticGrad: 0.4824 | Noise: 0.1217 | Replay: 50000 | FPS: 18.69 | ETA: 61.6 min
2026-09-17 21:39:42,163 | INFO | Steps: 81408/150000 | Episodes: 159 | LastEpReward: 29.230 | RecentReward: 23.660 | ActorLoss: -2.911539 | CriticLoss: 0.018512 | Q: 2.8983 | TargetQ: 2.8970 | TDAbs: 0.1391 | ActorGrad: 0.0352 | CriticGrad: 0.5106 | Noise: 0.1203 | Replay: 50000 | FPS: 18.71 | ETA: 61.1 min
2026-09-17 21:40:06,200 | INFO | 开始周期评估: Steps=81920 | Episodes=160 | EvalEpisodes=5
2026-09-17 21:40:44,918 | INFO | 周期评估完成: Steps=81920 | MeanReward=25.922 | StdReward=6.891
2026-09-17 21:40:44,928 | INFO | Steps: 81920/150000 | Episodes: 160 | LastEpReward: 34.759 | RecentReward: 25.078 | ActorLoss: -2.953942 | CriticLoss: 0.017879 | Q: 2.9413 | TargetQ: 2.9420 | TDAbs: 0.1366 | ActorGrad: 0.0389 | CriticGrad: 0.4865 | Noise: 0.1188 | Replay: 50000 | FPS: 18.56 | ETA: 61.2 min
2026-09-17 21:41:09,122 | INFO | Steps: 82432/150000 | Episodes: 161 | LastEpReward: 31.661 | RecentReward: 25.428 | ActorLoss: -3.007882 | CriticLoss: 0.017177 | Q: 2.9946 | TargetQ: 2.9951 | TDAbs: 0.1357 | ActorGrad: 0.0372 | CriticGrad: 0.4809 | Noise: 0.1173 | Replay: 50000 | FPS: 18.57 | ETA: 60.6 min
2026-09-17 21:41:33,002 | INFO | Steps: 82944/150000 | Episodes: 162 | LastEpReward: 22.083 | RecentReward: 25.499 | ActorLoss: -3.007413 | CriticLoss: 0.019205 | Q: 2.9957 | TargetQ: 2.9956 | TDAbs: 0.1451 | ActorGrad: 0.0464 | CriticGrad: 0.5432 | Noise: 0.1159 | Replay: 50000 | FPS: 18.58 | ETA: 60.1 min
2026-09-17 21:41:56,715 | INFO | Steps: 83456/150000 | Episodes: 163 | LastEpReward: 24.276 | RecentReward: 26.299 | ActorLoss: -3.057159 | CriticLoss: 0.019638 | Q: 3.0439 | TargetQ: 3.0436 | TDAbs: 0.1428 | ActorGrad: 0.0400 | CriticGrad: 0.5532 | Noise: 0.1144 | Replay: 50000 | FPS: 18.60 | ETA: 59.6 min
2026-09-17 21:42:20,737 | INFO | Steps: 83968/150000 | Episodes: 164 | LastEpReward: 20.529 | RecentReward: 25.172 | ActorLoss: -3.053636 | CriticLoss: 0.019774 | Q: 3.0406 | TargetQ: 3.0410 | TDAbs: 0.1439 | ActorGrad: 0.0424 | CriticGrad: 0.5468 | Noise: 0.1129 | Replay: 50000 | FPS: 18.62 | ETA: 59.1 min
2026-09-17 21:42:44,517 | INFO | Steps: 84480/150000 | Episodes: 165 | LastEpReward: 16.192 | RecentReward: 23.883 | ActorLoss: -3.104663 | CriticLoss: 0.018212 | Q: 3.0913 | TargetQ: 3.0910 | TDAbs: 0.1401 | ActorGrad: 0.0445 | CriticGrad: 0.5421 | Noise: 0.1115 | Replay: 50000 | FPS: 18.63 | ETA: 58.6 min
2026-09-17 21:43:08,403 | INFO | Steps: 84992/150000 | Episodes: 166 | LastEpReward: 24.575 | RecentReward: 24.319 | ActorLoss: -3.133924 | CriticLoss: 0.020215 | Q: 3.1223 | TargetQ: 3.1226 | TDAbs: 0.1445 | ActorGrad: 0.0374 | CriticGrad: 0.6497 | Noise: 0.1100 | Replay: 50000 | FPS: 18.65 | ETA: 58.1 min
2026-09-17 21:43:32,302 | INFO | Steps: 85504/150000 | Episodes: 167 | LastEpReward: 22.761 | RecentReward: 24.962 | ActorLoss: -3.101592 | CriticLoss: 0.020659 | Q: 3.0895 | TargetQ: 3.0895 | TDAbs: 0.1456 | ActorGrad: 0.0446 | CriticGrad: 0.6082 | Noise: 0.1086 | Replay: 50000 | FPS: 18.66 | ETA: 57.6 min
2026-09-17 21:43:56,524 | INFO | Steps: 86016/150000 | Episodes: 168 | LastEpReward: 29.249 | RecentReward: 25.532 | ActorLoss: -3.170509 | CriticLoss: 0.019429 | Q: 3.1594 | TargetQ: 3.1588 | TDAbs: 0.1460 | ActorGrad: 0.0393 | CriticGrad: 0.6564 | Noise: 0.1071 | Replay: 50000 | FPS: 18.67 | ETA: 57.1 min
2026-09-17 21:44:20,273 | INFO | Steps: 86528/150000 | Episodes: 169 | LastEpReward: 23.618 | RecentReward: 24.970 | ActorLoss: -3.194374 | CriticLoss: 0.019844 | Q: 3.1845 | TargetQ: 3.1832 | TDAbs: 0.1425 | ActorGrad: 0.0325 | CriticGrad: 0.5366 | Noise: 0.1056 | Replay: 50000 | FPS: 18.69 | ETA: 56.6 min
2026-09-17 21:44:44,354 | INFO | 开始周期评估: Steps=87040 | Episodes=170 | EvalEpisodes=5
2026-09-17 21:45:23,059 | INFO | 周期评估完成: Steps=87040 | MeanReward=25.761 | StdReward=6.909
2026-09-17 21:45:23,068 | INFO | Steps: 87040/150000 | Episodes: 170 | LastEpReward: 30.148 | RecentReward: 24.509 | ActorLoss: -3.201953 | CriticLoss: 0.020841 | Q: 3.1925 | TargetQ: 3.1921 | TDAbs: 0.1456 | ActorGrad: 0.0379 | CriticGrad: 0.5876 | Noise: 0.1042 | Replay: 50000 | FPS: 18.55 | ETA: 56.6 min
2026-09-17 21:45:46,791 | INFO | Steps: 87552/150000 | Episodes: 171 | LastEpReward: 26.833 | RecentReward: 24.026 | ActorLoss: -3.255828 | CriticLoss: 0.019258 | Q: 3.2442 | TargetQ: 3.2436 | TDAbs: 0.1416 | ActorGrad: 0.0388 | CriticGrad: 0.5386 | Noise: 0.1027 | Replay: 50000 | FPS: 18.56 | ETA: 56.1 min
2026-09-17 21:46:10,759 | INFO | Steps: 88064/150000 | Episodes: 172 | LastEpReward: 16.408 | RecentReward: 23.459 | ActorLoss: -3.281219 | CriticLoss: 0.021274 | Q: 3.2724 | TargetQ: 3.2724 | TDAbs: 0.1469 | ActorGrad: 0.0416 | CriticGrad: 0.6159 | Noise: 0.1012 | Replay: 50000 | FPS: 18.58 | ETA: 55.6 min
2026-09-17 21:46:34,573 | INFO | Steps: 88576/150000 | Episodes: 173 | LastEpReward: 24.397 | RecentReward: 23.471 | ActorLoss: -3.304399 | CriticLoss: 0.021051 | Q: 3.2959 | TargetQ: 3.2949 | TDAbs: 0.1465 | ActorGrad: 0.0388 | CriticGrad: 0.6053 | Noise: 0.0998 | Replay: 50000 | FPS: 18.59 | ETA: 55.1 min
2026-09-17 21:46:58,381 | INFO | Steps: 89088/150000 | Episodes: 174 | LastEpReward: 18.972 | RecentReward: 23.315 | ActorLoss: -3.387392 | CriticLoss: 0.021156 | Q: 3.3753 | TargetQ: 3.3757 | TDAbs: 0.1458 | ActorGrad: 0.0726 | CriticGrad: 0.5923 | Noise: 0.0983 | Replay: 50000 | FPS: 18.60 | ETA: 54.6 min
2026-09-17 21:47:22,449 | INFO | Steps: 89600/150000 | Episodes: 175 | LastEpReward: 20.864 | RecentReward: 23.782 | ActorLoss: -3.407469 | CriticLoss: 0.021595 | Q: 3.3945 | TargetQ: 3.3934 | TDAbs: 0.1476 | ActorGrad: 0.0578 | CriticGrad: 0.6461 | Noise: 0.0969 | Replay: 50000 | FPS: 18.62 | ETA: 54.1 min
2026-09-17 21:47:46,632 | INFO | Steps: 90112/150000 | Episodes: 176 | LastEpReward: 27.923 | RecentReward: 24.117 | ActorLoss: -3.400148 | CriticLoss: 0.022361 | Q: 3.3857 | TargetQ: 3.3855 | TDAbs: 0.1494 | ActorGrad: 0.0528 | CriticGrad: 0.6476 | Noise: 0.0954 | Replay: 50000 | FPS: 18.63 | ETA: 53.6 min
2026-09-17 21:48:10,392 | INFO | Steps: 90624/150000 | Episodes: 177 | LastEpReward: 21.580 | RecentReward: 23.999 | ActorLoss: -3.466962 | CriticLoss: 0.020657 | Q: 3.4529 | TargetQ: 3.4535 | TDAbs: 0.1462 | ActorGrad: 0.0801 | CriticGrad: 0.5809 | Noise: 0.0939 | Replay: 50000 | FPS: 18.65 | ETA: 53.1 min
2026-09-17 21:48:34,767 | INFO | Steps: 91136/150000 | Episodes: 178 | LastEpReward: 21.936 | RecentReward: 23.268 | ActorLoss: -3.471797 | CriticLoss: 0.021435 | Q: 3.4571 | TargetQ: 3.4588 | TDAbs: 0.1505 | ActorGrad: 0.0956 | CriticGrad: 0.6598 | Noise: 0.0925 | Replay: 50000 | FPS: 18.66 | ETA: 52.6 min
2026-09-17 21:48:58,932 | INFO | Steps: 91648/150000 | Episodes: 179 | LastEpReward: 6.649 | RecentReward: 21.571 | ActorLoss: -3.495905 | CriticLoss: 0.039356 | Q: 3.4994 | TargetQ: 3.4975 | TDAbs: 0.2025 | ActorGrad: 0.1006 | CriticGrad: 0.8161 | Noise: 0.0910 | Replay: 50000 | FPS: 18.67 | ETA: 52.1 min
2026-09-17 21:49:23,062 | INFO | 开始周期评估: Steps=92160 | Episodes=180 | EvalEpisodes=5
2026-09-17 21:50:01,952 | INFO | 周期评估完成: Steps=92160 | MeanReward=3.995 | StdReward=7.404
2026-09-17 21:50:01,963 | INFO | Steps: 92160/150000 | Episodes: 180 | LastEpReward: 10.005 | RecentReward: 19.557 | ActorLoss: -3.438356 | CriticLoss: 0.047016 | Q: 3.4418 | TargetQ: 3.4399 | TDAbs: 0.2185 | ActorGrad: 0.0894 | CriticGrad: 0.8248 | Noise: 0.0895 | Replay: 50000 | FPS: 18.54 | ETA: 52.0 min
2026-09-17 21:50:26,236 | INFO | Steps: 92672/150000 | Episodes: 181 | LastEpReward: -13.482 | RecentReward: 15.525 | ActorLoss: -3.451742 | CriticLoss: 0.050576 | Q: 3.4502 | TargetQ: 3.4471 | TDAbs: 0.2296 | ActorGrad: 0.1011 | CriticGrad: 0.9709 | Noise: 0.0881 | Replay: 50000 | FPS: 18.55 | ETA: 51.5 min
2026-09-17 21:50:49,938 | INFO | Steps: 93184/150000 | Episodes: 182 | LastEpReward: 4.845 | RecentReward: 14.369 | ActorLoss: -3.440591 | CriticLoss: 0.050304 | Q: 3.4526 | TargetQ: 3.4512 | TDAbs: 0.2292 | ActorGrad: 0.0788 | CriticGrad: 1.0659 | Noise: 0.0866 | Replay: 50000 | FPS: 18.56 | ETA: 51.0 min
2026-09-17 21:51:14,154 | INFO | Steps: 93696/150000 | Episodes: 183 | LastEpReward: 10.947 | RecentReward: 13.024 | ActorLoss: -3.339763 | CriticLoss: 0.046937 | Q: 3.3471 | TargetQ: 3.3444 | TDAbs: 0.2231 | ActorGrad: 0.0823 | CriticGrad: 0.9175 | Noise: 0.0852 | Replay: 50000 | FPS: 18.58 | ETA: 50.5 min
2026-09-17 21:51:37,992 | INFO | Steps: 94208/150000 | Episodes: 184 | LastEpReward: 6.559 | RecentReward: 11.783 | ActorLoss: -3.373948 | CriticLoss: 0.047815 | Q: 3.3775 | TargetQ: 3.3750 | TDAbs: 0.2250 | ActorGrad: 0.0698 | CriticGrad: 0.8803 | Noise: 0.0837 | Replay: 50000 | FPS: 18.59 | ETA: 50.0 min
2026-09-17 21:52:02,303 | INFO | Steps: 94720/150000 | Episodes: 185 | LastEpReward: 3.974 | RecentReward: 10.094 | ActorLoss: -3.353559 | CriticLoss: 0.048800 | Q: 3.3728 | TargetQ: 3.3675 | TDAbs: 0.2248 | ActorGrad: 0.0826 | CriticGrad: 0.9430 | Noise: 0.0822 | Replay: 50000 | FPS: 18.60 | ETA: 49.5 min
2026-09-17 21:52:26,288 | INFO | Steps: 95232/150000 | Episodes: 186 | LastEpReward: 5.844 | RecentReward: 7.886 | ActorLoss: -3.370393 | CriticLoss: 0.045067 | Q: 3.3577 | TargetQ: 3.3578 | TDAbs: 0.2178 | ActorGrad: 0.0728 | CriticGrad: 0.8296 | Noise: 0.0808 | Replay: 50000 | FPS: 18.61 | ETA: 49.0 min
2026-09-17 21:52:50,072 | INFO | Steps: 95744/150000 | Episodes: 187 | LastEpReward: 0.306 | RecentReward: 5.758 | ActorLoss: -3.350405 | CriticLoss: 0.045862 | Q: 3.3465 | TargetQ: 3.3454 | TDAbs: 0.2216 | ActorGrad: 0.0681 | CriticGrad: 0.9005 | Noise: 0.0793 | Replay: 50000 | FPS: 18.63 | ETA: 48.5 min
2026-09-17 21:53:13,896 | INFO | Steps: 96256/150000 | Episodes: 188 | LastEpReward: 6.530 | RecentReward: 4.218 | ActorLoss: -3.338467 | CriticLoss: 0.048461 | Q: 3.3527 | TargetQ: 3.3502 | TDAbs: 0.2258 | ActorGrad: 0.0802 | CriticGrad: 0.9312 | Noise: 0.0778 | Replay: 50000 | FPS: 18.64 | ETA: 48.1 min
2026-09-17 21:53:38,417 | INFO | Steps: 96768/150000 | Episodes: 189 | LastEpReward: -0.689 | RecentReward: 3.484 | ActorLoss: -3.306197 | CriticLoss: 0.048858 | Q: 3.3146 | TargetQ: 3.3128 | TDAbs: 0.2251 | ActorGrad: 0.0674 | CriticGrad: 1.0231 | Noise: 0.0764 | Replay: 50000 | FPS: 18.65 | ETA: 47.6 min
2026-09-17 21:54:02,568 | INFO | 开始周期评估: Steps=97280 | Episodes=190 | EvalEpisodes=5
2026-09-17 21:54:41,336 | INFO | 周期评估完成: Steps=97280 | MeanReward=6.228 | StdReward=5.178
2026-09-17 21:54:41,345 | INFO | Steps: 97280/150000 | Episodes: 190 | LastEpReward: 10.125 | RecentReward: 3.496 | ActorLoss: -3.268192 | CriticLoss: 0.050310 | Q: 3.2754 | TargetQ: 3.2746 | TDAbs: 0.2307 | ActorGrad: 0.0771 | CriticGrad: 0.9099 | Noise: 0.0749 | Replay: 50000 | FPS: 18.52 | ETA: 47.4 min
2026-09-17 21:55:05,189 | INFO | Steps: 97792/150000 | Episodes: 191 | LastEpReward: -0.897 | RecentReward: 4.754 | ActorLoss: -3.243631 | CriticLoss: 0.052483 | Q: 3.2507 | TargetQ: 3.2447 | TDAbs: 0.2341 | ActorGrad: 0.0715 | CriticGrad: 1.0553 | Noise: 0.0735 | Replay: 50000 | FPS: 18.54 | ETA: 46.9 min
2026-09-17 21:55:29,374 | INFO | Steps: 98304/150000 | Episodes: 192 | LastEpReward: 9.321 | RecentReward: 5.202 | ActorLoss: -3.287138 | CriticLoss: 0.052282 | Q: 3.2822 | TargetQ: 3.2822 | TDAbs: 0.2343 | ActorGrad: 0.0698 | CriticGrad: 1.0254 | Noise: 0.0720 | Replay: 50000 | FPS: 18.55 | ETA: 46.4 min
2026-09-17 21:55:53,471 | INFO | Steps: 98816/150000 | Episodes: 193 | LastEpReward: 11.302 | RecentReward: 5.238 | ActorLoss: -3.247032 | CriticLoss: 0.048490 | Q: 3.2475 | TargetQ: 3.2475 | TDAbs: 0.2290 | ActorGrad: 0.0735 | CriticGrad: 0.9541 | Noise: 0.0705 | Replay: 50000 | FPS: 18.56 | ETA: 46.0 min
2026-09-17 21:56:17,609 | INFO | Steps: 99328/150000 | Episodes: 194 | LastEpReward: 4.171 | RecentReward: 4.999 | ActorLoss: -3.257665 | CriticLoss: 0.052333 | Q: 3.2474 | TargetQ: 3.2437 | TDAbs: 0.2368 | ActorGrad: 0.0709 | CriticGrad: 1.0038 | Noise: 0.0691 | Replay: 50000 | FPS: 18.57 | ETA: 45.5 min
2026-09-17 21:56:41,585 | INFO | Steps: 99840/150000 | Episodes: 195 | LastEpReward: -0.759 | RecentReward: 4.525 | ActorLoss: -3.318754 | CriticLoss: 0.051338 | Q: 3.3106 | TargetQ: 3.3126 | TDAbs: 0.2360 | ActorGrad: 0.0706 | CriticGrad: 1.0153 | Noise: 0.0676 | Replay: 50000 | FPS: 18.59 | ETA: 45.0 min
2026-09-17 21:57:05,667 | INFO | Steps: 100352/150000 | Episodes: 196 | LastEpReward: 1.579 | RecentReward: 4.099 | ActorLoss: -3.310145 | CriticLoss: 0.053816 | Q: 3.3133 | TargetQ: 3.3135 | TDAbs: 0.2394 | ActorGrad: 0.0757 | CriticGrad: 1.0849 | Noise: 0.0661 | Replay: 50000 | FPS: 18.60 | ETA: 44.5 min
2026-09-17 21:57:29,262 | INFO | Steps: 100864/150000 | Episodes: 197 | LastEpReward: 0.780 | RecentReward: 4.146 | ActorLoss: -3.276790 | CriticLoss: 0.056308 | Q: 3.2791 | TargetQ: 3.2784 | TDAbs: 0.2441 | ActorGrad: 0.0686 | CriticGrad: 1.1214 | Noise: 0.0647 | Replay: 50000 | FPS: 18.61 | ETA: 44.0 min
2026-09-17 21:57:53,128 | INFO | Steps: 101376/150000 | Episodes: 198 | LastEpReward: 4.770 | RecentReward: 3.970 | ActorLoss: -3.183130 | CriticLoss: 0.054004 | Q: 3.1883 | TargetQ: 3.1908 | TDAbs: 0.2385 | ActorGrad: 0.0753 | CriticGrad: 1.0808 | Noise: 0.0632 | Replay: 50000 | FPS: 18.62 | ETA: 43.5 min
2026-09-17 21:58:17,255 | INFO | Steps: 101888/150000 | Episodes: 199 | LastEpReward: 1.691 | RecentReward: 4.208 | ActorLoss: -3.253384 | CriticLoss: 0.052872 | Q: 3.2589 | TargetQ: 3.2586 | TDAbs: 0.2377 | ActorGrad: 0.0678 | CriticGrad: 1.0756 | Noise: 0.0617 | Replay: 50000 | FPS: 18.64 | ETA: 43.0 min
2026-09-17 21:58:40,019 | INFO | 开始周期评估: Steps=102400 | Episodes=200 | EvalEpisodes=5
2026-09-17 21:59:16,754 | INFO | 周期评估完成: Steps=102400 | MeanReward=6.566 | StdReward=4.759
2026-09-17 21:59:16,762 | INFO | Steps: 102400/150000 | Episodes: 200 | LastEpReward: 9.472 | RecentReward: 4.143 | ActorLoss: -3.163033 | CriticLoss: 0.049628 | Q: 3.1742 | TargetQ: 3.1734 | TDAbs: 0.2329 | ActorGrad: 0.0637 | CriticGrad: 1.0114 | Noise: 0.0603 | Replay: 50000 | FPS: 18.53 | ETA: 42.8 min
2026-09-17 21:59:36,646 | INFO | Steps: 102912/150000 | Episodes: 201 | LastEpReward: 8.659 | RecentReward: 5.099 | ActorLoss: -3.107008 | CriticLoss: 0.051128 | Q: 3.1260 | TargetQ: 3.1243 | TDAbs: 0.2356 | ActorGrad: 0.0705 | CriticGrad: 1.1009 | Noise: 0.0588 | Replay: 50000 | FPS: 18.55 | ETA: 42.3 min
2026-09-17 22:00:00,448 | INFO | Steps: 103424/150000 | Episodes: 202 | LastEpReward: 9.248 | RecentReward: 5.091 | ActorLoss: -3.072911 | CriticLoss: 0.051470 | Q: 3.0862 | TargetQ: 3.0842 | TDAbs: 0.2343 | ActorGrad: 0.0718 | CriticGrad: 0.9951 | Noise: 0.0574 | Replay: 50000 | FPS: 18.57 | ETA: 41.8 min
2026-09-17 22:00:24,080 | INFO | Steps: 103936/150000 | Episodes: 203 | LastEpReward: -0.976 | RecentReward: 3.863 | ActorLoss: -3.015380 | CriticLoss: 0.051728 | Q: 3.0264 | TargetQ: 3.0267 | TDAbs: 0.2352 | ActorGrad: 0.0675 | CriticGrad: 1.0122 | Noise: 0.0559 | Replay: 50000 | FPS: 18.58 | ETA: 41.3 min
2026-09-17 22:00:47,753 | INFO | Steps: 104448/150000 | Episodes: 204 | LastEpReward: 1.743 | RecentReward: 3.621 | ActorLoss: -2.936350 | CriticLoss: 0.050999 | Q: 2.9477 | TargetQ: 2.9463 | TDAbs: 0.2332 | ActorGrad: 0.0606 | CriticGrad: 0.9954 | Noise: 0.0544 | Replay: 50000 | FPS: 18.59 | ETA: 40.8 min
2026-09-17 22:01:11,704 | INFO | Steps: 104960/150000 | Episodes: 205 | LastEpReward: 9.052 | RecentReward: 4.602 | ActorLoss: -2.931209 | CriticLoss: 0.048464 | Q: 2.9352 | TargetQ: 2.9375 | TDAbs: 0.2291 | ActorGrad: 0.0665 | CriticGrad: 1.0115 | Noise: 0.0530 | Replay: 50000 | FPS: 18.60 | ETA: 40.3 min
2026-09-17 22:01:35,663 | INFO | Steps: 105472/150000 | Episodes: 206 | LastEpReward: 8.482 | RecentReward: 5.292 | ActorLoss: -2.926376 | CriticLoss: 0.051649 | Q: 2.9316 | TargetQ: 2.9284 | TDAbs: 0.2328 | ActorGrad: 0.0657 | CriticGrad: 1.0001 | Noise: 0.0515 | Replay: 50000 | FPS: 18.62 | ETA: 39.9 min
2026-09-17 22:01:59,720 | INFO | Steps: 105984/150000 | Episodes: 207 | LastEpReward: 1.073 | RecentReward: 5.321 | ActorLoss: -2.937580 | CriticLoss: 0.051155 | Q: 2.9432 | TargetQ: 2.9462 | TDAbs: 0.2327 | ActorGrad: 0.0685 | CriticGrad: 1.0684 | Noise: 0.0500 | Replay: 50000 | FPS: 18.63 | ETA: 39.4 min
2026-09-17 22:02:23,656 | INFO | Steps: 106496/150000 | Episodes: 208 | LastEpReward: 6.218 | RecentReward: 5.466 | ActorLoss: -2.882537 | CriticLoss: 0.047980 | Q: 2.8876 | TargetQ: 2.8864 | TDAbs: 0.2278 | ActorGrad: 0.0667 | CriticGrad: 0.9864 | Noise: 0.0500 | Replay: 50000 | FPS: 18.64 | ETA: 38.9 min
2026-09-17 22:02:47,624 | INFO | Steps: 107008/150000 | Episodes: 209 | LastEpReward: 5.667 | RecentReward: 5.864 | ActorLoss: -2.884680 | CriticLoss: 0.047990 | Q: 2.8866 | TargetQ: 2.8848 | TDAbs: 0.2279 | ActorGrad: 0.0640 | CriticGrad: 1.0511 | Noise: 0.0500 | Replay: 50000 | FPS: 18.65 | ETA: 38.4 min
2026-09-17 22:03:11,433 | INFO | 开始周期评估: Steps=107520 | Episodes=210 | EvalEpisodes=5
2026-09-17 22:03:50,113 | INFO | 周期评估完成: Steps=107520 | MeanReward=9.408 | StdReward=4.970
2026-09-17 22:03:50,122 | INFO | Steps: 107520/150000 | Episodes: 210 | LastEpReward: 5.163 | RecentReward: 5.433 | ActorLoss: -2.853479 | CriticLoss: 0.045034 | Q: 2.8535 | TargetQ: 2.8524 | TDAbs: 0.2204 | ActorGrad: 0.0705 | CriticGrad: 0.9676 | Noise: 0.0500 | Replay: 50000 | FPS: 18.54 | ETA: 38.2 min
2026-09-17 22:04:13,791 | INFO | Steps: 108032/150000 | Episodes: 211 | LastEpReward: 23.073 | RecentReward: 6.874 | ActorLoss: -2.890390 | CriticLoss: 0.049217 | Q: 2.8824 | TargetQ: 2.8840 | TDAbs: 0.2296 | ActorGrad: 0.0262 | CriticGrad: 1.0151 | Noise: 0.0500 | Replay: 50000 | FPS: 18.55 | ETA: 37.7 min
2026-09-17 22:04:37,567 | INFO | Steps: 108544/150000 | Episodes: 212 | LastEpReward: 12.658 | RecentReward: 7.215 | ActorLoss: -2.945911 | CriticLoss: 0.043911 | Q: 2.9375 | TargetQ: 2.9379 | TDAbs: 0.2149 | ActorGrad: 0.0113 | CriticGrad: 0.9331 | Noise: 0.0500 | Replay: 50000 | FPS: 18.56 | ETA: 37.2 min
2026-09-17 22:05:02,055 | INFO | Steps: 109056/150000 | Episodes: 213 | LastEpReward: 33.852 | RecentReward: 10.698 | ActorLoss: -2.935990 | CriticLoss: 0.040590 | Q: 2.9277 | TargetQ: 2.9268 | TDAbs: 0.2074 | ActorGrad: 0.0192 | CriticGrad: 0.8737 | Noise: 0.0500 | Replay: 50000 | FPS: 18.57 | ETA: 36.7 min
2026-09-17 22:05:26,291 | INFO | Steps: 109568/150000 | Episodes: 214 | LastEpReward: 23.452 | RecentReward: 12.869 | ActorLoss: -2.951090 | CriticLoss: 0.040466 | Q: 2.9436 | TargetQ: 2.9451 | TDAbs: 0.2047 | ActorGrad: 0.0195 | CriticGrad: 0.8211 | Noise: 0.0500 | Replay: 50000 | FPS: 18.58 | ETA: 36.3 min
2026-09-17 22:05:50,046 | INFO | Steps: 110080/150000 | Episodes: 215 | LastEpReward: 11.454 | RecentReward: 13.109 | ActorLoss: -3.024295 | CriticLoss: 0.035584 | Q: 3.0133 | TargetQ: 3.0142 | TDAbs: 0.1950 | ActorGrad: 0.0224 | CriticGrad: 0.8014 | Noise: 0.0500 | Replay: 50000 | FPS: 18.59 | ETA: 35.8 min
2026-09-17 22:06:14,422 | INFO | Steps: 110592/150000 | Episodes: 216 | LastEpReward: 21.793 | RecentReward: 14.440 | ActorLoss: -2.991121 | CriticLoss: 0.035933 | Q: 2.9825 | TargetQ: 2.9825 | TDAbs: 0.1929 | ActorGrad: 0.0154 | CriticGrad: 0.7573 | Noise: 0.0500 | Replay: 50000 | FPS: 18.60 | ETA: 35.3 min
2026-09-17 22:06:38,089 | INFO | Steps: 111104/150000 | Episodes: 217 | LastEpReward: 16.200 | RecentReward: 15.953 | ActorLoss: -2.979838 | CriticLoss: 0.033751 | Q: 2.9703 | TargetQ: 2.9724 | TDAbs: 0.1870 | ActorGrad: 0.0137 | CriticGrad: 0.7492 | Noise: 0.0500 | Replay: 50000 | FPS: 18.62 | ETA: 34.8 min
2026-09-17 22:07:01,847 | INFO | Steps: 111616/150000 | Episodes: 218 | LastEpReward: 10.464 | RecentReward: 16.378 | ActorLoss: -3.057425 | CriticLoss: 0.034173 | Q: 3.0491 | TargetQ: 3.0494 | TDAbs: 0.1868 | ActorGrad: 0.0159 | CriticGrad: 0.7842 | Noise: 0.0500 | Replay: 50000 | FPS: 18.63 | ETA: 34.3 min
2026-09-17 22:07:25,915 | INFO | Steps: 112128/150000 | Episodes: 219 | LastEpReward: -8.252 | RecentReward: 14.986 | ActorLoss: -2.950594 | CriticLoss: 0.029649 | Q: 2.9424 | TargetQ: 2.9432 | TDAbs: 0.1774 | ActorGrad: 0.0189 | CriticGrad: 0.6676 | Noise: 0.0500 | Replay: 50000 | FPS: 18.64 | ETA: 33.9 min
2026-09-17 22:07:49,582 | INFO | 开始周期评估: Steps=112640 | Episodes=220 | EvalEpisodes=5
2026-09-17 22:08:28,245 | INFO | 周期评估完成: Steps=112640 | MeanReward=0.449 | StdReward=5.617
2026-09-17 22:08:28,254 | INFO | Steps: 112640/150000 | Episodes: 220 | LastEpReward: -12.658 | RecentReward: 13.204 | ActorLoss: -2.974403 | CriticLoss: 0.027718 | Q: 2.9659 | TargetQ: 2.9683 | TDAbs: 0.1725 | ActorGrad: 0.0223 | CriticGrad: 0.6832 | Noise: 0.0500 | Replay: 50000 | FPS: 18.53 | ETA: 33.6 min
2026-09-17 22:08:52,210 | INFO | Steps: 113152/150000 | Episodes: 221 | LastEpReward: -11.642 | RecentReward: 9.732 | ActorLoss: -3.002167 | CriticLoss: 0.027324 | Q: 2.9955 | TargetQ: 2.9958 | TDAbs: 0.1695 | ActorGrad: 0.0262 | CriticGrad: 0.7028 | Noise: 0.0500 | Replay: 50000 | FPS: 18.54 | ETA: 33.1 min
2026-09-17 22:09:15,736 | INFO | Steps: 113664/150000 | Episodes: 222 | LastEpReward: 0.523 | RecentReward: 8.519 | ActorLoss: -2.996255 | CriticLoss: 0.025771 | Q: 2.9876 | TargetQ: 2.9873 | TDAbs: 0.1654 | ActorGrad: 0.0260 | CriticGrad: 0.6408 | Noise: 0.0500 | Replay: 50000 | FPS: 18.56 | ETA: 32.6 min
2026-09-17 22:09:39,838 | INFO | Steps: 114176/150000 | Episodes: 223 | LastEpReward: 1.935 | RecentReward: 5.327 | ActorLoss: -2.954884 | CriticLoss: 0.024816 | Q: 2.9480 | TargetQ: 2.9488 | TDAbs: 0.1611 | ActorGrad: 0.0193 | CriticGrad: 0.6675 | Noise: 0.0500 | Replay: 50000 | FPS: 18.57 | ETA: 32.2 min
2026-09-17 22:10:03,877 | INFO | Steps: 114688/150000 | Episodes: 224 | LastEpReward: 17.952 | RecentReward: 4.777 | ActorLoss: -3.014799 | CriticLoss: 0.024232 | Q: 3.0090 | TargetQ: 3.0079 | TDAbs: 0.1594 | ActorGrad: 0.0228 | CriticGrad: 0.6280 | Noise: 0.0500 | Replay: 50000 | FPS: 18.58 | ETA: 31.7 min
2026-09-17 22:10:27,822 | INFO | Steps: 115200/150000 | Episodes: 225 | LastEpReward: 8.557 | RecentReward: 4.487 | ActorLoss: -2.968415 | CriticLoss: 0.024432 | Q: 2.9605 | TargetQ: 2.9605 | TDAbs: 0.1604 | ActorGrad: 0.0220 | CriticGrad: 0.6316 | Noise: 0.0500 | Replay: 50000 | FPS: 18.59 | ETA: 31.2 min
2026-09-17 22:10:51,743 | INFO | Steps: 115712/150000 | Episodes: 226 | LastEpReward: 15.345 | RecentReward: 3.842 | ActorLoss: -2.927373 | CriticLoss: 0.022097 | Q: 2.9207 | TargetQ: 2.9205 | TDAbs: 0.1538 | ActorGrad: 0.0215 | CriticGrad: 0.6021 | Noise: 0.0500 | Replay: 50000 | FPS: 18.60 | ETA: 30.7 min
2026-09-17 22:11:15,480 | INFO | Steps: 116224/150000 | Episodes: 227 | LastEpReward: 17.298 | RecentReward: 3.952 | ActorLoss: -2.920608 | CriticLoss: 0.019941 | Q: 2.9143 | TargetQ: 2.9147 | TDAbs: 0.1479 | ActorGrad: 0.0289 | CriticGrad: 0.5535 | Noise: 0.0500 | Replay: 50000 | FPS: 18.61 | ETA: 30.3 min
2026-09-17 22:11:39,231 | INFO | Steps: 116736/150000 | Episodes: 228 | LastEpReward: 11.105 | RecentReward: 4.016 | ActorLoss: -2.946483 | CriticLoss: 0.020578 | Q: 2.9399 | TargetQ: 2.9385 | TDAbs: 0.1469 | ActorGrad: 0.0116 | CriticGrad: 0.5446 | Noise: 0.0500 | Replay: 50000 | FPS: 18.62 | ETA: 29.8 min
2026-09-17 22:12:02,945 | INFO | Steps: 117248/150000 | Episodes: 229 | LastEpReward: 15.205 | RecentReward: 6.362 | ActorLoss: -2.896131 | CriticLoss: 0.020306 | Q: 2.8888 | TargetQ: 2.8902 | TDAbs: 0.1471 | ActorGrad: 0.0113 | CriticGrad: 0.5481 | Noise: 0.0500 | Replay: 50000 | FPS: 18.63 | ETA: 29.3 min
2026-09-17 22:12:26,786 | INFO | 开始周期评估: Steps=117760 | Episodes=230 | EvalEpisodes=5
2026-09-17 22:13:05,472 | INFO | 周期评估完成: Steps=117760 | MeanReward=12.392 | StdReward=5.148
2026-09-17 22:13:05,481 | INFO | Steps: 117760/150000 | Episodes: 230 | LastEpReward: 15.083 | RecentReward: 9.136 | ActorLoss: -2.860467 | CriticLoss: 0.019506 | Q: 2.8535 | TargetQ: 2.8522 | TDAbs: 0.1454 | ActorGrad: 0.0189 | CriticGrad: 0.5509 | Noise: 0.0500 | Replay: 50000 | FPS: 18.53 | ETA: 29.0 min
2026-09-17 22:13:29,039 | INFO | Steps: 118272/150000 | Episodes: 231 | LastEpReward: 13.958 | RecentReward: 11.696 | ActorLoss: -2.872494 | CriticLoss: 0.018825 | Q: 2.8659 | TargetQ: 2.8666 | TDAbs: 0.1426 | ActorGrad: 0.0117 | CriticGrad: 0.4671 | Noise: 0.0500 | Replay: 50000 | FPS: 18.54 | ETA: 28.5 min
2026-09-17 22:13:52,839 | INFO | Steps: 118784/150000 | Episodes: 232 | LastEpReward: 23.458 | RecentReward: 13.990 | ActorLoss: -2.854368 | CriticLoss: 0.018325 | Q: 2.8474 | TargetQ: 2.8482 | TDAbs: 0.1424 | ActorGrad: 0.0102 | CriticGrad: 0.5303 | Noise: 0.0500 | Replay: 50000 | FPS: 18.55 | ETA: 28.0 min
2026-09-17 22:14:17,006 | INFO | Steps: 119296/150000 | Episodes: 233 | LastEpReward: 8.236 | RecentReward: 14.620 | ActorLoss: -2.829054 | CriticLoss: 0.017118 | Q: 2.8223 | TargetQ: 2.8227 | TDAbs: 0.1365 | ActorGrad: 0.0092 | CriticGrad: 0.4877 | Noise: 0.0500 | Replay: 50000 | FPS: 18.56 | ETA: 27.6 min
2026-09-17 22:14:40,702 | INFO | Steps: 119808/150000 | Episodes: 234 | LastEpReward: 11.495 | RecentReward: 13.974 | ActorLoss: -2.821277 | CriticLoss: 0.017879 | Q: 2.8159 | TargetQ: 2.8161 | TDAbs: 0.1392 | ActorGrad: 0.0110 | CriticGrad: 0.4789 | Noise: 0.0500 | Replay: 50000 | FPS: 18.57 | ETA: 27.1 min
2026-09-17 22:15:04,264 | INFO | Steps: 120320/150000 | Episodes: 235 | LastEpReward: 14.993 | RecentReward: 14.618 | ActorLoss: -2.795534 | CriticLoss: 0.017978 | Q: 2.7886 | TargetQ: 2.7892 | TDAbs: 0.1395 | ActorGrad: 0.0285 | CriticGrad: 0.4848 | Noise: 0.0500 | Replay: 50000 | FPS: 18.58 | ETA: 26.6 min
2026-09-17 22:15:28,427 | INFO | Steps: 120832/150000 | Episodes: 236 | LastEpReward: 9.249 | RecentReward: 14.008 | ActorLoss: -2.808983 | CriticLoss: 0.017403 | Q: 2.8012 | TargetQ: 2.8015 | TDAbs: 0.1363 | ActorGrad: 0.0157 | CriticGrad: 0.4938 | Noise: 0.0500 | Replay: 50000 | FPS: 18.59 | ETA: 26.1 min
2026-09-17 22:15:52,294 | INFO | Steps: 121344/150000 | Episodes: 237 | LastEpReward: 8.798 | RecentReward: 13.158 | ActorLoss: -2.797316 | CriticLoss: 0.015492 | Q: 2.7904 | TargetQ: 2.7912 | TDAbs: 0.1315 | ActorGrad: 0.0230 | CriticGrad: 0.4124 | Noise: 0.0500 | Replay: 50000 | FPS: 18.60 | ETA: 25.7 min
2026-09-17 22:16:16,358 | INFO | Steps: 121856/150000 | Episodes: 238 | LastEpReward: 13.585 | RecentReward: 13.406 | ActorLoss: -2.808343 | CriticLoss: 0.016216 | Q: 2.8018 | TargetQ: 2.8016 | TDAbs: 0.1350 | ActorGrad: 0.0093 | CriticGrad: 0.4785 | Noise: 0.0500 | Replay: 50000 | FPS: 18.61 | ETA: 25.2 min
2026-09-17 22:16:40,118 | INFO | Steps: 122368/150000 | Episodes: 239 | LastEpReward: 10.672 | RecentReward: 12.953 | ActorLoss: -2.796384 | CriticLoss: 0.015093 | Q: 2.7900 | TargetQ: 2.7895 | TDAbs: 0.1308 | ActorGrad: 0.0117 | CriticGrad: 0.4004 | Noise: 0.0500 | Replay: 50000 | FPS: 18.62 | ETA: 24.7 min
2026-09-17 22:17:04,387 | INFO | 开始周期评估: Steps=122880 | Episodes=240 | EvalEpisodes=5
2026-09-17 22:17:43,086 | INFO | 周期评估完成: Steps=122880 | MeanReward=7.546 | StdReward=5.627
2026-09-17 22:17:43,095 | INFO | Steps: 122880/150000 | Episodes: 240 | LastEpReward: -1.997 | RecentReward: 11.245 | ActorLoss: -2.810587 | CriticLoss: 0.015340 | Q: 2.8056 | TargetQ: 2.8059 | TDAbs: 0.1305 | ActorGrad: 0.0067 | CriticGrad: 0.4452 | Noise: 0.0500 | Replay: 50000 | FPS: 18.53 | ETA: 24.4 min
2026-09-17 22:18:07,341 | INFO | Steps: 123392/150000 | Episodes: 241 | LastEpReward: -0.733 | RecentReward: 9.775 | ActorLoss: -2.765759 | CriticLoss: 0.016108 | Q: 2.7592 | TargetQ: 2.7579 | TDAbs: 0.1318 | ActorGrad: 0.0128 | CriticGrad: 0.3965 | Noise: 0.0500 | Replay: 50000 | FPS: 18.53 | ETA: 23.9 min
2026-09-17 22:18:31,222 | INFO | Steps: 123904/150000 | Episodes: 242 | LastEpReward: -0.630 | RecentReward: 7.367 | ActorLoss: -2.747857 | CriticLoss: 0.014875 | Q: 2.7402 | TargetQ: 2.7396 | TDAbs: 0.1291 | ActorGrad: 0.0201 | CriticGrad: 0.4310 | Noise: 0.0500 | Replay: 50000 | FPS: 18.55 | ETA: 23.5 min
2026-09-17 22:18:55,113 | INFO | Steps: 124416/150000 | Episodes: 243 | LastEpReward: 21.468 | RecentReward: 8.690 | ActorLoss: -2.772555 | CriticLoss: 0.015111 | Q: 2.7671 | TargetQ: 2.7678 | TDAbs: 0.1283 | ActorGrad: 0.0183 | CriticGrad: 0.4179 | Noise: 0.0500 | Replay: 50000 | FPS: 18.56 | ETA: 23.0 min
2026-09-17 22:19:19,116 | INFO | Steps: 124928/150000 | Episodes: 244 | LastEpReward: 9.525 | RecentReward: 8.493 | ActorLoss: -2.718673 | CriticLoss: 0.013949 | Q: 2.7104 | TargetQ: 2.7108 | TDAbs: 0.1256 | ActorGrad: 0.0213 | CriticGrad: 0.3991 | Noise: 0.0500 | Replay: 50000 | FPS: 18.57 | ETA: 22.5 min
2026-09-17 22:19:43,333 | INFO | Steps: 125440/150000 | Episodes: 245 | LastEpReward: 0.589 | RecentReward: 7.053 | ActorLoss: -2.717319 | CriticLoss: 0.014107 | Q: 2.7117 | TargetQ: 2.7111 | TDAbs: 0.1256 | ActorGrad: 0.0116 | CriticGrad: 0.3968 | Noise: 0.0500 | Replay: 50000 | FPS: 18.57 | ETA: 22.0 min
2026-09-17 22:20:07,112 | INFO | Steps: 125952/150000 | Episodes: 246 | LastEpReward: 11.106 | RecentReward: 7.238 | ActorLoss: -2.713466 | CriticLoss: 0.013517 | Q: 2.7076 | TargetQ: 2.7077 | TDAbs: 0.1250 | ActorGrad: 0.0101 | CriticGrad: 0.3881 | Noise: 0.0500 | Replay: 50000 | FPS: 18.58 | ETA: 21.6 min
2026-09-17 22:20:30,862 | INFO | Steps: 126464/150000 | Episodes: 247 | LastEpReward: 13.215 | RecentReward: 7.680 | ActorLoss: -2.706525 | CriticLoss: 0.014263 | Q: 2.7006 | TargetQ: 2.7018 | TDAbs: 0.1251 | ActorGrad: 0.0071 | CriticGrad: 0.4332 | Noise: 0.0500 | Replay: 50000 | FPS: 18.60 | ETA: 21.1 min
2026-09-17 22:20:54,182 | INFO | Steps: 126976/150000 | Episodes: 248 | LastEpReward: -0.538 | RecentReward: 6.268 | ActorLoss: -2.655211 | CriticLoss: 0.013933 | Q: 2.6502 | TargetQ: 2.6497 | TDAbs: 0.1234 | ActorGrad: 0.0147 | CriticGrad: 0.3808 | Noise: 0.0500 | Replay: 50000 | FPS: 18.61 | ETA: 20.6 min
2026-09-17 22:21:18,273 | INFO | Steps: 127488/150000 | Episodes: 249 | LastEpReward: 0.022 | RecentReward: 5.203 | ActorLoss: -2.631684 | CriticLoss: 0.013275 | Q: 2.6250 | TargetQ: 2.6252 | TDAbs: 0.1207 | ActorGrad: 0.0162 | CriticGrad: 0.3538 | Noise: 0.0500 | Replay: 50000 | FPS: 18.62 | ETA: 20.2 min
2026-09-17 22:21:42,020 | INFO | 开始周期评估: Steps=128000 | Episodes=250 | EvalEpisodes=5
2026-09-17 22:22:20,542 | INFO | 周期评估完成: Steps=128000 | MeanReward=8.785 | StdReward=5.550
2026-09-17 22:22:20,551 | INFO | Steps: 128000/150000 | Episodes: 250 | LastEpReward: 2.656 | RecentReward: 5.668 | ActorLoss: -2.625318 | CriticLoss: 0.013440 | Q: 2.6182 | TargetQ: 2.6182 | TDAbs: 0.1205 | ActorGrad: 0.0140 | CriticGrad: 0.3950 | Noise: 0.0500 | Replay: 50000 | FPS: 18.52 | ETA: 19.8 min
2026-09-17 22:22:44,499 | INFO | Steps: 128512/150000 | Episodes: 251 | LastEpReward: -2.671 | RecentReward: 5.474 | ActorLoss: -2.614757 | CriticLoss: 0.012780 | Q: 2.6080 | TargetQ: 2.6087 | TDAbs: 0.1204 | ActorGrad: 0.0152 | CriticGrad: 0.3969 | Noise: 0.0500 | Replay: 50000 | FPS: 18.53 | ETA: 19.3 min
2026-09-17 22:23:08,570 | INFO | Steps: 129024/150000 | Episodes: 252 | LastEpReward: -2.448 | RecentReward: 5.293 | ActorLoss: -2.574584 | CriticLoss: 0.012754 | Q: 2.5681 | TargetQ: 2.5679 | TDAbs: 0.1192 | ActorGrad: 0.0191 | CriticGrad: 0.4055 | Noise: 0.0500 | Replay: 50000 | FPS: 18.54 | ETA: 18.9 min
2026-09-17 22:23:32,859 | INFO | Steps: 129536/150000 | Episodes: 253 | LastEpReward: -0.944 | RecentReward: 3.051 | ActorLoss: -2.566391 | CriticLoss: 0.012001 | Q: 2.5603 | TargetQ: 2.5617 | TDAbs: 0.1160 | ActorGrad: 0.0189 | CriticGrad: 0.3440 | Noise: 0.0500 | Replay: 50000 | FPS: 18.55 | ETA: 18.4 min
2026-09-17 22:23:56,759 | INFO | Steps: 130048/150000 | Episodes: 254 | LastEpReward: 1.479 | RecentReward: 2.247 | ActorLoss: -2.580945 | CriticLoss: 0.012256 | Q: 2.5737 | TargetQ: 2.5730 | TDAbs: 0.1168 | ActorGrad: 0.0098 | CriticGrad: 0.3392 | Noise: 0.0500 | Replay: 50000 | FPS: 18.56 | ETA: 17.9 min
2026-09-17 22:24:20,369 | INFO | Steps: 130560/150000 | Episodes: 255 | LastEpReward: 4.641 | RecentReward: 2.652 | ActorLoss: -2.510139 | CriticLoss: 0.013004 | Q: 2.5048 | TargetQ: 2.5043 | TDAbs: 0.1186 | ActorGrad: 0.0147 | CriticGrad: 0.3672 | Noise: 0.0500 | Replay: 50000 | FPS: 18.57 | ETA: 17.4 min
2026-09-17 22:24:43,923 | INFO | Steps: 131072/150000 | Episodes: 256 | LastEpReward: 1.591 | RecentReward: 1.700 | ActorLoss: -2.525569 | CriticLoss: 0.012195 | Q: 2.5186 | TargetQ: 2.5181 | TDAbs: 0.1167 | ActorGrad: 0.0099 | CriticGrad: 0.3317 | Noise: 0.0500 | Replay: 50000 | FPS: 18.58 | ETA: 17.0 min
2026-09-17 22:25:07,606 | INFO | Steps: 131584/150000 | Episodes: 257 | LastEpReward: 0.141 | RecentReward: 0.393 | ActorLoss: -2.506753 | CriticLoss: 0.012597 | Q: 2.4994 | TargetQ: 2.4991 | TDAbs: 0.1174 | ActorGrad: 0.0225 | CriticGrad: 0.3710 | Noise: 0.0500 | Replay: 50000 | FPS: 18.59 | ETA: 16.5 min
2026-09-17 22:25:31,041 | INFO | Steps: 132096/150000 | Episodes: 258 | LastEpReward: 14.272 | RecentReward: 1.874 | ActorLoss: -2.464240 | CriticLoss: 0.013785 | Q: 2.4528 | TargetQ: 2.4530 | TDAbs: 0.1219 | ActorGrad: 0.0545 | CriticGrad: 0.3301 | Noise: 0.0500 | Replay: 50000 | FPS: 18.60 | ETA: 16.0 min
2026-09-17 22:25:54,760 | INFO | Steps: 132608/150000 | Episodes: 259 | LastEpReward: 17.089 | RecentReward: 3.581 | ActorLoss: -2.450454 | CriticLoss: 0.013938 | Q: 2.4386 | TargetQ: 2.4385 | TDAbs: 0.1244 | ActorGrad: 0.0487 | CriticGrad: 0.3757 | Noise: 0.0500 | Replay: 50000 | FPS: 18.61 | ETA: 15.6 min
2026-09-17 22:26:18,630 | INFO | 开始周期评估: Steps=133120 | Episodes=260 | EvalEpisodes=5
2026-09-17 22:26:57,405 | INFO | 周期评估完成: Steps=133120 | MeanReward=23.126 | StdReward=4.947
2026-09-17 22:26:57,414 | INFO | Steps: 133120/150000 | Episodes: 260 | LastEpReward: 21.686 | RecentReward: 5.484 | ActorLoss: -2.439605 | CriticLoss: 0.015087 | Q: 2.4284 | TargetQ: 2.4286 | TDAbs: 0.1277 | ActorGrad: 0.0563 | CriticGrad: 0.3873 | Noise: 0.0500 | Replay: 50000 | FPS: 18.52 | ETA: 15.2 min
2026-09-17 22:27:21,174 | INFO | Steps: 133632/150000 | Episodes: 261 | LastEpReward: 7.450 | RecentReward: 6.496 | ActorLoss: -2.414405 | CriticLoss: 0.013656 | Q: 2.4053 | TargetQ: 2.4056 | TDAbs: 0.1221 | ActorGrad: 0.0478 | CriticGrad: 0.3552 | Noise: 0.0500 | Replay: 50000 | FPS: 18.53 | ETA: 14.7 min
2026-09-17 22:27:44,926 | INFO | Steps: 134144/150000 | Episodes: 262 | LastEpReward: 6.100 | RecentReward: 7.350 | ActorLoss: -2.414073 | CriticLoss: 0.015315 | Q: 2.4027 | TargetQ: 2.4036 | TDAbs: 0.1289 | ActorGrad: 0.0543 | CriticGrad: 0.3966 | Noise: 0.0500 | Replay: 50000 | FPS: 18.54 | ETA: 14.3 min
2026-09-17 22:28:08,975 | INFO | Steps: 134656/150000 | Episodes: 263 | LastEpReward: 31.939 | RecentReward: 10.639 | ActorLoss: -2.433162 | CriticLoss: 0.014638 | Q: 2.4213 | TargetQ: 2.4203 | TDAbs: 0.1249 | ActorGrad: 0.0530 | CriticGrad: 0.3912 | Noise: 0.0500 | Replay: 50000 | FPS: 18.55 | ETA: 13.8 min
2026-09-17 22:28:32,499 | INFO | Steps: 135168/150000 | Episodes: 264 | LastEpReward: 22.931 | RecentReward: 12.784 | ActorLoss: -2.431430 | CriticLoss: 0.014872 | Q: 2.4191 | TargetQ: 2.4195 | TDAbs: 0.1276 | ActorGrad: 0.0318 | CriticGrad: 0.3882 | Noise: 0.0500 | Replay: 50000 | FPS: 18.56 | ETA: 13.3 min
2026-09-17 22:28:56,459 | INFO | Steps: 135680/150000 | Episodes: 265 | LastEpReward: 17.272 | RecentReward: 14.047 | ActorLoss: -2.382523 | CriticLoss: 0.014997 | Q: 2.3713 | TargetQ: 2.3713 | TDAbs: 0.1276 | ActorGrad: 0.0489 | CriticGrad: 0.4043 | Noise: 0.0500 | Replay: 50000 | FPS: 18.57 | ETA: 12.9 min
2026-09-17 22:29:20,609 | INFO | Steps: 136192/150000 | Episodes: 266 | LastEpReward: 24.543 | RecentReward: 16.342 | ActorLoss: -2.415729 | CriticLoss: 0.015115 | Q: 2.4044 | TargetQ: 2.4037 | TDAbs: 0.1282 | ActorGrad: 0.0437 | CriticGrad: 0.3703 | Noise: 0.0500 | Replay: 50000 | FPS: 18.58 | ETA: 12.4 min
2026-09-17 22:29:44,261 | INFO | Steps: 136704/150000 | Episodes: 267 | LastEpReward: 15.689 | RecentReward: 17.897 | ActorLoss: -2.375845 | CriticLoss: 0.015349 | Q: 2.3627 | TargetQ: 2.3623 | TDAbs: 0.1301 | ActorGrad: 0.0252 | CriticGrad: 0.3720 | Noise: 0.0500 | Replay: 50000 | FPS: 18.59 | ETA: 11.9 min
2026-09-17 22:30:08,271 | INFO | Steps: 137216/150000 | Episodes: 268 | LastEpReward: 27.151 | RecentReward: 19.185 | ActorLoss: -2.348830 | CriticLoss: 0.016551 | Q: 2.3384 | TargetQ: 2.3388 | TDAbs: 0.1344 | ActorGrad: 0.0283 | CriticGrad: 0.4251 | Noise: 0.0500 | Replay: 50000 | FPS: 18.60 | ETA: 11.5 min
2026-09-17 22:30:32,214 | INFO | Steps: 137728/150000 | Episodes: 269 | LastEpReward: 22.418 | RecentReward: 19.718 | ActorLoss: -2.370079 | CriticLoss: 0.015919 | Q: 2.3609 | TargetQ: 2.3612 | TDAbs: 0.1322 | ActorGrad: 0.0374 | CriticGrad: 0.4200 | Noise: 0.0500 | Replay: 50000 | FPS: 18.61 | ETA: 11.0 min
2026-09-17 22:30:55,948 | INFO | 开始周期评估: Steps=138240 | Episodes=270 | EvalEpisodes=5
2026-09-17 22:31:34,585 | INFO | 周期评估完成: Steps=138240 | MeanReward=25.026 | StdReward=7.309
2026-09-17 22:31:34,594 | INFO | Steps: 138240/150000 | Episodes: 270 | LastEpReward: 17.903 | RecentReward: 19.340 | ActorLoss: -2.316509 | CriticLoss: 0.016428 | Q: 2.3050 | TargetQ: 2.3048 | TDAbs: 0.1340 | ActorGrad: 0.0277 | CriticGrad: 0.4119 | Noise: 0.0500 | Replay: 50000 | FPS: 18.52 | ETA: 10.6 min
2026-09-17 22:31:58,505 | INFO | Steps: 138752/150000 | Episodes: 271 | LastEpReward: 8.134 | RecentReward: 19.408 | ActorLoss: -2.307642 | CriticLoss: 0.016990 | Q: 2.2987 | TargetQ: 2.2986 | TDAbs: 0.1356 | ActorGrad: 0.0310 | CriticGrad: 0.4553 | Noise: 0.0500 | Replay: 50000 | FPS: 18.53 | ETA: 10.1 min
2026-09-17 22:32:22,002 | INFO | Steps: 139264/150000 | Episodes: 272 | LastEpReward: 19.188 | RecentReward: 20.717 | ActorLoss: -2.301537 | CriticLoss: 0.019008 | Q: 2.2925 | TargetQ: 2.2944 | TDAbs: 0.1386 | ActorGrad: 0.0300 | CriticGrad: 0.4480 | Noise: 0.0500 | Replay: 50000 | FPS: 18.54 | ETA: 9.7 min
2026-09-17 22:32:45,975 | INFO | Steps: 139776/150000 | Episodes: 273 | LastEpReward: 20.063 | RecentReward: 19.529 | ActorLoss: -2.293452 | CriticLoss: 0.017775 | Q: 2.2821 | TargetQ: 2.2810 | TDAbs: 0.1386 | ActorGrad: 0.0285 | CriticGrad: 0.4460 | Noise: 0.0500 | Replay: 50000 | FPS: 18.55 | ETA: 9.2 min
2026-09-17 22:33:09,926 | INFO | Steps: 140288/150000 | Episodes: 274 | LastEpReward: 24.434 | RecentReward: 19.679 | ActorLoss: -2.287116 | CriticLoss: 0.019203 | Q: 2.2761 | TargetQ: 2.2754 | TDAbs: 0.1410 | ActorGrad: 0.0335 | CriticGrad: 0.4864 | Noise: 0.0500 | Replay: 50000 | FPS: 18.56 | ETA: 8.7 min
2026-09-17 22:33:33,480 | INFO | Steps: 140800/150000 | Episodes: 275 | LastEpReward: 15.504 | RecentReward: 19.503 | ActorLoss: -2.287696 | CriticLoss: 0.020955 | Q: 2.2763 | TargetQ: 2.2757 | TDAbs: 0.1470 | ActorGrad: 0.0535 | CriticGrad: 0.5197 | Noise: 0.0500 | Replay: 50000 | FPS: 18.57 | ETA: 8.3 min
2026-09-17 22:33:57,138 | INFO | Steps: 141312/150000 | Episodes: 276 | LastEpReward: 21.370 | RecentReward: 19.185 | ActorLoss: -2.256497 | CriticLoss: 0.020570 | Q: 2.2434 | TargetQ: 2.2443 | TDAbs: 0.1465 | ActorGrad: 0.0309 | CriticGrad: 0.4782 | Noise: 0.0500 | Replay: 50000 | FPS: 18.58 | ETA: 7.8 min
2026-09-17 22:34:20,776 | INFO | Steps: 141824/150000 | Episodes: 277 | LastEpReward: 19.132 | RecentReward: 19.530 | ActorLoss: -2.234319 | CriticLoss: 0.018905 | Q: 2.2251 | TargetQ: 2.2249 | TDAbs: 0.1393 | ActorGrad: 0.0269 | CriticGrad: 0.4534 | Noise: 0.0500 | Replay: 50000 | FPS: 18.59 | ETA: 7.3 min
2026-09-17 22:34:44,234 | INFO | Steps: 142336/150000 | Episodes: 278 | LastEpReward: 17.139 | RecentReward: 18.528 | ActorLoss: -2.298559 | CriticLoss: 0.022798 | Q: 2.2904 | TargetQ: 2.2900 | TDAbs: 0.1518 | ActorGrad: 0.0265 | CriticGrad: 0.5312 | Noise: 0.0500 | Replay: 50000 | FPS: 18.60 | ETA: 6.9 min
2026-09-17 22:35:08,020 | INFO | Steps: 142848/150000 | Episodes: 279 | LastEpReward: 17.688 | RecentReward: 18.055 | ActorLoss: -2.302942 | CriticLoss: 0.020688 | Q: 2.2911 | TargetQ: 2.2919 | TDAbs: 0.1463 | ActorGrad: 0.0328 | CriticGrad: 0.4955 | Noise: 0.0500 | Replay: 50000 | FPS: 18.60 | ETA: 6.4 min
2026-09-17 22:35:31,709 | INFO | 开始周期评估: Steps=143360 | Episodes=280 | EvalEpisodes=5
2026-09-17 22:36:10,522 | INFO | 周期评估完成: Steps=143360 | MeanReward=25.044 | StdReward=7.314
2026-09-17 22:36:10,531 | INFO | Steps: 143360/150000 | Episodes: 280 | LastEpReward: 17.464 | RecentReward: 18.012 | ActorLoss: -2.281648 | CriticLoss: 0.021591 | Q: 2.2704 | TargetQ: 2.2710 | TDAbs: 0.1495 | ActorGrad: 0.0292 | CriticGrad: 0.6319 | Noise: 0.0500 | Replay: 50000 | FPS: 18.52 | ETA: 6.0 min
2026-09-17 22:36:34,483 | INFO | Steps: 143872/150000 | Episodes: 281 | LastEpReward: 27.801 | RecentReward: 19.978 | ActorLoss: -2.299237 | CriticLoss: 0.023016 | Q: 2.2900 | TargetQ: 2.2900 | TDAbs: 0.1520 | ActorGrad: 0.0314 | CriticGrad: 0.5414 | Noise: 0.0500 | Replay: 50000 | FPS: 18.53 | ETA: 5.5 min
2026-09-17 22:36:58,501 | INFO | Steps: 144384/150000 | Episodes: 282 | LastEpReward: 13.613 | RecentReward: 19.421 | ActorLoss: -2.246134 | CriticLoss: 0.022657 | Q: 2.2414 | TargetQ: 2.2398 | TDAbs: 0.1523 | ActorGrad: 0.0265 | CriticGrad: 0.5281 | Noise: 0.0500 | Replay: 50000 | FPS: 18.54 | ETA: 5.0 min
2026-09-17 22:37:22,191 | INFO | Steps: 144896/150000 | Episodes: 283 | LastEpReward: 21.532 | RecentReward: 19.568 | ActorLoss: -2.248963 | CriticLoss: 0.023544 | Q: 2.2435 | TargetQ: 2.2413 | TDAbs: 0.1542 | ActorGrad: 0.0287 | CriticGrad: 0.5612 | Noise: 0.0500 | Replay: 50000 | FPS: 18.55 | ETA: 4.6 min
2026-09-17 22:37:45,853 | INFO | Steps: 145408/150000 | Episodes: 284 | LastEpReward: 20.861 | RecentReward: 19.210 | ActorLoss: -2.214069 | CriticLoss: 0.025379 | Q: 2.2097 | TargetQ: 2.2101 | TDAbs: 0.1574 | ActorGrad: 0.0348 | CriticGrad: 0.5846 | Noise: 0.0500 | Replay: 50000 | FPS: 18.56 | ETA: 4.1 min
2026-09-17 22:38:09,881 | INFO | Steps: 145920/150000 | Episodes: 285 | LastEpReward: 15.196 | RecentReward: 19.180 | ActorLoss: -2.266253 | CriticLoss: 0.026181 | Q: 2.2607 | TargetQ: 2.2597 | TDAbs: 0.1607 | ActorGrad: 0.0351 | CriticGrad: 0.6235 | Noise: 0.0500 | Replay: 50000 | FPS: 18.57 | ETA: 3.7 min
2026-09-17 22:38:33,853 | INFO | Steps: 146432/150000 | Episodes: 286 | LastEpReward: 18.027 | RecentReward: 18.845 | ActorLoss: -2.208172 | CriticLoss: 0.025233 | Q: 2.2035 | TargetQ: 2.2027 | TDAbs: 0.1598 | ActorGrad: 0.0349 | CriticGrad: 0.6273 | Noise: 0.0500 | Replay: 50000 | FPS: 18.57 | ETA: 3.2 min
2026-09-17 22:38:57,322 | INFO | Steps: 146944/150000 | Episodes: 287 | LastEpReward: 17.174 | RecentReward: 18.649 | ActorLoss: -2.256798 | CriticLoss: 0.026141 | Q: 2.2547 | TargetQ: 2.2535 | TDAbs: 0.1619 | ActorGrad: 0.0321 | CriticGrad: 0.6152 | Noise: 0.0500 | Replay: 50000 | FPS: 18.58 | ETA: 2.7 min
2026-09-17 22:39:21,171 | INFO | Steps: 147456/150000 | Episodes: 288 | LastEpReward: 34.102 | RecentReward: 20.346 | ActorLoss: -2.237499 | CriticLoss: 0.027119 | Q: 2.2364 | TargetQ: 2.2350 | TDAbs: 0.1632 | ActorGrad: 0.0333 | CriticGrad: 0.6768 | Noise: 0.0500 | Replay: 50000 | FPS: 18.59 | ETA: 2.3 min
2026-09-17 22:39:45,288 | INFO | Steps: 147968/150000 | Episodes: 289 | LastEpReward: 28.570 | RecentReward: 21.434 | ActorLoss: -2.275250 | CriticLoss: 0.026288 | Q: 2.2697 | TargetQ: 2.2681 | TDAbs: 0.1606 | ActorGrad: 0.0355 | CriticGrad: 0.6543 | Noise: 0.0500 | Replay: 50000 | FPS: 18.60 | ETA: 1.8 min
2026-09-17 22:40:09,370 | INFO | 开始周期评估: Steps=148480 | Episodes=290 | EvalEpisodes=5
2026-09-17 22:40:48,268 | INFO | 周期评估完成: Steps=148480 | MeanReward=24.663 | StdReward=6.748
2026-09-17 22:40:48,278 | INFO | Steps: 148480/150000 | Episodes: 290 | LastEpReward: 35.451 | RecentReward: 23.233 | ActorLoss: -2.211212 | CriticLoss: 0.028373 | Q: 2.2069 | TargetQ: 2.2056 | TDAbs: 0.1652 | ActorGrad: 0.0463 | CriticGrad: 0.6905 | Noise: 0.0500 | Replay: 50000 | FPS: 18.52 | ETA: 1.4 min
2026-09-17 22:41:12,459 | INFO | Steps: 148992/150000 | Episodes: 291 | LastEpReward: 23.648 | RecentReward: 22.817 | ActorLoss: -2.237970 | CriticLoss: 0.028761 | Q: 2.2355 | TargetQ: 2.2347 | TDAbs: 0.1669 | ActorGrad: 0.0744 | CriticGrad: 0.6951 | Noise: 0.0500 | Replay: 50000 | FPS: 18.53 | ETA: 0.9 min
2026-09-17 22:41:36,178 | INFO | Steps: 149504/150000 | Episodes: 292 | LastEpReward: 8.782 | RecentReward: 22.334 | ActorLoss: -2.248999 | CriticLoss: 0.030047 | Q: 2.2452 | TargetQ: 2.2457 | TDAbs: 0.1685 | ActorGrad: 0.1349 | CriticGrad: 0.7013 | Noise: 0.0500 | Replay: 50000 | FPS: 18.53 | ETA: 0.4 min
2026-09-17 22:41:59,213 | INFO | Steps: 150000/150000 | Episodes: 292 | LastEpReward: 8.782 | RecentReward: 22.334 | ActorLoss: -2.254515 | CriticLoss: 0.026899 | Q: 2.2497 | TargetQ: 2.2493 | TDAbs: 0.1642 | ActorGrad: 0.0379 | CriticGrad: 0.6346 | Noise: 0.0500 | Replay: 50000 | FPS: 18.54 | ETA: 0.0 min
2026-09-17 22:43:16,912 | INFO | MADDPG 训练与评估完成，最佳权重: /home/pjpjq/LEO_switch/results/multiseed_0907/seed46/u35/learned_baselines/maddpg/maddpg_model.pt
