2026-09-12 21:17:44,254 | INFO | ============================================================
2026-09-12 21:17:44,254 | INFO | 开始训练纯 MADDPG 基线
2026-09-12 21:17:44,254 | INFO | 用户数: 25 | 观测维度: 76 | handover维度: 11 | 总步数: 150000 | warmup: 1000 | batch: 128 | 日志间隔: 512 steps | device: cuda | actor_lr: 1.0e-04 | critic_lr: 3.0e-04 | tau: 0.005 | reward_scale: 1.00
2026-09-12 21:17:44,254 | INFO | ============================================================
2026-09-12 21:17:48,107 | INFO | Steps: 512/150000 | Episodes: 1 | LastEpReward: -9.131 | RecentReward: -9.131 | ActorLoss: 0.000000 | CriticLoss: 0.000000 | Q: 0.0000 | TargetQ: 0.0000 | TDAbs: 0.0000 | ActorGrad: 0.0000 | CriticGrad: 0.0000 | Noise: 0.3500 | Replay: 512 | FPS: 132.90 | ETA: 18.7 min
2026-09-12 21:17:52,157 | INFO | Steps: 1024/150000 | Episodes: 2 | LastEpReward: -2.374 | RecentReward: -5.753 | ActorLoss: -0.086805 | CriticLoss: 0.004670 | Q: 0.0872 | TargetQ: 0.0899 | TDAbs: 0.0754 | ActorGrad: 0.0010 | CriticGrad: 0.0817 | Noise: 0.3499 | Replay: 1024 | FPS: 129.57 | ETA: 19.2 min
2026-09-12 21:17:58,609 | INFO | Steps: 1536/150000 | Episodes: 3 | LastEpReward: -1.094 | RecentReward: -4.200 | ActorLoss: -0.108851 | CriticLoss: 0.000560 | Q: 0.0830 | TargetQ: 0.0829 | TDAbs: 0.0253 | ActorGrad: 0.0014 | CriticGrad: 0.0457 | Noise: 0.3485 | Replay: 1536 | FPS: 107.00 | ETA: 23.1 min
2026-09-12 21:18:04,856 | INFO | Steps: 2048/150000 | Episodes: 4 | LastEpReward: -61.171 | RecentReward: -18.443 | ActorLoss: -0.065736 | CriticLoss: 0.000807 | Q: 0.0451 | TargetQ: 0.0451 | TDAbs: 0.0302 | ActorGrad: 0.0014 | CriticGrad: 0.0660 | Noise: 0.3470 | Replay: 2048 | FPS: 99.41 | ETA: 24.8 min
2026-09-12 21:18:11,138 | INFO | Steps: 2560/150000 | Episodes: 5 | LastEpReward: -68.911 | RecentReward: -28.536 | ActorLoss: 0.081761 | CriticLoss: 0.001202 | Q: -0.0980 | TargetQ: -0.0979 | TDAbs: 0.0364 | ActorGrad: 0.0006 | CriticGrad: 0.0852 | Noise: 0.3455 | Replay: 2560 | FPS: 95.22 | ETA: 25.8 min
2026-09-12 21:18:17,485 | INFO | Steps: 3072/150000 | Episodes: 6 | LastEpReward: -61.329 | RecentReward: -34.002 | ActorLoss: 0.246871 | CriticLoss: 0.001963 | Q: -0.2566 | TargetQ: -0.2562 | TDAbs: 0.0471 | ActorGrad: 0.0002 | CriticGrad: 0.1499 | Noise: 0.3441 | Replay: 3072 | FPS: 92.44 | ETA: 26.5 min
2026-09-12 21:18:23,880 | INFO | Steps: 3584/150000 | Episodes: 7 | LastEpReward: -46.222 | RecentReward: -35.747 | ActorLoss: 0.409567 | CriticLoss: 0.002034 | Q: -0.4373 | TargetQ: -0.4376 | TDAbs: 0.0467 | ActorGrad: 0.0281 | CriticGrad: 0.1352 | Noise: 0.3426 | Replay: 3584 | FPS: 90.45 | ETA: 27.0 min
2026-09-12 21:18:30,309 | INFO | Steps: 4096/150000 | Episodes: 8 | LastEpReward: 9.502 | RecentReward: -30.091 | ActorLoss: 0.298216 | CriticLoss: 0.001532 | Q: -0.3590 | TargetQ: -0.3590 | TDAbs: 0.0417 | ActorGrad: 0.0065 | CriticGrad: 0.0996 | Noise: 0.3412 | Replay: 4096 | FPS: 88.94 | ETA: 27.3 min
2026-09-12 21:18:36,763 | INFO | Steps: 4608/150000 | Episodes: 9 | LastEpReward: 12.522 | RecentReward: -25.357 | ActorLoss: 0.222724 | CriticLoss: 0.001375 | Q: -0.2794 | TargetQ: -0.2790 | TDAbs: 0.0397 | ActorGrad: 0.0077 | CriticGrad: 0.1031 | Noise: 0.3397 | Replay: 4608 | FPS: 87.76 | ETA: 27.6 min
2026-09-12 21:18:43,018 | INFO | 开始周期评估: Steps=5120 | Episodes=10 | EvalEpisodes=5
2026-09-12 21:19:01,914 | INFO | 周期评估完成: Steps=5120 | MeanReward=-5.971 | StdReward=3.001
2026-09-12 21:19:01,925 | INFO | Steps: 5120/150000 | Episodes: 10 | LastEpReward: 7.982 | RecentReward: -22.023 | ActorLoss: 0.135467 | CriticLoss: 0.001993 | Q: -0.1887 | TargetQ: -0.1889 | TDAbs: 0.0472 | ActorGrad: 0.0083 | CriticGrad: 0.1263 | Noise: 0.3382 | Replay: 5120 | FPS: 65.92 | ETA: 36.6 min
2026-09-12 21:19:08,348 | INFO | Steps: 5632/150000 | Episodes: 11 | LastEpReward: 11.106 | RecentReward: -19.999 | ActorLoss: 0.044490 | CriticLoss: 0.001774 | Q: -0.1043 | TargetQ: -0.1043 | TDAbs: 0.0448 | ActorGrad: 0.0077 | CriticGrad: 0.1097 | Noise: 0.3368 | Replay: 5632 | FPS: 66.97 | ETA: 35.9 min
2026-09-12 21:19:14,932 | INFO | Steps: 6144/150000 | Episodes: 12 | LastEpReward: -3.213 | RecentReward: -20.083 | ActorLoss: -0.050073 | CriticLoss: 0.001778 | Q: -0.0039 | TargetQ: -0.0034 | TDAbs: 0.0453 | ActorGrad: 0.0091 | CriticGrad: 0.1076 | Noise: 0.3353 | Replay: 6144 | FPS: 67.76 | ETA: 35.4 min
2026-09-12 21:19:21,348 | INFO | Steps: 6656/150000 | Episodes: 13 | LastEpReward: 4.967 | RecentReward: -19.477 | ActorLoss: -0.122394 | CriticLoss: 0.002421 | Q: 0.0691 | TargetQ: 0.0698 | TDAbs: 0.0524 | ActorGrad: 0.0120 | CriticGrad: 0.1272 | Noise: 0.3338 | Replay: 6656 | FPS: 68.55 | ETA: 34.9 min
2026-09-12 21:19:27,868 | INFO | Steps: 7168/150000 | Episodes: 14 | LastEpReward: 14.231 | RecentReward: -11.936 | ActorLoss: -0.185636 | CriticLoss: 0.002274 | Q: 0.1347 | TargetQ: 0.1353 | TDAbs: 0.0505 | ActorGrad: 0.0117 | CriticGrad: 0.1261 | Noise: 0.3324 | Replay: 7168 | FPS: 69.18 | ETA: 34.4 min
2026-09-12 21:19:34,281 | INFO | Steps: 7680/150000 | Episodes: 15 | LastEpReward: 9.135 | RecentReward: -4.132 | ActorLoss: -0.264662 | CriticLoss: 0.002852 | Q: 0.2199 | TargetQ: 0.2201 | TDAbs: 0.0569 | ActorGrad: 0.0121 | CriticGrad: 0.1372 | Noise: 0.3309 | Replay: 7680 | FPS: 69.80 | ETA: 34.0 min
2026-09-12 21:19:40,650 | INFO | Steps: 8192/150000 | Episodes: 16 | LastEpReward: 13.212 | RecentReward: 3.322 | ActorLoss: -0.313342 | CriticLoss: 0.002671 | Q: 0.2704 | TargetQ: 0.2709 | TDAbs: 0.0550 | ActorGrad: 0.0132 | CriticGrad: 0.1304 | Noise: 0.3295 | Replay: 8192 | FPS: 70.38 | ETA: 33.6 min
2026-09-12 21:19:47,175 | INFO | Steps: 8704/150000 | Episodes: 17 | LastEpReward: 11.924 | RecentReward: 9.137 | ActorLoss: -0.401704 | CriticLoss: 0.002873 | Q: 0.3535 | TargetQ: 0.3543 | TDAbs: 0.0572 | ActorGrad: 0.0149 | CriticGrad: 0.1421 | Noise: 0.3280 | Replay: 8704 | FPS: 70.81 | ETA: 33.3 min
2026-09-12 21:19:53,695 | INFO | Steps: 9216/150000 | Episodes: 18 | LastEpReward: 15.666 | RecentReward: 9.753 | ActorLoss: -0.453391 | CriticLoss: 0.002918 | Q: 0.4139 | TargetQ: 0.4139 | TDAbs: 0.0575 | ActorGrad: 0.0155 | CriticGrad: 0.1255 | Noise: 0.3265 | Replay: 9216 | FPS: 71.20 | ETA: 33.0 min
2026-09-12 21:20:00,181 | INFO | Steps: 9728/150000 | Episodes: 19 | LastEpReward: 5.633 | RecentReward: 9.064 | ActorLoss: -0.515594 | CriticLoss: 0.003403 | Q: 0.4790 | TargetQ: 0.4793 | TDAbs: 0.0613 | ActorGrad: 0.0149 | CriticGrad: 0.1434 | Noise: 0.3251 | Replay: 9728 | FPS: 71.57 | ETA: 32.7 min
2026-09-12 21:20:06,596 | INFO | 开始周期评估: Steps=10240 | Episodes=20 | EvalEpisodes=5
2026-09-12 21:20:25,423 | INFO | 周期评估完成: Steps=10240 | MeanReward=-1.674 | StdReward=3.614
2026-09-12 21:20:25,440 | INFO | Steps: 10240/150000 | Episodes: 20 | LastEpReward: 8.944 | RecentReward: 9.160 | ActorLoss: -0.562257 | CriticLoss: 0.003390 | Q: 0.5279 | TargetQ: 0.5281 | TDAbs: 0.0621 | ActorGrad: 0.0147 | CriticGrad: 0.1500 | Noise: 0.3236 | Replay: 10240 | FPS: 63.53 | ETA: 36.7 min
2026-09-12 21:20:31,782 | INFO | Steps: 10752/150000 | Episodes: 21 | LastEpReward: 2.365 | RecentReward: 8.286 | ActorLoss: -0.627212 | CriticLoss: 0.003630 | Q: 0.5916 | TargetQ: 0.5923 | TDAbs: 0.0648 | ActorGrad: 0.0172 | CriticGrad: 0.1538 | Noise: 0.3221 | Replay: 10752 | FPS: 64.18 | ETA: 36.2 min
2026-09-12 21:20:38,222 | INFO | Steps: 11264/150000 | Episodes: 22 | LastEpReward: 17.474 | RecentReward: 10.355 | ActorLoss: -0.677964 | CriticLoss: 0.003824 | Q: 0.6451 | TargetQ: 0.6453 | TDAbs: 0.0652 | ActorGrad: 0.0171 | CriticGrad: 0.1554 | Noise: 0.3207 | Replay: 11264 | FPS: 64.75 | ETA: 35.7 min
2026-09-12 21:20:44,682 | INFO | Steps: 11776/150000 | Episodes: 23 | LastEpReward: 13.552 | RecentReward: 11.213 | ActorLoss: -0.708799 | CriticLoss: 0.004014 | Q: 0.6758 | TargetQ: 0.6763 | TDAbs: 0.0669 | ActorGrad: 0.0151 | CriticGrad: 0.1660 | Noise: 0.3192 | Replay: 11776 | FPS: 65.27 | ETA: 35.3 min
2026-09-12 21:20:51,084 | INFO | Steps: 12288/150000 | Episodes: 24 | LastEpReward: 7.512 | RecentReward: 10.542 | ActorLoss: -0.752253 | CriticLoss: 0.004251 | Q: 0.7205 | TargetQ: 0.7206 | TDAbs: 0.0689 | ActorGrad: 0.0194 | CriticGrad: 0.1753 | Noise: 0.3177 | Replay: 12288 | FPS: 65.77 | ETA: 34.9 min
2026-09-12 21:20:57,468 | INFO | Steps: 12800/150000 | Episodes: 25 | LastEpReward: 3.347 | RecentReward: 9.963 | ActorLoss: -0.779784 | CriticLoss: 0.004438 | Q: 0.7504 | TargetQ: 0.7500 | TDAbs: 0.0692 | ActorGrad: 0.0196 | CriticGrad: 0.1611 | Noise: 0.3163 | Replay: 12800 | FPS: 66.25 | ETA: 34.5 min
2026-09-12 21:21:03,975 | INFO | Steps: 13312/150000 | Episodes: 26 | LastEpReward: 11.617 | RecentReward: 9.803 | ActorLoss: -0.810463 | CriticLoss: 0.004417 | Q: 0.7822 | TargetQ: 0.7829 | TDAbs: 0.0711 | ActorGrad: 0.0168 | CriticGrad: 0.1745 | Noise: 0.3148 | Replay: 13312 | FPS: 66.65 | ETA: 34.2 min
2026-09-12 21:21:10,494 | INFO | Steps: 13824/150000 | Episodes: 27 | LastEpReward: 11.708 | RecentReward: 9.782 | ActorLoss: -0.862389 | CriticLoss: 0.004951 | Q: 0.8356 | TargetQ: 0.8352 | TDAbs: 0.0743 | ActorGrad: 0.0190 | CriticGrad: 0.1793 | Noise: 0.3134 | Replay: 13824 | FPS: 67.03 | ETA: 33.9 min
2026-09-12 21:21:16,915 | INFO | Steps: 14336/150000 | Episodes: 28 | LastEpReward: 7.749 | RecentReward: 8.990 | ActorLoss: -0.895848 | CriticLoss: 0.005121 | Q: 0.8657 | TargetQ: 0.8660 | TDAbs: 0.0748 | ActorGrad: 0.0200 | CriticGrad: 0.1990 | Noise: 0.3119 | Replay: 14336 | FPS: 67.41 | ETA: 33.5 min
2026-09-12 21:21:23,221 | INFO | Steps: 14848/150000 | Episodes: 29 | LastEpReward: 4.288 | RecentReward: 8.855 | ActorLoss: -0.922920 | CriticLoss: 0.004658 | Q: 0.8941 | TargetQ: 0.8942 | TDAbs: 0.0730 | ActorGrad: 0.0182 | CriticGrad: 0.1816 | Noise: 0.3104 | Replay: 14848 | FPS: 67.81 | ETA: 33.2 min
2026-09-12 21:21:29,654 | INFO | 开始周期评估: Steps=15360 | Episodes=30 | EvalEpisodes=5
2026-09-12 21:21:48,515 | INFO | 周期评估完成: Steps=15360 | MeanReward=-4.806 | StdReward=2.671
2026-09-12 21:21:48,522 | INFO | Steps: 15360/150000 | Episodes: 30 | LastEpReward: 17.594 | RecentReward: 9.720 | ActorLoss: -0.944170 | CriticLoss: 0.005245 | Q: 0.9174 | TargetQ: 0.9178 | TDAbs: 0.0778 | ActorGrad: 0.0178 | CriticGrad: 0.1996 | Noise: 0.3090 | Replay: 15360 | FPS: 62.88 | ETA: 35.7 min
2026-09-12 21:21:54,984 | INFO | Steps: 15872/150000 | Episodes: 31 | LastEpReward: 11.208 | RecentReward: 10.605 | ActorLoss: -0.997157 | CriticLoss: 0.005506 | Q: 0.9720 | TargetQ: 0.9721 | TDAbs: 0.0793 | ActorGrad: 0.0195 | CriticGrad: 0.2073 | Noise: 0.3075 | Replay: 15872 | FPS: 63.30 | ETA: 35.3 min
2026-09-12 21:22:01,419 | INFO | Steps: 16384/150000 | Episodes: 32 | LastEpReward: 5.605 | RecentReward: 9.418 | ActorLoss: -1.037766 | CriticLoss: 0.005617 | Q: 1.0160 | TargetQ: 1.0157 | TDAbs: 0.0795 | ActorGrad: 0.0184 | CriticGrad: 0.1926 | Noise: 0.3060 | Replay: 16384 | FPS: 63.71 | ETA: 35.0 min
2026-09-12 21:22:07,979 | INFO | Steps: 16896/150000 | Episodes: 33 | LastEpReward: 18.096 | RecentReward: 9.872 | ActorLoss: -1.066227 | CriticLoss: 0.005891 | Q: 1.0428 | TargetQ: 1.0429 | TDAbs: 0.0814 | ActorGrad: 0.0209 | CriticGrad: 0.2077 | Noise: 0.3046 | Replay: 16896 | FPS: 64.07 | ETA: 34.6 min
2026-09-12 21:22:14,503 | INFO | Steps: 17408/150000 | Episodes: 34 | LastEpReward: 5.895 | RecentReward: 9.711 | ActorLoss: -1.081608 | CriticLoss: 0.005996 | Q: 1.0572 | TargetQ: 1.0572 | TDAbs: 0.0817 | ActorGrad: 0.0210 | CriticGrad: 0.2092 | Noise: 0.3031 | Replay: 17408 | FPS: 64.41 | ETA: 34.3 min
2026-09-12 21:22:21,107 | INFO | Steps: 17920/150000 | Episodes: 35 | LastEpReward: 13.488 | RecentReward: 10.725 | ActorLoss: -1.104411 | CriticLoss: 0.006689 | Q: 1.0815 | TargetQ: 1.0823 | TDAbs: 0.0873 | ActorGrad: 0.0213 | CriticGrad: 0.2471 | Noise: 0.3017 | Replay: 17920 | FPS: 64.73 | ETA: 34.0 min
2026-09-12 21:22:27,622 | INFO | Steps: 18432/150000 | Episodes: 36 | LastEpReward: 10.198 | RecentReward: 10.583 | ActorLoss: -1.141579 | CriticLoss: 0.006400 | Q: 1.1178 | TargetQ: 1.1177 | TDAbs: 0.0851 | ActorGrad: 0.0224 | CriticGrad: 0.2353 | Noise: 0.3002 | Replay: 18432 | FPS: 65.05 | ETA: 33.7 min
2026-09-12 21:22:34,136 | INFO | Steps: 18944/150000 | Episodes: 37 | LastEpReward: 5.796 | RecentReward: 9.992 | ActorLoss: -1.126810 | CriticLoss: 0.006279 | Q: 1.1072 | TargetQ: 1.1078 | TDAbs: 0.0840 | ActorGrad: 0.0216 | CriticGrad: 0.2093 | Noise: 0.2987 | Replay: 18944 | FPS: 65.35 | ETA: 33.4 min
2026-09-12 21:22:40,565 | INFO | Steps: 19456/150000 | Episodes: 38 | LastEpReward: 7.833 | RecentReward: 10.000 | ActorLoss: -1.153526 | CriticLoss: 0.006957 | Q: 1.1326 | TargetQ: 1.1328 | TDAbs: 0.0893 | ActorGrad: 0.0211 | CriticGrad: 0.2347 | Noise: 0.2973 | Replay: 19456 | FPS: 65.66 | ETA: 33.1 min
2026-09-12 21:22:47,242 | INFO | Steps: 19968/150000 | Episodes: 39 | LastEpReward: 13.295 | RecentReward: 10.901 | ActorLoss: -1.174966 | CriticLoss: 0.006747 | Q: 1.1561 | TargetQ: 1.1562 | TDAbs: 0.0871 | ActorGrad: 0.0223 | CriticGrad: 0.2404 | Noise: 0.2958 | Replay: 19968 | FPS: 65.90 | ETA: 32.9 min
2026-09-12 21:22:53,796 | INFO | 开始周期评估: Steps=20480 | Episodes=40 | EvalEpisodes=5
2026-09-12 21:23:12,554 | INFO | 周期评估完成: Steps=20480 | MeanReward=-1.682 | StdReward=3.348
2026-09-12 21:23:12,561 | INFO | Steps: 20480/150000 | Episodes: 40 | LastEpReward: 11.858 | RecentReward: 10.327 | ActorLoss: -1.190320 | CriticLoss: 0.007597 | Q: 1.1714 | TargetQ: 1.1715 | TDAbs: 0.0926 | ActorGrad: 0.0183 | CriticGrad: 0.2365 | Noise: 0.2943 | Replay: 20480 | FPS: 62.38 | ETA: 34.6 min
2026-09-12 21:23:19,193 | INFO | Steps: 20992/150000 | Episodes: 41 | LastEpReward: 24.634 | RecentReward: 11.670 | ActorLoss: -1.197059 | CriticLoss: 0.007754 | Q: 1.1803 | TargetQ: 1.1800 | TDAbs: 0.0934 | ActorGrad: 0.0197 | CriticGrad: 0.2801 | Noise: 0.2929 | Replay: 20992 | FPS: 62.67 | ETA: 34.3 min
2026-09-12 21:23:25,870 | INFO | Steps: 21504/150000 | Episodes: 42 | LastEpReward: 14.945 | RecentReward: 12.604 | ActorLoss: -1.251523 | CriticLoss: 0.007431 | Q: 1.2331 | TargetQ: 1.2333 | TDAbs: 0.0922 | ActorGrad: 0.0255 | CriticGrad: 0.2515 | Noise: 0.2914 | Replay: 21504 | FPS: 62.95 | ETA: 34.0 min
2026-09-12 21:23:32,423 | INFO | Steps: 22016/150000 | Episodes: 43 | LastEpReward: -0.766 | RecentReward: 10.718 | ActorLoss: -1.269778 | CriticLoss: 0.007873 | Q: 1.2497 | TargetQ: 1.2500 | TDAbs: 0.0938 | ActorGrad: 0.0268 | CriticGrad: 0.2709 | Noise: 0.2900 | Replay: 22016 | FPS: 63.23 | ETA: 33.7 min
2026-09-12 21:23:38,851 | INFO | Steps: 22528/150000 | Episodes: 44 | LastEpReward: 11.732 | RecentReward: 11.301 | ActorLoss: -1.319378 | CriticLoss: 0.008073 | Q: 1.3001 | TargetQ: 1.3008 | TDAbs: 0.0960 | ActorGrad: 0.0242 | CriticGrad: 0.2517 | Noise: 0.2885 | Replay: 22528 | FPS: 63.53 | ETA: 33.4 min
2026-09-12 21:23:45,290 | INFO | Steps: 23040/150000 | Episodes: 45 | LastEpReward: 9.342 | RecentReward: 10.887 | ActorLoss: -1.339208 | CriticLoss: 0.008456 | Q: 1.3220 | TargetQ: 1.3224 | TDAbs: 0.0962 | ActorGrad: 0.0282 | CriticGrad: 0.2663 | Noise: 0.2870 | Replay: 23040 | FPS: 63.82 | ETA: 33.2 min
2026-09-12 21:23:51,765 | INFO | Steps: 23552/150000 | Episodes: 46 | LastEpReward: 8.458 | RecentReward: 10.713 | ActorLoss: -1.293709 | CriticLoss: 0.008038 | Q: 1.2769 | TargetQ: 1.2775 | TDAbs: 0.0963 | ActorGrad: 0.0280 | CriticGrad: 0.2651 | Noise: 0.2856 | Replay: 23552 | FPS: 64.09 | ETA: 32.9 min
2026-09-12 21:23:58,111 | INFO | Steps: 24064/150000 | Episodes: 47 | LastEpReward: 10.796 | RecentReward: 11.213 | ActorLoss: -1.341590 | CriticLoss: 0.008429 | Q: 1.3269 | TargetQ: 1.3262 | TDAbs: 0.0976 | ActorGrad: 0.0319 | CriticGrad: 0.2584 | Noise: 0.2841 | Replay: 24064 | FPS: 64.37 | ETA: 32.6 min
2026-09-12 21:24:04,642 | INFO | Steps: 24576/150000 | Episodes: 48 | LastEpReward: 0.168 | RecentReward: 10.446 | ActorLoss: -1.365569 | CriticLoss: 0.010008 | Q: 1.3505 | TargetQ: 1.3514 | TDAbs: 0.1052 | ActorGrad: 0.0362 | CriticGrad: 0.3186 | Noise: 0.2826 | Replay: 24576 | FPS: 64.61 | ETA: 32.4 min
2026-09-12 21:24:11,181 | INFO | Steps: 25088/150000 | Episodes: 49 | LastEpReward: 4.860 | RecentReward: 9.603 | ActorLoss: -1.362587 | CriticLoss: 0.010825 | Q: 1.3486 | TargetQ: 1.3480 | TDAbs: 0.1080 | ActorGrad: 0.0332 | CriticGrad: 0.3235 | Noise: 0.2812 | Replay: 25088 | FPS: 64.84 | ETA: 32.1 min
2026-09-12 21:24:17,553 | INFO | 开始周期评估: Steps=25600 | Episodes=50 | EvalEpisodes=5
2026-09-12 21:24:36,215 | INFO | 周期评估完成: Steps=25600 | MeanReward=-6.669 | StdReward=2.435
2026-09-12 21:24:36,223 | INFO | Steps: 25600/150000 | Episodes: 50 | LastEpReward: 12.213 | RecentReward: 9.638 | ActorLoss: -1.372573 | CriticLoss: 0.009311 | Q: 1.3598 | TargetQ: 1.3603 | TDAbs: 0.1030 | ActorGrad: 0.0391 | CriticGrad: 0.2995 | Noise: 0.2797 | Replay: 25600 | FPS: 62.14 | ETA: 33.4 min
2026-09-12 21:24:42,737 | INFO | Steps: 26112/150000 | Episodes: 51 | LastEpReward: 9.166 | RecentReward: 8.091 | ActorLoss: -1.411084 | CriticLoss: 0.010350 | Q: 1.3953 | TargetQ: 1.3960 | TDAbs: 0.1069 | ActorGrad: 0.0387 | CriticGrad: 0.3088 | Noise: 0.2783 | Replay: 26112 | FPS: 62.40 | ETA: 33.1 min
2026-09-12 21:24:49,186 | INFO | Steps: 26624/150000 | Episodes: 52 | LastEpReward: 7.905 | RecentReward: 7.387 | ActorLoss: -1.396106 | CriticLoss: 0.010464 | Q: 1.3823 | TargetQ: 1.3829 | TDAbs: 0.1080 | ActorGrad: 0.0362 | CriticGrad: 0.3368 | Noise: 0.2768 | Replay: 26624 | FPS: 62.65 | ETA: 32.8 min
2026-09-12 21:24:55,657 | INFO | Steps: 27136/150000 | Episodes: 53 | LastEpReward: 27.369 | RecentReward: 10.201 | ActorLoss: -1.406384 | CriticLoss: 0.010203 | Q: 1.3919 | TargetQ: 1.3926 | TDAbs: 0.1077 | ActorGrad: 0.0441 | CriticGrad: 0.3118 | Noise: 0.2753 | Replay: 27136 | FPS: 62.90 | ETA: 32.6 min
2026-09-12 21:25:02,064 | INFO | Steps: 27648/150000 | Episodes: 54 | LastEpReward: 33.881 | RecentReward: 12.416 | ActorLoss: -1.445635 | CriticLoss: 0.010692 | Q: 1.4289 | TargetQ: 1.4297 | TDAbs: 0.1094 | ActorGrad: 0.0494 | CriticGrad: 0.3196 | Noise: 0.2739 | Replay: 27648 | FPS: 63.15 | ETA: 32.3 min
2026-09-12 21:25:08,523 | INFO | Steps: 28160/150000 | Episodes: 55 | LastEpReward: 24.316 | RecentReward: 13.913 | ActorLoss: -1.423895 | CriticLoss: 0.010302 | Q: 1.4076 | TargetQ: 1.4078 | TDAbs: 0.1076 | ActorGrad: 0.0514 | CriticGrad: 0.3145 | Noise: 0.2724 | Replay: 28160 | FPS: 63.39 | ETA: 32.0 min
2026-09-12 21:25:15,293 | INFO | Steps: 28672/150000 | Episodes: 56 | LastEpReward: 17.867 | RecentReward: 14.854 | ActorLoss: -1.505435 | CriticLoss: 0.012377 | Q: 1.4875 | TargetQ: 1.4873 | TDAbs: 0.1175 | ActorGrad: 0.0544 | CriticGrad: 0.3831 | Noise: 0.2709 | Replay: 28672 | FPS: 63.57 | ETA: 31.8 min
2026-09-12 21:25:21,861 | INFO | Steps: 29184/150000 | Episodes: 57 | LastEpReward: 18.804 | RecentReward: 15.655 | ActorLoss: -1.554646 | CriticLoss: 0.012989 | Q: 1.5341 | TargetQ: 1.5342 | TDAbs: 0.1191 | ActorGrad: 0.0517 | CriticGrad: 0.3804 | Noise: 0.2695 | Replay: 29184 | FPS: 63.78 | ETA: 31.6 min
2026-09-12 21:25:28,309 | INFO | Steps: 29696/150000 | Episodes: 58 | LastEpReward: 5.855 | RecentReward: 16.224 | ActorLoss: -1.539270 | CriticLoss: 0.010923 | Q: 1.5177 | TargetQ: 1.5180 | TDAbs: 0.1114 | ActorGrad: 0.0507 | CriticGrad: 0.3108 | Noise: 0.2680 | Replay: 29696 | FPS: 63.99 | ETA: 31.3 min
2026-09-12 21:25:34,869 | INFO | Steps: 30208/150000 | Episodes: 59 | LastEpReward: 19.114 | RecentReward: 17.649 | ActorLoss: -1.579071 | CriticLoss: 0.011766 | Q: 1.5575 | TargetQ: 1.5575 | TDAbs: 0.1153 | ActorGrad: 0.0496 | CriticGrad: 0.3405 | Noise: 0.2665 | Replay: 30208 | FPS: 64.19 | ETA: 31.1 min
2026-09-12 21:25:41,381 | INFO | 开始周期评估: Steps=30720 | Episodes=60 | EvalEpisodes=5
2026-09-12 21:26:00,313 | INFO | 周期评估完成: Steps=30720 | MeanReward=6.543 | StdReward=5.193
2026-09-12 21:26:00,325 | INFO | Steps: 30720/150000 | Episodes: 60 | LastEpReward: 10.131 | RecentReward: 17.441 | ActorLoss: -1.605289 | CriticLoss: 0.012197 | Q: 1.5826 | TargetQ: 1.5832 | TDAbs: 0.1172 | ActorGrad: 0.0488 | CriticGrad: 0.3326 | Noise: 0.2651 | Replay: 30720 | FPS: 61.93 | ETA: 32.1 min
2026-09-12 21:26:06,866 | INFO | Steps: 31232/150000 | Episodes: 61 | LastEpReward: 14.842 | RecentReward: 18.008 | ActorLoss: -1.610618 | CriticLoss: 0.012822 | Q: 1.5906 | TargetQ: 1.5911 | TDAbs: 0.1210 | ActorGrad: 0.0548 | CriticGrad: 0.3904 | Noise: 0.2636 | Replay: 31232 | FPS: 62.14 | ETA: 31.9 min
2026-09-12 21:26:13,435 | INFO | Steps: 31744/150000 | Episodes: 62 | LastEpReward: 13.496 | RecentReward: 18.567 | ActorLoss: -1.626420 | CriticLoss: 0.013407 | Q: 1.6082 | TargetQ: 1.6087 | TDAbs: 0.1239 | ActorGrad: 0.0494 | CriticGrad: 0.4140 | Noise: 0.2622 | Replay: 31744 | FPS: 62.34 | ETA: 31.6 min
2026-09-12 21:26:19,953 | INFO | Steps: 32256/150000 | Episodes: 63 | LastEpReward: 19.414 | RecentReward: 17.772 | ActorLoss: -1.696801 | CriticLoss: 0.012613 | Q: 1.6794 | TargetQ: 1.6801 | TDAbs: 0.1191 | ActorGrad: 0.0544 | CriticGrad: 0.3561 | Noise: 0.2607 | Replay: 32256 | FPS: 62.55 | ETA: 31.4 min
2026-09-12 21:26:26,439 | INFO | Steps: 32768/150000 | Episodes: 64 | LastEpReward: 13.339 | RecentReward: 15.718 | ActorLoss: -1.678052 | CriticLoss: 0.014599 | Q: 1.6635 | TargetQ: 1.6648 | TDAbs: 0.1259 | ActorGrad: 0.0570 | CriticGrad: 0.4302 | Noise: 0.2592 | Replay: 32768 | FPS: 62.75 | ETA: 31.1 min
2026-09-12 21:26:33,174 | INFO | Steps: 33280/150000 | Episodes: 65 | LastEpReward: 24.779 | RecentReward: 15.764 | ActorLoss: -1.722363 | CriticLoss: 0.014759 | Q: 1.7085 | TargetQ: 1.7078 | TDAbs: 0.1271 | ActorGrad: 0.0603 | CriticGrad: 0.4099 | Noise: 0.2578 | Replay: 33280 | FPS: 62.92 | ETA: 30.9 min
2026-09-12 21:26:39,685 | INFO | Steps: 33792/150000 | Episodes: 66 | LastEpReward: 22.162 | RecentReward: 16.194 | ActorLoss: -1.680326 | CriticLoss: 0.014490 | Q: 1.6638 | TargetQ: 1.6646 | TDAbs: 0.1276 | ActorGrad: 0.0615 | CriticGrad: 0.4121 | Noise: 0.2563 | Replay: 33792 | FPS: 63.11 | ETA: 30.7 min
2026-09-12 21:26:46,259 | INFO | Steps: 34304/150000 | Episodes: 67 | LastEpReward: 22.748 | RecentReward: 16.588 | ActorLoss: -1.756758 | CriticLoss: 0.016993 | Q: 1.7380 | TargetQ: 1.7388 | TDAbs: 0.1345 | ActorGrad: 0.0614 | CriticGrad: 0.4802 | Noise: 0.2548 | Replay: 34304 | FPS: 63.29 | ETA: 30.5 min
2026-09-12 21:26:53,130 | INFO | Steps: 34816/150000 | Episodes: 68 | LastEpReward: 8.273 | RecentReward: 16.830 | ActorLoss: -1.756787 | CriticLoss: 0.017121 | Q: 1.7359 | TargetQ: 1.7360 | TDAbs: 0.1372 | ActorGrad: 0.0606 | CriticGrad: 0.5256 | Noise: 0.2534 | Replay: 34816 | FPS: 63.43 | ETA: 30.3 min
2026-09-12 21:26:59,904 | INFO | Steps: 35328/150000 | Episodes: 69 | LastEpReward: 24.442 | RecentReward: 17.363 | ActorLoss: -1.787339 | CriticLoss: 0.017823 | Q: 1.7660 | TargetQ: 1.7660 | TDAbs: 0.1381 | ActorGrad: 0.0654 | CriticGrad: 0.5028 | Noise: 0.2519 | Replay: 35328 | FPS: 63.58 | ETA: 30.1 min
2026-09-12 21:27:06,416 | INFO | 开始周期评估: Steps=35840 | Episodes=70 | EvalEpisodes=5
2026-09-12 21:27:25,446 | INFO | 周期评估完成: Steps=35840 | MeanReward=20.139 | StdReward=6.695
2026-09-12 21:27:25,459 | INFO | Steps: 35840/150000 | Episodes: 70 | LastEpReward: 23.272 | RecentReward: 18.677 | ActorLoss: -1.839163 | CriticLoss: 0.017133 | Q: 1.8191 | TargetQ: 1.8193 | TDAbs: 0.1358 | ActorGrad: 0.0662 | CriticGrad: 0.4740 | Noise: 0.2505 | Replay: 35840 | FPS: 61.66 | ETA: 30.9 min
2026-09-12 21:27:31,901 | INFO | Steps: 36352/150000 | Episodes: 71 | LastEpReward: 19.132 | RecentReward: 19.106 | ActorLoss: -1.883948 | CriticLoss: 0.017473 | Q: 1.8679 | TargetQ: 1.8683 | TDAbs: 0.1403 | ActorGrad: 0.0773 | CriticGrad: 0.4712 | Noise: 0.2490 | Replay: 36352 | FPS: 61.86 | ETA: 30.6 min
2026-09-12 21:27:38,440 | INFO | Steps: 36864/150000 | Episodes: 72 | LastEpReward: 17.912 | RecentReward: 19.547 | ActorLoss: -1.928159 | CriticLoss: 0.019816 | Q: 1.9096 | TargetQ: 1.9100 | TDAbs: 0.1445 | ActorGrad: 0.0865 | CriticGrad: 0.5479 | Noise: 0.2475 | Replay: 36864 | FPS: 62.04 | ETA: 30.4 min
2026-09-12 21:27:45,007 | INFO | Steps: 37376/150000 | Episodes: 73 | LastEpReward: 32.519 | RecentReward: 20.858 | ActorLoss: -1.904879 | CriticLoss: 0.018648 | Q: 1.8883 | TargetQ: 1.8880 | TDAbs: 0.1431 | ActorGrad: 0.0793 | CriticGrad: 0.5433 | Noise: 0.2461 | Replay: 37376 | FPS: 62.22 | ETA: 30.2 min
2026-09-12 21:27:51,570 | INFO | Steps: 37888/150000 | Episodes: 74 | LastEpReward: 4.717 | RecentReward: 19.996 | ActorLoss: -1.970973 | CriticLoss: 0.019492 | Q: 1.9463 | TargetQ: 1.9470 | TDAbs: 0.1481 | ActorGrad: 0.0911 | CriticGrad: 0.5738 | Noise: 0.2446 | Replay: 37888 | FPS: 62.39 | ETA: 30.0 min
2026-09-12 21:27:58,055 | INFO | Steps: 38400/150000 | Episodes: 75 | LastEpReward: 11.706 | RecentReward: 18.688 | ActorLoss: -1.967558 | CriticLoss: 0.020553 | Q: 1.9462 | TargetQ: 1.9468 | TDAbs: 0.1490 | ActorGrad: 0.0834 | CriticGrad: 0.5699 | Noise: 0.2431 | Replay: 38400 | FPS: 62.56 | ETA: 29.7 min
2026-09-12 21:28:04,463 | INFO | Steps: 38912/150000 | Episodes: 76 | LastEpReward: 22.092 | RecentReward: 18.681 | ActorLoss: -1.956771 | CriticLoss: 0.019266 | Q: 1.9340 | TargetQ: 1.9339 | TDAbs: 0.1457 | ActorGrad: 0.0851 | CriticGrad: 0.4896 | Noise: 0.2417 | Replay: 38912 | FPS: 62.74 | ETA: 29.5 min
2026-09-12 21:28:11,052 | INFO | Steps: 39424/150000 | Episodes: 77 | LastEpReward: 26.531 | RecentReward: 19.059 | ActorLoss: -2.060232 | CriticLoss: 0.020022 | Q: 2.0333 | TargetQ: 2.0344 | TDAbs: 0.1468 | ActorGrad: 0.0894 | CriticGrad: 0.5469 | Noise: 0.2402 | Replay: 39424 | FPS: 62.90 | ETA: 29.3 min
2026-09-12 21:28:17,613 | INFO | Steps: 39936/150000 | Episodes: 78 | LastEpReward: 21.621 | RecentReward: 20.394 | ActorLoss: -2.054448 | CriticLoss: 0.021932 | Q: 2.0290 | TargetQ: 2.0281 | TDAbs: 0.1534 | ActorGrad: 0.0894 | CriticGrad: 0.5817 | Noise: 0.2388 | Replay: 39936 | FPS: 63.05 | ETA: 29.1 min
2026-09-12 21:28:24,211 | INFO | Steps: 40448/150000 | Episodes: 79 | LastEpReward: 18.870 | RecentReward: 19.837 | ActorLoss: -2.140960 | CriticLoss: 0.020997 | Q: 2.1103 | TargetQ: 2.1102 | TDAbs: 0.1521 | ActorGrad: 0.0941 | CriticGrad: 0.5496 | Noise: 0.2373 | Replay: 40448 | FPS: 63.20 | ETA: 28.9 min
2026-09-12 21:28:30,674 | INFO | 开始周期评估: Steps=40960 | Episodes=80 | EvalEpisodes=5
2026-09-12 21:28:49,615 | INFO | 周期评估完成: Steps=40960 | MeanReward=15.305 | StdReward=5.875
2026-09-12 21:28:49,622 | INFO | Steps: 40960/150000 | Episodes: 80 | LastEpReward: 18.344 | RecentReward: 19.344 | ActorLoss: -2.197237 | CriticLoss: 0.022730 | Q: 2.1692 | TargetQ: 2.1694 | TDAbs: 0.1572 | ActorGrad: 0.1085 | CriticGrad: 0.6195 | Noise: 0.2358 | Replay: 40960 | FPS: 61.56 | ETA: 29.5 min
2026-09-12 21:28:56,166 | INFO | Steps: 41472/150000 | Episodes: 81 | LastEpReward: 21.716 | RecentReward: 19.603 | ActorLoss: -2.227801 | CriticLoss: 0.021416 | Q: 2.2025 | TargetQ: 2.2032 | TDAbs: 0.1563 | ActorGrad: 0.0962 | CriticGrad: 0.5751 | Noise: 0.2344 | Replay: 41472 | FPS: 61.72 | ETA: 29.3 min
2026-09-12 21:29:02,814 | INFO | Steps: 41984/150000 | Episodes: 82 | LastEpReward: 20.715 | RecentReward: 19.883 | ActorLoss: -2.266120 | CriticLoss: 0.022168 | Q: 2.2396 | TargetQ: 2.2394 | TDAbs: 0.1574 | ActorGrad: 0.1025 | CriticGrad: 0.5827 | Noise: 0.2329 | Replay: 41984 | FPS: 61.87 | ETA: 29.1 min
2026-09-12 21:29:09,273 | INFO | Steps: 42496/150000 | Episodes: 83 | LastEpReward: 24.140 | RecentReward: 19.045 | ActorLoss: -2.291723 | CriticLoss: 0.023402 | Q: 2.2660 | TargetQ: 2.2661 | TDAbs: 0.1613 | ActorGrad: 0.1022 | CriticGrad: 0.6044 | Noise: 0.2314 | Replay: 42496 | FPS: 62.04 | ETA: 28.9 min
2026-09-12 21:29:15,872 | INFO | Steps: 43008/150000 | Episodes: 84 | LastEpReward: 26.125 | RecentReward: 21.186 | ActorLoss: -2.317568 | CriticLoss: 0.024055 | Q: 2.2880 | TargetQ: 2.2883 | TDAbs: 0.1644 | ActorGrad: 0.0930 | CriticGrad: 0.6609 | Noise: 0.2300 | Replay: 43008 | FPS: 62.18 | ETA: 28.7 min
2026-09-12 21:29:22,478 | INFO | Steps: 43520/150000 | Episodes: 85 | LastEpReward: 32.425 | RecentReward: 23.258 | ActorLoss: -2.417607 | CriticLoss: 0.025146 | Q: 2.3829 | TargetQ: 2.3850 | TDAbs: 0.1666 | ActorGrad: 0.1150 | CriticGrad: 0.6383 | Noise: 0.2285 | Replay: 43520 | FPS: 62.33 | ETA: 28.5 min
2026-09-12 21:29:29,373 | INFO | Steps: 44032/150000 | Episodes: 86 | LastEpReward: 37.778 | RecentReward: 24.826 | ActorLoss: -2.437450 | CriticLoss: 0.025516 | Q: 2.4064 | TargetQ: 2.4067 | TDAbs: 0.1668 | ActorGrad: 0.0992 | CriticGrad: 0.6229 | Noise: 0.2271 | Replay: 44032 | FPS: 62.45 | ETA: 28.3 min
2026-09-12 21:29:35,949 | INFO | Steps: 44544/150000 | Episodes: 87 | LastEpReward: 31.478 | RecentReward: 25.321 | ActorLoss: -2.519246 | CriticLoss: 0.026756 | Q: 2.4846 | TargetQ: 2.4836 | TDAbs: 0.1725 | ActorGrad: 0.1097 | CriticGrad: 0.6880 | Noise: 0.2256 | Replay: 44544 | FPS: 62.59 | ETA: 28.1 min
2026-09-12 21:29:42,505 | INFO | Steps: 45056/150000 | Episodes: 88 | LastEpReward: 36.725 | RecentReward: 26.832 | ActorLoss: -2.615965 | CriticLoss: 0.027013 | Q: 2.5799 | TargetQ: 2.5797 | TDAbs: 0.1714 | ActorGrad: 0.1026 | CriticGrad: 0.6896 | Noise: 0.2241 | Replay: 45056 | FPS: 62.73 | ETA: 27.9 min
2026-09-12 21:29:48,998 | INFO | Steps: 45568/150000 | Episodes: 89 | LastEpReward: 27.222 | RecentReward: 27.667 | ActorLoss: -2.626341 | CriticLoss: 0.026526 | Q: 2.5887 | TargetQ: 2.5879 | TDAbs: 0.1711 | ActorGrad: 0.1049 | CriticGrad: 0.6557 | Noise: 0.2227 | Replay: 45568 | FPS: 62.87 | ETA: 27.7 min
2026-09-12 21:29:55,534 | INFO | 开始周期评估: Steps=46080 | Episodes=90 | EvalEpisodes=5
2026-09-12 21:30:14,675 | INFO | 周期评估完成: Steps=46080 | MeanReward=31.535 | StdReward=5.925
2026-09-12 21:30:14,686 | INFO | Steps: 46080/150000 | Episodes: 90 | LastEpReward: 29.678 | RecentReward: 28.800 | ActorLoss: -2.760027 | CriticLoss: 0.026962 | Q: 2.7189 | TargetQ: 2.7198 | TDAbs: 0.1722 | ActorGrad: 0.1065 | CriticGrad: 0.6617 | Noise: 0.2212 | Replay: 46080 | FPS: 61.40 | ETA: 28.2 min
2026-09-12 21:30:21,234 | INFO | Steps: 46592/150000 | Episodes: 91 | LastEpReward: 33.019 | RecentReward: 29.931 | ActorLoss: -2.814704 | CriticLoss: 0.026950 | Q: 2.7685 | TargetQ: 2.7698 | TDAbs: 0.1730 | ActorGrad: 0.1048 | CriticGrad: 0.6858 | Noise: 0.2197 | Replay: 46592 | FPS: 61.55 | ETA: 28.0 min
2026-09-12 21:30:27,926 | INFO | Steps: 47104/150000 | Episodes: 92 | LastEpReward: 31.400 | RecentReward: 30.999 | ActorLoss: -2.897651 | CriticLoss: 0.029298 | Q: 2.8489 | TargetQ: 2.8501 | TDAbs: 0.1783 | ActorGrad: 0.1119 | CriticGrad: 0.6640 | Noise: 0.2183 | Replay: 47104 | FPS: 61.68 | ETA: 27.8 min
2026-09-12 21:30:34,534 | INFO | Steps: 47616/150000 | Episodes: 93 | LastEpReward: 32.472 | RecentReward: 31.832 | ActorLoss: -2.952681 | CriticLoss: 0.027810 | Q: 2.9051 | TargetQ: 2.9060 | TDAbs: 0.1757 | ActorGrad: 0.1100 | CriticGrad: 0.6761 | Noise: 0.2168 | Replay: 47616 | FPS: 61.82 | ETA: 27.6 min
2026-09-12 21:30:41,231 | INFO | Steps: 48128/150000 | Episodes: 94 | LastEpReward: 34.503 | RecentReward: 32.670 | ActorLoss: -3.090720 | CriticLoss: 0.028097 | Q: 3.0474 | TargetQ: 3.0462 | TDAbs: 0.1748 | ActorGrad: 0.1049 | CriticGrad: 0.6967 | Noise: 0.2153 | Replay: 48128 | FPS: 61.94 | ETA: 27.4 min
2026-09-12 21:30:47,833 | INFO | Steps: 48640/150000 | Episodes: 95 | LastEpReward: 24.920 | RecentReward: 31.920 | ActorLoss: -3.088713 | CriticLoss: 0.027784 | Q: 3.0446 | TargetQ: 3.0471 | TDAbs: 0.1770 | ActorGrad: 0.0978 | CriticGrad: 0.6801 | Noise: 0.2139 | Replay: 48640 | FPS: 62.07 | ETA: 27.2 min
2026-09-12 21:30:54,462 | INFO | Steps: 49152/150000 | Episodes: 96 | LastEpReward: 26.896 | RecentReward: 30.831 | ActorLoss: -3.165779 | CriticLoss: 0.027997 | Q: 3.1271 | TargetQ: 3.1279 | TDAbs: 0.1748 | ActorGrad: 0.1118 | CriticGrad: 0.6712 | Noise: 0.2124 | Replay: 49152 | FPS: 62.20 | ETA: 27.0 min
2026-09-12 21:31:01,046 | INFO | Steps: 49664/150000 | Episodes: 97 | LastEpReward: 16.873 | RecentReward: 29.371 | ActorLoss: -3.242618 | CriticLoss: 0.030007 | Q: 3.1994 | TargetQ: 3.1983 | TDAbs: 0.1788 | ActorGrad: 0.1057 | CriticGrad: 0.6659 | Noise: 0.2110 | Replay: 49664 | FPS: 62.33 | ETA: 26.8 min
2026-09-12 21:31:07,816 | INFO | Steps: 50176/150000 | Episodes: 98 | LastEpReward: 39.386 | RecentReward: 29.637 | ActorLoss: -3.287325 | CriticLoss: 0.028628 | Q: 3.2448 | TargetQ: 3.2478 | TDAbs: 0.1763 | ActorGrad: 0.0877 | CriticGrad: 0.6973 | Noise: 0.2095 | Replay: 50000 | FPS: 62.44 | ETA: 26.6 min
2026-09-12 21:31:14,451 | INFO | Steps: 50688/150000 | Episodes: 99 | LastEpReward: 37.073 | RecentReward: 30.622 | ActorLoss: -3.321323 | CriticLoss: 0.030286 | Q: 3.2816 | TargetQ: 3.2816 | TDAbs: 0.1793 | ActorGrad: 0.0962 | CriticGrad: 0.7331 | Noise: 0.2080 | Replay: 50000 | FPS: 62.56 | ETA: 26.5 min
2026-09-12 21:31:20,951 | INFO | 开始周期评估: Steps=51200 | Episodes=100 | EvalEpisodes=5
2026-09-12 21:31:40,177 | INFO | 周期评估完成: Steps=51200 | MeanReward=23.422 | StdReward=9.016
2026-09-12 21:31:40,184 | INFO | Steps: 51200/150000 | Episodes: 100 | LastEpReward: 27.725 | RecentReward: 30.427 | ActorLoss: -3.366270 | CriticLoss: 0.030014 | Q: 3.3319 | TargetQ: 3.3337 | TDAbs: 0.1801 | ActorGrad: 0.1046 | CriticGrad: 0.7182 | Noise: 0.2066 | Replay: 50000 | FPS: 61.25 | ETA: 26.9 min
2026-09-12 21:31:47,054 | INFO | Steps: 51712/150000 | Episodes: 101 | LastEpReward: 43.790 | RecentReward: 31.504 | ActorLoss: -3.486519 | CriticLoss: 0.029798 | Q: 3.4457 | TargetQ: 3.4485 | TDAbs: 0.1807 | ActorGrad: 0.0983 | CriticGrad: 0.7654 | Noise: 0.2051 | Replay: 50000 | FPS: 61.36 | ETA: 26.7 min
2026-09-12 21:31:53,712 | INFO | Steps: 52224/150000 | Episodes: 102 | LastEpReward: 19.540 | RecentReward: 30.318 | ActorLoss: -3.562021 | CriticLoss: 0.028193 | Q: 3.5244 | TargetQ: 3.5255 | TDAbs: 0.1758 | ActorGrad: 0.0801 | CriticGrad: 0.6516 | Noise: 0.2036 | Replay: 50000 | FPS: 61.48 | ETA: 26.5 min
2026-09-12 21:32:00,579 | INFO | Steps: 52736/150000 | Episodes: 103 | LastEpReward: 39.259 | RecentReward: 30.996 | ActorLoss: -3.631162 | CriticLoss: 0.028563 | Q: 3.5914 | TargetQ: 3.5914 | TDAbs: 0.1762 | ActorGrad: 0.0840 | CriticGrad: 0.7044 | Noise: 0.2022 | Replay: 50000 | FPS: 61.58 | ETA: 26.3 min
2026-09-12 21:32:07,261 | INFO | Steps: 53248/150000 | Episodes: 104 | LastEpReward: 11.664 | RecentReward: 28.713 | ActorLoss: -3.754540 | CriticLoss: 0.026189 | Q: 3.7192 | TargetQ: 3.7191 | TDAbs: 0.1725 | ActorGrad: 0.0792 | CriticGrad: 0.7230 | Noise: 0.2007 | Replay: 50000 | FPS: 61.70 | ETA: 26.1 min
2026-09-12 21:32:13,965 | INFO | Steps: 53760/150000 | Episodes: 105 | LastEpReward: 29.003 | RecentReward: 29.121 | ActorLoss: -3.881233 | CriticLoss: 0.025422 | Q: 3.8415 | TargetQ: 3.8410 | TDAbs: 0.1697 | ActorGrad: 0.0973 | CriticGrad: 0.6513 | Noise: 0.1993 | Replay: 50000 | FPS: 61.81 | ETA: 25.9 min
2026-09-12 21:32:20,883 | INFO | Steps: 54272/150000 | Episodes: 106 | LastEpReward: 27.381 | RecentReward: 29.169 | ActorLoss: -3.928173 | CriticLoss: 0.028716 | Q: 3.8947 | TargetQ: 3.8937 | TDAbs: 0.1750 | ActorGrad: 0.0931 | CriticGrad: 0.7734 | Noise: 0.1978 | Replay: 50000 | FPS: 61.91 | ETA: 25.8 min
2026-09-12 21:32:27,495 | INFO | Steps: 54784/150000 | Episodes: 107 | LastEpReward: 12.962 | RecentReward: 28.778 | ActorLoss: -3.925961 | CriticLoss: 0.027975 | Q: 3.8926 | TargetQ: 3.8927 | TDAbs: 0.1733 | ActorGrad: 0.0998 | CriticGrad: 0.6724 | Noise: 0.1963 | Replay: 50000 | FPS: 62.03 | ETA: 25.6 min
2026-09-12 21:32:34,320 | INFO | Steps: 55296/150000 | Episodes: 108 | LastEpReward: 34.550 | RecentReward: 28.295 | ActorLoss: -4.016694 | CriticLoss: 0.026542 | Q: 3.9796 | TargetQ: 3.9802 | TDAbs: 0.1712 | ActorGrad: 0.0948 | CriticGrad: 0.6230 | Noise: 0.1949 | Replay: 50000 | FPS: 62.13 | ETA: 25.4 min
2026-09-12 21:32:40,978 | INFO | Steps: 55808/150000 | Episodes: 109 | LastEpReward: 15.023 | RecentReward: 26.090 | ActorLoss: -4.109871 | CriticLoss: 0.028351 | Q: 4.0687 | TargetQ: 4.0699 | TDAbs: 0.1760 | ActorGrad: 0.0851 | CriticGrad: 0.6820 | Noise: 0.1934 | Replay: 50000 | FPS: 62.24 | ETA: 25.2 min
2026-09-12 21:32:47,561 | INFO | 开始周期评估: Steps=56320 | Episodes=110 | EvalEpisodes=5
2026-09-12 21:33:06,781 | INFO | 周期评估完成: Steps=56320 | MeanReward=25.877 | StdReward=5.817
2026-09-12 21:33:06,789 | INFO | Steps: 56320/150000 | Episodes: 110 | LastEpReward: 18.312 | RecentReward: 25.149 | ActorLoss: -4.089256 | CriticLoss: 0.027711 | Q: 4.0518 | TargetQ: 4.0515 | TDAbs: 0.1732 | ActorGrad: 0.0867 | CriticGrad: 0.6948 | Noise: 0.1919 | Replay: 50000 | FPS: 61.05 | ETA: 25.6 min
2026-09-12 21:33:13,335 | INFO | Steps: 56832/150000 | Episodes: 111 | LastEpReward: 22.842 | RecentReward: 23.054 | ActorLoss: -4.177512 | CriticLoss: 0.027762 | Q: 4.1434 | TargetQ: 4.1441 | TDAbs: 0.1730 | ActorGrad: 0.0896 | CriticGrad: 0.7098 | Noise: 0.1905 | Replay: 50000 | FPS: 61.17 | ETA: 25.4 min
2026-09-12 21:33:19,888 | INFO | Steps: 57344/150000 | Episodes: 112 | LastEpReward: 12.750 | RecentReward: 22.375 | ActorLoss: -4.224218 | CriticLoss: 0.028217 | Q: 4.1857 | TargetQ: 4.1863 | TDAbs: 0.1759 | ActorGrad: 0.0844 | CriticGrad: 0.6820 | Noise: 0.1890 | Replay: 50000 | FPS: 61.29 | ETA: 25.2 min
2026-09-12 21:33:26,555 | INFO | Steps: 57856/150000 | Episodes: 113 | LastEpReward: 12.266 | RecentReward: 19.676 | ActorLoss: -4.278250 | CriticLoss: 0.026999 | Q: 4.2403 | TargetQ: 4.2406 | TDAbs: 0.1736 | ActorGrad: 0.0943 | CriticGrad: 0.7148 | Noise: 0.1876 | Replay: 50000 | FPS: 61.40 | ETA: 25.0 min
2026-09-12 21:33:33,284 | INFO | Steps: 58368/150000 | Episodes: 114 | LastEpReward: 25.539 | RecentReward: 21.063 | ActorLoss: -4.362876 | CriticLoss: 0.028908 | Q: 4.3203 | TargetQ: 4.3203 | TDAbs: 0.1764 | ActorGrad: 0.0966 | CriticGrad: 0.7279 | Noise: 0.1861 | Replay: 50000 | FPS: 61.50 | ETA: 24.8 min
2026-09-12 21:33:39,963 | INFO | Steps: 58880/150000 | Episodes: 115 | LastEpReward: 21.032 | RecentReward: 20.266 | ActorLoss: -4.439632 | CriticLoss: 0.029286 | Q: 4.4006 | TargetQ: 4.3995 | TDAbs: 0.1764 | ActorGrad: 0.1038 | CriticGrad: 0.7270 | Noise: 0.1846 | Replay: 50000 | FPS: 61.61 | ETA: 24.7 min
2026-09-12 21:33:46,525 | INFO | Steps: 59392/150000 | Episodes: 116 | LastEpReward: 15.454 | RecentReward: 19.073 | ActorLoss: -4.438492 | CriticLoss: 0.027284 | Q: 4.3996 | TargetQ: 4.4003 | TDAbs: 0.1745 | ActorGrad: 0.1055 | CriticGrad: 0.6597 | Noise: 0.1832 | Replay: 50000 | FPS: 61.72 | ETA: 24.5 min
2026-09-12 21:33:53,087 | INFO | Steps: 59904/150000 | Episodes: 117 | LastEpReward: 15.797 | RecentReward: 19.357 | ActorLoss: -4.456493 | CriticLoss: 0.029776 | Q: 4.4193 | TargetQ: 4.4184 | TDAbs: 0.1794 | ActorGrad: 0.1003 | CriticGrad: 0.8191 | Noise: 0.1817 | Replay: 50000 | FPS: 61.83 | ETA: 24.3 min
2026-09-12 21:33:59,926 | INFO | Steps: 60416/150000 | Episodes: 118 | LastEpReward: 28.256 | RecentReward: 18.727 | ActorLoss: -4.547828 | CriticLoss: 0.031767 | Q: 4.5106 | TargetQ: 4.5117 | TDAbs: 0.1848 | ActorGrad: 0.1105 | CriticGrad: 0.8060 | Noise: 0.1802 | Replay: 50000 | FPS: 61.92 | ETA: 24.1 min
2026-09-12 21:34:06,539 | INFO | Steps: 60928/150000 | Episodes: 119 | LastEpReward: 15.699 | RecentReward: 18.795 | ActorLoss: -4.545233 | CriticLoss: 0.031009 | Q: 4.5133 | TargetQ: 4.5147 | TDAbs: 0.1833 | ActorGrad: 0.0953 | CriticGrad: 0.8222 | Noise: 0.1788 | Replay: 50000 | FPS: 62.03 | ETA: 23.9 min
2026-09-12 21:34:13,158 | INFO | 开始周期评估: Steps=61440 | Episodes=120 | EvalEpisodes=5
2026-09-12 21:34:32,385 | INFO | 周期评估完成: Steps=61440 | MeanReward=20.733 | StdReward=6.834
2026-09-12 21:34:32,391 | INFO | Steps: 61440/150000 | Episodes: 120 | LastEpReward: 7.438 | RecentReward: 17.707 | ActorLoss: -4.590192 | CriticLoss: 0.032224 | Q: 4.5601 | TargetQ: 4.5588 | TDAbs: 0.1847 | ActorGrad: 0.1012 | CriticGrad: 0.8506 | Noise: 0.1773 | Replay: 50000 | FPS: 60.94 | ETA: 24.2 min
2026-09-12 21:34:38,997 | INFO | Steps: 61952/150000 | Episodes: 121 | LastEpReward: 26.913 | RecentReward: 18.114 | ActorLoss: -4.634047 | CriticLoss: 0.031775 | Q: 4.5975 | TargetQ: 4.5993 | TDAbs: 0.1834 | ActorGrad: 0.0978 | CriticGrad: 0.8599 | Noise: 0.1759 | Replay: 50000 | FPS: 61.05 | ETA: 24.0 min
2026-09-12 21:34:45,577 | INFO | Steps: 62464/150000 | Episodes: 122 | LastEpReward: 14.607 | RecentReward: 18.300 | ActorLoss: -4.602862 | CriticLoss: 0.029997 | Q: 4.5725 | TargetQ: 4.5717 | TDAbs: 0.1792 | ActorGrad: 0.0934 | CriticGrad: 0.7723 | Noise: 0.1744 | Replay: 50000 | FPS: 61.16 | ETA: 23.9 min
2026-09-12 21:34:52,239 | INFO | Steps: 62976/150000 | Episodes: 123 | LastEpReward: 23.200 | RecentReward: 19.394 | ActorLoss: -4.604570 | CriticLoss: 0.028350 | Q: 4.5726 | TargetQ: 4.5723 | TDAbs: 0.1755 | ActorGrad: 0.0945 | CriticGrad: 0.7230 | Noise: 0.1729 | Replay: 50000 | FPS: 61.26 | ETA: 23.7 min
2026-09-12 21:34:58,854 | INFO | Steps: 63488/150000 | Episodes: 124 | LastEpReward: 11.250 | RecentReward: 17.965 | ActorLoss: -4.652859 | CriticLoss: 0.030245 | Q: 4.6241 | TargetQ: 4.6237 | TDAbs: 0.1790 | ActorGrad: 0.0988 | CriticGrad: 0.7447 | Noise: 0.1715 | Replay: 50000 | FPS: 61.36 | ETA: 23.5 min
2026-09-12 21:35:05,682 | INFO | Steps: 64000/150000 | Episodes: 125 | LastEpReward: 39.669 | RecentReward: 19.828 | ActorLoss: -4.691943 | CriticLoss: 0.032398 | Q: 4.6574 | TargetQ: 4.6573 | TDAbs: 0.1857 | ActorGrad: 0.1077 | CriticGrad: 0.8476 | Noise: 0.1700 | Replay: 50000 | FPS: 61.45 | ETA: 23.3 min
2026-09-12 21:35:12,339 | INFO | Steps: 64512/150000 | Episodes: 126 | LastEpReward: 23.566 | RecentReward: 20.640 | ActorLoss: -4.702283 | CriticLoss: 0.030606 | Q: 4.6667 | TargetQ: 4.6679 | TDAbs: 0.1830 | ActorGrad: 0.1172 | CriticGrad: 0.7745 | Noise: 0.1685 | Replay: 50000 | FPS: 61.55 | ETA: 23.1 min
2026-09-12 21:35:18,990 | INFO | Steps: 65024/150000 | Episodes: 127 | LastEpReward: 40.256 | RecentReward: 23.085 | ActorLoss: -4.777029 | CriticLoss: 0.032436 | Q: 4.7407 | TargetQ: 4.7404 | TDAbs: 0.1871 | ActorGrad: 0.1169 | CriticGrad: 0.8959 | Noise: 0.1671 | Replay: 50000 | FPS: 61.65 | ETA: 23.0 min
2026-09-12 21:35:25,504 | INFO | Steps: 65536/150000 | Episodes: 128 | LastEpReward: 22.593 | RecentReward: 22.519 | ActorLoss: -4.745483 | CriticLoss: 0.033666 | Q: 4.7173 | TargetQ: 4.7167 | TDAbs: 0.1854 | ActorGrad: 0.1059 | CriticGrad: 0.7662 | Noise: 0.1656 | Replay: 50000 | FPS: 61.75 | ETA: 22.8 min
2026-09-12 21:35:32,206 | INFO | Steps: 66048/150000 | Episodes: 129 | LastEpReward: 36.396 | RecentReward: 24.589 | ActorLoss: -4.878349 | CriticLoss: 0.034715 | Q: 4.8485 | TargetQ: 4.8471 | TDAbs: 0.1895 | ActorGrad: 0.1159 | CriticGrad: 0.8436 | Noise: 0.1641 | Replay: 50000 | FPS: 61.85 | ETA: 22.6 min
2026-09-12 21:35:39,002 | INFO | 开始周期评估: Steps=66560 | Episodes=130 | EvalEpisodes=5
2026-09-12 21:35:58,308 | INFO | 周期评估完成: Steps=66560 | MeanReward=32.873 | StdReward=3.901
2026-09-12 21:35:58,321 | INFO | Steps: 66560/150000 | Episodes: 130 | LastEpReward: 41.777 | RecentReward: 28.023 | ActorLoss: -4.827934 | CriticLoss: 0.033671 | Q: 4.7961 | TargetQ: 4.7956 | TDAbs: 0.1896 | ActorGrad: 0.1160 | CriticGrad: 0.7995 | Noise: 0.1627 | Replay: 50000 | FPS: 60.84 | ETA: 22.9 min
2026-09-12 21:36:04,976 | INFO | Steps: 67072/150000 | Episodes: 131 | LastEpReward: 37.045 | RecentReward: 29.036 | ActorLoss: -4.961122 | CriticLoss: 0.036226 | Q: 4.9353 | TargetQ: 4.9335 | TDAbs: 0.1956 | ActorGrad: 0.1196 | CriticGrad: 0.9822 | Noise: 0.1612 | Replay: 50000 | FPS: 60.93 | ETA: 22.7 min
2026-09-12 21:36:11,748 | INFO | Steps: 67584/150000 | Episodes: 132 | LastEpReward: 40.766 | RecentReward: 31.652 | ActorLoss: -4.950251 | CriticLoss: 0.036869 | Q: 4.9178 | TargetQ: 4.9139 | TDAbs: 0.1960 | ActorGrad: 0.1315 | CriticGrad: 0.8760 | Noise: 0.1598 | Replay: 50000 | FPS: 61.02 | ETA: 22.5 min
2026-09-12 21:36:18,631 | INFO | Steps: 68096/150000 | Episodes: 133 | LastEpReward: 37.498 | RecentReward: 33.082 | ActorLoss: -4.963200 | CriticLoss: 0.034225 | Q: 4.9348 | TargetQ: 4.9344 | TDAbs: 0.1888 | ActorGrad: 0.1186 | CriticGrad: 0.8598 | Noise: 0.1583 | Replay: 50000 | FPS: 61.11 | ETA: 22.3 min
2026-09-12 21:36:25,206 | INFO | Steps: 68608/150000 | Episodes: 134 | LastEpReward: 30.367 | RecentReward: 34.993 | ActorLoss: -4.990979 | CriticLoss: 0.035019 | Q: 4.9595 | TargetQ: 4.9543 | TDAbs: 0.1912 | ActorGrad: 0.1212 | CriticGrad: 0.9925 | Noise: 0.1568 | Replay: 50000 | FPS: 61.21 | ETA: 22.2 min
2026-09-12 21:36:31,954 | INFO | Steps: 69120/150000 | Episodes: 135 | LastEpReward: 30.305 | RecentReward: 34.057 | ActorLoss: -5.078973 | CriticLoss: 0.034870 | Q: 5.0501 | TargetQ: 5.0513 | TDAbs: 0.1913 | ActorGrad: 0.1067 | CriticGrad: 0.8504 | Noise: 0.1554 | Replay: 50000 | FPS: 61.29 | ETA: 22.0 min
2026-09-12 21:36:38,604 | INFO | Steps: 69632/150000 | Episodes: 136 | LastEpReward: 38.169 | RecentReward: 35.517 | ActorLoss: -5.085561 | CriticLoss: 0.034433 | Q: 5.0575 | TargetQ: 5.0577 | TDAbs: 0.1933 | ActorGrad: 0.1190 | CriticGrad: 0.9053 | Noise: 0.1539 | Replay: 50000 | FPS: 61.38 | ETA: 21.8 min
2026-09-12 21:36:45,206 | INFO | Steps: 70144/150000 | Episodes: 137 | LastEpReward: 35.309 | RecentReward: 35.023 | ActorLoss: -5.051866 | CriticLoss: 0.031786 | Q: 5.0265 | TargetQ: 5.0270 | TDAbs: 0.1865 | ActorGrad: 0.1267 | CriticGrad: 0.8670 | Noise: 0.1524 | Replay: 50000 | FPS: 61.48 | ETA: 21.6 min
2026-09-12 21:36:51,799 | INFO | Steps: 70656/150000 | Episodes: 138 | LastEpReward: 30.787 | RecentReward: 35.842 | ActorLoss: -5.139624 | CriticLoss: 0.034009 | Q: 5.1134 | TargetQ: 5.1139 | TDAbs: 0.1896 | ActorGrad: 0.1153 | CriticGrad: 0.8322 | Noise: 0.1510 | Replay: 50000 | FPS: 61.57 | ETA: 21.5 min
2026-09-12 21:36:58,458 | INFO | Steps: 71168/150000 | Episodes: 139 | LastEpReward: 38.043 | RecentReward: 36.007 | ActorLoss: -5.068848 | CriticLoss: 0.032431 | Q: 5.0448 | TargetQ: 5.0436 | TDAbs: 0.1871 | ActorGrad: 0.1127 | CriticGrad: 0.8064 | Noise: 0.1495 | Replay: 50000 | FPS: 61.66 | ETA: 21.3 min
2026-09-12 21:37:04,928 | INFO | 开始周期评估: Steps=71680 | Episodes=140 | EvalEpisodes=5
2026-09-12 21:37:24,181 | INFO | 周期评估完成: Steps=71680 | MeanReward=33.914 | StdReward=4.316
2026-09-12 21:37:24,191 | INFO | Steps: 71680/150000 | Episodes: 140 | LastEpReward: 28.367 | RecentReward: 34.666 | ActorLoss: -5.127759 | CriticLoss: 0.034466 | Q: 5.1020 | TargetQ: 5.1033 | TDAbs: 0.1903 | ActorGrad: 0.1168 | CriticGrad: 0.9178 | Noise: 0.1481 | Replay: 50000 | FPS: 60.75 | ETA: 21.5 min
2026-09-12 21:37:30,947 | INFO | Steps: 72192/150000 | Episodes: 141 | LastEpReward: 39.169 | RecentReward: 34.878 | ActorLoss: -5.100401 | CriticLoss: 0.032436 | Q: 5.0771 | TargetQ: 5.0759 | TDAbs: 0.1876 | ActorGrad: 0.1206 | CriticGrad: 0.8522 | Noise: 0.1466 | Replay: 50000 | FPS: 60.83 | ETA: 21.3 min
2026-09-12 21:37:37,575 | INFO | Steps: 72704/150000 | Episodes: 142 | LastEpReward: 30.599 | RecentReward: 33.861 | ActorLoss: -5.201498 | CriticLoss: 0.033405 | Q: 5.1777 | TargetQ: 5.1768 | TDAbs: 0.1866 | ActorGrad: 0.1140 | CriticGrad: 0.8473 | Noise: 0.1451 | Replay: 50000 | FPS: 60.93 | ETA: 21.1 min
2026-09-12 21:37:44,223 | INFO | Steps: 73216/150000 | Episodes: 143 | LastEpReward: 38.268 | RecentReward: 33.938 | ActorLoss: -5.146721 | CriticLoss: 0.034815 | Q: 5.1233 | TargetQ: 5.1239 | TDAbs: 0.1910 | ActorGrad: 0.1265 | CriticGrad: 0.9444 | Noise: 0.1437 | Replay: 50000 | FPS: 61.01 | ETA: 21.0 min
2026-09-12 21:37:50,774 | INFO | Steps: 73728/150000 | Episodes: 144 | LastEpReward: 26.110 | RecentReward: 33.513 | ActorLoss: -5.208953 | CriticLoss: 0.034620 | Q: 5.1857 | TargetQ: 5.1840 | TDAbs: 0.1901 | ActorGrad: 0.1117 | CriticGrad: 0.8604 | Noise: 0.1422 | Replay: 50000 | FPS: 61.11 | ETA: 20.8 min
2026-09-12 21:37:57,364 | INFO | Steps: 74240/150000 | Episodes: 145 | LastEpReward: 32.115 | RecentReward: 33.694 | ActorLoss: -5.160829 | CriticLoss: 0.033555 | Q: 5.1383 | TargetQ: 5.1371 | TDAbs: 0.1886 | ActorGrad: 0.1222 | CriticGrad: 0.7989 | Noise: 0.1407 | Replay: 50000 | FPS: 61.20 | ETA: 20.6 min
2026-09-12 21:38:04,137 | INFO | Steps: 74752/150000 | Episodes: 146 | LastEpReward: 47.275 | RecentReward: 34.604 | ActorLoss: -5.181773 | CriticLoss: 0.032169 | Q: 5.1621 | TargetQ: 5.1626 | TDAbs: 0.1859 | ActorGrad: 0.1097 | CriticGrad: 0.7988 | Noise: 0.1393 | Replay: 50000 | FPS: 61.28 | ETA: 20.5 min
2026-09-12 21:38:10,857 | INFO | Steps: 75264/150000 | Episodes: 147 | LastEpReward: 37.325 | RecentReward: 34.806 | ActorLoss: -5.179582 | CriticLoss: 0.031504 | Q: 5.1586 | TargetQ: 5.1593 | TDAbs: 0.1868 | ActorGrad: 0.1214 | CriticGrad: 0.8302 | Noise: 0.1378 | Replay: 50000 | FPS: 61.36 | ETA: 20.3 min
2026-09-12 21:38:17,710 | INFO | Steps: 75776/150000 | Episodes: 148 | LastEpReward: 42.207 | RecentReward: 35.948 | ActorLoss: -5.239800 | CriticLoss: 0.031261 | Q: 5.2186 | TargetQ: 5.2172 | TDAbs: 0.1828 | ActorGrad: 0.1115 | CriticGrad: 0.7408 | Noise: 0.1364 | Replay: 50000 | FPS: 61.43 | ETA: 20.1 min
2026-09-12 21:38:24,431 | INFO | Steps: 76288/150000 | Episodes: 149 | LastEpReward: 34.294 | RecentReward: 35.573 | ActorLoss: -5.240542 | CriticLoss: 0.032188 | Q: 5.2186 | TargetQ: 5.2187 | TDAbs: 0.1858 | ActorGrad: 0.1090 | CriticGrad: 0.7846 | Noise: 0.1349 | Replay: 50000 | FPS: 61.51 | ETA: 20.0 min
2026-09-12 21:38:31,265 | INFO | 开始周期评估: Steps=76800 | Episodes=150 | EvalEpisodes=5
2026-09-12 21:38:50,480 | INFO | 周期评估完成: Steps=76800 | MeanReward=31.275 | StdReward=4.084
2026-09-12 21:38:50,487 | INFO | Steps: 76800/150000 | Episodes: 150 | LastEpReward: 44.348 | RecentReward: 37.171 | ActorLoss: -5.323858 | CriticLoss: 0.031249 | Q: 5.2998 | TargetQ: 5.3011 | TDAbs: 0.1835 | ActorGrad: 0.1164 | CriticGrad: 0.8306 | Noise: 0.1334 | Replay: 50000 | FPS: 60.65 | ETA: 20.1 min
2026-09-12 21:38:57,230 | INFO | Steps: 77312/150000 | Episodes: 151 | LastEpReward: 17.136 | RecentReward: 34.968 | ActorLoss: -5.296517 | CriticLoss: 0.031767 | Q: 5.2725 | TargetQ: 5.2717 | TDAbs: 0.1827 | ActorGrad: 0.1231 | CriticGrad: 0.7828 | Noise: 0.1320 | Replay: 50000 | FPS: 60.73 | ETA: 19.9 min
2026-09-12 21:39:03,969 | INFO | Steps: 77824/150000 | Episodes: 152 | LastEpReward: 17.225 | RecentReward: 33.630 | ActorLoss: -5.285483 | CriticLoss: 0.031192 | Q: 5.2652 | TargetQ: 5.2678 | TDAbs: 0.1836 | ActorGrad: 0.1132 | CriticGrad: 0.9118 | Noise: 0.1305 | Replay: 50000 | FPS: 60.81 | ETA: 19.8 min
2026-09-12 21:39:10,737 | INFO | Steps: 78336/150000 | Episodes: 153 | LastEpReward: 36.164 | RecentReward: 33.420 | ActorLoss: -5.327942 | CriticLoss: 0.031424 | Q: 5.3058 | TargetQ: 5.3043 | TDAbs: 0.1835 | ActorGrad: 0.1035 | CriticGrad: 0.8387 | Noise: 0.1290 | Replay: 50000 | FPS: 60.89 | ETA: 19.6 min
2026-09-12 21:39:17,575 | INFO | Steps: 78848/150000 | Episodes: 154 | LastEpReward: 40.366 | RecentReward: 34.846 | ActorLoss: -5.269444 | CriticLoss: 0.030838 | Q: 5.2498 | TargetQ: 5.2485 | TDAbs: 0.1822 | ActorGrad: 0.1098 | CriticGrad: 0.7619 | Noise: 0.1276 | Replay: 50000 | FPS: 60.97 | ETA: 19.5 min
2026-09-12 21:39:24,465 | INFO | Steps: 79360/150000 | Episodes: 155 | LastEpReward: 40.020 | RecentReward: 35.636 | ActorLoss: -5.317205 | CriticLoss: 0.030240 | Q: 5.2976 | TargetQ: 5.2969 | TDAbs: 0.1815 | ActorGrad: 0.1070 | CriticGrad: 0.7421 | Noise: 0.1261 | Replay: 50000 | FPS: 61.04 | ETA: 19.3 min
2026-09-12 21:39:31,492 | INFO | Steps: 79872/150000 | Episodes: 156 | LastEpReward: 30.971 | RecentReward: 34.006 | ActorLoss: -5.321642 | CriticLoss: 0.029394 | Q: 5.2972 | TargetQ: 5.2976 | TDAbs: 0.1805 | ActorGrad: 0.0884 | CriticGrad: 0.8004 | Noise: 0.1247 | Replay: 50000 | FPS: 61.10 | ETA: 19.1 min
2026-09-12 21:39:38,108 | INFO | Steps: 80384/150000 | Episodes: 157 | LastEpReward: 32.750 | RecentReward: 33.548 | ActorLoss: -5.398731 | CriticLoss: 0.030075 | Q: 5.3754 | TargetQ: 5.3760 | TDAbs: 0.1791 | ActorGrad: 0.0793 | CriticGrad: 0.7334 | Noise: 0.1232 | Replay: 50000 | FPS: 61.18 | ETA: 19.0 min
2026-09-12 21:39:44,754 | INFO | Steps: 80896/150000 | Episodes: 158 | LastEpReward: 43.461 | RecentReward: 33.674 | ActorLoss: -5.430865 | CriticLoss: 0.029624 | Q: 5.4104 | TargetQ: 5.4095 | TDAbs: 0.1796 | ActorGrad: 0.0857 | CriticGrad: 0.6950 | Noise: 0.1217 | Replay: 50000 | FPS: 61.26 | ETA: 18.8 min
2026-09-12 21:39:51,348 | INFO | Steps: 81408/150000 | Episodes: 159 | LastEpReward: 29.556 | RecentReward: 33.200 | ActorLoss: -5.415086 | CriticLoss: 0.029029 | Q: 5.3922 | TargetQ: 5.3918 | TDAbs: 0.1770 | ActorGrad: 0.0782 | CriticGrad: 0.6871 | Noise: 0.1203 | Replay: 50000 | FPS: 61.34 | ETA: 18.6 min
2026-09-12 21:39:58,075 | INFO | 开始周期评估: Steps=81920 | Episodes=160 | EvalEpisodes=5
2026-09-12 21:40:17,294 | INFO | 周期评估完成: Steps=81920 | MeanReward=37.254 | StdReward=7.017
2026-09-12 21:40:17,306 | INFO | Steps: 81920/150000 | Episodes: 160 | LastEpReward: 38.673 | RecentReward: 32.632 | ActorLoss: -5.473229 | CriticLoss: 0.029524 | Q: 5.4513 | TargetQ: 5.4508 | TDAbs: 0.1784 | ActorGrad: 0.0717 | CriticGrad: 0.7512 | Noise: 0.1188 | Replay: 50000 | FPS: 60.54 | ETA: 18.7 min
2026-09-12 21:40:23,938 | INFO | Steps: 82432/150000 | Episodes: 161 | LastEpReward: 34.822 | RecentReward: 34.401 | ActorLoss: -5.437169 | CriticLoss: 0.029863 | Q: 5.4161 | TargetQ: 5.4152 | TDAbs: 0.1799 | ActorGrad: 0.0871 | CriticGrad: 0.8361 | Noise: 0.1173 | Replay: 50000 | FPS: 60.63 | ETA: 18.6 min
2026-09-12 21:40:30,661 | INFO | Steps: 82944/150000 | Episodes: 162 | LastEpReward: 40.820 | RecentReward: 36.760 | ActorLoss: -5.502656 | CriticLoss: 0.028557 | Q: 5.4803 | TargetQ: 5.4794 | TDAbs: 0.1765 | ActorGrad: 0.0832 | CriticGrad: 0.7015 | Noise: 0.1159 | Replay: 50000 | FPS: 60.70 | ETA: 18.4 min
2026-09-12 21:40:37,171 | INFO | Steps: 83456/150000 | Episodes: 163 | LastEpReward: 33.384 | RecentReward: 36.482 | ActorLoss: -5.515934 | CriticLoss: 0.026997 | Q: 5.4931 | TargetQ: 5.4924 | TDAbs: 0.1738 | ActorGrad: 0.0801 | CriticGrad: 0.7267 | Noise: 0.1144 | Replay: 50000 | FPS: 60.79 | ETA: 18.2 min
2026-09-12 21:40:43,944 | INFO | Steps: 83968/150000 | Episodes: 164 | LastEpReward: 36.948 | RecentReward: 36.141 | ActorLoss: -5.566726 | CriticLoss: 0.030236 | Q: 5.5458 | TargetQ: 5.5458 | TDAbs: 0.1789 | ActorGrad: 0.0816 | CriticGrad: 0.7292 | Noise: 0.1129 | Replay: 50000 | FPS: 60.86 | ETA: 18.1 min
2026-09-12 21:40:50,494 | INFO | Steps: 84480/150000 | Episodes: 165 | LastEpReward: 36.669 | RecentReward: 35.806 | ActorLoss: -5.526886 | CriticLoss: 0.027700 | Q: 5.5049 | TargetQ: 5.5058 | TDAbs: 0.1750 | ActorGrad: 0.0794 | CriticGrad: 0.7290 | Noise: 0.1115 | Replay: 50000 | FPS: 60.94 | ETA: 17.9 min
2026-09-12 21:40:57,040 | INFO | Steps: 84992/150000 | Episodes: 166 | LastEpReward: 36.964 | RecentReward: 36.405 | ActorLoss: -5.611133 | CriticLoss: 0.028194 | Q: 5.5916 | TargetQ: 5.5909 | TDAbs: 0.1729 | ActorGrad: 0.0827 | CriticGrad: 0.7204 | Noise: 0.1100 | Replay: 50000 | FPS: 61.02 | ETA: 17.8 min
2026-09-12 21:41:03,676 | INFO | Steps: 85504/150000 | Episodes: 167 | LastEpReward: 30.409 | RecentReward: 36.171 | ActorLoss: -5.588102 | CriticLoss: 0.029845 | Q: 5.5685 | TargetQ: 5.5687 | TDAbs: 0.1770 | ActorGrad: 0.0892 | CriticGrad: 0.7227 | Noise: 0.1086 | Replay: 50000 | FPS: 61.10 | ETA: 17.6 min
2026-09-12 21:41:10,316 | INFO | Steps: 86016/150000 | Episodes: 168 | LastEpReward: 38.546 | RecentReward: 35.679 | ActorLoss: -5.584068 | CriticLoss: 0.029748 | Q: 5.5645 | TargetQ: 5.5670 | TDAbs: 0.1769 | ActorGrad: 0.0694 | CriticGrad: 0.7530 | Noise: 0.1071 | Replay: 50000 | FPS: 61.18 | ETA: 17.4 min
2026-09-12 21:41:16,956 | INFO | Steps: 86528/150000 | Episodes: 169 | LastEpReward: 33.651 | RecentReward: 36.089 | ActorLoss: -5.617430 | CriticLoss: 0.027531 | Q: 5.5969 | TargetQ: 5.5976 | TDAbs: 0.1732 | ActorGrad: 0.0682 | CriticGrad: 0.7087 | Noise: 0.1056 | Replay: 50000 | FPS: 61.25 | ETA: 17.3 min
2026-09-12 21:41:23,626 | INFO | 开始周期评估: Steps=87040 | Episodes=170 | EvalEpisodes=5
2026-09-12 21:41:42,926 | INFO | 周期评估完成: Steps=87040 | MeanReward=30.754 | StdReward=8.524
2026-09-12 21:41:42,934 | INFO | Steps: 87040/150000 | Episodes: 170 | LastEpReward: 25.137 | RecentReward: 34.735 | ActorLoss: -5.625965 | CriticLoss: 0.028763 | Q: 5.6055 | TargetQ: 5.6065 | TDAbs: 0.1757 | ActorGrad: 0.0690 | CriticGrad: 0.7435 | Noise: 0.1042 | Replay: 50000 | FPS: 60.50 | ETA: 17.3 min
2026-09-12 21:41:49,377 | INFO | Steps: 87552/150000 | Episodes: 171 | LastEpReward: 28.860 | RecentReward: 34.139 | ActorLoss: -5.625893 | CriticLoss: 0.028311 | Q: 5.6072 | TargetQ: 5.6052 | TDAbs: 0.1740 | ActorGrad: 0.0687 | CriticGrad: 0.7297 | Noise: 0.1027 | Replay: 50000 | FPS: 60.58 | ETA: 17.2 min
2026-09-12 21:41:55,808 | INFO | Steps: 88064/150000 | Episodes: 172 | LastEpReward: 16.297 | RecentReward: 31.687 | ActorLoss: -5.687227 | CriticLoss: 0.029042 | Q: 5.6644 | TargetQ: 5.6652 | TDAbs: 0.1769 | ActorGrad: 0.0704 | CriticGrad: 0.8157 | Noise: 0.1012 | Replay: 50000 | FPS: 60.67 | ETA: 17.0 min
2026-09-12 21:42:02,220 | INFO | Steps: 88576/150000 | Episodes: 173 | LastEpReward: 6.298 | RecentReward: 28.978 | ActorLoss: -5.698481 | CriticLoss: 0.028132 | Q: 5.6780 | TargetQ: 5.6761 | TDAbs: 0.1733 | ActorGrad: 0.0630 | CriticGrad: 0.7441 | Noise: 0.0998 | Replay: 50000 | FPS: 60.75 | ETA: 16.9 min
2026-09-12 21:42:08,689 | INFO | Steps: 89088/150000 | Episodes: 174 | LastEpReward: 20.169 | RecentReward: 27.300 | ActorLoss: -5.718955 | CriticLoss: 0.029439 | Q: 5.6974 | TargetQ: 5.6975 | TDAbs: 0.1747 | ActorGrad: 0.0566 | CriticGrad: 0.7292 | Noise: 0.0983 | Replay: 50000 | FPS: 60.83 | ETA: 16.7 min
2026-09-12 21:42:15,212 | INFO | Steps: 89600/150000 | Episodes: 175 | LastEpReward: 11.576 | RecentReward: 24.791 | ActorLoss: -5.722188 | CriticLoss: 0.027623 | Q: 5.7023 | TargetQ: 5.7031 | TDAbs: 0.1713 | ActorGrad: 0.0562 | CriticGrad: 0.7139 | Noise: 0.0969 | Replay: 50000 | FPS: 60.91 | ETA: 16.5 min
2026-09-12 21:42:21,743 | INFO | Steps: 90112/150000 | Episodes: 176 | LastEpReward: 1.262 | RecentReward: 21.220 | ActorLoss: -5.767798 | CriticLoss: 0.027527 | Q: 5.7473 | TargetQ: 5.7493 | TDAbs: 0.1709 | ActorGrad: 0.0552 | CriticGrad: 0.7447 | Noise: 0.0954 | Replay: 50000 | FPS: 60.99 | ETA: 16.4 min
2026-09-12 21:42:28,190 | INFO | Steps: 90624/150000 | Episodes: 177 | LastEpReward: 15.398 | RecentReward: 19.719 | ActorLoss: -5.753163 | CriticLoss: 0.028852 | Q: 5.7342 | TargetQ: 5.7335 | TDAbs: 0.1726 | ActorGrad: 0.0513 | CriticGrad: 0.7581 | Noise: 0.0939 | Replay: 50000 | FPS: 61.07 | ETA: 16.2 min
2026-09-12 21:42:34,677 | INFO | Steps: 91136/150000 | Episodes: 178 | LastEpReward: 1.506 | RecentReward: 16.015 | ActorLoss: -5.801851 | CriticLoss: 0.026490 | Q: 5.7839 | TargetQ: 5.7863 | TDAbs: 0.1687 | ActorGrad: 0.0772 | CriticGrad: 0.7802 | Noise: 0.0925 | Replay: 50000 | FPS: 61.15 | ETA: 16.0 min
2026-09-12 21:42:41,080 | INFO | Steps: 91648/150000 | Episodes: 179 | LastEpReward: 25.803 | RecentReward: 15.231 | ActorLoss: -5.787285 | CriticLoss: 0.028731 | Q: 5.7692 | TargetQ: 5.7713 | TDAbs: 0.1703 | ActorGrad: 0.0614 | CriticGrad: 0.6936 | Noise: 0.0910 | Replay: 50000 | FPS: 61.23 | ETA: 15.9 min
2026-09-12 21:42:47,519 | INFO | 开始周期评估: Steps=92160 | Episodes=180 | EvalEpisodes=5
2026-09-12 21:43:06,678 | INFO | 周期评估完成: Steps=92160 | MeanReward=13.701 | StdReward=4.878
2026-09-12 21:43:06,684 | INFO | Steps: 92160/150000 | Episodes: 180 | LastEpReward: 14.887 | RecentReward: 14.206 | ActorLoss: -5.768647 | CriticLoss: 0.027307 | Q: 5.7522 | TargetQ: 5.7513 | TDAbs: 0.1697 | ActorGrad: 0.0664 | CriticGrad: 0.6747 | Noise: 0.0895 | Replay: 50000 | FPS: 60.53 | ETA: 15.9 min
2026-09-12 21:43:13,304 | INFO | Steps: 92672/150000 | Episodes: 181 | LastEpReward: 15.194 | RecentReward: 12.839 | ActorLoss: -5.777813 | CriticLoss: 0.026343 | Q: 5.7629 | TargetQ: 5.7622 | TDAbs: 0.1701 | ActorGrad: 0.0669 | CriticGrad: 0.8126 | Noise: 0.0881 | Replay: 50000 | FPS: 60.61 | ETA: 15.8 min
2026-09-12 21:43:19,958 | INFO | Steps: 93184/150000 | Episodes: 182 | LastEpReward: 13.118 | RecentReward: 12.521 | ActorLoss: -5.755631 | CriticLoss: 0.028366 | Q: 5.7396 | TargetQ: 5.7391 | TDAbs: 0.1729 | ActorGrad: 0.0684 | CriticGrad: 0.7848 | Noise: 0.0866 | Replay: 50000 | FPS: 60.68 | ETA: 15.6 min
2026-09-12 21:43:26,478 | INFO | Steps: 93696/150000 | Episodes: 183 | LastEpReward: 22.015 | RecentReward: 14.093 | ActorLoss: -5.782970 | CriticLoss: 0.027350 | Q: 5.7642 | TargetQ: 5.7633 | TDAbs: 0.1709 | ActorGrad: 0.0841 | CriticGrad: 0.7265 | Noise: 0.0852 | Replay: 50000 | FPS: 60.75 | ETA: 15.4 min
2026-09-12 21:43:33,045 | INFO | Steps: 94208/150000 | Episodes: 184 | LastEpReward: -0.600 | RecentReward: 12.016 | ActorLoss: -5.838700 | CriticLoss: 0.043589 | Q: 5.7193 | TargetQ: 5.7192 | TDAbs: 0.2190 | ActorGrad: 0.1113 | CriticGrad: 0.9729 | Noise: 0.0837 | Replay: 50000 | FPS: 60.83 | ETA: 15.3 min
2026-09-12 21:43:39,850 | INFO | Steps: 94720/150000 | Episodes: 185 | LastEpReward: 6.929 | RecentReward: 11.551 | ActorLoss: -5.947182 | CriticLoss: 0.065627 | Q: 5.8892 | TargetQ: 5.8895 | TDAbs: 0.2720 | ActorGrad: 0.1303 | CriticGrad: 1.0076 | Noise: 0.0822 | Replay: 50000 | FPS: 60.89 | ETA: 15.1 min
2026-09-12 21:43:46,549 | INFO | Steps: 95232/150000 | Episodes: 186 | LastEpReward: 3.476 | RecentReward: 11.773 | ActorLoss: -5.919061 | CriticLoss: 0.066942 | Q: 5.8954 | TargetQ: 5.8933 | TDAbs: 0.2702 | ActorGrad: 0.2080 | CriticGrad: 1.0824 | Noise: 0.0808 | Replay: 50000 | FPS: 60.96 | ETA: 15.0 min
2026-09-12 21:43:53,033 | INFO | Steps: 95744/150000 | Episodes: 187 | LastEpReward: 19.856 | RecentReward: 12.219 | ActorLoss: -5.936466 | CriticLoss: 0.053350 | Q: 5.9165 | TargetQ: 5.9125 | TDAbs: 0.2409 | ActorGrad: 0.1930 | CriticGrad: 0.9608 | Noise: 0.0793 | Replay: 50000 | FPS: 61.03 | ETA: 14.8 min
2026-09-12 21:43:59,538 | INFO | Steps: 96256/150000 | Episodes: 188 | LastEpReward: 26.297 | RecentReward: 14.698 | ActorLoss: -5.966276 | CriticLoss: 0.050717 | Q: 5.9468 | TargetQ: 5.9460 | TDAbs: 0.2325 | ActorGrad: 0.1961 | CriticGrad: 0.9265 | Noise: 0.0778 | Replay: 50000 | FPS: 61.10 | ETA: 14.7 min
2026-09-12 21:44:06,495 | INFO | Steps: 96768/150000 | Episodes: 189 | LastEpReward: 32.108 | RecentReward: 15.328 | ActorLoss: -5.958252 | CriticLoss: 0.050565 | Q: 5.9379 | TargetQ: 5.9364 | TDAbs: 0.2313 | ActorGrad: 0.1910 | CriticGrad: 0.9699 | Noise: 0.0764 | Replay: 50000 | FPS: 61.16 | ETA: 14.5 min
2026-09-12 21:44:13,058 | INFO | 开始周期评估: Steps=97280 | Episodes=190 | EvalEpisodes=5
2026-09-12 21:44:32,196 | INFO | 周期评估完成: Steps=97280 | MeanReward=29.965 | StdReward=2.173
2026-09-12 21:44:32,203 | INFO | Steps: 97280/150000 | Episodes: 190 | LastEpReward: 29.634 | RecentReward: 16.803 | ActorLoss: -6.030393 | CriticLoss: 0.048609 | Q: 6.0114 | TargetQ: 6.0097 | TDAbs: 0.2272 | ActorGrad: 0.1850 | CriticGrad: 0.9643 | Noise: 0.0749 | Replay: 50000 | FPS: 60.50 | ETA: 14.5 min
2026-09-12 21:44:38,708 | INFO | Steps: 97792/150000 | Episodes: 191 | LastEpReward: 27.925 | RecentReward: 18.076 | ActorLoss: -5.973753 | CriticLoss: 0.048284 | Q: 5.9507 | TargetQ: 5.9467 | TDAbs: 0.2273 | ActorGrad: 0.2428 | CriticGrad: 1.0008 | Noise: 0.0735 | Replay: 50000 | FPS: 60.57 | ETA: 14.4 min
2026-09-12 21:44:45,242 | INFO | Steps: 98304/150000 | Episodes: 192 | LastEpReward: 33.676 | RecentReward: 20.132 | ActorLoss: -5.957362 | CriticLoss: 0.052028 | Q: 5.9313 | TargetQ: 5.9307 | TDAbs: 0.2364 | ActorGrad: 0.1876 | CriticGrad: 0.9866 | Noise: 0.0720 | Replay: 50000 | FPS: 60.64 | ETA: 14.2 min
2026-09-12 21:44:51,763 | INFO | Steps: 98816/150000 | Episodes: 193 | LastEpReward: 23.053 | RecentReward: 20.235 | ActorLoss: -5.953938 | CriticLoss: 0.059041 | Q: 5.9278 | TargetQ: 5.9252 | TDAbs: 0.2475 | ActorGrad: 0.2215 | CriticGrad: 1.0797 | Noise: 0.0705 | Replay: 50000 | FPS: 60.72 | ETA: 14.1 min
2026-09-12 21:44:58,342 | INFO | Steps: 99328/150000 | Episodes: 194 | LastEpReward: 17.071 | RecentReward: 22.003 | ActorLoss: -6.013317 | CriticLoss: 0.061336 | Q: 5.9823 | TargetQ: 5.9782 | TDAbs: 0.2534 | ActorGrad: 0.2528 | CriticGrad: 1.1243 | Noise: 0.0691 | Replay: 50000 | FPS: 60.78 | ETA: 13.9 min
2026-09-12 21:45:04,907 | INFO | Steps: 99840/150000 | Episodes: 195 | LastEpReward: 21.832 | RecentReward: 23.493 | ActorLoss: -6.032512 | CriticLoss: 0.064392 | Q: 6.0009 | TargetQ: 6.0005 | TDAbs: 0.2614 | ActorGrad: 0.2220 | CriticGrad: 1.2384 | Noise: 0.0676 | Replay: 50000 | FPS: 60.85 | ETA: 13.7 min
2026-09-12 21:45:11,634 | INFO | Steps: 100352/150000 | Episodes: 196 | LastEpReward: 21.345 | RecentReward: 25.280 | ActorLoss: -6.007364 | CriticLoss: 0.063563 | Q: 5.9801 | TargetQ: 5.9781 | TDAbs: 0.2608 | ActorGrad: 0.2077 | CriticGrad: 1.2004 | Noise: 0.0661 | Replay: 50000 | FPS: 60.92 | ETA: 13.6 min
2026-09-12 21:45:18,229 | INFO | Steps: 100864/150000 | Episodes: 197 | LastEpReward: 30.244 | RecentReward: 26.318 | ActorLoss: -6.035945 | CriticLoss: 0.071933 | Q: 6.0167 | TargetQ: 6.0195 | TDAbs: 0.2775 | ActorGrad: 0.2195 | CriticGrad: 1.2691 | Noise: 0.0647 | Replay: 50000 | FPS: 60.98 | ETA: 13.4 min
2026-09-12 21:45:24,698 | INFO | Steps: 101376/150000 | Episodes: 198 | LastEpReward: 21.714 | RecentReward: 25.860 | ActorLoss: -6.004339 | CriticLoss: 0.074039 | Q: 5.9824 | TargetQ: 5.9784 | TDAbs: 0.2762 | ActorGrad: 0.2262 | CriticGrad: 1.2318 | Noise: 0.0632 | Replay: 50000 | FPS: 61.05 | ETA: 13.3 min
2026-09-12 21:45:31,349 | INFO | Steps: 101888/150000 | Episodes: 199 | LastEpReward: 19.812 | RecentReward: 24.631 | ActorLoss: -6.020509 | CriticLoss: 0.080138 | Q: 5.9981 | TargetQ: 5.9969 | TDAbs: 0.2862 | ActorGrad: 0.2091 | CriticGrad: 1.3870 | Noise: 0.0617 | Replay: 50000 | FPS: 61.12 | ETA: 13.1 min
2026-09-12 21:45:37,726 | INFO | 开始周期评估: Steps=102400 | Episodes=200 | EvalEpisodes=5
2026-09-12 21:45:56,847 | INFO | 周期评估完成: Steps=102400 | MeanReward=19.519 | StdReward=3.007
2026-09-12 21:45:56,854 | INFO | Steps: 102400/150000 | Episodes: 200 | LastEpReward: 9.944 | RecentReward: 22.662 | ActorLoss: -5.998927 | CriticLoss: 0.082734 | Q: 5.9729 | TargetQ: 5.9747 | TDAbs: 0.2928 | ActorGrad: 0.2231 | CriticGrad: 1.3889 | Noise: 0.0603 | Replay: 50000 | FPS: 60.50 | ETA: 13.1 min
2026-09-12 21:46:03,589 | INFO | Steps: 102912/150000 | Episodes: 201 | LastEpReward: 17.255 | RecentReward: 21.595 | ActorLoss: -5.976985 | CriticLoss: 0.084644 | Q: 5.9581 | TargetQ: 5.9500 | TDAbs: 0.2949 | ActorGrad: 0.2410 | CriticGrad: 1.4628 | Noise: 0.0588 | Replay: 50000 | FPS: 60.56 | ETA: 13.0 min
2026-09-12 21:46:10,229 | INFO | Steps: 103424/150000 | Episodes: 202 | LastEpReward: 15.723 | RecentReward: 19.799 | ActorLoss: -6.012874 | CriticLoss: 0.085375 | Q: 5.9899 | TargetQ: 5.9887 | TDAbs: 0.2973 | ActorGrad: 0.2573 | CriticGrad: 1.4079 | Noise: 0.0574 | Replay: 50000 | FPS: 60.62 | ETA: 12.8 min
2026-09-12 21:46:16,934 | INFO | Steps: 103936/150000 | Episodes: 203 | LastEpReward: 14.738 | RecentReward: 18.968 | ActorLoss: -5.956614 | CriticLoss: 0.092578 | Q: 5.9373 | TargetQ: 5.9357 | TDAbs: 0.3053 | ActorGrad: 0.2856 | CriticGrad: 1.5612 | Noise: 0.0559 | Replay: 50000 | FPS: 60.69 | ETA: 12.7 min
2026-09-12 21:46:23,573 | INFO | Steps: 104448/150000 | Episodes: 204 | LastEpReward: 23.441 | RecentReward: 19.605 | ActorLoss: -6.014375 | CriticLoss: 0.098993 | Q: 5.9950 | TargetQ: 5.9944 | TDAbs: 0.3207 | ActorGrad: 0.2742 | CriticGrad: 1.6618 | Noise: 0.0544 | Replay: 50000 | FPS: 60.75 | ETA: 12.5 min
2026-09-12 21:46:30,259 | INFO | Steps: 104960/150000 | Episodes: 205 | LastEpReward: 14.533 | RecentReward: 18.875 | ActorLoss: -6.055276 | CriticLoss: 0.104157 | Q: 6.0274 | TargetQ: 6.0283 | TDAbs: 0.3262 | ActorGrad: 0.2879 | CriticGrad: 1.7122 | Noise: 0.0530 | Replay: 50000 | FPS: 60.81 | ETA: 12.3 min
2026-09-12 21:46:36,926 | INFO | Steps: 105472/150000 | Episodes: 206 | LastEpReward: 15.214 | RecentReward: 18.262 | ActorLoss: -6.069120 | CriticLoss: 0.111679 | Q: 6.0303 | TargetQ: 6.0251 | TDAbs: 0.3373 | ActorGrad: 0.3058 | CriticGrad: 1.7183 | Noise: 0.0515 | Replay: 50000 | FPS: 60.87 | ETA: 12.2 min
2026-09-12 21:46:43,590 | INFO | Steps: 105984/150000 | Episodes: 207 | LastEpReward: 20.483 | RecentReward: 17.286 | ActorLoss: -6.158367 | CriticLoss: 0.121321 | Q: 6.1168 | TargetQ: 6.1144 | TDAbs: 0.3563 | ActorGrad: 0.3933 | CriticGrad: 2.0112 | Noise: 0.0500 | Replay: 50000 | FPS: 60.93 | ETA: 12.0 min
2026-09-12 21:46:50,197 | INFO | Steps: 106496/150000 | Episodes: 208 | LastEpReward: 24.101 | RecentReward: 17.524 | ActorLoss: -6.160873 | CriticLoss: 0.130502 | Q: 6.1205 | TargetQ: 6.1245 | TDAbs: 0.3694 | ActorGrad: 0.4416 | CriticGrad: 2.0147 | Noise: 0.0500 | Replay: 50000 | FPS: 61.00 | ETA: 11.9 min
2026-09-12 21:46:56,906 | INFO | Steps: 107008/150000 | Episodes: 209 | LastEpReward: 29.466 | RecentReward: 18.490 | ActorLoss: -6.320384 | CriticLoss: 0.145813 | Q: 6.2751 | TargetQ: 6.2756 | TDAbs: 0.3916 | ActorGrad: 0.4115 | CriticGrad: 2.2712 | Noise: 0.0500 | Replay: 50000 | FPS: 61.05 | ETA: 11.7 min
2026-09-12 21:47:03,545 | INFO | 开始周期评估: Steps=107520 | Episodes=210 | EvalEpisodes=5
2026-09-12 21:47:22,744 | INFO | 周期评估完成: Steps=107520 | MeanReward=21.698 | StdReward=4.167
2026-09-12 21:47:22,751 | INFO | Steps: 107520/150000 | Episodes: 210 | LastEpReward: 13.814 | RecentReward: 18.877 | ActorLoss: -6.497654 | CriticLoss: 0.150273 | Q: 6.4444 | TargetQ: 6.4429 | TDAbs: 0.3969 | ActorGrad: 0.4092 | CriticGrad: 2.3928 | Noise: 0.0500 | Replay: 50000 | FPS: 60.46 | ETA: 11.7 min
2026-09-12 21:47:29,517 | INFO | Steps: 108032/150000 | Episodes: 211 | LastEpReward: 15.076 | RecentReward: 18.659 | ActorLoss: -6.519537 | CriticLoss: 0.150301 | Q: 6.4699 | TargetQ: 6.4580 | TDAbs: 0.4000 | ActorGrad: 0.3863 | CriticGrad: 2.3874 | Noise: 0.0500 | Replay: 50000 | FPS: 60.51 | ETA: 11.6 min
2026-09-12 21:47:36,068 | INFO | Steps: 108544/150000 | Episodes: 212 | LastEpReward: 26.770 | RecentReward: 19.764 | ActorLoss: -6.571123 | CriticLoss: 0.172478 | Q: 6.5398 | TargetQ: 6.5358 | TDAbs: 0.4266 | ActorGrad: 0.4052 | CriticGrad: 2.6173 | Noise: 0.0500 | Replay: 50000 | FPS: 60.58 | ETA: 11.4 min
2026-09-12 21:47:42,656 | INFO | Steps: 109056/150000 | Episodes: 213 | LastEpReward: 22.854 | RecentReward: 20.575 | ActorLoss: -6.645452 | CriticLoss: 0.179468 | Q: 6.6037 | TargetQ: 6.5980 | TDAbs: 0.4374 | ActorGrad: 0.4262 | CriticGrad: 2.7121 | Noise: 0.0500 | Replay: 50000 | FPS: 60.64 | ETA: 11.3 min
2026-09-12 21:47:49,326 | INFO | Steps: 109568/150000 | Episodes: 214 | LastEpReward: 25.926 | RecentReward: 20.824 | ActorLoss: -6.860671 | CriticLoss: 0.186887 | Q: 6.8018 | TargetQ: 6.8018 | TDAbs: 0.4484 | ActorGrad: 0.4241 | CriticGrad: 2.8233 | Noise: 0.0500 | Replay: 50000 | FPS: 60.70 | ETA: 11.1 min
2026-09-12 21:47:55,954 | INFO | Steps: 110080/150000 | Episodes: 215 | LastEpReward: 22.037 | RecentReward: 21.574 | ActorLoss: -6.741204 | CriticLoss: 0.215234 | Q: 6.6917 | TargetQ: 6.6756 | TDAbs: 0.4783 | ActorGrad: 0.4487 | CriticGrad: 3.0491 | Noise: 0.0500 | Replay: 50000 | FPS: 60.76 | ETA: 11.0 min
2026-09-12 21:48:02,494 | INFO | Steps: 110592/150000 | Episodes: 216 | LastEpReward: 25.154 | RecentReward: 22.568 | ActorLoss: -6.571640 | CriticLoss: 0.203456 | Q: 6.5208 | TargetQ: 6.5153 | TDAbs: 0.4704 | ActorGrad: 0.4525 | CriticGrad: 3.1546 | Noise: 0.0500 | Replay: 50000 | FPS: 60.82 | ETA: 10.8 min
2026-09-12 21:48:09,239 | INFO | Steps: 111104/150000 | Episodes: 217 | LastEpReward: 13.109 | RecentReward: 21.831 | ActorLoss: -6.983026 | CriticLoss: 0.225691 | Q: 6.9217 | TargetQ: 6.9335 | TDAbs: 0.4935 | ActorGrad: 0.4547 | CriticGrad: 3.3660 | Noise: 0.0500 | Replay: 50000 | FPS: 60.88 | ETA: 10.6 min
2026-09-12 21:48:15,936 | INFO | Steps: 111616/150000 | Episodes: 218 | LastEpReward: 28.357 | RecentReward: 22.256 | ActorLoss: -6.623947 | CriticLoss: 0.217894 | Q: 6.5755 | TargetQ: 6.5816 | TDAbs: 0.4901 | ActorGrad: 0.5021 | CriticGrad: 3.4609 | Noise: 0.0500 | Replay: 50000 | FPS: 60.94 | ETA: 10.5 min
2026-09-12 21:48:22,474 | INFO | Steps: 112128/150000 | Episodes: 219 | LastEpReward: 17.965 | RecentReward: 21.106 | ActorLoss: -6.750931 | CriticLoss: 0.238752 | Q: 6.7125 | TargetQ: 6.7127 | TDAbs: 0.5105 | ActorGrad: 0.4878 | CriticGrad: 3.6178 | Noise: 0.0500 | Replay: 50000 | FPS: 61.00 | ETA: 10.3 min
2026-09-12 21:48:29,051 | INFO | 开始周期评估: Steps=112640 | Episodes=220 | EvalEpisodes=5
2026-09-12 21:48:48,152 | INFO | 周期评估完成: Steps=112640 | MeanReward=18.849 | StdReward=5.277
2026-09-12 21:48:48,159 | INFO | Steps: 112640/150000 | Episodes: 220 | LastEpReward: 26.102 | RecentReward: 22.335 | ActorLoss: -7.288066 | CriticLoss: 0.248881 | Q: 7.1986 | TargetQ: 7.2011 | TDAbs: 0.5227 | ActorGrad: 0.5338 | CriticGrad: 3.9409 | Noise: 0.0500 | Replay: 50000 | FPS: 60.43 | ETA: 10.3 min
2026-09-12 21:48:54,631 | INFO | Steps: 113152/150000 | Episodes: 221 | LastEpReward: 16.330 | RecentReward: 22.460 | ActorLoss: -6.991823 | CriticLoss: 0.256303 | Q: 6.9164 | TargetQ: 6.9332 | TDAbs: 0.5322 | ActorGrad: 0.6378 | CriticGrad: 4.0003 | Noise: 0.0500 | Replay: 50000 | FPS: 60.50 | ETA: 10.2 min
2026-09-12 21:49:01,110 | INFO | Steps: 113664/150000 | Episodes: 222 | LastEpReward: 16.055 | RecentReward: 21.389 | ActorLoss: -7.410513 | CriticLoss: 0.249600 | Q: 7.2797 | TargetQ: 7.2803 | TDAbs: 0.5285 | ActorGrad: 0.6286 | CriticGrad: 4.2160 | Noise: 0.0500 | Replay: 50000 | FPS: 60.56 | ETA: 10.0 min
2026-09-12 21:49:07,849 | INFO | Steps: 114176/150000 | Episodes: 223 | LastEpReward: 19.656 | RecentReward: 21.069 | ActorLoss: -7.845966 | CriticLoss: 0.337313 | Q: 7.7031 | TargetQ: 7.6514 | TDAbs: 0.6200 | ActorGrad: 0.6535 | CriticGrad: 4.8499 | Noise: 0.0500 | Replay: 50000 | FPS: 60.62 | ETA: 9.8 min
2026-09-12 21:49:14,524 | INFO | Steps: 114688/150000 | Episodes: 224 | LastEpReward: 12.369 | RecentReward: 19.713 | ActorLoss: -7.929310 | CriticLoss: 0.291516 | Q: 7.7847 | TargetQ: 7.7948 | TDAbs: 0.5768 | ActorGrad: 0.6068 | CriticGrad: 5.0146 | Noise: 0.0500 | Replay: 50000 | FPS: 60.67 | ETA: 9.7 min
2026-09-12 21:49:20,998 | INFO | Steps: 115200/150000 | Episodes: 225 | LastEpReward: 14.912 | RecentReward: 19.001 | ActorLoss: -8.011658 | CriticLoss: 0.383897 | Q: 7.8711 | TargetQ: 7.8177 | TDAbs: 0.6702 | ActorGrad: 0.5982 | CriticGrad: 5.1465 | Noise: 0.0500 | Replay: 50000 | FPS: 60.74 | ETA: 9.5 min
2026-09-12 21:49:27,556 | INFO | Steps: 115712/150000 | Episodes: 226 | LastEpReward: 23.155 | RecentReward: 18.801 | ActorLoss: -8.449237 | CriticLoss: 0.352062 | Q: 8.2701 | TargetQ: 8.2904 | TDAbs: 0.6399 | ActorGrad: 0.7059 | CriticGrad: 5.4685 | Noise: 0.0500 | Replay: 50000 | FPS: 60.80 | ETA: 9.4 min
2026-09-12 21:49:34,294 | INFO | Steps: 116224/150000 | Episodes: 227 | LastEpReward: 6.426 | RecentReward: 18.133 | ActorLoss: -8.901150 | CriticLoss: 0.360001 | Q: 8.7050 | TargetQ: 8.7143 | TDAbs: 0.6506 | ActorGrad: 0.6979 | CriticGrad: 5.9210 | Noise: 0.0500 | Replay: 50000 | FPS: 60.85 | ETA: 9.3 min
2026-09-12 21:49:40,883 | INFO | Steps: 116736/150000 | Episodes: 228 | LastEpReward: 4.368 | RecentReward: 15.734 | ActorLoss: -9.179250 | CriticLoss: 0.421353 | Q: 8.9466 | TargetQ: 8.9847 | TDAbs: 0.7113 | ActorGrad: 0.9454 | CriticGrad: 6.5285 | Noise: 0.0500 | Replay: 50000 | FPS: 60.91 | ETA: 9.1 min
2026-09-12 21:49:47,506 | INFO | Steps: 117248/150000 | Episodes: 229 | LastEpReward: 1.662 | RecentReward: 14.103 | ActorLoss: -9.251171 | CriticLoss: 0.407974 | Q: 9.0693 | TargetQ: 9.0925 | TDAbs: 0.7030 | ActorGrad: 0.7717 | CriticGrad: 6.6242 | Noise: 0.0500 | Replay: 50000 | FPS: 60.96 | ETA: 9.0 min
2026-09-12 21:49:54,231 | INFO | 开始周期评估: Steps=117760 | Episodes=230 | EvalEpisodes=5
2026-09-12 21:50:13,356 | INFO | 周期评估完成: Steps=117760 | MeanReward=6.434 | StdReward=2.981
2026-09-12 21:50:13,363 | INFO | Steps: 117760/150000 | Episodes: 230 | LastEpReward: 0.006 | RecentReward: 11.494 | ActorLoss: -10.063772 | CriticLoss: 0.533391 | Q: 9.7889 | TargetQ: 9.6638 | TDAbs: 0.8287 | ActorGrad: 0.9073 | CriticGrad: 7.3267 | Noise: 0.0500 | Replay: 50000 | FPS: 60.42 | ETA: 8.9 min
2026-09-12 21:50:19,927 | INFO | Steps: 118272/150000 | Episodes: 231 | LastEpReward: 16.048 | RecentReward: 11.466 | ActorLoss: -11.078028 | CriticLoss: 0.490962 | Q: 10.7520 | TargetQ: 10.8302 | TDAbs: 0.7868 | ActorGrad: 1.0444 | CriticGrad: 8.0833 | Noise: 0.0500 | Replay: 50000 | FPS: 60.48 | ETA: 8.7 min
2026-09-12 21:50:26,543 | INFO | Steps: 118784/150000 | Episodes: 232 | LastEpReward: 16.679 | RecentReward: 11.528 | ActorLoss: -10.443763 | CriticLoss: 0.464114 | Q: 10.1197 | TargetQ: 10.1218 | TDAbs: 0.7659 | ActorGrad: 1.0343 | CriticGrad: 8.4267 | Noise: 0.0500 | Replay: 50000 | FPS: 60.53 | ETA: 8.6 min
2026-09-12 21:50:33,269 | INFO | Steps: 119296/150000 | Episodes: 233 | LastEpReward: 5.506 | RecentReward: 10.113 | ActorLoss: -14.244522 | CriticLoss: 0.559611 | Q: 13.6702 | TargetQ: 13.6205 | TDAbs: 0.8602 | ActorGrad: 1.1859 | CriticGrad: 11.0573 | Noise: 0.0500 | Replay: 50000 | FPS: 60.59 | ETA: 8.4 min
2026-09-12 21:50:39,796 | INFO | Steps: 119808/150000 | Episodes: 234 | LastEpReward: 7.295 | RecentReward: 9.606 | ActorLoss: -14.213849 | CriticLoss: 0.596453 | Q: 13.7035 | TargetQ: 13.7758 | TDAbs: 0.8984 | ActorGrad: 1.4966 | CriticGrad: 10.8086 | Noise: 0.0500 | Replay: 50000 | FPS: 60.65 | ETA: 8.3 min
2026-09-12 21:50:46,290 | INFO | Steps: 120320/150000 | Episodes: 235 | LastEpReward: 3.005 | RecentReward: 8.415 | ActorLoss: -15.003913 | CriticLoss: 0.907558 | Q: 14.3975 | TargetQ: 14.2564 | TDAbs: 1.2151 | ActorGrad: 1.6932 | CriticGrad: 12.2442 | Noise: 0.0500 | Replay: 50000 | FPS: 60.71 | ETA: 8.1 min
2026-09-12 21:50:52,692 | INFO | Steps: 120832/150000 | Episodes: 236 | LastEpReward: -1.533 | RecentReward: 5.946 | ActorLoss: -12.816254 | CriticLoss: 0.718865 | Q: 12.3351 | TargetQ: 12.4557 | TDAbs: 1.0255 | ActorGrad: 2.1518 | CriticGrad: 10.9895 | Noise: 0.0500 | Replay: 50000 | FPS: 60.77 | ETA: 8.0 min
2026-09-12 21:50:59,571 | INFO | Steps: 121344/150000 | Episodes: 237 | LastEpReward: 5.337 | RecentReward: 5.837 | ActorLoss: -17.379337 | CriticLoss: 1.179287 | Q: 16.7282 | TargetQ: 16.4816 | TDAbs: 1.4903 | ActorGrad: 1.5657 | CriticGrad: 14.7816 | Noise: 0.0500 | Replay: 50000 | FPS: 60.81 | ETA: 7.9 min
2026-09-12 21:51:06,235 | INFO | Steps: 121856/150000 | Episodes: 238 | LastEpReward: 16.995 | RecentReward: 7.100 | ActorLoss: -17.946073 | CriticLoss: 0.985901 | Q: 17.2793 | TargetQ: 17.3991 | TDAbs: 1.2976 | ActorGrad: 2.9107 | CriticGrad: 16.0565 | Noise: 0.0500 | Replay: 50000 | FPS: 60.87 | ETA: 7.7 min
2026-09-12 21:51:12,905 | INFO | Steps: 122368/150000 | Episodes: 239 | LastEpReward: 15.051 | RecentReward: 8.439 | ActorLoss: -18.255586 | CriticLoss: 1.003729 | Q: 17.6663 | TargetQ: 17.7279 | TDAbs: 1.3178 | ActorGrad: 2.2581 | CriticGrad: 16.6380 | Noise: 0.0500 | Replay: 50000 | FPS: 60.92 | ETA: 7.6 min
2026-09-12 21:51:19,457 | INFO | 开始周期评估: Steps=122880 | Episodes=240 | EvalEpisodes=5
2026-09-12 21:51:38,664 | INFO | 周期评估完成: Steps=122880 | MeanReward=5.220 | StdReward=3.066
2026-09-12 21:51:38,672 | INFO | Steps: 122880/150000 | Episodes: 240 | LastEpReward: -0.873 | RecentReward: 8.351 | ActorLoss: -21.550246 | CriticLoss: 1.255063 | Q: 20.7931 | TargetQ: 20.7973 | TDAbs: 1.5723 | ActorGrad: 3.6788 | CriticGrad: 18.9008 | Noise: 0.0500 | Replay: 50000 | FPS: 60.40 | ETA: 7.5 min
2026-09-12 21:51:45,167 | INFO | Steps: 123392/150000 | Episodes: 241 | LastEpReward: 4.128 | RecentReward: 7.159 | ActorLoss: -21.759555 | CriticLoss: 1.750101 | Q: 21.0353 | TargetQ: 20.3696 | TDAbs: 2.0685 | ActorGrad: 3.1190 | CriticGrad: 19.4398 | Noise: 0.0500 | Replay: 50000 | FPS: 60.46 | ETA: 7.3 min
2026-09-12 21:51:51,668 | INFO | Steps: 123904/150000 | Episodes: 242 | LastEpReward: 14.543 | RecentReward: 6.945 | ActorLoss: -22.703005 | CriticLoss: 1.152027 | Q: 21.8308 | TargetQ: 21.8899 | TDAbs: 1.4716 | ActorGrad: 3.4197 | CriticGrad: 21.2923 | Noise: 0.0500 | Replay: 50000 | FPS: 60.52 | ETA: 7.2 min
2026-09-12 21:51:58,274 | INFO | Steps: 124416/150000 | Episodes: 243 | LastEpReward: 13.735 | RecentReward: 7.768 | ActorLoss: -27.497282 | CriticLoss: 1.231427 | Q: 26.3488 | TargetQ: 26.4746 | TDAbs: 1.5512 | ActorGrad: 3.9400 | CriticGrad: 24.2769 | Noise: 0.0500 | Replay: 50000 | FPS: 60.57 | ETA: 7.0 min
2026-09-12 21:52:05,049 | INFO | Steps: 124928/150000 | Episodes: 244 | LastEpReward: 4.923 | RecentReward: 7.531 | ActorLoss: -26.234856 | CriticLoss: 1.920333 | Q: 25.2483 | TargetQ: 24.8385 | TDAbs: 2.2395 | ActorGrad: 3.7354 | CriticGrad: 24.2462 | Noise: 0.0500 | Replay: 50000 | FPS: 60.62 | ETA: 6.9 min
2026-09-12 21:52:11,963 | INFO | Steps: 125440/150000 | Episodes: 245 | LastEpReward: 4.409 | RecentReward: 7.672 | ActorLoss: -32.592908 | CriticLoss: 1.332511 | Q: 31.4418 | TargetQ: 31.5826 | TDAbs: 1.6556 | ActorGrad: 4.7361 | CriticGrad: 27.0075 | Noise: 0.0500 | Replay: 50000 | FPS: 60.67 | ETA: 6.7 min
2026-09-12 21:52:18,575 | INFO | Steps: 125952/150000 | Episodes: 246 | LastEpReward: 16.555 | RecentReward: 9.480 | ActorLoss: -27.659501 | CriticLoss: 2.087699 | Q: 26.6121 | TargetQ: 26.1095 | TDAbs: 2.4121 | ActorGrad: 5.2906 | CriticGrad: 27.3242 | Noise: 0.0500 | Replay: 50000 | FPS: 60.72 | ETA: 6.6 min
2026-09-12 21:52:25,227 | INFO | Steps: 126464/150000 | Episodes: 247 | LastEpReward: 8.602 | RecentReward: 9.807 | ActorLoss: -33.138814 | CriticLoss: 1.308086 | Q: 31.9795 | TargetQ: 32.1414 | TDAbs: 1.6290 | ActorGrad: 5.4722 | CriticGrad: 29.6432 | Noise: 0.0500 | Replay: 50000 | FPS: 60.77 | ETA: 6.5 min
2026-09-12 21:52:31,738 | INFO | Steps: 126976/150000 | Episodes: 248 | LastEpReward: 4.533 | RecentReward: 8.561 | ActorLoss: -37.905360 | CriticLoss: 2.611638 | Q: 36.5243 | TargetQ: 36.2383 | TDAbs: 2.9333 | ActorGrad: 4.4061 | CriticGrad: 35.4109 | Noise: 0.0500 | Replay: 50000 | FPS: 60.83 | ETA: 6.3 min
2026-09-12 21:52:38,250 | INFO | Steps: 127488/150000 | Episodes: 249 | LastEpReward: 19.534 | RecentReward: 9.009 | ActorLoss: -40.947447 | CriticLoss: 1.868020 | Q: 39.7277 | TargetQ: 39.7313 | TDAbs: 2.1866 | ActorGrad: 5.2333 | CriticGrad: 35.8537 | Noise: 0.0500 | Replay: 50000 | FPS: 60.88 | ETA: 6.2 min
2026-09-12 21:52:44,761 | INFO | 开始周期评估: Steps=128000 | Episodes=250 | EvalEpisodes=5
2026-09-12 21:53:03,917 | INFO | 周期评估完成: Steps=128000 | MeanReward=10.018 | StdReward=2.754
2026-09-12 21:53:03,924 | INFO | Steps: 128000/150000 | Episodes: 250 | LastEpReward: 6.186 | RecentReward: 9.715 | ActorLoss: -38.160529 | CriticLoss: 1.983808 | Q: 36.8201 | TargetQ: 37.3200 | TDAbs: 2.3116 | ActorGrad: 5.7346 | CriticGrad: 34.8970 | Noise: 0.0500 | Replay: 50000 | FPS: 60.39 | ETA: 6.1 min
2026-09-12 21:53:10,440 | INFO | Steps: 128512/150000 | Episodes: 251 | LastEpReward: 8.005 | RecentReward: 10.103 | ActorLoss: -40.959189 | CriticLoss: 1.964663 | Q: 39.5124 | TargetQ: 39.3155 | TDAbs: 2.2877 | ActorGrad: 6.8409 | CriticGrad: 37.3947 | Noise: 0.0500 | Replay: 50000 | FPS: 60.44 | ETA: 5.9 min
2026-09-12 21:53:17,055 | INFO | Steps: 129024/150000 | Episodes: 252 | LastEpReward: 12.812 | RecentReward: 9.929 | ActorLoss: -38.257230 | CriticLoss: 1.823026 | Q: 36.7997 | TargetQ: 37.1018 | TDAbs: 2.1471 | ActorGrad: 5.6578 | CriticGrad: 35.1280 | Noise: 0.0500 | Replay: 50000 | FPS: 60.50 | ETA: 5.8 min
2026-09-12 21:53:23,705 | INFO | Steps: 129536/150000 | Episodes: 253 | LastEpReward: 15.711 | RecentReward: 10.127 | ActorLoss: -45.185492 | CriticLoss: 2.221128 | Q: 43.8138 | TargetQ: 43.9500 | TDAbs: 2.5401 | ActorGrad: 8.4061 | CriticGrad: 42.2376 | Noise: 0.0500 | Replay: 50000 | FPS: 60.55 | ETA: 5.6 min
2026-09-12 21:53:30,348 | INFO | Steps: 130048/150000 | Episodes: 254 | LastEpReward: 8.338 | RecentReward: 10.468 | ActorLoss: -51.120206 | CriticLoss: 2.726505 | Q: 49.6621 | TargetQ: 50.0295 | TDAbs: 3.0460 | ActorGrad: 9.7939 | CriticGrad: 48.1101 | Noise: 0.0500 | Replay: 50000 | FPS: 60.60 | ETA: 5.5 min
2026-09-12 21:53:36,904 | INFO | Steps: 130560/150000 | Episodes: 255 | LastEpReward: 15.143 | RecentReward: 11.542 | ActorLoss: -57.629313 | CriticLoss: 2.644373 | Q: 56.1102 | TargetQ: 56.1246 | TDAbs: 2.9633 | ActorGrad: 9.8125 | CriticGrad: 50.1466 | Noise: 0.0500 | Replay: 50000 | FPS: 60.65 | ETA: 5.3 min
2026-09-12 21:53:43,648 | INFO | Steps: 131072/150000 | Episodes: 256 | LastEpReward: 13.242 | RecentReward: 11.211 | ActorLoss: -69.331252 | CriticLoss: 4.224693 | Q: 67.5435 | TargetQ: 66.2510 | TDAbs: 4.5402 | ActorGrad: 10.6257 | CriticGrad: 62.6060 | Noise: 0.0500 | Replay: 50000 | FPS: 60.70 | ETA: 5.2 min
2026-09-12 21:53:50,425 | INFO | Steps: 131584/150000 | Episodes: 257 | LastEpReward: -0.267 | RecentReward: 10.324 | ActorLoss: -72.474432 | CriticLoss: 3.133788 | Q: 69.9994 | TargetQ: 69.7244 | TDAbs: 3.4493 | ActorGrad: 12.6800 | CriticGrad: 63.7174 | Noise: 0.0500 | Replay: 50000 | FPS: 60.74 | ETA: 5.1 min
2026-09-12 21:53:57,205 | INFO | Steps: 132096/150000 | Episodes: 258 | LastEpReward: 16.472 | RecentReward: 11.518 | ActorLoss: -77.571669 | CriticLoss: 4.645534 | Q: 74.6186 | TargetQ: 73.0687 | TDAbs: 4.9623 | ActorGrad: 11.3802 | CriticGrad: 65.6005 | Noise: 0.0500 | Replay: 50000 | FPS: 60.79 | ETA: 4.9 min
2026-09-12 21:54:03,723 | INFO | Steps: 132608/150000 | Episodes: 259 | LastEpReward: 5.823 | RecentReward: 10.146 | ActorLoss: -48.651856 | CriticLoss: 2.853540 | Q: 47.0574 | TargetQ: 47.5900 | TDAbs: 3.1631 | ActorGrad: 10.1825 | CriticGrad: 56.2962 | Noise: 0.0500 | Replay: 50000 | FPS: 60.84 | ETA: 4.8 min
2026-09-12 21:54:10,393 | INFO | 开始周期评估: Steps=133120 | Episodes=260 | EvalEpisodes=5
2026-09-12 21:54:29,568 | INFO | 周期评估完成: Steps=133120 | MeanReward=11.675 | StdReward=4.124
2026-09-12 21:54:29,575 | INFO | Steps: 133120/150000 | Episodes: 260 | LastEpReward: 24.849 | RecentReward: 12.013 | ActorLoss: -20.459618 | CriticLoss: 2.097304 | Q: 19.8441 | TargetQ: 20.4318 | TDAbs: 2.4048 | ActorGrad: 10.1730 | CriticGrad: 39.0078 | Noise: 0.0500 | Replay: 50000 | FPS: 60.36 | ETA: 4.7 min
2026-09-12 21:54:36,396 | INFO | Steps: 133632/150000 | Episodes: 261 | LastEpReward: 10.495 | RecentReward: 12.262 | ActorLoss: -21.784207 | CriticLoss: 2.177400 | Q: 21.2620 | TargetQ: 21.3364 | TDAbs: 2.4745 | ActorGrad: 12.9061 | CriticGrad: 39.6096 | Noise: 0.0500 | Replay: 50000 | FPS: 60.41 | ETA: 4.5 min
2026-09-12 21:54:43,251 | INFO | Steps: 134144/150000 | Episodes: 262 | LastEpReward: 10.948 | RecentReward: 12.075 | ActorLoss: -21.497895 | CriticLoss: 2.177205 | Q: 21.0877 | TargetQ: 21.2899 | TDAbs: 2.4658 | ActorGrad: 13.0600 | CriticGrad: 39.4166 | Noise: 0.0500 | Replay: 50000 | FPS: 60.45 | ETA: 4.4 min
2026-09-12 21:54:50,033 | INFO | Steps: 134656/150000 | Episodes: 263 | LastEpReward: 10.025 | RecentReward: 11.507 | ActorLoss: -16.695830 | CriticLoss: 1.383616 | Q: 16.4848 | TargetQ: 16.4719 | TDAbs: 1.6658 | ActorGrad: 8.9016 | CriticGrad: 35.1443 | Noise: 0.0500 | Replay: 50000 | FPS: 60.50 | ETA: 4.2 min
2026-09-12 21:54:56,922 | INFO | Steps: 135168/150000 | Episodes: 264 | LastEpReward: 1.824 | RecentReward: 10.855 | ActorLoss: -16.954264 | CriticLoss: 1.997956 | Q: 16.7554 | TargetQ: 16.5872 | TDAbs: 2.2768 | ActorGrad: 10.1055 | CriticGrad: 37.4332 | Noise: 0.0500 | Replay: 50000 | FPS: 60.54 | ETA: 4.1 min
2026-09-12 21:55:03,627 | INFO | Steps: 135680/150000 | Episodes: 265 | LastEpReward: 7.956 | RecentReward: 10.137 | ActorLoss: -14.154103 | CriticLoss: 1.576017 | Q: 13.9375 | TargetQ: 13.9631 | TDAbs: 1.8497 | ActorGrad: 4.6471 | CriticGrad: 33.1157 | Noise: 0.0500 | Replay: 50000 | FPS: 60.59 | ETA: 3.9 min
2026-09-12 21:55:10,201 | INFO | Steps: 136192/150000 | Episodes: 266 | LastEpReward: 10.966 | RecentReward: 9.909 | ActorLoss: -13.608683 | CriticLoss: 1.622577 | Q: 13.4925 | TargetQ: 13.6257 | TDAbs: 1.8882 | ActorGrad: 5.6148 | CriticGrad: 30.6095 | Noise: 0.0500 | Replay: 50000 | FPS: 60.64 | ETA: 3.8 min
2026-09-12 21:55:16,825 | INFO | Steps: 136704/150000 | Episodes: 267 | LastEpReward: 8.961 | RecentReward: 10.832 | ActorLoss: -13.336998 | CriticLoss: 1.662299 | Q: 13.1073 | TargetQ: 13.4821 | TDAbs: 1.9208 | ActorGrad: 4.9932 | CriticGrad: 32.6771 | Noise: 0.0500 | Replay: 50000 | FPS: 60.69 | ETA: 3.7 min
2026-09-12 21:55:23,480 | INFO | Steps: 137216/150000 | Episodes: 268 | LastEpReward: 23.090 | RecentReward: 11.494 | ActorLoss: -10.974926 | CriticLoss: 1.236002 | Q: 10.8848 | TargetQ: 11.0423 | TDAbs: 1.4903 | ActorGrad: 3.3287 | CriticGrad: 23.5750 | Noise: 0.0500 | Replay: 50000 | FPS: 60.74 | ETA: 3.5 min
2026-09-12 21:55:30,202 | INFO | Steps: 137728/150000 | Episodes: 269 | LastEpReward: 10.670 | RecentReward: 11.978 | ActorLoss: -11.507583 | CriticLoss: 1.381665 | Q: 11.4374 | TargetQ: 11.7186 | TDAbs: 1.6316 | ActorGrad: 4.7566 | CriticGrad: 25.1796 | Noise: 0.0500 | Replay: 50000 | FPS: 60.78 | ETA: 3.4 min
2026-09-12 21:55:36,689 | INFO | 开始周期评估: Steps=138240 | Episodes=270 | EvalEpisodes=5
2026-09-12 21:55:55,875 | INFO | 周期评估完成: Steps=138240 | MeanReward=10.712 | StdReward=6.150
2026-09-12 21:55:55,882 | INFO | Steps: 138240/150000 | Episodes: 270 | LastEpReward: 15.061 | RecentReward: 11.000 | ActorLoss: -10.365309 | CriticLoss: 1.176373 | Q: 10.4131 | TargetQ: 10.5032 | TDAbs: 1.4208 | ActorGrad: 4.7837 | CriticGrad: 24.7356 | Noise: 0.0500 | Replay: 50000 | FPS: 60.32 | ETA: 3.2 min
2026-09-12 21:56:02,494 | INFO | Steps: 138752/150000 | Episodes: 271 | LastEpReward: 22.048 | RecentReward: 12.155 | ActorLoss: -11.487055 | CriticLoss: 1.316156 | Q: 11.4717 | TargetQ: 11.7913 | TDAbs: 1.5573 | ActorGrad: 4.7456 | CriticGrad: 22.7924 | Noise: 0.0500 | Replay: 50000 | FPS: 60.37 | ETA: 3.1 min
2026-09-12 21:56:09,123 | INFO | Steps: 139264/150000 | Episodes: 272 | LastEpReward: 22.239 | RecentReward: 13.284 | ActorLoss: -10.701575 | CriticLoss: 1.228030 | Q: 10.7032 | TargetQ: 10.7416 | TDAbs: 1.4719 | ActorGrad: 2.8210 | CriticGrad: 20.4815 | Noise: 0.0500 | Replay: 50000 | FPS: 60.42 | ETA: 3.0 min
2026-09-12 21:56:15,955 | INFO | Steps: 139776/150000 | Episodes: 273 | LastEpReward: 13.086 | RecentReward: 13.590 | ActorLoss: -11.828075 | CriticLoss: 1.137361 | Q: 11.8952 | TargetQ: 11.7915 | TDAbs: 1.3699 | ActorGrad: 5.6058 | CriticGrad: 26.2754 | Noise: 0.0500 | Replay: 50000 | FPS: 60.46 | ETA: 2.8 min
2026-09-12 21:56:22,632 | INFO | Steps: 140288/150000 | Episodes: 274 | LastEpReward: -0.745 | RecentReward: 13.333 | ActorLoss: -9.945650 | CriticLoss: 0.972514 | Q: 9.9122 | TargetQ: 10.1600 | TDAbs: 1.2027 | ActorGrad: 3.6392 | CriticGrad: 22.1283 | Noise: 0.0500 | Replay: 50000 | FPS: 60.51 | ETA: 2.7 min
2026-09-12 21:56:29,313 | INFO | Steps: 140800/150000 | Episodes: 275 | LastEpReward: 15.201 | RecentReward: 14.058 | ActorLoss: -9.354972 | CriticLoss: 0.910422 | Q: 9.4430 | TargetQ: 9.4507 | TDAbs: 1.1410 | ActorGrad: 3.4531 | CriticGrad: 18.0613 | Noise: 0.0500 | Replay: 50000 | FPS: 60.56 | ETA: 2.5 min
2026-09-12 21:56:35,908 | INFO | Steps: 141312/150000 | Episodes: 276 | LastEpReward: 11.758 | RecentReward: 14.137 | ActorLoss: -7.918040 | CriticLoss: 0.653545 | Q: 7.8579 | TargetQ: 7.9995 | TDAbs: 0.8753 | ActorGrad: 3.5007 | CriticGrad: 14.2527 | Noise: 0.0500 | Replay: 50000 | FPS: 60.61 | ETA: 2.4 min
2026-09-12 21:56:42,767 | INFO | Steps: 141824/150000 | Episodes: 277 | LastEpReward: 10.236 | RecentReward: 14.265 | ActorLoss: -7.290783 | CriticLoss: 0.643089 | Q: 7.2918 | TargetQ: 7.4297 | TDAbs: 0.8639 | ActorGrad: 1.9448 | CriticGrad: 11.3429 | Noise: 0.0500 | Replay: 50000 | FPS: 60.65 | ETA: 2.2 min
2026-09-12 21:56:49,472 | INFO | Steps: 142336/150000 | Episodes: 278 | LastEpReward: 7.725 | RecentReward: 12.728 | ActorLoss: -5.523589 | CriticLoss: 0.367680 | Q: 5.4947 | TargetQ: 5.5272 | TDAbs: 0.5819 | ActorGrad: 1.5278 | CriticGrad: 8.3354 | Noise: 0.0500 | Replay: 50000 | FPS: 60.69 | ETA: 2.1 min
2026-09-12 21:56:56,121 | INFO | Steps: 142848/150000 | Episodes: 279 | LastEpReward: 23.157 | RecentReward: 13.977 | ActorLoss: -6.342577 | CriticLoss: 0.432807 | Q: 6.2947 | TargetQ: 6.3207 | TDAbs: 0.6407 | ActorGrad: 1.8663 | CriticGrad: 9.7271 | Noise: 0.0500 | Replay: 50000 | FPS: 60.74 | ETA: 2.0 min
2026-09-12 21:57:02,801 | INFO | 开始周期评估: Steps=143360 | Episodes=280 | EvalEpisodes=5
2026-09-12 21:57:21,942 | INFO | 周期评估完成: Steps=143360 | MeanReward=11.555 | StdReward=6.333
2026-09-12 21:57:21,949 | INFO | Steps: 143360/150000 | Episodes: 280 | LastEpReward: 12.113 | RecentReward: 13.682 | ActorLoss: -5.627847 | CriticLoss: 0.464388 | Q: 5.5893 | TargetQ: 5.6355 | TDAbs: 0.6651 | ActorGrad: 1.6224 | CriticGrad: 7.4603 | Noise: 0.0500 | Replay: 50000 | FPS: 60.29 | ETA: 1.8 min
2026-09-12 21:57:28,440 | INFO | Steps: 143872/150000 | Episodes: 281 | LastEpReward: 12.164 | RecentReward: 12.693 | ActorLoss: -5.523808 | CriticLoss: 0.562485 | Q: 5.5071 | TargetQ: 5.5649 | TDAbs: 0.7613 | ActorGrad: 1.5530 | CriticGrad: 8.0021 | Noise: 0.0500 | Replay: 50000 | FPS: 60.34 | ETA: 1.7 min
2026-09-12 21:57:34,979 | INFO | Steps: 144384/150000 | Episodes: 282 | LastEpReward: 21.192 | RecentReward: 12.589 | ActorLoss: -6.203640 | CriticLoss: 0.447146 | Q: 6.1912 | TargetQ: 6.1906 | TDAbs: 0.6419 | ActorGrad: 2.4351 | CriticGrad: 8.9218 | Noise: 0.0500 | Replay: 50000 | FPS: 60.39 | ETA: 1.5 min
2026-09-12 21:57:41,394 | INFO | Steps: 144896/150000 | Episodes: 283 | LastEpReward: 6.012 | RecentReward: 11.881 | ActorLoss: -5.412662 | CriticLoss: 0.351420 | Q: 5.3844 | TargetQ: 5.4071 | TDAbs: 0.5445 | ActorGrad: 1.7123 | CriticGrad: 6.7067 | Noise: 0.0500 | Replay: 50000 | FPS: 60.45 | ETA: 1.4 min
2026-09-12 21:57:47,885 | INFO | Steps: 145408/150000 | Episodes: 284 | LastEpReward: 20.786 | RecentReward: 14.034 | ActorLoss: -5.578757 | CriticLoss: 0.307311 | Q: 5.5487 | TargetQ: 5.5545 | TDAbs: 0.4995 | ActorGrad: 0.9340 | CriticGrad: 6.3564 | Noise: 0.0500 | Replay: 50000 | FPS: 60.50 | ETA: 1.3 min
2026-09-12 21:57:54,635 | INFO | Steps: 145920/150000 | Episodes: 285 | LastEpReward: 0.501 | RecentReward: 12.564 | ActorLoss: -5.466164 | CriticLoss: 0.324709 | Q: 5.4288 | TargetQ: 5.4723 | TDAbs: 0.5151 | ActorGrad: 1.0561 | CriticGrad: 6.5543 | Noise: 0.0500 | Replay: 50000 | FPS: 60.54 | ETA: 1.1 min
2026-09-12 21:58:01,210 | INFO | Steps: 146432/150000 | Episodes: 286 | LastEpReward: 20.328 | RecentReward: 13.421 | ActorLoss: -5.086808 | CriticLoss: 0.341808 | Q: 5.0629 | TargetQ: 5.0877 | TDAbs: 0.5280 | ActorGrad: 0.7229 | CriticGrad: 5.9264 | Noise: 0.0500 | Replay: 50000 | FPS: 60.59 | ETA: 1.0 min
2026-09-12 21:58:07,864 | INFO | Steps: 146944/150000 | Episodes: 287 | LastEpReward: 16.495 | RecentReward: 14.047 | ActorLoss: -4.796188 | CriticLoss: 0.249324 | Q: 4.7736 | TargetQ: 4.7928 | TDAbs: 0.4342 | ActorGrad: 0.7702 | CriticGrad: 4.7942 | Noise: 0.0500 | Replay: 50000 | FPS: 60.63 | ETA: 0.8 min
2026-09-12 21:58:14,559 | INFO | Steps: 147456/150000 | Episodes: 288 | LastEpReward: 2.062 | RecentReward: 13.481 | ActorLoss: -5.182032 | CriticLoss: 0.361659 | Q: 5.1608 | TargetQ: 5.2126 | TDAbs: 0.5440 | ActorGrad: 1.4502 | CriticGrad: 5.5794 | Noise: 0.0500 | Replay: 50000 | FPS: 60.67 | ETA: 0.7 min
2026-09-12 21:58:21,262 | INFO | Steps: 147968/150000 | Episodes: 289 | LastEpReward: 10.018 | RecentReward: 12.167 | ActorLoss: -5.831449 | CriticLoss: 0.367467 | Q: 5.7913 | TargetQ: 5.7796 | TDAbs: 0.5500 | ActorGrad: 0.8682 | CriticGrad: 6.6939 | Noise: 0.0500 | Replay: 50000 | FPS: 60.72 | ETA: 0.6 min
2026-09-12 21:58:27,911 | INFO | 开始周期评估: Steps=148480 | Episodes=290 | EvalEpisodes=5
2026-09-12 21:58:47,146 | INFO | 周期评估完成: Steps=148480 | MeanReward=11.903 | StdReward=5.660
2026-09-12 21:58:47,153 | INFO | Steps: 148480/150000 | Episodes: 290 | LastEpReward: 24.218 | RecentReward: 13.378 | ActorLoss: -5.223303 | CriticLoss: 0.200446 | Q: 5.1994 | TargetQ: 5.1939 | TDAbs: 0.3790 | ActorGrad: 0.6707 | CriticGrad: 5.2804 | Noise: 0.0500 | Replay: 50000 | FPS: 60.29 | ETA: 0.4 min
2026-09-12 21:58:53,719 | INFO | Steps: 148992/150000 | Episodes: 291 | LastEpReward: 26.155 | RecentReward: 14.777 | ActorLoss: -4.634307 | CriticLoss: 0.288223 | Q: 4.6009 | TargetQ: 4.6994 | TDAbs: 0.4668 | ActorGrad: 1.3078 | CriticGrad: 4.6821 | Noise: 0.0500 | Replay: 50000 | FPS: 60.33 | ETA: 0.3 min
2026-09-12 21:59:00,184 | INFO | Steps: 149504/150000 | Episodes: 292 | LastEpReward: 16.442 | RecentReward: 14.302 | ActorLoss: -4.708665 | CriticLoss: 0.228691 | Q: 4.6747 | TargetQ: 4.6433 | TDAbs: 0.4088 | ActorGrad: 0.7411 | CriticGrad: 4.3199 | Noise: 0.0500 | Replay: 50000 | FPS: 60.38 | ETA: 0.1 min
2026-09-12 21:59:06,482 | INFO | Steps: 150000/150000 | Episodes: 292 | LastEpReward: 16.442 | RecentReward: 14.302 | ActorLoss: -5.334647 | CriticLoss: 0.266901 | Q: 5.3212 | TargetQ: 5.2586 | TDAbs: 0.4476 | ActorGrad: 1.0644 | CriticGrad: 5.9993 | Noise: 0.0500 | Replay: 50000 | FPS: 60.43 | ETA: 0.0 min
2026-09-12 21:59:44,985 | INFO | MADDPG 训练与评估完成，最佳权重: /home/pjpjq/LEO_switch/results/multiseed_0907/seed43/u25/learned_baselines/maddpg/maddpg_model.pt
