2026-09-16 01:34:31,978 | INFO | ============================================================
2026-09-16 01:34:31,978 | INFO | 开始训练纯 PDQN 基线
2026-09-16 01:34:31,978 | INFO | 总步数: 150000 | warmup: 1000 | batch: 128 | 日志间隔: 512 steps | 保存间隔: 50000 steps | device: cuda
2026-09-16 01:34:31,978 | INFO | ============================================================
2026-09-16 01:34:36,163 | INFO | Steps: 512/150000 | Episodes: 1 | CurrentEpReward: 0.000 | RecentReward: -17.905 | QLoss: 0.000000 | ParamLoss: 0.000000 | Epsilon: 1.0000 | Replay: 512
2026-09-16 01:34:40,696 | INFO | Steps: 1024/150000 | Episodes: 2 | CurrentEpReward: 0.000 | RecentReward: -12.018 | QLoss: 0.180547 | ParamLoss: 0.005997 | Epsilon: 0.9993 | Replay: 1024
2026-09-16 01:34:51,544 | INFO | Steps: 1536/150000 | Episodes: 3 | CurrentEpReward: 0.000 | RecentReward: -12.532 | QLoss: 0.170053 | ParamLoss: 0.000804 | Epsilon: 0.9860 | Replay: 1536
2026-09-16 01:35:02,325 | INFO | Steps: 2048/150000 | Episodes: 4 | CurrentEpReward: 0.000 | RecentReward: -13.320 | QLoss: 0.177533 | ParamLoss: -0.006584 | Epsilon: 0.9726 | Replay: 2048
2026-09-16 01:35:13,186 | INFO | Steps: 2560/150000 | Episodes: 5 | CurrentEpReward: 0.000 | RecentReward: -12.353 | QLoss: 0.180148 | ParamLoss: -0.012149 | Epsilon: 0.9592 | Replay: 2560
2026-09-16 01:35:23,974 | INFO | Steps: 3072/150000 | Episodes: 6 | CurrentEpReward: 0.000 | RecentReward: -13.360 | QLoss: 0.185819 | ParamLoss: -0.016175 | Epsilon: 0.9458 | Replay: 3072
2026-09-16 01:35:34,693 | INFO | Steps: 3584/150000 | Episodes: 7 | CurrentEpReward: 0.000 | RecentReward: -12.487 | QLoss: 0.185280 | ParamLoss: -0.022658 | Epsilon: 0.9324 | Replay: 3584
2026-09-16 01:35:45,447 | INFO | Steps: 4096/150000 | Episodes: 8 | CurrentEpReward: 0.000 | RecentReward: -11.208 | QLoss: 0.187606 | ParamLoss: -0.028360 | Epsilon: 0.9191 | Replay: 4096
2026-09-16 01:35:56,292 | INFO | Steps: 4608/150000 | Episodes: 9 | CurrentEpReward: 0.000 | RecentReward: -10.685 | QLoss: 0.187442 | ParamLoss: -0.036858 | Epsilon: 0.9057 | Replay: 4608
2026-09-16 01:36:07,269 | INFO | Steps: 5120/150000 | Episodes: 10 | CurrentEpReward: 0.000 | RecentReward: -10.589 | QLoss: 0.188995 | ParamLoss: -0.045145 | Epsilon: 0.8923 | Replay: 5120
2026-09-16 01:36:18,311 | INFO | Steps: 5632/150000 | Episodes: 11 | CurrentEpReward: 0.000 | RecentReward: -9.115 | QLoss: 0.191433 | ParamLoss: -0.054112 | Epsilon: 0.8789 | Replay: 5632
2026-09-16 01:36:29,083 | INFO | Steps: 6144/150000 | Episodes: 12 | CurrentEpReward: 0.000 | RecentReward: -10.015 | QLoss: 0.197862 | ParamLoss: -0.060304 | Epsilon: 0.8655 | Replay: 6144
2026-09-16 01:36:39,843 | INFO | Steps: 6656/150000 | Episodes: 13 | CurrentEpReward: 0.000 | RecentReward: -9.799 | QLoss: 0.194107 | ParamLoss: -0.066463 | Epsilon: 0.8522 | Replay: 6656
2026-09-16 01:36:50,541 | INFO | Steps: 7168/150000 | Episodes: 14 | CurrentEpReward: 0.000 | RecentReward: -9.125 | QLoss: 0.197304 | ParamLoss: -0.072983 | Epsilon: 0.8388 | Replay: 7168
2026-09-16 01:37:01,512 | INFO | Steps: 7680/150000 | Episodes: 15 | CurrentEpReward: 0.000 | RecentReward: -8.283 | QLoss: 0.199490 | ParamLoss: -0.080532 | Epsilon: 0.8254 | Replay: 7680
2026-09-16 01:37:12,267 | INFO | Steps: 8192/150000 | Episodes: 16 | CurrentEpReward: 0.000 | RecentReward: -6.218 | QLoss: 0.198768 | ParamLoss: -0.088009 | Epsilon: 0.8120 | Replay: 8192
2026-09-16 01:37:22,940 | INFO | Steps: 8704/150000 | Episodes: 17 | CurrentEpReward: 0.000 | RecentReward: -6.950 | QLoss: 0.207686 | ParamLoss: -0.093006 | Epsilon: 0.7986 | Replay: 8704
2026-09-16 01:37:34,077 | INFO | Steps: 9216/150000 | Episodes: 18 | CurrentEpReward: 0.000 | RecentReward: -6.481 | QLoss: 0.205711 | ParamLoss: -0.103579 | Epsilon: 0.7853 | Replay: 9216
2026-09-16 01:37:44,940 | INFO | Steps: 9728/150000 | Episodes: 19 | CurrentEpReward: 0.000 | RecentReward: -6.424 | QLoss: 0.206290 | ParamLoss: -0.108901 | Epsilon: 0.7719 | Replay: 9728
2026-09-16 01:37:55,746 | INFO | Steps: 10240/150000 | Episodes: 20 | CurrentEpReward: 0.000 | RecentReward: -6.006 | QLoss: 0.210350 | ParamLoss: -0.110681 | Epsilon: 0.7585 | Replay: 10240
2026-09-16 01:38:06,750 | INFO | Steps: 10752/150000 | Episodes: 21 | CurrentEpReward: 0.000 | RecentReward: -5.942 | QLoss: 0.212010 | ParamLoss: -0.117096 | Epsilon: 0.7451 | Replay: 10752
2026-09-16 01:38:17,529 | INFO | Steps: 11264/150000 | Episodes: 22 | CurrentEpReward: 0.000 | RecentReward: -5.129 | QLoss: 0.218194 | ParamLoss: -0.127241 | Epsilon: 0.7317 | Replay: 11264
2026-09-16 01:38:28,528 | INFO | Steps: 11776/150000 | Episodes: 23 | CurrentEpReward: 0.000 | RecentReward: -3.070 | QLoss: 0.212156 | ParamLoss: -0.134925 | Epsilon: 0.7184 | Replay: 11776
2026-09-16 01:38:39,379 | INFO | Steps: 12288/150000 | Episodes: 24 | CurrentEpReward: 0.000 | RecentReward: -1.877 | QLoss: 0.216803 | ParamLoss: -0.140750 | Epsilon: 0.7050 | Replay: 12288
2026-09-16 01:38:50,183 | INFO | Steps: 12800/150000 | Episodes: 25 | CurrentEpReward: 0.000 | RecentReward: -1.374 | QLoss: 0.221060 | ParamLoss: -0.147235 | Epsilon: 0.6916 | Replay: 12800
2026-09-16 01:39:01,015 | INFO | Steps: 13312/150000 | Episodes: 26 | CurrentEpReward: 0.000 | RecentReward: -1.034 | QLoss: 0.226913 | ParamLoss: -0.149524 | Epsilon: 0.6782 | Replay: 13312
2026-09-16 01:39:11,803 | INFO | Steps: 13824/150000 | Episodes: 27 | CurrentEpReward: 0.000 | RecentReward: 1.319 | QLoss: 0.225920 | ParamLoss: -0.152015 | Epsilon: 0.6648 | Replay: 13824
2026-09-16 01:39:22,751 | INFO | Steps: 14336/150000 | Episodes: 28 | CurrentEpReward: 0.000 | RecentReward: 1.442 | QLoss: 0.224882 | ParamLoss: -0.159911 | Epsilon: 0.6515 | Replay: 14336
2026-09-16 01:39:33,536 | INFO | Steps: 14848/150000 | Episodes: 29 | CurrentEpReward: 0.000 | RecentReward: 2.137 | QLoss: 0.234164 | ParamLoss: -0.167981 | Epsilon: 0.6381 | Replay: 14848
2026-09-16 01:39:44,393 | INFO | Steps: 15360/150000 | Episodes: 30 | CurrentEpReward: 0.000 | RecentReward: 4.139 | QLoss: 0.224256 | ParamLoss: -0.175092 | Epsilon: 0.6247 | Replay: 15360
2026-09-16 01:39:55,166 | INFO | Steps: 15872/150000 | Episodes: 31 | CurrentEpReward: 0.000 | RecentReward: 4.597 | QLoss: 0.228628 | ParamLoss: -0.179777 | Epsilon: 0.6113 | Replay: 15872
2026-09-16 01:40:05,883 | INFO | Steps: 16384/150000 | Episodes: 32 | CurrentEpReward: 0.000 | RecentReward: 5.730 | QLoss: 0.236405 | ParamLoss: -0.184587 | Epsilon: 0.5979 | Replay: 16384
2026-09-16 01:40:16,639 | INFO | Steps: 16896/150000 | Episodes: 33 | CurrentEpReward: 0.000 | RecentReward: 4.922 | QLoss: 0.240815 | ParamLoss: -0.187663 | Epsilon: 0.5846 | Replay: 16896
2026-09-16 01:40:27,760 | INFO | Steps: 17408/150000 | Episodes: 34 | CurrentEpReward: 0.000 | RecentReward: 6.672 | QLoss: 0.237781 | ParamLoss: -0.195928 | Epsilon: 0.5712 | Replay: 17408
2026-09-16 01:40:38,624 | INFO | Steps: 17920/150000 | Episodes: 35 | CurrentEpReward: 0.000 | RecentReward: 7.018 | QLoss: 0.242209 | ParamLoss: -0.203524 | Epsilon: 0.5578 | Replay: 17920
2026-09-16 01:40:49,462 | INFO | Steps: 18432/150000 | Episodes: 36 | CurrentEpReward: 0.000 | RecentReward: 7.131 | QLoss: 0.250598 | ParamLoss: -0.210822 | Epsilon: 0.5444 | Replay: 18432
2026-09-16 01:41:00,274 | INFO | Steps: 18944/150000 | Episodes: 37 | CurrentEpReward: 0.000 | RecentReward: 7.037 | QLoss: 0.263997 | ParamLoss: -0.218648 | Epsilon: 0.5310 | Replay: 18944
2026-09-16 01:41:11,151 | INFO | Steps: 19456/150000 | Episodes: 38 | CurrentEpReward: 0.000 | RecentReward: 7.218 | QLoss: 0.245907 | ParamLoss: -0.228331 | Epsilon: 0.5177 | Replay: 19456
2026-09-16 01:41:21,959 | INFO | Steps: 19968/150000 | Episodes: 39 | CurrentEpReward: 0.000 | RecentReward: 8.475 | QLoss: 0.254779 | ParamLoss: -0.237662 | Epsilon: 0.5043 | Replay: 19968
2026-09-16 01:41:32,793 | INFO | Steps: 20480/150000 | Episodes: 40 | CurrentEpReward: 0.000 | RecentReward: 8.834 | QLoss: 0.257749 | ParamLoss: -0.246818 | Epsilon: 0.4909 | Replay: 20480
2026-09-16 01:41:43,734 | INFO | Steps: 20992/150000 | Episodes: 41 | CurrentEpReward: 0.000 | RecentReward: 10.229 | QLoss: 0.265759 | ParamLoss: -0.251004 | Epsilon: 0.4775 | Replay: 20992
2026-09-16 01:41:54,663 | INFO | Steps: 21504/150000 | Episodes: 42 | CurrentEpReward: 0.000 | RecentReward: 11.277 | QLoss: 0.269260 | ParamLoss: -0.258958 | Epsilon: 0.4641 | Replay: 21504
2026-09-16 01:42:05,457 | INFO | Steps: 22016/150000 | Episodes: 43 | CurrentEpReward: 0.000 | RecentReward: 11.829 | QLoss: 0.269291 | ParamLoss: -0.254931 | Epsilon: 0.4508 | Replay: 22016
2026-09-16 01:42:16,205 | INFO | Steps: 22528/150000 | Episodes: 44 | CurrentEpReward: 0.000 | RecentReward: 12.065 | QLoss: 0.269303 | ParamLoss: -0.257956 | Epsilon: 0.4374 | Replay: 22528
2026-09-16 01:42:27,038 | INFO | Steps: 23040/150000 | Episodes: 45 | CurrentEpReward: 0.000 | RecentReward: 13.299 | QLoss: 0.268358 | ParamLoss: -0.261239 | Epsilon: 0.4240 | Replay: 23040
2026-09-16 01:42:37,966 | INFO | Steps: 23552/150000 | Episodes: 46 | CurrentEpReward: 0.000 | RecentReward: 15.414 | QLoss: 0.283553 | ParamLoss: -0.272057 | Epsilon: 0.4106 | Replay: 23552
2026-09-16 01:42:48,782 | INFO | Steps: 24064/150000 | Episodes: 47 | CurrentEpReward: 0.000 | RecentReward: 16.371 | QLoss: 0.274075 | ParamLoss: -0.281221 | Epsilon: 0.3972 | Replay: 24064
2026-09-16 01:42:59,697 | INFO | Steps: 24576/150000 | Episodes: 48 | CurrentEpReward: 0.000 | RecentReward: 17.950 | QLoss: 0.273089 | ParamLoss: -0.288039 | Epsilon: 0.3839 | Replay: 24576
2026-09-16 01:43:10,524 | INFO | Steps: 25088/150000 | Episodes: 49 | CurrentEpReward: 0.000 | RecentReward: 19.386 | QLoss: 0.284055 | ParamLoss: -0.294485 | Epsilon: 0.3705 | Replay: 25088
2026-09-16 01:43:21,357 | INFO | Steps: 25600/150000 | Episodes: 50 | CurrentEpReward: 0.000 | RecentReward: 21.167 | QLoss: 0.292245 | ParamLoss: -0.295513 | Epsilon: 0.3571 | Replay: 25600
2026-09-16 01:43:32,123 | INFO | Steps: 26112/150000 | Episodes: 51 | CurrentEpReward: 0.000 | RecentReward: 22.583 | QLoss: 0.293501 | ParamLoss: -0.302007 | Epsilon: 0.3437 | Replay: 26112
2026-09-16 01:43:43,152 | INFO | Steps: 26624/150000 | Episodes: 52 | CurrentEpReward: 0.000 | RecentReward: 25.080 | QLoss: 0.274788 | ParamLoss: -0.304396 | Epsilon: 0.3303 | Replay: 26624
2026-09-16 01:43:54,199 | INFO | Steps: 27136/150000 | Episodes: 53 | CurrentEpReward: 0.000 | RecentReward: 28.805 | QLoss: 0.286507 | ParamLoss: -0.306710 | Epsilon: 0.3170 | Replay: 27136
2026-09-16 01:44:04,989 | INFO | Steps: 27648/150000 | Episodes: 54 | CurrentEpReward: 0.000 | RecentReward: 28.853 | QLoss: 0.272793 | ParamLoss: -0.312417 | Epsilon: 0.3036 | Replay: 27648
2026-09-16 01:44:15,706 | INFO | Steps: 28160/150000 | Episodes: 55 | CurrentEpReward: 0.000 | RecentReward: 29.762 | QLoss: 0.283773 | ParamLoss: -0.312820 | Epsilon: 0.2902 | Replay: 28160
2026-09-16 01:44:26,558 | INFO | Steps: 28672/150000 | Episodes: 56 | CurrentEpReward: 0.000 | RecentReward: 30.242 | QLoss: 0.276586 | ParamLoss: -0.318863 | Epsilon: 0.2768 | Replay: 28672
2026-09-16 01:44:37,382 | INFO | Steps: 29184/150000 | Episodes: 57 | CurrentEpReward: 0.000 | RecentReward: 31.664 | QLoss: 0.284210 | ParamLoss: -0.326893 | Epsilon: 0.2634 | Replay: 29184
2026-09-16 01:44:48,059 | INFO | Steps: 29696/150000 | Episodes: 58 | CurrentEpReward: 0.000 | RecentReward: 33.134 | QLoss: 0.300758 | ParamLoss: -0.328329 | Epsilon: 0.2501 | Replay: 29696
2026-09-16 01:44:58,881 | INFO | Steps: 30208/150000 | Episodes: 59 | CurrentEpReward: 0.000 | RecentReward: 33.855 | QLoss: 0.303979 | ParamLoss: -0.337668 | Epsilon: 0.2367 | Replay: 30208
2026-09-16 01:45:09,998 | INFO | Steps: 30720/150000 | Episodes: 60 | CurrentEpReward: 0.000 | RecentReward: 35.849 | QLoss: 0.289402 | ParamLoss: -0.338204 | Epsilon: 0.2233 | Replay: 30720
2026-09-16 01:45:21,109 | INFO | Steps: 31232/150000 | Episodes: 61 | CurrentEpReward: 0.000 | RecentReward: 38.752 | QLoss: 0.305072 | ParamLoss: -0.352468 | Epsilon: 0.2099 | Replay: 31232
2026-09-16 01:45:31,851 | INFO | Steps: 31744/150000 | Episodes: 62 | CurrentEpReward: 0.000 | RecentReward: 39.911 | QLoss: 0.300298 | ParamLoss: -0.358569 | Epsilon: 0.1965 | Replay: 31744
2026-09-16 01:45:42,944 | INFO | Steps: 32256/150000 | Episodes: 63 | CurrentEpReward: 0.000 | RecentReward: 40.862 | QLoss: 0.290963 | ParamLoss: -0.372219 | Epsilon: 0.1832 | Replay: 32256
2026-09-16 01:45:53,942 | INFO | Steps: 32768/150000 | Episodes: 64 | CurrentEpReward: 0.000 | RecentReward: 44.256 | QLoss: 0.337972 | ParamLoss: -0.390358 | Epsilon: 0.1698 | Replay: 32768
2026-09-16 01:46:04,667 | INFO | Steps: 33280/150000 | Episodes: 65 | CurrentEpReward: 0.000 | RecentReward: 46.556 | QLoss: 0.318771 | ParamLoss: -0.386069 | Epsilon: 0.1564 | Replay: 33280
2026-09-16 01:46:15,577 | INFO | Steps: 33792/150000 | Episodes: 66 | CurrentEpReward: 0.000 | RecentReward: 49.057 | QLoss: 0.301443 | ParamLoss: -0.394699 | Epsilon: 0.1430 | Replay: 33792
2026-09-16 01:46:26,442 | INFO | Steps: 34304/150000 | Episodes: 67 | CurrentEpReward: 0.000 | RecentReward: 51.388 | QLoss: 0.319551 | ParamLoss: -0.397194 | Epsilon: 0.1296 | Replay: 34304
2026-09-16 01:46:37,255 | INFO | Steps: 34816/150000 | Episodes: 68 | CurrentEpReward: 0.000 | RecentReward: 53.493 | QLoss: 0.326405 | ParamLoss: -0.402695 | Epsilon: 0.1162 | Replay: 34816
2026-09-16 01:46:48,047 | INFO | Steps: 35328/150000 | Episodes: 69 | CurrentEpReward: 0.000 | RecentReward: 55.180 | QLoss: 0.322472 | ParamLoss: -0.415522 | Epsilon: 0.1029 | Replay: 35328
2026-09-16 01:46:58,751 | INFO | Steps: 35840/150000 | Episodes: 70 | CurrentEpReward: 0.000 | RecentReward: 55.688 | QLoss: 0.318104 | ParamLoss: -0.419683 | Epsilon: 0.0895 | Replay: 35840
2026-09-16 01:47:09,609 | INFO | Steps: 36352/150000 | Episodes: 71 | CurrentEpReward: 0.000 | RecentReward: 55.995 | QLoss: 0.322362 | ParamLoss: -0.425625 | Epsilon: 0.0761 | Replay: 36352
2026-09-16 01:47:20,495 | INFO | Steps: 36864/150000 | Episodes: 72 | CurrentEpReward: 0.000 | RecentReward: 57.349 | QLoss: 0.313160 | ParamLoss: -0.437186 | Epsilon: 0.0627 | Replay: 36864
2026-09-16 01:47:31,449 | INFO | Steps: 37376/150000 | Episodes: 73 | CurrentEpReward: 0.000 | RecentReward: 58.745 | QLoss: 0.338746 | ParamLoss: -0.438691 | Epsilon: 0.0493 | Replay: 37376
2026-09-16 01:47:42,403 | INFO | Steps: 37888/150000 | Episodes: 74 | CurrentEpReward: 0.000 | RecentReward: 60.238 | QLoss: 0.316055 | ParamLoss: -0.444977 | Epsilon: 0.0360 | Replay: 37888
2026-09-16 01:47:53,175 | INFO | Steps: 38400/150000 | Episodes: 75 | CurrentEpReward: 0.000 | RecentReward: 61.788 | QLoss: 0.336523 | ParamLoss: -0.461156 | Epsilon: 0.0226 | Replay: 38400
2026-09-16 01:48:04,009 | INFO | Steps: 38912/150000 | Episodes: 76 | CurrentEpReward: 0.000 | RecentReward: 63.180 | QLoss: 0.315237 | ParamLoss: -0.465271 | Epsilon: 0.0200 | Replay: 38912
2026-09-16 01:48:14,830 | INFO | Steps: 39424/150000 | Episodes: 77 | CurrentEpReward: 0.000 | RecentReward: 65.168 | QLoss: 0.340298 | ParamLoss: -0.468475 | Epsilon: 0.0200 | Replay: 39424
2026-09-16 01:48:25,776 | INFO | Steps: 39936/150000 | Episodes: 78 | CurrentEpReward: 0.000 | RecentReward: 67.106 | QLoss: 0.325871 | ParamLoss: -0.471429 | Epsilon: 0.0200 | Replay: 39936
2026-09-16 01:48:36,572 | INFO | Steps: 40448/150000 | Episodes: 79 | CurrentEpReward: 0.000 | RecentReward: 69.895 | QLoss: 0.351429 | ParamLoss: -0.480229 | Epsilon: 0.0200 | Replay: 40448
2026-09-16 01:48:47,236 | INFO | Steps: 40960/150000 | Episodes: 80 | CurrentEpReward: 0.000 | RecentReward: 70.974 | QLoss: 0.333211 | ParamLoss: -0.482742 | Epsilon: 0.0200 | Replay: 40960
2026-09-16 01:48:58,105 | INFO | Steps: 41472/150000 | Episodes: 81 | CurrentEpReward: 0.000 | RecentReward: 72.939 | QLoss: 0.324419 | ParamLoss: -0.488516 | Epsilon: 0.0200 | Replay: 41472
2026-09-16 01:49:08,854 | INFO | Steps: 41984/150000 | Episodes: 82 | CurrentEpReward: 0.000 | RecentReward: 73.629 | QLoss: 0.328340 | ParamLoss: -0.497784 | Epsilon: 0.0200 | Replay: 41984
2026-09-16 01:49:19,758 | INFO | Steps: 42496/150000 | Episodes: 83 | CurrentEpReward: 0.000 | RecentReward: 74.228 | QLoss: 0.303859 | ParamLoss: -0.498168 | Epsilon: 0.0200 | Replay: 42496
2026-09-16 01:49:30,494 | INFO | Steps: 43008/150000 | Episodes: 84 | CurrentEpReward: 0.000 | RecentReward: 74.034 | QLoss: 0.371011 | ParamLoss: -0.507926 | Epsilon: 0.0200 | Replay: 43008
2026-09-16 01:49:41,605 | INFO | Steps: 43520/150000 | Episodes: 85 | CurrentEpReward: 0.000 | RecentReward: 75.768 | QLoss: 0.357318 | ParamLoss: -0.519440 | Epsilon: 0.0200 | Replay: 43520
2026-09-16 01:49:52,524 | INFO | Steps: 44032/150000 | Episodes: 86 | CurrentEpReward: 0.000 | RecentReward: 76.841 | QLoss: 0.332045 | ParamLoss: -0.532177 | Epsilon: 0.0200 | Replay: 44032
2026-09-16 01:50:03,346 | INFO | Steps: 44544/150000 | Episodes: 87 | CurrentEpReward: 0.000 | RecentReward: 77.181 | QLoss: 0.339324 | ParamLoss: -0.547513 | Epsilon: 0.0200 | Replay: 44544
2026-09-16 01:50:14,169 | INFO | Steps: 45056/150000 | Episodes: 88 | CurrentEpReward: 0.000 | RecentReward: 77.344 | QLoss: 0.358734 | ParamLoss: -0.556519 | Epsilon: 0.0200 | Replay: 45056
2026-09-16 01:50:24,944 | INFO | Steps: 45568/150000 | Episodes: 89 | CurrentEpReward: 0.000 | RecentReward: 76.423 | QLoss: 0.366952 | ParamLoss: -0.571905 | Epsilon: 0.0200 | Replay: 45568
2026-09-16 01:50:35,828 | INFO | Steps: 46080/150000 | Episodes: 90 | CurrentEpReward: 0.000 | RecentReward: 76.731 | QLoss: 0.347802 | ParamLoss: -0.589217 | Epsilon: 0.0200 | Replay: 46080
2026-09-16 01:50:46,563 | INFO | Steps: 46592/150000 | Episodes: 91 | CurrentEpReward: 0.000 | RecentReward: 75.265 | QLoss: 0.373911 | ParamLoss: -0.604508 | Epsilon: 0.0200 | Replay: 46592
2026-09-16 01:50:57,346 | INFO | Steps: 47104/150000 | Episodes: 92 | CurrentEpReward: 0.000 | RecentReward: 75.304 | QLoss: 0.358158 | ParamLoss: -0.609332 | Epsilon: 0.0200 | Replay: 47104
2026-09-16 01:51:08,247 | INFO | Steps: 47616/150000 | Episodes: 93 | CurrentEpReward: 0.000 | RecentReward: 76.020 | QLoss: 0.392806 | ParamLoss: -0.618952 | Epsilon: 0.0200 | Replay: 47616
2026-09-16 01:51:19,016 | INFO | Steps: 48128/150000 | Episodes: 94 | CurrentEpReward: 0.000 | RecentReward: 76.094 | QLoss: 0.390176 | ParamLoss: -0.626019 | Epsilon: 0.0200 | Replay: 48128
2026-09-16 01:51:29,797 | INFO | Steps: 48640/150000 | Episodes: 95 | CurrentEpReward: 0.000 | RecentReward: 74.884 | QLoss: 0.346335 | ParamLoss: -0.630202 | Epsilon: 0.0200 | Replay: 48640
2026-09-16 01:51:40,657 | INFO | Steps: 49152/150000 | Episodes: 96 | CurrentEpReward: 0.000 | RecentReward: 75.043 | QLoss: 0.351272 | ParamLoss: -0.632269 | Epsilon: 0.0200 | Replay: 49152
2026-09-16 01:51:51,695 | INFO | Steps: 49664/150000 | Episodes: 97 | CurrentEpReward: 0.000 | RecentReward: 74.750 | QLoss: 0.351662 | ParamLoss: -0.638894 | Epsilon: 0.0200 | Replay: 49664
2026-09-16 01:52:22,315 | INFO | 新的最佳模型 (reward): 77.986，保存至 /home/pjpjq/LEO_switch/results/multiseed_0907/seed44/u30/learned_baselines/pdqn/best_model.pt
2026-09-16 01:52:22,319 | INFO | 周期权重已保存: /home/pjpjq/LEO_switch/results/multiseed_0907/seed44/u30/learned_baselines/pdqn/checkpoint_50000.pt
2026-09-16 01:52:26,131 | INFO | Steps: 50176/150000 | Episodes: 98 | CurrentEpReward: 0.000 | RecentReward: 74.713 | QLoss: 0.332357 | ParamLoss: -0.641981 | Epsilon: 0.0200 | Replay: 50000
2026-09-16 01:52:37,091 | INFO | Steps: 50688/150000 | Episodes: 99 | CurrentEpReward: 0.000 | RecentReward: 76.067 | QLoss: 0.352279 | ParamLoss: -0.642418 | Epsilon: 0.0200 | Replay: 50000
2026-09-16 01:52:47,928 | INFO | Steps: 51200/150000 | Episodes: 100 | CurrentEpReward: 0.000 | RecentReward: 75.945 | QLoss: 0.362975 | ParamLoss: -0.658211 | Epsilon: 0.0200 | Replay: 50000
2026-09-16 01:52:58,916 | INFO | Steps: 51712/150000 | Episodes: 101 | CurrentEpReward: 0.000 | RecentReward: 77.843 | QLoss: 0.352137 | ParamLoss: -0.655528 | Epsilon: 0.0200 | Replay: 50000
2026-09-16 01:53:09,823 | INFO | Steps: 52224/150000 | Episodes: 102 | CurrentEpReward: 0.000 | RecentReward: 78.849 | QLoss: 0.331887 | ParamLoss: -0.671272 | Epsilon: 0.0200 | Replay: 50000
2026-09-16 01:53:20,689 | INFO | Steps: 52736/150000 | Episodes: 103 | CurrentEpReward: 0.000 | RecentReward: 78.338 | QLoss: 0.348556 | ParamLoss: -0.662385 | Epsilon: 0.0200 | Replay: 50000
2026-09-16 01:53:31,442 | INFO | Steps: 53248/150000 | Episodes: 104 | CurrentEpReward: 0.000 | RecentReward: 78.838 | QLoss: 0.344502 | ParamLoss: -0.667805 | Epsilon: 0.0200 | Replay: 50000
2026-09-16 01:53:42,426 | INFO | Steps: 53760/150000 | Episodes: 105 | CurrentEpReward: 0.000 | RecentReward: 79.303 | QLoss: 0.316778 | ParamLoss: -0.679660 | Epsilon: 0.0200 | Replay: 50000
2026-09-16 01:53:53,350 | INFO | Steps: 54272/150000 | Episodes: 106 | CurrentEpReward: 0.000 | RecentReward: 78.232 | QLoss: 0.367905 | ParamLoss: -0.688071 | Epsilon: 0.0200 | Replay: 50000
2026-09-16 01:54:04,304 | INFO | Steps: 54784/150000 | Episodes: 107 | CurrentEpReward: 0.000 | RecentReward: 78.421 | QLoss: 0.354861 | ParamLoss: -0.692372 | Epsilon: 0.0200 | Replay: 50000
2026-09-16 01:54:15,305 | INFO | Steps: 55296/150000 | Episodes: 108 | CurrentEpReward: 0.000 | RecentReward: 78.916 | QLoss: 0.352844 | ParamLoss: -0.699856 | Epsilon: 0.0200 | Replay: 50000
2026-09-16 01:54:26,164 | INFO | Steps: 55808/150000 | Episodes: 109 | CurrentEpReward: 0.000 | RecentReward: 78.406 | QLoss: 0.386304 | ParamLoss: -0.708402 | Epsilon: 0.0200 | Replay: 50000
2026-09-16 01:54:37,085 | INFO | Steps: 56320/150000 | Episodes: 110 | CurrentEpReward: 0.000 | RecentReward: 78.803 | QLoss: 0.375042 | ParamLoss: -0.714654 | Epsilon: 0.0200 | Replay: 50000
2026-09-16 01:54:48,016 | INFO | Steps: 56832/150000 | Episodes: 111 | CurrentEpReward: 0.000 | RecentReward: 78.131 | QLoss: 0.338636 | ParamLoss: -0.724267 | Epsilon: 0.0200 | Replay: 50000
2026-09-16 01:54:58,896 | INFO | Steps: 57344/150000 | Episodes: 112 | CurrentEpReward: 0.000 | RecentReward: 78.184 | QLoss: 0.328982 | ParamLoss: -0.725151 | Epsilon: 0.0200 | Replay: 50000
2026-09-16 01:55:09,827 | INFO | Steps: 57856/150000 | Episodes: 113 | CurrentEpReward: 0.000 | RecentReward: 78.436 | QLoss: 0.367632 | ParamLoss: -0.722830 | Epsilon: 0.0200 | Replay: 50000
2026-09-16 01:55:20,770 | INFO | Steps: 58368/150000 | Episodes: 114 | CurrentEpReward: 0.000 | RecentReward: 78.580 | QLoss: 0.366860 | ParamLoss: -0.723391 | Epsilon: 0.0200 | Replay: 50000
2026-09-16 01:55:31,744 | INFO | Steps: 58880/150000 | Episodes: 115 | CurrentEpReward: 0.000 | RecentReward: 77.833 | QLoss: 0.338687 | ParamLoss: -0.732218 | Epsilon: 0.0200 | Replay: 50000
2026-09-16 01:55:42,765 | INFO | Steps: 59392/150000 | Episodes: 116 | CurrentEpReward: 0.000 | RecentReward: 78.616 | QLoss: 0.403375 | ParamLoss: -0.746133 | Epsilon: 0.0200 | Replay: 50000
2026-09-16 01:55:53,648 | INFO | Steps: 59904/150000 | Episodes: 117 | CurrentEpReward: 0.000 | RecentReward: 78.532 | QLoss: 0.394496 | ParamLoss: -0.756910 | Epsilon: 0.0200 | Replay: 50000
2026-09-16 01:56:04,472 | INFO | Steps: 60416/150000 | Episodes: 118 | CurrentEpReward: 0.000 | RecentReward: 77.359 | QLoss: 0.379868 | ParamLoss: -0.757050 | Epsilon: 0.0200 | Replay: 50000
2026-09-16 01:56:15,413 | INFO | Steps: 60928/150000 | Episodes: 119 | CurrentEpReward: 0.000 | RecentReward: 78.087 | QLoss: 0.362594 | ParamLoss: -0.764748 | Epsilon: 0.0200 | Replay: 50000
2026-09-16 01:56:26,238 | INFO | Steps: 61440/150000 | Episodes: 120 | CurrentEpReward: 0.000 | RecentReward: 78.346 | QLoss: 0.416937 | ParamLoss: -0.771416 | Epsilon: 0.0200 | Replay: 50000
2026-09-16 01:56:37,176 | INFO | Steps: 61952/150000 | Episodes: 121 | CurrentEpReward: 0.000 | RecentReward: 78.001 | QLoss: 0.409155 | ParamLoss: -0.774878 | Epsilon: 0.0200 | Replay: 50000
2026-09-16 01:56:48,234 | INFO | Steps: 62464/150000 | Episodes: 122 | CurrentEpReward: 0.000 | RecentReward: 77.614 | QLoss: 0.381100 | ParamLoss: -0.795376 | Epsilon: 0.0200 | Replay: 50000
2026-09-16 01:56:59,495 | INFO | Steps: 62976/150000 | Episodes: 123 | CurrentEpReward: 0.000 | RecentReward: 78.451 | QLoss: 0.394756 | ParamLoss: -0.806309 | Epsilon: 0.0200 | Replay: 50000
2026-09-16 01:57:10,476 | INFO | Steps: 63488/150000 | Episodes: 124 | CurrentEpReward: 0.000 | RecentReward: 78.920 | QLoss: 0.347456 | ParamLoss: -0.801299 | Epsilon: 0.0200 | Replay: 50000
2026-09-16 01:57:21,340 | INFO | Steps: 64000/150000 | Episodes: 125 | CurrentEpReward: 0.000 | RecentReward: 79.291 | QLoss: 0.364392 | ParamLoss: -0.807264 | Epsilon: 0.0200 | Replay: 50000
2026-09-16 01:57:32,182 | INFO | Steps: 64512/150000 | Episodes: 126 | CurrentEpReward: 0.000 | RecentReward: 78.363 | QLoss: 0.413735 | ParamLoss: -0.813754 | Epsilon: 0.0200 | Replay: 50000
2026-09-16 01:57:43,105 | INFO | Steps: 65024/150000 | Episodes: 127 | CurrentEpReward: 0.000 | RecentReward: 78.488 | QLoss: 0.362728 | ParamLoss: -0.819552 | Epsilon: 0.0200 | Replay: 50000
2026-09-16 01:57:54,127 | INFO | Steps: 65536/150000 | Episodes: 128 | CurrentEpReward: 0.000 | RecentReward: 79.550 | QLoss: 0.338721 | ParamLoss: -0.820940 | Epsilon: 0.0200 | Replay: 50000
2026-09-16 01:58:04,972 | INFO | Steps: 66048/150000 | Episodes: 129 | CurrentEpReward: 0.000 | RecentReward: 79.061 | QLoss: 0.358425 | ParamLoss: -0.822432 | Epsilon: 0.0200 | Replay: 50000
2026-09-16 01:58:15,922 | INFO | Steps: 66560/150000 | Episodes: 130 | CurrentEpReward: 0.000 | RecentReward: 78.534 | QLoss: 0.345222 | ParamLoss: -0.830842 | Epsilon: 0.0200 | Replay: 50000
2026-09-16 01:58:26,794 | INFO | Steps: 67072/150000 | Episodes: 131 | CurrentEpReward: 0.000 | RecentReward: 78.325 | QLoss: 0.364686 | ParamLoss: -0.836115 | Epsilon: 0.0200 | Replay: 50000
2026-09-16 01:58:37,672 | INFO | Steps: 67584/150000 | Episodes: 132 | CurrentEpReward: 0.000 | RecentReward: 77.961 | QLoss: 0.447376 | ParamLoss: -0.840155 | Epsilon: 0.0200 | Replay: 50000
2026-09-16 01:58:48,624 | INFO | Steps: 68096/150000 | Episodes: 133 | CurrentEpReward: 0.000 | RecentReward: 77.424 | QLoss: 0.365405 | ParamLoss: -0.845845 | Epsilon: 0.0200 | Replay: 50000
2026-09-16 01:58:59,571 | INFO | Steps: 68608/150000 | Episodes: 134 | CurrentEpReward: 0.000 | RecentReward: 77.678 | QLoss: 0.349147 | ParamLoss: -0.859655 | Epsilon: 0.0200 | Replay: 50000
2026-09-16 01:59:10,390 | INFO | Steps: 69120/150000 | Episodes: 135 | CurrentEpReward: 0.000 | RecentReward: 78.334 | QLoss: 0.406461 | ParamLoss: -0.860488 | Epsilon: 0.0200 | Replay: 50000
2026-09-16 01:59:21,358 | INFO | Steps: 69632/150000 | Episodes: 136 | CurrentEpReward: 0.000 | RecentReward: 78.150 | QLoss: 0.481429 | ParamLoss: -0.866192 | Epsilon: 0.0200 | Replay: 50000
2026-09-16 01:59:32,488 | INFO | Steps: 70144/150000 | Episodes: 137 | CurrentEpReward: 0.000 | RecentReward: 78.071 | QLoss: 0.419956 | ParamLoss: -0.871628 | Epsilon: 0.0200 | Replay: 50000
2026-09-16 01:59:43,530 | INFO | Steps: 70656/150000 | Episodes: 138 | CurrentEpReward: 0.000 | RecentReward: 78.025 | QLoss: 0.370547 | ParamLoss: -0.888635 | Epsilon: 0.0200 | Replay: 50000
2026-09-16 01:59:54,354 | INFO | Steps: 71168/150000 | Episodes: 139 | CurrentEpReward: 0.000 | RecentReward: 76.737 | QLoss: 0.441816 | ParamLoss: -0.893630 | Epsilon: 0.0200 | Replay: 50000
2026-09-16 02:00:05,370 | INFO | Steps: 71680/150000 | Episodes: 140 | CurrentEpReward: 0.000 | RecentReward: 77.179 | QLoss: 0.458766 | ParamLoss: -0.898806 | Epsilon: 0.0200 | Replay: 50000
2026-09-16 02:00:16,364 | INFO | Steps: 72192/150000 | Episodes: 141 | CurrentEpReward: 0.000 | RecentReward: 77.922 | QLoss: 0.427198 | ParamLoss: -0.908718 | Epsilon: 0.0200 | Replay: 50000
2026-09-16 02:00:27,528 | INFO | Steps: 72704/150000 | Episodes: 142 | CurrentEpReward: 0.000 | RecentReward: 79.016 | QLoss: 0.435640 | ParamLoss: -0.918074 | Epsilon: 0.0200 | Replay: 50000
2026-09-16 02:00:38,418 | INFO | Steps: 73216/150000 | Episodes: 143 | CurrentEpReward: 0.000 | RecentReward: 79.208 | QLoss: 0.450164 | ParamLoss: -0.924289 | Epsilon: 0.0200 | Replay: 50000
2026-09-16 02:00:49,319 | INFO | Steps: 73728/150000 | Episodes: 144 | CurrentEpReward: 0.000 | RecentReward: 78.705 | QLoss: 0.360415 | ParamLoss: -0.934475 | Epsilon: 0.0200 | Replay: 50000
2026-09-16 02:01:00,162 | INFO | Steps: 74240/150000 | Episodes: 145 | CurrentEpReward: 0.000 | RecentReward: 78.123 | QLoss: 0.431689 | ParamLoss: -0.933912 | Epsilon: 0.0200 | Replay: 50000
2026-09-16 02:01:11,004 | INFO | Steps: 74752/150000 | Episodes: 146 | CurrentEpReward: 0.000 | RecentReward: 78.669 | QLoss: 0.422558 | ParamLoss: -0.930720 | Epsilon: 0.0200 | Replay: 50000
2026-09-16 02:01:21,939 | INFO | Steps: 75264/150000 | Episodes: 147 | CurrentEpReward: 0.000 | RecentReward: 79.358 | QLoss: 0.430639 | ParamLoss: -0.932229 | Epsilon: 0.0200 | Replay: 50000
2026-09-16 02:01:32,884 | INFO | Steps: 75776/150000 | Episodes: 148 | CurrentEpReward: 0.000 | RecentReward: 78.010 | QLoss: 0.415530 | ParamLoss: -0.938595 | Epsilon: 0.0200 | Replay: 50000
2026-09-16 02:01:43,778 | INFO | Steps: 76288/150000 | Episodes: 149 | CurrentEpReward: 0.000 | RecentReward: 79.250 | QLoss: 0.363472 | ParamLoss: -0.951244 | Epsilon: 0.0200 | Replay: 50000
2026-09-16 02:01:54,647 | INFO | Steps: 76800/150000 | Episodes: 150 | CurrentEpReward: 0.000 | RecentReward: 79.659 | QLoss: 0.466826 | ParamLoss: -0.949680 | Epsilon: 0.0200 | Replay: 50000
2026-09-16 02:02:05,498 | INFO | Steps: 77312/150000 | Episodes: 151 | CurrentEpReward: 0.000 | RecentReward: 78.371 | QLoss: 0.509486 | ParamLoss: -0.936158 | Epsilon: 0.0200 | Replay: 50000
2026-09-16 02:02:16,418 | INFO | Steps: 77824/150000 | Episodes: 152 | CurrentEpReward: 0.000 | RecentReward: 77.725 | QLoss: 0.498052 | ParamLoss: -0.959566 | Epsilon: 0.0200 | Replay: 50000
2026-09-16 02:02:27,271 | INFO | Steps: 78336/150000 | Episodes: 153 | CurrentEpReward: 0.000 | RecentReward: 76.644 | QLoss: 0.478581 | ParamLoss: -0.954345 | Epsilon: 0.0200 | Replay: 50000
2026-09-16 02:02:38,334 | INFO | Steps: 78848/150000 | Episodes: 154 | CurrentEpReward: 0.000 | RecentReward: 77.119 | QLoss: 0.429517 | ParamLoss: -0.963722 | Epsilon: 0.0200 | Replay: 50000
2026-09-16 02:02:49,551 | INFO | Steps: 79360/150000 | Episodes: 155 | CurrentEpReward: 0.000 | RecentReward: 77.945 | QLoss: 0.515141 | ParamLoss: -0.968057 | Epsilon: 0.0200 | Replay: 50000
2026-09-16 02:03:00,512 | INFO | Steps: 79872/150000 | Episodes: 156 | CurrentEpReward: 0.000 | RecentReward: 78.275 | QLoss: 0.558719 | ParamLoss: -0.978590 | Epsilon: 0.0200 | Replay: 50000
2026-09-16 02:03:11,727 | INFO | Steps: 80384/150000 | Episodes: 157 | CurrentEpReward: 0.000 | RecentReward: 78.484 | QLoss: 0.494639 | ParamLoss: -0.991132 | Epsilon: 0.0200 | Replay: 50000
2026-09-16 02:03:22,610 | INFO | Steps: 80896/150000 | Episodes: 158 | CurrentEpReward: 0.000 | RecentReward: 78.681 | QLoss: 0.566766 | ParamLoss: -0.992620 | Epsilon: 0.0200 | Replay: 50000
2026-09-16 02:03:33,543 | INFO | Steps: 81408/150000 | Episodes: 159 | CurrentEpReward: 0.000 | RecentReward: 77.821 | QLoss: 0.583123 | ParamLoss: -0.985379 | Epsilon: 0.0200 | Replay: 50000
2026-09-16 02:03:44,495 | INFO | Steps: 81920/150000 | Episodes: 160 | CurrentEpReward: 0.000 | RecentReward: 77.630 | QLoss: 0.489613 | ParamLoss: -0.993822 | Epsilon: 0.0200 | Replay: 50000
2026-09-16 02:03:55,354 | INFO | Steps: 82432/150000 | Episodes: 161 | CurrentEpReward: 0.000 | RecentReward: 77.874 | QLoss: 0.653971 | ParamLoss: -1.000548 | Epsilon: 0.0200 | Replay: 50000
2026-09-16 02:04:06,484 | INFO | Steps: 82944/150000 | Episodes: 162 | CurrentEpReward: 0.000 | RecentReward: 77.256 | QLoss: 0.555589 | ParamLoss: -0.995765 | Epsilon: 0.0200 | Replay: 50000
2026-09-16 02:04:17,459 | INFO | Steps: 83456/150000 | Episodes: 163 | CurrentEpReward: 0.000 | RecentReward: 77.668 | QLoss: 0.422151 | ParamLoss: -1.003300 | Epsilon: 0.0200 | Replay: 50000
2026-09-16 02:04:28,602 | INFO | Steps: 83968/150000 | Episodes: 164 | CurrentEpReward: 0.000 | RecentReward: 76.853 | QLoss: 0.451545 | ParamLoss: -1.008327 | Epsilon: 0.0200 | Replay: 50000
2026-09-16 02:04:39,434 | INFO | Steps: 84480/150000 | Episodes: 165 | CurrentEpReward: 0.000 | RecentReward: 75.323 | QLoss: 0.503856 | ParamLoss: -1.016414 | Epsilon: 0.0200 | Replay: 50000
2026-09-16 02:04:50,371 | INFO | Steps: 84992/150000 | Episodes: 166 | CurrentEpReward: 0.000 | RecentReward: 75.399 | QLoss: 0.548362 | ParamLoss: -1.017918 | Epsilon: 0.0200 | Replay: 50000
2026-09-16 02:05:01,297 | INFO | Steps: 85504/150000 | Episodes: 167 | CurrentEpReward: 0.000 | RecentReward: 73.852 | QLoss: 0.422603 | ParamLoss: -1.015221 | Epsilon: 0.0200 | Replay: 50000
2026-09-16 02:05:12,084 | INFO | Steps: 86016/150000 | Episodes: 168 | CurrentEpReward: 0.000 | RecentReward: 73.291 | QLoss: 0.580061 | ParamLoss: -1.017970 | Epsilon: 0.0200 | Replay: 50000
2026-09-16 02:05:23,115 | INFO | Steps: 86528/150000 | Episodes: 169 | CurrentEpReward: 0.000 | RecentReward: 74.364 | QLoss: 0.424702 | ParamLoss: -1.033835 | Epsilon: 0.0200 | Replay: 50000
2026-09-16 02:05:33,971 | INFO | Steps: 87040/150000 | Episodes: 170 | CurrentEpReward: 0.000 | RecentReward: 74.122 | QLoss: 0.430816 | ParamLoss: -1.043019 | Epsilon: 0.0200 | Replay: 50000
2026-09-16 02:05:45,009 | INFO | Steps: 87552/150000 | Episodes: 171 | CurrentEpReward: 0.000 | RecentReward: 74.817 | QLoss: 0.502580 | ParamLoss: -1.049936 | Epsilon: 0.0200 | Replay: 50000
2026-09-16 02:05:56,068 | INFO | Steps: 88064/150000 | Episodes: 172 | CurrentEpReward: 0.000 | RecentReward: 75.239 | QLoss: 0.544649 | ParamLoss: -1.055949 | Epsilon: 0.0200 | Replay: 50000
2026-09-16 02:06:07,095 | INFO | Steps: 88576/150000 | Episodes: 173 | CurrentEpReward: 0.000 | RecentReward: 75.436 | QLoss: 0.555356 | ParamLoss: -1.043392 | Epsilon: 0.0200 | Replay: 50000
2026-09-16 02:06:18,321 | INFO | Steps: 89088/150000 | Episodes: 174 | CurrentEpReward: 0.000 | RecentReward: 75.992 | QLoss: 0.618843 | ParamLoss: -1.050858 | Epsilon: 0.0200 | Replay: 50000
2026-09-16 02:06:29,115 | INFO | Steps: 89600/150000 | Episodes: 175 | CurrentEpReward: 0.000 | RecentReward: 76.334 | QLoss: 0.545326 | ParamLoss: -1.053209 | Epsilon: 0.0200 | Replay: 50000
2026-09-16 02:06:40,014 | INFO | Steps: 90112/150000 | Episodes: 176 | CurrentEpReward: 0.000 | RecentReward: 76.010 | QLoss: 0.568323 | ParamLoss: -1.062084 | Epsilon: 0.0200 | Replay: 50000
2026-09-16 02:06:51,039 | INFO | Steps: 90624/150000 | Episodes: 177 | CurrentEpReward: 0.000 | RecentReward: 76.814 | QLoss: 0.731341 | ParamLoss: -1.079702 | Epsilon: 0.0200 | Replay: 50000
2026-09-16 02:07:01,942 | INFO | Steps: 91136/150000 | Episodes: 178 | CurrentEpReward: 0.000 | RecentReward: 77.835 | QLoss: 0.680651 | ParamLoss: -1.076244 | Epsilon: 0.0200 | Replay: 50000
2026-09-16 02:07:12,907 | INFO | Steps: 91648/150000 | Episodes: 179 | CurrentEpReward: 0.000 | RecentReward: 76.702 | QLoss: 0.697456 | ParamLoss: -1.077237 | Epsilon: 0.0200 | Replay: 50000
2026-09-16 02:07:23,956 | INFO | Steps: 92160/150000 | Episodes: 180 | CurrentEpReward: 0.000 | RecentReward: 77.501 | QLoss: 0.707748 | ParamLoss: -1.083954 | Epsilon: 0.0200 | Replay: 50000
2026-09-16 02:07:34,987 | INFO | Steps: 92672/150000 | Episodes: 181 | CurrentEpReward: 0.000 | RecentReward: 77.834 | QLoss: 0.644676 | ParamLoss: -1.091498 | Epsilon: 0.0200 | Replay: 50000
2026-09-16 02:07:45,944 | INFO | Steps: 93184/150000 | Episodes: 182 | CurrentEpReward: 0.000 | RecentReward: 77.335 | QLoss: 0.540208 | ParamLoss: -1.080428 | Epsilon: 0.0200 | Replay: 50000
2026-09-16 02:07:56,847 | INFO | Steps: 93696/150000 | Episodes: 183 | CurrentEpReward: 0.000 | RecentReward: 77.216 | QLoss: 0.498596 | ParamLoss: -1.085912 | Epsilon: 0.0200 | Replay: 50000
2026-09-16 02:08:07,879 | INFO | Steps: 94208/150000 | Episodes: 184 | CurrentEpReward: 0.000 | RecentReward: 76.722 | QLoss: 0.669546 | ParamLoss: -1.085094 | Epsilon: 0.0200 | Replay: 50000
2026-09-16 02:08:18,919 | INFO | Steps: 94720/150000 | Episodes: 185 | CurrentEpReward: 0.000 | RecentReward: 77.472 | QLoss: 0.627320 | ParamLoss: -1.089860 | Epsilon: 0.0200 | Replay: 50000
2026-09-16 02:08:29,803 | INFO | Steps: 95232/150000 | Episodes: 186 | CurrentEpReward: 0.000 | RecentReward: 77.311 | QLoss: 0.584280 | ParamLoss: -1.091381 | Epsilon: 0.0200 | Replay: 50000
2026-09-16 02:08:40,705 | INFO | Steps: 95744/150000 | Episodes: 187 | CurrentEpReward: 0.000 | RecentReward: 77.780 | QLoss: 0.649913 | ParamLoss: -1.106164 | Epsilon: 0.0200 | Replay: 50000
2026-09-16 02:08:51,872 | INFO | Steps: 96256/150000 | Episodes: 188 | CurrentEpReward: 0.000 | RecentReward: 78.393 | QLoss: 0.594735 | ParamLoss: -1.120965 | Epsilon: 0.0200 | Replay: 50000
2026-09-16 02:09:02,814 | INFO | Steps: 96768/150000 | Episodes: 189 | CurrentEpReward: 0.000 | RecentReward: 78.394 | QLoss: 0.522741 | ParamLoss: -1.130152 | Epsilon: 0.0200 | Replay: 50000
2026-09-16 02:09:13,751 | INFO | Steps: 97280/150000 | Episodes: 190 | CurrentEpReward: 0.000 | RecentReward: 77.113 | QLoss: 0.572848 | ParamLoss: -1.137632 | Epsilon: 0.0200 | Replay: 50000
2026-09-16 02:09:24,808 | INFO | Steps: 97792/150000 | Episodes: 191 | CurrentEpReward: 0.000 | RecentReward: 76.723 | QLoss: 0.596179 | ParamLoss: -1.158901 | Epsilon: 0.0200 | Replay: 50000
2026-09-16 02:09:35,759 | INFO | Steps: 98304/150000 | Episodes: 192 | CurrentEpReward: 0.000 | RecentReward: 76.422 | QLoss: 0.596179 | ParamLoss: -1.161730 | Epsilon: 0.0200 | Replay: 50000
2026-09-16 02:09:46,769 | INFO | Steps: 98816/150000 | Episodes: 193 | CurrentEpReward: 0.000 | RecentReward: 76.654 | QLoss: 0.638407 | ParamLoss: -1.166138 | Epsilon: 0.0200 | Replay: 50000
2026-09-16 02:09:57,684 | INFO | Steps: 99328/150000 | Episodes: 194 | CurrentEpReward: 0.000 | RecentReward: 76.106 | QLoss: 0.568216 | ParamLoss: -1.161673 | Epsilon: 0.0200 | Replay: 50000
2026-09-16 02:10:08,725 | INFO | Steps: 99840/150000 | Episodes: 195 | CurrentEpReward: 0.000 | RecentReward: 76.511 | QLoss: 0.651265 | ParamLoss: -1.159019 | Epsilon: 0.0200 | Replay: 50000
2026-09-16 02:10:35,989 | INFO | 新的最佳模型 (reward): 83.897，保存至 /home/pjpjq/LEO_switch/results/multiseed_0907/seed44/u30/learned_baselines/pdqn/best_model.pt
2026-09-16 02:10:35,995 | INFO | 周期权重已保存: /home/pjpjq/LEO_switch/results/multiseed_0907/seed44/u30/learned_baselines/pdqn/checkpoint_100000.pt
2026-09-16 02:10:43,494 | INFO | Steps: 100352/150000 | Episodes: 196 | CurrentEpReward: 0.000 | RecentReward: 76.836 | QLoss: 0.587712 | ParamLoss: -1.160001 | Epsilon: 0.0200 | Replay: 50000
2026-09-16 02:10:54,405 | INFO | Steps: 100864/150000 | Episodes: 197 | CurrentEpReward: 0.000 | RecentReward: 75.418 | QLoss: 0.728547 | ParamLoss: -1.156123 | Epsilon: 0.0200 | Replay: 50000
2026-09-16 02:11:05,399 | INFO | Steps: 101376/150000 | Episodes: 198 | CurrentEpReward: 0.000 | RecentReward: 74.715 | QLoss: 0.555299 | ParamLoss: -1.156609 | Epsilon: 0.0200 | Replay: 50000
2026-09-16 02:11:16,393 | INFO | Steps: 101888/150000 | Episodes: 199 | CurrentEpReward: 0.000 | RecentReward: 74.908 | QLoss: 0.466557 | ParamLoss: -1.151377 | Epsilon: 0.0200 | Replay: 50000
2026-09-16 02:11:27,337 | INFO | Steps: 102400/150000 | Episodes: 200 | CurrentEpReward: 0.000 | RecentReward: 75.500 | QLoss: 0.712298 | ParamLoss: -1.163018 | Epsilon: 0.0200 | Replay: 50000
2026-09-16 02:11:38,352 | INFO | Steps: 102912/150000 | Episodes: 201 | CurrentEpReward: 0.000 | RecentReward: 74.726 | QLoss: 0.557833 | ParamLoss: -1.160329 | Epsilon: 0.0200 | Replay: 50000
2026-09-16 02:11:49,373 | INFO | Steps: 103424/150000 | Episodes: 202 | CurrentEpReward: 0.000 | RecentReward: 75.424 | QLoss: 0.520495 | ParamLoss: -1.157675 | Epsilon: 0.0200 | Replay: 50000
2026-09-16 02:12:00,482 | INFO | Steps: 103936/150000 | Episodes: 203 | CurrentEpReward: 0.000 | RecentReward: 75.747 | QLoss: 0.505288 | ParamLoss: -1.153156 | Epsilon: 0.0200 | Replay: 50000
2026-09-16 02:12:11,365 | INFO | Steps: 104448/150000 | Episodes: 204 | CurrentEpReward: 0.000 | RecentReward: 76.318 | QLoss: 0.606099 | ParamLoss: -1.148657 | Epsilon: 0.0200 | Replay: 50000
2026-09-16 02:12:22,562 | INFO | Steps: 104960/150000 | Episodes: 205 | CurrentEpReward: 0.000 | RecentReward: 76.033 | QLoss: 0.664702 | ParamLoss: -1.156509 | Epsilon: 0.0200 | Replay: 50000
2026-09-16 02:12:33,474 | INFO | Steps: 105472/150000 | Episodes: 206 | CurrentEpReward: 0.000 | RecentReward: 74.957 | QLoss: 0.618554 | ParamLoss: -1.162709 | Epsilon: 0.0200 | Replay: 50000
2026-09-16 02:12:44,776 | INFO | Steps: 105984/150000 | Episodes: 207 | CurrentEpReward: 0.000 | RecentReward: 76.457 | QLoss: 0.664386 | ParamLoss: -1.153227 | Epsilon: 0.0200 | Replay: 50000
2026-09-16 02:12:55,766 | INFO | Steps: 106496/150000 | Episodes: 208 | CurrentEpReward: 0.000 | RecentReward: 76.879 | QLoss: 0.467918 | ParamLoss: -1.150656 | Epsilon: 0.0200 | Replay: 50000
2026-09-16 02:13:06,692 | INFO | Steps: 107008/150000 | Episodes: 209 | CurrentEpReward: 0.000 | RecentReward: 77.274 | QLoss: 0.584968 | ParamLoss: -1.140005 | Epsilon: 0.0200 | Replay: 50000
2026-09-16 02:13:17,593 | INFO | Steps: 107520/150000 | Episodes: 210 | CurrentEpReward: 0.000 | RecentReward: 76.932 | QLoss: 0.650528 | ParamLoss: -1.148490 | Epsilon: 0.0200 | Replay: 50000
2026-09-16 02:13:28,649 | INFO | Steps: 108032/150000 | Episodes: 211 | CurrentEpReward: 0.000 | RecentReward: 77.649 | QLoss: 0.714994 | ParamLoss: -1.148331 | Epsilon: 0.0200 | Replay: 50000
2026-09-16 02:13:39,581 | INFO | Steps: 108544/150000 | Episodes: 212 | CurrentEpReward: 0.000 | RecentReward: 77.351 | QLoss: 0.616532 | ParamLoss: -1.151914 | Epsilon: 0.0200 | Replay: 50000
2026-09-16 02:13:50,639 | INFO | Steps: 109056/150000 | Episodes: 213 | CurrentEpReward: 0.000 | RecentReward: 77.051 | QLoss: 0.572856 | ParamLoss: -1.145763 | Epsilon: 0.0200 | Replay: 50000
2026-09-16 02:14:01,562 | INFO | Steps: 109568/150000 | Episodes: 214 | CurrentEpReward: 0.000 | RecentReward: 76.550 | QLoss: 0.631713 | ParamLoss: -1.152130 | Epsilon: 0.0200 | Replay: 50000
2026-09-16 02:14:12,607 | INFO | Steps: 110080/150000 | Episodes: 215 | CurrentEpReward: 0.000 | RecentReward: 76.224 | QLoss: 0.584623 | ParamLoss: -1.166894 | Epsilon: 0.0200 | Replay: 50000
2026-09-16 02:14:23,506 | INFO | Steps: 110592/150000 | Episodes: 216 | CurrentEpReward: 0.000 | RecentReward: 76.612 | QLoss: 0.476869 | ParamLoss: -1.163602 | Epsilon: 0.0200 | Replay: 50000
2026-09-16 02:14:34,582 | INFO | Steps: 111104/150000 | Episodes: 217 | CurrentEpReward: 0.000 | RecentReward: 76.648 | QLoss: 0.465628 | ParamLoss: -1.172786 | Epsilon: 0.0200 | Replay: 50000
2026-09-16 02:14:45,482 | INFO | Steps: 111616/150000 | Episodes: 218 | CurrentEpReward: 0.000 | RecentReward: 76.103 | QLoss: 0.529782 | ParamLoss: -1.175018 | Epsilon: 0.0200 | Replay: 50000
2026-09-16 02:14:56,276 | INFO | Steps: 112128/150000 | Episodes: 219 | CurrentEpReward: 0.000 | RecentReward: 75.287 | QLoss: 0.486635 | ParamLoss: -1.165210 | Epsilon: 0.0200 | Replay: 50000
2026-09-16 02:15:07,177 | INFO | Steps: 112640/150000 | Episodes: 220 | CurrentEpReward: 0.000 | RecentReward: 74.704 | QLoss: 0.571228 | ParamLoss: -1.160925 | Epsilon: 0.0200 | Replay: 50000
2026-09-16 02:15:18,042 | INFO | Steps: 113152/150000 | Episodes: 221 | CurrentEpReward: 0.000 | RecentReward: 74.744 | QLoss: 0.571564 | ParamLoss: -1.171362 | Epsilon: 0.0200 | Replay: 50000
2026-09-16 02:15:28,913 | INFO | Steps: 113664/150000 | Episodes: 222 | CurrentEpReward: 0.000 | RecentReward: 74.308 | QLoss: 0.603818 | ParamLoss: -1.177374 | Epsilon: 0.0200 | Replay: 50000
2026-09-16 02:15:40,041 | INFO | Steps: 114176/150000 | Episodes: 223 | CurrentEpReward: 0.000 | RecentReward: 74.608 | QLoss: 0.540912 | ParamLoss: -1.176398 | Epsilon: 0.0200 | Replay: 50000
2026-09-16 02:15:51,048 | INFO | Steps: 114688/150000 | Episodes: 224 | CurrentEpReward: 0.000 | RecentReward: 75.958 | QLoss: 0.613602 | ParamLoss: -1.177420 | Epsilon: 0.0200 | Replay: 50000
2026-09-16 02:16:02,017 | INFO | Steps: 115200/150000 | Episodes: 225 | CurrentEpReward: 0.000 | RecentReward: 76.754 | QLoss: 0.518934 | ParamLoss: -1.173516 | Epsilon: 0.0200 | Replay: 50000
2026-09-16 02:16:12,951 | INFO | Steps: 115712/150000 | Episodes: 226 | CurrentEpReward: 0.000 | RecentReward: 77.434 | QLoss: 0.569611 | ParamLoss: -1.180434 | Epsilon: 0.0200 | Replay: 50000
2026-09-16 02:16:23,917 | INFO | Steps: 116224/150000 | Episodes: 227 | CurrentEpReward: 0.000 | RecentReward: 77.085 | QLoss: 0.450981 | ParamLoss: -1.171191 | Epsilon: 0.0200 | Replay: 50000
2026-09-16 02:16:34,874 | INFO | Steps: 116736/150000 | Episodes: 228 | CurrentEpReward: 0.000 | RecentReward: 77.407 | QLoss: 0.629177 | ParamLoss: -1.168850 | Epsilon: 0.0200 | Replay: 50000
2026-09-16 02:16:46,081 | INFO | Steps: 117248/150000 | Episodes: 229 | CurrentEpReward: 0.000 | RecentReward: 79.093 | QLoss: 0.588753 | ParamLoss: -1.164085 | Epsilon: 0.0200 | Replay: 50000
2026-09-16 02:16:57,090 | INFO | Steps: 117760/150000 | Episodes: 230 | CurrentEpReward: 0.000 | RecentReward: 79.029 | QLoss: 0.525159 | ParamLoss: -1.161639 | Epsilon: 0.0200 | Replay: 50000
2026-09-16 02:17:08,062 | INFO | Steps: 118272/150000 | Episodes: 231 | CurrentEpReward: 0.000 | RecentReward: 79.361 | QLoss: 0.511475 | ParamLoss: -1.160238 | Epsilon: 0.0200 | Replay: 50000
2026-09-16 02:17:19,009 | INFO | Steps: 118784/150000 | Episodes: 232 | CurrentEpReward: 0.000 | RecentReward: 79.069 | QLoss: 0.602848 | ParamLoss: -1.161905 | Epsilon: 0.0200 | Replay: 50000
2026-09-16 02:17:29,967 | INFO | Steps: 119296/150000 | Episodes: 233 | CurrentEpReward: 0.000 | RecentReward: 78.213 | QLoss: 0.533564 | ParamLoss: -1.171151 | Epsilon: 0.0200 | Replay: 50000
2026-09-16 02:17:41,274 | INFO | Steps: 119808/150000 | Episodes: 234 | CurrentEpReward: 0.000 | RecentReward: 78.410 | QLoss: 0.549385 | ParamLoss: -1.171605 | Epsilon: 0.0200 | Replay: 50000
2026-09-16 02:17:52,131 | INFO | Steps: 120320/150000 | Episodes: 235 | CurrentEpReward: 0.000 | RecentReward: 77.392 | QLoss: 0.652226 | ParamLoss: -1.172629 | Epsilon: 0.0200 | Replay: 50000
2026-09-16 02:18:03,245 | INFO | Steps: 120832/150000 | Episodes: 236 | CurrentEpReward: 0.000 | RecentReward: 77.678 | QLoss: 0.636013 | ParamLoss: -1.176841 | Epsilon: 0.0200 | Replay: 50000
2026-09-16 02:18:14,183 | INFO | Steps: 121344/150000 | Episodes: 237 | CurrentEpReward: 0.000 | RecentReward: 77.795 | QLoss: 0.560520 | ParamLoss: -1.176484 | Epsilon: 0.0200 | Replay: 50000
2026-09-16 02:18:25,208 | INFO | Steps: 121856/150000 | Episodes: 238 | CurrentEpReward: 0.000 | RecentReward: 78.713 | QLoss: 0.549683 | ParamLoss: -1.178204 | Epsilon: 0.0200 | Replay: 50000
2026-09-16 02:18:36,316 | INFO | Steps: 122368/150000 | Episodes: 239 | CurrentEpReward: 0.000 | RecentReward: 78.111 | QLoss: 0.633899 | ParamLoss: -1.175060 | Epsilon: 0.0200 | Replay: 50000
2026-09-16 02:18:47,238 | INFO | Steps: 122880/150000 | Episodes: 240 | CurrentEpReward: 0.000 | RecentReward: 78.631 | QLoss: 0.581765 | ParamLoss: -1.178135 | Epsilon: 0.0200 | Replay: 50000
2026-09-16 02:18:58,152 | INFO | Steps: 123392/150000 | Episodes: 241 | CurrentEpReward: 0.000 | RecentReward: 77.640 | QLoss: 0.553552 | ParamLoss: -1.169717 | Epsilon: 0.0200 | Replay: 50000
2026-09-16 02:19:09,260 | INFO | Steps: 123904/150000 | Episodes: 242 | CurrentEpReward: 0.000 | RecentReward: 79.074 | QLoss: 0.544386 | ParamLoss: -1.159811 | Epsilon: 0.0200 | Replay: 50000
2026-09-16 02:19:20,106 | INFO | Steps: 124416/150000 | Episodes: 243 | CurrentEpReward: 0.000 | RecentReward: 78.487 | QLoss: 0.517947 | ParamLoss: -1.164617 | Epsilon: 0.0200 | Replay: 50000
2026-09-16 02:19:31,019 | INFO | Steps: 124928/150000 | Episodes: 244 | CurrentEpReward: 0.000 | RecentReward: 77.449 | QLoss: 0.586996 | ParamLoss: -1.174293 | Epsilon: 0.0200 | Replay: 50000
2026-09-16 02:19:42,020 | INFO | Steps: 125440/150000 | Episodes: 245 | CurrentEpReward: 0.000 | RecentReward: 77.519 | QLoss: 0.626684 | ParamLoss: -1.171320 | Epsilon: 0.0200 | Replay: 50000
2026-09-16 02:19:52,935 | INFO | Steps: 125952/150000 | Episodes: 246 | CurrentEpReward: 0.000 | RecentReward: 77.196 | QLoss: 0.657650 | ParamLoss: -1.188428 | Epsilon: 0.0200 | Replay: 50000
2026-09-16 02:20:03,913 | INFO | Steps: 126464/150000 | Episodes: 247 | CurrentEpReward: 0.000 | RecentReward: 77.222 | QLoss: 0.488821 | ParamLoss: -1.194252 | Epsilon: 0.0200 | Replay: 50000
2026-09-16 02:20:14,701 | INFO | Steps: 126976/150000 | Episodes: 248 | CurrentEpReward: 0.000 | RecentReward: 75.096 | QLoss: 0.550083 | ParamLoss: -1.187345 | Epsilon: 0.0200 | Replay: 50000
2026-09-16 02:20:25,587 | INFO | Steps: 127488/150000 | Episodes: 249 | CurrentEpReward: 0.000 | RecentReward: 73.844 | QLoss: 0.629873 | ParamLoss: -1.176426 | Epsilon: 0.0200 | Replay: 50000
2026-09-16 02:20:36,588 | INFO | Steps: 128000/150000 | Episodes: 250 | CurrentEpReward: 0.000 | RecentReward: 74.262 | QLoss: 0.583896 | ParamLoss: -1.184591 | Epsilon: 0.0200 | Replay: 50000
2026-09-16 02:20:47,806 | INFO | Steps: 128512/150000 | Episodes: 251 | CurrentEpReward: 0.000 | RecentReward: 75.525 | QLoss: 0.618572 | ParamLoss: -1.193031 | Epsilon: 0.0200 | Replay: 50000
2026-09-16 02:20:58,727 | INFO | Steps: 129024/150000 | Episodes: 252 | CurrentEpReward: 0.000 | RecentReward: 74.901 | QLoss: 0.606020 | ParamLoss: -1.187528 | Epsilon: 0.0200 | Replay: 50000
2026-09-16 02:21:09,945 | INFO | Steps: 129536/150000 | Episodes: 253 | CurrentEpReward: 0.000 | RecentReward: 76.889 | QLoss: 0.576155 | ParamLoss: -1.183794 | Epsilon: 0.0200 | Replay: 50000
2026-09-16 02:21:20,959 | INFO | Steps: 130048/150000 | Episodes: 254 | CurrentEpReward: 0.000 | RecentReward: 77.072 | QLoss: 0.451167 | ParamLoss: -1.183557 | Epsilon: 0.0200 | Replay: 50000
2026-09-16 02:21:31,981 | INFO | Steps: 130560/150000 | Episodes: 255 | CurrentEpReward: 0.000 | RecentReward: 77.337 | QLoss: 0.559884 | ParamLoss: -1.191375 | Epsilon: 0.0200 | Replay: 50000
2026-09-16 02:21:43,113 | INFO | Steps: 131072/150000 | Episodes: 256 | CurrentEpReward: 0.000 | RecentReward: 78.177 | QLoss: 0.509836 | ParamLoss: -1.199693 | Epsilon: 0.0200 | Replay: 50000
2026-09-16 02:21:54,295 | INFO | Steps: 131584/150000 | Episodes: 257 | CurrentEpReward: 0.000 | RecentReward: 78.280 | QLoss: 0.575606 | ParamLoss: -1.195941 | Epsilon: 0.0200 | Replay: 50000
2026-09-16 02:22:05,195 | INFO | Steps: 132096/150000 | Episodes: 258 | CurrentEpReward: 0.000 | RecentReward: 79.965 | QLoss: 0.528133 | ParamLoss: -1.201259 | Epsilon: 0.0200 | Replay: 50000
2026-09-16 02:22:16,246 | INFO | Steps: 132608/150000 | Episodes: 259 | CurrentEpReward: 0.000 | RecentReward: 81.501 | QLoss: 0.692883 | ParamLoss: -1.205566 | Epsilon: 0.0200 | Replay: 50000
2026-09-16 02:22:27,398 | INFO | Steps: 133120/150000 | Episodes: 260 | CurrentEpReward: 0.000 | RecentReward: 81.948 | QLoss: 0.557021 | ParamLoss: -1.209275 | Epsilon: 0.0200 | Replay: 50000
2026-09-16 02:22:38,349 | INFO | Steps: 133632/150000 | Episodes: 261 | CurrentEpReward: 0.000 | RecentReward: 81.365 | QLoss: 0.631275 | ParamLoss: -1.201316 | Epsilon: 0.0200 | Replay: 50000
2026-09-16 02:22:49,327 | INFO | Steps: 134144/150000 | Episodes: 262 | CurrentEpReward: 0.000 | RecentReward: 81.723 | QLoss: 0.398680 | ParamLoss: -1.190038 | Epsilon: 0.0200 | Replay: 50000
2026-09-16 02:23:00,143 | INFO | Steps: 134656/150000 | Episodes: 263 | CurrentEpReward: 0.000 | RecentReward: 80.329 | QLoss: 0.530152 | ParamLoss: -1.176014 | Epsilon: 0.0200 | Replay: 50000
2026-09-16 02:23:11,017 | INFO | Steps: 135168/150000 | Episodes: 264 | CurrentEpReward: 0.000 | RecentReward: 80.066 | QLoss: 0.451423 | ParamLoss: -1.181447 | Epsilon: 0.0200 | Replay: 50000
2026-09-16 02:23:21,927 | INFO | Steps: 135680/150000 | Episodes: 265 | CurrentEpReward: 0.000 | RecentReward: 80.033 | QLoss: 0.635281 | ParamLoss: -1.189761 | Epsilon: 0.0200 | Replay: 50000
2026-09-16 02:23:32,926 | INFO | Steps: 136192/150000 | Episodes: 266 | CurrentEpReward: 0.000 | RecentReward: 78.914 | QLoss: 0.458715 | ParamLoss: -1.194629 | Epsilon: 0.0200 | Replay: 50000
2026-09-16 02:23:43,946 | INFO | Steps: 136704/150000 | Episodes: 267 | CurrentEpReward: 0.000 | RecentReward: 78.851 | QLoss: 0.721734 | ParamLoss: -1.196501 | Epsilon: 0.0200 | Replay: 50000
2026-09-16 02:23:55,025 | INFO | Steps: 137216/150000 | Episodes: 268 | CurrentEpReward: 0.000 | RecentReward: 78.395 | QLoss: 0.477300 | ParamLoss: -1.200586 | Epsilon: 0.0200 | Replay: 50000
2026-09-16 02:24:05,973 | INFO | Steps: 137728/150000 | Episodes: 269 | CurrentEpReward: 0.000 | RecentReward: 77.510 | QLoss: 0.569109 | ParamLoss: -1.207996 | Epsilon: 0.0200 | Replay: 50000
2026-09-16 02:24:17,111 | INFO | Steps: 138240/150000 | Episodes: 270 | CurrentEpReward: 0.000 | RecentReward: 77.437 | QLoss: 0.485462 | ParamLoss: -1.201902 | Epsilon: 0.0200 | Replay: 50000
2026-09-16 02:24:28,180 | INFO | Steps: 138752/150000 | Episodes: 271 | CurrentEpReward: 0.000 | RecentReward: 77.425 | QLoss: 0.565893 | ParamLoss: -1.203248 | Epsilon: 0.0200 | Replay: 50000
2026-09-16 02:24:39,216 | INFO | Steps: 139264/150000 | Episodes: 272 | CurrentEpReward: 0.000 | RecentReward: 77.491 | QLoss: 0.508787 | ParamLoss: -1.208563 | Epsilon: 0.0200 | Replay: 50000
2026-09-16 02:24:50,313 | INFO | Steps: 139776/150000 | Episodes: 273 | CurrentEpReward: 0.000 | RecentReward: 78.262 | QLoss: 0.461862 | ParamLoss: -1.221901 | Epsilon: 0.0200 | Replay: 50000
2026-09-16 02:25:01,391 | INFO | Steps: 140288/150000 | Episodes: 274 | CurrentEpReward: 0.000 | RecentReward: 78.356 | QLoss: 0.536548 | ParamLoss: -1.219511 | Epsilon: 0.0200 | Replay: 50000
2026-09-16 02:25:12,468 | INFO | Steps: 140800/150000 | Episodes: 275 | CurrentEpReward: 0.000 | RecentReward: 78.483 | QLoss: 0.553900 | ParamLoss: -1.217079 | Epsilon: 0.0200 | Replay: 50000
2026-09-16 02:25:23,504 | INFO | Steps: 141312/150000 | Episodes: 276 | CurrentEpReward: 0.000 | RecentReward: 79.268 | QLoss: 0.541289 | ParamLoss: -1.218847 | Epsilon: 0.0200 | Replay: 50000
2026-09-16 02:25:34,577 | INFO | Steps: 141824/150000 | Episodes: 277 | CurrentEpReward: 0.000 | RecentReward: 77.900 | QLoss: 0.586606 | ParamLoss: -1.219341 | Epsilon: 0.0200 | Replay: 50000
2026-09-16 02:25:45,547 | INFO | Steps: 142336/150000 | Episodes: 278 | CurrentEpReward: 0.000 | RecentReward: 78.118 | QLoss: 0.451335 | ParamLoss: -1.233423 | Epsilon: 0.0200 | Replay: 50000
2026-09-16 02:25:56,652 | INFO | Steps: 142848/150000 | Episodes: 279 | CurrentEpReward: 0.000 | RecentReward: 78.282 | QLoss: 0.594148 | ParamLoss: -1.234413 | Epsilon: 0.0200 | Replay: 50000
2026-09-16 02:26:07,648 | INFO | Steps: 143360/150000 | Episodes: 280 | CurrentEpReward: 0.000 | RecentReward: 77.139 | QLoss: 0.522908 | ParamLoss: -1.236728 | Epsilon: 0.0200 | Replay: 50000
2026-09-16 02:26:18,862 | INFO | Steps: 143872/150000 | Episodes: 281 | CurrentEpReward: 0.000 | RecentReward: 77.230 | QLoss: 0.579241 | ParamLoss: -1.252350 | Epsilon: 0.0200 | Replay: 50000
2026-09-16 02:26:30,086 | INFO | Steps: 144384/150000 | Episodes: 282 | CurrentEpReward: 0.000 | RecentReward: 77.537 | QLoss: 0.676626 | ParamLoss: -1.260217 | Epsilon: 0.0200 | Replay: 50000
2026-09-16 02:26:41,168 | INFO | Steps: 144896/150000 | Episodes: 283 | CurrentEpReward: 0.000 | RecentReward: 77.348 | QLoss: 0.579034 | ParamLoss: -1.272038 | Epsilon: 0.0200 | Replay: 50000
2026-09-16 02:26:52,115 | INFO | Steps: 145408/150000 | Episodes: 284 | CurrentEpReward: 0.000 | RecentReward: 77.412 | QLoss: 0.490394 | ParamLoss: -1.271447 | Epsilon: 0.0200 | Replay: 50000
2026-09-16 02:27:03,148 | INFO | Steps: 145920/150000 | Episodes: 285 | CurrentEpReward: 0.000 | RecentReward: 76.695 | QLoss: 0.529785 | ParamLoss: -1.268004 | Epsilon: 0.0200 | Replay: 50000
2026-09-16 02:27:14,083 | INFO | Steps: 146432/150000 | Episodes: 286 | CurrentEpReward: 0.000 | RecentReward: 75.965 | QLoss: 0.455284 | ParamLoss: -1.276973 | Epsilon: 0.0200 | Replay: 50000
2026-09-16 02:27:25,036 | INFO | Steps: 146944/150000 | Episodes: 287 | CurrentEpReward: 0.000 | RecentReward: 77.054 | QLoss: 0.559202 | ParamLoss: -1.269935 | Epsilon: 0.0200 | Replay: 50000
2026-09-16 02:27:36,021 | INFO | Steps: 147456/150000 | Episodes: 288 | CurrentEpReward: 0.000 | RecentReward: 76.248 | QLoss: 0.435627 | ParamLoss: -1.270249 | Epsilon: 0.0200 | Replay: 50000
2026-09-16 02:27:47,210 | INFO | Steps: 147968/150000 | Episodes: 289 | CurrentEpReward: 0.000 | RecentReward: 77.165 | QLoss: 0.659893 | ParamLoss: -1.283057 | Epsilon: 0.0200 | Replay: 50000
2026-09-16 02:27:58,209 | INFO | Steps: 148480/150000 | Episodes: 290 | CurrentEpReward: 0.000 | RecentReward: 78.569 | QLoss: 0.482492 | ParamLoss: -1.280364 | Epsilon: 0.0200 | Replay: 50000
2026-09-16 02:28:09,222 | INFO | Steps: 148992/150000 | Episodes: 291 | CurrentEpReward: 0.000 | RecentReward: 78.628 | QLoss: 0.532403 | ParamLoss: -1.293623 | Epsilon: 0.0200 | Replay: 50000
2026-09-16 02:28:20,084 | INFO | Steps: 149504/150000 | Episodes: 292 | CurrentEpReward: 0.000 | RecentReward: 77.769 | QLoss: 0.639793 | ParamLoss: -1.293915 | Epsilon: 0.0200 | Replay: 50000
2026-09-16 02:28:30,685 | INFO | Steps: 150000/150000 | Episodes: 292 | CurrentEpReward: 75.087 | RecentReward: 77.769 | QLoss: 0.641208 | ParamLoss: -1.296067 | Epsilon: 0.0200 | Replay: 50000
2026-09-16 02:28:54,397 | INFO | 周期权重已保存: /home/pjpjq/LEO_switch/results/multiseed_0907/seed44/u30/learned_baselines/pdqn/checkpoint_150000.pt
2026-09-16 02:28:54,424 | INFO | 最终权重已保存: /home/pjpjq/LEO_switch/results/multiseed_0907/seed44/u30/learned_baselines/pdqn/pdqn_model.pt
2026-09-16 02:29:18,065 | INFO | 训练与评估完成 | EvalReward: 83.897 ± 4.537
