2026-09-12 17:25:31,275 | INFO | ============================================================
2026-09-12 17:25:31,275 | INFO | 开始训练纯 PDQN 基线
2026-09-12 17:25:31,275 | INFO | 总步数: 150000 | warmup: 1000 | batch: 128 | 日志间隔: 512 steps | 保存间隔: 50000 steps | device: cuda
2026-09-12 17:25:31,275 | INFO | ============================================================
2026-09-12 17:25:34,686 | INFO | Steps: 512/150000 | Episodes: 1 | CurrentEpReward: 0.000 | RecentReward: -2.803 | QLoss: 0.000000 | ParamLoss: 0.000000 | Epsilon: 1.0000 | Replay: 512
2026-09-12 17:25:38,420 | INFO | Steps: 1024/150000 | Episodes: 2 | CurrentEpReward: 0.000 | RecentReward: 4.156 | QLoss: 0.164323 | ParamLoss: -0.003423 | Epsilon: 0.9993 | Replay: 1024
2026-09-12 17:25:48,032 | INFO | Steps: 1536/150000 | Episodes: 3 | CurrentEpReward: 0.000 | RecentReward: 7.448 | QLoss: 0.157920 | ParamLoss: -0.011273 | Epsilon: 0.9860 | Replay: 1536
2026-09-12 17:25:57,510 | INFO | Steps: 2048/150000 | Episodes: 4 | CurrentEpReward: 0.000 | RecentReward: 6.138 | QLoss: 0.169369 | ParamLoss: -0.022592 | Epsilon: 0.9726 | Replay: 2048
2026-09-12 17:26:07,091 | INFO | Steps: 2560/150000 | Episodes: 5 | CurrentEpReward: 0.000 | RecentReward: 5.341 | QLoss: 0.170223 | ParamLoss: -0.031497 | Epsilon: 0.9592 | Replay: 2560
2026-09-12 17:26:16,627 | INFO | Steps: 3072/150000 | Episodes: 6 | CurrentEpReward: 0.000 | RecentReward: 3.133 | QLoss: 0.177683 | ParamLoss: -0.038733 | Epsilon: 0.9458 | Replay: 3072
2026-09-12 17:26:26,171 | INFO | Steps: 3584/150000 | Episodes: 7 | CurrentEpReward: 0.000 | RecentReward: 3.253 | QLoss: 0.179430 | ParamLoss: -0.044205 | Epsilon: 0.9324 | Replay: 3584
2026-09-12 17:26:35,721 | INFO | Steps: 4096/150000 | Episodes: 8 | CurrentEpReward: 0.000 | RecentReward: 4.216 | QLoss: 0.178535 | ParamLoss: -0.053100 | Epsilon: 0.9191 | Replay: 4096
2026-09-12 17:26:45,359 | INFO | Steps: 4608/150000 | Episodes: 9 | CurrentEpReward: 0.000 | RecentReward: 4.586 | QLoss: 0.180904 | ParamLoss: -0.062279 | Epsilon: 0.9057 | Replay: 4608
2026-09-12 17:26:55,084 | INFO | Steps: 5120/150000 | Episodes: 10 | CurrentEpReward: 0.000 | RecentReward: 5.075 | QLoss: 0.184830 | ParamLoss: -0.077363 | Epsilon: 0.8923 | Replay: 5120
2026-09-12 17:27:04,832 | INFO | Steps: 5632/150000 | Episodes: 11 | CurrentEpReward: 0.000 | RecentReward: 7.637 | QLoss: 0.182491 | ParamLoss: -0.087205 | Epsilon: 0.8789 | Replay: 5632
2026-09-12 17:27:14,400 | INFO | Steps: 6144/150000 | Episodes: 12 | CurrentEpReward: 0.000 | RecentReward: 6.801 | QLoss: 0.190522 | ParamLoss: -0.095375 | Epsilon: 0.8655 | Replay: 6144
2026-09-12 17:27:24,058 | INFO | Steps: 6656/150000 | Episodes: 13 | CurrentEpReward: 0.000 | RecentReward: 5.583 | QLoss: 0.188346 | ParamLoss: -0.104200 | Epsilon: 0.8522 | Replay: 6656
2026-09-12 17:27:33,590 | INFO | Steps: 7168/150000 | Episodes: 14 | CurrentEpReward: 0.000 | RecentReward: 5.823 | QLoss: 0.193687 | ParamLoss: -0.110700 | Epsilon: 0.8388 | Replay: 7168
2026-09-12 17:27:43,285 | INFO | Steps: 7680/150000 | Episodes: 15 | CurrentEpReward: 0.000 | RecentReward: 7.203 | QLoss: 0.197759 | ParamLoss: -0.120549 | Epsilon: 0.8254 | Replay: 7680
2026-09-12 17:27:52,828 | INFO | Steps: 8192/150000 | Episodes: 16 | CurrentEpReward: 0.000 | RecentReward: 9.563 | QLoss: 0.196549 | ParamLoss: -0.134067 | Epsilon: 0.8120 | Replay: 8192
2026-09-12 17:28:02,346 | INFO | Steps: 8704/150000 | Episodes: 17 | CurrentEpReward: 0.000 | RecentReward: 9.958 | QLoss: 0.203683 | ParamLoss: -0.145089 | Epsilon: 0.7986 | Replay: 8704
2026-09-12 17:28:12,123 | INFO | Steps: 9216/150000 | Episodes: 18 | CurrentEpReward: 0.000 | RecentReward: 10.671 | QLoss: 0.210215 | ParamLoss: -0.157966 | Epsilon: 0.7853 | Replay: 9216
2026-09-12 17:28:21,741 | INFO | Steps: 9728/150000 | Episodes: 19 | CurrentEpReward: 0.000 | RecentReward: 10.502 | QLoss: 0.209482 | ParamLoss: -0.166515 | Epsilon: 0.7719 | Replay: 9728
2026-09-12 17:28:31,330 | INFO | Steps: 10240/150000 | Episodes: 20 | CurrentEpReward: 0.000 | RecentReward: 10.729 | QLoss: 0.213829 | ParamLoss: -0.171925 | Epsilon: 0.7585 | Replay: 10240
2026-09-12 17:28:40,999 | INFO | Steps: 10752/150000 | Episodes: 21 | CurrentEpReward: 0.000 | RecentReward: 10.684 | QLoss: 0.211710 | ParamLoss: -0.178601 | Epsilon: 0.7451 | Replay: 10752
2026-09-12 17:28:50,621 | INFO | Steps: 11264/150000 | Episodes: 22 | CurrentEpReward: 0.000 | RecentReward: 10.709 | QLoss: 0.222359 | ParamLoss: -0.184402 | Epsilon: 0.7317 | Replay: 11264
2026-09-12 17:29:00,226 | INFO | Steps: 11776/150000 | Episodes: 23 | CurrentEpReward: 0.000 | RecentReward: 13.763 | QLoss: 0.216269 | ParamLoss: -0.198646 | Epsilon: 0.7184 | Replay: 11776
2026-09-12 17:29:09,859 | INFO | Steps: 12288/150000 | Episodes: 24 | CurrentEpReward: 0.000 | RecentReward: 15.627 | QLoss: 0.217184 | ParamLoss: -0.203748 | Epsilon: 0.7050 | Replay: 12288
2026-09-12 17:29:19,475 | INFO | Steps: 12800/150000 | Episodes: 25 | CurrentEpReward: 0.000 | RecentReward: 16.554 | QLoss: 0.225815 | ParamLoss: -0.213896 | Epsilon: 0.6916 | Replay: 12800
2026-09-12 17:29:29,127 | INFO | Steps: 13312/150000 | Episodes: 26 | CurrentEpReward: 0.000 | RecentReward: 16.470 | QLoss: 0.229032 | ParamLoss: -0.218914 | Epsilon: 0.6782 | Replay: 13312
2026-09-12 17:29:38,716 | INFO | Steps: 13824/150000 | Episodes: 27 | CurrentEpReward: 0.000 | RecentReward: 18.212 | QLoss: 0.227391 | ParamLoss: -0.226198 | Epsilon: 0.6648 | Replay: 13824
2026-09-12 17:29:48,442 | INFO | Steps: 14336/150000 | Episodes: 28 | CurrentEpReward: 0.000 | RecentReward: 19.454 | QLoss: 0.224738 | ParamLoss: -0.232829 | Epsilon: 0.6515 | Replay: 14336
2026-09-12 17:29:58,055 | INFO | Steps: 14848/150000 | Episodes: 29 | CurrentEpReward: 0.000 | RecentReward: 20.414 | QLoss: 0.221864 | ParamLoss: -0.242864 | Epsilon: 0.6381 | Replay: 14848
2026-09-12 17:30:07,665 | INFO | Steps: 15360/150000 | Episodes: 30 | CurrentEpReward: 0.000 | RecentReward: 22.624 | QLoss: 0.222986 | ParamLoss: -0.251188 | Epsilon: 0.6247 | Replay: 15360
2026-09-12 17:30:17,403 | INFO | Steps: 15872/150000 | Episodes: 31 | CurrentEpReward: 0.000 | RecentReward: 22.801 | QLoss: 0.238302 | ParamLoss: -0.259494 | Epsilon: 0.6113 | Replay: 15872
2026-09-12 17:30:27,035 | INFO | Steps: 16384/150000 | Episodes: 32 | CurrentEpReward: 0.000 | RecentReward: 25.465 | QLoss: 0.233907 | ParamLoss: -0.267498 | Epsilon: 0.5979 | Replay: 16384
2026-09-12 17:30:36,643 | INFO | Steps: 16896/150000 | Episodes: 33 | CurrentEpReward: 0.000 | RecentReward: 24.596 | QLoss: 0.242425 | ParamLoss: -0.274031 | Epsilon: 0.5846 | Replay: 16896
2026-09-12 17:30:46,454 | INFO | Steps: 17408/150000 | Episodes: 34 | CurrentEpReward: 0.000 | RecentReward: 26.164 | QLoss: 0.247351 | ParamLoss: -0.288868 | Epsilon: 0.5712 | Replay: 17408
2026-09-12 17:30:56,102 | INFO | Steps: 17920/150000 | Episodes: 35 | CurrentEpReward: 0.000 | RecentReward: 26.391 | QLoss: 0.248355 | ParamLoss: -0.300460 | Epsilon: 0.5578 | Replay: 17920
2026-09-12 17:31:05,728 | INFO | Steps: 18432/150000 | Episodes: 36 | CurrentEpReward: 0.000 | RecentReward: 27.944 | QLoss: 0.260626 | ParamLoss: -0.313345 | Epsilon: 0.5444 | Replay: 18432
2026-09-12 17:31:15,346 | INFO | Steps: 18944/150000 | Episodes: 37 | CurrentEpReward: 0.000 | RecentReward: 27.758 | QLoss: 0.267581 | ParamLoss: -0.319432 | Epsilon: 0.5310 | Replay: 18944
2026-09-12 17:31:25,010 | INFO | Steps: 19456/150000 | Episodes: 38 | CurrentEpReward: 0.000 | RecentReward: 27.660 | QLoss: 0.247588 | ParamLoss: -0.331095 | Epsilon: 0.5177 | Replay: 19456
2026-09-12 17:31:34,585 | INFO | Steps: 19968/150000 | Episodes: 39 | CurrentEpReward: 0.000 | RecentReward: 29.794 | QLoss: 0.265492 | ParamLoss: -0.335647 | Epsilon: 0.5043 | Replay: 19968
2026-09-12 17:31:44,266 | INFO | Steps: 20480/150000 | Episodes: 40 | CurrentEpReward: 0.000 | RecentReward: 30.129 | QLoss: 0.271368 | ParamLoss: -0.348646 | Epsilon: 0.4909 | Replay: 20480
2026-09-12 17:31:53,999 | INFO | Steps: 20992/150000 | Episodes: 41 | CurrentEpReward: 0.000 | RecentReward: 31.813 | QLoss: 0.268629 | ParamLoss: -0.354883 | Epsilon: 0.4775 | Replay: 20992
2026-09-12 17:32:03,678 | INFO | Steps: 21504/150000 | Episodes: 42 | CurrentEpReward: 0.000 | RecentReward: 32.759 | QLoss: 0.270722 | ParamLoss: -0.363818 | Epsilon: 0.4641 | Replay: 21504
2026-09-12 17:32:13,255 | INFO | Steps: 22016/150000 | Episodes: 43 | CurrentEpReward: 0.000 | RecentReward: 34.175 | QLoss: 0.272943 | ParamLoss: -0.366186 | Epsilon: 0.4508 | Replay: 22016
2026-09-12 17:32:22,709 | INFO | Steps: 22528/150000 | Episodes: 44 | CurrentEpReward: 0.000 | RecentReward: 34.393 | QLoss: 0.278382 | ParamLoss: -0.371635 | Epsilon: 0.4374 | Replay: 22528
2026-09-12 17:32:32,270 | INFO | Steps: 23040/150000 | Episodes: 45 | CurrentEpReward: 0.000 | RecentReward: 36.415 | QLoss: 0.265520 | ParamLoss: -0.375982 | Epsilon: 0.4240 | Replay: 23040
2026-09-12 17:32:41,877 | INFO | Steps: 23552/150000 | Episodes: 46 | CurrentEpReward: 0.000 | RecentReward: 38.687 | QLoss: 0.288325 | ParamLoss: -0.389749 | Epsilon: 0.4106 | Replay: 23552
2026-09-12 17:32:51,435 | INFO | Steps: 24064/150000 | Episodes: 47 | CurrentEpReward: 0.000 | RecentReward: 40.806 | QLoss: 0.273786 | ParamLoss: -0.397971 | Epsilon: 0.3972 | Replay: 24064
2026-09-12 17:33:01,030 | INFO | Steps: 24576/150000 | Episodes: 48 | CurrentEpReward: 0.000 | RecentReward: 42.854 | QLoss: 0.275205 | ParamLoss: -0.404690 | Epsilon: 0.3839 | Replay: 24576
2026-09-12 17:33:10,640 | INFO | Steps: 25088/150000 | Episodes: 49 | CurrentEpReward: 0.000 | RecentReward: 44.500 | QLoss: 0.276348 | ParamLoss: -0.410388 | Epsilon: 0.3705 | Replay: 25088
2026-09-12 17:33:20,329 | INFO | Steps: 25600/150000 | Episodes: 50 | CurrentEpReward: 0.000 | RecentReward: 46.622 | QLoss: 0.291942 | ParamLoss: -0.416330 | Epsilon: 0.3571 | Replay: 25600
2026-09-12 17:33:29,904 | INFO | Steps: 26112/150000 | Episodes: 51 | CurrentEpReward: 0.000 | RecentReward: 47.743 | QLoss: 0.298762 | ParamLoss: -0.423658 | Epsilon: 0.3437 | Replay: 26112
2026-09-12 17:33:39,617 | INFO | Steps: 26624/150000 | Episodes: 52 | CurrentEpReward: 0.000 | RecentReward: 49.741 | QLoss: 0.274170 | ParamLoss: -0.434072 | Epsilon: 0.3303 | Replay: 26624
2026-09-12 17:33:49,322 | INFO | Steps: 27136/150000 | Episodes: 53 | CurrentEpReward: 0.000 | RecentReward: 52.290 | QLoss: 0.285408 | ParamLoss: -0.435850 | Epsilon: 0.3170 | Replay: 27136
2026-09-12 17:33:58,906 | INFO | Steps: 27648/150000 | Episodes: 54 | CurrentEpReward: 0.000 | RecentReward: 52.895 | QLoss: 0.264120 | ParamLoss: -0.445705 | Epsilon: 0.3036 | Replay: 27648
2026-09-12 17:34:08,407 | INFO | Steps: 28160/150000 | Episodes: 55 | CurrentEpReward: 0.000 | RecentReward: 53.921 | QLoss: 0.271795 | ParamLoss: -0.447960 | Epsilon: 0.2902 | Replay: 28160
2026-09-12 17:34:18,075 | INFO | Steps: 28672/150000 | Episodes: 56 | CurrentEpReward: 0.000 | RecentReward: 54.510 | QLoss: 0.267638 | ParamLoss: -0.457613 | Epsilon: 0.2768 | Replay: 28672
2026-09-12 17:34:27,715 | INFO | Steps: 29184/150000 | Episodes: 57 | CurrentEpReward: 0.000 | RecentReward: 55.406 | QLoss: 0.280410 | ParamLoss: -0.470285 | Epsilon: 0.2634 | Replay: 29184
2026-09-12 17:34:37,235 | INFO | Steps: 29696/150000 | Episodes: 58 | CurrentEpReward: 0.000 | RecentReward: 55.226 | QLoss: 0.306333 | ParamLoss: -0.478659 | Epsilon: 0.2501 | Replay: 29696
2026-09-12 17:34:46,941 | INFO | Steps: 30208/150000 | Episodes: 59 | CurrentEpReward: 0.000 | RecentReward: 55.739 | QLoss: 0.322352 | ParamLoss: -0.489899 | Epsilon: 0.2367 | Replay: 30208
2026-09-12 17:34:56,704 | INFO | Steps: 30720/150000 | Episodes: 60 | CurrentEpReward: 0.000 | RecentReward: 56.868 | QLoss: 0.299529 | ParamLoss: -0.497320 | Epsilon: 0.2233 | Replay: 30720
2026-09-12 17:35:06,473 | INFO | Steps: 31232/150000 | Episodes: 61 | CurrentEpReward: 0.000 | RecentReward: 59.132 | QLoss: 0.311178 | ParamLoss: -0.511223 | Epsilon: 0.2099 | Replay: 31232
2026-09-12 17:35:16,047 | INFO | Steps: 31744/150000 | Episodes: 62 | CurrentEpReward: 0.000 | RecentReward: 59.542 | QLoss: 0.312911 | ParamLoss: -0.520123 | Epsilon: 0.1965 | Replay: 31744
2026-09-12 17:35:25,790 | INFO | Steps: 32256/150000 | Episodes: 63 | CurrentEpReward: 0.000 | RecentReward: 60.494 | QLoss: 0.296879 | ParamLoss: -0.529114 | Epsilon: 0.1832 | Replay: 32256
2026-09-12 17:35:35,417 | INFO | Steps: 32768/150000 | Episodes: 64 | CurrentEpReward: 0.000 | RecentReward: 62.676 | QLoss: 0.348230 | ParamLoss: -0.544793 | Epsilon: 0.1698 | Replay: 32768
2026-09-12 17:35:44,939 | INFO | Steps: 33280/150000 | Episodes: 65 | CurrentEpReward: 0.000 | RecentReward: 64.432 | QLoss: 0.344219 | ParamLoss: -0.543260 | Epsilon: 0.1564 | Replay: 33280
2026-09-12 17:35:54,572 | INFO | Steps: 33792/150000 | Episodes: 66 | CurrentEpReward: 0.000 | RecentReward: 66.323 | QLoss: 0.320744 | ParamLoss: -0.551197 | Epsilon: 0.1430 | Replay: 33792
2026-09-12 17:36:04,238 | INFO | Steps: 34304/150000 | Episodes: 67 | CurrentEpReward: 0.000 | RecentReward: 68.302 | QLoss: 0.336249 | ParamLoss: -0.551410 | Epsilon: 0.1296 | Replay: 34304
2026-09-12 17:36:13,849 | INFO | Steps: 34816/150000 | Episodes: 68 | CurrentEpReward: 0.000 | RecentReward: 71.119 | QLoss: 0.331628 | ParamLoss: -0.558491 | Epsilon: 0.1162 | Replay: 34816
2026-09-12 17:36:23,578 | INFO | Steps: 35328/150000 | Episodes: 69 | CurrentEpReward: 0.000 | RecentReward: 73.205 | QLoss: 0.333757 | ParamLoss: -0.570878 | Epsilon: 0.1029 | Replay: 35328
2026-09-12 17:36:33,095 | INFO | Steps: 35840/150000 | Episodes: 70 | CurrentEpReward: 0.000 | RecentReward: 74.435 | QLoss: 0.338223 | ParamLoss: -0.577319 | Epsilon: 0.0895 | Replay: 35840
2026-09-12 17:36:42,764 | INFO | Steps: 36352/150000 | Episodes: 71 | CurrentEpReward: 0.000 | RecentReward: 75.974 | QLoss: 0.327946 | ParamLoss: -0.587695 | Epsilon: 0.0761 | Replay: 36352
2026-09-12 17:36:52,163 | INFO | Steps: 36864/150000 | Episodes: 72 | CurrentEpReward: 0.000 | RecentReward: 78.345 | QLoss: 0.325825 | ParamLoss: -0.609240 | Epsilon: 0.0627 | Replay: 36864
2026-09-12 17:37:01,680 | INFO | Steps: 37376/150000 | Episodes: 73 | CurrentEpReward: 0.000 | RecentReward: 79.677 | QLoss: 0.360965 | ParamLoss: -0.612091 | Epsilon: 0.0493 | Replay: 37376
2026-09-12 17:37:11,204 | INFO | Steps: 37888/150000 | Episodes: 74 | CurrentEpReward: 0.000 | RecentReward: 81.570 | QLoss: 0.340727 | ParamLoss: -0.622474 | Epsilon: 0.0360 | Replay: 37888
2026-09-12 17:37:20,445 | INFO | Steps: 38400/150000 | Episodes: 75 | CurrentEpReward: 0.000 | RecentReward: 82.522 | QLoss: 0.347585 | ParamLoss: -0.641334 | Epsilon: 0.0226 | Replay: 38400
2026-09-12 17:37:29,756 | INFO | Steps: 38912/150000 | Episodes: 76 | CurrentEpReward: 0.000 | RecentReward: 83.096 | QLoss: 0.334417 | ParamLoss: -0.653579 | Epsilon: 0.0200 | Replay: 38912
2026-09-12 17:37:39,064 | INFO | Steps: 39424/150000 | Episodes: 77 | CurrentEpReward: 0.000 | RecentReward: 84.946 | QLoss: 0.368580 | ParamLoss: -0.669317 | Epsilon: 0.0200 | Replay: 39424
2026-09-12 17:37:48,399 | INFO | Steps: 39936/150000 | Episodes: 78 | CurrentEpReward: 0.000 | RecentReward: 86.287 | QLoss: 0.350982 | ParamLoss: -0.672604 | Epsilon: 0.0200 | Replay: 39936
2026-09-12 17:37:57,873 | INFO | Steps: 40448/150000 | Episodes: 79 | CurrentEpReward: 0.000 | RecentReward: 87.006 | QLoss: 0.378560 | ParamLoss: -0.679213 | Epsilon: 0.0200 | Replay: 40448
2026-09-12 17:38:07,282 | INFO | Steps: 40960/150000 | Episodes: 80 | CurrentEpReward: 0.000 | RecentReward: 87.793 | QLoss: 0.372759 | ParamLoss: -0.679014 | Epsilon: 0.0200 | Replay: 40960
2026-09-12 17:38:16,782 | INFO | Steps: 41472/150000 | Episodes: 81 | CurrentEpReward: 0.000 | RecentReward: 88.347 | QLoss: 0.355833 | ParamLoss: -0.694861 | Epsilon: 0.0200 | Replay: 41472
2026-09-12 17:38:26,119 | INFO | Steps: 41984/150000 | Episodes: 82 | CurrentEpReward: 0.000 | RecentReward: 88.373 | QLoss: 0.368627 | ParamLoss: -0.699755 | Epsilon: 0.0200 | Replay: 41984
2026-09-12 17:38:35,637 | INFO | Steps: 42496/150000 | Episodes: 83 | CurrentEpReward: 0.000 | RecentReward: 88.841 | QLoss: 0.340206 | ParamLoss: -0.701988 | Epsilon: 0.0200 | Replay: 42496
2026-09-12 17:38:45,177 | INFO | Steps: 43008/150000 | Episodes: 84 | CurrentEpReward: 0.000 | RecentReward: 89.149 | QLoss: 0.428109 | ParamLoss: -0.714184 | Epsilon: 0.0200 | Replay: 43008
2026-09-12 17:38:54,894 | INFO | Steps: 43520/150000 | Episodes: 85 | CurrentEpReward: 0.000 | RecentReward: 90.599 | QLoss: 0.408525 | ParamLoss: -0.726243 | Epsilon: 0.0200 | Replay: 43520
2026-09-12 17:39:04,540 | INFO | Steps: 44032/150000 | Episodes: 86 | CurrentEpReward: 0.000 | RecentReward: 91.670 | QLoss: 0.375501 | ParamLoss: -0.735571 | Epsilon: 0.0200 | Replay: 44032
2026-09-12 17:39:13,969 | INFO | Steps: 44544/150000 | Episodes: 87 | CurrentEpReward: 0.000 | RecentReward: 91.952 | QLoss: 0.383634 | ParamLoss: -0.751793 | Epsilon: 0.0200 | Replay: 44544
2026-09-12 17:39:23,547 | INFO | Steps: 45056/150000 | Episodes: 88 | CurrentEpReward: 0.000 | RecentReward: 92.135 | QLoss: 0.428897 | ParamLoss: -0.764490 | Epsilon: 0.0200 | Replay: 45056
2026-09-12 17:39:32,930 | INFO | Steps: 45568/150000 | Episodes: 89 | CurrentEpReward: 0.000 | RecentReward: 92.456 | QLoss: 0.432567 | ParamLoss: -0.776973 | Epsilon: 0.0200 | Replay: 45568
2026-09-12 17:39:42,472 | INFO | Steps: 46080/150000 | Episodes: 90 | CurrentEpReward: 0.000 | RecentReward: 92.899 | QLoss: 0.397012 | ParamLoss: -0.782895 | Epsilon: 0.0200 | Replay: 46080
2026-09-12 17:39:51,876 | INFO | Steps: 46592/150000 | Episodes: 91 | CurrentEpReward: 0.000 | RecentReward: 91.901 | QLoss: 0.423385 | ParamLoss: -0.798286 | Epsilon: 0.0200 | Replay: 46592
2026-09-12 17:40:01,332 | INFO | Steps: 47104/150000 | Episodes: 92 | CurrentEpReward: 0.000 | RecentReward: 92.191 | QLoss: 0.427591 | ParamLoss: -0.799431 | Epsilon: 0.0200 | Replay: 47104
2026-09-12 17:40:10,895 | INFO | Steps: 47616/150000 | Episodes: 93 | CurrentEpReward: 0.000 | RecentReward: 92.815 | QLoss: 0.431322 | ParamLoss: -0.806096 | Epsilon: 0.0200 | Replay: 47616
2026-09-12 17:40:20,296 | INFO | Steps: 48128/150000 | Episodes: 94 | CurrentEpReward: 0.000 | RecentReward: 91.943 | QLoss: 0.445487 | ParamLoss: -0.808342 | Epsilon: 0.0200 | Replay: 48128
2026-09-12 17:40:29,777 | INFO | Steps: 48640/150000 | Episodes: 95 | CurrentEpReward: 0.000 | RecentReward: 91.126 | QLoss: 0.444872 | ParamLoss: -0.809136 | Epsilon: 0.0200 | Replay: 48640
2026-09-12 17:40:39,319 | INFO | Steps: 49152/150000 | Episodes: 96 | CurrentEpReward: 0.000 | RecentReward: 90.957 | QLoss: 0.394081 | ParamLoss: -0.809734 | Epsilon: 0.0200 | Replay: 49152
2026-09-12 17:40:48,826 | INFO | Steps: 49664/150000 | Episodes: 97 | CurrentEpReward: 0.000 | RecentReward: 90.290 | QLoss: 0.412325 | ParamLoss: -0.809942 | Epsilon: 0.0200 | Replay: 49664
2026-09-12 17:41:14,929 | INFO | 新的最佳模型 (reward): 92.543，保存至 /home/pjpjq/LEO_switch/results/multiseed_0907/seed44/u20/learned_baselines/pdqn/best_model.pt
2026-09-12 17:41:14,933 | INFO | 周期权重已保存: /home/pjpjq/LEO_switch/results/multiseed_0907/seed44/u20/learned_baselines/pdqn/checkpoint_50000.pt
2026-09-12 17:41:18,209 | INFO | Steps: 50176/150000 | Episodes: 98 | CurrentEpReward: 0.000 | RecentReward: 90.626 | QLoss: 0.383305 | ParamLoss: -0.826412 | Epsilon: 0.0200 | Replay: 50000
2026-09-12 17:41:27,759 | INFO | Steps: 50688/150000 | Episodes: 99 | CurrentEpReward: 0.000 | RecentReward: 91.679 | QLoss: 0.407679 | ParamLoss: -0.830348 | Epsilon: 0.0200 | Replay: 50000
2026-09-12 17:41:37,204 | INFO | Steps: 51200/150000 | Episodes: 100 | CurrentEpReward: 0.000 | RecentReward: 90.855 | QLoss: 0.455079 | ParamLoss: -0.846433 | Epsilon: 0.0200 | Replay: 50000
2026-09-12 17:41:46,817 | INFO | Steps: 51712/150000 | Episodes: 101 | CurrentEpReward: 0.000 | RecentReward: 92.167 | QLoss: 0.424326 | ParamLoss: -0.841065 | Epsilon: 0.0200 | Replay: 50000
2026-09-12 17:41:56,454 | INFO | Steps: 52224/150000 | Episodes: 102 | CurrentEpReward: 0.000 | RecentReward: 92.609 | QLoss: 0.384064 | ParamLoss: -0.864484 | Epsilon: 0.0200 | Replay: 50000
2026-09-12 17:42:06,044 | INFO | Steps: 52736/150000 | Episodes: 103 | CurrentEpReward: 0.000 | RecentReward: 92.887 | QLoss: 0.425009 | ParamLoss: -0.869891 | Epsilon: 0.0200 | Replay: 50000
2026-09-12 17:42:15,615 | INFO | Steps: 53248/150000 | Episodes: 104 | CurrentEpReward: 0.000 | RecentReward: 94.416 | QLoss: 0.408217 | ParamLoss: -0.875265 | Epsilon: 0.0200 | Replay: 50000
2026-09-12 17:42:25,214 | INFO | Steps: 53760/150000 | Episodes: 105 | CurrentEpReward: 0.000 | RecentReward: 94.803 | QLoss: 0.373964 | ParamLoss: -0.889459 | Epsilon: 0.0200 | Replay: 50000
2026-09-12 17:42:34,737 | INFO | Steps: 54272/150000 | Episodes: 106 | CurrentEpReward: 0.000 | RecentReward: 94.183 | QLoss: 0.469737 | ParamLoss: -0.895616 | Epsilon: 0.0200 | Replay: 50000
2026-09-12 17:42:44,546 | INFO | Steps: 54784/150000 | Episodes: 107 | CurrentEpReward: 0.000 | RecentReward: 94.653 | QLoss: 0.438526 | ParamLoss: -0.900238 | Epsilon: 0.0200 | Replay: 50000
2026-09-12 17:42:54,328 | INFO | Steps: 55296/150000 | Episodes: 108 | CurrentEpReward: 0.000 | RecentReward: 94.517 | QLoss: 0.418916 | ParamLoss: -0.901307 | Epsilon: 0.0200 | Replay: 50000
2026-09-12 17:43:04,009 | INFO | Steps: 55808/150000 | Episodes: 109 | CurrentEpReward: 0.000 | RecentReward: 94.000 | QLoss: 0.449802 | ParamLoss: -0.903809 | Epsilon: 0.0200 | Replay: 50000
2026-09-12 17:43:13,733 | INFO | Steps: 56320/150000 | Episodes: 110 | CurrentEpReward: 0.000 | RecentReward: 94.855 | QLoss: 0.457789 | ParamLoss: -0.919383 | Epsilon: 0.0200 | Replay: 50000
2026-09-12 17:43:23,406 | INFO | Steps: 56832/150000 | Episodes: 111 | CurrentEpReward: 0.000 | RecentReward: 94.057 | QLoss: 0.410839 | ParamLoss: -0.926412 | Epsilon: 0.0200 | Replay: 50000
2026-09-12 17:43:33,138 | INFO | Steps: 57344/150000 | Episodes: 112 | CurrentEpReward: 0.000 | RecentReward: 94.054 | QLoss: 0.397951 | ParamLoss: -0.938863 | Epsilon: 0.0200 | Replay: 50000
2026-09-12 17:43:42,886 | INFO | Steps: 57856/150000 | Episodes: 113 | CurrentEpReward: 0.000 | RecentReward: 92.989 | QLoss: 0.450840 | ParamLoss: -0.934114 | Epsilon: 0.0200 | Replay: 50000
2026-09-12 17:43:52,574 | INFO | Steps: 58368/150000 | Episodes: 114 | CurrentEpReward: 0.000 | RecentReward: 92.947 | QLoss: 0.420875 | ParamLoss: -0.937707 | Epsilon: 0.0200 | Replay: 50000
2026-09-12 17:44:02,113 | INFO | Steps: 58880/150000 | Episodes: 115 | CurrentEpReward: 0.000 | RecentReward: 92.926 | QLoss: 0.408582 | ParamLoss: -0.947930 | Epsilon: 0.0200 | Replay: 50000
2026-09-12 17:44:11,700 | INFO | Steps: 59392/150000 | Episodes: 116 | CurrentEpReward: 0.000 | RecentReward: 94.539 | QLoss: 0.474505 | ParamLoss: -0.959776 | Epsilon: 0.0200 | Replay: 50000
2026-09-12 17:44:21,205 | INFO | Steps: 59904/150000 | Episodes: 117 | CurrentEpReward: 0.000 | RecentReward: 93.937 | QLoss: 0.458922 | ParamLoss: -0.975447 | Epsilon: 0.0200 | Replay: 50000
2026-09-12 17:44:30,875 | INFO | Steps: 60416/150000 | Episodes: 118 | CurrentEpReward: 0.000 | RecentReward: 93.306 | QLoss: 0.462337 | ParamLoss: -0.976838 | Epsilon: 0.0200 | Replay: 50000
2026-09-12 17:44:40,532 | INFO | Steps: 60928/150000 | Episodes: 119 | CurrentEpReward: 0.000 | RecentReward: 93.824 | QLoss: 0.422312 | ParamLoss: -0.983201 | Epsilon: 0.0200 | Replay: 50000
2026-09-12 17:44:49,986 | INFO | Steps: 61440/150000 | Episodes: 120 | CurrentEpReward: 0.000 | RecentReward: 93.968 | QLoss: 0.495965 | ParamLoss: -0.990504 | Epsilon: 0.0200 | Replay: 50000
2026-09-12 17:44:59,483 | INFO | Steps: 61952/150000 | Episodes: 121 | CurrentEpReward: 0.000 | RecentReward: 93.834 | QLoss: 0.485335 | ParamLoss: -0.992328 | Epsilon: 0.0200 | Replay: 50000
2026-09-12 17:45:09,151 | INFO | Steps: 62464/150000 | Episodes: 122 | CurrentEpReward: 0.000 | RecentReward: 93.580 | QLoss: 0.454234 | ParamLoss: -1.005003 | Epsilon: 0.0200 | Replay: 50000
2026-09-12 17:45:18,820 | INFO | Steps: 62976/150000 | Episodes: 123 | CurrentEpReward: 0.000 | RecentReward: 94.280 | QLoss: 0.465022 | ParamLoss: -1.018865 | Epsilon: 0.0200 | Replay: 50000
2026-09-12 17:45:28,268 | INFO | Steps: 63488/150000 | Episodes: 124 | CurrentEpReward: 0.000 | RecentReward: 94.239 | QLoss: 0.413411 | ParamLoss: -1.015108 | Epsilon: 0.0200 | Replay: 50000
2026-09-12 17:45:37,699 | INFO | Steps: 64000/150000 | Episodes: 125 | CurrentEpReward: 0.000 | RecentReward: 93.560 | QLoss: 0.415605 | ParamLoss: -1.015053 | Epsilon: 0.0200 | Replay: 50000
2026-09-12 17:45:47,088 | INFO | Steps: 64512/150000 | Episodes: 126 | CurrentEpReward: 0.000 | RecentReward: 91.718 | QLoss: 0.522606 | ParamLoss: -1.020815 | Epsilon: 0.0200 | Replay: 50000
2026-09-12 17:45:56,568 | INFO | Steps: 65024/150000 | Episodes: 127 | CurrentEpReward: 0.000 | RecentReward: 91.843 | QLoss: 0.428797 | ParamLoss: -1.025848 | Epsilon: 0.0200 | Replay: 50000
2026-09-12 17:46:06,222 | INFO | Steps: 65536/150000 | Episodes: 128 | CurrentEpReward: 0.000 | RecentReward: 92.606 | QLoss: 0.400829 | ParamLoss: -1.037530 | Epsilon: 0.0200 | Replay: 50000
2026-09-12 17:46:15,706 | INFO | Steps: 66048/150000 | Episodes: 129 | CurrentEpReward: 0.000 | RecentReward: 91.536 | QLoss: 0.416661 | ParamLoss: -1.037098 | Epsilon: 0.0200 | Replay: 50000
2026-09-12 17:46:25,097 | INFO | Steps: 66560/150000 | Episodes: 130 | CurrentEpReward: 0.000 | RecentReward: 90.695 | QLoss: 0.406564 | ParamLoss: -1.044814 | Epsilon: 0.0200 | Replay: 50000
2026-09-12 17:46:34,464 | INFO | Steps: 67072/150000 | Episodes: 131 | CurrentEpReward: 0.000 | RecentReward: 90.319 | QLoss: 0.439417 | ParamLoss: -1.053700 | Epsilon: 0.0200 | Replay: 50000
2026-09-12 17:46:43,836 | INFO | Steps: 67584/150000 | Episodes: 132 | CurrentEpReward: 0.000 | RecentReward: 89.544 | QLoss: 0.554330 | ParamLoss: -1.057332 | Epsilon: 0.0200 | Replay: 50000
2026-09-12 17:46:53,435 | INFO | Steps: 68096/150000 | Episodes: 133 | CurrentEpReward: 0.000 | RecentReward: 89.819 | QLoss: 0.435518 | ParamLoss: -1.063848 | Epsilon: 0.0200 | Replay: 50000
2026-09-12 17:47:03,061 | INFO | Steps: 68608/150000 | Episodes: 134 | CurrentEpReward: 0.000 | RecentReward: 90.209 | QLoss: 0.402855 | ParamLoss: -1.079610 | Epsilon: 0.0200 | Replay: 50000
2026-09-12 17:47:12,540 | INFO | Steps: 69120/150000 | Episodes: 135 | CurrentEpReward: 0.000 | RecentReward: 90.789 | QLoss: 0.511643 | ParamLoss: -1.090358 | Epsilon: 0.0200 | Replay: 50000
2026-09-12 17:47:22,102 | INFO | Steps: 69632/150000 | Episodes: 136 | CurrentEpReward: 0.000 | RecentReward: 91.391 | QLoss: 0.593155 | ParamLoss: -1.093266 | Epsilon: 0.0200 | Replay: 50000
2026-09-12 17:47:31,783 | INFO | Steps: 70144/150000 | Episodes: 137 | CurrentEpReward: 0.000 | RecentReward: 91.886 | QLoss: 0.509473 | ParamLoss: -1.089382 | Epsilon: 0.0200 | Replay: 50000
2026-09-12 17:47:41,379 | INFO | Steps: 70656/150000 | Episodes: 138 | CurrentEpReward: 0.000 | RecentReward: 92.062 | QLoss: 0.439454 | ParamLoss: -1.103369 | Epsilon: 0.0200 | Replay: 50000
2026-09-12 17:47:50,964 | INFO | Steps: 71168/150000 | Episodes: 139 | CurrentEpReward: 0.000 | RecentReward: 91.516 | QLoss: 0.546475 | ParamLoss: -1.116517 | Epsilon: 0.0200 | Replay: 50000
2026-09-12 17:48:00,720 | INFO | Steps: 71680/150000 | Episodes: 140 | CurrentEpReward: 0.000 | RecentReward: 92.172 | QLoss: 0.598688 | ParamLoss: -1.131169 | Epsilon: 0.0200 | Replay: 50000
2026-09-12 17:48:10,490 | INFO | Steps: 72192/150000 | Episodes: 141 | CurrentEpReward: 0.000 | RecentReward: 93.678 | QLoss: 0.531777 | ParamLoss: -1.134837 | Epsilon: 0.0200 | Replay: 50000
2026-09-12 17:48:20,096 | INFO | Steps: 72704/150000 | Episodes: 142 | CurrentEpReward: 0.000 | RecentReward: 95.572 | QLoss: 0.556031 | ParamLoss: -1.154865 | Epsilon: 0.0200 | Replay: 50000
2026-09-12 17:48:29,642 | INFO | Steps: 73216/150000 | Episodes: 143 | CurrentEpReward: 0.000 | RecentReward: 95.472 | QLoss: 0.552570 | ParamLoss: -1.163326 | Epsilon: 0.0200 | Replay: 50000
2026-09-12 17:48:39,325 | INFO | Steps: 73728/150000 | Episodes: 144 | CurrentEpReward: 0.000 | RecentReward: 94.893 | QLoss: 0.431546 | ParamLoss: -1.170556 | Epsilon: 0.0200 | Replay: 50000
2026-09-12 17:48:48,854 | INFO | Steps: 74240/150000 | Episodes: 145 | CurrentEpReward: 0.000 | RecentReward: 94.725 | QLoss: 0.530384 | ParamLoss: -1.175618 | Epsilon: 0.0200 | Replay: 50000
2026-09-12 17:48:58,313 | INFO | Steps: 74752/150000 | Episodes: 146 | CurrentEpReward: 0.000 | RecentReward: 94.287 | QLoss: 0.516299 | ParamLoss: -1.179476 | Epsilon: 0.0200 | Replay: 50000
2026-09-12 17:49:07,963 | INFO | Steps: 75264/150000 | Episodes: 147 | CurrentEpReward: 0.000 | RecentReward: 94.175 | QLoss: 0.487014 | ParamLoss: -1.179405 | Epsilon: 0.0200 | Replay: 50000
2026-09-12 17:49:17,616 | INFO | Steps: 75776/150000 | Episodes: 148 | CurrentEpReward: 0.000 | RecentReward: 92.679 | QLoss: 0.474242 | ParamLoss: -1.197416 | Epsilon: 0.0200 | Replay: 50000
2026-09-12 17:49:27,324 | INFO | Steps: 76288/150000 | Episodes: 149 | CurrentEpReward: 0.000 | RecentReward: 93.868 | QLoss: 0.446453 | ParamLoss: -1.206605 | Epsilon: 0.0200 | Replay: 50000
2026-09-12 17:49:36,908 | INFO | Steps: 76800/150000 | Episodes: 150 | CurrentEpReward: 0.000 | RecentReward: 93.732 | QLoss: 0.565276 | ParamLoss: -1.208504 | Epsilon: 0.0200 | Replay: 50000
2026-09-12 17:49:46,506 | INFO | Steps: 77312/150000 | Episodes: 151 | CurrentEpReward: 0.000 | RecentReward: 92.371 | QLoss: 0.627152 | ParamLoss: -1.200323 | Epsilon: 0.0200 | Replay: 50000
2026-09-12 17:49:56,130 | INFO | Steps: 77824/150000 | Episodes: 152 | CurrentEpReward: 0.000 | RecentReward: 91.950 | QLoss: 0.604017 | ParamLoss: -1.224888 | Epsilon: 0.0200 | Replay: 50000
2026-09-12 17:50:05,652 | INFO | Steps: 78336/150000 | Episodes: 153 | CurrentEpReward: 0.000 | RecentReward: 91.587 | QLoss: 0.570512 | ParamLoss: -1.234435 | Epsilon: 0.0200 | Replay: 50000
2026-09-12 17:50:15,093 | INFO | Steps: 78848/150000 | Episodes: 154 | CurrentEpReward: 0.000 | RecentReward: 91.308 | QLoss: 0.508693 | ParamLoss: -1.224402 | Epsilon: 0.0200 | Replay: 50000
2026-09-12 17:50:24,596 | INFO | Steps: 79360/150000 | Episodes: 155 | CurrentEpReward: 0.000 | RecentReward: 91.510 | QLoss: 0.627367 | ParamLoss: -1.228437 | Epsilon: 0.0200 | Replay: 50000
2026-09-12 17:50:34,124 | INFO | Steps: 79872/150000 | Episodes: 156 | CurrentEpReward: 0.000 | RecentReward: 92.700 | QLoss: 0.693426 | ParamLoss: -1.241418 | Epsilon: 0.0200 | Replay: 50000
2026-09-12 17:50:43,732 | INFO | Steps: 80384/150000 | Episodes: 157 | CurrentEpReward: 0.000 | RecentReward: 93.035 | QLoss: 0.582249 | ParamLoss: -1.251696 | Epsilon: 0.0200 | Replay: 50000
2026-09-12 17:50:53,291 | INFO | Steps: 80896/150000 | Episodes: 158 | CurrentEpReward: 0.000 | RecentReward: 93.585 | QLoss: 0.686632 | ParamLoss: -1.265831 | Epsilon: 0.0200 | Replay: 50000
2026-09-12 17:51:02,920 | INFO | Steps: 81408/150000 | Episodes: 159 | CurrentEpReward: 0.000 | RecentReward: 93.126 | QLoss: 0.706271 | ParamLoss: -1.257659 | Epsilon: 0.0200 | Replay: 50000
2026-09-12 17:51:12,631 | INFO | Steps: 81920/150000 | Episodes: 160 | CurrentEpReward: 0.000 | RecentReward: 93.660 | QLoss: 0.568706 | ParamLoss: -1.276300 | Epsilon: 0.0200 | Replay: 50000
2026-09-12 17:51:22,211 | INFO | Steps: 82432/150000 | Episodes: 161 | CurrentEpReward: 0.000 | RecentReward: 93.693 | QLoss: 0.768978 | ParamLoss: -1.271380 | Epsilon: 0.0200 | Replay: 50000
2026-09-12 17:51:31,935 | INFO | Steps: 82944/150000 | Episodes: 162 | CurrentEpReward: 0.000 | RecentReward: 93.794 | QLoss: 0.641379 | ParamLoss: -1.270551 | Epsilon: 0.0200 | Replay: 50000
2026-09-12 17:51:41,709 | INFO | Steps: 83456/150000 | Episodes: 163 | CurrentEpReward: 0.000 | RecentReward: 93.845 | QLoss: 0.464395 | ParamLoss: -1.270628 | Epsilon: 0.0200 | Replay: 50000
2026-09-12 17:51:51,503 | INFO | Steps: 83968/150000 | Episodes: 164 | CurrentEpReward: 0.000 | RecentReward: 94.839 | QLoss: 0.514856 | ParamLoss: -1.280139 | Epsilon: 0.0200 | Replay: 50000
2026-09-12 17:52:01,137 | INFO | Steps: 84480/150000 | Episodes: 165 | CurrentEpReward: 0.000 | RecentReward: 93.895 | QLoss: 0.583417 | ParamLoss: -1.276768 | Epsilon: 0.0200 | Replay: 50000
2026-09-12 17:52:10,831 | INFO | Steps: 84992/150000 | Episodes: 166 | CurrentEpReward: 0.000 | RecentReward: 93.964 | QLoss: 0.654324 | ParamLoss: -1.282179 | Epsilon: 0.0200 | Replay: 50000
2026-09-12 17:52:20,555 | INFO | Steps: 85504/150000 | Episodes: 167 | CurrentEpReward: 0.000 | RecentReward: 93.606 | QLoss: 0.489342 | ParamLoss: -1.291413 | Epsilon: 0.0200 | Replay: 50000
2026-09-12 17:52:30,040 | INFO | Steps: 86016/150000 | Episodes: 168 | CurrentEpReward: 0.000 | RecentReward: 92.860 | QLoss: 0.730005 | ParamLoss: -1.303600 | Epsilon: 0.0200 | Replay: 50000
2026-09-12 17:52:39,757 | INFO | Steps: 86528/150000 | Episodes: 169 | CurrentEpReward: 0.000 | RecentReward: 93.280 | QLoss: 0.491671 | ParamLoss: -1.309396 | Epsilon: 0.0200 | Replay: 50000
2026-09-12 17:52:49,250 | INFO | Steps: 87040/150000 | Episodes: 170 | CurrentEpReward: 0.000 | RecentReward: 93.598 | QLoss: 0.484123 | ParamLoss: -1.313639 | Epsilon: 0.0200 | Replay: 50000
2026-09-12 17:52:58,777 | INFO | Steps: 87552/150000 | Episodes: 171 | CurrentEpReward: 0.000 | RecentReward: 94.226 | QLoss: 0.588378 | ParamLoss: -1.318958 | Epsilon: 0.0200 | Replay: 50000
2026-09-12 17:53:08,382 | INFO | Steps: 88064/150000 | Episodes: 172 | CurrentEpReward: 0.000 | RecentReward: 94.162 | QLoss: 0.665880 | ParamLoss: -1.326214 | Epsilon: 0.0200 | Replay: 50000
2026-09-12 17:53:18,028 | INFO | Steps: 88576/150000 | Episodes: 173 | CurrentEpReward: 0.000 | RecentReward: 94.752 | QLoss: 0.666888 | ParamLoss: -1.332091 | Epsilon: 0.0200 | Replay: 50000
2026-09-12 17:53:27,713 | INFO | Steps: 89088/150000 | Episodes: 174 | CurrentEpReward: 0.000 | RecentReward: 94.698 | QLoss: 0.784587 | ParamLoss: -1.343332 | Epsilon: 0.0200 | Replay: 50000
2026-09-12 17:53:37,254 | INFO | Steps: 89600/150000 | Episodes: 175 | CurrentEpReward: 0.000 | RecentReward: 95.032 | QLoss: 0.707440 | ParamLoss: -1.345001 | Epsilon: 0.0200 | Replay: 50000
2026-09-12 17:53:46,899 | INFO | Steps: 90112/150000 | Episodes: 176 | CurrentEpReward: 0.000 | RecentReward: 94.446 | QLoss: 0.719575 | ParamLoss: -1.345598 | Epsilon: 0.0200 | Replay: 50000
2026-09-12 17:53:56,540 | INFO | Steps: 90624/150000 | Episodes: 177 | CurrentEpReward: 0.000 | RecentReward: 94.603 | QLoss: 0.926292 | ParamLoss: -1.363466 | Epsilon: 0.0200 | Replay: 50000
2026-09-12 17:54:06,155 | INFO | Steps: 91136/150000 | Episodes: 178 | CurrentEpReward: 0.000 | RecentReward: 96.152 | QLoss: 0.881581 | ParamLoss: -1.374175 | Epsilon: 0.0200 | Replay: 50000
2026-09-12 17:54:15,794 | INFO | Steps: 91648/150000 | Episodes: 179 | CurrentEpReward: 0.000 | RecentReward: 96.161 | QLoss: 0.847944 | ParamLoss: -1.382096 | Epsilon: 0.0200 | Replay: 50000
2026-09-12 17:54:25,443 | INFO | Steps: 92160/150000 | Episodes: 180 | CurrentEpReward: 0.000 | RecentReward: 95.560 | QLoss: 0.872223 | ParamLoss: -1.383522 | Epsilon: 0.0200 | Replay: 50000
2026-09-12 17:54:34,995 | INFO | Steps: 92672/150000 | Episodes: 181 | CurrentEpReward: 0.000 | RecentReward: 96.437 | QLoss: 0.750785 | ParamLoss: -1.378441 | Epsilon: 0.0200 | Replay: 50000
2026-09-12 17:54:44,499 | INFO | Steps: 93184/150000 | Episodes: 182 | CurrentEpReward: 0.000 | RecentReward: 96.295 | QLoss: 0.592269 | ParamLoss: -1.373989 | Epsilon: 0.0200 | Replay: 50000
2026-09-12 17:54:54,101 | INFO | Steps: 93696/150000 | Episodes: 183 | CurrentEpReward: 0.000 | RecentReward: 95.693 | QLoss: 0.555027 | ParamLoss: -1.381121 | Epsilon: 0.0200 | Replay: 50000
2026-09-12 17:55:03,751 | INFO | Steps: 94208/150000 | Episodes: 184 | CurrentEpReward: 0.000 | RecentReward: 94.315 | QLoss: 0.800299 | ParamLoss: -1.372135 | Epsilon: 0.0200 | Replay: 50000
2026-09-12 17:55:13,388 | INFO | Steps: 94720/150000 | Episodes: 185 | CurrentEpReward: 0.000 | RecentReward: 95.144 | QLoss: 0.744178 | ParamLoss: -1.383845 | Epsilon: 0.0200 | Replay: 50000
2026-09-12 17:55:22,913 | INFO | Steps: 95232/150000 | Episodes: 186 | CurrentEpReward: 0.000 | RecentReward: 95.357 | QLoss: 0.726055 | ParamLoss: -1.404130 | Epsilon: 0.0200 | Replay: 50000
2026-09-12 17:55:32,394 | INFO | Steps: 95744/150000 | Episodes: 187 | CurrentEpReward: 0.000 | RecentReward: 95.711 | QLoss: 0.813549 | ParamLoss: -1.415834 | Epsilon: 0.0200 | Replay: 50000
2026-09-12 17:55:42,205 | INFO | Steps: 96256/150000 | Episodes: 188 | CurrentEpReward: 0.000 | RecentReward: 95.781 | QLoss: 0.732074 | ParamLoss: -1.426069 | Epsilon: 0.0200 | Replay: 50000
2026-09-12 17:55:51,817 | INFO | Steps: 96768/150000 | Episodes: 189 | CurrentEpReward: 0.000 | RecentReward: 95.526 | QLoss: 0.635255 | ParamLoss: -1.438762 | Epsilon: 0.0200 | Replay: 50000
2026-09-12 17:56:01,384 | INFO | Steps: 97280/150000 | Episodes: 190 | CurrentEpReward: 0.000 | RecentReward: 95.407 | QLoss: 0.712639 | ParamLoss: -1.429156 | Epsilon: 0.0200 | Replay: 50000
2026-09-12 17:56:11,082 | INFO | Steps: 97792/150000 | Episodes: 191 | CurrentEpReward: 0.000 | RecentReward: 94.767 | QLoss: 0.712102 | ParamLoss: -1.447279 | Epsilon: 0.0200 | Replay: 50000
2026-09-12 17:56:20,761 | INFO | Steps: 98304/150000 | Episodes: 192 | CurrentEpReward: 0.000 | RecentReward: 93.705 | QLoss: 0.702435 | ParamLoss: -1.451519 | Epsilon: 0.0200 | Replay: 50000
2026-09-12 17:56:30,402 | INFO | Steps: 98816/150000 | Episodes: 193 | CurrentEpReward: 0.000 | RecentReward: 93.701 | QLoss: 0.828543 | ParamLoss: -1.459346 | Epsilon: 0.0200 | Replay: 50000
2026-09-12 17:56:39,916 | INFO | Steps: 99328/150000 | Episodes: 194 | CurrentEpReward: 0.000 | RecentReward: 93.991 | QLoss: 0.677149 | ParamLoss: -1.441544 | Epsilon: 0.0200 | Replay: 50000
2026-09-12 17:56:49,488 | INFO | Steps: 99840/150000 | Episodes: 195 | CurrentEpReward: 0.000 | RecentReward: 92.991 | QLoss: 0.844836 | ParamLoss: -1.433787 | Epsilon: 0.0200 | Replay: 50000
2026-09-12 17:57:12,401 | INFO | 新的最佳模型 (reward): 98.416，保存至 /home/pjpjq/LEO_switch/results/multiseed_0907/seed44/u20/learned_baselines/pdqn/best_model.pt
2026-09-12 17:57:12,408 | INFO | 周期权重已保存: /home/pjpjq/LEO_switch/results/multiseed_0907/seed44/u20/learned_baselines/pdqn/checkpoint_100000.pt
2026-09-12 17:57:19,049 | INFO | Steps: 100352/150000 | Episodes: 196 | CurrentEpReward: 0.000 | RecentReward: 93.263 | QLoss: 0.691458 | ParamLoss: -1.437413 | Epsilon: 0.0200 | Replay: 50000
2026-09-12 17:57:28,600 | INFO | Steps: 100864/150000 | Episodes: 197 | CurrentEpReward: 0.000 | RecentReward: 92.121 | QLoss: 0.902818 | ParamLoss: -1.435742 | Epsilon: 0.0200 | Replay: 50000
2026-09-12 17:57:38,250 | INFO | Steps: 101376/150000 | Episodes: 198 | CurrentEpReward: 0.000 | RecentReward: 92.270 | QLoss: 0.656155 | ParamLoss: -1.443674 | Epsilon: 0.0200 | Replay: 50000
2026-09-12 17:57:47,880 | INFO | Steps: 101888/150000 | Episodes: 199 | CurrentEpReward: 0.000 | RecentReward: 92.126 | QLoss: 0.542086 | ParamLoss: -1.435770 | Epsilon: 0.0200 | Replay: 50000
2026-09-12 17:57:57,348 | INFO | Steps: 102400/150000 | Episodes: 200 | CurrentEpReward: 0.000 | RecentReward: 91.842 | QLoss: 0.907934 | ParamLoss: -1.433896 | Epsilon: 0.0200 | Replay: 50000
2026-09-12 17:58:06,944 | INFO | Steps: 102912/150000 | Episodes: 201 | CurrentEpReward: 0.000 | RecentReward: 91.110 | QLoss: 0.693878 | ParamLoss: -1.434036 | Epsilon: 0.0200 | Replay: 50000
2026-09-12 17:58:16,626 | INFO | Steps: 103424/150000 | Episodes: 202 | CurrentEpReward: 0.000 | RecentReward: 92.505 | QLoss: 0.653637 | ParamLoss: -1.432295 | Epsilon: 0.0200 | Replay: 50000
2026-09-12 17:58:26,355 | INFO | Steps: 103936/150000 | Episodes: 203 | CurrentEpReward: 0.000 | RecentReward: 91.841 | QLoss: 0.617953 | ParamLoss: -1.429109 | Epsilon: 0.0200 | Replay: 50000
2026-09-12 17:58:35,966 | INFO | Steps: 104448/150000 | Episodes: 204 | CurrentEpReward: 0.000 | RecentReward: 91.974 | QLoss: 0.748035 | ParamLoss: -1.430233 | Epsilon: 0.0200 | Replay: 50000
2026-09-12 17:58:45,803 | INFO | Steps: 104960/150000 | Episodes: 205 | CurrentEpReward: 0.000 | RecentReward: 92.439 | QLoss: 0.853686 | ParamLoss: -1.430840 | Epsilon: 0.0200 | Replay: 50000
2026-09-12 17:58:55,433 | INFO | Steps: 105472/150000 | Episodes: 206 | CurrentEpReward: 0.000 | RecentReward: 91.150 | QLoss: 0.773267 | ParamLoss: -1.425195 | Epsilon: 0.0200 | Replay: 50000
2026-09-12 17:59:05,297 | INFO | Steps: 105984/150000 | Episodes: 207 | CurrentEpReward: 0.000 | RecentReward: 92.470 | QLoss: 0.794395 | ParamLoss: -1.415479 | Epsilon: 0.0200 | Replay: 50000
2026-09-12 17:59:14,979 | INFO | Steps: 106496/150000 | Episodes: 208 | CurrentEpReward: 0.000 | RecentReward: 92.157 | QLoss: 0.541320 | ParamLoss: -1.412832 | Epsilon: 0.0200 | Replay: 50000
2026-09-12 17:59:24,539 | INFO | Steps: 107008/150000 | Episodes: 209 | CurrentEpReward: 0.000 | RecentReward: 92.941 | QLoss: 0.715958 | ParamLoss: -1.404229 | Epsilon: 0.0200 | Replay: 50000
2026-09-12 17:59:34,107 | INFO | Steps: 107520/150000 | Episodes: 210 | CurrentEpReward: 0.000 | RecentReward: 92.599 | QLoss: 0.825930 | ParamLoss: -1.406743 | Epsilon: 0.0200 | Replay: 50000
2026-09-12 17:59:43,743 | INFO | Steps: 108032/150000 | Episodes: 211 | CurrentEpReward: 0.000 | RecentReward: 93.101 | QLoss: 0.921787 | ParamLoss: -1.408768 | Epsilon: 0.0200 | Replay: 50000
2026-09-12 17:59:53,290 | INFO | Steps: 108544/150000 | Episodes: 212 | CurrentEpReward: 0.000 | RecentReward: 92.261 | QLoss: 0.772992 | ParamLoss: -1.416324 | Epsilon: 0.0200 | Replay: 50000
2026-09-12 18:00:02,778 | INFO | Steps: 109056/150000 | Episodes: 213 | CurrentEpReward: 0.000 | RecentReward: 92.614 | QLoss: 0.750727 | ParamLoss: -1.410810 | Epsilon: 0.0200 | Replay: 50000
2026-09-12 18:00:12,149 | INFO | Steps: 109568/150000 | Episodes: 214 | CurrentEpReward: 0.000 | RecentReward: 92.603 | QLoss: 0.809981 | ParamLoss: -1.407907 | Epsilon: 0.0200 | Replay: 50000
2026-09-12 18:00:21,681 | INFO | Steps: 110080/150000 | Episodes: 215 | CurrentEpReward: 0.000 | RecentReward: 92.841 | QLoss: 0.801224 | ParamLoss: -1.419006 | Epsilon: 0.0200 | Replay: 50000
2026-09-12 18:00:31,259 | INFO | Steps: 110592/150000 | Episodes: 216 | CurrentEpReward: 0.000 | RecentReward: 93.368 | QLoss: 0.612144 | ParamLoss: -1.426327 | Epsilon: 0.0200 | Replay: 50000
2026-09-12 18:00:40,836 | INFO | Steps: 111104/150000 | Episodes: 217 | CurrentEpReward: 0.000 | RecentReward: 93.086 | QLoss: 0.575457 | ParamLoss: -1.441871 | Epsilon: 0.0200 | Replay: 50000
2026-09-12 18:00:50,266 | INFO | Steps: 111616/150000 | Episodes: 218 | CurrentEpReward: 0.000 | RecentReward: 92.340 | QLoss: 0.694192 | ParamLoss: -1.441719 | Epsilon: 0.0200 | Replay: 50000
2026-09-12 18:00:59,716 | INFO | Steps: 112128/150000 | Episodes: 219 | CurrentEpReward: 0.000 | RecentReward: 91.284 | QLoss: 0.607057 | ParamLoss: -1.431210 | Epsilon: 0.0200 | Replay: 50000
2026-09-12 18:01:09,279 | INFO | Steps: 112640/150000 | Episodes: 220 | CurrentEpReward: 0.000 | RecentReward: 91.805 | QLoss: 0.780847 | ParamLoss: -1.429326 | Epsilon: 0.0200 | Replay: 50000
2026-09-12 18:01:18,729 | INFO | Steps: 113152/150000 | Episodes: 221 | CurrentEpReward: 0.000 | RecentReward: 91.849 | QLoss: 0.754929 | ParamLoss: -1.433499 | Epsilon: 0.0200 | Replay: 50000
2026-09-12 18:01:28,420 | INFO | Steps: 113664/150000 | Episodes: 222 | CurrentEpReward: 0.000 | RecentReward: 91.988 | QLoss: 0.831442 | ParamLoss: -1.434368 | Epsilon: 0.0200 | Replay: 50000
2026-09-12 18:01:38,140 | INFO | Steps: 114176/150000 | Episodes: 223 | CurrentEpReward: 0.000 | RecentReward: 92.276 | QLoss: 0.737265 | ParamLoss: -1.439888 | Epsilon: 0.0200 | Replay: 50000
2026-09-12 18:01:47,932 | INFO | Steps: 114688/150000 | Episodes: 224 | CurrentEpReward: 0.000 | RecentReward: 93.270 | QLoss: 0.850582 | ParamLoss: -1.451607 | Epsilon: 0.0200 | Replay: 50000
2026-09-12 18:01:57,678 | INFO | Steps: 115200/150000 | Episodes: 225 | CurrentEpReward: 0.000 | RecentReward: 93.383 | QLoss: 0.708364 | ParamLoss: -1.456239 | Epsilon: 0.0200 | Replay: 50000
2026-09-12 18:02:07,413 | INFO | Steps: 115712/150000 | Episodes: 226 | CurrentEpReward: 0.000 | RecentReward: 93.634 | QLoss: 0.797080 | ParamLoss: -1.461603 | Epsilon: 0.0200 | Replay: 50000
2026-09-12 18:02:17,147 | INFO | Steps: 116224/150000 | Episodes: 227 | CurrentEpReward: 0.000 | RecentReward: 93.234 | QLoss: 0.606091 | ParamLoss: -1.451974 | Epsilon: 0.0200 | Replay: 50000
2026-09-12 18:02:26,856 | INFO | Steps: 116736/150000 | Episodes: 228 | CurrentEpReward: 0.000 | RecentReward: 93.833 | QLoss: 0.846870 | ParamLoss: -1.459995 | Epsilon: 0.0200 | Replay: 50000
2026-09-12 18:02:36,701 | INFO | Steps: 117248/150000 | Episodes: 229 | CurrentEpReward: 0.000 | RecentReward: 94.850 | QLoss: 0.749725 | ParamLoss: -1.462375 | Epsilon: 0.0200 | Replay: 50000
2026-09-12 18:02:46,393 | INFO | Steps: 117760/150000 | Episodes: 230 | CurrentEpReward: 0.000 | RecentReward: 94.475 | QLoss: 0.641851 | ParamLoss: -1.468911 | Epsilon: 0.0200 | Replay: 50000
2026-09-12 18:02:55,959 | INFO | Steps: 118272/150000 | Episodes: 231 | CurrentEpReward: 0.000 | RecentReward: 94.530 | QLoss: 0.682215 | ParamLoss: -1.460399 | Epsilon: 0.0200 | Replay: 50000
2026-09-12 18:03:05,563 | INFO | Steps: 118784/150000 | Episodes: 232 | CurrentEpReward: 0.000 | RecentReward: 93.969 | QLoss: 0.800630 | ParamLoss: -1.466673 | Epsilon: 0.0200 | Replay: 50000
2026-09-12 18:03:15,249 | INFO | Steps: 119296/150000 | Episodes: 233 | CurrentEpReward: 0.000 | RecentReward: 93.626 | QLoss: 0.698733 | ParamLoss: -1.468857 | Epsilon: 0.0200 | Replay: 50000
2026-09-12 18:03:25,025 | INFO | Steps: 119808/150000 | Episodes: 234 | CurrentEpReward: 0.000 | RecentReward: 93.799 | QLoss: 0.675952 | ParamLoss: -1.467855 | Epsilon: 0.0200 | Replay: 50000
2026-09-12 18:03:34,535 | INFO | Steps: 120320/150000 | Episodes: 235 | CurrentEpReward: 0.000 | RecentReward: 93.613 | QLoss: 0.858790 | ParamLoss: -1.475314 | Epsilon: 0.0200 | Replay: 50000
2026-09-12 18:03:44,089 | INFO | Steps: 120832/150000 | Episodes: 236 | CurrentEpReward: 0.000 | RecentReward: 93.981 | QLoss: 0.867339 | ParamLoss: -1.492135 | Epsilon: 0.0200 | Replay: 50000
2026-09-12 18:03:53,648 | INFO | Steps: 121344/150000 | Episodes: 237 | CurrentEpReward: 0.000 | RecentReward: 94.382 | QLoss: 0.744758 | ParamLoss: -1.493662 | Epsilon: 0.0200 | Replay: 50000
2026-09-12 18:04:03,115 | INFO | Steps: 121856/150000 | Episodes: 238 | CurrentEpReward: 0.000 | RecentReward: 95.394 | QLoss: 0.744455 | ParamLoss: -1.491614 | Epsilon: 0.0200 | Replay: 50000
2026-09-12 18:04:12,627 | INFO | Steps: 122368/150000 | Episodes: 239 | CurrentEpReward: 0.000 | RecentReward: 94.864 | QLoss: 0.829775 | ParamLoss: -1.476843 | Epsilon: 0.0200 | Replay: 50000
2026-09-12 18:04:22,029 | INFO | Steps: 122880/150000 | Episodes: 240 | CurrentEpReward: 0.000 | RecentReward: 95.143 | QLoss: 0.767698 | ParamLoss: -1.486741 | Epsilon: 0.0200 | Replay: 50000
2026-09-12 18:04:31,442 | INFO | Steps: 123392/150000 | Episodes: 241 | CurrentEpReward: 0.000 | RecentReward: 94.646 | QLoss: 0.734257 | ParamLoss: -1.479925 | Epsilon: 0.0200 | Replay: 50000
2026-09-12 18:04:40,899 | INFO | Steps: 123904/150000 | Episodes: 242 | CurrentEpReward: 0.000 | RecentReward: 96.021 | QLoss: 0.729683 | ParamLoss: -1.470793 | Epsilon: 0.0200 | Replay: 50000
2026-09-12 18:04:50,208 | INFO | Steps: 124416/150000 | Episodes: 243 | CurrentEpReward: 0.000 | RecentReward: 94.483 | QLoss: 0.697318 | ParamLoss: -1.474605 | Epsilon: 0.0200 | Replay: 50000
2026-09-12 18:04:59,760 | INFO | Steps: 124928/150000 | Episodes: 244 | CurrentEpReward: 0.000 | RecentReward: 93.118 | QLoss: 0.804597 | ParamLoss: -1.482628 | Epsilon: 0.0200 | Replay: 50000
2026-09-12 18:05:09,422 | INFO | Steps: 125440/150000 | Episodes: 245 | CurrentEpReward: 0.000 | RecentReward: 93.443 | QLoss: 0.863799 | ParamLoss: -1.473648 | Epsilon: 0.0200 | Replay: 50000
2026-09-12 18:05:18,875 | INFO | Steps: 125952/150000 | Episodes: 246 | CurrentEpReward: 0.000 | RecentReward: 93.271 | QLoss: 0.901644 | ParamLoss: -1.473816 | Epsilon: 0.0200 | Replay: 50000
2026-09-12 18:05:28,459 | INFO | Steps: 126464/150000 | Episodes: 247 | CurrentEpReward: 0.000 | RecentReward: 93.920 | QLoss: 0.643221 | ParamLoss: -1.472294 | Epsilon: 0.0200 | Replay: 50000
2026-09-12 18:05:37,761 | INFO | Steps: 126976/150000 | Episodes: 248 | CurrentEpReward: 0.000 | RecentReward: 92.008 | QLoss: 0.702234 | ParamLoss: -1.462258 | Epsilon: 0.0200 | Replay: 50000
2026-09-12 18:05:47,206 | INFO | Steps: 127488/150000 | Episodes: 249 | CurrentEpReward: 0.000 | RecentReward: 91.853 | QLoss: 0.835289 | ParamLoss: -1.458519 | Epsilon: 0.0200 | Replay: 50000
2026-09-12 18:05:56,648 | INFO | Steps: 128000/150000 | Episodes: 250 | CurrentEpReward: 0.000 | RecentReward: 92.073 | QLoss: 0.789529 | ParamLoss: -1.469122 | Epsilon: 0.0200 | Replay: 50000
2026-09-12 18:06:06,469 | INFO | Steps: 128512/150000 | Episodes: 251 | CurrentEpReward: 0.000 | RecentReward: 92.866 | QLoss: 0.839631 | ParamLoss: -1.479498 | Epsilon: 0.0200 | Replay: 50000
2026-09-12 18:06:15,985 | INFO | Steps: 129024/150000 | Episodes: 252 | CurrentEpReward: 0.000 | RecentReward: 91.968 | QLoss: 0.838544 | ParamLoss: -1.479325 | Epsilon: 0.0200 | Replay: 50000
2026-09-12 18:06:25,773 | INFO | Steps: 129536/150000 | Episodes: 253 | CurrentEpReward: 0.000 | RecentReward: 94.384 | QLoss: 0.779834 | ParamLoss: -1.473909 | Epsilon: 0.0200 | Replay: 50000
2026-09-12 18:06:35,522 | INFO | Steps: 130048/150000 | Episodes: 254 | CurrentEpReward: 0.000 | RecentReward: 94.948 | QLoss: 0.631236 | ParamLoss: -1.467537 | Epsilon: 0.0200 | Replay: 50000
2026-09-12 18:06:45,301 | INFO | Steps: 130560/150000 | Episodes: 255 | CurrentEpReward: 0.000 | RecentReward: 95.592 | QLoss: 0.794284 | ParamLoss: -1.482336 | Epsilon: 0.0200 | Replay: 50000
2026-09-12 18:06:55,024 | INFO | Steps: 131072/150000 | Episodes: 256 | CurrentEpReward: 0.000 | RecentReward: 96.038 | QLoss: 0.727123 | ParamLoss: -1.483349 | Epsilon: 0.0200 | Replay: 50000
2026-09-12 18:07:04,728 | INFO | Steps: 131584/150000 | Episodes: 257 | CurrentEpReward: 0.000 | RecentReward: 95.528 | QLoss: 0.803247 | ParamLoss: -1.483264 | Epsilon: 0.0200 | Replay: 50000
2026-09-12 18:07:14,298 | INFO | Steps: 132096/150000 | Episodes: 258 | CurrentEpReward: 0.000 | RecentReward: 96.172 | QLoss: 0.749453 | ParamLoss: -1.482622 | Epsilon: 0.0200 | Replay: 50000
2026-09-12 18:07:23,908 | INFO | Steps: 132608/150000 | Episodes: 259 | CurrentEpReward: 0.000 | RecentReward: 97.007 | QLoss: 0.971859 | ParamLoss: -1.484436 | Epsilon: 0.0200 | Replay: 50000
2026-09-12 18:07:33,530 | INFO | Steps: 133120/150000 | Episodes: 260 | CurrentEpReward: 0.000 | RecentReward: 97.484 | QLoss: 0.774577 | ParamLoss: -1.482709 | Epsilon: 0.0200 | Replay: 50000
2026-09-12 18:07:43,159 | INFO | Steps: 133632/150000 | Episodes: 261 | CurrentEpReward: 0.000 | RecentReward: 97.143 | QLoss: 0.897889 | ParamLoss: -1.478985 | Epsilon: 0.0200 | Replay: 50000
2026-09-12 18:07:52,839 | INFO | Steps: 134144/150000 | Episodes: 262 | CurrentEpReward: 0.000 | RecentReward: 96.790 | QLoss: 0.517979 | ParamLoss: -1.462416 | Epsilon: 0.0200 | Replay: 50000
2026-09-12 18:08:02,382 | INFO | Steps: 134656/150000 | Episodes: 263 | CurrentEpReward: 0.000 | RecentReward: 95.668 | QLoss: 0.761508 | ParamLoss: -1.459385 | Epsilon: 0.0200 | Replay: 50000
2026-09-12 18:08:11,943 | INFO | Steps: 135168/150000 | Episodes: 264 | CurrentEpReward: 0.000 | RecentReward: 95.485 | QLoss: 0.644675 | ParamLoss: -1.461982 | Epsilon: 0.0200 | Replay: 50000
2026-09-12 18:08:21,597 | INFO | Steps: 135680/150000 | Episodes: 265 | CurrentEpReward: 0.000 | RecentReward: 94.766 | QLoss: 0.921450 | ParamLoss: -1.469824 | Epsilon: 0.0200 | Replay: 50000
2026-09-12 18:08:31,253 | INFO | Steps: 136192/150000 | Episodes: 266 | CurrentEpReward: 0.000 | RecentReward: 94.093 | QLoss: 0.590454 | ParamLoss: -1.471499 | Epsilon: 0.0200 | Replay: 50000
2026-09-12 18:08:40,983 | INFO | Steps: 136704/150000 | Episodes: 267 | CurrentEpReward: 0.000 | RecentReward: 94.628 | QLoss: 1.010472 | ParamLoss: -1.468655 | Epsilon: 0.0200 | Replay: 50000
2026-09-12 18:08:50,780 | INFO | Steps: 137216/150000 | Episodes: 268 | CurrentEpReward: 0.000 | RecentReward: 95.048 | QLoss: 0.648985 | ParamLoss: -1.471390 | Epsilon: 0.0200 | Replay: 50000
2026-09-12 18:09:00,459 | INFO | Steps: 137728/150000 | Episodes: 269 | CurrentEpReward: 0.000 | RecentReward: 94.461 | QLoss: 0.767429 | ParamLoss: -1.480782 | Epsilon: 0.0200 | Replay: 50000
2026-09-12 18:09:10,233 | INFO | Steps: 138240/150000 | Episodes: 270 | CurrentEpReward: 0.000 | RecentReward: 94.369 | QLoss: 0.698177 | ParamLoss: -1.483903 | Epsilon: 0.0200 | Replay: 50000
2026-09-12 18:09:19,932 | INFO | Steps: 138752/150000 | Episodes: 271 | CurrentEpReward: 0.000 | RecentReward: 94.089 | QLoss: 0.809056 | ParamLoss: -1.491158 | Epsilon: 0.0200 | Replay: 50000
2026-09-12 18:09:29,677 | INFO | Steps: 139264/150000 | Episodes: 272 | CurrentEpReward: 0.000 | RecentReward: 94.656 | QLoss: 0.720113 | ParamLoss: -1.493589 | Epsilon: 0.0200 | Replay: 50000
2026-09-12 18:09:39,393 | INFO | Steps: 139776/150000 | Episodes: 273 | CurrentEpReward: 0.000 | RecentReward: 95.358 | QLoss: 0.625031 | ParamLoss: -1.504160 | Epsilon: 0.0200 | Replay: 50000
2026-09-12 18:09:49,166 | INFO | Steps: 140288/150000 | Episodes: 274 | CurrentEpReward: 0.000 | RecentReward: 95.567 | QLoss: 0.723442 | ParamLoss: -1.500653 | Epsilon: 0.0200 | Replay: 50000
2026-09-12 18:09:58,908 | INFO | Steps: 140800/150000 | Episodes: 275 | CurrentEpReward: 0.000 | RecentReward: 95.488 | QLoss: 0.747454 | ParamLoss: -1.504536 | Epsilon: 0.0200 | Replay: 50000
2026-09-12 18:10:08,699 | INFO | Steps: 141312/150000 | Episodes: 276 | CurrentEpReward: 0.000 | RecentReward: 95.107 | QLoss: 0.747750 | ParamLoss: -1.507311 | Epsilon: 0.0200 | Replay: 50000
2026-09-12 18:10:18,444 | INFO | Steps: 141824/150000 | Episodes: 277 | CurrentEpReward: 0.000 | RecentReward: 93.814 | QLoss: 0.832076 | ParamLoss: -1.507316 | Epsilon: 0.0200 | Replay: 50000
2026-09-12 18:10:28,121 | INFO | Steps: 142336/150000 | Episodes: 278 | CurrentEpReward: 0.000 | RecentReward: 93.776 | QLoss: 0.612670 | ParamLoss: -1.519967 | Epsilon: 0.0200 | Replay: 50000
2026-09-12 18:10:37,802 | INFO | Steps: 142848/150000 | Episodes: 279 | CurrentEpReward: 0.000 | RecentReward: 93.280 | QLoss: 0.808334 | ParamLoss: -1.522866 | Epsilon: 0.0200 | Replay: 50000
2026-09-12 18:10:47,420 | INFO | Steps: 143360/150000 | Episodes: 280 | CurrentEpReward: 0.000 | RecentReward: 91.534 | QLoss: 0.688217 | ParamLoss: -1.517617 | Epsilon: 0.0200 | Replay: 50000
2026-09-12 18:10:57,217 | INFO | Steps: 143872/150000 | Episodes: 281 | CurrentEpReward: 0.000 | RecentReward: 91.940 | QLoss: 0.798810 | ParamLoss: -1.516747 | Epsilon: 0.0200 | Replay: 50000
2026-09-12 18:11:06,959 | INFO | Steps: 144384/150000 | Episodes: 282 | CurrentEpReward: 0.000 | RecentReward: 91.765 | QLoss: 0.928039 | ParamLoss: -1.533841 | Epsilon: 0.0200 | Replay: 50000
2026-09-12 18:11:16,618 | INFO | Steps: 144896/150000 | Episodes: 283 | CurrentEpReward: 0.000 | RecentReward: 91.779 | QLoss: 0.807268 | ParamLoss: -1.545880 | Epsilon: 0.0200 | Replay: 50000
2026-09-12 18:11:26,065 | INFO | Steps: 145408/150000 | Episodes: 284 | CurrentEpReward: 0.000 | RecentReward: 91.330 | QLoss: 0.669131 | ParamLoss: -1.543650 | Epsilon: 0.0200 | Replay: 50000
2026-09-12 18:11:35,470 | INFO | Steps: 145920/150000 | Episodes: 285 | CurrentEpReward: 0.000 | RecentReward: 90.470 | QLoss: 0.705450 | ParamLoss: -1.535668 | Epsilon: 0.0200 | Replay: 50000
2026-09-12 18:11:45,035 | INFO | Steps: 146432/150000 | Episodes: 286 | CurrentEpReward: 0.000 | RecentReward: 91.767 | QLoss: 0.611752 | ParamLoss: -1.546119 | Epsilon: 0.0200 | Replay: 50000
2026-09-12 18:11:54,475 | INFO | Steps: 146944/150000 | Episodes: 287 | CurrentEpReward: 0.000 | RecentReward: 92.308 | QLoss: 0.769577 | ParamLoss: -1.524804 | Epsilon: 0.0200 | Replay: 50000
2026-09-12 18:12:04,070 | INFO | Steps: 147456/150000 | Episodes: 288 | CurrentEpReward: 0.000 | RecentReward: 91.870 | QLoss: 0.585077 | ParamLoss: -1.520002 | Epsilon: 0.0200 | Replay: 50000
2026-09-12 18:12:13,759 | INFO | Steps: 147968/150000 | Episodes: 289 | CurrentEpReward: 0.000 | RecentReward: 92.605 | QLoss: 0.896499 | ParamLoss: -1.529857 | Epsilon: 0.0200 | Replay: 50000
2026-09-12 18:12:23,179 | INFO | Steps: 148480/150000 | Episodes: 290 | CurrentEpReward: 0.000 | RecentReward: 94.585 | QLoss: 0.620518 | ParamLoss: -1.529829 | Epsilon: 0.0200 | Replay: 50000
2026-09-12 18:12:32,603 | INFO | Steps: 148992/150000 | Episodes: 291 | CurrentEpReward: 0.000 | RecentReward: 94.853 | QLoss: 0.701892 | ParamLoss: -1.538224 | Epsilon: 0.0200 | Replay: 50000
2026-09-12 18:12:42,132 | INFO | Steps: 149504/150000 | Episodes: 292 | CurrentEpReward: 0.000 | RecentReward: 94.954 | QLoss: 0.850146 | ParamLoss: -1.536622 | Epsilon: 0.0200 | Replay: 50000
2026-09-12 18:12:51,443 | INFO | Steps: 150000/150000 | Episodes: 292 | CurrentEpReward: 98.753 | RecentReward: 94.954 | QLoss: 0.844773 | ParamLoss: -1.538922 | Epsilon: 0.0200 | Replay: 50000
2026-09-12 18:13:11,314 | INFO | 周期权重已保存: /home/pjpjq/LEO_switch/results/multiseed_0907/seed44/u20/learned_baselines/pdqn/checkpoint_150000.pt
2026-09-12 18:13:11,343 | INFO | 最终权重已保存: /home/pjpjq/LEO_switch/results/multiseed_0907/seed44/u20/learned_baselines/pdqn/pdqn_model.pt
2026-09-12 18:13:31,256 | INFO | 训练与评估完成 | EvalReward: 98.416 ± 2.942
