2026-08-06 20:58:02,231 | INFO | ============================================================
2026-08-06 20:58:02,232 | INFO | 开始训练纯 PDQN 基线
2026-08-06 20:58:02,232 | INFO | 总步数: 150000 | warmup: 1000 | batch: 128 | 日志间隔: 512 steps | 保存间隔: 50000 steps | device: cuda
2026-08-06 20:58:02,232 | INFO | ============================================================
2026-08-06 20:58:14,083 | INFO | Steps: 512/150000 | Episodes: 1 | CurrentEpReward: 0.000 | RecentReward: -13.371 | QLoss: 0.000000 | ParamLoss: 0.000000 | Epsilon: 1.0000 | Replay: 512
2026-08-06 20:58:29,253 | INFO | Steps: 1024/150000 | Episodes: 2 | CurrentEpReward: 0.000 | RecentReward: -18.348 | QLoss: 0.179821 | ParamLoss: 0.003190 | Epsilon: 0.9993 | Replay: 1024
2026-08-06 20:59:02,231 | INFO | Steps: 1536/150000 | Episodes: 3 | CurrentEpReward: 0.000 | RecentReward: -19.416 | QLoss: 0.172137 | ParamLoss: -0.002473 | Epsilon: 0.9860 | Replay: 1536
2026-08-06 20:59:35,527 | INFO | Steps: 2048/150000 | Episodes: 4 | CurrentEpReward: 0.000 | RecentReward: -19.260 | QLoss: 0.181332 | ParamLoss: -0.006080 | Epsilon: 0.9726 | Replay: 2048
2026-08-06 21:00:09,564 | INFO | Steps: 2560/150000 | Episodes: 5 | CurrentEpReward: 0.000 | RecentReward: -19.729 | QLoss: 0.183686 | ParamLoss: -0.009241 | Epsilon: 0.9592 | Replay: 2560
2026-08-06 21:00:43,355 | INFO | Steps: 3072/150000 | Episodes: 6 | CurrentEpReward: 0.000 | RecentReward: -19.915 | QLoss: 0.185983 | ParamLoss: -0.012037 | Epsilon: 0.9458 | Replay: 3072
2026-08-06 21:01:16,644 | INFO | Steps: 3584/150000 | Episodes: 7 | CurrentEpReward: 0.000 | RecentReward: -20.263 | QLoss: 0.184859 | ParamLoss: -0.014649 | Epsilon: 0.9324 | Replay: 3584
2026-08-06 21:01:50,137 | INFO | Steps: 4096/150000 | Episodes: 8 | CurrentEpReward: 0.000 | RecentReward: -20.035 | QLoss: 0.189087 | ParamLoss: -0.017700 | Epsilon: 0.9191 | Replay: 4096
2026-08-06 21:02:23,507 | INFO | Steps: 4608/150000 | Episodes: 9 | CurrentEpReward: 0.000 | RecentReward: -20.057 | QLoss: 0.193301 | ParamLoss: -0.020064 | Epsilon: 0.9057 | Replay: 4608
2026-08-06 21:02:57,329 | INFO | Steps: 5120/150000 | Episodes: 10 | CurrentEpReward: 0.000 | RecentReward: -19.914 | QLoss: 0.189050 | ParamLoss: -0.023453 | Epsilon: 0.8923 | Replay: 5120
2026-08-06 21:03:31,085 | INFO | Steps: 5632/150000 | Episodes: 11 | CurrentEpReward: 0.000 | RecentReward: -19.994 | QLoss: 0.192433 | ParamLoss: -0.027811 | Epsilon: 0.8789 | Replay: 5632
2026-08-06 21:04:04,324 | INFO | Steps: 6144/150000 | Episodes: 12 | CurrentEpReward: 0.000 | RecentReward: -19.096 | QLoss: 0.193344 | ParamLoss: -0.033974 | Epsilon: 0.8655 | Replay: 6144
2026-08-06 21:04:36,589 | INFO | Steps: 6656/150000 | Episodes: 13 | CurrentEpReward: 0.000 | RecentReward: -18.480 | QLoss: 0.194023 | ParamLoss: -0.042549 | Epsilon: 0.8522 | Replay: 6656
2026-08-06 21:05:09,435 | INFO | Steps: 7168/150000 | Episodes: 14 | CurrentEpReward: 0.000 | RecentReward: -18.308 | QLoss: 0.194202 | ParamLoss: -0.048469 | Epsilon: 0.8388 | Replay: 7168
2026-08-06 21:05:42,865 | INFO | Steps: 7680/150000 | Episodes: 15 | CurrentEpReward: 0.000 | RecentReward: -17.541 | QLoss: 0.201007 | ParamLoss: -0.053384 | Epsilon: 0.8254 | Replay: 7680
2026-08-06 21:06:18,540 | INFO | Steps: 8192/150000 | Episodes: 16 | CurrentEpReward: 0.000 | RecentReward: -16.411 | QLoss: 0.202248 | ParamLoss: -0.058327 | Epsilon: 0.8120 | Replay: 8192
2026-08-06 21:06:52,094 | INFO | Steps: 8704/150000 | Episodes: 17 | CurrentEpReward: 0.000 | RecentReward: -15.933 | QLoss: 0.198321 | ParamLoss: -0.058057 | Epsilon: 0.7986 | Replay: 8704
2026-08-06 21:07:26,850 | INFO | Steps: 9216/150000 | Episodes: 18 | CurrentEpReward: 0.000 | RecentReward: -15.385 | QLoss: 0.201428 | ParamLoss: -0.058268 | Epsilon: 0.7853 | Replay: 9216
2026-08-06 21:08:02,573 | INFO | Steps: 9728/150000 | Episodes: 19 | CurrentEpReward: 0.000 | RecentReward: -14.542 | QLoss: 0.206014 | ParamLoss: -0.067141 | Epsilon: 0.7719 | Replay: 9728
2026-08-06 21:08:36,515 | INFO | Steps: 10240/150000 | Episodes: 20 | CurrentEpReward: 0.000 | RecentReward: -13.842 | QLoss: 0.205390 | ParamLoss: -0.069324 | Epsilon: 0.7585 | Replay: 10240
2026-08-06 21:09:09,358 | INFO | Steps: 10752/150000 | Episodes: 21 | CurrentEpReward: 0.000 | RecentReward: -14.053 | QLoss: 0.208504 | ParamLoss: -0.074258 | Epsilon: 0.7451 | Replay: 10752
2026-08-06 21:09:42,404 | INFO | Steps: 11264/150000 | Episodes: 22 | CurrentEpReward: 0.000 | RecentReward: -13.164 | QLoss: 0.213413 | ParamLoss: -0.081432 | Epsilon: 0.7317 | Replay: 11264
2026-08-06 21:10:16,389 | INFO | Steps: 11776/150000 | Episodes: 23 | CurrentEpReward: 0.000 | RecentReward: -11.601 | QLoss: 0.215954 | ParamLoss: -0.089034 | Epsilon: 0.7184 | Replay: 11776
2026-08-06 21:10:49,320 | INFO | Steps: 12288/150000 | Episodes: 24 | CurrentEpReward: 0.000 | RecentReward: -10.326 | QLoss: 0.216178 | ParamLoss: -0.094477 | Epsilon: 0.7050 | Replay: 12288
2026-08-06 21:11:23,669 | INFO | Steps: 12800/150000 | Episodes: 25 | CurrentEpReward: 0.000 | RecentReward: -9.780 | QLoss: 0.215128 | ParamLoss: -0.097092 | Epsilon: 0.6916 | Replay: 12800
2026-08-06 21:11:56,472 | INFO | Steps: 13312/150000 | Episodes: 26 | CurrentEpReward: 0.000 | RecentReward: -9.938 | QLoss: 0.217163 | ParamLoss: -0.099450 | Epsilon: 0.6782 | Replay: 13312
2026-08-06 21:12:28,157 | INFO | Steps: 13824/150000 | Episodes: 27 | CurrentEpReward: 0.000 | RecentReward: -8.685 | QLoss: 0.222614 | ParamLoss: -0.104706 | Epsilon: 0.6648 | Replay: 13824
2026-08-06 21:13:00,050 | INFO | Steps: 14336/150000 | Episodes: 28 | CurrentEpReward: 0.000 | RecentReward: -7.568 | QLoss: 0.221132 | ParamLoss: -0.110114 | Epsilon: 0.6515 | Replay: 14336
2026-08-06 21:13:33,153 | INFO | Steps: 14848/150000 | Episodes: 29 | CurrentEpReward: 0.000 | RecentReward: -7.032 | QLoss: 0.228216 | ParamLoss: -0.115819 | Epsilon: 0.6381 | Replay: 14848
2026-08-06 21:14:06,422 | INFO | Steps: 15360/150000 | Episodes: 30 | CurrentEpReward: 0.000 | RecentReward: -6.671 | QLoss: 0.232152 | ParamLoss: -0.119310 | Epsilon: 0.6247 | Replay: 15360
2026-08-06 21:14:39,827 | INFO | Steps: 15872/150000 | Episodes: 31 | CurrentEpReward: 0.000 | RecentReward: -5.285 | QLoss: 0.222834 | ParamLoss: -0.122839 | Epsilon: 0.6113 | Replay: 15872
2026-08-06 21:15:12,776 | INFO | Steps: 16384/150000 | Episodes: 32 | CurrentEpReward: 0.000 | RecentReward: -5.913 | QLoss: 0.225241 | ParamLoss: -0.125473 | Epsilon: 0.5979 | Replay: 16384
2026-08-06 21:15:46,827 | INFO | Steps: 16896/150000 | Episodes: 33 | CurrentEpReward: 0.000 | RecentReward: -6.307 | QLoss: 0.232221 | ParamLoss: -0.132753 | Epsilon: 0.5846 | Replay: 16896
2026-08-06 21:16:22,036 | INFO | Steps: 17408/150000 | Episodes: 34 | CurrentEpReward: 0.000 | RecentReward: -5.379 | QLoss: 0.229088 | ParamLoss: -0.138710 | Epsilon: 0.5712 | Replay: 17408
2026-08-06 21:16:55,461 | INFO | Steps: 17920/150000 | Episodes: 35 | CurrentEpReward: 0.000 | RecentReward: -4.426 | QLoss: 0.236157 | ParamLoss: -0.139238 | Epsilon: 0.5578 | Replay: 17920
2026-08-06 21:17:29,054 | INFO | Steps: 18432/150000 | Episodes: 36 | CurrentEpReward: 0.000 | RecentReward: -2.900 | QLoss: 0.241737 | ParamLoss: -0.149261 | Epsilon: 0.5444 | Replay: 18432
2026-08-06 21:18:02,529 | INFO | Steps: 18944/150000 | Episodes: 37 | CurrentEpReward: 0.000 | RecentReward: -2.345 | QLoss: 0.237583 | ParamLoss: -0.154624 | Epsilon: 0.5310 | Replay: 18944
2026-08-06 21:18:35,262 | INFO | Steps: 19456/150000 | Episodes: 38 | CurrentEpReward: 0.000 | RecentReward: -1.555 | QLoss: 0.237586 | ParamLoss: -0.161321 | Epsilon: 0.5177 | Replay: 19456
2026-08-06 21:19:09,997 | INFO | Steps: 19968/150000 | Episodes: 39 | CurrentEpReward: 0.000 | RecentReward: -1.080 | QLoss: 0.241902 | ParamLoss: -0.165243 | Epsilon: 0.5043 | Replay: 19968
2026-08-06 21:19:44,954 | INFO | Steps: 20480/150000 | Episodes: 40 | CurrentEpReward: 0.000 | RecentReward: 0.137 | QLoss: 0.244389 | ParamLoss: -0.171180 | Epsilon: 0.4909 | Replay: 20480
2026-08-06 21:20:18,536 | INFO | Steps: 20992/150000 | Episodes: 41 | CurrentEpReward: 0.000 | RecentReward: 0.645 | QLoss: 0.251167 | ParamLoss: -0.174325 | Epsilon: 0.4775 | Replay: 20992
2026-08-06 21:20:52,348 | INFO | Steps: 21504/150000 | Episodes: 42 | CurrentEpReward: 0.000 | RecentReward: 2.987 | QLoss: 0.254838 | ParamLoss: -0.180438 | Epsilon: 0.4641 | Replay: 21504
2026-08-06 21:21:24,850 | INFO | Steps: 22016/150000 | Episodes: 43 | CurrentEpReward: 0.000 | RecentReward: 4.006 | QLoss: 0.262728 | ParamLoss: -0.186458 | Epsilon: 0.4508 | Replay: 22016
2026-08-06 21:21:57,907 | INFO | Steps: 22528/150000 | Episodes: 44 | CurrentEpReward: 0.000 | RecentReward: 4.284 | QLoss: 0.252352 | ParamLoss: -0.189930 | Epsilon: 0.4374 | Replay: 22528
2026-08-06 21:22:30,911 | INFO | Steps: 23040/150000 | Episodes: 45 | CurrentEpReward: 0.000 | RecentReward: 5.521 | QLoss: 0.255099 | ParamLoss: -0.196615 | Epsilon: 0.4240 | Replay: 23040
2026-08-06 21:23:04,029 | INFO | Steps: 23552/150000 | Episodes: 46 | CurrentEpReward: 0.000 | RecentReward: 6.443 | QLoss: 0.261011 | ParamLoss: -0.200966 | Epsilon: 0.4106 | Replay: 23552
2026-08-06 21:23:37,865 | INFO | Steps: 24064/150000 | Episodes: 47 | CurrentEpReward: 0.000 | RecentReward: 7.415 | QLoss: 0.258454 | ParamLoss: -0.203826 | Epsilon: 0.3972 | Replay: 24064
2026-08-06 21:24:11,696 | INFO | Steps: 24576/150000 | Episodes: 48 | CurrentEpReward: 0.000 | RecentReward: 8.648 | QLoss: 0.268530 | ParamLoss: -0.212132 | Epsilon: 0.3839 | Replay: 24576
2026-08-06 21:24:45,486 | INFO | Steps: 25088/150000 | Episodes: 49 | CurrentEpReward: 0.000 | RecentReward: 9.803 | QLoss: 0.262100 | ParamLoss: -0.214664 | Epsilon: 0.3705 | Replay: 25088
2026-08-06 21:25:18,433 | INFO | Steps: 25600/150000 | Episodes: 50 | CurrentEpReward: 0.000 | RecentReward: 10.381 | QLoss: 0.266686 | ParamLoss: -0.220583 | Epsilon: 0.3571 | Replay: 25600
2026-08-06 21:25:51,057 | INFO | Steps: 26112/150000 | Episodes: 51 | CurrentEpReward: 0.000 | RecentReward: 11.103 | QLoss: 0.273677 | ParamLoss: -0.223515 | Epsilon: 0.3437 | Replay: 26112
2026-08-06 21:26:24,056 | INFO | Steps: 26624/150000 | Episodes: 52 | CurrentEpReward: 0.000 | RecentReward: 10.846 | QLoss: 0.287762 | ParamLoss: -0.229745 | Epsilon: 0.3303 | Replay: 26624
2026-08-06 21:26:58,356 | INFO | Steps: 27136/150000 | Episodes: 53 | CurrentEpReward: 0.000 | RecentReward: 11.626 | QLoss: 0.284690 | ParamLoss: -0.233090 | Epsilon: 0.3170 | Replay: 27136
2026-08-06 21:27:32,216 | INFO | Steps: 27648/150000 | Episodes: 54 | CurrentEpReward: 0.000 | RecentReward: 12.140 | QLoss: 0.299831 | ParamLoss: -0.237132 | Epsilon: 0.3036 | Replay: 27648
2026-08-06 21:28:04,047 | INFO | Steps: 28160/150000 | Episodes: 55 | CurrentEpReward: 0.000 | RecentReward: 12.500 | QLoss: 0.303301 | ParamLoss: -0.234470 | Epsilon: 0.2902 | Replay: 28160
2026-08-06 21:28:36,657 | INFO | Steps: 28672/150000 | Episodes: 56 | CurrentEpReward: 0.000 | RecentReward: 12.781 | QLoss: 0.290630 | ParamLoss: -0.243299 | Epsilon: 0.2768 | Replay: 28672
2026-08-06 21:29:10,601 | INFO | Steps: 29184/150000 | Episodes: 57 | CurrentEpReward: 0.000 | RecentReward: 13.302 | QLoss: 0.291560 | ParamLoss: -0.243750 | Epsilon: 0.2634 | Replay: 29184
2026-08-06 21:29:44,959 | INFO | Steps: 29696/150000 | Episodes: 58 | CurrentEpReward: 0.000 | RecentReward: 14.853 | QLoss: 0.308492 | ParamLoss: -0.248345 | Epsilon: 0.2501 | Replay: 29696
2026-08-06 21:30:21,243 | INFO | Steps: 30208/150000 | Episodes: 59 | CurrentEpReward: 0.000 | RecentReward: 15.684 | QLoss: 0.309841 | ParamLoss: -0.256432 | Epsilon: 0.2367 | Replay: 30208
2026-08-06 21:30:55,855 | INFO | Steps: 30720/150000 | Episodes: 60 | CurrentEpReward: 0.000 | RecentReward: 16.644 | QLoss: 0.292930 | ParamLoss: -0.262112 | Epsilon: 0.2233 | Replay: 30720
2026-08-06 21:31:31,069 | INFO | Steps: 31232/150000 | Episodes: 61 | CurrentEpReward: 0.000 | RecentReward: 19.330 | QLoss: 0.296016 | ParamLoss: -0.272215 | Epsilon: 0.2099 | Replay: 31232
2026-08-06 21:32:06,663 | INFO | Steps: 31744/150000 | Episodes: 62 | CurrentEpReward: 0.000 | RecentReward: 21.578 | QLoss: 0.314130 | ParamLoss: -0.279397 | Epsilon: 0.1965 | Replay: 31744
2026-08-06 21:32:42,825 | INFO | Steps: 32256/150000 | Episodes: 63 | CurrentEpReward: 0.000 | RecentReward: 22.754 | QLoss: 0.306005 | ParamLoss: -0.278423 | Epsilon: 0.1832 | Replay: 32256
2026-08-06 21:33:20,308 | INFO | Steps: 32768/150000 | Episodes: 64 | CurrentEpReward: 0.000 | RecentReward: 23.993 | QLoss: 0.320591 | ParamLoss: -0.280038 | Epsilon: 0.1698 | Replay: 32768
2026-08-06 21:33:55,229 | INFO | Steps: 33280/150000 | Episodes: 65 | CurrentEpReward: 0.000 | RecentReward: 25.702 | QLoss: 0.303193 | ParamLoss: -0.292879 | Epsilon: 0.1564 | Replay: 33280
2026-08-06 21:34:31,631 | INFO | Steps: 33792/150000 | Episodes: 66 | CurrentEpReward: 0.000 | RecentReward: 26.688 | QLoss: 0.298896 | ParamLoss: -0.293709 | Epsilon: 0.1430 | Replay: 33792
2026-08-06 21:35:08,879 | INFO | Steps: 34304/150000 | Episodes: 67 | CurrentEpReward: 0.000 | RecentReward: 28.556 | QLoss: 0.337299 | ParamLoss: -0.308325 | Epsilon: 0.1296 | Replay: 34304
2026-08-06 21:35:44,590 | INFO | Steps: 34816/150000 | Episodes: 68 | CurrentEpReward: 0.000 | RecentReward: 29.142 | QLoss: 0.310087 | ParamLoss: -0.305886 | Epsilon: 0.1162 | Replay: 34816
2026-08-06 21:36:19,612 | INFO | Steps: 35328/150000 | Episodes: 69 | CurrentEpReward: 0.000 | RecentReward: 30.710 | QLoss: 0.322499 | ParamLoss: -0.303304 | Epsilon: 0.1029 | Replay: 35328
2026-08-06 21:36:55,150 | INFO | Steps: 35840/150000 | Episodes: 70 | CurrentEpReward: 0.000 | RecentReward: 33.515 | QLoss: 0.319796 | ParamLoss: -0.309030 | Epsilon: 0.0895 | Replay: 35840
2026-08-06 21:37:32,403 | INFO | Steps: 36352/150000 | Episodes: 71 | CurrentEpReward: 0.000 | RecentReward: 33.955 | QLoss: 0.350481 | ParamLoss: -0.315818 | Epsilon: 0.0761 | Replay: 36352
2026-08-06 21:38:08,835 | INFO | Steps: 36864/150000 | Episodes: 72 | CurrentEpReward: 0.000 | RecentReward: 35.238 | QLoss: 0.326177 | ParamLoss: -0.329540 | Epsilon: 0.0627 | Replay: 36864
2026-08-06 21:38:46,827 | INFO | Steps: 37376/150000 | Episodes: 73 | CurrentEpReward: 0.000 | RecentReward: 36.808 | QLoss: 0.322020 | ParamLoss: -0.341739 | Epsilon: 0.0493 | Replay: 37376
2026-08-06 21:39:22,190 | INFO | Steps: 37888/150000 | Episodes: 74 | CurrentEpReward: 0.000 | RecentReward: 39.144 | QLoss: 0.330084 | ParamLoss: -0.341554 | Epsilon: 0.0360 | Replay: 37888
2026-08-06 21:40:00,363 | INFO | Steps: 38400/150000 | Episodes: 75 | CurrentEpReward: 0.000 | RecentReward: 41.010 | QLoss: 0.337274 | ParamLoss: -0.347167 | Epsilon: 0.0226 | Replay: 38400
2026-08-06 21:40:35,662 | INFO | Steps: 38912/150000 | Episodes: 76 | CurrentEpReward: 0.000 | RecentReward: 43.632 | QLoss: 0.327306 | ParamLoss: -0.351114 | Epsilon: 0.0200 | Replay: 38912
2026-08-06 21:41:10,764 | INFO | Steps: 39424/150000 | Episodes: 77 | CurrentEpReward: 0.000 | RecentReward: 46.021 | QLoss: 0.339787 | ParamLoss: -0.357913 | Epsilon: 0.0200 | Replay: 39424
2026-08-06 21:41:43,591 | INFO | Steps: 39936/150000 | Episodes: 78 | CurrentEpReward: 0.000 | RecentReward: 48.666 | QLoss: 0.338761 | ParamLoss: -0.366477 | Epsilon: 0.0200 | Replay: 39936
2026-08-06 21:42:15,709 | INFO | Steps: 40448/150000 | Episodes: 79 | CurrentEpReward: 0.000 | RecentReward: 51.202 | QLoss: 0.356463 | ParamLoss: -0.363118 | Epsilon: 0.0200 | Replay: 40448
2026-08-06 21:42:49,988 | INFO | Steps: 40960/150000 | Episodes: 80 | CurrentEpReward: 0.000 | RecentReward: 52.426 | QLoss: 0.339767 | ParamLoss: -0.381334 | Epsilon: 0.0200 | Replay: 40960
2026-08-06 21:43:23,869 | INFO | Steps: 41472/150000 | Episodes: 81 | CurrentEpReward: 0.000 | RecentReward: 52.455 | QLoss: 0.355143 | ParamLoss: -0.382869 | Epsilon: 0.0200 | Replay: 41472
2026-08-06 21:44:00,784 | INFO | Steps: 41984/150000 | Episodes: 82 | CurrentEpReward: 0.000 | RecentReward: 53.834 | QLoss: 0.323407 | ParamLoss: -0.384998 | Epsilon: 0.0200 | Replay: 41984
2026-08-06 21:44:37,168 | INFO | Steps: 42496/150000 | Episodes: 83 | CurrentEpReward: 0.000 | RecentReward: 55.972 | QLoss: 0.349578 | ParamLoss: -0.385055 | Epsilon: 0.0200 | Replay: 42496
2026-08-06 21:45:13,735 | INFO | Steps: 43008/150000 | Episodes: 84 | CurrentEpReward: 0.000 | RecentReward: 56.984 | QLoss: 0.338409 | ParamLoss: -0.386388 | Epsilon: 0.0200 | Replay: 43008
2026-08-06 21:45:50,841 | INFO | Steps: 43520/150000 | Episodes: 85 | CurrentEpReward: 0.000 | RecentReward: 57.340 | QLoss: 0.324933 | ParamLoss: -0.398059 | Epsilon: 0.0200 | Replay: 43520
2026-08-06 21:46:26,677 | INFO | Steps: 44032/150000 | Episodes: 86 | CurrentEpReward: 0.000 | RecentReward: 58.181 | QLoss: 0.367781 | ParamLoss: -0.412676 | Epsilon: 0.0200 | Replay: 44032
2026-08-06 21:47:03,764 | INFO | Steps: 44544/150000 | Episodes: 87 | CurrentEpReward: 0.000 | RecentReward: 57.682 | QLoss: 0.362735 | ParamLoss: -0.424738 | Epsilon: 0.0200 | Replay: 44544
2026-08-06 21:47:41,124 | INFO | Steps: 45056/150000 | Episodes: 88 | CurrentEpReward: 0.000 | RecentReward: 57.635 | QLoss: 0.333673 | ParamLoss: -0.429519 | Epsilon: 0.0200 | Replay: 45056
2026-08-06 21:48:16,699 | INFO | Steps: 45568/150000 | Episodes: 89 | CurrentEpReward: 0.000 | RecentReward: 58.486 | QLoss: 0.360438 | ParamLoss: -0.434470 | Epsilon: 0.0200 | Replay: 45568
2026-08-06 21:48:54,237 | INFO | Steps: 46080/150000 | Episodes: 90 | CurrentEpReward: 0.000 | RecentReward: 58.621 | QLoss: 0.356683 | ParamLoss: -0.439836 | Epsilon: 0.0200 | Replay: 46080
2026-08-06 21:49:30,096 | INFO | Steps: 46592/150000 | Episodes: 91 | CurrentEpReward: 0.000 | RecentReward: 61.222 | QLoss: 0.330088 | ParamLoss: -0.453625 | Epsilon: 0.0200 | Replay: 46592
2026-08-06 21:50:07,149 | INFO | Steps: 47104/150000 | Episodes: 92 | CurrentEpReward: 0.000 | RecentReward: 62.112 | QLoss: 0.351664 | ParamLoss: -0.458892 | Epsilon: 0.0200 | Replay: 47104
2026-08-06 21:50:42,508 | INFO | Steps: 47616/150000 | Episodes: 93 | CurrentEpReward: 0.000 | RecentReward: 61.927 | QLoss: 0.379869 | ParamLoss: -0.462321 | Epsilon: 0.0200 | Replay: 47616
2026-08-06 21:51:16,555 | INFO | Steps: 48128/150000 | Episodes: 94 | CurrentEpReward: 0.000 | RecentReward: 62.054 | QLoss: 0.350026 | ParamLoss: -0.472559 | Epsilon: 0.0200 | Replay: 48128
2026-08-06 21:51:53,202 | INFO | Steps: 48640/150000 | Episodes: 95 | CurrentEpReward: 0.000 | RecentReward: 62.599 | QLoss: 0.379098 | ParamLoss: -0.480988 | Epsilon: 0.0200 | Replay: 48640
2026-08-06 21:52:27,151 | INFO | Steps: 49152/150000 | Episodes: 96 | CurrentEpReward: 0.000 | RecentReward: 63.094 | QLoss: 0.348761 | ParamLoss: -0.489012 | Epsilon: 0.0200 | Replay: 49152
2026-08-06 21:53:03,583 | INFO | Steps: 49664/150000 | Episodes: 97 | CurrentEpReward: 0.000 | RecentReward: 64.575 | QLoss: 0.377360 | ParamLoss: -0.502548 | Epsilon: 0.0200 | Replay: 49664
2026-08-06 21:54:46,779 | INFO | 新的最佳模型 (reward): 68.549，保存至 /home/pjpjq/LEO_switch/results/baseline_compare/multiuser_scaling_multiuser_single_seed_150k_20260804/u35/learned_baselines/pdqn/best_model.pt
2026-08-06 21:54:46,785 | INFO | 周期权重已保存: /home/pjpjq/LEO_switch/results/baseline_compare/multiuser_scaling_multiuser_single_seed_150k_20260804/u35/learned_baselines/pdqn/checkpoint_50000.pt
2026-08-06 21:55:00,839 | INFO | Steps: 50176/150000 | Episodes: 98 | CurrentEpReward: 0.000 | RecentReward: 65.402 | QLoss: 0.380375 | ParamLoss: -0.497899 | Epsilon: 0.0200 | Replay: 50000
2026-08-06 21:55:37,731 | INFO | Steps: 50688/150000 | Episodes: 99 | CurrentEpReward: 0.000 | RecentReward: 65.228 | QLoss: 0.392891 | ParamLoss: -0.494325 | Epsilon: 0.0200 | Replay: 50000
2026-08-06 21:56:15,678 | INFO | Steps: 51200/150000 | Episodes: 100 | CurrentEpReward: 0.000 | RecentReward: 66.385 | QLoss: 0.333270 | ParamLoss: -0.497197 | Epsilon: 0.0200 | Replay: 50000
2026-08-06 21:56:51,866 | INFO | Steps: 51712/150000 | Episodes: 101 | CurrentEpReward: 0.000 | RecentReward: 66.074 | QLoss: 0.368000 | ParamLoss: -0.491608 | Epsilon: 0.0200 | Replay: 50000
2026-08-06 21:57:29,145 | INFO | Steps: 52224/150000 | Episodes: 102 | CurrentEpReward: 0.000 | RecentReward: 66.013 | QLoss: 0.378632 | ParamLoss: -0.494984 | Epsilon: 0.0200 | Replay: 50000
2026-08-06 21:58:06,894 | INFO | Steps: 52736/150000 | Episodes: 103 | CurrentEpReward: 0.000 | RecentReward: 66.288 | QLoss: 0.354931 | ParamLoss: -0.494851 | Epsilon: 0.0200 | Replay: 50000
2026-08-06 21:58:42,564 | INFO | Steps: 53248/150000 | Episodes: 104 | CurrentEpReward: 0.000 | RecentReward: 67.133 | QLoss: 0.326404 | ParamLoss: -0.500264 | Epsilon: 0.0200 | Replay: 50000
2026-08-06 21:59:18,528 | INFO | Steps: 53760/150000 | Episodes: 105 | CurrentEpReward: 0.000 | RecentReward: 67.359 | QLoss: 0.380970 | ParamLoss: -0.508587 | Epsilon: 0.0200 | Replay: 50000
2026-08-06 21:59:54,967 | INFO | Steps: 54272/150000 | Episodes: 106 | CurrentEpReward: 0.000 | RecentReward: 67.492 | QLoss: 0.379334 | ParamLoss: -0.515364 | Epsilon: 0.0200 | Replay: 50000
2026-08-06 22:00:31,619 | INFO | Steps: 54784/150000 | Episodes: 107 | CurrentEpReward: 0.000 | RecentReward: 67.784 | QLoss: 0.378717 | ParamLoss: -0.523654 | Epsilon: 0.0200 | Replay: 50000
2026-08-06 22:01:07,235 | INFO | Steps: 55296/150000 | Episodes: 108 | CurrentEpReward: 0.000 | RecentReward: 68.214 | QLoss: 0.366180 | ParamLoss: -0.530639 | Epsilon: 0.0200 | Replay: 50000
2026-08-06 22:01:45,476 | INFO | Steps: 55808/150000 | Episodes: 109 | CurrentEpReward: 0.000 | RecentReward: 68.366 | QLoss: 0.361952 | ParamLoss: -0.536834 | Epsilon: 0.0200 | Replay: 50000
2026-08-06 22:02:20,594 | INFO | Steps: 56320/150000 | Episodes: 110 | CurrentEpReward: 0.000 | RecentReward: 68.171 | QLoss: 0.421616 | ParamLoss: -0.539793 | Epsilon: 0.0200 | Replay: 50000
2026-08-06 22:02:58,689 | INFO | Steps: 56832/150000 | Episodes: 111 | CurrentEpReward: 0.000 | RecentReward: 68.791 | QLoss: 0.389921 | ParamLoss: -0.547593 | Epsilon: 0.0200 | Replay: 50000
2026-08-06 22:03:35,991 | INFO | Steps: 57344/150000 | Episodes: 112 | CurrentEpReward: 0.000 | RecentReward: 69.161 | QLoss: 0.410759 | ParamLoss: -0.560340 | Epsilon: 0.0200 | Replay: 50000
2026-08-06 22:04:12,646 | INFO | Steps: 57856/150000 | Episodes: 113 | CurrentEpReward: 0.000 | RecentReward: 68.878 | QLoss: 0.368262 | ParamLoss: -0.567520 | Epsilon: 0.0200 | Replay: 50000
2026-08-06 22:04:49,514 | INFO | Steps: 58368/150000 | Episodes: 114 | CurrentEpReward: 0.000 | RecentReward: 69.189 | QLoss: 0.380411 | ParamLoss: -0.565703 | Epsilon: 0.0200 | Replay: 50000
2026-08-06 22:05:27,733 | INFO | Steps: 58880/150000 | Episodes: 115 | CurrentEpReward: 0.000 | RecentReward: 70.142 | QLoss: 0.394164 | ParamLoss: -0.569905 | Epsilon: 0.0200 | Replay: 50000
2026-08-06 22:06:04,583 | INFO | Steps: 59392/150000 | Episodes: 116 | CurrentEpReward: 0.000 | RecentReward: 70.953 | QLoss: 0.382700 | ParamLoss: -0.580262 | Epsilon: 0.0200 | Replay: 50000
2026-08-06 22:06:42,831 | INFO | Steps: 59904/150000 | Episodes: 117 | CurrentEpReward: 0.000 | RecentReward: 70.975 | QLoss: 0.376932 | ParamLoss: -0.570136 | Epsilon: 0.0200 | Replay: 50000
2026-08-06 22:07:20,041 | INFO | Steps: 60416/150000 | Episodes: 118 | CurrentEpReward: 0.000 | RecentReward: 69.477 | QLoss: 0.383557 | ParamLoss: -0.573535 | Epsilon: 0.0200 | Replay: 50000
2026-08-06 22:07:58,163 | INFO | Steps: 60928/150000 | Episodes: 119 | CurrentEpReward: 0.000 | RecentReward: 70.143 | QLoss: 0.352097 | ParamLoss: -0.584120 | Epsilon: 0.0200 | Replay: 50000
2026-08-06 22:08:37,004 | INFO | Steps: 61440/150000 | Episodes: 120 | CurrentEpReward: 0.000 | RecentReward: 68.832 | QLoss: 0.354264 | ParamLoss: -0.599263 | Epsilon: 0.0200 | Replay: 50000
2026-08-06 22:09:14,928 | INFO | Steps: 61952/150000 | Episodes: 121 | CurrentEpReward: 0.000 | RecentReward: 68.008 | QLoss: 0.351629 | ParamLoss: -0.590836 | Epsilon: 0.0200 | Replay: 50000
2026-08-06 22:09:52,278 | INFO | Steps: 62464/150000 | Episodes: 122 | CurrentEpReward: 0.000 | RecentReward: 67.894 | QLoss: 0.366935 | ParamLoss: -0.596206 | Epsilon: 0.0200 | Replay: 50000
2026-08-06 22:10:30,145 | INFO | Steps: 62976/150000 | Episodes: 123 | CurrentEpReward: 0.000 | RecentReward: 68.687 | QLoss: 0.408913 | ParamLoss: -0.604999 | Epsilon: 0.0200 | Replay: 50000
2026-08-06 22:11:06,047 | INFO | Steps: 63488/150000 | Episodes: 124 | CurrentEpReward: 0.000 | RecentReward: 69.618 | QLoss: 0.379734 | ParamLoss: -0.609918 | Epsilon: 0.0200 | Replay: 50000
2026-08-06 22:11:43,846 | INFO | Steps: 64000/150000 | Episodes: 125 | CurrentEpReward: 0.000 | RecentReward: 69.561 | QLoss: 0.367107 | ParamLoss: -0.622889 | Epsilon: 0.0200 | Replay: 50000
2026-08-06 22:12:21,197 | INFO | Steps: 64512/150000 | Episodes: 126 | CurrentEpReward: 0.000 | RecentReward: 69.106 | QLoss: 0.415069 | ParamLoss: -0.630419 | Epsilon: 0.0200 | Replay: 50000
2026-08-06 22:12:55,782 | INFO | Steps: 65024/150000 | Episodes: 127 | CurrentEpReward: 0.000 | RecentReward: 68.579 | QLoss: 0.416469 | ParamLoss: -0.630159 | Epsilon: 0.0200 | Replay: 50000
2026-08-06 22:13:30,906 | INFO | Steps: 65536/150000 | Episodes: 128 | CurrentEpReward: 0.000 | RecentReward: 69.485 | QLoss: 0.383320 | ParamLoss: -0.631550 | Epsilon: 0.0200 | Replay: 50000
2026-08-06 22:14:05,235 | INFO | Steps: 66048/150000 | Episodes: 129 | CurrentEpReward: 0.000 | RecentReward: 69.770 | QLoss: 0.410888 | ParamLoss: -0.640346 | Epsilon: 0.0200 | Replay: 50000
2026-08-06 22:14:40,238 | INFO | Steps: 66560/150000 | Episodes: 130 | CurrentEpReward: 0.000 | RecentReward: 71.393 | QLoss: 0.404035 | ParamLoss: -0.652426 | Epsilon: 0.0200 | Replay: 50000
2026-08-06 22:15:12,297 | INFO | Steps: 67072/150000 | Episodes: 131 | CurrentEpReward: 0.000 | RecentReward: 72.728 | QLoss: 0.366652 | ParamLoss: -0.661268 | Epsilon: 0.0200 | Replay: 50000
2026-08-06 22:15:46,167 | INFO | Steps: 67584/150000 | Episodes: 132 | CurrentEpReward: 0.000 | RecentReward: 74.081 | QLoss: 0.384811 | ParamLoss: -0.672642 | Epsilon: 0.0200 | Replay: 50000
2026-08-06 22:16:20,946 | INFO | Steps: 68096/150000 | Episodes: 133 | CurrentEpReward: 0.000 | RecentReward: 73.658 | QLoss: 0.426327 | ParamLoss: -0.686005 | Epsilon: 0.0200 | Replay: 50000
2026-08-06 22:16:56,831 | INFO | Steps: 68608/150000 | Episodes: 134 | CurrentEpReward: 0.000 | RecentReward: 73.386 | QLoss: 0.409873 | ParamLoss: -0.690873 | Epsilon: 0.0200 | Replay: 50000
2026-08-06 22:17:30,422 | INFO | Steps: 69120/150000 | Episodes: 135 | CurrentEpReward: 0.000 | RecentReward: 72.419 | QLoss: 0.369449 | ParamLoss: -0.697520 | Epsilon: 0.0200 | Replay: 50000
2026-08-06 22:18:03,019 | INFO | Steps: 69632/150000 | Episodes: 136 | CurrentEpReward: 0.000 | RecentReward: 73.081 | QLoss: 0.372213 | ParamLoss: -0.700047 | Epsilon: 0.0200 | Replay: 50000
2026-08-06 22:18:37,539 | INFO | Steps: 70144/150000 | Episodes: 137 | CurrentEpReward: 0.000 | RecentReward: 74.481 | QLoss: 0.376796 | ParamLoss: -0.711260 | Epsilon: 0.0200 | Replay: 50000
2026-08-06 22:19:12,615 | INFO | Steps: 70656/150000 | Episodes: 138 | CurrentEpReward: 0.000 | RecentReward: 74.350 | QLoss: 0.385088 | ParamLoss: -0.696081 | Epsilon: 0.0200 | Replay: 50000
2026-08-06 22:19:44,851 | INFO | Steps: 71168/150000 | Episodes: 139 | CurrentEpReward: 0.000 | RecentReward: 72.989 | QLoss: 0.351173 | ParamLoss: -0.702189 | Epsilon: 0.0200 | Replay: 50000
2026-08-06 22:20:21,108 | INFO | Steps: 71680/150000 | Episodes: 140 | CurrentEpReward: 0.000 | RecentReward: 72.540 | QLoss: 0.380007 | ParamLoss: -0.714140 | Epsilon: 0.0200 | Replay: 50000
2026-08-06 22:20:56,129 | INFO | Steps: 72192/150000 | Episodes: 141 | CurrentEpReward: 0.000 | RecentReward: 71.353 | QLoss: 0.412057 | ParamLoss: -0.710618 | Epsilon: 0.0200 | Replay: 50000
2026-08-06 22:21:32,967 | INFO | Steps: 72704/150000 | Episodes: 142 | CurrentEpReward: 0.000 | RecentReward: 69.356 | QLoss: 0.353480 | ParamLoss: -0.709415 | Epsilon: 0.0200 | Replay: 50000
2026-08-06 22:22:10,109 | INFO | Steps: 73216/150000 | Episodes: 143 | CurrentEpReward: 0.000 | RecentReward: 70.271 | QLoss: 0.318962 | ParamLoss: -0.711412 | Epsilon: 0.0200 | Replay: 50000
2026-08-06 22:22:43,042 | INFO | Steps: 73728/150000 | Episodes: 144 | CurrentEpReward: 0.000 | RecentReward: 69.942 | QLoss: 0.363560 | ParamLoss: -0.718967 | Epsilon: 0.0200 | Replay: 50000
2026-08-06 22:23:16,926 | INFO | Steps: 74240/150000 | Episodes: 145 | CurrentEpReward: 0.000 | RecentReward: 69.850 | QLoss: 0.340667 | ParamLoss: -0.725047 | Epsilon: 0.0200 | Replay: 50000
2026-08-06 22:23:48,178 | INFO | Steps: 74752/150000 | Episodes: 146 | CurrentEpReward: 0.000 | RecentReward: 68.830 | QLoss: 0.375235 | ParamLoss: -0.735460 | Epsilon: 0.0200 | Replay: 50000
2026-08-06 22:24:23,924 | INFO | Steps: 75264/150000 | Episodes: 147 | CurrentEpReward: 0.000 | RecentReward: 67.730 | QLoss: 0.385016 | ParamLoss: -0.738308 | Epsilon: 0.0200 | Replay: 50000
2026-08-06 22:24:56,805 | INFO | Steps: 75776/150000 | Episodes: 148 | CurrentEpReward: 0.000 | RecentReward: 66.989 | QLoss: 0.308323 | ParamLoss: -0.741577 | Epsilon: 0.0200 | Replay: 50000
2026-08-06 22:25:30,506 | INFO | Steps: 76288/150000 | Episodes: 149 | CurrentEpReward: 0.000 | RecentReward: 67.693 | QLoss: 0.426072 | ParamLoss: -0.742527 | Epsilon: 0.0200 | Replay: 50000
2026-08-06 22:26:04,558 | INFO | Steps: 76800/150000 | Episodes: 150 | CurrentEpReward: 0.000 | RecentReward: 66.993 | QLoss: 0.379804 | ParamLoss: -0.747503 | Epsilon: 0.0200 | Replay: 50000
2026-08-06 22:26:40,306 | INFO | Steps: 77312/150000 | Episodes: 151 | CurrentEpReward: 0.000 | RecentReward: 67.043 | QLoss: 0.392356 | ParamLoss: -0.753880 | Epsilon: 0.0200 | Replay: 50000
2026-08-06 22:27:13,593 | INFO | Steps: 77824/150000 | Episodes: 152 | CurrentEpReward: 0.000 | RecentReward: 66.481 | QLoss: 0.399925 | ParamLoss: -0.760632 | Epsilon: 0.0200 | Replay: 50000
2026-08-06 22:27:47,110 | INFO | Steps: 78336/150000 | Episodes: 153 | CurrentEpReward: 0.000 | RecentReward: 66.327 | QLoss: 0.363821 | ParamLoss: -0.770798 | Epsilon: 0.0200 | Replay: 50000
2026-08-06 22:28:20,895 | INFO | Steps: 78848/150000 | Episodes: 154 | CurrentEpReward: 0.000 | RecentReward: 65.736 | QLoss: 0.426728 | ParamLoss: -0.774919 | Epsilon: 0.0200 | Replay: 50000
2026-08-06 22:28:53,835 | INFO | Steps: 79360/150000 | Episodes: 155 | CurrentEpReward: 0.000 | RecentReward: 66.376 | QLoss: 0.390256 | ParamLoss: -0.787258 | Epsilon: 0.0200 | Replay: 50000
2026-08-06 22:29:29,777 | INFO | Steps: 79872/150000 | Episodes: 156 | CurrentEpReward: 0.000 | RecentReward: 66.967 | QLoss: 0.362655 | ParamLoss: -0.792136 | Epsilon: 0.0200 | Replay: 50000
2026-08-06 22:30:07,530 | INFO | Steps: 80384/150000 | Episodes: 157 | CurrentEpReward: 0.000 | RecentReward: 66.566 | QLoss: 0.418637 | ParamLoss: -0.805555 | Epsilon: 0.0200 | Replay: 50000
2026-08-06 22:30:43,184 | INFO | Steps: 80896/150000 | Episodes: 158 | CurrentEpReward: 0.000 | RecentReward: 66.282 | QLoss: 0.329923 | ParamLoss: -0.805565 | Epsilon: 0.0200 | Replay: 50000
2026-08-06 22:31:21,947 | INFO | Steps: 81408/150000 | Episodes: 159 | CurrentEpReward: 0.000 | RecentReward: 66.766 | QLoss: 0.371251 | ParamLoss: -0.809807 | Epsilon: 0.0200 | Replay: 50000
2026-08-06 22:31:58,172 | INFO | Steps: 81920/150000 | Episodes: 160 | CurrentEpReward: 0.000 | RecentReward: 66.638 | QLoss: 0.390370 | ParamLoss: -0.811279 | Epsilon: 0.0200 | Replay: 50000
2026-08-06 22:32:35,760 | INFO | Steps: 82432/150000 | Episodes: 161 | CurrentEpReward: 0.000 | RecentReward: 66.975 | QLoss: 0.386315 | ParamLoss: -0.820726 | Epsilon: 0.0200 | Replay: 50000
2026-08-06 22:33:14,239 | INFO | Steps: 82944/150000 | Episodes: 162 | CurrentEpReward: 0.000 | RecentReward: 68.460 | QLoss: 0.350273 | ParamLoss: -0.822693 | Epsilon: 0.0200 | Replay: 50000
2026-08-06 22:33:51,599 | INFO | Steps: 83456/150000 | Episodes: 163 | CurrentEpReward: 0.000 | RecentReward: 68.172 | QLoss: 0.314307 | ParamLoss: -0.829873 | Epsilon: 0.0200 | Replay: 50000
2026-08-06 22:34:27,565 | INFO | Steps: 83968/150000 | Episodes: 164 | CurrentEpReward: 0.000 | RecentReward: 67.625 | QLoss: 0.434597 | ParamLoss: -0.828441 | Epsilon: 0.0200 | Replay: 50000
2026-08-06 22:35:03,719 | INFO | Steps: 84480/150000 | Episodes: 165 | CurrentEpReward: 0.000 | RecentReward: 67.441 | QLoss: 0.357591 | ParamLoss: -0.832532 | Epsilon: 0.0200 | Replay: 50000
2026-08-06 22:35:41,767 | INFO | Steps: 84992/150000 | Episodes: 166 | CurrentEpReward: 0.000 | RecentReward: 66.862 | QLoss: 0.450651 | ParamLoss: -0.833321 | Epsilon: 0.0200 | Replay: 50000
2026-08-06 22:36:16,606 | INFO | Steps: 85504/150000 | Episodes: 167 | CurrentEpReward: 0.000 | RecentReward: 66.864 | QLoss: 0.380112 | ParamLoss: -0.831815 | Epsilon: 0.0200 | Replay: 50000
2026-08-06 22:36:51,279 | INFO | Steps: 86016/150000 | Episodes: 168 | CurrentEpReward: 0.000 | RecentReward: 67.334 | QLoss: 0.426868 | ParamLoss: -0.836833 | Epsilon: 0.0200 | Replay: 50000
2026-08-06 22:37:28,116 | INFO | Steps: 86528/150000 | Episodes: 169 | CurrentEpReward: 0.000 | RecentReward: 66.598 | QLoss: 0.424942 | ParamLoss: -0.842309 | Epsilon: 0.0200 | Replay: 50000
2026-08-06 22:38:04,701 | INFO | Steps: 87040/150000 | Episodes: 170 | CurrentEpReward: 0.000 | RecentReward: 66.687 | QLoss: 0.420469 | ParamLoss: -0.845822 | Epsilon: 0.0200 | Replay: 50000
2026-08-06 22:38:41,529 | INFO | Steps: 87552/150000 | Episodes: 171 | CurrentEpReward: 0.000 | RecentReward: 66.434 | QLoss: 0.405670 | ParamLoss: -0.857696 | Epsilon: 0.0200 | Replay: 50000
2026-08-06 22:39:18,033 | INFO | Steps: 88064/150000 | Episodes: 172 | CurrentEpReward: 0.000 | RecentReward: 66.488 | QLoss: 0.427629 | ParamLoss: -0.861769 | Epsilon: 0.0200 | Replay: 50000
2026-08-06 22:39:54,419 | INFO | Steps: 88576/150000 | Episodes: 173 | CurrentEpReward: 0.000 | RecentReward: 65.412 | QLoss: 0.446157 | ParamLoss: -0.871155 | Epsilon: 0.0200 | Replay: 50000
2026-08-06 22:40:32,897 | INFO | Steps: 89088/150000 | Episodes: 174 | CurrentEpReward: 0.000 | RecentReward: 65.759 | QLoss: 0.371176 | ParamLoss: -0.887805 | Epsilon: 0.0200 | Replay: 50000
2026-08-06 22:41:12,283 | INFO | Steps: 89600/150000 | Episodes: 175 | CurrentEpReward: 0.000 | RecentReward: 66.577 | QLoss: 0.412228 | ParamLoss: -0.892653 | Epsilon: 0.0200 | Replay: 50000
2026-08-06 22:41:49,309 | INFO | Steps: 90112/150000 | Episodes: 176 | CurrentEpReward: 0.000 | RecentReward: 67.390 | QLoss: 0.374041 | ParamLoss: -0.894354 | Epsilon: 0.0200 | Replay: 50000
2026-08-06 22:42:28,940 | INFO | Steps: 90624/150000 | Episodes: 177 | CurrentEpReward: 0.000 | RecentReward: 68.343 | QLoss: 0.479261 | ParamLoss: -0.909607 | Epsilon: 0.0200 | Replay: 50000
2026-08-06 22:43:06,732 | INFO | Steps: 91136/150000 | Episodes: 178 | CurrentEpReward: 0.000 | RecentReward: 67.983 | QLoss: 0.454099 | ParamLoss: -0.916158 | Epsilon: 0.0200 | Replay: 50000
2026-08-06 22:43:40,668 | INFO | Steps: 91648/150000 | Episodes: 179 | CurrentEpReward: 0.000 | RecentReward: 67.999 | QLoss: 0.438450 | ParamLoss: -0.912998 | Epsilon: 0.0200 | Replay: 50000
2026-08-06 22:44:15,710 | INFO | Steps: 92160/150000 | Episodes: 180 | CurrentEpReward: 0.000 | RecentReward: 70.038 | QLoss: 0.466034 | ParamLoss: -0.919484 | Epsilon: 0.0200 | Replay: 50000
2026-08-06 22:44:51,969 | INFO | Steps: 92672/150000 | Episodes: 181 | CurrentEpReward: 0.000 | RecentReward: 71.112 | QLoss: 0.356226 | ParamLoss: -0.929415 | Epsilon: 0.0200 | Replay: 50000
2026-08-06 22:45:27,001 | INFO | Steps: 93184/150000 | Episodes: 182 | CurrentEpReward: 0.000 | RecentReward: 71.148 | QLoss: 0.389283 | ParamLoss: -0.933854 | Epsilon: 0.0200 | Replay: 50000
2026-08-06 22:46:02,393 | INFO | Steps: 93696/150000 | Episodes: 183 | CurrentEpReward: 0.000 | RecentReward: 71.059 | QLoss: 0.512064 | ParamLoss: -0.928631 | Epsilon: 0.0200 | Replay: 50000
2026-08-06 22:46:36,851 | INFO | Steps: 94208/150000 | Episodes: 184 | CurrentEpReward: 0.000 | RecentReward: 70.730 | QLoss: 0.441973 | ParamLoss: -0.929851 | Epsilon: 0.0200 | Replay: 50000
2026-08-06 22:47:11,681 | INFO | Steps: 94720/150000 | Episodes: 185 | CurrentEpReward: 0.000 | RecentReward: 69.680 | QLoss: 0.475759 | ParamLoss: -0.926101 | Epsilon: 0.0200 | Replay: 50000
2026-08-06 22:47:45,848 | INFO | Steps: 95232/150000 | Episodes: 186 | CurrentEpReward: 0.000 | RecentReward: 69.025 | QLoss: 0.422524 | ParamLoss: -0.928422 | Epsilon: 0.0200 | Replay: 50000
2026-08-06 22:48:19,652 | INFO | Steps: 95744/150000 | Episodes: 187 | CurrentEpReward: 0.000 | RecentReward: 68.132 | QLoss: 0.400992 | ParamLoss: -0.926182 | Epsilon: 0.0200 | Replay: 50000
2026-08-06 22:48:52,680 | INFO | Steps: 96256/150000 | Episodes: 188 | CurrentEpReward: 0.000 | RecentReward: 68.095 | QLoss: 0.436009 | ParamLoss: -0.926488 | Epsilon: 0.0200 | Replay: 50000
2026-08-06 22:49:25,086 | INFO | Steps: 96768/150000 | Episodes: 189 | CurrentEpReward: 0.000 | RecentReward: 68.505 | QLoss: 0.455294 | ParamLoss: -0.934303 | Epsilon: 0.0200 | Replay: 50000
2026-08-06 22:49:59,019 | INFO | Steps: 97280/150000 | Episodes: 190 | CurrentEpReward: 0.000 | RecentReward: 67.538 | QLoss: 0.442093 | ParamLoss: -0.952659 | Epsilon: 0.0200 | Replay: 50000
2026-08-06 22:50:34,214 | INFO | Steps: 97792/150000 | Episodes: 191 | CurrentEpReward: 0.000 | RecentReward: 67.065 | QLoss: 0.351060 | ParamLoss: -0.966360 | Epsilon: 0.0200 | Replay: 50000
2026-08-06 22:51:07,378 | INFO | Steps: 98304/150000 | Episodes: 192 | CurrentEpReward: 0.000 | RecentReward: 67.195 | QLoss: 0.406180 | ParamLoss: -0.956273 | Epsilon: 0.0200 | Replay: 50000
2026-08-06 22:51:41,426 | INFO | Steps: 98816/150000 | Episodes: 193 | CurrentEpReward: 0.000 | RecentReward: 68.846 | QLoss: 0.387934 | ParamLoss: -0.966833 | Epsilon: 0.0200 | Replay: 50000
2026-08-06 22:52:16,601 | INFO | Steps: 99328/150000 | Episodes: 194 | CurrentEpReward: 0.000 | RecentReward: 69.208 | QLoss: 0.457107 | ParamLoss: -0.964287 | Epsilon: 0.0200 | Replay: 50000
2026-08-06 22:52:48,502 | INFO | Steps: 99840/150000 | Episodes: 195 | CurrentEpReward: 0.000 | RecentReward: 69.328 | QLoss: 0.496162 | ParamLoss: -0.970138 | Epsilon: 0.0200 | Replay: 50000
2026-08-06 22:54:12,978 | INFO | 新的最佳模型 (reward): 73.449，保存至 /home/pjpjq/LEO_switch/results/baseline_compare/multiuser_scaling_multiuser_single_seed_150k_20260804/u35/learned_baselines/pdqn/best_model.pt
2026-08-06 22:54:12,992 | INFO | 周期权重已保存: /home/pjpjq/LEO_switch/results/baseline_compare/multiuser_scaling_multiuser_single_seed_150k_20260804/u35/learned_baselines/pdqn/checkpoint_100000.pt
2026-08-06 22:54:37,215 | INFO | Steps: 100352/150000 | Episodes: 196 | CurrentEpReward: 0.000 | RecentReward: 69.513 | QLoss: 0.373901 | ParamLoss: -0.979008 | Epsilon: 0.0200 | Replay: 50000
2026-08-06 22:55:09,043 | INFO | Steps: 100864/150000 | Episodes: 197 | CurrentEpReward: 0.000 | RecentReward: 70.055 | QLoss: 0.470320 | ParamLoss: -0.987609 | Epsilon: 0.0200 | Replay: 50000
2026-08-06 22:55:41,093 | INFO | Steps: 101376/150000 | Episodes: 198 | CurrentEpReward: 0.000 | RecentReward: 71.792 | QLoss: 0.385651 | ParamLoss: -0.996165 | Epsilon: 0.0200 | Replay: 50000
2026-08-06 22:56:14,818 | INFO | Steps: 101888/150000 | Episodes: 199 | CurrentEpReward: 0.000 | RecentReward: 71.875 | QLoss: 0.445214 | ParamLoss: -1.000036 | Epsilon: 0.0200 | Replay: 50000
2026-08-06 22:56:47,808 | INFO | Steps: 102400/150000 | Episodes: 200 | CurrentEpReward: 0.000 | RecentReward: 71.948 | QLoss: 0.406198 | ParamLoss: -1.013840 | Epsilon: 0.0200 | Replay: 50000
2026-08-06 22:57:21,335 | INFO | Steps: 102912/150000 | Episodes: 201 | CurrentEpReward: 0.000 | RecentReward: 71.958 | QLoss: 0.463713 | ParamLoss: -1.002282 | Epsilon: 0.0200 | Replay: 50000
2026-08-06 22:57:55,379 | INFO | Steps: 103424/150000 | Episodes: 202 | CurrentEpReward: 0.000 | RecentReward: 71.167 | QLoss: 0.419218 | ParamLoss: -1.012665 | Epsilon: 0.0200 | Replay: 50000
2026-08-06 22:58:29,969 | INFO | Steps: 103936/150000 | Episodes: 203 | CurrentEpReward: 0.000 | RecentReward: 70.498 | QLoss: 0.426010 | ParamLoss: -1.018987 | Epsilon: 0.0200 | Replay: 50000
2026-08-06 22:59:04,322 | INFO | Steps: 104448/150000 | Episodes: 204 | CurrentEpReward: 0.000 | RecentReward: 71.156 | QLoss: 0.450694 | ParamLoss: -1.001631 | Epsilon: 0.0200 | Replay: 50000
2026-08-06 22:59:36,742 | INFO | Steps: 104960/150000 | Episodes: 205 | CurrentEpReward: 0.000 | RecentReward: 71.618 | QLoss: 0.492020 | ParamLoss: -1.004162 | Epsilon: 0.0200 | Replay: 50000
2026-08-06 23:00:12,006 | INFO | Steps: 105472/150000 | Episodes: 206 | CurrentEpReward: 0.000 | RecentReward: 71.937 | QLoss: 0.398709 | ParamLoss: -1.001377 | Epsilon: 0.0200 | Replay: 50000
2026-08-06 23:00:47,403 | INFO | Steps: 105984/150000 | Episodes: 207 | CurrentEpReward: 0.000 | RecentReward: 73.300 | QLoss: 0.428861 | ParamLoss: -1.004297 | Epsilon: 0.0200 | Replay: 50000
2026-08-06 23:01:20,527 | INFO | Steps: 106496/150000 | Episodes: 208 | CurrentEpReward: 0.000 | RecentReward: 72.058 | QLoss: 0.478130 | ParamLoss: -1.014808 | Epsilon: 0.0200 | Replay: 50000
2026-08-06 23:01:56,131 | INFO | Steps: 107008/150000 | Episodes: 209 | CurrentEpReward: 0.000 | RecentReward: 71.939 | QLoss: 0.483544 | ParamLoss: -1.007518 | Epsilon: 0.0200 | Replay: 50000
2026-08-06 23:02:28,388 | INFO | Steps: 107520/150000 | Episodes: 210 | CurrentEpReward: 0.000 | RecentReward: 71.836 | QLoss: 0.442208 | ParamLoss: -1.022106 | Epsilon: 0.0200 | Replay: 50000
2026-08-06 23:03:01,162 | INFO | Steps: 108032/150000 | Episodes: 211 | CurrentEpReward: 0.000 | RecentReward: 72.036 | QLoss: 0.511193 | ParamLoss: -1.030856 | Epsilon: 0.0200 | Replay: 50000
2026-08-06 23:03:34,919 | INFO | Steps: 108544/150000 | Episodes: 212 | CurrentEpReward: 0.000 | RecentReward: 72.621 | QLoss: 0.539859 | ParamLoss: -1.033140 | Epsilon: 0.0200 | Replay: 50000
2026-08-06 23:04:08,898 | INFO | Steps: 109056/150000 | Episodes: 213 | CurrentEpReward: 0.000 | RecentReward: 72.190 | QLoss: 0.437346 | ParamLoss: -1.035291 | Epsilon: 0.0200 | Replay: 50000
2026-08-06 23:04:43,846 | INFO | Steps: 109568/150000 | Episodes: 214 | CurrentEpReward: 0.000 | RecentReward: 72.276 | QLoss: 0.397174 | ParamLoss: -1.037287 | Epsilon: 0.0200 | Replay: 50000
2026-08-06 23:05:19,955 | INFO | Steps: 110080/150000 | Episodes: 215 | CurrentEpReward: 0.000 | RecentReward: 72.223 | QLoss: 0.446875 | ParamLoss: -1.041158 | Epsilon: 0.0200 | Replay: 50000
2026-08-06 23:05:54,951 | INFO | Steps: 110592/150000 | Episodes: 216 | CurrentEpReward: 0.000 | RecentReward: 72.450 | QLoss: 0.422016 | ParamLoss: -1.047373 | Epsilon: 0.0200 | Replay: 50000
2026-08-06 23:06:29,424 | INFO | Steps: 111104/150000 | Episodes: 217 | CurrentEpReward: 0.000 | RecentReward: 70.840 | QLoss: 0.338516 | ParamLoss: -1.056092 | Epsilon: 0.0200 | Replay: 50000
2026-08-06 23:07:04,752 | INFO | Steps: 111616/150000 | Episodes: 218 | CurrentEpReward: 0.000 | RecentReward: 71.665 | QLoss: 0.460301 | ParamLoss: -1.062922 | Epsilon: 0.0200 | Replay: 50000
2026-08-06 23:07:36,984 | INFO | Steps: 112128/150000 | Episodes: 219 | CurrentEpReward: 0.000 | RecentReward: 70.831 | QLoss: 0.494454 | ParamLoss: -1.062610 | Epsilon: 0.0200 | Replay: 50000
2026-08-06 23:08:11,178 | INFO | Steps: 112640/150000 | Episodes: 220 | CurrentEpReward: 0.000 | RecentReward: 70.637 | QLoss: 0.439827 | ParamLoss: -1.060815 | Epsilon: 0.0200 | Replay: 50000
2026-08-06 23:08:47,123 | INFO | Steps: 113152/150000 | Episodes: 221 | CurrentEpReward: 0.000 | RecentReward: 70.748 | QLoss: 0.473997 | ParamLoss: -1.056635 | Epsilon: 0.0200 | Replay: 50000
2026-08-06 23:09:20,450 | INFO | Steps: 113664/150000 | Episodes: 222 | CurrentEpReward: 0.000 | RecentReward: 70.887 | QLoss: 0.430389 | ParamLoss: -1.053104 | Epsilon: 0.0200 | Replay: 50000
2026-08-06 23:09:54,689 | INFO | Steps: 114176/150000 | Episodes: 223 | CurrentEpReward: 0.000 | RecentReward: 71.854 | QLoss: 0.365876 | ParamLoss: -1.056299 | Epsilon: 0.0200 | Replay: 50000
2026-08-06 23:10:27,970 | INFO | Steps: 114688/150000 | Episodes: 224 | CurrentEpReward: 0.000 | RecentReward: 71.113 | QLoss: 0.418281 | ParamLoss: -1.050027 | Epsilon: 0.0200 | Replay: 50000
2026-08-06 23:11:02,574 | INFO | Steps: 115200/150000 | Episodes: 225 | CurrentEpReward: 0.000 | RecentReward: 71.474 | QLoss: 0.444433 | ParamLoss: -1.058453 | Epsilon: 0.0200 | Replay: 50000
2026-08-06 23:11:37,380 | INFO | Steps: 115712/150000 | Episodes: 226 | CurrentEpReward: 0.000 | RecentReward: 70.017 | QLoss: 0.511512 | ParamLoss: -1.065893 | Epsilon: 0.0200 | Replay: 50000
2026-08-06 23:12:10,824 | INFO | Steps: 116224/150000 | Episodes: 227 | CurrentEpReward: 0.000 | RecentReward: 70.370 | QLoss: 0.488079 | ParamLoss: -1.069125 | Epsilon: 0.0200 | Replay: 50000
2026-08-06 23:12:43,733 | INFO | Steps: 116736/150000 | Episodes: 228 | CurrentEpReward: 0.000 | RecentReward: 68.550 | QLoss: 0.437223 | ParamLoss: -1.072501 | Epsilon: 0.0200 | Replay: 50000
2026-08-06 23:13:18,085 | INFO | Steps: 117248/150000 | Episodes: 229 | CurrentEpReward: 0.000 | RecentReward: 69.481 | QLoss: 0.414803 | ParamLoss: -1.076185 | Epsilon: 0.0200 | Replay: 50000
2026-08-06 23:13:52,718 | INFO | Steps: 117760/150000 | Episodes: 230 | CurrentEpReward: 0.000 | RecentReward: 69.716 | QLoss: 0.446070 | ParamLoss: -1.063991 | Epsilon: 0.0200 | Replay: 50000
2026-08-06 23:14:27,345 | INFO | Steps: 118272/150000 | Episodes: 231 | CurrentEpReward: 0.000 | RecentReward: 70.206 | QLoss: 0.476719 | ParamLoss: -1.072291 | Epsilon: 0.0200 | Replay: 50000
2026-08-06 23:15:02,222 | INFO | Steps: 118784/150000 | Episodes: 232 | CurrentEpReward: 0.000 | RecentReward: 69.925 | QLoss: 0.447051 | ParamLoss: -1.083011 | Epsilon: 0.0200 | Replay: 50000
2026-08-06 23:15:36,802 | INFO | Steps: 119296/150000 | Episodes: 233 | CurrentEpReward: 0.000 | RecentReward: 69.435 | QLoss: 0.451601 | ParamLoss: -1.093486 | Epsilon: 0.0200 | Replay: 50000
2026-08-06 23:16:09,918 | INFO | Steps: 119808/150000 | Episodes: 234 | CurrentEpReward: 0.000 | RecentReward: 69.423 | QLoss: 0.511087 | ParamLoss: -1.089811 | Epsilon: 0.0200 | Replay: 50000
2026-08-06 23:16:42,875 | INFO | Steps: 120320/150000 | Episodes: 235 | CurrentEpReward: 0.000 | RecentReward: 69.616 | QLoss: 0.438434 | ParamLoss: -1.090236 | Epsilon: 0.0200 | Replay: 50000
2026-08-06 23:17:16,809 | INFO | Steps: 120832/150000 | Episodes: 236 | CurrentEpReward: 0.000 | RecentReward: 70.239 | QLoss: 0.375635 | ParamLoss: -1.092692 | Epsilon: 0.0200 | Replay: 50000
2026-08-06 23:17:50,667 | INFO | Steps: 121344/150000 | Episodes: 237 | CurrentEpReward: 0.000 | RecentReward: 70.651 | QLoss: 0.455622 | ParamLoss: -1.103183 | Epsilon: 0.0200 | Replay: 50000
2026-08-06 23:18:24,354 | INFO | Steps: 121856/150000 | Episodes: 238 | CurrentEpReward: 0.000 | RecentReward: 72.583 | QLoss: 0.400804 | ParamLoss: -1.104820 | Epsilon: 0.0200 | Replay: 50000
2026-08-06 23:18:58,548 | INFO | Steps: 122368/150000 | Episodes: 239 | CurrentEpReward: 0.000 | RecentReward: 72.330 | QLoss: 0.533766 | ParamLoss: -1.106166 | Epsilon: 0.0200 | Replay: 50000
2026-08-06 23:19:32,416 | INFO | Steps: 122880/150000 | Episodes: 240 | CurrentEpReward: 0.000 | RecentReward: 72.585 | QLoss: 0.523959 | ParamLoss: -1.116501 | Epsilon: 0.0200 | Replay: 50000
2026-08-06 23:20:06,143 | INFO | Steps: 123392/150000 | Episodes: 241 | CurrentEpReward: 0.000 | RecentReward: 72.026 | QLoss: 0.480967 | ParamLoss: -1.100817 | Epsilon: 0.0200 | Replay: 50000
2026-08-06 23:20:40,934 | INFO | Steps: 123904/150000 | Episodes: 242 | CurrentEpReward: 0.000 | RecentReward: 72.237 | QLoss: 0.432157 | ParamLoss: -1.103590 | Epsilon: 0.0200 | Replay: 50000
2026-08-06 23:21:14,212 | INFO | Steps: 124416/150000 | Episodes: 243 | CurrentEpReward: 0.000 | RecentReward: 72.760 | QLoss: 0.357839 | ParamLoss: -1.107965 | Epsilon: 0.0200 | Replay: 50000
2026-08-06 23:21:47,806 | INFO | Steps: 124928/150000 | Episodes: 244 | CurrentEpReward: 0.000 | RecentReward: 72.482 | QLoss: 0.498340 | ParamLoss: -1.105543 | Epsilon: 0.0200 | Replay: 50000
2026-08-06 23:22:21,384 | INFO | Steps: 125440/150000 | Episodes: 245 | CurrentEpReward: 0.000 | RecentReward: 71.304 | QLoss: 0.470419 | ParamLoss: -1.110027 | Epsilon: 0.0200 | Replay: 50000
2026-08-06 23:22:56,162 | INFO | Steps: 125952/150000 | Episodes: 246 | CurrentEpReward: 0.000 | RecentReward: 71.253 | QLoss: 0.465412 | ParamLoss: -1.120093 | Epsilon: 0.0200 | Replay: 50000
2026-08-06 23:23:31,774 | INFO | Steps: 126464/150000 | Episodes: 247 | CurrentEpReward: 0.000 | RecentReward: 70.268 | QLoss: 0.440117 | ParamLoss: -1.118973 | Epsilon: 0.0200 | Replay: 50000
2026-08-06 23:24:06,090 | INFO | Steps: 126976/150000 | Episodes: 248 | CurrentEpReward: 0.000 | RecentReward: 70.304 | QLoss: 0.526074 | ParamLoss: -1.123521 | Epsilon: 0.0200 | Replay: 50000
2026-08-06 23:24:39,645 | INFO | Steps: 127488/150000 | Episodes: 249 | CurrentEpReward: 0.000 | RecentReward: 71.474 | QLoss: 0.484743 | ParamLoss: -1.125309 | Epsilon: 0.0200 | Replay: 50000
2026-08-06 23:25:14,965 | INFO | Steps: 128000/150000 | Episodes: 250 | CurrentEpReward: 0.000 | RecentReward: 71.570 | QLoss: 0.365627 | ParamLoss: -1.131176 | Epsilon: 0.0200 | Replay: 50000
2026-08-06 23:25:48,668 | INFO | Steps: 128512/150000 | Episodes: 251 | CurrentEpReward: 0.000 | RecentReward: 71.002 | QLoss: 0.577148 | ParamLoss: -1.128194 | Epsilon: 0.0200 | Replay: 50000
2026-08-06 23:26:21,889 | INFO | Steps: 129024/150000 | Episodes: 252 | CurrentEpReward: 0.000 | RecentReward: 70.216 | QLoss: 0.522939 | ParamLoss: -1.127084 | Epsilon: 0.0200 | Replay: 50000
2026-08-06 23:26:55,627 | INFO | Steps: 129536/150000 | Episodes: 253 | CurrentEpReward: 0.000 | RecentReward: 69.180 | QLoss: 0.503545 | ParamLoss: -1.127804 | Epsilon: 0.0200 | Replay: 50000
2026-08-06 23:27:31,059 | INFO | Steps: 130048/150000 | Episodes: 254 | CurrentEpReward: 0.000 | RecentReward: 70.557 | QLoss: 0.538341 | ParamLoss: -1.131895 | Epsilon: 0.0200 | Replay: 50000
2026-08-06 23:28:05,792 | INFO | Steps: 130560/150000 | Episodes: 255 | CurrentEpReward: 0.000 | RecentReward: 71.221 | QLoss: 0.546631 | ParamLoss: -1.135072 | Epsilon: 0.0200 | Replay: 50000
2026-08-06 23:28:39,636 | INFO | Steps: 131072/150000 | Episodes: 256 | CurrentEpReward: 0.000 | RecentReward: 72.509 | QLoss: 0.479959 | ParamLoss: -1.140176 | Epsilon: 0.0200 | Replay: 50000
2026-08-06 23:29:13,355 | INFO | Steps: 131584/150000 | Episodes: 257 | CurrentEpReward: 0.000 | RecentReward: 73.775 | QLoss: 0.487240 | ParamLoss: -1.151488 | Epsilon: 0.0200 | Replay: 50000
2026-08-06 23:29:48,737 | INFO | Steps: 132096/150000 | Episodes: 258 | CurrentEpReward: 0.000 | RecentReward: 73.497 | QLoss: 0.510650 | ParamLoss: -1.160307 | Epsilon: 0.0200 | Replay: 50000
2026-08-06 23:30:24,836 | INFO | Steps: 132608/150000 | Episodes: 259 | CurrentEpReward: 0.000 | RecentReward: 72.289 | QLoss: 0.381600 | ParamLoss: -1.166268 | Epsilon: 0.0200 | Replay: 50000
2026-08-06 23:31:02,057 | INFO | Steps: 133120/150000 | Episodes: 260 | CurrentEpReward: 0.000 | RecentReward: 72.534 | QLoss: 0.582704 | ParamLoss: -1.175721 | Epsilon: 0.0200 | Replay: 50000
2026-08-06 23:31:35,574 | INFO | Steps: 133632/150000 | Episodes: 261 | CurrentEpReward: 0.000 | RecentReward: 72.705 | QLoss: 0.529987 | ParamLoss: -1.179573 | Epsilon: 0.0200 | Replay: 50000
2026-08-06 23:32:08,570 | INFO | Steps: 134144/150000 | Episodes: 262 | CurrentEpReward: 0.000 | RecentReward: 73.805 | QLoss: 0.461361 | ParamLoss: -1.189413 | Epsilon: 0.0200 | Replay: 50000
2026-08-06 23:32:42,427 | INFO | Steps: 134656/150000 | Episodes: 263 | CurrentEpReward: 0.000 | RecentReward: 75.219 | QLoss: 0.448008 | ParamLoss: -1.185261 | Epsilon: 0.0200 | Replay: 50000
2026-08-06 23:33:15,321 | INFO | Steps: 135168/150000 | Episodes: 264 | CurrentEpReward: 0.000 | RecentReward: 74.756 | QLoss: 0.477057 | ParamLoss: -1.183989 | Epsilon: 0.0200 | Replay: 50000
2026-08-06 23:33:50,822 | INFO | Steps: 135680/150000 | Episodes: 265 | CurrentEpReward: 0.000 | RecentReward: 74.573 | QLoss: 0.504582 | ParamLoss: -1.192793 | Epsilon: 0.0200 | Replay: 50000
2026-08-06 23:34:25,222 | INFO | Steps: 136192/150000 | Episodes: 266 | CurrentEpReward: 0.000 | RecentReward: 73.555 | QLoss: 0.522861 | ParamLoss: -1.199449 | Epsilon: 0.0200 | Replay: 50000
2026-08-06 23:34:58,926 | INFO | Steps: 136704/150000 | Episodes: 267 | CurrentEpReward: 0.000 | RecentReward: 72.737 | QLoss: 0.547198 | ParamLoss: -1.205573 | Epsilon: 0.0200 | Replay: 50000
2026-08-06 23:35:31,990 | INFO | Steps: 137216/150000 | Episodes: 268 | CurrentEpReward: 0.000 | RecentReward: 71.652 | QLoss: 0.483025 | ParamLoss: -1.205281 | Epsilon: 0.0200 | Replay: 50000
2026-08-06 23:36:05,593 | INFO | Steps: 137728/150000 | Episodes: 269 | CurrentEpReward: 0.000 | RecentReward: 71.521 | QLoss: 0.510628 | ParamLoss: -1.199145 | Epsilon: 0.0200 | Replay: 50000
2026-08-06 23:36:39,896 | INFO | Steps: 138240/150000 | Episodes: 270 | CurrentEpReward: 0.000 | RecentReward: 70.967 | QLoss: 0.478261 | ParamLoss: -1.196388 | Epsilon: 0.0200 | Replay: 50000
2026-08-06 23:37:13,629 | INFO | Steps: 138752/150000 | Episodes: 271 | CurrentEpReward: 0.000 | RecentReward: 71.452 | QLoss: 0.496354 | ParamLoss: -1.187879 | Epsilon: 0.0200 | Replay: 50000
2026-08-06 23:37:46,301 | INFO | Steps: 139264/150000 | Episodes: 272 | CurrentEpReward: 0.000 | RecentReward: 70.626 | QLoss: 0.518370 | ParamLoss: -1.179073 | Epsilon: 0.0200 | Replay: 50000
2026-08-06 23:38:22,028 | INFO | Steps: 139776/150000 | Episodes: 273 | CurrentEpReward: 0.000 | RecentReward: 69.440 | QLoss: 0.527749 | ParamLoss: -1.180576 | Epsilon: 0.0200 | Replay: 50000
2026-08-06 23:39:01,508 | INFO | Steps: 140288/150000 | Episodes: 274 | CurrentEpReward: 0.000 | RecentReward: 69.268 | QLoss: 0.451576 | ParamLoss: -1.184462 | Epsilon: 0.0200 | Replay: 50000
2026-08-06 23:39:38,729 | INFO | Steps: 140800/150000 | Episodes: 275 | CurrentEpReward: 0.000 | RecentReward: 69.309 | QLoss: 0.479374 | ParamLoss: -1.175838 | Epsilon: 0.0200 | Replay: 50000
2026-08-06 23:40:16,050 | INFO | Steps: 141312/150000 | Episodes: 276 | CurrentEpReward: 0.000 | RecentReward: 69.295 | QLoss: 0.383415 | ParamLoss: -1.177211 | Epsilon: 0.0200 | Replay: 50000
2026-08-06 23:40:53,337 | INFO | Steps: 141824/150000 | Episodes: 277 | CurrentEpReward: 0.000 | RecentReward: 68.831 | QLoss: 0.336428 | ParamLoss: -1.181615 | Epsilon: 0.0200 | Replay: 50000
2026-08-06 23:41:28,974 | INFO | Steps: 142336/150000 | Episodes: 278 | CurrentEpReward: 0.000 | RecentReward: 69.234 | QLoss: 0.397462 | ParamLoss: -1.161808 | Epsilon: 0.0200 | Replay: 50000
2026-08-06 23:41:59,491 | INFO | Steps: 142848/150000 | Episodes: 279 | CurrentEpReward: 0.000 | RecentReward: 69.211 | QLoss: 0.412346 | ParamLoss: -1.169375 | Epsilon: 0.0200 | Replay: 50000
2026-08-06 23:42:13,684 | INFO | Steps: 143360/150000 | Episodes: 280 | CurrentEpReward: 0.000 | RecentReward: 68.962 | QLoss: 0.595282 | ParamLoss: -1.173152 | Epsilon: 0.0200 | Replay: 50000
2026-08-06 23:42:28,118 | INFO | Steps: 143872/150000 | Episodes: 281 | CurrentEpReward: 0.000 | RecentReward: 69.573 | QLoss: 0.564353 | ParamLoss: -1.184286 | Epsilon: 0.0200 | Replay: 50000
2026-08-06 23:42:42,676 | INFO | Steps: 144384/150000 | Episodes: 282 | CurrentEpReward: 0.000 | RecentReward: 70.703 | QLoss: 0.541269 | ParamLoss: -1.194811 | Epsilon: 0.0200 | Replay: 50000
2026-08-06 23:42:56,865 | INFO | Steps: 144896/150000 | Episodes: 283 | CurrentEpReward: 0.000 | RecentReward: 71.045 | QLoss: 0.466302 | ParamLoss: -1.198161 | Epsilon: 0.0200 | Replay: 50000
2026-08-06 23:43:10,977 | INFO | Steps: 145408/150000 | Episodes: 284 | CurrentEpReward: 0.000 | RecentReward: 71.095 | QLoss: 0.453586 | ParamLoss: -1.204118 | Epsilon: 0.0200 | Replay: 50000
2026-08-06 23:43:25,098 | INFO | Steps: 145920/150000 | Episodes: 285 | CurrentEpReward: 0.000 | RecentReward: 70.254 | QLoss: 0.434592 | ParamLoss: -1.209202 | Epsilon: 0.0200 | Replay: 50000
2026-08-06 23:43:55,540 | INFO | Steps: 146432/150000 | Episodes: 286 | CurrentEpReward: 0.000 | RecentReward: 70.511 | QLoss: 0.492155 | ParamLoss: -1.216981 | Epsilon: 0.0200 | Replay: 50000
2026-08-06 23:44:26,899 | INFO | Steps: 146944/150000 | Episodes: 287 | CurrentEpReward: 0.000 | RecentReward: 72.026 | QLoss: 0.516575 | ParamLoss: -1.219990 | Epsilon: 0.0200 | Replay: 50000
2026-08-06 23:45:00,523 | INFO | Steps: 147456/150000 | Episodes: 288 | CurrentEpReward: 0.000 | RecentReward: 72.219 | QLoss: 0.503430 | ParamLoss: -1.229454 | Epsilon: 0.0200 | Replay: 50000
2026-08-06 23:45:35,003 | INFO | Steps: 147968/150000 | Episodes: 289 | CurrentEpReward: 0.000 | RecentReward: 71.455 | QLoss: 0.583117 | ParamLoss: -1.224302 | Epsilon: 0.0200 | Replay: 50000
2026-08-06 23:46:09,111 | INFO | Steps: 148480/150000 | Episodes: 290 | CurrentEpReward: 0.000 | RecentReward: 70.884 | QLoss: 0.482624 | ParamLoss: -1.231465 | Epsilon: 0.0200 | Replay: 50000
2026-08-06 23:46:43,616 | INFO | Steps: 148992/150000 | Episodes: 291 | CurrentEpReward: 0.000 | RecentReward: 69.334 | QLoss: 0.518414 | ParamLoss: -1.236542 | Epsilon: 0.0200 | Replay: 50000
2026-08-06 23:47:17,400 | INFO | Steps: 149504/150000 | Episodes: 292 | CurrentEpReward: 0.000 | RecentReward: 68.754 | QLoss: 0.551968 | ParamLoss: -1.241994 | Epsilon: 0.0200 | Replay: 50000
2026-08-06 23:47:50,054 | INFO | Steps: 150000/150000 | Episodes: 292 | CurrentEpReward: 63.569 | RecentReward: 68.754 | QLoss: 0.462493 | ParamLoss: -1.247822 | Epsilon: 0.0200 | Replay: 50000
2026-08-06 23:49:06,125 | INFO | 新的最佳模型 (reward): 77.196，保存至 /home/pjpjq/LEO_switch/results/baseline_compare/multiuser_scaling_multiuser_single_seed_150k_20260804/u35/learned_baselines/pdqn/best_model.pt
2026-08-06 23:49:06,144 | INFO | 周期权重已保存: /home/pjpjq/LEO_switch/results/baseline_compare/multiuser_scaling_multiuser_single_seed_150k_20260804/u35/learned_baselines/pdqn/checkpoint_150000.pt
2026-08-06 23:49:06,204 | INFO | 最终权重已保存: /home/pjpjq/LEO_switch/results/baseline_compare/multiuser_scaling_multiuser_single_seed_150k_20260804/u35/learned_baselines/pdqn/pdqn_model.pt
2026-08-06 23:50:22,098 | INFO | 训练与评估完成 | EvalReward: 77.196 ± 4.845
