2026-08-07 15:03:06,682 | INFO | ============================================================
2026-08-07 15:03:06,683 | INFO | 开始训练纯 PDQN 基线
2026-08-07 15:03:06,683 | INFO | 总步数: 150000 | warmup: 1000 | batch: 128 | 日志间隔: 512 steps | 保存间隔: 50000 steps | device: cuda
2026-08-07 15:03:06,683 | INFO | ============================================================
2026-08-07 15:03:19,416 | INFO | Steps: 512/150000 | Episodes: 1 | CurrentEpReward: 0.000 | RecentReward: -17.099 | QLoss: 0.000000 | ParamLoss: 0.000000 | Epsilon: 1.0000 | Replay: 512
2026-08-07 15:03:35,005 | INFO | Steps: 1024/150000 | Episodes: 2 | CurrentEpReward: 0.000 | RecentReward: -23.282 | QLoss: 0.186973 | ParamLoss: 0.004925 | Epsilon: 0.9993 | Replay: 1024
2026-08-07 15:04:07,519 | INFO | Steps: 1536/150000 | Episodes: 3 | CurrentEpReward: 0.000 | RecentReward: -24.404 | QLoss: 0.173590 | ParamLoss: -0.001307 | Epsilon: 0.9860 | Replay: 1536
2026-08-07 15:04:42,108 | INFO | Steps: 2048/150000 | Episodes: 4 | CurrentEpReward: 0.000 | RecentReward: -23.489 | QLoss: 0.180497 | ParamLoss: -0.005609 | Epsilon: 0.9726 | Replay: 2048
2026-08-07 15:05:15,459 | INFO | Steps: 2560/150000 | Episodes: 5 | CurrentEpReward: 0.000 | RecentReward: -23.613 | QLoss: 0.183371 | ParamLoss: -0.008331 | Epsilon: 0.9592 | Replay: 2560
2026-08-07 15:05:49,286 | INFO | Steps: 3072/150000 | Episodes: 6 | CurrentEpReward: 0.000 | RecentReward: -23.159 | QLoss: 0.186171 | ParamLoss: -0.010480 | Epsilon: 0.9458 | Replay: 3072
2026-08-07 15:06:22,927 | INFO | Steps: 3584/150000 | Episodes: 7 | CurrentEpReward: 0.000 | RecentReward: -23.512 | QLoss: 0.187710 | ParamLoss: -0.016115 | Epsilon: 0.9324 | Replay: 3584
2026-08-07 15:06:58,228 | INFO | Steps: 4096/150000 | Episodes: 8 | CurrentEpReward: 0.000 | RecentReward: -22.967 | QLoss: 0.191709 | ParamLoss: -0.021001 | Epsilon: 0.9191 | Replay: 4096
2026-08-07 15:07:32,444 | INFO | Steps: 4608/150000 | Episodes: 9 | CurrentEpReward: 0.000 | RecentReward: -22.915 | QLoss: 0.191743 | ParamLoss: -0.024128 | Epsilon: 0.9057 | Replay: 4608
2026-08-07 15:08:07,049 | INFO | Steps: 5120/150000 | Episodes: 10 | CurrentEpReward: 0.000 | RecentReward: -22.655 | QLoss: 0.191988 | ParamLoss: -0.027578 | Epsilon: 0.8923 | Replay: 5120
2026-08-07 15:08:40,474 | INFO | Steps: 5632/150000 | Episodes: 11 | CurrentEpReward: 0.000 | RecentReward: -22.793 | QLoss: 0.195810 | ParamLoss: -0.031546 | Epsilon: 0.8789 | Replay: 5632
2026-08-07 15:09:17,029 | INFO | Steps: 6144/150000 | Episodes: 12 | CurrentEpReward: 0.000 | RecentReward: -22.144 | QLoss: 0.195202 | ParamLoss: -0.037690 | Epsilon: 0.8655 | Replay: 6144
2026-08-07 15:09:53,092 | INFO | Steps: 6656/150000 | Episodes: 13 | CurrentEpReward: 0.000 | RecentReward: -21.599 | QLoss: 0.199779 | ParamLoss: -0.043204 | Epsilon: 0.8522 | Replay: 6656
2026-08-07 15:10:26,624 | INFO | Steps: 7168/150000 | Episodes: 14 | CurrentEpReward: 0.000 | RecentReward: -21.376 | QLoss: 0.199168 | ParamLoss: -0.042959 | Epsilon: 0.8388 | Replay: 7168
2026-08-07 15:11:01,266 | INFO | Steps: 7680/150000 | Episodes: 15 | CurrentEpReward: 0.000 | RecentReward: -21.006 | QLoss: 0.199244 | ParamLoss: -0.048920 | Epsilon: 0.8254 | Replay: 7680
2026-08-07 15:11:36,611 | INFO | Steps: 8192/150000 | Episodes: 16 | CurrentEpReward: 0.000 | RecentReward: -20.061 | QLoss: 0.205952 | ParamLoss: -0.053414 | Epsilon: 0.8120 | Replay: 8192
2026-08-07 15:12:13,575 | INFO | Steps: 8704/150000 | Episodes: 17 | CurrentEpReward: 0.000 | RecentReward: -19.627 | QLoss: 0.202770 | ParamLoss: -0.058022 | Epsilon: 0.7986 | Replay: 8704
2026-08-07 15:12:49,463 | INFO | Steps: 9216/150000 | Episodes: 18 | CurrentEpReward: 0.000 | RecentReward: -19.757 | QLoss: 0.204813 | ParamLoss: -0.059667 | Epsilon: 0.7853 | Replay: 9216
2026-08-07 15:13:24,435 | INFO | Steps: 9728/150000 | Episodes: 19 | CurrentEpReward: 0.000 | RecentReward: -18.939 | QLoss: 0.208415 | ParamLoss: -0.068020 | Epsilon: 0.7719 | Replay: 9728
2026-08-07 15:13:59,899 | INFO | Steps: 10240/150000 | Episodes: 20 | CurrentEpReward: 0.000 | RecentReward: -18.345 | QLoss: 0.211652 | ParamLoss: -0.074578 | Epsilon: 0.7585 | Replay: 10240
2026-08-07 15:14:33,379 | INFO | Steps: 10752/150000 | Episodes: 21 | CurrentEpReward: 0.000 | RecentReward: -18.236 | QLoss: 0.213883 | ParamLoss: -0.077419 | Epsilon: 0.7451 | Replay: 10752
2026-08-07 15:15:07,555 | INFO | Steps: 11264/150000 | Episodes: 22 | CurrentEpReward: 0.000 | RecentReward: -17.080 | QLoss: 0.217457 | ParamLoss: -0.077718 | Epsilon: 0.7317 | Replay: 11264
2026-08-07 15:15:43,763 | INFO | Steps: 11776/150000 | Episodes: 23 | CurrentEpReward: 0.000 | RecentReward: -15.771 | QLoss: 0.215181 | ParamLoss: -0.085305 | Epsilon: 0.7184 | Replay: 11776
2026-08-07 15:16:19,666 | INFO | Steps: 12288/150000 | Episodes: 24 | CurrentEpReward: 0.000 | RecentReward: -14.308 | QLoss: 0.211736 | ParamLoss: -0.089486 | Epsilon: 0.7050 | Replay: 12288
2026-08-07 15:16:55,316 | INFO | Steps: 12800/150000 | Episodes: 25 | CurrentEpReward: 0.000 | RecentReward: -13.697 | QLoss: 0.222024 | ParamLoss: -0.097193 | Epsilon: 0.6916 | Replay: 12800
2026-08-07 15:17:29,254 | INFO | Steps: 13312/150000 | Episodes: 26 | CurrentEpReward: 0.000 | RecentReward: -14.523 | QLoss: 0.215469 | ParamLoss: -0.102464 | Epsilon: 0.6782 | Replay: 13312
2026-08-07 15:18:04,300 | INFO | Steps: 13824/150000 | Episodes: 27 | CurrentEpReward: 0.000 | RecentReward: -13.429 | QLoss: 0.219065 | ParamLoss: -0.106640 | Epsilon: 0.6648 | Replay: 13824
2026-08-07 15:18:39,432 | INFO | Steps: 14336/150000 | Episodes: 28 | CurrentEpReward: 0.000 | RecentReward: -11.981 | QLoss: 0.225851 | ParamLoss: -0.112639 | Epsilon: 0.6515 | Replay: 14336
2026-08-07 15:19:14,532 | INFO | Steps: 14848/150000 | Episodes: 29 | CurrentEpReward: 0.000 | RecentReward: -11.715 | QLoss: 0.227269 | ParamLoss: -0.114273 | Epsilon: 0.6381 | Replay: 14848
2026-08-07 15:19:48,490 | INFO | Steps: 15360/150000 | Episodes: 30 | CurrentEpReward: 0.000 | RecentReward: -10.982 | QLoss: 0.227152 | ParamLoss: -0.120934 | Epsilon: 0.6247 | Replay: 15360
2026-08-07 15:20:22,109 | INFO | Steps: 15872/150000 | Episodes: 31 | CurrentEpReward: 0.000 | RecentReward: -10.539 | QLoss: 0.225297 | ParamLoss: -0.124232 | Epsilon: 0.6113 | Replay: 15872
2026-08-07 15:20:56,820 | INFO | Steps: 16384/150000 | Episodes: 32 | CurrentEpReward: 0.000 | RecentReward: -10.423 | QLoss: 0.227614 | ParamLoss: -0.128393 | Epsilon: 0.5979 | Replay: 16384
2026-08-07 15:21:32,230 | INFO | Steps: 16896/150000 | Episodes: 33 | CurrentEpReward: 0.000 | RecentReward: -10.655 | QLoss: 0.238257 | ParamLoss: -0.132042 | Epsilon: 0.5846 | Replay: 16896
2026-08-07 15:22:06,226 | INFO | Steps: 17408/150000 | Episodes: 34 | CurrentEpReward: 0.000 | RecentReward: -10.909 | QLoss: 0.237107 | ParamLoss: -0.130440 | Epsilon: 0.5712 | Replay: 17408
2026-08-07 15:22:41,631 | INFO | Steps: 17920/150000 | Episodes: 35 | CurrentEpReward: 0.000 | RecentReward: -10.031 | QLoss: 0.234275 | ParamLoss: -0.135238 | Epsilon: 0.5578 | Replay: 17920
2026-08-07 15:23:15,261 | INFO | Steps: 18432/150000 | Episodes: 36 | CurrentEpReward: 0.000 | RecentReward: -8.631 | QLoss: 0.239263 | ParamLoss: -0.138531 | Epsilon: 0.5444 | Replay: 18432
2026-08-07 15:23:50,438 | INFO | Steps: 18944/150000 | Episodes: 37 | CurrentEpReward: 0.000 | RecentReward: -8.232 | QLoss: 0.246872 | ParamLoss: -0.139862 | Epsilon: 0.5310 | Replay: 18944
2026-08-07 15:24:25,001 | INFO | Steps: 19456/150000 | Episodes: 38 | CurrentEpReward: 0.000 | RecentReward: -7.794 | QLoss: 0.235229 | ParamLoss: -0.143904 | Epsilon: 0.5177 | Replay: 19456
2026-08-07 15:24:58,086 | INFO | Steps: 19968/150000 | Episodes: 39 | CurrentEpReward: 0.000 | RecentReward: -7.132 | QLoss: 0.245064 | ParamLoss: -0.145903 | Epsilon: 0.5043 | Replay: 19968
2026-08-07 15:25:35,099 | INFO | Steps: 20480/150000 | Episodes: 40 | CurrentEpReward: 0.000 | RecentReward: -6.531 | QLoss: 0.249502 | ParamLoss: -0.146681 | Epsilon: 0.4909 | Replay: 20480
2026-08-07 15:26:11,207 | INFO | Steps: 20992/150000 | Episodes: 41 | CurrentEpReward: 0.000 | RecentReward: -6.119 | QLoss: 0.244515 | ParamLoss: -0.150684 | Epsilon: 0.4775 | Replay: 20992
2026-08-07 15:26:48,003 | INFO | Steps: 21504/150000 | Episodes: 42 | CurrentEpReward: 0.000 | RecentReward: -5.145 | QLoss: 0.245174 | ParamLoss: -0.155023 | Epsilon: 0.4641 | Replay: 21504
2026-08-07 15:27:22,902 | INFO | Steps: 22016/150000 | Episodes: 43 | CurrentEpReward: 0.000 | RecentReward: -4.317 | QLoss: 0.250201 | ParamLoss: -0.156748 | Epsilon: 0.4508 | Replay: 22016
2026-08-07 15:27:57,500 | INFO | Steps: 22528/150000 | Episodes: 44 | CurrentEpReward: 0.000 | RecentReward: -3.669 | QLoss: 0.254796 | ParamLoss: -0.161896 | Epsilon: 0.4374 | Replay: 22528
2026-08-07 15:28:35,333 | INFO | Steps: 23040/150000 | Episodes: 45 | CurrentEpReward: 0.000 | RecentReward: -2.868 | QLoss: 0.275519 | ParamLoss: -0.168818 | Epsilon: 0.4240 | Replay: 23040
2026-08-07 15:29:10,840 | INFO | Steps: 23552/150000 | Episodes: 46 | CurrentEpReward: 0.000 | RecentReward: -1.599 | QLoss: 0.264480 | ParamLoss: -0.169122 | Epsilon: 0.4106 | Replay: 23552
2026-08-07 15:29:45,122 | INFO | Steps: 24064/150000 | Episodes: 47 | CurrentEpReward: 0.000 | RecentReward: 0.104 | QLoss: 0.264794 | ParamLoss: -0.179172 | Epsilon: 0.3972 | Replay: 24064
2026-08-07 15:30:20,091 | INFO | Steps: 24576/150000 | Episodes: 48 | CurrentEpReward: 0.000 | RecentReward: 0.383 | QLoss: 0.265475 | ParamLoss: -0.182802 | Epsilon: 0.3839 | Replay: 24576
2026-08-07 15:30:55,906 | INFO | Steps: 25088/150000 | Episodes: 49 | CurrentEpReward: 0.000 | RecentReward: 0.901 | QLoss: 0.263828 | ParamLoss: -0.189672 | Epsilon: 0.3705 | Replay: 25088
2026-08-07 15:31:29,564 | INFO | Steps: 25600/150000 | Episodes: 50 | CurrentEpReward: 0.000 | RecentReward: 2.097 | QLoss: 0.272616 | ParamLoss: -0.190893 | Epsilon: 0.3571 | Replay: 25600
2026-08-07 15:32:04,627 | INFO | Steps: 26112/150000 | Episodes: 51 | CurrentEpReward: 0.000 | RecentReward: 3.107 | QLoss: 0.264618 | ParamLoss: -0.195309 | Epsilon: 0.3437 | Replay: 26112
2026-08-07 15:32:40,177 | INFO | Steps: 26624/150000 | Episodes: 52 | CurrentEpReward: 0.000 | RecentReward: 3.752 | QLoss: 0.287616 | ParamLoss: -0.197209 | Epsilon: 0.3303 | Replay: 26624
2026-08-07 15:33:14,540 | INFO | Steps: 27136/150000 | Episodes: 53 | CurrentEpReward: 0.000 | RecentReward: 5.286 | QLoss: 0.275924 | ParamLoss: -0.209566 | Epsilon: 0.3170 | Replay: 27136
2026-08-07 15:33:49,321 | INFO | Steps: 27648/150000 | Episodes: 54 | CurrentEpReward: 0.000 | RecentReward: 5.520 | QLoss: 0.289801 | ParamLoss: -0.209909 | Epsilon: 0.3036 | Replay: 27648
2026-08-07 15:34:24,984 | INFO | Steps: 28160/150000 | Episodes: 55 | CurrentEpReward: 0.000 | RecentReward: 5.891 | QLoss: 0.285200 | ParamLoss: -0.218446 | Epsilon: 0.2902 | Replay: 28160
2026-08-07 15:35:00,919 | INFO | Steps: 28672/150000 | Episodes: 56 | CurrentEpReward: 0.000 | RecentReward: 5.986 | QLoss: 0.274023 | ParamLoss: -0.220740 | Epsilon: 0.2768 | Replay: 28672
2026-08-07 15:35:36,966 | INFO | Steps: 29184/150000 | Episodes: 57 | CurrentEpReward: 0.000 | RecentReward: 5.337 | QLoss: 0.279258 | ParamLoss: -0.225358 | Epsilon: 0.2634 | Replay: 29184
2026-08-07 15:36:10,123 | INFO | Steps: 29696/150000 | Episodes: 58 | CurrentEpReward: 0.000 | RecentReward: 7.665 | QLoss: 0.277947 | ParamLoss: -0.229061 | Epsilon: 0.2501 | Replay: 29696
2026-08-07 15:36:45,994 | INFO | Steps: 30208/150000 | Episodes: 59 | CurrentEpReward: 0.000 | RecentReward: 8.859 | QLoss: 0.276302 | ParamLoss: -0.240950 | Epsilon: 0.2367 | Replay: 30208
2026-08-07 15:37:19,750 | INFO | Steps: 30720/150000 | Episodes: 60 | CurrentEpReward: 0.000 | RecentReward: 8.471 | QLoss: 0.306482 | ParamLoss: -0.241606 | Epsilon: 0.2233 | Replay: 30720
2026-08-07 15:37:55,364 | INFO | Steps: 31232/150000 | Episodes: 61 | CurrentEpReward: 0.000 | RecentReward: 11.619 | QLoss: 0.291110 | ParamLoss: -0.245526 | Epsilon: 0.2099 | Replay: 31232
2026-08-07 15:38:29,509 | INFO | Steps: 31744/150000 | Episodes: 62 | CurrentEpReward: 0.000 | RecentReward: 12.763 | QLoss: 0.296013 | ParamLoss: -0.243938 | Epsilon: 0.1965 | Replay: 31744
2026-08-07 15:39:05,345 | INFO | Steps: 32256/150000 | Episodes: 63 | CurrentEpReward: 0.000 | RecentReward: 13.059 | QLoss: 0.300662 | ParamLoss: -0.244796 | Epsilon: 0.1832 | Replay: 32256
2026-08-07 15:39:40,869 | INFO | Steps: 32768/150000 | Episodes: 64 | CurrentEpReward: 0.000 | RecentReward: 14.737 | QLoss: 0.301752 | ParamLoss: -0.254161 | Epsilon: 0.1698 | Replay: 32768
2026-08-07 15:40:14,996 | INFO | Steps: 33280/150000 | Episodes: 65 | CurrentEpReward: 0.000 | RecentReward: 16.714 | QLoss: 0.301377 | ParamLoss: -0.256819 | Epsilon: 0.1564 | Replay: 33280
2026-08-07 15:40:46,477 | INFO | Steps: 33792/150000 | Episodes: 66 | CurrentEpReward: 0.000 | RecentReward: 17.815 | QLoss: 0.313616 | ParamLoss: -0.267944 | Epsilon: 0.1430 | Replay: 33792
2026-08-07 15:41:21,203 | INFO | Steps: 34304/150000 | Episodes: 67 | CurrentEpReward: 0.000 | RecentReward: 20.357 | QLoss: 0.289463 | ParamLoss: -0.276248 | Epsilon: 0.1296 | Replay: 34304
2026-08-07 15:41:55,725 | INFO | Steps: 34816/150000 | Episodes: 68 | CurrentEpReward: 0.000 | RecentReward: 20.372 | QLoss: 0.304524 | ParamLoss: -0.282178 | Epsilon: 0.1162 | Replay: 34816
2026-08-07 15:42:28,799 | INFO | Steps: 35328/150000 | Episodes: 69 | CurrentEpReward: 0.000 | RecentReward: 21.578 | QLoss: 0.311520 | ParamLoss: -0.284651 | Epsilon: 0.1029 | Replay: 35328
2026-08-07 15:43:05,391 | INFO | Steps: 35840/150000 | Episodes: 70 | CurrentEpReward: 0.000 | RecentReward: 24.937 | QLoss: 0.303690 | ParamLoss: -0.287851 | Epsilon: 0.0895 | Replay: 35840
2026-08-07 15:43:39,934 | INFO | Steps: 36352/150000 | Episodes: 71 | CurrentEpReward: 0.000 | RecentReward: 24.770 | QLoss: 0.310384 | ParamLoss: -0.294089 | Epsilon: 0.0761 | Replay: 36352
2026-08-07 15:44:13,899 | INFO | Steps: 36864/150000 | Episodes: 72 | CurrentEpReward: 0.000 | RecentReward: 26.095 | QLoss: 0.302196 | ParamLoss: -0.297621 | Epsilon: 0.0627 | Replay: 36864
2026-08-07 15:44:50,607 | INFO | Steps: 37376/150000 | Episodes: 73 | CurrentEpReward: 0.000 | RecentReward: 28.279 | QLoss: 0.315972 | ParamLoss: -0.305736 | Epsilon: 0.0493 | Replay: 37376
2026-08-07 15:45:23,307 | INFO | Steps: 37888/150000 | Episodes: 74 | CurrentEpReward: 0.000 | RecentReward: 29.670 | QLoss: 0.308626 | ParamLoss: -0.311332 | Epsilon: 0.0360 | Replay: 37888
2026-08-07 15:45:59,254 | INFO | Steps: 38400/150000 | Episodes: 75 | CurrentEpReward: 0.000 | RecentReward: 31.429 | QLoss: 0.313688 | ParamLoss: -0.327525 | Epsilon: 0.0226 | Replay: 38400
2026-08-07 15:46:34,378 | INFO | Steps: 38912/150000 | Episodes: 76 | CurrentEpReward: 0.000 | RecentReward: 33.332 | QLoss: 0.306282 | ParamLoss: -0.336246 | Epsilon: 0.0200 | Replay: 38912
2026-08-07 15:47:09,289 | INFO | Steps: 39424/150000 | Episodes: 77 | CurrentEpReward: 0.000 | RecentReward: 34.558 | QLoss: 0.304041 | ParamLoss: -0.346872 | Epsilon: 0.0200 | Replay: 39424
2026-08-07 15:47:46,008 | INFO | Steps: 39936/150000 | Episodes: 78 | CurrentEpReward: 0.000 | RecentReward: 37.261 | QLoss: 0.309704 | ParamLoss: -0.359793 | Epsilon: 0.0200 | Replay: 39936
2026-08-07 15:48:22,371 | INFO | Steps: 40448/150000 | Episodes: 79 | CurrentEpReward: 0.000 | RecentReward: 40.268 | QLoss: 0.296044 | ParamLoss: -0.368743 | Epsilon: 0.0200 | Replay: 40448
2026-08-07 15:48:58,511 | INFO | Steps: 40960/150000 | Episodes: 80 | CurrentEpReward: 0.000 | RecentReward: 41.552 | QLoss: 0.322993 | ParamLoss: -0.370724 | Epsilon: 0.0200 | Replay: 40960
2026-08-07 15:49:34,272 | INFO | Steps: 41472/150000 | Episodes: 81 | CurrentEpReward: 0.000 | RecentReward: 42.319 | QLoss: 0.308331 | ParamLoss: -0.373532 | Epsilon: 0.0200 | Replay: 41472
2026-08-07 15:50:08,719 | INFO | Steps: 41984/150000 | Episodes: 82 | CurrentEpReward: 0.000 | RecentReward: 43.310 | QLoss: 0.300201 | ParamLoss: -0.389868 | Epsilon: 0.0200 | Replay: 41984
2026-08-07 15:50:42,429 | INFO | Steps: 42496/150000 | Episodes: 83 | CurrentEpReward: 0.000 | RecentReward: 43.541 | QLoss: 0.331783 | ParamLoss: -0.388401 | Epsilon: 0.0200 | Replay: 42496
2026-08-07 15:51:15,751 | INFO | Steps: 43008/150000 | Episodes: 84 | CurrentEpReward: 0.000 | RecentReward: 45.437 | QLoss: 0.329230 | ParamLoss: -0.397124 | Epsilon: 0.0200 | Replay: 43008
2026-08-07 15:51:51,425 | INFO | Steps: 43520/150000 | Episodes: 85 | CurrentEpReward: 0.000 | RecentReward: 44.978 | QLoss: 0.321991 | ParamLoss: -0.406294 | Epsilon: 0.0200 | Replay: 43520
2026-08-07 15:52:26,171 | INFO | Steps: 44032/150000 | Episodes: 86 | CurrentEpReward: 0.000 | RecentReward: 45.903 | QLoss: 0.319342 | ParamLoss: -0.408508 | Epsilon: 0.0200 | Replay: 44032
2026-08-07 15:53:01,517 | INFO | Steps: 44544/150000 | Episodes: 87 | CurrentEpReward: 0.000 | RecentReward: 45.917 | QLoss: 0.337456 | ParamLoss: -0.406811 | Epsilon: 0.0200 | Replay: 44544
2026-08-07 15:53:37,399 | INFO | Steps: 45056/150000 | Episodes: 88 | CurrentEpReward: 0.000 | RecentReward: 45.844 | QLoss: 0.292216 | ParamLoss: -0.410308 | Epsilon: 0.0200 | Replay: 45056
2026-08-07 15:54:14,613 | INFO | Steps: 45568/150000 | Episodes: 89 | CurrentEpReward: 0.000 | RecentReward: 46.106 | QLoss: 0.331722 | ParamLoss: -0.412180 | Epsilon: 0.0200 | Replay: 45568
2026-08-07 15:54:51,126 | INFO | Steps: 46080/150000 | Episodes: 90 | CurrentEpReward: 0.000 | RecentReward: 45.415 | QLoss: 0.315266 | ParamLoss: -0.418899 | Epsilon: 0.0200 | Replay: 46080
2026-08-07 15:55:28,810 | INFO | Steps: 46592/150000 | Episodes: 91 | CurrentEpReward: 0.000 | RecentReward: 47.778 | QLoss: 0.315353 | ParamLoss: -0.431300 | Epsilon: 0.0200 | Replay: 46592
2026-08-07 15:56:04,171 | INFO | Steps: 47104/150000 | Episodes: 92 | CurrentEpReward: 0.000 | RecentReward: 49.227 | QLoss: 0.282216 | ParamLoss: -0.444695 | Epsilon: 0.0200 | Replay: 47104
2026-08-07 15:56:37,817 | INFO | Steps: 47616/150000 | Episodes: 93 | CurrentEpReward: 0.000 | RecentReward: 50.842 | QLoss: 0.309318 | ParamLoss: -0.441067 | Epsilon: 0.0200 | Replay: 47616
2026-08-07 15:57:12,711 | INFO | Steps: 48128/150000 | Episodes: 94 | CurrentEpReward: 0.000 | RecentReward: 51.670 | QLoss: 0.305781 | ParamLoss: -0.451849 | Epsilon: 0.0200 | Replay: 48128
2026-08-07 15:57:49,268 | INFO | Steps: 48640/150000 | Episodes: 95 | CurrentEpReward: 0.000 | RecentReward: 53.742 | QLoss: 0.326927 | ParamLoss: -0.458089 | Epsilon: 0.0200 | Replay: 48640
2026-08-07 15:58:25,683 | INFO | Steps: 49152/150000 | Episodes: 96 | CurrentEpReward: 0.000 | RecentReward: 55.080 | QLoss: 0.336267 | ParamLoss: -0.459512 | Epsilon: 0.0200 | Replay: 49152
2026-08-07 15:59:02,792 | INFO | Steps: 49664/150000 | Episodes: 97 | CurrentEpReward: 0.000 | RecentReward: 57.698 | QLoss: 0.322324 | ParamLoss: -0.461617 | Epsilon: 0.0200 | Replay: 49664
2026-08-07 16:00:45,189 | INFO | 新的最佳模型 (reward): 70.394，保存至 /home/pjpjq/LEO_switch/results/baseline_compare/multiuser_scaling_multiuser_single_seed_150k_20260804/u40/learned_baselines/pdqn/best_model.pt
2026-08-07 16:00:45,195 | INFO | 周期权重已保存: /home/pjpjq/LEO_switch/results/baseline_compare/multiuser_scaling_multiuser_single_seed_150k_20260804/u40/learned_baselines/pdqn/checkpoint_50000.pt
2026-08-07 16:00:57,989 | INFO | Steps: 50176/150000 | Episodes: 98 | CurrentEpReward: 0.000 | RecentReward: 59.819 | QLoss: 0.337738 | ParamLoss: -0.465011 | Epsilon: 0.0200 | Replay: 50000
2026-08-07 16:01:34,234 | INFO | Steps: 50688/150000 | Episodes: 99 | CurrentEpReward: 0.000 | RecentReward: 59.619 | QLoss: 0.334792 | ParamLoss: -0.475062 | Epsilon: 0.0200 | Replay: 50000
2026-08-07 16:02:10,138 | INFO | Steps: 51200/150000 | Episodes: 100 | CurrentEpReward: 0.000 | RecentReward: 61.265 | QLoss: 0.295530 | ParamLoss: -0.475563 | Epsilon: 0.0200 | Replay: 50000
2026-08-07 16:02:45,421 | INFO | Steps: 51712/150000 | Episodes: 101 | CurrentEpReward: 0.000 | RecentReward: 60.989 | QLoss: 0.316334 | ParamLoss: -0.489807 | Epsilon: 0.0200 | Replay: 50000
2026-08-07 16:03:21,343 | INFO | Steps: 52224/150000 | Episodes: 102 | CurrentEpReward: 0.000 | RecentReward: 61.804 | QLoss: 0.382071 | ParamLoss: -0.482138 | Epsilon: 0.0200 | Replay: 50000
2026-08-07 16:03:56,944 | INFO | Steps: 52736/150000 | Episodes: 103 | CurrentEpReward: 0.000 | RecentReward: 62.255 | QLoss: 0.332831 | ParamLoss: -0.484310 | Epsilon: 0.0200 | Replay: 50000
2026-08-07 16:04:30,420 | INFO | Steps: 53248/150000 | Episodes: 104 | CurrentEpReward: 0.000 | RecentReward: 62.964 | QLoss: 0.296332 | ParamLoss: -0.499120 | Epsilon: 0.0200 | Replay: 50000
2026-08-07 16:05:05,226 | INFO | Steps: 53760/150000 | Episodes: 105 | CurrentEpReward: 0.000 | RecentReward: 63.275 | QLoss: 0.306271 | ParamLoss: -0.500713 | Epsilon: 0.0200 | Replay: 50000
2026-08-07 16:05:40,959 | INFO | Steps: 54272/150000 | Episodes: 106 | CurrentEpReward: 0.000 | RecentReward: 63.646 | QLoss: 0.354344 | ParamLoss: -0.504342 | Epsilon: 0.0200 | Replay: 50000
2026-08-07 16:06:17,638 | INFO | Steps: 54784/150000 | Episodes: 107 | CurrentEpReward: 0.000 | RecentReward: 63.801 | QLoss: 0.292765 | ParamLoss: -0.511175 | Epsilon: 0.0200 | Replay: 50000
2026-08-07 16:06:54,095 | INFO | Steps: 55296/150000 | Episodes: 108 | CurrentEpReward: 0.000 | RecentReward: 64.275 | QLoss: 0.358362 | ParamLoss: -0.503021 | Epsilon: 0.0200 | Replay: 50000
2026-08-07 16:07:28,377 | INFO | Steps: 55808/150000 | Episodes: 109 | CurrentEpReward: 0.000 | RecentReward: 65.476 | QLoss: 0.352443 | ParamLoss: -0.519669 | Epsilon: 0.0200 | Replay: 50000
2026-08-07 16:08:04,191 | INFO | Steps: 56320/150000 | Episodes: 110 | CurrentEpReward: 0.000 | RecentReward: 65.767 | QLoss: 0.369124 | ParamLoss: -0.518052 | Epsilon: 0.0200 | Replay: 50000
2026-08-07 16:08:39,063 | INFO | Steps: 56832/150000 | Episodes: 111 | CurrentEpReward: 0.000 | RecentReward: 66.379 | QLoss: 0.353421 | ParamLoss: -0.527480 | Epsilon: 0.0200 | Replay: 50000
2026-08-07 16:09:14,063 | INFO | Steps: 57344/150000 | Episodes: 112 | CurrentEpReward: 0.000 | RecentReward: 67.245 | QLoss: 0.328157 | ParamLoss: -0.533900 | Epsilon: 0.0200 | Replay: 50000
2026-08-07 16:09:49,930 | INFO | Steps: 57856/150000 | Episodes: 113 | CurrentEpReward: 0.000 | RecentReward: 67.360 | QLoss: 0.316636 | ParamLoss: -0.534708 | Epsilon: 0.0200 | Replay: 50000
2026-08-07 16:10:26,566 | INFO | Steps: 58368/150000 | Episodes: 114 | CurrentEpReward: 0.000 | RecentReward: 67.521 | QLoss: 0.336325 | ParamLoss: -0.539681 | Epsilon: 0.0200 | Replay: 50000
2026-08-07 16:11:02,337 | INFO | Steps: 58880/150000 | Episodes: 115 | CurrentEpReward: 0.000 | RecentReward: 68.368 | QLoss: 0.314700 | ParamLoss: -0.542498 | Epsilon: 0.0200 | Replay: 50000
2026-08-07 16:11:39,351 | INFO | Steps: 59392/150000 | Episodes: 116 | CurrentEpReward: 0.000 | RecentReward: 69.488 | QLoss: 0.356541 | ParamLoss: -0.552034 | Epsilon: 0.0200 | Replay: 50000
2026-08-07 16:12:17,496 | INFO | Steps: 59904/150000 | Episodes: 117 | CurrentEpReward: 0.000 | RecentReward: 69.767 | QLoss: 0.332434 | ParamLoss: -0.554658 | Epsilon: 0.0200 | Replay: 50000
2026-08-07 16:12:52,273 | INFO | Steps: 60416/150000 | Episodes: 118 | CurrentEpReward: 0.000 | RecentReward: 68.474 | QLoss: 0.351143 | ParamLoss: -0.561813 | Epsilon: 0.0200 | Replay: 50000
2026-08-07 16:13:28,822 | INFO | Steps: 60928/150000 | Episodes: 119 | CurrentEpReward: 0.000 | RecentReward: 68.920 | QLoss: 0.332275 | ParamLoss: -0.573233 | Epsilon: 0.0200 | Replay: 50000
2026-08-07 16:14:04,404 | INFO | Steps: 61440/150000 | Episodes: 120 | CurrentEpReward: 0.000 | RecentReward: 68.040 | QLoss: 0.339643 | ParamLoss: -0.578938 | Epsilon: 0.0200 | Replay: 50000
2026-08-07 16:14:42,860 | INFO | Steps: 61952/150000 | Episodes: 121 | CurrentEpReward: 0.000 | RecentReward: 68.032 | QLoss: 0.305013 | ParamLoss: -0.581144 | Epsilon: 0.0200 | Replay: 50000
2026-08-07 16:15:20,746 | INFO | Steps: 62464/150000 | Episodes: 122 | CurrentEpReward: 0.000 | RecentReward: 67.976 | QLoss: 0.292314 | ParamLoss: -0.588571 | Epsilon: 0.0200 | Replay: 50000
2026-08-07 16:15:59,221 | INFO | Steps: 62976/150000 | Episodes: 123 | CurrentEpReward: 0.000 | RecentReward: 68.708 | QLoss: 0.323436 | ParamLoss: -0.592655 | Epsilon: 0.0200 | Replay: 50000
2026-08-07 16:16:38,480 | INFO | Steps: 63488/150000 | Episodes: 124 | CurrentEpReward: 0.000 | RecentReward: 69.425 | QLoss: 0.311755 | ParamLoss: -0.601648 | Epsilon: 0.0200 | Replay: 50000
2026-08-07 16:17:19,482 | INFO | Steps: 64000/150000 | Episodes: 125 | CurrentEpReward: 0.000 | RecentReward: 69.118 | QLoss: 0.318710 | ParamLoss: -0.610308 | Epsilon: 0.0200 | Replay: 50000
2026-08-07 16:17:58,630 | INFO | Steps: 64512/150000 | Episodes: 126 | CurrentEpReward: 0.000 | RecentReward: 68.497 | QLoss: 0.324369 | ParamLoss: -0.605772 | Epsilon: 0.0200 | Replay: 50000
2026-08-07 16:18:38,603 | INFO | Steps: 65024/150000 | Episodes: 127 | CurrentEpReward: 0.000 | RecentReward: 67.171 | QLoss: 0.325689 | ParamLoss: -0.608371 | Epsilon: 0.0200 | Replay: 50000
2026-08-07 16:19:16,851 | INFO | Steps: 65536/150000 | Episodes: 128 | CurrentEpReward: 0.000 | RecentReward: 67.561 | QLoss: 0.312420 | ParamLoss: -0.616460 | Epsilon: 0.0200 | Replay: 50000
2026-08-07 16:19:56,068 | INFO | Steps: 66048/150000 | Episodes: 129 | CurrentEpReward: 0.000 | RecentReward: 67.703 | QLoss: 0.338932 | ParamLoss: -0.627305 | Epsilon: 0.0200 | Replay: 50000
2026-08-07 16:20:33,989 | INFO | Steps: 66560/150000 | Episodes: 130 | CurrentEpReward: 0.000 | RecentReward: 68.083 | QLoss: 0.382314 | ParamLoss: -0.632994 | Epsilon: 0.0200 | Replay: 50000
2026-08-07 16:21:15,074 | INFO | Steps: 67072/150000 | Episodes: 131 | CurrentEpReward: 0.000 | RecentReward: 68.560 | QLoss: 0.340393 | ParamLoss: -0.640175 | Epsilon: 0.0200 | Replay: 50000
2026-08-07 16:21:55,189 | INFO | Steps: 67584/150000 | Episodes: 132 | CurrentEpReward: 0.000 | RecentReward: 69.189 | QLoss: 0.374716 | ParamLoss: -0.634852 | Epsilon: 0.0200 | Replay: 50000
2026-08-07 16:22:32,999 | INFO | Steps: 68096/150000 | Episodes: 133 | CurrentEpReward: 0.000 | RecentReward: 68.658 | QLoss: 0.322621 | ParamLoss: -0.640993 | Epsilon: 0.0200 | Replay: 50000
2026-08-07 16:23:09,595 | INFO | Steps: 68608/150000 | Episodes: 134 | CurrentEpReward: 0.000 | RecentReward: 67.855 | QLoss: 0.330162 | ParamLoss: -0.654362 | Epsilon: 0.0200 | Replay: 50000
2026-08-07 16:23:45,124 | INFO | Steps: 69120/150000 | Episodes: 135 | CurrentEpReward: 0.000 | RecentReward: 67.464 | QLoss: 0.331626 | ParamLoss: -0.652313 | Epsilon: 0.0200 | Replay: 50000
2026-08-07 16:24:22,318 | INFO | Steps: 69632/150000 | Episodes: 136 | CurrentEpReward: 0.000 | RecentReward: 67.799 | QLoss: 0.312528 | ParamLoss: -0.653513 | Epsilon: 0.0200 | Replay: 50000
2026-08-07 16:24:59,568 | INFO | Steps: 70144/150000 | Episodes: 137 | CurrentEpReward: 0.000 | RecentReward: 69.453 | QLoss: 0.337041 | ParamLoss: -0.665748 | Epsilon: 0.0200 | Replay: 50000
2026-08-07 16:25:37,209 | INFO | Steps: 70656/150000 | Episodes: 138 | CurrentEpReward: 0.000 | RecentReward: 69.770 | QLoss: 0.376019 | ParamLoss: -0.678830 | Epsilon: 0.0200 | Replay: 50000
2026-08-07 16:26:12,821 | INFO | Steps: 71168/150000 | Episodes: 139 | CurrentEpReward: 0.000 | RecentReward: 68.774 | QLoss: 0.323393 | ParamLoss: -0.679843 | Epsilon: 0.0200 | Replay: 50000
2026-08-07 16:26:49,800 | INFO | Steps: 71680/150000 | Episodes: 140 | CurrentEpReward: 0.000 | RecentReward: 69.417 | QLoss: 0.335763 | ParamLoss: -0.676071 | Epsilon: 0.0200 | Replay: 50000
2026-08-07 16:27:24,847 | INFO | Steps: 72192/150000 | Episodes: 141 | CurrentEpReward: 0.000 | RecentReward: 68.857 | QLoss: 0.380497 | ParamLoss: -0.682684 | Epsilon: 0.0200 | Replay: 50000
2026-08-07 16:27:59,910 | INFO | Steps: 72704/150000 | Episodes: 142 | CurrentEpReward: 0.000 | RecentReward: 67.326 | QLoss: 0.351838 | ParamLoss: -0.684849 | Epsilon: 0.0200 | Replay: 50000
2026-08-07 16:28:36,052 | INFO | Steps: 73216/150000 | Episodes: 143 | CurrentEpReward: 0.000 | RecentReward: 68.751 | QLoss: 0.383533 | ParamLoss: -0.694871 | Epsilon: 0.0200 | Replay: 50000
2026-08-07 16:29:11,997 | INFO | Steps: 73728/150000 | Episodes: 144 | CurrentEpReward: 0.000 | RecentReward: 69.299 | QLoss: 0.340369 | ParamLoss: -0.702977 | Epsilon: 0.0200 | Replay: 50000
2026-08-07 16:29:47,226 | INFO | Steps: 74240/150000 | Episodes: 145 | CurrentEpReward: 0.000 | RecentReward: 69.650 | QLoss: 0.368523 | ParamLoss: -0.709480 | Epsilon: 0.0200 | Replay: 50000
2026-08-07 16:30:22,859 | INFO | Steps: 74752/150000 | Episodes: 146 | CurrentEpReward: 0.000 | RecentReward: 69.042 | QLoss: 0.396783 | ParamLoss: -0.713855 | Epsilon: 0.0200 | Replay: 50000
2026-08-07 16:30:56,907 | INFO | Steps: 75264/150000 | Episodes: 147 | CurrentEpReward: 0.000 | RecentReward: 68.282 | QLoss: 0.381167 | ParamLoss: -0.717581 | Epsilon: 0.0200 | Replay: 50000
2026-08-07 16:31:31,354 | INFO | Steps: 75776/150000 | Episodes: 148 | CurrentEpReward: 0.000 | RecentReward: 67.773 | QLoss: 0.371141 | ParamLoss: -0.724997 | Epsilon: 0.0200 | Replay: 50000
2026-08-07 16:32:08,382 | INFO | Steps: 76288/150000 | Episodes: 149 | CurrentEpReward: 0.000 | RecentReward: 68.760 | QLoss: 0.391418 | ParamLoss: -0.730427 | Epsilon: 0.0200 | Replay: 50000
2026-08-07 16:32:44,740 | INFO | Steps: 76800/150000 | Episodes: 150 | CurrentEpReward: 0.000 | RecentReward: 68.310 | QLoss: 0.359489 | ParamLoss: -0.738561 | Epsilon: 0.0200 | Replay: 50000
2026-08-07 16:33:20,807 | INFO | Steps: 77312/150000 | Episodes: 151 | CurrentEpReward: 0.000 | RecentReward: 68.076 | QLoss: 0.415713 | ParamLoss: -0.739198 | Epsilon: 0.0200 | Replay: 50000
2026-08-07 16:33:57,672 | INFO | Steps: 77824/150000 | Episodes: 152 | CurrentEpReward: 0.000 | RecentReward: 68.125 | QLoss: 0.367720 | ParamLoss: -0.742804 | Epsilon: 0.0200 | Replay: 50000
2026-08-07 16:34:33,593 | INFO | Steps: 78336/150000 | Episodes: 153 | CurrentEpReward: 0.000 | RecentReward: 67.518 | QLoss: 0.389413 | ParamLoss: -0.745324 | Epsilon: 0.0200 | Replay: 50000
2026-08-07 16:35:08,703 | INFO | Steps: 78848/150000 | Episodes: 154 | CurrentEpReward: 0.000 | RecentReward: 66.868 | QLoss: 0.349734 | ParamLoss: -0.748223 | Epsilon: 0.0200 | Replay: 50000
2026-08-07 16:35:42,423 | INFO | Steps: 79360/150000 | Episodes: 155 | CurrentEpReward: 0.000 | RecentReward: 66.719 | QLoss: 0.378375 | ParamLoss: -0.758542 | Epsilon: 0.0200 | Replay: 50000
2026-08-07 16:36:19,239 | INFO | Steps: 79872/150000 | Episodes: 156 | CurrentEpReward: 0.000 | RecentReward: 66.949 | QLoss: 0.359324 | ParamLoss: -0.758183 | Epsilon: 0.0200 | Replay: 50000
2026-08-07 16:36:55,754 | INFO | Steps: 80384/150000 | Episodes: 157 | CurrentEpReward: 0.000 | RecentReward: 66.446 | QLoss: 0.429406 | ParamLoss: -0.755643 | Epsilon: 0.0200 | Replay: 50000
2026-08-07 16:37:32,754 | INFO | Steps: 80896/150000 | Episodes: 158 | CurrentEpReward: 0.000 | RecentReward: 65.703 | QLoss: 0.361909 | ParamLoss: -0.762313 | Epsilon: 0.0200 | Replay: 50000
2026-08-07 16:38:07,428 | INFO | Steps: 81408/150000 | Episodes: 159 | CurrentEpReward: 0.000 | RecentReward: 65.201 | QLoss: 0.374711 | ParamLoss: -0.764564 | Epsilon: 0.0200 | Replay: 50000
2026-08-07 16:38:43,038 | INFO | Steps: 81920/150000 | Episodes: 160 | CurrentEpReward: 0.000 | RecentReward: 65.136 | QLoss: 0.366124 | ParamLoss: -0.774075 | Epsilon: 0.0200 | Replay: 50000
2026-08-07 16:39:19,931 | INFO | Steps: 82432/150000 | Episodes: 161 | CurrentEpReward: 0.000 | RecentReward: 65.525 | QLoss: 0.425507 | ParamLoss: -0.776839 | Epsilon: 0.0200 | Replay: 50000
2026-08-07 16:39:55,059 | INFO | Steps: 82944/150000 | Episodes: 162 | CurrentEpReward: 0.000 | RecentReward: 66.200 | QLoss: 0.401107 | ParamLoss: -0.777222 | Epsilon: 0.0200 | Replay: 50000
2026-08-07 16:40:30,899 | INFO | Steps: 83456/150000 | Episodes: 163 | CurrentEpReward: 0.000 | RecentReward: 65.024 | QLoss: 0.360104 | ParamLoss: -0.786119 | Epsilon: 0.0200 | Replay: 50000
2026-08-07 16:41:08,117 | INFO | Steps: 83968/150000 | Episodes: 164 | CurrentEpReward: 0.000 | RecentReward: 63.991 | QLoss: 0.412032 | ParamLoss: -0.789643 | Epsilon: 0.0200 | Replay: 50000
2026-08-07 16:41:42,665 | INFO | Steps: 84480/150000 | Episodes: 165 | CurrentEpReward: 0.000 | RecentReward: 63.237 | QLoss: 0.348273 | ParamLoss: -0.795418 | Epsilon: 0.0200 | Replay: 50000
2026-08-07 16:42:20,157 | INFO | Steps: 84992/150000 | Episodes: 166 | CurrentEpReward: 0.000 | RecentReward: 62.953 | QLoss: 0.338161 | ParamLoss: -0.793799 | Epsilon: 0.0200 | Replay: 50000
2026-08-07 16:42:56,144 | INFO | Steps: 85504/150000 | Episodes: 167 | CurrentEpReward: 0.000 | RecentReward: 62.795 | QLoss: 0.372249 | ParamLoss: -0.801544 | Epsilon: 0.0200 | Replay: 50000
2026-08-07 16:43:31,435 | INFO | Steps: 86016/150000 | Episodes: 168 | CurrentEpReward: 0.000 | RecentReward: 63.331 | QLoss: 0.378037 | ParamLoss: -0.794788 | Epsilon: 0.0200 | Replay: 50000
2026-08-07 16:44:08,779 | INFO | Steps: 86528/150000 | Episodes: 169 | CurrentEpReward: 0.000 | RecentReward: 62.890 | QLoss: 0.356751 | ParamLoss: -0.796987 | Epsilon: 0.0200 | Replay: 50000
2026-08-07 16:44:43,802 | INFO | Steps: 87040/150000 | Episodes: 170 | CurrentEpReward: 0.000 | RecentReward: 62.854 | QLoss: 0.363208 | ParamLoss: -0.799327 | Epsilon: 0.0200 | Replay: 50000
2026-08-07 16:45:21,432 | INFO | Steps: 87552/150000 | Episodes: 171 | CurrentEpReward: 0.000 | RecentReward: 62.717 | QLoss: 0.402316 | ParamLoss: -0.807099 | Epsilon: 0.0200 | Replay: 50000
2026-08-07 16:45:57,528 | INFO | Steps: 88064/150000 | Episodes: 172 | CurrentEpReward: 0.000 | RecentReward: 62.276 | QLoss: 0.398920 | ParamLoss: -0.809298 | Epsilon: 0.0200 | Replay: 50000
2026-08-07 16:46:32,213 | INFO | Steps: 88576/150000 | Episodes: 173 | CurrentEpReward: 0.000 | RecentReward: 61.817 | QLoss: 0.351667 | ParamLoss: -0.816811 | Epsilon: 0.0200 | Replay: 50000
2026-08-07 16:47:07,586 | INFO | Steps: 89088/150000 | Episodes: 174 | CurrentEpReward: 0.000 | RecentReward: 62.706 | QLoss: 0.394040 | ParamLoss: -0.817112 | Epsilon: 0.0200 | Replay: 50000
2026-08-07 16:47:43,026 | INFO | Steps: 89600/150000 | Episodes: 175 | CurrentEpReward: 0.000 | RecentReward: 64.137 | QLoss: 0.412849 | ParamLoss: -0.819986 | Epsilon: 0.0200 | Replay: 50000
2026-08-07 16:48:19,536 | INFO | Steps: 90112/150000 | Episodes: 176 | CurrentEpReward: 0.000 | RecentReward: 64.876 | QLoss: 0.445305 | ParamLoss: -0.826148 | Epsilon: 0.0200 | Replay: 50000
2026-08-07 16:48:55,575 | INFO | Steps: 90624/150000 | Episodes: 177 | CurrentEpReward: 0.000 | RecentReward: 65.934 | QLoss: 0.396777 | ParamLoss: -0.830365 | Epsilon: 0.0200 | Replay: 50000
2026-08-07 16:49:29,548 | INFO | Steps: 91136/150000 | Episodes: 178 | CurrentEpReward: 0.000 | RecentReward: 66.338 | QLoss: 0.365688 | ParamLoss: -0.846360 | Epsilon: 0.0200 | Replay: 50000
2026-08-07 16:50:06,829 | INFO | Steps: 91648/150000 | Episodes: 179 | CurrentEpReward: 0.000 | RecentReward: 66.749 | QLoss: 0.417761 | ParamLoss: -0.841074 | Epsilon: 0.0200 | Replay: 50000
2026-08-07 16:50:42,184 | INFO | Steps: 92160/150000 | Episodes: 180 | CurrentEpReward: 0.000 | RecentReward: 67.676 | QLoss: 0.490844 | ParamLoss: -0.853532 | Epsilon: 0.0200 | Replay: 50000
2026-08-07 16:51:18,369 | INFO | Steps: 92672/150000 | Episodes: 181 | CurrentEpReward: 0.000 | RecentReward: 68.310 | QLoss: 0.438462 | ParamLoss: -0.862424 | Epsilon: 0.0200 | Replay: 50000
2026-08-07 16:51:54,553 | INFO | Steps: 93184/150000 | Episodes: 182 | CurrentEpReward: 0.000 | RecentReward: 68.986 | QLoss: 0.439322 | ParamLoss: -0.874590 | Epsilon: 0.0200 | Replay: 50000
2026-08-07 16:52:31,972 | INFO | Steps: 93696/150000 | Episodes: 183 | CurrentEpReward: 0.000 | RecentReward: 68.921 | QLoss: 0.426937 | ParamLoss: -0.877368 | Epsilon: 0.0200 | Replay: 50000
2026-08-07 16:53:08,447 | INFO | Steps: 94208/150000 | Episodes: 184 | CurrentEpReward: 0.000 | RecentReward: 68.698 | QLoss: 0.400796 | ParamLoss: -0.886772 | Epsilon: 0.0200 | Replay: 50000
2026-08-07 16:53:45,138 | INFO | Steps: 94720/150000 | Episodes: 185 | CurrentEpReward: 0.000 | RecentReward: 68.413 | QLoss: 0.424036 | ParamLoss: -0.883730 | Epsilon: 0.0200 | Replay: 50000
2026-08-07 16:54:19,686 | INFO | Steps: 95232/150000 | Episodes: 186 | CurrentEpReward: 0.000 | RecentReward: 66.735 | QLoss: 0.377328 | ParamLoss: -0.890524 | Epsilon: 0.0200 | Replay: 50000
2026-08-07 16:54:55,283 | INFO | Steps: 95744/150000 | Episodes: 187 | CurrentEpReward: 0.000 | RecentReward: 65.772 | QLoss: 0.440697 | ParamLoss: -0.894554 | Epsilon: 0.0200 | Replay: 50000
2026-08-07 16:55:31,794 | INFO | Steps: 96256/150000 | Episodes: 188 | CurrentEpReward: 0.000 | RecentReward: 64.503 | QLoss: 0.488397 | ParamLoss: -0.900599 | Epsilon: 0.0200 | Replay: 50000
2026-08-07 16:56:08,244 | INFO | Steps: 96768/150000 | Episodes: 189 | CurrentEpReward: 0.000 | RecentReward: 64.350 | QLoss: 0.374907 | ParamLoss: -0.910645 | Epsilon: 0.0200 | Replay: 50000
2026-08-07 16:56:42,167 | INFO | Steps: 97280/150000 | Episodes: 190 | CurrentEpReward: 0.000 | RecentReward: 64.002 | QLoss: 0.396919 | ParamLoss: -0.913545 | Epsilon: 0.0200 | Replay: 50000
2026-08-07 16:57:17,416 | INFO | Steps: 97792/150000 | Episodes: 191 | CurrentEpReward: 0.000 | RecentReward: 63.643 | QLoss: 0.461388 | ParamLoss: -0.917793 | Epsilon: 0.0200 | Replay: 50000
2026-08-07 16:57:54,075 | INFO | Steps: 98304/150000 | Episodes: 192 | CurrentEpReward: 0.000 | RecentReward: 63.282 | QLoss: 0.377743 | ParamLoss: -0.932175 | Epsilon: 0.0200 | Replay: 50000
2026-08-07 16:58:28,384 | INFO | Steps: 98816/150000 | Episodes: 193 | CurrentEpReward: 0.000 | RecentReward: 64.190 | QLoss: 0.441803 | ParamLoss: -0.934425 | Epsilon: 0.0200 | Replay: 50000
2026-08-07 16:59:06,155 | INFO | Steps: 99328/150000 | Episodes: 194 | CurrentEpReward: 0.000 | RecentReward: 63.435 | QLoss: 0.481362 | ParamLoss: -0.928690 | Epsilon: 0.0200 | Replay: 50000
2026-08-07 16:59:42,731 | INFO | Steps: 99840/150000 | Episodes: 195 | CurrentEpReward: 0.000 | RecentReward: 62.380 | QLoss: 0.405624 | ParamLoss: -0.930825 | Epsilon: 0.0200 | Replay: 50000
2026-08-07 17:01:10,759 | INFO | 新的最佳模型 (reward): 70.739，保存至 /home/pjpjq/LEO_switch/results/baseline_compare/multiuser_scaling_multiuser_single_seed_150k_20260804/u40/learned_baselines/pdqn/best_model.pt
2026-08-07 17:01:10,773 | INFO | 周期权重已保存: /home/pjpjq/LEO_switch/results/baseline_compare/multiuser_scaling_multiuser_single_seed_150k_20260804/u40/learned_baselines/pdqn/checkpoint_100000.pt
2026-08-07 17:01:37,470 | INFO | Steps: 100352/150000 | Episodes: 196 | CurrentEpReward: 0.000 | RecentReward: 62.729 | QLoss: 0.439059 | ParamLoss: -0.931673 | Epsilon: 0.0200 | Replay: 50000
2026-08-07 17:02:14,186 | INFO | Steps: 100864/150000 | Episodes: 197 | CurrentEpReward: 0.000 | RecentReward: 63.320 | QLoss: 0.379967 | ParamLoss: -0.926166 | Epsilon: 0.0200 | Replay: 50000
2026-08-07 17:02:50,407 | INFO | Steps: 101376/150000 | Episodes: 198 | CurrentEpReward: 0.000 | RecentReward: 64.388 | QLoss: 0.364899 | ParamLoss: -0.931301 | Epsilon: 0.0200 | Replay: 50000
2026-08-07 17:03:26,090 | INFO | Steps: 101888/150000 | Episodes: 199 | CurrentEpReward: 0.000 | RecentReward: 63.802 | QLoss: 0.492740 | ParamLoss: -0.927686 | Epsilon: 0.0200 | Replay: 50000
2026-08-07 17:04:01,625 | INFO | Steps: 102400/150000 | Episodes: 200 | CurrentEpReward: 0.000 | RecentReward: 63.615 | QLoss: 0.462075 | ParamLoss: -0.932828 | Epsilon: 0.0200 | Replay: 50000
2026-08-07 17:04:38,696 | INFO | Steps: 102912/150000 | Episodes: 201 | CurrentEpReward: 0.000 | RecentReward: 63.192 | QLoss: 0.474186 | ParamLoss: -0.926113 | Epsilon: 0.0200 | Replay: 50000
2026-08-07 17:05:15,441 | INFO | Steps: 103424/150000 | Episodes: 202 | CurrentEpReward: 0.000 | RecentReward: 62.734 | QLoss: 0.432818 | ParamLoss: -0.929486 | Epsilon: 0.0200 | Replay: 50000
2026-08-07 17:05:52,363 | INFO | Steps: 103936/150000 | Episodes: 203 | CurrentEpReward: 0.000 | RecentReward: 62.314 | QLoss: 0.440800 | ParamLoss: -0.926103 | Epsilon: 0.0200 | Replay: 50000
2026-08-07 17:06:29,365 | INFO | Steps: 104448/150000 | Episodes: 204 | CurrentEpReward: 0.000 | RecentReward: 63.448 | QLoss: 0.494440 | ParamLoss: -0.930444 | Epsilon: 0.0200 | Replay: 50000
2026-08-07 17:07:04,287 | INFO | Steps: 104960/150000 | Episodes: 205 | CurrentEpReward: 0.000 | RecentReward: 63.446 | QLoss: 0.390584 | ParamLoss: -0.937535 | Epsilon: 0.0200 | Replay: 50000
2026-08-07 17:07:41,262 | INFO | Steps: 105472/150000 | Episodes: 206 | CurrentEpReward: 0.000 | RecentReward: 64.132 | QLoss: 0.422178 | ParamLoss: -0.939673 | Epsilon: 0.0200 | Replay: 50000
2026-08-07 17:08:20,870 | INFO | Steps: 105984/150000 | Episodes: 207 | CurrentEpReward: 0.000 | RecentReward: 64.214 | QLoss: 0.448532 | ParamLoss: -0.954106 | Epsilon: 0.0200 | Replay: 50000
2026-08-07 17:08:57,542 | INFO | Steps: 106496/150000 | Episodes: 208 | CurrentEpReward: 0.000 | RecentReward: 63.164 | QLoss: 0.542614 | ParamLoss: -0.945513 | Epsilon: 0.0200 | Replay: 50000
2026-08-07 17:09:35,318 | INFO | Steps: 107008/150000 | Episodes: 209 | CurrentEpReward: 0.000 | RecentReward: 63.796 | QLoss: 0.423633 | ParamLoss: -0.953979 | Epsilon: 0.0200 | Replay: 50000
2026-08-07 17:10:12,687 | INFO | Steps: 107520/150000 | Episodes: 210 | CurrentEpReward: 0.000 | RecentReward: 63.872 | QLoss: 0.393493 | ParamLoss: -0.957227 | Epsilon: 0.0200 | Replay: 50000
2026-08-07 17:10:52,075 | INFO | Steps: 108032/150000 | Episodes: 211 | CurrentEpReward: 0.000 | RecentReward: 64.500 | QLoss: 0.422088 | ParamLoss: -0.958549 | Epsilon: 0.0200 | Replay: 50000
2026-08-07 17:11:31,246 | INFO | Steps: 108544/150000 | Episodes: 212 | CurrentEpReward: 0.000 | RecentReward: 64.855 | QLoss: 0.408283 | ParamLoss: -0.957776 | Epsilon: 0.0200 | Replay: 50000
2026-08-07 17:12:08,793 | INFO | Steps: 109056/150000 | Episodes: 213 | CurrentEpReward: 0.000 | RecentReward: 63.848 | QLoss: 0.448880 | ParamLoss: -0.957289 | Epsilon: 0.0200 | Replay: 50000
2026-08-07 17:12:46,289 | INFO | Steps: 109568/150000 | Episodes: 214 | CurrentEpReward: 0.000 | RecentReward: 63.264 | QLoss: 0.408029 | ParamLoss: -0.963081 | Epsilon: 0.0200 | Replay: 50000
2026-08-07 17:13:25,209 | INFO | Steps: 110080/150000 | Episodes: 215 | CurrentEpReward: 0.000 | RecentReward: 63.692 | QLoss: 0.453262 | ParamLoss: -0.967422 | Epsilon: 0.0200 | Replay: 50000
2026-08-07 17:14:05,030 | INFO | Steps: 110592/150000 | Episodes: 216 | CurrentEpReward: 0.000 | RecentReward: 64.724 | QLoss: 0.417962 | ParamLoss: -0.969759 | Epsilon: 0.0200 | Replay: 50000
2026-08-07 17:14:44,526 | INFO | Steps: 111104/150000 | Episodes: 217 | CurrentEpReward: 0.000 | RecentReward: 64.068 | QLoss: 0.457575 | ParamLoss: -0.975005 | Epsilon: 0.0200 | Replay: 50000
2026-08-07 17:15:25,005 | INFO | Steps: 111616/150000 | Episodes: 218 | CurrentEpReward: 0.000 | RecentReward: 65.324 | QLoss: 0.503143 | ParamLoss: -0.981247 | Epsilon: 0.0200 | Replay: 50000
2026-08-07 17:16:04,648 | INFO | Steps: 112128/150000 | Episodes: 219 | CurrentEpReward: 0.000 | RecentReward: 64.735 | QLoss: 0.387145 | ParamLoss: -0.984480 | Epsilon: 0.0200 | Replay: 50000
2026-08-07 17:16:43,821 | INFO | Steps: 112640/150000 | Episodes: 220 | CurrentEpReward: 0.000 | RecentReward: 64.711 | QLoss: 0.461562 | ParamLoss: -0.983694 | Epsilon: 0.0200 | Replay: 50000
2026-08-07 17:17:21,236 | INFO | Steps: 113152/150000 | Episodes: 221 | CurrentEpReward: 0.000 | RecentReward: 64.606 | QLoss: 0.425343 | ParamLoss: -0.991377 | Epsilon: 0.0200 | Replay: 50000
2026-08-07 17:18:01,138 | INFO | Steps: 113664/150000 | Episodes: 222 | CurrentEpReward: 0.000 | RecentReward: 65.078 | QLoss: 0.428873 | ParamLoss: -0.989055 | Epsilon: 0.0200 | Replay: 50000
2026-08-07 17:18:42,179 | INFO | Steps: 114176/150000 | Episodes: 223 | CurrentEpReward: 0.000 | RecentReward: 66.593 | QLoss: 0.415077 | ParamLoss: -0.982859 | Epsilon: 0.0200 | Replay: 50000
2026-08-07 17:19:21,128 | INFO | Steps: 114688/150000 | Episodes: 224 | CurrentEpReward: 0.000 | RecentReward: 66.594 | QLoss: 0.491105 | ParamLoss: -0.982748 | Epsilon: 0.0200 | Replay: 50000
2026-08-07 17:20:00,835 | INFO | Steps: 115200/150000 | Episodes: 225 | CurrentEpReward: 0.000 | RecentReward: 67.296 | QLoss: 0.442621 | ParamLoss: -0.979092 | Epsilon: 0.0200 | Replay: 50000
2026-08-07 17:20:41,148 | INFO | Steps: 115712/150000 | Episodes: 226 | CurrentEpReward: 0.000 | RecentReward: 65.368 | QLoss: 0.430968 | ParamLoss: -0.978328 | Epsilon: 0.0200 | Replay: 50000
2026-08-07 17:21:17,726 | INFO | Steps: 116224/150000 | Episodes: 227 | CurrentEpReward: 0.000 | RecentReward: 65.774 | QLoss: 0.388351 | ParamLoss: -0.982336 | Epsilon: 0.0200 | Replay: 50000
2026-08-07 17:21:56,309 | INFO | Steps: 116736/150000 | Episodes: 228 | CurrentEpReward: 0.000 | RecentReward: 64.532 | QLoss: 0.482998 | ParamLoss: -0.977802 | Epsilon: 0.0200 | Replay: 50000
2026-08-07 17:22:36,922 | INFO | Steps: 117248/150000 | Episodes: 229 | CurrentEpReward: 0.000 | RecentReward: 65.781 | QLoss: 0.448965 | ParamLoss: -0.974350 | Epsilon: 0.0200 | Replay: 50000
2026-08-07 17:23:18,240 | INFO | Steps: 117760/150000 | Episodes: 230 | CurrentEpReward: 0.000 | RecentReward: 65.725 | QLoss: 0.433335 | ParamLoss: -0.981354 | Epsilon: 0.0200 | Replay: 50000
2026-08-07 17:23:59,004 | INFO | Steps: 118272/150000 | Episodes: 231 | CurrentEpReward: 0.000 | RecentReward: 65.909 | QLoss: 0.425244 | ParamLoss: -0.982415 | Epsilon: 0.0200 | Replay: 50000
2026-08-07 17:24:38,045 | INFO | Steps: 118784/150000 | Episodes: 232 | CurrentEpReward: 0.000 | RecentReward: 65.855 | QLoss: 0.485930 | ParamLoss: -0.982595 | Epsilon: 0.0200 | Replay: 50000
2026-08-07 17:25:17,124 | INFO | Steps: 119296/150000 | Episodes: 233 | CurrentEpReward: 0.000 | RecentReward: 66.693 | QLoss: 0.483814 | ParamLoss: -0.984186 | Epsilon: 0.0200 | Replay: 50000
2026-08-07 17:25:53,032 | INFO | Steps: 119808/150000 | Episodes: 234 | CurrentEpReward: 0.000 | RecentReward: 66.743 | QLoss: 0.498344 | ParamLoss: -0.983878 | Epsilon: 0.0200 | Replay: 50000
2026-08-07 17:26:29,702 | INFO | Steps: 120320/150000 | Episodes: 235 | CurrentEpReward: 0.000 | RecentReward: 67.198 | QLoss: 0.542298 | ParamLoss: -0.986352 | Epsilon: 0.0200 | Replay: 50000
2026-08-07 17:27:05,420 | INFO | Steps: 120832/150000 | Episodes: 236 | CurrentEpReward: 0.000 | RecentReward: 67.865 | QLoss: 0.466759 | ParamLoss: -0.992732 | Epsilon: 0.0200 | Replay: 50000
2026-08-07 17:27:38,670 | INFO | Steps: 121344/150000 | Episodes: 237 | CurrentEpReward: 0.000 | RecentReward: 67.658 | QLoss: 0.404315 | ParamLoss: -0.982088 | Epsilon: 0.0200 | Replay: 50000
2026-08-07 17:28:15,533 | INFO | Steps: 121856/150000 | Episodes: 238 | CurrentEpReward: 0.000 | RecentReward: 69.019 | QLoss: 0.359145 | ParamLoss: -0.981365 | Epsilon: 0.0200 | Replay: 50000
2026-08-07 17:28:51,657 | INFO | Steps: 122368/150000 | Episodes: 239 | CurrentEpReward: 0.000 | RecentReward: 68.142 | QLoss: 0.439926 | ParamLoss: -0.992277 | Epsilon: 0.0200 | Replay: 50000
2026-08-07 17:29:29,275 | INFO | Steps: 122880/150000 | Episodes: 240 | CurrentEpReward: 0.000 | RecentReward: 68.106 | QLoss: 0.445548 | ParamLoss: -0.993016 | Epsilon: 0.0200 | Replay: 50000
2026-08-07 17:30:05,156 | INFO | Steps: 123392/150000 | Episodes: 241 | CurrentEpReward: 0.000 | RecentReward: 67.776 | QLoss: 0.529351 | ParamLoss: -0.999253 | Epsilon: 0.0200 | Replay: 50000
2026-08-07 17:30:41,316 | INFO | Steps: 123904/150000 | Episodes: 242 | CurrentEpReward: 0.000 | RecentReward: 66.952 | QLoss: 0.447827 | ParamLoss: -0.999311 | Epsilon: 0.0200 | Replay: 50000
2026-08-07 17:31:17,982 | INFO | Steps: 124416/150000 | Episodes: 243 | CurrentEpReward: 0.000 | RecentReward: 66.399 | QLoss: 0.445389 | ParamLoss: -0.999273 | Epsilon: 0.0200 | Replay: 50000
2026-08-07 17:31:54,753 | INFO | Steps: 124928/150000 | Episodes: 244 | CurrentEpReward: 0.000 | RecentReward: 66.564 | QLoss: 0.456937 | ParamLoss: -1.008318 | Epsilon: 0.0200 | Replay: 50000
2026-08-07 17:32:30,722 | INFO | Steps: 125440/150000 | Episodes: 245 | CurrentEpReward: 0.000 | RecentReward: 64.611 | QLoss: 0.432782 | ParamLoss: -1.013850 | Epsilon: 0.0200 | Replay: 50000
2026-08-07 17:33:08,061 | INFO | Steps: 125952/150000 | Episodes: 246 | CurrentEpReward: 0.000 | RecentReward: 64.486 | QLoss: 0.556309 | ParamLoss: -1.015855 | Epsilon: 0.0200 | Replay: 50000
2026-08-07 17:33:44,690 | INFO | Steps: 126464/150000 | Episodes: 247 | CurrentEpReward: 0.000 | RecentReward: 63.802 | QLoss: 0.467612 | ParamLoss: -1.022183 | Epsilon: 0.0200 | Replay: 50000
2026-08-07 17:34:22,027 | INFO | Steps: 126976/150000 | Episodes: 248 | CurrentEpReward: 0.000 | RecentReward: 64.245 | QLoss: 0.448577 | ParamLoss: -1.023144 | Epsilon: 0.0200 | Replay: 50000
2026-08-07 17:34:58,895 | INFO | Steps: 127488/150000 | Episodes: 249 | CurrentEpReward: 0.000 | RecentReward: 64.883 | QLoss: 0.447690 | ParamLoss: -1.036847 | Epsilon: 0.0200 | Replay: 50000
2026-08-07 17:35:34,028 | INFO | Steps: 128000/150000 | Episodes: 250 | CurrentEpReward: 0.000 | RecentReward: 65.636 | QLoss: 0.499375 | ParamLoss: -1.033707 | Epsilon: 0.0200 | Replay: 50000
2026-08-07 17:36:08,858 | INFO | Steps: 128512/150000 | Episodes: 251 | CurrentEpReward: 0.000 | RecentReward: 64.730 | QLoss: 0.450042 | ParamLoss: -1.043909 | Epsilon: 0.0200 | Replay: 50000
2026-08-07 17:36:44,455 | INFO | Steps: 129024/150000 | Episodes: 252 | CurrentEpReward: 0.000 | RecentReward: 64.552 | QLoss: 0.470065 | ParamLoss: -1.052976 | Epsilon: 0.0200 | Replay: 50000
2026-08-07 17:37:21,940 | INFO | Steps: 129536/150000 | Episodes: 253 | CurrentEpReward: 0.000 | RecentReward: 63.356 | QLoss: 0.496708 | ParamLoss: -1.045621 | Epsilon: 0.0200 | Replay: 50000
2026-08-07 17:37:56,707 | INFO | Steps: 130048/150000 | Episodes: 254 | CurrentEpReward: 0.000 | RecentReward: 64.107 | QLoss: 0.543588 | ParamLoss: -1.040005 | Epsilon: 0.0200 | Replay: 50000
2026-08-07 17:38:34,031 | INFO | Steps: 130560/150000 | Episodes: 255 | CurrentEpReward: 0.000 | RecentReward: 64.893 | QLoss: 0.556287 | ParamLoss: -1.033924 | Epsilon: 0.0200 | Replay: 50000
2026-08-07 17:39:11,190 | INFO | Steps: 131072/150000 | Episodes: 256 | CurrentEpReward: 0.000 | RecentReward: 65.556 | QLoss: 0.511066 | ParamLoss: -1.041849 | Epsilon: 0.0200 | Replay: 50000
2026-08-07 17:39:49,249 | INFO | Steps: 131584/150000 | Episodes: 257 | CurrentEpReward: 0.000 | RecentReward: 66.778 | QLoss: 0.478100 | ParamLoss: -1.051070 | Epsilon: 0.0200 | Replay: 50000
2026-08-07 17:40:25,200 | INFO | Steps: 132096/150000 | Episodes: 258 | CurrentEpReward: 0.000 | RecentReward: 66.104 | QLoss: 0.434832 | ParamLoss: -1.057824 | Epsilon: 0.0200 | Replay: 50000
2026-08-07 17:41:02,437 | INFO | Steps: 132608/150000 | Episodes: 259 | CurrentEpReward: 0.000 | RecentReward: 65.204 | QLoss: 0.487279 | ParamLoss: -1.065875 | Epsilon: 0.0200 | Replay: 50000
2026-08-07 17:41:39,411 | INFO | Steps: 133120/150000 | Episodes: 260 | CurrentEpReward: 0.000 | RecentReward: 65.288 | QLoss: 0.453213 | ParamLoss: -1.075734 | Epsilon: 0.0200 | Replay: 50000
2026-08-07 17:42:16,429 | INFO | Steps: 133632/150000 | Episodes: 261 | CurrentEpReward: 0.000 | RecentReward: 65.425 | QLoss: 0.529850 | ParamLoss: -1.061379 | Epsilon: 0.0200 | Replay: 50000
2026-08-07 17:42:50,015 | INFO | Steps: 134144/150000 | Episodes: 262 | CurrentEpReward: 0.000 | RecentReward: 65.870 | QLoss: 0.517076 | ParamLoss: -1.058333 | Epsilon: 0.0200 | Replay: 50000
2026-08-07 17:43:26,941 | INFO | Steps: 134656/150000 | Episodes: 263 | CurrentEpReward: 0.000 | RecentReward: 67.353 | QLoss: 0.469860 | ParamLoss: -1.058851 | Epsilon: 0.0200 | Replay: 50000
2026-08-07 17:44:04,122 | INFO | Steps: 135168/150000 | Episodes: 264 | CurrentEpReward: 0.000 | RecentReward: 66.929 | QLoss: 0.429541 | ParamLoss: -1.067860 | Epsilon: 0.0200 | Replay: 50000
2026-08-07 17:44:41,585 | INFO | Steps: 135680/150000 | Episodes: 265 | CurrentEpReward: 0.000 | RecentReward: 66.681 | QLoss: 0.438133 | ParamLoss: -1.063723 | Epsilon: 0.0200 | Replay: 50000
2026-08-07 17:45:18,813 | INFO | Steps: 136192/150000 | Episodes: 266 | CurrentEpReward: 0.000 | RecentReward: 66.412 | QLoss: 0.490506 | ParamLoss: -1.068553 | Epsilon: 0.0200 | Replay: 50000
2026-08-07 17:45:55,239 | INFO | Steps: 136704/150000 | Episodes: 267 | CurrentEpReward: 0.000 | RecentReward: 65.587 | QLoss: 0.526645 | ParamLoss: -1.076423 | Epsilon: 0.0200 | Replay: 50000
2026-08-07 17:46:32,379 | INFO | Steps: 137216/150000 | Episodes: 268 | CurrentEpReward: 0.000 | RecentReward: 65.038 | QLoss: 0.508052 | ParamLoss: -1.078853 | Epsilon: 0.0200 | Replay: 50000
2026-08-07 17:47:08,301 | INFO | Steps: 137728/150000 | Episodes: 269 | CurrentEpReward: 0.000 | RecentReward: 65.207 | QLoss: 0.450002 | ParamLoss: -1.086264 | Epsilon: 0.0200 | Replay: 50000
2026-08-07 17:47:43,159 | INFO | Steps: 138240/150000 | Episodes: 270 | CurrentEpReward: 0.000 | RecentReward: 64.997 | QLoss: 0.462790 | ParamLoss: -1.072375 | Epsilon: 0.0200 | Replay: 50000
2026-08-07 17:48:18,420 | INFO | Steps: 138752/150000 | Episodes: 271 | CurrentEpReward: 0.000 | RecentReward: 65.532 | QLoss: 0.491889 | ParamLoss: -1.072346 | Epsilon: 0.0200 | Replay: 50000
2026-08-07 17:48:54,693 | INFO | Steps: 139264/150000 | Episodes: 272 | CurrentEpReward: 0.000 | RecentReward: 65.724 | QLoss: 0.413813 | ParamLoss: -1.065209 | Epsilon: 0.0200 | Replay: 50000
2026-08-07 17:49:29,735 | INFO | Steps: 139776/150000 | Episodes: 273 | CurrentEpReward: 0.000 | RecentReward: 64.568 | QLoss: 0.457982 | ParamLoss: -1.074532 | Epsilon: 0.0200 | Replay: 50000
2026-08-07 17:50:06,934 | INFO | Steps: 140288/150000 | Episodes: 274 | CurrentEpReward: 0.000 | RecentReward: 64.397 | QLoss: 0.410274 | ParamLoss: -1.073356 | Epsilon: 0.0200 | Replay: 50000
2026-08-07 17:50:43,614 | INFO | Steps: 140800/150000 | Episodes: 275 | CurrentEpReward: 0.000 | RecentReward: 64.466 | QLoss: 0.516517 | ParamLoss: -1.078910 | Epsilon: 0.0200 | Replay: 50000
2026-08-07 17:51:19,114 | INFO | Steps: 141312/150000 | Episodes: 276 | CurrentEpReward: 0.000 | RecentReward: 64.336 | QLoss: 0.459103 | ParamLoss: -1.069887 | Epsilon: 0.0200 | Replay: 50000
2026-08-07 17:51:56,208 | INFO | Steps: 141824/150000 | Episodes: 277 | CurrentEpReward: 0.000 | RecentReward: 64.520 | QLoss: 0.484725 | ParamLoss: -1.078054 | Epsilon: 0.0200 | Replay: 50000
2026-08-07 17:52:33,754 | INFO | Steps: 142336/150000 | Episodes: 278 | CurrentEpReward: 0.000 | RecentReward: 64.842 | QLoss: 0.509497 | ParamLoss: -1.076623 | Epsilon: 0.0200 | Replay: 50000
2026-08-07 17:53:10,424 | INFO | Steps: 142848/150000 | Episodes: 279 | CurrentEpReward: 0.000 | RecentReward: 64.913 | QLoss: 0.471329 | ParamLoss: -1.070035 | Epsilon: 0.0200 | Replay: 50000
2026-08-07 17:53:44,762 | INFO | Steps: 143360/150000 | Episodes: 280 | CurrentEpReward: 0.000 | RecentReward: 64.273 | QLoss: 0.515797 | ParamLoss: -1.069617 | Epsilon: 0.0200 | Replay: 50000
2026-08-07 17:54:20,424 | INFO | Steps: 143872/150000 | Episodes: 281 | CurrentEpReward: 0.000 | RecentReward: 65.186 | QLoss: 0.504416 | ParamLoss: -1.079890 | Epsilon: 0.0200 | Replay: 50000
2026-08-07 17:54:55,531 | INFO | Steps: 144384/150000 | Episodes: 282 | CurrentEpReward: 0.000 | RecentReward: 65.503 | QLoss: 0.476109 | ParamLoss: -1.093560 | Epsilon: 0.0200 | Replay: 50000
2026-08-07 17:55:30,536 | INFO | Steps: 144896/150000 | Episodes: 283 | CurrentEpReward: 0.000 | RecentReward: 65.083 | QLoss: 0.487216 | ParamLoss: -1.091479 | Epsilon: 0.0200 | Replay: 50000
2026-08-07 17:56:06,842 | INFO | Steps: 145408/150000 | Episodes: 284 | CurrentEpReward: 0.000 | RecentReward: 64.991 | QLoss: 0.432218 | ParamLoss: -1.078926 | Epsilon: 0.0200 | Replay: 50000
2026-08-07 17:56:42,264 | INFO | Steps: 145920/150000 | Episodes: 285 | CurrentEpReward: 0.000 | RecentReward: 64.760 | QLoss: 0.531083 | ParamLoss: -1.087385 | Epsilon: 0.0200 | Replay: 50000
2026-08-07 17:57:18,613 | INFO | Steps: 146432/150000 | Episodes: 286 | CurrentEpReward: 0.000 | RecentReward: 65.337 | QLoss: 0.588407 | ParamLoss: -1.099856 | Epsilon: 0.0200 | Replay: 50000
2026-08-07 17:57:55,647 | INFO | Steps: 146944/150000 | Episodes: 287 | CurrentEpReward: 0.000 | RecentReward: 65.988 | QLoss: 0.499535 | ParamLoss: -1.109839 | Epsilon: 0.0200 | Replay: 50000
2026-08-07 17:58:31,564 | INFO | Steps: 147456/150000 | Episodes: 288 | CurrentEpReward: 0.000 | RecentReward: 65.672 | QLoss: 0.448583 | ParamLoss: -1.109908 | Epsilon: 0.0200 | Replay: 50000
2026-08-07 17:59:05,537 | INFO | Steps: 147968/150000 | Episodes: 289 | CurrentEpReward: 0.000 | RecentReward: 65.050 | QLoss: 0.497846 | ParamLoss: -1.117369 | Epsilon: 0.0200 | Replay: 50000
2026-08-07 17:59:43,233 | INFO | Steps: 148480/150000 | Episodes: 290 | CurrentEpReward: 0.000 | RecentReward: 64.247 | QLoss: 0.527836 | ParamLoss: -1.121939 | Epsilon: 0.0200 | Replay: 50000
2026-08-07 18:00:17,605 | INFO | Steps: 148992/150000 | Episodes: 291 | CurrentEpReward: 0.000 | RecentReward: 63.122 | QLoss: 0.485785 | ParamLoss: -1.114491 | Epsilon: 0.0200 | Replay: 50000
2026-08-07 18:00:54,633 | INFO | Steps: 149504/150000 | Episodes: 292 | CurrentEpReward: 0.000 | RecentReward: 62.809 | QLoss: 0.504365 | ParamLoss: -1.120845 | Epsilon: 0.0200 | Replay: 50000
2026-08-07 18:01:27,548 | INFO | Steps: 150000/150000 | Episodes: 292 | CurrentEpReward: 61.531 | RecentReward: 62.809 | QLoss: 0.467586 | ParamLoss: -1.127072 | Epsilon: 0.0200 | Replay: 50000
2026-08-07 18:02:52,564 | INFO | 周期权重已保存: /home/pjpjq/LEO_switch/results/baseline_compare/multiuser_scaling_multiuser_single_seed_150k_20260804/u40/learned_baselines/pdqn/checkpoint_150000.pt
2026-08-07 18:02:52,648 | INFO | 最终权重已保存: /home/pjpjq/LEO_switch/results/baseline_compare/multiuser_scaling_multiuser_single_seed_150k_20260804/u40/learned_baselines/pdqn/pdqn_model.pt
2026-08-07 18:04:15,948 | INFO | 训练与评估完成 | EvalReward: 70.739 ± 3.045
