2026-09-12 16:46:42,858 | INFO | ============================================================
2026-09-12 16:46:42,858 | INFO | 开始训练纯 MADDPG 基线
2026-09-12 16:46:42,858 | INFO | 用户数: 20 | 观测维度: 76 | handover维度: 11 | 总步数: 150000 | warmup: 1000 | batch: 128 | 日志间隔: 512 steps | device: cuda | actor_lr: 1.0e-04 | critic_lr: 3.0e-04 | tau: 0.005 | reward_scale: 1.00
2026-09-12 16:46:42,858 | INFO | ============================================================
2026-09-12 16:46:46,238 | INFO | Steps: 512/150000 | Episodes: 1 | LastEpReward: 8.487 | RecentReward: 8.487 | ActorLoss: 0.000000 | CriticLoss: 0.000000 | Q: 0.0000 | TargetQ: 0.0000 | TDAbs: 0.0000 | ActorGrad: 0.0000 | CriticGrad: 0.0000 | Noise: 0.3500 | Replay: 512 | FPS: 151.47 | ETA: 16.4 min
2026-09-12 16:46:49,826 | INFO | Steps: 1024/150000 | Episodes: 2 | LastEpReward: 20.291 | RecentReward: 14.389 | ActorLoss: 0.046752 | CriticLoss: 0.005021 | Q: -0.0502 | TargetQ: -0.0521 | TDAbs: 0.0785 | ActorGrad: 0.0014 | CriticGrad: 0.0514 | Noise: 0.3499 | Replay: 1024 | FPS: 146.97 | ETA: 16.9 min
2026-09-12 16:46:55,864 | INFO | Steps: 1536/150000 | Episodes: 3 | LastEpReward: -38.081 | RecentReward: -3.101 | ActorLoss: -0.048040 | CriticLoss: 0.000698 | Q: 0.0275 | TargetQ: 0.0277 | TDAbs: 0.0275 | ActorGrad: 0.0002 | CriticGrad: 0.0451 | Noise: 0.3485 | Replay: 1536 | FPS: 118.10 | ETA: 21.0 min
2026-09-12 16:47:01,829 | INFO | Steps: 2048/150000 | Episodes: 4 | LastEpReward: -131.462 | RecentReward: -35.191 | ActorLoss: 0.114455 | CriticLoss: 0.001303 | Q: -0.1250 | TargetQ: -0.1248 | TDAbs: 0.0382 | ActorGrad: 0.0012 | CriticGrad: 0.0998 | Noise: 0.3470 | Replay: 2048 | FPS: 107.95 | ETA: 22.8 min
2026-09-12 16:47:07,847 | INFO | Steps: 2560/150000 | Episodes: 5 | LastEpReward: -74.436 | RecentReward: -43.040 | ActorLoss: 0.251577 | CriticLoss: 0.001355 | Q: -0.2727 | TargetQ: -0.2725 | TDAbs: 0.0381 | ActorGrad: 0.0002 | CriticGrad: 0.1064 | Noise: 0.3455 | Replay: 2560 | FPS: 102.44 | ETA: 24.0 min
2026-09-12 16:47:13,700 | INFO | Steps: 3072/150000 | Episodes: 6 | LastEpReward: -89.734 | RecentReward: -50.823 | ActorLoss: 0.524125 | CriticLoss: 0.002209 | Q: -0.5430 | TargetQ: -0.5429 | TDAbs: 0.0492 | ActorGrad: 0.0084 | CriticGrad: 0.1784 | Noise: 0.3441 | Replay: 3072 | FPS: 99.61 | ETA: 24.6 min
2026-09-12 16:47:19,575 | INFO | Steps: 3584/150000 | Episodes: 7 | LastEpReward: 39.903 | RecentReward: -37.862 | ActorLoss: 0.483482 | CriticLoss: 0.002172 | Q: -0.5396 | TargetQ: -0.5396 | TDAbs: 0.0493 | ActorGrad: 0.0129 | CriticGrad: 0.1459 | Noise: 0.3426 | Replay: 3584 | FPS: 97.61 | ETA: 25.0 min
2026-09-12 16:47:25,516 | INFO | Steps: 4096/150000 | Episodes: 8 | LastEpReward: 33.323 | RecentReward: -28.964 | ActorLoss: 0.340092 | CriticLoss: 0.002929 | Q: -0.4108 | TargetQ: -0.4102 | TDAbs: 0.0576 | ActorGrad: 0.0146 | CriticGrad: 0.2090 | Noise: 0.3412 | Replay: 4096 | FPS: 96.02 | ETA: 25.3 min
2026-09-12 16:47:31,561 | INFO | Steps: 4608/150000 | Episodes: 9 | LastEpReward: 34.384 | RecentReward: -21.925 | ActorLoss: 0.134368 | CriticLoss: 0.003509 | Q: -0.2314 | TargetQ: -0.2309 | TDAbs: 0.0603 | ActorGrad: 0.0168 | CriticGrad: 0.2257 | Noise: 0.3397 | Replay: 4608 | FPS: 94.62 | ETA: 25.6 min
2026-09-12 16:47:37,799 | INFO | 开始周期评估: Steps=5120 | Episodes=10 | EvalEpisodes=5
2026-09-12 16:47:55,016 | INFO | 周期评估完成: Steps=5120 | MeanReward=36.227 | StdReward=2.287
2026-09-12 16:47:55,026 | INFO | Steps: 5120/150000 | Episodes: 10 | LastEpReward: 47.974 | RecentReward: -14.935 | ActorLoss: -0.147704 | CriticLoss: 0.002420 | Q: 0.0358 | TargetQ: 0.0362 | TDAbs: 0.0521 | ActorGrad: 0.0163 | CriticGrad: 0.1717 | Noise: 0.3382 | Replay: 5120 | FPS: 70.95 | ETA: 34.0 min
2026-09-12 16:48:01,053 | INFO | Steps: 5632/150000 | Episodes: 11 | LastEpReward: 57.929 | RecentReward: -9.991 | ActorLoss: -0.419092 | CriticLoss: 0.002411 | Q: 0.3124 | TargetQ: 0.3127 | TDAbs: 0.0519 | ActorGrad: 0.0164 | CriticGrad: 0.1469 | Noise: 0.3368 | Replay: 5632 | FPS: 72.02 | ETA: 33.4 min
2026-09-12 16:48:06,904 | INFO | Steps: 6144/150000 | Episodes: 12 | LastEpReward: 36.981 | RecentReward: -8.322 | ActorLoss: -0.676348 | CriticLoss: 0.004108 | Q: 0.5800 | TargetQ: 0.5803 | TDAbs: 0.0664 | ActorGrad: 0.0151 | CriticGrad: 0.2223 | Noise: 0.3353 | Replay: 6144 | FPS: 73.10 | ETA: 32.8 min
2026-09-12 16:48:12,869 | INFO | Steps: 6656/150000 | Episodes: 13 | LastEpReward: 28.565 | RecentReward: -1.657 | ActorLoss: -0.934419 | CriticLoss: 0.004210 | Q: 0.8380 | TargetQ: 0.8389 | TDAbs: 0.0672 | ActorGrad: 0.0206 | CriticGrad: 0.2588 | Noise: 0.3338 | Replay: 6656 | FPS: 73.95 | ETA: 32.3 min
2026-09-12 16:48:18,873 | INFO | Steps: 7168/150000 | Episodes: 14 | LastEpReward: 43.128 | RecentReward: 15.802 | ActorLoss: -1.207854 | CriticLoss: 0.004417 | Q: 1.1159 | TargetQ: 1.1159 | TDAbs: 0.0698 | ActorGrad: 0.0170 | CriticGrad: 0.2464 | Noise: 0.3324 | Replay: 7168 | FPS: 74.65 | ETA: 31.9 min
2026-09-12 16:48:24,925 | INFO | Steps: 7680/150000 | Episodes: 15 | LastEpReward: 46.176 | RecentReward: 27.863 | ActorLoss: -1.432823 | CriticLoss: 0.005065 | Q: 1.3403 | TargetQ: 1.3417 | TDAbs: 0.0761 | ActorGrad: 0.0195 | CriticGrad: 0.3355 | Noise: 0.3309 | Replay: 7680 | FPS: 75.24 | ETA: 31.5 min
2026-09-12 16:48:30,983 | INFO | Steps: 8192/150000 | Episodes: 16 | LastEpReward: 36.437 | RecentReward: 40.480 | ActorLoss: -1.698580 | CriticLoss: 0.004346 | Q: 1.6103 | TargetQ: 1.6103 | TDAbs: 0.0692 | ActorGrad: 0.0201 | CriticGrad: 0.2426 | Noise: 0.3295 | Replay: 8192 | FPS: 75.76 | ETA: 31.2 min
2026-09-12 16:48:36,927 | INFO | Steps: 8704/150000 | Episodes: 17 | LastEpReward: 32.893 | RecentReward: 39.779 | ActorLoss: -1.883799 | CriticLoss: 0.005063 | Q: 1.8063 | TargetQ: 1.8063 | TDAbs: 0.0763 | ActorGrad: 0.0178 | CriticGrad: 0.3239 | Noise: 0.3280 | Replay: 8704 | FPS: 76.30 | ETA: 30.9 min
2026-09-12 16:48:43,016 | INFO | Steps: 9216/150000 | Episodes: 18 | LastEpReward: 54.793 | RecentReward: 41.926 | ActorLoss: -2.099885 | CriticLoss: 0.004627 | Q: 2.0251 | TargetQ: 2.0253 | TDAbs: 0.0714 | ActorGrad: 0.0180 | CriticGrad: 0.2891 | Noise: 0.3265 | Replay: 9216 | FPS: 76.70 | ETA: 30.6 min
2026-09-12 16:48:49,043 | INFO | Steps: 9728/150000 | Episodes: 19 | LastEpReward: 42.062 | RecentReward: 42.694 | ActorLoss: -2.287659 | CriticLoss: 0.006212 | Q: 2.2137 | TargetQ: 2.2139 | TDAbs: 0.0842 | ActorGrad: 0.0192 | CriticGrad: 0.4182 | Noise: 0.3251 | Replay: 9728 | FPS: 77.09 | ETA: 30.3 min
2026-09-12 16:48:54,978 | INFO | 开始周期评估: Steps=10240 | Episodes=20 | EvalEpisodes=5
2026-09-12 16:49:12,181 | INFO | 周期评估完成: Steps=10240 | MeanReward=50.687 | StdReward=6.760
2026-09-12 16:49:12,191 | INFO | Steps: 10240/150000 | Episodes: 20 | LastEpReward: 42.738 | RecentReward: 42.170 | ActorLoss: -2.453645 | CriticLoss: 0.006659 | Q: 2.3789 | TargetQ: 2.3793 | TDAbs: 0.0848 | ActorGrad: 0.0235 | CriticGrad: 0.3456 | Noise: 0.3236 | Replay: 10240 | FPS: 68.57 | ETA: 34.0 min
2026-09-12 16:49:18,335 | INFO | Steps: 10752/150000 | Episodes: 21 | LastEpReward: 55.372 | RecentReward: 41.914 | ActorLoss: -2.670195 | CriticLoss: 0.006606 | Q: 2.6040 | TargetQ: 2.6040 | TDAbs: 0.0871 | ActorGrad: 0.0264 | CriticGrad: 0.4448 | Noise: 0.3221 | Replay: 10752 | FPS: 69.16 | ETA: 33.6 min
2026-09-12 16:49:24,467 | INFO | Steps: 11264/150000 | Episodes: 22 | LastEpReward: 30.720 | RecentReward: 41.288 | ActorLoss: -2.837820 | CriticLoss: 0.007377 | Q: 2.7762 | TargetQ: 2.7759 | TDAbs: 0.0893 | ActorGrad: 0.0216 | CriticGrad: 0.3999 | Noise: 0.3207 | Replay: 11264 | FPS: 69.70 | ETA: 33.2 min
2026-09-12 16:49:30,671 | INFO | Steps: 11776/150000 | Episodes: 23 | LastEpReward: 65.296 | RecentReward: 44.961 | ActorLoss: -3.005710 | CriticLoss: 0.006950 | Q: 2.9478 | TargetQ: 2.9484 | TDAbs: 0.0893 | ActorGrad: 0.0228 | CriticGrad: 0.4197 | Noise: 0.3192 | Replay: 11776 | FPS: 70.17 | ETA: 32.8 min
2026-09-12 16:49:36,776 | INFO | Steps: 12288/150000 | Episodes: 24 | LastEpReward: 51.424 | RecentReward: 45.791 | ActorLoss: -3.200731 | CriticLoss: 0.008831 | Q: 3.1420 | TargetQ: 3.1415 | TDAbs: 0.0969 | ActorGrad: 0.0213 | CriticGrad: 0.4226 | Noise: 0.3177 | Replay: 12288 | FPS: 70.65 | ETA: 32.5 min
2026-09-12 16:49:42,838 | INFO | Steps: 12800/150000 | Episodes: 25 | LastEpReward: 52.327 | RecentReward: 46.406 | ActorLoss: -3.385884 | CriticLoss: 0.007471 | Q: 3.3214 | TargetQ: 3.3219 | TDAbs: 0.0931 | ActorGrad: 0.0232 | CriticGrad: 0.4663 | Noise: 0.3163 | Replay: 12800 | FPS: 71.12 | ETA: 32.2 min
2026-09-12 16:49:48,937 | INFO | Steps: 13312/150000 | Episodes: 26 | LastEpReward: 44.312 | RecentReward: 47.194 | ActorLoss: -3.524773 | CriticLoss: 0.008005 | Q: 3.4636 | TargetQ: 3.4633 | TDAbs: 0.0943 | ActorGrad: 0.0266 | CriticGrad: 0.4657 | Noise: 0.3148 | Replay: 13312 | FPS: 71.54 | ETA: 31.8 min
2026-09-12 16:49:54,854 | INFO | Steps: 13824/150000 | Episodes: 27 | LastEpReward: 49.109 | RecentReward: 48.815 | ActorLoss: -3.710353 | CriticLoss: 0.009325 | Q: 3.6498 | TargetQ: 3.6491 | TDAbs: 0.0987 | ActorGrad: 0.0309 | CriticGrad: 0.4997 | Noise: 0.3134 | Replay: 13824 | FPS: 72.00 | ETA: 31.5 min
2026-09-12 16:50:00,947 | INFO | Steps: 14336/150000 | Episodes: 28 | LastEpReward: 58.878 | RecentReward: 49.224 | ActorLoss: -3.892925 | CriticLoss: 0.010108 | Q: 3.8321 | TargetQ: 3.8309 | TDAbs: 0.1041 | ActorGrad: 0.0345 | CriticGrad: 0.5666 | Noise: 0.3119 | Replay: 14336 | FPS: 72.37 | ETA: 31.2 min
2026-09-12 16:50:06,864 | INFO | Steps: 14848/150000 | Episodes: 29 | LastEpReward: 43.642 | RecentReward: 49.382 | ActorLoss: -4.056443 | CriticLoss: 0.010106 | Q: 3.9980 | TargetQ: 3.9977 | TDAbs: 0.1037 | ActorGrad: 0.0289 | CriticGrad: 0.5144 | Noise: 0.3104 | Replay: 14848 | FPS: 72.78 | ETA: 30.9 min
2026-09-12 16:50:12,919 | INFO | 开始周期评估: Steps=15360 | Episodes=30 | EvalEpisodes=5
2026-09-12 16:50:30,151 | INFO | 周期评估完成: Steps=15360 | MeanReward=52.240 | StdReward=5.878
2026-09-12 16:50:30,161 | INFO | Steps: 15360/150000 | Episodes: 30 | LastEpReward: 51.130 | RecentReward: 50.221 | ActorLoss: -4.191924 | CriticLoss: 0.010515 | Q: 4.1340 | TargetQ: 4.1345 | TDAbs: 0.1088 | ActorGrad: 0.0343 | CriticGrad: 0.6193 | Noise: 0.3090 | Replay: 15360 | FPS: 67.58 | ETA: 33.2 min
2026-09-12 16:50:36,069 | INFO | Steps: 15872/150000 | Episodes: 31 | LastEpReward: 46.239 | RecentReward: 49.308 | ActorLoss: -4.347551 | CriticLoss: 0.011683 | Q: 4.2965 | TargetQ: 4.2971 | TDAbs: 0.1147 | ActorGrad: 0.0341 | CriticGrad: 0.7310 | Noise: 0.3075 | Replay: 15872 | FPS: 68.06 | ETA: 32.8 min
2026-09-12 16:50:41,963 | INFO | Steps: 16384/150000 | Episodes: 32 | LastEpReward: 48.342 | RecentReward: 51.070 | ActorLoss: -4.459433 | CriticLoss: 0.012088 | Q: 4.4015 | TargetQ: 4.4013 | TDAbs: 0.1134 | ActorGrad: 0.0305 | CriticGrad: 0.6679 | Noise: 0.3060 | Replay: 16384 | FPS: 68.52 | ETA: 32.5 min
2026-09-12 16:50:47,876 | INFO | Steps: 16896/150000 | Episodes: 33 | LastEpReward: 44.070 | RecentReward: 48.947 | ActorLoss: -4.586014 | CriticLoss: 0.011873 | Q: 4.5344 | TargetQ: 4.5346 | TDAbs: 0.1130 | ActorGrad: 0.0340 | CriticGrad: 0.6464 | Noise: 0.3046 | Replay: 16896 | FPS: 68.96 | ETA: 32.2 min
2026-09-12 16:50:53,978 | INFO | Steps: 17408/150000 | Episodes: 34 | LastEpReward: 64.565 | RecentReward: 50.261 | ActorLoss: -4.718294 | CriticLoss: 0.013162 | Q: 4.6684 | TargetQ: 4.6683 | TDAbs: 0.1180 | ActorGrad: 0.0308 | CriticGrad: 0.6635 | Noise: 0.3031 | Replay: 17408 | FPS: 69.32 | ETA: 31.9 min
2026-09-12 16:50:59,919 | INFO | Steps: 17920/150000 | Episodes: 35 | LastEpReward: 45.950 | RecentReward: 49.623 | ActorLoss: -4.883598 | CriticLoss: 0.013071 | Q: 4.8332 | TargetQ: 4.8341 | TDAbs: 0.1197 | ActorGrad: 0.0340 | CriticGrad: 0.7456 | Noise: 0.3017 | Replay: 17920 | FPS: 69.71 | ETA: 31.6 min
2026-09-12 16:51:05,875 | INFO | Steps: 18432/150000 | Episodes: 36 | LastEpReward: 49.960 | RecentReward: 50.188 | ActorLoss: -4.975748 | CriticLoss: 0.014167 | Q: 4.9308 | TargetQ: 4.9310 | TDAbs: 0.1214 | ActorGrad: 0.0299 | CriticGrad: 0.6832 | Noise: 0.3002 | Replay: 18432 | FPS: 70.08 | ETA: 31.3 min
2026-09-12 16:51:11,880 | INFO | Steps: 18944/150000 | Episodes: 37 | LastEpReward: 43.296 | RecentReward: 49.607 | ActorLoss: -5.106308 | CriticLoss: 0.014949 | Q: 5.0583 | TargetQ: 5.0582 | TDAbs: 0.1270 | ActorGrad: 0.0294 | CriticGrad: 0.7202 | Noise: 0.2987 | Replay: 18944 | FPS: 70.42 | ETA: 31.0 min
2026-09-12 16:51:18,028 | INFO | Steps: 19456/150000 | Episodes: 38 | LastEpReward: 42.590 | RecentReward: 47.978 | ActorLoss: -5.216816 | CriticLoss: 0.013776 | Q: 5.1733 | TargetQ: 5.1721 | TDAbs: 0.1244 | ActorGrad: 0.0332 | CriticGrad: 0.7207 | Noise: 0.2973 | Replay: 19456 | FPS: 70.71 | ETA: 30.8 min
2026-09-12 16:51:24,145 | INFO | Steps: 19968/150000 | Episodes: 39 | LastEpReward: 41.542 | RecentReward: 47.768 | ActorLoss: -5.330465 | CriticLoss: 0.015560 | Q: 5.2876 | TargetQ: 5.2868 | TDAbs: 0.1301 | ActorGrad: 0.0332 | CriticGrad: 0.7187 | Noise: 0.2958 | Replay: 19968 | FPS: 70.99 | ETA: 30.5 min
2026-09-12 16:51:30,119 | INFO | 开始周期评估: Steps=20480 | Episodes=40 | EvalEpisodes=5
2026-09-12 16:51:47,326 | INFO | 周期评估完成: Steps=20480 | MeanReward=52.945 | StdReward=6.314
2026-09-12 16:51:47,334 | INFO | Steps: 20480/150000 | Episodes: 40 | LastEpReward: 50.849 | RecentReward: 47.740 | ActorLoss: -5.429316 | CriticLoss: 0.016236 | Q: 5.3856 | TargetQ: 5.3866 | TDAbs: 0.1311 | ActorGrad: 0.0333 | CriticGrad: 0.6970 | Noise: 0.2943 | Replay: 20480 | FPS: 67.26 | ETA: 32.1 min
2026-09-12 16:51:53,548 | INFO | Steps: 20992/150000 | Episodes: 41 | LastEpReward: 53.611 | RecentReward: 48.477 | ActorLoss: -5.509998 | CriticLoss: 0.015783 | Q: 5.4687 | TargetQ: 5.4687 | TDAbs: 0.1312 | ActorGrad: 0.0368 | CriticGrad: 0.8010 | Noise: 0.2929 | Replay: 20992 | FPS: 67.57 | ETA: 31.8 min
2026-09-12 16:51:59,576 | INFO | Steps: 21504/150000 | Episodes: 42 | LastEpReward: 50.521 | RecentReward: 48.695 | ActorLoss: -5.620259 | CriticLoss: 0.017201 | Q: 5.5762 | TargetQ: 5.5729 | TDAbs: 0.1394 | ActorGrad: 0.0404 | CriticGrad: 1.1216 | Noise: 0.2914 | Replay: 21504 | FPS: 67.90 | ETA: 31.5 min
2026-09-12 16:52:05,582 | INFO | Steps: 22016/150000 | Episodes: 43 | LastEpReward: 44.100 | RecentReward: 48.698 | ActorLoss: -5.728747 | CriticLoss: 0.016758 | Q: 5.6870 | TargetQ: 5.6863 | TDAbs: 0.1324 | ActorGrad: 0.0502 | CriticGrad: 0.7800 | Noise: 0.2900 | Replay: 22016 | FPS: 68.22 | ETA: 31.3 min
2026-09-12 16:52:11,624 | INFO | Steps: 22528/150000 | Episodes: 44 | LastEpReward: 43.158 | RecentReward: 46.558 | ActorLoss: -5.873998 | CriticLoss: 0.018095 | Q: 5.8314 | TargetQ: 5.8302 | TDAbs: 0.1418 | ActorGrad: 0.0504 | CriticGrad: 1.1076 | Noise: 0.2885 | Replay: 22528 | FPS: 68.52 | ETA: 31.0 min
2026-09-12 16:52:17,739 | INFO | Steps: 23040/150000 | Episodes: 45 | LastEpReward: 52.417 | RecentReward: 47.204 | ActorLoss: -5.918854 | CriticLoss: 0.017078 | Q: 5.8795 | TargetQ: 5.8791 | TDAbs: 0.1373 | ActorGrad: 0.0476 | CriticGrad: 0.7910 | Noise: 0.2870 | Replay: 23040 | FPS: 68.80 | ETA: 30.8 min
2026-09-12 16:52:23,880 | INFO | Steps: 23552/150000 | Episodes: 46 | LastEpReward: 52.894 | RecentReward: 47.498 | ActorLoss: -6.008015 | CriticLoss: 0.020056 | Q: 5.9654 | TargetQ: 5.9635 | TDAbs: 0.1462 | ActorGrad: 0.0478 | CriticGrad: 0.9323 | Noise: 0.2856 | Replay: 23552 | FPS: 69.06 | ETA: 30.5 min
2026-09-12 16:52:30,028 | INFO | Steps: 24064/150000 | Episodes: 47 | LastEpReward: 44.828 | RecentReward: 47.651 | ActorLoss: -6.095401 | CriticLoss: 0.019498 | Q: 6.0561 | TargetQ: 6.0549 | TDAbs: 0.1442 | ActorGrad: 0.0350 | CriticGrad: 0.8037 | Noise: 0.2841 | Replay: 24064 | FPS: 69.31 | ETA: 30.3 min
2026-09-12 16:52:35,981 | INFO | Steps: 24576/150000 | Episodes: 48 | LastEpReward: 53.653 | RecentReward: 48.757 | ActorLoss: -6.199437 | CriticLoss: 0.020870 | Q: 6.1558 | TargetQ: 6.1578 | TDAbs: 0.1480 | ActorGrad: 0.0331 | CriticGrad: 0.9226 | Noise: 0.2826 | Replay: 24576 | FPS: 69.60 | ETA: 30.0 min
2026-09-12 16:52:41,935 | INFO | Steps: 25088/150000 | Episodes: 49 | LastEpReward: 50.665 | RecentReward: 49.670 | ActorLoss: -6.315771 | CriticLoss: 0.019266 | Q: 6.2732 | TargetQ: 6.2737 | TDAbs: 0.1454 | ActorGrad: 0.0360 | CriticGrad: 0.7827 | Noise: 0.2812 | Replay: 25088 | FPS: 69.87 | ETA: 29.8 min
2026-09-12 16:52:47,909 | INFO | 开始周期评估: Steps=25600 | Episodes=50 | EvalEpisodes=5
2026-09-12 16:53:05,121 | INFO | 周期评估完成: Steps=25600 | MeanReward=51.864 | StdReward=3.796
2026-09-12 16:53:05,128 | INFO | Steps: 25600/150000 | Episodes: 50 | LastEpReward: 52.020 | RecentReward: 49.787 | ActorLoss: -6.319314 | CriticLoss: 0.018644 | Q: 6.2760 | TargetQ: 6.2746 | TDAbs: 0.1417 | ActorGrad: 0.0334 | CriticGrad: 0.8225 | Noise: 0.2797 | Replay: 25600 | FPS: 66.97 | ETA: 31.0 min
2026-09-12 16:53:11,171 | INFO | Steps: 26112/150000 | Episodes: 51 | LastEpReward: 55.045 | RecentReward: 49.930 | ActorLoss: -6.465959 | CriticLoss: 0.021551 | Q: 6.4247 | TargetQ: 6.4228 | TDAbs: 0.1505 | ActorGrad: 0.0292 | CriticGrad: 0.9978 | Noise: 0.2783 | Replay: 26112 | FPS: 67.24 | ETA: 30.7 min
2026-09-12 16:53:17,289 | INFO | Steps: 26624/150000 | Episodes: 52 | LastEpReward: 53.788 | RecentReward: 50.257 | ActorLoss: -6.606288 | CriticLoss: 0.022047 | Q: 6.5619 | TargetQ: 6.5617 | TDAbs: 0.1546 | ActorGrad: 0.0370 | CriticGrad: 0.9552 | Noise: 0.2768 | Replay: 26624 | FPS: 67.50 | ETA: 30.5 min
2026-09-12 16:53:23,463 | INFO | Steps: 27136/150000 | Episodes: 53 | LastEpReward: 47.684 | RecentReward: 50.615 | ActorLoss: -6.650778 | CriticLoss: 0.023317 | Q: 6.6111 | TargetQ: 6.6114 | TDAbs: 0.1553 | ActorGrad: 0.0487 | CriticGrad: 0.8439 | Noise: 0.2753 | Replay: 27136 | FPS: 67.74 | ETA: 30.2 min
2026-09-12 16:53:29,538 | INFO | Steps: 27648/150000 | Episodes: 54 | LastEpReward: 37.749 | RecentReward: 50.074 | ActorLoss: -6.741559 | CriticLoss: 0.021460 | Q: 6.7032 | TargetQ: 6.7014 | TDAbs: 0.1522 | ActorGrad: 0.0425 | CriticGrad: 0.8055 | Noise: 0.2739 | Replay: 27648 | FPS: 67.98 | ETA: 30.0 min
2026-09-12 16:53:35,465 | INFO | Steps: 28160/150000 | Episodes: 55 | LastEpReward: 43.235 | RecentReward: 49.156 | ActorLoss: -6.832137 | CriticLoss: 0.023483 | Q: 6.7948 | TargetQ: 6.7941 | TDAbs: 0.1567 | ActorGrad: 0.0327 | CriticGrad: 1.0329 | Noise: 0.2724 | Replay: 28160 | FPS: 68.25 | ETA: 29.8 min
2026-09-12 16:53:41,467 | INFO | Steps: 28672/150000 | Episodes: 56 | LastEpReward: 33.204 | RecentReward: 47.187 | ActorLoss: -6.907842 | CriticLoss: 0.023255 | Q: 6.8653 | TargetQ: 6.8645 | TDAbs: 0.1580 | ActorGrad: 0.0583 | CriticGrad: 1.0872 | Noise: 0.2709 | Replay: 28672 | FPS: 68.49 | ETA: 29.5 min
2026-09-12 16:53:47,479 | INFO | Steps: 29184/150000 | Episodes: 57 | LastEpReward: 33.713 | RecentReward: 46.075 | ActorLoss: -6.992579 | CriticLoss: 0.023517 | Q: 6.9495 | TargetQ: 6.9475 | TDAbs: 0.1599 | ActorGrad: 0.0637 | CriticGrad: 1.0853 | Noise: 0.2695 | Replay: 29184 | FPS: 68.73 | ETA: 29.3 min
2026-09-12 16:53:53,447 | INFO | Steps: 29696/150000 | Episodes: 58 | LastEpReward: 30.815 | RecentReward: 43.792 | ActorLoss: -7.016897 | CriticLoss: 0.023301 | Q: 6.9795 | TargetQ: 6.9777 | TDAbs: 0.1605 | ActorGrad: 0.0550 | CriticGrad: 1.0085 | Noise: 0.2680 | Replay: 29696 | FPS: 68.97 | ETA: 29.1 min
2026-09-12 16:53:59,571 | INFO | Steps: 30208/150000 | Episodes: 59 | LastEpReward: 46.594 | RecentReward: 43.385 | ActorLoss: -7.069797 | CriticLoss: 0.025671 | Q: 7.0272 | TargetQ: 7.0247 | TDAbs: 0.1646 | ActorGrad: 0.0809 | CriticGrad: 1.1664 | Noise: 0.2665 | Replay: 30208 | FPS: 69.17 | ETA: 28.9 min
2026-09-12 16:54:05,696 | INFO | 开始周期评估: Steps=30720 | Episodes=60 | EvalEpisodes=5
2026-09-12 16:54:22,955 | INFO | 周期评估完成: Steps=30720 | MeanReward=44.890 | StdReward=4.652
2026-09-12 16:54:22,962 | INFO | Steps: 30720/150000 | Episodes: 60 | LastEpReward: 52.380 | RecentReward: 43.421 | ActorLoss: -7.199505 | CriticLoss: 0.028000 | Q: 7.1585 | TargetQ: 7.1564 | TDAbs: 0.1694 | ActorGrad: 0.0841 | CriticGrad: 1.1773 | Noise: 0.2651 | Replay: 30720 | FPS: 66.77 | ETA: 29.8 min
2026-09-12 16:54:29,254 | INFO | Steps: 31232/150000 | Episodes: 61 | LastEpReward: 57.497 | RecentReward: 43.666 | ActorLoss: -7.286375 | CriticLoss: 0.030055 | Q: 7.2510 | TargetQ: 7.2489 | TDAbs: 0.1773 | ActorGrad: 0.0764 | CriticGrad: 1.2068 | Noise: 0.2636 | Replay: 31232 | FPS: 66.96 | ETA: 29.6 min
2026-09-12 16:54:35,277 | INFO | Steps: 31744/150000 | Episodes: 62 | LastEpReward: 46.002 | RecentReward: 42.887 | ActorLoss: -7.298156 | CriticLoss: 0.027605 | Q: 7.2614 | TargetQ: 7.2613 | TDAbs: 0.1736 | ActorGrad: 0.0874 | CriticGrad: 1.2116 | Noise: 0.2622 | Replay: 31744 | FPS: 67.19 | ETA: 29.3 min
2026-09-12 16:54:41,401 | INFO | Steps: 32256/150000 | Episodes: 63 | LastEpReward: 37.947 | RecentReward: 41.914 | ActorLoss: -7.414500 | CriticLoss: 0.030727 | Q: 7.3702 | TargetQ: 7.3678 | TDAbs: 0.1774 | ActorGrad: 0.0791 | CriticGrad: 1.0784 | Noise: 0.2607 | Replay: 32256 | FPS: 67.40 | ETA: 29.1 min
2026-09-12 16:54:47,458 | INFO | Steps: 32768/150000 | Episodes: 64 | LastEpReward: 49.975 | RecentReward: 43.136 | ActorLoss: -7.469568 | CriticLoss: 0.031972 | Q: 7.4297 | TargetQ: 7.4268 | TDAbs: 0.1816 | ActorGrad: 0.0834 | CriticGrad: 1.2288 | Noise: 0.2592 | Replay: 32768 | FPS: 67.62 | ETA: 28.9 min
2026-09-12 16:54:53,386 | INFO | Steps: 33280/150000 | Episodes: 65 | LastEpReward: 35.231 | RecentReward: 42.336 | ActorLoss: -7.516202 | CriticLoss: 0.030235 | Q: 7.4768 | TargetQ: 7.4770 | TDAbs: 0.1828 | ActorGrad: 0.0897 | CriticGrad: 1.4159 | Noise: 0.2578 | Replay: 33280 | FPS: 67.85 | ETA: 28.7 min
2026-09-12 16:54:59,373 | INFO | Steps: 33792/150000 | Episodes: 66 | LastEpReward: 40.209 | RecentReward: 43.036 | ActorLoss: -7.548996 | CriticLoss: 0.032702 | Q: 7.5081 | TargetQ: 7.5051 | TDAbs: 0.1858 | ActorGrad: 0.0738 | CriticGrad: 1.2910 | Noise: 0.2563 | Replay: 33792 | FPS: 68.06 | ETA: 28.5 min
2026-09-12 16:55:05,346 | INFO | Steps: 34304/150000 | Episodes: 67 | LastEpReward: 45.341 | RecentReward: 44.199 | ActorLoss: -7.610009 | CriticLoss: 0.029986 | Q: 7.5682 | TargetQ: 7.5675 | TDAbs: 0.1804 | ActorGrad: 0.0786 | CriticGrad: 1.3624 | Noise: 0.2548 | Replay: 34304 | FPS: 68.27 | ETA: 28.2 min
2026-09-12 16:55:11,304 | INFO | Steps: 34816/150000 | Episodes: 68 | LastEpReward: 37.997 | RecentReward: 44.917 | ActorLoss: -7.671254 | CriticLoss: 0.034062 | Q: 7.6317 | TargetQ: 7.6307 | TDAbs: 0.1880 | ActorGrad: 0.0720 | CriticGrad: 1.3614 | Noise: 0.2534 | Replay: 34816 | FPS: 68.48 | ETA: 28.0 min
2026-09-12 16:55:17,275 | INFO | Steps: 35328/150000 | Episodes: 69 | LastEpReward: 43.014 | RecentReward: 44.559 | ActorLoss: -7.774811 | CriticLoss: 0.034175 | Q: 7.7347 | TargetQ: 7.7313 | TDAbs: 0.1886 | ActorGrad: 0.0764 | CriticGrad: 1.3715 | Noise: 0.2519 | Replay: 35328 | FPS: 68.68 | ETA: 27.8 min
2026-09-12 16:55:23,299 | INFO | 开始周期评估: Steps=35840 | Episodes=70 | EvalEpisodes=5
2026-09-12 16:55:40,386 | INFO | 周期评估完成: Steps=35840 | MeanReward=39.170 | StdReward=3.817
2026-09-12 16:55:40,392 | INFO | Steps: 35840/150000 | Episodes: 70 | LastEpReward: 41.277 | RecentReward: 43.449 | ActorLoss: -7.797803 | CriticLoss: 0.035471 | Q: 7.7582 | TargetQ: 7.7530 | TDAbs: 0.1915 | ActorGrad: 0.0710 | CriticGrad: 1.0834 | Noise: 0.2505 | Replay: 35840 | FPS: 66.67 | ETA: 28.5 min
2026-09-12 16:55:46,429 | INFO | Steps: 36352/150000 | Episodes: 71 | LastEpReward: 40.856 | RecentReward: 41.785 | ActorLoss: -7.822739 | CriticLoss: 0.035672 | Q: 7.7883 | TargetQ: 7.7870 | TDAbs: 0.1941 | ActorGrad: 0.0692 | CriticGrad: 1.2309 | Noise: 0.2490 | Replay: 36352 | FPS: 66.88 | ETA: 28.3 min
2026-09-12 16:55:52,541 | INFO | Steps: 36864/150000 | Episodes: 72 | LastEpReward: 36.764 | RecentReward: 40.861 | ActorLoss: -7.869123 | CriticLoss: 0.034689 | Q: 7.8345 | TargetQ: 7.8287 | TDAbs: 0.1924 | ActorGrad: 0.0703 | CriticGrad: 1.3813 | Noise: 0.2475 | Replay: 36864 | FPS: 67.06 | ETA: 28.1 min
2026-09-12 16:55:58,687 | INFO | Steps: 37376/150000 | Episodes: 73 | LastEpReward: 31.086 | RecentReward: 40.175 | ActorLoss: -7.938443 | CriticLoss: 0.034769 | Q: 7.9017 | TargetQ: 7.9022 | TDAbs: 0.1959 | ActorGrad: 0.0798 | CriticGrad: 1.6480 | Noise: 0.2461 | Replay: 37376 | FPS: 67.24 | ETA: 27.9 min
2026-09-12 16:56:04,833 | INFO | Steps: 37888/150000 | Episodes: 74 | LastEpReward: 53.825 | RecentReward: 40.560 | ActorLoss: -7.912558 | CriticLoss: 0.039029 | Q: 7.8784 | TargetQ: 7.8792 | TDAbs: 0.2026 | ActorGrad: 0.0803 | CriticGrad: 1.4812 | Noise: 0.2446 | Replay: 37888 | FPS: 67.42 | ETA: 27.7 min
2026-09-12 16:56:10,919 | INFO | Steps: 38400/150000 | Episodes: 75 | LastEpReward: 40.962 | RecentReward: 41.133 | ActorLoss: -7.980185 | CriticLoss: 0.036173 | Q: 7.9503 | TargetQ: 7.9467 | TDAbs: 0.1964 | ActorGrad: 0.0739 | CriticGrad: 1.4907 | Noise: 0.2431 | Replay: 38400 | FPS: 67.60 | ETA: 27.5 min
2026-09-12 16:56:17,038 | INFO | Steps: 38912/150000 | Episodes: 76 | LastEpReward: 35.199 | RecentReward: 40.632 | ActorLoss: -7.984399 | CriticLoss: 0.038495 | Q: 7.9506 | TargetQ: 7.9474 | TDAbs: 0.2027 | ActorGrad: 0.0848 | CriticGrad: 1.3198 | Noise: 0.2417 | Replay: 38912 | FPS: 67.77 | ETA: 27.3 min
2026-09-12 16:56:23,088 | INFO | Steps: 39424/150000 | Episodes: 77 | LastEpReward: 25.611 | RecentReward: 38.659 | ActorLoss: -8.049988 | CriticLoss: 0.039223 | Q: 8.0168 | TargetQ: 8.0121 | TDAbs: 0.2012 | ActorGrad: 0.0810 | CriticGrad: 1.1695 | Noise: 0.2402 | Replay: 39424 | FPS: 67.95 | ETA: 27.1 min
2026-09-12 16:56:29,186 | INFO | Steps: 39936/150000 | Episodes: 78 | LastEpReward: 39.154 | RecentReward: 38.775 | ActorLoss: -8.042208 | CriticLoss: 0.038061 | Q: 8.0051 | TargetQ: 8.0027 | TDAbs: 0.2021 | ActorGrad: 0.0784 | CriticGrad: 1.4125 | Noise: 0.2388 | Replay: 39936 | FPS: 68.11 | ETA: 26.9 min
2026-09-12 16:56:35,289 | INFO | Steps: 40448/150000 | Episodes: 79 | LastEpReward: 45.216 | RecentReward: 38.995 | ActorLoss: -8.123375 | CriticLoss: 0.037321 | Q: 8.0895 | TargetQ: 8.0874 | TDAbs: 0.2025 | ActorGrad: 0.0888 | CriticGrad: 1.3534 | Noise: 0.2373 | Replay: 40448 | FPS: 68.27 | ETA: 26.7 min
2026-09-12 16:56:41,226 | INFO | 开始周期评估: Steps=40960 | Episodes=80 | EvalEpisodes=5
2026-09-12 16:56:58,350 | INFO | 周期评估完成: Steps=40960 | MeanReward=38.255 | StdReward=1.416
2026-09-12 16:56:58,356 | INFO | Steps: 40960/150000 | Episodes: 80 | LastEpReward: 28.860 | RecentReward: 37.753 | ActorLoss: -8.134398 | CriticLoss: 0.037641 | Q: 8.1021 | TargetQ: 8.0999 | TDAbs: 0.2019 | ActorGrad: 0.0800 | CriticGrad: 1.2439 | Noise: 0.2358 | Replay: 40960 | FPS: 66.55 | ETA: 27.3 min
2026-09-12 16:57:04,502 | INFO | Steps: 41472/150000 | Episodes: 81 | LastEpReward: 45.684 | RecentReward: 38.236 | ActorLoss: -8.105751 | CriticLoss: 0.036942 | Q: 8.0719 | TargetQ: 8.0696 | TDAbs: 0.2018 | ActorGrad: 0.0871 | CriticGrad: 1.3845 | Noise: 0.2344 | Replay: 41472 | FPS: 66.71 | ETA: 27.1 min
2026-09-12 16:57:10,572 | INFO | Steps: 41984/150000 | Episodes: 82 | LastEpReward: 30.661 | RecentReward: 37.626 | ActorLoss: -8.175901 | CriticLoss: 0.039984 | Q: 8.1404 | TargetQ: 8.1362 | TDAbs: 0.2089 | ActorGrad: 0.0868 | CriticGrad: 1.6723 | Noise: 0.2329 | Replay: 41984 | FPS: 66.88 | ETA: 26.9 min
2026-09-12 16:57:16,699 | INFO | Steps: 42496/150000 | Episodes: 83 | LastEpReward: 28.400 | RecentReward: 37.357 | ActorLoss: -8.210887 | CriticLoss: 0.040004 | Q: 8.1751 | TargetQ: 8.1712 | TDAbs: 0.2076 | ActorGrad: 0.0942 | CriticGrad: 1.3954 | Noise: 0.2314 | Replay: 42496 | FPS: 67.05 | ETA: 26.7 min
2026-09-12 16:57:22,652 | INFO | Steps: 43008/150000 | Episodes: 84 | LastEpReward: 30.005 | RecentReward: 34.975 | ActorLoss: -8.233541 | CriticLoss: 0.041765 | Q: 8.2018 | TargetQ: 8.1995 | TDAbs: 0.2109 | ActorGrad: 0.0833 | CriticGrad: 1.3820 | Noise: 0.2300 | Replay: 43008 | FPS: 67.22 | ETA: 26.5 min
2026-09-12 16:57:28,759 | INFO | Steps: 43520/150000 | Episodes: 85 | LastEpReward: 43.966 | RecentReward: 35.276 | ActorLoss: -8.259662 | CriticLoss: 0.040459 | Q: 8.2261 | TargetQ: 8.2239 | TDAbs: 0.2112 | ActorGrad: 0.0852 | CriticGrad: 1.3939 | Noise: 0.2285 | Replay: 43520 | FPS: 67.38 | ETA: 26.3 min
2026-09-12 16:57:34,798 | INFO | Steps: 44032/150000 | Episodes: 86 | LastEpReward: 39.723 | RecentReward: 35.728 | ActorLoss: -8.241300 | CriticLoss: 0.041384 | Q: 8.2129 | TargetQ: 8.2114 | TDAbs: 0.2103 | ActorGrad: 0.0869 | CriticGrad: 1.3144 | Noise: 0.2271 | Replay: 44032 | FPS: 67.54 | ETA: 26.1 min
2026-09-12 16:57:40,778 | INFO | Steps: 44544/150000 | Episodes: 87 | LastEpReward: 43.585 | RecentReward: 37.525 | ActorLoss: -8.308942 | CriticLoss: 0.041546 | Q: 8.2790 | TargetQ: 8.2775 | TDAbs: 0.2124 | ActorGrad: 0.0783 | CriticGrad: 1.4661 | Noise: 0.2256 | Replay: 44544 | FPS: 67.70 | ETA: 26.0 min
2026-09-12 16:57:46,751 | INFO | Steps: 45056/150000 | Episodes: 88 | LastEpReward: 34.009 | RecentReward: 37.011 | ActorLoss: -8.303568 | CriticLoss: 0.040779 | Q: 8.2736 | TargetQ: 8.2725 | TDAbs: 0.2091 | ActorGrad: 0.0889 | CriticGrad: 1.3070 | Noise: 0.2241 | Replay: 45056 | FPS: 67.87 | ETA: 25.8 min
2026-09-12 16:57:52,700 | INFO | Steps: 45568/150000 | Episodes: 89 | LastEpReward: 21.823 | RecentReward: 34.672 | ActorLoss: -8.346062 | CriticLoss: 0.042633 | Q: 8.3170 | TargetQ: 8.3115 | TDAbs: 0.2145 | ActorGrad: 0.0945 | CriticGrad: 1.3726 | Noise: 0.2227 | Replay: 45568 | FPS: 68.03 | ETA: 25.6 min
2026-09-12 16:57:58,721 | INFO | 开始周期评估: Steps=46080 | Episodes=90 | EvalEpisodes=5
2026-09-12 16:58:15,909 | INFO | 周期评估完成: Steps=46080 | MeanReward=38.497 | StdReward=2.264
2026-09-12 16:58:15,915 | INFO | Steps: 46080/150000 | Episodes: 90 | LastEpReward: 29.923 | RecentReward: 34.778 | ActorLoss: -8.374035 | CriticLoss: 0.043228 | Q: 8.3407 | TargetQ: 8.3388 | TDAbs: 0.2155 | ActorGrad: 0.0922 | CriticGrad: 1.5088 | Noise: 0.2212 | Replay: 46080 | FPS: 66.49 | ETA: 26.0 min
2026-09-12 16:58:21,890 | INFO | Steps: 46592/150000 | Episodes: 91 | LastEpReward: 22.776 | RecentReward: 32.487 | ActorLoss: -8.373177 | CriticLoss: 0.042541 | Q: 8.3428 | TargetQ: 8.3420 | TDAbs: 0.2172 | ActorGrad: 0.0879 | CriticGrad: 1.2931 | Noise: 0.2197 | Replay: 46592 | FPS: 66.65 | ETA: 25.9 min
2026-09-12 16:58:27,946 | INFO | Steps: 47104/150000 | Episodes: 92 | LastEpReward: 32.249 | RecentReward: 32.646 | ActorLoss: -8.311486 | CriticLoss: 0.043325 | Q: 8.2807 | TargetQ: 8.2781 | TDAbs: 0.2174 | ActorGrad: 0.0981 | CriticGrad: 1.2414 | Noise: 0.2183 | Replay: 47104 | FPS: 66.81 | ETA: 25.7 min
2026-09-12 16:58:34,050 | INFO | Steps: 47616/150000 | Episodes: 93 | LastEpReward: 38.934 | RecentReward: 33.699 | ActorLoss: -8.323295 | CriticLoss: 0.045112 | Q: 8.2950 | TargetQ: 8.2912 | TDAbs: 0.2202 | ActorGrad: 0.1002 | CriticGrad: 1.4638 | Noise: 0.2168 | Replay: 47616 | FPS: 66.95 | ETA: 25.5 min
2026-09-12 16:58:40,041 | INFO | Steps: 48128/150000 | Episodes: 94 | LastEpReward: 13.212 | RecentReward: 32.020 | ActorLoss: -8.278520 | CriticLoss: 0.044281 | Q: 8.2488 | TargetQ: 8.2456 | TDAbs: 0.2198 | ActorGrad: 0.0892 | CriticGrad: 1.3610 | Noise: 0.2153 | Replay: 48128 | FPS: 67.11 | ETA: 25.3 min
2026-09-12 16:58:46,061 | INFO | Steps: 48640/150000 | Episodes: 95 | LastEpReward: 38.413 | RecentReward: 31.465 | ActorLoss: -8.316937 | CriticLoss: 0.046523 | Q: 8.2889 | TargetQ: 8.2884 | TDAbs: 0.2260 | ActorGrad: 0.0904 | CriticGrad: 1.7623 | Noise: 0.2139 | Replay: 48640 | FPS: 67.26 | ETA: 25.1 min
2026-09-12 16:58:52,191 | INFO | Steps: 49152/150000 | Episodes: 96 | LastEpReward: 39.145 | RecentReward: 31.407 | ActorLoss: -8.339935 | CriticLoss: 0.048860 | Q: 8.3123 | TargetQ: 8.3083 | TDAbs: 0.2268 | ActorGrad: 0.0856 | CriticGrad: 1.3000 | Noise: 0.2124 | Replay: 49152 | FPS: 67.39 | ETA: 24.9 min
2026-09-12 16:58:58,358 | INFO | Steps: 49664/150000 | Episodes: 97 | LastEpReward: 27.298 | RecentReward: 29.778 | ActorLoss: -8.347753 | CriticLoss: 0.046242 | Q: 8.3192 | TargetQ: 8.3203 | TDAbs: 0.2238 | ActorGrad: 0.1054 | CriticGrad: 1.4784 | Noise: 0.2110 | Replay: 49664 | FPS: 67.52 | ETA: 24.8 min
2026-09-12 16:59:04,560 | INFO | Steps: 50176/150000 | Episodes: 98 | LastEpReward: 35.826 | RecentReward: 29.960 | ActorLoss: -8.322518 | CriticLoss: 0.049176 | Q: 8.2955 | TargetQ: 8.2921 | TDAbs: 0.2295 | ActorGrad: 0.0932 | CriticGrad: 1.4360 | Noise: 0.2095 | Replay: 50000 | FPS: 67.65 | ETA: 24.6 min
2026-09-12 16:59:10,905 | INFO | Steps: 50688/150000 | Episodes: 99 | LastEpReward: 42.031 | RecentReward: 31.981 | ActorLoss: -8.318230 | CriticLoss: 0.050907 | Q: 8.2943 | TargetQ: 8.2885 | TDAbs: 0.2331 | ActorGrad: 0.1023 | CriticGrad: 1.4260 | Noise: 0.2080 | Replay: 50000 | FPS: 67.76 | ETA: 24.4 min
2026-09-12 16:59:16,999 | INFO | 开始周期评估: Steps=51200 | Episodes=100 | EvalEpisodes=5
2026-09-12 16:59:34,074 | INFO | 周期评估完成: Steps=51200 | MeanReward=37.303 | StdReward=3.234
2026-09-12 16:59:34,079 | INFO | Steps: 51200/150000 | Episodes: 100 | LastEpReward: 33.903 | RecentReward: 32.379 | ActorLoss: -8.309174 | CriticLoss: 0.050529 | Q: 8.2855 | TargetQ: 8.2847 | TDAbs: 0.2357 | ActorGrad: 0.0926 | CriticGrad: 1.8672 | Noise: 0.2066 | Replay: 50000 | FPS: 66.39 | ETA: 24.8 min
2026-09-12 16:59:40,311 | INFO | Steps: 51712/150000 | Episodes: 101 | LastEpReward: 37.338 | RecentReward: 33.835 | ActorLoss: -8.292215 | CriticLoss: 0.048958 | Q: 8.2670 | TargetQ: 8.2636 | TDAbs: 0.2330 | ActorGrad: 0.1050 | CriticGrad: 1.9393 | Noise: 0.2051 | Replay: 50000 | FPS: 66.51 | ETA: 24.6 min
2026-09-12 16:59:46,493 | INFO | Steps: 52224/150000 | Episodes: 102 | LastEpReward: 41.355 | RecentReward: 34.745 | ActorLoss: -8.414365 | CriticLoss: 0.049393 | Q: 8.3926 | TargetQ: 8.3933 | TDAbs: 0.2316 | ActorGrad: 0.1011 | CriticGrad: 1.5126 | Noise: 0.2036 | Replay: 50000 | FPS: 66.64 | ETA: 24.5 min
2026-09-12 16:59:52,647 | INFO | Steps: 52736/150000 | Episodes: 103 | LastEpReward: 37.554 | RecentReward: 34.607 | ActorLoss: -8.496307 | CriticLoss: 0.048059 | Q: 8.4731 | TargetQ: 8.4714 | TDAbs: 0.2304 | ActorGrad: 0.1181 | CriticGrad: 1.3296 | Noise: 0.2022 | Replay: 50000 | FPS: 66.77 | ETA: 24.3 min
2026-09-12 16:59:58,724 | INFO | Steps: 53248/150000 | Episodes: 104 | LastEpReward: 37.930 | RecentReward: 37.079 | ActorLoss: -8.602295 | CriticLoss: 0.054359 | Q: 8.5800 | TargetQ: 8.5754 | TDAbs: 0.2402 | ActorGrad: 0.1129 | CriticGrad: 1.6836 | Noise: 0.2007 | Replay: 50000 | FPS: 66.91 | ETA: 24.1 min
2026-09-12 17:00:04,923 | INFO | Steps: 53760/150000 | Episodes: 105 | LastEpReward: 42.782 | RecentReward: 37.516 | ActorLoss: -8.569260 | CriticLoss: 0.054573 | Q: 8.5478 | TargetQ: 8.5411 | TDAbs: 0.2406 | ActorGrad: 0.1291 | CriticGrad: 1.6072 | Noise: 0.1993 | Replay: 50000 | FPS: 67.03 | ETA: 23.9 min
2026-09-12 17:00:11,004 | INFO | Steps: 54272/150000 | Episodes: 106 | LastEpReward: 32.048 | RecentReward: 36.806 | ActorLoss: -8.622859 | CriticLoss: 0.055751 | Q: 8.6020 | TargetQ: 8.5972 | TDAbs: 0.2434 | ActorGrad: 0.1429 | CriticGrad: 1.5347 | Noise: 0.1978 | Replay: 50000 | FPS: 67.16 | ETA: 23.8 min
2026-09-12 17:00:17,175 | INFO | Steps: 54784/150000 | Episodes: 107 | LastEpReward: 19.041 | RecentReward: 35.981 | ActorLoss: -8.574101 | CriticLoss: 0.056770 | Q: 8.5494 | TargetQ: 8.5448 | TDAbs: 0.2427 | ActorGrad: 0.1376 | CriticGrad: 1.6166 | Noise: 0.1963 | Replay: 50000 | FPS: 67.28 | ETA: 23.6 min
2026-09-12 17:00:23,403 | INFO | Steps: 55296/150000 | Episodes: 108 | LastEpReward: 34.057 | RecentReward: 35.804 | ActorLoss: -8.536596 | CriticLoss: 0.054608 | Q: 8.5150 | TargetQ: 8.5174 | TDAbs: 0.2419 | ActorGrad: 0.1286 | CriticGrad: 1.4580 | Noise: 0.1949 | Replay: 50000 | FPS: 67.39 | ETA: 23.4 min
2026-09-12 17:00:29,526 | INFO | Steps: 55808/150000 | Episodes: 109 | LastEpReward: 30.199 | RecentReward: 34.621 | ActorLoss: -8.552949 | CriticLoss: 0.058068 | Q: 8.5288 | TargetQ: 8.5261 | TDAbs: 0.2495 | ActorGrad: 0.1346 | CriticGrad: 1.6132 | Noise: 0.1934 | Replay: 50000 | FPS: 67.51 | ETA: 23.3 min
2026-09-12 17:00:35,762 | INFO | 开始周期评估: Steps=56320 | Episodes=110 | EvalEpisodes=5
2026-09-12 17:00:52,949 | INFO | 周期评估完成: Steps=56320 | MeanReward=34.510 | StdReward=2.490
2026-09-12 17:00:52,955 | INFO | Steps: 56320/150000 | Episodes: 110 | LastEpReward: 24.033 | RecentReward: 33.634 | ActorLoss: -8.577116 | CriticLoss: 0.054192 | Q: 8.5541 | TargetQ: 8.5489 | TDAbs: 0.2420 | ActorGrad: 0.1428 | CriticGrad: 1.6313 | Noise: 0.1919 | Replay: 50000 | FPS: 66.25 | ETA: 23.6 min
2026-09-12 17:00:58,980 | INFO | Steps: 56832/150000 | Episodes: 111 | LastEpReward: 32.386 | RecentReward: 33.138 | ActorLoss: -8.610044 | CriticLoss: 0.059480 | Q: 8.5934 | TargetQ: 8.5838 | TDAbs: 0.2486 | ActorGrad: 0.1395 | CriticGrad: 1.5319 | Noise: 0.1905 | Replay: 50000 | FPS: 66.38 | ETA: 23.4 min
2026-09-12 17:01:05,226 | INFO | Steps: 57344/150000 | Episodes: 112 | LastEpReward: 34.055 | RecentReward: 32.408 | ActorLoss: -8.546108 | CriticLoss: 0.064100 | Q: 8.5199 | TargetQ: 8.5142 | TDAbs: 0.2565 | ActorGrad: 0.1518 | CriticGrad: 1.4976 | Noise: 0.1890 | Replay: 50000 | FPS: 66.50 | ETA: 23.2 min
2026-09-12 17:01:11,340 | INFO | Steps: 57856/150000 | Episodes: 113 | LastEpReward: 26.227 | RecentReward: 31.276 | ActorLoss: -8.557758 | CriticLoss: 0.061126 | Q: 8.5314 | TargetQ: 8.5308 | TDAbs: 0.2530 | ActorGrad: 0.1547 | CriticGrad: 1.6167 | Noise: 0.1876 | Replay: 50000 | FPS: 66.62 | ETA: 23.1 min
2026-09-12 17:01:17,469 | INFO | Steps: 58368/150000 | Episodes: 114 | LastEpReward: 33.268 | RecentReward: 30.810 | ActorLoss: -8.586326 | CriticLoss: 0.063419 | Q: 8.5574 | TargetQ: 8.5537 | TDAbs: 0.2576 | ActorGrad: 0.1621 | CriticGrad: 1.7693 | Noise: 0.1861 | Replay: 50000 | FPS: 66.74 | ETA: 22.9 min
2026-09-12 17:01:23,726 | INFO | Steps: 58880/150000 | Episodes: 115 | LastEpReward: 27.455 | RecentReward: 29.277 | ActorLoss: -8.685106 | CriticLoss: 0.064099 | Q: 8.6506 | TargetQ: 8.6493 | TDAbs: 0.2597 | ActorGrad: 0.1578 | CriticGrad: 1.7234 | Noise: 0.1846 | Replay: 50000 | FPS: 66.84 | ETA: 22.7 min
2026-09-12 17:01:29,959 | INFO | Steps: 59392/150000 | Episodes: 116 | LastEpReward: 19.623 | RecentReward: 28.034 | ActorLoss: -8.629717 | CriticLoss: 0.068979 | Q: 8.5971 | TargetQ: 8.5979 | TDAbs: 0.2689 | ActorGrad: 0.2108 | CriticGrad: 1.7264 | Noise: 0.1832 | Replay: 50000 | FPS: 66.95 | ETA: 22.6 min
2026-09-12 17:01:35,944 | INFO | Steps: 59904/150000 | Episodes: 117 | LastEpReward: 18.569 | RecentReward: 27.987 | ActorLoss: -8.692122 | CriticLoss: 0.072007 | Q: 8.6535 | TargetQ: 8.6540 | TDAbs: 0.2759 | ActorGrad: 0.1799 | CriticGrad: 2.0542 | Noise: 0.1817 | Replay: 50000 | FPS: 67.08 | ETA: 22.4 min
2026-09-12 17:01:41,917 | INFO | Steps: 60416/150000 | Episodes: 118 | LastEpReward: 18.105 | RecentReward: 26.392 | ActorLoss: -8.659063 | CriticLoss: 0.076057 | Q: 8.6091 | TargetQ: 8.6155 | TDAbs: 0.2826 | ActorGrad: 0.1869 | CriticGrad: 1.9590 | Noise: 0.1802 | Replay: 50000 | FPS: 67.20 | ETA: 22.2 min
2026-09-12 17:01:47,931 | INFO | Steps: 60928/150000 | Episodes: 119 | LastEpReward: -3.621 | RecentReward: 23.010 | ActorLoss: -9.068883 | CriticLoss: 0.114314 | Q: 8.9041 | TargetQ: 8.9043 | TDAbs: 0.3514 | ActorGrad: 0.2051 | CriticGrad: 2.3498 | Noise: 0.1788 | Replay: 50000 | FPS: 67.32 | ETA: 22.1 min
2026-09-12 17:01:53,881 | INFO | 开始周期评估: Steps=61440 | Episodes=120 | EvalEpisodes=5
2026-09-12 17:02:10,168 | INFO | 周期评估完成: Steps=61440 | MeanReward=-48.611 | StdReward=2.908
2026-09-12 17:02:10,174 | INFO | Steps: 61440/150000 | Episodes: 120 | LastEpReward: -21.219 | RecentReward: 18.485 | ActorLoss: -9.380102 | CriticLoss: 0.122887 | Q: 9.1941 | TargetQ: 9.1988 | TDAbs: 0.3708 | ActorGrad: 0.1987 | CriticGrad: 2.2699 | Noise: 0.1773 | Replay: 50000 | FPS: 66.26 | ETA: 22.3 min
2026-09-12 17:02:16,189 | INFO | Steps: 61952/150000 | Episodes: 121 | LastEpReward: -29.101 | RecentReward: 12.336 | ActorLoss: -9.707058 | CriticLoss: 0.149709 | Q: 9.5586 | TargetQ: 9.5560 | TDAbs: 0.4073 | ActorGrad: 0.2257 | CriticGrad: 2.6709 | Noise: 0.1759 | Replay: 50000 | FPS: 66.38 | ETA: 22.1 min
2026-09-12 17:02:22,257 | INFO | Steps: 62464/150000 | Episodes: 122 | LastEpReward: -34.674 | RecentReward: 5.463 | ActorLoss: -9.699750 | CriticLoss: 0.152719 | Q: 9.6225 | TargetQ: 9.6200 | TDAbs: 0.4132 | ActorGrad: 0.2226 | CriticGrad: 2.7719 | Noise: 0.1744 | Replay: 50000 | FPS: 66.49 | ETA: 21.9 min
2026-09-12 17:02:28,464 | INFO | Steps: 62976/150000 | Episodes: 123 | LastEpReward: -23.357 | RecentReward: 0.505 | ActorLoss: -9.720622 | CriticLoss: 0.166570 | Q: 9.6841 | TargetQ: 9.6828 | TDAbs: 0.4292 | ActorGrad: 0.1947 | CriticGrad: 2.7311 | Noise: 0.1729 | Replay: 50000 | FPS: 66.60 | ETA: 21.8 min
2026-09-12 17:02:34,592 | INFO | Steps: 63488/150000 | Episodes: 124 | LastEpReward: -28.480 | RecentReward: -5.670 | ActorLoss: -9.460691 | CriticLoss: 0.178591 | Q: 9.4725 | TargetQ: 9.4765 | TDAbs: 0.4430 | ActorGrad: 0.1988 | CriticGrad: 2.8981 | Noise: 0.1715 | Replay: 50000 | FPS: 66.71 | ETA: 21.6 min
2026-09-12 17:02:40,607 | INFO | Steps: 64000/150000 | Episodes: 125 | LastEpReward: -30.538 | RecentReward: -11.469 | ActorLoss: -9.354519 | CriticLoss: 0.181840 | Q: 9.3853 | TargetQ: 9.3840 | TDAbs: 0.4472 | ActorGrad: 0.2319 | CriticGrad: 2.6510 | Noise: 0.1700 | Replay: 50000 | FPS: 66.82 | ETA: 21.4 min
2026-09-12 17:02:46,574 | INFO | Steps: 64512/150000 | Episodes: 126 | LastEpReward: -26.488 | RecentReward: -16.080 | ActorLoss: -8.945843 | CriticLoss: 0.176879 | Q: 9.0016 | TargetQ: 8.9983 | TDAbs: 0.4377 | ActorGrad: 0.2082 | CriticGrad: 2.9735 | Noise: 0.1685 | Replay: 50000 | FPS: 66.94 | ETA: 21.3 min
2026-09-12 17:02:52,678 | INFO | Steps: 65024/150000 | Episodes: 127 | LastEpReward: -21.883 | RecentReward: -20.126 | ActorLoss: -8.783334 | CriticLoss: 0.171136 | Q: 8.8436 | TargetQ: 8.8386 | TDAbs: 0.4301 | ActorGrad: 0.2416 | CriticGrad: 2.8817 | Noise: 0.1671 | Replay: 50000 | FPS: 67.05 | ETA: 21.1 min
2026-09-12 17:02:58,888 | INFO | Steps: 65536/150000 | Episodes: 128 | LastEpReward: 21.511 | RecentReward: -19.785 | ActorLoss: -8.622424 | CriticLoss: 0.151420 | Q: 8.5703 | TargetQ: 8.5686 | TDAbs: 0.3985 | ActorGrad: 0.2157 | CriticGrad: 2.4123 | Noise: 0.1656 | Replay: 50000 | FPS: 67.15 | ETA: 21.0 min
2026-09-12 17:03:04,934 | INFO | Steps: 66048/150000 | Episodes: 129 | LastEpReward: 34.994 | RecentReward: -15.923 | ActorLoss: -8.584848 | CriticLoss: 0.143330 | Q: 8.5337 | TargetQ: 8.5338 | TDAbs: 0.3830 | ActorGrad: 0.2113 | CriticGrad: 2.4337 | Noise: 0.1641 | Replay: 50000 | FPS: 67.25 | ETA: 20.8 min
2026-09-12 17:03:11,128 | INFO | 开始周期评估: Steps=66560 | Episodes=130 | EvalEpisodes=5
2026-09-12 17:03:28,382 | INFO | 周期评估完成: Steps=66560 | MeanReward=34.028 | StdReward=2.581
2026-09-12 17:03:28,389 | INFO | Steps: 66560/150000 | Episodes: 130 | LastEpReward: 47.012 | RecentReward: -9.100 | ActorLoss: -8.684830 | CriticLoss: 0.134376 | Q: 8.6311 | TargetQ: 8.6361 | TDAbs: 0.3701 | ActorGrad: 0.2442 | CriticGrad: 2.5423 | Noise: 0.1627 | Replay: 50000 | FPS: 66.19 | ETA: 21.0 min
2026-09-12 17:03:34,450 | INFO | Steps: 67072/150000 | Episodes: 131 | LastEpReward: 25.856 | RecentReward: -3.605 | ActorLoss: -8.581427 | CriticLoss: 0.127487 | Q: 8.5348 | TargetQ: 8.5373 | TDAbs: 0.3572 | ActorGrad: 0.2528 | CriticGrad: 2.4246 | Noise: 0.1612 | Replay: 50000 | FPS: 66.30 | ETA: 20.8 min
2026-09-12 17:03:40,556 | INFO | Steps: 67584/150000 | Episodes: 132 | LastEpReward: 35.774 | RecentReward: 3.440 | ActorLoss: -8.573796 | CriticLoss: 0.133383 | Q: 8.5208 | TargetQ: 8.5244 | TDAbs: 0.3592 | ActorGrad: 0.2345 | CriticGrad: 2.3170 | Noise: 0.1598 | Replay: 50000 | FPS: 66.41 | ETA: 20.7 min
2026-09-12 17:03:46,603 | INFO | Steps: 68096/150000 | Episodes: 133 | LastEpReward: 35.635 | RecentReward: 9.339 | ActorLoss: -8.669291 | CriticLoss: 0.131515 | Q: 8.6093 | TargetQ: 8.6010 | TDAbs: 0.3597 | ActorGrad: 0.2757 | CriticGrad: 2.5730 | Noise: 0.1583 | Replay: 50000 | FPS: 66.52 | ETA: 20.5 min
2026-09-12 17:03:52,634 | INFO | Steps: 68608/150000 | Episodes: 134 | LastEpReward: 35.618 | RecentReward: 15.749 | ActorLoss: -8.402417 | CriticLoss: 0.123624 | Q: 8.3475 | TargetQ: 8.3422 | TDAbs: 0.3461 | ActorGrad: 0.2286 | CriticGrad: 2.2261 | Noise: 0.1568 | Replay: 50000 | FPS: 66.62 | ETA: 20.4 min
2026-09-12 17:03:58,639 | INFO | Steps: 69120/150000 | Episodes: 135 | LastEpReward: 41.121 | RecentReward: 22.915 | ActorLoss: -8.417713 | CriticLoss: 0.119003 | Q: 8.3627 | TargetQ: 8.3585 | TDAbs: 0.3375 | ActorGrad: 0.1981 | CriticGrad: 2.2451 | Noise: 0.1554 | Replay: 50000 | FPS: 66.73 | ETA: 20.2 min
2026-09-12 17:04:04,669 | INFO | Steps: 69632/150000 | Episodes: 136 | LastEpReward: 40.183 | RecentReward: 29.582 | ActorLoss: -8.363496 | CriticLoss: 0.119221 | Q: 8.3184 | TargetQ: 8.3144 | TDAbs: 0.3380 | ActorGrad: 0.2344 | CriticGrad: 2.3049 | Noise: 0.1539 | Replay: 50000 | FPS: 66.84 | ETA: 20.0 min
2026-09-12 17:04:10,816 | INFO | Steps: 70144/150000 | Episodes: 137 | LastEpReward: 27.146 | RecentReward: 34.485 | ActorLoss: -8.512261 | CriticLoss: 0.128193 | Q: 8.4597 | TargetQ: 8.4675 | TDAbs: 0.3470 | ActorGrad: 0.2172 | CriticGrad: 2.5140 | Noise: 0.1524 | Replay: 50000 | FPS: 66.93 | ETA: 19.9 min
2026-09-12 17:04:16,903 | INFO | Steps: 70656/150000 | Episodes: 138 | LastEpReward: 35.254 | RecentReward: 35.859 | ActorLoss: -8.623423 | CriticLoss: 0.127709 | Q: 8.5650 | TargetQ: 8.5626 | TDAbs: 0.3466 | ActorGrad: 0.2411 | CriticGrad: 2.6716 | Noise: 0.1510 | Replay: 50000 | FPS: 67.03 | ETA: 19.7 min
2026-09-12 17:04:22,943 | INFO | Steps: 71168/150000 | Episodes: 139 | LastEpReward: 31.106 | RecentReward: 35.470 | ActorLoss: -8.458408 | CriticLoss: 0.124976 | Q: 8.3951 | TargetQ: 8.3769 | TDAbs: 0.3401 | ActorGrad: 0.2610 | CriticGrad: 2.4062 | Noise: 0.1495 | Replay: 50000 | FPS: 67.13 | ETA: 19.6 min
2026-09-12 17:04:29,027 | INFO | 开始周期评估: Steps=71680 | Episodes=140 | EvalEpisodes=5
2026-09-12 17:04:46,193 | INFO | 周期评估完成: Steps=71680 | MeanReward=35.900 | StdReward=2.728
2026-09-12 17:04:46,199 | INFO | Steps: 71680/150000 | Episodes: 140 | LastEpReward: 29.446 | RecentReward: 33.714 | ActorLoss: -8.380125 | CriticLoss: 0.121477 | Q: 8.3250 | TargetQ: 8.3236 | TDAbs: 0.3388 | ActorGrad: 0.2267 | CriticGrad: 2.4532 | Noise: 0.1481 | Replay: 50000 | FPS: 66.17 | ETA: 19.7 min
2026-09-12 17:04:52,514 | INFO | Steps: 72192/150000 | Episodes: 141 | LastEpReward: 44.839 | RecentReward: 35.612 | ActorLoss: -8.500376 | CriticLoss: 0.137656 | Q: 8.4303 | TargetQ: 8.4303 | TDAbs: 0.3575 | ActorGrad: 0.2944 | CriticGrad: 2.5381 | Noise: 0.1466 | Replay: 50000 | FPS: 66.25 | ETA: 19.6 min
2026-09-12 17:04:58,671 | INFO | Steps: 72704/150000 | Episodes: 142 | LastEpReward: 47.694 | RecentReward: 36.804 | ActorLoss: -8.563912 | CriticLoss: 0.150553 | Q: 8.4731 | TargetQ: 8.4696 | TDAbs: 0.3737 | ActorGrad: 0.4961 | CriticGrad: 2.7098 | Noise: 0.1451 | Replay: 50000 | FPS: 66.35 | ETA: 19.4 min
2026-09-12 17:05:04,819 | INFO | Steps: 73216/150000 | Episodes: 143 | LastEpReward: 48.280 | RecentReward: 38.069 | ActorLoss: -8.256636 | CriticLoss: 0.136761 | Q: 8.2075 | TargetQ: 8.2140 | TDAbs: 0.3671 | ActorGrad: 0.3673 | CriticGrad: 2.6384 | Noise: 0.1437 | Replay: 50000 | FPS: 66.44 | ETA: 19.3 min
2026-09-12 17:05:10,893 | INFO | Steps: 73728/150000 | Episodes: 144 | LastEpReward: 41.337 | RecentReward: 38.640 | ActorLoss: -8.256751 | CriticLoss: 0.133373 | Q: 8.2065 | TargetQ: 8.2100 | TDAbs: 0.3629 | ActorGrad: 0.3483 | CriticGrad: 2.3909 | Noise: 0.1422 | Replay: 50000 | FPS: 66.54 | ETA: 19.1 min
2026-09-12 17:05:17,046 | INFO | Steps: 74240/150000 | Episodes: 145 | LastEpReward: 43.052 | RecentReward: 38.834 | ActorLoss: -8.472199 | CriticLoss: 0.140425 | Q: 8.4015 | TargetQ: 8.4017 | TDAbs: 0.3699 | ActorGrad: 0.3561 | CriticGrad: 2.6014 | Noise: 0.1407 | Replay: 50000 | FPS: 66.63 | ETA: 18.9 min
2026-09-12 17:05:23,153 | INFO | Steps: 74752/150000 | Episodes: 146 | LastEpReward: 36.362 | RecentReward: 38.451 | ActorLoss: -8.212226 | CriticLoss: 0.140700 | Q: 8.1413 | TargetQ: 8.1447 | TDAbs: 0.3702 | ActorGrad: 0.3970 | CriticGrad: 2.4423 | Noise: 0.1393 | Replay: 50000 | FPS: 66.73 | ETA: 18.8 min
2026-09-12 17:05:29,235 | INFO | Steps: 75264/150000 | Episodes: 147 | LastEpReward: 44.324 | RecentReward: 40.169 | ActorLoss: -8.308766 | CriticLoss: 0.141442 | Q: 8.2359 | TargetQ: 8.2389 | TDAbs: 0.3684 | ActorGrad: 0.4683 | CriticGrad: 2.5671 | Noise: 0.1378 | Replay: 50000 | FPS: 66.82 | ETA: 18.6 min
2026-09-12 17:05:35,352 | INFO | Steps: 75776/150000 | Episodes: 148 | LastEpReward: 36.606 | RecentReward: 40.304 | ActorLoss: -8.359530 | CriticLoss: 0.139678 | Q: 8.2716 | TargetQ: 8.2699 | TDAbs: 0.3685 | ActorGrad: 0.4429 | CriticGrad: 2.7451 | Noise: 0.1364 | Replay: 50000 | FPS: 66.91 | ETA: 18.5 min
2026-09-12 17:05:41,443 | INFO | Steps: 76288/150000 | Episodes: 149 | LastEpReward: 40.114 | RecentReward: 41.205 | ActorLoss: -8.186335 | CriticLoss: 0.145441 | Q: 8.1017 | TargetQ: 8.1004 | TDAbs: 0.3765 | ActorGrad: 0.3868 | CriticGrad: 2.6520 | Noise: 0.1349 | Replay: 50000 | FPS: 67.00 | ETA: 18.3 min
2026-09-12 17:05:47,502 | INFO | 开始周期评估: Steps=76800 | Episodes=150 | EvalEpisodes=5
2026-09-12 17:06:04,674 | INFO | 周期评估完成: Steps=76800 | MeanReward=40.717 | StdReward=4.156
2026-09-12 17:06:04,680 | INFO | Steps: 76800/150000 | Episodes: 150 | LastEpReward: 49.220 | RecentReward: 43.183 | ActorLoss: -8.460132 | CriticLoss: 0.159213 | Q: 8.3628 | TargetQ: 8.3707 | TDAbs: 0.3880 | ActorGrad: 0.4136 | CriticGrad: 2.9417 | Noise: 0.1334 | Replay: 50000 | FPS: 66.10 | ETA: 18.5 min
2026-09-12 17:06:10,709 | INFO | Steps: 77312/150000 | Episodes: 151 | LastEpReward: 34.127 | RecentReward: 42.112 | ActorLoss: -8.384316 | CriticLoss: 0.182499 | Q: 8.2886 | TargetQ: 8.2902 | TDAbs: 0.4139 | ActorGrad: 0.3578 | CriticGrad: 2.9253 | Noise: 0.1320 | Replay: 50000 | FPS: 66.20 | ETA: 18.3 min
2026-09-12 17:06:16,816 | INFO | Steps: 77824/150000 | Episodes: 152 | LastEpReward: 46.999 | RecentReward: 42.042 | ActorLoss: -8.463893 | CriticLoss: 0.173427 | Q: 8.3544 | TargetQ: 8.3568 | TDAbs: 0.4066 | ActorGrad: 0.3650 | CriticGrad: 3.1406 | Noise: 0.1305 | Replay: 50000 | FPS: 66.29 | ETA: 18.1 min
2026-09-12 17:06:22,827 | INFO | Steps: 78336/150000 | Episodes: 153 | LastEpReward: 43.013 | RecentReward: 41.515 | ActorLoss: -8.771354 | CriticLoss: 0.164585 | Q: 8.6691 | TargetQ: 8.6781 | TDAbs: 0.3981 | ActorGrad: 0.4124 | CriticGrad: 3.1250 | Noise: 0.1290 | Replay: 50000 | FPS: 66.39 | ETA: 18.0 min
2026-09-12 17:06:28,882 | INFO | Steps: 78848/150000 | Episodes: 154 | LastEpReward: 37.045 | RecentReward: 41.086 | ActorLoss: -8.743526 | CriticLoss: 0.193768 | Q: 8.6384 | TargetQ: 8.6283 | TDAbs: 0.4292 | ActorGrad: 0.3865 | CriticGrad: 3.2520 | Noise: 0.1276 | Replay: 50000 | FPS: 66.48 | ETA: 17.8 min
2026-09-12 17:06:35,048 | INFO | Steps: 79360/150000 | Episodes: 155 | LastEpReward: 50.882 | RecentReward: 41.869 | ActorLoss: -8.918284 | CriticLoss: 0.202123 | Q: 8.8305 | TargetQ: 8.8365 | TDAbs: 0.4370 | ActorGrad: 0.4097 | CriticGrad: 3.5813 | Noise: 0.1261 | Replay: 50000 | FPS: 66.57 | ETA: 17.7 min
2026-09-12 17:06:41,177 | INFO | Steps: 79872/150000 | Episodes: 156 | LastEpReward: 33.737 | RecentReward: 41.607 | ActorLoss: -8.968042 | CriticLoss: 0.211197 | Q: 8.8893 | TargetQ: 8.9092 | TDAbs: 0.4497 | ActorGrad: 0.4462 | CriticGrad: 3.5695 | Noise: 0.1247 | Replay: 50000 | FPS: 66.65 | ETA: 17.5 min
2026-09-12 17:06:47,519 | INFO | Steps: 80384/150000 | Episodes: 157 | LastEpReward: 51.933 | RecentReward: 42.368 | ActorLoss: -8.549615 | CriticLoss: 0.192845 | Q: 8.4863 | TargetQ: 8.4932 | TDAbs: 0.4330 | ActorGrad: 0.3900 | CriticGrad: 3.4117 | Noise: 0.1232 | Replay: 50000 | FPS: 66.73 | ETA: 17.4 min
2026-09-12 17:06:53,593 | INFO | Steps: 80896/150000 | Episodes: 158 | LastEpReward: 39.453 | RecentReward: 42.652 | ActorLoss: -8.371532 | CriticLoss: 0.178897 | Q: 8.3359 | TargetQ: 8.3450 | TDAbs: 0.4144 | ActorGrad: 0.2873 | CriticGrad: 3.1316 | Noise: 0.1217 | Replay: 50000 | FPS: 66.82 | ETA: 17.2 min
2026-09-12 17:06:59,665 | INFO | Steps: 81408/150000 | Episodes: 159 | LastEpReward: 36.683 | RecentReward: 42.309 | ActorLoss: -8.140256 | CriticLoss: 0.168540 | Q: 8.1077 | TargetQ: 8.1015 | TDAbs: 0.4011 | ActorGrad: 0.2167 | CriticGrad: 2.9832 | Noise: 0.1203 | Replay: 50000 | FPS: 66.90 | ETA: 17.1 min
2026-09-12 17:07:05,711 | INFO | 开始周期评估: Steps=81920 | Episodes=160 | EvalEpisodes=5
2026-09-12 17:07:23,019 | INFO | 周期评估完成: Steps=81920 | MeanReward=46.935 | StdReward=4.400
2026-09-12 17:07:23,025 | INFO | Steps: 81920/150000 | Episodes: 160 | LastEpReward: 34.565 | RecentReward: 40.844 | ActorLoss: -8.190711 | CriticLoss: 0.160507 | Q: 8.1579 | TargetQ: 8.1646 | TDAbs: 0.3885 | ActorGrad: 0.2634 | CriticGrad: 2.9917 | Noise: 0.1188 | Replay: 50000 | FPS: 66.06 | ETA: 17.2 min
2026-09-12 17:07:28,963 | INFO | Steps: 82432/150000 | Episodes: 161 | LastEpReward: 38.428 | RecentReward: 41.274 | ActorLoss: -8.185779 | CriticLoss: 0.154303 | Q: 8.1552 | TargetQ: 8.1529 | TDAbs: 0.3789 | ActorGrad: 0.1767 | CriticGrad: 2.8840 | Noise: 0.1173 | Replay: 50000 | FPS: 66.15 | ETA: 17.0 min
2026-09-12 17:07:35,126 | INFO | Steps: 82944/150000 | Episodes: 162 | LastEpReward: 52.892 | RecentReward: 41.863 | ActorLoss: -8.099135 | CriticLoss: 0.147531 | Q: 8.0642 | TargetQ: 8.0658 | TDAbs: 0.3721 | ActorGrad: 0.2096 | CriticGrad: 2.7785 | Noise: 0.1159 | Replay: 50000 | FPS: 66.24 | ETA: 16.9 min
2026-09-12 17:07:41,168 | INFO | Steps: 83456/150000 | Episodes: 163 | LastEpReward: 54.403 | RecentReward: 43.002 | ActorLoss: -8.121420 | CriticLoss: 0.143643 | Q: 8.0847 | TargetQ: 8.0875 | TDAbs: 0.3654 | ActorGrad: 0.2082 | CriticGrad: 2.7876 | Noise: 0.1144 | Replay: 50000 | FPS: 66.32 | ETA: 16.7 min
2026-09-12 17:07:47,346 | INFO | Steps: 83968/150000 | Episodes: 164 | LastEpReward: 53.051 | RecentReward: 44.603 | ActorLoss: -8.060849 | CriticLoss: 0.153428 | Q: 8.0365 | TargetQ: 8.0390 | TDAbs: 0.3738 | ActorGrad: 0.1757 | CriticGrad: 2.7101 | Noise: 0.1129 | Replay: 50000 | FPS: 66.40 | ETA: 16.6 min
2026-09-12 17:07:53,289 | INFO | Steps: 84480/150000 | Episodes: 165 | LastEpReward: 41.672 | RecentReward: 43.682 | ActorLoss: -8.116711 | CriticLoss: 0.136215 | Q: 8.0822 | TargetQ: 8.0802 | TDAbs: 0.3558 | ActorGrad: 0.1825 | CriticGrad: 2.8043 | Noise: 0.1115 | Replay: 50000 | FPS: 66.50 | ETA: 16.4 min
2026-09-12 17:07:59,332 | INFO | Steps: 84992/150000 | Episodes: 166 | LastEpReward: 52.599 | RecentReward: 45.568 | ActorLoss: -8.013251 | CriticLoss: 0.137664 | Q: 7.9816 | TargetQ: 7.9748 | TDAbs: 0.3576 | ActorGrad: 0.1503 | CriticGrad: 2.6007 | Noise: 0.1100 | Replay: 50000 | FPS: 66.58 | ETA: 16.3 min
2026-09-12 17:08:05,382 | INFO | Steps: 85504/150000 | Episodes: 167 | LastEpReward: 45.248 | RecentReward: 44.899 | ActorLoss: -8.306868 | CriticLoss: 0.134167 | Q: 8.2726 | TargetQ: 8.2676 | TDAbs: 0.3531 | ActorGrad: 0.2228 | CriticGrad: 2.9560 | Noise: 0.1086 | Replay: 50000 | FPS: 66.67 | ETA: 16.1 min
2026-09-12 17:08:11,387 | INFO | Steps: 86016/150000 | Episodes: 168 | LastEpReward: 29.392 | RecentReward: 43.893 | ActorLoss: -8.083985 | CriticLoss: 0.136455 | Q: 8.0573 | TargetQ: 8.0502 | TDAbs: 0.3572 | ActorGrad: 0.1851 | CriticGrad: 2.9604 | Noise: 0.1071 | Replay: 50000 | FPS: 66.76 | ETA: 16.0 min
2026-09-12 17:08:17,552 | INFO | Steps: 86528/150000 | Episodes: 169 | LastEpReward: 50.580 | RecentReward: 45.283 | ActorLoss: -8.062848 | CriticLoss: 0.131707 | Q: 8.0393 | TargetQ: 8.0430 | TDAbs: 0.3487 | ActorGrad: 0.2083 | CriticGrad: 2.5411 | Noise: 0.1056 | Replay: 50000 | FPS: 66.83 | ETA: 15.8 min
2026-09-12 17:08:23,701 | INFO | 开始周期评估: Steps=87040 | Episodes=170 | EvalEpisodes=5
2026-09-12 17:08:40,947 | INFO | 周期评估完成: Steps=87040 | MeanReward=50.902 | StdReward=5.950
2026-09-12 17:08:40,953 | INFO | Steps: 87040/150000 | Episodes: 170 | LastEpReward: 56.400 | RecentReward: 47.466 | ActorLoss: -8.038881 | CriticLoss: 0.139963 | Q: 8.0141 | TargetQ: 8.0147 | TDAbs: 0.3577 | ActorGrad: 0.2106 | CriticGrad: 2.5683 | Noise: 0.1042 | Replay: 50000 | FPS: 66.03 | ETA: 15.9 min
2026-09-12 17:08:47,135 | INFO | Steps: 87552/150000 | Episodes: 171 | LastEpReward: 55.451 | RecentReward: 49.169 | ActorLoss: -8.023024 | CriticLoss: 0.135645 | Q: 7.9909 | TargetQ: 7.9902 | TDAbs: 0.3534 | ActorGrad: 0.1980 | CriticGrad: 2.5889 | Noise: 0.1027 | Replay: 50000 | FPS: 66.11 | ETA: 15.7 min
2026-09-12 17:08:53,375 | INFO | Steps: 88064/150000 | Episodes: 172 | LastEpReward: 52.606 | RecentReward: 49.140 | ActorLoss: -8.146457 | CriticLoss: 0.134457 | Q: 8.1109 | TargetQ: 8.1098 | TDAbs: 0.3505 | ActorGrad: 0.2555 | CriticGrad: 2.9570 | Noise: 0.1012 | Replay: 50000 | FPS: 66.19 | ETA: 15.6 min
2026-09-12 17:08:59,484 | INFO | Steps: 88576/150000 | Episodes: 173 | LastEpReward: 52.981 | RecentReward: 48.998 | ActorLoss: -7.862600 | CriticLoss: 0.134149 | Q: 7.8395 | TargetQ: 7.8414 | TDAbs: 0.3482 | ActorGrad: 0.2180 | CriticGrad: 2.5778 | Noise: 0.0998 | Replay: 50000 | FPS: 66.27 | ETA: 15.4 min
2026-09-12 17:09:05,709 | INFO | Steps: 89088/150000 | Episodes: 174 | LastEpReward: 52.739 | RecentReward: 48.967 | ActorLoss: -8.066000 | CriticLoss: 0.137395 | Q: 8.0405 | TargetQ: 8.0512 | TDAbs: 0.3543 | ActorGrad: 0.3823 | CriticGrad: 2.6463 | Noise: 0.0983 | Replay: 50000 | FPS: 66.34 | ETA: 15.3 min
2026-09-12 17:09:11,694 | INFO | Steps: 89600/150000 | Episodes: 175 | LastEpReward: 36.739 | RecentReward: 48.473 | ActorLoss: -7.890218 | CriticLoss: 0.122563 | Q: 7.8595 | TargetQ: 7.8487 | TDAbs: 0.3352 | ActorGrad: 0.2374 | CriticGrad: 2.4797 | Noise: 0.0969 | Replay: 50000 | FPS: 66.43 | ETA: 15.2 min
2026-09-12 17:09:17,844 | INFO | Steps: 90112/150000 | Episodes: 176 | LastEpReward: 32.679 | RecentReward: 46.481 | ActorLoss: -7.883009 | CriticLoss: 0.124464 | Q: 7.8470 | TargetQ: 7.8433 | TDAbs: 0.3367 | ActorGrad: 0.2235 | CriticGrad: 2.4779 | Noise: 0.0954 | Replay: 50000 | FPS: 66.50 | ETA: 15.0 min
2026-09-12 17:09:23,976 | INFO | Steps: 90624/150000 | Episodes: 177 | LastEpReward: 35.799 | RecentReward: 45.537 | ActorLoss: -7.965248 | CriticLoss: 0.116533 | Q: 7.9328 | TargetQ: 7.9260 | TDAbs: 0.3258 | ActorGrad: 0.2379 | CriticGrad: 2.6028 | Noise: 0.0939 | Replay: 50000 | FPS: 66.58 | ETA: 14.9 min
2026-09-12 17:09:30,002 | INFO | Steps: 91136/150000 | Episodes: 178 | LastEpReward: 24.984 | RecentReward: 45.096 | ActorLoss: -7.906879 | CriticLoss: 0.118562 | Q: 7.8715 | TargetQ: 7.8658 | TDAbs: 0.3234 | ActorGrad: 0.2409 | CriticGrad: 2.2844 | Noise: 0.0925 | Replay: 50000 | FPS: 66.66 | ETA: 14.7 min
2026-09-12 17:09:36,048 | INFO | Steps: 91648/150000 | Episodes: 179 | LastEpReward: 30.347 | RecentReward: 43.073 | ActorLoss: -7.970581 | CriticLoss: 0.103458 | Q: 7.9418 | TargetQ: 7.9408 | TDAbs: 0.3060 | ActorGrad: 0.2810 | CriticGrad: 2.2692 | Noise: 0.0910 | Replay: 50000 | FPS: 66.74 | ETA: 14.6 min
2026-09-12 17:09:42,321 | INFO | 开始周期评估: Steps=92160 | Episodes=180 | EvalEpisodes=5
2026-09-12 17:09:59,518 | INFO | 周期评估完成: Steps=92160 | MeanReward=29.349 | StdReward=8.038
2026-09-12 17:09:59,525 | INFO | Steps: 92160/150000 | Episodes: 180 | LastEpReward: 44.158 | RecentReward: 41.848 | ActorLoss: -7.886138 | CriticLoss: 0.102919 | Q: 7.8542 | TargetQ: 7.8505 | TDAbs: 0.3026 | ActorGrad: 0.2071 | CriticGrad: 2.3042 | Noise: 0.0895 | Replay: 50000 | FPS: 65.99 | ETA: 14.6 min
2026-09-12 17:10:05,600 | INFO | Steps: 92672/150000 | Episodes: 181 | LastEpReward: 34.233 | RecentReward: 39.727 | ActorLoss: -7.878811 | CriticLoss: 0.107761 | Q: 7.8448 | TargetQ: 7.8395 | TDAbs: 0.3054 | ActorGrad: 0.2467 | CriticGrad: 2.1974 | Noise: 0.0881 | Replay: 50000 | FPS: 66.06 | ETA: 14.5 min
2026-09-12 17:10:11,777 | INFO | Steps: 93184/150000 | Episodes: 182 | LastEpReward: 28.605 | RecentReward: 37.326 | ActorLoss: -7.823125 | CriticLoss: 0.092286 | Q: 7.7907 | TargetQ: 7.7931 | TDAbs: 0.2896 | ActorGrad: 0.1868 | CriticGrad: 2.0002 | Noise: 0.0866 | Replay: 50000 | FPS: 66.14 | ETA: 14.3 min
2026-09-12 17:10:17,821 | INFO | Steps: 93696/150000 | Episodes: 183 | LastEpReward: 30.217 | RecentReward: 35.050 | ActorLoss: -7.926184 | CriticLoss: 0.099084 | Q: 7.8910 | TargetQ: 7.8899 | TDAbs: 0.2953 | ActorGrad: 0.2131 | CriticGrad: 2.2365 | Noise: 0.0852 | Replay: 50000 | FPS: 66.22 | ETA: 14.2 min
2026-09-12 17:10:23,938 | INFO | Steps: 94208/150000 | Episodes: 184 | LastEpReward: 38.289 | RecentReward: 33.605 | ActorLoss: -8.004775 | CriticLoss: 0.105891 | Q: 7.9705 | TargetQ: 7.9540 | TDAbs: 0.3019 | ActorGrad: 0.2532 | CriticGrad: 2.4016 | Noise: 0.0837 | Replay: 50000 | FPS: 66.29 | ETA: 14.0 min
2026-09-12 17:10:30,032 | INFO | Steps: 94720/150000 | Episodes: 185 | LastEpReward: 26.761 | RecentReward: 32.607 | ActorLoss: -7.905675 | CriticLoss: 0.102160 | Q: 7.8718 | TargetQ: 7.8633 | TDAbs: 0.2937 | ActorGrad: 0.2111 | CriticGrad: 2.0954 | Noise: 0.0822 | Replay: 50000 | FPS: 66.37 | ETA: 13.9 min
2026-09-12 17:10:36,174 | INFO | Steps: 95232/150000 | Episodes: 186 | LastEpReward: 18.202 | RecentReward: 31.159 | ActorLoss: -7.911108 | CriticLoss: 0.092576 | Q: 7.8747 | TargetQ: 7.8686 | TDAbs: 0.2828 | ActorGrad: 0.2895 | CriticGrad: 2.0208 | Noise: 0.0808 | Replay: 50000 | FPS: 66.44 | ETA: 13.7 min
2026-09-12 17:10:42,331 | INFO | Steps: 95744/150000 | Episodes: 187 | LastEpReward: 43.262 | RecentReward: 31.906 | ActorLoss: -7.971610 | CriticLoss: 0.090259 | Q: 7.9336 | TargetQ: 7.9227 | TDAbs: 0.2779 | ActorGrad: 0.2731 | CriticGrad: 1.9581 | Noise: 0.0793 | Replay: 50000 | FPS: 66.51 | ETA: 13.6 min
2026-09-12 17:10:48,783 | INFO | Steps: 96256/150000 | Episodes: 188 | LastEpReward: 53.944 | RecentReward: 34.802 | ActorLoss: -8.182888 | CriticLoss: 0.085191 | Q: 8.1432 | TargetQ: 8.1428 | TDAbs: 0.2742 | ActorGrad: 0.2661 | CriticGrad: 2.1056 | Noise: 0.0778 | Replay: 50000 | FPS: 66.57 | ETA: 13.5 min
2026-09-12 17:10:55,091 | INFO | Steps: 96768/150000 | Episodes: 189 | LastEpReward: 27.166 | RecentReward: 34.484 | ActorLoss: -8.121945 | CriticLoss: 0.095045 | Q: 8.0839 | TargetQ: 8.0857 | TDAbs: 0.2808 | ActorGrad: 0.3164 | CriticGrad: 2.1083 | Noise: 0.0764 | Replay: 50000 | FPS: 66.63 | ETA: 13.3 min
2026-09-12 17:11:01,364 | INFO | 开始周期评估: Steps=97280 | Episodes=190 | EvalEpisodes=5
2026-09-12 17:11:18,711 | INFO | 周期评估完成: Steps=97280 | MeanReward=45.244 | StdReward=9.085
2026-09-12 17:11:18,717 | INFO | Steps: 97280/150000 | Episodes: 190 | LastEpReward: 42.437 | RecentReward: 34.312 | ActorLoss: -8.036163 | CriticLoss: 0.083509 | Q: 7.9984 | TargetQ: 8.0003 | TDAbs: 0.2698 | ActorGrad: 0.2609 | CriticGrad: 1.9265 | Noise: 0.0749 | Replay: 50000 | FPS: 65.91 | ETA: 13.3 min
2026-09-12 17:11:25,008 | INFO | Steps: 97792/150000 | Episodes: 191 | LastEpReward: 51.274 | RecentReward: 36.016 | ActorLoss: -8.000489 | CriticLoss: 0.080830 | Q: 7.9662 | TargetQ: 7.9668 | TDAbs: 0.2653 | ActorGrad: 0.2496 | CriticGrad: 1.8543 | Noise: 0.0735 | Replay: 50000 | FPS: 65.98 | ETA: 13.2 min
2026-09-12 17:11:31,264 | INFO | Steps: 98304/150000 | Episodes: 192 | LastEpReward: 39.457 | RecentReward: 37.101 | ActorLoss: -8.129797 | CriticLoss: 0.086122 | Q: 8.0882 | TargetQ: 8.0876 | TDAbs: 0.2749 | ActorGrad: 0.3264 | CriticGrad: 2.0087 | Noise: 0.0720 | Replay: 50000 | FPS: 66.05 | ETA: 13.0 min
2026-09-12 17:11:37,599 | INFO | Steps: 98816/150000 | Episodes: 193 | LastEpReward: 53.096 | RecentReward: 39.389 | ActorLoss: -8.273442 | CriticLoss: 0.095416 | Q: 8.2267 | TargetQ: 8.2164 | TDAbs: 0.2840 | ActorGrad: 0.4294 | CriticGrad: 2.1654 | Noise: 0.0705 | Replay: 50000 | FPS: 66.11 | ETA: 12.9 min
2026-09-12 17:11:43,865 | INFO | Steps: 99328/150000 | Episodes: 194 | LastEpReward: 34.287 | RecentReward: 38.988 | ActorLoss: -8.234194 | CriticLoss: 0.097789 | Q: 8.1909 | TargetQ: 8.1821 | TDAbs: 0.2887 | ActorGrad: 0.3637 | CriticGrad: 2.1714 | Noise: 0.0691 | Replay: 50000 | FPS: 66.17 | ETA: 12.8 min
2026-09-12 17:11:50,163 | INFO | Steps: 99840/150000 | Episodes: 195 | LastEpReward: 45.301 | RecentReward: 40.843 | ActorLoss: -8.320120 | CriticLoss: 0.098109 | Q: 8.2808 | TargetQ: 8.2696 | TDAbs: 0.2899 | ActorGrad: 0.3424 | CriticGrad: 2.0022 | Noise: 0.0676 | Replay: 50000 | FPS: 66.24 | ETA: 12.6 min
2026-09-12 17:11:56,496 | INFO | Steps: 100352/150000 | Episodes: 196 | LastEpReward: 42.084 | RecentReward: 43.231 | ActorLoss: -8.342509 | CriticLoss: 0.098503 | Q: 8.3038 | TargetQ: 8.2996 | TDAbs: 0.2926 | ActorGrad: 0.3755 | CriticGrad: 2.1982 | Noise: 0.0661 | Replay: 50000 | FPS: 66.30 | ETA: 12.5 min
2026-09-12 17:12:02,699 | INFO | Steps: 100864/150000 | Episodes: 197 | LastEpReward: 35.082 | RecentReward: 42.413 | ActorLoss: -8.210001 | CriticLoss: 0.085139 | Q: 8.1708 | TargetQ: 8.1712 | TDAbs: 0.2775 | ActorGrad: 0.3257 | CriticGrad: 1.9132 | Noise: 0.0647 | Replay: 50000 | FPS: 66.36 | ETA: 12.3 min
2026-09-12 17:12:08,994 | INFO | Steps: 101376/150000 | Episodes: 198 | LastEpReward: 46.367 | RecentReward: 41.655 | ActorLoss: -8.146627 | CriticLoss: 0.096872 | Q: 8.1107 | TargetQ: 8.1063 | TDAbs: 0.2933 | ActorGrad: 0.3887 | CriticGrad: 1.8603 | Noise: 0.0632 | Replay: 50000 | FPS: 66.43 | ETA: 12.2 min
2026-09-12 17:12:15,169 | INFO | Steps: 101888/150000 | Episodes: 199 | LastEpReward: 38.984 | RecentReward: 42.837 | ActorLoss: -8.234559 | CriticLoss: 0.088638 | Q: 8.1943 | TargetQ: 8.1956 | TDAbs: 0.2859 | ActorGrad: 0.3793 | CriticGrad: 2.1089 | Noise: 0.0617 | Replay: 50000 | FPS: 66.49 | ETA: 12.1 min
2026-09-12 17:12:21,358 | INFO | 开始周期评估: Steps=102400 | Episodes=200 | EvalEpisodes=5
2026-09-12 17:12:38,584 | INFO | 周期评估完成: Steps=102400 | MeanReward=45.765 | StdReward=8.003
2026-09-12 17:12:38,590 | INFO | Steps: 102400/150000 | Episodes: 200 | LastEpReward: 42.934 | RecentReward: 42.886 | ActorLoss: -8.506438 | CriticLoss: 0.099023 | Q: 8.4665 | TargetQ: 8.4585 | TDAbs: 0.2953 | ActorGrad: 0.4282 | CriticGrad: 2.1354 | Noise: 0.0603 | Replay: 50000 | FPS: 65.82 | ETA: 12.1 min
2026-09-12 17:12:44,856 | INFO | Steps: 102912/150000 | Episodes: 201 | LastEpReward: 26.961 | RecentReward: 40.455 | ActorLoss: -8.158357 | CriticLoss: 0.105443 | Q: 8.1223 | TargetQ: 8.1361 | TDAbs: 0.3025 | ActorGrad: 0.4177 | CriticGrad: 1.8273 | Noise: 0.0588 | Replay: 50000 | FPS: 65.88 | ETA: 11.9 min
2026-09-12 17:12:51,045 | INFO | Steps: 103424/150000 | Episodes: 202 | LastEpReward: 35.478 | RecentReward: 40.057 | ActorLoss: -8.378147 | CriticLoss: 0.111485 | Q: 8.3355 | TargetQ: 8.3214 | TDAbs: 0.3167 | ActorGrad: 0.4321 | CriticGrad: 2.2024 | Noise: 0.0574 | Replay: 50000 | FPS: 65.95 | ETA: 11.8 min
2026-09-12 17:12:57,355 | INFO | Steps: 103936/150000 | Episodes: 203 | LastEpReward: 45.722 | RecentReward: 39.320 | ActorLoss: -8.481704 | CriticLoss: 0.108205 | Q: 8.4234 | TargetQ: 8.4160 | TDAbs: 0.3151 | ActorGrad: 0.4253 | CriticGrad: 2.1360 | Noise: 0.0559 | Replay: 50000 | FPS: 66.01 | ETA: 11.6 min
2026-09-12 17:13:03,491 | INFO | Steps: 104448/150000 | Episodes: 204 | LastEpReward: 40.179 | RecentReward: 39.909 | ActorLoss: -8.461495 | CriticLoss: 0.117292 | Q: 8.4166 | TargetQ: 8.4120 | TDAbs: 0.3281 | ActorGrad: 0.4413 | CriticGrad: 2.1256 | Noise: 0.0544 | Replay: 50000 | FPS: 66.08 | ETA: 11.5 min
2026-09-12 17:13:09,927 | INFO | Steps: 104960/150000 | Episodes: 205 | LastEpReward: 49.544 | RecentReward: 40.333 | ActorLoss: -8.528964 | CriticLoss: 0.114858 | Q: 8.4826 | TargetQ: 8.4758 | TDAbs: 0.3267 | ActorGrad: 0.4144 | CriticGrad: 2.3401 | Noise: 0.0530 | Replay: 50000 | FPS: 66.13 | ETA: 11.4 min
2026-09-12 17:13:16,176 | INFO | Steps: 105472/150000 | Episodes: 206 | LastEpReward: 33.935 | RecentReward: 39.518 | ActorLoss: -8.558581 | CriticLoss: 0.133302 | Q: 8.5171 | TargetQ: 8.5352 | TDAbs: 0.3482 | ActorGrad: 0.4975 | CriticGrad: 2.3269 | Noise: 0.0515 | Replay: 50000 | FPS: 66.20 | ETA: 11.2 min
2026-09-12 17:13:22,625 | INFO | Steps: 105984/150000 | Episodes: 207 | LastEpReward: 47.361 | RecentReward: 40.746 | ActorLoss: -8.619952 | CriticLoss: 0.119185 | Q: 8.5703 | TargetQ: 8.5661 | TDAbs: 0.3377 | ActorGrad: 0.4619 | CriticGrad: 2.3515 | Noise: 0.0500 | Replay: 50000 | FPS: 66.25 | ETA: 11.1 min
2026-09-12 17:13:28,827 | INFO | Steps: 106496/150000 | Episodes: 208 | LastEpReward: 37.528 | RecentReward: 39.863 | ActorLoss: -8.799895 | CriticLoss: 0.126592 | Q: 8.7525 | TargetQ: 8.7439 | TDAbs: 0.3437 | ActorGrad: 0.4603 | CriticGrad: 2.4253 | Noise: 0.0500 | Replay: 50000 | FPS: 66.31 | ETA: 10.9 min
2026-09-12 17:13:35,006 | INFO | Steps: 107008/150000 | Episodes: 209 | LastEpReward: 30.476 | RecentReward: 39.012 | ActorLoss: -8.687743 | CriticLoss: 0.121074 | Q: 8.6503 | TargetQ: 8.6415 | TDAbs: 0.3412 | ActorGrad: 0.4569 | CriticGrad: 2.4936 | Noise: 0.0500 | Replay: 50000 | FPS: 66.38 | ETA: 10.8 min
2026-09-12 17:13:41,170 | INFO | 开始周期评估: Steps=107520 | Episodes=210 | EvalEpisodes=5
2026-09-12 17:13:58,432 | INFO | 周期评估完成: Steps=107520 | MeanReward=42.102 | StdReward=9.483
2026-09-12 17:13:58,437 | INFO | Steps: 107520/150000 | Episodes: 210 | LastEpReward: 35.478 | RecentReward: 38.266 | ActorLoss: -8.588158 | CriticLoss: 0.129634 | Q: 8.5482 | TargetQ: 8.5503 | TDAbs: 0.3521 | ActorGrad: 0.4843 | CriticGrad: 2.5779 | Noise: 0.0500 | Replay: 50000 | FPS: 65.74 | ETA: 10.8 min
2026-09-12 17:14:04,742 | INFO | Steps: 108032/150000 | Episodes: 211 | LastEpReward: 28.617 | RecentReward: 38.432 | ActorLoss: -8.847264 | CriticLoss: 0.138114 | Q: 8.8013 | TargetQ: 8.8016 | TDAbs: 0.3613 | ActorGrad: 0.5590 | CriticGrad: 2.5965 | Noise: 0.0500 | Replay: 50000 | FPS: 65.80 | ETA: 10.6 min
2026-09-12 17:14:10,935 | INFO | Steps: 108544/150000 | Episodes: 212 | LastEpReward: 41.857 | RecentReward: 39.070 | ActorLoss: -8.724220 | CriticLoss: 0.135547 | Q: 8.6860 | TargetQ: 8.6818 | TDAbs: 0.3603 | ActorGrad: 0.5474 | CriticGrad: 2.6113 | Noise: 0.0500 | Replay: 50000 | FPS: 65.86 | ETA: 10.5 min
2026-09-12 17:14:17,233 | INFO | Steps: 109056/150000 | Episodes: 213 | LastEpReward: 41.813 | RecentReward: 38.679 | ActorLoss: -8.701064 | CriticLoss: 0.141607 | Q: 8.6665 | TargetQ: 8.6779 | TDAbs: 0.3651 | ActorGrad: 0.5036 | CriticGrad: 2.4027 | Noise: 0.0500 | Replay: 50000 | FPS: 65.92 | ETA: 10.4 min
2026-09-12 17:14:23,355 | INFO | Steps: 109568/150000 | Episodes: 214 | LastEpReward: 39.686 | RecentReward: 38.630 | ActorLoss: -8.614724 | CriticLoss: 0.131820 | Q: 8.5854 | TargetQ: 8.5820 | TDAbs: 0.3557 | ActorGrad: 0.5214 | CriticGrad: 2.5240 | Noise: 0.0500 | Replay: 50000 | FPS: 65.99 | ETA: 10.2 min
2026-09-12 17:14:29,616 | INFO | Steps: 110080/150000 | Episodes: 215 | LastEpReward: 45.967 | RecentReward: 38.272 | ActorLoss: -8.648682 | CriticLoss: 0.140502 | Q: 8.6194 | TargetQ: 8.6137 | TDAbs: 0.3666 | ActorGrad: 0.5626 | CriticGrad: 2.5670 | Noise: 0.0500 | Replay: 50000 | FPS: 66.04 | ETA: 10.1 min
2026-09-12 17:14:35,812 | INFO | Steps: 110592/150000 | Episodes: 216 | LastEpReward: 29.233 | RecentReward: 37.802 | ActorLoss: -8.639345 | CriticLoss: 0.150612 | Q: 8.6107 | TargetQ: 8.6083 | TDAbs: 0.3780 | ActorGrad: 0.5235 | CriticGrad: 2.6357 | Noise: 0.0500 | Replay: 50000 | FPS: 66.11 | ETA: 9.9 min
2026-09-12 17:14:42,078 | INFO | Steps: 111104/150000 | Episodes: 217 | LastEpReward: 46.794 | RecentReward: 37.745 | ActorLoss: -8.823327 | CriticLoss: 0.141661 | Q: 8.7933 | TargetQ: 8.7905 | TDAbs: 0.3688 | ActorGrad: 0.5144 | CriticGrad: 2.7274 | Noise: 0.0500 | Replay: 50000 | FPS: 66.16 | ETA: 9.8 min
2026-09-12 17:14:48,287 | INFO | Steps: 111616/150000 | Episodes: 218 | LastEpReward: 30.709 | RecentReward: 37.063 | ActorLoss: -8.742196 | CriticLoss: 0.140444 | Q: 8.7082 | TargetQ: 8.7089 | TDAbs: 0.3693 | ActorGrad: 0.4997 | CriticGrad: 2.7325 | Noise: 0.0500 | Replay: 50000 | FPS: 66.22 | ETA: 9.7 min
2026-09-12 17:14:54,475 | INFO | Steps: 112128/150000 | Episodes: 219 | LastEpReward: 35.381 | RecentReward: 37.554 | ActorLoss: -8.829037 | CriticLoss: 0.149391 | Q: 8.7985 | TargetQ: 8.7974 | TDAbs: 0.3769 | ActorGrad: 0.5474 | CriticGrad: 2.7317 | Noise: 0.0500 | Replay: 50000 | FPS: 66.28 | ETA: 9.5 min
2026-09-12 17:15:00,661 | INFO | 开始周期评估: Steps=112640 | Episodes=220 | EvalEpisodes=5
2026-09-12 17:15:18,038 | INFO | 周期评估完成: Steps=112640 | MeanReward=42.989 | StdReward=8.783
2026-09-12 17:15:18,044 | INFO | Steps: 112640/150000 | Episodes: 220 | LastEpReward: 35.644 | RecentReward: 37.570 | ActorLoss: -8.851104 | CriticLoss: 0.145599 | Q: 8.8322 | TargetQ: 8.8372 | TDAbs: 0.3726 | ActorGrad: 0.6157 | CriticGrad: 2.8204 | Noise: 0.0500 | Replay: 50000 | FPS: 65.67 | ETA: 9.5 min
2026-09-12 17:15:24,251 | INFO | Steps: 113152/150000 | Episodes: 221 | LastEpReward: 23.953 | RecentReward: 37.104 | ActorLoss: -8.791435 | CriticLoss: 0.159055 | Q: 8.7648 | TargetQ: 8.7687 | TDAbs: 0.3883 | ActorGrad: 0.5321 | CriticGrad: 2.7620 | Noise: 0.0500 | Replay: 50000 | FPS: 65.73 | ETA: 9.3 min
2026-09-12 17:15:30,518 | INFO | Steps: 113664/150000 | Episodes: 222 | LastEpReward: 43.674 | RecentReward: 37.286 | ActorLoss: -8.781802 | CriticLoss: 0.162184 | Q: 8.7606 | TargetQ: 8.7445 | TDAbs: 0.3938 | ActorGrad: 0.5708 | CriticGrad: 3.0822 | Noise: 0.0500 | Replay: 50000 | FPS: 65.79 | ETA: 9.2 min
2026-09-12 17:15:36,883 | INFO | Steps: 114176/150000 | Episodes: 223 | LastEpReward: 41.398 | RecentReward: 37.244 | ActorLoss: -8.645303 | CriticLoss: 0.152547 | Q: 8.6342 | TargetQ: 8.6219 | TDAbs: 0.3821 | ActorGrad: 0.5452 | CriticGrad: 2.7568 | Noise: 0.0500 | Replay: 50000 | FPS: 65.84 | ETA: 9.1 min
2026-09-12 17:15:43,240 | INFO | Steps: 114688/150000 | Episodes: 224 | LastEpReward: 47.039 | RecentReward: 37.979 | ActorLoss: -8.544371 | CriticLoss: 0.153291 | Q: 8.5258 | TargetQ: 8.5150 | TDAbs: 0.3853 | ActorGrad: 0.6042 | CriticGrad: 2.7696 | Noise: 0.0500 | Replay: 50000 | FPS: 65.90 | ETA: 8.9 min
2026-09-12 17:15:49,514 | INFO | Steps: 115200/150000 | Episodes: 225 | LastEpReward: 44.683 | RecentReward: 37.851 | ActorLoss: -8.783678 | CriticLoss: 0.163232 | Q: 8.7609 | TargetQ: 8.7485 | TDAbs: 0.3968 | ActorGrad: 0.5259 | CriticGrad: 3.1066 | Noise: 0.0500 | Replay: 50000 | FPS: 65.95 | ETA: 8.8 min
2026-09-12 17:15:55,753 | INFO | Steps: 115712/150000 | Episodes: 226 | LastEpReward: 35.138 | RecentReward: 38.441 | ActorLoss: -8.719216 | CriticLoss: 0.171726 | Q: 8.7027 | TargetQ: 8.7069 | TDAbs: 0.4027 | ActorGrad: 0.6331 | CriticGrad: 2.8049 | Noise: 0.0500 | Replay: 50000 | FPS: 66.01 | ETA: 8.7 min
2026-09-12 17:16:02,015 | INFO | Steps: 116224/150000 | Episodes: 227 | LastEpReward: 39.141 | RecentReward: 37.676 | ActorLoss: -8.555827 | CriticLoss: 0.155441 | Q: 8.5403 | TargetQ: 8.5338 | TDAbs: 0.3863 | ActorGrad: 0.5076 | CriticGrad: 2.8727 | Noise: 0.0500 | Replay: 50000 | FPS: 66.07 | ETA: 8.5 min
2026-09-12 17:16:08,333 | INFO | Steps: 116736/150000 | Episodes: 228 | LastEpReward: 35.291 | RecentReward: 38.134 | ActorLoss: -8.627007 | CriticLoss: 0.155136 | Q: 8.6093 | TargetQ: 8.6017 | TDAbs: 0.3869 | ActorGrad: 0.5461 | CriticGrad: 3.1068 | Noise: 0.0500 | Replay: 50000 | FPS: 66.12 | ETA: 8.4 min
2026-09-12 17:16:14,757 | INFO | Steps: 117248/150000 | Episodes: 229 | LastEpReward: 48.290 | RecentReward: 39.425 | ActorLoss: -8.760865 | CriticLoss: 0.171855 | Q: 8.7428 | TargetQ: 8.7534 | TDAbs: 0.4042 | ActorGrad: 0.5564 | CriticGrad: 3.0588 | Noise: 0.0500 | Replay: 50000 | FPS: 66.17 | ETA: 8.2 min
2026-09-12 17:16:21,015 | INFO | 开始周期评估: Steps=117760 | Episodes=230 | EvalEpisodes=5
2026-09-12 17:16:38,266 | INFO | 周期评估完成: Steps=117760 | MeanReward=43.633 | StdReward=7.011
2026-09-12 17:16:38,272 | INFO | Steps: 117760/150000 | Episodes: 230 | LastEpReward: 39.252 | RecentReward: 39.786 | ActorLoss: -8.632067 | CriticLoss: 0.161700 | Q: 8.6213 | TargetQ: 8.6099 | TDAbs: 0.3922 | ActorGrad: 0.5517 | CriticGrad: 3.0053 | Noise: 0.0500 | Replay: 50000 | FPS: 65.59 | ETA: 8.2 min
2026-09-12 17:16:44,452 | INFO | Steps: 118272/150000 | Episodes: 231 | LastEpReward: 40.489 | RecentReward: 41.439 | ActorLoss: -8.678287 | CriticLoss: 0.159648 | Q: 8.6617 | TargetQ: 8.6548 | TDAbs: 0.3896 | ActorGrad: 0.6212 | CriticGrad: 3.0108 | Noise: 0.0500 | Replay: 50000 | FPS: 65.65 | ETA: 8.1 min
2026-09-12 17:16:50,695 | INFO | Steps: 118784/150000 | Episodes: 232 | LastEpReward: 45.893 | RecentReward: 41.661 | ActorLoss: -8.479857 | CriticLoss: 0.163328 | Q: 8.4724 | TargetQ: 8.4712 | TDAbs: 0.3939 | ActorGrad: 0.5051 | CriticGrad: 2.8468 | Noise: 0.0500 | Replay: 50000 | FPS: 65.71 | ETA: 7.9 min
2026-09-12 17:16:56,937 | INFO | Steps: 119296/150000 | Episodes: 233 | LastEpReward: 30.042 | RecentReward: 40.526 | ActorLoss: -8.593721 | CriticLoss: 0.172159 | Q: 8.5886 | TargetQ: 8.5841 | TDAbs: 0.4014 | ActorGrad: 0.5240 | CriticGrad: 3.0914 | Noise: 0.0500 | Replay: 50000 | FPS: 65.76 | ETA: 7.8 min
2026-09-12 17:17:03,422 | INFO | Steps: 119808/150000 | Episodes: 234 | LastEpReward: 54.427 | RecentReward: 41.264 | ActorLoss: -8.707273 | CriticLoss: 0.163830 | Q: 8.6905 | TargetQ: 8.6873 | TDAbs: 0.3939 | ActorGrad: 0.6144 | CriticGrad: 3.1361 | Noise: 0.0500 | Replay: 50000 | FPS: 65.81 | ETA: 7.6 min
2026-09-12 17:17:09,666 | INFO | Steps: 120320/150000 | Episodes: 235 | LastEpReward: 40.054 | RecentReward: 40.802 | ActorLoss: -8.121356 | CriticLoss: 0.154534 | Q: 8.1103 | TargetQ: 8.1056 | TDAbs: 0.3864 | ActorGrad: 0.4208 | CriticGrad: 2.7582 | Noise: 0.0500 | Replay: 50000 | FPS: 65.86 | ETA: 7.5 min
2026-09-12 17:17:15,986 | INFO | Steps: 120832/150000 | Episodes: 236 | LastEpReward: 42.294 | RecentReward: 41.517 | ActorLoss: -8.042380 | CriticLoss: 0.147717 | Q: 8.0213 | TargetQ: 8.0200 | TDAbs: 0.3785 | ActorGrad: 0.5602 | CriticGrad: 2.5582 | Noise: 0.0500 | Replay: 50000 | FPS: 65.92 | ETA: 7.4 min
2026-09-12 17:17:22,234 | INFO | Steps: 121344/150000 | Episodes: 237 | LastEpReward: 39.609 | RecentReward: 41.564 | ActorLoss: -8.124560 | CriticLoss: 0.143502 | Q: 8.1078 | TargetQ: 8.1104 | TDAbs: 0.3687 | ActorGrad: 0.5172 | CriticGrad: 2.7013 | Noise: 0.0500 | Replay: 50000 | FPS: 65.97 | ETA: 7.2 min
2026-09-12 17:17:28,529 | INFO | Steps: 121856/150000 | Episodes: 238 | LastEpReward: 48.180 | RecentReward: 42.853 | ActorLoss: -8.301000 | CriticLoss: 0.153636 | Q: 8.2765 | TargetQ: 8.2591 | TDAbs: 0.3790 | ActorGrad: 0.4988 | CriticGrad: 2.7637 | Noise: 0.0500 | Replay: 50000 | FPS: 66.02 | ETA: 7.1 min
2026-09-12 17:17:34,838 | INFO | Steps: 122368/150000 | Episodes: 239 | LastEpReward: 36.726 | RecentReward: 41.696 | ActorLoss: -8.244876 | CriticLoss: 0.147439 | Q: 8.2196 | TargetQ: 8.2206 | TDAbs: 0.3710 | ActorGrad: 0.5781 | CriticGrad: 2.7777 | Noise: 0.0500 | Replay: 50000 | FPS: 66.07 | ETA: 7.0 min
2026-09-12 17:17:40,949 | INFO | 开始周期评估: Steps=122880 | Episodes=240 | EvalEpisodes=5
2026-09-12 17:17:58,207 | INFO | 周期评估完成: Steps=122880 | MeanReward=31.873 | StdReward=5.037
2026-09-12 17:17:58,214 | INFO | Steps: 122880/150000 | Episodes: 240 | LastEpReward: 25.524 | RecentReward: 40.324 | ActorLoss: -8.111406 | CriticLoss: 0.148057 | Q: 8.0905 | TargetQ: 8.0918 | TDAbs: 0.3707 | ActorGrad: 0.4950 | CriticGrad: 2.6352 | Noise: 0.0500 | Replay: 50000 | FPS: 65.52 | ETA: 6.9 min
2026-09-12 17:18:04,370 | INFO | Steps: 123392/150000 | Episodes: 241 | LastEpReward: 25.982 | RecentReward: 38.873 | ActorLoss: -8.237493 | CriticLoss: 0.159998 | Q: 8.2142 | TargetQ: 8.1966 | TDAbs: 0.3813 | ActorGrad: 0.5131 | CriticGrad: 2.8176 | Noise: 0.0500 | Replay: 50000 | FPS: 65.58 | ETA: 6.8 min
2026-09-12 17:18:10,629 | INFO | Steps: 123904/150000 | Episodes: 242 | LastEpReward: 38.135 | RecentReward: 38.097 | ActorLoss: -8.060148 | CriticLoss: 0.141233 | Q: 8.0367 | TargetQ: 8.0317 | TDAbs: 0.3623 | ActorGrad: 0.5390 | CriticGrad: 2.6486 | Noise: 0.0500 | Replay: 50000 | FPS: 65.64 | ETA: 6.6 min
2026-09-12 17:18:16,707 | INFO | Steps: 124416/150000 | Episodes: 243 | LastEpReward: 23.946 | RecentReward: 37.488 | ActorLoss: -8.104798 | CriticLoss: 0.157954 | Q: 8.0760 | TargetQ: 8.0731 | TDAbs: 0.3804 | ActorGrad: 0.5995 | CriticGrad: 2.7448 | Noise: 0.0500 | Replay: 50000 | FPS: 65.69 | ETA: 6.5 min
2026-09-12 17:18:22,885 | INFO | Steps: 124928/150000 | Episodes: 244 | LastEpReward: 42.529 | RecentReward: 36.298 | ActorLoss: -8.401762 | CriticLoss: 0.149600 | Q: 8.3730 | TargetQ: 8.3681 | TDAbs: 0.3720 | ActorGrad: 0.5437 | CriticGrad: 2.7483 | Noise: 0.0500 | Replay: 50000 | FPS: 65.75 | ETA: 6.4 min
2026-09-12 17:18:29,100 | INFO | Steps: 125440/150000 | Episodes: 245 | LastEpReward: 40.411 | RecentReward: 36.333 | ActorLoss: -8.002434 | CriticLoss: 0.135755 | Q: 7.9782 | TargetQ: 7.9784 | TDAbs: 0.3542 | ActorGrad: 0.6370 | CriticGrad: 2.5615 | Noise: 0.0500 | Replay: 50000 | FPS: 65.80 | ETA: 6.2 min
2026-09-12 17:18:35,229 | INFO | Steps: 125952/150000 | Episodes: 246 | LastEpReward: 39.346 | RecentReward: 36.039 | ActorLoss: -8.259374 | CriticLoss: 0.147332 | Q: 8.2328 | TargetQ: 8.2393 | TDAbs: 0.3668 | ActorGrad: 0.7056 | CriticGrad: 2.6602 | Noise: 0.0500 | Replay: 50000 | FPS: 65.86 | ETA: 6.1 min
2026-09-12 17:18:41,578 | INFO | Steps: 126464/150000 | Episodes: 247 | LastEpReward: 53.684 | RecentReward: 37.446 | ActorLoss: -8.074884 | CriticLoss: 0.144816 | Q: 8.0501 | TargetQ: 8.0509 | TDAbs: 0.3648 | ActorGrad: 0.7249 | CriticGrad: 2.6473 | Noise: 0.0500 | Replay: 50000 | FPS: 65.91 | ETA: 6.0 min
2026-09-12 17:18:47,681 | INFO | Steps: 126976/150000 | Episodes: 248 | LastEpReward: 34.544 | RecentReward: 36.082 | ActorLoss: -8.291880 | CriticLoss: 0.150652 | Q: 8.2604 | TargetQ: 8.2568 | TDAbs: 0.3694 | ActorGrad: 0.6210 | CriticGrad: 2.7647 | Noise: 0.0500 | Replay: 50000 | FPS: 65.97 | ETA: 5.8 min
2026-09-12 17:18:53,897 | INFO | Steps: 127488/150000 | Episodes: 249 | LastEpReward: 36.061 | RecentReward: 36.016 | ActorLoss: -8.515823 | CriticLoss: 0.167864 | Q: 8.4814 | TargetQ: 8.4898 | TDAbs: 0.3865 | ActorGrad: 0.6606 | CriticGrad: 2.8787 | Noise: 0.0500 | Replay: 50000 | FPS: 66.02 | ETA: 5.7 min
2026-09-12 17:19:00,096 | INFO | 开始周期评估: Steps=128000 | Episodes=250 | EvalEpisodes=5
2026-09-12 17:19:17,432 | INFO | 周期评估完成: Steps=128000 | MeanReward=39.088 | StdReward=2.275
2026-09-12 17:19:17,438 | INFO | Steps: 128000/150000 | Episodes: 250 | LastEpReward: 43.341 | RecentReward: 37.798 | ActorLoss: -8.153803 | CriticLoss: 0.146878 | Q: 8.1291 | TargetQ: 8.1248 | TDAbs: 0.3619 | ActorGrad: 0.6744 | CriticGrad: 2.5826 | Noise: 0.0500 | Replay: 50000 | FPS: 65.49 | ETA: 5.6 min
2026-09-12 17:19:23,794 | INFO | Steps: 128512/150000 | Episodes: 251 | LastEpReward: 29.134 | RecentReward: 38.113 | ActorLoss: -7.925354 | CriticLoss: 0.144704 | Q: 7.9071 | TargetQ: 7.9111 | TDAbs: 0.3627 | ActorGrad: 0.6143 | CriticGrad: 2.4213 | Noise: 0.0500 | Replay: 50000 | FPS: 65.54 | ETA: 5.5 min
2026-09-12 17:19:30,031 | INFO | Steps: 129024/150000 | Episodes: 252 | LastEpReward: 38.776 | RecentReward: 38.177 | ActorLoss: -7.763262 | CriticLoss: 0.120406 | Q: 7.7484 | TargetQ: 7.7395 | TDAbs: 0.3343 | ActorGrad: 0.6161 | CriticGrad: 2.0661 | Noise: 0.0500 | Replay: 50000 | FPS: 65.59 | ETA: 5.3 min
2026-09-12 17:19:36,446 | INFO | Steps: 129536/150000 | Episodes: 253 | LastEpReward: 38.999 | RecentReward: 39.682 | ActorLoss: -7.648252 | CriticLoss: 0.125626 | Q: 7.6311 | TargetQ: 7.6351 | TDAbs: 0.3401 | ActorGrad: 0.6088 | CriticGrad: 2.2297 | Noise: 0.0500 | Replay: 50000 | FPS: 65.63 | ETA: 5.2 min
2026-09-12 17:19:42,724 | INFO | Steps: 130048/150000 | Episodes: 254 | LastEpReward: 40.362 | RecentReward: 39.466 | ActorLoss: -7.685045 | CriticLoss: 0.114291 | Q: 7.6716 | TargetQ: 7.6689 | TDAbs: 0.3249 | ActorGrad: 0.6340 | CriticGrad: 2.1061 | Noise: 0.0500 | Replay: 50000 | FPS: 65.69 | ETA: 5.1 min
2026-09-12 17:19:49,074 | INFO | Steps: 130560/150000 | Episodes: 255 | LastEpReward: 50.117 | RecentReward: 40.436 | ActorLoss: -7.601136 | CriticLoss: 0.123465 | Q: 7.5880 | TargetQ: 7.5829 | TDAbs: 0.3324 | ActorGrad: 0.5457 | CriticGrad: 2.2263 | Noise: 0.0500 | Replay: 50000 | FPS: 65.73 | ETA: 4.9 min
2026-09-12 17:19:55,406 | INFO | Steps: 131072/150000 | Episodes: 256 | LastEpReward: 33.620 | RecentReward: 39.864 | ActorLoss: -7.656926 | CriticLoss: 0.116371 | Q: 7.6414 | TargetQ: 7.6497 | TDAbs: 0.3213 | ActorGrad: 0.6145 | CriticGrad: 1.9886 | Noise: 0.0500 | Replay: 50000 | FPS: 65.78 | ETA: 4.8 min
2026-09-12 17:20:01,718 | INFO | Steps: 131584/150000 | Episodes: 257 | LastEpReward: 30.628 | RecentReward: 37.558 | ActorLoss: -7.708818 | CriticLoss: 0.105848 | Q: 7.6943 | TargetQ: 7.6905 | TDAbs: 0.3083 | ActorGrad: 0.5328 | CriticGrad: 1.9641 | Noise: 0.0500 | Replay: 50000 | FPS: 65.83 | ETA: 4.7 min
2026-09-12 17:20:08,016 | INFO | Steps: 132096/150000 | Episodes: 258 | LastEpReward: 41.079 | RecentReward: 38.212 | ActorLoss: -7.651050 | CriticLoss: 0.116681 | Q: 7.6353 | TargetQ: 7.6228 | TDAbs: 0.3221 | ActorGrad: 0.5135 | CriticGrad: 1.9197 | Noise: 0.0500 | Replay: 50000 | FPS: 65.88 | ETA: 4.5 min
2026-09-12 17:20:14,313 | INFO | Steps: 132608/150000 | Episodes: 259 | LastEpReward: 39.814 | RecentReward: 38.587 | ActorLoss: -7.672653 | CriticLoss: 0.107634 | Q: 7.6512 | TargetQ: 7.6445 | TDAbs: 0.3107 | ActorGrad: 0.5435 | CriticGrad: 1.9381 | Noise: 0.0500 | Replay: 50000 | FPS: 65.93 | ETA: 4.4 min
2026-09-12 17:20:20,598 | INFO | 开始周期评估: Steps=133120 | Episodes=260 | EvalEpisodes=5
2026-09-12 17:20:37,867 | INFO | 周期评估完成: Steps=133120 | MeanReward=37.061 | StdReward=1.930
2026-09-12 17:20:37,873 | INFO | Steps: 133120/150000 | Episodes: 260 | LastEpReward: 47.229 | RecentReward: 38.976 | ActorLoss: -7.756517 | CriticLoss: 0.120502 | Q: 7.7310 | TargetQ: 7.7247 | TDAbs: 0.3236 | ActorGrad: 0.5752 | CriticGrad: 2.0136 | Noise: 0.0500 | Replay: 50000 | FPS: 65.41 | ETA: 4.3 min
2026-09-12 17:20:44,114 | INFO | Steps: 133632/150000 | Episodes: 261 | LastEpReward: 43.497 | RecentReward: 40.412 | ActorLoss: -7.606391 | CriticLoss: 0.104543 | Q: 7.5917 | TargetQ: 7.5867 | TDAbs: 0.3042 | ActorGrad: 0.4331 | CriticGrad: 1.8734 | Noise: 0.0500 | Replay: 50000 | FPS: 65.47 | ETA: 4.2 min
2026-09-12 17:20:50,387 | INFO | Steps: 134144/150000 | Episodes: 262 | LastEpReward: 33.451 | RecentReward: 39.880 | ActorLoss: -7.485372 | CriticLoss: 0.095942 | Q: 7.4727 | TargetQ: 7.4672 | TDAbs: 0.2945 | ActorGrad: 0.4742 | CriticGrad: 1.7455 | Noise: 0.0500 | Replay: 50000 | FPS: 65.52 | ETA: 4.0 min
2026-09-12 17:20:56,541 | INFO | Steps: 134656/150000 | Episodes: 263 | LastEpReward: 29.824 | RecentReward: 38.962 | ActorLoss: -7.396738 | CriticLoss: 0.093518 | Q: 7.3857 | TargetQ: 7.3833 | TDAbs: 0.2890 | ActorGrad: 0.4224 | CriticGrad: 1.7988 | Noise: 0.0500 | Replay: 50000 | FPS: 65.57 | ETA: 3.9 min
2026-09-12 17:21:02,789 | INFO | Steps: 135168/150000 | Episodes: 264 | LastEpReward: 34.942 | RecentReward: 38.420 | ActorLoss: -7.459488 | CriticLoss: 0.084782 | Q: 7.4488 | TargetQ: 7.4513 | TDAbs: 0.2771 | ActorGrad: 0.4121 | CriticGrad: 1.6765 | Noise: 0.0500 | Replay: 50000 | FPS: 65.62 | ETA: 3.8 min
2026-09-12 17:21:09,023 | INFO | Steps: 135680/150000 | Episodes: 265 | LastEpReward: 36.582 | RecentReward: 37.067 | ActorLoss: -7.414260 | CriticLoss: 0.088004 | Q: 7.4054 | TargetQ: 7.4001 | TDAbs: 0.2780 | ActorGrad: 0.3662 | CriticGrad: 1.6182 | Noise: 0.0500 | Replay: 50000 | FPS: 65.67 | ETA: 3.6 min
2026-09-12 17:21:15,278 | INFO | Steps: 136192/150000 | Episodes: 266 | LastEpReward: 30.960 | RecentReward: 36.801 | ActorLoss: -7.466112 | CriticLoss: 0.081970 | Q: 7.4545 | TargetQ: 7.4519 | TDAbs: 0.2702 | ActorGrad: 0.3849 | CriticGrad: 1.6276 | Noise: 0.0500 | Replay: 50000 | FPS: 65.72 | ETA: 3.5 min
2026-09-12 17:21:21,536 | INFO | Steps: 136704/150000 | Episodes: 267 | LastEpReward: 40.200 | RecentReward: 37.758 | ActorLoss: -7.395060 | CriticLoss: 0.077839 | Q: 7.3856 | TargetQ: 7.3819 | TDAbs: 0.2652 | ActorGrad: 0.3151 | CriticGrad: 1.5403 | Noise: 0.0500 | Replay: 50000 | FPS: 65.76 | ETA: 3.4 min
2026-09-12 17:21:27,843 | INFO | Steps: 137216/150000 | Episodes: 268 | LastEpReward: 26.747 | RecentReward: 36.325 | ActorLoss: -7.436559 | CriticLoss: 0.078879 | Q: 7.4250 | TargetQ: 7.4216 | TDAbs: 0.2664 | ActorGrad: 0.3581 | CriticGrad: 1.5572 | Noise: 0.0500 | Replay: 50000 | FPS: 65.81 | ETA: 3.2 min
2026-09-12 17:21:34,048 | INFO | Steps: 137728/150000 | Episodes: 269 | LastEpReward: 34.791 | RecentReward: 35.822 | ActorLoss: -7.362998 | CriticLoss: 0.069554 | Q: 7.3511 | TargetQ: 7.3520 | TDAbs: 0.2544 | ActorGrad: 0.3353 | CriticGrad: 1.5707 | Noise: 0.0500 | Replay: 50000 | FPS: 65.86 | ETA: 3.1 min
2026-09-12 17:21:40,339 | INFO | 开始周期评估: Steps=138240 | Episodes=270 | EvalEpisodes=5
2026-09-12 17:21:57,615 | INFO | 周期评估完成: Steps=138240 | MeanReward=37.310 | StdReward=5.464
2026-09-12 17:21:57,620 | INFO | Steps: 138240/150000 | Episodes: 270 | LastEpReward: 39.269 | RecentReward: 35.026 | ActorLoss: -7.447699 | CriticLoss: 0.076207 | Q: 7.4376 | TargetQ: 7.4288 | TDAbs: 0.2578 | ActorGrad: 0.3446 | CriticGrad: 1.4883 | Noise: 0.0500 | Replay: 50000 | FPS: 65.37 | ETA: 3.0 min
2026-09-12 17:22:03,938 | INFO | Steps: 138752/150000 | Episodes: 271 | LastEpReward: 25.874 | RecentReward: 33.264 | ActorLoss: -7.439064 | CriticLoss: 0.069860 | Q: 7.4280 | TargetQ: 7.4300 | TDAbs: 0.2517 | ActorGrad: 0.2445 | CriticGrad: 1.5151 | Noise: 0.0500 | Replay: 50000 | FPS: 65.42 | ETA: 2.9 min
2026-09-12 17:22:10,250 | INFO | Steps: 139264/150000 | Episodes: 272 | LastEpReward: 27.028 | RecentReward: 32.622 | ActorLoss: -7.421769 | CriticLoss: 0.064956 | Q: 7.4118 | TargetQ: 7.4104 | TDAbs: 0.2456 | ActorGrad: 0.2688 | CriticGrad: 1.3798 | Noise: 0.0500 | Replay: 50000 | FPS: 65.46 | ETA: 2.7 min
2026-09-12 17:22:16,457 | INFO | Steps: 139776/150000 | Episodes: 273 | LastEpReward: 35.905 | RecentReward: 33.230 | ActorLoss: -7.382122 | CriticLoss: 0.068617 | Q: 7.3737 | TargetQ: 7.3720 | TDAbs: 0.2492 | ActorGrad: 0.2994 | CriticGrad: 1.4780 | Noise: 0.0500 | Replay: 50000 | FPS: 65.51 | ETA: 2.6 min
2026-09-12 17:22:22,796 | INFO | Steps: 140288/150000 | Episodes: 274 | LastEpReward: 19.783 | RecentReward: 31.714 | ActorLoss: -7.429819 | CriticLoss: 0.059708 | Q: 7.4199 | TargetQ: 7.4236 | TDAbs: 0.2356 | ActorGrad: 0.2615 | CriticGrad: 1.3522 | Noise: 0.0500 | Replay: 50000 | FPS: 65.56 | ETA: 2.5 min
2026-09-12 17:22:29,127 | INFO | Steps: 140800/150000 | Episodes: 275 | LastEpReward: 23.663 | RecentReward: 30.422 | ActorLoss: -7.486909 | CriticLoss: 0.060608 | Q: 7.4765 | TargetQ: 7.4789 | TDAbs: 0.2337 | ActorGrad: 0.3246 | CriticGrad: 1.3003 | Noise: 0.0500 | Replay: 50000 | FPS: 65.60 | ETA: 2.3 min
2026-09-12 17:22:35,366 | INFO | Steps: 141312/150000 | Episodes: 276 | LastEpReward: 12.667 | RecentReward: 28.593 | ActorLoss: -7.436164 | CriticLoss: 0.053262 | Q: 7.4275 | TargetQ: 7.4234 | TDAbs: 0.2234 | ActorGrad: 0.2617 | CriticGrad: 1.2705 | Noise: 0.0500 | Replay: 50000 | FPS: 65.65 | ETA: 2.2 min
2026-09-12 17:22:41,724 | INFO | Steps: 141824/150000 | Episodes: 277 | LastEpReward: 6.684 | RecentReward: 25.241 | ActorLoss: -7.522796 | CriticLoss: 0.053382 | Q: 7.5120 | TargetQ: 7.5052 | TDAbs: 0.2210 | ActorGrad: 0.2823 | CriticGrad: 1.2342 | Noise: 0.0500 | Replay: 50000 | FPS: 65.69 | ETA: 2.1 min
2026-09-12 17:22:47,984 | INFO | Steps: 142336/150000 | Episodes: 278 | LastEpReward: 41.243 | RecentReward: 26.691 | ActorLoss: -7.447246 | CriticLoss: 0.050845 | Q: 7.4400 | TargetQ: 7.4380 | TDAbs: 0.2193 | ActorGrad: 0.2655 | CriticGrad: 1.1589 | Noise: 0.0500 | Replay: 50000 | FPS: 65.74 | ETA: 1.9 min
2026-09-12 17:22:54,230 | INFO | Steps: 142848/150000 | Episodes: 279 | LastEpReward: 28.955 | RecentReward: 26.107 | ActorLoss: -7.439445 | CriticLoss: 0.047905 | Q: 7.4312 | TargetQ: 7.4274 | TDAbs: 0.2118 | ActorGrad: 0.2384 | CriticGrad: 1.0900 | Noise: 0.0500 | Replay: 50000 | FPS: 65.79 | ETA: 1.8 min
2026-09-12 17:23:00,407 | INFO | 开始周期评估: Steps=143360 | Episodes=280 | EvalEpisodes=5
2026-09-12 17:23:17,786 | INFO | 周期评估完成: Steps=143360 | MeanReward=32.579 | StdReward=8.418
2026-09-12 17:23:17,792 | INFO | Steps: 143360/150000 | Episodes: 280 | LastEpReward: 22.031 | RecentReward: 24.383 | ActorLoss: -7.404336 | CriticLoss: 0.046529 | Q: 7.3962 | TargetQ: 7.3935 | TDAbs: 0.2090 | ActorGrad: 0.2548 | CriticGrad: 1.0854 | Noise: 0.0500 | Replay: 50000 | FPS: 65.31 | ETA: 1.7 min
2026-09-12 17:23:24,213 | INFO | Steps: 143872/150000 | Episodes: 281 | LastEpReward: 24.051 | RecentReward: 24.201 | ActorLoss: -7.343244 | CriticLoss: 0.042445 | Q: 7.3352 | TargetQ: 7.3301 | TDAbs: 0.2037 | ActorGrad: 0.2461 | CriticGrad: 1.0226 | Noise: 0.0500 | Replay: 50000 | FPS: 65.36 | ETA: 1.6 min
2026-09-12 17:23:30,577 | INFO | Steps: 144384/150000 | Episodes: 282 | LastEpReward: 21.485 | RecentReward: 23.647 | ActorLoss: -7.280965 | CriticLoss: 0.043616 | Q: 7.2748 | TargetQ: 7.2732 | TDAbs: 0.2024 | ActorGrad: 0.2438 | CriticGrad: 0.9387 | Noise: 0.0500 | Replay: 50000 | FPS: 65.40 | ETA: 1.4 min
2026-09-12 17:23:36,897 | INFO | Steps: 144896/150000 | Episodes: 283 | LastEpReward: 35.398 | RecentReward: 23.596 | ActorLoss: -7.315479 | CriticLoss: 0.038346 | Q: 7.3075 | TargetQ: 7.3070 | TDAbs: 0.1961 | ActorGrad: 0.2957 | CriticGrad: 1.0056 | Noise: 0.0500 | Replay: 50000 | FPS: 65.44 | ETA: 1.3 min
2026-09-12 17:23:43,138 | INFO | Steps: 145408/150000 | Episodes: 284 | LastEpReward: 23.148 | RecentReward: 23.933 | ActorLoss: -7.295432 | CriticLoss: 0.039935 | Q: 7.2896 | TargetQ: 7.2850 | TDAbs: 0.1965 | ActorGrad: 0.1903 | CriticGrad: 0.9497 | Noise: 0.0500 | Replay: 50000 | FPS: 65.49 | ETA: 1.2 min
2026-09-12 17:23:49,285 | INFO | Steps: 145920/150000 | Episodes: 285 | LastEpReward: 28.151 | RecentReward: 24.381 | ActorLoss: -7.287850 | CriticLoss: 0.035663 | Q: 7.2795 | TargetQ: 7.2782 | TDAbs: 0.1895 | ActorGrad: 0.3351 | CriticGrad: 0.8046 | Noise: 0.0500 | Replay: 50000 | FPS: 65.54 | ETA: 1.0 min
2026-09-12 17:23:55,485 | INFO | Steps: 146432/150000 | Episodes: 286 | LastEpReward: 40.401 | RecentReward: 27.155 | ActorLoss: -7.267757 | CriticLoss: 0.040530 | Q: 7.2600 | TargetQ: 7.2579 | TDAbs: 0.2073 | ActorGrad: 0.3596 | CriticGrad: 0.9852 | Noise: 0.0500 | Replay: 50000 | FPS: 65.59 | ETA: 0.9 min
2026-09-12 17:24:01,670 | INFO | Steps: 146944/150000 | Episodes: 287 | LastEpReward: 45.805 | RecentReward: 31.067 | ActorLoss: -7.268144 | CriticLoss: 0.036913 | Q: 7.2622 | TargetQ: 7.2604 | TDAbs: 0.1952 | ActorGrad: 0.3911 | CriticGrad: 0.9265 | Noise: 0.0500 | Replay: 50000 | FPS: 65.63 | ETA: 0.8 min
2026-09-12 17:24:07,901 | INFO | Steps: 147456/150000 | Episodes: 288 | LastEpReward: 39.863 | RecentReward: 30.929 | ActorLoss: -7.197362 | CriticLoss: 0.036854 | Q: 7.1896 | TargetQ: 7.1889 | TDAbs: 0.1991 | ActorGrad: 0.3830 | CriticGrad: 0.9647 | Noise: 0.0500 | Replay: 50000 | FPS: 65.68 | ETA: 0.6 min
2026-09-12 17:24:14,349 | INFO | Steps: 147968/150000 | Episodes: 289 | LastEpReward: 49.703 | RecentReward: 33.004 | ActorLoss: -7.148326 | CriticLoss: 0.037202 | Q: 7.1405 | TargetQ: 7.1381 | TDAbs: 0.1958 | ActorGrad: 0.3415 | CriticGrad: 0.8585 | Noise: 0.0500 | Replay: 50000 | FPS: 65.72 | ETA: 0.5 min
2026-09-12 17:24:20,591 | INFO | 开始周期评估: Steps=148480 | Episodes=290 | EvalEpisodes=5
2026-09-12 17:24:37,876 | INFO | 周期评估完成: Steps=148480 | MeanReward=36.387 | StdReward=10.942
2026-09-12 17:24:37,883 | INFO | Steps: 148480/150000 | Episodes: 290 | LastEpReward: 42.447 | RecentReward: 35.045 | ActorLoss: -7.172947 | CriticLoss: 0.032549 | Q: 7.1660 | TargetQ: 7.1642 | TDAbs: 0.1862 | ActorGrad: 0.3325 | CriticGrad: 0.7668 | Noise: 0.0500 | Replay: 50000 | FPS: 65.27 | ETA: 0.4 min
2026-09-12 17:24:44,093 | INFO | Steps: 148992/150000 | Episodes: 291 | LastEpReward: 42.518 | RecentReward: 36.892 | ActorLoss: -7.113934 | CriticLoss: 0.036952 | Q: 7.1076 | TargetQ: 7.1052 | TDAbs: 0.1958 | ActorGrad: 0.4048 | CriticGrad: 0.8662 | Noise: 0.0500 | Replay: 50000 | FPS: 65.31 | ETA: 0.3 min
2026-09-12 17:24:50,349 | INFO | Steps: 149504/150000 | Episodes: 292 | LastEpReward: 38.989 | RecentReward: 38.642 | ActorLoss: -7.074239 | CriticLoss: 0.036165 | Q: 7.0649 | TargetQ: 7.0617 | TDAbs: 0.1921 | ActorGrad: 0.3793 | CriticGrad: 0.9280 | Noise: 0.0500 | Replay: 50000 | FPS: 65.36 | ETA: 0.1 min
2026-09-12 17:24:56,396 | INFO | Steps: 150000/150000 | Episodes: 292 | LastEpReward: 38.989 | RecentReward: 38.642 | ActorLoss: -7.059514 | CriticLoss: 0.037724 | Q: 7.0497 | TargetQ: 7.0438 | TDAbs: 0.1935 | ActorGrad: 0.3389 | CriticGrad: 0.9435 | Noise: 0.0500 | Replay: 50000 | FPS: 65.40 | ETA: 0.0 min
2026-09-12 17:25:31,205 | INFO | MADDPG 训练与评估完成，最佳权重: /home/pjpjq/LEO_switch/results/multiseed_0907/seed44/u20/learned_baselines/maddpg/maddpg_model.pt
