2026-09-16 06:31:12,934 | INFO | ============================================================
2026-09-16 06:31:12,934 | INFO | 开始训练纯 MADDPG 基线
2026-09-16 06:31:12,934 | INFO | 用户数: 30 | 观测维度: 76 | handover维度: 11 | 总步数: 150000 | warmup: 1000 | batch: 128 | 日志间隔: 512 steps | device: cuda | actor_lr: 1.0e-04 | critic_lr: 3.0e-04 | tau: 0.005 | reward_scale: 1.00
2026-09-16 06:31:12,934 | INFO | ============================================================
2026-09-16 06:31:17,165 | INFO | Steps: 512/150000 | Episodes: 1 | LastEpReward: -0.951 | RecentReward: -0.951 | ActorLoss: 0.000000 | CriticLoss: 0.000000 | Q: 0.0000 | TargetQ: 0.0000 | TDAbs: 0.0000 | ActorGrad: 0.0000 | CriticGrad: 0.0000 | Noise: 0.3500 | Replay: 512 | FPS: 120.99 | ETA: 20.6 min
2026-09-16 06:31:21,738 | INFO | Steps: 1024/150000 | Episodes: 2 | LastEpReward: -6.355 | RecentReward: -3.653 | ActorLoss: 0.036524 | CriticLoss: 0.004169 | Q: -0.0357 | TargetQ: -0.0323 | TDAbs: 0.0708 | ActorGrad: 0.0008 | CriticGrad: 0.0789 | Noise: 0.3499 | Replay: 1024 | FPS: 116.30 | ETA: 21.3 min
2026-09-16 06:31:28,617 | INFO | Steps: 1536/150000 | Episodes: 3 | LastEpReward: -102.251 | RecentReward: -36.519 | ActorLoss: 0.102726 | CriticLoss: 0.000592 | Q: -0.1271 | TargetQ: -0.1271 | TDAbs: 0.0254 | ActorGrad: 0.0004 | CriticGrad: 0.0427 | Noise: 0.3485 | Replay: 1536 | FPS: 97.94 | ETA: 25.3 min
2026-09-16 06:31:35,087 | INFO | Steps: 2048/150000 | Episodes: 4 | LastEpReward: -106.551 | RecentReward: -54.027 | ActorLoss: 0.291716 | CriticLoss: 0.000917 | Q: -0.3073 | TargetQ: -0.3074 | TDAbs: 0.0323 | ActorGrad: 0.0000 | CriticGrad: 0.0865 | Noise: 0.3470 | Replay: 2048 | FPS: 92.45 | ETA: 26.7 min
2026-09-16 06:31:41,997 | INFO | Steps: 2560/150000 | Episodes: 5 | LastEpReward: -137.599 | RecentReward: -70.741 | ActorLoss: 0.673924 | CriticLoss: 0.001149 | Q: -0.6892 | TargetQ: -0.6894 | TDAbs: 0.0352 | ActorGrad: 0.0109 | CriticGrad: 0.1138 | Noise: 0.3455 | Replay: 2560 | FPS: 88.08 | ETA: 27.9 min
2026-09-16 06:31:48,906 | INFO | Steps: 3072/150000 | Episodes: 6 | LastEpReward: -6.752 | RecentReward: -60.076 | ActorLoss: 0.777606 | CriticLoss: 0.001191 | Q: -0.8070 | TargetQ: -0.8070 | TDAbs: 0.0361 | ActorGrad: 0.0047 | CriticGrad: 0.1093 | Noise: 0.3441 | Replay: 3072 | FPS: 85.40 | ETA: 28.7 min
2026-09-16 06:31:55,561 | INFO | Steps: 3584/150000 | Episodes: 7 | LastEpReward: 2.738 | RecentReward: -51.103 | ActorLoss: 0.811918 | CriticLoss: 0.001313 | Q: -0.8494 | TargetQ: -0.8493 | TDAbs: 0.0374 | ActorGrad: 0.0057 | CriticGrad: 0.1141 | Noise: 0.3426 | Replay: 3584 | FPS: 84.08 | ETA: 29.0 min
2026-09-16 06:32:02,339 | INFO | Steps: 4096/150000 | Episodes: 8 | LastEpReward: 4.528 | RecentReward: -44.149 | ActorLoss: 0.764216 | CriticLoss: 0.001638 | Q: -0.8137 | TargetQ: -0.8138 | TDAbs: 0.0424 | ActorGrad: 0.0099 | CriticGrad: 0.1615 | Noise: 0.3412 | Replay: 4096 | FPS: 82.91 | ETA: 29.3 min
2026-09-16 06:32:09,081 | INFO | Steps: 4608/150000 | Episodes: 9 | LastEpReward: 2.659 | RecentReward: -38.948 | ActorLoss: 0.696600 | CriticLoss: 0.001670 | Q: -0.7558 | TargetQ: -0.7559 | TDAbs: 0.0424 | ActorGrad: 0.0116 | CriticGrad: 0.1588 | Noise: 0.3397 | Replay: 4608 | FPS: 82.07 | ETA: 29.5 min
2026-09-16 06:32:15,844 | INFO | 开始周期评估: Steps=5120 | Episodes=10 | EvalEpisodes=5
2026-09-16 06:32:36,746 | INFO | 周期评估完成: Steps=5120 | MeanReward=19.139 | StdReward=4.973
2026-09-16 06:32:36,759 | INFO | Steps: 5120/150000 | Episodes: 10 | LastEpReward: 22.462 | RecentReward: -32.807 | ActorLoss: 0.647212 | CriticLoss: 0.002209 | Q: -0.7120 | TargetQ: -0.7118 | TDAbs: 0.0482 | ActorGrad: 0.0146 | CriticGrad: 0.2087 | Noise: 0.3382 | Replay: 5120 | FPS: 61.08 | ETA: 39.5 min
2026-09-16 06:32:43,680 | INFO | Steps: 5632/150000 | Episodes: 11 | LastEpReward: 21.750 | RecentReward: -30.537 | ActorLoss: 0.522798 | CriticLoss: 0.001344 | Q: -0.5883 | TargetQ: -0.5879 | TDAbs: 0.0389 | ActorGrad: 0.0118 | CriticGrad: 0.1171 | Noise: 0.3368 | Replay: 5632 | FPS: 62.06 | ETA: 38.8 min
2026-09-16 06:32:50,388 | INFO | Steps: 6144/150000 | Episodes: 12 | LastEpReward: 18.667 | RecentReward: -28.035 | ActorLoss: 0.406077 | CriticLoss: 0.001703 | Q: -0.4733 | TargetQ: -0.4731 | TDAbs: 0.0437 | ActorGrad: 0.0110 | CriticGrad: 0.1324 | Noise: 0.3353 | Replay: 6144 | FPS: 63.04 | ETA: 38.0 min
2026-09-16 06:32:57,072 | INFO | Steps: 6656/150000 | Episodes: 13 | LastEpReward: 25.583 | RecentReward: -15.251 | ActorLoss: 0.271477 | CriticLoss: 0.001914 | Q: -0.3402 | TargetQ: -0.3403 | TDAbs: 0.0466 | ActorGrad: 0.0119 | CriticGrad: 0.1390 | Noise: 0.3338 | Replay: 6656 | FPS: 63.91 | ETA: 37.4 min
2026-09-16 06:33:03,912 | INFO | Steps: 7168/150000 | Episodes: 14 | LastEpReward: 10.466 | RecentReward: -3.550 | ActorLoss: 0.158152 | CriticLoss: 0.001879 | Q: -0.2238 | TargetQ: -0.2241 | TDAbs: 0.0456 | ActorGrad: 0.0124 | CriticGrad: 0.1476 | Noise: 0.3324 | Replay: 7168 | FPS: 64.59 | ETA: 36.9 min
2026-09-16 06:33:10,775 | INFO | Steps: 7680/150000 | Episodes: 15 | LastEpReward: 21.101 | RecentReward: 12.320 | ActorLoss: 0.019064 | CriticLoss: 0.002081 | Q: -0.0937 | TargetQ: -0.0934 | TDAbs: 0.0485 | ActorGrad: 0.0149 | CriticGrad: 0.1464 | Noise: 0.3309 | Replay: 7680 | FPS: 65.17 | ETA: 36.4 min
2026-09-16 06:33:17,533 | INFO | Steps: 8192/150000 | Episodes: 16 | LastEpReward: 29.487 | RecentReward: 15.944 | ActorLoss: -0.113475 | CriticLoss: 0.002258 | Q: 0.0404 | TargetQ: 0.0406 | TDAbs: 0.0503 | ActorGrad: 0.0127 | CriticGrad: 0.1271 | Noise: 0.3295 | Replay: 8192 | FPS: 65.75 | ETA: 35.9 min
2026-09-16 06:33:24,277 | INFO | Steps: 8704/150000 | Episodes: 17 | LastEpReward: 24.753 | RecentReward: 18.146 | ActorLoss: -0.256048 | CriticLoss: 0.002377 | Q: 0.1900 | TargetQ: 0.1902 | TDAbs: 0.0516 | ActorGrad: 0.0127 | CriticGrad: 0.1305 | Noise: 0.3280 | Replay: 8704 | FPS: 66.27 | ETA: 35.5 min
2026-09-16 06:33:31,028 | INFO | Steps: 9216/150000 | Episodes: 18 | LastEpReward: 26.414 | RecentReward: 20.334 | ActorLoss: -0.355382 | CriticLoss: 0.002250 | Q: 0.2940 | TargetQ: 0.2943 | TDAbs: 0.0514 | ActorGrad: 0.0157 | CriticGrad: 0.1239 | Noise: 0.3265 | Replay: 9216 | FPS: 66.74 | ETA: 35.2 min
2026-09-16 06:33:37,878 | INFO | Steps: 9728/150000 | Episodes: 19 | LastEpReward: 8.538 | RecentReward: 20.922 | ActorLoss: -0.476846 | CriticLoss: 0.003071 | Q: 0.4168 | TargetQ: 0.4170 | TDAbs: 0.0589 | ActorGrad: 0.0133 | CriticGrad: 0.1633 | Noise: 0.3251 | Replay: 9728 | FPS: 67.12 | ETA: 34.8 min
2026-09-16 06:33:44,682 | INFO | 开始周期评估: Steps=10240 | Episodes=20 | EvalEpisodes=5
2026-09-16 06:34:05,529 | INFO | 周期评估完成: Steps=10240 | MeanReward=23.362 | StdReward=4.764
2026-09-16 06:34:05,542 | INFO | Steps: 10240/150000 | Episodes: 20 | LastEpReward: 23.877 | RecentReward: 21.063 | ActorLoss: -0.609256 | CriticLoss: 0.003168 | Q: 0.5465 | TargetQ: 0.5471 | TDAbs: 0.0605 | ActorGrad: 0.0140 | CriticGrad: 0.1766 | Noise: 0.3236 | Replay: 10240 | FPS: 59.33 | ETA: 39.3 min
2026-09-16 06:34:12,350 | INFO | Steps: 10752/150000 | Episodes: 21 | LastEpReward: 19.524 | RecentReward: 20.841 | ActorLoss: -0.739207 | CriticLoss: 0.002949 | Q: 0.6829 | TargetQ: 0.6831 | TDAbs: 0.0589 | ActorGrad: 0.0154 | CriticGrad: 0.1534 | Noise: 0.3221 | Replay: 10752 | FPS: 59.93 | ETA: 38.7 min
2026-09-16 06:34:19,198 | INFO | Steps: 11264/150000 | Episodes: 22 | LastEpReward: 28.035 | RecentReward: 21.778 | ActorLoss: -0.827188 | CriticLoss: 0.003253 | Q: 0.7723 | TargetQ: 0.7724 | TDAbs: 0.0613 | ActorGrad: 0.0182 | CriticGrad: 0.1680 | Noise: 0.3207 | Replay: 11264 | FPS: 60.47 | ETA: 38.2 min
2026-09-16 06:34:26,154 | INFO | Steps: 11776/150000 | Episodes: 23 | LastEpReward: 17.341 | RecentReward: 20.953 | ActorLoss: -0.936616 | CriticLoss: 0.003522 | Q: 0.8806 | TargetQ: 0.8810 | TDAbs: 0.0644 | ActorGrad: 0.0219 | CriticGrad: 0.1790 | Noise: 0.3192 | Replay: 11776 | FPS: 60.95 | ETA: 37.8 min
2026-09-16 06:34:32,991 | INFO | Steps: 12288/150000 | Episodes: 24 | LastEpReward: 10.150 | RecentReward: 20.922 | ActorLoss: -1.042133 | CriticLoss: 0.004086 | Q: 0.9844 | TargetQ: 0.9845 | TDAbs: 0.0692 | ActorGrad: 0.0183 | CriticGrad: 0.1852 | Noise: 0.3177 | Replay: 12288 | FPS: 61.42 | ETA: 37.4 min
2026-09-16 06:34:39,796 | INFO | Steps: 12800/150000 | Episodes: 25 | LastEpReward: 23.777 | RecentReward: 21.189 | ActorLoss: -1.132475 | CriticLoss: 0.003623 | Q: 1.0775 | TargetQ: 1.0774 | TDAbs: 0.0648 | ActorGrad: 0.0191 | CriticGrad: 0.1796 | Noise: 0.3163 | Replay: 12800 | FPS: 61.88 | ETA: 37.0 min
2026-09-16 06:34:46,579 | INFO | Steps: 13312/150000 | Episodes: 26 | LastEpReward: 15.373 | RecentReward: 19.778 | ActorLoss: -1.248741 | CriticLoss: 0.004000 | Q: 1.1933 | TargetQ: 1.1938 | TDAbs: 0.0679 | ActorGrad: 0.0225 | CriticGrad: 0.1882 | Noise: 0.3148 | Replay: 13312 | FPS: 62.31 | ETA: 36.6 min
2026-09-16 06:34:53,482 | INFO | Steps: 13824/150000 | Episodes: 27 | LastEpReward: 17.442 | RecentReward: 19.047 | ActorLoss: -1.328665 | CriticLoss: 0.004368 | Q: 1.2747 | TargetQ: 1.2754 | TDAbs: 0.0708 | ActorGrad: 0.0201 | CriticGrad: 0.2041 | Noise: 0.3134 | Replay: 13824 | FPS: 62.68 | ETA: 36.2 min
2026-09-16 06:35:00,365 | INFO | Steps: 14336/150000 | Episodes: 28 | LastEpReward: 28.109 | RecentReward: 19.216 | ActorLoss: -1.443053 | CriticLoss: 0.005179 | Q: 1.3951 | TargetQ: 1.3958 | TDAbs: 0.0774 | ActorGrad: 0.0283 | CriticGrad: 0.2706 | Noise: 0.3119 | Replay: 14336 | FPS: 63.03 | ETA: 35.9 min
2026-09-16 06:35:07,228 | INFO | Steps: 14848/150000 | Episodes: 29 | LastEpReward: 30.712 | RecentReward: 21.434 | ActorLoss: -1.564968 | CriticLoss: 0.005121 | Q: 1.5182 | TargetQ: 1.5186 | TDAbs: 0.0776 | ActorGrad: 0.0265 | CriticGrad: 0.2254 | Noise: 0.3104 | Replay: 14848 | FPS: 63.37 | ETA: 35.5 min
2026-09-16 06:35:14,080 | INFO | 开始周期评估: Steps=15360 | Episodes=30 | EvalEpisodes=5
2026-09-16 06:35:34,925 | INFO | 周期评估完成: Steps=15360 | MeanReward=23.882 | StdReward=4.864
2026-09-16 06:35:34,938 | INFO | Steps: 15360/150000 | Episodes: 30 | LastEpReward: 24.292 | RecentReward: 21.475 | ActorLoss: -1.661389 | CriticLoss: 0.005038 | Q: 1.6148 | TargetQ: 1.6150 | TDAbs: 0.0766 | ActorGrad: 0.0248 | CriticGrad: 0.2230 | Noise: 0.3090 | Replay: 15360 | FPS: 58.62 | ETA: 38.3 min
2026-09-16 06:35:41,993 | INFO | Steps: 15872/150000 | Episodes: 31 | LastEpReward: 12.618 | RecentReward: 20.785 | ActorLoss: -1.743083 | CriticLoss: 0.005812 | Q: 1.6963 | TargetQ: 1.6968 | TDAbs: 0.0808 | ActorGrad: 0.0242 | CriticGrad: 0.2272 | Noise: 0.3075 | Replay: 15872 | FPS: 58.99 | ETA: 37.9 min
2026-09-16 06:35:48,922 | INFO | Steps: 16384/150000 | Episodes: 32 | LastEpReward: 26.884 | RecentReward: 20.670 | ActorLoss: -1.861187 | CriticLoss: 0.005843 | Q: 1.8146 | TargetQ: 1.8150 | TDAbs: 0.0826 | ActorGrad: 0.0298 | CriticGrad: 0.2515 | Noise: 0.3060 | Replay: 16384 | FPS: 59.36 | ETA: 37.5 min
2026-09-16 06:35:55,738 | INFO | Steps: 16896/150000 | Episodes: 33 | LastEpReward: 26.805 | RecentReward: 21.616 | ActorLoss: -1.923146 | CriticLoss: 0.006851 | Q: 1.8786 | TargetQ: 1.8787 | TDAbs: 0.0864 | ActorGrad: 0.0282 | CriticGrad: 0.2906 | Noise: 0.3046 | Replay: 16896 | FPS: 59.74 | ETA: 37.1 min
2026-09-16 06:36:02,624 | INFO | Steps: 17408/150000 | Episodes: 34 | LastEpReward: 23.869 | RecentReward: 22.988 | ActorLoss: -2.019608 | CriticLoss: 0.006749 | Q: 1.9766 | TargetQ: 1.9771 | TDAbs: 0.0873 | ActorGrad: 0.0252 | CriticGrad: 0.2875 | Noise: 0.3031 | Replay: 17408 | FPS: 60.09 | ETA: 36.8 min
2026-09-16 06:36:09,541 | INFO | Steps: 17920/150000 | Episodes: 35 | LastEpReward: 26.954 | RecentReward: 23.306 | ActorLoss: -2.104105 | CriticLoss: 0.007181 | Q: 2.0596 | TargetQ: 2.0600 | TDAbs: 0.0902 | ActorGrad: 0.0280 | CriticGrad: 0.2903 | Noise: 0.3017 | Replay: 17920 | FPS: 60.42 | ETA: 36.4 min
2026-09-16 06:36:16,544 | INFO | Steps: 18432/150000 | Episodes: 36 | LastEpReward: 28.763 | RecentReward: 24.645 | ActorLoss: -2.184759 | CriticLoss: 0.007861 | Q: 2.1395 | TargetQ: 2.1402 | TDAbs: 0.0942 | ActorGrad: 0.0297 | CriticGrad: 0.3214 | Noise: 0.3002 | Replay: 18432 | FPS: 60.71 | ETA: 36.1 min
2026-09-16 06:36:23,414 | INFO | Steps: 18944/150000 | Episodes: 37 | LastEpReward: 30.877 | RecentReward: 25.988 | ActorLoss: -2.301873 | CriticLoss: 0.008038 | Q: 2.2561 | TargetQ: 2.2566 | TDAbs: 0.0940 | ActorGrad: 0.0319 | CriticGrad: 0.3286 | Noise: 0.2987 | Replay: 18944 | FPS: 61.02 | ETA: 35.8 min
2026-09-16 06:36:30,426 | INFO | Steps: 19456/150000 | Episodes: 38 | LastEpReward: 16.629 | RecentReward: 24.840 | ActorLoss: -2.346657 | CriticLoss: 0.009188 | Q: 2.3011 | TargetQ: 2.3016 | TDAbs: 0.1025 | ActorGrad: 0.0318 | CriticGrad: 0.4073 | Noise: 0.2973 | Replay: 19456 | FPS: 61.28 | ETA: 35.5 min
2026-09-16 06:36:37,346 | INFO | Steps: 19968/150000 | Episodes: 39 | LastEpReward: 20.311 | RecentReward: 23.800 | ActorLoss: -2.442894 | CriticLoss: 0.009311 | Q: 2.3999 | TargetQ: 2.4005 | TDAbs: 0.1030 | ActorGrad: 0.0253 | CriticGrad: 0.4140 | Noise: 0.2958 | Replay: 19968 | FPS: 61.55 | ETA: 35.2 min
2026-09-16 06:36:44,384 | INFO | 开始周期评估: Steps=20480 | Episodes=40 | EvalEpisodes=5
2026-09-16 06:37:05,271 | INFO | 周期评估完成: Steps=20480 | MeanReward=24.284 | StdReward=4.865
2026-09-16 06:37:05,283 | INFO | Steps: 20480/150000 | Episodes: 40 | LastEpReward: 17.163 | RecentReward: 23.087 | ActorLoss: -2.517979 | CriticLoss: 0.009380 | Q: 2.4726 | TargetQ: 2.4728 | TDAbs: 0.1023 | ActorGrad: 0.0288 | CriticGrad: 0.4022 | Noise: 0.2943 | Replay: 20480 | FPS: 58.12 | ETA: 37.1 min
2026-09-16 06:37:12,104 | INFO | Steps: 20992/150000 | Episodes: 41 | LastEpReward: 20.523 | RecentReward: 23.878 | ActorLoss: -2.585723 | CriticLoss: 0.008981 | Q: 2.5413 | TargetQ: 2.5417 | TDAbs: 0.1011 | ActorGrad: 0.0310 | CriticGrad: 0.4030 | Noise: 0.2929 | Replay: 20992 | FPS: 58.45 | ETA: 36.8 min
2026-09-16 06:37:18,964 | INFO | Steps: 21504/150000 | Episodes: 42 | LastEpReward: 19.038 | RecentReward: 23.093 | ActorLoss: -2.660275 | CriticLoss: 0.010162 | Q: 2.6174 | TargetQ: 2.6174 | TDAbs: 0.1064 | ActorGrad: 0.0294 | CriticGrad: 0.4061 | Noise: 0.2914 | Replay: 21504 | FPS: 58.75 | ETA: 36.5 min
2026-09-16 06:37:25,856 | INFO | Steps: 22016/150000 | Episodes: 43 | LastEpReward: 9.385 | RecentReward: 21.351 | ActorLoss: -2.747179 | CriticLoss: 0.009389 | Q: 2.7041 | TargetQ: 2.7039 | TDAbs: 0.1046 | ActorGrad: 0.0286 | CriticGrad: 0.3465 | Noise: 0.2900 | Replay: 22016 | FPS: 59.04 | ETA: 36.1 min
2026-09-16 06:37:32,753 | INFO | Steps: 22528/150000 | Episodes: 44 | LastEpReward: 18.908 | RecentReward: 20.855 | ActorLoss: -2.803250 | CriticLoss: 0.009333 | Q: 2.7630 | TargetQ: 2.7633 | TDAbs: 0.1034 | ActorGrad: 0.0251 | CriticGrad: 0.3373 | Noise: 0.2885 | Replay: 22528 | FPS: 59.31 | ETA: 35.8 min
2026-09-16 06:37:39,825 | INFO | Steps: 23040/150000 | Episodes: 45 | LastEpReward: 18.053 | RecentReward: 19.965 | ActorLoss: -2.850709 | CriticLoss: 0.010536 | Q: 2.8136 | TargetQ: 2.8140 | TDAbs: 0.1081 | ActorGrad: 0.0224 | CriticGrad: 0.3597 | Noise: 0.2870 | Replay: 23040 | FPS: 59.55 | ETA: 35.5 min
2026-09-16 06:37:46,784 | INFO | Steps: 23552/150000 | Episodes: 46 | LastEpReward: 26.239 | RecentReward: 19.713 | ActorLoss: -2.945785 | CriticLoss: 0.010437 | Q: 2.9111 | TargetQ: 2.9101 | TDAbs: 0.1096 | ActorGrad: 0.0295 | CriticGrad: 0.4156 | Noise: 0.2856 | Replay: 23552 | FPS: 59.80 | ETA: 35.2 min
2026-09-16 06:37:53,612 | INFO | Steps: 24064/150000 | Episodes: 47 | LastEpReward: 31.400 | RecentReward: 19.765 | ActorLoss: -2.989112 | CriticLoss: 0.011158 | Q: 2.9517 | TargetQ: 2.9521 | TDAbs: 0.1127 | ActorGrad: 0.0496 | CriticGrad: 0.4369 | Noise: 0.2841 | Replay: 24064 | FPS: 60.06 | ETA: 34.9 min
2026-09-16 06:38:00,651 | INFO | Steps: 24576/150000 | Episodes: 48 | LastEpReward: 12.362 | RecentReward: 19.338 | ActorLoss: -3.002427 | CriticLoss: 0.011755 | Q: 2.9653 | TargetQ: 2.9647 | TDAbs: 0.1147 | ActorGrad: 0.0405 | CriticGrad: 0.4936 | Noise: 0.2826 | Replay: 24576 | FPS: 60.28 | ETA: 34.7 min
2026-09-16 06:38:07,497 | INFO | Steps: 25088/150000 | Episodes: 49 | LastEpReward: 20.255 | RecentReward: 19.332 | ActorLoss: -3.072744 | CriticLoss: 0.012024 | Q: 3.0326 | TargetQ: 3.0335 | TDAbs: 0.1166 | ActorGrad: 0.0418 | CriticGrad: 0.4487 | Noise: 0.2812 | Replay: 25088 | FPS: 60.52 | ETA: 34.4 min
2026-09-16 06:38:14,438 | INFO | 开始周期评估: Steps=25600 | Episodes=50 | EvalEpisodes=5
2026-09-16 06:38:35,297 | INFO | 周期评估完成: Steps=25600 | MeanReward=24.145 | StdReward=5.161
2026-09-16 06:38:35,305 | INFO | Steps: 25600/150000 | Episodes: 50 | LastEpReward: 33.221 | RecentReward: 20.938 | ActorLoss: -3.148107 | CriticLoss: 0.012008 | Q: 3.1080 | TargetQ: 3.1085 | TDAbs: 0.1175 | ActorGrad: 0.0407 | CriticGrad: 0.4541 | Noise: 0.2797 | Replay: 25600 | FPS: 57.87 | ETA: 35.8 min
2026-09-16 06:38:42,244 | INFO | Steps: 26112/150000 | Episodes: 51 | LastEpReward: 8.911 | RecentReward: 19.777 | ActorLoss: -3.194855 | CriticLoss: 0.012982 | Q: 3.1569 | TargetQ: 3.1565 | TDAbs: 0.1210 | ActorGrad: 0.0398 | CriticGrad: 0.5229 | Noise: 0.2783 | Replay: 26112 | FPS: 58.12 | ETA: 35.5 min
2026-09-16 06:38:49,233 | INFO | Steps: 26624/150000 | Episodes: 52 | LastEpReward: 13.388 | RecentReward: 19.212 | ActorLoss: -3.242463 | CriticLoss: 0.013845 | Q: 3.2033 | TargetQ: 3.2021 | TDAbs: 0.1226 | ActorGrad: 0.0424 | CriticGrad: 0.5038 | Noise: 0.2768 | Replay: 26624 | FPS: 58.35 | ETA: 35.2 min
2026-09-16 06:38:56,184 | INFO | Steps: 27136/150000 | Episodes: 53 | LastEpReward: 25.217 | RecentReward: 20.795 | ActorLoss: -3.276554 | CriticLoss: 0.013103 | Q: 3.2381 | TargetQ: 3.2376 | TDAbs: 0.1212 | ActorGrad: 0.0474 | CriticGrad: 0.4813 | Noise: 0.2753 | Replay: 27136 | FPS: 58.58 | ETA: 35.0 min
2026-09-16 06:39:03,194 | INFO | Steps: 27648/150000 | Episodes: 54 | LastEpReward: 3.990 | RecentReward: 19.304 | ActorLoss: -3.322681 | CriticLoss: 0.013971 | Q: 3.2856 | TargetQ: 3.2863 | TDAbs: 0.1257 | ActorGrad: 0.0547 | CriticGrad: 0.5216 | Noise: 0.2739 | Replay: 27648 | FPS: 58.79 | ETA: 34.7 min
2026-09-16 06:39:10,277 | INFO | Steps: 28160/150000 | Episodes: 55 | LastEpReward: 10.730 | RecentReward: 18.571 | ActorLoss: -3.363696 | CriticLoss: 0.014613 | Q: 3.3282 | TargetQ: 3.3293 | TDAbs: 0.1276 | ActorGrad: 0.0616 | CriticGrad: 0.5181 | Noise: 0.2724 | Replay: 28160 | FPS: 58.99 | ETA: 34.4 min
2026-09-16 06:39:17,280 | INFO | Steps: 28672/150000 | Episodes: 56 | LastEpReward: 20.390 | RecentReward: 17.986 | ActorLoss: -3.408021 | CriticLoss: 0.014330 | Q: 3.3698 | TargetQ: 3.3700 | TDAbs: 0.1259 | ActorGrad: 0.0594 | CriticGrad: 0.5527 | Noise: 0.2709 | Replay: 28672 | FPS: 59.20 | ETA: 34.2 min
2026-09-16 06:39:24,165 | INFO | Steps: 29184/150000 | Episodes: 57 | LastEpReward: 18.035 | RecentReward: 16.650 | ActorLoss: -3.439043 | CriticLoss: 0.014641 | Q: 3.4036 | TargetQ: 3.4044 | TDAbs: 0.1283 | ActorGrad: 0.0864 | CriticGrad: 0.5609 | Noise: 0.2695 | Replay: 29184 | FPS: 59.41 | ETA: 33.9 min
2026-09-16 06:39:30,999 | INFO | Steps: 29696/150000 | Episodes: 58 | LastEpReward: 23.450 | RecentReward: 17.759 | ActorLoss: -3.448822 | CriticLoss: 0.015000 | Q: 3.4157 | TargetQ: 3.4159 | TDAbs: 0.1294 | ActorGrad: 0.0939 | CriticGrad: 0.5145 | Noise: 0.2680 | Replay: 29696 | FPS: 59.62 | ETA: 33.6 min
2026-09-16 06:39:37,964 | INFO | Steps: 30208/150000 | Episodes: 59 | LastEpReward: 24.427 | RecentReward: 18.176 | ActorLoss: -3.504405 | CriticLoss: 0.014865 | Q: 3.4687 | TargetQ: 3.4693 | TDAbs: 0.1311 | ActorGrad: 0.0803 | CriticGrad: 0.5750 | Noise: 0.2665 | Replay: 30208 | FPS: 59.81 | ETA: 33.4 min
2026-09-16 06:39:44,815 | INFO | 开始周期评估: Steps=30720 | Episodes=60 | EvalEpisodes=5
2026-09-16 06:40:05,663 | INFO | 周期评估完成: Steps=30720 | MeanReward=23.502 | StdReward=3.249
2026-09-16 06:40:05,671 | INFO | Steps: 30720/150000 | Episodes: 60 | LastEpReward: 21.256 | RecentReward: 16.979 | ActorLoss: -3.536467 | CriticLoss: 0.015231 | Q: 3.4996 | TargetQ: 3.4989 | TDAbs: 0.1330 | ActorGrad: 0.1103 | CriticGrad: 0.5627 | Noise: 0.2651 | Replay: 30720 | FPS: 57.66 | ETA: 34.5 min
2026-09-16 06:40:12,710 | INFO | Steps: 31232/150000 | Episodes: 61 | LastEpReward: 15.087 | RecentReward: 17.597 | ActorLoss: -3.558379 | CriticLoss: 0.015753 | Q: 3.5239 | TargetQ: 3.5242 | TDAbs: 0.1353 | ActorGrad: 0.1684 | CriticGrad: 0.5550 | Noise: 0.2636 | Replay: 31232 | FPS: 57.86 | ETA: 34.2 min
2026-09-16 06:40:19,571 | INFO | Steps: 31744/150000 | Episodes: 62 | LastEpReward: 19.435 | RecentReward: 18.202 | ActorLoss: -3.586915 | CriticLoss: 0.015799 | Q: 3.5555 | TargetQ: 3.5567 | TDAbs: 0.1354 | ActorGrad: 0.0840 | CriticGrad: 0.5628 | Noise: 0.2622 | Replay: 31744 | FPS: 58.07 | ETA: 33.9 min
2026-09-16 06:40:26,542 | INFO | Steps: 32256/150000 | Episodes: 63 | LastEpReward: 21.540 | RecentReward: 17.834 | ActorLoss: -3.650976 | CriticLoss: 0.016106 | Q: 3.6149 | TargetQ: 3.6160 | TDAbs: 0.1378 | ActorGrad: 0.1237 | CriticGrad: 0.5994 | Noise: 0.2607 | Replay: 32256 | FPS: 58.27 | ETA: 33.7 min
2026-09-16 06:40:33,655 | INFO | Steps: 32768/150000 | Episodes: 64 | LastEpReward: 9.778 | RecentReward: 18.413 | ActorLoss: -3.711283 | CriticLoss: 0.015972 | Q: 3.6765 | TargetQ: 3.6774 | TDAbs: 0.1362 | ActorGrad: 0.1268 | CriticGrad: 0.5736 | Noise: 0.2592 | Replay: 32768 | FPS: 58.44 | ETA: 33.4 min
2026-09-16 06:40:40,552 | INFO | Steps: 33280/150000 | Episodes: 65 | LastEpReward: 29.106 | RecentReward: 20.250 | ActorLoss: -3.732174 | CriticLoss: 0.017720 | Q: 3.6976 | TargetQ: 3.6975 | TDAbs: 0.1434 | ActorGrad: 0.1418 | CriticGrad: 0.5989 | Noise: 0.2578 | Replay: 33280 | FPS: 58.63 | ETA: 33.2 min
2026-09-16 06:40:47,702 | INFO | Steps: 33792/150000 | Episodes: 66 | LastEpReward: 19.745 | RecentReward: 20.186 | ActorLoss: -3.747837 | CriticLoss: 0.018661 | Q: 3.7123 | TargetQ: 3.7129 | TDAbs: 0.1479 | ActorGrad: 0.1653 | CriticGrad: 0.6239 | Noise: 0.2563 | Replay: 33792 | FPS: 58.79 | ETA: 32.9 min
2026-09-16 06:40:54,783 | INFO | Steps: 34304/150000 | Episodes: 67 | LastEpReward: 35.003 | RecentReward: 21.883 | ActorLoss: -3.780310 | CriticLoss: 0.020597 | Q: 3.7464 | TargetQ: 3.7459 | TDAbs: 0.1545 | ActorGrad: 0.1225 | CriticGrad: 0.6093 | Noise: 0.2548 | Replay: 34304 | FPS: 58.96 | ETA: 32.7 min
2026-09-16 06:41:01,744 | INFO | Steps: 34816/150000 | Episodes: 68 | LastEpReward: 25.197 | RecentReward: 22.057 | ActorLoss: -3.839044 | CriticLoss: 0.020392 | Q: 3.7943 | TargetQ: 3.7944 | TDAbs: 0.1549 | ActorGrad: 0.1327 | CriticGrad: 0.6381 | Noise: 0.2534 | Replay: 34816 | FPS: 59.13 | ETA: 32.5 min
2026-09-16 06:41:08,850 | INFO | Steps: 35328/150000 | Episodes: 69 | LastEpReward: 32.742 | RecentReward: 22.889 | ActorLoss: -3.905688 | CriticLoss: 0.021669 | Q: 3.8689 | TargetQ: 3.8693 | TDAbs: 0.1558 | ActorGrad: 0.1037 | CriticGrad: 0.5824 | Noise: 0.2519 | Replay: 35328 | FPS: 59.28 | ETA: 32.2 min
2026-09-16 06:41:15,833 | INFO | 开始周期评估: Steps=35840 | Episodes=70 | EvalEpisodes=5
2026-09-16 06:41:36,674 | INFO | 周期评估完成: Steps=35840 | MeanReward=24.722 | StdReward=3.215
2026-09-16 06:41:36,686 | INFO | Steps: 35840/150000 | Episodes: 70 | LastEpReward: 28.495 | RecentReward: 23.613 | ActorLoss: -3.943639 | CriticLoss: 0.024312 | Q: 3.9018 | TargetQ: 3.9023 | TDAbs: 0.1685 | ActorGrad: 0.1521 | CriticGrad: 0.8418 | Noise: 0.2505 | Replay: 35840 | FPS: 57.46 | ETA: 33.1 min
2026-09-16 06:41:43,596 | INFO | Steps: 36352/150000 | Episodes: 71 | LastEpReward: 22.628 | RecentReward: 24.367 | ActorLoss: -4.007527 | CriticLoss: 0.023850 | Q: 3.9605 | TargetQ: 3.9617 | TDAbs: 0.1661 | ActorGrad: 0.1422 | CriticGrad: 0.7365 | Noise: 0.2490 | Replay: 36352 | FPS: 57.64 | ETA: 32.9 min
2026-09-16 06:41:50,620 | INFO | Steps: 36864/150000 | Episodes: 72 | LastEpReward: 29.001 | RecentReward: 25.324 | ActorLoss: -4.074209 | CriticLoss: 0.024405 | Q: 4.0231 | TargetQ: 4.0218 | TDAbs: 0.1667 | ActorGrad: 0.1395 | CriticGrad: 0.7208 | Noise: 0.2475 | Replay: 36864 | FPS: 57.81 | ETA: 32.6 min
2026-09-16 06:41:57,526 | INFO | Steps: 37376/150000 | Episodes: 73 | LastEpReward: 22.225 | RecentReward: 25.392 | ActorLoss: -4.180215 | CriticLoss: 0.023810 | Q: 4.1312 | TargetQ: 4.1330 | TDAbs: 0.1664 | ActorGrad: 0.1435 | CriticGrad: 0.6756 | Noise: 0.2461 | Replay: 37376 | FPS: 57.98 | ETA: 32.4 min
2026-09-16 06:42:04,540 | INFO | Steps: 37888/150000 | Episodes: 74 | LastEpReward: 28.406 | RecentReward: 27.255 | ActorLoss: -4.199612 | CriticLoss: 0.026447 | Q: 4.1465 | TargetQ: 4.1473 | TDAbs: 0.1727 | ActorGrad: 0.1527 | CriticGrad: 0.7291 | Noise: 0.2446 | Replay: 37888 | FPS: 58.15 | ETA: 32.1 min
2026-09-16 06:42:11,521 | INFO | Steps: 38400/150000 | Episodes: 75 | LastEpReward: 25.729 | RecentReward: 26.917 | ActorLoss: -4.272765 | CriticLoss: 0.026916 | Q: 4.2259 | TargetQ: 4.2258 | TDAbs: 0.1750 | ActorGrad: 0.1402 | CriticGrad: 0.8072 | Noise: 0.2431 | Replay: 38400 | FPS: 58.31 | ETA: 31.9 min
2026-09-16 06:42:18,440 | INFO | Steps: 38912/150000 | Episodes: 76 | LastEpReward: 17.864 | RecentReward: 26.729 | ActorLoss: -4.313388 | CriticLoss: 0.026951 | Q: 4.2639 | TargetQ: 4.2647 | TDAbs: 0.1773 | ActorGrad: 0.1470 | CriticGrad: 0.7758 | Noise: 0.2417 | Replay: 38912 | FPS: 58.47 | ETA: 31.7 min
2026-09-16 06:42:25,424 | INFO | Steps: 39424/150000 | Episodes: 77 | LastEpReward: 20.625 | RecentReward: 25.291 | ActorLoss: -4.378450 | CriticLoss: 0.026901 | Q: 4.3292 | TargetQ: 4.3284 | TDAbs: 0.1761 | ActorGrad: 0.1483 | CriticGrad: 0.7619 | Noise: 0.2402 | Replay: 39424 | FPS: 58.62 | ETA: 31.4 min
2026-09-16 06:42:32,535 | INFO | Steps: 39936/150000 | Episodes: 78 | LastEpReward: 17.228 | RecentReward: 24.494 | ActorLoss: -4.424866 | CriticLoss: 0.031673 | Q: 4.3794 | TargetQ: 4.3778 | TDAbs: 0.1867 | ActorGrad: 0.1372 | CriticGrad: 0.8625 | Noise: 0.2388 | Replay: 39936 | FPS: 58.76 | ETA: 31.2 min
2026-09-16 06:42:39,515 | INFO | Steps: 40448/150000 | Episodes: 79 | LastEpReward: 16.238 | RecentReward: 22.844 | ActorLoss: -4.449441 | CriticLoss: 0.029477 | Q: 4.4085 | TargetQ: 4.4089 | TDAbs: 0.1846 | ActorGrad: 0.1399 | CriticGrad: 0.8761 | Noise: 0.2373 | Replay: 40448 | FPS: 58.91 | ETA: 31.0 min
2026-09-16 06:42:46,582 | INFO | 开始周期评估: Steps=40960 | Episodes=80 | EvalEpisodes=5
2026-09-16 06:43:07,456 | INFO | 周期评估完成: Steps=40960 | MeanReward=22.108 | StdReward=2.120
2026-09-16 06:43:07,464 | INFO | Steps: 40960/150000 | Episodes: 80 | LastEpReward: 22.915 | RecentReward: 22.286 | ActorLoss: -4.469472 | CriticLoss: 0.030220 | Q: 4.4289 | TargetQ: 4.4269 | TDAbs: 0.1835 | ActorGrad: 0.1524 | CriticGrad: 0.7552 | Noise: 0.2358 | Replay: 40960 | FPS: 57.32 | ETA: 31.7 min
2026-09-16 06:43:14,498 | INFO | Steps: 41472/150000 | Episodes: 81 | LastEpReward: 23.034 | RecentReward: 22.326 | ActorLoss: -4.479325 | CriticLoss: 0.029666 | Q: 4.4420 | TargetQ: 4.4409 | TDAbs: 0.1828 | ActorGrad: 0.1443 | CriticGrad: 0.9105 | Noise: 0.2344 | Replay: 41472 | FPS: 57.48 | ETA: 31.5 min
2026-09-16 06:43:21,514 | INFO | Steps: 41984/150000 | Episodes: 82 | LastEpReward: 28.409 | RecentReward: 22.267 | ActorLoss: -4.535234 | CriticLoss: 0.029895 | Q: 4.4954 | TargetQ: 4.4952 | TDAbs: 0.1827 | ActorGrad: 0.1425 | CriticGrad: 0.8546 | Noise: 0.2329 | Replay: 41984 | FPS: 57.62 | ETA: 31.2 min
2026-09-16 06:43:28,477 | INFO | Steps: 42496/150000 | Episodes: 83 | LastEpReward: 21.066 | RecentReward: 22.151 | ActorLoss: -4.565417 | CriticLoss: 0.029853 | Q: 4.5302 | TargetQ: 4.5308 | TDAbs: 0.1835 | ActorGrad: 0.1347 | CriticGrad: 0.8276 | Noise: 0.2314 | Replay: 42496 | FPS: 57.77 | ETA: 31.0 min
2026-09-16 06:43:35,424 | INFO | Steps: 43008/150000 | Episodes: 84 | LastEpReward: 21.058 | RecentReward: 21.416 | ActorLoss: -4.517192 | CriticLoss: 0.030271 | Q: 4.4818 | TargetQ: 4.4810 | TDAbs: 0.1855 | ActorGrad: 0.1443 | CriticGrad: 0.7727 | Noise: 0.2300 | Replay: 43008 | FPS: 57.92 | ETA: 30.8 min
2026-09-16 06:43:42,394 | INFO | Steps: 43520/150000 | Episodes: 85 | LastEpReward: 24.327 | RecentReward: 21.276 | ActorLoss: -4.589048 | CriticLoss: 0.029142 | Q: 4.5503 | TargetQ: 4.5497 | TDAbs: 0.1820 | ActorGrad: 0.1614 | CriticGrad: 0.8492 | Noise: 0.2285 | Replay: 43520 | FPS: 58.07 | ETA: 30.6 min
2026-09-16 06:43:49,312 | INFO | Steps: 44032/150000 | Episodes: 86 | LastEpReward: 26.650 | RecentReward: 22.155 | ActorLoss: -4.597714 | CriticLoss: 0.028447 | Q: 4.5659 | TargetQ: 4.5637 | TDAbs: 0.1792 | ActorGrad: 0.1055 | CriticGrad: 0.7811 | Noise: 0.2271 | Replay: 44032 | FPS: 58.21 | ETA: 30.3 min
2026-09-16 06:43:56,345 | INFO | Steps: 44544/150000 | Episodes: 87 | LastEpReward: 27.552 | RecentReward: 22.848 | ActorLoss: -4.621750 | CriticLoss: 0.029851 | Q: 4.5879 | TargetQ: 4.5862 | TDAbs: 0.1833 | ActorGrad: 0.1643 | CriticGrad: 0.8745 | Noise: 0.2256 | Replay: 44544 | FPS: 58.35 | ETA: 30.1 min
2026-09-16 06:44:03,351 | INFO | Steps: 45056/150000 | Episodes: 88 | LastEpReward: 21.841 | RecentReward: 23.309 | ActorLoss: -4.627607 | CriticLoss: 0.027732 | Q: 4.5943 | TargetQ: 4.5926 | TDAbs: 0.1765 | ActorGrad: 0.0605 | CriticGrad: 0.8255 | Noise: 0.2241 | Replay: 45056 | FPS: 58.48 | ETA: 29.9 min
2026-09-16 06:44:10,281 | INFO | Steps: 45568/150000 | Episodes: 89 | LastEpReward: 18.199 | RecentReward: 23.505 | ActorLoss: -4.606205 | CriticLoss: 0.027692 | Q: 4.5761 | TargetQ: 4.5767 | TDAbs: 0.1783 | ActorGrad: 0.0930 | CriticGrad: 0.8214 | Noise: 0.2227 | Replay: 45568 | FPS: 58.62 | ETA: 29.7 min
2026-09-16 06:44:17,333 | INFO | 开始周期评估: Steps=46080 | Episodes=90 | EvalEpisodes=5
2026-09-16 06:44:38,215 | INFO | 周期评估完成: Steps=46080 | MeanReward=22.564 | StdReward=2.539
2026-09-16 06:44:38,222 | INFO | Steps: 46080/150000 | Episodes: 90 | LastEpReward: 21.296 | RecentReward: 23.343 | ActorLoss: -4.661257 | CriticLoss: 0.028093 | Q: 4.6301 | TargetQ: 4.6302 | TDAbs: 0.1792 | ActorGrad: 0.1519 | CriticGrad: 0.7601 | Noise: 0.2212 | Replay: 46080 | FPS: 57.22 | ETA: 30.3 min
2026-09-16 06:44:45,444 | INFO | Steps: 46592/150000 | Episodes: 91 | LastEpReward: 30.220 | RecentReward: 24.062 | ActorLoss: -4.644675 | CriticLoss: 0.029821 | Q: 4.6147 | TargetQ: 4.6151 | TDAbs: 0.1805 | ActorGrad: 0.0656 | CriticGrad: 0.7918 | Noise: 0.2197 | Replay: 46592 | FPS: 57.34 | ETA: 30.1 min
2026-09-16 06:44:52,422 | INFO | Steps: 47104/150000 | Episodes: 92 | LastEpReward: 26.257 | RecentReward: 23.847 | ActorLoss: -4.629109 | CriticLoss: 0.028273 | Q: 4.6054 | TargetQ: 4.6053 | TDAbs: 0.1776 | ActorGrad: 0.0440 | CriticGrad: 0.7454 | Noise: 0.2183 | Replay: 47104 | FPS: 57.48 | ETA: 29.8 min
2026-09-16 06:44:59,656 | INFO | Steps: 47616/150000 | Episodes: 93 | LastEpReward: 36.070 | RecentReward: 25.347 | ActorLoss: -4.658272 | CriticLoss: 0.028539 | Q: 4.6313 | TargetQ: 4.6315 | TDAbs: 0.1797 | ActorGrad: 0.0602 | CriticGrad: 0.7908 | Noise: 0.2168 | Replay: 47616 | FPS: 57.60 | ETA: 29.6 min
2026-09-16 06:45:06,623 | INFO | Steps: 48128/150000 | Episodes: 94 | LastEpReward: 23.531 | RecentReward: 25.594 | ActorLoss: -4.643345 | CriticLoss: 0.030258 | Q: 4.6204 | TargetQ: 4.6195 | TDAbs: 0.1810 | ActorGrad: 0.0482 | CriticGrad: 0.8374 | Noise: 0.2153 | Replay: 48128 | FPS: 57.73 | ETA: 29.4 min
2026-09-16 06:45:13,561 | INFO | Steps: 48640/150000 | Episodes: 95 | LastEpReward: 26.309 | RecentReward: 25.792 | ActorLoss: -4.592044 | CriticLoss: 0.030192 | Q: 4.5684 | TargetQ: 4.5670 | TDAbs: 0.1822 | ActorGrad: 0.0653 | CriticGrad: 0.8023 | Noise: 0.2139 | Replay: 48640 | FPS: 57.86 | ETA: 29.2 min
2026-09-16 06:45:20,463 | INFO | Steps: 49152/150000 | Episodes: 96 | LastEpReward: 22.157 | RecentReward: 25.343 | ActorLoss: -4.633135 | CriticLoss: 0.030274 | Q: 4.6081 | TargetQ: 4.6044 | TDAbs: 0.1810 | ActorGrad: 0.1420 | CriticGrad: 0.7875 | Noise: 0.2124 | Replay: 49152 | FPS: 57.99 | ETA: 29.0 min
2026-09-16 06:45:27,466 | INFO | Steps: 49664/150000 | Episodes: 97 | LastEpReward: 22.179 | RecentReward: 24.806 | ActorLoss: -4.657999 | CriticLoss: 0.028682 | Q: 4.6277 | TargetQ: 4.6257 | TDAbs: 0.1792 | ActorGrad: 0.1738 | CriticGrad: 0.8351 | Noise: 0.2110 | Replay: 49664 | FPS: 58.12 | ETA: 28.8 min
2026-09-16 06:45:34,637 | INFO | Steps: 50176/150000 | Episodes: 98 | LastEpReward: 14.480 | RecentReward: 24.070 | ActorLoss: -4.606272 | CriticLoss: 0.029224 | Q: 4.5805 | TargetQ: 4.5807 | TDAbs: 0.1811 | ActorGrad: 0.0704 | CriticGrad: 0.8925 | Noise: 0.2095 | Replay: 50000 | FPS: 58.23 | ETA: 28.6 min
2026-09-16 06:45:41,652 | INFO | Steps: 50688/150000 | Episodes: 99 | LastEpReward: 27.848 | RecentReward: 25.035 | ActorLoss: -4.616878 | CriticLoss: 0.027316 | Q: 4.5957 | TargetQ: 4.5955 | TDAbs: 0.1757 | ActorGrad: 0.1696 | CriticGrad: 0.7698 | Noise: 0.2080 | Replay: 50000 | FPS: 58.35 | ETA: 28.4 min
2026-09-16 06:45:48,645 | INFO | 开始周期评估: Steps=51200 | Episodes=100 | EvalEpisodes=5
2026-09-16 06:46:09,560 | INFO | 周期评估完成: Steps=51200 | MeanReward=26.550 | StdReward=2.981
2026-09-16 06:46:09,573 | INFO | Steps: 51200/150000 | Episodes: 100 | LastEpReward: 25.619 | RecentReward: 25.467 | ActorLoss: -4.694663 | CriticLoss: 0.031530 | Q: 4.6728 | TargetQ: 4.6709 | TDAbs: 0.1863 | ActorGrad: 0.0604 | CriticGrad: 0.8833 | Noise: 0.2066 | Replay: 50000 | FPS: 57.10 | ETA: 28.8 min
2026-09-16 06:46:16,569 | INFO | Steps: 51712/150000 | Episodes: 101 | LastEpReward: 25.031 | RecentReward: 24.948 | ActorLoss: -4.728038 | CriticLoss: 0.028573 | Q: 4.6990 | TargetQ: 4.6990 | TDAbs: 0.1799 | ActorGrad: 0.1706 | CriticGrad: 0.8028 | Noise: 0.2051 | Replay: 50000 | FPS: 57.23 | ETA: 28.6 min
2026-09-16 06:46:23,636 | INFO | Steps: 52224/150000 | Episodes: 102 | LastEpReward: 26.013 | RecentReward: 24.924 | ActorLoss: -4.781608 | CriticLoss: 0.028766 | Q: 4.7620 | TargetQ: 4.7630 | TDAbs: 0.1809 | ActorGrad: 0.1648 | CriticGrad: 0.7858 | Noise: 0.2036 | Replay: 50000 | FPS: 57.34 | ETA: 28.4 min
2026-09-16 06:46:30,615 | INFO | Steps: 52736/150000 | Episodes: 103 | LastEpReward: 20.832 | RecentReward: 23.400 | ActorLoss: -4.827767 | CriticLoss: 0.027310 | Q: 4.8125 | TargetQ: 4.8136 | TDAbs: 0.1765 | ActorGrad: 0.1668 | CriticGrad: 0.7628 | Noise: 0.2022 | Replay: 50000 | FPS: 57.47 | ETA: 28.2 min
2026-09-16 06:46:37,655 | INFO | Steps: 53248/150000 | Episodes: 104 | LastEpReward: 29.453 | RecentReward: 23.992 | ActorLoss: -4.839989 | CriticLoss: 0.028933 | Q: 4.8241 | TargetQ: 4.8224 | TDAbs: 0.1767 | ActorGrad: 0.1434 | CriticGrad: 0.7342 | Noise: 0.2007 | Replay: 50000 | FPS: 57.58 | ETA: 28.0 min
2026-09-16 06:46:44,652 | INFO | Steps: 53760/150000 | Episodes: 105 | LastEpReward: 29.049 | RecentReward: 24.266 | ActorLoss: -4.858774 | CriticLoss: 0.026504 | Q: 4.8441 | TargetQ: 4.8439 | TDAbs: 0.1737 | ActorGrad: 0.0915 | CriticGrad: 0.7641 | Noise: 0.1993 | Replay: 50000 | FPS: 57.70 | ETA: 27.8 min
2026-09-16 06:46:51,586 | INFO | Steps: 54272/150000 | Episodes: 106 | LastEpReward: 13.171 | RecentReward: 23.367 | ActorLoss: -4.853566 | CriticLoss: 0.027019 | Q: 4.8325 | TargetQ: 4.8310 | TDAbs: 0.1739 | ActorGrad: 0.2121 | CriticGrad: 0.7528 | Noise: 0.1978 | Replay: 50000 | FPS: 57.82 | ETA: 27.6 min
2026-09-16 06:46:58,551 | INFO | Steps: 54784/150000 | Episodes: 107 | LastEpReward: 26.030 | RecentReward: 23.753 | ActorLoss: -4.866576 | CriticLoss: 0.027642 | Q: 4.8493 | TargetQ: 4.8494 | TDAbs: 0.1779 | ActorGrad: 0.1900 | CriticGrad: 0.8554 | Noise: 0.1963 | Replay: 50000 | FPS: 57.93 | ETA: 27.4 min
2026-09-16 06:47:05,585 | INFO | Steps: 55296/150000 | Episodes: 108 | LastEpReward: 27.509 | RecentReward: 25.055 | ActorLoss: -4.851139 | CriticLoss: 0.030200 | Q: 4.8318 | TargetQ: 4.8321 | TDAbs: 0.1817 | ActorGrad: 0.1830 | CriticGrad: 0.8094 | Noise: 0.1949 | Replay: 50000 | FPS: 58.04 | ETA: 27.2 min
2026-09-16 06:47:12,824 | INFO | Steps: 55808/150000 | Episodes: 109 | LastEpReward: 23.617 | RecentReward: 24.632 | ActorLoss: -4.827140 | CriticLoss: 0.030423 | Q: 4.8101 | TargetQ: 4.8098 | TDAbs: 0.1843 | ActorGrad: 0.1605 | CriticGrad: 0.8211 | Noise: 0.1934 | Replay: 50000 | FPS: 58.14 | ETA: 27.0 min
2026-09-16 06:47:19,826 | INFO | 开始周期评估: Steps=56320 | Episodes=110 | EvalEpisodes=5
2026-09-16 06:47:40,779 | INFO | 周期评估完成: Steps=56320 | MeanReward=20.916 | StdReward=3.078
2026-09-16 06:47:40,787 | INFO | Steps: 56320/150000 | Episodes: 110 | LastEpReward: 20.538 | RecentReward: 24.124 | ActorLoss: -4.870863 | CriticLoss: 0.027692 | Q: 4.8519 | TargetQ: 4.8522 | TDAbs: 0.1783 | ActorGrad: 0.1697 | CriticGrad: 0.7955 | Noise: 0.1919 | Replay: 50000 | FPS: 57.01 | ETA: 27.4 min
2026-09-16 06:47:47,727 | INFO | Steps: 56832/150000 | Episodes: 111 | LastEpReward: 23.680 | RecentReward: 23.989 | ActorLoss: -4.856085 | CriticLoss: 0.029929 | Q: 4.8401 | TargetQ: 4.8395 | TDAbs: 0.1824 | ActorGrad: 0.1648 | CriticGrad: 0.8400 | Noise: 0.1905 | Replay: 50000 | FPS: 57.13 | ETA: 27.2 min
2026-09-16 06:47:54,721 | INFO | Steps: 57344/150000 | Episodes: 112 | LastEpReward: 23.552 | RecentReward: 23.743 | ActorLoss: -4.846380 | CriticLoss: 0.029401 | Q: 4.8325 | TargetQ: 4.8326 | TDAbs: 0.1813 | ActorGrad: 0.1467 | CriticGrad: 0.7749 | Noise: 0.1890 | Replay: 50000 | FPS: 57.24 | ETA: 27.0 min
2026-09-16 06:48:01,953 | INFO | Steps: 57856/150000 | Episodes: 113 | LastEpReward: 16.111 | RecentReward: 23.271 | ActorLoss: -4.866107 | CriticLoss: 0.031348 | Q: 4.8523 | TargetQ: 4.8492 | TDAbs: 0.1817 | ActorGrad: 0.1147 | CriticGrad: 0.8480 | Noise: 0.1876 | Replay: 50000 | FPS: 57.34 | ETA: 26.8 min
2026-09-16 06:48:09,035 | INFO | Steps: 58368/150000 | Episodes: 114 | LastEpReward: 18.589 | RecentReward: 22.185 | ActorLoss: -4.793415 | CriticLoss: 0.031700 | Q: 4.7822 | TargetQ: 4.7811 | TDAbs: 0.1870 | ActorGrad: 0.1252 | CriticGrad: 0.8445 | Noise: 0.1861 | Replay: 50000 | FPS: 57.44 | ETA: 26.6 min
2026-09-16 06:48:16,106 | INFO | Steps: 58880/150000 | Episodes: 115 | LastEpReward: 23.588 | RecentReward: 21.638 | ActorLoss: -4.775788 | CriticLoss: 0.031763 | Q: 4.7661 | TargetQ: 4.7647 | TDAbs: 0.1853 | ActorGrad: 0.1689 | CriticGrad: 0.8739 | Noise: 0.1846 | Replay: 50000 | FPS: 57.55 | ETA: 26.4 min
2026-09-16 06:48:23,130 | INFO | Steps: 59392/150000 | Episodes: 116 | LastEpReward: 28.487 | RecentReward: 23.170 | ActorLoss: -4.757633 | CriticLoss: 0.028708 | Q: 4.7482 | TargetQ: 4.7475 | TDAbs: 0.1791 | ActorGrad: 0.1709 | CriticGrad: 0.7784 | Noise: 0.1832 | Replay: 50000 | FPS: 57.65 | ETA: 26.2 min
2026-09-16 06:48:30,127 | INFO | Steps: 59904/150000 | Episodes: 117 | LastEpReward: 35.125 | RecentReward: 24.080 | ActorLoss: -4.779418 | CriticLoss: 0.031138 | Q: 4.7686 | TargetQ: 4.7699 | TDAbs: 0.1846 | ActorGrad: 0.1836 | CriticGrad: 0.9061 | Noise: 0.1817 | Replay: 50000 | FPS: 57.76 | ETA: 26.0 min
2026-09-16 06:48:37,227 | INFO | Steps: 60416/150000 | Episodes: 118 | LastEpReward: 30.051 | RecentReward: 24.334 | ActorLoss: -4.679797 | CriticLoss: 0.030390 | Q: 4.6710 | TargetQ: 4.6707 | TDAbs: 0.1822 | ActorGrad: 0.0422 | CriticGrad: 0.8433 | Noise: 0.1802 | Replay: 50000 | FPS: 57.85 | ETA: 25.8 min
2026-09-16 06:48:44,285 | INFO | Steps: 60928/150000 | Episodes: 119 | LastEpReward: 27.375 | RecentReward: 24.710 | ActorLoss: -4.776685 | CriticLoss: 0.028137 | Q: 4.7663 | TargetQ: 4.7652 | TDAbs: 0.1783 | ActorGrad: 0.1453 | CriticGrad: 0.8233 | Noise: 0.1788 | Replay: 50000 | FPS: 57.95 | ETA: 25.6 min
2026-09-16 06:48:51,274 | INFO | 开始周期评估: Steps=61440 | Episodes=120 | EvalEpisodes=5
2026-09-16 06:49:12,289 | INFO | 周期评估完成: Steps=61440 | MeanReward=22.984 | StdReward=3.001
2026-09-16 06:49:12,297 | INFO | Steps: 61440/150000 | Episodes: 120 | LastEpReward: 22.993 | RecentReward: 24.955 | ActorLoss: -4.777991 | CriticLoss: 0.030338 | Q: 4.7659 | TargetQ: 4.7655 | TDAbs: 0.1828 | ActorGrad: 0.1773 | CriticGrad: 0.7955 | Noise: 0.1773 | Replay: 50000 | FPS: 56.92 | ETA: 25.9 min
2026-09-16 06:49:19,348 | INFO | Steps: 61952/150000 | Episodes: 121 | LastEpReward: 23.411 | RecentReward: 24.928 | ActorLoss: -4.720116 | CriticLoss: 0.029961 | Q: 4.7116 | TargetQ: 4.7112 | TDAbs: 0.1802 | ActorGrad: 0.0558 | CriticGrad: 0.8648 | Noise: 0.1759 | Replay: 50000 | FPS: 57.02 | ETA: 25.7 min
2026-09-16 06:49:26,357 | INFO | Steps: 62464/150000 | Episodes: 122 | LastEpReward: 23.825 | RecentReward: 24.955 | ActorLoss: -4.723137 | CriticLoss: 0.028435 | Q: 4.7137 | TargetQ: 4.7121 | TDAbs: 0.1780 | ActorGrad: 0.0977 | CriticGrad: 0.7628 | Noise: 0.1744 | Replay: 50000 | FPS: 57.13 | ETA: 25.5 min
2026-09-16 06:49:33,323 | INFO | Steps: 62976/150000 | Episodes: 123 | LastEpReward: 24.180 | RecentReward: 25.762 | ActorLoss: -4.740185 | CriticLoss: 0.027841 | Q: 4.7269 | TargetQ: 4.7265 | TDAbs: 0.1750 | ActorGrad: 0.0992 | CriticGrad: 0.8124 | Noise: 0.1729 | Replay: 50000 | FPS: 57.23 | ETA: 25.3 min
2026-09-16 06:49:40,306 | INFO | Steps: 63488/150000 | Episodes: 124 | LastEpReward: 28.726 | RecentReward: 26.776 | ActorLoss: -4.734831 | CriticLoss: 0.028207 | Q: 4.7242 | TargetQ: 4.7259 | TDAbs: 0.1758 | ActorGrad: 0.1046 | CriticGrad: 0.8516 | Noise: 0.1715 | Replay: 50000 | FPS: 57.33 | ETA: 25.1 min
2026-09-16 06:49:47,368 | INFO | Steps: 64000/150000 | Episodes: 125 | LastEpReward: 23.816 | RecentReward: 26.799 | ActorLoss: -4.707544 | CriticLoss: 0.029894 | Q: 4.6963 | TargetQ: 4.6943 | TDAbs: 0.1767 | ActorGrad: 0.0769 | CriticGrad: 0.8442 | Noise: 0.1700 | Replay: 50000 | FPS: 57.43 | ETA: 25.0 min
2026-09-16 06:49:54,432 | INFO | Steps: 64512/150000 | Episodes: 126 | LastEpReward: 24.244 | RecentReward: 26.375 | ActorLoss: -4.717859 | CriticLoss: 0.027116 | Q: 4.7049 | TargetQ: 4.7062 | TDAbs: 0.1719 | ActorGrad: 0.0643 | CriticGrad: 0.8462 | Noise: 0.1685 | Replay: 50000 | FPS: 57.52 | ETA: 24.8 min
2026-09-16 06:50:01,582 | INFO | Steps: 65024/150000 | Episodes: 127 | LastEpReward: 13.504 | RecentReward: 24.212 | ActorLoss: -4.706515 | CriticLoss: 0.033371 | Q: 4.6970 | TargetQ: 4.6984 | TDAbs: 0.1917 | ActorGrad: 0.1987 | CriticGrad: 0.8517 | Noise: 0.1671 | Replay: 50000 | FPS: 57.61 | ETA: 24.6 min
2026-09-16 06:50:08,641 | INFO | Steps: 65536/150000 | Episodes: 128 | LastEpReward: 18.448 | RecentReward: 23.052 | ActorLoss: -4.672368 | CriticLoss: 0.030446 | Q: 4.6605 | TargetQ: 4.6596 | TDAbs: 0.1796 | ActorGrad: 0.1282 | CriticGrad: 0.8233 | Noise: 0.1656 | Replay: 50000 | FPS: 57.71 | ETA: 24.4 min
2026-09-16 06:50:15,659 | INFO | Steps: 66048/150000 | Episodes: 129 | LastEpReward: 17.556 | RecentReward: 22.070 | ActorLoss: -4.684324 | CriticLoss: 0.028085 | Q: 4.6764 | TargetQ: 4.6776 | TDAbs: 0.1779 | ActorGrad: 0.1701 | CriticGrad: 0.7628 | Noise: 0.1641 | Replay: 50000 | FPS: 57.80 | ETA: 24.2 min
2026-09-16 06:50:22,687 | INFO | 开始周期评估: Steps=66560 | Episodes=130 | EvalEpisodes=5
2026-09-16 06:50:43,668 | INFO | 周期评估完成: Steps=66560 | MeanReward=17.030 | StdReward=3.451
2026-09-16 06:50:43,675 | INFO | Steps: 66560/150000 | Episodes: 130 | LastEpReward: 21.999 | RecentReward: 21.971 | ActorLoss: -4.675965 | CriticLoss: 0.028900 | Q: 4.6687 | TargetQ: 4.6694 | TDAbs: 0.1795 | ActorGrad: 0.1474 | CriticGrad: 0.9020 | Noise: 0.1627 | Replay: 50000 | FPS: 56.85 | ETA: 24.5 min
2026-09-16 06:50:50,765 | INFO | Steps: 67072/150000 | Episodes: 131 | LastEpReward: 24.486 | RecentReward: 22.078 | ActorLoss: -4.702607 | CriticLoss: 0.025904 | Q: 4.6932 | TargetQ: 4.6923 | TDAbs: 0.1681 | ActorGrad: 0.0938 | CriticGrad: 0.7642 | Noise: 0.1612 | Replay: 50000 | FPS: 56.95 | ETA: 24.3 min
2026-09-16 06:50:58,049 | INFO | Steps: 67584/150000 | Episodes: 132 | LastEpReward: 32.947 | RecentReward: 22.991 | ActorLoss: -4.656696 | CriticLoss: 0.027421 | Q: 4.6488 | TargetQ: 4.6476 | TDAbs: 0.1701 | ActorGrad: 0.0593 | CriticGrad: 0.8396 | Noise: 0.1598 | Replay: 50000 | FPS: 57.03 | ETA: 24.1 min
2026-09-16 06:51:05,335 | INFO | Steps: 68096/150000 | Episodes: 133 | LastEpReward: 25.167 | RecentReward: 23.089 | ActorLoss: -4.648054 | CriticLoss: 0.026437 | Q: 4.6384 | TargetQ: 4.6377 | TDAbs: 0.1677 | ActorGrad: 0.0713 | CriticGrad: 0.8308 | Noise: 0.1583 | Replay: 50000 | FPS: 57.11 | ETA: 23.9 min
2026-09-16 06:51:12,397 | INFO | Steps: 68608/150000 | Episodes: 134 | LastEpReward: 24.563 | RecentReward: 22.673 | ActorLoss: -4.628204 | CriticLoss: 0.025397 | Q: 4.6184 | TargetQ: 4.6186 | TDAbs: 0.1651 | ActorGrad: 0.0543 | CriticGrad: 0.7268 | Noise: 0.1568 | Replay: 50000 | FPS: 57.20 | ETA: 23.7 min
2026-09-16 06:51:19,519 | INFO | Steps: 69120/150000 | Episodes: 135 | LastEpReward: 24.752 | RecentReward: 22.767 | ActorLoss: -4.606716 | CriticLoss: 0.024322 | Q: 4.5986 | TargetQ: 4.5983 | TDAbs: 0.1619 | ActorGrad: 0.0861 | CriticGrad: 0.7499 | Noise: 0.1554 | Replay: 50000 | FPS: 57.29 | ETA: 23.5 min
2026-09-16 06:51:26,538 | INFO | Steps: 69632/150000 | Episodes: 136 | LastEpReward: 26.991 | RecentReward: 23.041 | ActorLoss: -4.594104 | CriticLoss: 0.026350 | Q: 4.5837 | TargetQ: 4.5830 | TDAbs: 0.1674 | ActorGrad: 0.0765 | CriticGrad: 0.8038 | Noise: 0.1539 | Replay: 50000 | FPS: 57.38 | ETA: 23.3 min
2026-09-16 06:51:33,565 | INFO | Steps: 70144/150000 | Episodes: 137 | LastEpReward: 30.892 | RecentReward: 24.780 | ActorLoss: -4.582992 | CriticLoss: 0.025382 | Q: 4.5725 | TargetQ: 4.5725 | TDAbs: 0.1649 | ActorGrad: 0.0657 | CriticGrad: 0.7769 | Noise: 0.1524 | Replay: 50000 | FPS: 57.47 | ETA: 23.2 min
2026-09-16 06:51:40,640 | INFO | Steps: 70656/150000 | Episodes: 138 | LastEpReward: 26.419 | RecentReward: 25.577 | ActorLoss: -4.597839 | CriticLoss: 0.025398 | Q: 4.5874 | TargetQ: 4.5881 | TDAbs: 0.1651 | ActorGrad: 0.0453 | CriticGrad: 0.7463 | Noise: 0.1510 | Replay: 50000 | FPS: 57.55 | ETA: 23.0 min
2026-09-16 06:51:47,711 | INFO | Steps: 71168/150000 | Episodes: 139 | LastEpReward: 20.227 | RecentReward: 25.844 | ActorLoss: -4.619758 | CriticLoss: 0.024824 | Q: 4.6100 | TargetQ: 4.6108 | TDAbs: 0.1626 | ActorGrad: 0.0218 | CriticGrad: 0.6985 | Noise: 0.1495 | Replay: 50000 | FPS: 57.64 | ETA: 22.8 min
2026-09-16 06:51:54,748 | INFO | 开始周期评估: Steps=71680 | Episodes=140 | EvalEpisodes=5
2026-09-16 06:52:15,679 | INFO | 周期评估完成: Steps=71680 | MeanReward=21.294 | StdReward=4.564
2026-09-16 06:52:15,687 | INFO | Steps: 71680/150000 | Episodes: 140 | LastEpReward: 12.511 | RecentReward: 24.896 | ActorLoss: -4.606796 | CriticLoss: 0.023911 | Q: 4.5943 | TargetQ: 4.5923 | TDAbs: 0.1613 | ActorGrad: 0.0283 | CriticGrad: 0.8461 | Noise: 0.1481 | Replay: 50000 | FPS: 56.76 | ETA: 23.0 min
2026-09-16 06:52:22,707 | INFO | Steps: 72192/150000 | Episodes: 141 | LastEpReward: 12.794 | RecentReward: 23.726 | ActorLoss: -4.591756 | CriticLoss: 0.024431 | Q: 4.5805 | TargetQ: 4.5794 | TDAbs: 0.1612 | ActorGrad: 0.0126 | CriticGrad: 0.6722 | Noise: 0.1466 | Replay: 50000 | FPS: 56.85 | ETA: 22.8 min
2026-09-16 06:52:29,847 | INFO | Steps: 72704/150000 | Episodes: 142 | LastEpReward: 19.792 | RecentReward: 22.411 | ActorLoss: -4.537237 | CriticLoss: 0.022856 | Q: 4.5256 | TargetQ: 4.5254 | TDAbs: 0.1589 | ActorGrad: 0.0273 | CriticGrad: 0.6647 | Noise: 0.1451 | Replay: 50000 | FPS: 56.94 | ETA: 22.6 min
2026-09-16 06:52:36,962 | INFO | Steps: 73216/150000 | Episodes: 143 | LastEpReward: 22.935 | RecentReward: 22.188 | ActorLoss: -4.576542 | CriticLoss: 0.023666 | Q: 4.5645 | TargetQ: 4.5645 | TDAbs: 0.1610 | ActorGrad: 0.0577 | CriticGrad: 0.7913 | Noise: 0.1437 | Replay: 50000 | FPS: 57.02 | ETA: 22.4 min
2026-09-16 06:52:44,143 | INFO | Steps: 73728/150000 | Episodes: 144 | LastEpReward: 27.501 | RecentReward: 22.481 | ActorLoss: -4.592675 | CriticLoss: 0.021713 | Q: 4.5806 | TargetQ: 4.5820 | TDAbs: 0.1545 | ActorGrad: 0.0858 | CriticGrad: 0.6691 | Noise: 0.1422 | Replay: 50000 | FPS: 57.10 | ETA: 22.3 min
2026-09-16 06:52:51,296 | INFO | Steps: 74240/150000 | Episodes: 145 | LastEpReward: 27.543 | RecentReward: 22.761 | ActorLoss: -4.577661 | CriticLoss: 0.023124 | Q: 4.5655 | TargetQ: 4.5649 | TDAbs: 0.1574 | ActorGrad: 0.0680 | CriticGrad: 0.7801 | Noise: 0.1407 | Replay: 50000 | FPS: 57.18 | ETA: 22.1 min
2026-09-16 06:52:58,483 | INFO | Steps: 74752/150000 | Episodes: 146 | LastEpReward: 32.477 | RecentReward: 23.309 | ActorLoss: -4.587172 | CriticLoss: 0.023717 | Q: 4.5733 | TargetQ: 4.5735 | TDAbs: 0.1580 | ActorGrad: 0.0759 | CriticGrad: 0.6740 | Noise: 0.1393 | Replay: 50000 | FPS: 57.26 | ETA: 21.9 min
2026-09-16 06:53:05,702 | INFO | Steps: 75264/150000 | Episodes: 147 | LastEpReward: 33.421 | RecentReward: 23.562 | ActorLoss: -4.562561 | CriticLoss: 0.024316 | Q: 4.5500 | TargetQ: 4.5485 | TDAbs: 0.1586 | ActorGrad: 0.0711 | CriticGrad: 0.7457 | Noise: 0.1378 | Replay: 50000 | FPS: 57.33 | ETA: 21.7 min
2026-09-16 06:53:12,693 | INFO | Steps: 75776/150000 | Episodes: 148 | LastEpReward: 20.857 | RecentReward: 23.006 | ActorLoss: -4.577408 | CriticLoss: 0.022809 | Q: 4.5633 | TargetQ: 4.5631 | TDAbs: 0.1571 | ActorGrad: 0.0706 | CriticGrad: 0.7209 | Noise: 0.1364 | Replay: 50000 | FPS: 57.42 | ETA: 21.5 min
2026-09-16 06:53:19,671 | INFO | Steps: 76288/150000 | Episodes: 149 | LastEpReward: 28.970 | RecentReward: 23.880 | ActorLoss: -4.566692 | CriticLoss: 0.023116 | Q: 4.5534 | TargetQ: 4.5526 | TDAbs: 0.1563 | ActorGrad: 0.0523 | CriticGrad: 0.7080 | Noise: 0.1349 | Replay: 50000 | FPS: 57.50 | ETA: 21.4 min
2026-09-16 06:53:26,783 | INFO | 开始周期评估: Steps=76800 | Episodes=150 | EvalEpisodes=5
2026-09-16 06:53:47,838 | INFO | 周期评估完成: Steps=76800 | MeanReward=29.369 | StdReward=3.843
2026-09-16 06:53:47,848 | INFO | Steps: 76800/150000 | Episodes: 150 | LastEpReward: 26.572 | RecentReward: 25.286 | ActorLoss: -4.595862 | CriticLoss: 0.022204 | Q: 4.5841 | TargetQ: 4.5855 | TDAbs: 0.1538 | ActorGrad: 0.0458 | CriticGrad: 0.6571 | Noise: 0.1334 | Replay: 50000 | FPS: 56.68 | ETA: 21.5 min
2026-09-16 06:53:54,870 | INFO | Steps: 77312/150000 | Episodes: 151 | LastEpReward: 23.141 | RecentReward: 26.321 | ActorLoss: -4.622475 | CriticLoss: 0.020494 | Q: 4.6095 | TargetQ: 4.6098 | TDAbs: 0.1504 | ActorGrad: 0.0480 | CriticGrad: 0.6625 | Noise: 0.1320 | Replay: 50000 | FPS: 56.77 | ETA: 21.3 min
2026-09-16 06:54:02,051 | INFO | Steps: 77824/150000 | Episodes: 152 | LastEpReward: 26.655 | RecentReward: 27.007 | ActorLoss: -4.626010 | CriticLoss: 0.021620 | Q: 4.6145 | TargetQ: 4.6133 | TDAbs: 0.1536 | ActorGrad: 0.0441 | CriticGrad: 0.6801 | Noise: 0.1305 | Replay: 50000 | FPS: 56.84 | ETA: 21.2 min
2026-09-16 06:54:09,399 | INFO | Steps: 78336/150000 | Episodes: 153 | LastEpReward: 29.197 | RecentReward: 27.633 | ActorLoss: -4.606366 | CriticLoss: 0.021973 | Q: 4.5943 | TargetQ: 4.5937 | TDAbs: 0.1522 | ActorGrad: 0.0437 | CriticGrad: 0.6592 | Noise: 0.1290 | Replay: 50000 | FPS: 56.91 | ETA: 21.0 min
2026-09-16 06:54:16,501 | INFO | Steps: 78848/150000 | Episodes: 154 | LastEpReward: 25.319 | RecentReward: 27.415 | ActorLoss: -4.630856 | CriticLoss: 0.020457 | Q: 4.6187 | TargetQ: 4.6191 | TDAbs: 0.1508 | ActorGrad: 0.0414 | CriticGrad: 0.6366 | Noise: 0.1276 | Replay: 50000 | FPS: 56.99 | ETA: 20.8 min
2026-09-16 06:54:23,549 | INFO | Steps: 79360/150000 | Episodes: 155 | LastEpReward: 24.754 | RecentReward: 27.136 | ActorLoss: -4.647204 | CriticLoss: 0.020107 | Q: 4.6354 | TargetQ: 4.6358 | TDAbs: 0.1473 | ActorGrad: 0.0335 | CriticGrad: 0.7169 | Noise: 0.1261 | Replay: 50000 | FPS: 57.07 | ETA: 20.6 min
2026-09-16 06:54:30,481 | INFO | Steps: 79872/150000 | Episodes: 156 | LastEpReward: 33.117 | RecentReward: 27.200 | ActorLoss: -4.620269 | CriticLoss: 0.019689 | Q: 4.6106 | TargetQ: 4.6088 | TDAbs: 0.1468 | ActorGrad: 0.0377 | CriticGrad: 0.6540 | Noise: 0.1247 | Replay: 50000 | FPS: 57.15 | ETA: 20.5 min
2026-09-16 06:54:37,448 | INFO | Steps: 80384/150000 | Episodes: 157 | LastEpReward: 24.710 | RecentReward: 26.329 | ActorLoss: -4.659660 | CriticLoss: 0.020016 | Q: 4.6495 | TargetQ: 4.6503 | TDAbs: 0.1480 | ActorGrad: 0.0416 | CriticGrad: 0.6540 | Noise: 0.1232 | Replay: 50000 | FPS: 57.23 | ETA: 20.3 min
2026-09-16 06:54:44,396 | INFO | Steps: 80896/150000 | Episodes: 158 | LastEpReward: 25.990 | RecentReward: 26.843 | ActorLoss: -4.660488 | CriticLoss: 0.020326 | Q: 4.6500 | TargetQ: 4.6494 | TDAbs: 0.1476 | ActorGrad: 0.0348 | CriticGrad: 0.6554 | Noise: 0.1217 | Replay: 50000 | FPS: 57.31 | ETA: 20.1 min
2026-09-16 06:54:51,397 | INFO | Steps: 81408/150000 | Episodes: 159 | LastEpReward: 22.291 | RecentReward: 26.175 | ActorLoss: -4.665271 | CriticLoss: 0.019234 | Q: 4.6546 | TargetQ: 4.6542 | TDAbs: 0.1442 | ActorGrad: 0.0366 | CriticGrad: 0.6136 | Noise: 0.1203 | Replay: 50000 | FPS: 57.39 | ETA: 19.9 min
2026-09-16 06:54:58,290 | INFO | 开始周期评估: Steps=81920 | Episodes=160 | EvalEpisodes=5
2026-09-16 06:55:19,283 | INFO | 周期评估完成: Steps=81920 | MeanReward=30.354 | StdReward=4.589
2026-09-16 06:55:19,293 | INFO | Steps: 81920/150000 | Episodes: 160 | LastEpReward: 25.851 | RecentReward: 26.103 | ActorLoss: -4.669478 | CriticLoss: 0.018706 | Q: 4.6593 | TargetQ: 4.6593 | TDAbs: 0.1428 | ActorGrad: 0.0346 | CriticGrad: 0.6066 | Noise: 0.1188 | Replay: 50000 | FPS: 56.64 | ETA: 20.0 min
2026-09-16 06:55:26,321 | INFO | Steps: 82432/150000 | Episodes: 161 | LastEpReward: 31.007 | RecentReward: 26.889 | ActorLoss: -4.707042 | CriticLoss: 0.019950 | Q: 4.6975 | TargetQ: 4.6981 | TDAbs: 0.1468 | ActorGrad: 0.0311 | CriticGrad: 0.7129 | Noise: 0.1173 | Replay: 50000 | FPS: 56.72 | ETA: 19.9 min
2026-09-16 06:55:33,293 | INFO | Steps: 82944/150000 | Episodes: 162 | LastEpReward: 19.247 | RecentReward: 26.148 | ActorLoss: -4.703695 | CriticLoss: 0.018774 | Q: 4.6929 | TargetQ: 4.6938 | TDAbs: 0.1442 | ActorGrad: 0.0291 | CriticGrad: 0.6494 | Noise: 0.1159 | Replay: 50000 | FPS: 56.80 | ETA: 19.7 min
2026-09-16 06:55:40,407 | INFO | Steps: 83456/150000 | Episodes: 163 | LastEpReward: 21.752 | RecentReward: 25.404 | ActorLoss: -4.672786 | CriticLoss: 0.018528 | Q: 4.6635 | TargetQ: 4.6641 | TDAbs: 0.1424 | ActorGrad: 0.0363 | CriticGrad: 0.5988 | Noise: 0.1144 | Replay: 50000 | FPS: 56.87 | ETA: 19.5 min
2026-09-16 06:55:47,425 | INFO | Steps: 83968/150000 | Episodes: 164 | LastEpReward: 24.700 | RecentReward: 25.342 | ActorLoss: -4.663670 | CriticLoss: 0.017627 | Q: 4.6535 | TargetQ: 4.6527 | TDAbs: 0.1396 | ActorGrad: 0.0357 | CriticGrad: 0.6003 | Noise: 0.1129 | Replay: 50000 | FPS: 56.95 | ETA: 19.3 min
2026-09-16 06:55:54,384 | INFO | Steps: 84480/150000 | Episodes: 165 | LastEpReward: 24.513 | RecentReward: 25.318 | ActorLoss: -4.668307 | CriticLoss: 0.018859 | Q: 4.6587 | TargetQ: 4.6592 | TDAbs: 0.1416 | ActorGrad: 0.0276 | CriticGrad: 0.5873 | Noise: 0.1115 | Replay: 50000 | FPS: 57.03 | ETA: 19.1 min
2026-09-16 06:56:01,381 | INFO | Steps: 84992/150000 | Episodes: 166 | LastEpReward: 31.668 | RecentReward: 25.173 | ActorLoss: -4.662897 | CriticLoss: 0.016749 | Q: 4.6525 | TargetQ: 4.6526 | TDAbs: 0.1373 | ActorGrad: 0.0316 | CriticGrad: 0.5283 | Noise: 0.1100 | Replay: 50000 | FPS: 57.10 | ETA: 19.0 min
2026-09-16 06:56:08,436 | INFO | Steps: 85504/150000 | Episodes: 167 | LastEpReward: 27.336 | RecentReward: 25.435 | ActorLoss: -4.666606 | CriticLoss: 0.018297 | Q: 4.6568 | TargetQ: 4.6567 | TDAbs: 0.1411 | ActorGrad: 0.0336 | CriticGrad: 0.6266 | Noise: 0.1086 | Replay: 50000 | FPS: 57.17 | ETA: 18.8 min
2026-09-16 06:56:15,409 | INFO | Steps: 86016/150000 | Episodes: 168 | LastEpReward: 26.481 | RecentReward: 25.485 | ActorLoss: -4.655005 | CriticLoss: 0.017426 | Q: 4.6450 | TargetQ: 4.6452 | TDAbs: 0.1382 | ActorGrad: 0.0846 | CriticGrad: 0.6065 | Noise: 0.1071 | Replay: 50000 | FPS: 57.25 | ETA: 18.6 min
2026-09-16 06:56:22,372 | INFO | Steps: 86528/150000 | Episodes: 169 | LastEpReward: 24.186 | RecentReward: 25.674 | ActorLoss: -4.643527 | CriticLoss: 0.017114 | Q: 4.6343 | TargetQ: 4.6338 | TDAbs: 0.1375 | ActorGrad: 0.0353 | CriticGrad: 0.5862 | Noise: 0.1056 | Replay: 50000 | FPS: 57.32 | ETA: 18.5 min
2026-09-16 06:56:29,469 | INFO | 开始周期评估: Steps=87040 | Episodes=170 | EvalEpisodes=5
2026-09-16 06:56:50,418 | INFO | 周期评估完成: Steps=87040 | MeanReward=30.086 | StdReward=3.836
2026-09-16 06:56:50,425 | INFO | Steps: 87040/150000 | Episodes: 170 | LastEpReward: 36.043 | RecentReward: 26.693 | ActorLoss: -4.651090 | CriticLoss: 0.017112 | Q: 4.6420 | TargetQ: 4.6423 | TDAbs: 0.1372 | ActorGrad: 0.0383 | CriticGrad: 0.5967 | Noise: 0.1042 | Replay: 50000 | FPS: 56.61 | ETA: 18.5 min
2026-09-16 06:56:57,703 | INFO | Steps: 87552/150000 | Episodes: 171 | LastEpReward: 28.446 | RecentReward: 26.437 | ActorLoss: -4.684147 | CriticLoss: 0.016532 | Q: 4.6761 | TargetQ: 4.6757 | TDAbs: 0.1353 | ActorGrad: 0.0354 | CriticGrad: 0.5383 | Noise: 0.1027 | Replay: 50000 | FPS: 56.68 | ETA: 18.4 min
2026-09-16 06:57:04,931 | INFO | Steps: 88064/150000 | Episodes: 172 | LastEpReward: 35.793 | RecentReward: 28.092 | ActorLoss: -4.656512 | CriticLoss: 0.016721 | Q: 4.6482 | TargetQ: 4.6478 | TDAbs: 0.1356 | ActorGrad: 0.0378 | CriticGrad: 0.5626 | Noise: 0.1012 | Replay: 50000 | FPS: 56.74 | ETA: 18.2 min
2026-09-16 06:57:12,008 | INFO | Steps: 88576/150000 | Episodes: 173 | LastEpReward: 24.571 | RecentReward: 28.374 | ActorLoss: -4.653385 | CriticLoss: 0.016667 | Q: 4.6448 | TargetQ: 4.6462 | TDAbs: 0.1357 | ActorGrad: 0.0292 | CriticGrad: 0.5977 | Noise: 0.0998 | Replay: 50000 | FPS: 56.81 | ETA: 18.0 min
2026-09-16 06:57:19,314 | INFO | Steps: 89088/150000 | Episodes: 174 | LastEpReward: 38.623 | RecentReward: 29.766 | ActorLoss: -4.669304 | CriticLoss: 0.016843 | Q: 4.6591 | TargetQ: 4.6587 | TDAbs: 0.1351 | ActorGrad: 0.0280 | CriticGrad: 0.5945 | Noise: 0.0983 | Replay: 50000 | FPS: 56.88 | ETA: 17.8 min
2026-09-16 06:57:26,396 | INFO | Steps: 89600/150000 | Episodes: 175 | LastEpReward: 26.810 | RecentReward: 29.996 | ActorLoss: -4.702451 | CriticLoss: 0.015328 | Q: 4.6931 | TargetQ: 4.6938 | TDAbs: 0.1326 | ActorGrad: 0.0307 | CriticGrad: 0.5649 | Noise: 0.0969 | Replay: 50000 | FPS: 56.94 | ETA: 17.7 min
2026-09-16 06:57:33,396 | INFO | Steps: 90112/150000 | Episodes: 176 | LastEpReward: 28.437 | RecentReward: 29.673 | ActorLoss: -4.667566 | CriticLoss: 0.014837 | Q: 4.6593 | TargetQ: 4.6595 | TDAbs: 0.1278 | ActorGrad: 0.0316 | CriticGrad: 0.4907 | Noise: 0.0954 | Replay: 50000 | FPS: 57.02 | ETA: 17.5 min
2026-09-16 06:57:40,382 | INFO | Steps: 90624/150000 | Episodes: 177 | LastEpReward: 26.986 | RecentReward: 29.638 | ActorLoss: -4.655570 | CriticLoss: 0.016217 | Q: 4.6485 | TargetQ: 4.6479 | TDAbs: 0.1318 | ActorGrad: 0.0228 | CriticGrad: 0.5102 | Noise: 0.0939 | Replay: 50000 | FPS: 57.09 | ETA: 17.3 min
2026-09-16 06:57:47,465 | INFO | Steps: 91136/150000 | Episodes: 178 | LastEpReward: 26.871 | RecentReward: 29.677 | ActorLoss: -4.655028 | CriticLoss: 0.015409 | Q: 4.6467 | TargetQ: 4.6462 | TDAbs: 0.1316 | ActorGrad: 0.0233 | CriticGrad: 0.4811 | Noise: 0.0925 | Replay: 50000 | FPS: 57.16 | ETA: 17.2 min
2026-09-16 06:57:54,562 | INFO | Steps: 91648/150000 | Episodes: 179 | LastEpReward: 25.637 | RecentReward: 29.822 | ActorLoss: -4.695293 | CriticLoss: 0.015328 | Q: 4.6873 | TargetQ: 4.6862 | TDAbs: 0.1316 | ActorGrad: 0.0224 | CriticGrad: 0.6142 | Noise: 0.0910 | Replay: 50000 | FPS: 57.22 | ETA: 17.0 min
2026-09-16 06:58:01,607 | INFO | 开始周期评估: Steps=92160 | Episodes=180 | EvalEpisodes=5
2026-09-16 06:58:22,523 | INFO | 周期评估完成: Steps=92160 | MeanReward=30.102 | StdReward=4.731
2026-09-16 06:58:22,531 | INFO | Steps: 92160/150000 | Episodes: 180 | LastEpReward: 26.904 | RecentReward: 28.908 | ActorLoss: -4.698594 | CriticLoss: 0.016194 | Q: 4.6888 | TargetQ: 4.6898 | TDAbs: 0.1321 | ActorGrad: 0.0561 | CriticGrad: 0.6561 | Noise: 0.0895 | Replay: 50000 | FPS: 56.55 | ETA: 17.0 min
2026-09-16 06:58:29,570 | INFO | Steps: 92672/150000 | Episodes: 181 | LastEpReward: 23.034 | RecentReward: 28.367 | ActorLoss: -4.732074 | CriticLoss: 0.015141 | Q: 4.7225 | TargetQ: 4.7223 | TDAbs: 0.1301 | ActorGrad: 0.0425 | CriticGrad: 0.5320 | Noise: 0.0881 | Replay: 50000 | FPS: 56.62 | ETA: 16.9 min
2026-09-16 06:58:36,581 | INFO | Steps: 93184/150000 | Episodes: 182 | LastEpReward: 25.539 | RecentReward: 27.341 | ActorLoss: -4.695175 | CriticLoss: 0.015324 | Q: 4.6862 | TargetQ: 4.6859 | TDAbs: 0.1278 | ActorGrad: 0.0335 | CriticGrad: 0.4825 | Noise: 0.0866 | Replay: 50000 | FPS: 56.69 | ETA: 16.7 min
2026-09-16 06:58:43,712 | INFO | Steps: 93696/150000 | Episodes: 183 | LastEpReward: 30.742 | RecentReward: 27.958 | ActorLoss: -4.680916 | CriticLoss: 0.014293 | Q: 4.6718 | TargetQ: 4.6727 | TDAbs: 0.1280 | ActorGrad: 0.0378 | CriticGrad: 0.5523 | Noise: 0.0852 | Replay: 50000 | FPS: 56.76 | ETA: 16.5 min
2026-09-16 06:58:50,791 | INFO | Steps: 94208/150000 | Episodes: 184 | LastEpReward: 22.393 | RecentReward: 26.335 | ActorLoss: -4.690072 | CriticLoss: 0.016859 | Q: 4.6807 | TargetQ: 4.6811 | TDAbs: 0.1358 | ActorGrad: 0.1065 | CriticGrad: 0.5966 | Noise: 0.0837 | Replay: 50000 | FPS: 56.83 | ETA: 16.4 min
2026-09-16 06:58:57,888 | INFO | Steps: 94720/150000 | Episodes: 185 | LastEpReward: 36.632 | RecentReward: 27.318 | ActorLoss: -4.674695 | CriticLoss: 0.015600 | Q: 4.6656 | TargetQ: 4.6648 | TDAbs: 0.1310 | ActorGrad: 0.0591 | CriticGrad: 0.4768 | Noise: 0.0822 | Replay: 50000 | FPS: 56.89 | ETA: 16.2 min
2026-09-16 06:59:05,216 | INFO | Steps: 95232/150000 | Episodes: 186 | LastEpReward: 33.104 | RecentReward: 27.784 | ActorLoss: -4.698927 | CriticLoss: 0.016833 | Q: 4.6896 | TargetQ: 4.6905 | TDAbs: 0.1367 | ActorGrad: 0.0995 | CriticGrad: 0.5447 | Noise: 0.0808 | Replay: 50000 | FPS: 56.95 | ETA: 16.0 min
2026-09-16 06:59:12,231 | INFO | Steps: 95744/150000 | Episodes: 187 | LastEpReward: 27.375 | RecentReward: 27.823 | ActorLoss: -4.706790 | CriticLoss: 0.015215 | Q: 4.6976 | TargetQ: 4.6964 | TDAbs: 0.1294 | ActorGrad: 0.0650 | CriticGrad: 0.5627 | Noise: 0.0793 | Replay: 50000 | FPS: 57.01 | ETA: 15.9 min
2026-09-16 06:59:19,204 | INFO | Steps: 96256/150000 | Episodes: 188 | LastEpReward: 28.679 | RecentReward: 28.004 | ActorLoss: -4.738430 | CriticLoss: 0.015882 | Q: 4.7301 | TargetQ: 4.7296 | TDAbs: 0.1321 | ActorGrad: 0.1083 | CriticGrad: 0.5907 | Noise: 0.0778 | Replay: 50000 | FPS: 57.08 | ETA: 15.7 min
2026-09-16 06:59:26,320 | INFO | Steps: 96768/150000 | Episodes: 189 | LastEpReward: 30.227 | RecentReward: 28.463 | ActorLoss: -4.699226 | CriticLoss: 0.016108 | Q: 4.6893 | TargetQ: 4.6897 | TDAbs: 0.1332 | ActorGrad: 0.0994 | CriticGrad: 0.5116 | Noise: 0.0764 | Replay: 50000 | FPS: 57.14 | ETA: 15.5 min
2026-09-16 06:59:33,370 | INFO | 开始周期评估: Steps=97280 | Episodes=190 | EvalEpisodes=5
2026-09-16 06:59:54,237 | INFO | 周期评估完成: Steps=97280 | MeanReward=28.808 | StdReward=4.598
2026-09-16 06:59:54,245 | INFO | Steps: 97280/150000 | Episodes: 190 | LastEpReward: 29.244 | RecentReward: 28.697 | ActorLoss: -4.725360 | CriticLoss: 0.016031 | Q: 4.7146 | TargetQ: 4.7142 | TDAbs: 0.1310 | ActorGrad: 0.0756 | CriticGrad: 0.5657 | Noise: 0.0749 | Replay: 50000 | FPS: 56.52 | ETA: 15.5 min
2026-09-16 07:00:01,412 | INFO | Steps: 97792/150000 | Episodes: 191 | LastEpReward: 30.466 | RecentReward: 29.440 | ActorLoss: -4.697070 | CriticLoss: 0.015727 | Q: 4.6871 | TargetQ: 4.6855 | TDAbs: 0.1287 | ActorGrad: 0.0875 | CriticGrad: 0.4603 | Noise: 0.0735 | Replay: 50000 | FPS: 56.58 | ETA: 15.4 min
2026-09-16 07:00:08,658 | INFO | Steps: 98304/150000 | Episodes: 192 | LastEpReward: 29.336 | RecentReward: 29.820 | ActorLoss: -4.734211 | CriticLoss: 0.016668 | Q: 4.7255 | TargetQ: 4.7243 | TDAbs: 0.1326 | ActorGrad: 0.0840 | CriticGrad: 0.4816 | Noise: 0.0720 | Replay: 50000 | FPS: 56.64 | ETA: 15.2 min
2026-09-16 07:00:15,648 | INFO | Steps: 98816/150000 | Episodes: 193 | LastEpReward: 21.714 | RecentReward: 28.917 | ActorLoss: -4.751341 | CriticLoss: 0.015178 | Q: 4.7407 | TargetQ: 4.7404 | TDAbs: 0.1302 | ActorGrad: 0.0985 | CriticGrad: 0.5796 | Noise: 0.0705 | Replay: 50000 | FPS: 56.70 | ETA: 15.0 min
2026-09-16 07:00:22,643 | INFO | Steps: 99328/150000 | Episodes: 194 | LastEpReward: 24.189 | RecentReward: 29.096 | ActorLoss: -4.718982 | CriticLoss: 0.016749 | Q: 4.7101 | TargetQ: 4.7093 | TDAbs: 0.1328 | ActorGrad: 0.0896 | CriticGrad: 0.5879 | Noise: 0.0691 | Replay: 50000 | FPS: 56.77 | ETA: 14.9 min
2026-09-16 07:00:29,748 | INFO | Steps: 99840/150000 | Episodes: 195 | LastEpReward: 31.781 | RecentReward: 28.611 | ActorLoss: -4.763932 | CriticLoss: 0.016919 | Q: 4.7538 | TargetQ: 4.7536 | TDAbs: 0.1352 | ActorGrad: 0.1042 | CriticGrad: 0.6322 | Noise: 0.0676 | Replay: 50000 | FPS: 56.83 | ETA: 14.7 min
2026-09-16 07:00:36,649 | INFO | Steps: 100352/150000 | Episodes: 196 | LastEpReward: 19.768 | RecentReward: 27.278 | ActorLoss: -4.746223 | CriticLoss: 0.016624 | Q: 4.7362 | TargetQ: 4.7351 | TDAbs: 0.1319 | ActorGrad: 0.0777 | CriticGrad: 0.5315 | Noise: 0.0661 | Replay: 50000 | FPS: 56.90 | ETA: 14.5 min
2026-09-16 07:00:43,677 | INFO | Steps: 100864/150000 | Episodes: 197 | LastEpReward: 34.736 | RecentReward: 28.014 | ActorLoss: -4.732982 | CriticLoss: 0.016145 | Q: 4.7246 | TargetQ: 4.7245 | TDAbs: 0.1314 | ActorGrad: 0.1065 | CriticGrad: 0.5418 | Noise: 0.0647 | Replay: 50000 | FPS: 56.96 | ETA: 14.4 min
2026-09-16 07:00:50,695 | INFO | Steps: 101376/150000 | Episodes: 198 | LastEpReward: 23.746 | RecentReward: 27.521 | ActorLoss: -4.743921 | CriticLoss: 0.015679 | Q: 4.7333 | TargetQ: 4.7332 | TDAbs: 0.1300 | ActorGrad: 0.0994 | CriticGrad: 0.4863 | Noise: 0.0632 | Replay: 50000 | FPS: 57.02 | ETA: 14.2 min
2026-09-16 07:00:57,710 | INFO | Steps: 101888/150000 | Episodes: 199 | LastEpReward: 31.472 | RecentReward: 27.645 | ActorLoss: -4.778915 | CriticLoss: 0.016523 | Q: 4.7700 | TargetQ: 4.7692 | TDAbs: 0.1336 | ActorGrad: 0.0647 | CriticGrad: 0.6074 | Noise: 0.0617 | Replay: 50000 | FPS: 57.09 | ETA: 14.0 min
2026-09-16 07:01:04,678 | INFO | 开始周期评估: Steps=102400 | Episodes=200 | EvalEpisodes=5
2026-09-16 07:01:25,607 | INFO | 周期评估完成: Steps=102400 | MeanReward=28.613 | StdReward=3.763
2026-09-16 07:01:25,614 | INFO | Steps: 102400/150000 | Episodes: 200 | LastEpReward: 31.886 | RecentReward: 27.909 | ActorLoss: -4.756396 | CriticLoss: 0.016163 | Q: 4.7467 | TargetQ: 4.7454 | TDAbs: 0.1326 | ActorGrad: 0.0806 | CriticGrad: 0.5467 | Noise: 0.0603 | Replay: 50000 | FPS: 56.49 | ETA: 14.0 min
2026-09-16 07:01:32,841 | INFO | Steps: 102912/150000 | Episodes: 201 | LastEpReward: 34.676 | RecentReward: 28.330 | ActorLoss: -4.771630 | CriticLoss: 0.016995 | Q: 4.7641 | TargetQ: 4.7632 | TDAbs: 0.1334 | ActorGrad: 0.0837 | CriticGrad: 0.5150 | Noise: 0.0588 | Replay: 50000 | FPS: 56.55 | ETA: 13.9 min
2026-09-16 07:01:39,773 | INFO | Steps: 103424/150000 | Episodes: 202 | LastEpReward: 25.777 | RecentReward: 27.974 | ActorLoss: -4.741620 | CriticLoss: 0.015680 | Q: 4.7335 | TargetQ: 4.7342 | TDAbs: 0.1314 | ActorGrad: 0.0420 | CriticGrad: 0.5484 | Noise: 0.0574 | Replay: 50000 | FPS: 56.61 | ETA: 13.7 min
2026-09-16 07:01:46,839 | INFO | Steps: 103936/150000 | Episodes: 203 | LastEpReward: 27.435 | RecentReward: 28.547 | ActorLoss: -4.736760 | CriticLoss: 0.015941 | Q: 4.7286 | TargetQ: 4.7271 | TDAbs: 0.1308 | ActorGrad: 0.0337 | CriticGrad: 0.4934 | Noise: 0.0559 | Replay: 50000 | FPS: 56.67 | ETA: 13.5 min
2026-09-16 07:01:53,852 | INFO | Steps: 104448/150000 | Episodes: 204 | LastEpReward: 27.758 | RecentReward: 28.903 | ActorLoss: -4.789141 | CriticLoss: 0.015566 | Q: 4.7807 | TargetQ: 4.7803 | TDAbs: 0.1304 | ActorGrad: 0.0468 | CriticGrad: 0.5340 | Noise: 0.0544 | Replay: 50000 | FPS: 56.74 | ETA: 13.4 min
2026-09-16 07:02:00,887 | INFO | Steps: 104960/150000 | Episodes: 205 | LastEpReward: 25.363 | RecentReward: 28.262 | ActorLoss: -4.753477 | CriticLoss: 0.015631 | Q: 4.7438 | TargetQ: 4.7443 | TDAbs: 0.1304 | ActorGrad: 0.0844 | CriticGrad: 0.5219 | Noise: 0.0530 | Replay: 50000 | FPS: 56.80 | ETA: 13.2 min
2026-09-16 07:02:07,881 | INFO | Steps: 105472/150000 | Episodes: 206 | LastEpReward: 22.751 | RecentReward: 28.560 | ActorLoss: -4.796921 | CriticLoss: 0.015830 | Q: 4.7893 | TargetQ: 4.7891 | TDAbs: 0.1292 | ActorGrad: 0.0738 | CriticGrad: 0.4997 | Noise: 0.0515 | Replay: 50000 | FPS: 56.86 | ETA: 13.1 min
2026-09-16 07:02:15,034 | INFO | Steps: 105984/150000 | Episodes: 207 | LastEpReward: 38.179 | RecentReward: 28.904 | ActorLoss: -4.797995 | CriticLoss: 0.015449 | Q: 4.7894 | TargetQ: 4.7895 | TDAbs: 0.1289 | ActorGrad: 0.0746 | CriticGrad: 0.5335 | Noise: 0.0500 | Replay: 50000 | FPS: 56.92 | ETA: 12.9 min
2026-09-16 07:02:22,076 | INFO | Steps: 106496/150000 | Episodes: 208 | LastEpReward: 27.564 | RecentReward: 29.286 | ActorLoss: -4.805895 | CriticLoss: 0.015163 | Q: 4.7986 | TargetQ: 4.7979 | TDAbs: 0.1292 | ActorGrad: 0.0660 | CriticGrad: 0.4909 | Noise: 0.0500 | Replay: 50000 | FPS: 56.98 | ETA: 12.7 min
2026-09-16 07:02:29,176 | INFO | Steps: 107008/150000 | Episodes: 209 | LastEpReward: 32.143 | RecentReward: 29.353 | ActorLoss: -4.794423 | CriticLoss: 0.016105 | Q: 4.7864 | TargetQ: 4.7857 | TDAbs: 0.1310 | ActorGrad: 0.0746 | CriticGrad: 0.4961 | Noise: 0.0500 | Replay: 50000 | FPS: 57.03 | ETA: 12.6 min
2026-09-16 07:02:36,461 | INFO | 开始周期评估: Steps=107520 | Episodes=210 | EvalEpisodes=5
2026-09-16 07:02:57,401 | INFO | 周期评估完成: Steps=107520 | MeanReward=28.085 | StdReward=4.587
2026-09-16 07:02:57,409 | INFO | Steps: 107520/150000 | Episodes: 210 | LastEpReward: 32.574 | RecentReward: 29.422 | ActorLoss: -4.803312 | CriticLoss: 0.016442 | Q: 4.7963 | TargetQ: 4.7961 | TDAbs: 0.1328 | ActorGrad: 0.0509 | CriticGrad: 0.5092 | Noise: 0.0500 | Replay: 50000 | FPS: 56.46 | ETA: 12.5 min
2026-09-16 07:03:04,434 | INFO | Steps: 108032/150000 | Episodes: 211 | LastEpReward: 29.026 | RecentReward: 28.857 | ActorLoss: -4.814161 | CriticLoss: 0.015467 | Q: 4.8055 | TargetQ: 4.8051 | TDAbs: 0.1292 | ActorGrad: 0.0923 | CriticGrad: 0.5968 | Noise: 0.0500 | Replay: 50000 | FPS: 56.52 | ETA: 12.4 min
2026-09-16 07:03:11,489 | INFO | Steps: 108544/150000 | Episodes: 212 | LastEpReward: 24.975 | RecentReward: 28.777 | ActorLoss: -4.853646 | CriticLoss: 0.015961 | Q: 4.8455 | TargetQ: 4.8451 | TDAbs: 0.1321 | ActorGrad: 0.1005 | CriticGrad: 0.5688 | Noise: 0.0500 | Replay: 50000 | FPS: 56.58 | ETA: 12.2 min
2026-09-16 07:03:18,535 | INFO | Steps: 109056/150000 | Episodes: 213 | LastEpReward: 21.873 | RecentReward: 28.221 | ActorLoss: -4.819379 | CriticLoss: 0.016498 | Q: 4.8125 | TargetQ: 4.8108 | TDAbs: 0.1315 | ActorGrad: 0.0588 | CriticGrad: 0.4868 | Noise: 0.0500 | Replay: 50000 | FPS: 56.63 | ETA: 12.0 min
2026-09-16 07:03:25,547 | INFO | Steps: 109568/150000 | Episodes: 214 | LastEpReward: 24.266 | RecentReward: 27.871 | ActorLoss: -4.817921 | CriticLoss: 0.016110 | Q: 4.8108 | TargetQ: 4.8101 | TDAbs: 0.1331 | ActorGrad: 0.0837 | CriticGrad: 0.6149 | Noise: 0.0500 | Replay: 50000 | FPS: 56.69 | ETA: 11.9 min
2026-09-16 07:03:32,893 | INFO | Steps: 110080/150000 | Episodes: 215 | LastEpReward: 22.631 | RecentReward: 27.598 | ActorLoss: -4.833306 | CriticLoss: 0.017211 | Q: 4.8268 | TargetQ: 4.8258 | TDAbs: 0.1355 | ActorGrad: 0.1015 | CriticGrad: 0.5403 | Noise: 0.0500 | Replay: 50000 | FPS: 56.74 | ETA: 11.7 min
2026-09-16 07:03:40,028 | INFO | Steps: 110592/150000 | Episodes: 216 | LastEpReward: 27.017 | RecentReward: 28.025 | ActorLoss: -4.819361 | CriticLoss: 0.015933 | Q: 4.8130 | TargetQ: 4.8123 | TDAbs: 0.1303 | ActorGrad: 0.0640 | CriticGrad: 0.4826 | Noise: 0.0500 | Replay: 50000 | FPS: 56.80 | ETA: 11.6 min
2026-09-16 07:03:47,401 | INFO | Steps: 111104/150000 | Episodes: 217 | LastEpReward: 29.798 | RecentReward: 27.187 | ActorLoss: -4.791063 | CriticLoss: 0.016686 | Q: 4.7838 | TargetQ: 4.7829 | TDAbs: 0.1312 | ActorGrad: 0.0604 | CriticGrad: 0.5160 | Noise: 0.0500 | Replay: 50000 | FPS: 56.85 | ETA: 11.4 min
2026-09-16 07:03:54,510 | INFO | Steps: 111616/150000 | Episodes: 218 | LastEpReward: 27.640 | RecentReward: 27.194 | ActorLoss: -4.845659 | CriticLoss: 0.015006 | Q: 4.8382 | TargetQ: 4.8378 | TDAbs: 0.1282 | ActorGrad: 0.0678 | CriticGrad: 0.5377 | Noise: 0.0500 | Replay: 50000 | FPS: 56.90 | ETA: 11.2 min
2026-09-16 07:04:01,700 | INFO | Steps: 112128/150000 | Episodes: 219 | LastEpReward: 33.417 | RecentReward: 27.322 | ActorLoss: -4.840743 | CriticLoss: 0.015352 | Q: 4.8335 | TargetQ: 4.8333 | TDAbs: 0.1287 | ActorGrad: 0.0919 | CriticGrad: 0.5120 | Noise: 0.0500 | Replay: 50000 | FPS: 56.95 | ETA: 11.1 min
2026-09-16 07:04:08,696 | INFO | 开始周期评估: Steps=112640 | Episodes=220 | EvalEpisodes=5
2026-09-16 07:04:29,717 | INFO | 周期评估完成: Steps=112640 | MeanReward=28.712 | StdReward=4.479
2026-09-16 07:04:29,724 | INFO | Steps: 112640/150000 | Episodes: 220 | LastEpReward: 28.190 | RecentReward: 26.883 | ActorLoss: -4.859194 | CriticLoss: 0.016200 | Q: 4.8528 | TargetQ: 4.8528 | TDAbs: 0.1328 | ActorGrad: 0.0773 | CriticGrad: 0.6234 | Noise: 0.0500 | Replay: 50000 | FPS: 56.41 | ETA: 11.0 min
2026-09-16 07:04:36,681 | INFO | Steps: 113152/150000 | Episodes: 221 | LastEpReward: 19.288 | RecentReward: 25.910 | ActorLoss: -4.805367 | CriticLoss: 0.015978 | Q: 4.7982 | TargetQ: 4.7974 | TDAbs: 0.1304 | ActorGrad: 0.0769 | CriticGrad: 0.5003 | Noise: 0.0500 | Replay: 50000 | FPS: 56.47 | ETA: 10.9 min
2026-09-16 07:04:43,704 | INFO | Steps: 113664/150000 | Episodes: 222 | LastEpReward: 24.950 | RecentReward: 25.907 | ActorLoss: -4.844427 | CriticLoss: 0.016254 | Q: 4.8352 | TargetQ: 4.8342 | TDAbs: 0.1303 | ActorGrad: 0.0776 | CriticGrad: 0.5104 | Noise: 0.0500 | Replay: 50000 | FPS: 56.53 | ETA: 10.7 min
2026-09-16 07:04:50,692 | INFO | Steps: 114176/150000 | Episodes: 223 | LastEpReward: 29.540 | RecentReward: 26.674 | ActorLoss: -4.852718 | CriticLoss: 0.016218 | Q: 4.8458 | TargetQ: 4.8453 | TDAbs: 0.1319 | ActorGrad: 0.0896 | CriticGrad: 0.4722 | Noise: 0.0500 | Replay: 50000 | FPS: 56.59 | ETA: 10.6 min
2026-09-16 07:04:57,672 | INFO | Steps: 114688/150000 | Episodes: 224 | LastEpReward: 22.436 | RecentReward: 26.491 | ActorLoss: -4.843367 | CriticLoss: 0.015253 | Q: 4.8355 | TargetQ: 4.8355 | TDAbs: 0.1268 | ActorGrad: 0.0771 | CriticGrad: 0.4648 | Noise: 0.0500 | Replay: 50000 | FPS: 56.64 | ETA: 10.4 min
2026-09-16 07:05:04,821 | INFO | Steps: 115200/150000 | Episodes: 225 | LastEpReward: 29.762 | RecentReward: 27.204 | ActorLoss: -4.835370 | CriticLoss: 0.015661 | Q: 4.8272 | TargetQ: 4.8277 | TDAbs: 0.1298 | ActorGrad: 0.1035 | CriticGrad: 0.5547 | Noise: 0.0500 | Replay: 50000 | FPS: 56.70 | ETA: 10.2 min
2026-09-16 07:05:11,797 | INFO | Steps: 115712/150000 | Episodes: 226 | LastEpReward: 23.621 | RecentReward: 26.864 | ActorLoss: -4.845310 | CriticLoss: 0.016716 | Q: 4.8368 | TargetQ: 4.8352 | TDAbs: 0.1330 | ActorGrad: 0.1039 | CriticGrad: 0.6375 | Noise: 0.0500 | Replay: 50000 | FPS: 56.75 | ETA: 10.1 min
2026-09-16 07:05:18,733 | INFO | Steps: 116224/150000 | Episodes: 227 | LastEpReward: 23.927 | RecentReward: 26.277 | ActorLoss: -4.867416 | CriticLoss: 0.014990 | Q: 4.8603 | TargetQ: 4.8601 | TDAbs: 0.1291 | ActorGrad: 0.0970 | CriticGrad: 0.5841 | Noise: 0.0500 | Replay: 50000 | FPS: 56.81 | ETA: 9.9 min
2026-09-16 07:05:25,718 | INFO | Steps: 116736/150000 | Episodes: 228 | LastEpReward: 27.885 | RecentReward: 26.302 | ActorLoss: -4.872172 | CriticLoss: 0.015896 | Q: 4.8635 | TargetQ: 4.8644 | TDAbs: 0.1319 | ActorGrad: 0.1311 | CriticGrad: 0.5247 | Noise: 0.0500 | Replay: 50000 | FPS: 56.87 | ETA: 9.7 min
2026-09-16 07:05:32,947 | INFO | Steps: 117248/150000 | Episodes: 229 | LastEpReward: 26.390 | RecentReward: 25.599 | ActorLoss: -4.863095 | CriticLoss: 0.021744 | Q: 4.8549 | TargetQ: 4.8531 | TDAbs: 0.1501 | ActorGrad: 0.1688 | CriticGrad: 0.5798 | Noise: 0.0500 | Replay: 50000 | FPS: 56.92 | ETA: 9.6 min
2026-09-16 07:05:40,228 | INFO | 开始周期评估: Steps=117760 | Episodes=230 | EvalEpisodes=5
2026-09-16 07:06:01,233 | INFO | 周期评估完成: Steps=117760 | MeanReward=22.053 | StdReward=3.733
2026-09-16 07:06:01,241 | INFO | Steps: 117760/150000 | Episodes: 230 | LastEpReward: 26.978 | RecentReward: 25.478 | ActorLoss: -4.913551 | CriticLoss: 0.019148 | Q: 4.9049 | TargetQ: 4.9041 | TDAbs: 0.1445 | ActorGrad: 0.1301 | CriticGrad: 0.5859 | Noise: 0.0500 | Replay: 50000 | FPS: 56.39 | ETA: 9.5 min
2026-09-16 07:06:08,239 | INFO | Steps: 118272/150000 | Episodes: 231 | LastEpReward: 19.198 | RecentReward: 25.469 | ActorLoss: -4.901563 | CriticLoss: 0.020540 | Q: 4.8922 | TargetQ: 4.8895 | TDAbs: 0.1487 | ActorGrad: 0.1577 | CriticGrad: 0.5885 | Noise: 0.0500 | Replay: 50000 | FPS: 56.45 | ETA: 9.4 min
2026-09-16 07:06:15,261 | INFO | Steps: 118784/150000 | Episodes: 232 | LastEpReward: 20.717 | RecentReward: 25.045 | ActorLoss: -4.923598 | CriticLoss: 0.021210 | Q: 4.9167 | TargetQ: 4.9156 | TDAbs: 0.1536 | ActorGrad: 0.1293 | CriticGrad: 0.6422 | Noise: 0.0500 | Replay: 50000 | FPS: 56.50 | ETA: 9.2 min
2026-09-16 07:06:22,222 | INFO | Steps: 119296/150000 | Episodes: 233 | LastEpReward: 12.956 | RecentReward: 23.387 | ActorLoss: -4.932767 | CriticLoss: 0.022467 | Q: 4.9263 | TargetQ: 4.9264 | TDAbs: 0.1557 | ActorGrad: 0.1449 | CriticGrad: 0.5923 | Noise: 0.0500 | Replay: 50000 | FPS: 56.56 | ETA: 9.0 min
2026-09-16 07:06:29,214 | INFO | Steps: 119808/150000 | Episodes: 234 | LastEpReward: 12.696 | RecentReward: 22.413 | ActorLoss: -4.894538 | CriticLoss: 0.022378 | Q: 4.8882 | TargetQ: 4.8884 | TDAbs: 0.1571 | ActorGrad: 0.1594 | CriticGrad: 0.5614 | Noise: 0.0500 | Replay: 50000 | FPS: 56.61 | ETA: 8.9 min
2026-09-16 07:06:36,152 | INFO | Steps: 120320/150000 | Episodes: 235 | LastEpReward: 10.427 | RecentReward: 20.479 | ActorLoss: -4.923392 | CriticLoss: 0.023060 | Q: 4.9162 | TargetQ: 4.9152 | TDAbs: 0.1584 | ActorGrad: 0.1538 | CriticGrad: 0.5604 | Noise: 0.0500 | Replay: 50000 | FPS: 56.67 | ETA: 8.7 min
2026-09-16 07:06:43,369 | INFO | Steps: 120832/150000 | Episodes: 236 | LastEpReward: 21.585 | RecentReward: 20.276 | ActorLoss: -4.924612 | CriticLoss: 0.021524 | Q: 4.9169 | TargetQ: 4.9163 | TDAbs: 0.1526 | ActorGrad: 0.1070 | CriticGrad: 0.5805 | Noise: 0.0500 | Replay: 50000 | FPS: 56.72 | ETA: 8.6 min
2026-09-16 07:06:50,385 | INFO | Steps: 121344/150000 | Episodes: 237 | LastEpReward: 26.531 | RecentReward: 20.536 | ActorLoss: -4.894484 | CriticLoss: 0.019376 | Q: 4.8876 | TargetQ: 4.8875 | TDAbs: 0.1451 | ActorGrad: 0.0935 | CriticGrad: 0.5973 | Noise: 0.0500 | Replay: 50000 | FPS: 56.77 | ETA: 8.4 min
2026-09-16 07:06:57,415 | INFO | Steps: 121856/150000 | Episodes: 238 | LastEpReward: 26.365 | RecentReward: 20.384 | ActorLoss: -4.948344 | CriticLoss: 0.018238 | Q: 4.9417 | TargetQ: 4.9413 | TDAbs: 0.1409 | ActorGrad: 0.0993 | CriticGrad: 0.5427 | Noise: 0.0500 | Replay: 50000 | FPS: 56.82 | ETA: 8.3 min
2026-09-16 07:07:04,506 | INFO | Steps: 122368/150000 | Episodes: 239 | LastEpReward: 23.346 | RecentReward: 20.080 | ActorLoss: -4.937681 | CriticLoss: 0.017809 | Q: 4.9290 | TargetQ: 4.9286 | TDAbs: 0.1389 | ActorGrad: 0.1087 | CriticGrad: 0.5748 | Noise: 0.0500 | Replay: 50000 | FPS: 56.87 | ETA: 8.1 min
2026-09-16 07:07:11,520 | INFO | 开始周期评估: Steps=122880 | Episodes=240 | EvalEpisodes=5
2026-09-16 07:07:32,521 | INFO | 周期评估完成: Steps=122880 | MeanReward=17.037 | StdReward=2.647
2026-09-16 07:07:32,528 | INFO | Steps: 122880/150000 | Episodes: 240 | LastEpReward: 20.573 | RecentReward: 19.440 | ActorLoss: -4.949184 | CriticLoss: 0.019090 | Q: 4.9363 | TargetQ: 4.9347 | TDAbs: 0.1419 | ActorGrad: 0.1354 | CriticGrad: 0.5105 | Noise: 0.0500 | Replay: 50000 | FPS: 56.38 | ETA: 8.0 min
2026-09-16 07:07:39,455 | INFO | Steps: 123392/150000 | Episodes: 241 | LastEpReward: 6.909 | RecentReward: 18.211 | ActorLoss: -4.965173 | CriticLoss: 0.022496 | Q: 4.9509 | TargetQ: 4.9514 | TDAbs: 0.1597 | ActorGrad: 0.1306 | CriticGrad: 0.6044 | Noise: 0.0500 | Replay: 50000 | FPS: 56.43 | ETA: 7.9 min
2026-09-16 07:07:46,458 | INFO | Steps: 123904/150000 | Episodes: 242 | LastEpReward: 0.104 | RecentReward: 16.149 | ActorLoss: -4.951057 | CriticLoss: 0.029090 | Q: 4.9328 | TargetQ: 4.9310 | TDAbs: 0.1815 | ActorGrad: 0.1101 | CriticGrad: 0.6682 | Noise: 0.0500 | Replay: 50000 | FPS: 56.49 | ETA: 7.7 min
2026-09-16 07:07:53,439 | INFO | Steps: 124416/150000 | Episodes: 243 | LastEpReward: -12.354 | RecentReward: 13.618 | ActorLoss: -4.994210 | CriticLoss: 0.032512 | Q: 4.9789 | TargetQ: 4.9782 | TDAbs: 0.1895 | ActorGrad: 0.1259 | CriticGrad: 0.7333 | Noise: 0.0500 | Replay: 50000 | FPS: 56.54 | ETA: 7.5 min
2026-09-16 07:08:00,577 | INFO | Steps: 124928/150000 | Episodes: 244 | LastEpReward: -5.320 | RecentReward: 11.817 | ActorLoss: -4.945462 | CriticLoss: 0.035837 | Q: 4.9580 | TargetQ: 4.9562 | TDAbs: 0.1958 | ActorGrad: 0.1296 | CriticGrad: 0.6791 | Noise: 0.0500 | Replay: 50000 | FPS: 56.59 | ETA: 7.4 min
2026-09-16 07:08:07,636 | INFO | Steps: 125440/150000 | Episodes: 245 | LastEpReward: 2.080 | RecentReward: 10.982 | ActorLoss: -4.902919 | CriticLoss: 0.033323 | Q: 4.9121 | TargetQ: 4.9104 | TDAbs: 0.1895 | ActorGrad: 0.1374 | CriticGrad: 0.6820 | Noise: 0.0500 | Replay: 50000 | FPS: 56.64 | ETA: 7.2 min
2026-09-16 07:08:14,635 | INFO | Steps: 125952/150000 | Episodes: 246 | LastEpReward: 23.366 | RecentReward: 11.160 | ActorLoss: -4.913055 | CriticLoss: 0.024327 | Q: 4.9051 | TargetQ: 4.9045 | TDAbs: 0.1615 | ActorGrad: 0.0405 | CriticGrad: 0.6050 | Noise: 0.0500 | Replay: 50000 | FPS: 56.69 | ETA: 7.1 min
2026-09-16 07:08:21,866 | INFO | Steps: 126464/150000 | Episodes: 247 | LastEpReward: 27.886 | RecentReward: 11.296 | ActorLoss: -4.923103 | CriticLoss: 0.021557 | Q: 4.9127 | TargetQ: 4.9122 | TDAbs: 0.1515 | ActorGrad: 0.0258 | CriticGrad: 0.5444 | Noise: 0.0500 | Replay: 50000 | FPS: 56.74 | ETA: 6.9 min
2026-09-16 07:08:28,789 | INFO | Steps: 126976/150000 | Episodes: 248 | LastEpReward: 22.464 | RecentReward: 10.905 | ActorLoss: -4.893649 | CriticLoss: 0.019966 | Q: 4.8830 | TargetQ: 4.8835 | TDAbs: 0.1466 | ActorGrad: 0.0270 | CriticGrad: 0.5067 | Noise: 0.0500 | Replay: 50000 | FPS: 56.79 | ETA: 6.8 min
2026-09-16 07:08:35,905 | INFO | Steps: 127488/150000 | Episodes: 249 | LastEpReward: 27.544 | RecentReward: 11.325 | ActorLoss: -4.909742 | CriticLoss: 0.018496 | Q: 4.9006 | TargetQ: 4.9000 | TDAbs: 0.1407 | ActorGrad: 0.0326 | CriticGrad: 0.4882 | Noise: 0.0500 | Replay: 50000 | FPS: 56.84 | ETA: 6.6 min
2026-09-16 07:08:42,988 | INFO | 开始周期评估: Steps=128000 | Episodes=250 | EvalEpisodes=5
2026-09-16 07:09:04,104 | INFO | 周期评估完成: Steps=128000 | MeanReward=23.509 | StdReward=4.880
2026-09-16 07:09:04,111 | INFO | Steps: 128000/150000 | Episodes: 250 | LastEpReward: 28.749 | RecentReward: 12.143 | ActorLoss: -4.930350 | CriticLoss: 0.017345 | Q: 4.9203 | TargetQ: 4.9201 | TDAbs: 0.1365 | ActorGrad: 0.0279 | CriticGrad: 0.5281 | Noise: 0.0500 | Replay: 50000 | FPS: 56.36 | ETA: 6.5 min
2026-09-16 07:09:11,174 | INFO | Steps: 128512/150000 | Episodes: 251 | LastEpReward: 25.004 | RecentReward: 13.952 | ActorLoss: -4.922539 | CriticLoss: 0.016176 | Q: 4.9125 | TargetQ: 4.9122 | TDAbs: 0.1324 | ActorGrad: 0.0196 | CriticGrad: 0.4877 | Noise: 0.0500 | Replay: 50000 | FPS: 56.41 | ETA: 6.3 min
2026-09-16 07:09:18,335 | INFO | Steps: 129024/150000 | Episodes: 252 | LastEpReward: 14.756 | RecentReward: 15.418 | ActorLoss: -4.913015 | CriticLoss: 0.018227 | Q: 4.9033 | TargetQ: 4.9021 | TDAbs: 0.1368 | ActorGrad: 0.0199 | CriticGrad: 0.4743 | Noise: 0.0500 | Replay: 50000 | FPS: 56.46 | ETA: 6.2 min
2026-09-16 07:09:25,499 | INFO | Steps: 129536/150000 | Episodes: 253 | LastEpReward: 22.636 | RecentReward: 18.917 | ActorLoss: -4.909640 | CriticLoss: 0.016524 | Q: 4.9001 | TargetQ: 4.9004 | TDAbs: 0.1324 | ActorGrad: 0.0282 | CriticGrad: 0.4530 | Noise: 0.0500 | Replay: 50000 | FPS: 56.50 | ETA: 6.0 min
2026-09-16 07:09:32,532 | INFO | Steps: 130048/150000 | Episodes: 254 | LastEpReward: 21.732 | RecentReward: 21.622 | ActorLoss: -4.888931 | CriticLoss: 0.016525 | Q: 4.8802 | TargetQ: 4.8788 | TDAbs: 0.1320 | ActorGrad: 0.0239 | CriticGrad: 0.4430 | Noise: 0.0500 | Replay: 50000 | FPS: 56.55 | ETA: 5.9 min
2026-09-16 07:09:39,616 | INFO | Steps: 130560/150000 | Episodes: 255 | LastEpReward: 23.471 | RecentReward: 23.761 | ActorLoss: -4.886286 | CriticLoss: 0.015679 | Q: 4.8774 | TargetQ: 4.8771 | TDAbs: 0.1317 | ActorGrad: 0.0254 | CriticGrad: 0.5071 | Noise: 0.0500 | Replay: 50000 | FPS: 56.60 | ETA: 5.7 min
2026-09-16 07:09:46,641 | INFO | Steps: 131072/150000 | Episodes: 256 | LastEpReward: 20.320 | RecentReward: 23.456 | ActorLoss: -4.877395 | CriticLoss: 0.016062 | Q: 4.8681 | TargetQ: 4.8670 | TDAbs: 0.1312 | ActorGrad: 0.0306 | CriticGrad: 0.5159 | Noise: 0.0500 | Replay: 50000 | FPS: 56.65 | ETA: 5.6 min
2026-09-16 07:09:53,790 | INFO | Steps: 131584/150000 | Episodes: 257 | LastEpReward: 23.183 | RecentReward: 22.986 | ActorLoss: -4.866700 | CriticLoss: 0.014466 | Q: 4.8569 | TargetQ: 4.8566 | TDAbs: 0.1268 | ActorGrad: 0.0259 | CriticGrad: 0.4205 | Noise: 0.0500 | Replay: 50000 | FPS: 56.70 | ETA: 5.4 min
2026-09-16 07:10:00,786 | INFO | Steps: 132096/150000 | Episodes: 258 | LastEpReward: 15.849 | RecentReward: 22.325 | ActorLoss: -4.860891 | CriticLoss: 0.014105 | Q: 4.8513 | TargetQ: 4.8509 | TDAbs: 0.1254 | ActorGrad: 0.0260 | CriticGrad: 0.4652 | Noise: 0.0500 | Replay: 50000 | FPS: 56.75 | ETA: 5.3 min
2026-09-16 07:10:07,753 | INFO | Steps: 132608/150000 | Episodes: 259 | LastEpReward: 19.925 | RecentReward: 21.563 | ActorLoss: -4.885965 | CriticLoss: 0.014076 | Q: 4.8754 | TargetQ: 4.8741 | TDAbs: 0.1245 | ActorGrad: 0.0273 | CriticGrad: 0.4740 | Noise: 0.0500 | Replay: 50000 | FPS: 56.80 | ETA: 5.1 min
2026-09-16 07:10:14,786 | INFO | 开始周期评估: Steps=133120 | Episodes=260 | EvalEpisodes=5
2026-09-16 07:10:35,703 | INFO | 周期评估完成: Steps=133120 | MeanReward=20.944 | StdReward=6.250
2026-09-16 07:10:35,711 | INFO | Steps: 133120/150000 | Episodes: 260 | LastEpReward: 22.768 | RecentReward: 20.965 | ActorLoss: -4.865313 | CriticLoss: 0.014486 | Q: 4.8556 | TargetQ: 4.8552 | TDAbs: 0.1256 | ActorGrad: 0.0398 | CriticGrad: 0.4596 | Noise: 0.0500 | Replay: 50000 | FPS: 56.34 | ETA: 5.0 min
2026-09-16 07:10:42,696 | INFO | Steps: 133632/150000 | Episodes: 261 | LastEpReward: 21.902 | RecentReward: 20.654 | ActorLoss: -4.877634 | CriticLoss: 0.014718 | Q: 4.8668 | TargetQ: 4.8661 | TDAbs: 0.1243 | ActorGrad: 0.0380 | CriticGrad: 0.4196 | Noise: 0.0500 | Replay: 50000 | FPS: 56.39 | ETA: 4.8 min
2026-09-16 07:10:49,746 | INFO | Steps: 134144/150000 | Episodes: 262 | LastEpReward: 23.090 | RecentReward: 21.488 | ActorLoss: -4.874317 | CriticLoss: 0.014364 | Q: 4.8639 | TargetQ: 4.8648 | TDAbs: 0.1261 | ActorGrad: 0.0346 | CriticGrad: 0.5407 | Noise: 0.0500 | Replay: 50000 | FPS: 56.44 | ETA: 4.7 min
2026-09-16 07:10:57,108 | INFO | Steps: 134656/150000 | Episodes: 263 | LastEpReward: 33.489 | RecentReward: 22.573 | ActorLoss: -4.850881 | CriticLoss: 0.015100 | Q: 4.8400 | TargetQ: 4.8389 | TDAbs: 0.1273 | ActorGrad: 0.0325 | CriticGrad: 0.5208 | Noise: 0.0500 | Replay: 50000 | FPS: 56.48 | ETA: 4.5 min
2026-09-16 07:11:04,191 | INFO | Steps: 135168/150000 | Episodes: 264 | LastEpReward: 18.789 | RecentReward: 22.279 | ActorLoss: -4.856031 | CriticLoss: 0.015754 | Q: 4.8450 | TargetQ: 4.8436 | TDAbs: 0.1255 | ActorGrad: 0.0330 | CriticGrad: 0.4433 | Noise: 0.0500 | Replay: 50000 | FPS: 56.53 | ETA: 4.4 min
2026-09-16 07:11:11,242 | INFO | Steps: 135680/150000 | Episodes: 265 | LastEpReward: 22.336 | RecentReward: 22.165 | ActorLoss: -4.845887 | CriticLoss: 0.014736 | Q: 4.8346 | TargetQ: 4.8337 | TDAbs: 0.1231 | ActorGrad: 0.0339 | CriticGrad: 0.4393 | Noise: 0.0500 | Replay: 50000 | FPS: 56.57 | ETA: 4.2 min
2026-09-16 07:11:18,281 | INFO | Steps: 136192/150000 | Episodes: 266 | LastEpReward: 29.120 | RecentReward: 23.045 | ActorLoss: -4.843731 | CriticLoss: 0.013804 | Q: 4.8337 | TargetQ: 4.8329 | TDAbs: 0.1235 | ActorGrad: 0.0436 | CriticGrad: 0.4424 | Noise: 0.0500 | Replay: 50000 | FPS: 56.62 | ETA: 4.1 min
2026-09-16 07:11:25,175 | INFO | Steps: 136704/150000 | Episodes: 267 | LastEpReward: 15.236 | RecentReward: 22.250 | ActorLoss: -4.835762 | CriticLoss: 0.013983 | Q: 4.8256 | TargetQ: 4.8244 | TDAbs: 0.1247 | ActorGrad: 0.0433 | CriticGrad: 0.5118 | Noise: 0.0500 | Replay: 50000 | FPS: 56.67 | ETA: 3.9 min
2026-09-16 07:11:32,328 | INFO | Steps: 137216/150000 | Episodes: 268 | LastEpReward: 37.745 | RecentReward: 24.440 | ActorLoss: -4.847392 | CriticLoss: 0.014214 | Q: 4.8375 | TargetQ: 4.8373 | TDAbs: 0.1231 | ActorGrad: 0.0424 | CriticGrad: 0.4650 | Noise: 0.0500 | Replay: 50000 | FPS: 56.72 | ETA: 3.8 min
2026-09-16 07:11:39,337 | INFO | Steps: 137728/150000 | Episodes: 269 | LastEpReward: 30.516 | RecentReward: 25.499 | ActorLoss: -4.855922 | CriticLoss: 0.013998 | Q: 4.8461 | TargetQ: 4.8456 | TDAbs: 0.1216 | ActorGrad: 0.0456 | CriticGrad: 0.4649 | Noise: 0.0500 | Replay: 50000 | FPS: 56.76 | ETA: 3.6 min
2026-09-16 07:11:46,356 | INFO | 开始周期评估: Steps=138240 | Episodes=270 | EvalEpisodes=5
2026-09-16 07:12:07,274 | INFO | 周期评估完成: Steps=138240 | MeanReward=27.240 | StdReward=6.586
2026-09-16 07:12:07,281 | INFO | Steps: 138240/150000 | Episodes: 270 | LastEpReward: 24.464 | RecentReward: 25.669 | ActorLoss: -4.822462 | CriticLoss: 0.013156 | Q: 4.8109 | TargetQ: 4.8107 | TDAbs: 0.1217 | ActorGrad: 0.0467 | CriticGrad: 0.4413 | Noise: 0.0500 | Replay: 50000 | FPS: 56.32 | ETA: 3.5 min
2026-09-16 07:12:14,513 | INFO | Steps: 138752/150000 | Episodes: 271 | LastEpReward: 38.533 | RecentReward: 27.332 | ActorLoss: -4.812450 | CriticLoss: 0.014018 | Q: 4.8019 | TargetQ: 4.8009 | TDAbs: 0.1222 | ActorGrad: 0.0500 | CriticGrad: 0.4262 | Noise: 0.0500 | Replay: 50000 | FPS: 56.37 | ETA: 3.3 min
2026-09-16 07:12:21,525 | INFO | Steps: 139264/150000 | Episodes: 272 | LastEpReward: 23.086 | RecentReward: 27.331 | ActorLoss: -4.830090 | CriticLoss: 0.013906 | Q: 4.8186 | TargetQ: 4.8183 | TDAbs: 0.1249 | ActorGrad: 0.0351 | CriticGrad: 0.5135 | Noise: 0.0500 | Replay: 50000 | FPS: 56.41 | ETA: 3.2 min
2026-09-16 07:12:28,465 | INFO | Steps: 139776/150000 | Episodes: 273 | LastEpReward: 23.301 | RecentReward: 26.313 | ActorLoss: -4.831108 | CriticLoss: 0.014339 | Q: 4.8192 | TargetQ: 4.8184 | TDAbs: 0.1242 | ActorGrad: 0.0378 | CriticGrad: 0.4491 | Noise: 0.0500 | Replay: 50000 | FPS: 56.46 | ETA: 3.0 min
2026-09-16 07:12:35,452 | INFO | Steps: 140288/150000 | Episodes: 274 | LastEpReward: 29.525 | RecentReward: 27.386 | ActorLoss: -4.820167 | CriticLoss: 0.014249 | Q: 4.8092 | TargetQ: 4.8075 | TDAbs: 0.1226 | ActorGrad: 0.0428 | CriticGrad: 0.4169 | Noise: 0.0500 | Replay: 50000 | FPS: 56.51 | ETA: 2.9 min
2026-09-16 07:12:42,448 | INFO | Steps: 140800/150000 | Episodes: 275 | LastEpReward: 28.653 | RecentReward: 28.018 | ActorLoss: -4.817657 | CriticLoss: 0.013508 | Q: 4.8068 | TargetQ: 4.8067 | TDAbs: 0.1216 | ActorGrad: 0.0375 | CriticGrad: 0.4872 | Noise: 0.0500 | Replay: 50000 | FPS: 56.56 | ETA: 2.7 min
2026-09-16 07:12:49,561 | INFO | Steps: 141312/150000 | Episodes: 276 | LastEpReward: 31.088 | RecentReward: 28.215 | ActorLoss: -4.796773 | CriticLoss: 0.013765 | Q: 4.7856 | TargetQ: 4.7863 | TDAbs: 0.1233 | ActorGrad: 0.0438 | CriticGrad: 0.4965 | Noise: 0.0500 | Replay: 50000 | FPS: 56.60 | ETA: 2.6 min
2026-09-16 07:12:56,794 | INFO | Steps: 141824/150000 | Episodes: 277 | LastEpReward: 35.698 | RecentReward: 30.261 | ActorLoss: -4.807761 | CriticLoss: 0.013507 | Q: 4.7956 | TargetQ: 4.7962 | TDAbs: 0.1225 | ActorGrad: 0.0501 | CriticGrad: 0.5423 | Noise: 0.0500 | Replay: 50000 | FPS: 56.64 | ETA: 2.4 min
2026-09-16 07:13:03,997 | INFO | Steps: 142336/150000 | Episodes: 278 | LastEpReward: 32.142 | RecentReward: 29.701 | ActorLoss: -4.839022 | CriticLoss: 0.013353 | Q: 4.8254 | TargetQ: 4.8261 | TDAbs: 0.1215 | ActorGrad: 0.0519 | CriticGrad: 0.5361 | Noise: 0.0500 | Replay: 50000 | FPS: 56.68 | ETA: 2.3 min
2026-09-16 07:13:11,187 | INFO | Steps: 142848/150000 | Episodes: 279 | LastEpReward: 30.412 | RecentReward: 29.690 | ActorLoss: -4.820183 | CriticLoss: 0.013324 | Q: 4.8093 | TargetQ: 4.8087 | TDAbs: 0.1205 | ActorGrad: 0.0542 | CriticGrad: 0.4422 | Noise: 0.0500 | Replay: 50000 | FPS: 56.73 | ETA: 2.1 min
2026-09-16 07:13:18,070 | INFO | 开始周期评估: Steps=143360 | Episodes=280 | EvalEpisodes=5
2026-09-16 07:13:39,098 | INFO | 周期评估完成: Steps=143360 | MeanReward=29.305 | StdReward=5.085
2026-09-16 07:13:39,106 | INFO | Steps: 143360/150000 | Episodes: 280 | LastEpReward: 22.192 | RecentReward: 29.463 | ActorLoss: -4.835787 | CriticLoss: 0.013485 | Q: 4.8241 | TargetQ: 4.8233 | TDAbs: 0.1202 | ActorGrad: 0.0482 | CriticGrad: 0.4121 | Noise: 0.0500 | Replay: 50000 | FPS: 56.30 | ETA: 2.0 min
2026-09-16 07:13:46,252 | INFO | Steps: 143872/150000 | Episodes: 281 | LastEpReward: 33.529 | RecentReward: 28.963 | ActorLoss: -4.849725 | CriticLoss: 0.014235 | Q: 4.8383 | TargetQ: 4.8369 | TDAbs: 0.1219 | ActorGrad: 0.0430 | CriticGrad: 0.4273 | Noise: 0.0500 | Replay: 50000 | FPS: 56.35 | ETA: 1.8 min
2026-09-16 07:13:53,284 | INFO | Steps: 144384/150000 | Episodes: 282 | LastEpReward: 22.144 | RecentReward: 28.868 | ActorLoss: -4.838748 | CriticLoss: 0.013553 | Q: 4.8258 | TargetQ: 4.8254 | TDAbs: 0.1213 | ActorGrad: 0.0346 | CriticGrad: 0.4490 | Noise: 0.0500 | Replay: 50000 | FPS: 56.39 | ETA: 1.7 min
2026-09-16 07:14:00,340 | INFO | Steps: 144896/150000 | Episodes: 283 | LastEpReward: 21.378 | RecentReward: 28.676 | ActorLoss: -4.829888 | CriticLoss: 0.013700 | Q: 4.8167 | TargetQ: 4.8169 | TDAbs: 0.1220 | ActorGrad: 0.0471 | CriticGrad: 0.4962 | Noise: 0.0500 | Replay: 50000 | FPS: 56.44 | ETA: 1.5 min
2026-09-16 07:14:07,379 | INFO | Steps: 145408/150000 | Episodes: 284 | LastEpReward: 33.821 | RecentReward: 29.106 | ActorLoss: -4.830524 | CriticLoss: 0.012929 | Q: 4.8179 | TargetQ: 4.8180 | TDAbs: 0.1193 | ActorGrad: 0.0329 | CriticGrad: 0.4628 | Noise: 0.0500 | Replay: 50000 | FPS: 56.48 | ETA: 1.4 min
2026-09-16 07:14:14,282 | INFO | Steps: 145920/150000 | Episodes: 285 | LastEpReward: 11.813 | RecentReward: 27.422 | ActorLoss: -4.839545 | CriticLoss: 0.014050 | Q: 4.8259 | TargetQ: 4.8251 | TDAbs: 0.1230 | ActorGrad: 0.0427 | CriticGrad: 0.4760 | Noise: 0.0500 | Replay: 50000 | FPS: 56.53 | ETA: 1.2 min
2026-09-16 07:14:21,430 | INFO | Steps: 146432/150000 | Episodes: 286 | LastEpReward: 31.245 | RecentReward: 27.437 | ActorLoss: -4.857738 | CriticLoss: 0.013904 | Q: 4.8448 | TargetQ: 4.8449 | TDAbs: 0.1227 | ActorGrad: 0.0525 | CriticGrad: 0.4933 | Noise: 0.0500 | Replay: 50000 | FPS: 56.57 | ETA: 1.1 min
2026-09-16 07:14:28,493 | INFO | Steps: 146944/150000 | Episodes: 287 | LastEpReward: 28.312 | RecentReward: 26.699 | ActorLoss: -4.856327 | CriticLoss: 0.014341 | Q: 4.8421 | TargetQ: 4.8414 | TDAbs: 0.1233 | ActorGrad: 0.0605 | CriticGrad: 0.4373 | Noise: 0.0500 | Replay: 50000 | FPS: 56.61 | ETA: 0.9 min
2026-09-16 07:14:35,499 | INFO | Steps: 147456/150000 | Episodes: 288 | LastEpReward: 28.030 | RecentReward: 26.288 | ActorLoss: -4.858414 | CriticLoss: 0.013131 | Q: 4.8454 | TargetQ: 4.8451 | TDAbs: 0.1212 | ActorGrad: 0.0819 | CriticGrad: 0.4745 | Noise: 0.0500 | Replay: 50000 | FPS: 56.66 | ETA: 0.7 min
2026-09-16 07:14:42,713 | INFO | Steps: 147968/150000 | Episodes: 289 | LastEpReward: 28.097 | RecentReward: 26.056 | ActorLoss: -4.881917 | CriticLoss: 0.014829 | Q: 4.8680 | TargetQ: 4.8683 | TDAbs: 0.1264 | ActorGrad: 0.0773 | CriticGrad: 0.4762 | Noise: 0.0500 | Replay: 50000 | FPS: 56.70 | ETA: 0.6 min
2026-09-16 07:14:49,740 | INFO | 开始周期评估: Steps=148480 | Episodes=290 | EvalEpisodes=5
2026-09-16 07:15:10,727 | INFO | 周期评估完成: Steps=148480 | MeanReward=29.440 | StdReward=5.512
2026-09-16 07:15:10,735 | INFO | Steps: 148480/150000 | Episodes: 290 | LastEpReward: 32.002 | RecentReward: 27.037 | ActorLoss: -4.847662 | CriticLoss: 0.013795 | Q: 4.8345 | TargetQ: 4.8346 | TDAbs: 0.1236 | ActorGrad: 0.0715 | CriticGrad: 0.5096 | Noise: 0.0500 | Replay: 50000 | FPS: 56.29 | ETA: 0.5 min
2026-09-16 07:15:17,792 | INFO | Steps: 148992/150000 | Episodes: 291 | LastEpReward: 32.025 | RecentReward: 26.887 | ActorLoss: -4.880505 | CriticLoss: 0.013721 | Q: 4.8667 | TargetQ: 4.8654 | TDAbs: 0.1226 | ActorGrad: 0.1031 | CriticGrad: 0.4335 | Noise: 0.0500 | Replay: 50000 | FPS: 56.33 | ETA: 0.3 min
2026-09-16 07:15:24,820 | INFO | Steps: 149504/150000 | Episodes: 292 | LastEpReward: 25.369 | RecentReward: 27.209 | ActorLoss: -4.883825 | CriticLoss: 0.014160 | Q: 4.8703 | TargetQ: 4.8700 | TDAbs: 0.1246 | ActorGrad: 0.0846 | CriticGrad: 0.4564 | Noise: 0.0500 | Replay: 50000 | FPS: 56.38 | ETA: 0.1 min
2026-09-16 07:15:31,720 | INFO | Steps: 150000/150000 | Episodes: 292 | LastEpReward: 25.369 | RecentReward: 27.209 | ActorLoss: -4.859167 | CriticLoss: 0.014504 | Q: 4.8459 | TargetQ: 4.8451 | TDAbs: 0.1243 | ActorGrad: 0.0716 | CriticGrad: 0.4735 | Noise: 0.0500 | Replay: 50000 | FPS: 56.42 | ETA: 0.0 min
2026-09-16 07:16:13,842 | INFO | MADDPG 训练与评估完成，最佳权重: /home/pjpjq/LEO_switch/results/multiseed_0907/seed45/u30/learned_baselines/maddpg/maddpg_model.pt
