2026-08-10 21:16:33,503 | INFO | ============================================================
2026-08-10 21:16:33,503 | INFO | 开始训练纯 MADDPG 基线
2026-08-10 21:16:33,503 | INFO | 用户数: 40 | 观测维度: 76 | handover维度: 11 | 总步数: 150000 | warmup: 1000 | batch: 128 | 日志间隔: 512 steps | device: cuda | actor_lr: 1.0e-04 | critic_lr: 3.0e-04 | tau: 0.005 | reward_scale: 1.00
2026-08-10 21:16:33,503 | INFO | ============================================================
2026-08-10 21:16:44,810 | INFO | Steps: 512/150000 | Episodes: 1 | LastEpReward: -6.464 | RecentReward: -6.464 | ActorLoss: 0.000000 | CriticLoss: 0.000000 | Q: 0.0000 | TargetQ: 0.0000 | TDAbs: 0.0000 | ActorGrad: 0.0000 | CriticGrad: 0.0000 | Noise: 0.3500 | Replay: 512 | FPS: 45.28 | ETA: 55.0 min
2026-08-10 21:16:57,476 | INFO | Steps: 1024/150000 | Episodes: 2 | LastEpReward: -17.834 | RecentReward: -12.149 | ActorLoss: 0.143728 | CriticLoss: 0.003620 | Q: -0.1429 | TargetQ: -0.1375 | TDAbs: 0.0644 | ActorGrad: 0.0010 | CriticGrad: 0.0815 | Noise: 0.3499 | Replay: 1024 | FPS: 42.71 | ETA: 58.1 min
2026-08-10 21:17:16,699 | INFO | Steps: 1536/150000 | Episodes: 3 | LastEpReward: -100.684 | RecentReward: -41.661 | ActorLoss: 0.213544 | CriticLoss: 0.000685 | Q: -0.2376 | TargetQ: -0.2376 | TDAbs: 0.0279 | ActorGrad: 0.0004 | CriticGrad: 0.0609 | Noise: 0.3485 | Replay: 1536 | FPS: 35.56 | ETA: 69.6 min
2026-08-10 21:17:36,129 | INFO | Steps: 2048/150000 | Episodes: 4 | LastEpReward: -102.938 | RecentReward: -56.980 | ActorLoss: 0.441839 | CriticLoss: 0.000949 | Q: -0.4614 | TargetQ: -0.4616 | TDAbs: 0.0325 | ActorGrad: 0.0004 | CriticGrad: 0.0984 | Noise: 0.3470 | Replay: 2048 | FPS: 32.70 | ETA: 75.4 min
2026-08-10 21:17:56,955 | INFO | Steps: 2560/150000 | Episodes: 5 | LastEpReward: -114.872 | RecentReward: -68.559 | ActorLoss: 0.782627 | CriticLoss: 0.001507 | Q: -0.7943 | TargetQ: -0.7947 | TDAbs: 0.0417 | ActorGrad: 0.0008 | CriticGrad: 0.2051 | Noise: 0.3455 | Replay: 2560 | FPS: 30.68 | ETA: 80.1 min
2026-08-10 21:18:15,603 | INFO | Steps: 3072/150000 | Episodes: 6 | LastEpReward: 4.027 | RecentReward: -56.461 | ActorLoss: 0.851277 | CriticLoss: 0.001650 | Q: -0.9182 | TargetQ: -0.9184 | TDAbs: 0.0427 | ActorGrad: 0.0096 | CriticGrad: 0.1912 | Noise: 0.3441 | Replay: 3072 | FPS: 30.09 | ETA: 81.4 min
2026-08-10 21:18:34,956 | INFO | Steps: 3584/150000 | Episodes: 7 | LastEpReward: 6.303 | RecentReward: -47.495 | ActorLoss: 0.764732 | CriticLoss: 0.001274 | Q: -0.8323 | TargetQ: -0.8321 | TDAbs: 0.0373 | ActorGrad: 0.0061 | CriticGrad: 0.1246 | Noise: 0.3426 | Replay: 3584 | FPS: 29.51 | ETA: 82.7 min
2026-08-10 21:18:53,766 | INFO | Steps: 4096/150000 | Episodes: 8 | LastEpReward: 17.058 | RecentReward: -39.426 | ActorLoss: 0.697572 | CriticLoss: 0.001236 | Q: -0.7691 | TargetQ: -0.7689 | TDAbs: 0.0371 | ActorGrad: 0.0054 | CriticGrad: 0.1292 | Noise: 0.3412 | Replay: 4096 | FPS: 29.20 | ETA: 83.3 min
2026-08-10 21:19:13,461 | INFO | Steps: 4608/150000 | Episodes: 9 | LastEpReward: 5.401 | RecentReward: -34.445 | ActorLoss: 0.555391 | CriticLoss: 0.001314 | Q: -0.6267 | TargetQ: -0.6264 | TDAbs: 0.0388 | ActorGrad: 0.0054 | CriticGrad: 0.1368 | Noise: 0.3397 | Replay: 4608 | FPS: 28.81 | ETA: 84.1 min
2026-08-10 21:19:32,260 | INFO | 开始周期评估: Steps=5120 | Episodes=10 | EvalEpisodes=5
2026-08-10 21:20:39,766 | INFO | 周期评估完成: Steps=5120 | MeanReward=16.955 | StdReward=3.970
2026-08-10 21:20:39,928 | INFO | Steps: 5120/150000 | Episodes: 10 | LastEpReward: 9.822 | RecentReward: -30.018 | ActorLoss: 0.456394 | CriticLoss: 0.001399 | Q: -0.5232 | TargetQ: -0.5232 | TDAbs: 0.0393 | ActorGrad: 0.0049 | CriticGrad: 0.1202 | Noise: 0.3382 | Replay: 5120 | FPS: 20.78 | ETA: 116.2 min
2026-08-10 21:21:01,210 | INFO | Steps: 5632/150000 | Episodes: 11 | LastEpReward: 10.879 | RecentReward: -28.284 | ActorLoss: 0.382125 | CriticLoss: 0.001865 | Q: -0.4436 | TargetQ: -0.4433 | TDAbs: 0.0459 | ActorGrad: 0.0043 | CriticGrad: 0.1550 | Noise: 0.3368 | Replay: 5632 | FPS: 21.04 | ETA: 114.4 min
2026-08-10 21:21:21,469 | INFO | Steps: 6144/150000 | Episodes: 12 | LastEpReward: 18.907 | RecentReward: -24.610 | ActorLoss: 0.256283 | CriticLoss: 0.001674 | Q: -0.3227 | TargetQ: -0.3225 | TDAbs: 0.0430 | ActorGrad: 0.0054 | CriticGrad: 0.1380 | Noise: 0.3353 | Replay: 6144 | FPS: 21.34 | ETA: 112.4 min
2026-08-10 21:21:41,134 | INFO | Steps: 6656/150000 | Episodes: 13 | LastEpReward: 16.357 | RecentReward: -12.906 | ActorLoss: 0.166815 | CriticLoss: 0.002014 | Q: -0.2344 | TargetQ: -0.2343 | TDAbs: 0.0482 | ActorGrad: 0.0055 | CriticGrad: 0.1566 | Noise: 0.3338 | Replay: 6656 | FPS: 21.64 | ETA: 110.4 min
2026-08-10 21:22:00,883 | INFO | Steps: 7168/150000 | Episodes: 14 | LastEpReward: 11.009 | RecentReward: -1.511 | ActorLoss: 0.017485 | CriticLoss: 0.002669 | Q: -0.0814 | TargetQ: -0.0810 | TDAbs: 0.0540 | ActorGrad: 0.0063 | CriticGrad: 0.1855 | Noise: 0.3324 | Replay: 7168 | FPS: 21.90 | ETA: 108.7 min
2026-08-10 21:22:21,663 | INFO | Steps: 7680/150000 | Episodes: 15 | LastEpReward: 13.203 | RecentReward: 11.297 | ActorLoss: -0.089303 | CriticLoss: 0.001939 | Q: 0.0250 | TargetQ: 0.0249 | TDAbs: 0.0470 | ActorGrad: 0.0064 | CriticGrad: 0.1232 | Noise: 0.3309 | Replay: 7680 | FPS: 22.06 | ETA: 107.5 min
2026-08-10 21:22:41,724 | INFO | Steps: 8192/150000 | Episodes: 16 | LastEpReward: 23.704 | RecentReward: 13.264 | ActorLoss: -0.205158 | CriticLoss: 0.002169 | Q: 0.1391 | TargetQ: 0.1393 | TDAbs: 0.0501 | ActorGrad: 0.0067 | CriticGrad: 0.1490 | Noise: 0.3295 | Replay: 8192 | FPS: 22.25 | ETA: 106.2 min
2026-08-10 21:23:01,118 | INFO | Steps: 8704/150000 | Episodes: 17 | LastEpReward: 6.356 | RecentReward: 13.270 | ActorLoss: -0.284540 | CriticLoss: 0.002480 | Q: 0.2228 | TargetQ: 0.2231 | TDAbs: 0.0538 | ActorGrad: 0.0077 | CriticGrad: 0.1564 | Noise: 0.3280 | Replay: 8704 | FPS: 22.46 | ETA: 104.9 min
2026-08-10 21:23:21,309 | INFO | Steps: 9216/150000 | Episodes: 18 | LastEpReward: 9.754 | RecentReward: 12.539 | ActorLoss: -0.370535 | CriticLoss: 0.003224 | Q: 0.3100 | TargetQ: 0.3103 | TDAbs: 0.0607 | ActorGrad: 0.0095 | CriticGrad: 0.1914 | Noise: 0.3265 | Replay: 9216 | FPS: 22.60 | ETA: 103.8 min
2026-08-10 21:23:46,032 | INFO | Steps: 9728/150000 | Episodes: 19 | LastEpReward: 24.505 | RecentReward: 14.450 | ActorLoss: -0.479976 | CriticLoss: 0.002769 | Q: 0.4229 | TargetQ: 0.4228 | TDAbs: 0.0562 | ActorGrad: 0.0071 | CriticGrad: 0.1571 | Noise: 0.3251 | Replay: 9728 | FPS: 22.49 | ETA: 103.9 min
2026-08-10 21:24:05,746 | INFO | 开始周期评估: Steps=10240 | Episodes=20 | EvalEpisodes=5
2026-08-10 21:25:09,777 | INFO | 周期评估完成: Steps=10240 | MeanReward=17.560 | StdReward=6.040
2026-08-10 21:25:09,924 | INFO | Steps: 10240/150000 | Episodes: 20 | LastEpReward: 13.120 | RecentReward: 14.779 | ActorLoss: -0.578231 | CriticLoss: 0.002730 | Q: 0.5215 | TargetQ: 0.5217 | TDAbs: 0.0558 | ActorGrad: 0.0074 | CriticGrad: 0.1418 | Noise: 0.3236 | Replay: 10240 | FPS: 19.83 | ETA: 117.5 min
2026-08-10 21:25:30,315 | INFO | Steps: 10752/150000 | Episodes: 21 | LastEpReward: 8.271 | RecentReward: 14.518 | ActorLoss: -0.681280 | CriticLoss: 0.002966 | Q: 0.6292 | TargetQ: 0.6291 | TDAbs: 0.0580 | ActorGrad: 0.0078 | CriticGrad: 0.1525 | Noise: 0.3221 | Replay: 10752 | FPS: 20.03 | ETA: 115.9 min
2026-08-10 21:25:50,658 | INFO | Steps: 11264/150000 | Episodes: 22 | LastEpReward: 14.192 | RecentReward: 14.047 | ActorLoss: -0.763113 | CriticLoss: 0.003083 | Q: 0.7150 | TargetQ: 0.7152 | TDAbs: 0.0597 | ActorGrad: 0.0078 | CriticGrad: 0.1601 | Noise: 0.3207 | Replay: 11264 | FPS: 20.22 | ETA: 114.4 min
2026-08-10 21:26:13,866 | INFO | Steps: 11776/150000 | Episodes: 23 | LastEpReward: 23.458 | RecentReward: 14.757 | ActorLoss: -0.845889 | CriticLoss: 0.003069 | Q: 0.7951 | TargetQ: 0.7954 | TDAbs: 0.0598 | ActorGrad: 0.0085 | CriticGrad: 0.1656 | Noise: 0.3192 | Replay: 11776 | FPS: 20.29 | ETA: 113.5 min
2026-08-10 21:26:36,643 | INFO | Steps: 12288/150000 | Episodes: 24 | LastEpReward: 17.436 | RecentReward: 15.400 | ActorLoss: -0.917578 | CriticLoss: 0.003913 | Q: 0.8699 | TargetQ: 0.8710 | TDAbs: 0.0673 | ActorGrad: 0.0070 | CriticGrad: 0.2224 | Noise: 0.3177 | Replay: 12288 | FPS: 20.37 | ETA: 112.7 min
2026-08-10 21:26:59,582 | INFO | Steps: 12800/150000 | Episodes: 25 | LastEpReward: 15.419 | RecentReward: 15.621 | ActorLoss: -1.002526 | CriticLoss: 0.003284 | Q: 0.9566 | TargetQ: 0.9570 | TDAbs: 0.0611 | ActorGrad: 0.0116 | CriticGrad: 0.1664 | Noise: 0.3163 | Replay: 12800 | FPS: 20.44 | ETA: 111.8 min
2026-08-10 21:27:22,662 | INFO | Steps: 13312/150000 | Episodes: 26 | LastEpReward: -3.632 | RecentReward: 12.888 | ActorLoss: -1.059878 | CriticLoss: 0.004456 | Q: 1.0180 | TargetQ: 1.0186 | TDAbs: 0.0715 | ActorGrad: 0.0262 | CriticGrad: 0.1876 | Noise: 0.3148 | Replay: 13312 | FPS: 20.51 | ETA: 111.1 min
2026-08-10 21:27:43,834 | INFO | Steps: 13824/150000 | Episodes: 27 | LastEpReward: 14.029 | RecentReward: 13.655 | ActorLoss: -1.134321 | CriticLoss: 0.003795 | Q: 1.0940 | TargetQ: 1.0939 | TDAbs: 0.0660 | ActorGrad: 0.0228 | CriticGrad: 0.1853 | Noise: 0.3134 | Replay: 13824 | FPS: 20.62 | ETA: 110.1 min
2026-08-10 21:28:04,267 | INFO | Steps: 14336/150000 | Episodes: 28 | LastEpReward: 11.672 | RecentReward: 13.847 | ActorLoss: -1.173778 | CriticLoss: 0.003857 | Q: 1.1338 | TargetQ: 1.1339 | TDAbs: 0.0658 | ActorGrad: 0.0220 | CriticGrad: 0.1730 | Noise: 0.3119 | Replay: 14336 | FPS: 20.75 | ETA: 108.9 min
2026-08-10 21:28:24,396 | INFO | Steps: 14848/150000 | Episodes: 29 | LastEpReward: 5.671 | RecentReward: 11.964 | ActorLoss: -1.232775 | CriticLoss: 0.004189 | Q: 1.1949 | TargetQ: 1.1952 | TDAbs: 0.0687 | ActorGrad: 0.0212 | CriticGrad: 0.2026 | Noise: 0.3104 | Replay: 14848 | FPS: 20.89 | ETA: 107.8 min
2026-08-10 21:28:47,058 | INFO | 开始周期评估: Steps=15360 | Episodes=30 | EvalEpisodes=5
2026-08-10 21:29:51,377 | INFO | 周期评估完成: Steps=15360 | MeanReward=13.590 | StdReward=3.858
2026-08-10 21:29:51,404 | INFO | Steps: 15360/150000 | Episodes: 30 | LastEpReward: 7.887 | RecentReward: 11.440 | ActorLoss: -1.289502 | CriticLoss: 0.004174 | Q: 1.2535 | TargetQ: 1.2542 | TDAbs: 0.0687 | ActorGrad: 0.0175 | CriticGrad: 0.2057 | Noise: 0.3090 | Replay: 15360 | FPS: 19.25 | ETA: 116.6 min
2026-08-10 21:30:11,498 | INFO | Steps: 15872/150000 | Episodes: 31 | LastEpReward: 6.873 | RecentReward: 11.301 | ActorLoss: -1.336197 | CriticLoss: 0.003977 | Q: 1.3001 | TargetQ: 1.3006 | TDAbs: 0.0672 | ActorGrad: 0.0229 | CriticGrad: 0.2063 | Noise: 0.3075 | Replay: 15872 | FPS: 19.40 | ETA: 115.2 min
2026-08-10 21:30:31,217 | INFO | Steps: 16384/150000 | Episodes: 32 | LastEpReward: 6.253 | RecentReward: 10.507 | ActorLoss: -1.354704 | CriticLoss: 0.004169 | Q: 1.3208 | TargetQ: 1.3210 | TDAbs: 0.0697 | ActorGrad: 0.0221 | CriticGrad: 0.2285 | Noise: 0.3060 | Replay: 16384 | FPS: 19.56 | ETA: 113.9 min
2026-08-10 21:30:50,529 | INFO | Steps: 16896/150000 | Episodes: 33 | LastEpReward: 5.860 | RecentReward: 8.747 | ActorLoss: -1.406682 | CriticLoss: 0.004425 | Q: 1.3722 | TargetQ: 1.3726 | TDAbs: 0.0713 | ActorGrad: 0.0240 | CriticGrad: 0.2093 | Noise: 0.3046 | Replay: 16896 | FPS: 19.71 | ETA: 112.5 min
2026-08-10 21:31:13,078 | INFO | Steps: 17408/150000 | Episodes: 34 | LastEpReward: 7.429 | RecentReward: 7.746 | ActorLoss: -1.441958 | CriticLoss: 0.004683 | Q: 1.4043 | TargetQ: 1.4041 | TDAbs: 0.0733 | ActorGrad: 0.0271 | CriticGrad: 0.2136 | Noise: 0.3031 | Replay: 17408 | FPS: 19.79 | ETA: 111.7 min
2026-08-10 21:31:33,720 | INFO | Steps: 17920/150000 | Episodes: 35 | LastEpReward: 13.581 | RecentReward: 7.562 | ActorLoss: -1.475604 | CriticLoss: 0.005010 | Q: 1.4378 | TargetQ: 1.4384 | TDAbs: 0.0754 | ActorGrad: 0.0352 | CriticGrad: 0.2411 | Noise: 0.3017 | Replay: 17920 | FPS: 19.91 | ETA: 110.6 min
2026-08-10 21:31:52,978 | INFO | Steps: 18432/150000 | Episodes: 36 | LastEpReward: 10.592 | RecentReward: 8.985 | ActorLoss: -1.526079 | CriticLoss: 0.005061 | Q: 1.4912 | TargetQ: 1.4911 | TDAbs: 0.0765 | ActorGrad: 0.0346 | CriticGrad: 0.2762 | Noise: 0.3002 | Replay: 18432 | FPS: 20.05 | ETA: 109.4 min
2026-08-10 21:32:12,139 | INFO | Steps: 18944/150000 | Episodes: 37 | LastEpReward: 6.419 | RecentReward: 8.224 | ActorLoss: -1.537376 | CriticLoss: 0.004992 | Q: 1.5034 | TargetQ: 1.5046 | TDAbs: 0.0758 | ActorGrad: 0.0264 | CriticGrad: 0.2247 | Noise: 0.2987 | Replay: 18944 | FPS: 20.18 | ETA: 108.2 min
2026-08-10 21:32:31,108 | INFO | Steps: 19456/150000 | Episodes: 38 | LastEpReward: 13.308 | RecentReward: 8.387 | ActorLoss: -1.583963 | CriticLoss: 0.005719 | Q: 1.5490 | TargetQ: 1.5489 | TDAbs: 0.0805 | ActorGrad: 0.0325 | CriticGrad: 0.2451 | Noise: 0.2973 | Replay: 19456 | FPS: 20.32 | ETA: 107.1 min
2026-08-10 21:32:50,307 | INFO | Steps: 19968/150000 | Episodes: 39 | LastEpReward: -2.112 | RecentReward: 7.609 | ActorLoss: -1.603059 | CriticLoss: 0.005156 | Q: 1.5683 | TargetQ: 1.5686 | TDAbs: 0.0779 | ActorGrad: 0.0192 | CriticGrad: 0.2247 | Noise: 0.2958 | Replay: 19968 | FPS: 20.44 | ETA: 106.0 min
2026-08-10 21:33:10,546 | INFO | 开始周期评估: Steps=20480 | Episodes=40 | EvalEpisodes=5
2026-08-10 21:34:09,490 | INFO | 周期评估完成: Steps=20480 | MeanReward=11.308 | StdReward=4.217
2026-08-10 21:34:09,511 | INFO | Steps: 20480/150000 | Episodes: 40 | LastEpReward: 9.123 | RecentReward: 7.733 | ActorLoss: -1.666319 | CriticLoss: 0.005708 | Q: 1.6336 | TargetQ: 1.6341 | TDAbs: 0.0806 | ActorGrad: 0.0258 | CriticGrad: 0.2400 | Noise: 0.2943 | Replay: 20480 | FPS: 19.39 | ETA: 111.3 min
2026-08-10 21:34:30,561 | INFO | Steps: 20992/150000 | Episodes: 41 | LastEpReward: -0.635 | RecentReward: 6.982 | ActorLoss: -1.677131 | CriticLoss: 0.005957 | Q: 1.6459 | TargetQ: 1.6457 | TDAbs: 0.0839 | ActorGrad: 0.0357 | CriticGrad: 0.2945 | Noise: 0.2929 | Replay: 20992 | FPS: 19.49 | ETA: 110.3 min
2026-08-10 21:34:50,771 | INFO | Steps: 21504/150000 | Episodes: 42 | LastEpReward: 15.633 | RecentReward: 7.920 | ActorLoss: -1.737091 | CriticLoss: 0.006588 | Q: 1.7039 | TargetQ: 1.7037 | TDAbs: 0.0863 | ActorGrad: 0.0346 | CriticGrad: 0.3214 | Noise: 0.2914 | Replay: 21504 | FPS: 19.60 | ETA: 109.3 min
2026-08-10 21:35:11,287 | INFO | Steps: 22016/150000 | Episodes: 43 | LastEpReward: 8.429 | RecentReward: 8.177 | ActorLoss: -1.744491 | CriticLoss: 0.006458 | Q: 1.7144 | TargetQ: 1.7140 | TDAbs: 0.0848 | ActorGrad: 0.0336 | CriticGrad: 0.3088 | Noise: 0.2900 | Replay: 22016 | FPS: 19.70 | ETA: 108.3 min
2026-08-10 21:35:30,253 | INFO | Steps: 22528/150000 | Episodes: 44 | LastEpReward: 7.019 | RecentReward: 8.136 | ActorLoss: -1.797409 | CriticLoss: 0.006156 | Q: 1.7660 | TargetQ: 1.7664 | TDAbs: 0.0843 | ActorGrad: 0.0310 | CriticGrad: 0.2795 | Noise: 0.2885 | Replay: 22528 | FPS: 19.82 | ETA: 107.2 min
2026-08-10 21:35:50,295 | INFO | Steps: 23040/150000 | Episodes: 45 | LastEpReward: 18.525 | RecentReward: 8.630 | ActorLoss: -1.814098 | CriticLoss: 0.006528 | Q: 1.7808 | TargetQ: 1.7813 | TDAbs: 0.0847 | ActorGrad: 0.0318 | CriticGrad: 0.2731 | Noise: 0.2870 | Replay: 23040 | FPS: 19.92 | ETA: 106.2 min
2026-08-10 21:36:09,797 | INFO | Steps: 23552/150000 | Episodes: 46 | LastEpReward: 12.938 | RecentReward: 8.865 | ActorLoss: -1.857913 | CriticLoss: 0.006711 | Q: 1.8255 | TargetQ: 1.8258 | TDAbs: 0.0889 | ActorGrad: 0.0345 | CriticGrad: 0.3570 | Noise: 0.2856 | Replay: 23552 | FPS: 20.02 | ETA: 105.3 min
2026-08-10 21:36:29,639 | INFO | Steps: 24064/150000 | Episodes: 47 | LastEpReward: 19.264 | RecentReward: 10.149 | ActorLoss: -1.871265 | CriticLoss: 0.007151 | Q: 1.8398 | TargetQ: 1.8399 | TDAbs: 0.0900 | ActorGrad: 0.0362 | CriticGrad: 0.3582 | Noise: 0.2841 | Replay: 24064 | FPS: 20.12 | ETA: 104.3 min
2026-08-10 21:36:48,348 | INFO | Steps: 24576/150000 | Episodes: 48 | LastEpReward: 10.411 | RecentReward: 9.859 | ActorLoss: -1.919641 | CriticLoss: 0.007633 | Q: 1.8859 | TargetQ: 1.8859 | TDAbs: 0.0936 | ActorGrad: 0.0347 | CriticGrad: 0.3508 | Noise: 0.2826 | Replay: 24576 | FPS: 20.23 | ETA: 103.3 min
2026-08-10 21:37:09,684 | INFO | Steps: 25088/150000 | Episodes: 49 | LastEpReward: 7.156 | RecentReward: 10.786 | ActorLoss: -1.964835 | CriticLoss: 0.007344 | Q: 1.9329 | TargetQ: 1.9332 | TDAbs: 0.0916 | ActorGrad: 0.0414 | CriticGrad: 0.3052 | Noise: 0.2812 | Replay: 25088 | FPS: 20.29 | ETA: 102.6 min
2026-08-10 21:37:28,292 | INFO | 开始周期评估: Steps=25600 | Episodes=50 | EvalEpisodes=5
2026-08-10 21:38:37,756 | INFO | 周期评估完成: Steps=25600 | MeanReward=11.981 | StdReward=3.944
2026-08-10 21:38:37,791 | INFO | Steps: 25600/150000 | Episodes: 50 | LastEpReward: 11.197 | RecentReward: 10.994 | ActorLoss: -2.010088 | CriticLoss: 0.007222 | Q: 1.9787 | TargetQ: 1.9792 | TDAbs: 0.0913 | ActorGrad: 0.0351 | CriticGrad: 0.2951 | Noise: 0.2797 | Replay: 25600 | FPS: 19.33 | ETA: 107.3 min
2026-08-10 21:38:58,147 | INFO | Steps: 26112/150000 | Episodes: 51 | LastEpReward: 7.617 | RecentReward: 11.819 | ActorLoss: -2.020889 | CriticLoss: 0.008004 | Q: 1.9908 | TargetQ: 1.9906 | TDAbs: 0.0960 | ActorGrad: 0.0388 | CriticGrad: 0.3423 | Noise: 0.2783 | Replay: 26112 | FPS: 19.42 | ETA: 106.3 min
2026-08-10 21:39:16,927 | INFO | Steps: 26624/150000 | Episodes: 52 | LastEpReward: 9.673 | RecentReward: 11.223 | ActorLoss: -2.032447 | CriticLoss: 0.008516 | Q: 2.0010 | TargetQ: 2.0006 | TDAbs: 0.0981 | ActorGrad: 0.0467 | CriticGrad: 0.3555 | Noise: 0.2768 | Replay: 26624 | FPS: 19.53 | ETA: 105.3 min
2026-08-10 21:39:35,841 | INFO | Steps: 27136/150000 | Episodes: 53 | LastEpReward: 10.782 | RecentReward: 11.458 | ActorLoss: -2.053765 | CriticLoss: 0.008817 | Q: 2.0220 | TargetQ: 2.0219 | TDAbs: 0.1009 | ActorGrad: 0.0391 | CriticGrad: 0.3934 | Noise: 0.2753 | Replay: 27136 | FPS: 19.63 | ETA: 104.3 min
2026-08-10 21:39:54,858 | INFO | Steps: 27648/150000 | Episodes: 54 | LastEpReward: 6.439 | RecentReward: 11.400 | ActorLoss: -2.053670 | CriticLoss: 0.008457 | Q: 2.0209 | TargetQ: 2.0218 | TDAbs: 0.0984 | ActorGrad: 0.0473 | CriticGrad: 0.3780 | Noise: 0.2739 | Replay: 27648 | FPS: 19.73 | ETA: 103.4 min
2026-08-10 21:40:14,410 | INFO | Steps: 28160/150000 | Episodes: 55 | LastEpReward: -0.757 | RecentReward: 9.472 | ActorLoss: -2.121383 | CriticLoss: 0.009474 | Q: 2.0907 | TargetQ: 2.0905 | TDAbs: 0.1028 | ActorGrad: 0.0420 | CriticGrad: 0.3293 | Noise: 0.2724 | Replay: 28160 | FPS: 19.82 | ETA: 102.5 min
2026-08-10 21:40:35,381 | INFO | Steps: 28672/150000 | Episodes: 56 | LastEpReward: 7.331 | RecentReward: 8.911 | ActorLoss: -2.134548 | CriticLoss: 0.009366 | Q: 2.1012 | TargetQ: 2.1015 | TDAbs: 0.1036 | ActorGrad: 0.0444 | CriticGrad: 0.4069 | Noise: 0.2709 | Replay: 28672 | FPS: 19.89 | ETA: 101.7 min
2026-08-10 21:40:56,044 | INFO | Steps: 29184/150000 | Episodes: 57 | LastEpReward: 0.193 | RecentReward: 7.004 | ActorLoss: -2.142817 | CriticLoss: 0.009675 | Q: 2.1111 | TargetQ: 2.1119 | TDAbs: 0.1034 | ActorGrad: 0.0318 | CriticGrad: 0.3365 | Noise: 0.2695 | Replay: 29184 | FPS: 19.95 | ETA: 100.9 min
2026-08-10 21:41:16,451 | INFO | Steps: 29696/150000 | Episodes: 58 | LastEpReward: 12.396 | RecentReward: 7.203 | ActorLoss: -2.177121 | CriticLoss: 0.009555 | Q: 2.1491 | TargetQ: 2.1498 | TDAbs: 0.1050 | ActorGrad: 0.0360 | CriticGrad: 0.3781 | Noise: 0.2680 | Replay: 29696 | FPS: 20.02 | ETA: 100.1 min
2026-08-10 21:41:36,752 | INFO | Steps: 30208/150000 | Episodes: 59 | LastEpReward: 4.505 | RecentReward: 6.938 | ActorLoss: -2.192806 | CriticLoss: 0.009684 | Q: 2.1675 | TargetQ: 2.1682 | TDAbs: 0.1049 | ActorGrad: 0.0355 | CriticGrad: 0.3680 | Noise: 0.2665 | Replay: 30208 | FPS: 20.10 | ETA: 99.4 min
2026-08-10 21:41:55,652 | INFO | 开始周期评估: Steps=30720 | Episodes=60 | EvalEpisodes=5
2026-08-10 21:42:52,606 | INFO | 周期评估完成: Steps=30720 | MeanReward=15.566 | StdReward=3.247
2026-08-10 21:42:52,626 | INFO | Steps: 30720/150000 | Episodes: 60 | LastEpReward: 6.349 | RecentReward: 6.453 | ActorLoss: -2.186936 | CriticLoss: 0.009421 | Q: 2.1600 | TargetQ: 2.1608 | TDAbs: 0.1049 | ActorGrad: 0.0374 | CriticGrad: 0.3892 | Noise: 0.2651 | Replay: 30720 | FPS: 19.45 | ETA: 102.2 min
2026-08-10 21:43:12,474 | INFO | Steps: 31232/150000 | Episodes: 61 | LastEpReward: 23.537 | RecentReward: 8.045 | ActorLoss: -2.223554 | CriticLoss: 0.010087 | Q: 2.1976 | TargetQ: 2.1973 | TDAbs: 0.1065 | ActorGrad: 0.0358 | CriticGrad: 0.3872 | Noise: 0.2636 | Replay: 31232 | FPS: 19.53 | ETA: 101.3 min
2026-08-10 21:43:34,276 | INFO | Steps: 31744/150000 | Episodes: 62 | LastEpReward: 9.738 | RecentReward: 8.051 | ActorLoss: -2.245366 | CriticLoss: 0.010840 | Q: 2.2194 | TargetQ: 2.2195 | TDAbs: 0.1107 | ActorGrad: 0.0455 | CriticGrad: 0.4119 | Noise: 0.2622 | Replay: 31744 | FPS: 19.59 | ETA: 100.6 min
2026-08-10 21:43:53,128 | INFO | Steps: 32256/150000 | Episodes: 63 | LastEpReward: 6.884 | RecentReward: 7.662 | ActorLoss: -2.225615 | CriticLoss: 0.011071 | Q: 2.2001 | TargetQ: 2.2004 | TDAbs: 0.1124 | ActorGrad: 0.0403 | CriticGrad: 0.4301 | Noise: 0.2607 | Replay: 32256 | FPS: 19.67 | ETA: 99.8 min
2026-08-10 21:44:11,796 | INFO | Steps: 32768/150000 | Episodes: 64 | LastEpReward: 8.717 | RecentReward: 7.889 | ActorLoss: -2.273988 | CriticLoss: 0.010223 | Q: 2.2469 | TargetQ: 2.2473 | TDAbs: 0.1087 | ActorGrad: 0.0443 | CriticGrad: 0.3998 | Noise: 0.2592 | Replay: 32768 | FPS: 19.76 | ETA: 98.9 min
2026-08-10 21:44:31,558 | INFO | Steps: 33280/150000 | Episodes: 65 | LastEpReward: 12.471 | RecentReward: 9.212 | ActorLoss: -2.248228 | CriticLoss: 0.010635 | Q: 2.2235 | TargetQ: 2.2239 | TDAbs: 0.1104 | ActorGrad: 0.0389 | CriticGrad: 0.4029 | Noise: 0.2578 | Replay: 33280 | FPS: 19.83 | ETA: 98.1 min
2026-08-10 21:44:50,525 | INFO | Steps: 33792/150000 | Episodes: 66 | LastEpReward: 5.859 | RecentReward: 9.065 | ActorLoss: -2.260802 | CriticLoss: 0.011297 | Q: 2.2334 | TargetQ: 2.2333 | TDAbs: 0.1127 | ActorGrad: 0.0484 | CriticGrad: 0.4054 | Noise: 0.2563 | Replay: 33792 | FPS: 19.91 | ETA: 97.3 min
2026-08-10 21:45:09,941 | INFO | Steps: 34304/150000 | Episodes: 67 | LastEpReward: 13.462 | RecentReward: 10.392 | ActorLoss: -2.312435 | CriticLoss: 0.010571 | Q: 2.2859 | TargetQ: 2.2866 | TDAbs: 0.1103 | ActorGrad: 0.0437 | CriticGrad: 0.3961 | Noise: 0.2548 | Replay: 34304 | FPS: 19.99 | ETA: 96.5 min
2026-08-10 21:45:28,739 | INFO | Steps: 34816/150000 | Episodes: 68 | LastEpReward: 13.264 | RecentReward: 10.479 | ActorLoss: -2.340004 | CriticLoss: 0.010905 | Q: 2.3157 | TargetQ: 2.3165 | TDAbs: 0.1129 | ActorGrad: 0.0455 | CriticGrad: 0.3980 | Noise: 0.2534 | Replay: 34816 | FPS: 20.06 | ETA: 95.7 min
2026-08-10 21:45:47,576 | INFO | Steps: 35328/150000 | Episodes: 69 | LastEpReward: 6.688 | RecentReward: 10.697 | ActorLoss: -2.332612 | CriticLoss: 0.011788 | Q: 2.3089 | TargetQ: 2.3091 | TDAbs: 0.1165 | ActorGrad: 0.0447 | CriticGrad: 0.4100 | Noise: 0.2519 | Replay: 35328 | FPS: 20.14 | ETA: 94.9 min
2026-08-10 21:46:07,257 | INFO | 开始周期评估: Steps=35840 | Episodes=70 | EvalEpisodes=5
2026-08-10 21:47:06,483 | INFO | 周期评估完成: Steps=35840 | MeanReward=16.286 | StdReward=4.248
2026-08-10 21:47:06,502 | INFO | Steps: 35840/150000 | Episodes: 70 | LastEpReward: 15.080 | RecentReward: 11.570 | ActorLoss: -2.351382 | CriticLoss: 0.012253 | Q: 2.3316 | TargetQ: 2.3317 | TDAbs: 0.1192 | ActorGrad: 0.0433 | CriticGrad: 0.4779 | Noise: 0.2505 | Replay: 35840 | FPS: 19.55 | ETA: 97.3 min
2026-08-10 21:47:26,722 | INFO | Steps: 36352/150000 | Episodes: 71 | LastEpReward: 11.646 | RecentReward: 10.381 | ActorLoss: -2.344640 | CriticLoss: 0.011689 | Q: 2.3231 | TargetQ: 2.3235 | TDAbs: 0.1170 | ActorGrad: 0.0451 | CriticGrad: 0.4455 | Noise: 0.2490 | Replay: 36352 | FPS: 19.62 | ETA: 96.6 min
2026-08-10 21:47:45,871 | INFO | Steps: 36864/150000 | Episodes: 72 | LastEpReward: 8.401 | RecentReward: 10.247 | ActorLoss: -2.348359 | CriticLoss: 0.012107 | Q: 2.3267 | TargetQ: 2.3276 | TDAbs: 0.1179 | ActorGrad: 0.0486 | CriticGrad: 0.4540 | Noise: 0.2475 | Replay: 36864 | FPS: 19.69 | ETA: 95.8 min
2026-08-10 21:48:05,591 | INFO | Steps: 37376/150000 | Episodes: 73 | LastEpReward: 13.548 | RecentReward: 10.914 | ActorLoss: -2.369994 | CriticLoss: 0.012923 | Q: 2.3490 | TargetQ: 2.3500 | TDAbs: 0.1218 | ActorGrad: 0.0496 | CriticGrad: 0.5307 | Noise: 0.2461 | Replay: 37376 | FPS: 19.75 | ETA: 95.0 min
2026-08-10 21:48:25,633 | INFO | Steps: 37888/150000 | Episodes: 74 | LastEpReward: 7.357 | RecentReward: 10.778 | ActorLoss: -2.366863 | CriticLoss: 0.012217 | Q: 2.3442 | TargetQ: 2.3443 | TDAbs: 0.1191 | ActorGrad: 0.0439 | CriticGrad: 0.4821 | Noise: 0.2446 | Replay: 37888 | FPS: 19.81 | ETA: 94.3 min
2026-08-10 21:48:46,284 | INFO | Steps: 38400/150000 | Episodes: 75 | LastEpReward: 17.295 | RecentReward: 11.260 | ActorLoss: -2.345610 | CriticLoss: 0.012188 | Q: 2.3228 | TargetQ: 2.3226 | TDAbs: 0.1188 | ActorGrad: 0.0420 | CriticGrad: 0.4459 | Noise: 0.2431 | Replay: 38400 | FPS: 19.87 | ETA: 93.6 min
2026-08-10 21:49:06,179 | INFO | Steps: 38912/150000 | Episodes: 76 | LastEpReward: 10.450 | RecentReward: 11.719 | ActorLoss: -2.389052 | CriticLoss: 0.012726 | Q: 2.3669 | TargetQ: 2.3668 | TDAbs: 0.1214 | ActorGrad: 0.0307 | CriticGrad: 0.4495 | Noise: 0.2417 | Replay: 38912 | FPS: 19.93 | ETA: 92.9 min
2026-08-10 21:49:26,725 | INFO | Steps: 39424/150000 | Episodes: 77 | LastEpReward: 16.098 | RecentReward: 11.983 | ActorLoss: -2.387108 | CriticLoss: 0.012873 | Q: 2.3637 | TargetQ: 2.3644 | TDAbs: 0.1205 | ActorGrad: 0.0286 | CriticGrad: 0.4942 | Noise: 0.2402 | Replay: 39424 | FPS: 19.98 | ETA: 92.2 min
2026-08-10 21:49:47,229 | INFO | Steps: 39936/150000 | Episodes: 78 | LastEpReward: 23.820 | RecentReward: 13.038 | ActorLoss: -2.418061 | CriticLoss: 0.012592 | Q: 2.3979 | TargetQ: 2.3981 | TDAbs: 0.1209 | ActorGrad: 0.0380 | CriticGrad: 0.4619 | Noise: 0.2388 | Replay: 39936 | FPS: 20.03 | ETA: 91.6 min
2026-08-10 21:50:07,444 | INFO | Steps: 40448/150000 | Episodes: 79 | LastEpReward: 16.044 | RecentReward: 13.974 | ActorLoss: -2.387984 | CriticLoss: 0.011651 | Q: 2.3679 | TargetQ: 2.3684 | TDAbs: 0.1176 | ActorGrad: 0.0285 | CriticGrad: 0.4001 | Noise: 0.2373 | Replay: 40448 | FPS: 20.08 | ETA: 90.9 min
2026-08-10 21:50:27,736 | INFO | 开始周期评估: Steps=40960 | Episodes=80 | EvalEpisodes=5
2026-08-10 21:51:30,910 | INFO | 周期评估完成: Steps=40960 | MeanReward=18.817 | StdReward=4.164
2026-08-10 21:51:31,048 | INFO | Steps: 40960/150000 | Episodes: 80 | LastEpReward: 21.160 | RecentReward: 14.582 | ActorLoss: -2.400844 | CriticLoss: 0.012691 | Q: 2.3803 | TargetQ: 2.3800 | TDAbs: 0.1208 | ActorGrad: 0.0300 | CriticGrad: 0.4723 | Noise: 0.2358 | Replay: 40960 | FPS: 19.53 | ETA: 93.1 min
2026-08-10 21:51:50,924 | INFO | Steps: 41472/150000 | Episodes: 81 | LastEpReward: 13.447 | RecentReward: 14.762 | ActorLoss: -2.398171 | CriticLoss: 0.013184 | Q: 2.3737 | TargetQ: 2.3739 | TDAbs: 0.1220 | ActorGrad: 0.0262 | CriticGrad: 0.4946 | Noise: 0.2344 | Replay: 41472 | FPS: 19.59 | ETA: 92.4 min
2026-08-10 21:52:10,736 | INFO | Steps: 41984/150000 | Episodes: 82 | LastEpReward: 11.617 | RecentReward: 15.084 | ActorLoss: -2.438666 | CriticLoss: 0.012711 | Q: 2.4190 | TargetQ: 2.4188 | TDAbs: 0.1217 | ActorGrad: 0.0314 | CriticGrad: 0.4165 | Noise: 0.2329 | Replay: 41984 | FPS: 19.64 | ETA: 91.6 min
2026-08-10 21:52:30,334 | INFO | Steps: 42496/150000 | Episodes: 83 | LastEpReward: 10.482 | RecentReward: 14.777 | ActorLoss: -2.428132 | CriticLoss: 0.011830 | Q: 2.4078 | TargetQ: 2.4084 | TDAbs: 0.1176 | ActorGrad: 0.0242 | CriticGrad: 0.3951 | Noise: 0.2314 | Replay: 42496 | FPS: 19.70 | ETA: 90.9 min
2026-08-10 21:52:49,310 | INFO | Steps: 43008/150000 | Episodes: 84 | LastEpReward: 12.561 | RecentReward: 15.297 | ActorLoss: -2.434282 | CriticLoss: 0.012996 | Q: 2.4124 | TargetQ: 2.4126 | TDAbs: 0.1221 | ActorGrad: 0.0252 | CriticGrad: 0.4449 | Noise: 0.2300 | Replay: 43008 | FPS: 19.77 | ETA: 90.2 min
2026-08-10 21:53:09,330 | INFO | Steps: 43520/150000 | Episodes: 85 | LastEpReward: 13.208 | RecentReward: 14.889 | ActorLoss: -2.468188 | CriticLoss: 0.012899 | Q: 2.4467 | TargetQ: 2.4470 | TDAbs: 0.1224 | ActorGrad: 0.0285 | CriticGrad: 0.4367 | Noise: 0.2285 | Replay: 43520 | FPS: 19.82 | ETA: 89.5 min
2026-08-10 21:53:27,763 | INFO | Steps: 44032/150000 | Episodes: 86 | LastEpReward: 14.025 | RecentReward: 15.246 | ActorLoss: -2.473119 | CriticLoss: 0.012201 | Q: 2.4534 | TargetQ: 2.4532 | TDAbs: 0.1191 | ActorGrad: 0.0253 | CriticGrad: 0.3999 | Noise: 0.2271 | Replay: 44032 | FPS: 19.89 | ETA: 88.8 min
2026-08-10 21:53:49,359 | INFO | Steps: 44544/150000 | Episodes: 87 | LastEpReward: 13.984 | RecentReward: 15.035 | ActorLoss: -2.447680 | CriticLoss: 0.012582 | Q: 2.4265 | TargetQ: 2.4270 | TDAbs: 0.1206 | ActorGrad: 0.0269 | CriticGrad: 0.4348 | Noise: 0.2256 | Replay: 44544 | FPS: 19.92 | ETA: 88.2 min
2026-08-10 21:54:09,205 | INFO | Steps: 45056/150000 | Episodes: 88 | LastEpReward: 18.184 | RecentReward: 14.471 | ActorLoss: -2.457157 | CriticLoss: 0.012827 | Q: 2.4380 | TargetQ: 2.4382 | TDAbs: 0.1214 | ActorGrad: 0.0224 | CriticGrad: 0.4259 | Noise: 0.2241 | Replay: 45056 | FPS: 19.97 | ETA: 87.6 min
2026-08-10 21:54:31,342 | INFO | Steps: 45568/150000 | Episodes: 89 | LastEpReward: 20.016 | RecentReward: 14.868 | ActorLoss: -2.454401 | CriticLoss: 0.012379 | Q: 2.4347 | TargetQ: 2.4346 | TDAbs: 0.1203 | ActorGrad: 0.0321 | CriticGrad: 0.4732 | Noise: 0.2227 | Replay: 45568 | FPS: 20.00 | ETA: 87.0 min
2026-08-10 21:54:52,038 | INFO | 开始周期评估: Steps=46080 | Episodes=90 | EvalEpisodes=5
2026-08-10 21:55:52,193 | INFO | 周期评估完成: Steps=46080 | MeanReward=19.872 | StdReward=4.449
2026-08-10 21:55:52,303 | INFO | Steps: 46080/150000 | Episodes: 90 | LastEpReward: 13.107 | RecentReward: 14.063 | ActorLoss: -2.439946 | CriticLoss: 0.012324 | Q: 2.4194 | TargetQ: 2.4198 | TDAbs: 0.1208 | ActorGrad: 0.0273 | CriticGrad: 0.4227 | Noise: 0.2212 | Replay: 46080 | FPS: 19.54 | ETA: 88.7 min
2026-08-10 21:56:12,137 | INFO | Steps: 46592/150000 | Episodes: 91 | LastEpReward: 28.261 | RecentReward: 15.544 | ActorLoss: -2.479321 | CriticLoss: 0.012374 | Q: 2.4617 | TargetQ: 2.4615 | TDAbs: 0.1190 | ActorGrad: 0.0234 | CriticGrad: 0.3979 | Noise: 0.2197 | Replay: 46592 | FPS: 19.59 | ETA: 88.0 min
2026-08-10 21:56:32,306 | INFO | Steps: 47104/150000 | Episodes: 92 | LastEpReward: 12.237 | RecentReward: 15.606 | ActorLoss: -2.463240 | CriticLoss: 0.013612 | Q: 2.4426 | TargetQ: 2.4420 | TDAbs: 0.1239 | ActorGrad: 0.0301 | CriticGrad: 0.4872 | Noise: 0.2183 | Replay: 47104 | FPS: 19.64 | ETA: 87.3 min
2026-08-10 21:56:51,632 | INFO | Steps: 47616/150000 | Episodes: 93 | LastEpReward: 15.320 | RecentReward: 16.090 | ActorLoss: -2.487342 | CriticLoss: 0.013263 | Q: 2.4691 | TargetQ: 2.4686 | TDAbs: 0.1226 | ActorGrad: 0.0260 | CriticGrad: 0.4347 | Noise: 0.2168 | Replay: 47616 | FPS: 19.69 | ETA: 86.7 min
2026-08-10 21:57:10,578 | INFO | Steps: 48128/150000 | Episodes: 94 | LastEpReward: 15.773 | RecentReward: 16.411 | ActorLoss: -2.492303 | CriticLoss: 0.012689 | Q: 2.4745 | TargetQ: 2.4748 | TDAbs: 0.1221 | ActorGrad: 0.0251 | CriticGrad: 0.4547 | Noise: 0.2153 | Replay: 48128 | FPS: 19.75 | ETA: 86.0 min
2026-08-10 21:57:29,803 | INFO | Steps: 48640/150000 | Episodes: 95 | LastEpReward: 7.759 | RecentReward: 15.867 | ActorLoss: -2.468267 | CriticLoss: 0.012963 | Q: 2.4518 | TargetQ: 2.4522 | TDAbs: 0.1229 | ActorGrad: 0.0276 | CriticGrad: 0.4373 | Noise: 0.2139 | Replay: 48640 | FPS: 19.80 | ETA: 85.3 min
2026-08-10 21:57:49,124 | INFO | Steps: 49152/150000 | Episodes: 96 | LastEpReward: 16.357 | RecentReward: 16.100 | ActorLoss: -2.459918 | CriticLoss: 0.012392 | Q: 2.4428 | TargetQ: 2.4428 | TDAbs: 0.1210 | ActorGrad: 0.0294 | CriticGrad: 0.3963 | Noise: 0.2124 | Replay: 49152 | FPS: 19.85 | ETA: 84.7 min
2026-08-10 21:58:09,522 | INFO | Steps: 49664/150000 | Episodes: 97 | LastEpReward: 21.923 | RecentReward: 16.894 | ActorLoss: -2.506594 | CriticLoss: 0.012566 | Q: 2.4889 | TargetQ: 2.4888 | TDAbs: 0.1224 | ActorGrad: 0.0307 | CriticGrad: 0.4297 | Noise: 0.2110 | Replay: 49664 | FPS: 19.90 | ETA: 84.0 min
2026-08-10 21:58:32,128 | INFO | Steps: 50176/150000 | Episodes: 98 | LastEpReward: 27.336 | RecentReward: 17.809 | ActorLoss: -2.467889 | CriticLoss: 0.013507 | Q: 2.4515 | TargetQ: 2.4520 | TDAbs: 0.1255 | ActorGrad: 0.0279 | CriticGrad: 0.4682 | Noise: 0.2095 | Replay: 50000 | FPS: 19.92 | ETA: 83.5 min
2026-08-10 21:58:51,262 | INFO | Steps: 50688/150000 | Episodes: 99 | LastEpReward: 15.849 | RecentReward: 17.392 | ActorLoss: -2.519969 | CriticLoss: 0.013269 | Q: 2.5017 | TargetQ: 2.5030 | TDAbs: 0.1228 | ActorGrad: 0.0341 | CriticGrad: 0.4453 | Noise: 0.2080 | Replay: 50000 | FPS: 19.97 | ETA: 82.9 min
2026-08-10 21:59:10,462 | INFO | 开始周期评估: Steps=51200 | Episodes=100 | EvalEpisodes=5
2026-08-10 22:00:14,315 | INFO | 周期评估完成: Steps=51200 | MeanReward=19.674 | StdReward=4.508
2026-08-10 22:00:14,345 | INFO | Steps: 51200/150000 | Episodes: 100 | LastEpReward: 13.243 | RecentReward: 17.406 | ActorLoss: -2.510116 | CriticLoss: 0.014093 | Q: 2.4938 | TargetQ: 2.4928 | TDAbs: 0.1256 | ActorGrad: 0.0311 | CriticGrad: 0.5179 | Noise: 0.2066 | Replay: 50000 | FPS: 19.54 | ETA: 84.3 min
2026-08-10 22:00:33,290 | INFO | Steps: 51712/150000 | Episodes: 101 | LastEpReward: 15.213 | RecentReward: 16.101 | ActorLoss: -2.551033 | CriticLoss: 0.013392 | Q: 2.5362 | TargetQ: 2.5362 | TDAbs: 0.1247 | ActorGrad: 0.0311 | CriticGrad: 0.4382 | Noise: 0.2051 | Replay: 50000 | FPS: 19.59 | ETA: 83.6 min
2026-08-10 22:00:52,342 | INFO | Steps: 52224/150000 | Episodes: 102 | LastEpReward: 12.937 | RecentReward: 16.171 | ActorLoss: -2.529445 | CriticLoss: 0.014121 | Q: 2.5172 | TargetQ: 2.5171 | TDAbs: 0.1254 | ActorGrad: 0.0317 | CriticGrad: 0.4796 | Noise: 0.2036 | Replay: 50000 | FPS: 19.64 | ETA: 83.0 min
2026-08-10 22:01:11,502 | INFO | Steps: 52736/150000 | Episodes: 103 | LastEpReward: 10.833 | RecentReward: 15.722 | ActorLoss: -2.544404 | CriticLoss: 0.013780 | Q: 2.5338 | TargetQ: 2.5340 | TDAbs: 0.1251 | ActorGrad: 0.0320 | CriticGrad: 0.4597 | Noise: 0.2022 | Replay: 50000 | FPS: 19.69 | ETA: 82.3 min
2026-08-10 22:01:30,962 | INFO | Steps: 53248/150000 | Episodes: 104 | LastEpReward: 20.450 | RecentReward: 16.190 | ActorLoss: -2.592038 | CriticLoss: 0.013000 | Q: 2.5816 | TargetQ: 2.5818 | TDAbs: 0.1226 | ActorGrad: 0.0325 | CriticGrad: 0.4686 | Noise: 0.2007 | Replay: 50000 | FPS: 19.74 | ETA: 81.7 min
2026-08-10 22:01:50,454 | INFO | Steps: 53760/150000 | Episodes: 105 | LastEpReward: 18.808 | RecentReward: 17.295 | ActorLoss: -2.576453 | CriticLoss: 0.013733 | Q: 2.5648 | TargetQ: 2.5659 | TDAbs: 0.1251 | ActorGrad: 0.0327 | CriticGrad: 0.4349 | Noise: 0.1993 | Replay: 50000 | FPS: 19.79 | ETA: 81.1 min
2026-08-10 22:02:10,132 | INFO | Steps: 54272/150000 | Episodes: 106 | LastEpReward: 16.469 | RecentReward: 17.306 | ActorLoss: -2.568918 | CriticLoss: 0.013540 | Q: 2.5585 | TargetQ: 2.5577 | TDAbs: 0.1235 | ActorGrad: 0.0294 | CriticGrad: 0.4692 | Noise: 0.1978 | Replay: 50000 | FPS: 19.83 | ETA: 80.5 min
2026-08-10 22:02:29,535 | INFO | Steps: 54784/150000 | Episodes: 107 | LastEpReward: 18.039 | RecentReward: 16.918 | ActorLoss: -2.522989 | CriticLoss: 0.014031 | Q: 2.5124 | TargetQ: 2.5122 | TDAbs: 0.1257 | ActorGrad: 0.0290 | CriticGrad: 0.4843 | Noise: 0.1963 | Replay: 50000 | FPS: 19.88 | ETA: 79.8 min
2026-08-10 22:02:50,080 | INFO | Steps: 55296/150000 | Episodes: 108 | LastEpReward: 25.152 | RecentReward: 16.699 | ActorLoss: -2.565971 | CriticLoss: 0.014737 | Q: 2.5552 | TargetQ: 2.5549 | TDAbs: 0.1269 | ActorGrad: 0.0297 | CriticGrad: 0.4740 | Noise: 0.1949 | Replay: 50000 | FPS: 19.92 | ETA: 79.3 min
2026-08-10 22:03:09,497 | INFO | Steps: 55808/150000 | Episodes: 109 | LastEpReward: 18.286 | RecentReward: 16.943 | ActorLoss: -2.566784 | CriticLoss: 0.013189 | Q: 2.5560 | TargetQ: 2.5555 | TDAbs: 0.1218 | ActorGrad: 0.0322 | CriticGrad: 0.4191 | Noise: 0.1934 | Replay: 50000 | FPS: 19.96 | ETA: 78.7 min
2026-08-10 22:03:29,094 | INFO | 开始周期评估: Steps=56320 | Episodes=110 | EvalEpisodes=5
2026-08-10 22:04:36,890 | INFO | 周期评估完成: Steps=56320 | MeanReward=20.160 | StdReward=4.335
2026-08-10 22:04:37,022 | INFO | Steps: 56320/150000 | Episodes: 110 | LastEpReward: 14.493 | RecentReward: 17.068 | ActorLoss: -2.543375 | CriticLoss: 0.014180 | Q: 2.5332 | TargetQ: 2.5332 | TDAbs: 0.1249 | ActorGrad: 0.0331 | CriticGrad: 0.4953 | Noise: 0.1919 | Replay: 50000 | FPS: 19.53 | ETA: 79.9 min
2026-08-10 22:04:56,435 | INFO | Steps: 56832/150000 | Episodes: 111 | LastEpReward: 16.403 | RecentReward: 17.187 | ActorLoss: -2.533868 | CriticLoss: 0.013847 | Q: 2.5239 | TargetQ: 2.5251 | TDAbs: 0.1252 | ActorGrad: 0.0411 | CriticGrad: 0.4888 | Noise: 0.1905 | Replay: 50000 | FPS: 19.58 | ETA: 79.3 min
2026-08-10 22:05:16,264 | INFO | Steps: 57344/150000 | Episodes: 112 | LastEpReward: 17.989 | RecentReward: 17.692 | ActorLoss: -2.523733 | CriticLoss: 0.014499 | Q: 2.5138 | TargetQ: 2.5140 | TDAbs: 0.1285 | ActorGrad: 0.0352 | CriticGrad: 0.5427 | Noise: 0.1890 | Replay: 50000 | FPS: 19.62 | ETA: 78.7 min
2026-08-10 22:05:37,285 | INFO | Steps: 57856/150000 | Episodes: 113 | LastEpReward: 16.506 | RecentReward: 18.259 | ActorLoss: -2.591749 | CriticLoss: 0.014607 | Q: 2.5831 | TargetQ: 2.5825 | TDAbs: 0.1263 | ActorGrad: 0.0351 | CriticGrad: 0.4264 | Noise: 0.1876 | Replay: 50000 | FPS: 19.65 | ETA: 78.1 min
2026-08-10 22:05:56,546 | INFO | Steps: 58368/150000 | Episodes: 114 | LastEpReward: 15.913 | RecentReward: 17.806 | ActorLoss: -2.568728 | CriticLoss: 0.013860 | Q: 2.5586 | TargetQ: 2.5588 | TDAbs: 0.1246 | ActorGrad: 0.0328 | CriticGrad: 0.4672 | Noise: 0.1861 | Replay: 50000 | FPS: 19.70 | ETA: 77.5 min
2026-08-10 22:06:16,005 | INFO | Steps: 58880/150000 | Episodes: 115 | LastEpReward: 20.704 | RecentReward: 17.995 | ActorLoss: -2.525406 | CriticLoss: 0.013625 | Q: 2.5155 | TargetQ: 2.5155 | TDAbs: 0.1263 | ActorGrad: 0.0326 | CriticGrad: 0.5237 | Noise: 0.1846 | Replay: 50000 | FPS: 19.74 | ETA: 76.9 min
2026-08-10 22:06:36,525 | INFO | Steps: 59392/150000 | Episodes: 116 | LastEpReward: 22.422 | RecentReward: 18.591 | ActorLoss: -2.561644 | CriticLoss: 0.013472 | Q: 2.5525 | TargetQ: 2.5522 | TDAbs: 0.1233 | ActorGrad: 0.0368 | CriticGrad: 0.4256 | Noise: 0.1832 | Replay: 50000 | FPS: 19.78 | ETA: 76.4 min
2026-08-10 22:06:56,279 | INFO | Steps: 59904/150000 | Episodes: 117 | LastEpReward: 21.081 | RecentReward: 18.895 | ActorLoss: -2.555223 | CriticLoss: 0.014045 | Q: 2.5459 | TargetQ: 2.5462 | TDAbs: 0.1250 | ActorGrad: 0.0361 | CriticGrad: 0.4656 | Noise: 0.1817 | Replay: 50000 | FPS: 19.82 | ETA: 75.8 min
2026-08-10 22:07:16,686 | INFO | Steps: 60416/150000 | Episodes: 118 | LastEpReward: 16.325 | RecentReward: 18.012 | ActorLoss: -2.548535 | CriticLoss: 0.014099 | Q: 2.5401 | TargetQ: 2.5404 | TDAbs: 0.1258 | ActorGrad: 0.0359 | CriticGrad: 0.4663 | Noise: 0.1802 | Replay: 50000 | FPS: 19.85 | ETA: 75.2 min
2026-08-10 22:07:36,561 | INFO | Steps: 60928/150000 | Episodes: 119 | LastEpReward: 26.176 | RecentReward: 18.801 | ActorLoss: -2.577512 | CriticLoss: 0.014548 | Q: 2.5675 | TargetQ: 2.5680 | TDAbs: 0.1271 | ActorGrad: 0.0386 | CriticGrad: 0.4670 | Noise: 0.1788 | Replay: 50000 | FPS: 19.89 | ETA: 74.6 min
2026-08-10 22:07:56,426 | INFO | 开始周期评估: Steps=61440 | Episodes=120 | EvalEpisodes=5
2026-08-10 22:09:00,064 | INFO | 周期评估完成: Steps=61440 | MeanReward=20.757 | StdReward=4.589
2026-08-10 22:09:00,189 | INFO | Steps: 61440/150000 | Episodes: 120 | LastEpReward: 6.617 | RecentReward: 18.014 | ActorLoss: -2.566004 | CriticLoss: 0.014663 | Q: 2.5565 | TargetQ: 2.5553 | TDAbs: 0.1275 | ActorGrad: 0.0475 | CriticGrad: 0.4729 | Noise: 0.1773 | Replay: 50000 | FPS: 19.53 | ETA: 75.6 min
2026-08-10 22:09:22,656 | INFO | Steps: 61952/150000 | Episodes: 121 | LastEpReward: 19.101 | RecentReward: 18.283 | ActorLoss: -2.547393 | CriticLoss: 0.015129 | Q: 2.5391 | TargetQ: 2.5392 | TDAbs: 0.1278 | ActorGrad: 0.0647 | CriticGrad: 0.4766 | Noise: 0.1759 | Replay: 50000 | FPS: 19.55 | ETA: 75.1 min
2026-08-10 22:09:42,637 | INFO | Steps: 62464/150000 | Episodes: 122 | LastEpReward: 24.801 | RecentReward: 18.965 | ActorLoss: -2.584431 | CriticLoss: 0.014109 | Q: 2.5743 | TargetQ: 2.5747 | TDAbs: 0.1263 | ActorGrad: 0.0657 | CriticGrad: 0.4971 | Noise: 0.1744 | Replay: 50000 | FPS: 19.59 | ETA: 74.5 min
2026-08-10 22:10:03,644 | INFO | Steps: 62976/150000 | Episodes: 123 | LastEpReward: 17.919 | RecentReward: 19.106 | ActorLoss: -2.545304 | CriticLoss: 0.016092 | Q: 2.5362 | TargetQ: 2.5354 | TDAbs: 0.1323 | ActorGrad: 0.0630 | CriticGrad: 0.4991 | Noise: 0.1729 | Replay: 50000 | FPS: 19.62 | ETA: 73.9 min
2026-08-10 22:10:24,157 | INFO | Steps: 63488/150000 | Episodes: 124 | LastEpReward: 24.885 | RecentReward: 20.003 | ActorLoss: -2.594224 | CriticLoss: 0.016565 | Q: 2.5841 | TargetQ: 2.5853 | TDAbs: 0.1352 | ActorGrad: 0.0826 | CriticGrad: 0.5365 | Noise: 0.1715 | Replay: 50000 | FPS: 19.65 | ETA: 73.4 min
2026-08-10 22:10:43,938 | INFO | Steps: 64000/150000 | Episodes: 125 | LastEpReward: 19.684 | RecentReward: 19.901 | ActorLoss: -2.570258 | CriticLoss: 0.018103 | Q: 2.5618 | TargetQ: 2.5625 | TDAbs: 0.1365 | ActorGrad: 0.0674 | CriticGrad: 0.5396 | Noise: 0.1700 | Replay: 50000 | FPS: 19.69 | ETA: 72.8 min
2026-08-10 22:11:04,189 | INFO | Steps: 64512/150000 | Episodes: 126 | LastEpReward: 19.454 | RecentReward: 19.604 | ActorLoss: -2.597814 | CriticLoss: 0.017577 | Q: 2.5875 | TargetQ: 2.5879 | TDAbs: 0.1358 | ActorGrad: 0.0845 | CriticGrad: 0.5267 | Noise: 0.1685 | Replay: 50000 | FPS: 19.72 | ETA: 72.2 min
2026-08-10 22:11:24,543 | INFO | Steps: 65024/150000 | Episodes: 127 | LastEpReward: 13.760 | RecentReward: 18.872 | ActorLoss: -2.589507 | CriticLoss: 0.017623 | Q: 2.5812 | TargetQ: 2.5810 | TDAbs: 0.1372 | ActorGrad: 0.0727 | CriticGrad: 0.5695 | Noise: 0.1671 | Replay: 50000 | FPS: 19.76 | ETA: 71.7 min
2026-08-10 22:11:44,204 | INFO | Steps: 65536/150000 | Episodes: 128 | LastEpReward: 21.848 | RecentReward: 19.425 | ActorLoss: -2.599218 | CriticLoss: 0.018559 | Q: 2.5916 | TargetQ: 2.5918 | TDAbs: 0.1409 | ActorGrad: 0.0759 | CriticGrad: 0.5362 | Noise: 0.1656 | Replay: 50000 | FPS: 19.80 | ETA: 71.1 min
2026-08-10 22:12:04,238 | INFO | Steps: 66048/150000 | Episodes: 129 | LastEpReward: 26.233 | RecentReward: 19.430 | ActorLoss: -2.616119 | CriticLoss: 0.019179 | Q: 2.6093 | TargetQ: 2.6091 | TDAbs: 0.1406 | ActorGrad: 0.0734 | CriticGrad: 0.5417 | Noise: 0.1641 | Replay: 50000 | FPS: 19.83 | ETA: 70.6 min
2026-08-10 22:12:23,785 | INFO | 开始周期评估: Steps=66560 | Episodes=130 | EvalEpisodes=5
2026-08-10 22:13:21,844 | INFO | 周期评估完成: Steps=66560 | MeanReward=18.228 | StdReward=3.419
2026-08-10 22:13:21,865 | INFO | Steps: 66560/150000 | Episodes: 130 | LastEpReward: 14.873 | RecentReward: 20.256 | ActorLoss: -2.634045 | CriticLoss: 0.018342 | Q: 2.6260 | TargetQ: 2.6255 | TDAbs: 0.1373 | ActorGrad: 0.0875 | CriticGrad: 0.5488 | Noise: 0.1627 | Replay: 50000 | FPS: 19.53 | ETA: 71.2 min
2026-08-10 22:13:41,775 | INFO | Steps: 67072/150000 | Episodes: 131 | LastEpReward: 20.201 | RecentReward: 20.366 | ActorLoss: -2.648653 | CriticLoss: 0.018675 | Q: 2.6407 | TargetQ: 2.6418 | TDAbs: 0.1394 | ActorGrad: 0.0725 | CriticGrad: 0.6113 | Noise: 0.1612 | Replay: 50000 | FPS: 19.56 | ETA: 70.6 min
2026-08-10 22:14:02,586 | INFO | Steps: 67584/150000 | Episodes: 132 | LastEpReward: 18.380 | RecentReward: 19.724 | ActorLoss: -2.694219 | CriticLoss: 0.019833 | Q: 2.6877 | TargetQ: 2.6878 | TDAbs: 0.1431 | ActorGrad: 0.0747 | CriticGrad: 0.5751 | Noise: 0.1598 | Replay: 50000 | FPS: 19.59 | ETA: 70.1 min
2026-08-10 22:14:22,422 | INFO | Steps: 68096/150000 | Episodes: 133 | LastEpReward: 15.331 | RecentReward: 19.465 | ActorLoss: -2.696489 | CriticLoss: 0.021374 | Q: 2.6905 | TargetQ: 2.6935 | TDAbs: 0.1446 | ActorGrad: 0.0728 | CriticGrad: 0.5937 | Noise: 0.1583 | Replay: 50000 | FPS: 19.63 | ETA: 69.5 min
2026-08-10 22:14:42,705 | INFO | Steps: 68608/150000 | Episodes: 134 | LastEpReward: 19.171 | RecentReward: 18.894 | ActorLoss: -2.707712 | CriticLoss: 0.022464 | Q: 2.7026 | TargetQ: 2.7012 | TDAbs: 0.1481 | ActorGrad: 0.0669 | CriticGrad: 0.6609 | Noise: 0.1568 | Replay: 50000 | FPS: 19.66 | ETA: 69.0 min
2026-08-10 22:15:01,973 | INFO | Steps: 69120/150000 | Episodes: 135 | LastEpReward: 16.818 | RecentReward: 18.607 | ActorLoss: -2.673194 | CriticLoss: 0.022035 | Q: 2.6676 | TargetQ: 2.6679 | TDAbs: 0.1452 | ActorGrad: 0.0742 | CriticGrad: 0.6103 | Noise: 0.1554 | Replay: 50000 | FPS: 19.70 | ETA: 68.4 min
2026-08-10 22:15:22,053 | INFO | Steps: 69632/150000 | Episodes: 136 | LastEpReward: 21.038 | RecentReward: 18.765 | ActorLoss: -2.730368 | CriticLoss: 0.021076 | Q: 2.7246 | TargetQ: 2.7247 | TDAbs: 0.1465 | ActorGrad: 0.0736 | CriticGrad: 0.6872 | Noise: 0.1539 | Replay: 50000 | FPS: 19.73 | ETA: 67.9 min
2026-08-10 22:15:42,178 | INFO | Steps: 70144/150000 | Episodes: 137 | LastEpReward: 26.377 | RecentReward: 20.027 | ActorLoss: -2.771485 | CriticLoss: 0.025006 | Q: 2.7650 | TargetQ: 2.7649 | TDAbs: 0.1521 | ActorGrad: 0.0741 | CriticGrad: 0.6920 | Noise: 0.1524 | Replay: 50000 | FPS: 19.77 | ETA: 67.3 min
2026-08-10 22:16:01,916 | INFO | Steps: 70656/150000 | Episodes: 138 | LastEpReward: 20.384 | RecentReward: 19.881 | ActorLoss: -2.781217 | CriticLoss: 0.023052 | Q: 2.7739 | TargetQ: 2.7741 | TDAbs: 0.1498 | ActorGrad: 0.0757 | CriticGrad: 0.7393 | Noise: 0.1510 | Replay: 50000 | FPS: 19.80 | ETA: 66.8 min
2026-08-10 22:16:21,799 | INFO | Steps: 71168/150000 | Episodes: 139 | LastEpReward: 11.481 | RecentReward: 18.405 | ActorLoss: -2.761642 | CriticLoss: 0.025875 | Q: 2.7569 | TargetQ: 2.7581 | TDAbs: 0.1532 | ActorGrad: 0.0894 | CriticGrad: 0.7275 | Noise: 0.1495 | Replay: 50000 | FPS: 19.83 | ETA: 66.2 min
2026-08-10 22:16:42,090 | INFO | 开始周期评估: Steps=71680 | Episodes=140 | EvalEpisodes=5
2026-08-10 22:17:48,207 | INFO | 周期评估完成: Steps=71680 | MeanReward=20.075 | StdReward=3.678
2026-08-10 22:17:48,228 | INFO | Steps: 71680/150000 | Episodes: 140 | LastEpReward: 13.612 | RecentReward: 18.279 | ActorLoss: -2.806130 | CriticLoss: 0.026308 | Q: 2.8022 | TargetQ: 2.8016 | TDAbs: 0.1557 | ActorGrad: 0.0750 | CriticGrad: 0.7370 | Noise: 0.1481 | Replay: 50000 | FPS: 19.51 | ETA: 66.9 min
2026-08-10 22:18:09,210 | INFO | Steps: 72192/150000 | Episodes: 141 | LastEpReward: 18.108 | RecentReward: 18.070 | ActorLoss: -2.766482 | CriticLoss: 0.022095 | Q: 2.7612 | TargetQ: 2.7604 | TDAbs: 0.1467 | ActorGrad: 0.0883 | CriticGrad: 0.6801 | Noise: 0.1466 | Replay: 50000 | FPS: 19.53 | ETA: 66.4 min
2026-08-10 22:18:28,849 | INFO | Steps: 72704/150000 | Episodes: 142 | LastEpReward: 9.823 | RecentReward: 17.214 | ActorLoss: -2.828238 | CriticLoss: 0.025111 | Q: 2.8207 | TargetQ: 2.8198 | TDAbs: 0.1520 | ActorGrad: 0.0858 | CriticGrad: 0.6671 | Noise: 0.1451 | Replay: 50000 | FPS: 19.57 | ETA: 65.8 min
2026-08-10 22:18:49,179 | INFO | Steps: 73216/150000 | Episodes: 143 | LastEpReward: 23.039 | RecentReward: 17.985 | ActorLoss: -2.833571 | CriticLoss: 0.020295 | Q: 2.8240 | TargetQ: 2.8235 | TDAbs: 0.1456 | ActorGrad: 0.0875 | CriticGrad: 0.6262 | Noise: 0.1437 | Replay: 50000 | FPS: 19.60 | ETA: 65.3 min
2026-08-10 22:19:09,934 | INFO | Steps: 73728/150000 | Episodes: 144 | LastEpReward: 16.070 | RecentReward: 17.675 | ActorLoss: -2.922511 | CriticLoss: 0.022240 | Q: 2.9118 | TargetQ: 2.9100 | TDAbs: 0.1527 | ActorGrad: 0.1113 | CriticGrad: 0.6851 | Noise: 0.1422 | Replay: 50000 | FPS: 19.63 | ETA: 64.8 min
2026-08-10 22:19:30,210 | INFO | Steps: 74240/150000 | Episodes: 145 | LastEpReward: 12.715 | RecentReward: 17.265 | ActorLoss: -2.904036 | CriticLoss: 0.019753 | Q: 2.8928 | TargetQ: 2.8931 | TDAbs: 0.1488 | ActorGrad: 0.1293 | CriticGrad: 0.5348 | Noise: 0.1407 | Replay: 50000 | FPS: 19.66 | ETA: 64.2 min
2026-08-10 22:19:50,392 | INFO | Steps: 74752/150000 | Episodes: 146 | LastEpReward: 13.839 | RecentReward: 16.545 | ActorLoss: -2.929711 | CriticLoss: 0.021774 | Q: 2.9210 | TargetQ: 2.9208 | TDAbs: 0.1535 | ActorGrad: 0.1104 | CriticGrad: 0.7306 | Noise: 0.1393 | Replay: 50000 | FPS: 19.69 | ETA: 63.7 min
2026-08-10 22:20:12,642 | INFO | Steps: 75264/150000 | Episodes: 147 | LastEpReward: 8.239 | RecentReward: 14.731 | ActorLoss: -2.910601 | CriticLoss: 0.020173 | Q: 2.9055 | TargetQ: 2.9049 | TDAbs: 0.1506 | ActorGrad: 0.0933 | CriticGrad: 0.5691 | Noise: 0.1378 | Replay: 50000 | FPS: 19.71 | ETA: 63.2 min
2026-08-10 22:20:33,441 | INFO | Steps: 75776/150000 | Episodes: 148 | LastEpReward: 17.208 | RecentReward: 14.413 | ActorLoss: -2.909971 | CriticLoss: 0.019141 | Q: 2.9035 | TargetQ: 2.9020 | TDAbs: 0.1461 | ActorGrad: 0.0954 | CriticGrad: 0.6115 | Noise: 0.1364 | Replay: 50000 | FPS: 19.73 | ETA: 62.7 min
2026-08-10 22:20:54,100 | INFO | Steps: 76288/150000 | Episodes: 149 | LastEpReward: 19.751 | RecentReward: 15.240 | ActorLoss: -2.903642 | CriticLoss: 0.017288 | Q: 2.8954 | TargetQ: 2.8952 | TDAbs: 0.1381 | ActorGrad: 0.0804 | CriticGrad: 0.4782 | Noise: 0.1349 | Replay: 50000 | FPS: 19.76 | ETA: 62.2 min
2026-08-10 22:21:14,378 | INFO | 开始周期评估: Steps=76800 | Episodes=150 | EvalEpisodes=5
2026-08-10 22:22:18,272 | INFO | 周期评估完成: Steps=76800 | MeanReward=14.784 | StdReward=3.624
2026-08-10 22:22:18,297 | INFO | Steps: 76800/150000 | Episodes: 150 | LastEpReward: 13.546 | RecentReward: 15.234 | ActorLoss: -2.958190 | CriticLoss: 0.018753 | Q: 2.9472 | TargetQ: 2.9462 | TDAbs: 0.1462 | ActorGrad: 0.1011 | CriticGrad: 0.5457 | Noise: 0.1334 | Replay: 50000 | FPS: 19.47 | ETA: 62.7 min
2026-08-10 22:22:39,899 | INFO | Steps: 77312/150000 | Episodes: 151 | LastEpReward: 9.544 | RecentReward: 14.377 | ActorLoss: -2.977694 | CriticLoss: 0.019729 | Q: 2.9607 | TargetQ: 2.9617 | TDAbs: 0.1493 | ActorGrad: 0.1194 | CriticGrad: 0.5682 | Noise: 0.1320 | Replay: 50000 | FPS: 19.49 | ETA: 62.2 min
2026-08-10 22:22:59,467 | INFO | Steps: 77824/150000 | Episodes: 152 | LastEpReward: 7.400 | RecentReward: 14.135 | ActorLoss: -2.978325 | CriticLoss: 0.022808 | Q: 2.9629 | TargetQ: 2.9648 | TDAbs: 0.1588 | ActorGrad: 0.1114 | CriticGrad: 0.6080 | Noise: 0.1305 | Replay: 50000 | FPS: 19.52 | ETA: 61.6 min
2026-08-10 22:23:19,668 | INFO | Steps: 78336/150000 | Episodes: 153 | LastEpReward: 0.036 | RecentReward: 11.835 | ActorLoss: -3.027270 | CriticLoss: 0.024189 | Q: 3.0115 | TargetQ: 3.0123 | TDAbs: 0.1642 | ActorGrad: 0.0997 | CriticGrad: 0.6168 | Noise: 0.1290 | Replay: 50000 | FPS: 19.55 | ETA: 61.1 min
2026-08-10 22:23:39,214 | INFO | Steps: 78848/150000 | Episodes: 154 | LastEpReward: 6.009 | RecentReward: 10.829 | ActorLoss: -3.050563 | CriticLoss: 0.026777 | Q: 3.0338 | TargetQ: 3.0359 | TDAbs: 0.1711 | ActorGrad: 0.0859 | CriticGrad: 0.6601 | Noise: 0.1276 | Replay: 50000 | FPS: 19.59 | ETA: 60.5 min
2026-08-10 22:23:58,878 | INFO | Steps: 79360/150000 | Episodes: 155 | LastEpReward: 14.807 | RecentReward: 11.038 | ActorLoss: -3.114363 | CriticLoss: 0.025666 | Q: 3.1066 | TargetQ: 3.1065 | TDAbs: 0.1673 | ActorGrad: 0.0925 | CriticGrad: 0.6320 | Noise: 0.1261 | Replay: 50000 | FPS: 19.62 | ETA: 60.0 min
2026-08-10 22:24:18,382 | INFO | Steps: 79872/150000 | Episodes: 156 | LastEpReward: 10.773 | RecentReward: 10.731 | ActorLoss: -3.030303 | CriticLoss: 0.024089 | Q: 3.0239 | TargetQ: 3.0246 | TDAbs: 0.1632 | ActorGrad: 0.0948 | CriticGrad: 0.5771 | Noise: 0.1247 | Replay: 50000 | FPS: 19.65 | ETA: 59.5 min
2026-08-10 22:24:38,314 | INFO | Steps: 80384/150000 | Episodes: 157 | LastEpReward: 11.694 | RecentReward: 11.077 | ActorLoss: -3.031585 | CriticLoss: 0.022705 | Q: 3.0249 | TargetQ: 3.0251 | TDAbs: 0.1572 | ActorGrad: 0.0727 | CriticGrad: 0.5775 | Noise: 0.1232 | Replay: 50000 | FPS: 19.68 | ETA: 59.0 min
2026-08-10 22:24:58,393 | INFO | Steps: 80896/150000 | Episodes: 158 | LastEpReward: 10.875 | RecentReward: 10.443 | ActorLoss: -3.030179 | CriticLoss: 0.020208 | Q: 3.0245 | TargetQ: 3.0245 | TDAbs: 0.1503 | ActorGrad: 0.0866 | CriticGrad: 0.5409 | Noise: 0.1217 | Replay: 50000 | FPS: 19.71 | ETA: 58.4 min
2026-08-10 22:25:18,230 | INFO | Steps: 81408/150000 | Episodes: 159 | LastEpReward: -1.718 | RecentReward: 8.296 | ActorLoss: -3.051422 | CriticLoss: 0.019568 | Q: 3.0435 | TargetQ: 3.0435 | TDAbs: 0.1473 | ActorGrad: 0.0126 | CriticGrad: 0.5161 | Noise: 0.1203 | Replay: 50000 | FPS: 19.74 | ETA: 57.9 min
2026-08-10 22:25:37,685 | INFO | 开始周期评估: Steps=81920 | Episodes=160 | EvalEpisodes=5
2026-08-10 22:26:38,726 | INFO | 周期评估完成: Steps=81920 | MeanReward=-11.265 | StdReward=9.236
2026-08-10 22:26:38,759 | INFO | Steps: 81920/150000 | Episodes: 160 | LastEpReward: -26.308 | RecentReward: 4.311 | ActorLoss: -3.041594 | CriticLoss: 0.017639 | Q: 3.0330 | TargetQ: 3.0347 | TDAbs: 0.1401 | ActorGrad: 0.0159 | CriticGrad: 0.4960 | Noise: 0.1188 | Replay: 50000 | FPS: 19.48 | ETA: 58.2 min
2026-08-10 22:26:59,401 | INFO | Steps: 82432/150000 | Episodes: 161 | LastEpReward: -3.072 | RecentReward: 3.049 | ActorLoss: -3.051989 | CriticLoss: 0.016074 | Q: 3.0438 | TargetQ: 3.0442 | TDAbs: 0.1345 | ActorGrad: 0.0189 | CriticGrad: 0.4728 | Noise: 0.1173 | Replay: 50000 | FPS: 19.51 | ETA: 57.7 min
2026-08-10 22:27:19,619 | INFO | Steps: 82944/150000 | Episodes: 162 | LastEpReward: -14.734 | RecentReward: 0.836 | ActorLoss: -3.085651 | CriticLoss: 0.016150 | Q: 3.0781 | TargetQ: 3.0786 | TDAbs: 0.1357 | ActorGrad: 0.0173 | CriticGrad: 0.4837 | Noise: 0.1159 | Replay: 50000 | FPS: 19.53 | ETA: 57.2 min
2026-08-10 22:27:38,990 | INFO | Steps: 83456/150000 | Episodes: 163 | LastEpReward: 1.963 | RecentReward: 1.029 | ActorLoss: -3.070632 | CriticLoss: 0.016048 | Q: 3.0639 | TargetQ: 3.0640 | TDAbs: 0.1344 | ActorGrad: 0.0110 | CriticGrad: 0.4912 | Noise: 0.1144 | Replay: 50000 | FPS: 19.57 | ETA: 56.7 min
2026-08-10 22:27:57,992 | INFO | Steps: 83968/150000 | Episodes: 164 | LastEpReward: 6.236 | RecentReward: 1.052 | ActorLoss: -3.103097 | CriticLoss: 0.015361 | Q: 3.0957 | TargetQ: 3.0955 | TDAbs: 0.1300 | ActorGrad: 0.0075 | CriticGrad: 0.4411 | Noise: 0.1129 | Replay: 50000 | FPS: 19.60 | ETA: 56.2 min
2026-08-10 22:28:17,279 | INFO | Steps: 84480/150000 | Episodes: 165 | LastEpReward: -0.954 | RecentReward: -0.525 | ActorLoss: -3.088329 | CriticLoss: 0.014935 | Q: 3.0805 | TargetQ: 3.0800 | TDAbs: 0.1290 | ActorGrad: 0.0066 | CriticGrad: 0.4340 | Noise: 0.1115 | Replay: 50000 | FPS: 19.63 | ETA: 55.6 min
2026-08-10 22:28:37,308 | INFO | Steps: 84992/150000 | Episodes: 166 | LastEpReward: 1.871 | RecentReward: -1.415 | ActorLoss: -3.083195 | CriticLoss: 0.014248 | Q: 3.0771 | TargetQ: 3.0771 | TDAbs: 0.1254 | ActorGrad: 0.0036 | CriticGrad: 0.4391 | Noise: 0.1100 | Replay: 50000 | FPS: 19.66 | ETA: 55.1 min
2026-08-10 22:28:56,541 | INFO | Steps: 85504/150000 | Episodes: 167 | LastEpReward: 4.849 | RecentReward: -2.099 | ActorLoss: -3.063245 | CriticLoss: 0.014959 | Q: 3.0580 | TargetQ: 3.0577 | TDAbs: 0.1288 | ActorGrad: 0.0202 | CriticGrad: 0.4579 | Noise: 0.1086 | Replay: 50000 | FPS: 19.69 | ETA: 54.6 min
2026-08-10 22:29:16,105 | INFO | Steps: 86016/150000 | Episodes: 168 | LastEpReward: 11.656 | RecentReward: -2.021 | ActorLoss: -3.066824 | CriticLoss: 0.016528 | Q: 3.0504 | TargetQ: 3.0517 | TDAbs: 0.1369 | ActorGrad: 0.0791 | CriticGrad: 0.4619 | Noise: 0.1071 | Replay: 50000 | FPS: 19.72 | ETA: 54.1 min
2026-08-10 22:29:35,449 | INFO | Steps: 86528/150000 | Episodes: 169 | LastEpReward: 8.851 | RecentReward: -0.964 | ActorLoss: -3.089916 | CriticLoss: 0.015612 | Q: 3.0746 | TargetQ: 3.0755 | TDAbs: 0.1330 | ActorGrad: 0.0854 | CriticGrad: 0.4354 | Noise: 0.1056 | Replay: 50000 | FPS: 19.75 | ETA: 53.6 min
2026-08-10 22:29:56,066 | INFO | 开始周期评估: Steps=87040 | Episodes=170 | EvalEpisodes=5
2026-08-10 22:31:03,190 | INFO | 周期评估完成: Steps=87040 | MeanReward=15.616 | StdReward=3.588
2026-08-10 22:31:03,216 | INFO | Steps: 87040/150000 | Episodes: 170 | LastEpReward: 11.861 | RecentReward: 2.853 | ActorLoss: -3.084262 | CriticLoss: 0.017400 | Q: 3.0727 | TargetQ: 3.0726 | TDAbs: 0.1386 | ActorGrad: 0.0722 | CriticGrad: 0.4534 | Noise: 0.1042 | Replay: 50000 | FPS: 19.47 | ETA: 53.9 min
2026-08-10 22:31:22,690 | INFO | Steps: 87552/150000 | Episodes: 171 | LastEpReward: 5.930 | RecentReward: 3.753 | ActorLoss: -3.066003 | CriticLoss: 0.018560 | Q: 3.0553 | TargetQ: 3.0564 | TDAbs: 0.1421 | ActorGrad: 0.0851 | CriticGrad: 0.4711 | Noise: 0.1027 | Replay: 50000 | FPS: 19.50 | ETA: 53.4 min
2026-08-10 22:31:42,552 | INFO | Steps: 88064/150000 | Episodes: 172 | LastEpReward: 14.105 | RecentReward: 6.637 | ActorLoss: -3.089618 | CriticLoss: 0.019807 | Q: 3.0824 | TargetQ: 3.0827 | TDAbs: 0.1454 | ActorGrad: 0.0868 | CriticGrad: 0.5274 | Noise: 0.1012 | Replay: 50000 | FPS: 19.53 | ETA: 52.9 min
2026-08-10 22:32:04,311 | INFO | Steps: 88576/150000 | Episodes: 173 | LastEpReward: 1.581 | RecentReward: 6.599 | ActorLoss: -3.071095 | CriticLoss: 0.023473 | Q: 3.0629 | TargetQ: 3.0631 | TDAbs: 0.1553 | ActorGrad: 0.0761 | CriticGrad: 0.5767 | Noise: 0.0998 | Replay: 50000 | FPS: 19.55 | ETA: 52.4 min
2026-08-10 22:32:24,917 | INFO | Steps: 89088/150000 | Episodes: 174 | LastEpReward: 12.152 | RecentReward: 7.190 | ActorLoss: -3.100535 | CriticLoss: 0.022648 | Q: 3.0871 | TargetQ: 3.0857 | TDAbs: 0.1547 | ActorGrad: 0.0854 | CriticGrad: 0.5580 | Noise: 0.0983 | Replay: 50000 | FPS: 19.57 | ETA: 51.9 min
2026-08-10 22:32:45,440 | INFO | Steps: 89600/150000 | Episodes: 175 | LastEpReward: 15.355 | RecentReward: 8.821 | ActorLoss: -3.062347 | CriticLoss: 0.024643 | Q: 3.0490 | TargetQ: 3.0501 | TDAbs: 0.1603 | ActorGrad: 0.0740 | CriticGrad: 0.7440 | Noise: 0.0969 | Replay: 50000 | FPS: 19.60 | ETA: 51.4 min
2026-08-10 22:33:05,741 | INFO | Steps: 90112/150000 | Episodes: 176 | LastEpReward: 17.171 | RecentReward: 10.351 | ActorLoss: -3.069859 | CriticLoss: 0.026953 | Q: 3.0569 | TargetQ: 3.0592 | TDAbs: 0.1661 | ActorGrad: 0.0907 | CriticGrad: 0.6483 | Noise: 0.0954 | Replay: 50000 | FPS: 19.62 | ETA: 50.9 min
2026-08-10 22:33:26,181 | INFO | Steps: 90624/150000 | Episodes: 177 | LastEpReward: 18.384 | RecentReward: 11.705 | ActorLoss: -3.067745 | CriticLoss: 0.026342 | Q: 3.0592 | TargetQ: 3.0567 | TDAbs: 0.1643 | ActorGrad: 0.1034 | CriticGrad: 0.6695 | Noise: 0.0939 | Replay: 50000 | FPS: 19.65 | ETA: 50.4 min
2026-08-10 22:33:46,795 | INFO | Steps: 91136/150000 | Episodes: 178 | LastEpReward: 13.526 | RecentReward: 11.892 | ActorLoss: -3.094156 | CriticLoss: 0.029053 | Q: 3.0828 | TargetQ: 3.0839 | TDAbs: 0.1698 | ActorGrad: 0.0899 | CriticGrad: 0.6633 | Noise: 0.0925 | Replay: 50000 | FPS: 19.67 | ETA: 49.9 min
2026-08-10 22:34:07,311 | INFO | Steps: 91648/150000 | Episodes: 179 | LastEpReward: 23.660 | RecentReward: 13.372 | ActorLoss: -3.067018 | CriticLoss: 0.030751 | Q: 3.0505 | TargetQ: 3.0501 | TDAbs: 0.1760 | ActorGrad: 0.0789 | CriticGrad: 0.8190 | Noise: 0.0910 | Replay: 50000 | FPS: 19.69 | ETA: 49.4 min
2026-08-10 22:34:29,461 | INFO | 开始周期评估: Steps=92160 | Episodes=180 | EvalEpisodes=5
2026-08-10 22:35:28,559 | INFO | 周期评估完成: Steps=92160 | MeanReward=17.837 | StdReward=3.995
2026-08-10 22:35:28,583 | INFO | Steps: 92160/150000 | Episodes: 180 | LastEpReward: 22.972 | RecentReward: 14.484 | ActorLoss: -3.109478 | CriticLoss: 0.032186 | Q: 3.0984 | TargetQ: 3.1001 | TDAbs: 0.1756 | ActorGrad: 0.0983 | CriticGrad: 0.7580 | Noise: 0.0895 | Replay: 50000 | FPS: 19.46 | ETA: 49.5 min
2026-08-10 22:35:49,754 | INFO | Steps: 92672/150000 | Episodes: 181 | LastEpReward: 18.829 | RecentReward: 15.774 | ActorLoss: -3.141136 | CriticLoss: 0.032934 | Q: 3.1297 | TargetQ: 3.1302 | TDAbs: 0.1782 | ActorGrad: 0.0913 | CriticGrad: 0.7150 | Noise: 0.0881 | Replay: 50000 | FPS: 19.48 | ETA: 49.0 min
2026-08-10 22:36:09,887 | INFO | Steps: 93184/150000 | Episodes: 182 | LastEpReward: 16.312 | RecentReward: 15.994 | ActorLoss: -3.140910 | CriticLoss: 0.034382 | Q: 3.1290 | TargetQ: 3.1288 | TDAbs: 0.1847 | ActorGrad: 0.0927 | CriticGrad: 0.8617 | Noise: 0.0866 | Replay: 50000 | FPS: 19.51 | ETA: 48.5 min
2026-08-10 22:36:29,266 | INFO | Steps: 93696/150000 | Episodes: 183 | LastEpReward: 1.331 | RecentReward: 15.969 | ActorLoss: -3.125782 | CriticLoss: 0.035585 | Q: 3.1185 | TargetQ: 3.1169 | TDAbs: 0.1846 | ActorGrad: 0.0892 | CriticGrad: 0.8446 | Noise: 0.0852 | Replay: 50000 | FPS: 19.54 | ETA: 48.0 min
2026-08-10 22:36:48,490 | INFO | Steps: 94208/150000 | Episodes: 184 | LastEpReward: 8.405 | RecentReward: 15.594 | ActorLoss: -3.106601 | CriticLoss: 0.039589 | Q: 3.0982 | TargetQ: 3.0971 | TDAbs: 0.1902 | ActorGrad: 0.0811 | CriticGrad: 0.9816 | Noise: 0.0837 | Replay: 50000 | FPS: 19.57 | ETA: 47.5 min
2026-08-10 22:37:09,209 | INFO | Steps: 94720/150000 | Episodes: 185 | LastEpReward: 16.365 | RecentReward: 15.695 | ActorLoss: -3.086159 | CriticLoss: 0.038375 | Q: 3.0751 | TargetQ: 3.0753 | TDAbs: 0.1902 | ActorGrad: 0.0984 | CriticGrad: 0.9308 | Noise: 0.0822 | Replay: 50000 | FPS: 19.59 | ETA: 47.0 min
2026-08-10 22:37:30,167 | INFO | Steps: 95232/150000 | Episodes: 186 | LastEpReward: 7.688 | RecentReward: 14.747 | ActorLoss: -3.090727 | CriticLoss: 0.042090 | Q: 3.0848 | TargetQ: 3.0820 | TDAbs: 0.1982 | ActorGrad: 0.1187 | CriticGrad: 1.0074 | Noise: 0.0808 | Replay: 50000 | FPS: 19.61 | ETA: 46.6 min
2026-08-10 22:37:48,844 | INFO | Steps: 95744/150000 | Episodes: 187 | LastEpReward: 13.024 | RecentReward: 14.211 | ActorLoss: -3.086252 | CriticLoss: 0.042462 | Q: 3.0783 | TargetQ: 3.0788 | TDAbs: 0.1973 | ActorGrad: 0.1229 | CriticGrad: 0.9936 | Noise: 0.0793 | Replay: 50000 | FPS: 19.64 | ETA: 46.0 min
2026-08-10 22:38:08,599 | INFO | Steps: 96256/150000 | Episodes: 188 | LastEpReward: 9.481 | RecentReward: 13.807 | ActorLoss: -2.995380 | CriticLoss: 0.042741 | Q: 2.9863 | TargetQ: 2.9868 | TDAbs: 0.1987 | ActorGrad: 0.1186 | CriticGrad: 1.0224 | Noise: 0.0778 | Replay: 50000 | FPS: 19.66 | ETA: 45.6 min
2026-08-10 22:38:28,871 | INFO | Steps: 96768/150000 | Episodes: 189 | LastEpReward: 12.329 | RecentReward: 12.674 | ActorLoss: -3.031928 | CriticLoss: 0.046333 | Q: 3.0227 | TargetQ: 3.0222 | TDAbs: 0.2016 | ActorGrad: 0.1438 | CriticGrad: 1.0262 | Noise: 0.0764 | Replay: 50000 | FPS: 19.69 | ETA: 45.1 min
2026-08-10 22:38:48,602 | INFO | 开始周期评估: Steps=97280 | Episodes=190 | EvalEpisodes=5
2026-08-10 22:39:51,038 | INFO | 周期评估完成: Steps=97280 | MeanReward=16.308 | StdReward=5.496
2026-08-10 22:39:51,060 | INFO | Steps: 97280/150000 | Episodes: 190 | LastEpReward: 17.165 | RecentReward: 12.093 | ActorLoss: -2.948190 | CriticLoss: 0.045940 | Q: 2.9418 | TargetQ: 2.9433 | TDAbs: 0.2032 | ActorGrad: 0.1129 | CriticGrad: 1.0035 | Noise: 0.0749 | Replay: 50000 | FPS: 19.47 | ETA: 45.1 min
2026-08-10 22:40:10,562 | INFO | Steps: 97792/150000 | Episodes: 191 | LastEpReward: 15.525 | RecentReward: 11.762 | ActorLoss: -3.060072 | CriticLoss: 0.042867 | Q: 3.0537 | TargetQ: 3.0522 | TDAbs: 0.1981 | ActorGrad: 0.0761 | CriticGrad: 1.0573 | Noise: 0.0735 | Replay: 50000 | FPS: 19.49 | ETA: 44.6 min
2026-08-10 22:40:30,047 | INFO | Steps: 98304/150000 | Episodes: 192 | LastEpReward: 21.467 | RecentReward: 12.278 | ActorLoss: -3.054037 | CriticLoss: 0.042281 | Q: 3.0437 | TargetQ: 3.0463 | TDAbs: 0.1928 | ActorGrad: 0.1391 | CriticGrad: 0.9665 | Noise: 0.0720 | Replay: 50000 | FPS: 19.52 | ETA: 44.1 min
2026-08-10 22:40:49,799 | INFO | Steps: 98816/150000 | Episodes: 193 | LastEpReward: 20.826 | RecentReward: 14.227 | ActorLoss: -2.983302 | CriticLoss: 0.042873 | Q: 2.9745 | TargetQ: 2.9735 | TDAbs: 0.1930 | ActorGrad: 0.1346 | CriticGrad: 1.0081 | Noise: 0.0705 | Replay: 50000 | FPS: 19.54 | ETA: 43.7 min
2026-08-10 22:41:09,688 | INFO | Steps: 99328/150000 | Episodes: 194 | LastEpReward: 15.652 | RecentReward: 14.952 | ActorLoss: -2.967486 | CriticLoss: 0.036595 | Q: 2.9576 | TargetQ: 2.9574 | TDAbs: 0.1844 | ActorGrad: 0.1295 | CriticGrad: 0.9389 | Noise: 0.0691 | Replay: 50000 | FPS: 19.57 | ETA: 43.2 min
2026-08-10 22:41:31,717 | INFO | Steps: 99840/150000 | Episodes: 195 | LastEpReward: 8.969 | RecentReward: 14.213 | ActorLoss: -2.958226 | CriticLoss: 0.038885 | Q: 2.9485 | TargetQ: 2.9486 | TDAbs: 0.1881 | ActorGrad: 0.1386 | CriticGrad: 1.0141 | Noise: 0.0676 | Replay: 50000 | FPS: 19.58 | ETA: 42.7 min
2026-08-10 22:41:51,866 | INFO | Steps: 100352/150000 | Episodes: 196 | LastEpReward: 16.871 | RecentReward: 15.131 | ActorLoss: -2.995418 | CriticLoss: 0.040080 | Q: 2.9857 | TargetQ: 2.9848 | TDAbs: 0.1891 | ActorGrad: 0.1135 | CriticGrad: 0.9611 | Noise: 0.0661 | Replay: 50000 | FPS: 19.61 | ETA: 42.2 min
2026-08-10 22:42:11,166 | INFO | Steps: 100864/150000 | Episodes: 197 | LastEpReward: 15.259 | RecentReward: 15.354 | ActorLoss: -2.934729 | CriticLoss: 0.039260 | Q: 2.9245 | TargetQ: 2.9246 | TDAbs: 0.1856 | ActorGrad: 0.1201 | CriticGrad: 0.9574 | Noise: 0.0647 | Replay: 50000 | FPS: 19.63 | ETA: 41.7 min
2026-08-10 22:42:31,877 | INFO | Steps: 101376/150000 | Episodes: 198 | LastEpReward: 14.783 | RecentReward: 15.885 | ActorLoss: -2.934256 | CriticLoss: 0.037890 | Q: 2.9260 | TargetQ: 2.9260 | TDAbs: 0.1828 | ActorGrad: 0.0974 | CriticGrad: 0.9510 | Noise: 0.0632 | Replay: 50000 | FPS: 19.65 | ETA: 41.2 min
2026-08-10 22:42:52,098 | INFO | Steps: 101888/150000 | Episodes: 199 | LastEpReward: 24.010 | RecentReward: 17.053 | ActorLoss: -3.033597 | CriticLoss: 0.035041 | Q: 3.0229 | TargetQ: 3.0245 | TDAbs: 0.1770 | ActorGrad: 0.1104 | CriticGrad: 0.8811 | Noise: 0.0617 | Replay: 50000 | FPS: 19.67 | ETA: 40.8 min
2026-08-10 22:43:11,642 | INFO | 开始周期评估: Steps=102400 | Episodes=200 | EvalEpisodes=5
2026-08-10 22:44:10,402 | INFO | 周期评估完成: Steps=102400 | MeanReward=20.259 | StdReward=4.467
2026-08-10 22:44:10,422 | INFO | Steps: 102400/150000 | Episodes: 200 | LastEpReward: 19.196 | RecentReward: 17.256 | ActorLoss: -2.930892 | CriticLoss: 0.037754 | Q: 2.9201 | TargetQ: 2.9211 | TDAbs: 0.1821 | ActorGrad: 0.1290 | CriticGrad: 0.9322 | Noise: 0.0603 | Replay: 50000 | FPS: 19.48 | ETA: 40.7 min
2026-08-10 22:44:30,227 | INFO | Steps: 102912/150000 | Episodes: 201 | LastEpReward: 14.945 | RecentReward: 17.198 | ActorLoss: -2.969748 | CriticLoss: 0.035155 | Q: 2.9584 | TargetQ: 2.9598 | TDAbs: 0.1806 | ActorGrad: 0.1307 | CriticGrad: 0.8698 | Noise: 0.0588 | Replay: 50000 | FPS: 19.50 | ETA: 40.2 min
2026-08-10 22:44:49,905 | INFO | Steps: 103424/150000 | Episodes: 202 | LastEpReward: 5.727 | RecentReward: 15.624 | ActorLoss: -2.925592 | CriticLoss: 0.037647 | Q: 2.9112 | TargetQ: 2.9101 | TDAbs: 0.1790 | ActorGrad: 0.1043 | CriticGrad: 0.9259 | Noise: 0.0574 | Replay: 50000 | FPS: 19.53 | ETA: 39.8 min
2026-08-10 22:45:11,065 | INFO | Steps: 103936/150000 | Episodes: 203 | LastEpReward: 11.392 | RecentReward: 14.680 | ActorLoss: -2.923631 | CriticLoss: 0.036397 | Q: 2.9149 | TargetQ: 2.9154 | TDAbs: 0.1813 | ActorGrad: 0.0553 | CriticGrad: 0.9155 | Noise: 0.0559 | Replay: 50000 | FPS: 19.55 | ETA: 39.3 min
2026-08-10 22:45:31,048 | INFO | Steps: 104448/150000 | Episodes: 204 | LastEpReward: 23.442 | RecentReward: 15.459 | ActorLoss: -2.957555 | CriticLoss: 0.033991 | Q: 2.9449 | TargetQ: 2.9432 | TDAbs: 0.1768 | ActorGrad: 0.0516 | CriticGrad: 0.9575 | Noise: 0.0544 | Replay: 50000 | FPS: 19.57 | ETA: 38.8 min
2026-08-10 22:45:50,633 | INFO | Steps: 104960/150000 | Episodes: 205 | LastEpReward: 7.530 | RecentReward: 15.315 | ActorLoss: -2.937647 | CriticLoss: 0.034227 | Q: 2.9295 | TargetQ: 2.9306 | TDAbs: 0.1759 | ActorGrad: 0.0488 | CriticGrad: 0.9042 | Noise: 0.0530 | Replay: 50000 | FPS: 19.59 | ETA: 38.3 min
2026-08-10 22:46:10,174 | INFO | Steps: 105472/150000 | Episodes: 206 | LastEpReward: 19.987 | RecentReward: 15.627 | ActorLoss: -2.920259 | CriticLoss: 0.031137 | Q: 2.9110 | TargetQ: 2.9111 | TDAbs: 0.1673 | ActorGrad: 0.0505 | CriticGrad: 0.8432 | Noise: 0.0515 | Replay: 50000 | FPS: 19.62 | ETA: 37.8 min
2026-08-10 22:46:31,751 | INFO | Steps: 105984/150000 | Episodes: 207 | LastEpReward: 22.261 | RecentReward: 16.327 | ActorLoss: -2.971801 | CriticLoss: 0.033303 | Q: 2.9611 | TargetQ: 2.9614 | TDAbs: 0.1709 | ActorGrad: 0.0486 | CriticGrad: 0.9463 | Noise: 0.0500 | Replay: 50000 | FPS: 19.63 | ETA: 37.4 min
2026-08-10 22:46:50,879 | INFO | Steps: 106496/150000 | Episodes: 208 | LastEpReward: 8.674 | RecentReward: 15.716 | ActorLoss: -2.895763 | CriticLoss: 0.031967 | Q: 2.8839 | TargetQ: 2.8825 | TDAbs: 0.1701 | ActorGrad: 0.0860 | CriticGrad: 0.8747 | Noise: 0.0500 | Replay: 50000 | FPS: 19.66 | ETA: 36.9 min
2026-08-10 22:47:10,443 | INFO | Steps: 107008/150000 | Episodes: 209 | LastEpReward: 17.927 | RecentReward: 15.108 | ActorLoss: -2.835283 | CriticLoss: 0.029288 | Q: 2.8240 | TargetQ: 2.8259 | TDAbs: 0.1645 | ActorGrad: 0.0388 | CriticGrad: 0.8153 | Noise: 0.0500 | Replay: 50000 | FPS: 19.68 | ETA: 36.4 min
2026-08-10 22:47:30,044 | INFO | 开始周期评估: Steps=107520 | Episodes=210 | EvalEpisodes=5
2026-08-10 22:48:34,861 | INFO | 周期评估完成: Steps=107520 | MeanReward=19.676 | StdReward=3.891
2026-08-10 22:48:34,881 | INFO | Steps: 107520/150000 | Episodes: 210 | LastEpReward: 19.998 | RecentReward: 15.188 | ActorLoss: -2.858043 | CriticLoss: 0.033838 | Q: 2.8512 | TargetQ: 2.8523 | TDAbs: 0.1707 | ActorGrad: 0.1311 | CriticGrad: 0.8559 | Noise: 0.0500 | Replay: 50000 | FPS: 19.47 | ETA: 36.4 min
2026-08-10 22:48:54,490 | INFO | Steps: 108032/150000 | Episodes: 211 | LastEpReward: 15.353 | RecentReward: 15.229 | ActorLoss: -2.732160 | CriticLoss: 0.026765 | Q: 2.7258 | TargetQ: 2.7268 | TDAbs: 0.1606 | ActorGrad: 0.0794 | CriticGrad: 0.7077 | Noise: 0.0500 | Replay: 50000 | FPS: 19.50 | ETA: 35.9 min
2026-08-10 22:49:14,024 | INFO | Steps: 108544/150000 | Episodes: 212 | LastEpReward: 15.857 | RecentReward: 16.242 | ActorLoss: -2.724683 | CriticLoss: 0.028021 | Q: 2.7164 | TargetQ: 2.7163 | TDAbs: 0.1615 | ActorGrad: 0.0860 | CriticGrad: 0.6956 | Noise: 0.0500 | Replay: 50000 | FPS: 19.52 | ETA: 35.4 min
2026-08-10 22:49:33,017 | INFO | Steps: 109056/150000 | Episodes: 213 | LastEpReward: 13.726 | RecentReward: 16.476 | ActorLoss: -2.748518 | CriticLoss: 0.023735 | Q: 2.7429 | TargetQ: 2.7449 | TDAbs: 0.1550 | ActorGrad: 0.1243 | CriticGrad: 0.6752 | Noise: 0.0500 | Replay: 50000 | FPS: 19.55 | ETA: 34.9 min
2026-08-10 22:49:55,710 | INFO | Steps: 109568/150000 | Episodes: 214 | LastEpReward: 10.354 | RecentReward: 15.167 | ActorLoss: -2.730271 | CriticLoss: 0.024222 | Q: 2.7232 | TargetQ: 2.7230 | TDAbs: 0.1553 | ActorGrad: 0.0839 | CriticGrad: 0.6322 | Noise: 0.0500 | Replay: 50000 | FPS: 19.56 | ETA: 34.5 min
2026-08-10 22:50:16,979 | INFO | Steps: 110080/150000 | Episodes: 215 | LastEpReward: 17.937 | RecentReward: 16.207 | ActorLoss: -2.724570 | CriticLoss: 0.021220 | Q: 2.7178 | TargetQ: 2.7196 | TDAbs: 0.1473 | ActorGrad: 0.0937 | CriticGrad: 0.6196 | Noise: 0.0500 | Replay: 50000 | FPS: 19.58 | ETA: 34.0 min
2026-08-10 22:50:38,590 | INFO | Steps: 110592/150000 | Episodes: 216 | LastEpReward: 23.134 | RecentReward: 16.522 | ActorLoss: -2.703917 | CriticLoss: 0.022562 | Q: 2.6957 | TargetQ: 2.6976 | TDAbs: 0.1482 | ActorGrad: 0.0844 | CriticGrad: 0.6131 | Noise: 0.0500 | Replay: 50000 | FPS: 19.59 | ETA: 33.5 min
2026-08-10 22:50:58,189 | INFO | Steps: 111104/150000 | Episodes: 217 | LastEpReward: 17.187 | RecentReward: 16.015 | ActorLoss: -2.684856 | CriticLoss: 0.021729 | Q: 2.6773 | TargetQ: 2.6785 | TDAbs: 0.1470 | ActorGrad: 0.1008 | CriticGrad: 0.6114 | Noise: 0.0500 | Replay: 50000 | FPS: 19.61 | ETA: 33.1 min
2026-08-10 22:51:17,687 | INFO | Steps: 111616/150000 | Episodes: 218 | LastEpReward: 18.899 | RecentReward: 17.037 | ActorLoss: -2.726997 | CriticLoss: 0.019832 | Q: 2.7218 | TargetQ: 2.7220 | TDAbs: 0.1424 | ActorGrad: 0.0993 | CriticGrad: 0.5381 | Noise: 0.0500 | Replay: 50000 | FPS: 19.64 | ETA: 32.6 min
2026-08-10 22:51:36,831 | INFO | Steps: 112128/150000 | Episodes: 219 | LastEpReward: 17.628 | RecentReward: 17.007 | ActorLoss: -2.727641 | CriticLoss: 0.020793 | Q: 2.7209 | TargetQ: 2.7224 | TDAbs: 0.1426 | ActorGrad: 0.1092 | CriticGrad: 0.5738 | Noise: 0.0500 | Replay: 50000 | FPS: 19.66 | ETA: 32.1 min
2026-08-10 22:51:57,672 | INFO | 开始周期评估: Steps=112640 | Episodes=220 | EvalEpisodes=5
2026-08-10 22:53:03,439 | INFO | 周期评估完成: Steps=112640 | MeanReward=21.026 | StdReward=3.647
2026-08-10 22:53:03,556 | INFO | Steps: 112640/150000 | Episodes: 220 | LastEpReward: 15.539 | RecentReward: 16.561 | ActorLoss: -2.707374 | CriticLoss: 0.020296 | Q: 2.6972 | TargetQ: 2.6975 | TDAbs: 0.1419 | ActorGrad: 0.1073 | CriticGrad: 0.5907 | Noise: 0.0500 | Replay: 50000 | FPS: 19.45 | ETA: 32.0 min
2026-08-10 22:53:23,463 | INFO | Steps: 113152/150000 | Episodes: 221 | LastEpReward: 19.850 | RecentReward: 17.011 | ActorLoss: -2.697453 | CriticLoss: 0.018310 | Q: 2.6921 | TargetQ: 2.6920 | TDAbs: 0.1377 | ActorGrad: 0.0998 | CriticGrad: 0.5219 | Noise: 0.0500 | Replay: 50000 | FPS: 19.48 | ETA: 31.5 min
2026-08-10 22:53:44,097 | INFO | Steps: 113664/150000 | Episodes: 222 | LastEpReward: 21.923 | RecentReward: 17.618 | ActorLoss: -2.661122 | CriticLoss: 0.019529 | Q: 2.6559 | TargetQ: 2.6553 | TDAbs: 0.1399 | ActorGrad: 0.0873 | CriticGrad: 0.5443 | Noise: 0.0500 | Replay: 50000 | FPS: 19.49 | ETA: 31.1 min
2026-08-10 22:54:05,092 | INFO | Steps: 114176/150000 | Episodes: 223 | LastEpReward: 13.032 | RecentReward: 17.548 | ActorLoss: -2.601099 | CriticLoss: 0.018276 | Q: 2.5962 | TargetQ: 2.5967 | TDAbs: 0.1377 | ActorGrad: 0.0879 | CriticGrad: 0.4963 | Noise: 0.0500 | Replay: 50000 | FPS: 19.51 | ETA: 30.6 min
2026-08-10 22:54:25,810 | INFO | Steps: 114688/150000 | Episodes: 224 | LastEpReward: 14.603 | RecentReward: 17.973 | ActorLoss: -2.611023 | CriticLoss: 0.018606 | Q: 2.6076 | TargetQ: 2.6075 | TDAbs: 0.1368 | ActorGrad: 0.0791 | CriticGrad: 0.5248 | Noise: 0.0500 | Replay: 50000 | FPS: 19.53 | ETA: 30.1 min
2026-08-10 22:54:48,539 | INFO | Steps: 115200/150000 | Episodes: 225 | LastEpReward: 24.107 | RecentReward: 18.590 | ActorLoss: -2.620222 | CriticLoss: 0.019020 | Q: 2.6169 | TargetQ: 2.6181 | TDAbs: 0.1375 | ActorGrad: 0.0835 | CriticGrad: 0.5361 | Noise: 0.0500 | Replay: 50000 | FPS: 19.54 | ETA: 29.7 min
2026-08-10 22:55:08,488 | INFO | Steps: 115712/150000 | Episodes: 226 | LastEpReward: 12.923 | RecentReward: 17.569 | ActorLoss: -2.596849 | CriticLoss: 0.018075 | Q: 2.5899 | TargetQ: 2.5890 | TDAbs: 0.1365 | ActorGrad: 0.0715 | CriticGrad: 0.4939 | Noise: 0.0500 | Replay: 50000 | FPS: 19.56 | ETA: 29.2 min
2026-08-10 22:55:27,909 | INFO | Steps: 116224/150000 | Episodes: 227 | LastEpReward: 17.848 | RecentReward: 17.635 | ActorLoss: -2.528792 | CriticLoss: 0.018253 | Q: 2.5232 | TargetQ: 2.5235 | TDAbs: 0.1334 | ActorGrad: 0.0583 | CriticGrad: 0.4825 | Noise: 0.0500 | Replay: 50000 | FPS: 19.58 | ETA: 28.7 min
2026-08-10 22:55:47,324 | INFO | Steps: 116736/150000 | Episodes: 228 | LastEpReward: 15.259 | RecentReward: 17.271 | ActorLoss: -2.520504 | CriticLoss: 0.016150 | Q: 2.5142 | TargetQ: 2.5145 | TDAbs: 0.1302 | ActorGrad: 0.0603 | CriticGrad: 0.4823 | Noise: 0.0500 | Replay: 50000 | FPS: 19.61 | ETA: 28.3 min
2026-08-10 22:56:07,090 | INFO | Steps: 117248/150000 | Episodes: 229 | LastEpReward: 23.399 | RecentReward: 17.848 | ActorLoss: -2.463890 | CriticLoss: 0.016439 | Q: 2.4576 | TargetQ: 2.4582 | TDAbs: 0.1304 | ActorGrad: 0.0509 | CriticGrad: 0.5072 | Noise: 0.0500 | Replay: 50000 | FPS: 19.63 | ETA: 27.8 min
2026-08-10 22:56:26,815 | INFO | 开始周期评估: Steps=117760 | Episodes=230 | EvalEpisodes=5
2026-08-10 22:57:30,858 | INFO | 周期评估完成: Steps=117760 | MeanReward=21.624 | StdReward=4.239
2026-08-10 22:57:30,988 | INFO | Steps: 117760/150000 | Episodes: 230 | LastEpReward: 18.443 | RecentReward: 18.139 | ActorLoss: -2.474527 | CriticLoss: 0.015988 | Q: 2.4702 | TargetQ: 2.4708 | TDAbs: 0.1296 | ActorGrad: 0.0498 | CriticGrad: 0.4903 | Noise: 0.0500 | Replay: 50000 | FPS: 19.44 | ETA: 27.6 min
2026-08-10 22:57:50,750 | INFO | Steps: 118272/150000 | Episodes: 231 | LastEpReward: 20.369 | RecentReward: 18.191 | ActorLoss: -2.538149 | CriticLoss: 0.016124 | Q: 2.5319 | TargetQ: 2.5333 | TDAbs: 0.1283 | ActorGrad: 0.0589 | CriticGrad: 0.4833 | Noise: 0.0500 | Replay: 50000 | FPS: 19.46 | ETA: 27.2 min
2026-08-10 22:58:13,152 | INFO | Steps: 118784/150000 | Episodes: 232 | LastEpReward: 21.533 | RecentReward: 18.152 | ActorLoss: -2.501173 | CriticLoss: 0.015019 | Q: 2.4966 | TargetQ: 2.4962 | TDAbs: 0.1252 | ActorGrad: 0.0525 | CriticGrad: 0.4205 | Noise: 0.0500 | Replay: 50000 | FPS: 19.47 | ETA: 26.7 min
2026-08-10 22:58:33,692 | INFO | Steps: 119296/150000 | Episodes: 233 | LastEpReward: 23.662 | RecentReward: 19.215 | ActorLoss: -2.486768 | CriticLoss: 0.015491 | Q: 2.4828 | TargetQ: 2.4818 | TDAbs: 0.1266 | ActorGrad: 0.0566 | CriticGrad: 0.4556 | Noise: 0.0500 | Replay: 50000 | FPS: 19.49 | ETA: 26.3 min
2026-08-10 22:58:54,036 | INFO | Steps: 119808/150000 | Episodes: 234 | LastEpReward: 20.554 | RecentReward: 19.810 | ActorLoss: -2.422958 | CriticLoss: 0.015393 | Q: 2.4191 | TargetQ: 2.4184 | TDAbs: 0.1270 | ActorGrad: 0.0509 | CriticGrad: 0.4919 | Noise: 0.0500 | Replay: 50000 | FPS: 19.51 | ETA: 25.8 min
2026-08-10 22:59:15,324 | INFO | Steps: 120320/150000 | Episodes: 235 | LastEpReward: 24.595 | RecentReward: 19.859 | ActorLoss: -2.435422 | CriticLoss: 0.014472 | Q: 2.4312 | TargetQ: 2.4310 | TDAbs: 0.1241 | ActorGrad: 0.0426 | CriticGrad: 0.4453 | Noise: 0.0500 | Replay: 50000 | FPS: 19.53 | ETA: 25.3 min
2026-08-10 22:59:35,203 | INFO | Steps: 120832/150000 | Episodes: 236 | LastEpReward: 20.089 | RecentReward: 20.575 | ActorLoss: -2.474276 | CriticLoss: 0.014748 | Q: 2.4687 | TargetQ: 2.4678 | TDAbs: 0.1240 | ActorGrad: 0.0558 | CriticGrad: 0.4878 | Noise: 0.0500 | Replay: 50000 | FPS: 19.55 | ETA: 24.9 min
2026-08-10 22:59:54,796 | INFO | Steps: 121344/150000 | Episodes: 237 | LastEpReward: 19.924 | RecentReward: 20.783 | ActorLoss: -2.470474 | CriticLoss: 0.014766 | Q: 2.4663 | TargetQ: 2.4659 | TDAbs: 0.1253 | ActorGrad: 0.0481 | CriticGrad: 0.4461 | Noise: 0.0500 | Replay: 50000 | FPS: 19.57 | ETA: 24.4 min
2026-08-10 23:00:15,749 | INFO | Steps: 121856/150000 | Episodes: 238 | LastEpReward: 19.221 | RecentReward: 21.179 | ActorLoss: -2.422557 | CriticLoss: 0.014251 | Q: 2.4183 | TargetQ: 2.4175 | TDAbs: 0.1232 | ActorGrad: 0.0455 | CriticGrad: 0.4671 | Noise: 0.0500 | Replay: 50000 | FPS: 19.58 | ETA: 24.0 min
2026-08-10 23:00:35,986 | INFO | Steps: 122368/150000 | Episodes: 239 | LastEpReward: 13.395 | RecentReward: 20.179 | ActorLoss: -2.420622 | CriticLoss: 0.014734 | Q: 2.4166 | TargetQ: 2.4165 | TDAbs: 0.1222 | ActorGrad: 0.0415 | CriticGrad: 0.4500 | Noise: 0.0500 | Replay: 50000 | FPS: 19.60 | ETA: 23.5 min
2026-08-10 23:00:55,917 | INFO | 开始周期评估: Steps=122880 | Episodes=240 | EvalEpisodes=5
2026-08-10 23:01:57,008 | INFO | 周期评估完成: Steps=122880 | MeanReward=21.604 | StdReward=4.176
2026-08-10 23:01:57,034 | INFO | Steps: 122880/150000 | Episodes: 240 | LastEpReward: 16.446 | RecentReward: 19.979 | ActorLoss: -2.401194 | CriticLoss: 0.016844 | Q: 2.3958 | TargetQ: 2.3967 | TDAbs: 0.1248 | ActorGrad: 0.0437 | CriticGrad: 0.5071 | Noise: 0.0500 | Replay: 50000 | FPS: 19.43 | ETA: 23.3 min
2026-08-10 23:02:16,999 | INFO | Steps: 123392/150000 | Episodes: 241 | LastEpReward: 17.977 | RecentReward: 19.740 | ActorLoss: -2.447174 | CriticLoss: 0.014307 | Q: 2.4426 | TargetQ: 2.4432 | TDAbs: 0.1205 | ActorGrad: 0.0310 | CriticGrad: 0.4287 | Noise: 0.0500 | Replay: 50000 | FPS: 19.45 | ETA: 22.8 min
2026-08-10 23:02:37,978 | INFO | Steps: 123904/150000 | Episodes: 242 | LastEpReward: 19.642 | RecentReward: 19.551 | ActorLoss: -2.430169 | CriticLoss: 0.013973 | Q: 2.4263 | TargetQ: 2.4266 | TDAbs: 0.1198 | ActorGrad: 0.0382 | CriticGrad: 0.4493 | Noise: 0.0500 | Replay: 50000 | FPS: 19.47 | ETA: 22.3 min
2026-08-10 23:02:59,149 | INFO | Steps: 124416/150000 | Episodes: 243 | LastEpReward: 18.205 | RecentReward: 19.005 | ActorLoss: -2.446915 | CriticLoss: 0.014206 | Q: 2.4418 | TargetQ: 2.4411 | TDAbs: 0.1211 | ActorGrad: 0.0484 | CriticGrad: 0.4624 | Noise: 0.0500 | Replay: 50000 | FPS: 19.48 | ETA: 21.9 min
2026-08-10 23:03:18,846 | INFO | Steps: 124928/150000 | Episodes: 244 | LastEpReward: 17.074 | RecentReward: 18.657 | ActorLoss: -2.446635 | CriticLoss: 0.015023 | Q: 2.4419 | TargetQ: 2.4426 | TDAbs: 0.1226 | ActorGrad: 0.0398 | CriticGrad: 0.4425 | Noise: 0.0500 | Replay: 50000 | FPS: 19.50 | ETA: 21.4 min
2026-08-10 23:03:39,511 | INFO | Steps: 125440/150000 | Episodes: 245 | LastEpReward: 13.842 | RecentReward: 17.582 | ActorLoss: -2.423872 | CriticLoss: 0.015234 | Q: 2.4186 | TargetQ: 2.4195 | TDAbs: 0.1215 | ActorGrad: 0.0448 | CriticGrad: 0.4972 | Noise: 0.0500 | Replay: 50000 | FPS: 19.52 | ETA: 21.0 min
2026-08-10 23:03:58,585 | INFO | Steps: 125952/150000 | Episodes: 246 | LastEpReward: 21.035 | RecentReward: 17.676 | ActorLoss: -2.471915 | CriticLoss: 0.013271 | Q: 2.4666 | TargetQ: 2.4664 | TDAbs: 0.1189 | ActorGrad: 0.0530 | CriticGrad: 0.4150 | Noise: 0.0500 | Replay: 50000 | FPS: 19.54 | ETA: 20.5 min
2026-08-10 23:04:18,580 | INFO | Steps: 126464/150000 | Episodes: 247 | LastEpReward: 16.529 | RecentReward: 17.337 | ActorLoss: -2.425971 | CriticLoss: 0.014646 | Q: 2.4195 | TargetQ: 2.4197 | TDAbs: 0.1206 | ActorGrad: 0.0326 | CriticGrad: 0.4596 | Noise: 0.0500 | Replay: 50000 | FPS: 19.56 | ETA: 20.1 min
2026-08-10 23:04:41,058 | INFO | Steps: 126976/150000 | Episodes: 248 | LastEpReward: 29.835 | RecentReward: 18.398 | ActorLoss: -2.443534 | CriticLoss: 0.013922 | Q: 2.4394 | TargetQ: 2.4390 | TDAbs: 0.1190 | ActorGrad: 0.0524 | CriticGrad: 0.4904 | Noise: 0.0500 | Replay: 50000 | FPS: 19.57 | ETA: 19.6 min
2026-08-10 23:05:00,770 | INFO | Steps: 127488/150000 | Episodes: 249 | LastEpReward: 19.969 | RecentReward: 19.056 | ActorLoss: -2.462943 | CriticLoss: 0.014036 | Q: 2.4598 | TargetQ: 2.4592 | TDAbs: 0.1198 | ActorGrad: 0.0423 | CriticGrad: 0.4451 | Noise: 0.0500 | Replay: 50000 | FPS: 19.59 | ETA: 19.2 min
2026-08-10 23:05:21,212 | INFO | 开始周期评估: Steps=128000 | Episodes=250 | EvalEpisodes=5
2026-08-10 23:06:19,915 | INFO | 周期评估完成: Steps=128000 | MeanReward=21.855 | StdReward=4.279
2026-08-10 23:06:20,034 | INFO | Steps: 128000/150000 | Episodes: 250 | LastEpReward: 22.767 | RecentReward: 19.688 | ActorLoss: -2.436807 | CriticLoss: 0.013819 | Q: 2.4322 | TargetQ: 2.4329 | TDAbs: 0.1191 | ActorGrad: 0.0461 | CriticGrad: 0.4607 | Noise: 0.0500 | Replay: 50000 | FPS: 19.43 | ETA: 18.9 min
2026-08-10 23:06:39,591 | INFO | Steps: 128512/150000 | Episodes: 251 | LastEpReward: 13.993 | RecentReward: 19.289 | ActorLoss: -2.482434 | CriticLoss: 0.013432 | Q: 2.4791 | TargetQ: 2.4782 | TDAbs: 0.1186 | ActorGrad: 0.0490 | CriticGrad: 0.4270 | Noise: 0.0500 | Replay: 50000 | FPS: 19.45 | ETA: 18.4 min
2026-08-10 23:06:59,412 | INFO | Steps: 129024/150000 | Episodes: 252 | LastEpReward: 17.007 | RecentReward: 19.026 | ActorLoss: -2.466060 | CriticLoss: 0.013579 | Q: 2.4616 | TargetQ: 2.4607 | TDAbs: 0.1161 | ActorGrad: 0.0565 | CriticGrad: 0.4148 | Noise: 0.0500 | Replay: 50000 | FPS: 19.47 | ETA: 18.0 min
2026-08-10 23:07:18,854 | INFO | Steps: 129536/150000 | Episodes: 253 | LastEpReward: 10.368 | RecentReward: 18.242 | ActorLoss: -2.453310 | CriticLoss: 0.013277 | Q: 2.4491 | TargetQ: 2.4493 | TDAbs: 0.1161 | ActorGrad: 0.0612 | CriticGrad: 0.4268 | Noise: 0.0500 | Replay: 50000 | FPS: 19.49 | ETA: 17.5 min
2026-08-10 23:07:40,648 | INFO | Steps: 130048/150000 | Episodes: 254 | LastEpReward: 22.533 | RecentReward: 18.788 | ActorLoss: -2.479125 | CriticLoss: 0.013442 | Q: 2.4739 | TargetQ: 2.4727 | TDAbs: 0.1168 | ActorGrad: 0.0604 | CriticGrad: 0.4378 | Noise: 0.0500 | Replay: 50000 | FPS: 19.51 | ETA: 17.0 min
2026-08-10 23:08:00,849 | INFO | Steps: 130560/150000 | Episodes: 255 | LastEpReward: 12.163 | RecentReward: 18.620 | ActorLoss: -2.479673 | CriticLoss: 0.012778 | Q: 2.4768 | TargetQ: 2.4759 | TDAbs: 0.1167 | ActorGrad: 0.0644 | CriticGrad: 0.4919 | Noise: 0.0500 | Replay: 50000 | FPS: 19.52 | ETA: 16.6 min
2026-08-10 23:08:21,250 | INFO | Steps: 131072/150000 | Episodes: 256 | LastEpReward: 24.998 | RecentReward: 19.016 | ActorLoss: -2.458370 | CriticLoss: 0.013243 | Q: 2.4527 | TargetQ: 2.4531 | TDAbs: 0.1169 | ActorGrad: 0.0797 | CriticGrad: 0.4407 | Noise: 0.0500 | Replay: 50000 | FPS: 19.54 | ETA: 16.1 min
2026-08-10 23:08:41,232 | INFO | Steps: 131584/150000 | Episodes: 257 | LastEpReward: 25.514 | RecentReward: 19.915 | ActorLoss: -2.509937 | CriticLoss: 0.013482 | Q: 2.5061 | TargetQ: 2.5055 | TDAbs: 0.1153 | ActorGrad: 0.0501 | CriticGrad: 0.4739 | Noise: 0.0500 | Replay: 50000 | FPS: 19.56 | ETA: 15.7 min
2026-08-10 23:09:01,064 | INFO | Steps: 132096/150000 | Episodes: 258 | LastEpReward: 22.231 | RecentReward: 19.154 | ActorLoss: -2.635196 | CriticLoss: 0.010917 | Q: 2.6309 | TargetQ: 2.6313 | TDAbs: 0.1098 | ActorGrad: 0.0702 | CriticGrad: 0.3537 | Noise: 0.0500 | Replay: 50000 | FPS: 19.58 | ETA: 15.2 min
2026-08-10 23:09:21,325 | INFO | Steps: 132608/150000 | Episodes: 259 | LastEpReward: 10.738 | RecentReward: 18.231 | ActorLoss: -2.611811 | CriticLoss: 0.011060 | Q: 2.6083 | TargetQ: 2.6087 | TDAbs: 0.1110 | ActorGrad: 0.0615 | CriticGrad: 0.3951 | Noise: 0.0500 | Replay: 50000 | FPS: 19.59 | ETA: 14.8 min
2026-08-10 23:09:42,384 | INFO | 开始周期评估: Steps=133120 | Episodes=260 | EvalEpisodes=5
2026-08-10 23:10:47,620 | INFO | 周期评估完成: Steps=133120 | MeanReward=21.519 | StdReward=4.295
2026-08-10 23:10:47,644 | INFO | Steps: 133120/150000 | Episodes: 260 | LastEpReward: 29.703 | RecentReward: 18.925 | ActorLoss: -2.623340 | CriticLoss: 0.010921 | Q: 2.6207 | TargetQ: 2.6202 | TDAbs: 0.1098 | ActorGrad: 0.0621 | CriticGrad: 0.4084 | Noise: 0.0500 | Replay: 50000 | FPS: 19.42 | ETA: 14.5 min
2026-08-10 23:11:07,075 | INFO | Steps: 133632/150000 | Episodes: 261 | LastEpReward: 15.702 | RecentReward: 19.096 | ActorLoss: -2.651017 | CriticLoss: 0.011550 | Q: 2.6483 | TargetQ: 2.6487 | TDAbs: 0.1116 | ActorGrad: 0.0838 | CriticGrad: 0.3224 | Noise: 0.0500 | Replay: 50000 | FPS: 19.44 | ETA: 14.0 min
2026-08-10 23:11:26,822 | INFO | Steps: 134144/150000 | Episodes: 262 | LastEpReward: 18.384 | RecentReward: 19.233 | ActorLoss: -2.682308 | CriticLoss: 0.010231 | Q: 2.6806 | TargetQ: 2.6806 | TDAbs: 0.1075 | ActorGrad: 0.0699 | CriticGrad: 0.3367 | Noise: 0.0500 | Replay: 50000 | FPS: 19.46 | ETA: 13.6 min
2026-08-10 23:11:47,085 | INFO | Steps: 134656/150000 | Episodes: 263 | LastEpReward: 22.834 | RecentReward: 20.480 | ActorLoss: -2.696290 | CriticLoss: 0.010838 | Q: 2.6937 | TargetQ: 2.6930 | TDAbs: 0.1084 | ActorGrad: 0.0719 | CriticGrad: 0.3241 | Noise: 0.0500 | Replay: 50000 | FPS: 19.48 | ETA: 13.1 min
2026-08-10 23:12:06,636 | INFO | Steps: 135168/150000 | Episodes: 264 | LastEpReward: 21.033 | RecentReward: 20.330 | ActorLoss: -2.690174 | CriticLoss: 0.010033 | Q: 2.6882 | TargetQ: 2.6882 | TDAbs: 0.1072 | ActorGrad: 0.0738 | CriticGrad: 0.3607 | Noise: 0.0500 | Replay: 50000 | FPS: 19.50 | ETA: 12.7 min
2026-08-10 23:12:27,620 | INFO | Steps: 135680/150000 | Episodes: 265 | LastEpReward: 14.273 | RecentReward: 20.541 | ActorLoss: -2.695279 | CriticLoss: 0.010082 | Q: 2.6941 | TargetQ: 2.6948 | TDAbs: 0.1068 | ActorGrad: 0.0613 | CriticGrad: 0.3954 | Noise: 0.0500 | Replay: 50000 | FPS: 19.51 | ETA: 12.2 min
2026-08-10 23:12:48,320 | INFO | Steps: 136192/150000 | Episodes: 266 | LastEpReward: 23.037 | RecentReward: 20.345 | ActorLoss: -2.713206 | CriticLoss: 0.009923 | Q: 2.7116 | TargetQ: 2.7115 | TDAbs: 0.1066 | ActorGrad: 0.0729 | CriticGrad: 0.3099 | Noise: 0.0500 | Replay: 50000 | FPS: 19.53 | ETA: 11.8 min
2026-08-10 23:13:08,823 | INFO | Steps: 136704/150000 | Episodes: 267 | LastEpReward: 17.748 | RecentReward: 19.568 | ActorLoss: -2.704417 | CriticLoss: 0.009984 | Q: 2.7035 | TargetQ: 2.7034 | TDAbs: 0.1063 | ActorGrad: 0.0699 | CriticGrad: 0.3335 | Noise: 0.0500 | Replay: 50000 | FPS: 19.54 | ETA: 11.3 min
2026-08-10 23:13:28,768 | INFO | Steps: 137216/150000 | Episodes: 268 | LastEpReward: 17.663 | RecentReward: 19.112 | ActorLoss: -2.722855 | CriticLoss: 0.009436 | Q: 2.7213 | TargetQ: 2.7218 | TDAbs: 0.1041 | ActorGrad: 0.0730 | CriticGrad: 0.3165 | Noise: 0.0500 | Replay: 50000 | FPS: 19.56 | ETA: 10.9 min
2026-08-10 23:13:48,161 | INFO | Steps: 137728/150000 | Episodes: 269 | LastEpReward: 13.307 | RecentReward: 19.368 | ActorLoss: -2.727003 | CriticLoss: 0.009937 | Q: 2.7251 | TargetQ: 2.7256 | TDAbs: 0.1064 | ActorGrad: 0.0686 | CriticGrad: 0.3437 | Noise: 0.0500 | Replay: 50000 | FPS: 19.58 | ETA: 10.4 min
2026-08-10 23:14:07,605 | INFO | 开始周期评估: Steps=138240 | Episodes=270 | EvalEpisodes=5
2026-08-10 23:15:08,443 | INFO | 周期评估完成: Steps=138240 | MeanReward=21.636 | StdReward=4.131
2026-08-10 23:15:08,467 | INFO | Steps: 138240/150000 | Episodes: 270 | LastEpReward: 21.546 | RecentReward: 18.553 | ActorLoss: -2.726944 | CriticLoss: 0.009307 | Q: 2.7259 | TargetQ: 2.7266 | TDAbs: 0.1037 | ActorGrad: 0.0693 | CriticGrad: 0.3250 | Noise: 0.0500 | Replay: 50000 | FPS: 19.43 | ETA: 10.1 min
2026-08-10 23:15:28,031 | INFO | Steps: 138752/150000 | Episodes: 271 | LastEpReward: 21.317 | RecentReward: 19.114 | ActorLoss: -2.742664 | CriticLoss: 0.009650 | Q: 2.7420 | TargetQ: 2.7422 | TDAbs: 0.1050 | ActorGrad: 0.0826 | CriticGrad: 0.3425 | Noise: 0.0500 | Replay: 50000 | FPS: 19.45 | ETA: 9.6 min
2026-08-10 23:15:47,836 | INFO | Steps: 139264/150000 | Episodes: 272 | LastEpReward: 17.888 | RecentReward: 19.065 | ActorLoss: -2.745737 | CriticLoss: 0.009493 | Q: 2.7440 | TargetQ: 2.7441 | TDAbs: 0.1037 | ActorGrad: 0.0721 | CriticGrad: 0.3190 | Noise: 0.0500 | Replay: 50000 | FPS: 19.47 | ETA: 9.2 min
2026-08-10 23:16:07,561 | INFO | Steps: 139776/150000 | Episodes: 273 | LastEpReward: 20.447 | RecentReward: 18.826 | ActorLoss: -2.725077 | CriticLoss: 0.009982 | Q: 2.7238 | TargetQ: 2.7238 | TDAbs: 0.1044 | ActorGrad: 0.0866 | CriticGrad: 0.3379 | Noise: 0.0500 | Replay: 50000 | FPS: 19.48 | ETA: 8.7 min
2026-08-10 23:16:29,115 | INFO | Steps: 140288/150000 | Episodes: 274 | LastEpReward: 19.953 | RecentReward: 18.718 | ActorLoss: -2.741385 | CriticLoss: 0.009347 | Q: 2.7403 | TargetQ: 2.7404 | TDAbs: 0.1023 | ActorGrad: 0.0903 | CriticGrad: 0.3313 | Noise: 0.0500 | Replay: 50000 | FPS: 19.50 | ETA: 8.3 min
2026-08-10 23:16:48,098 | INFO | Steps: 140800/150000 | Episodes: 275 | LastEpReward: 17.944 | RecentReward: 19.085 | ActorLoss: -2.703654 | CriticLoss: 0.009139 | Q: 2.7025 | TargetQ: 2.7026 | TDAbs: 0.1022 | ActorGrad: 0.0689 | CriticGrad: 0.2965 | Noise: 0.0500 | Replay: 50000 | FPS: 19.52 | ETA: 7.9 min
2026-08-10 23:17:09,566 | INFO | Steps: 141312/150000 | Episodes: 276 | LastEpReward: 16.575 | RecentReward: 18.439 | ActorLoss: -2.706710 | CriticLoss: 0.009280 | Q: 2.7058 | TargetQ: 2.7062 | TDAbs: 0.1027 | ActorGrad: 0.0454 | CriticGrad: 0.3372 | Noise: 0.0500 | Replay: 50000 | FPS: 19.53 | ETA: 7.4 min
2026-08-10 23:17:30,398 | INFO | Steps: 141824/150000 | Episodes: 277 | LastEpReward: 19.850 | RecentReward: 18.649 | ActorLoss: -2.696602 | CriticLoss: 0.009485 | Q: 2.6946 | TargetQ: 2.6946 | TDAbs: 0.1038 | ActorGrad: 0.0929 | CriticGrad: 0.3216 | Noise: 0.0500 | Replay: 50000 | FPS: 19.54 | ETA: 7.0 min
2026-08-10 23:17:50,332 | INFO | Steps: 142336/150000 | Episodes: 278 | LastEpReward: 16.496 | RecentReward: 18.532 | ActorLoss: -2.663923 | CriticLoss: 0.009004 | Q: 2.6622 | TargetQ: 2.6625 | TDAbs: 0.1017 | ActorGrad: 0.0820 | CriticGrad: 0.2875 | Noise: 0.0500 | Replay: 50000 | FPS: 19.56 | ETA: 6.5 min
2026-08-10 23:18:09,552 | INFO | Steps: 142848/150000 | Episodes: 279 | LastEpReward: 15.378 | RecentReward: 18.739 | ActorLoss: -2.689346 | CriticLoss: 0.009775 | Q: 2.6882 | TargetQ: 2.6882 | TDAbs: 0.1041 | ActorGrad: 0.0967 | CriticGrad: 0.3317 | Noise: 0.0500 | Replay: 50000 | FPS: 19.58 | ETA: 6.1 min
2026-08-10 23:18:28,932 | INFO | 开始周期评估: Steps=143360 | Episodes=280 | EvalEpisodes=5
2026-08-10 23:19:31,827 | INFO | 周期评估完成: Steps=143360 | MeanReward=21.713 | StdReward=4.172
2026-08-10 23:19:31,862 | INFO | Steps: 143360/150000 | Episodes: 280 | LastEpReward: 23.332 | RecentReward: 18.918 | ActorLoss: -2.708768 | CriticLoss: 0.009448 | Q: 2.7064 | TargetQ: 2.7075 | TDAbs: 0.1032 | ActorGrad: 0.0774 | CriticGrad: 0.3358 | Noise: 0.0500 | Replay: 50000 | FPS: 19.43 | ETA: 5.7 min
2026-08-10 23:19:51,904 | INFO | Steps: 143872/150000 | Episodes: 281 | LastEpReward: 29.943 | RecentReward: 19.781 | ActorLoss: -2.724489 | CriticLoss: 0.010391 | Q: 2.7228 | TargetQ: 2.7221 | TDAbs: 0.1057 | ActorGrad: 0.0985 | CriticGrad: 0.2993 | Noise: 0.0500 | Replay: 50000 | FPS: 19.45 | ETA: 5.3 min
2026-08-10 23:20:12,317 | INFO | Steps: 144384/150000 | Episodes: 282 | LastEpReward: 24.488 | RecentReward: 20.441 | ActorLoss: -2.746214 | CriticLoss: 0.009784 | Q: 2.7439 | TargetQ: 2.7455 | TDAbs: 0.1051 | ActorGrad: 0.0866 | CriticGrad: 0.3553 | Noise: 0.0500 | Replay: 50000 | FPS: 19.46 | ETA: 4.8 min
2026-08-10 23:20:31,694 | INFO | Steps: 144896/150000 | Episodes: 283 | LastEpReward: 14.680 | RecentReward: 19.864 | ActorLoss: -2.725658 | CriticLoss: 0.009242 | Q: 2.7255 | TargetQ: 2.7249 | TDAbs: 0.1022 | ActorGrad: 0.0613 | CriticGrad: 0.2985 | Noise: 0.0500 | Replay: 50000 | FPS: 19.48 | ETA: 4.4 min
2026-08-10 23:20:51,023 | INFO | Steps: 145408/150000 | Episodes: 284 | LastEpReward: 15.635 | RecentReward: 19.432 | ActorLoss: -2.750965 | CriticLoss: 0.009021 | Q: 2.7495 | TargetQ: 2.7492 | TDAbs: 0.1016 | ActorGrad: 0.0932 | CriticGrad: 0.3279 | Noise: 0.0500 | Replay: 50000 | FPS: 19.50 | ETA: 3.9 min
2026-08-10 23:21:10,396 | INFO | Steps: 145920/150000 | Episodes: 285 | LastEpReward: 10.813 | RecentReward: 18.719 | ActorLoss: -2.744715 | CriticLoss: 0.009873 | Q: 2.7439 | TargetQ: 2.7438 | TDAbs: 0.1048 | ActorGrad: 0.0934 | CriticGrad: 0.3472 | Noise: 0.0500 | Replay: 50000 | FPS: 19.52 | ETA: 3.5 min
2026-08-10 23:21:30,618 | INFO | Steps: 146432/150000 | Episodes: 286 | LastEpReward: 28.688 | RecentReward: 19.930 | ActorLoss: -2.803918 | CriticLoss: 0.009757 | Q: 2.8016 | TargetQ: 2.8021 | TDAbs: 0.1049 | ActorGrad: 0.0940 | CriticGrad: 0.3452 | Noise: 0.0500 | Replay: 50000 | FPS: 19.53 | ETA: 3.0 min
2026-08-10 23:21:50,567 | INFO | Steps: 146944/150000 | Episodes: 287 | LastEpReward: 22.447 | RecentReward: 20.190 | ActorLoss: -2.810531 | CriticLoss: 0.010034 | Q: 2.8092 | TargetQ: 2.8097 | TDAbs: 0.1041 | ActorGrad: 0.0939 | CriticGrad: 0.3484 | Noise: 0.0500 | Replay: 50000 | FPS: 19.55 | ETA: 2.6 min
2026-08-10 23:22:10,666 | INFO | Steps: 147456/150000 | Episodes: 288 | LastEpReward: 11.146 | RecentReward: 19.655 | ActorLoss: -2.807507 | CriticLoss: 0.009938 | Q: 2.8055 | TargetQ: 2.8055 | TDAbs: 0.1049 | ActorGrad: 0.0973 | CriticGrad: 0.3149 | Noise: 0.0500 | Replay: 50000 | FPS: 19.56 | ETA: 2.2 min
2026-08-10 23:22:30,635 | INFO | Steps: 147968/150000 | Episodes: 289 | LastEpReward: 15.775 | RecentReward: 19.695 | ActorLoss: -2.792298 | CriticLoss: 0.010138 | Q: 2.7905 | TargetQ: 2.7899 | TDAbs: 0.1043 | ActorGrad: 0.0927 | CriticGrad: 0.3293 | Noise: 0.0500 | Replay: 50000 | FPS: 19.58 | ETA: 1.7 min
2026-08-10 23:22:49,846 | INFO | 开始周期评估: Steps=148480 | Episodes=290 | EvalEpisodes=5
2026-08-10 23:23:56,531 | INFO | 周期评估完成: Steps=148480 | MeanReward=21.373 | StdReward=4.458
2026-08-10 23:23:56,552 | INFO | Steps: 148480/150000 | Episodes: 290 | LastEpReward: 12.020 | RecentReward: 18.564 | ActorLoss: -2.788095 | CriticLoss: 0.010100 | Q: 2.7862 | TargetQ: 2.7866 | TDAbs: 0.1052 | ActorGrad: 0.0931 | CriticGrad: 0.3823 | Noise: 0.0500 | Replay: 50000 | FPS: 19.43 | ETA: 1.3 min
2026-08-10 23:24:15,998 | INFO | Steps: 148992/150000 | Episodes: 291 | LastEpReward: 15.342 | RecentReward: 17.103 | ActorLoss: -2.794443 | CriticLoss: 0.009311 | Q: 2.7932 | TargetQ: 2.7928 | TDAbs: 0.1027 | ActorGrad: 0.0887 | CriticGrad: 0.3271 | Noise: 0.0500 | Replay: 50000 | FPS: 19.44 | ETA: 0.9 min
2026-08-10 23:24:35,460 | INFO | Steps: 149504/150000 | Episodes: 292 | LastEpReward: 25.014 | RecentReward: 17.156 | ActorLoss: -2.800040 | CriticLoss: 0.010304 | Q: 2.7976 | TargetQ: 2.7976 | TDAbs: 0.1053 | ActorGrad: 0.0989 | CriticGrad: 0.3207 | Noise: 0.0500 | Replay: 50000 | FPS: 19.46 | ETA: 0.4 min
2026-08-10 23:24:54,938 | INFO | Steps: 150000/150000 | Episodes: 292 | LastEpReward: 25.014 | RecentReward: 17.156 | ActorLoss: -2.826049 | CriticLoss: 0.010482 | Q: 2.8237 | TargetQ: 2.8237 | TDAbs: 0.1059 | ActorGrad: 0.0974 | CriticGrad: 0.3429 | Noise: 0.0500 | Replay: 50000 | FPS: 19.48 | ETA: 0.0 min
2026-08-10 23:27:06,233 | INFO | MADDPG 训练与评估完成，最佳权重: /home/pjpjq/LEO_switch/results/baseline_compare/multiuser_scaling_multiuser_single_seed_150k_20260804/u40/learned_baselines/maddpg/maddpg_model.pt
