2026-09-16 07:16:13,925 | INFO | ============================================================
2026-09-16 07:16:13,926 | INFO | 开始训练纯 PDQN 基线
2026-09-16 07:16:13,926 | INFO | 总步数: 150000 | warmup: 1000 | batch: 128 | 日志间隔: 512 steps | 保存间隔: 50000 steps | device: cuda
2026-09-16 07:16:13,926 | INFO | ============================================================
2026-09-16 07:16:18,144 | INFO | Steps: 512/150000 | Episodes: 1 | CurrentEpReward: 0.000 | RecentReward: -10.228 | QLoss: 0.000000 | ParamLoss: 0.000000 | Epsilon: 1.0000 | Replay: 512
2026-09-16 07:16:22,814 | INFO | Steps: 1024/150000 | Episodes: 2 | CurrentEpReward: 0.000 | RecentReward: -11.209 | QLoss: 0.178221 | ParamLoss: 0.010743 | Epsilon: 0.9993 | Replay: 1024
2026-09-16 07:16:33,808 | INFO | Steps: 1536/150000 | Episodes: 3 | CurrentEpReward: 0.000 | RecentReward: -11.365 | QLoss: 0.164866 | ParamLoss: 0.003583 | Epsilon: 0.9860 | Replay: 1536
2026-09-16 07:16:44,308 | INFO | Steps: 2048/150000 | Episodes: 4 | CurrentEpReward: 0.000 | RecentReward: -10.667 | QLoss: 0.172423 | ParamLoss: -0.002338 | Epsilon: 0.9726 | Replay: 2048
2026-09-16 07:16:55,331 | INFO | Steps: 2560/150000 | Episodes: 5 | CurrentEpReward: 0.000 | RecentReward: -10.221 | QLoss: 0.173766 | ParamLoss: -0.011488 | Epsilon: 0.9592 | Replay: 2560
2026-09-16 07:17:06,251 | INFO | Steps: 3072/150000 | Episodes: 6 | CurrentEpReward: 0.000 | RecentReward: -9.765 | QLoss: 0.179201 | ParamLoss: -0.019293 | Epsilon: 0.9458 | Replay: 3072
2026-09-16 07:17:16,925 | INFO | Steps: 3584/150000 | Episodes: 7 | CurrentEpReward: 0.000 | RecentReward: -11.401 | QLoss: 0.183544 | ParamLoss: -0.023776 | Epsilon: 0.9324 | Replay: 3584
2026-09-16 07:17:27,664 | INFO | Steps: 4096/150000 | Episodes: 8 | CurrentEpReward: 0.000 | RecentReward: -11.276 | QLoss: 0.185811 | ParamLoss: -0.029999 | Epsilon: 0.9191 | Replay: 4096
2026-09-16 07:17:38,276 | INFO | Steps: 4608/150000 | Episodes: 9 | CurrentEpReward: 0.000 | RecentReward: -12.575 | QLoss: 0.187901 | ParamLoss: -0.032830 | Epsilon: 0.9057 | Replay: 4608
2026-09-16 07:17:48,984 | INFO | Steps: 5120/150000 | Episodes: 10 | CurrentEpReward: 0.000 | RecentReward: -12.150 | QLoss: 0.191152 | ParamLoss: -0.038105 | Epsilon: 0.8923 | Replay: 5120
2026-09-16 07:17:59,795 | INFO | Steps: 5632/150000 | Episodes: 11 | CurrentEpReward: 0.000 | RecentReward: -11.954 | QLoss: 0.189737 | ParamLoss: -0.044510 | Epsilon: 0.8789 | Replay: 5632
2026-09-16 07:18:10,519 | INFO | Steps: 6144/150000 | Episodes: 12 | CurrentEpReward: 0.000 | RecentReward: -11.312 | QLoss: 0.188513 | ParamLoss: -0.051077 | Epsilon: 0.8655 | Replay: 6144
2026-09-16 07:18:21,129 | INFO | Steps: 6656/150000 | Episodes: 13 | CurrentEpReward: 0.000 | RecentReward: -10.510 | QLoss: 0.187771 | ParamLoss: -0.056231 | Epsilon: 0.8522 | Replay: 6656
2026-09-16 07:18:31,919 | INFO | Steps: 7168/150000 | Episodes: 14 | CurrentEpReward: 0.000 | RecentReward: -10.147 | QLoss: 0.192230 | ParamLoss: -0.062239 | Epsilon: 0.8388 | Replay: 7168
2026-09-16 07:18:42,762 | INFO | Steps: 7680/150000 | Episodes: 15 | CurrentEpReward: 0.000 | RecentReward: -8.375 | QLoss: 0.196219 | ParamLoss: -0.068560 | Epsilon: 0.8254 | Replay: 7680
2026-09-16 07:18:53,460 | INFO | Steps: 8192/150000 | Episodes: 16 | CurrentEpReward: 0.000 | RecentReward: -7.769 | QLoss: 0.199146 | ParamLoss: -0.077674 | Epsilon: 0.8120 | Replay: 8192
2026-09-16 07:19:04,146 | INFO | Steps: 8704/150000 | Episodes: 17 | CurrentEpReward: 0.000 | RecentReward: -6.018 | QLoss: 0.196709 | ParamLoss: -0.085211 | Epsilon: 0.7986 | Replay: 8704
2026-09-16 07:19:14,900 | INFO | Steps: 9216/150000 | Episodes: 18 | CurrentEpReward: 0.000 | RecentReward: -4.869 | QLoss: 0.201081 | ParamLoss: -0.089552 | Epsilon: 0.7853 | Replay: 9216
2026-09-16 07:19:25,637 | INFO | Steps: 9728/150000 | Episodes: 19 | CurrentEpReward: 0.000 | RecentReward: -3.545 | QLoss: 0.203964 | ParamLoss: -0.095677 | Epsilon: 0.7719 | Replay: 9728
2026-09-16 07:19:36,382 | INFO | Steps: 10240/150000 | Episodes: 20 | CurrentEpReward: 0.000 | RecentReward: -3.112 | QLoss: 0.203477 | ParamLoss: -0.103734 | Epsilon: 0.7585 | Replay: 10240
2026-09-16 07:19:47,116 | INFO | Steps: 10752/150000 | Episodes: 21 | CurrentEpReward: 0.000 | RecentReward: -3.068 | QLoss: 0.204886 | ParamLoss: -0.112483 | Epsilon: 0.7451 | Replay: 10752
2026-09-16 07:19:57,910 | INFO | Steps: 11264/150000 | Episodes: 22 | CurrentEpReward: 0.000 | RecentReward: -2.079 | QLoss: 0.206244 | ParamLoss: -0.119006 | Epsilon: 0.7317 | Replay: 11264
2026-09-16 07:20:08,835 | INFO | Steps: 11776/150000 | Episodes: 23 | CurrentEpReward: 0.000 | RecentReward: -1.505 | QLoss: 0.212342 | ParamLoss: -0.131225 | Epsilon: 0.7184 | Replay: 11776
2026-09-16 07:20:19,663 | INFO | Steps: 12288/150000 | Episodes: 24 | CurrentEpReward: 0.000 | RecentReward: -1.189 | QLoss: 0.214578 | ParamLoss: -0.141481 | Epsilon: 0.7050 | Replay: 12288
2026-09-16 07:20:30,452 | INFO | Steps: 12800/150000 | Episodes: 25 | CurrentEpReward: 0.000 | RecentReward: -2.456 | QLoss: 0.218515 | ParamLoss: -0.145804 | Epsilon: 0.6916 | Replay: 12800
2026-09-16 07:20:41,166 | INFO | Steps: 13312/150000 | Episodes: 26 | CurrentEpReward: 0.000 | RecentReward: -1.837 | QLoss: 0.222935 | ParamLoss: -0.153521 | Epsilon: 0.6782 | Replay: 13312
2026-09-16 07:20:51,944 | INFO | Steps: 13824/150000 | Episodes: 27 | CurrentEpReward: 0.000 | RecentReward: -0.805 | QLoss: 0.228796 | ParamLoss: -0.155730 | Epsilon: 0.6648 | Replay: 13824
2026-09-16 07:21:02,736 | INFO | Steps: 14336/150000 | Episodes: 28 | CurrentEpReward: 0.000 | RecentReward: -1.055 | QLoss: 0.226425 | ParamLoss: -0.165086 | Epsilon: 0.6515 | Replay: 14336
2026-09-16 07:21:13,500 | INFO | Steps: 14848/150000 | Episodes: 29 | CurrentEpReward: 0.000 | RecentReward: 0.557 | QLoss: 0.226196 | ParamLoss: -0.170796 | Epsilon: 0.6381 | Replay: 14848
2026-09-16 07:21:24,370 | INFO | Steps: 15360/150000 | Episodes: 30 | CurrentEpReward: 0.000 | RecentReward: 1.232 | QLoss: 0.225718 | ParamLoss: -0.179851 | Epsilon: 0.6247 | Replay: 15360
2026-09-16 07:21:35,451 | INFO | Steps: 15872/150000 | Episodes: 31 | CurrentEpReward: 0.000 | RecentReward: 2.281 | QLoss: 0.227754 | ParamLoss: -0.183165 | Epsilon: 0.6113 | Replay: 15872
2026-09-16 07:21:46,276 | INFO | Steps: 16384/150000 | Episodes: 32 | CurrentEpReward: 0.000 | RecentReward: 2.296 | QLoss: 0.230847 | ParamLoss: -0.193913 | Epsilon: 0.5979 | Replay: 16384
2026-09-16 07:21:57,047 | INFO | Steps: 16896/150000 | Episodes: 33 | CurrentEpReward: 0.000 | RecentReward: 3.379 | QLoss: 0.239550 | ParamLoss: -0.194471 | Epsilon: 0.5846 | Replay: 16896
2026-09-16 07:22:07,853 | INFO | Steps: 17408/150000 | Episodes: 34 | CurrentEpReward: 0.000 | RecentReward: 4.261 | QLoss: 0.230660 | ParamLoss: -0.202251 | Epsilon: 0.5712 | Replay: 17408
2026-09-16 07:22:18,680 | INFO | Steps: 17920/150000 | Episodes: 35 | CurrentEpReward: 0.000 | RecentReward: 5.813 | QLoss: 0.229549 | ParamLoss: -0.212496 | Epsilon: 0.5578 | Replay: 17920
2026-09-16 07:22:29,611 | INFO | Steps: 18432/150000 | Episodes: 36 | CurrentEpReward: 0.000 | RecentReward: 5.960 | QLoss: 0.234016 | ParamLoss: -0.221422 | Epsilon: 0.5444 | Replay: 18432
2026-09-16 07:22:40,373 | INFO | Steps: 18944/150000 | Episodes: 37 | CurrentEpReward: 0.000 | RecentReward: 6.712 | QLoss: 0.232830 | ParamLoss: -0.228244 | Epsilon: 0.5310 | Replay: 18944
2026-09-16 07:22:51,352 | INFO | Steps: 19456/150000 | Episodes: 38 | CurrentEpReward: 0.000 | RecentReward: 8.132 | QLoss: 0.242486 | ParamLoss: -0.237292 | Epsilon: 0.5177 | Replay: 19456
2026-09-16 07:23:02,195 | INFO | Steps: 19968/150000 | Episodes: 39 | CurrentEpReward: 0.000 | RecentReward: 8.955 | QLoss: 0.239424 | ParamLoss: -0.241963 | Epsilon: 0.5043 | Replay: 19968
2026-09-16 07:23:13,173 | INFO | Steps: 20480/150000 | Episodes: 40 | CurrentEpReward: 0.000 | RecentReward: 10.711 | QLoss: 0.245817 | ParamLoss: -0.249371 | Epsilon: 0.4909 | Replay: 20480
2026-09-16 07:23:23,884 | INFO | Steps: 20992/150000 | Episodes: 41 | CurrentEpReward: 0.000 | RecentReward: 11.910 | QLoss: 0.236006 | ParamLoss: -0.249857 | Epsilon: 0.4775 | Replay: 20992
2026-09-16 07:23:34,742 | INFO | Steps: 21504/150000 | Episodes: 42 | CurrentEpReward: 0.000 | RecentReward: 12.153 | QLoss: 0.248392 | ParamLoss: -0.262020 | Epsilon: 0.4641 | Replay: 21504
2026-09-16 07:23:45,516 | INFO | Steps: 22016/150000 | Episodes: 43 | CurrentEpReward: 0.000 | RecentReward: 11.824 | QLoss: 0.253206 | ParamLoss: -0.266926 | Epsilon: 0.4508 | Replay: 22016
2026-09-16 07:23:56,358 | INFO | Steps: 22528/150000 | Episodes: 44 | CurrentEpReward: 0.000 | RecentReward: 12.121 | QLoss: 0.257844 | ParamLoss: -0.280709 | Epsilon: 0.4374 | Replay: 22528
2026-09-16 07:24:07,414 | INFO | Steps: 23040/150000 | Episodes: 45 | CurrentEpReward: 0.000 | RecentReward: 13.390 | QLoss: 0.251905 | ParamLoss: -0.292690 | Epsilon: 0.4240 | Replay: 23040
2026-09-16 07:24:18,239 | INFO | Steps: 23552/150000 | Episodes: 46 | CurrentEpReward: 0.000 | RecentReward: 14.504 | QLoss: 0.265520 | ParamLoss: -0.300891 | Epsilon: 0.4106 | Replay: 23552
2026-09-16 07:24:29,019 | INFO | Steps: 24064/150000 | Episodes: 47 | CurrentEpReward: 0.000 | RecentReward: 15.079 | QLoss: 0.266040 | ParamLoss: -0.306402 | Epsilon: 0.3972 | Replay: 24064
2026-09-16 07:24:40,115 | INFO | Steps: 24576/150000 | Episodes: 48 | CurrentEpReward: 0.000 | RecentReward: 16.022 | QLoss: 0.281754 | ParamLoss: -0.313957 | Epsilon: 0.3839 | Replay: 24576
2026-09-16 07:24:50,871 | INFO | Steps: 25088/150000 | Episodes: 49 | CurrentEpReward: 0.000 | RecentReward: 16.237 | QLoss: 0.263812 | ParamLoss: -0.317789 | Epsilon: 0.3705 | Replay: 25088
2026-09-16 07:25:01,744 | INFO | Steps: 25600/150000 | Episodes: 50 | CurrentEpReward: 0.000 | RecentReward: 16.880 | QLoss: 0.276705 | ParamLoss: -0.326095 | Epsilon: 0.3571 | Replay: 25600
2026-09-16 07:25:12,576 | INFO | Steps: 26112/150000 | Episodes: 51 | CurrentEpReward: 0.000 | RecentReward: 17.026 | QLoss: 0.273615 | ParamLoss: -0.336925 | Epsilon: 0.3437 | Replay: 26112
2026-09-16 07:25:23,494 | INFO | Steps: 26624/150000 | Episodes: 52 | CurrentEpReward: 0.000 | RecentReward: 19.290 | QLoss: 0.279584 | ParamLoss: -0.344861 | Epsilon: 0.3303 | Replay: 26624
2026-09-16 07:25:34,350 | INFO | Steps: 27136/150000 | Episodes: 53 | CurrentEpReward: 0.000 | RecentReward: 20.628 | QLoss: 0.273867 | ParamLoss: -0.353476 | Epsilon: 0.3170 | Replay: 27136
2026-09-16 07:25:45,330 | INFO | Steps: 27648/150000 | Episodes: 54 | CurrentEpReward: 0.000 | RecentReward: 22.359 | QLoss: 0.283504 | ParamLoss: -0.361236 | Epsilon: 0.3036 | Replay: 27648
2026-09-16 07:25:56,269 | INFO | Steps: 28160/150000 | Episodes: 55 | CurrentEpReward: 0.000 | RecentReward: 23.395 | QLoss: 0.285699 | ParamLoss: -0.369576 | Epsilon: 0.2902 | Replay: 28160
2026-09-16 07:26:07,201 | INFO | Steps: 28672/150000 | Episodes: 56 | CurrentEpReward: 0.000 | RecentReward: 25.188 | QLoss: 0.300329 | ParamLoss: -0.365678 | Epsilon: 0.2768 | Replay: 28672
2026-09-16 07:26:17,972 | INFO | Steps: 29184/150000 | Episodes: 57 | CurrentEpReward: 0.000 | RecentReward: 26.390 | QLoss: 0.292972 | ParamLoss: -0.371716 | Epsilon: 0.2634 | Replay: 29184
2026-09-16 07:26:28,725 | INFO | Steps: 29696/150000 | Episodes: 58 | CurrentEpReward: 0.000 | RecentReward: 28.176 | QLoss: 0.280368 | ParamLoss: -0.386901 | Epsilon: 0.2501 | Replay: 29696
2026-09-16 07:26:39,614 | INFO | Steps: 30208/150000 | Episodes: 59 | CurrentEpReward: 0.000 | RecentReward: 30.305 | QLoss: 0.333366 | ParamLoss: -0.388438 | Epsilon: 0.2367 | Replay: 30208
2026-09-16 07:26:50,428 | INFO | Steps: 30720/150000 | Episodes: 60 | CurrentEpReward: 0.000 | RecentReward: 31.017 | QLoss: 0.303609 | ParamLoss: -0.394913 | Epsilon: 0.2233 | Replay: 30720
2026-09-16 07:27:01,363 | INFO | Steps: 31232/150000 | Episodes: 61 | CurrentEpReward: 0.000 | RecentReward: 33.165 | QLoss: 0.337864 | ParamLoss: -0.398140 | Epsilon: 0.2099 | Replay: 31232
2026-09-16 07:27:12,071 | INFO | Steps: 31744/150000 | Episodes: 62 | CurrentEpReward: 0.000 | RecentReward: 33.611 | QLoss: 0.294901 | ParamLoss: -0.404162 | Epsilon: 0.1965 | Replay: 31744
2026-09-16 07:27:22,848 | INFO | Steps: 32256/150000 | Episodes: 63 | CurrentEpReward: 0.000 | RecentReward: 35.520 | QLoss: 0.310876 | ParamLoss: -0.415535 | Epsilon: 0.1832 | Replay: 32256
2026-09-16 07:27:33,913 | INFO | Steps: 32768/150000 | Episodes: 64 | CurrentEpReward: 0.000 | RecentReward: 37.710 | QLoss: 0.298482 | ParamLoss: -0.420696 | Epsilon: 0.1698 | Replay: 32768
2026-09-16 07:27:44,694 | INFO | Steps: 33280/150000 | Episodes: 65 | CurrentEpReward: 0.000 | RecentReward: 38.529 | QLoss: 0.310678 | ParamLoss: -0.427650 | Epsilon: 0.1564 | Replay: 33280
2026-09-16 07:27:55,822 | INFO | Steps: 33792/150000 | Episodes: 66 | CurrentEpReward: 0.000 | RecentReward: 40.522 | QLoss: 0.308294 | ParamLoss: -0.431305 | Epsilon: 0.1430 | Replay: 33792
2026-09-16 07:28:06,774 | INFO | Steps: 34304/150000 | Episodes: 67 | CurrentEpReward: 0.000 | RecentReward: 42.629 | QLoss: 0.332790 | ParamLoss: -0.435987 | Epsilon: 0.1296 | Replay: 34304
2026-09-16 07:28:17,532 | INFO | Steps: 34816/150000 | Episodes: 68 | CurrentEpReward: 0.000 | RecentReward: 43.888 | QLoss: 0.340761 | ParamLoss: -0.442343 | Epsilon: 0.1162 | Replay: 34816
2026-09-16 07:28:28,440 | INFO | Steps: 35328/150000 | Episodes: 69 | CurrentEpReward: 0.000 | RecentReward: 46.402 | QLoss: 0.338901 | ParamLoss: -0.453862 | Epsilon: 0.1029 | Replay: 35328
2026-09-16 07:28:39,153 | INFO | Steps: 35840/150000 | Episodes: 70 | CurrentEpReward: 0.000 | RecentReward: 47.729 | QLoss: 0.330705 | ParamLoss: -0.465415 | Epsilon: 0.0895 | Replay: 35840
2026-09-16 07:28:49,864 | INFO | Steps: 36352/150000 | Episodes: 71 | CurrentEpReward: 0.000 | RecentReward: 48.496 | QLoss: 0.329274 | ParamLoss: -0.478466 | Epsilon: 0.0761 | Replay: 36352
2026-09-16 07:29:00,758 | INFO | Steps: 36864/150000 | Episodes: 72 | CurrentEpReward: 0.000 | RecentReward: 51.296 | QLoss: 0.294727 | ParamLoss: -0.475896 | Epsilon: 0.0627 | Replay: 36864
2026-09-16 07:29:11,504 | INFO | Steps: 37376/150000 | Episodes: 73 | CurrentEpReward: 0.000 | RecentReward: 53.360 | QLoss: 0.315432 | ParamLoss: -0.480320 | Epsilon: 0.0493 | Replay: 37376
2026-09-16 07:29:22,365 | INFO | Steps: 37888/150000 | Episodes: 74 | CurrentEpReward: 0.000 | RecentReward: 54.906 | QLoss: 0.335931 | ParamLoss: -0.483786 | Epsilon: 0.0360 | Replay: 37888
2026-09-16 07:29:33,184 | INFO | Steps: 38400/150000 | Episodes: 75 | CurrentEpReward: 0.000 | RecentReward: 56.609 | QLoss: 0.346232 | ParamLoss: -0.484840 | Epsilon: 0.0226 | Replay: 38400
2026-09-16 07:29:43,927 | INFO | Steps: 38912/150000 | Episodes: 76 | CurrentEpReward: 0.000 | RecentReward: 57.133 | QLoss: 0.325073 | ParamLoss: -0.486931 | Epsilon: 0.0200 | Replay: 38912
2026-09-16 07:29:54,715 | INFO | Steps: 39424/150000 | Episodes: 77 | CurrentEpReward: 0.000 | RecentReward: 58.570 | QLoss: 0.333082 | ParamLoss: -0.490016 | Epsilon: 0.0200 | Replay: 39424
2026-09-16 07:30:05,707 | INFO | Steps: 39936/150000 | Episodes: 78 | CurrentEpReward: 0.000 | RecentReward: 60.150 | QLoss: 0.349100 | ParamLoss: -0.507184 | Epsilon: 0.0200 | Replay: 39936
2026-09-16 07:30:16,423 | INFO | Steps: 40448/150000 | Episodes: 79 | CurrentEpReward: 0.000 | RecentReward: 60.645 | QLoss: 0.345340 | ParamLoss: -0.508871 | Epsilon: 0.0200 | Replay: 40448
2026-09-16 07:30:27,289 | INFO | Steps: 40960/150000 | Episodes: 80 | CurrentEpReward: 0.000 | RecentReward: 62.895 | QLoss: 0.325742 | ParamLoss: -0.514139 | Epsilon: 0.0200 | Replay: 40960
2026-09-16 07:30:38,035 | INFO | Steps: 41472/150000 | Episodes: 81 | CurrentEpReward: 0.000 | RecentReward: 64.056 | QLoss: 0.332582 | ParamLoss: -0.520266 | Epsilon: 0.0200 | Replay: 41472
2026-09-16 07:30:48,890 | INFO | Steps: 41984/150000 | Episodes: 82 | CurrentEpReward: 0.000 | RecentReward: 64.932 | QLoss: 0.358882 | ParamLoss: -0.535205 | Epsilon: 0.0200 | Replay: 41984
2026-09-16 07:30:59,660 | INFO | Steps: 42496/150000 | Episodes: 83 | CurrentEpReward: 0.000 | RecentReward: 65.412 | QLoss: 0.319824 | ParamLoss: -0.542706 | Epsilon: 0.0200 | Replay: 42496
2026-09-16 07:31:10,432 | INFO | Steps: 43008/150000 | Episodes: 84 | CurrentEpReward: 0.000 | RecentReward: 65.192 | QLoss: 0.348883 | ParamLoss: -0.550123 | Epsilon: 0.0200 | Replay: 43008
2026-09-16 07:31:21,334 | INFO | Steps: 43520/150000 | Episodes: 85 | CurrentEpReward: 0.000 | RecentReward: 65.423 | QLoss: 0.348932 | ParamLoss: -0.555422 | Epsilon: 0.0200 | Replay: 43520
2026-09-16 07:31:32,107 | INFO | Steps: 44032/150000 | Episodes: 86 | CurrentEpReward: 0.000 | RecentReward: 65.980 | QLoss: 0.323017 | ParamLoss: -0.566455 | Epsilon: 0.0200 | Replay: 44032
2026-09-16 07:31:42,959 | INFO | Steps: 44544/150000 | Episodes: 87 | CurrentEpReward: 0.000 | RecentReward: 66.745 | QLoss: 0.349479 | ParamLoss: -0.566839 | Epsilon: 0.0200 | Replay: 44544
2026-09-16 07:31:53,713 | INFO | Steps: 45056/150000 | Episodes: 88 | CurrentEpReward: 0.000 | RecentReward: 65.445 | QLoss: 0.351391 | ParamLoss: -0.573665 | Epsilon: 0.0200 | Replay: 45056
2026-09-16 07:32:04,488 | INFO | Steps: 45568/150000 | Episodes: 89 | CurrentEpReward: 0.000 | RecentReward: 63.917 | QLoss: 0.353760 | ParamLoss: -0.573322 | Epsilon: 0.0200 | Replay: 45568
2026-09-16 07:32:15,379 | INFO | Steps: 46080/150000 | Episodes: 90 | CurrentEpReward: 0.000 | RecentReward: 63.571 | QLoss: 0.331681 | ParamLoss: -0.583180 | Epsilon: 0.0200 | Replay: 46080
2026-09-16 07:32:26,559 | INFO | Steps: 46592/150000 | Episodes: 91 | CurrentEpReward: 0.000 | RecentReward: 65.524 | QLoss: 0.355815 | ParamLoss: -0.593102 | Epsilon: 0.0200 | Replay: 46592
2026-09-16 07:32:37,395 | INFO | Steps: 47104/150000 | Episodes: 92 | CurrentEpReward: 0.000 | RecentReward: 64.548 | QLoss: 0.348997 | ParamLoss: -0.596290 | Epsilon: 0.0200 | Replay: 47104
2026-09-16 07:32:48,492 | INFO | Steps: 47616/150000 | Episodes: 93 | CurrentEpReward: 0.000 | RecentReward: 65.433 | QLoss: 0.368537 | ParamLoss: -0.603298 | Epsilon: 0.0200 | Replay: 47616
2026-09-16 07:32:59,278 | INFO | Steps: 48128/150000 | Episodes: 94 | CurrentEpReward: 0.000 | RecentReward: 65.348 | QLoss: 0.386689 | ParamLoss: -0.608256 | Epsilon: 0.0200 | Replay: 48128
2026-09-16 07:33:10,027 | INFO | Steps: 48640/150000 | Episodes: 95 | CurrentEpReward: 0.000 | RecentReward: 65.878 | QLoss: 0.335387 | ParamLoss: -0.614424 | Epsilon: 0.0200 | Replay: 48640
2026-09-16 07:33:20,726 | INFO | Steps: 49152/150000 | Episodes: 96 | CurrentEpReward: 0.000 | RecentReward: 65.131 | QLoss: 0.342684 | ParamLoss: -0.620831 | Epsilon: 0.0200 | Replay: 49152
2026-09-16 07:33:31,546 | INFO | Steps: 49664/150000 | Episodes: 97 | CurrentEpReward: 0.000 | RecentReward: 63.846 | QLoss: 0.378632 | ParamLoss: -0.627518 | Epsilon: 0.0200 | Replay: 49664
2026-09-16 07:34:01,955 | INFO | 新的最佳模型 (reward): 64.661，保存至 /home/pjpjq/LEO_switch/results/multiseed_0907/seed45/u30/learned_baselines/pdqn/best_model.pt
2026-09-16 07:34:01,959 | INFO | 周期权重已保存: /home/pjpjq/LEO_switch/results/multiseed_0907/seed45/u30/learned_baselines/pdqn/checkpoint_50000.pt
2026-09-16 07:34:05,934 | INFO | Steps: 50176/150000 | Episodes: 98 | CurrentEpReward: 0.000 | RecentReward: 65.171 | QLoss: 0.383124 | ParamLoss: -0.629054 | Epsilon: 0.0200 | Replay: 50000
2026-09-16 07:34:16,917 | INFO | Steps: 50688/150000 | Episodes: 99 | CurrentEpReward: 0.000 | RecentReward: 66.689 | QLoss: 0.393839 | ParamLoss: -0.636230 | Epsilon: 0.0200 | Replay: 50000
2026-09-16 07:34:27,759 | INFO | Steps: 51200/150000 | Episodes: 100 | CurrentEpReward: 0.000 | RecentReward: 66.421 | QLoss: 0.370168 | ParamLoss: -0.646523 | Epsilon: 0.0200 | Replay: 50000
2026-09-16 07:34:38,552 | INFO | Steps: 51712/150000 | Episodes: 101 | CurrentEpReward: 0.000 | RecentReward: 65.225 | QLoss: 0.370481 | ParamLoss: -0.646119 | Epsilon: 0.0200 | Replay: 50000
2026-09-16 07:34:49,428 | INFO | Steps: 52224/150000 | Episodes: 102 | CurrentEpReward: 0.000 | RecentReward: 66.433 | QLoss: 0.360486 | ParamLoss: -0.644152 | Epsilon: 0.0200 | Replay: 50000
2026-09-16 07:35:00,219 | INFO | Steps: 52736/150000 | Episodes: 103 | CurrentEpReward: 0.000 | RecentReward: 64.883 | QLoss: 0.392580 | ParamLoss: -0.644212 | Epsilon: 0.0200 | Replay: 50000
2026-09-16 07:35:11,056 | INFO | Steps: 53248/150000 | Episodes: 104 | CurrentEpReward: 0.000 | RecentReward: 65.642 | QLoss: 0.403905 | ParamLoss: -0.649094 | Epsilon: 0.0200 | Replay: 50000
2026-09-16 07:35:21,943 | INFO | Steps: 53760/150000 | Episodes: 105 | CurrentEpReward: 0.000 | RecentReward: 66.067 | QLoss: 0.344077 | ParamLoss: -0.655275 | Epsilon: 0.0200 | Replay: 50000
2026-09-16 07:35:32,637 | INFO | Steps: 54272/150000 | Episodes: 106 | CurrentEpReward: 0.000 | RecentReward: 65.659 | QLoss: 0.370193 | ParamLoss: -0.654987 | Epsilon: 0.0200 | Replay: 50000
2026-09-16 07:35:43,391 | INFO | Steps: 54784/150000 | Episodes: 107 | CurrentEpReward: 0.000 | RecentReward: 65.747 | QLoss: 0.345006 | ParamLoss: -0.658943 | Epsilon: 0.0200 | Replay: 50000
2026-09-16 07:35:54,245 | INFO | Steps: 55296/150000 | Episodes: 108 | CurrentEpReward: 0.000 | RecentReward: 65.604 | QLoss: 0.331459 | ParamLoss: -0.663410 | Epsilon: 0.0200 | Replay: 50000
2026-09-16 07:36:05,311 | INFO | Steps: 55808/150000 | Episodes: 109 | CurrentEpReward: 0.000 | RecentReward: 65.986 | QLoss: 0.369556 | ParamLoss: -0.673410 | Epsilon: 0.0200 | Replay: 50000
2026-09-16 07:36:16,193 | INFO | Steps: 56320/150000 | Episodes: 110 | CurrentEpReward: 0.000 | RecentReward: 66.335 | QLoss: 0.360098 | ParamLoss: -0.681779 | Epsilon: 0.0200 | Replay: 50000
2026-09-16 07:36:26,955 | INFO | Steps: 56832/150000 | Episodes: 111 | CurrentEpReward: 0.000 | RecentReward: 66.446 | QLoss: 0.414994 | ParamLoss: -0.693569 | Epsilon: 0.0200 | Replay: 50000
2026-09-16 07:36:37,857 | INFO | Steps: 57344/150000 | Episodes: 112 | CurrentEpReward: 0.000 | RecentReward: 65.764 | QLoss: 0.365666 | ParamLoss: -0.696550 | Epsilon: 0.0200 | Replay: 50000
2026-09-16 07:36:48,830 | INFO | Steps: 57856/150000 | Episodes: 113 | CurrentEpReward: 0.000 | RecentReward: 67.087 | QLoss: 0.342851 | ParamLoss: -0.707369 | Epsilon: 0.0200 | Replay: 50000
2026-09-16 07:36:59,729 | INFO | Steps: 58368/150000 | Episodes: 114 | CurrentEpReward: 0.000 | RecentReward: 67.340 | QLoss: 0.388907 | ParamLoss: -0.712167 | Epsilon: 0.0200 | Replay: 50000
2026-09-16 07:37:10,610 | INFO | Steps: 58880/150000 | Episodes: 115 | CurrentEpReward: 0.000 | RecentReward: 66.496 | QLoss: 0.363627 | ParamLoss: -0.722051 | Epsilon: 0.0200 | Replay: 50000
2026-09-16 07:37:21,385 | INFO | Steps: 59392/150000 | Episodes: 116 | CurrentEpReward: 0.000 | RecentReward: 67.598 | QLoss: 0.340347 | ParamLoss: -0.712858 | Epsilon: 0.0200 | Replay: 50000
2026-09-16 07:37:32,304 | INFO | Steps: 59904/150000 | Episodes: 117 | CurrentEpReward: 0.000 | RecentReward: 68.973 | QLoss: 0.323019 | ParamLoss: -0.719269 | Epsilon: 0.0200 | Replay: 50000
2026-09-16 07:37:43,243 | INFO | Steps: 60416/150000 | Episodes: 118 | CurrentEpReward: 0.000 | RecentReward: 69.442 | QLoss: 0.368023 | ParamLoss: -0.719319 | Epsilon: 0.0200 | Replay: 50000
2026-09-16 07:37:54,152 | INFO | Steps: 60928/150000 | Episodes: 119 | CurrentEpReward: 0.000 | RecentReward: 69.916 | QLoss: 0.406057 | ParamLoss: -0.733471 | Epsilon: 0.0200 | Replay: 50000
2026-09-16 07:38:04,953 | INFO | Steps: 61440/150000 | Episodes: 120 | CurrentEpReward: 0.000 | RecentReward: 69.363 | QLoss: 0.318602 | ParamLoss: -0.731329 | Epsilon: 0.0200 | Replay: 50000
2026-09-16 07:38:15,829 | INFO | Steps: 61952/150000 | Episodes: 121 | CurrentEpReward: 0.000 | RecentReward: 70.012 | QLoss: 0.401925 | ParamLoss: -0.731811 | Epsilon: 0.0200 | Replay: 50000
2026-09-16 07:38:26,667 | INFO | Steps: 62464/150000 | Episodes: 122 | CurrentEpReward: 0.000 | RecentReward: 69.859 | QLoss: 0.387590 | ParamLoss: -0.740450 | Epsilon: 0.0200 | Replay: 50000
2026-09-16 07:38:37,539 | INFO | Steps: 62976/150000 | Episodes: 123 | CurrentEpReward: 0.000 | RecentReward: 69.494 | QLoss: 0.347779 | ParamLoss: -0.750511 | Epsilon: 0.0200 | Replay: 50000
2026-09-16 07:38:48,411 | INFO | Steps: 63488/150000 | Episodes: 124 | CurrentEpReward: 0.000 | RecentReward: 68.900 | QLoss: 0.388639 | ParamLoss: -0.756108 | Epsilon: 0.0200 | Replay: 50000
2026-09-16 07:38:59,220 | INFO | Steps: 64000/150000 | Episodes: 125 | CurrentEpReward: 0.000 | RecentReward: 68.858 | QLoss: 0.385340 | ParamLoss: -0.764611 | Epsilon: 0.0200 | Replay: 50000
2026-09-16 07:39:10,141 | INFO | Steps: 64512/150000 | Episodes: 126 | CurrentEpReward: 0.000 | RecentReward: 69.663 | QLoss: 0.442394 | ParamLoss: -0.769110 | Epsilon: 0.0200 | Replay: 50000
2026-09-16 07:39:21,211 | INFO | Steps: 65024/150000 | Episodes: 127 | CurrentEpReward: 0.000 | RecentReward: 69.752 | QLoss: 0.420079 | ParamLoss: -0.772663 | Epsilon: 0.0200 | Replay: 50000
2026-09-16 07:39:32,199 | INFO | Steps: 65536/150000 | Episodes: 128 | CurrentEpReward: 0.000 | RecentReward: 69.012 | QLoss: 0.341885 | ParamLoss: -0.779484 | Epsilon: 0.0200 | Replay: 50000
2026-09-16 07:39:43,119 | INFO | Steps: 66048/150000 | Episodes: 129 | CurrentEpReward: 0.000 | RecentReward: 67.869 | QLoss: 0.354341 | ParamLoss: -0.784614 | Epsilon: 0.0200 | Replay: 50000
2026-09-16 07:39:54,109 | INFO | Steps: 66560/150000 | Episodes: 130 | CurrentEpReward: 0.000 | RecentReward: 69.263 | QLoss: 0.381528 | ParamLoss: -0.793011 | Epsilon: 0.0200 | Replay: 50000
2026-09-16 07:40:05,085 | INFO | Steps: 67072/150000 | Episodes: 131 | CurrentEpReward: 0.000 | RecentReward: 69.703 | QLoss: 0.356355 | ParamLoss: -0.795900 | Epsilon: 0.0200 | Replay: 50000
2026-09-16 07:40:16,189 | INFO | Steps: 67584/150000 | Episodes: 132 | CurrentEpReward: 0.000 | RecentReward: 70.939 | QLoss: 0.377972 | ParamLoss: -0.798113 | Epsilon: 0.0200 | Replay: 50000
2026-09-16 07:40:27,290 | INFO | Steps: 68096/150000 | Episodes: 133 | CurrentEpReward: 0.000 | RecentReward: 71.649 | QLoss: 0.407392 | ParamLoss: -0.808077 | Epsilon: 0.0200 | Replay: 50000
2026-09-16 07:40:38,217 | INFO | Steps: 68608/150000 | Episodes: 134 | CurrentEpReward: 0.000 | RecentReward: 71.547 | QLoss: 0.422802 | ParamLoss: -0.816186 | Epsilon: 0.0200 | Replay: 50000
2026-09-16 07:40:49,104 | INFO | Steps: 69120/150000 | Episodes: 135 | CurrentEpReward: 0.000 | RecentReward: 71.530 | QLoss: 0.381292 | ParamLoss: -0.823628 | Epsilon: 0.0200 | Replay: 50000
2026-09-16 07:41:00,022 | INFO | Steps: 69632/150000 | Episodes: 136 | CurrentEpReward: 0.000 | RecentReward: 70.606 | QLoss: 0.474756 | ParamLoss: -0.826493 | Epsilon: 0.0200 | Replay: 50000
2026-09-16 07:41:10,864 | INFO | Steps: 70144/150000 | Episodes: 137 | CurrentEpReward: 0.000 | RecentReward: 69.633 | QLoss: 0.366700 | ParamLoss: -0.838419 | Epsilon: 0.0200 | Replay: 50000
2026-09-16 07:41:21,766 | INFO | Steps: 70656/150000 | Episodes: 138 | CurrentEpReward: 0.000 | RecentReward: 70.112 | QLoss: 0.423290 | ParamLoss: -0.832552 | Epsilon: 0.0200 | Replay: 50000
2026-09-16 07:41:32,666 | INFO | Steps: 71168/150000 | Episodes: 139 | CurrentEpReward: 0.000 | RecentReward: 70.906 | QLoss: 0.335108 | ParamLoss: -0.838393 | Epsilon: 0.0200 | Replay: 50000
2026-09-16 07:41:43,539 | INFO | Steps: 71680/150000 | Episodes: 140 | CurrentEpReward: 0.000 | RecentReward: 70.227 | QLoss: 0.444121 | ParamLoss: -0.840008 | Epsilon: 0.0200 | Replay: 50000
2026-09-16 07:41:54,438 | INFO | Steps: 72192/150000 | Episodes: 141 | CurrentEpReward: 0.000 | RecentReward: 70.005 | QLoss: 0.417845 | ParamLoss: -0.846467 | Epsilon: 0.0200 | Replay: 50000
2026-09-16 07:42:05,576 | INFO | Steps: 72704/150000 | Episodes: 142 | CurrentEpReward: 0.000 | RecentReward: 70.686 | QLoss: 0.365917 | ParamLoss: -0.843650 | Epsilon: 0.0200 | Replay: 50000
2026-09-16 07:42:16,585 | INFO | Steps: 73216/150000 | Episodes: 143 | CurrentEpReward: 0.000 | RecentReward: 70.811 | QLoss: 0.379336 | ParamLoss: -0.847515 | Epsilon: 0.0200 | Replay: 50000
2026-09-16 07:42:27,606 | INFO | Steps: 73728/150000 | Episodes: 144 | CurrentEpReward: 0.000 | RecentReward: 72.311 | QLoss: 0.424968 | ParamLoss: -0.846802 | Epsilon: 0.0200 | Replay: 50000
2026-09-16 07:42:38,647 | INFO | Steps: 74240/150000 | Episodes: 145 | CurrentEpReward: 0.000 | RecentReward: 73.117 | QLoss: 0.399469 | ParamLoss: -0.850790 | Epsilon: 0.0200 | Replay: 50000
2026-09-16 07:42:49,704 | INFO | Steps: 74752/150000 | Episodes: 146 | CurrentEpReward: 0.000 | RecentReward: 74.790 | QLoss: 0.484163 | ParamLoss: -0.868687 | Epsilon: 0.0200 | Replay: 50000
2026-09-16 07:43:00,771 | INFO | Steps: 75264/150000 | Episodes: 147 | CurrentEpReward: 0.000 | RecentReward: 76.119 | QLoss: 0.481764 | ParamLoss: -0.880147 | Epsilon: 0.0200 | Replay: 50000
2026-09-16 07:43:11,738 | INFO | Steps: 75776/150000 | Episodes: 148 | CurrentEpReward: 0.000 | RecentReward: 75.556 | QLoss: 0.453377 | ParamLoss: -0.894844 | Epsilon: 0.0200 | Replay: 50000
2026-09-16 07:43:22,665 | INFO | Steps: 76288/150000 | Episodes: 149 | CurrentEpReward: 0.000 | RecentReward: 74.953 | QLoss: 0.468953 | ParamLoss: -0.892185 | Epsilon: 0.0200 | Replay: 50000
2026-09-16 07:43:33,727 | INFO | Steps: 76800/150000 | Episodes: 150 | CurrentEpReward: 0.000 | RecentReward: 75.439 | QLoss: 0.450409 | ParamLoss: -0.901036 | Epsilon: 0.0200 | Replay: 50000
2026-09-16 07:43:44,645 | INFO | Steps: 77312/150000 | Episodes: 151 | CurrentEpReward: 0.000 | RecentReward: 74.518 | QLoss: 0.534305 | ParamLoss: -0.903874 | Epsilon: 0.0200 | Replay: 50000
2026-09-16 07:43:55,745 | INFO | Steps: 77824/150000 | Episodes: 152 | CurrentEpReward: 0.000 | RecentReward: 73.894 | QLoss: 0.498651 | ParamLoss: -0.908700 | Epsilon: 0.0200 | Replay: 50000
2026-09-16 07:44:07,072 | INFO | Steps: 78336/150000 | Episodes: 153 | CurrentEpReward: 0.000 | RecentReward: 74.490 | QLoss: 0.517957 | ParamLoss: -0.921952 | Epsilon: 0.0200 | Replay: 50000
2026-09-16 07:44:18,133 | INFO | Steps: 78848/150000 | Episodes: 154 | CurrentEpReward: 0.000 | RecentReward: 74.067 | QLoss: 0.484887 | ParamLoss: -0.929348 | Epsilon: 0.0200 | Replay: 50000
2026-09-16 07:44:29,108 | INFO | Steps: 79360/150000 | Episodes: 155 | CurrentEpReward: 0.000 | RecentReward: 74.164 | QLoss: 0.424618 | ParamLoss: -0.929332 | Epsilon: 0.0200 | Replay: 50000
2026-09-16 07:44:39,948 | INFO | Steps: 79872/150000 | Episodes: 156 | CurrentEpReward: 0.000 | RecentReward: 72.419 | QLoss: 0.419013 | ParamLoss: -0.935265 | Epsilon: 0.0200 | Replay: 50000
2026-09-16 07:44:50,842 | INFO | Steps: 80384/150000 | Episodes: 157 | CurrentEpReward: 0.000 | RecentReward: 70.998 | QLoss: 0.484447 | ParamLoss: -0.927159 | Epsilon: 0.0200 | Replay: 50000
2026-09-16 07:45:01,691 | INFO | Steps: 80896/150000 | Episodes: 158 | CurrentEpReward: 0.000 | RecentReward: 71.662 | QLoss: 0.435833 | ParamLoss: -0.931771 | Epsilon: 0.0200 | Replay: 50000
2026-09-16 07:45:12,675 | INFO | Steps: 81408/150000 | Episodes: 159 | CurrentEpReward: 0.000 | RecentReward: 71.428 | QLoss: 0.426027 | ParamLoss: -0.924714 | Epsilon: 0.0200 | Replay: 50000
2026-09-16 07:45:23,559 | INFO | Steps: 81920/150000 | Episodes: 160 | CurrentEpReward: 0.000 | RecentReward: 70.743 | QLoss: 0.440350 | ParamLoss: -0.937281 | Epsilon: 0.0200 | Replay: 50000
2026-09-16 07:45:34,481 | INFO | Steps: 82432/150000 | Episodes: 161 | CurrentEpReward: 0.000 | RecentReward: 71.047 | QLoss: 0.495460 | ParamLoss: -0.943385 | Epsilon: 0.0200 | Replay: 50000
2026-09-16 07:45:45,371 | INFO | Steps: 82944/150000 | Episodes: 162 | CurrentEpReward: 0.000 | RecentReward: 70.474 | QLoss: 0.487416 | ParamLoss: -0.949057 | Epsilon: 0.0200 | Replay: 50000
2026-09-16 07:45:56,280 | INFO | Steps: 83456/150000 | Episodes: 163 | CurrentEpReward: 0.000 | RecentReward: 68.398 | QLoss: 0.461648 | ParamLoss: -0.949086 | Epsilon: 0.0200 | Replay: 50000
2026-09-16 07:46:07,204 | INFO | Steps: 83968/150000 | Episodes: 164 | CurrentEpReward: 0.000 | RecentReward: 67.965 | QLoss: 0.457390 | ParamLoss: -0.963951 | Epsilon: 0.0200 | Replay: 50000
2026-09-16 07:46:18,087 | INFO | Steps: 84480/150000 | Episodes: 165 | CurrentEpReward: 0.000 | RecentReward: 67.651 | QLoss: 0.471105 | ParamLoss: -0.970333 | Epsilon: 0.0200 | Replay: 50000
2026-09-16 07:46:29,080 | INFO | Steps: 84992/150000 | Episodes: 166 | CurrentEpReward: 0.000 | RecentReward: 68.748 | QLoss: 0.482847 | ParamLoss: -0.961683 | Epsilon: 0.0200 | Replay: 50000
2026-09-16 07:46:40,087 | INFO | Steps: 85504/150000 | Episodes: 167 | CurrentEpReward: 0.000 | RecentReward: 69.658 | QLoss: 0.469526 | ParamLoss: -0.978313 | Epsilon: 0.0200 | Replay: 50000
2026-09-16 07:46:50,987 | INFO | Steps: 86016/150000 | Episodes: 168 | CurrentEpReward: 0.000 | RecentReward: 69.053 | QLoss: 0.437248 | ParamLoss: -0.993679 | Epsilon: 0.0200 | Replay: 50000
2026-09-16 07:47:01,845 | INFO | Steps: 86528/150000 | Episodes: 169 | CurrentEpReward: 0.000 | RecentReward: 69.642 | QLoss: 0.534535 | ParamLoss: -0.992105 | Epsilon: 0.0200 | Replay: 50000
2026-09-16 07:47:12,806 | INFO | Steps: 87040/150000 | Episodes: 170 | CurrentEpReward: 0.000 | RecentReward: 70.996 | QLoss: 0.475497 | ParamLoss: -0.995945 | Epsilon: 0.0200 | Replay: 50000
2026-09-16 07:47:23,967 | INFO | Steps: 87552/150000 | Episodes: 171 | CurrentEpReward: 0.000 | RecentReward: 72.118 | QLoss: 0.459998 | ParamLoss: -1.006739 | Epsilon: 0.0200 | Replay: 50000
2026-09-16 07:47:35,101 | INFO | Steps: 88064/150000 | Episodes: 172 | CurrentEpReward: 0.000 | RecentReward: 72.450 | QLoss: 0.442635 | ParamLoss: -1.024506 | Epsilon: 0.0200 | Replay: 50000
2026-09-16 07:47:45,999 | INFO | Steps: 88576/150000 | Episodes: 173 | CurrentEpReward: 0.000 | RecentReward: 72.149 | QLoss: 0.464808 | ParamLoss: -1.033137 | Epsilon: 0.0200 | Replay: 50000
2026-09-16 07:47:57,144 | INFO | Steps: 89088/150000 | Episodes: 174 | CurrentEpReward: 0.000 | RecentReward: 73.924 | QLoss: 0.469396 | ParamLoss: -1.037848 | Epsilon: 0.0200 | Replay: 50000
2026-09-16 07:48:08,113 | INFO | Steps: 89600/150000 | Episodes: 175 | CurrentEpReward: 0.000 | RecentReward: 74.271 | QLoss: 0.514388 | ParamLoss: -1.041226 | Epsilon: 0.0200 | Replay: 50000
2026-09-16 07:48:19,008 | INFO | Steps: 90112/150000 | Episodes: 176 | CurrentEpReward: 0.000 | RecentReward: 73.706 | QLoss: 0.486679 | ParamLoss: -1.039477 | Epsilon: 0.0200 | Replay: 50000
2026-09-16 07:48:29,910 | INFO | Steps: 90624/150000 | Episodes: 177 | CurrentEpReward: 0.000 | RecentReward: 73.041 | QLoss: 0.488433 | ParamLoss: -1.045310 | Epsilon: 0.0200 | Replay: 50000
2026-09-16 07:48:40,992 | INFO | Steps: 91136/150000 | Episodes: 178 | CurrentEpReward: 0.000 | RecentReward: 73.711 | QLoss: 0.459212 | ParamLoss: -1.048068 | Epsilon: 0.0200 | Replay: 50000
2026-09-16 07:48:51,909 | INFO | Steps: 91648/150000 | Episodes: 179 | CurrentEpReward: 0.000 | RecentReward: 74.590 | QLoss: 0.509161 | ParamLoss: -1.048430 | Epsilon: 0.0200 | Replay: 50000
2026-09-16 07:49:02,812 | INFO | Steps: 92160/150000 | Episodes: 180 | CurrentEpReward: 0.000 | RecentReward: 73.548 | QLoss: 0.485248 | ParamLoss: -1.043976 | Epsilon: 0.0200 | Replay: 50000
2026-09-16 07:49:13,648 | INFO | Steps: 92672/150000 | Episodes: 181 | CurrentEpReward: 0.000 | RecentReward: 71.720 | QLoss: 0.431837 | ParamLoss: -1.037968 | Epsilon: 0.0200 | Replay: 50000
2026-09-16 07:49:24,553 | INFO | Steps: 93184/150000 | Episodes: 182 | CurrentEpReward: 0.000 | RecentReward: 70.610 | QLoss: 0.506363 | ParamLoss: -1.040921 | Epsilon: 0.0200 | Replay: 50000
2026-09-16 07:49:35,559 | INFO | Steps: 93696/150000 | Episodes: 183 | CurrentEpReward: 0.000 | RecentReward: 72.627 | QLoss: 0.427197 | ParamLoss: -1.049939 | Epsilon: 0.0200 | Replay: 50000
2026-09-16 07:49:46,582 | INFO | Steps: 94208/150000 | Episodes: 184 | CurrentEpReward: 0.000 | RecentReward: 70.130 | QLoss: 0.509907 | ParamLoss: -1.055478 | Epsilon: 0.0200 | Replay: 50000
2026-09-16 07:49:57,556 | INFO | Steps: 94720/150000 | Episodes: 185 | CurrentEpReward: 0.000 | RecentReward: 69.993 | QLoss: 0.483876 | ParamLoss: -1.061122 | Epsilon: 0.0200 | Replay: 50000
2026-09-16 07:50:08,729 | INFO | Steps: 95232/150000 | Episodes: 186 | CurrentEpReward: 0.000 | RecentReward: 71.135 | QLoss: 0.523355 | ParamLoss: -1.057566 | Epsilon: 0.0200 | Replay: 50000
2026-09-16 07:50:19,637 | INFO | Steps: 95744/150000 | Episodes: 187 | CurrentEpReward: 0.000 | RecentReward: 71.379 | QLoss: 0.464006 | ParamLoss: -1.060864 | Epsilon: 0.0200 | Replay: 50000
2026-09-16 07:50:30,467 | INFO | Steps: 96256/150000 | Episodes: 188 | CurrentEpReward: 0.000 | RecentReward: 71.313 | QLoss: 0.444463 | ParamLoss: -1.066693 | Epsilon: 0.0200 | Replay: 50000
2026-09-16 07:50:41,425 | INFO | Steps: 96768/150000 | Episodes: 189 | CurrentEpReward: 0.000 | RecentReward: 70.850 | QLoss: 0.481428 | ParamLoss: -1.065456 | Epsilon: 0.0200 | Replay: 50000
2026-09-16 07:50:52,421 | INFO | Steps: 97280/150000 | Episodes: 190 | CurrentEpReward: 0.000 | RecentReward: 70.822 | QLoss: 0.449747 | ParamLoss: -1.063472 | Epsilon: 0.0200 | Replay: 50000
2026-09-16 07:51:03,388 | INFO | Steps: 97792/150000 | Episodes: 191 | CurrentEpReward: 0.000 | RecentReward: 72.033 | QLoss: 0.571221 | ParamLoss: -1.064957 | Epsilon: 0.0200 | Replay: 50000
2026-09-16 07:51:14,575 | INFO | Steps: 98304/150000 | Episodes: 192 | CurrentEpReward: 0.000 | RecentReward: 73.199 | QLoss: 0.405649 | ParamLoss: -1.073767 | Epsilon: 0.0200 | Replay: 50000
2026-09-16 07:51:25,420 | INFO | Steps: 98816/150000 | Episodes: 193 | CurrentEpReward: 0.000 | RecentReward: 72.638 | QLoss: 0.646070 | ParamLoss: -1.076356 | Epsilon: 0.0200 | Replay: 50000
2026-09-16 07:51:36,265 | INFO | Steps: 99328/150000 | Episodes: 194 | CurrentEpReward: 0.000 | RecentReward: 73.017 | QLoss: 0.440157 | ParamLoss: -1.081634 | Epsilon: 0.0200 | Replay: 50000
2026-09-16 07:51:47,212 | INFO | Steps: 99840/150000 | Episodes: 195 | CurrentEpReward: 0.000 | RecentReward: 73.494 | QLoss: 0.448819 | ParamLoss: -1.082549 | Epsilon: 0.0200 | Replay: 50000
2026-09-16 07:52:14,218 | INFO | 新的最佳模型 (reward): 75.827，保存至 /home/pjpjq/LEO_switch/results/multiseed_0907/seed45/u30/learned_baselines/pdqn/best_model.pt
2026-09-16 07:52:14,225 | INFO | 周期权重已保存: /home/pjpjq/LEO_switch/results/multiseed_0907/seed45/u30/learned_baselines/pdqn/checkpoint_100000.pt
2026-09-16 07:52:21,706 | INFO | Steps: 100352/150000 | Episodes: 196 | CurrentEpReward: 0.000 | RecentReward: 71.670 | QLoss: 0.544151 | ParamLoss: -1.094063 | Epsilon: 0.0200 | Replay: 50000
2026-09-16 07:52:32,648 | INFO | Steps: 100864/150000 | Episodes: 197 | CurrentEpReward: 0.000 | RecentReward: 72.463 | QLoss: 0.468494 | ParamLoss: -1.101897 | Epsilon: 0.0200 | Replay: 50000
2026-09-16 07:52:43,518 | INFO | Steps: 101376/150000 | Episodes: 198 | CurrentEpReward: 0.000 | RecentReward: 72.921 | QLoss: 0.569894 | ParamLoss: -1.105815 | Epsilon: 0.0200 | Replay: 50000
2026-09-16 07:52:54,541 | INFO | Steps: 101888/150000 | Episodes: 199 | CurrentEpReward: 0.000 | RecentReward: 72.675 | QLoss: 0.407100 | ParamLoss: -1.111386 | Epsilon: 0.0200 | Replay: 50000
2026-09-16 07:53:05,405 | INFO | Steps: 102400/150000 | Episodes: 200 | CurrentEpReward: 0.000 | RecentReward: 72.384 | QLoss: 0.361643 | ParamLoss: -1.116982 | Epsilon: 0.0200 | Replay: 50000
2026-09-16 07:53:16,500 | INFO | Steps: 102912/150000 | Episodes: 201 | CurrentEpReward: 0.000 | RecentReward: 73.239 | QLoss: 0.548090 | ParamLoss: -1.115310 | Epsilon: 0.0200 | Replay: 50000
2026-09-16 07:53:27,324 | INFO | Steps: 103424/150000 | Episodes: 202 | CurrentEpReward: 0.000 | RecentReward: 72.490 | QLoss: 0.592686 | ParamLoss: -1.121147 | Epsilon: 0.0200 | Replay: 50000
2026-09-16 07:53:38,283 | INFO | Steps: 103936/150000 | Episodes: 203 | CurrentEpReward: 0.000 | RecentReward: 72.195 | QLoss: 0.514245 | ParamLoss: -1.113752 | Epsilon: 0.0200 | Replay: 50000
2026-09-16 07:53:49,156 | INFO | Steps: 104448/150000 | Episodes: 204 | CurrentEpReward: 0.000 | RecentReward: 72.666 | QLoss: 0.531471 | ParamLoss: -1.117032 | Epsilon: 0.0200 | Replay: 50000
2026-09-16 07:54:00,158 | INFO | Steps: 104960/150000 | Episodes: 205 | CurrentEpReward: 0.000 | RecentReward: 72.022 | QLoss: 0.506125 | ParamLoss: -1.124671 | Epsilon: 0.0200 | Replay: 50000
2026-09-16 07:54:11,047 | INFO | Steps: 105472/150000 | Episodes: 206 | CurrentEpReward: 0.000 | RecentReward: 72.725 | QLoss: 0.494826 | ParamLoss: -1.138442 | Epsilon: 0.0200 | Replay: 50000
2026-09-16 07:54:21,949 | INFO | Steps: 105984/150000 | Episodes: 207 | CurrentEpReward: 0.000 | RecentReward: 72.282 | QLoss: 0.516623 | ParamLoss: -1.139502 | Epsilon: 0.0200 | Replay: 50000
2026-09-16 07:54:32,890 | INFO | Steps: 106496/150000 | Episodes: 208 | CurrentEpReward: 0.000 | RecentReward: 72.675 | QLoss: 0.523659 | ParamLoss: -1.151173 | Epsilon: 0.0200 | Replay: 50000
2026-09-16 07:54:43,859 | INFO | Steps: 107008/150000 | Episodes: 209 | CurrentEpReward: 0.000 | RecentReward: 73.308 | QLoss: 0.509363 | ParamLoss: -1.152952 | Epsilon: 0.0200 | Replay: 50000
2026-09-16 07:54:55,014 | INFO | Steps: 107520/150000 | Episodes: 210 | CurrentEpReward: 0.000 | RecentReward: 75.528 | QLoss: 0.591269 | ParamLoss: -1.162498 | Epsilon: 0.0200 | Replay: 50000
2026-09-16 07:55:06,022 | INFO | Steps: 108032/150000 | Episodes: 211 | CurrentEpReward: 0.000 | RecentReward: 75.085 | QLoss: 0.478104 | ParamLoss: -1.170246 | Epsilon: 0.0200 | Replay: 50000
2026-09-16 07:55:16,933 | INFO | Steps: 108544/150000 | Episodes: 212 | CurrentEpReward: 0.000 | RecentReward: 76.120 | QLoss: 0.409159 | ParamLoss: -1.172929 | Epsilon: 0.0200 | Replay: 50000
2026-09-16 07:55:27,808 | INFO | Steps: 109056/150000 | Episodes: 213 | CurrentEpReward: 0.000 | RecentReward: 76.092 | QLoss: 0.452438 | ParamLoss: -1.173744 | Epsilon: 0.0200 | Replay: 50000
2026-09-16 07:55:38,648 | INFO | Steps: 109568/150000 | Episodes: 214 | CurrentEpReward: 0.000 | RecentReward: 76.352 | QLoss: 0.463759 | ParamLoss: -1.182983 | Epsilon: 0.0200 | Replay: 50000
2026-09-16 07:55:49,859 | INFO | Steps: 110080/150000 | Episodes: 215 | CurrentEpReward: 0.000 | RecentReward: 77.600 | QLoss: 0.437153 | ParamLoss: -1.189543 | Epsilon: 0.0200 | Replay: 50000
2026-09-16 07:56:00,756 | INFO | Steps: 110592/150000 | Episodes: 216 | CurrentEpReward: 0.000 | RecentReward: 77.975 | QLoss: 0.543081 | ParamLoss: -1.187060 | Epsilon: 0.0200 | Replay: 50000
2026-09-16 07:56:12,034 | INFO | Steps: 111104/150000 | Episodes: 217 | CurrentEpReward: 0.000 | RecentReward: 78.563 | QLoss: 0.500382 | ParamLoss: -1.180098 | Epsilon: 0.0200 | Replay: 50000
2026-09-16 07:56:23,002 | INFO | Steps: 111616/150000 | Episodes: 218 | CurrentEpReward: 0.000 | RecentReward: 79.219 | QLoss: 0.583739 | ParamLoss: -1.183322 | Epsilon: 0.0200 | Replay: 50000
2026-09-16 07:56:34,068 | INFO | Steps: 112128/150000 | Episodes: 219 | CurrentEpReward: 0.000 | RecentReward: 79.596 | QLoss: 0.517360 | ParamLoss: -1.192808 | Epsilon: 0.0200 | Replay: 50000
2026-09-16 07:56:44,922 | INFO | Steps: 112640/150000 | Episodes: 220 | CurrentEpReward: 0.000 | RecentReward: 77.809 | QLoss: 0.559044 | ParamLoss: -1.196134 | Epsilon: 0.0200 | Replay: 50000
2026-09-16 07:56:55,766 | INFO | Steps: 113152/150000 | Episodes: 221 | CurrentEpReward: 0.000 | RecentReward: 76.813 | QLoss: 0.476071 | ParamLoss: -1.209952 | Epsilon: 0.0200 | Replay: 50000
2026-09-16 07:57:06,717 | INFO | Steps: 113664/150000 | Episodes: 222 | CurrentEpReward: 0.000 | RecentReward: 76.399 | QLoss: 0.539073 | ParamLoss: -1.214985 | Epsilon: 0.0200 | Replay: 50000
2026-09-16 07:57:17,663 | INFO | Steps: 114176/150000 | Episodes: 223 | CurrentEpReward: 0.000 | RecentReward: 76.808 | QLoss: 0.618403 | ParamLoss: -1.216352 | Epsilon: 0.0200 | Replay: 50000
2026-09-16 07:57:28,542 | INFO | Steps: 114688/150000 | Episodes: 224 | CurrentEpReward: 0.000 | RecentReward: 76.861 | QLoss: 0.562664 | ParamLoss: -1.210919 | Epsilon: 0.0200 | Replay: 50000
2026-09-16 07:57:39,578 | INFO | Steps: 115200/150000 | Episodes: 225 | CurrentEpReward: 0.000 | RecentReward: 76.240 | QLoss: 0.510915 | ParamLoss: -1.203841 | Epsilon: 0.0200 | Replay: 50000
2026-09-16 07:57:50,494 | INFO | Steps: 115712/150000 | Episodes: 226 | CurrentEpReward: 0.000 | RecentReward: 76.291 | QLoss: 0.550998 | ParamLoss: -1.201019 | Epsilon: 0.0200 | Replay: 50000
2026-09-16 07:58:01,386 | INFO | Steps: 116224/150000 | Episodes: 227 | CurrentEpReward: 0.000 | RecentReward: 74.070 | QLoss: 0.587352 | ParamLoss: -1.206211 | Epsilon: 0.0200 | Replay: 50000
2026-09-16 07:58:12,298 | INFO | Steps: 116736/150000 | Episodes: 228 | CurrentEpReward: 0.000 | RecentReward: 72.677 | QLoss: 0.574783 | ParamLoss: -1.197515 | Epsilon: 0.0200 | Replay: 50000
2026-09-16 07:58:23,411 | INFO | Steps: 117248/150000 | Episodes: 229 | CurrentEpReward: 0.000 | RecentReward: 72.300 | QLoss: 0.428836 | ParamLoss: -1.201182 | Epsilon: 0.0200 | Replay: 50000
2026-09-16 07:58:34,693 | INFO | Steps: 117760/150000 | Episodes: 230 | CurrentEpReward: 0.000 | RecentReward: 73.521 | QLoss: 0.474018 | ParamLoss: -1.200460 | Epsilon: 0.0200 | Replay: 50000
2026-09-16 07:58:45,563 | INFO | Steps: 118272/150000 | Episodes: 231 | CurrentEpReward: 0.000 | RecentReward: 74.131 | QLoss: 0.480892 | ParamLoss: -1.198020 | Epsilon: 0.0200 | Replay: 50000
2026-09-16 07:58:56,519 | INFO | Steps: 118784/150000 | Episodes: 232 | CurrentEpReward: 0.000 | RecentReward: 74.815 | QLoss: 0.562156 | ParamLoss: -1.207488 | Epsilon: 0.0200 | Replay: 50000
2026-09-16 07:59:07,402 | INFO | Steps: 119296/150000 | Episodes: 233 | CurrentEpReward: 0.000 | RecentReward: 74.327 | QLoss: 0.510834 | ParamLoss: -1.213292 | Epsilon: 0.0200 | Replay: 50000
2026-09-16 07:59:18,299 | INFO | Steps: 119808/150000 | Episodes: 234 | CurrentEpReward: 0.000 | RecentReward: 73.905 | QLoss: 0.529767 | ParamLoss: -1.213683 | Epsilon: 0.0200 | Replay: 50000
2026-09-16 07:59:29,213 | INFO | Steps: 120320/150000 | Episodes: 235 | CurrentEpReward: 0.000 | RecentReward: 72.982 | QLoss: 0.448336 | ParamLoss: -1.207509 | Epsilon: 0.0200 | Replay: 50000
2026-09-16 07:59:40,515 | INFO | Steps: 120832/150000 | Episodes: 236 | CurrentEpReward: 0.000 | RecentReward: 73.606 | QLoss: 0.532482 | ParamLoss: -1.196011 | Epsilon: 0.0200 | Replay: 50000
2026-09-16 07:59:51,464 | INFO | Steps: 121344/150000 | Episodes: 237 | CurrentEpReward: 0.000 | RecentReward: 75.520 | QLoss: 0.473381 | ParamLoss: -1.195879 | Epsilon: 0.0200 | Replay: 50000
2026-09-16 08:00:02,456 | INFO | Steps: 121856/150000 | Episodes: 238 | CurrentEpReward: 0.000 | RecentReward: 75.807 | QLoss: 0.558731 | ParamLoss: -1.212309 | Epsilon: 0.0200 | Replay: 50000
2026-09-16 08:00:13,537 | INFO | Steps: 122368/150000 | Episodes: 239 | CurrentEpReward: 0.000 | RecentReward: 75.518 | QLoss: 0.428214 | ParamLoss: -1.218212 | Epsilon: 0.0200 | Replay: 50000
2026-09-16 08:00:24,471 | INFO | Steps: 122880/150000 | Episodes: 240 | CurrentEpReward: 0.000 | RecentReward: 74.548 | QLoss: 0.539094 | ParamLoss: -1.221044 | Epsilon: 0.0200 | Replay: 50000
2026-09-16 08:00:35,295 | INFO | Steps: 123392/150000 | Episodes: 241 | CurrentEpReward: 0.000 | RecentReward: 74.164 | QLoss: 0.523218 | ParamLoss: -1.221843 | Epsilon: 0.0200 | Replay: 50000
2026-09-16 08:00:46,374 | INFO | Steps: 123904/150000 | Episodes: 242 | CurrentEpReward: 0.000 | RecentReward: 73.287 | QLoss: 0.626610 | ParamLoss: -1.219682 | Epsilon: 0.0200 | Replay: 50000
2026-09-16 08:00:57,277 | INFO | Steps: 124416/150000 | Episodes: 243 | CurrentEpReward: 0.000 | RecentReward: 72.776 | QLoss: 0.448558 | ParamLoss: -1.225624 | Epsilon: 0.0200 | Replay: 50000
2026-09-16 08:01:08,275 | INFO | Steps: 124928/150000 | Episodes: 244 | CurrentEpReward: 0.000 | RecentReward: 73.308 | QLoss: 0.435472 | ParamLoss: -1.235284 | Epsilon: 0.0200 | Replay: 50000
2026-09-16 08:01:19,231 | INFO | Steps: 125440/150000 | Episodes: 245 | CurrentEpReward: 0.000 | RecentReward: 74.195 | QLoss: 0.521100 | ParamLoss: -1.236999 | Epsilon: 0.0200 | Replay: 50000
2026-09-16 08:01:30,165 | INFO | Steps: 125952/150000 | Episodes: 246 | CurrentEpReward: 0.000 | RecentReward: 73.655 | QLoss: 0.534367 | ParamLoss: -1.237114 | Epsilon: 0.0200 | Replay: 50000
2026-09-16 08:01:41,359 | INFO | Steps: 126464/150000 | Episodes: 247 | CurrentEpReward: 0.000 | RecentReward: 74.335 | QLoss: 0.404261 | ParamLoss: -1.236793 | Epsilon: 0.0200 | Replay: 50000
2026-09-16 08:01:52,291 | INFO | Steps: 126976/150000 | Episodes: 248 | CurrentEpReward: 0.000 | RecentReward: 73.746 | QLoss: 0.534640 | ParamLoss: -1.241319 | Epsilon: 0.0200 | Replay: 50000
2026-09-16 08:02:03,280 | INFO | Steps: 127488/150000 | Episodes: 249 | CurrentEpReward: 0.000 | RecentReward: 74.346 | QLoss: 0.507070 | ParamLoss: -1.244483 | Epsilon: 0.0200 | Replay: 50000
2026-09-16 08:02:14,255 | INFO | Steps: 128000/150000 | Episodes: 250 | CurrentEpReward: 0.000 | RecentReward: 74.350 | QLoss: 0.561795 | ParamLoss: -1.231672 | Epsilon: 0.0200 | Replay: 50000
2026-09-16 08:02:25,228 | INFO | Steps: 128512/150000 | Episodes: 251 | CurrentEpReward: 0.000 | RecentReward: 75.176 | QLoss: 0.544686 | ParamLoss: -1.233875 | Epsilon: 0.0200 | Replay: 50000
2026-09-16 08:02:36,270 | INFO | Steps: 129024/150000 | Episodes: 252 | CurrentEpReward: 0.000 | RecentReward: 75.810 | QLoss: 0.583576 | ParamLoss: -1.241218 | Epsilon: 0.0200 | Replay: 50000
2026-09-16 08:02:47,257 | INFO | Steps: 129536/150000 | Episodes: 253 | CurrentEpReward: 0.000 | RecentReward: 76.240 | QLoss: 0.555718 | ParamLoss: -1.245909 | Epsilon: 0.0200 | Replay: 50000
2026-09-16 08:02:58,273 | INFO | Steps: 130048/150000 | Episodes: 254 | CurrentEpReward: 0.000 | RecentReward: 75.860 | QLoss: 0.603195 | ParamLoss: -1.237293 | Epsilon: 0.0200 | Replay: 50000
2026-09-16 08:03:09,332 | INFO | Steps: 130560/150000 | Episodes: 255 | CurrentEpReward: 0.000 | RecentReward: 75.671 | QLoss: 0.631515 | ParamLoss: -1.230713 | Epsilon: 0.0200 | Replay: 50000
2026-09-16 08:03:20,306 | INFO | Steps: 131072/150000 | Episodes: 256 | CurrentEpReward: 0.000 | RecentReward: 75.763 | QLoss: 0.472959 | ParamLoss: -1.234744 | Epsilon: 0.0200 | Replay: 50000
2026-09-16 08:03:31,383 | INFO | Steps: 131584/150000 | Episodes: 257 | CurrentEpReward: 0.000 | RecentReward: 74.922 | QLoss: 0.459487 | ParamLoss: -1.232334 | Epsilon: 0.0200 | Replay: 50000
2026-09-16 08:03:42,342 | INFO | Steps: 132096/150000 | Episodes: 258 | CurrentEpReward: 0.000 | RecentReward: 74.997 | QLoss: 0.540676 | ParamLoss: -1.233323 | Epsilon: 0.0200 | Replay: 50000
2026-09-16 08:03:53,198 | INFO | Steps: 132608/150000 | Episodes: 259 | CurrentEpReward: 0.000 | RecentReward: 73.904 | QLoss: 0.515412 | ParamLoss: -1.228326 | Epsilon: 0.0200 | Replay: 50000
2026-09-16 08:04:04,178 | INFO | Steps: 133120/150000 | Episodes: 260 | CurrentEpReward: 0.000 | RecentReward: 73.591 | QLoss: 0.539645 | ParamLoss: -1.228237 | Epsilon: 0.0200 | Replay: 50000
2026-09-16 08:04:15,090 | INFO | Steps: 133632/150000 | Episodes: 261 | CurrentEpReward: 0.000 | RecentReward: 72.988 | QLoss: 0.623389 | ParamLoss: -1.225560 | Epsilon: 0.0200 | Replay: 50000
2026-09-16 08:04:25,979 | INFO | Steps: 134144/150000 | Episodes: 262 | CurrentEpReward: 0.000 | RecentReward: 72.613 | QLoss: 0.453545 | ParamLoss: -1.228980 | Epsilon: 0.0200 | Replay: 50000
2026-09-16 08:04:37,210 | INFO | Steps: 134656/150000 | Episodes: 263 | CurrentEpReward: 0.000 | RecentReward: 73.759 | QLoss: 0.484172 | ParamLoss: -1.223964 | Epsilon: 0.0200 | Replay: 50000
2026-09-16 08:04:48,228 | INFO | Steps: 135168/150000 | Episodes: 264 | CurrentEpReward: 0.000 | RecentReward: 74.172 | QLoss: 0.473378 | ParamLoss: -1.234895 | Epsilon: 0.0200 | Replay: 50000
2026-09-16 08:04:59,204 | INFO | Steps: 135680/150000 | Episodes: 265 | CurrentEpReward: 0.000 | RecentReward: 75.071 | QLoss: 0.540658 | ParamLoss: -1.239100 | Epsilon: 0.0200 | Replay: 50000
2026-09-16 08:05:10,213 | INFO | Steps: 136192/150000 | Episodes: 266 | CurrentEpReward: 0.000 | RecentReward: 74.833 | QLoss: 0.539378 | ParamLoss: -1.241417 | Epsilon: 0.0200 | Replay: 50000
2026-09-16 08:05:21,021 | INFO | Steps: 136704/150000 | Episodes: 267 | CurrentEpReward: 0.000 | RecentReward: 73.271 | QLoss: 0.521615 | ParamLoss: -1.237220 | Epsilon: 0.0200 | Replay: 50000
2026-09-16 08:05:32,102 | INFO | Steps: 137216/150000 | Episodes: 268 | CurrentEpReward: 0.000 | RecentReward: 74.841 | QLoss: 0.627976 | ParamLoss: -1.238344 | Epsilon: 0.0200 | Replay: 50000
2026-09-16 08:05:42,911 | INFO | Steps: 137728/150000 | Episodes: 269 | CurrentEpReward: 0.000 | RecentReward: 75.218 | QLoss: 0.616890 | ParamLoss: -1.228225 | Epsilon: 0.0200 | Replay: 50000
2026-09-16 08:05:53,801 | INFO | Steps: 138240/150000 | Episodes: 270 | CurrentEpReward: 0.000 | RecentReward: 75.389 | QLoss: 0.540384 | ParamLoss: -1.236914 | Epsilon: 0.0200 | Replay: 50000
2026-09-16 08:06:04,925 | INFO | Steps: 138752/150000 | Episodes: 271 | CurrentEpReward: 0.000 | RecentReward: 76.882 | QLoss: 0.507006 | ParamLoss: -1.241424 | Epsilon: 0.0200 | Replay: 50000
2026-09-16 08:06:15,884 | INFO | Steps: 139264/150000 | Episodes: 272 | CurrentEpReward: 0.000 | RecentReward: 76.454 | QLoss: 0.536046 | ParamLoss: -1.258296 | Epsilon: 0.0200 | Replay: 50000
2026-09-16 08:06:26,755 | INFO | Steps: 139776/150000 | Episodes: 273 | CurrentEpReward: 0.000 | RecentReward: 74.874 | QLoss: 0.651027 | ParamLoss: -1.264439 | Epsilon: 0.0200 | Replay: 50000
2026-09-16 08:06:37,687 | INFO | Steps: 140288/150000 | Episodes: 274 | CurrentEpReward: 0.000 | RecentReward: 74.389 | QLoss: 0.410635 | ParamLoss: -1.271007 | Epsilon: 0.0200 | Replay: 50000
2026-09-16 08:06:48,647 | INFO | Steps: 140800/150000 | Episodes: 275 | CurrentEpReward: 0.000 | RecentReward: 73.311 | QLoss: 0.623545 | ParamLoss: -1.273809 | Epsilon: 0.0200 | Replay: 50000
2026-09-16 08:06:59,643 | INFO | Steps: 141312/150000 | Episodes: 276 | CurrentEpReward: 0.000 | RecentReward: 74.108 | QLoss: 0.577680 | ParamLoss: -1.266909 | Epsilon: 0.0200 | Replay: 50000
2026-09-16 08:07:10,799 | INFO | Steps: 141824/150000 | Episodes: 277 | CurrentEpReward: 0.000 | RecentReward: 76.579 | QLoss: 0.654255 | ParamLoss: -1.271477 | Epsilon: 0.0200 | Replay: 50000
2026-09-16 08:07:21,900 | INFO | Steps: 142336/150000 | Episodes: 278 | CurrentEpReward: 0.000 | RecentReward: 76.432 | QLoss: 0.560068 | ParamLoss: -1.278914 | Epsilon: 0.0200 | Replay: 50000
2026-09-16 08:07:32,958 | INFO | Steps: 142848/150000 | Episodes: 279 | CurrentEpReward: 0.000 | RecentReward: 77.133 | QLoss: 0.561787 | ParamLoss: -1.280497 | Epsilon: 0.0200 | Replay: 50000
2026-09-16 08:07:43,742 | INFO | Steps: 143360/150000 | Episodes: 280 | CurrentEpReward: 0.000 | RecentReward: 76.094 | QLoss: 0.554737 | ParamLoss: -1.288246 | Epsilon: 0.0200 | Replay: 50000
2026-09-16 08:07:54,847 | INFO | Steps: 143872/150000 | Episodes: 281 | CurrentEpReward: 0.000 | RecentReward: 75.658 | QLoss: 0.606719 | ParamLoss: -1.298685 | Epsilon: 0.0200 | Replay: 50000
2026-09-16 08:08:05,831 | INFO | Steps: 144384/150000 | Episodes: 282 | CurrentEpReward: 0.000 | RecentReward: 75.947 | QLoss: 0.463099 | ParamLoss: -1.304869 | Epsilon: 0.0200 | Replay: 50000
2026-09-16 08:08:16,761 | INFO | Steps: 144896/150000 | Episodes: 283 | CurrentEpReward: 0.000 | RecentReward: 77.081 | QLoss: 0.508725 | ParamLoss: -1.289402 | Epsilon: 0.0200 | Replay: 50000
2026-09-16 08:08:27,801 | INFO | Steps: 145408/150000 | Episodes: 284 | CurrentEpReward: 0.000 | RecentReward: 77.662 | QLoss: 0.587285 | ParamLoss: -1.287281 | Epsilon: 0.0200 | Replay: 50000
2026-09-16 08:08:38,612 | INFO | Steps: 145920/150000 | Episodes: 285 | CurrentEpReward: 0.000 | RecentReward: 76.763 | QLoss: 0.529106 | ParamLoss: -1.292095 | Epsilon: 0.0200 | Replay: 50000
2026-09-16 08:08:49,657 | INFO | Steps: 146432/150000 | Episodes: 286 | CurrentEpReward: 0.000 | RecentReward: 76.371 | QLoss: 0.630826 | ParamLoss: -1.303204 | Epsilon: 0.0200 | Replay: 50000
2026-09-16 08:09:00,555 | INFO | Steps: 146944/150000 | Episodes: 287 | CurrentEpReward: 0.000 | RecentReward: 74.997 | QLoss: 0.529375 | ParamLoss: -1.307045 | Epsilon: 0.0200 | Replay: 50000
2026-09-16 08:09:11,507 | INFO | Steps: 147456/150000 | Episodes: 288 | CurrentEpReward: 0.000 | RecentReward: 74.037 | QLoss: 0.550142 | ParamLoss: -1.299750 | Epsilon: 0.0200 | Replay: 50000
2026-09-16 08:09:22,590 | INFO | Steps: 147968/150000 | Episodes: 289 | CurrentEpReward: 0.000 | RecentReward: 72.870 | QLoss: 0.673373 | ParamLoss: -1.297666 | Epsilon: 0.0200 | Replay: 50000
2026-09-16 08:09:33,559 | INFO | Steps: 148480/150000 | Episodes: 290 | CurrentEpReward: 0.000 | RecentReward: 74.119 | QLoss: 0.581852 | ParamLoss: -1.298442 | Epsilon: 0.0200 | Replay: 50000
2026-09-16 08:09:44,499 | INFO | Steps: 148992/150000 | Episodes: 291 | CurrentEpReward: 0.000 | RecentReward: 73.428 | QLoss: 0.771341 | ParamLoss: -1.296090 | Epsilon: 0.0200 | Replay: 50000
2026-09-16 08:09:55,372 | INFO | Steps: 149504/150000 | Episodes: 292 | CurrentEpReward: 0.000 | RecentReward: 73.669 | QLoss: 0.611442 | ParamLoss: -1.299432 | Epsilon: 0.0200 | Replay: 50000
2026-09-16 08:10:06,010 | INFO | Steps: 150000/150000 | Episodes: 292 | CurrentEpReward: 75.971 | RecentReward: 73.669 | QLoss: 0.540243 | ParamLoss: -1.301088 | Epsilon: 0.0200 | Replay: 50000
2026-09-16 08:10:29,672 | INFO | 新的最佳模型 (reward): 80.349，保存至 /home/pjpjq/LEO_switch/results/multiseed_0907/seed45/u30/learned_baselines/pdqn/best_model.pt
2026-09-16 08:10:29,682 | INFO | 周期权重已保存: /home/pjpjq/LEO_switch/results/multiseed_0907/seed45/u30/learned_baselines/pdqn/checkpoint_150000.pt
2026-09-16 08:10:29,707 | INFO | 最终权重已保存: /home/pjpjq/LEO_switch/results/multiseed_0907/seed45/u30/learned_baselines/pdqn/pdqn_model.pt
2026-09-16 08:10:53,229 | INFO | 训练与评估完成 | EvalReward: 80.349 ± 3.264
