2026-08-06 04:23:05,458 | INFO | ============================================================
2026-08-06 04:23:05,459 | INFO | 开始训练纯 PDQN 基线
2026-08-06 04:23:05,459 | INFO | 总步数: 150000 | warmup: 1000 | batch: 128 | 日志间隔: 512 steps | 保存间隔: 50000 steps | device: cuda
2026-08-06 04:23:05,459 | INFO | ============================================================
2026-08-06 04:23:15,698 | INFO | Steps: 512/150000 | Episodes: 1 | CurrentEpReward: 0.000 | RecentReward: -11.915 | QLoss: 0.000000 | ParamLoss: 0.000000 | Epsilon: 1.0000 | Replay: 512
2026-08-06 04:23:27,353 | INFO | Steps: 1024/150000 | Episodes: 2 | CurrentEpReward: 0.000 | RecentReward: -14.203 | QLoss: 0.177612 | ParamLoss: 0.002339 | Epsilon: 0.9993 | Replay: 1024
2026-08-06 04:23:57,536 | INFO | Steps: 1536/150000 | Episodes: 3 | CurrentEpReward: 0.000 | RecentReward: -16.313 | QLoss: 0.169959 | ParamLoss: -0.003312 | Epsilon: 0.9860 | Replay: 1536
2026-08-06 04:24:28,614 | INFO | Steps: 2048/150000 | Episodes: 4 | CurrentEpReward: 0.000 | RecentReward: -14.576 | QLoss: 0.179783 | ParamLoss: -0.007113 | Epsilon: 0.9726 | Replay: 2048
2026-08-06 04:24:58,464 | INFO | Steps: 2560/150000 | Episodes: 5 | CurrentEpReward: 0.000 | RecentReward: -15.543 | QLoss: 0.181592 | ParamLoss: -0.009975 | Epsilon: 0.9592 | Replay: 2560
2026-08-06 04:25:30,274 | INFO | Steps: 3072/150000 | Episodes: 6 | CurrentEpReward: 0.000 | RecentReward: -15.506 | QLoss: 0.182422 | ParamLoss: -0.014761 | Epsilon: 0.9458 | Replay: 3072
2026-08-06 04:26:02,307 | INFO | Steps: 3584/150000 | Episodes: 7 | CurrentEpReward: 0.000 | RecentReward: -15.767 | QLoss: 0.184325 | ParamLoss: -0.020890 | Epsilon: 0.9324 | Replay: 3584
2026-08-06 04:26:38,295 | INFO | Steps: 4096/150000 | Episodes: 8 | CurrentEpReward: 0.000 | RecentReward: -15.385 | QLoss: 0.187008 | ParamLoss: -0.029349 | Epsilon: 0.9191 | Replay: 4096
2026-08-06 04:27:09,495 | INFO | Steps: 4608/150000 | Episodes: 9 | CurrentEpReward: 0.000 | RecentReward: -15.313 | QLoss: 0.189065 | ParamLoss: -0.033645 | Epsilon: 0.9057 | Replay: 4608
2026-08-06 04:27:38,133 | INFO | Steps: 5120/150000 | Episodes: 10 | CurrentEpReward: 0.000 | RecentReward: -14.460 | QLoss: 0.188256 | ParamLoss: -0.037806 | Epsilon: 0.8923 | Replay: 5120
2026-08-06 04:28:10,241 | INFO | Steps: 5632/150000 | Episodes: 11 | CurrentEpReward: 0.000 | RecentReward: -14.200 | QLoss: 0.189127 | ParamLoss: -0.044535 | Epsilon: 0.8789 | Replay: 5632
2026-08-06 04:28:41,843 | INFO | Steps: 6144/150000 | Episodes: 12 | CurrentEpReward: 0.000 | RecentReward: -13.530 | QLoss: 0.196271 | ParamLoss: -0.054033 | Epsilon: 0.8655 | Replay: 6144
2026-08-06 04:29:11,399 | INFO | Steps: 6656/150000 | Episodes: 13 | CurrentEpReward: 0.000 | RecentReward: -11.942 | QLoss: 0.195014 | ParamLoss: -0.061967 | Epsilon: 0.8522 | Replay: 6656
2026-08-06 04:29:42,480 | INFO | Steps: 7168/150000 | Episodes: 14 | CurrentEpReward: 0.000 | RecentReward: -12.353 | QLoss: 0.199374 | ParamLoss: -0.068298 | Epsilon: 0.8388 | Replay: 7168
2026-08-06 04:30:19,070 | INFO | Steps: 7680/150000 | Episodes: 15 | CurrentEpReward: 0.000 | RecentReward: -11.296 | QLoss: 0.200929 | ParamLoss: -0.071322 | Epsilon: 0.8254 | Replay: 7680
2026-08-06 04:30:48,793 | INFO | Steps: 8192/150000 | Episodes: 16 | CurrentEpReward: 0.000 | RecentReward: -9.991 | QLoss: 0.200619 | ParamLoss: -0.080943 | Epsilon: 0.8120 | Replay: 8192
2026-08-06 04:31:17,843 | INFO | Steps: 8704/150000 | Episodes: 17 | CurrentEpReward: 0.000 | RecentReward: -9.153 | QLoss: 0.199575 | ParamLoss: -0.085033 | Epsilon: 0.7986 | Replay: 8704
2026-08-06 04:31:46,852 | INFO | Steps: 9216/150000 | Episodes: 18 | CurrentEpReward: 0.000 | RecentReward: -8.003 | QLoss: 0.206070 | ParamLoss: -0.091467 | Epsilon: 0.7853 | Replay: 9216
2026-08-06 04:32:16,625 | INFO | Steps: 9728/150000 | Episodes: 19 | CurrentEpReward: 0.000 | RecentReward: -6.836 | QLoss: 0.201519 | ParamLoss: -0.100605 | Epsilon: 0.7719 | Replay: 9728
2026-08-06 04:32:49,220 | INFO | Steps: 10240/150000 | Episodes: 20 | CurrentEpReward: 0.000 | RecentReward: -6.000 | QLoss: 0.208800 | ParamLoss: -0.108666 | Epsilon: 0.7585 | Replay: 10240
2026-08-06 04:33:19,834 | INFO | Steps: 10752/150000 | Episodes: 21 | CurrentEpReward: 0.000 | RecentReward: -5.316 | QLoss: 0.212097 | ParamLoss: -0.116695 | Epsilon: 0.7451 | Replay: 10752
2026-08-06 04:33:49,356 | INFO | Steps: 11264/150000 | Episodes: 22 | CurrentEpReward: 0.000 | RecentReward: -3.894 | QLoss: 0.216169 | ParamLoss: -0.118899 | Epsilon: 0.7317 | Replay: 11264
2026-08-06 04:34:20,208 | INFO | Steps: 11776/150000 | Episodes: 23 | CurrentEpReward: 0.000 | RecentReward: -2.262 | QLoss: 0.216307 | ParamLoss: -0.127959 | Epsilon: 0.7184 | Replay: 11776
2026-08-06 04:34:52,477 | INFO | Steps: 12288/150000 | Episodes: 24 | CurrentEpReward: 0.000 | RecentReward: -0.457 | QLoss: 0.218040 | ParamLoss: -0.134431 | Epsilon: 0.7050 | Replay: 12288
2026-08-06 04:35:25,743 | INFO | Steps: 12800/150000 | Episodes: 25 | CurrentEpReward: 0.000 | RecentReward: -0.384 | QLoss: 0.216312 | ParamLoss: -0.142183 | Epsilon: 0.6916 | Replay: 12800
2026-08-06 04:36:01,811 | INFO | Steps: 13312/150000 | Episodes: 26 | CurrentEpReward: 0.000 | RecentReward: -0.464 | QLoss: 0.220528 | ParamLoss: -0.155797 | Epsilon: 0.6782 | Replay: 13312
2026-08-06 04:36:31,859 | INFO | Steps: 13824/150000 | Episodes: 27 | CurrentEpReward: 0.000 | RecentReward: 0.641 | QLoss: 0.228349 | ParamLoss: -0.158430 | Epsilon: 0.6648 | Replay: 13824
2026-08-06 04:37:01,231 | INFO | Steps: 14336/150000 | Episodes: 28 | CurrentEpReward: 0.000 | RecentReward: 1.689 | QLoss: 0.223907 | ParamLoss: -0.170828 | Epsilon: 0.6515 | Replay: 14336
2026-08-06 04:37:35,292 | INFO | Steps: 14848/150000 | Episodes: 29 | CurrentEpReward: 0.000 | RecentReward: 2.309 | QLoss: 0.240489 | ParamLoss: -0.182635 | Epsilon: 0.6381 | Replay: 14848
2026-08-06 04:38:06,241 | INFO | Steps: 15360/150000 | Episodes: 30 | CurrentEpReward: 0.000 | RecentReward: 1.989 | QLoss: 0.236467 | ParamLoss: -0.191243 | Epsilon: 0.6247 | Replay: 15360
2026-08-06 04:38:42,582 | INFO | Steps: 15872/150000 | Episodes: 31 | CurrentEpReward: 0.000 | RecentReward: 2.836 | QLoss: 0.242197 | ParamLoss: -0.196727 | Epsilon: 0.6113 | Replay: 15872
2026-08-06 04:39:11,907 | INFO | Steps: 16384/150000 | Episodes: 32 | CurrentEpReward: 0.000 | RecentReward: 2.451 | QLoss: 0.233852 | ParamLoss: -0.203062 | Epsilon: 0.5979 | Replay: 16384
2026-08-06 04:39:41,536 | INFO | Steps: 16896/150000 | Episodes: 33 | CurrentEpReward: 0.000 | RecentReward: 1.889 | QLoss: 0.239829 | ParamLoss: -0.213198 | Epsilon: 0.5846 | Replay: 16896
2026-08-06 04:40:11,784 | INFO | Steps: 17408/150000 | Episodes: 34 | CurrentEpReward: 0.000 | RecentReward: 1.885 | QLoss: 0.231942 | ParamLoss: -0.214851 | Epsilon: 0.5712 | Replay: 17408
2026-08-06 04:40:48,156 | INFO | Steps: 17920/150000 | Episodes: 35 | CurrentEpReward: 0.000 | RecentReward: 3.549 | QLoss: 0.248752 | ParamLoss: -0.213506 | Epsilon: 0.5578 | Replay: 17920
2026-08-06 04:41:19,109 | INFO | Steps: 18432/150000 | Episodes: 36 | CurrentEpReward: 0.000 | RecentReward: 5.353 | QLoss: 0.235027 | ParamLoss: -0.218960 | Epsilon: 0.5444 | Replay: 18432
2026-08-06 04:41:48,563 | INFO | Steps: 18944/150000 | Episodes: 37 | CurrentEpReward: 0.000 | RecentReward: 6.315 | QLoss: 0.247165 | ParamLoss: -0.225257 | Epsilon: 0.5310 | Replay: 18944
2026-08-06 04:42:17,644 | INFO | Steps: 19456/150000 | Episodes: 38 | CurrentEpReward: 0.000 | RecentReward: 6.508 | QLoss: 0.236682 | ParamLoss: -0.225786 | Epsilon: 0.5177 | Replay: 19456
2026-08-06 04:42:47,477 | INFO | Steps: 19968/150000 | Episodes: 39 | CurrentEpReward: 0.000 | RecentReward: 7.341 | QLoss: 0.252002 | ParamLoss: -0.226206 | Epsilon: 0.5043 | Replay: 19968
2026-08-06 04:43:16,965 | INFO | Steps: 20480/150000 | Episodes: 40 | CurrentEpReward: 0.000 | RecentReward: 9.178 | QLoss: 0.244006 | ParamLoss: -0.230001 | Epsilon: 0.4909 | Replay: 20480
2026-08-06 04:43:46,233 | INFO | Steps: 20992/150000 | Episodes: 41 | CurrentEpReward: 0.000 | RecentReward: 9.501 | QLoss: 0.250579 | ParamLoss: -0.237168 | Epsilon: 0.4775 | Replay: 20992
2026-08-06 04:44:18,874 | INFO | Steps: 21504/150000 | Episodes: 42 | CurrentEpReward: 0.000 | RecentReward: 11.545 | QLoss: 0.257751 | ParamLoss: -0.239816 | Epsilon: 0.4641 | Replay: 21504
2026-08-06 04:44:52,493 | INFO | Steps: 22016/150000 | Episodes: 43 | CurrentEpReward: 0.000 | RecentReward: 12.138 | QLoss: 0.254012 | ParamLoss: -0.251797 | Epsilon: 0.4508 | Replay: 22016
2026-08-06 04:45:21,835 | INFO | Steps: 22528/150000 | Episodes: 44 | CurrentEpReward: 0.000 | RecentReward: 13.463 | QLoss: 0.269747 | ParamLoss: -0.257727 | Epsilon: 0.4374 | Replay: 22528
2026-08-06 04:45:58,978 | INFO | Steps: 23040/150000 | Episodes: 45 | CurrentEpReward: 0.000 | RecentReward: 14.386 | QLoss: 0.271296 | ParamLoss: -0.272398 | Epsilon: 0.4240 | Replay: 23040
2026-08-06 04:46:28,322 | INFO | Steps: 23552/150000 | Episodes: 46 | CurrentEpReward: 0.000 | RecentReward: 15.118 | QLoss: 0.266989 | ParamLoss: -0.276259 | Epsilon: 0.4106 | Replay: 23552
2026-08-06 04:46:58,309 | INFO | Steps: 24064/150000 | Episodes: 47 | CurrentEpReward: 0.000 | RecentReward: 16.415 | QLoss: 0.264045 | ParamLoss: -0.283374 | Epsilon: 0.3972 | Replay: 24064
2026-08-06 04:47:31,971 | INFO | Steps: 24576/150000 | Episodes: 48 | CurrentEpReward: 0.000 | RecentReward: 17.759 | QLoss: 0.270182 | ParamLoss: -0.296208 | Epsilon: 0.3839 | Replay: 24576
2026-08-06 04:48:04,818 | INFO | Steps: 25088/150000 | Episodes: 49 | CurrentEpReward: 0.000 | RecentReward: 18.757 | QLoss: 0.269688 | ParamLoss: -0.305319 | Epsilon: 0.3705 | Replay: 25088
2026-08-06 04:48:35,411 | INFO | Steps: 25600/150000 | Episodes: 50 | CurrentEpReward: 0.000 | RecentReward: 18.680 | QLoss: 0.267002 | ParamLoss: -0.305510 | Epsilon: 0.3571 | Replay: 25600
2026-08-06 04:49:09,230 | INFO | Steps: 26112/150000 | Episodes: 51 | CurrentEpReward: 0.000 | RecentReward: 19.818 | QLoss: 0.280880 | ParamLoss: -0.312414 | Epsilon: 0.3437 | Replay: 26112
2026-08-06 04:49:36,849 | INFO | Steps: 26624/150000 | Episodes: 52 | CurrentEpReward: 0.000 | RecentReward: 19.878 | QLoss: 0.273701 | ParamLoss: -0.315627 | Epsilon: 0.3303 | Replay: 26624
2026-08-06 04:50:06,134 | INFO | Steps: 27136/150000 | Episodes: 53 | CurrentEpReward: 0.000 | RecentReward: 21.837 | QLoss: 0.280215 | ParamLoss: -0.326991 | Epsilon: 0.3170 | Replay: 27136
2026-08-06 04:50:37,795 | INFO | Steps: 27648/150000 | Episodes: 54 | CurrentEpReward: 0.000 | RecentReward: 22.561 | QLoss: 0.279856 | ParamLoss: -0.329474 | Epsilon: 0.3036 | Replay: 27648
2026-08-06 04:51:06,082 | INFO | Steps: 28160/150000 | Episodes: 55 | CurrentEpReward: 0.000 | RecentReward: 23.902 | QLoss: 0.300361 | ParamLoss: -0.332474 | Epsilon: 0.2902 | Replay: 28160
2026-08-06 04:51:35,837 | INFO | Steps: 28672/150000 | Episodes: 56 | CurrentEpReward: 0.000 | RecentReward: 23.959 | QLoss: 0.295636 | ParamLoss: -0.342085 | Epsilon: 0.2768 | Replay: 28672
2026-08-06 04:52:06,639 | INFO | Steps: 29184/150000 | Episodes: 57 | CurrentEpReward: 0.000 | RecentReward: 24.330 | QLoss: 0.306826 | ParamLoss: -0.348570 | Epsilon: 0.2634 | Replay: 29184
2026-08-06 04:52:35,676 | INFO | Steps: 29696/150000 | Episodes: 58 | CurrentEpReward: 0.000 | RecentReward: 26.605 | QLoss: 0.323209 | ParamLoss: -0.359040 | Epsilon: 0.2501 | Replay: 29696
2026-08-06 04:53:03,201 | INFO | Steps: 30208/150000 | Episodes: 59 | CurrentEpReward: 0.000 | RecentReward: 28.160 | QLoss: 0.308677 | ParamLoss: -0.360440 | Epsilon: 0.2367 | Replay: 30208
2026-08-06 04:53:32,603 | INFO | Steps: 30720/150000 | Episodes: 60 | CurrentEpReward: 0.000 | RecentReward: 30.792 | QLoss: 0.320188 | ParamLoss: -0.364826 | Epsilon: 0.2233 | Replay: 30720
2026-08-06 04:54:00,601 | INFO | Steps: 31232/150000 | Episodes: 61 | CurrentEpReward: 0.000 | RecentReward: 33.778 | QLoss: 0.316666 | ParamLoss: -0.369931 | Epsilon: 0.2099 | Replay: 31232
2026-08-06 04:54:30,833 | INFO | Steps: 31744/150000 | Episodes: 62 | CurrentEpReward: 0.000 | RecentReward: 36.189 | QLoss: 0.288811 | ParamLoss: -0.379217 | Epsilon: 0.1965 | Replay: 31744
2026-08-06 04:54:58,706 | INFO | Steps: 32256/150000 | Episodes: 63 | CurrentEpReward: 0.000 | RecentReward: 36.455 | QLoss: 0.300401 | ParamLoss: -0.387669 | Epsilon: 0.1832 | Replay: 32256
2026-08-06 04:55:27,357 | INFO | Steps: 32768/150000 | Episodes: 64 | CurrentEpReward: 0.000 | RecentReward: 38.043 | QLoss: 0.326365 | ParamLoss: -0.392042 | Epsilon: 0.1698 | Replay: 32768
2026-08-06 04:55:56,064 | INFO | Steps: 33280/150000 | Episodes: 65 | CurrentEpReward: 0.000 | RecentReward: 39.923 | QLoss: 0.329746 | ParamLoss: -0.394460 | Epsilon: 0.1564 | Replay: 33280
2026-08-06 04:56:24,816 | INFO | Steps: 33792/150000 | Episodes: 66 | CurrentEpReward: 0.000 | RecentReward: 41.629 | QLoss: 0.304528 | ParamLoss: -0.405717 | Epsilon: 0.1430 | Replay: 33792
2026-08-06 04:56:54,438 | INFO | Steps: 34304/150000 | Episodes: 67 | CurrentEpReward: 0.000 | RecentReward: 43.810 | QLoss: 0.309565 | ParamLoss: -0.410810 | Epsilon: 0.1296 | Replay: 34304
2026-08-06 04:57:23,961 | INFO | Steps: 34816/150000 | Episodes: 68 | CurrentEpReward: 0.000 | RecentReward: 44.581 | QLoss: 0.317838 | ParamLoss: -0.418926 | Epsilon: 0.1162 | Replay: 34816
2026-08-06 04:57:52,579 | INFO | Steps: 35328/150000 | Episodes: 69 | CurrentEpReward: 0.000 | RecentReward: 45.309 | QLoss: 0.337596 | ParamLoss: -0.429996 | Epsilon: 0.1029 | Replay: 35328
2026-08-06 04:58:22,784 | INFO | Steps: 35840/150000 | Episodes: 70 | CurrentEpReward: 0.000 | RecentReward: 47.494 | QLoss: 0.335974 | ParamLoss: -0.431716 | Epsilon: 0.0895 | Replay: 35840
2026-08-06 04:58:54,860 | INFO | Steps: 36352/150000 | Episodes: 71 | CurrentEpReward: 0.000 | RecentReward: 48.303 | QLoss: 0.329101 | ParamLoss: -0.443025 | Epsilon: 0.0761 | Replay: 36352
2026-08-06 04:59:26,598 | INFO | Steps: 36864/150000 | Episodes: 72 | CurrentEpReward: 0.000 | RecentReward: 49.521 | QLoss: 0.332036 | ParamLoss: -0.452523 | Epsilon: 0.0627 | Replay: 36864
2026-08-06 04:59:57,942 | INFO | Steps: 37376/150000 | Episodes: 73 | CurrentEpReward: 0.000 | RecentReward: 51.739 | QLoss: 0.345078 | ParamLoss: -0.461691 | Epsilon: 0.0493 | Replay: 37376
2026-08-06 05:00:28,846 | INFO | Steps: 37888/150000 | Episodes: 74 | CurrentEpReward: 0.000 | RecentReward: 53.870 | QLoss: 0.336604 | ParamLoss: -0.466200 | Epsilon: 0.0360 | Replay: 37888
2026-08-06 05:00:59,368 | INFO | Steps: 38400/150000 | Episodes: 75 | CurrentEpReward: 0.000 | RecentReward: 56.471 | QLoss: 0.318015 | ParamLoss: -0.474447 | Epsilon: 0.0226 | Replay: 38400
2026-08-06 05:01:28,807 | INFO | Steps: 38912/150000 | Episodes: 76 | CurrentEpReward: 0.000 | RecentReward: 58.989 | QLoss: 0.341252 | ParamLoss: -0.486786 | Epsilon: 0.0200 | Replay: 38912
2026-08-06 05:02:03,716 | INFO | Steps: 39424/150000 | Episodes: 77 | CurrentEpReward: 0.000 | RecentReward: 60.812 | QLoss: 0.354394 | ParamLoss: -0.492839 | Epsilon: 0.0200 | Replay: 39424
2026-08-06 05:02:41,722 | INFO | Steps: 39936/150000 | Episodes: 78 | CurrentEpReward: 0.000 | RecentReward: 62.318 | QLoss: 0.358234 | ParamLoss: -0.499713 | Epsilon: 0.0200 | Replay: 39936
2026-08-06 05:03:12,629 | INFO | Steps: 40448/150000 | Episodes: 79 | CurrentEpReward: 0.000 | RecentReward: 64.567 | QLoss: 0.365686 | ParamLoss: -0.507139 | Epsilon: 0.0200 | Replay: 40448
2026-08-06 05:03:43,747 | INFO | Steps: 40960/150000 | Episodes: 80 | CurrentEpReward: 0.000 | RecentReward: 66.000 | QLoss: 0.367885 | ParamLoss: -0.519982 | Epsilon: 0.0200 | Replay: 40960
2026-08-06 05:04:16,043 | INFO | Steps: 41472/150000 | Episodes: 81 | CurrentEpReward: 0.000 | RecentReward: 65.789 | QLoss: 0.334353 | ParamLoss: -0.514982 | Epsilon: 0.0200 | Replay: 41472
2026-08-06 05:04:48,108 | INFO | Steps: 41984/150000 | Episodes: 82 | CurrentEpReward: 0.000 | RecentReward: 67.329 | QLoss: 0.353100 | ParamLoss: -0.516114 | Epsilon: 0.0200 | Replay: 41984
2026-08-06 05:05:19,838 | INFO | Steps: 42496/150000 | Episodes: 83 | CurrentEpReward: 0.000 | RecentReward: 68.891 | QLoss: 0.362626 | ParamLoss: -0.516706 | Epsilon: 0.0200 | Replay: 42496
2026-08-06 05:05:54,126 | INFO | Steps: 43008/150000 | Episodes: 84 | CurrentEpReward: 0.000 | RecentReward: 69.675 | QLoss: 0.392710 | ParamLoss: -0.521771 | Epsilon: 0.0200 | Replay: 43008
2026-08-06 05:06:27,750 | INFO | Steps: 43520/150000 | Episodes: 85 | CurrentEpReward: 0.000 | RecentReward: 69.277 | QLoss: 0.374952 | ParamLoss: -0.533018 | Epsilon: 0.0200 | Replay: 43520
2026-08-06 05:06:59,495 | INFO | Steps: 44032/150000 | Episodes: 86 | CurrentEpReward: 0.000 | RecentReward: 70.519 | QLoss: 0.388527 | ParamLoss: -0.539977 | Epsilon: 0.0200 | Replay: 44032
2026-08-06 05:07:32,302 | INFO | Steps: 44544/150000 | Episodes: 87 | CurrentEpReward: 0.000 | RecentReward: 70.604 | QLoss: 0.322932 | ParamLoss: -0.550246 | Epsilon: 0.0200 | Replay: 44544
2026-08-06 05:08:05,649 | INFO | Steps: 45056/150000 | Episodes: 88 | CurrentEpReward: 0.000 | RecentReward: 71.355 | QLoss: 0.389296 | ParamLoss: -0.556012 | Epsilon: 0.0200 | Replay: 45056
2026-08-06 05:08:37,068 | INFO | Steps: 45568/150000 | Episodes: 89 | CurrentEpReward: 0.000 | RecentReward: 72.674 | QLoss: 0.382236 | ParamLoss: -0.571339 | Epsilon: 0.0200 | Replay: 45568
2026-08-06 05:09:07,634 | INFO | Steps: 46080/150000 | Episodes: 90 | CurrentEpReward: 0.000 | RecentReward: 71.788 | QLoss: 0.356478 | ParamLoss: -0.579226 | Epsilon: 0.0200 | Replay: 46080
2026-08-06 05:09:37,387 | INFO | Steps: 46592/150000 | Episodes: 91 | CurrentEpReward: 0.000 | RecentReward: 73.515 | QLoss: 0.348546 | ParamLoss: -0.586701 | Epsilon: 0.0200 | Replay: 46592
2026-08-06 05:10:06,618 | INFO | Steps: 47104/150000 | Episodes: 92 | CurrentEpReward: 0.000 | RecentReward: 74.254 | QLoss: 0.381469 | ParamLoss: -0.596353 | Epsilon: 0.0200 | Replay: 47104
2026-08-06 05:10:38,023 | INFO | Steps: 47616/150000 | Episodes: 93 | CurrentEpReward: 0.000 | RecentReward: 74.458 | QLoss: 0.378244 | ParamLoss: -0.606825 | Epsilon: 0.0200 | Replay: 47616
2026-08-06 05:11:06,853 | INFO | Steps: 48128/150000 | Episodes: 94 | CurrentEpReward: 0.000 | RecentReward: 74.590 | QLoss: 0.374203 | ParamLoss: -0.610418 | Epsilon: 0.0200 | Replay: 48128
2026-08-06 05:11:39,995 | INFO | Steps: 48640/150000 | Episodes: 95 | CurrentEpReward: 0.000 | RecentReward: 74.653 | QLoss: 0.345193 | ParamLoss: -0.617934 | Epsilon: 0.0200 | Replay: 48640
2026-08-06 05:12:08,901 | INFO | Steps: 49152/150000 | Episodes: 96 | CurrentEpReward: 0.000 | RecentReward: 74.485 | QLoss: 0.406427 | ParamLoss: -0.612548 | Epsilon: 0.0200 | Replay: 49152
2026-08-06 05:12:38,568 | INFO | Steps: 49664/150000 | Episodes: 97 | CurrentEpReward: 0.000 | RecentReward: 75.082 | QLoss: 0.368868 | ParamLoss: -0.625833 | Epsilon: 0.0200 | Replay: 49664
2026-08-06 05:13:59,562 | INFO | 新的最佳模型 (reward): 79.203，保存至 /home/pjpjq/LEO_switch/results/baseline_compare/multiuser_scaling_multiuser_single_seed_150k_20260804/u30/learned_baselines/pdqn/best_model.pt
2026-08-06 05:13:59,569 | INFO | 周期权重已保存: /home/pjpjq/LEO_switch/results/baseline_compare/multiuser_scaling_multiuser_single_seed_150k_20260804/u30/learned_baselines/pdqn/checkpoint_50000.pt
2026-08-06 05:14:10,208 | INFO | Steps: 50176/150000 | Episodes: 98 | CurrentEpReward: 0.000 | RecentReward: 75.523 | QLoss: 0.384721 | ParamLoss: -0.634609 | Epsilon: 0.0200 | Replay: 50000
2026-08-06 05:14:42,936 | INFO | Steps: 50688/150000 | Episodes: 99 | CurrentEpReward: 0.000 | RecentReward: 74.813 | QLoss: 0.336406 | ParamLoss: -0.638357 | Epsilon: 0.0200 | Replay: 50000
2026-08-06 05:15:12,121 | INFO | Steps: 51200/150000 | Episodes: 100 | CurrentEpReward: 0.000 | RecentReward: 76.456 | QLoss: 0.417118 | ParamLoss: -0.638651 | Epsilon: 0.0200 | Replay: 50000
2026-08-06 05:15:41,921 | INFO | Steps: 51712/150000 | Episodes: 101 | CurrentEpReward: 0.000 | RecentReward: 75.812 | QLoss: 0.400431 | ParamLoss: -0.655220 | Epsilon: 0.0200 | Replay: 50000
2026-08-06 05:16:11,151 | INFO | Steps: 52224/150000 | Episodes: 102 | CurrentEpReward: 0.000 | RecentReward: 74.883 | QLoss: 0.358389 | ParamLoss: -0.667843 | Epsilon: 0.0200 | Replay: 50000
2026-08-06 05:16:41,907 | INFO | Steps: 52736/150000 | Episodes: 103 | CurrentEpReward: 0.000 | RecentReward: 74.410 | QLoss: 0.402686 | ParamLoss: -0.676965 | Epsilon: 0.0200 | Replay: 50000
2026-08-06 05:17:12,814 | INFO | Steps: 53248/150000 | Episodes: 104 | CurrentEpReward: 0.000 | RecentReward: 74.793 | QLoss: 0.422609 | ParamLoss: -0.692067 | Epsilon: 0.0200 | Replay: 50000
2026-08-06 05:17:43,435 | INFO | Steps: 53760/150000 | Episodes: 105 | CurrentEpReward: 0.000 | RecentReward: 75.432 | QLoss: 0.402755 | ParamLoss: -0.700065 | Epsilon: 0.0200 | Replay: 50000
2026-08-06 05:18:13,876 | INFO | Steps: 54272/150000 | Episodes: 106 | CurrentEpReward: 0.000 | RecentReward: 75.552 | QLoss: 0.403450 | ParamLoss: -0.717404 | Epsilon: 0.0200 | Replay: 50000
2026-08-06 05:18:45,405 | INFO | Steps: 54784/150000 | Episodes: 107 | CurrentEpReward: 0.000 | RecentReward: 75.518 | QLoss: 0.365662 | ParamLoss: -0.724127 | Epsilon: 0.0200 | Replay: 50000
2026-08-06 05:19:17,689 | INFO | Steps: 55296/150000 | Episodes: 108 | CurrentEpReward: 0.000 | RecentReward: 75.701 | QLoss: 0.403409 | ParamLoss: -0.728647 | Epsilon: 0.0200 | Replay: 50000
2026-08-06 05:19:49,299 | INFO | Steps: 55808/150000 | Episodes: 109 | CurrentEpReward: 0.000 | RecentReward: 75.667 | QLoss: 0.392053 | ParamLoss: -0.739706 | Epsilon: 0.0200 | Replay: 50000
2026-08-06 05:20:20,564 | INFO | Steps: 56320/150000 | Episodes: 110 | CurrentEpReward: 0.000 | RecentReward: 74.538 | QLoss: 0.445596 | ParamLoss: -0.737245 | Epsilon: 0.0200 | Replay: 50000
2026-08-06 05:20:50,271 | INFO | Steps: 56832/150000 | Episodes: 111 | CurrentEpReward: 0.000 | RecentReward: 76.078 | QLoss: 0.363184 | ParamLoss: -0.749325 | Epsilon: 0.0200 | Replay: 50000
2026-08-06 05:21:21,778 | INFO | Steps: 57344/150000 | Episodes: 112 | CurrentEpReward: 0.000 | RecentReward: 76.525 | QLoss: 0.404447 | ParamLoss: -0.763870 | Epsilon: 0.0200 | Replay: 50000
2026-08-06 05:21:53,209 | INFO | Steps: 57856/150000 | Episodes: 113 | CurrentEpReward: 0.000 | RecentReward: 76.863 | QLoss: 0.444174 | ParamLoss: -0.767245 | Epsilon: 0.0200 | Replay: 50000
2026-08-06 05:22:23,278 | INFO | Steps: 58368/150000 | Episodes: 114 | CurrentEpReward: 0.000 | RecentReward: 77.063 | QLoss: 0.380420 | ParamLoss: -0.781562 | Epsilon: 0.0200 | Replay: 50000
2026-08-06 05:22:58,859 | INFO | Steps: 58880/150000 | Episodes: 115 | CurrentEpReward: 0.000 | RecentReward: 76.931 | QLoss: 0.448401 | ParamLoss: -0.779884 | Epsilon: 0.0200 | Replay: 50000
2026-08-06 05:23:28,784 | INFO | Steps: 59392/150000 | Episodes: 116 | CurrentEpReward: 0.000 | RecentReward: 77.361 | QLoss: 0.441960 | ParamLoss: -0.788746 | Epsilon: 0.0200 | Replay: 50000
2026-08-06 05:24:00,052 | INFO | Steps: 59904/150000 | Episodes: 117 | CurrentEpReward: 0.000 | RecentReward: 77.734 | QLoss: 0.494805 | ParamLoss: -0.800555 | Epsilon: 0.0200 | Replay: 50000
2026-08-06 05:24:30,897 | INFO | Steps: 60416/150000 | Episodes: 118 | CurrentEpReward: 0.000 | RecentReward: 76.590 | QLoss: 0.551857 | ParamLoss: -0.805590 | Epsilon: 0.0200 | Replay: 50000
2026-08-06 05:25:03,979 | INFO | Steps: 60928/150000 | Episodes: 119 | CurrentEpReward: 0.000 | RecentReward: 77.736 | QLoss: 0.419023 | ParamLoss: -0.818957 | Epsilon: 0.0200 | Replay: 50000
2026-08-06 05:25:35,576 | INFO | Steps: 61440/150000 | Episodes: 120 | CurrentEpReward: 0.000 | RecentReward: 76.948 | QLoss: 0.438372 | ParamLoss: -0.816359 | Epsilon: 0.0200 | Replay: 50000
2026-08-06 05:26:09,265 | INFO | Steps: 61952/150000 | Episodes: 121 | CurrentEpReward: 0.000 | RecentReward: 76.146 | QLoss: 0.420114 | ParamLoss: -0.828183 | Epsilon: 0.0200 | Replay: 50000
2026-08-06 05:26:45,649 | INFO | Steps: 62464/150000 | Episodes: 122 | CurrentEpReward: 0.000 | RecentReward: 76.602 | QLoss: 0.398294 | ParamLoss: -0.838340 | Epsilon: 0.0200 | Replay: 50000
2026-08-06 05:27:20,662 | INFO | Steps: 62976/150000 | Episodes: 123 | CurrentEpReward: 0.000 | RecentReward: 77.128 | QLoss: 0.361070 | ParamLoss: -0.836712 | Epsilon: 0.0200 | Replay: 50000
2026-08-06 05:27:52,119 | INFO | Steps: 63488/150000 | Episodes: 124 | CurrentEpReward: 0.000 | RecentReward: 77.624 | QLoss: 0.439687 | ParamLoss: -0.849172 | Epsilon: 0.0200 | Replay: 50000
2026-08-06 05:28:21,538 | INFO | Steps: 64000/150000 | Episodes: 125 | CurrentEpReward: 0.000 | RecentReward: 77.462 | QLoss: 0.422821 | ParamLoss: -0.857361 | Epsilon: 0.0200 | Replay: 50000
2026-08-06 05:28:51,285 | INFO | Steps: 64512/150000 | Episodes: 126 | CurrentEpReward: 0.000 | RecentReward: 77.324 | QLoss: 0.381180 | ParamLoss: -0.864527 | Epsilon: 0.0200 | Replay: 50000
2026-08-06 05:29:21,868 | INFO | Steps: 65024/150000 | Episodes: 127 | CurrentEpReward: 0.000 | RecentReward: 76.849 | QLoss: 0.440766 | ParamLoss: -0.862001 | Epsilon: 0.0200 | Replay: 50000
2026-08-06 05:29:55,659 | INFO | Steps: 65536/150000 | Episodes: 128 | CurrentEpReward: 0.000 | RecentReward: 78.125 | QLoss: 0.521951 | ParamLoss: -0.869204 | Epsilon: 0.0200 | Replay: 50000
2026-08-06 05:30:26,646 | INFO | Steps: 66048/150000 | Episodes: 129 | CurrentEpReward: 0.000 | RecentReward: 77.935 | QLoss: 0.434354 | ParamLoss: -0.880008 | Epsilon: 0.0200 | Replay: 50000
2026-08-06 05:30:57,095 | INFO | Steps: 66560/150000 | Episodes: 130 | CurrentEpReward: 0.000 | RecentReward: 78.511 | QLoss: 0.419885 | ParamLoss: -0.880943 | Epsilon: 0.0200 | Replay: 50000
2026-08-06 05:31:26,726 | INFO | Steps: 67072/150000 | Episodes: 131 | CurrentEpReward: 0.000 | RecentReward: 79.200 | QLoss: 0.390286 | ParamLoss: -0.897814 | Epsilon: 0.0200 | Replay: 50000
2026-08-06 05:31:57,482 | INFO | Steps: 67584/150000 | Episodes: 132 | CurrentEpReward: 0.000 | RecentReward: 79.823 | QLoss: 0.377023 | ParamLoss: -0.908431 | Epsilon: 0.0200 | Replay: 50000
2026-08-06 05:32:27,177 | INFO | Steps: 68096/150000 | Episodes: 133 | CurrentEpReward: 0.000 | RecentReward: 79.253 | QLoss: 0.455512 | ParamLoss: -0.914587 | Epsilon: 0.0200 | Replay: 50000
2026-08-06 05:32:57,533 | INFO | Steps: 68608/150000 | Episodes: 134 | CurrentEpReward: 0.000 | RecentReward: 79.054 | QLoss: 0.449263 | ParamLoss: -0.916322 | Epsilon: 0.0200 | Replay: 50000
2026-08-06 05:33:26,881 | INFO | Steps: 69120/150000 | Episodes: 135 | CurrentEpReward: 0.000 | RecentReward: 78.354 | QLoss: 0.452448 | ParamLoss: -0.923276 | Epsilon: 0.0200 | Replay: 50000
2026-08-06 05:34:00,966 | INFO | Steps: 69632/150000 | Episodes: 136 | CurrentEpReward: 0.000 | RecentReward: 78.488 | QLoss: 0.409572 | ParamLoss: -0.941384 | Epsilon: 0.0200 | Replay: 50000
2026-08-06 05:34:32,906 | INFO | Steps: 70144/150000 | Episodes: 137 | CurrentEpReward: 0.000 | RecentReward: 79.346 | QLoss: 0.453572 | ParamLoss: -0.942912 | Epsilon: 0.0200 | Replay: 50000
2026-08-06 05:35:03,264 | INFO | Steps: 70656/150000 | Episodes: 138 | CurrentEpReward: 0.000 | RecentReward: 78.362 | QLoss: 0.420835 | ParamLoss: -0.950233 | Epsilon: 0.0200 | Replay: 50000
2026-08-06 05:35:33,939 | INFO | Steps: 71168/150000 | Episodes: 139 | CurrentEpReward: 0.000 | RecentReward: 77.343 | QLoss: 0.479268 | ParamLoss: -0.954228 | Epsilon: 0.0200 | Replay: 50000
2026-08-06 05:36:06,841 | INFO | Steps: 71680/150000 | Episodes: 140 | CurrentEpReward: 0.000 | RecentReward: 77.878 | QLoss: 0.464705 | ParamLoss: -0.954454 | Epsilon: 0.0200 | Replay: 50000
2026-08-06 05:36:37,526 | INFO | Steps: 72192/150000 | Episodes: 141 | CurrentEpReward: 0.000 | RecentReward: 77.439 | QLoss: 0.493903 | ParamLoss: -0.966076 | Epsilon: 0.0200 | Replay: 50000
2026-08-06 05:37:08,832 | INFO | Steps: 72704/150000 | Episodes: 142 | CurrentEpReward: 0.000 | RecentReward: 76.228 | QLoss: 0.546995 | ParamLoss: -0.959383 | Epsilon: 0.0200 | Replay: 50000
2026-08-06 05:37:42,458 | INFO | Steps: 73216/150000 | Episodes: 143 | CurrentEpReward: 0.000 | RecentReward: 77.643 | QLoss: 0.474728 | ParamLoss: -0.968059 | Epsilon: 0.0200 | Replay: 50000
2026-08-06 05:38:14,365 | INFO | Steps: 73728/150000 | Episodes: 144 | CurrentEpReward: 0.000 | RecentReward: 77.992 | QLoss: 0.493818 | ParamLoss: -0.972923 | Epsilon: 0.0200 | Replay: 50000
2026-08-06 05:38:46,454 | INFO | Steps: 74240/150000 | Episodes: 145 | CurrentEpReward: 0.000 | RecentReward: 78.051 | QLoss: 0.400846 | ParamLoss: -0.976768 | Epsilon: 0.0200 | Replay: 50000
2026-08-06 05:39:19,402 | INFO | Steps: 74752/150000 | Episodes: 146 | CurrentEpReward: 0.000 | RecentReward: 77.409 | QLoss: 0.394113 | ParamLoss: -0.994557 | Epsilon: 0.0200 | Replay: 50000
2026-08-06 05:39:54,140 | INFO | Steps: 75264/150000 | Episodes: 147 | CurrentEpReward: 0.000 | RecentReward: 76.590 | QLoss: 0.464070 | ParamLoss: -1.000045 | Epsilon: 0.0200 | Replay: 50000
2026-08-06 05:40:24,761 | INFO | Steps: 75776/150000 | Episodes: 148 | CurrentEpReward: 0.000 | RecentReward: 77.229 | QLoss: 0.550309 | ParamLoss: -1.009974 | Epsilon: 0.0200 | Replay: 50000
2026-08-06 05:40:56,798 | INFO | Steps: 76288/150000 | Episodes: 149 | CurrentEpReward: 0.000 | RecentReward: 78.119 | QLoss: 0.414918 | ParamLoss: -1.018185 | Epsilon: 0.0200 | Replay: 50000
2026-08-06 05:41:29,380 | INFO | Steps: 76800/150000 | Episodes: 150 | CurrentEpReward: 0.000 | RecentReward: 77.858 | QLoss: 0.562047 | ParamLoss: -1.021934 | Epsilon: 0.0200 | Replay: 50000
2026-08-06 05:41:58,731 | INFO | Steps: 77312/150000 | Episodes: 151 | CurrentEpReward: 0.000 | RecentReward: 77.742 | QLoss: 0.462119 | ParamLoss: -1.046568 | Epsilon: 0.0200 | Replay: 50000
2026-08-06 05:42:28,647 | INFO | Steps: 77824/150000 | Episodes: 152 | CurrentEpReward: 0.000 | RecentReward: 77.048 | QLoss: 0.489316 | ParamLoss: -1.053346 | Epsilon: 0.0200 | Replay: 50000
2026-08-06 05:43:00,096 | INFO | Steps: 78336/150000 | Episodes: 153 | CurrentEpReward: 0.000 | RecentReward: 76.830 | QLoss: 0.465038 | ParamLoss: -1.059189 | Epsilon: 0.0200 | Replay: 50000
2026-08-06 05:43:31,929 | INFO | Steps: 78848/150000 | Episodes: 154 | CurrentEpReward: 0.000 | RecentReward: 76.093 | QLoss: 0.489278 | ParamLoss: -1.059577 | Epsilon: 0.0200 | Replay: 50000
2026-08-06 05:44:02,126 | INFO | Steps: 79360/150000 | Episodes: 155 | CurrentEpReward: 0.000 | RecentReward: 76.996 | QLoss: 0.574775 | ParamLoss: -1.068966 | Epsilon: 0.0200 | Replay: 50000
2026-08-06 05:44:35,443 | INFO | Steps: 79872/150000 | Episodes: 156 | CurrentEpReward: 0.000 | RecentReward: 77.529 | QLoss: 0.462142 | ParamLoss: -1.079715 | Epsilon: 0.0200 | Replay: 50000
2026-08-06 05:45:06,712 | INFO | Steps: 80384/150000 | Episodes: 157 | CurrentEpReward: 0.000 | RecentReward: 76.923 | QLoss: 0.518513 | ParamLoss: -1.092451 | Epsilon: 0.0200 | Replay: 50000
2026-08-06 05:45:38,917 | INFO | Steps: 80896/150000 | Episodes: 158 | CurrentEpReward: 0.000 | RecentReward: 75.965 | QLoss: 0.533826 | ParamLoss: -1.092620 | Epsilon: 0.0200 | Replay: 50000
2026-08-06 05:46:09,922 | INFO | Steps: 81408/150000 | Episodes: 159 | CurrentEpReward: 0.000 | RecentReward: 76.219 | QLoss: 0.458583 | ParamLoss: -1.104134 | Epsilon: 0.0200 | Replay: 50000
2026-08-06 05:46:45,946 | INFO | Steps: 81920/150000 | Episodes: 160 | CurrentEpReward: 0.000 | RecentReward: 75.622 | QLoss: 0.565336 | ParamLoss: -1.108412 | Epsilon: 0.0200 | Replay: 50000
2026-08-06 05:47:17,604 | INFO | Steps: 82432/150000 | Episodes: 161 | CurrentEpReward: 0.000 | RecentReward: 75.959 | QLoss: 0.443628 | ParamLoss: -1.108635 | Epsilon: 0.0200 | Replay: 50000
2026-08-06 05:47:45,830 | INFO | Steps: 82944/150000 | Episodes: 162 | CurrentEpReward: 0.000 | RecentReward: 76.860 | QLoss: 0.466261 | ParamLoss: -1.111168 | Epsilon: 0.0200 | Replay: 50000
2026-08-06 05:48:15,318 | INFO | Steps: 83456/150000 | Episodes: 163 | CurrentEpReward: 0.000 | RecentReward: 76.145 | QLoss: 0.433232 | ParamLoss: -1.121558 | Epsilon: 0.0200 | Replay: 50000
2026-08-06 05:48:44,346 | INFO | Steps: 83968/150000 | Episodes: 164 | CurrentEpReward: 0.000 | RecentReward: 76.021 | QLoss: 0.536145 | ParamLoss: -1.125621 | Epsilon: 0.0200 | Replay: 50000
2026-08-06 05:49:13,058 | INFO | Steps: 84480/150000 | Episodes: 165 | CurrentEpReward: 0.000 | RecentReward: 75.642 | QLoss: 0.627676 | ParamLoss: -1.133632 | Epsilon: 0.0200 | Replay: 50000
2026-08-06 05:49:44,803 | INFO | Steps: 84992/150000 | Episodes: 166 | CurrentEpReward: 0.000 | RecentReward: 75.319 | QLoss: 0.561918 | ParamLoss: -1.126600 | Epsilon: 0.0200 | Replay: 50000
2026-08-06 05:50:17,113 | INFO | Steps: 85504/150000 | Episodes: 167 | CurrentEpReward: 0.000 | RecentReward: 75.955 | QLoss: 0.491180 | ParamLoss: -1.135003 | Epsilon: 0.0200 | Replay: 50000
2026-08-06 05:50:48,526 | INFO | Steps: 86016/150000 | Episodes: 168 | CurrentEpReward: 0.000 | RecentReward: 76.566 | QLoss: 0.486604 | ParamLoss: -1.133952 | Epsilon: 0.0200 | Replay: 50000
2026-08-06 05:51:17,773 | INFO | Steps: 86528/150000 | Episodes: 169 | CurrentEpReward: 0.000 | RecentReward: 75.420 | QLoss: 0.567464 | ParamLoss: -1.142760 | Epsilon: 0.0200 | Replay: 50000
2026-08-06 05:51:45,895 | INFO | Steps: 87040/150000 | Episodes: 170 | CurrentEpReward: 0.000 | RecentReward: 75.142 | QLoss: 0.575375 | ParamLoss: -1.143122 | Epsilon: 0.0200 | Replay: 50000
2026-08-06 05:52:16,854 | INFO | Steps: 87552/150000 | Episodes: 171 | CurrentEpReward: 0.000 | RecentReward: 74.708 | QLoss: 0.538007 | ParamLoss: -1.150872 | Epsilon: 0.0200 | Replay: 50000
2026-08-06 05:52:50,595 | INFO | Steps: 88064/150000 | Episodes: 172 | CurrentEpReward: 0.000 | RecentReward: 74.909 | QLoss: 0.471959 | ParamLoss: -1.155407 | Epsilon: 0.0200 | Replay: 50000
2026-08-06 05:53:21,174 | INFO | Steps: 88576/150000 | Episodes: 173 | CurrentEpReward: 0.000 | RecentReward: 73.678 | QLoss: 0.531728 | ParamLoss: -1.152804 | Epsilon: 0.0200 | Replay: 50000
2026-08-06 05:53:49,732 | INFO | Steps: 89088/150000 | Episodes: 174 | CurrentEpReward: 0.000 | RecentReward: 74.196 | QLoss: 0.482055 | ParamLoss: -1.164743 | Epsilon: 0.0200 | Replay: 50000
2026-08-06 05:54:21,710 | INFO | Steps: 89600/150000 | Episodes: 175 | CurrentEpReward: 0.000 | RecentReward: 75.328 | QLoss: 0.573045 | ParamLoss: -1.157640 | Epsilon: 0.0200 | Replay: 50000
2026-08-06 05:54:54,538 | INFO | Steps: 90112/150000 | Episodes: 176 | CurrentEpReward: 0.000 | RecentReward: 75.897 | QLoss: 0.526971 | ParamLoss: -1.153873 | Epsilon: 0.0200 | Replay: 50000
2026-08-06 05:55:24,300 | INFO | Steps: 90624/150000 | Episodes: 177 | CurrentEpReward: 0.000 | RecentReward: 77.374 | QLoss: 0.494312 | ParamLoss: -1.156574 | Epsilon: 0.0200 | Replay: 50000
2026-08-06 05:55:52,877 | INFO | Steps: 91136/150000 | Episodes: 178 | CurrentEpReward: 0.000 | RecentReward: 77.666 | QLoss: 0.427261 | ParamLoss: -1.155561 | Epsilon: 0.0200 | Replay: 50000
2026-08-06 05:56:22,047 | INFO | Steps: 91648/150000 | Episodes: 179 | CurrentEpReward: 0.000 | RecentReward: 78.724 | QLoss: 0.585995 | ParamLoss: -1.167073 | Epsilon: 0.0200 | Replay: 50000
2026-08-06 05:56:50,491 | INFO | Steps: 92160/150000 | Episodes: 180 | CurrentEpReward: 0.000 | RecentReward: 80.488 | QLoss: 0.542098 | ParamLoss: -1.170206 | Epsilon: 0.0200 | Replay: 50000
2026-08-06 05:57:18,750 | INFO | Steps: 92672/150000 | Episodes: 181 | CurrentEpReward: 0.000 | RecentReward: 81.361 | QLoss: 0.512149 | ParamLoss: -1.177785 | Epsilon: 0.0200 | Replay: 50000
2026-08-06 05:57:48,598 | INFO | Steps: 93184/150000 | Episodes: 182 | CurrentEpReward: 0.000 | RecentReward: 81.964 | QLoss: 0.542354 | ParamLoss: -1.177520 | Epsilon: 0.0200 | Replay: 50000
2026-08-06 05:58:16,696 | INFO | Steps: 93696/150000 | Episodes: 183 | CurrentEpReward: 0.000 | RecentReward: 82.631 | QLoss: 0.466655 | ParamLoss: -1.181360 | Epsilon: 0.0200 | Replay: 50000
2026-08-06 05:58:46,342 | INFO | Steps: 94208/150000 | Episodes: 184 | CurrentEpReward: 0.000 | RecentReward: 82.005 | QLoss: 0.600469 | ParamLoss: -1.178451 | Epsilon: 0.0200 | Replay: 50000
2026-08-06 05:59:16,236 | INFO | Steps: 94720/150000 | Episodes: 185 | CurrentEpReward: 0.000 | RecentReward: 81.680 | QLoss: 0.488862 | ParamLoss: -1.172804 | Epsilon: 0.0200 | Replay: 50000
2026-08-06 05:59:46,329 | INFO | Steps: 95232/150000 | Episodes: 186 | CurrentEpReward: 0.000 | RecentReward: 80.831 | QLoss: 0.515402 | ParamLoss: -1.173537 | Epsilon: 0.0200 | Replay: 50000
2026-08-06 06:00:16,595 | INFO | Steps: 95744/150000 | Episodes: 187 | CurrentEpReward: 0.000 | RecentReward: 79.197 | QLoss: 0.528341 | ParamLoss: -1.189477 | Epsilon: 0.0200 | Replay: 50000
2026-08-06 06:00:48,566 | INFO | Steps: 96256/150000 | Episodes: 188 | CurrentEpReward: 0.000 | RecentReward: 77.980 | QLoss: 0.547660 | ParamLoss: -1.179332 | Epsilon: 0.0200 | Replay: 50000
2026-08-06 06:01:17,696 | INFO | Steps: 96768/150000 | Episodes: 189 | CurrentEpReward: 0.000 | RecentReward: 77.508 | QLoss: 0.507174 | ParamLoss: -1.196490 | Epsilon: 0.0200 | Replay: 50000
2026-08-06 06:01:46,989 | INFO | Steps: 97280/150000 | Episodes: 190 | CurrentEpReward: 0.000 | RecentReward: 77.277 | QLoss: 0.577443 | ParamLoss: -1.195515 | Epsilon: 0.0200 | Replay: 50000
2026-08-06 06:02:16,749 | INFO | Steps: 97792/150000 | Episodes: 191 | CurrentEpReward: 0.000 | RecentReward: 76.663 | QLoss: 0.508223 | ParamLoss: -1.193023 | Epsilon: 0.0200 | Replay: 50000
2026-08-06 06:02:46,899 | INFO | Steps: 98304/150000 | Episodes: 192 | CurrentEpReward: 0.000 | RecentReward: 76.242 | QLoss: 0.538552 | ParamLoss: -1.203514 | Epsilon: 0.0200 | Replay: 50000
2026-08-06 06:03:25,117 | INFO | Steps: 98816/150000 | Episodes: 193 | CurrentEpReward: 0.000 | RecentReward: 77.012 | QLoss: 0.509872 | ParamLoss: -1.201778 | Epsilon: 0.0200 | Replay: 50000
2026-08-06 06:03:56,035 | INFO | Steps: 99328/150000 | Episodes: 194 | CurrentEpReward: 0.000 | RecentReward: 77.034 | QLoss: 0.566320 | ParamLoss: -1.199376 | Epsilon: 0.0200 | Replay: 50000
2026-08-06 06:04:25,473 | INFO | Steps: 99840/150000 | Episodes: 195 | CurrentEpReward: 0.000 | RecentReward: 75.676 | QLoss: 0.648980 | ParamLoss: -1.197320 | Epsilon: 0.0200 | Replay: 50000
2026-08-06 06:05:35,282 | INFO | 新的最佳模型 (reward): 79.773，保存至 /home/pjpjq/LEO_switch/results/baseline_compare/multiuser_scaling_multiuser_single_seed_150k_20260804/u30/learned_baselines/pdqn/best_model.pt
2026-08-06 06:05:35,295 | INFO | 周期权重已保存: /home/pjpjq/LEO_switch/results/baseline_compare/multiuser_scaling_multiuser_single_seed_150k_20260804/u30/learned_baselines/pdqn/checkpoint_100000.pt
2026-08-06 06:05:59,627 | INFO | Steps: 100352/150000 | Episodes: 196 | CurrentEpReward: 0.000 | RecentReward: 76.169 | QLoss: 0.600543 | ParamLoss: -1.204142 | Epsilon: 0.0200 | Replay: 50000
2026-08-06 06:06:30,680 | INFO | Steps: 100864/150000 | Episodes: 197 | CurrentEpReward: 0.000 | RecentReward: 75.707 | QLoss: 0.461269 | ParamLoss: -1.205740 | Epsilon: 0.0200 | Replay: 50000
2026-08-06 06:07:02,725 | INFO | Steps: 101376/150000 | Episodes: 198 | CurrentEpReward: 0.000 | RecentReward: 76.905 | QLoss: 0.574955 | ParamLoss: -1.195713 | Epsilon: 0.0200 | Replay: 50000
2026-08-06 06:07:35,184 | INFO | Steps: 101888/150000 | Episodes: 199 | CurrentEpReward: 0.000 | RecentReward: 76.791 | QLoss: 0.644259 | ParamLoss: -1.197588 | Epsilon: 0.0200 | Replay: 50000
2026-08-06 06:08:11,844 | INFO | Steps: 102400/150000 | Episodes: 200 | CurrentEpReward: 0.000 | RecentReward: 76.956 | QLoss: 0.573330 | ParamLoss: -1.210980 | Epsilon: 0.0200 | Replay: 50000
2026-08-06 06:08:46,348 | INFO | Steps: 102912/150000 | Episodes: 201 | CurrentEpReward: 0.000 | RecentReward: 77.027 | QLoss: 0.572754 | ParamLoss: -1.214078 | Epsilon: 0.0200 | Replay: 50000
2026-08-06 06:09:23,785 | INFO | Steps: 103424/150000 | Episodes: 202 | CurrentEpReward: 0.000 | RecentReward: 76.441 | QLoss: 0.596159 | ParamLoss: -1.225951 | Epsilon: 0.0200 | Replay: 50000
2026-08-06 06:10:02,817 | INFO | Steps: 103936/150000 | Episodes: 203 | CurrentEpReward: 0.000 | RecentReward: 75.472 | QLoss: 0.690715 | ParamLoss: -1.230800 | Epsilon: 0.0200 | Replay: 50000
2026-08-06 06:10:37,313 | INFO | Steps: 104448/150000 | Episodes: 204 | CurrentEpReward: 0.000 | RecentReward: 75.666 | QLoss: 0.553538 | ParamLoss: -1.234022 | Epsilon: 0.0200 | Replay: 50000
2026-08-06 06:11:07,137 | INFO | Steps: 104960/150000 | Episodes: 205 | CurrentEpReward: 0.000 | RecentReward: 75.980 | QLoss: 0.531228 | ParamLoss: -1.220863 | Epsilon: 0.0200 | Replay: 50000
2026-08-06 06:11:36,708 | INFO | Steps: 105472/150000 | Episodes: 206 | CurrentEpReward: 0.000 | RecentReward: 75.817 | QLoss: 0.622199 | ParamLoss: -1.224912 | Epsilon: 0.0200 | Replay: 50000
2026-08-06 06:12:08,549 | INFO | Steps: 105984/150000 | Episodes: 207 | CurrentEpReward: 0.000 | RecentReward: 77.346 | QLoss: 0.663950 | ParamLoss: -1.236302 | Epsilon: 0.0200 | Replay: 50000
2026-08-06 06:12:39,044 | INFO | Steps: 106496/150000 | Episodes: 208 | CurrentEpReward: 0.000 | RecentReward: 76.957 | QLoss: 0.615480 | ParamLoss: -1.251726 | Epsilon: 0.0200 | Replay: 50000
2026-08-06 06:13:15,453 | INFO | Steps: 107008/150000 | Episodes: 209 | CurrentEpReward: 0.000 | RecentReward: 76.989 | QLoss: 0.426258 | ParamLoss: -1.246023 | Epsilon: 0.0200 | Replay: 50000
2026-08-06 06:13:50,154 | INFO | Steps: 107520/150000 | Episodes: 210 | CurrentEpReward: 0.000 | RecentReward: 76.222 | QLoss: 0.622476 | ParamLoss: -1.249572 | Epsilon: 0.0200 | Replay: 50000
2026-08-06 06:14:19,475 | INFO | Steps: 108032/150000 | Episodes: 211 | CurrentEpReward: 0.000 | RecentReward: 76.157 | QLoss: 0.630419 | ParamLoss: -1.261434 | Epsilon: 0.0200 | Replay: 50000
2026-08-06 06:14:48,700 | INFO | Steps: 108544/150000 | Episodes: 212 | CurrentEpReward: 0.000 | RecentReward: 76.824 | QLoss: 0.665463 | ParamLoss: -1.268769 | Epsilon: 0.0200 | Replay: 50000
2026-08-06 06:15:20,855 | INFO | Steps: 109056/150000 | Episodes: 213 | CurrentEpReward: 0.000 | RecentReward: 76.921 | QLoss: 0.543231 | ParamLoss: -1.265802 | Epsilon: 0.0200 | Replay: 50000
2026-08-06 06:15:55,097 | INFO | Steps: 109568/150000 | Episodes: 214 | CurrentEpReward: 0.000 | RecentReward: 77.137 | QLoss: 0.524226 | ParamLoss: -1.268965 | Epsilon: 0.0200 | Replay: 50000
2026-08-06 06:16:30,704 | INFO | Steps: 110080/150000 | Episodes: 215 | CurrentEpReward: 0.000 | RecentReward: 77.823 | QLoss: 0.649512 | ParamLoss: -1.274031 | Epsilon: 0.0200 | Replay: 50000
2026-08-06 06:17:02,765 | INFO | Steps: 110592/150000 | Episodes: 216 | CurrentEpReward: 0.000 | RecentReward: 77.819 | QLoss: 0.694867 | ParamLoss: -1.277348 | Epsilon: 0.0200 | Replay: 50000
2026-08-06 06:17:32,983 | INFO | Steps: 111104/150000 | Episodes: 217 | CurrentEpReward: 0.000 | RecentReward: 77.056 | QLoss: 0.574698 | ParamLoss: -1.280686 | Epsilon: 0.0200 | Replay: 50000
2026-08-06 06:18:03,659 | INFO | Steps: 111616/150000 | Episodes: 218 | CurrentEpReward: 0.000 | RecentReward: 77.655 | QLoss: 0.527828 | ParamLoss: -1.281043 | Epsilon: 0.0200 | Replay: 50000
2026-08-06 06:18:33,160 | INFO | Steps: 112128/150000 | Episodes: 219 | CurrentEpReward: 0.000 | RecentReward: 76.871 | QLoss: 0.593375 | ParamLoss: -1.292738 | Epsilon: 0.0200 | Replay: 50000
2026-08-06 06:19:03,939 | INFO | Steps: 112640/150000 | Episodes: 220 | CurrentEpReward: 0.000 | RecentReward: 76.836 | QLoss: 0.568357 | ParamLoss: -1.297124 | Epsilon: 0.0200 | Replay: 50000
2026-08-06 06:19:34,535 | INFO | Steps: 113152/150000 | Episodes: 221 | CurrentEpReward: 0.000 | RecentReward: 77.549 | QLoss: 0.493188 | ParamLoss: -1.306830 | Epsilon: 0.0200 | Replay: 50000
2026-08-06 06:20:04,129 | INFO | Steps: 113664/150000 | Episodes: 222 | CurrentEpReward: 0.000 | RecentReward: 77.287 | QLoss: 0.559651 | ParamLoss: -1.312598 | Epsilon: 0.0200 | Replay: 50000
2026-08-06 06:20:34,630 | INFO | Steps: 114176/150000 | Episodes: 223 | CurrentEpReward: 0.000 | RecentReward: 78.035 | QLoss: 0.654784 | ParamLoss: -1.316684 | Epsilon: 0.0200 | Replay: 50000
2026-08-06 06:21:05,596 | INFO | Steps: 114688/150000 | Episodes: 224 | CurrentEpReward: 0.000 | RecentReward: 77.347 | QLoss: 0.570716 | ParamLoss: -1.312946 | Epsilon: 0.0200 | Replay: 50000
2026-08-06 06:21:37,795 | INFO | Steps: 115200/150000 | Episodes: 225 | CurrentEpReward: 0.000 | RecentReward: 77.131 | QLoss: 0.468148 | ParamLoss: -1.319159 | Epsilon: 0.0200 | Replay: 50000
2026-08-06 06:22:09,513 | INFO | Steps: 115712/150000 | Episodes: 226 | CurrentEpReward: 0.000 | RecentReward: 77.023 | QLoss: 0.751497 | ParamLoss: -1.308494 | Epsilon: 0.0200 | Replay: 50000
2026-08-06 06:22:40,958 | INFO | Steps: 116224/150000 | Episodes: 227 | CurrentEpReward: 0.000 | RecentReward: 76.783 | QLoss: 0.492575 | ParamLoss: -1.308607 | Epsilon: 0.0200 | Replay: 50000
2026-08-06 06:23:17,011 | INFO | Steps: 116736/150000 | Episodes: 228 | CurrentEpReward: 0.000 | RecentReward: 75.285 | QLoss: 0.581047 | ParamLoss: -1.313301 | Epsilon: 0.0200 | Replay: 50000
2026-08-06 06:23:54,396 | INFO | Steps: 117248/150000 | Episodes: 229 | CurrentEpReward: 0.000 | RecentReward: 76.406 | QLoss: 0.579339 | ParamLoss: -1.331886 | Epsilon: 0.0200 | Replay: 50000
2026-08-06 06:24:25,247 | INFO | Steps: 117760/150000 | Episodes: 230 | CurrentEpReward: 0.000 | RecentReward: 76.661 | QLoss: 0.573674 | ParamLoss: -1.328047 | Epsilon: 0.0200 | Replay: 50000
2026-08-06 06:25:01,083 | INFO | Steps: 118272/150000 | Episodes: 231 | CurrentEpReward: 0.000 | RecentReward: 75.937 | QLoss: 0.551511 | ParamLoss: -1.342272 | Epsilon: 0.0200 | Replay: 50000
2026-08-06 06:25:41,835 | INFO | Steps: 118784/150000 | Episodes: 232 | CurrentEpReward: 0.000 | RecentReward: 75.957 | QLoss: 0.769377 | ParamLoss: -1.338644 | Epsilon: 0.0200 | Replay: 50000
2026-08-06 06:26:17,718 | INFO | Steps: 119296/150000 | Episodes: 233 | CurrentEpReward: 0.000 | RecentReward: 76.069 | QLoss: 0.507435 | ParamLoss: -1.348645 | Epsilon: 0.0200 | Replay: 50000
2026-08-06 06:27:00,612 | INFO | Steps: 119808/150000 | Episodes: 234 | CurrentEpReward: 0.000 | RecentReward: 76.285 | QLoss: 0.567060 | ParamLoss: -1.342161 | Epsilon: 0.0200 | Replay: 50000
2026-08-06 06:27:34,279 | INFO | Steps: 120320/150000 | Episodes: 235 | CurrentEpReward: 0.000 | RecentReward: 76.762 | QLoss: 0.520517 | ParamLoss: -1.338334 | Epsilon: 0.0200 | Replay: 50000
2026-08-06 06:28:09,823 | INFO | Steps: 120832/150000 | Episodes: 236 | CurrentEpReward: 0.000 | RecentReward: 76.954 | QLoss: 0.616460 | ParamLoss: -1.325631 | Epsilon: 0.0200 | Replay: 50000
2026-08-06 06:28:50,845 | INFO | Steps: 121344/150000 | Episodes: 237 | CurrentEpReward: 0.000 | RecentReward: 77.045 | QLoss: 0.540358 | ParamLoss: -1.333374 | Epsilon: 0.0200 | Replay: 50000
2026-08-06 06:29:29,084 | INFO | Steps: 121856/150000 | Episodes: 238 | CurrentEpReward: 0.000 | RecentReward: 77.863 | QLoss: 0.512328 | ParamLoss: -1.327476 | Epsilon: 0.0200 | Replay: 50000
2026-08-06 06:30:06,330 | INFO | Steps: 122368/150000 | Episodes: 239 | CurrentEpReward: 0.000 | RecentReward: 77.154 | QLoss: 0.584330 | ParamLoss: -1.327256 | Epsilon: 0.0200 | Replay: 50000
2026-08-06 06:30:36,515 | INFO | Steps: 122880/150000 | Episodes: 240 | CurrentEpReward: 0.000 | RecentReward: 76.891 | QLoss: 0.587808 | ParamLoss: -1.324377 | Epsilon: 0.0200 | Replay: 50000
2026-08-06 06:31:10,908 | INFO | Steps: 123392/150000 | Episodes: 241 | CurrentEpReward: 0.000 | RecentReward: 76.703 | QLoss: 0.599359 | ParamLoss: -1.330318 | Epsilon: 0.0200 | Replay: 50000
2026-08-06 06:31:46,275 | INFO | Steps: 123904/150000 | Episodes: 242 | CurrentEpReward: 0.000 | RecentReward: 75.951 | QLoss: 0.486912 | ParamLoss: -1.337105 | Epsilon: 0.0200 | Replay: 50000
2026-08-06 06:32:15,995 | INFO | Steps: 124416/150000 | Episodes: 243 | CurrentEpReward: 0.000 | RecentReward: 75.373 | QLoss: 0.756962 | ParamLoss: -1.341973 | Epsilon: 0.0200 | Replay: 50000
2026-08-06 06:32:47,073 | INFO | Steps: 124928/150000 | Episodes: 244 | CurrentEpReward: 0.000 | RecentReward: 75.444 | QLoss: 0.729084 | ParamLoss: -1.348421 | Epsilon: 0.0200 | Replay: 50000
2026-08-06 06:33:18,053 | INFO | Steps: 125440/150000 | Episodes: 245 | CurrentEpReward: 0.000 | RecentReward: 74.602 | QLoss: 0.697184 | ParamLoss: -1.354241 | Epsilon: 0.0200 | Replay: 50000
2026-08-06 06:33:49,843 | INFO | Steps: 125952/150000 | Episodes: 246 | CurrentEpReward: 0.000 | RecentReward: 73.756 | QLoss: 0.522933 | ParamLoss: -1.361842 | Epsilon: 0.0200 | Replay: 50000
2026-08-06 06:34:20,718 | INFO | Steps: 126464/150000 | Episodes: 247 | CurrentEpReward: 0.000 | RecentReward: 72.756 | QLoss: 0.582941 | ParamLoss: -1.358322 | Epsilon: 0.0200 | Replay: 50000
2026-08-06 06:34:50,708 | INFO | Steps: 126976/150000 | Episodes: 248 | CurrentEpReward: 0.000 | RecentReward: 72.844 | QLoss: 0.484763 | ParamLoss: -1.375300 | Epsilon: 0.0200 | Replay: 50000
2026-08-06 06:35:23,578 | INFO | Steps: 127488/150000 | Episodes: 249 | CurrentEpReward: 0.000 | RecentReward: 73.541 | QLoss: 0.567753 | ParamLoss: -1.378294 | Epsilon: 0.0200 | Replay: 50000
2026-08-06 06:36:00,113 | INFO | Steps: 128000/150000 | Episodes: 250 | CurrentEpReward: 0.000 | RecentReward: 74.227 | QLoss: 0.675296 | ParamLoss: -1.381700 | Epsilon: 0.0200 | Replay: 50000
2026-08-06 06:36:29,876 | INFO | Steps: 128512/150000 | Episodes: 251 | CurrentEpReward: 0.000 | RecentReward: 74.207 | QLoss: 0.520967 | ParamLoss: -1.376812 | Epsilon: 0.0200 | Replay: 50000
2026-08-06 06:37:03,837 | INFO | Steps: 129024/150000 | Episodes: 252 | CurrentEpReward: 0.000 | RecentReward: 74.596 | QLoss: 0.641560 | ParamLoss: -1.378756 | Epsilon: 0.0200 | Replay: 50000
2026-08-06 06:37:34,228 | INFO | Steps: 129536/150000 | Episodes: 253 | CurrentEpReward: 0.000 | RecentReward: 74.402 | QLoss: 0.672293 | ParamLoss: -1.377892 | Epsilon: 0.0200 | Replay: 50000
2026-08-06 06:38:09,167 | INFO | Steps: 130048/150000 | Episodes: 254 | CurrentEpReward: 0.000 | RecentReward: 75.335 | QLoss: 0.673200 | ParamLoss: -1.382024 | Epsilon: 0.0200 | Replay: 50000
2026-08-06 06:38:40,270 | INFO | Steps: 130560/150000 | Episodes: 255 | CurrentEpReward: 0.000 | RecentReward: 75.767 | QLoss: 0.739835 | ParamLoss: -1.388597 | Epsilon: 0.0200 | Replay: 50000
2026-08-06 06:39:14,357 | INFO | Steps: 131072/150000 | Episodes: 256 | CurrentEpReward: 0.000 | RecentReward: 76.619 | QLoss: 0.693130 | ParamLoss: -1.400772 | Epsilon: 0.0200 | Replay: 50000
2026-08-06 06:39:46,807 | INFO | Steps: 131584/150000 | Episodes: 257 | CurrentEpReward: 0.000 | RecentReward: 78.311 | QLoss: 0.526143 | ParamLoss: -1.403885 | Epsilon: 0.0200 | Replay: 50000
2026-08-06 06:40:16,645 | INFO | Steps: 132096/150000 | Episodes: 258 | CurrentEpReward: 0.000 | RecentReward: 78.677 | QLoss: 0.516157 | ParamLoss: -1.401507 | Epsilon: 0.0200 | Replay: 50000
2026-08-06 06:40:50,192 | INFO | Steps: 132608/150000 | Episodes: 259 | CurrentEpReward: 0.000 | RecentReward: 77.895 | QLoss: 0.570898 | ParamLoss: -1.401577 | Epsilon: 0.0200 | Replay: 50000
2026-08-06 06:41:23,040 | INFO | Steps: 133120/150000 | Episodes: 260 | CurrentEpReward: 0.000 | RecentReward: 77.871 | QLoss: 0.708449 | ParamLoss: -1.403033 | Epsilon: 0.0200 | Replay: 50000
2026-08-06 06:41:53,576 | INFO | Steps: 133632/150000 | Episodes: 261 | CurrentEpReward: 0.000 | RecentReward: 77.499 | QLoss: 0.520037 | ParamLoss: -1.401841 | Epsilon: 0.0200 | Replay: 50000
2026-08-06 06:42:25,054 | INFO | Steps: 134144/150000 | Episodes: 262 | CurrentEpReward: 0.000 | RecentReward: 77.696 | QLoss: 0.559405 | ParamLoss: -1.388580 | Epsilon: 0.0200 | Replay: 50000
2026-08-06 06:42:56,537 | INFO | Steps: 134656/150000 | Episodes: 263 | CurrentEpReward: 0.000 | RecentReward: 78.584 | QLoss: 0.619254 | ParamLoss: -1.383908 | Epsilon: 0.0200 | Replay: 50000
2026-08-06 06:43:32,544 | INFO | Steps: 135168/150000 | Episodes: 264 | CurrentEpReward: 0.000 | RecentReward: 77.843 | QLoss: 0.659059 | ParamLoss: -1.385356 | Epsilon: 0.0200 | Replay: 50000
2026-08-06 06:44:09,230 | INFO | Steps: 135680/150000 | Episodes: 265 | CurrentEpReward: 0.000 | RecentReward: 77.698 | QLoss: 0.768799 | ParamLoss: -1.386412 | Epsilon: 0.0200 | Replay: 50000
2026-08-06 06:44:40,520 | INFO | Steps: 136192/150000 | Episodes: 266 | CurrentEpReward: 0.000 | RecentReward: 78.219 | QLoss: 0.543645 | ParamLoss: -1.383130 | Epsilon: 0.0200 | Replay: 50000
2026-08-06 06:45:14,041 | INFO | Steps: 136704/150000 | Episodes: 267 | CurrentEpReward: 0.000 | RecentReward: 77.582 | QLoss: 0.547586 | ParamLoss: -1.383095 | Epsilon: 0.0200 | Replay: 50000
2026-08-06 06:45:48,366 | INFO | Steps: 137216/150000 | Episodes: 268 | CurrentEpReward: 0.000 | RecentReward: 76.498 | QLoss: 0.626109 | ParamLoss: -1.370198 | Epsilon: 0.0200 | Replay: 50000
2026-08-06 06:46:18,353 | INFO | Steps: 137728/150000 | Episodes: 269 | CurrentEpReward: 0.000 | RecentReward: 76.629 | QLoss: 0.557310 | ParamLoss: -1.369446 | Epsilon: 0.0200 | Replay: 50000
2026-08-06 06:46:50,071 | INFO | Steps: 138240/150000 | Episodes: 270 | CurrentEpReward: 0.000 | RecentReward: 76.604 | QLoss: 0.572053 | ParamLoss: -1.368508 | Epsilon: 0.0200 | Replay: 50000
2026-08-06 06:47:20,397 | INFO | Steps: 138752/150000 | Episodes: 271 | CurrentEpReward: 0.000 | RecentReward: 76.743 | QLoss: 0.500244 | ParamLoss: -1.370387 | Epsilon: 0.0200 | Replay: 50000
2026-08-06 06:47:52,768 | INFO | Steps: 139264/150000 | Episodes: 272 | CurrentEpReward: 0.000 | RecentReward: 76.490 | QLoss: 0.641203 | ParamLoss: -1.364119 | Epsilon: 0.0200 | Replay: 50000
2026-08-06 06:48:26,081 | INFO | Steps: 139776/150000 | Episodes: 273 | CurrentEpReward: 0.000 | RecentReward: 75.699 | QLoss: 0.719330 | ParamLoss: -1.374747 | Epsilon: 0.0200 | Replay: 50000
2026-08-06 06:48:54,681 | INFO | Steps: 140288/150000 | Episodes: 274 | CurrentEpReward: 0.000 | RecentReward: 74.838 | QLoss: 0.533290 | ParamLoss: -1.376429 | Epsilon: 0.0200 | Replay: 50000
2026-08-06 06:49:23,634 | INFO | Steps: 140800/150000 | Episodes: 275 | CurrentEpReward: 0.000 | RecentReward: 74.921 | QLoss: 0.568219 | ParamLoss: -1.373788 | Epsilon: 0.0200 | Replay: 50000
2026-08-06 06:49:51,318 | INFO | Steps: 141312/150000 | Episodes: 276 | CurrentEpReward: 0.000 | RecentReward: 73.008 | QLoss: 0.571481 | ParamLoss: -1.362137 | Epsilon: 0.0200 | Replay: 50000
2026-08-06 06:50:20,155 | INFO | Steps: 141824/150000 | Episodes: 277 | CurrentEpReward: 0.000 | RecentReward: 72.541 | QLoss: 0.548428 | ParamLoss: -1.369449 | Epsilon: 0.0200 | Replay: 50000
2026-08-06 06:50:50,181 | INFO | Steps: 142336/150000 | Episodes: 278 | CurrentEpReward: 0.000 | RecentReward: 73.099 | QLoss: 0.627998 | ParamLoss: -1.375641 | Epsilon: 0.0200 | Replay: 50000
2026-08-06 06:51:21,759 | INFO | Steps: 142848/150000 | Episodes: 279 | CurrentEpReward: 0.000 | RecentReward: 72.829 | QLoss: 0.592663 | ParamLoss: -1.376794 | Epsilon: 0.0200 | Replay: 50000
2026-08-06 06:51:49,978 | INFO | Steps: 143360/150000 | Episodes: 280 | CurrentEpReward: 0.000 | RecentReward: 72.039 | QLoss: 0.744110 | ParamLoss: -1.373620 | Epsilon: 0.0200 | Replay: 50000
2026-08-06 06:52:21,764 | INFO | Steps: 143872/150000 | Episodes: 281 | CurrentEpReward: 0.000 | RecentReward: 73.024 | QLoss: 0.649082 | ParamLoss: -1.365545 | Epsilon: 0.0200 | Replay: 50000
2026-08-06 06:52:55,956 | INFO | Steps: 144384/150000 | Episodes: 282 | CurrentEpReward: 0.000 | RecentReward: 74.202 | QLoss: 0.508377 | ParamLoss: -1.377777 | Epsilon: 0.0200 | Replay: 50000
2026-08-06 06:53:25,107 | INFO | Steps: 144896/150000 | Episodes: 283 | CurrentEpReward: 0.000 | RecentReward: 74.429 | QLoss: 0.687374 | ParamLoss: -1.376565 | Epsilon: 0.0200 | Replay: 50000
2026-08-06 06:53:56,623 | INFO | Steps: 145408/150000 | Episodes: 284 | CurrentEpReward: 0.000 | RecentReward: 75.317 | QLoss: 0.686472 | ParamLoss: -1.371965 | Epsilon: 0.0200 | Replay: 50000
2026-08-06 06:54:31,818 | INFO | Steps: 145920/150000 | Episodes: 285 | CurrentEpReward: 0.000 | RecentReward: 74.346 | QLoss: 0.687770 | ParamLoss: -1.373017 | Epsilon: 0.0200 | Replay: 50000
2026-08-06 06:55:07,121 | INFO | Steps: 146432/150000 | Episodes: 286 | CurrentEpReward: 0.000 | RecentReward: 75.978 | QLoss: 0.742259 | ParamLoss: -1.365456 | Epsilon: 0.0200 | Replay: 50000
2026-08-06 06:55:38,753 | INFO | Steps: 146944/150000 | Episodes: 287 | CurrentEpReward: 0.000 | RecentReward: 77.152 | QLoss: 0.808958 | ParamLoss: -1.377059 | Epsilon: 0.0200 | Replay: 50000
2026-08-06 06:56:07,796 | INFO | Steps: 147456/150000 | Episodes: 288 | CurrentEpReward: 0.000 | RecentReward: 76.505 | QLoss: 0.594338 | ParamLoss: -1.377482 | Epsilon: 0.0200 | Replay: 50000
2026-08-06 06:56:35,819 | INFO | Steps: 147968/150000 | Episodes: 289 | CurrentEpReward: 0.000 | RecentReward: 76.394 | QLoss: 0.702907 | ParamLoss: -1.383211 | Epsilon: 0.0200 | Replay: 50000
2026-08-06 06:57:05,018 | INFO | Steps: 148480/150000 | Episodes: 290 | CurrentEpReward: 0.000 | RecentReward: 76.475 | QLoss: 0.802934 | ParamLoss: -1.384988 | Epsilon: 0.0200 | Replay: 50000
2026-08-06 06:57:34,213 | INFO | Steps: 148992/150000 | Episodes: 291 | CurrentEpReward: 0.000 | RecentReward: 76.039 | QLoss: 0.628468 | ParamLoss: -1.381220 | Epsilon: 0.0200 | Replay: 50000
2026-08-06 06:58:04,257 | INFO | Steps: 149504/150000 | Episodes: 292 | CurrentEpReward: 0.000 | RecentReward: 75.272 | QLoss: 0.656463 | ParamLoss: -1.379385 | Epsilon: 0.0200 | Replay: 50000
2026-08-06 06:58:32,522 | INFO | Steps: 150000/150000 | Episodes: 292 | CurrentEpReward: 70.354 | RecentReward: 75.272 | QLoss: 0.611915 | ParamLoss: -1.381686 | Epsilon: 0.0200 | Replay: 50000
2026-08-06 06:59:34,287 | INFO | 新的最佳模型 (reward): 81.463，保存至 /home/pjpjq/LEO_switch/results/baseline_compare/multiuser_scaling_multiuser_single_seed_150k_20260804/u30/learned_baselines/pdqn/best_model.pt
2026-08-06 06:59:34,306 | INFO | 周期权重已保存: /home/pjpjq/LEO_switch/results/baseline_compare/multiuser_scaling_multiuser_single_seed_150k_20260804/u30/learned_baselines/pdqn/checkpoint_150000.pt
2026-08-06 06:59:34,368 | INFO | 最终权重已保存: /home/pjpjq/LEO_switch/results/baseline_compare/multiuser_scaling_multiuser_single_seed_150k_20260804/u30/learned_baselines/pdqn/pdqn_model.pt
2026-08-06 07:00:35,964 | INFO | 训练与评估完成 | EvalReward: 81.463 ± 2.485
