2026-09-20 05:04:26,322 | INFO | ============================================================
2026-09-20 05:04:26,322 | INFO | 开始训练纯 MADDPG 基线
2026-09-20 05:04:26,322 | INFO | 用户数: 40 | 观测维度: 76 | handover维度: 11 | 总步数: 150000 | warmup: 1000 | batch: 128 | 日志间隔: 512 steps | device: cuda | actor_lr: 1.0e-04 | critic_lr: 3.0e-04 | tau: 0.005 | reward_scale: 1.00
2026-09-20 05:04:26,322 | INFO | ============================================================
2026-09-20 05:04:31,470 | INFO | Steps: 512/150000 | Episodes: 1 | LastEpReward: -12.320 | RecentReward: -12.320 | ActorLoss: 0.000000 | CriticLoss: 0.000000 | Q: 0.0000 | TargetQ: 0.0000 | TDAbs: 0.0000 | ActorGrad: 0.0000 | CriticGrad: 0.0000 | Noise: 0.3500 | Replay: 512 | FPS: 99.46 | ETA: 25.0 min
2026-09-20 05:04:37,655 | INFO | Steps: 1024/150000 | Episodes: 2 | LastEpReward: -5.731 | RecentReward: -9.025 | ActorLoss: 0.080659 | CriticLoss: 0.003542 | Q: -0.0800 | TargetQ: -0.0782 | TDAbs: 0.0650 | ActorGrad: 0.0011 | CriticGrad: 0.0772 | Noise: 0.3499 | Replay: 1024 | FPS: 90.36 | ETA: 27.5 min
2026-09-20 05:05:01,645 | INFO | Steps: 1536/150000 | Episodes: 3 | LastEpReward: -67.797 | RecentReward: -28.616 | ActorLoss: 0.115637 | CriticLoss: 0.000521 | Q: -0.1345 | TargetQ: -0.1345 | TDAbs: 0.0243 | ActorGrad: 0.0001 | CriticGrad: 0.0471 | Noise: 0.3485 | Replay: 1536 | FPS: 43.48 | ETA: 56.9 min
2026-09-20 05:05:25,824 | INFO | Steps: 2048/150000 | Episodes: 4 | LastEpReward: -136.344 | RecentReward: -55.548 | ActorLoss: 0.357626 | CriticLoss: 0.000677 | Q: -0.3742 | TargetQ: -0.3743 | TDAbs: 0.0276 | ActorGrad: 0.0005 | CriticGrad: 0.0645 | Noise: 0.3470 | Replay: 2048 | FPS: 34.42 | ETA: 71.6 min
2026-09-20 05:05:49,639 | INFO | Steps: 2560/150000 | Episodes: 5 | LastEpReward: -81.382 | RecentReward: -60.715 | ActorLoss: 0.603426 | CriticLoss: 0.001122 | Q: -0.6141 | TargetQ: -0.6141 | TDAbs: 0.0348 | ActorGrad: 0.0000 | CriticGrad: 0.1287 | Noise: 0.3455 | Replay: 2560 | FPS: 30.73 | ETA: 80.0 min
2026-09-20 05:06:13,423 | INFO | Steps: 3072/150000 | Episodes: 6 | LastEpReward: -101.444 | RecentReward: -67.503 | ActorLoss: 0.952892 | CriticLoss: 0.001481 | Q: -0.9603 | TargetQ: -0.9604 | TDAbs: 0.0372 | ActorGrad: 0.0000 | CriticGrad: 0.1528 | Noise: 0.3441 | Replay: 3072 | FPS: 28.68 | ETA: 85.4 min
2026-09-20 05:06:37,558 | INFO | Steps: 3584/150000 | Episodes: 7 | LastEpReward: -99.891 | RecentReward: -72.130 | ActorLoss: 1.303524 | CriticLoss: 0.003527 | Q: -1.3741 | TargetQ: -1.3735 | TDAbs: 0.0551 | ActorGrad: 0.0283 | CriticGrad: 0.3222 | Noise: 0.3426 | Replay: 3584 | FPS: 27.31 | ETA: 89.4 min
2026-09-20 05:07:01,519 | INFO | Steps: 4096/150000 | Episodes: 8 | LastEpReward: 20.740 | RecentReward: -60.521 | ActorLoss: 1.046913 | CriticLoss: 0.001396 | Q: -1.1756 | TargetQ: -1.1754 | TDAbs: 0.0394 | ActorGrad: 0.0054 | CriticGrad: 0.1523 | Noise: 0.3412 | Replay: 4096 | FPS: 26.39 | ETA: 92.1 min
2026-09-20 05:07:25,594 | INFO | Steps: 4608/150000 | Episodes: 9 | LastEpReward: 17.836 | RecentReward: -51.815 | ActorLoss: 0.920379 | CriticLoss: 0.001531 | Q: -1.0315 | TargetQ: -1.0313 | TDAbs: 0.0405 | ActorGrad: 0.0120 | CriticGrad: 0.1559 | Noise: 0.3397 | Replay: 4608 | FPS: 25.70 | ETA: 94.3 min
2026-09-20 05:07:49,867 | INFO | 开始周期评估: Steps=5120 | Episodes=10 | EvalEpisodes=5
2026-09-20 05:08:29,919 | INFO | 周期评估完成: Steps=5120 | MeanReward=17.307 | StdReward=3.450
2026-09-20 05:08:29,934 | INFO | Steps: 5120/150000 | Episodes: 10 | LastEpReward: 22.953 | RecentReward: -44.338 | ActorLoss: 0.769113 | CriticLoss: 0.001072 | Q: -0.8744 | TargetQ: -0.8742 | TDAbs: 0.0350 | ActorGrad: 0.0082 | CriticGrad: 0.1334 | Noise: 0.3382 | Replay: 5120 | FPS: 21.02 | ETA: 114.9 min
2026-09-20 05:08:54,581 | INFO | Steps: 5632/150000 | Episodes: 11 | LastEpReward: 22.015 | RecentReward: -40.905 | ActorLoss: 0.620323 | CriticLoss: 0.001431 | Q: -0.7153 | TargetQ: -0.7151 | TDAbs: 0.0401 | ActorGrad: 0.0077 | CriticGrad: 0.1554 | Noise: 0.3368 | Replay: 5632 | FPS: 20.99 | ETA: 114.6 min
2026-09-20 05:09:18,069 | INFO | Steps: 6144/150000 | Episodes: 12 | LastEpReward: 6.960 | RecentReward: -39.635 | ActorLoss: 0.503339 | CriticLoss: 0.001387 | Q: -0.5936 | TargetQ: -0.5933 | TDAbs: 0.0395 | ActorGrad: 0.0088 | CriticGrad: 0.1302 | Noise: 0.3353 | Replay: 6144 | FPS: 21.06 | ETA: 113.8 min
2026-09-20 05:09:42,159 | INFO | Steps: 6656/150000 | Episodes: 13 | LastEpReward: 17.920 | RecentReward: -31.064 | ActorLoss: 0.374745 | CriticLoss: 0.001340 | Q: -0.4502 | TargetQ: -0.4497 | TDAbs: 0.0390 | ActorGrad: 0.0086 | CriticGrad: 0.1200 | Noise: 0.3338 | Replay: 6656 | FPS: 21.07 | ETA: 113.4 min
2026-09-20 05:10:06,211 | INFO | Steps: 7168/150000 | Episodes: 14 | LastEpReward: 12.317 | RecentReward: -16.198 | ActorLoss: 0.263254 | CriticLoss: 0.002057 | Q: -0.3320 | TargetQ: -0.3321 | TDAbs: 0.0475 | ActorGrad: 0.0098 | CriticGrad: 0.1653 | Noise: 0.3324 | Replay: 7168 | FPS: 21.09 | ETA: 112.9 min
2026-09-20 05:10:30,631 | INFO | Steps: 7680/150000 | Episodes: 15 | LastEpReward: 13.688 | RecentReward: -6.691 | ActorLoss: 0.167135 | CriticLoss: 0.001745 | Q: -0.2425 | TargetQ: -0.2424 | TDAbs: 0.0447 | ActorGrad: 0.0104 | CriticGrad: 0.1397 | Noise: 0.3309 | Replay: 7680 | FPS: 21.08 | ETA: 112.5 min
2026-09-20 05:10:54,662 | INFO | Steps: 8192/150000 | Episodes: 16 | LastEpReward: 12.804 | RecentReward: 4.734 | ActorLoss: 0.032031 | CriticLoss: 0.001632 | Q: -0.1054 | TargetQ: -0.1053 | TDAbs: 0.0432 | ActorGrad: 0.0091 | CriticGrad: 0.1363 | Noise: 0.3295 | Replay: 8192 | FPS: 21.09 | ETA: 112.0 min
2026-09-20 05:11:18,684 | INFO | Steps: 8704/150000 | Episodes: 17 | LastEpReward: 8.298 | RecentReward: 15.553 | ActorLoss: -0.060357 | CriticLoss: 0.002642 | Q: -0.0090 | TargetQ: -0.0085 | TDAbs: 0.0542 | ActorGrad: 0.0101 | CriticGrad: 0.2315 | Noise: 0.3280 | Replay: 8704 | FPS: 21.11 | ETA: 111.6 min
2026-09-20 05:11:43,362 | INFO | Steps: 9216/150000 | Episodes: 18 | LastEpReward: 19.347 | RecentReward: 15.414 | ActorLoss: -0.198092 | CriticLoss: 0.002503 | Q: 0.1300 | TargetQ: 0.1310 | TDAbs: 0.0540 | ActorGrad: 0.0104 | CriticGrad: 0.1762 | Noise: 0.3265 | Replay: 9216 | FPS: 21.09 | ETA: 111.3 min
2026-09-20 05:12:07,713 | INFO | Steps: 9728/150000 | Episodes: 19 | LastEpReward: 13.893 | RecentReward: 15.019 | ActorLoss: -0.283170 | CriticLoss: 0.002034 | Q: 0.2172 | TargetQ: 0.2172 | TDAbs: 0.0483 | ActorGrad: 0.0109 | CriticGrad: 0.1364 | Noise: 0.3251 | Replay: 9728 | FPS: 21.08 | ETA: 110.9 min
2026-09-20 05:12:31,725 | INFO | 开始周期评估: Steps=10240 | Episodes=20 | EvalEpisodes=5
2026-09-20 05:13:11,870 | INFO | 周期评估完成: Steps=10240 | MeanReward=17.977 | StdReward=3.830
2026-09-20 05:13:11,888 | INFO | Steps: 10240/150000 | Episodes: 20 | LastEpReward: 16.097 | RecentReward: 14.334 | ActorLoss: -0.351814 | CriticLoss: 0.002558 | Q: 0.2814 | TargetQ: 0.2818 | TDAbs: 0.0543 | ActorGrad: 0.0084 | CriticGrad: 0.1690 | Noise: 0.3236 | Replay: 10240 | FPS: 19.48 | ETA: 119.6 min
2026-09-20 05:13:36,447 | INFO | Steps: 10752/150000 | Episodes: 21 | LastEpReward: 23.056 | RecentReward: 14.438 | ActorLoss: -0.509357 | CriticLoss: 0.002394 | Q: 0.4432 | TargetQ: 0.4437 | TDAbs: 0.0523 | ActorGrad: 0.0091 | CriticGrad: 0.1610 | Noise: 0.3221 | Replay: 10752 | FPS: 19.54 | ETA: 118.7 min
2026-09-20 05:14:00,622 | INFO | Steps: 11264/150000 | Episodes: 22 | LastEpReward: 11.216 | RecentReward: 14.864 | ActorLoss: -0.608775 | CriticLoss: 0.002562 | Q: 0.5408 | TargetQ: 0.5413 | TDAbs: 0.0542 | ActorGrad: 0.0107 | CriticGrad: 0.1828 | Noise: 0.3207 | Replay: 11264 | FPS: 19.61 | ETA: 117.9 min
2026-09-20 05:14:25,276 | INFO | Steps: 11776/150000 | Episodes: 23 | LastEpReward: 27.860 | RecentReward: 15.858 | ActorLoss: -0.725861 | CriticLoss: 0.002596 | Q: 0.6636 | TargetQ: 0.6638 | TDAbs: 0.0550 | ActorGrad: 0.0089 | CriticGrad: 0.1713 | Noise: 0.3192 | Replay: 11776 | FPS: 19.66 | ETA: 117.2 min
2026-09-20 05:14:49,376 | INFO | Steps: 12288/150000 | Episodes: 24 | LastEpReward: 15.756 | RecentReward: 16.201 | ActorLoss: -0.831779 | CriticLoss: 0.003113 | Q: 0.7730 | TargetQ: 0.7725 | TDAbs: 0.0574 | ActorGrad: 0.0061 | CriticGrad: 0.1730 | Noise: 0.3177 | Replay: 12288 | FPS: 19.72 | ETA: 116.4 min
2026-09-20 05:15:13,349 | INFO | Steps: 12800/150000 | Episodes: 25 | LastEpReward: 20.092 | RecentReward: 16.842 | ActorLoss: -0.942250 | CriticLoss: 0.003155 | Q: 0.8846 | TargetQ: 0.8849 | TDAbs: 0.0603 | ActorGrad: 0.0054 | CriticGrad: 0.1956 | Noise: 0.3163 | Replay: 12800 | FPS: 19.78 | ETA: 115.6 min
2026-09-20 05:15:37,476 | INFO | Steps: 13312/150000 | Episodes: 26 | LastEpReward: 16.299 | RecentReward: 17.191 | ActorLoss: -1.016413 | CriticLoss: 0.003194 | Q: 0.9517 | TargetQ: 0.9522 | TDAbs: 0.0611 | ActorGrad: 0.0123 | CriticGrad: 0.2160 | Noise: 0.3148 | Replay: 13312 | FPS: 19.83 | ETA: 114.9 min
2026-09-20 05:16:01,687 | INFO | Steps: 13824/150000 | Episodes: 27 | LastEpReward: -8.033 | RecentReward: 15.558 | ActorLoss: -1.104202 | CriticLoss: 0.004019 | Q: 1.0615 | TargetQ: 1.0622 | TDAbs: 0.0671 | ActorGrad: 0.0005 | CriticGrad: 0.1855 | Noise: 0.3134 | Replay: 13824 | FPS: 19.88 | ETA: 114.2 min
2026-09-20 05:16:26,385 | INFO | Steps: 14336/150000 | Episodes: 28 | LastEpReward: -23.167 | RecentReward: 11.307 | ActorLoss: -1.061420 | CriticLoss: 0.003793 | Q: 1.0583 | TargetQ: 1.0581 | TDAbs: 0.0644 | ActorGrad: 0.0002 | CriticGrad: 0.2115 | Noise: 0.3119 | Replay: 14336 | FPS: 19.91 | ETA: 113.6 min
2026-09-20 05:16:50,531 | INFO | Steps: 14848/150000 | Episodes: 29 | LastEpReward: -25.455 | RecentReward: 7.372 | ActorLoss: -0.982879 | CriticLoss: 0.003702 | Q: 0.9891 | TargetQ: 0.9892 | TDAbs: 0.0635 | ActorGrad: 0.0002 | CriticGrad: 0.1776 | Noise: 0.3104 | Replay: 14848 | FPS: 19.95 | ETA: 112.9 min
2026-09-20 05:17:14,696 | INFO | 开始周期评估: Steps=15360 | Episodes=30 | EvalEpisodes=5
2026-09-20 05:17:54,899 | INFO | 周期评估完成: Steps=15360 | MeanReward=-19.000 | StdReward=7.332
2026-09-20 05:17:54,909 | INFO | Steps: 15360/150000 | Episodes: 30 | LastEpReward: -23.659 | RecentReward: 3.397 | ActorLoss: -0.882484 | CriticLoss: 0.003195 | Q: 0.8859 | TargetQ: 0.8860 | TDAbs: 0.0603 | ActorGrad: 0.0001 | CriticGrad: 0.1589 | Noise: 0.3090 | Replay: 15360 | FPS: 19.00 | ETA: 118.1 min
2026-09-20 05:18:19,250 | INFO | Steps: 15872/150000 | Episodes: 31 | LastEpReward: -24.548 | RecentReward: -1.364 | ActorLoss: -0.822790 | CriticLoss: 0.003169 | Q: 0.8316 | TargetQ: 0.8318 | TDAbs: 0.0598 | ActorGrad: 0.0001 | CriticGrad: 0.1428 | Noise: 0.3075 | Replay: 15872 | FPS: 19.06 | ETA: 117.3 min
2026-09-20 05:18:43,300 | INFO | Steps: 16384/150000 | Episodes: 32 | LastEpReward: -15.044 | RecentReward: -3.990 | ActorLoss: -0.736910 | CriticLoss: 0.003271 | Q: 0.7163 | TargetQ: 0.7158 | TDAbs: 0.0600 | ActorGrad: 0.0225 | CriticGrad: 0.1226 | Noise: 0.3060 | Replay: 16384 | FPS: 19.12 | ETA: 116.5 min
2026-09-20 05:19:07,579 | INFO | Steps: 16896/150000 | Episodes: 33 | LastEpReward: 0.383 | RecentReward: -6.738 | ActorLoss: -0.916338 | CriticLoss: 0.003723 | Q: 0.8564 | TargetQ: 0.8569 | TDAbs: 0.0657 | ActorGrad: 0.0146 | CriticGrad: 0.1501 | Noise: 0.3046 | Replay: 16896 | FPS: 19.17 | ETA: 115.7 min
2026-09-20 05:19:32,143 | INFO | Steps: 17408/150000 | Episodes: 34 | LastEpReward: 14.482 | RecentReward: -6.865 | ActorLoss: -0.970238 | CriticLoss: 0.003515 | Q: 0.9105 | TargetQ: 0.9111 | TDAbs: 0.0635 | ActorGrad: 0.0131 | CriticGrad: 0.1542 | Noise: 0.3031 | Replay: 17408 | FPS: 19.22 | ETA: 115.0 min
2026-09-20 05:19:56,579 | INFO | Steps: 17920/150000 | Episodes: 35 | LastEpReward: 14.510 | RecentReward: -7.423 | ActorLoss: -1.060835 | CriticLoss: 0.003335 | Q: 1.0069 | TargetQ: 1.0075 | TDAbs: 0.0619 | ActorGrad: 0.0123 | CriticGrad: 0.1419 | Noise: 0.3017 | Replay: 17920 | FPS: 19.26 | ETA: 114.3 min
2026-09-20 05:20:20,909 | INFO | Steps: 18432/150000 | Episodes: 36 | LastEpReward: 10.306 | RecentReward: -8.022 | ActorLoss: -1.121089 | CriticLoss: 0.003894 | Q: 1.0674 | TargetQ: 1.0682 | TDAbs: 0.0669 | ActorGrad: 0.0126 | CriticGrad: 0.1661 | Noise: 0.3002 | Replay: 18432 | FPS: 19.31 | ETA: 113.6 min
2026-09-20 05:20:45,007 | INFO | Steps: 18944/150000 | Episodes: 37 | LastEpReward: 15.353 | RecentReward: -5.684 | ActorLoss: -1.174235 | CriticLoss: 0.003480 | Q: 1.1240 | TargetQ: 1.1244 | TDAbs: 0.0637 | ActorGrad: 0.0097 | CriticGrad: 0.1528 | Noise: 0.2987 | Replay: 18944 | FPS: 19.36 | ETA: 112.8 min
2026-09-20 05:21:09,224 | INFO | Steps: 19456/150000 | Episodes: 38 | LastEpReward: 0.014 | RecentReward: -3.366 | ActorLoss: -1.239394 | CriticLoss: 0.003624 | Q: 1.1902 | TargetQ: 1.1904 | TDAbs: 0.0650 | ActorGrad: 0.0084 | CriticGrad: 0.1431 | Noise: 0.2973 | Replay: 19456 | FPS: 19.40 | ETA: 112.2 min
2026-09-20 05:21:33,443 | INFO | Steps: 19968/150000 | Episodes: 39 | LastEpReward: 8.024 | RecentReward: -0.018 | ActorLoss: -1.283758 | CriticLoss: 0.003964 | Q: 1.2358 | TargetQ: 1.2367 | TDAbs: 0.0677 | ActorGrad: 0.0083 | CriticGrad: 0.1608 | Noise: 0.2958 | Replay: 19968 | FPS: 19.44 | ETA: 111.5 min
2026-09-20 05:21:57,317 | INFO | 开始周期评估: Steps=20480 | Episodes=40 | EvalEpisodes=5
2026-09-20 05:22:37,431 | INFO | 周期评估完成: Steps=20480 | MeanReward=12.893 | StdReward=0.896
2026-09-20 05:22:37,440 | INFO | Steps: 20480/150000 | Episodes: 40 | LastEpReward: 12.561 | RecentReward: 3.604 | ActorLoss: -1.333433 | CriticLoss: 0.003817 | Q: 1.2852 | TargetQ: 1.2851 | TDAbs: 0.0666 | ActorGrad: 0.0091 | CriticGrad: 0.1589 | Noise: 0.2943 | Replay: 20480 | FPS: 18.77 | ETA: 115.0 min
2026-09-20 05:23:01,711 | INFO | Steps: 20992/150000 | Episodes: 41 | LastEpReward: 1.244 | RecentReward: 6.183 | ActorLoss: -1.386431 | CriticLoss: 0.004446 | Q: 1.3411 | TargetQ: 1.3413 | TDAbs: 0.0719 | ActorGrad: 0.0097 | CriticGrad: 0.2187 | Noise: 0.2929 | Replay: 20992 | FPS: 18.82 | ETA: 114.2 min
2026-09-20 05:23:26,035 | INFO | Steps: 21504/150000 | Episodes: 42 | LastEpReward: 8.911 | RecentReward: 8.579 | ActorLoss: -1.391039 | CriticLoss: 0.004054 | Q: 1.3453 | TargetQ: 1.3452 | TDAbs: 0.0688 | ActorGrad: 0.0098 | CriticGrad: 0.1677 | Noise: 0.2914 | Replay: 21504 | FPS: 18.87 | ETA: 113.5 min
2026-09-20 05:23:50,094 | INFO | Steps: 22016/150000 | Episodes: 43 | LastEpReward: 11.179 | RecentReward: 9.659 | ActorLoss: -1.454800 | CriticLoss: 0.004471 | Q: 1.4125 | TargetQ: 1.4127 | TDAbs: 0.0713 | ActorGrad: 0.0103 | CriticGrad: 0.1753 | Noise: 0.2900 | Replay: 22016 | FPS: 18.92 | ETA: 112.8 min
2026-09-20 05:24:14,431 | INFO | Steps: 22528/150000 | Episodes: 44 | LastEpReward: 15.206 | RecentReward: 9.731 | ActorLoss: -1.517185 | CriticLoss: 0.004637 | Q: 1.4760 | TargetQ: 1.4766 | TDAbs: 0.0727 | ActorGrad: 0.0112 | CriticGrad: 0.1819 | Noise: 0.2885 | Replay: 22528 | FPS: 18.96 | ETA: 112.0 min
2026-09-20 05:24:38,724 | INFO | Steps: 23040/150000 | Episodes: 45 | LastEpReward: 19.726 | RecentReward: 10.252 | ActorLoss: -1.566968 | CriticLoss: 0.004994 | Q: 1.5250 | TargetQ: 1.5251 | TDAbs: 0.0762 | ActorGrad: 0.0099 | CriticGrad: 0.2098 | Noise: 0.2870 | Replay: 23040 | FPS: 19.00 | ETA: 111.3 min
2026-09-20 05:25:03,061 | INFO | Steps: 23552/150000 | Episodes: 46 | LastEpReward: 5.289 | RecentReward: 9.751 | ActorLoss: -1.604235 | CriticLoss: 0.005150 | Q: 1.5639 | TargetQ: 1.5639 | TDAbs: 0.0778 | ActorGrad: 0.0113 | CriticGrad: 0.2347 | Noise: 0.2856 | Replay: 23552 | FPS: 19.04 | ETA: 110.7 min
2026-09-20 05:25:27,307 | INFO | Steps: 24064/150000 | Episodes: 47 | LastEpReward: 9.690 | RecentReward: 9.185 | ActorLoss: -1.615588 | CriticLoss: 0.005209 | Q: 1.5761 | TargetQ: 1.5760 | TDAbs: 0.0773 | ActorGrad: 0.0101 | CriticGrad: 0.2118 | Noise: 0.2841 | Replay: 24064 | FPS: 19.08 | ETA: 110.0 min
2026-09-20 05:25:51,582 | INFO | Steps: 24576/150000 | Episodes: 48 | LastEpReward: 12.169 | RecentReward: 10.400 | ActorLoss: -1.653159 | CriticLoss: 0.005292 | Q: 1.6140 | TargetQ: 1.6145 | TDAbs: 0.0778 | ActorGrad: 0.0107 | CriticGrad: 0.2228 | Noise: 0.2826 | Replay: 24576 | FPS: 19.12 | ETA: 109.3 min
2026-09-20 05:26:15,984 | INFO | Steps: 25088/150000 | Episodes: 49 | LastEpReward: 7.706 | RecentReward: 10.368 | ActorLoss: -1.686345 | CriticLoss: 0.005356 | Q: 1.6496 | TargetQ: 1.6498 | TDAbs: 0.0788 | ActorGrad: 0.0113 | CriticGrad: 0.2130 | Noise: 0.2812 | Replay: 25088 | FPS: 19.16 | ETA: 108.7 min
2026-09-20 05:26:40,453 | INFO | 开始周期评估: Steps=25600 | Episodes=50 | EvalEpisodes=5
2026-09-20 05:27:20,632 | INFO | 周期评估完成: Steps=25600 | MeanReward=13.249 | StdReward=1.416
2026-09-20 05:27:20,642 | INFO | Steps: 25600/150000 | Episodes: 50 | LastEpReward: 17.279 | RecentReward: 10.840 | ActorLoss: -1.678392 | CriticLoss: 0.005199 | Q: 1.6424 | TargetQ: 1.6427 | TDAbs: 0.0772 | ActorGrad: 0.0113 | CriticGrad: 0.2043 | Noise: 0.2797 | Replay: 25600 | FPS: 18.63 | ETA: 111.3 min
2026-09-20 05:27:44,890 | INFO | Steps: 26112/150000 | Episodes: 51 | LastEpReward: 10.763 | RecentReward: 11.792 | ActorLoss: -1.736607 | CriticLoss: 0.006274 | Q: 1.7035 | TargetQ: 1.7037 | TDAbs: 0.0838 | ActorGrad: 0.0118 | CriticGrad: 0.2222 | Noise: 0.2783 | Replay: 26112 | FPS: 18.67 | ETA: 110.6 min
2026-09-20 05:28:09,831 | INFO | Steps: 26624/150000 | Episodes: 52 | LastEpReward: 6.564 | RecentReward: 11.557 | ActorLoss: -1.745782 | CriticLoss: 0.006160 | Q: 1.7100 | TargetQ: 1.7106 | TDAbs: 0.0838 | ActorGrad: 0.0146 | CriticGrad: 0.2500 | Noise: 0.2768 | Replay: 26624 | FPS: 18.70 | ETA: 109.9 min
2026-09-20 05:28:34,339 | INFO | Steps: 27136/150000 | Episodes: 53 | LastEpReward: 7.132 | RecentReward: 11.152 | ActorLoss: -1.772839 | CriticLoss: 0.005901 | Q: 1.7396 | TargetQ: 1.7405 | TDAbs: 0.0819 | ActorGrad: 0.0115 | CriticGrad: 0.2596 | Noise: 0.2753 | Replay: 27136 | FPS: 18.74 | ETA: 109.3 min
2026-09-20 05:28:58,303 | INFO | Steps: 27648/150000 | Episodes: 54 | LastEpReward: 1.156 | RecentReward: 9.747 | ActorLoss: -1.787110 | CriticLoss: 0.005807 | Q: 1.7546 | TargetQ: 1.7546 | TDAbs: 0.0815 | ActorGrad: 0.0129 | CriticGrad: 0.2336 | Noise: 0.2739 | Replay: 27648 | FPS: 18.78 | ETA: 108.6 min
2026-09-20 05:29:22,843 | INFO | Steps: 28160/150000 | Episodes: 55 | LastEpReward: 14.127 | RecentReward: 9.188 | ActorLoss: -1.810155 | CriticLoss: 0.006512 | Q: 1.7785 | TargetQ: 1.7785 | TDAbs: 0.0870 | ActorGrad: 0.0138 | CriticGrad: 0.2657 | Noise: 0.2724 | Replay: 28160 | FPS: 18.82 | ETA: 107.9 min
2026-09-20 05:29:46,940 | INFO | Steps: 28672/150000 | Episodes: 56 | LastEpReward: 11.735 | RecentReward: 9.832 | ActorLoss: -1.819337 | CriticLoss: 0.006318 | Q: 1.7898 | TargetQ: 1.7899 | TDAbs: 0.0856 | ActorGrad: 0.0125 | CriticGrad: 0.2401 | Noise: 0.2709 | Replay: 28672 | FPS: 18.86 | ETA: 107.2 min
2026-09-20 05:30:11,422 | INFO | Steps: 29184/150000 | Episodes: 57 | LastEpReward: 10.452 | RecentReward: 9.908 | ActorLoss: -1.840688 | CriticLoss: 0.006218 | Q: 1.8116 | TargetQ: 1.8117 | TDAbs: 0.0848 | ActorGrad: 0.0116 | CriticGrad: 0.2401 | Noise: 0.2695 | Replay: 29184 | FPS: 18.89 | ETA: 106.6 min
2026-09-20 05:30:35,300 | INFO | Steps: 29696/150000 | Episodes: 58 | LastEpReward: 7.621 | RecentReward: 9.453 | ActorLoss: -1.867051 | CriticLoss: 0.006137 | Q: 1.8361 | TargetQ: 1.8359 | TDAbs: 0.0846 | ActorGrad: 0.0110 | CriticGrad: 0.2277 | Noise: 0.2680 | Replay: 29696 | FPS: 18.93 | ETA: 105.9 min
2026-09-20 05:30:59,654 | INFO | Steps: 30208/150000 | Episodes: 59 | LastEpReward: 0.615 | RecentReward: 8.744 | ActorLoss: -1.852399 | CriticLoss: 0.007127 | Q: 1.8202 | TargetQ: 1.8211 | TDAbs: 0.0895 | ActorGrad: 0.0152 | CriticGrad: 0.2708 | Noise: 0.2665 | Replay: 30208 | FPS: 18.96 | ETA: 105.3 min
2026-09-20 05:31:24,433 | INFO | 开始周期评估: Steps=30720 | Episodes=60 | EvalEpisodes=5
2026-09-20 05:32:04,560 | INFO | 周期评估完成: Steps=30720 | MeanReward=11.882 | StdReward=4.337
2026-09-20 05:32:04,569 | INFO | Steps: 30720/150000 | Episodes: 60 | LastEpReward: 18.668 | RecentReward: 8.883 | ActorLoss: -1.889821 | CriticLoss: 0.006698 | Q: 1.8604 | TargetQ: 1.8603 | TDAbs: 0.0877 | ActorGrad: 0.0221 | CriticGrad: 0.2556 | Noise: 0.2651 | Replay: 30720 | FPS: 18.53 | ETA: 107.3 min
2026-09-20 05:32:29,107 | INFO | Steps: 31232/150000 | Episodes: 61 | LastEpReward: 21.496 | RecentReward: 9.957 | ActorLoss: -1.931699 | CriticLoss: 0.007244 | Q: 1.9015 | TargetQ: 1.9016 | TDAbs: 0.0912 | ActorGrad: 0.0208 | CriticGrad: 0.2392 | Noise: 0.2636 | Replay: 31232 | FPS: 18.56 | ETA: 106.7 min
2026-09-20 05:32:53,212 | INFO | Steps: 31744/150000 | Episodes: 62 | LastEpReward: 9.888 | RecentReward: 10.289 | ActorLoss: -1.912384 | CriticLoss: 0.007282 | Q: 1.8853 | TargetQ: 1.8851 | TDAbs: 0.0920 | ActorGrad: 0.0196 | CriticGrad: 0.2437 | Noise: 0.2622 | Replay: 31744 | FPS: 18.60 | ETA: 106.0 min
2026-09-20 05:33:18,076 | INFO | Steps: 32256/150000 | Episodes: 63 | LastEpReward: 21.671 | RecentReward: 11.743 | ActorLoss: -1.926443 | CriticLoss: 0.007610 | Q: 1.8987 | TargetQ: 1.8981 | TDAbs: 0.0928 | ActorGrad: 0.0205 | CriticGrad: 0.2732 | Noise: 0.2607 | Replay: 32256 | FPS: 18.63 | ETA: 105.4 min
2026-09-20 05:33:42,642 | INFO | Steps: 32768/150000 | Episodes: 64 | LastEpReward: 19.842 | RecentReward: 13.611 | ActorLoss: -1.971495 | CriticLoss: 0.008030 | Q: 1.9422 | TargetQ: 1.9423 | TDAbs: 0.0951 | ActorGrad: 0.0241 | CriticGrad: 0.2921 | Noise: 0.2592 | Replay: 32768 | FPS: 18.66 | ETA: 104.7 min
2026-09-20 05:34:06,804 | INFO | Steps: 33280/150000 | Episodes: 65 | LastEpReward: 7.599 | RecentReward: 12.959 | ActorLoss: -1.960673 | CriticLoss: 0.007442 | Q: 1.9321 | TargetQ: 1.9323 | TDAbs: 0.0934 | ActorGrad: 0.0261 | CriticGrad: 0.2527 | Noise: 0.2578 | Replay: 33280 | FPS: 18.69 | ETA: 104.1 min
2026-09-20 05:34:31,039 | INFO | Steps: 33792/150000 | Episodes: 66 | LastEpReward: 14.505 | RecentReward: 13.236 | ActorLoss: -1.968577 | CriticLoss: 0.008412 | Q: 1.9390 | TargetQ: 1.9398 | TDAbs: 0.0985 | ActorGrad: 0.0274 | CriticGrad: 0.3171 | Noise: 0.2563 | Replay: 33792 | FPS: 18.72 | ETA: 103.4 min
2026-09-20 05:34:55,516 | INFO | Steps: 34304/150000 | Episodes: 67 | LastEpReward: 14.404 | RecentReward: 13.631 | ActorLoss: -2.001628 | CriticLoss: 0.008166 | Q: 1.9723 | TargetQ: 1.9724 | TDAbs: 0.0962 | ActorGrad: 0.0248 | CriticGrad: 0.3043 | Noise: 0.2548 | Replay: 34304 | FPS: 18.75 | ETA: 102.8 min
2026-09-20 05:35:19,978 | INFO | Steps: 34816/150000 | Episodes: 68 | LastEpReward: 13.545 | RecentReward: 14.223 | ActorLoss: -2.010097 | CriticLoss: 0.008158 | Q: 1.9813 | TargetQ: 1.9818 | TDAbs: 0.0972 | ActorGrad: 0.0224 | CriticGrad: 0.2935 | Noise: 0.2534 | Replay: 34816 | FPS: 18.78 | ETA: 102.2 min
2026-09-20 05:35:43,911 | INFO | Steps: 35328/150000 | Episodes: 69 | LastEpReward: 10.712 | RecentReward: 15.233 | ActorLoss: -2.056606 | CriticLoss: 0.008040 | Q: 2.0315 | TargetQ: 2.0311 | TDAbs: 0.0958 | ActorGrad: 0.0256 | CriticGrad: 0.2980 | Noise: 0.2519 | Replay: 35328 | FPS: 18.82 | ETA: 101.6 min
2026-09-20 05:36:08,326 | INFO | 开始周期评估: Steps=35840 | Episodes=70 | EvalEpisodes=5
2026-09-20 05:36:48,403 | INFO | 周期评估完成: Steps=35840 | MeanReward=15.205 | StdReward=4.052
2026-09-20 05:36:48,413 | INFO | Steps: 35840/150000 | Episodes: 70 | LastEpReward: 21.948 | RecentReward: 15.561 | ActorLoss: -2.027904 | CriticLoss: 0.008572 | Q: 1.9983 | TargetQ: 1.9986 | TDAbs: 0.0983 | ActorGrad: 0.0274 | CriticGrad: 0.3010 | Noise: 0.2505 | Replay: 35840 | FPS: 18.45 | ETA: 103.1 min
2026-09-20 05:37:12,563 | INFO | Steps: 36352/150000 | Episodes: 71 | LastEpReward: 15.031 | RecentReward: 14.915 | ActorLoss: -2.060427 | CriticLoss: 0.008299 | Q: 2.0332 | TargetQ: 2.0338 | TDAbs: 0.0977 | ActorGrad: 0.0258 | CriticGrad: 0.3118 | Noise: 0.2490 | Replay: 36352 | FPS: 18.49 | ETA: 102.5 min
2026-09-20 05:37:36,712 | INFO | Steps: 36864/150000 | Episodes: 72 | LastEpReward: 12.256 | RecentReward: 15.151 | ActorLoss: -2.044555 | CriticLoss: 0.008246 | Q: 2.0181 | TargetQ: 2.0184 | TDAbs: 0.0969 | ActorGrad: 0.0258 | CriticGrad: 0.2764 | Noise: 0.2475 | Replay: 36864 | FPS: 18.52 | ETA: 101.8 min
2026-09-20 05:38:01,648 | INFO | Steps: 37376/150000 | Episodes: 73 | LastEpReward: 11.879 | RecentReward: 14.172 | ActorLoss: -2.076046 | CriticLoss: 0.008553 | Q: 2.0507 | TargetQ: 2.0511 | TDAbs: 0.1000 | ActorGrad: 0.0209 | CriticGrad: 0.3049 | Noise: 0.2461 | Replay: 37376 | FPS: 18.55 | ETA: 101.2 min
2026-09-20 05:38:26,401 | INFO | Steps: 37888/150000 | Episodes: 74 | LastEpReward: 17.326 | RecentReward: 13.920 | ActorLoss: -2.096801 | CriticLoss: 0.009403 | Q: 2.0687 | TargetQ: 2.0678 | TDAbs: 0.1015 | ActorGrad: 0.0176 | CriticGrad: 0.2834 | Noise: 0.2446 | Replay: 37888 | FPS: 18.57 | ETA: 100.6 min
2026-09-20 05:38:50,411 | INFO | Steps: 38400/150000 | Episodes: 75 | LastEpReward: 17.139 | RecentReward: 14.875 | ActorLoss: -2.117009 | CriticLoss: 0.009043 | Q: 2.0915 | TargetQ: 2.0919 | TDAbs: 0.1022 | ActorGrad: 0.0143 | CriticGrad: 0.2987 | Noise: 0.2431 | Replay: 38400 | FPS: 18.60 | ETA: 100.0 min
2026-09-20 05:39:14,762 | INFO | Steps: 38912/150000 | Episodes: 76 | LastEpReward: 10.685 | RecentReward: 14.493 | ActorLoss: -2.114140 | CriticLoss: 0.008848 | Q: 2.0896 | TargetQ: 2.0896 | TDAbs: 0.1001 | ActorGrad: 0.0131 | CriticGrad: 0.2844 | Noise: 0.2417 | Replay: 38912 | FPS: 18.63 | ETA: 99.4 min
2026-09-20 05:39:39,074 | INFO | Steps: 39424/150000 | Episodes: 77 | LastEpReward: 14.764 | RecentReward: 14.529 | ActorLoss: -2.113520 | CriticLoss: 0.010353 | Q: 2.0891 | TargetQ: 2.0891 | TDAbs: 0.1072 | ActorGrad: 0.0133 | CriticGrad: 0.3403 | Noise: 0.2402 | Replay: 39424 | FPS: 18.66 | ETA: 98.8 min
2026-09-20 05:40:03,476 | INFO | Steps: 39936/150000 | Episodes: 78 | LastEpReward: 14.048 | RecentReward: 14.579 | ActorLoss: -2.119308 | CriticLoss: 0.009758 | Q: 2.0943 | TargetQ: 2.0942 | TDAbs: 0.1064 | ActorGrad: 0.0179 | CriticGrad: 0.3403 | Noise: 0.2388 | Replay: 39936 | FPS: 18.69 | ETA: 98.2 min
2026-09-20 05:40:27,851 | INFO | Steps: 40448/150000 | Episodes: 79 | LastEpReward: 20.552 | RecentReward: 15.563 | ActorLoss: -2.138889 | CriticLoss: 0.009154 | Q: 2.1150 | TargetQ: 2.1149 | TDAbs: 0.1027 | ActorGrad: 0.0148 | CriticGrad: 0.2811 | Noise: 0.2373 | Replay: 40448 | FPS: 18.71 | ETA: 97.6 min
2026-09-20 05:40:52,145 | INFO | 开始周期评估: Steps=40960 | Episodes=80 | EvalEpisodes=5
2026-09-20 05:41:32,229 | INFO | 周期评估完成: Steps=40960 | MeanReward=17.584 | StdReward=4.334
2026-09-20 05:41:32,239 | INFO | Steps: 40960/150000 | Episodes: 80 | LastEpReward: 10.708 | RecentReward: 14.439 | ActorLoss: -2.142796 | CriticLoss: 0.009692 | Q: 2.1192 | TargetQ: 2.1188 | TDAbs: 0.1060 | ActorGrad: 0.0173 | CriticGrad: 0.3444 | Noise: 0.2358 | Replay: 40960 | FPS: 18.40 | ETA: 98.8 min
2026-09-20 05:41:56,706 | INFO | Steps: 41472/150000 | Episodes: 81 | LastEpReward: 13.161 | RecentReward: 14.252 | ActorLoss: -2.148800 | CriticLoss: 0.009302 | Q: 2.1252 | TargetQ: 2.1252 | TDAbs: 0.1047 | ActorGrad: 0.0147 | CriticGrad: 0.3168 | Noise: 0.2344 | Replay: 41472 | FPS: 18.43 | ETA: 98.2 min
2026-09-20 05:42:20,914 | INFO | Steps: 41984/150000 | Episodes: 82 | LastEpReward: 18.132 | RecentReward: 14.839 | ActorLoss: -2.157866 | CriticLoss: 0.009150 | Q: 2.1344 | TargetQ: 2.1347 | TDAbs: 0.1033 | ActorGrad: 0.0130 | CriticGrad: 0.3039 | Noise: 0.2329 | Replay: 41984 | FPS: 18.46 | ETA: 97.5 min
2026-09-20 05:42:45,579 | INFO | Steps: 42496/150000 | Episodes: 83 | LastEpReward: 16.601 | RecentReward: 15.312 | ActorLoss: -2.186628 | CriticLoss: 0.010024 | Q: 2.1629 | TargetQ: 2.1627 | TDAbs: 0.1069 | ActorGrad: 0.0145 | CriticGrad: 0.3121 | Noise: 0.2314 | Replay: 42496 | FPS: 18.48 | ETA: 96.9 min
2026-09-20 05:43:10,146 | INFO | Steps: 43008/150000 | Episodes: 84 | LastEpReward: 11.354 | RecentReward: 14.714 | ActorLoss: -2.177475 | CriticLoss: 0.009630 | Q: 2.1544 | TargetQ: 2.1546 | TDAbs: 0.1044 | ActorGrad: 0.0153 | CriticGrad: 0.3136 | Noise: 0.2300 | Replay: 43008 | FPS: 18.51 | ETA: 96.4 min
2026-09-20 05:43:34,792 | INFO | Steps: 43520/150000 | Episodes: 85 | LastEpReward: 22.967 | RecentReward: 15.297 | ActorLoss: -2.186037 | CriticLoss: 0.010761 | Q: 2.1627 | TargetQ: 2.1629 | TDAbs: 0.1105 | ActorGrad: 0.0142 | CriticGrad: 0.3384 | Noise: 0.2285 | Replay: 43520 | FPS: 18.53 | ETA: 95.8 min
2026-09-20 05:43:59,510 | INFO | Steps: 44032/150000 | Episodes: 86 | LastEpReward: 23.088 | RecentReward: 16.537 | ActorLoss: -2.196696 | CriticLoss: 0.010263 | Q: 2.1724 | TargetQ: 2.1735 | TDAbs: 0.1090 | ActorGrad: 0.0135 | CriticGrad: 0.3574 | Noise: 0.2271 | Replay: 44032 | FPS: 18.55 | ETA: 95.2 min
2026-09-20 05:44:23,854 | INFO | Steps: 44544/150000 | Episodes: 87 | LastEpReward: 14.155 | RecentReward: 16.477 | ActorLoss: -2.209516 | CriticLoss: 0.009667 | Q: 2.1857 | TargetQ: 2.1865 | TDAbs: 0.1058 | ActorGrad: 0.0141 | CriticGrad: 0.3235 | Noise: 0.2256 | Replay: 44544 | FPS: 18.58 | ETA: 94.6 min
2026-09-20 05:44:48,347 | INFO | Steps: 45056/150000 | Episodes: 88 | LastEpReward: 13.680 | RecentReward: 16.440 | ActorLoss: -2.204261 | CriticLoss: 0.010450 | Q: 2.1803 | TargetQ: 2.1807 | TDAbs: 0.1096 | ActorGrad: 0.0159 | CriticGrad: 0.3547 | Noise: 0.2241 | Replay: 45056 | FPS: 18.60 | ETA: 94.0 min
2026-09-20 05:45:12,546 | INFO | Steps: 45568/150000 | Episodes: 89 | LastEpReward: 11.740 | RecentReward: 15.559 | ActorLoss: -2.240951 | CriticLoss: 0.010292 | Q: 2.2163 | TargetQ: 2.2167 | TDAbs: 0.1084 | ActorGrad: 0.0142 | CriticGrad: 0.3336 | Noise: 0.2227 | Replay: 45568 | FPS: 18.63 | ETA: 93.4 min
2026-09-20 05:45:37,050 | INFO | 开始周期评估: Steps=46080 | Episodes=90 | EvalEpisodes=5
2026-09-20 05:46:17,099 | INFO | 周期评估完成: Steps=46080 | MeanReward=17.556 | StdReward=4.267
2026-09-20 05:46:17,109 | INFO | Steps: 46080/150000 | Episodes: 90 | LastEpReward: 16.434 | RecentReward: 16.131 | ActorLoss: -2.278371 | CriticLoss: 0.009937 | Q: 2.2544 | TargetQ: 2.2549 | TDAbs: 0.1074 | ActorGrad: 0.0152 | CriticGrad: 0.3016 | Noise: 0.2212 | Replay: 46080 | FPS: 18.35 | ETA: 94.4 min
2026-09-20 05:46:40,900 | INFO | Steps: 46592/150000 | Episodes: 91 | LastEpReward: 12.474 | RecentReward: 16.063 | ActorLoss: -2.272062 | CriticLoss: 0.009524 | Q: 2.2489 | TargetQ: 2.2491 | TDAbs: 0.1053 | ActorGrad: 0.0133 | CriticGrad: 0.2964 | Noise: 0.2197 | Replay: 46592 | FPS: 18.38 | ETA: 93.8 min
2026-09-20 05:47:05,290 | INFO | Steps: 47104/150000 | Episodes: 92 | LastEpReward: 5.230 | RecentReward: 14.772 | ActorLoss: -2.249557 | CriticLoss: 0.009909 | Q: 2.2244 | TargetQ: 2.2241 | TDAbs: 0.1072 | ActorGrad: 0.0148 | CriticGrad: 0.3107 | Noise: 0.2183 | Replay: 47104 | FPS: 18.41 | ETA: 93.2 min
2026-09-20 05:47:29,597 | INFO | Steps: 47616/150000 | Episodes: 93 | LastEpReward: 17.155 | RecentReward: 14.828 | ActorLoss: -2.261450 | CriticLoss: 0.010684 | Q: 2.2358 | TargetQ: 2.2358 | TDAbs: 0.1101 | ActorGrad: 0.0139 | CriticGrad: 0.3278 | Noise: 0.2168 | Replay: 47616 | FPS: 18.43 | ETA: 92.6 min
2026-09-20 05:47:53,795 | INFO | Steps: 48128/150000 | Episodes: 94 | LastEpReward: -0.088 | RecentReward: 13.684 | ActorLoss: -2.256187 | CriticLoss: 0.010457 | Q: 2.2350 | TargetQ: 2.2349 | TDAbs: 0.1099 | ActorGrad: 0.0145 | CriticGrad: 0.3359 | Noise: 0.2153 | Replay: 48128 | FPS: 18.46 | ETA: 92.0 min
2026-09-20 05:48:17,863 | INFO | Steps: 48640/150000 | Episodes: 95 | LastEpReward: 15.869 | RecentReward: 12.974 | ActorLoss: -2.294050 | CriticLoss: 0.010761 | Q: 2.2706 | TargetQ: 2.2715 | TDAbs: 0.1103 | ActorGrad: 0.0146 | CriticGrad: 0.3279 | Noise: 0.2139 | Replay: 48640 | FPS: 18.48 | ETA: 91.4 min
2026-09-20 05:48:42,094 | INFO | Steps: 49152/150000 | Episodes: 96 | LastEpReward: 17.200 | RecentReward: 12.385 | ActorLoss: -2.314598 | CriticLoss: 0.011324 | Q: 2.2915 | TargetQ: 2.2909 | TDAbs: 0.1128 | ActorGrad: 0.0146 | CriticGrad: 0.3243 | Noise: 0.2124 | Replay: 49152 | FPS: 18.51 | ETA: 90.8 min
2026-09-20 05:49:06,460 | INFO | Steps: 49664/150000 | Episodes: 97 | LastEpReward: 20.673 | RecentReward: 13.037 | ActorLoss: -2.343193 | CriticLoss: 0.010790 | Q: 2.3204 | TargetQ: 2.3207 | TDAbs: 0.1114 | ActorGrad: 0.0155 | CriticGrad: 0.3340 | Noise: 0.2110 | Replay: 49664 | FPS: 18.53 | ETA: 90.2 min
2026-09-20 05:49:31,110 | INFO | Steps: 50176/150000 | Episodes: 98 | LastEpReward: 17.481 | RecentReward: 13.417 | ActorLoss: -2.324381 | CriticLoss: 0.011203 | Q: 2.2995 | TargetQ: 2.2993 | TDAbs: 0.1114 | ActorGrad: 0.0159 | CriticGrad: 0.3339 | Noise: 0.2095 | Replay: 50000 | FPS: 18.55 | ETA: 89.7 min
2026-09-20 05:49:55,489 | INFO | Steps: 50688/150000 | Episodes: 99 | LastEpReward: 20.065 | RecentReward: 14.249 | ActorLoss: -2.337423 | CriticLoss: 0.011356 | Q: 2.3143 | TargetQ: 2.3139 | TDAbs: 0.1115 | ActorGrad: 0.0171 | CriticGrad: 0.3465 | Noise: 0.2080 | Replay: 50000 | FPS: 18.57 | ETA: 89.1 min
2026-09-20 05:50:19,852 | INFO | 开始周期评估: Steps=51200 | Episodes=100 | EvalEpisodes=5
2026-09-20 05:51:00,123 | INFO | 周期评估完成: Steps=51200 | MeanReward=17.341 | StdReward=4.289
2026-09-20 05:51:00,131 | INFO | Steps: 51200/150000 | Episodes: 100 | LastEpReward: 20.035 | RecentReward: 14.609 | ActorLoss: -2.347212 | CriticLoss: 0.011028 | Q: 2.3267 | TargetQ: 2.3266 | TDAbs: 0.1129 | ActorGrad: 0.0192 | CriticGrad: 0.3184 | Noise: 0.2066 | Replay: 50000 | FPS: 18.33 | ETA: 89.9 min
2026-09-20 05:51:24,682 | INFO | Steps: 51712/150000 | Episodes: 101 | LastEpReward: 27.792 | RecentReward: 16.141 | ActorLoss: -2.352785 | CriticLoss: 0.010895 | Q: 2.3340 | TargetQ: 2.3348 | TDAbs: 0.1118 | ActorGrad: 0.0156 | CriticGrad: 0.3339 | Noise: 0.2051 | Replay: 50000 | FPS: 18.35 | ETA: 89.3 min
2026-09-20 05:51:49,186 | INFO | Steps: 52224/150000 | Episodes: 102 | LastEpReward: 11.226 | RecentReward: 16.741 | ActorLoss: -2.396907 | CriticLoss: 0.010806 | Q: 2.3782 | TargetQ: 2.3792 | TDAbs: 0.1121 | ActorGrad: 0.0200 | CriticGrad: 0.3498 | Noise: 0.2036 | Replay: 50000 | FPS: 18.37 | ETA: 88.7 min
2026-09-20 05:52:13,647 | INFO | Steps: 52736/150000 | Episodes: 103 | LastEpReward: 12.647 | RecentReward: 16.290 | ActorLoss: -2.421900 | CriticLoss: 0.010478 | Q: 2.4066 | TargetQ: 2.4069 | TDAbs: 0.1107 | ActorGrad: 0.0196 | CriticGrad: 0.3138 | Noise: 0.2022 | Replay: 50000 | FPS: 18.39 | ETA: 88.1 min
2026-09-20 05:52:37,919 | INFO | Steps: 53248/150000 | Episodes: 104 | LastEpReward: 14.318 | RecentReward: 17.731 | ActorLoss: -2.470080 | CriticLoss: 0.011346 | Q: 2.4569 | TargetQ: 2.4569 | TDAbs: 0.1131 | ActorGrad: 0.0117 | CriticGrad: 0.3648 | Noise: 0.2007 | Replay: 50000 | FPS: 18.41 | ETA: 87.6 min
2026-09-20 05:53:02,476 | INFO | Steps: 53760/150000 | Episodes: 105 | LastEpReward: 14.358 | RecentReward: 17.579 | ActorLoss: -2.508327 | CriticLoss: 0.011621 | Q: 2.4968 | TargetQ: 2.4962 | TDAbs: 0.1142 | ActorGrad: 0.0220 | CriticGrad: 0.3463 | Noise: 0.1993 | Replay: 50000 | FPS: 18.44 | ETA: 87.0 min
2026-09-20 05:53:27,242 | INFO | Steps: 54272/150000 | Episodes: 106 | LastEpReward: 8.208 | RecentReward: 16.680 | ActorLoss: -2.509043 | CriticLoss: 0.010643 | Q: 2.4972 | TargetQ: 2.4974 | TDAbs: 0.1090 | ActorGrad: 0.0146 | CriticGrad: 0.3216 | Noise: 0.1978 | Replay: 50000 | FPS: 18.45 | ETA: 86.5 min
2026-09-20 05:53:51,574 | INFO | Steps: 54784/150000 | Episodes: 107 | LastEpReward: 14.557 | RecentReward: 16.069 | ActorLoss: -2.492753 | CriticLoss: 0.011001 | Q: 2.4806 | TargetQ: 2.4806 | TDAbs: 0.1121 | ActorGrad: 0.0162 | CriticGrad: 0.3610 | Noise: 0.1963 | Replay: 50000 | FPS: 18.48 | ETA: 85.9 min
2026-09-20 05:54:16,374 | INFO | Steps: 55296/150000 | Episodes: 108 | LastEpReward: 17.960 | RecentReward: 16.116 | ActorLoss: -2.504029 | CriticLoss: 0.010776 | Q: 2.4925 | TargetQ: 2.4919 | TDAbs: 0.1097 | ActorGrad: 0.0185 | CriticGrad: 0.3267 | Noise: 0.1949 | Replay: 50000 | FPS: 18.49 | ETA: 85.3 min
2026-09-20 05:54:40,608 | INFO | Steps: 55808/150000 | Episodes: 109 | LastEpReward: 15.385 | RecentReward: 15.648 | ActorLoss: -2.519863 | CriticLoss: 0.011021 | Q: 2.5075 | TargetQ: 2.5078 | TDAbs: 0.1121 | ActorGrad: 0.0161 | CriticGrad: 0.3378 | Noise: 0.1934 | Replay: 50000 | FPS: 18.51 | ETA: 84.8 min
2026-09-20 05:55:05,127 | INFO | 开始周期评估: Steps=56320 | Episodes=110 | EvalEpisodes=5
2026-09-20 05:55:45,165 | INFO | 周期评估完成: Steps=56320 | MeanReward=14.225 | StdReward=6.846
2026-09-20 05:55:45,173 | INFO | Steps: 56320/150000 | Episodes: 110 | LastEpReward: 2.460 | RecentReward: 13.891 | ActorLoss: -2.511601 | CriticLoss: 0.010507 | Q: 2.4994 | TargetQ: 2.5000 | TDAbs: 0.1103 | ActorGrad: 0.0143 | CriticGrad: 0.3371 | Noise: 0.1919 | Replay: 50000 | FPS: 18.29 | ETA: 85.4 min
2026-09-20 05:56:09,708 | INFO | Steps: 56832/150000 | Episodes: 111 | LastEpReward: 6.789 | RecentReward: 11.791 | ActorLoss: -2.509841 | CriticLoss: 0.010873 | Q: 2.4984 | TargetQ: 2.4982 | TDAbs: 0.1097 | ActorGrad: 0.0233 | CriticGrad: 0.3624 | Noise: 0.1905 | Replay: 50000 | FPS: 18.31 | ETA: 84.8 min
2026-09-20 05:56:34,225 | INFO | Steps: 57344/150000 | Episodes: 112 | LastEpReward: 0.980 | RecentReward: 10.766 | ActorLoss: -2.492197 | CriticLoss: 0.011177 | Q: 2.4791 | TargetQ: 2.4784 | TDAbs: 0.1113 | ActorGrad: 0.0252 | CriticGrad: 0.3336 | Noise: 0.1890 | Replay: 50000 | FPS: 18.33 | ETA: 84.2 min
2026-09-20 05:56:58,612 | INFO | Steps: 57856/150000 | Episodes: 113 | LastEpReward: 2.246 | RecentReward: 9.726 | ActorLoss: -2.485516 | CriticLoss: 0.010665 | Q: 2.4732 | TargetQ: 2.4727 | TDAbs: 0.1094 | ActorGrad: 0.0234 | CriticGrad: 0.3110 | Noise: 0.1876 | Replay: 50000 | FPS: 18.35 | ETA: 83.7 min
2026-09-20 05:57:23,070 | INFO | Steps: 58368/150000 | Episodes: 114 | LastEpReward: 7.753 | RecentReward: 9.070 | ActorLoss: -2.467920 | CriticLoss: 0.010465 | Q: 2.4554 | TargetQ: 2.4563 | TDAbs: 0.1098 | ActorGrad: 0.0281 | CriticGrad: 0.3599 | Noise: 0.1861 | Replay: 50000 | FPS: 18.37 | ETA: 83.1 min
2026-09-20 05:57:47,471 | INFO | Steps: 58880/150000 | Episodes: 115 | LastEpReward: 19.020 | RecentReward: 9.536 | ActorLoss: -2.497307 | CriticLoss: 0.010482 | Q: 2.4842 | TargetQ: 2.4840 | TDAbs: 0.1103 | ActorGrad: 0.0291 | CriticGrad: 0.3320 | Noise: 0.1846 | Replay: 50000 | FPS: 18.39 | ETA: 82.6 min
2026-09-20 05:58:11,959 | INFO | Steps: 59392/150000 | Episodes: 116 | LastEpReward: 14.020 | RecentReward: 10.117 | ActorLoss: -2.519945 | CriticLoss: 0.011223 | Q: 2.5080 | TargetQ: 2.5073 | TDAbs: 0.1133 | ActorGrad: 0.0246 | CriticGrad: 0.3655 | Noise: 0.1832 | Replay: 50000 | FPS: 18.41 | ETA: 82.0 min
2026-09-20 05:58:35,690 | INFO | Steps: 59904/150000 | Episodes: 117 | LastEpReward: 5.797 | RecentReward: 9.241 | ActorLoss: -2.540439 | CriticLoss: 0.011335 | Q: 2.5288 | TargetQ: 2.5296 | TDAbs: 0.1137 | ActorGrad: 0.0268 | CriticGrad: 0.4492 | Noise: 0.1817 | Replay: 50000 | FPS: 18.44 | ETA: 81.5 min
2026-09-20 05:58:59,990 | INFO | Steps: 60416/150000 | Episodes: 118 | LastEpReward: 1.677 | RecentReward: 7.613 | ActorLoss: -2.522978 | CriticLoss: 0.010776 | Q: 2.5114 | TargetQ: 2.5111 | TDAbs: 0.1103 | ActorGrad: 0.0244 | CriticGrad: 0.3385 | Noise: 0.1802 | Replay: 50000 | FPS: 18.46 | ETA: 80.9 min
2026-09-20 05:59:24,495 | INFO | Steps: 60928/150000 | Episodes: 119 | LastEpReward: 22.051 | RecentReward: 8.279 | ActorLoss: -2.502480 | CriticLoss: 0.010924 | Q: 2.4902 | TargetQ: 2.4906 | TDAbs: 0.1107 | ActorGrad: 0.0250 | CriticGrad: 0.3434 | Noise: 0.1788 | Replay: 50000 | FPS: 18.47 | ETA: 80.4 min
2026-09-20 05:59:48,788 | INFO | 开始周期评估: Steps=61440 | Episodes=120 | EvalEpisodes=5
2026-09-20 06:00:29,102 | INFO | 周期评估完成: Steps=61440 | MeanReward=16.418 | StdReward=5.177
2026-09-20 06:00:29,112 | INFO | Steps: 61440/150000 | Episodes: 120 | LastEpReward: 7.976 | RecentReward: 8.831 | ActorLoss: -2.507733 | CriticLoss: 0.010093 | Q: 2.4952 | TargetQ: 2.4957 | TDAbs: 0.1083 | ActorGrad: 0.0239 | CriticGrad: 0.3331 | Noise: 0.1773 | Replay: 50000 | FPS: 18.27 | ETA: 80.8 min
2026-09-20 06:00:53,443 | INFO | Steps: 61952/150000 | Episodes: 121 | LastEpReward: 6.655 | RecentReward: 8.817 | ActorLoss: -2.503009 | CriticLoss: 0.010625 | Q: 2.4900 | TargetQ: 2.4896 | TDAbs: 0.1109 | ActorGrad: 0.0237 | CriticGrad: 0.3294 | Noise: 0.1759 | Replay: 50000 | FPS: 18.29 | ETA: 80.2 min
2026-09-20 06:01:17,994 | INFO | Steps: 62464/150000 | Episodes: 122 | LastEpReward: 13.955 | RecentReward: 10.115 | ActorLoss: -2.499622 | CriticLoss: 0.009972 | Q: 2.4882 | TargetQ: 2.4881 | TDAbs: 0.1069 | ActorGrad: 0.0259 | CriticGrad: 0.3081 | Noise: 0.1744 | Replay: 50000 | FPS: 18.31 | ETA: 79.7 min
2026-09-20 06:01:43,198 | INFO | Steps: 62976/150000 | Episodes: 123 | LastEpReward: 20.165 | RecentReward: 11.907 | ActorLoss: -2.473447 | CriticLoss: 0.010156 | Q: 2.4626 | TargetQ: 2.4632 | TDAbs: 0.1082 | ActorGrad: 0.0241 | CriticGrad: 0.3744 | Noise: 0.1729 | Replay: 50000 | FPS: 18.32 | ETA: 79.2 min
2026-09-20 06:02:07,802 | INFO | Steps: 63488/150000 | Episodes: 124 | LastEpReward: 26.339 | RecentReward: 13.766 | ActorLoss: -2.477898 | CriticLoss: 0.010207 | Q: 2.4667 | TargetQ: 2.4665 | TDAbs: 0.1086 | ActorGrad: 0.0288 | CriticGrad: 0.3511 | Noise: 0.1715 | Replay: 50000 | FPS: 18.34 | ETA: 78.6 min
2026-09-20 06:02:31,951 | INFO | Steps: 64000/150000 | Episodes: 125 | LastEpReward: 9.679 | RecentReward: 12.831 | ActorLoss: -2.479609 | CriticLoss: 0.010837 | Q: 2.4691 | TargetQ: 2.4690 | TDAbs: 0.1101 | ActorGrad: 0.0277 | CriticGrad: 0.3523 | Noise: 0.1700 | Replay: 50000 | FPS: 18.36 | ETA: 78.1 min
2026-09-20 06:02:56,189 | INFO | Steps: 64512/150000 | Episodes: 126 | LastEpReward: -2.120 | RecentReward: 11.218 | ActorLoss: -2.454592 | CriticLoss: 0.009969 | Q: 2.4460 | TargetQ: 2.4466 | TDAbs: 0.1079 | ActorGrad: 0.0230 | CriticGrad: 0.3103 | Noise: 0.1685 | Replay: 50000 | FPS: 18.38 | ETA: 77.5 min
2026-09-20 06:03:20,795 | INFO | Steps: 65024/150000 | Episodes: 127 | LastEpReward: 19.200 | RecentReward: 12.558 | ActorLoss: -2.468998 | CriticLoss: 0.010289 | Q: 2.4598 | TargetQ: 2.4603 | TDAbs: 0.1091 | ActorGrad: 0.0242 | CriticGrad: 0.3337 | Noise: 0.1671 | Replay: 50000 | FPS: 18.40 | ETA: 77.0 min
2026-09-20 06:03:45,693 | INFO | Steps: 65536/150000 | Episodes: 128 | LastEpReward: 23.062 | RecentReward: 14.696 | ActorLoss: -2.504905 | CriticLoss: 0.009784 | Q: 2.4966 | TargetQ: 2.4967 | TDAbs: 0.1064 | ActorGrad: 0.0334 | CriticGrad: 0.3002 | Noise: 0.1656 | Replay: 50000 | FPS: 18.41 | ETA: 76.5 min
2026-09-20 06:04:09,820 | INFO | Steps: 66048/150000 | Episodes: 129 | LastEpReward: 17.103 | RecentReward: 14.202 | ActorLoss: -2.489425 | CriticLoss: 0.010007 | Q: 2.4826 | TargetQ: 2.4823 | TDAbs: 0.1075 | ActorGrad: 0.0291 | CriticGrad: 0.3072 | Noise: 0.1641 | Replay: 50000 | FPS: 18.43 | ETA: 75.9 min
2026-09-20 06:04:34,365 | INFO | 开始周期评估: Steps=66560 | Episodes=130 | EvalEpisodes=5
2026-09-20 06:05:14,475 | INFO | 周期评估完成: Steps=66560 | MeanReward=17.709 | StdReward=4.518
2026-09-20 06:05:14,486 | INFO | Steps: 66560/150000 | Episodes: 130 | LastEpReward: 12.959 | RecentReward: 14.700 | ActorLoss: -2.495274 | CriticLoss: 0.010168 | Q: 2.4884 | TargetQ: 2.4881 | TDAbs: 0.1093 | ActorGrad: 0.0327 | CriticGrad: 0.3633 | Noise: 0.1627 | Replay: 50000 | FPS: 18.24 | ETA: 76.2 min
2026-09-20 06:05:38,487 | INFO | Steps: 67072/150000 | Episodes: 131 | LastEpReward: 5.991 | RecentReward: 14.633 | ActorLoss: -2.519479 | CriticLoss: 0.010999 | Q: 2.5040 | TargetQ: 2.5035 | TDAbs: 0.1115 | ActorGrad: 0.0692 | CriticGrad: 0.3467 | Noise: 0.1612 | Replay: 50000 | FPS: 18.26 | ETA: 75.7 min
2026-09-20 06:06:02,787 | INFO | Steps: 67584/150000 | Episodes: 132 | LastEpReward: 13.250 | RecentReward: 14.563 | ActorLoss: -2.535157 | CriticLoss: 0.015507 | Q: 2.5300 | TargetQ: 2.5306 | TDAbs: 0.1332 | ActorGrad: 0.0612 | CriticGrad: 0.3708 | Noise: 0.1598 | Replay: 50000 | FPS: 18.28 | ETA: 75.1 min
2026-09-20 06:06:27,119 | INFO | Steps: 68096/150000 | Episodes: 133 | LastEpReward: -5.244 | RecentReward: 12.022 | ActorLoss: -2.527181 | CriticLoss: 0.016109 | Q: 2.5137 | TargetQ: 2.5148 | TDAbs: 0.1347 | ActorGrad: 0.0515 | CriticGrad: 0.3841 | Noise: 0.1583 | Replay: 50000 | FPS: 18.30 | ETA: 74.6 min
2026-09-20 06:06:51,541 | INFO | Steps: 68608/150000 | Episodes: 134 | LastEpReward: 5.628 | RecentReward: 9.951 | ActorLoss: -2.522544 | CriticLoss: 0.016355 | Q: 2.5227 | TargetQ: 2.5234 | TDAbs: 0.1350 | ActorGrad: 0.0578 | CriticGrad: 0.3897 | Noise: 0.1568 | Replay: 50000 | FPS: 18.32 | ETA: 74.1 min
2026-09-20 06:07:15,864 | INFO | Steps: 69120/150000 | Episodes: 135 | LastEpReward: 10.822 | RecentReward: 10.065 | ActorLoss: -2.533265 | CriticLoss: 0.015866 | Q: 2.5235 | TargetQ: 2.5231 | TDAbs: 0.1312 | ActorGrad: 0.0570 | CriticGrad: 0.3654 | Noise: 0.1554 | Replay: 50000 | FPS: 18.34 | ETA: 73.5 min
2026-09-20 06:07:40,091 | INFO | Steps: 69632/150000 | Episodes: 136 | LastEpReward: 4.950 | RecentReward: 10.772 | ActorLoss: -2.531079 | CriticLoss: 0.016308 | Q: 2.5218 | TargetQ: 2.5215 | TDAbs: 0.1320 | ActorGrad: 0.0524 | CriticGrad: 0.3207 | Noise: 0.1539 | Replay: 50000 | FPS: 18.35 | ETA: 73.0 min
2026-09-20 06:08:05,091 | INFO | Steps: 70144/150000 | Episodes: 137 | LastEpReward: 17.380 | RecentReward: 10.590 | ActorLoss: -2.541700 | CriticLoss: 0.015185 | Q: 2.5334 | TargetQ: 2.5337 | TDAbs: 0.1295 | ActorGrad: 0.0801 | CriticGrad: 0.3519 | Noise: 0.1524 | Replay: 50000 | FPS: 18.37 | ETA: 72.5 min
2026-09-20 06:08:29,615 | INFO | Steps: 70656/150000 | Episodes: 138 | LastEpReward: 13.289 | RecentReward: 9.613 | ActorLoss: -2.537530 | CriticLoss: 0.014605 | Q: 2.5309 | TargetQ: 2.5311 | TDAbs: 0.1274 | ActorGrad: 0.0878 | CriticGrad: 0.3667 | Noise: 0.1510 | Replay: 50000 | FPS: 18.38 | ETA: 71.9 min
2026-09-20 06:08:53,939 | INFO | Steps: 71168/150000 | Episodes: 139 | LastEpReward: 2.190 | RecentReward: 8.122 | ActorLoss: -2.513358 | CriticLoss: 0.013634 | Q: 2.5057 | TargetQ: 2.5062 | TDAbs: 0.1232 | ActorGrad: 0.0846 | CriticGrad: 0.3361 | Noise: 0.1495 | Replay: 50000 | FPS: 18.40 | ETA: 71.4 min
2026-09-20 06:09:18,705 | INFO | 开始周期评估: Steps=71680 | Episodes=140 | EvalEpisodes=5
2026-09-20 06:09:58,850 | INFO | 周期评估完成: Steps=71680 | MeanReward=9.048 | StdReward=6.988
2026-09-20 06:09:58,859 | INFO | Steps: 71680/150000 | Episodes: 140 | LastEpReward: 11.466 | RecentReward: 7.972 | ActorLoss: -2.513838 | CriticLoss: 0.013733 | Q: 2.5061 | TargetQ: 2.5056 | TDAbs: 0.1227 | ActorGrad: 0.0715 | CriticGrad: 0.3436 | Noise: 0.1481 | Replay: 50000 | FPS: 18.23 | ETA: 71.6 min
2026-09-20 06:10:23,486 | INFO | Steps: 72192/150000 | Episodes: 141 | LastEpReward: 7.258 | RecentReward: 8.099 | ActorLoss: -2.532505 | CriticLoss: 0.014576 | Q: 2.5205 | TargetQ: 2.5213 | TDAbs: 0.1282 | ActorGrad: 0.0660 | CriticGrad: 0.3719 | Noise: 0.1466 | Replay: 50000 | FPS: 18.24 | ETA: 71.1 min
2026-09-20 06:10:48,423 | INFO | Steps: 72704/150000 | Episodes: 142 | LastEpReward: 17.853 | RecentReward: 8.559 | ActorLoss: -2.509142 | CriticLoss: 0.014419 | Q: 2.5038 | TargetQ: 2.5033 | TDAbs: 0.1253 | ActorGrad: 0.0686 | CriticGrad: 0.3294 | Noise: 0.1451 | Replay: 50000 | FPS: 18.26 | ETA: 70.6 min
2026-09-20 06:11:12,798 | INFO | Steps: 73216/150000 | Episodes: 143 | LastEpReward: 8.604 | RecentReward: 9.944 | ActorLoss: -2.501230 | CriticLoss: 0.015293 | Q: 2.4943 | TargetQ: 2.4945 | TDAbs: 0.1284 | ActorGrad: 0.0701 | CriticGrad: 0.3599 | Noise: 0.1437 | Replay: 50000 | FPS: 18.27 | ETA: 70.0 min
2026-09-20 06:11:37,336 | INFO | Steps: 73728/150000 | Episodes: 144 | LastEpReward: 14.160 | RecentReward: 10.797 | ActorLoss: -2.503071 | CriticLoss: 0.013859 | Q: 2.5010 | TargetQ: 2.5005 | TDAbs: 0.1241 | ActorGrad: 0.0568 | CriticGrad: 0.3486 | Noise: 0.1422 | Replay: 50000 | FPS: 18.29 | ETA: 69.5 min
2026-09-20 06:12:02,099 | INFO | Steps: 74240/150000 | Episodes: 145 | LastEpReward: 18.025 | RecentReward: 11.517 | ActorLoss: -2.495610 | CriticLoss: 0.013314 | Q: 2.4911 | TargetQ: 2.4917 | TDAbs: 0.1217 | ActorGrad: 0.0134 | CriticGrad: 0.3548 | Noise: 0.1407 | Replay: 50000 | FPS: 18.30 | ETA: 69.0 min
2026-09-20 06:12:26,385 | INFO | Steps: 74752/150000 | Episodes: 146 | LastEpReward: 14.105 | RecentReward: 12.433 | ActorLoss: -2.509990 | CriticLoss: 0.012823 | Q: 2.5047 | TargetQ: 2.5047 | TDAbs: 0.1182 | ActorGrad: 0.0153 | CriticGrad: 0.3516 | Noise: 0.1393 | Replay: 50000 | FPS: 18.32 | ETA: 68.5 min
2026-09-20 06:12:50,799 | INFO | Steps: 75264/150000 | Episodes: 147 | LastEpReward: 22.222 | RecentReward: 12.917 | ActorLoss: -2.490829 | CriticLoss: 0.011626 | Q: 2.4862 | TargetQ: 2.4867 | TDAbs: 0.1133 | ActorGrad: 0.0153 | CriticGrad: 0.2993 | Noise: 0.1378 | Replay: 50000 | FPS: 18.34 | ETA: 67.9 min
2026-09-20 06:13:14,981 | INFO | Steps: 75776/150000 | Episodes: 148 | LastEpReward: 10.570 | RecentReward: 12.645 | ActorLoss: -2.492072 | CriticLoss: 0.011240 | Q: 2.4869 | TargetQ: 2.4873 | TDAbs: 0.1119 | ActorGrad: 0.0137 | CriticGrad: 0.3124 | Noise: 0.1364 | Replay: 50000 | FPS: 18.35 | ETA: 67.4 min
2026-09-20 06:13:39,088 | INFO | Steps: 76288/150000 | Episodes: 149 | LastEpReward: 16.415 | RecentReward: 14.068 | ActorLoss: -2.512446 | CriticLoss: 0.010876 | Q: 2.5064 | TargetQ: 2.5071 | TDAbs: 0.1110 | ActorGrad: 0.0153 | CriticGrad: 0.2837 | Noise: 0.1349 | Replay: 50000 | FPS: 18.37 | ETA: 66.9 min
2026-09-20 06:14:03,469 | INFO | 开始周期评估: Steps=76800 | Episodes=150 | EvalEpisodes=5
2026-09-20 06:14:43,625 | INFO | 周期评估完成: Steps=76800 | MeanReward=17.508 | StdReward=5.363
2026-09-20 06:14:43,635 | INFO | Steps: 76800/150000 | Episodes: 150 | LastEpReward: 16.645 | RecentReward: 14.586 | ActorLoss: -2.495264 | CriticLoss: 0.010546 | Q: 2.4900 | TargetQ: 2.4900 | TDAbs: 0.1100 | ActorGrad: 0.0118 | CriticGrad: 0.3098 | Noise: 0.1334 | Replay: 50000 | FPS: 18.21 | ETA: 67.0 min
2026-09-20 06:15:08,111 | INFO | Steps: 77312/150000 | Episodes: 151 | LastEpReward: 6.279 | RecentReward: 14.488 | ActorLoss: -2.498082 | CriticLoss: 0.010525 | Q: 2.4934 | TargetQ: 2.4931 | TDAbs: 0.1091 | ActorGrad: 0.0121 | CriticGrad: 0.3097 | Noise: 0.1320 | Replay: 50000 | FPS: 18.23 | ETA: 66.5 min
2026-09-20 06:15:32,404 | INFO | Steps: 77824/150000 | Episodes: 152 | LastEpReward: 19.132 | RecentReward: 14.616 | ActorLoss: -2.492481 | CriticLoss: 0.010983 | Q: 2.4877 | TargetQ: 2.4876 | TDAbs: 0.1105 | ActorGrad: 0.0118 | CriticGrad: 0.3505 | Noise: 0.1305 | Replay: 50000 | FPS: 18.24 | ETA: 65.9 min
2026-09-20 06:15:56,904 | INFO | Steps: 78336/150000 | Episodes: 153 | LastEpReward: 18.505 | RecentReward: 15.606 | ActorLoss: -2.504489 | CriticLoss: 0.010431 | Q: 2.4994 | TargetQ: 2.4992 | TDAbs: 0.1095 | ActorGrad: 0.0120 | CriticGrad: 0.3434 | Noise: 0.1290 | Replay: 50000 | FPS: 18.26 | ETA: 65.4 min
2026-09-20 06:16:21,503 | INFO | Steps: 78848/150000 | Episodes: 154 | LastEpReward: 21.667 | RecentReward: 16.357 | ActorLoss: -2.514312 | CriticLoss: 0.009547 | Q: 2.5090 | TargetQ: 2.5088 | TDAbs: 0.1051 | ActorGrad: 0.0116 | CriticGrad: 0.2901 | Noise: 0.1276 | Replay: 50000 | FPS: 18.27 | ETA: 64.9 min
2026-09-20 06:16:46,342 | INFO | Steps: 79360/150000 | Episodes: 155 | LastEpReward: 17.951 | RecentReward: 16.349 | ActorLoss: -2.517015 | CriticLoss: 0.010318 | Q: 2.5008 | TargetQ: 2.5003 | TDAbs: 0.1081 | ActorGrad: 0.0616 | CriticGrad: 0.2872 | Noise: 0.1261 | Replay: 50000 | FPS: 18.29 | ETA: 64.4 min
2026-09-20 06:17:10,584 | INFO | Steps: 79872/150000 | Episodes: 156 | LastEpReward: -0.756 | RecentReward: 14.863 | ActorLoss: -2.529948 | CriticLoss: 0.012724 | Q: 2.5264 | TargetQ: 2.5263 | TDAbs: 0.1197 | ActorGrad: 0.0456 | CriticGrad: 0.3384 | Noise: 0.1247 | Replay: 50000 | FPS: 18.30 | ETA: 63.9 min
2026-09-20 06:17:35,494 | INFO | Steps: 80384/150000 | Episodes: 157 | LastEpReward: 18.991 | RecentReward: 14.540 | ActorLoss: -2.542595 | CriticLoss: 0.011187 | Q: 2.5391 | TargetQ: 2.5400 | TDAbs: 0.1127 | ActorGrad: 0.0246 | CriticGrad: 0.3061 | Noise: 0.1232 | Replay: 50000 | FPS: 18.31 | ETA: 63.4 min
2026-09-20 06:17:59,959 | INFO | Steps: 80896/150000 | Episodes: 158 | LastEpReward: 10.078 | RecentReward: 14.491 | ActorLoss: -2.512864 | CriticLoss: 0.009405 | Q: 2.5081 | TargetQ: 2.5081 | TDAbs: 0.1029 | ActorGrad: 0.0601 | CriticGrad: 0.2743 | Noise: 0.1217 | Replay: 50000 | FPS: 18.33 | ETA: 62.8 min
2026-09-20 06:18:24,766 | INFO | Steps: 81408/150000 | Episodes: 159 | LastEpReward: 14.334 | RecentReward: 14.283 | ActorLoss: -2.524465 | CriticLoss: 0.009520 | Q: 2.5198 | TargetQ: 2.5196 | TDAbs: 0.1034 | ActorGrad: 0.0340 | CriticGrad: 0.2720 | Noise: 0.1203 | Replay: 50000 | FPS: 18.34 | ETA: 62.3 min
2026-09-20 06:18:49,103 | INFO | 开始周期评估: Steps=81920 | Episodes=160 | EvalEpisodes=5
2026-09-20 06:19:29,405 | INFO | 周期评估完成: Steps=81920 | MeanReward=16.578 | StdReward=2.994
2026-09-20 06:19:29,416 | INFO | Steps: 81920/150000 | Episodes: 160 | LastEpReward: 5.801 | RecentReward: 13.198 | ActorLoss: -2.516441 | CriticLoss: 0.009031 | Q: 2.5114 | TargetQ: 2.5114 | TDAbs: 0.1012 | ActorGrad: 0.0340 | CriticGrad: 0.2679 | Noise: 0.1188 | Replay: 50000 | FPS: 18.19 | ETA: 62.4 min
2026-09-20 06:19:53,738 | INFO | Steps: 82432/150000 | Episodes: 161 | LastEpReward: 11.199 | RecentReward: 13.690 | ActorLoss: -2.491188 | CriticLoss: 0.009355 | Q: 2.4848 | TargetQ: 2.4847 | TDAbs: 0.1010 | ActorGrad: 0.0555 | CriticGrad: 0.2588 | Noise: 0.1173 | Replay: 50000 | FPS: 18.21 | ETA: 61.9 min
2026-09-20 06:20:18,639 | INFO | Steps: 82944/150000 | Episodes: 162 | LastEpReward: 21.476 | RecentReward: 13.925 | ActorLoss: -2.505462 | CriticLoss: 0.009512 | Q: 2.4990 | TargetQ: 2.4987 | TDAbs: 0.1040 | ActorGrad: 0.0469 | CriticGrad: 0.3348 | Noise: 0.1159 | Replay: 50000 | FPS: 18.22 | ETA: 61.3 min
2026-09-20 06:20:43,272 | INFO | Steps: 83456/150000 | Episodes: 163 | LastEpReward: 17.562 | RecentReward: 13.830 | ActorLoss: -2.506829 | CriticLoss: 0.009775 | Q: 2.5009 | TargetQ: 2.5004 | TDAbs: 0.1045 | ActorGrad: 0.0629 | CriticGrad: 0.2961 | Noise: 0.1144 | Replay: 50000 | FPS: 18.23 | ETA: 60.8 min
2026-09-20 06:21:08,131 | INFO | Steps: 83968/150000 | Episodes: 164 | LastEpReward: 9.709 | RecentReward: 12.634 | ActorLoss: -2.511084 | CriticLoss: 0.009854 | Q: 2.5049 | TargetQ: 2.5047 | TDAbs: 0.1050 | ActorGrad: 0.0799 | CriticGrad: 0.2901 | Noise: 0.1129 | Replay: 50000 | FPS: 18.25 | ETA: 60.3 min
2026-09-20 06:21:32,436 | INFO | Steps: 84480/150000 | Episodes: 165 | LastEpReward: 8.011 | RecentReward: 11.640 | ActorLoss: -2.501877 | CriticLoss: 0.009773 | Q: 2.4959 | TargetQ: 2.4960 | TDAbs: 0.1052 | ActorGrad: 0.0678 | CriticGrad: 0.2638 | Noise: 0.1115 | Replay: 50000 | FPS: 18.26 | ETA: 59.8 min
2026-09-20 06:21:57,077 | INFO | Steps: 84992/150000 | Episodes: 166 | LastEpReward: 11.742 | RecentReward: 12.890 | ActorLoss: -2.495244 | CriticLoss: 0.009957 | Q: 2.4878 | TargetQ: 2.4883 | TDAbs: 0.1061 | ActorGrad: 0.0698 | CriticGrad: 0.2799 | Noise: 0.1100 | Replay: 50000 | FPS: 18.27 | ETA: 59.3 min
2026-09-20 06:22:21,411 | INFO | Steps: 85504/150000 | Episodes: 167 | LastEpReward: 11.243 | RecentReward: 12.115 | ActorLoss: -2.514367 | CriticLoss: 0.010114 | Q: 2.5053 | TargetQ: 2.5061 | TDAbs: 0.1073 | ActorGrad: 0.0657 | CriticGrad: 0.2778 | Noise: 0.1086 | Replay: 50000 | FPS: 18.29 | ETA: 58.8 min
2026-09-20 06:22:45,441 | INFO | Steps: 86016/150000 | Episodes: 168 | LastEpReward: 4.923 | RecentReward: 11.600 | ActorLoss: -2.503565 | CriticLoss: 0.010026 | Q: 2.4939 | TargetQ: 2.4933 | TDAbs: 0.1070 | ActorGrad: 0.0662 | CriticGrad: 0.2920 | Noise: 0.1071 | Replay: 50000 | FPS: 18.30 | ETA: 58.3 min
2026-09-20 06:23:10,054 | INFO | Steps: 86528/150000 | Episodes: 169 | LastEpReward: 14.415 | RecentReward: 11.608 | ActorLoss: -2.532043 | CriticLoss: 0.010696 | Q: 2.5234 | TargetQ: 2.5224 | TDAbs: 0.1073 | ActorGrad: 0.0664 | CriticGrad: 0.2617 | Noise: 0.1056 | Replay: 50000 | FPS: 18.32 | ETA: 57.8 min
2026-09-20 06:23:34,405 | INFO | 开始周期评估: Steps=87040 | Episodes=170 | EvalEpisodes=5
2026-09-20 06:24:14,389 | INFO | 周期评估完成: Steps=87040 | MeanReward=12.363 | StdReward=2.425
2026-09-20 06:24:14,400 | INFO | Steps: 87040/150000 | Episodes: 170 | LastEpReward: 21.202 | RecentReward: 13.148 | ActorLoss: -2.549893 | CriticLoss: 0.010544 | Q: 2.5407 | TargetQ: 2.5405 | TDAbs: 0.1090 | ActorGrad: 0.0630 | CriticGrad: 0.2921 | Noise: 0.1042 | Replay: 50000 | FPS: 18.18 | ETA: 57.7 min
2026-09-20 06:24:39,007 | INFO | Steps: 87552/150000 | Episodes: 171 | LastEpReward: 15.512 | RecentReward: 13.579 | ActorLoss: -2.541444 | CriticLoss: 0.010438 | Q: 2.5314 | TargetQ: 2.5315 | TDAbs: 0.1097 | ActorGrad: 0.0653 | CriticGrad: 0.2766 | Noise: 0.1027 | Replay: 50000 | FPS: 18.19 | ETA: 57.2 min
2026-09-20 06:25:03,436 | INFO | Steps: 88064/150000 | Episodes: 172 | LastEpReward: 11.490 | RecentReward: 12.581 | ActorLoss: -2.549730 | CriticLoss: 0.010939 | Q: 2.5411 | TargetQ: 2.5414 | TDAbs: 0.1111 | ActorGrad: 0.0600 | CriticGrad: 0.2936 | Noise: 0.1012 | Replay: 50000 | FPS: 18.21 | ETA: 56.7 min
2026-09-20 06:25:27,741 | INFO | Steps: 88576/150000 | Episodes: 173 | LastEpReward: 18.890 | RecentReward: 12.714 | ActorLoss: -2.548148 | CriticLoss: 0.011243 | Q: 2.5390 | TargetQ: 2.5400 | TDAbs: 0.1132 | ActorGrad: 0.0641 | CriticGrad: 0.3176 | Noise: 0.0998 | Replay: 50000 | FPS: 18.22 | ETA: 56.2 min
2026-09-20 06:25:52,721 | INFO | Steps: 89088/150000 | Episodes: 174 | LastEpReward: 11.143 | RecentReward: 12.857 | ActorLoss: -2.519471 | CriticLoss: 0.011734 | Q: 2.5120 | TargetQ: 2.5114 | TDAbs: 0.1137 | ActorGrad: 0.0674 | CriticGrad: 0.3314 | Noise: 0.0983 | Replay: 50000 | FPS: 18.23 | ETA: 55.7 min
2026-09-20 06:26:16,974 | INFO | Steps: 89600/150000 | Episodes: 175 | LastEpReward: 13.053 | RecentReward: 13.361 | ActorLoss: -2.549777 | CriticLoss: 0.011140 | Q: 2.5423 | TargetQ: 2.5424 | TDAbs: 0.1121 | ActorGrad: 0.0598 | CriticGrad: 0.2907 | Noise: 0.0969 | Replay: 50000 | FPS: 18.25 | ETA: 55.2 min
2026-09-20 06:26:41,576 | INFO | Steps: 90112/150000 | Episodes: 176 | LastEpReward: 13.819 | RecentReward: 13.569 | ActorLoss: -2.556394 | CriticLoss: 0.011912 | Q: 2.5488 | TargetQ: 2.5483 | TDAbs: 0.1166 | ActorGrad: 0.0750 | CriticGrad: 0.3649 | Noise: 0.0954 | Replay: 50000 | FPS: 18.26 | ETA: 54.7 min
2026-09-20 06:27:06,378 | INFO | Steps: 90624/150000 | Episodes: 177 | LastEpReward: 6.539 | RecentReward: 13.099 | ActorLoss: -2.554688 | CriticLoss: 0.012456 | Q: 2.5474 | TargetQ: 2.5467 | TDAbs: 0.1168 | ActorGrad: 0.0662 | CriticGrad: 0.3759 | Noise: 0.0939 | Replay: 50000 | FPS: 18.27 | ETA: 54.2 min
2026-09-20 06:27:30,791 | INFO | Steps: 91136/150000 | Episodes: 178 | LastEpReward: 10.966 | RecentReward: 13.703 | ActorLoss: -2.549117 | CriticLoss: 0.011780 | Q: 2.5413 | TargetQ: 2.5414 | TDAbs: 0.1150 | ActorGrad: 0.0820 | CriticGrad: 0.3015 | Noise: 0.0925 | Replay: 50000 | FPS: 18.28 | ETA: 53.7 min
2026-09-20 06:27:55,187 | INFO | Steps: 91648/150000 | Episodes: 179 | LastEpReward: 7.371 | RecentReward: 12.998 | ActorLoss: -2.544386 | CriticLoss: 0.012305 | Q: 2.5378 | TargetQ: 2.5371 | TDAbs: 0.1182 | ActorGrad: 0.0750 | CriticGrad: 0.3186 | Noise: 0.0910 | Replay: 50000 | FPS: 18.30 | ETA: 53.2 min
2026-09-20 06:28:19,693 | INFO | 开始周期评估: Steps=92160 | Episodes=180 | EvalEpisodes=5
2026-09-20 06:28:59,936 | INFO | 周期评估完成: Steps=92160 | MeanReward=10.504 | StdReward=3.544
2026-09-20 06:28:59,946 | INFO | Steps: 92160/150000 | Episodes: 180 | LastEpReward: 15.824 | RecentReward: 12.461 | ActorLoss: -2.532288 | CriticLoss: 0.013851 | Q: 2.5227 | TargetQ: 2.5229 | TDAbs: 0.1216 | ActorGrad: 0.0695 | CriticGrad: 0.4163 | Noise: 0.0895 | Replay: 50000 | FPS: 18.16 | ETA: 53.1 min
2026-09-20 06:29:24,528 | INFO | Steps: 92672/150000 | Episodes: 181 | LastEpReward: 12.766 | RecentReward: 12.186 | ActorLoss: -2.543427 | CriticLoss: 0.013009 | Q: 2.5346 | TargetQ: 2.5346 | TDAbs: 0.1202 | ActorGrad: 0.0799 | CriticGrad: 0.3485 | Noise: 0.0881 | Replay: 50000 | FPS: 18.18 | ETA: 52.6 min
2026-09-20 06:29:49,059 | INFO | Steps: 93184/150000 | Episodes: 182 | LastEpReward: 9.102 | RecentReward: 11.947 | ActorLoss: -2.574425 | CriticLoss: 0.014162 | Q: 2.5626 | TargetQ: 2.5628 | TDAbs: 0.1240 | ActorGrad: 0.0765 | CriticGrad: 0.3810 | Noise: 0.0866 | Replay: 50000 | FPS: 18.19 | ETA: 52.1 min
2026-09-20 06:30:13,353 | INFO | Steps: 93696/150000 | Episodes: 183 | LastEpReward: 9.297 | RecentReward: 10.988 | ActorLoss: -2.538570 | CriticLoss: 0.013760 | Q: 2.5269 | TargetQ: 2.5267 | TDAbs: 0.1225 | ActorGrad: 0.0805 | CriticGrad: 0.3694 | Noise: 0.0852 | Replay: 50000 | FPS: 18.20 | ETA: 51.5 min
2026-09-20 06:30:37,842 | INFO | Steps: 94208/150000 | Episodes: 184 | LastEpReward: 9.167 | RecentReward: 10.790 | ActorLoss: -2.556673 | CriticLoss: 0.014415 | Q: 2.5448 | TargetQ: 2.5448 | TDAbs: 0.1246 | ActorGrad: 0.0861 | CriticGrad: 0.3955 | Noise: 0.0837 | Replay: 50000 | FPS: 18.22 | ETA: 51.0 min
2026-09-20 06:31:02,219 | INFO | Steps: 94720/150000 | Episodes: 185 | LastEpReward: 0.897 | RecentReward: 9.575 | ActorLoss: -2.535123 | CriticLoss: 0.014530 | Q: 2.5258 | TargetQ: 2.5261 | TDAbs: 0.1254 | ActorGrad: 0.0684 | CriticGrad: 0.3935 | Noise: 0.0822 | Replay: 50000 | FPS: 18.23 | ETA: 50.5 min
2026-09-20 06:31:26,662 | INFO | Steps: 95232/150000 | Episodes: 186 | LastEpReward: 8.138 | RecentReward: 9.007 | ActorLoss: -2.526863 | CriticLoss: 0.014084 | Q: 2.5160 | TargetQ: 2.5160 | TDAbs: 0.1242 | ActorGrad: 0.0841 | CriticGrad: 0.3740 | Noise: 0.0808 | Replay: 50000 | FPS: 18.24 | ETA: 50.0 min
2026-09-20 06:31:50,891 | INFO | Steps: 95744/150000 | Episodes: 187 | LastEpReward: 9.244 | RecentReward: 9.277 | ActorLoss: -2.543753 | CriticLoss: 0.014544 | Q: 2.5351 | TargetQ: 2.5360 | TDAbs: 0.1265 | ActorGrad: 0.0736 | CriticGrad: 0.3975 | Noise: 0.0793 | Replay: 50000 | FPS: 18.26 | ETA: 49.5 min
2026-09-20 06:32:15,929 | INFO | Steps: 96256/150000 | Episodes: 188 | LastEpReward: 15.172 | RecentReward: 9.698 | ActorLoss: -2.532952 | CriticLoss: 0.013703 | Q: 2.5220 | TargetQ: 2.5217 | TDAbs: 0.1246 | ActorGrad: 0.0857 | CriticGrad: 0.3756 | Noise: 0.0778 | Replay: 50000 | FPS: 18.27 | ETA: 49.0 min
2026-09-20 06:32:40,044 | INFO | Steps: 96768/150000 | Episodes: 189 | LastEpReward: 8.879 | RecentReward: 9.849 | ActorLoss: -2.581991 | CriticLoss: 0.014518 | Q: 2.5712 | TargetQ: 2.5722 | TDAbs: 0.1263 | ActorGrad: 0.0827 | CriticGrad: 0.4153 | Noise: 0.0764 | Replay: 50000 | FPS: 18.28 | ETA: 48.5 min
2026-09-20 06:33:04,408 | INFO | 开始周期评估: Steps=97280 | Episodes=190 | EvalEpisodes=5
2026-09-20 06:33:44,513 | INFO | 周期评估完成: Steps=97280 | MeanReward=9.296 | StdReward=4.398
2026-09-20 06:33:44,523 | INFO | Steps: 97280/150000 | Episodes: 190 | LastEpReward: 4.803 | RecentReward: 8.746 | ActorLoss: -2.598292 | CriticLoss: 0.014276 | Q: 2.5878 | TargetQ: 2.5877 | TDAbs: 0.1254 | ActorGrad: 0.0827 | CriticGrad: 0.4132 | Noise: 0.0749 | Replay: 50000 | FPS: 18.16 | ETA: 48.4 min
2026-09-20 06:34:08,765 | INFO | Steps: 97792/150000 | Episodes: 191 | LastEpReward: 2.786 | RecentReward: 7.748 | ActorLoss: -2.590170 | CriticLoss: 0.014793 | Q: 2.5803 | TargetQ: 2.5799 | TDAbs: 0.1258 | ActorGrad: 0.0873 | CriticGrad: 0.3836 | Noise: 0.0735 | Replay: 50000 | FPS: 18.17 | ETA: 47.9 min
2026-09-20 06:34:33,291 | INFO | Steps: 98304/150000 | Episodes: 192 | LastEpReward: -0.547 | RecentReward: 6.784 | ActorLoss: -2.588530 | CriticLoss: 0.015370 | Q: 2.5781 | TargetQ: 2.5780 | TDAbs: 0.1289 | ActorGrad: 0.0783 | CriticGrad: 0.4346 | Noise: 0.0720 | Replay: 50000 | FPS: 18.18 | ETA: 47.4 min
2026-09-20 06:34:57,645 | INFO | Steps: 98816/150000 | Episodes: 193 | LastEpReward: 12.450 | RecentReward: 7.099 | ActorLoss: -2.602196 | CriticLoss: 0.015155 | Q: 2.5936 | TargetQ: 2.5929 | TDAbs: 0.1278 | ActorGrad: 0.0698 | CriticGrad: 0.4269 | Noise: 0.0705 | Replay: 50000 | FPS: 18.19 | ETA: 46.9 min
2026-09-20 06:35:22,341 | INFO | Steps: 99328/150000 | Episodes: 194 | LastEpReward: 6.393 | RecentReward: 6.822 | ActorLoss: -2.555652 | CriticLoss: 0.015569 | Q: 2.5498 | TargetQ: 2.5491 | TDAbs: 0.1299 | ActorGrad: 0.0749 | CriticGrad: 0.4328 | Noise: 0.0691 | Replay: 50000 | FPS: 18.21 | ETA: 46.4 min
2026-09-20 06:35:46,839 | INFO | Steps: 99840/150000 | Episodes: 195 | LastEpReward: 13.884 | RecentReward: 8.120 | ActorLoss: -2.525941 | CriticLoss: 0.013966 | Q: 2.5195 | TargetQ: 2.5192 | TDAbs: 0.1231 | ActorGrad: 0.0762 | CriticGrad: 0.3876 | Noise: 0.0676 | Replay: 50000 | FPS: 18.22 | ETA: 45.9 min
2026-09-20 06:36:11,256 | INFO | Steps: 100352/150000 | Episodes: 196 | LastEpReward: 6.820 | RecentReward: 7.988 | ActorLoss: -2.528485 | CriticLoss: 0.015195 | Q: 2.5217 | TargetQ: 2.5209 | TDAbs: 0.1288 | ActorGrad: 0.0878 | CriticGrad: 0.3933 | Noise: 0.0661 | Replay: 50000 | FPS: 18.23 | ETA: 45.4 min
2026-09-20 06:36:35,529 | INFO | Steps: 100864/150000 | Episodes: 197 | LastEpReward: 2.755 | RecentReward: 7.340 | ActorLoss: -2.486919 | CriticLoss: 0.015986 | Q: 2.4800 | TargetQ: 2.4796 | TDAbs: 0.1306 | ActorGrad: 0.0755 | CriticGrad: 0.4136 | Noise: 0.0647 | Replay: 50000 | FPS: 18.24 | ETA: 44.9 min
2026-09-20 06:37:00,264 | INFO | Steps: 101376/150000 | Episodes: 198 | LastEpReward: 5.244 | RecentReward: 6.347 | ActorLoss: -2.472380 | CriticLoss: 0.015509 | Q: 2.4660 | TargetQ: 2.4662 | TDAbs: 0.1289 | ActorGrad: 0.0744 | CriticGrad: 0.4359 | Noise: 0.0632 | Replay: 50000 | FPS: 18.25 | ETA: 44.4 min
2026-09-20 06:37:24,442 | INFO | Steps: 101888/150000 | Episodes: 199 | LastEpReward: 5.763 | RecentReward: 6.035 | ActorLoss: -2.496242 | CriticLoss: 0.015601 | Q: 2.4886 | TargetQ: 2.4892 | TDAbs: 0.1300 | ActorGrad: 0.0787 | CriticGrad: 0.4537 | Noise: 0.0617 | Replay: 50000 | FPS: 18.27 | ETA: 43.9 min
2026-09-20 06:37:48,854 | INFO | 开始周期评估: Steps=102400 | Episodes=200 | EvalEpisodes=5
2026-09-20 06:38:29,154 | INFO | 周期评估完成: Steps=102400 | MeanReward=10.169 | StdReward=4.116
2026-09-20 06:38:29,163 | INFO | Steps: 102400/150000 | Episodes: 200 | LastEpReward: 8.304 | RecentReward: 6.385 | ActorLoss: -2.487225 | CriticLoss: 0.016513 | Q: 2.4803 | TargetQ: 2.4803 | TDAbs: 0.1315 | ActorGrad: 0.0719 | CriticGrad: 0.4622 | Noise: 0.0603 | Replay: 50000 | FPS: 18.15 | ETA: 43.7 min
2026-09-20 06:38:53,436 | INFO | Steps: 102912/150000 | Episodes: 201 | LastEpReward: 1.337 | RecentReward: 6.240 | ActorLoss: -2.473146 | CriticLoss: 0.016493 | Q: 2.4664 | TargetQ: 2.4656 | TDAbs: 0.1312 | ActorGrad: 0.0825 | CriticGrad: 0.4299 | Noise: 0.0588 | Replay: 50000 | FPS: 18.16 | ETA: 43.2 min
2026-09-20 06:39:17,722 | INFO | Steps: 103424/150000 | Episodes: 202 | LastEpReward: 8.982 | RecentReward: 7.193 | ActorLoss: -2.426952 | CriticLoss: 0.016291 | Q: 2.4188 | TargetQ: 2.4176 | TDAbs: 0.1292 | ActorGrad: 0.0760 | CriticGrad: 0.4391 | Noise: 0.0574 | Replay: 50000 | FPS: 18.17 | ETA: 42.7 min
2026-09-20 06:39:42,281 | INFO | Steps: 103936/150000 | Episodes: 203 | LastEpReward: 12.735 | RecentReward: 7.222 | ActorLoss: -2.456847 | CriticLoss: 0.015340 | Q: 2.4502 | TargetQ: 2.4505 | TDAbs: 0.1286 | ActorGrad: 0.0716 | CriticGrad: 0.4601 | Noise: 0.0559 | Replay: 50000 | FPS: 18.18 | ETA: 42.2 min
2026-09-20 06:40:06,501 | INFO | Steps: 104448/150000 | Episodes: 204 | LastEpReward: 12.357 | RecentReward: 7.818 | ActorLoss: -2.414735 | CriticLoss: 0.015324 | Q: 2.4081 | TargetQ: 2.4077 | TDAbs: 0.1280 | ActorGrad: 0.0815 | CriticGrad: 0.3861 | Noise: 0.0544 | Replay: 50000 | FPS: 18.20 | ETA: 41.7 min
2026-09-20 06:40:31,378 | INFO | Steps: 104960/150000 | Episodes: 205 | LastEpReward: 14.820 | RecentReward: 7.912 | ActorLoss: -2.389535 | CriticLoss: 0.016045 | Q: 2.3829 | TargetQ: 2.3836 | TDAbs: 0.1302 | ActorGrad: 0.0544 | CriticGrad: 0.4291 | Noise: 0.0530 | Replay: 50000 | FPS: 18.21 | ETA: 41.2 min
2026-09-20 06:40:55,944 | INFO | Steps: 105472/150000 | Episodes: 206 | LastEpReward: 10.738 | RecentReward: 8.303 | ActorLoss: -2.441355 | CriticLoss: 0.014150 | Q: 2.4345 | TargetQ: 2.4341 | TDAbs: 0.1237 | ActorGrad: 0.0692 | CriticGrad: 0.3903 | Noise: 0.0515 | Replay: 50000 | FPS: 18.22 | ETA: 40.7 min
2026-09-20 06:41:20,996 | INFO | Steps: 105984/150000 | Episodes: 207 | LastEpReward: 11.393 | RecentReward: 9.167 | ActorLoss: -2.415633 | CriticLoss: 0.015368 | Q: 2.4096 | TargetQ: 2.4101 | TDAbs: 0.1285 | ActorGrad: 0.0742 | CriticGrad: 0.4398 | Noise: 0.0500 | Replay: 50000 | FPS: 18.23 | ETA: 40.2 min
2026-09-20 06:41:45,626 | INFO | Steps: 106496/150000 | Episodes: 208 | LastEpReward: 14.768 | RecentReward: 10.120 | ActorLoss: -2.440363 | CriticLoss: 0.013644 | Q: 2.4323 | TargetQ: 2.4320 | TDAbs: 0.1227 | ActorGrad: 0.0685 | CriticGrad: 0.3929 | Noise: 0.0500 | Replay: 50000 | FPS: 18.24 | ETA: 39.8 min
2026-09-20 06:42:09,796 | INFO | Steps: 107008/150000 | Episodes: 209 | LastEpReward: 12.993 | RecentReward: 10.843 | ActorLoss: -2.459231 | CriticLoss: 0.015138 | Q: 2.4521 | TargetQ: 2.4525 | TDAbs: 0.1263 | ActorGrad: 0.0627 | CriticGrad: 0.4197 | Noise: 0.0500 | Replay: 50000 | FPS: 18.25 | ETA: 39.3 min
2026-09-20 06:42:33,718 | INFO | 开始周期评估: Steps=107520 | Episodes=210 | EvalEpisodes=5
2026-09-20 06:43:14,139 | INFO | 周期评估完成: Steps=107520 | MeanReward=10.161 | StdReward=4.026
2026-09-20 06:43:14,148 | INFO | Steps: 107520/150000 | Episodes: 210 | LastEpReward: 7.745 | RecentReward: 10.787 | ActorLoss: -2.444471 | CriticLoss: 0.014435 | Q: 2.4374 | TargetQ: 2.4372 | TDAbs: 0.1255 | ActorGrad: 0.0665 | CriticGrad: 0.3734 | Noise: 0.0500 | Replay: 50000 | FPS: 18.14 | ETA: 39.0 min
2026-09-20 06:43:38,265 | INFO | Steps: 108032/150000 | Episodes: 211 | LastEpReward: 5.281 | RecentReward: 11.181 | ActorLoss: -2.439967 | CriticLoss: 0.014634 | Q: 2.4332 | TargetQ: 2.4336 | TDAbs: 0.1244 | ActorGrad: 0.0575 | CriticGrad: 0.3956 | Noise: 0.0500 | Replay: 50000 | FPS: 18.15 | ETA: 38.5 min
2026-09-20 06:44:02,303 | INFO | Steps: 108544/150000 | Episodes: 212 | LastEpReward: 9.154 | RecentReward: 11.198 | ActorLoss: -2.444088 | CriticLoss: 0.013755 | Q: 2.4373 | TargetQ: 2.4373 | TDAbs: 0.1211 | ActorGrad: 0.0640 | CriticGrad: 0.3661 | Noise: 0.0500 | Replay: 50000 | FPS: 18.16 | ETA: 38.0 min
2026-09-20 06:44:27,086 | INFO | Steps: 109056/150000 | Episodes: 213 | LastEpReward: 15.712 | RecentReward: 11.496 | ActorLoss: -2.392568 | CriticLoss: 0.014786 | Q: 2.3846 | TargetQ: 2.3847 | TDAbs: 0.1249 | ActorGrad: 0.0680 | CriticGrad: 0.4278 | Noise: 0.0500 | Replay: 50000 | FPS: 18.17 | ETA: 37.5 min
2026-09-20 06:44:50,899 | INFO | Steps: 109568/150000 | Episodes: 214 | LastEpReward: 9.770 | RecentReward: 11.237 | ActorLoss: -2.401113 | CriticLoss: 0.013440 | Q: 2.3937 | TargetQ: 2.3932 | TDAbs: 0.1217 | ActorGrad: 0.0663 | CriticGrad: 0.3848 | Noise: 0.0500 | Replay: 50000 | FPS: 18.19 | ETA: 37.1 min
2026-09-20 06:45:15,345 | INFO | Steps: 110080/150000 | Episodes: 215 | LastEpReward: 17.128 | RecentReward: 11.468 | ActorLoss: -2.401283 | CriticLoss: 0.014463 | Q: 2.3947 | TargetQ: 2.3948 | TDAbs: 0.1245 | ActorGrad: 0.0607 | CriticGrad: 0.3903 | Noise: 0.0500 | Replay: 50000 | FPS: 18.20 | ETA: 36.6 min
2026-09-20 06:45:39,654 | INFO | Steps: 110592/150000 | Episodes: 216 | LastEpReward: 4.500 | RecentReward: 10.844 | ActorLoss: -2.390956 | CriticLoss: 0.014267 | Q: 2.3837 | TargetQ: 2.3832 | TDAbs: 0.1232 | ActorGrad: 0.0646 | CriticGrad: 0.4312 | Noise: 0.0500 | Replay: 50000 | FPS: 18.21 | ETA: 36.1 min
2026-09-20 06:46:03,981 | INFO | Steps: 111104/150000 | Episodes: 217 | LastEpReward: 14.122 | RecentReward: 11.117 | ActorLoss: -2.398312 | CriticLoss: 0.013352 | Q: 2.3918 | TargetQ: 2.3909 | TDAbs: 0.1208 | ActorGrad: 0.0594 | CriticGrad: 0.3742 | Noise: 0.0500 | Replay: 50000 | FPS: 18.22 | ETA: 35.6 min
2026-09-20 06:46:28,616 | INFO | Steps: 111616/150000 | Episodes: 218 | LastEpReward: 14.796 | RecentReward: 11.120 | ActorLoss: -2.386721 | CriticLoss: 0.014069 | Q: 2.3809 | TargetQ: 2.3812 | TDAbs: 0.1225 | ActorGrad: 0.0611 | CriticGrad: 0.4280 | Noise: 0.0500 | Replay: 50000 | FPS: 18.23 | ETA: 35.1 min
2026-09-20 06:46:53,026 | INFO | Steps: 112128/150000 | Episodes: 219 | LastEpReward: 5.070 | RecentReward: 10.328 | ActorLoss: -2.367069 | CriticLoss: 0.014597 | Q: 2.3614 | TargetQ: 2.3604 | TDAbs: 0.1214 | ActorGrad: 0.0544 | CriticGrad: 0.3798 | Noise: 0.0500 | Replay: 50000 | FPS: 18.24 | ETA: 34.6 min
2026-09-20 06:47:17,291 | INFO | 开始周期评估: Steps=112640 | Episodes=220 | EvalEpisodes=5
2026-09-20 06:47:57,384 | INFO | 周期评估完成: Steps=112640 | MeanReward=11.003 | StdReward=3.396
2026-09-20 06:47:57,394 | INFO | Steps: 112640/150000 | Episodes: 220 | LastEpReward: 6.329 | RecentReward: 10.186 | ActorLoss: -2.353702 | CriticLoss: 0.013734 | Q: 2.3490 | TargetQ: 2.3491 | TDAbs: 0.1203 | ActorGrad: 0.0647 | CriticGrad: 0.3967 | Noise: 0.0500 | Replay: 50000 | FPS: 18.14 | ETA: 34.3 min
2026-09-20 06:48:21,691 | INFO | Steps: 113152/150000 | Episodes: 221 | LastEpReward: 7.970 | RecentReward: 10.455 | ActorLoss: -2.311108 | CriticLoss: 0.013178 | Q: 2.3068 | TargetQ: 2.3077 | TDAbs: 0.1203 | ActorGrad: 0.0541 | CriticGrad: 0.3779 | Noise: 0.0500 | Replay: 50000 | FPS: 18.15 | ETA: 33.8 min
2026-09-20 06:48:45,999 | INFO | Steps: 113664/150000 | Episodes: 222 | LastEpReward: 4.454 | RecentReward: 9.985 | ActorLoss: -2.308381 | CriticLoss: 0.013304 | Q: 2.3038 | TargetQ: 2.3042 | TDAbs: 0.1196 | ActorGrad: 0.0550 | CriticGrad: 0.3719 | Noise: 0.0500 | Replay: 50000 | FPS: 18.16 | ETA: 33.4 min
2026-09-20 06:49:10,600 | INFO | Steps: 114176/150000 | Episodes: 223 | LastEpReward: 16.686 | RecentReward: 10.082 | ActorLoss: -2.273848 | CriticLoss: 0.011377 | Q: 2.2697 | TargetQ: 2.2693 | TDAbs: 0.1135 | ActorGrad: 0.0484 | CriticGrad: 0.3192 | Noise: 0.0500 | Replay: 50000 | FPS: 18.17 | ETA: 32.9 min
2026-09-20 06:49:35,480 | INFO | Steps: 114688/150000 | Episodes: 224 | LastEpReward: 12.066 | RecentReward: 10.312 | ActorLoss: -2.274618 | CriticLoss: 0.011965 | Q: 2.2708 | TargetQ: 2.2716 | TDAbs: 0.1144 | ActorGrad: 0.0443 | CriticGrad: 0.3475 | Noise: 0.0500 | Replay: 50000 | FPS: 18.18 | ETA: 32.4 min
2026-09-20 06:49:59,778 | INFO | Steps: 115200/150000 | Episodes: 225 | LastEpReward: 10.203 | RecentReward: 9.620 | ActorLoss: -2.257049 | CriticLoss: 0.013284 | Q: 2.2523 | TargetQ: 2.2523 | TDAbs: 0.1171 | ActorGrad: 0.0478 | CriticGrad: 0.3534 | Noise: 0.0500 | Replay: 50000 | FPS: 18.19 | ETA: 31.9 min
2026-09-20 06:50:24,090 | INFO | Steps: 115712/150000 | Episodes: 226 | LastEpReward: 17.445 | RecentReward: 10.914 | ActorLoss: -2.247360 | CriticLoss: 0.011796 | Q: 2.2434 | TargetQ: 2.2436 | TDAbs: 0.1130 | ActorGrad: 0.0451 | CriticGrad: 0.3564 | Noise: 0.0500 | Replay: 50000 | FPS: 18.20 | ETA: 31.4 min
2026-09-20 06:50:48,390 | INFO | Steps: 116224/150000 | Episodes: 227 | LastEpReward: 2.444 | RecentReward: 9.746 | ActorLoss: -2.258840 | CriticLoss: 0.012375 | Q: 2.2554 | TargetQ: 2.2556 | TDAbs: 0.1147 | ActorGrad: 0.0463 | CriticGrad: 0.3866 | Noise: 0.0500 | Replay: 50000 | FPS: 18.21 | ETA: 30.9 min
2026-09-20 06:51:12,812 | INFO | Steps: 116736/150000 | Episodes: 228 | LastEpReward: 11.886 | RecentReward: 9.455 | ActorLoss: -2.209358 | CriticLoss: 0.011055 | Q: 2.2054 | TargetQ: 2.2049 | TDAbs: 0.1100 | ActorGrad: 0.0563 | CriticGrad: 0.3248 | Noise: 0.0500 | Replay: 50000 | FPS: 18.22 | ETA: 30.4 min
2026-09-20 06:51:37,518 | INFO | Steps: 117248/150000 | Episodes: 229 | LastEpReward: 12.538 | RecentReward: 10.202 | ActorLoss: -2.234707 | CriticLoss: 0.011398 | Q: 2.2310 | TargetQ: 2.2314 | TDAbs: 0.1105 | ActorGrad: 0.0437 | CriticGrad: 0.3189 | Noise: 0.0500 | Replay: 50000 | FPS: 18.23 | ETA: 29.9 min
2026-09-20 06:52:01,704 | INFO | 开始周期评估: Steps=117760 | Episodes=230 | EvalEpisodes=5
2026-09-20 06:52:41,752 | INFO | 周期评估完成: Steps=117760 | MeanReward=12.802 | StdReward=2.943
2026-09-20 06:52:41,761 | INFO | Steps: 117760/150000 | Episodes: 230 | LastEpReward: 9.411 | RecentReward: 10.510 | ActorLoss: -2.230612 | CriticLoss: 0.011303 | Q: 2.2272 | TargetQ: 2.2272 | TDAbs: 0.1104 | ActorGrad: 0.0409 | CriticGrad: 0.3373 | Noise: 0.0500 | Replay: 50000 | FPS: 18.13 | ETA: 29.6 min
2026-09-20 06:53:05,989 | INFO | Steps: 118272/150000 | Episodes: 231 | LastEpReward: 12.923 | RecentReward: 11.006 | ActorLoss: -2.205823 | CriticLoss: 0.011082 | Q: 2.2018 | TargetQ: 2.2019 | TDAbs: 0.1104 | ActorGrad: 0.0422 | CriticGrad: 0.3499 | Noise: 0.0500 | Replay: 50000 | FPS: 18.14 | ETA: 29.1 min
2026-09-20 06:53:30,617 | INFO | Steps: 118784/150000 | Episodes: 232 | LastEpReward: 1.050 | RecentReward: 10.665 | ActorLoss: -2.198179 | CriticLoss: 0.011110 | Q: 2.1952 | TargetQ: 2.1948 | TDAbs: 0.1089 | ActorGrad: 0.0477 | CriticGrad: 0.3519 | Noise: 0.0500 | Replay: 50000 | FPS: 18.15 | ETA: 28.7 min
2026-09-20 06:53:55,068 | INFO | Steps: 119296/150000 | Episodes: 233 | LastEpReward: 4.924 | RecentReward: 9.489 | ActorLoss: -2.187722 | CriticLoss: 0.010876 | Q: 2.1861 | TargetQ: 2.1857 | TDAbs: 0.1089 | ActorGrad: 0.0437 | CriticGrad: 0.3057 | Noise: 0.0500 | Replay: 50000 | FPS: 18.16 | ETA: 28.2 min
2026-09-20 06:54:20,012 | INFO | Steps: 119808/150000 | Episodes: 234 | LastEpReward: 18.459 | RecentReward: 10.128 | ActorLoss: -2.170601 | CriticLoss: 0.011347 | Q: 2.1677 | TargetQ: 2.1669 | TDAbs: 0.1079 | ActorGrad: 0.0453 | CriticGrad: 0.3125 | Noise: 0.0500 | Replay: 50000 | FPS: 18.17 | ETA: 27.7 min
2026-09-20 06:54:44,341 | INFO | Steps: 120320/150000 | Episodes: 235 | LastEpReward: 11.941 | RecentReward: 10.302 | ActorLoss: -2.170487 | CriticLoss: 0.011152 | Q: 2.1689 | TargetQ: 2.1678 | TDAbs: 0.1087 | ActorGrad: 0.0426 | CriticGrad: 0.3137 | Noise: 0.0500 | Replay: 50000 | FPS: 18.18 | ETA: 27.2 min
2026-09-20 06:55:08,861 | INFO | Steps: 120832/150000 | Episodes: 236 | LastEpReward: 15.431 | RecentReward: 10.101 | ActorLoss: -2.169578 | CriticLoss: 0.011437 | Q: 2.1692 | TargetQ: 2.1680 | TDAbs: 0.1090 | ActorGrad: 0.0449 | CriticGrad: 0.3514 | Noise: 0.0500 | Replay: 50000 | FPS: 18.19 | ETA: 26.7 min
2026-09-20 06:55:33,385 | INFO | Steps: 121344/150000 | Episodes: 237 | LastEpReward: 12.944 | RecentReward: 11.151 | ActorLoss: -2.164308 | CriticLoss: 0.010282 | Q: 2.1622 | TargetQ: 2.1625 | TDAbs: 0.1064 | ActorGrad: 0.0407 | CriticGrad: 0.3168 | Noise: 0.0500 | Replay: 50000 | FPS: 18.20 | ETA: 26.2 min
2026-09-20 06:55:57,880 | INFO | Steps: 121856/150000 | Episodes: 238 | LastEpReward: 13.284 | RecentReward: 11.291 | ActorLoss: -2.140773 | CriticLoss: 0.010352 | Q: 2.1396 | TargetQ: 2.1394 | TDAbs: 0.1065 | ActorGrad: 0.0434 | CriticGrad: 0.3287 | Noise: 0.0500 | Replay: 50000 | FPS: 18.21 | ETA: 25.8 min
2026-09-20 06:56:22,607 | INFO | Steps: 122368/150000 | Episodes: 239 | LastEpReward: 18.431 | RecentReward: 11.880 | ActorLoss: -2.123300 | CriticLoss: 0.009929 | Q: 2.1223 | TargetQ: 2.1216 | TDAbs: 0.1046 | ActorGrad: 0.0384 | CriticGrad: 0.2916 | Noise: 0.0500 | Replay: 50000 | FPS: 18.22 | ETA: 25.3 min
2026-09-20 06:56:47,030 | INFO | 开始周期评估: Steps=122880 | Episodes=240 | EvalEpisodes=5
2026-09-20 06:57:26,929 | INFO | 周期评估完成: Steps=122880 | MeanReward=12.588 | StdReward=2.551
2026-09-20 06:57:26,939 | INFO | Steps: 122880/150000 | Episodes: 240 | LastEpReward: 19.282 | RecentReward: 12.867 | ActorLoss: -2.097282 | CriticLoss: 0.010212 | Q: 2.0956 | TargetQ: 2.0958 | TDAbs: 0.1050 | ActorGrad: 0.0413 | CriticGrad: 0.3069 | Noise: 0.0500 | Replay: 50000 | FPS: 18.12 | ETA: 24.9 min
2026-09-20 06:57:51,470 | INFO | Steps: 123392/150000 | Episodes: 241 | LastEpReward: 5.643 | RecentReward: 12.139 | ActorLoss: -2.092330 | CriticLoss: 0.010098 | Q: 2.0906 | TargetQ: 2.0903 | TDAbs: 0.1040 | ActorGrad: 0.0364 | CriticGrad: 0.3117 | Noise: 0.0500 | Replay: 50000 | FPS: 18.13 | ETA: 24.5 min
2026-09-20 06:58:15,772 | INFO | Steps: 123904/150000 | Episodes: 242 | LastEpReward: 16.689 | RecentReward: 13.703 | ActorLoss: -2.063827 | CriticLoss: 0.009625 | Q: 2.0622 | TargetQ: 2.0627 | TDAbs: 0.1034 | ActorGrad: 0.0366 | CriticGrad: 0.2994 | Noise: 0.0500 | Replay: 50000 | FPS: 18.14 | ETA: 24.0 min
2026-09-20 06:58:39,978 | INFO | Steps: 124416/150000 | Episodes: 243 | LastEpReward: 10.267 | RecentReward: 14.237 | ActorLoss: -2.080848 | CriticLoss: 0.009130 | Q: 2.0795 | TargetQ: 2.0789 | TDAbs: 0.1016 | ActorGrad: 0.0329 | CriticGrad: 0.2751 | Noise: 0.0500 | Replay: 50000 | FPS: 18.15 | ETA: 23.5 min
2026-09-20 06:59:04,566 | INFO | Steps: 124928/150000 | Episodes: 244 | LastEpReward: 8.356 | RecentReward: 13.227 | ActorLoss: -2.088947 | CriticLoss: 0.010170 | Q: 2.0882 | TargetQ: 2.0870 | TDAbs: 0.1036 | ActorGrad: 0.0408 | CriticGrad: 0.2984 | Noise: 0.0500 | Replay: 50000 | FPS: 18.16 | ETA: 23.0 min
2026-09-20 06:59:28,887 | INFO | Steps: 125440/150000 | Episodes: 245 | LastEpReward: 14.203 | RecentReward: 13.453 | ActorLoss: -2.062967 | CriticLoss: 0.009883 | Q: 2.0613 | TargetQ: 2.0611 | TDAbs: 0.1027 | ActorGrad: 0.0379 | CriticGrad: 0.2971 | Noise: 0.0500 | Replay: 50000 | FPS: 18.17 | ETA: 22.5 min
2026-09-20 06:59:53,410 | INFO | Steps: 125952/150000 | Episodes: 246 | LastEpReward: 21.995 | RecentReward: 14.109 | ActorLoss: -2.003979 | CriticLoss: 0.009584 | Q: 2.0027 | TargetQ: 2.0023 | TDAbs: 0.1023 | ActorGrad: 0.0339 | CriticGrad: 0.2719 | Noise: 0.0500 | Replay: 50000 | FPS: 18.18 | ETA: 22.0 min
2026-09-20 07:00:17,879 | INFO | Steps: 126464/150000 | Episodes: 247 | LastEpReward: 22.059 | RecentReward: 15.021 | ActorLoss: -2.008584 | CriticLoss: 0.009362 | Q: 2.0071 | TargetQ: 2.0065 | TDAbs: 0.1010 | ActorGrad: 0.0358 | CriticGrad: 0.3056 | Noise: 0.0500 | Replay: 50000 | FPS: 18.19 | ETA: 21.6 min
2026-09-20 07:00:42,414 | INFO | Steps: 126976/150000 | Episodes: 248 | LastEpReward: 15.662 | RecentReward: 15.259 | ActorLoss: -2.034170 | CriticLoss: 0.008850 | Q: 2.0329 | TargetQ: 2.0321 | TDAbs: 0.1008 | ActorGrad: 0.0336 | CriticGrad: 0.2746 | Noise: 0.0500 | Replay: 50000 | FPS: 18.20 | ETA: 21.1 min
2026-09-20 07:01:06,729 | INFO | Steps: 127488/150000 | Episodes: 249 | LastEpReward: 3.857 | RecentReward: 13.801 | ActorLoss: -2.029482 | CriticLoss: 0.009244 | Q: 2.0283 | TargetQ: 2.0273 | TDAbs: 0.1008 | ActorGrad: 0.0352 | CriticGrad: 0.3095 | Noise: 0.0500 | Replay: 50000 | FPS: 18.21 | ETA: 20.6 min
2026-09-20 07:01:31,353 | INFO | 开始周期评估: Steps=128000 | Episodes=250 | EvalEpisodes=5
2026-09-20 07:02:11,433 | INFO | 周期评估完成: Steps=128000 | MeanReward=12.000 | StdReward=2.979
2026-09-20 07:02:11,442 | INFO | Steps: 128000/150000 | Episodes: 250 | LastEpReward: 22.738 | RecentReward: 14.147 | ActorLoss: -1.980034 | CriticLoss: 0.008952 | Q: 1.9785 | TargetQ: 1.9782 | TDAbs: 0.0995 | ActorGrad: 0.0353 | CriticGrad: 0.2746 | Noise: 0.0500 | Replay: 50000 | FPS: 18.12 | ETA: 20.2 min
2026-09-20 07:02:36,501 | INFO | Steps: 128512/150000 | Episodes: 251 | LastEpReward: 18.004 | RecentReward: 15.383 | ActorLoss: -1.998052 | CriticLoss: 0.008310 | Q: 1.9965 | TargetQ: 1.9963 | TDAbs: 0.0966 | ActorGrad: 0.0285 | CriticGrad: 0.2423 | Noise: 0.0500 | Replay: 50000 | FPS: 18.13 | ETA: 19.8 min
2026-09-20 07:03:00,760 | INFO | Steps: 129024/150000 | Episodes: 252 | LastEpReward: 18.916 | RecentReward: 15.606 | ActorLoss: -1.973870 | CriticLoss: 0.008444 | Q: 1.9724 | TargetQ: 1.9722 | TDAbs: 0.0976 | ActorGrad: 0.0309 | CriticGrad: 0.3007 | Noise: 0.0500 | Replay: 50000 | FPS: 18.14 | ETA: 19.3 min
2026-09-20 07:03:25,878 | INFO | Steps: 129536/150000 | Episodes: 253 | LastEpReward: 17.765 | RecentReward: 16.355 | ActorLoss: -1.960824 | CriticLoss: 0.008011 | Q: 1.9598 | TargetQ: 1.9594 | TDAbs: 0.0954 | ActorGrad: 0.0335 | CriticGrad: 0.2502 | Noise: 0.0500 | Replay: 50000 | FPS: 18.14 | ETA: 18.8 min
2026-09-20 07:03:46,993 | INFO | Steps: 130048/150000 | Episodes: 254 | LastEpReward: 14.951 | RecentReward: 17.015 | ActorLoss: -1.953668 | CriticLoss: 0.007999 | Q: 1.9525 | TargetQ: 1.9527 | TDAbs: 0.0954 | ActorGrad: 0.0314 | CriticGrad: 0.2612 | Noise: 0.0500 | Replay: 50000 | FPS: 18.16 | ETA: 18.3 min
2026-09-20 07:04:11,441 | INFO | Steps: 130560/150000 | Episodes: 255 | LastEpReward: 11.476 | RecentReward: 16.742 | ActorLoss: -1.900445 | CriticLoss: 0.008184 | Q: 1.8992 | TargetQ: 1.8985 | TDAbs: 0.0958 | ActorGrad: 0.0319 | CriticGrad: 0.2446 | Noise: 0.0500 | Replay: 50000 | FPS: 18.17 | ETA: 17.8 min
2026-09-20 07:04:36,327 | INFO | Steps: 131072/150000 | Episodes: 256 | LastEpReward: 12.161 | RecentReward: 15.759 | ActorLoss: -1.902727 | CriticLoss: 0.007989 | Q: 1.9016 | TargetQ: 1.9019 | TDAbs: 0.0941 | ActorGrad: 0.0253 | CriticGrad: 0.2629 | Noise: 0.0500 | Replay: 50000 | FPS: 18.18 | ETA: 17.4 min
2026-09-20 07:05:01,592 | INFO | Steps: 131584/150000 | Episodes: 257 | LastEpReward: 17.992 | RecentReward: 15.352 | ActorLoss: -1.953123 | CriticLoss: 0.008053 | Q: 1.9522 | TargetQ: 1.9514 | TDAbs: 0.0932 | ActorGrad: 0.0277 | CriticGrad: 0.2414 | Noise: 0.0500 | Replay: 50000 | FPS: 18.19 | ETA: 16.9 min
2026-09-20 07:05:26,308 | INFO | Steps: 132096/150000 | Episodes: 258 | LastEpReward: 17.205 | RecentReward: 15.506 | ActorLoss: -1.931276 | CriticLoss: 0.008269 | Q: 1.9295 | TargetQ: 1.9290 | TDAbs: 0.0953 | ActorGrad: 0.0273 | CriticGrad: 0.2547 | Noise: 0.0500 | Replay: 50000 | FPS: 18.20 | ETA: 16.4 min
2026-09-20 07:05:50,961 | INFO | Steps: 132608/150000 | Episodes: 259 | LastEpReward: 16.296 | RecentReward: 16.750 | ActorLoss: -1.933771 | CriticLoss: 0.007668 | Q: 1.9333 | TargetQ: 1.9334 | TDAbs: 0.0935 | ActorGrad: 0.0274 | CriticGrad: 0.2785 | Noise: 0.0500 | Replay: 50000 | FPS: 18.20 | ETA: 15.9 min
2026-09-20 07:06:15,685 | INFO | 开始周期评估: Steps=133120 | Episodes=260 | EvalEpisodes=5
2026-09-20 07:06:55,954 | INFO | 周期评估完成: Steps=133120 | MeanReward=14.149 | StdReward=2.310
2026-09-20 07:06:55,964 | INFO | Steps: 133120/150000 | Episodes: 260 | LastEpReward: 18.253 | RecentReward: 16.302 | ActorLoss: -1.907126 | CriticLoss: 0.007501 | Q: 1.9055 | TargetQ: 1.9054 | TDAbs: 0.0927 | ActorGrad: 0.0256 | CriticGrad: 0.2543 | Noise: 0.0500 | Replay: 50000 | FPS: 18.11 | ETA: 15.5 min
2026-09-20 07:07:20,501 | INFO | Steps: 133632/150000 | Episodes: 261 | LastEpReward: 3.166 | RecentReward: 14.818 | ActorLoss: -1.896381 | CriticLoss: 0.007506 | Q: 1.8954 | TargetQ: 1.8954 | TDAbs: 0.0918 | ActorGrad: 0.0214 | CriticGrad: 0.2390 | Noise: 0.0500 | Replay: 50000 | FPS: 18.12 | ETA: 15.1 min
2026-09-20 07:07:45,176 | INFO | Steps: 134144/150000 | Episodes: 262 | LastEpReward: 12.075 | RecentReward: 14.134 | ActorLoss: -1.885952 | CriticLoss: 0.007552 | Q: 1.8848 | TargetQ: 1.8848 | TDAbs: 0.0931 | ActorGrad: 0.0205 | CriticGrad: 0.2350 | Noise: 0.0500 | Replay: 50000 | FPS: 18.13 | ETA: 14.6 min
2026-09-20 07:08:09,421 | INFO | Steps: 134656/150000 | Episodes: 263 | LastEpReward: 24.996 | RecentReward: 14.857 | ActorLoss: -1.898002 | CriticLoss: 0.007605 | Q: 1.8964 | TargetQ: 1.8969 | TDAbs: 0.0938 | ActorGrad: 0.0158 | CriticGrad: 0.2548 | Noise: 0.0500 | Replay: 50000 | FPS: 18.14 | ETA: 14.1 min
2026-09-20 07:08:33,965 | INFO | Steps: 135168/150000 | Episodes: 264 | LastEpReward: 13.045 | RecentReward: 14.666 | ActorLoss: -1.886522 | CriticLoss: 0.007574 | Q: 1.8852 | TargetQ: 1.8853 | TDAbs: 0.0920 | ActorGrad: 0.0148 | CriticGrad: 0.2394 | Noise: 0.0500 | Replay: 50000 | FPS: 18.15 | ETA: 13.6 min
2026-09-20 07:08:58,536 | INFO | Steps: 135680/150000 | Episodes: 265 | LastEpReward: 14.138 | RecentReward: 14.933 | ActorLoss: -1.900009 | CriticLoss: 0.007210 | Q: 1.8986 | TargetQ: 1.8990 | TDAbs: 0.0908 | ActorGrad: 0.0104 | CriticGrad: 0.2333 | Noise: 0.0500 | Replay: 50000 | FPS: 18.16 | ETA: 13.1 min
2026-09-20 07:09:23,286 | INFO | Steps: 136192/150000 | Episodes: 266 | LastEpReward: 10.820 | RecentReward: 14.799 | ActorLoss: -1.908716 | CriticLoss: 0.007600 | Q: 1.9078 | TargetQ: 1.9079 | TDAbs: 0.0923 | ActorGrad: 0.0206 | CriticGrad: 0.2465 | Noise: 0.0500 | Replay: 50000 | FPS: 18.17 | ETA: 12.7 min
2026-09-20 07:09:47,896 | INFO | Steps: 136704/150000 | Episodes: 267 | LastEpReward: 16.829 | RecentReward: 14.682 | ActorLoss: -1.910935 | CriticLoss: 0.007436 | Q: 1.9101 | TargetQ: 1.9098 | TDAbs: 0.0918 | ActorGrad: 0.0264 | CriticGrad: 0.2256 | Noise: 0.0500 | Replay: 50000 | FPS: 18.17 | ETA: 12.2 min
2026-09-20 07:10:12,697 | INFO | Steps: 137216/150000 | Episodes: 268 | LastEpReward: 15.967 | RecentReward: 14.559 | ActorLoss: -1.872135 | CriticLoss: 0.007074 | Q: 1.8709 | TargetQ: 1.8715 | TDAbs: 0.0908 | ActorGrad: 0.0168 | CriticGrad: 0.2347 | Noise: 0.0500 | Replay: 50000 | FPS: 18.18 | ETA: 11.7 min
2026-09-20 07:10:37,194 | INFO | Steps: 137728/150000 | Episodes: 269 | LastEpReward: 20.054 | RecentReward: 14.934 | ActorLoss: -1.881070 | CriticLoss: 0.007409 | Q: 1.8802 | TargetQ: 1.8800 | TDAbs: 0.0913 | ActorGrad: 0.0148 | CriticGrad: 0.2266 | Noise: 0.0500 | Replay: 50000 | FPS: 18.19 | ETA: 11.2 min
2026-09-20 07:11:01,938 | INFO | 开始周期评估: Steps=138240 | Episodes=270 | EvalEpisodes=5
2026-09-20 07:11:42,178 | INFO | 周期评估完成: Steps=138240 | MeanReward=16.562 | StdReward=4.145
2026-09-20 07:11:42,187 | INFO | Steps: 138240/150000 | Episodes: 270 | LastEpReward: 17.510 | RecentReward: 14.860 | ActorLoss: -1.858645 | CriticLoss: 0.007307 | Q: 1.8572 | TargetQ: 1.8581 | TDAbs: 0.0912 | ActorGrad: 0.0196 | CriticGrad: 0.2357 | Noise: 0.0500 | Replay: 50000 | FPS: 18.10 | ETA: 10.8 min
2026-09-20 07:12:06,268 | INFO | Steps: 138752/150000 | Episodes: 271 | LastEpReward: 12.567 | RecentReward: 15.800 | ActorLoss: -1.894793 | CriticLoss: 0.006847 | Q: 1.8935 | TargetQ: 1.8939 | TDAbs: 0.0879 | ActorGrad: 0.0078 | CriticGrad: 0.2277 | Noise: 0.0500 | Replay: 50000 | FPS: 18.11 | ETA: 10.3 min
2026-09-20 07:12:30,644 | INFO | Steps: 139264/150000 | Episodes: 272 | LastEpReward: 16.391 | RecentReward: 16.232 | ActorLoss: -1.880348 | CriticLoss: 0.007076 | Q: 1.8796 | TargetQ: 1.8790 | TDAbs: 0.0888 | ActorGrad: 0.0090 | CriticGrad: 0.2356 | Noise: 0.0500 | Replay: 50000 | FPS: 18.12 | ETA: 9.9 min
2026-09-20 07:12:55,384 | INFO | Steps: 139776/150000 | Episodes: 273 | LastEpReward: 24.073 | RecentReward: 16.139 | ActorLoss: -1.929399 | CriticLoss: 0.006943 | Q: 1.9286 | TargetQ: 1.9283 | TDAbs: 0.0887 | ActorGrad: 0.0096 | CriticGrad: 0.2431 | Noise: 0.0500 | Replay: 50000 | FPS: 18.13 | ETA: 9.4 min
2026-09-20 07:13:20,193 | INFO | Steps: 140288/150000 | Episodes: 274 | LastEpReward: 12.251 | RecentReward: 16.060 | ActorLoss: -1.924106 | CriticLoss: 0.007018 | Q: 1.9231 | TargetQ: 1.9231 | TDAbs: 0.0890 | ActorGrad: 0.0110 | CriticGrad: 0.2332 | Noise: 0.0500 | Replay: 50000 | FPS: 18.14 | ETA: 8.9 min
2026-09-20 07:13:44,976 | INFO | Steps: 140800/150000 | Episodes: 275 | LastEpReward: 13.399 | RecentReward: 15.986 | ActorLoss: -1.934605 | CriticLoss: 0.007028 | Q: 1.9338 | TargetQ: 1.9340 | TDAbs: 0.0894 | ActorGrad: 0.0138 | CriticGrad: 0.2645 | Noise: 0.0500 | Replay: 50000 | FPS: 18.15 | ETA: 8.4 min
2026-09-20 07:14:09,531 | INFO | Steps: 141312/150000 | Episodes: 276 | LastEpReward: 3.033 | RecentReward: 15.207 | ActorLoss: -1.923580 | CriticLoss: 0.007003 | Q: 1.9229 | TargetQ: 1.9223 | TDAbs: 0.0896 | ActorGrad: 0.0169 | CriticGrad: 0.2477 | Noise: 0.0500 | Replay: 50000 | FPS: 18.16 | ETA: 8.0 min
2026-09-20 07:14:34,419 | INFO | Steps: 141824/150000 | Episodes: 277 | LastEpReward: 9.190 | RecentReward: 14.444 | ActorLoss: -1.943915 | CriticLoss: 0.006749 | Q: 1.9428 | TargetQ: 1.9429 | TDAbs: 0.0880 | ActorGrad: 0.0044 | CriticGrad: 0.2338 | Noise: 0.0500 | Replay: 50000 | FPS: 18.16 | ETA: 7.5 min
2026-09-20 07:14:59,325 | INFO | Steps: 142336/150000 | Episodes: 278 | LastEpReward: 10.167 | RecentReward: 13.864 | ActorLoss: -1.942225 | CriticLoss: 0.006776 | Q: 1.9417 | TargetQ: 1.9413 | TDAbs: 0.0876 | ActorGrad: 0.0110 | CriticGrad: 0.2468 | Noise: 0.0500 | Replay: 50000 | FPS: 18.17 | ETA: 7.0 min
2026-09-20 07:15:24,124 | INFO | Steps: 142848/150000 | Episodes: 279 | LastEpReward: 13.142 | RecentReward: 13.172 | ActorLoss: -1.935522 | CriticLoss: 0.006635 | Q: 1.9346 | TargetQ: 1.9350 | TDAbs: 0.0871 | ActorGrad: 0.0110 | CriticGrad: 0.2372 | Noise: 0.0500 | Replay: 50000 | FPS: 18.18 | ETA: 6.6 min
2026-09-20 07:15:48,414 | INFO | 开始周期评估: Steps=143360 | Episodes=280 | EvalEpisodes=5
2026-09-20 07:16:28,556 | INFO | 周期评估完成: Steps=143360 | MeanReward=16.873 | StdReward=4.406
2026-09-20 07:16:28,565 | INFO | Steps: 143360/150000 | Episodes: 280 | LastEpReward: 11.961 | RecentReward: 12.617 | ActorLoss: -1.935589 | CriticLoss: 0.006735 | Q: 1.9343 | TargetQ: 1.9345 | TDAbs: 0.0880 | ActorGrad: 0.0164 | CriticGrad: 0.2301 | Noise: 0.0500 | Replay: 50000 | FPS: 18.10 | ETA: 6.1 min
2026-09-20 07:16:53,602 | INFO | Steps: 143872/150000 | Episodes: 281 | LastEpReward: 18.483 | RecentReward: 13.209 | ActorLoss: -1.964533 | CriticLoss: 0.007136 | Q: 1.9635 | TargetQ: 1.9631 | TDAbs: 0.0877 | ActorGrad: 0.0117 | CriticGrad: 0.2239 | Noise: 0.0500 | Replay: 50000 | FPS: 18.10 | ETA: 5.6 min
2026-09-20 07:17:18,944 | INFO | Steps: 144384/150000 | Episodes: 282 | LastEpReward: 23.760 | RecentReward: 13.946 | ActorLoss: -1.968893 | CriticLoss: 0.006640 | Q: 1.9675 | TargetQ: 1.9675 | TDAbs: 0.0871 | ActorGrad: 0.0144 | CriticGrad: 0.2121 | Noise: 0.0500 | Replay: 50000 | FPS: 18.11 | ETA: 5.2 min
2026-09-20 07:17:43,621 | INFO | Steps: 144896/150000 | Episodes: 283 | LastEpReward: 11.095 | RecentReward: 12.648 | ActorLoss: -1.965245 | CriticLoss: 0.006606 | Q: 1.9642 | TargetQ: 1.9646 | TDAbs: 0.0864 | ActorGrad: 0.0161 | CriticGrad: 0.2291 | Noise: 0.0500 | Replay: 50000 | FPS: 18.12 | ETA: 4.7 min
2026-09-20 07:18:08,377 | INFO | Steps: 145408/150000 | Episodes: 284 | LastEpReward: 16.759 | RecentReward: 13.099 | ActorLoss: -1.988158 | CriticLoss: 0.007036 | Q: 1.9872 | TargetQ: 1.9870 | TDAbs: 0.0875 | ActorGrad: 0.0144 | CriticGrad: 0.2247 | Noise: 0.0500 | Replay: 50000 | FPS: 18.13 | ETA: 4.2 min
2026-09-20 07:18:33,074 | INFO | Steps: 145920/150000 | Episodes: 285 | LastEpReward: 10.585 | RecentReward: 12.818 | ActorLoss: -1.962788 | CriticLoss: 0.006709 | Q: 1.9616 | TargetQ: 1.9617 | TDAbs: 0.0872 | ActorGrad: 0.0150 | CriticGrad: 0.2319 | Noise: 0.0500 | Replay: 50000 | FPS: 18.13 | ETA: 3.7 min
2026-09-20 07:18:57,354 | INFO | Steps: 146432/150000 | Episodes: 286 | LastEpReward: 14.012 | RecentReward: 13.916 | ActorLoss: -2.020738 | CriticLoss: 0.007676 | Q: 2.0200 | TargetQ: 2.0199 | TDAbs: 0.0895 | ActorGrad: 0.0147 | CriticGrad: 0.2371 | Noise: 0.0500 | Replay: 50000 | FPS: 18.14 | ETA: 3.3 min
2026-09-20 07:19:21,875 | INFO | Steps: 146944/150000 | Episodes: 287 | LastEpReward: 13.372 | RecentReward: 14.334 | ActorLoss: -2.038603 | CriticLoss: 0.007055 | Q: 2.0382 | TargetQ: 2.0375 | TDAbs: 0.0881 | ActorGrad: 0.0142 | CriticGrad: 0.2373 | Noise: 0.0500 | Replay: 50000 | FPS: 18.15 | ETA: 2.8 min
2026-09-20 07:19:46,387 | INFO | Steps: 147456/150000 | Episodes: 288 | LastEpReward: 15.713 | RecentReward: 14.888 | ActorLoss: -2.035869 | CriticLoss: 0.006986 | Q: 2.0351 | TargetQ: 2.0350 | TDAbs: 0.0881 | ActorGrad: 0.0153 | CriticGrad: 0.2436 | Noise: 0.0500 | Replay: 50000 | FPS: 18.16 | ETA: 2.3 min
2026-09-20 07:20:11,417 | INFO | Steps: 147968/150000 | Episodes: 289 | LastEpReward: 27.624 | RecentReward: 16.336 | ActorLoss: -2.061959 | CriticLoss: 0.006897 | Q: 2.0613 | TargetQ: 2.0609 | TDAbs: 0.0871 | ActorGrad: 0.0167 | CriticGrad: 0.2403 | Noise: 0.0500 | Replay: 50000 | FPS: 18.17 | ETA: 1.9 min
2026-09-20 07:20:36,102 | INFO | 开始周期评估: Steps=148480 | Episodes=290 | EvalEpisodes=5
2026-09-20 07:21:16,560 | INFO | 周期评估完成: Steps=148480 | MeanReward=16.977 | StdReward=4.627
2026-09-20 07:21:16,570 | INFO | Steps: 148480/150000 | Episodes: 290 | LastEpReward: 20.633 | RecentReward: 17.204 | ActorLoss: -2.109760 | CriticLoss: 0.006704 | Q: 2.1087 | TargetQ: 2.1091 | TDAbs: 0.0875 | ActorGrad: 0.0144 | CriticGrad: 0.2277 | Noise: 0.0500 | Replay: 50000 | FPS: 18.08 | ETA: 1.4 min
2026-09-20 07:21:41,153 | INFO | Steps: 148992/150000 | Episodes: 291 | LastEpReward: 16.065 | RecentReward: 16.962 | ActorLoss: -2.066278 | CriticLoss: 0.008514 | Q: 2.0651 | TargetQ: 2.0649 | TDAbs: 0.0975 | ActorGrad: 0.0788 | CriticGrad: 0.2602 | Noise: 0.0500 | Replay: 50000 | FPS: 18.09 | ETA: 0.9 min
2026-09-20 07:22:05,361 | INFO | Steps: 149504/150000 | Episodes: 292 | LastEpReward: 9.393 | RecentReward: 15.525 | ActorLoss: -2.040522 | CriticLoss: 0.008684 | Q: 2.0387 | TargetQ: 2.0382 | TDAbs: 0.0973 | ActorGrad: 0.0582 | CriticGrad: 0.2600 | Noise: 0.0500 | Replay: 50000 | FPS: 18.10 | ETA: 0.5 min
2026-09-20 07:22:29,089 | INFO | Steps: 150000/150000 | Episodes: 292 | LastEpReward: 9.393 | RecentReward: 15.525 | ActorLoss: -2.058441 | CriticLoss: 0.009122 | Q: 2.0565 | TargetQ: 2.0560 | TDAbs: 0.1008 | ActorGrad: 0.0772 | CriticGrad: 0.2798 | Noise: 0.0500 | Replay: 50000 | FPS: 18.11 | ETA: 0.0 min
2026-09-20 07:23:49,587 | INFO | MADDPG 训练与评估完成，最佳权重: /home/pjpjq/LEO_switch/results/multiseed_0907/seed44/u40/learned_baselines/maddpg/maddpg_model.pt
