2026-09-12 15:55:28,666 | INFO | ============================================================
2026-09-12 15:55:28,666 | INFO | 开始训练纯 PDQN 基线
2026-09-12 15:55:28,666 | INFO | 总步数: 150000 | warmup: 1000 | batch: 128 | 日志间隔: 512 steps | 保存间隔: 50000 steps | device: cuda
2026-09-12 15:55:28,666 | INFO | ============================================================
2026-09-12 15:55:32,096 | INFO | Steps: 512/150000 | Episodes: 1 | CurrentEpReward: 0.000 | RecentReward: -14.422 | QLoss: 0.000000 | ParamLoss: 0.000000 | Epsilon: 1.0000 | Replay: 512
2026-09-12 15:55:35,759 | INFO | Steps: 1024/150000 | Episodes: 2 | CurrentEpReward: 0.000 | RecentReward: -7.608 | QLoss: 0.177815 | ParamLoss: 0.006625 | Epsilon: 0.9993 | Replay: 1024
2026-09-12 15:55:45,353 | INFO | Steps: 1536/150000 | Episodes: 3 | CurrentEpReward: 0.000 | RecentReward: -5.185 | QLoss: 0.166235 | ParamLoss: -0.001603 | Epsilon: 0.9860 | Replay: 1536
2026-09-12 15:55:54,687 | INFO | Steps: 2048/150000 | Episodes: 4 | CurrentEpReward: 0.000 | RecentReward: -4.573 | QLoss: 0.176061 | ParamLoss: -0.007621 | Epsilon: 0.9726 | Replay: 2048
2026-09-12 15:56:04,105 | INFO | Steps: 2560/150000 | Episodes: 5 | CurrentEpReward: 0.000 | RecentReward: -1.947 | QLoss: 0.177541 | ParamLoss: -0.013399 | Epsilon: 0.9592 | Replay: 2560
2026-09-12 15:56:13,522 | INFO | Steps: 3072/150000 | Episodes: 6 | CurrentEpReward: 0.000 | RecentReward: -2.104 | QLoss: 0.179017 | ParamLoss: -0.020299 | Epsilon: 0.9458 | Replay: 3072
2026-09-12 15:56:22,877 | INFO | Steps: 3584/150000 | Episodes: 7 | CurrentEpReward: 0.000 | RecentReward: -1.800 | QLoss: 0.178920 | ParamLoss: -0.027799 | Epsilon: 0.9324 | Replay: 3584
2026-09-12 15:56:32,397 | INFO | Steps: 4096/150000 | Episodes: 8 | CurrentEpReward: 0.000 | RecentReward: 0.387 | QLoss: 0.179645 | ParamLoss: -0.039944 | Epsilon: 0.9191 | Replay: 4096
2026-09-12 15:56:41,866 | INFO | Steps: 4608/150000 | Episodes: 9 | CurrentEpReward: 0.000 | RecentReward: 0.635 | QLoss: 0.185397 | ParamLoss: -0.048943 | Epsilon: 0.9057 | Replay: 4608
2026-09-12 15:56:51,190 | INFO | Steps: 5120/150000 | Episodes: 10 | CurrentEpReward: 0.000 | RecentReward: 1.275 | QLoss: 0.182895 | ParamLoss: -0.059195 | Epsilon: 0.8923 | Replay: 5120
2026-09-12 15:57:00,769 | INFO | Steps: 5632/150000 | Episodes: 11 | CurrentEpReward: 0.000 | RecentReward: 3.849 | QLoss: 0.184494 | ParamLoss: -0.068474 | Epsilon: 0.8789 | Replay: 5632
2026-09-12 15:57:10,372 | INFO | Steps: 6144/150000 | Episodes: 12 | CurrentEpReward: 0.000 | RecentReward: 5.393 | QLoss: 0.186435 | ParamLoss: -0.081073 | Epsilon: 0.8655 | Replay: 6144
2026-09-12 15:57:19,860 | INFO | Steps: 6656/150000 | Episodes: 13 | CurrentEpReward: 0.000 | RecentReward: 6.673 | QLoss: 0.190997 | ParamLoss: -0.092548 | Epsilon: 0.8522 | Replay: 6656
2026-09-12 15:57:29,402 | INFO | Steps: 7168/150000 | Episodes: 14 | CurrentEpReward: 0.000 | RecentReward: 8.232 | QLoss: 0.193774 | ParamLoss: -0.100024 | Epsilon: 0.8388 | Replay: 7168
2026-09-12 15:57:38,816 | INFO | Steps: 7680/150000 | Episodes: 15 | CurrentEpReward: 0.000 | RecentReward: 8.412 | QLoss: 0.193495 | ParamLoss: -0.109341 | Epsilon: 0.8254 | Replay: 7680
2026-09-12 15:57:48,313 | INFO | Steps: 8192/150000 | Episodes: 16 | CurrentEpReward: 0.000 | RecentReward: 9.929 | QLoss: 0.197328 | ParamLoss: -0.120214 | Epsilon: 0.8120 | Replay: 8192
2026-09-12 15:57:57,827 | INFO | Steps: 8704/150000 | Episodes: 17 | CurrentEpReward: 0.000 | RecentReward: 12.884 | QLoss: 0.204915 | ParamLoss: -0.131558 | Epsilon: 0.7986 | Replay: 8704
2026-09-12 15:58:07,301 | INFO | Steps: 9216/150000 | Episodes: 18 | CurrentEpReward: 0.000 | RecentReward: 14.042 | QLoss: 0.203986 | ParamLoss: -0.144134 | Epsilon: 0.7853 | Replay: 9216
2026-09-12 15:58:17,004 | INFO | Steps: 9728/150000 | Episodes: 19 | CurrentEpReward: 0.000 | RecentReward: 15.303 | QLoss: 0.212310 | ParamLoss: -0.153956 | Epsilon: 0.7719 | Replay: 9728
2026-09-12 15:58:26,407 | INFO | Steps: 10240/150000 | Episodes: 20 | CurrentEpReward: 0.000 | RecentReward: 15.831 | QLoss: 0.207973 | ParamLoss: -0.156784 | Epsilon: 0.7585 | Replay: 10240
2026-09-12 15:58:35,837 | INFO | Steps: 10752/150000 | Episodes: 21 | CurrentEpReward: 0.000 | RecentReward: 15.668 | QLoss: 0.214407 | ParamLoss: -0.168030 | Epsilon: 0.7451 | Replay: 10752
2026-09-12 15:58:45,422 | INFO | Steps: 11264/150000 | Episodes: 22 | CurrentEpReward: 0.000 | RecentReward: 17.057 | QLoss: 0.213335 | ParamLoss: -0.177280 | Epsilon: 0.7317 | Replay: 11264
2026-09-12 15:58:54,838 | INFO | Steps: 11776/150000 | Episodes: 23 | CurrentEpReward: 0.000 | RecentReward: 16.775 | QLoss: 0.217935 | ParamLoss: -0.186257 | Epsilon: 0.7184 | Replay: 11776
2026-09-12 15:59:04,343 | INFO | Steps: 12288/150000 | Episodes: 24 | CurrentEpReward: 0.000 | RecentReward: 17.453 | QLoss: 0.222030 | ParamLoss: -0.193381 | Epsilon: 0.7050 | Replay: 12288
2026-09-12 15:59:13,874 | INFO | Steps: 12800/150000 | Episodes: 25 | CurrentEpReward: 0.000 | RecentReward: 18.457 | QLoss: 0.239911 | ParamLoss: -0.206916 | Epsilon: 0.6916 | Replay: 12800
2026-09-12 15:59:23,299 | INFO | Steps: 13312/150000 | Episodes: 26 | CurrentEpReward: 0.000 | RecentReward: 19.294 | QLoss: 0.237103 | ParamLoss: -0.212303 | Epsilon: 0.6782 | Replay: 13312
2026-09-12 15:59:32,886 | INFO | Steps: 13824/150000 | Episodes: 27 | CurrentEpReward: 0.000 | RecentReward: 18.418 | QLoss: 0.236162 | ParamLoss: -0.221906 | Epsilon: 0.6648 | Replay: 13824
2026-09-12 15:59:42,321 | INFO | Steps: 14336/150000 | Episodes: 28 | CurrentEpReward: 0.000 | RecentReward: 17.491 | QLoss: 0.238913 | ParamLoss: -0.228192 | Epsilon: 0.6515 | Replay: 14336
2026-09-12 15:59:51,723 | INFO | Steps: 14848/150000 | Episodes: 29 | CurrentEpReward: 0.000 | RecentReward: 18.485 | QLoss: 0.247306 | ParamLoss: -0.241794 | Epsilon: 0.6381 | Replay: 14848
2026-09-12 16:00:01,333 | INFO | Steps: 15360/150000 | Episodes: 30 | CurrentEpReward: 0.000 | RecentReward: 20.723 | QLoss: 0.249838 | ParamLoss: -0.249590 | Epsilon: 0.6247 | Replay: 15360
2026-09-12 16:00:10,715 | INFO | Steps: 15872/150000 | Episodes: 31 | CurrentEpReward: 0.000 | RecentReward: 22.498 | QLoss: 0.253648 | ParamLoss: -0.258198 | Epsilon: 0.6113 | Replay: 15872
2026-09-12 16:00:20,168 | INFO | Steps: 16384/150000 | Episodes: 32 | CurrentEpReward: 0.000 | RecentReward: 22.886 | QLoss: 0.259247 | ParamLoss: -0.262576 | Epsilon: 0.5979 | Replay: 16384
2026-09-12 16:00:29,767 | INFO | Steps: 16896/150000 | Episodes: 33 | CurrentEpReward: 0.000 | RecentReward: 24.613 | QLoss: 0.247877 | ParamLoss: -0.275318 | Epsilon: 0.5846 | Replay: 16896
2026-09-12 16:00:39,203 | INFO | Steps: 17408/150000 | Episodes: 34 | CurrentEpReward: 0.000 | RecentReward: 26.583 | QLoss: 0.269745 | ParamLoss: -0.285157 | Epsilon: 0.5712 | Replay: 17408
2026-09-12 16:00:48,771 | INFO | Steps: 17920/150000 | Episodes: 35 | CurrentEpReward: 0.000 | RecentReward: 29.704 | QLoss: 0.273609 | ParamLoss: -0.298445 | Epsilon: 0.5578 | Replay: 17920
2026-09-12 16:00:58,349 | INFO | Steps: 18432/150000 | Episodes: 36 | CurrentEpReward: 0.000 | RecentReward: 31.030 | QLoss: 0.275394 | ParamLoss: -0.307042 | Epsilon: 0.5444 | Replay: 18432
2026-09-12 16:01:07,813 | INFO | Steps: 18944/150000 | Episodes: 37 | CurrentEpReward: 0.000 | RecentReward: 32.211 | QLoss: 0.304371 | ParamLoss: -0.318790 | Epsilon: 0.5310 | Replay: 18944
2026-09-12 16:01:17,247 | INFO | Steps: 19456/150000 | Episodes: 38 | CurrentEpReward: 0.000 | RecentReward: 33.594 | QLoss: 0.304763 | ParamLoss: -0.331921 | Epsilon: 0.5177 | Replay: 19456
2026-09-12 16:01:26,875 | INFO | Steps: 19968/150000 | Episodes: 39 | CurrentEpReward: 0.000 | RecentReward: 36.001 | QLoss: 0.300119 | ParamLoss: -0.340883 | Epsilon: 0.5043 | Replay: 19968
2026-09-12 16:01:36,361 | INFO | Steps: 20480/150000 | Episodes: 40 | CurrentEpReward: 0.000 | RecentReward: 35.872 | QLoss: 0.325353 | ParamLoss: -0.353799 | Epsilon: 0.4909 | Replay: 20480
2026-09-12 16:01:45,954 | INFO | Steps: 20992/150000 | Episodes: 41 | CurrentEpReward: 0.000 | RecentReward: 38.093 | QLoss: 0.304508 | ParamLoss: -0.363622 | Epsilon: 0.4775 | Replay: 20992
2026-09-12 16:01:55,519 | INFO | Steps: 21504/150000 | Episodes: 42 | CurrentEpReward: 0.000 | RecentReward: 39.855 | QLoss: 0.307313 | ParamLoss: -0.372473 | Epsilon: 0.4641 | Replay: 21504
2026-09-12 16:02:05,172 | INFO | Steps: 22016/150000 | Episodes: 43 | CurrentEpReward: 0.000 | RecentReward: 42.696 | QLoss: 0.308818 | ParamLoss: -0.382327 | Epsilon: 0.4508 | Replay: 22016
2026-09-12 16:02:14,693 | INFO | Steps: 22528/150000 | Episodes: 44 | CurrentEpReward: 0.000 | RecentReward: 42.942 | QLoss: 0.323845 | ParamLoss: -0.393174 | Epsilon: 0.4374 | Replay: 22528
2026-09-12 16:02:24,091 | INFO | Steps: 23040/150000 | Episodes: 45 | CurrentEpReward: 0.000 | RecentReward: 42.189 | QLoss: 0.314335 | ParamLoss: -0.403138 | Epsilon: 0.4240 | Replay: 23040
2026-09-12 16:02:33,738 | INFO | Steps: 23552/150000 | Episodes: 46 | CurrentEpReward: 0.000 | RecentReward: 43.597 | QLoss: 0.323966 | ParamLoss: -0.415131 | Epsilon: 0.4106 | Replay: 23552
2026-09-12 16:02:43,083 | INFO | Steps: 24064/150000 | Episodes: 47 | CurrentEpReward: 0.000 | RecentReward: 44.887 | QLoss: 0.351206 | ParamLoss: -0.432231 | Epsilon: 0.3972 | Replay: 24064
2026-09-12 16:02:52,520 | INFO | Steps: 24576/150000 | Episodes: 48 | CurrentEpReward: 0.000 | RecentReward: 46.780 | QLoss: 0.323449 | ParamLoss: -0.440653 | Epsilon: 0.3839 | Replay: 24576
2026-09-12 16:03:02,115 | INFO | Steps: 25088/150000 | Episodes: 49 | CurrentEpReward: 0.000 | RecentReward: 46.872 | QLoss: 0.344163 | ParamLoss: -0.452158 | Epsilon: 0.3705 | Replay: 25088
2026-09-12 16:03:11,460 | INFO | Steps: 25600/150000 | Episodes: 50 | CurrentEpReward: 0.000 | RecentReward: 49.022 | QLoss: 0.343685 | ParamLoss: -0.463189 | Epsilon: 0.3571 | Replay: 25600
2026-09-12 16:03:20,935 | INFO | Steps: 26112/150000 | Episodes: 51 | CurrentEpReward: 0.000 | RecentReward: 49.373 | QLoss: 0.356937 | ParamLoss: -0.468699 | Epsilon: 0.3437 | Replay: 26112
2026-09-12 16:03:30,603 | INFO | Steps: 26624/150000 | Episodes: 52 | CurrentEpReward: 0.000 | RecentReward: 50.081 | QLoss: 0.351443 | ParamLoss: -0.485169 | Epsilon: 0.3303 | Replay: 26624
2026-09-12 16:03:39,999 | INFO | Steps: 27136/150000 | Episodes: 53 | CurrentEpReward: 0.000 | RecentReward: 50.961 | QLoss: 0.329869 | ParamLoss: -0.495953 | Epsilon: 0.3170 | Replay: 27136
2026-09-12 16:03:49,488 | INFO | Steps: 27648/150000 | Episodes: 54 | CurrentEpReward: 0.000 | RecentReward: 52.815 | QLoss: 0.353454 | ParamLoss: -0.509583 | Epsilon: 0.3036 | Replay: 27648
2026-09-12 16:03:59,010 | INFO | Steps: 28160/150000 | Episodes: 55 | CurrentEpReward: 0.000 | RecentReward: 54.429 | QLoss: 0.333459 | ParamLoss: -0.517815 | Epsilon: 0.2902 | Replay: 28160
2026-09-12 16:04:08,762 | INFO | Steps: 28672/150000 | Episodes: 56 | CurrentEpReward: 0.000 | RecentReward: 57.250 | QLoss: 0.359880 | ParamLoss: -0.526711 | Epsilon: 0.2768 | Replay: 28672
2026-09-12 16:04:18,432 | INFO | Steps: 29184/150000 | Episodes: 57 | CurrentEpReward: 0.000 | RecentReward: 59.295 | QLoss: 0.355741 | ParamLoss: -0.534559 | Epsilon: 0.2634 | Replay: 29184
2026-09-12 16:04:27,817 | INFO | Steps: 29696/150000 | Episodes: 58 | CurrentEpReward: 0.000 | RecentReward: 59.334 | QLoss: 0.349108 | ParamLoss: -0.540504 | Epsilon: 0.2501 | Replay: 29696
2026-09-12 16:04:37,218 | INFO | Steps: 30208/150000 | Episodes: 59 | CurrentEpReward: 0.000 | RecentReward: 61.119 | QLoss: 0.377852 | ParamLoss: -0.561013 | Epsilon: 0.2367 | Replay: 30208
2026-09-12 16:04:46,788 | INFO | Steps: 30720/150000 | Episodes: 60 | CurrentEpReward: 0.000 | RecentReward: 62.503 | QLoss: 0.336614 | ParamLoss: -0.581383 | Epsilon: 0.2233 | Replay: 30720
2026-09-12 16:04:56,197 | INFO | Steps: 31232/150000 | Episodes: 61 | CurrentEpReward: 0.000 | RecentReward: 64.479 | QLoss: 0.331317 | ParamLoss: -0.586841 | Epsilon: 0.2099 | Replay: 31232
2026-09-12 16:05:05,753 | INFO | Steps: 31744/150000 | Episodes: 62 | CurrentEpReward: 0.000 | RecentReward: 66.502 | QLoss: 0.367855 | ParamLoss: -0.591247 | Epsilon: 0.1965 | Replay: 31744
2026-09-12 16:05:15,325 | INFO | Steps: 32256/150000 | Episodes: 63 | CurrentEpReward: 0.000 | RecentReward: 67.414 | QLoss: 0.344436 | ParamLoss: -0.608975 | Epsilon: 0.1832 | Replay: 32256
2026-09-12 16:05:24,717 | INFO | Steps: 32768/150000 | Episodes: 64 | CurrentEpReward: 0.000 | RecentReward: 68.739 | QLoss: 0.355107 | ParamLoss: -0.609367 | Epsilon: 0.1698 | Replay: 32768
2026-09-12 16:05:34,361 | INFO | Steps: 33280/150000 | Episodes: 65 | CurrentEpReward: 0.000 | RecentReward: 70.387 | QLoss: 0.368195 | ParamLoss: -0.626686 | Epsilon: 0.1564 | Replay: 33280
2026-09-12 16:05:43,860 | INFO | Steps: 33792/150000 | Episodes: 66 | CurrentEpReward: 0.000 | RecentReward: 71.239 | QLoss: 0.368607 | ParamLoss: -0.617049 | Epsilon: 0.1430 | Replay: 33792
2026-09-12 16:05:53,351 | INFO | Steps: 34304/150000 | Episodes: 67 | CurrentEpReward: 0.000 | RecentReward: 73.038 | QLoss: 0.345022 | ParamLoss: -0.621463 | Epsilon: 0.1296 | Replay: 34304
2026-09-12 16:06:03,122 | INFO | Steps: 34816/150000 | Episodes: 68 | CurrentEpReward: 0.000 | RecentReward: 76.930 | QLoss: 0.365726 | ParamLoss: -0.632049 | Epsilon: 0.1162 | Replay: 34816
2026-09-12 16:06:12,714 | INFO | Steps: 35328/150000 | Episodes: 69 | CurrentEpReward: 0.000 | RecentReward: 79.093 | QLoss: 0.365424 | ParamLoss: -0.639177 | Epsilon: 0.1029 | Replay: 35328
2026-09-12 16:06:22,133 | INFO | Steps: 35840/150000 | Episodes: 70 | CurrentEpReward: 0.000 | RecentReward: 79.949 | QLoss: 0.396867 | ParamLoss: -0.658877 | Epsilon: 0.0895 | Replay: 35840
2026-09-12 16:06:31,634 | INFO | Steps: 36352/150000 | Episodes: 71 | CurrentEpReward: 0.000 | RecentReward: 81.356 | QLoss: 0.371373 | ParamLoss: -0.671324 | Epsilon: 0.0761 | Replay: 36352
2026-09-12 16:06:41,075 | INFO | Steps: 36864/150000 | Episodes: 72 | CurrentEpReward: 0.000 | RecentReward: 82.179 | QLoss: 0.346400 | ParamLoss: -0.676416 | Epsilon: 0.0627 | Replay: 36864
2026-09-12 16:06:50,580 | INFO | Steps: 37376/150000 | Episodes: 73 | CurrentEpReward: 0.000 | RecentReward: 84.081 | QLoss: 0.350582 | ParamLoss: -0.689599 | Epsilon: 0.0493 | Replay: 37376
2026-09-12 16:07:00,157 | INFO | Steps: 37888/150000 | Episodes: 74 | CurrentEpReward: 0.000 | RecentReward: 85.495 | QLoss: 0.405492 | ParamLoss: -0.699258 | Epsilon: 0.0360 | Replay: 37888
2026-09-12 16:07:09,554 | INFO | Steps: 38400/150000 | Episodes: 75 | CurrentEpReward: 0.000 | RecentReward: 86.802 | QLoss: 0.384816 | ParamLoss: -0.705454 | Epsilon: 0.0226 | Replay: 38400
2026-09-12 16:07:19,032 | INFO | Steps: 38912/150000 | Episodes: 76 | CurrentEpReward: 0.000 | RecentReward: 86.734 | QLoss: 0.389524 | ParamLoss: -0.718942 | Epsilon: 0.0200 | Replay: 38912
2026-09-12 16:07:28,579 | INFO | Steps: 39424/150000 | Episodes: 77 | CurrentEpReward: 0.000 | RecentReward: 87.747 | QLoss: 0.369251 | ParamLoss: -0.727636 | Epsilon: 0.0200 | Replay: 39424
2026-09-12 16:07:38,026 | INFO | Steps: 39936/150000 | Episodes: 78 | CurrentEpReward: 0.000 | RecentReward: 87.896 | QLoss: 0.368329 | ParamLoss: -0.733740 | Epsilon: 0.0200 | Replay: 39936
2026-09-12 16:07:47,609 | INFO | Steps: 40448/150000 | Episodes: 79 | CurrentEpReward: 0.000 | RecentReward: 87.980 | QLoss: 0.387274 | ParamLoss: -0.744269 | Epsilon: 0.0200 | Replay: 40448
2026-09-12 16:07:57,052 | INFO | Steps: 40960/150000 | Episodes: 80 | CurrentEpReward: 0.000 | RecentReward: 89.127 | QLoss: 0.405162 | ParamLoss: -0.755868 | Epsilon: 0.0200 | Replay: 40960
2026-09-12 16:08:06,481 | INFO | Steps: 41472/150000 | Episodes: 81 | CurrentEpReward: 0.000 | RecentReward: 89.175 | QLoss: 0.453686 | ParamLoss: -0.755595 | Epsilon: 0.0200 | Replay: 41472
2026-09-12 16:08:16,018 | INFO | Steps: 41984/150000 | Episodes: 82 | CurrentEpReward: 0.000 | RecentReward: 89.370 | QLoss: 0.368054 | ParamLoss: -0.768122 | Epsilon: 0.0200 | Replay: 41984
2026-09-12 16:08:25,428 | INFO | Steps: 42496/150000 | Episodes: 83 | CurrentEpReward: 0.000 | RecentReward: 89.716 | QLoss: 0.383814 | ParamLoss: -0.774558 | Epsilon: 0.0200 | Replay: 42496
2026-09-12 16:08:35,066 | INFO | Steps: 43008/150000 | Episodes: 84 | CurrentEpReward: 0.000 | RecentReward: 90.355 | QLoss: 0.382977 | ParamLoss: -0.796744 | Epsilon: 0.0200 | Replay: 43008
2026-09-12 16:08:44,512 | INFO | Steps: 43520/150000 | Episodes: 85 | CurrentEpReward: 0.000 | RecentReward: 90.711 | QLoss: 0.372182 | ParamLoss: -0.804331 | Epsilon: 0.0200 | Replay: 43520
2026-09-12 16:08:54,076 | INFO | Steps: 44032/150000 | Episodes: 86 | CurrentEpReward: 0.000 | RecentReward: 92.088 | QLoss: 0.430221 | ParamLoss: -0.804185 | Epsilon: 0.0200 | Replay: 44032
2026-09-12 16:09:03,728 | INFO | Steps: 44544/150000 | Episodes: 87 | CurrentEpReward: 0.000 | RecentReward: 92.432 | QLoss: 0.397173 | ParamLoss: -0.817903 | Epsilon: 0.0200 | Replay: 44544
2026-09-12 16:09:13,223 | INFO | Steps: 45056/150000 | Episodes: 88 | CurrentEpReward: 0.000 | RecentReward: 93.010 | QLoss: 0.369976 | ParamLoss: -0.834139 | Epsilon: 0.0200 | Replay: 45056
2026-09-12 16:09:22,615 | INFO | Steps: 45568/150000 | Episodes: 89 | CurrentEpReward: 0.000 | RecentReward: 92.858 | QLoss: 0.352206 | ParamLoss: -0.837742 | Epsilon: 0.0200 | Replay: 45568
2026-09-12 16:09:32,218 | INFO | Steps: 46080/150000 | Episodes: 90 | CurrentEpReward: 0.000 | RecentReward: 93.724 | QLoss: 0.362800 | ParamLoss: -0.851562 | Epsilon: 0.0200 | Replay: 46080
2026-09-12 16:09:41,665 | INFO | Steps: 46592/150000 | Episodes: 91 | CurrentEpReward: 0.000 | RecentReward: 94.483 | QLoss: 0.407566 | ParamLoss: -0.863745 | Epsilon: 0.0200 | Replay: 46592
2026-09-12 16:09:51,249 | INFO | Steps: 47104/150000 | Episodes: 92 | CurrentEpReward: 0.000 | RecentReward: 95.246 | QLoss: 0.406893 | ParamLoss: -0.867710 | Epsilon: 0.0200 | Replay: 47104
2026-09-12 16:10:00,864 | INFO | Steps: 47616/150000 | Episodes: 93 | CurrentEpReward: 0.000 | RecentReward: 94.923 | QLoss: 0.478134 | ParamLoss: -0.879667 | Epsilon: 0.0200 | Replay: 47616
2026-09-12 16:10:10,317 | INFO | Steps: 48128/150000 | Episodes: 94 | CurrentEpReward: 0.000 | RecentReward: 94.429 | QLoss: 0.451498 | ParamLoss: -0.884477 | Epsilon: 0.0200 | Replay: 48128
2026-09-12 16:10:19,835 | INFO | Steps: 48640/150000 | Episodes: 95 | CurrentEpReward: 0.000 | RecentReward: 93.944 | QLoss: 0.454953 | ParamLoss: -0.881937 | Epsilon: 0.0200 | Replay: 48640
2026-09-12 16:10:29,421 | INFO | Steps: 49152/150000 | Episodes: 96 | CurrentEpReward: 0.000 | RecentReward: 94.037 | QLoss: 0.446761 | ParamLoss: -0.898188 | Epsilon: 0.0200 | Replay: 49152
2026-09-12 16:10:38,809 | INFO | Steps: 49664/150000 | Episodes: 97 | CurrentEpReward: 0.000 | RecentReward: 92.375 | QLoss: 0.436183 | ParamLoss: -0.901803 | Epsilon: 0.0200 | Replay: 49664
2026-09-12 16:11:05,007 | INFO | 新的最佳模型 (reward): 97.216，保存至 /home/pjpjq/LEO_switch/results/multiseed_0907/seed43/u20/learned_baselines/pdqn/best_model.pt
2026-09-12 16:11:05,010 | INFO | 周期权重已保存: /home/pjpjq/LEO_switch/results/multiseed_0907/seed43/u20/learned_baselines/pdqn/checkpoint_50000.pt
2026-09-12 16:11:08,293 | INFO | Steps: 50176/150000 | Episodes: 98 | CurrentEpReward: 0.000 | RecentReward: 92.326 | QLoss: 0.429548 | ParamLoss: -0.913147 | Epsilon: 0.0200 | Replay: 50000
2026-09-12 16:11:17,975 | INFO | Steps: 50688/150000 | Episodes: 99 | CurrentEpReward: 0.000 | RecentReward: 92.922 | QLoss: 0.446799 | ParamLoss: -0.921823 | Epsilon: 0.0200 | Replay: 50000
2026-09-12 16:11:27,355 | INFO | Steps: 51200/150000 | Episodes: 100 | CurrentEpReward: 0.000 | RecentReward: 91.825 | QLoss: 0.377981 | ParamLoss: -0.933137 | Epsilon: 0.0200 | Replay: 50000
2026-09-12 16:11:36,988 | INFO | Steps: 51712/150000 | Episodes: 101 | CurrentEpReward: 0.000 | RecentReward: 92.550 | QLoss: 0.416999 | ParamLoss: -0.940950 | Epsilon: 0.0200 | Replay: 50000
2026-09-12 16:11:46,595 | INFO | Steps: 52224/150000 | Episodes: 102 | CurrentEpReward: 0.000 | RecentReward: 92.691 | QLoss: 0.416098 | ParamLoss: -0.952983 | Epsilon: 0.0200 | Replay: 50000
2026-09-12 16:11:56,151 | INFO | Steps: 52736/150000 | Episodes: 103 | CurrentEpReward: 0.000 | RecentReward: 92.736 | QLoss: 0.431477 | ParamLoss: -0.967734 | Epsilon: 0.0200 | Replay: 50000
2026-09-12 16:12:05,679 | INFO | Steps: 53248/150000 | Episodes: 104 | CurrentEpReward: 0.000 | RecentReward: 93.681 | QLoss: 0.353406 | ParamLoss: -0.965340 | Epsilon: 0.0200 | Replay: 50000
2026-09-12 16:12:15,279 | INFO | Steps: 53760/150000 | Episodes: 105 | CurrentEpReward: 0.000 | RecentReward: 94.147 | QLoss: 0.430171 | ParamLoss: -0.961717 | Epsilon: 0.0200 | Replay: 50000
2026-09-12 16:12:24,864 | INFO | Steps: 54272/150000 | Episodes: 106 | CurrentEpReward: 0.000 | RecentReward: 93.180 | QLoss: 0.426853 | ParamLoss: -0.966238 | Epsilon: 0.0200 | Replay: 50000
2026-09-12 16:12:34,321 | INFO | Steps: 54784/150000 | Episodes: 107 | CurrentEpReward: 0.000 | RecentReward: 94.321 | QLoss: 0.428742 | ParamLoss: -0.975237 | Epsilon: 0.0200 | Replay: 50000
2026-09-12 16:12:44,031 | INFO | Steps: 55296/150000 | Episodes: 108 | CurrentEpReward: 0.000 | RecentReward: 93.963 | QLoss: 0.468428 | ParamLoss: -0.985773 | Epsilon: 0.0200 | Replay: 50000
2026-09-12 16:12:53,503 | INFO | Steps: 55808/150000 | Episodes: 109 | CurrentEpReward: 0.000 | RecentReward: 94.243 | QLoss: 0.558932 | ParamLoss: -1.000964 | Epsilon: 0.0200 | Replay: 50000
2026-09-12 16:13:03,118 | INFO | Steps: 56320/150000 | Episodes: 110 | CurrentEpReward: 0.000 | RecentReward: 94.798 | QLoss: 0.582861 | ParamLoss: -1.008511 | Epsilon: 0.0200 | Replay: 50000
2026-09-12 16:13:12,567 | INFO | Steps: 56832/150000 | Episodes: 111 | CurrentEpReward: 0.000 | RecentReward: 93.690 | QLoss: 0.414908 | ParamLoss: -1.011126 | Epsilon: 0.0200 | Replay: 50000
2026-09-12 16:13:21,994 | INFO | Steps: 57344/150000 | Episodes: 112 | CurrentEpReward: 0.000 | RecentReward: 93.002 | QLoss: 0.396232 | ParamLoss: -1.024738 | Epsilon: 0.0200 | Replay: 50000
2026-09-12 16:13:31,692 | INFO | Steps: 57856/150000 | Episodes: 113 | CurrentEpReward: 0.000 | RecentReward: 92.723 | QLoss: 0.431199 | ParamLoss: -1.034972 | Epsilon: 0.0200 | Replay: 50000
2026-09-12 16:13:41,171 | INFO | Steps: 58368/150000 | Episodes: 114 | CurrentEpReward: 0.000 | RecentReward: 92.216 | QLoss: 0.466246 | ParamLoss: -1.034316 | Epsilon: 0.0200 | Replay: 50000
2026-09-12 16:13:50,754 | INFO | Steps: 58880/150000 | Episodes: 115 | CurrentEpReward: 0.000 | RecentReward: 92.754 | QLoss: 0.515622 | ParamLoss: -1.044228 | Epsilon: 0.0200 | Replay: 50000
2026-09-12 16:14:00,358 | INFO | Steps: 59392/150000 | Episodes: 116 | CurrentEpReward: 0.000 | RecentReward: 92.923 | QLoss: 0.482861 | ParamLoss: -1.055766 | Epsilon: 0.0200 | Replay: 50000
2026-09-12 16:14:09,904 | INFO | Steps: 59904/150000 | Episodes: 117 | CurrentEpReward: 0.000 | RecentReward: 92.441 | QLoss: 0.419904 | ParamLoss: -1.066477 | Epsilon: 0.0200 | Replay: 50000
2026-09-12 16:14:19,695 | INFO | Steps: 60416/150000 | Episodes: 118 | CurrentEpReward: 0.000 | RecentReward: 93.179 | QLoss: 0.414902 | ParamLoss: -1.075668 | Epsilon: 0.0200 | Replay: 50000
2026-09-12 16:14:29,202 | INFO | Steps: 60928/150000 | Episodes: 119 | CurrentEpReward: 0.000 | RecentReward: 93.473 | QLoss: 0.474255 | ParamLoss: -1.073887 | Epsilon: 0.0200 | Replay: 50000
2026-09-12 16:14:38,727 | INFO | Steps: 61440/150000 | Episodes: 120 | CurrentEpReward: 0.000 | RecentReward: 93.608 | QLoss: 0.444324 | ParamLoss: -1.077973 | Epsilon: 0.0200 | Replay: 50000
2026-09-12 16:14:48,416 | INFO | Steps: 61952/150000 | Episodes: 121 | CurrentEpReward: 0.000 | RecentReward: 93.967 | QLoss: 0.468227 | ParamLoss: -1.083567 | Epsilon: 0.0200 | Replay: 50000
2026-09-12 16:14:57,927 | INFO | Steps: 62464/150000 | Episodes: 122 | CurrentEpReward: 0.000 | RecentReward: 93.688 | QLoss: 0.442634 | ParamLoss: -1.075683 | Epsilon: 0.0200 | Replay: 50000
2026-09-12 16:15:07,502 | INFO | Steps: 62976/150000 | Episodes: 123 | CurrentEpReward: 0.000 | RecentReward: 93.771 | QLoss: 0.484457 | ParamLoss: -1.083288 | Epsilon: 0.0200 | Replay: 50000
2026-09-12 16:15:17,114 | INFO | Steps: 63488/150000 | Episodes: 124 | CurrentEpReward: 0.000 | RecentReward: 93.309 | QLoss: 0.415483 | ParamLoss: -1.083112 | Epsilon: 0.0200 | Replay: 50000
2026-09-12 16:15:26,778 | INFO | Steps: 64000/150000 | Episodes: 125 | CurrentEpReward: 0.000 | RecentReward: 93.245 | QLoss: 0.463214 | ParamLoss: -1.095796 | Epsilon: 0.0200 | Replay: 50000
2026-09-12 16:15:36,439 | INFO | Steps: 64512/150000 | Episodes: 126 | CurrentEpReward: 0.000 | RecentReward: 93.000 | QLoss: 0.519397 | ParamLoss: -1.087618 | Epsilon: 0.0200 | Replay: 50000
2026-09-12 16:15:46,039 | INFO | Steps: 65024/150000 | Episodes: 127 | CurrentEpReward: 0.000 | RecentReward: 93.553 | QLoss: 0.494797 | ParamLoss: -1.098182 | Epsilon: 0.0200 | Replay: 50000
2026-09-12 16:15:55,583 | INFO | Steps: 65536/150000 | Episodes: 128 | CurrentEpReward: 0.000 | RecentReward: 91.773 | QLoss: 0.485412 | ParamLoss: -1.105641 | Epsilon: 0.0200 | Replay: 50000
2026-09-12 16:16:05,210 | INFO | Steps: 66048/150000 | Episodes: 129 | CurrentEpReward: 0.000 | RecentReward: 90.962 | QLoss: 0.621625 | ParamLoss: -1.107000 | Epsilon: 0.0200 | Replay: 50000
2026-09-12 16:16:14,861 | INFO | Steps: 66560/150000 | Episodes: 130 | CurrentEpReward: 0.000 | RecentReward: 91.898 | QLoss: 0.529864 | ParamLoss: -1.114743 | Epsilon: 0.0200 | Replay: 50000
2026-09-12 16:16:24,618 | INFO | Steps: 67072/150000 | Episodes: 131 | CurrentEpReward: 0.000 | RecentReward: 91.376 | QLoss: 0.534479 | ParamLoss: -1.124584 | Epsilon: 0.0200 | Replay: 50000
2026-09-12 16:16:34,200 | INFO | Steps: 67584/150000 | Episodes: 132 | CurrentEpReward: 0.000 | RecentReward: 92.422 | QLoss: 0.555790 | ParamLoss: -1.134700 | Epsilon: 0.0200 | Replay: 50000
2026-09-12 16:16:43,863 | INFO | Steps: 68096/150000 | Episodes: 133 | CurrentEpReward: 0.000 | RecentReward: 93.064 | QLoss: 0.564777 | ParamLoss: -1.132216 | Epsilon: 0.0200 | Replay: 50000
2026-09-12 16:16:53,505 | INFO | Steps: 68608/150000 | Episodes: 134 | CurrentEpReward: 0.000 | RecentReward: 92.915 | QLoss: 0.463321 | ParamLoss: -1.135507 | Epsilon: 0.0200 | Replay: 50000
2026-09-12 16:17:02,982 | INFO | Steps: 69120/150000 | Episodes: 135 | CurrentEpReward: 0.000 | RecentReward: 92.514 | QLoss: 0.531379 | ParamLoss: -1.142585 | Epsilon: 0.0200 | Replay: 50000
2026-09-12 16:17:12,579 | INFO | Steps: 69632/150000 | Episodes: 136 | CurrentEpReward: 0.000 | RecentReward: 93.908 | QLoss: 0.499445 | ParamLoss: -1.157846 | Epsilon: 0.0200 | Replay: 50000
2026-09-12 16:17:22,390 | INFO | Steps: 70144/150000 | Episodes: 137 | CurrentEpReward: 0.000 | RecentReward: 93.829 | QLoss: 0.584606 | ParamLoss: -1.168732 | Epsilon: 0.0200 | Replay: 50000
2026-09-12 16:17:31,930 | INFO | Steps: 70656/150000 | Episodes: 138 | CurrentEpReward: 0.000 | RecentReward: 95.714 | QLoss: 0.604196 | ParamLoss: -1.166896 | Epsilon: 0.0200 | Replay: 50000
2026-09-12 16:17:41,513 | INFO | Steps: 71168/150000 | Episodes: 139 | CurrentEpReward: 0.000 | RecentReward: 95.419 | QLoss: 0.437026 | ParamLoss: -1.176769 | Epsilon: 0.0200 | Replay: 50000
2026-09-12 16:17:51,063 | INFO | Steps: 71680/150000 | Episodes: 140 | CurrentEpReward: 0.000 | RecentReward: 94.206 | QLoss: 0.414680 | ParamLoss: -1.174667 | Epsilon: 0.0200 | Replay: 50000
2026-09-12 16:18:00,647 | INFO | Steps: 72192/150000 | Episodes: 141 | CurrentEpReward: 0.000 | RecentReward: 95.460 | QLoss: 0.486057 | ParamLoss: -1.180133 | Epsilon: 0.0200 | Replay: 50000
2026-09-12 16:18:10,351 | INFO | Steps: 72704/150000 | Episodes: 142 | CurrentEpReward: 0.000 | RecentReward: 94.725 | QLoss: 0.605889 | ParamLoss: -1.198522 | Epsilon: 0.0200 | Replay: 50000
2026-09-12 16:18:19,785 | INFO | Steps: 73216/150000 | Episodes: 143 | CurrentEpReward: 0.000 | RecentReward: 93.503 | QLoss: 0.470952 | ParamLoss: -1.216582 | Epsilon: 0.0200 | Replay: 50000
2026-09-12 16:18:29,278 | INFO | Steps: 73728/150000 | Episodes: 144 | CurrentEpReward: 0.000 | RecentReward: 93.307 | QLoss: 0.516130 | ParamLoss: -1.221129 | Epsilon: 0.0200 | Replay: 50000
2026-09-12 16:18:38,927 | INFO | Steps: 74240/150000 | Episodes: 145 | CurrentEpReward: 0.000 | RecentReward: 93.240 | QLoss: 0.555170 | ParamLoss: -1.227848 | Epsilon: 0.0200 | Replay: 50000
2026-09-12 16:18:48,515 | INFO | Steps: 74752/150000 | Episodes: 146 | CurrentEpReward: 0.000 | RecentReward: 93.092 | QLoss: 0.556286 | ParamLoss: -1.227250 | Epsilon: 0.0200 | Replay: 50000
2026-09-12 16:18:58,196 | INFO | Steps: 75264/150000 | Episodes: 147 | CurrentEpReward: 0.000 | RecentReward: 93.577 | QLoss: 0.456654 | ParamLoss: -1.235671 | Epsilon: 0.0200 | Replay: 50000
2026-09-12 16:19:07,955 | INFO | Steps: 75776/150000 | Episodes: 148 | CurrentEpReward: 0.000 | RecentReward: 93.590 | QLoss: 0.540286 | ParamLoss: -1.233705 | Epsilon: 0.0200 | Replay: 50000
2026-09-12 16:19:17,568 | INFO | Steps: 76288/150000 | Episodes: 149 | CurrentEpReward: 0.000 | RecentReward: 94.170 | QLoss: 0.592730 | ParamLoss: -1.239206 | Epsilon: 0.0200 | Replay: 50000
2026-09-12 16:19:27,420 | INFO | Steps: 76800/150000 | Episodes: 150 | CurrentEpReward: 0.000 | RecentReward: 95.060 | QLoss: 0.619377 | ParamLoss: -1.254438 | Epsilon: 0.0200 | Replay: 50000
2026-09-12 16:19:36,930 | INFO | Steps: 77312/150000 | Episodes: 151 | CurrentEpReward: 0.000 | RecentReward: 94.057 | QLoss: 0.597346 | ParamLoss: -1.247706 | Epsilon: 0.0200 | Replay: 50000
2026-09-12 16:19:46,464 | INFO | Steps: 77824/150000 | Episodes: 152 | CurrentEpReward: 0.000 | RecentReward: 94.958 | QLoss: 0.638906 | ParamLoss: -1.257197 | Epsilon: 0.0200 | Replay: 50000
2026-09-12 16:19:56,141 | INFO | Steps: 78336/150000 | Episodes: 153 | CurrentEpReward: 0.000 | RecentReward: 96.126 | QLoss: 0.675905 | ParamLoss: -1.256298 | Epsilon: 0.0200 | Replay: 50000
2026-09-12 16:20:06,022 | INFO | Steps: 78848/150000 | Episodes: 154 | CurrentEpReward: 0.000 | RecentReward: 97.214 | QLoss: 0.544141 | ParamLoss: -1.266591 | Epsilon: 0.0200 | Replay: 50000
2026-09-12 16:20:15,919 | INFO | Steps: 79360/150000 | Episodes: 155 | CurrentEpReward: 0.000 | RecentReward: 97.656 | QLoss: 0.629346 | ParamLoss: -1.262296 | Epsilon: 0.0200 | Replay: 50000
2026-09-12 16:20:25,780 | INFO | Steps: 79872/150000 | Episodes: 156 | CurrentEpReward: 0.000 | RecentReward: 96.994 | QLoss: 0.541327 | ParamLoss: -1.269986 | Epsilon: 0.0200 | Replay: 50000
2026-09-12 16:20:35,238 | INFO | Steps: 80384/150000 | Episodes: 157 | CurrentEpReward: 0.000 | RecentReward: 96.733 | QLoss: 0.476258 | ParamLoss: -1.265594 | Epsilon: 0.0200 | Replay: 50000
2026-09-12 16:20:44,719 | INFO | Steps: 80896/150000 | Episodes: 158 | CurrentEpReward: 0.000 | RecentReward: 96.100 | QLoss: 0.704751 | ParamLoss: -1.276029 | Epsilon: 0.0200 | Replay: 50000
2026-09-12 16:20:54,383 | INFO | Steps: 81408/150000 | Episodes: 159 | CurrentEpReward: 0.000 | RecentReward: 95.905 | QLoss: 0.594739 | ParamLoss: -1.279287 | Epsilon: 0.0200 | Replay: 50000
2026-09-12 16:21:04,043 | INFO | Steps: 81920/150000 | Episodes: 160 | CurrentEpReward: 0.000 | RecentReward: 95.930 | QLoss: 0.608838 | ParamLoss: -1.288211 | Epsilon: 0.0200 | Replay: 50000
2026-09-12 16:21:13,471 | INFO | Steps: 82432/150000 | Episodes: 161 | CurrentEpReward: 0.000 | RecentReward: 96.273 | QLoss: 0.637397 | ParamLoss: -1.293163 | Epsilon: 0.0200 | Replay: 50000
2026-09-12 16:21:22,988 | INFO | Steps: 82944/150000 | Episodes: 162 | CurrentEpReward: 0.000 | RecentReward: 95.468 | QLoss: 0.582642 | ParamLoss: -1.309760 | Epsilon: 0.0200 | Replay: 50000
2026-09-12 16:21:32,569 | INFO | Steps: 83456/150000 | Episodes: 163 | CurrentEpReward: 0.000 | RecentReward: 94.862 | QLoss: 0.847200 | ParamLoss: -1.322255 | Epsilon: 0.0200 | Replay: 50000
2026-09-12 16:21:42,110 | INFO | Steps: 83968/150000 | Episodes: 164 | CurrentEpReward: 0.000 | RecentReward: 94.546 | QLoss: 0.531145 | ParamLoss: -1.335186 | Epsilon: 0.0200 | Replay: 50000
2026-09-12 16:21:51,562 | INFO | Steps: 84480/150000 | Episodes: 165 | CurrentEpReward: 0.000 | RecentReward: 93.961 | QLoss: 0.520028 | ParamLoss: -1.327358 | Epsilon: 0.0200 | Replay: 50000
2026-09-12 16:22:01,014 | INFO | Steps: 84992/150000 | Episodes: 166 | CurrentEpReward: 0.000 | RecentReward: 94.276 | QLoss: 0.509863 | ParamLoss: -1.317417 | Epsilon: 0.0200 | Replay: 50000
2026-09-12 16:22:10,766 | INFO | Steps: 85504/150000 | Episodes: 167 | CurrentEpReward: 0.000 | RecentReward: 93.515 | QLoss: 0.589196 | ParamLoss: -1.327486 | Epsilon: 0.0200 | Replay: 50000
2026-09-12 16:22:20,411 | INFO | Steps: 86016/150000 | Episodes: 168 | CurrentEpReward: 0.000 | RecentReward: 92.828 | QLoss: 0.554481 | ParamLoss: -1.322378 | Epsilon: 0.0200 | Replay: 50000
2026-09-12 16:22:29,830 | INFO | Steps: 86528/150000 | Episodes: 169 | CurrentEpReward: 0.000 | RecentReward: 92.556 | QLoss: 0.573736 | ParamLoss: -1.330641 | Epsilon: 0.0200 | Replay: 50000
2026-09-12 16:22:39,232 | INFO | Steps: 87040/150000 | Episodes: 170 | CurrentEpReward: 0.000 | RecentReward: 90.719 | QLoss: 0.746678 | ParamLoss: -1.343720 | Epsilon: 0.0200 | Replay: 50000
2026-09-12 16:22:48,659 | INFO | Steps: 87552/150000 | Episodes: 171 | CurrentEpReward: 0.000 | RecentReward: 90.127 | QLoss: 0.736092 | ParamLoss: -1.332214 | Epsilon: 0.0200 | Replay: 50000
2026-09-12 16:22:58,295 | INFO | Steps: 88064/150000 | Episodes: 172 | CurrentEpReward: 0.000 | RecentReward: 89.686 | QLoss: 0.574281 | ParamLoss: -1.329875 | Epsilon: 0.0200 | Replay: 50000
2026-09-12 16:23:07,724 | INFO | Steps: 88576/150000 | Episodes: 173 | CurrentEpReward: 0.000 | RecentReward: 89.671 | QLoss: 0.605511 | ParamLoss: -1.340702 | Epsilon: 0.0200 | Replay: 50000
2026-09-12 16:23:17,200 | INFO | Steps: 89088/150000 | Episodes: 174 | CurrentEpReward: 0.000 | RecentReward: 90.012 | QLoss: 0.595659 | ParamLoss: -1.361627 | Epsilon: 0.0200 | Replay: 50000
2026-09-12 16:23:26,743 | INFO | Steps: 89600/150000 | Episodes: 175 | CurrentEpReward: 0.000 | RecentReward: 90.301 | QLoss: 0.679404 | ParamLoss: -1.357077 | Epsilon: 0.0200 | Replay: 50000
2026-09-12 16:23:36,310 | INFO | Steps: 90112/150000 | Episodes: 176 | CurrentEpReward: 0.000 | RecentReward: 89.148 | QLoss: 0.641894 | ParamLoss: -1.372028 | Epsilon: 0.0200 | Replay: 50000
2026-09-12 16:23:45,844 | INFO | Steps: 90624/150000 | Episodes: 177 | CurrentEpReward: 0.000 | RecentReward: 89.443 | QLoss: 0.732640 | ParamLoss: -1.387116 | Epsilon: 0.0200 | Replay: 50000
2026-09-12 16:23:55,364 | INFO | Steps: 91136/150000 | Episodes: 178 | CurrentEpReward: 0.000 | RecentReward: 90.150 | QLoss: 0.686006 | ParamLoss: -1.400005 | Epsilon: 0.0200 | Replay: 50000
2026-09-12 16:24:04,941 | INFO | Steps: 91648/150000 | Episodes: 179 | CurrentEpReward: 0.000 | RecentReward: 90.260 | QLoss: 0.750930 | ParamLoss: -1.395066 | Epsilon: 0.0200 | Replay: 50000
2026-09-12 16:24:14,389 | INFO | Steps: 92160/150000 | Episodes: 180 | CurrentEpReward: 0.000 | RecentReward: 91.601 | QLoss: 0.537904 | ParamLoss: -1.415378 | Epsilon: 0.0200 | Replay: 50000
2026-09-12 16:24:23,880 | INFO | Steps: 92672/150000 | Episodes: 181 | CurrentEpReward: 0.000 | RecentReward: 92.339 | QLoss: 0.716778 | ParamLoss: -1.422751 | Epsilon: 0.0200 | Replay: 50000
2026-09-12 16:24:33,375 | INFO | Steps: 93184/150000 | Episodes: 182 | CurrentEpReward: 0.000 | RecentReward: 93.848 | QLoss: 0.635367 | ParamLoss: -1.425376 | Epsilon: 0.0200 | Replay: 50000
2026-09-12 16:24:42,934 | INFO | Steps: 93696/150000 | Episodes: 183 | CurrentEpReward: 0.000 | RecentReward: 93.742 | QLoss: 0.501676 | ParamLoss: -1.418466 | Epsilon: 0.0200 | Replay: 50000
2026-09-12 16:24:52,439 | INFO | Steps: 94208/150000 | Episodes: 184 | CurrentEpReward: 0.000 | RecentReward: 93.042 | QLoss: 0.637553 | ParamLoss: -1.421850 | Epsilon: 0.0200 | Replay: 50000
2026-09-12 16:25:01,986 | INFO | Steps: 94720/150000 | Episodes: 185 | CurrentEpReward: 0.000 | RecentReward: 93.057 | QLoss: 0.657337 | ParamLoss: -1.426082 | Epsilon: 0.0200 | Replay: 50000
2026-09-12 16:25:11,468 | INFO | Steps: 95232/150000 | Episodes: 186 | CurrentEpReward: 0.000 | RecentReward: 93.750 | QLoss: 0.755362 | ParamLoss: -1.424852 | Epsilon: 0.0200 | Replay: 50000
2026-09-12 16:25:21,044 | INFO | Steps: 95744/150000 | Episodes: 187 | CurrentEpReward: 0.000 | RecentReward: 93.727 | QLoss: 0.552234 | ParamLoss: -1.432036 | Epsilon: 0.0200 | Replay: 50000
2026-09-12 16:25:30,517 | INFO | Steps: 96256/150000 | Episodes: 188 | CurrentEpReward: 0.000 | RecentReward: 93.714 | QLoss: 0.544205 | ParamLoss: -1.430950 | Epsilon: 0.0200 | Replay: 50000
2026-09-12 16:25:40,113 | INFO | Steps: 96768/150000 | Episodes: 189 | CurrentEpReward: 0.000 | RecentReward: 94.912 | QLoss: 0.787795 | ParamLoss: -1.432576 | Epsilon: 0.0200 | Replay: 50000
2026-09-12 16:25:49,726 | INFO | Steps: 97280/150000 | Episodes: 190 | CurrentEpReward: 0.000 | RecentReward: 94.774 | QLoss: 0.618364 | ParamLoss: -1.422675 | Epsilon: 0.0200 | Replay: 50000
2026-09-12 16:25:59,245 | INFO | Steps: 97792/150000 | Episodes: 191 | CurrentEpReward: 0.000 | RecentReward: 94.456 | QLoss: 0.658257 | ParamLoss: -1.421327 | Epsilon: 0.0200 | Replay: 50000
2026-09-12 16:26:08,709 | INFO | Steps: 98304/150000 | Episodes: 192 | CurrentEpReward: 0.000 | RecentReward: 93.820 | QLoss: 0.786908 | ParamLoss: -1.410284 | Epsilon: 0.0200 | Replay: 50000
2026-09-12 16:26:18,145 | INFO | Steps: 98816/150000 | Episodes: 193 | CurrentEpReward: 0.000 | RecentReward: 94.763 | QLoss: 0.739494 | ParamLoss: -1.413612 | Epsilon: 0.0200 | Replay: 50000
2026-09-12 16:26:27,758 | INFO | Steps: 99328/150000 | Episodes: 194 | CurrentEpReward: 0.000 | RecentReward: 94.983 | QLoss: 0.596112 | ParamLoss: -1.415691 | Epsilon: 0.0200 | Replay: 50000
2026-09-12 16:26:37,192 | INFO | Steps: 99840/150000 | Episodes: 195 | CurrentEpReward: 0.000 | RecentReward: 95.407 | QLoss: 0.665019 | ParamLoss: -1.427708 | Epsilon: 0.0200 | Replay: 50000
2026-09-12 16:26:59,951 | INFO | 周期权重已保存: /home/pjpjq/LEO_switch/results/multiseed_0907/seed43/u20/learned_baselines/pdqn/checkpoint_100000.pt
2026-09-12 16:27:06,537 | INFO | Steps: 100352/150000 | Episodes: 196 | CurrentEpReward: 0.000 | RecentReward: 96.192 | QLoss: 0.687291 | ParamLoss: -1.435806 | Epsilon: 0.0200 | Replay: 50000
2026-09-12 16:27:16,130 | INFO | Steps: 100864/150000 | Episodes: 197 | CurrentEpReward: 0.000 | RecentReward: 97.185 | QLoss: 0.629692 | ParamLoss: -1.452275 | Epsilon: 0.0200 | Replay: 50000
2026-09-12 16:27:25,657 | INFO | Steps: 101376/150000 | Episodes: 198 | CurrentEpReward: 0.000 | RecentReward: 96.058 | QLoss: 0.582958 | ParamLoss: -1.450052 | Epsilon: 0.0200 | Replay: 50000
2026-09-12 16:27:35,358 | INFO | Steps: 101888/150000 | Episodes: 199 | CurrentEpReward: 0.000 | RecentReward: 95.067 | QLoss: 0.685456 | ParamLoss: -1.446315 | Epsilon: 0.0200 | Replay: 50000
2026-09-12 16:27:44,834 | INFO | Steps: 102400/150000 | Episodes: 200 | CurrentEpReward: 0.000 | RecentReward: 94.159 | QLoss: 0.772833 | ParamLoss: -1.438048 | Epsilon: 0.0200 | Replay: 50000
2026-09-12 16:27:54,501 | INFO | Steps: 102912/150000 | Episodes: 201 | CurrentEpReward: 0.000 | RecentReward: 94.552 | QLoss: 0.634499 | ParamLoss: -1.437682 | Epsilon: 0.0200 | Replay: 50000
2026-09-12 16:28:04,080 | INFO | Steps: 103424/150000 | Episodes: 202 | CurrentEpReward: 0.000 | RecentReward: 95.031 | QLoss: 0.773486 | ParamLoss: -1.438463 | Epsilon: 0.0200 | Replay: 50000
2026-09-12 16:28:13,773 | INFO | Steps: 103936/150000 | Episodes: 203 | CurrentEpReward: 0.000 | RecentReward: 93.882 | QLoss: 0.651230 | ParamLoss: -1.440475 | Epsilon: 0.0200 | Replay: 50000
2026-09-12 16:28:23,363 | INFO | Steps: 104448/150000 | Episodes: 204 | CurrentEpReward: 0.000 | RecentReward: 94.136 | QLoss: 0.627920 | ParamLoss: -1.440687 | Epsilon: 0.0200 | Replay: 50000
2026-09-12 16:28:32,932 | INFO | Steps: 104960/150000 | Episodes: 205 | CurrentEpReward: 0.000 | RecentReward: 93.764 | QLoss: 0.543656 | ParamLoss: -1.442559 | Epsilon: 0.0200 | Replay: 50000
2026-09-12 16:28:42,592 | INFO | Steps: 105472/150000 | Episodes: 206 | CurrentEpReward: 0.000 | RecentReward: 93.296 | QLoss: 0.764465 | ParamLoss: -1.438047 | Epsilon: 0.0200 | Replay: 50000
2026-09-12 16:28:52,224 | INFO | Steps: 105984/150000 | Episodes: 207 | CurrentEpReward: 0.000 | RecentReward: 92.708 | QLoss: 0.633975 | ParamLoss: -1.449167 | Epsilon: 0.0200 | Replay: 50000
2026-09-12 16:29:01,796 | INFO | Steps: 106496/150000 | Episodes: 208 | CurrentEpReward: 0.000 | RecentReward: 93.687 | QLoss: 0.713257 | ParamLoss: -1.433802 | Epsilon: 0.0200 | Replay: 50000
2026-09-12 16:29:11,487 | INFO | Steps: 107008/150000 | Episodes: 209 | CurrentEpReward: 0.000 | RecentReward: 93.633 | QLoss: 0.591116 | ParamLoss: -1.453561 | Epsilon: 0.0200 | Replay: 50000
2026-09-12 16:29:21,069 | INFO | Steps: 107520/150000 | Episodes: 210 | CurrentEpReward: 0.000 | RecentReward: 94.416 | QLoss: 0.803858 | ParamLoss: -1.460574 | Epsilon: 0.0200 | Replay: 50000
2026-09-12 16:29:30,772 | INFO | Steps: 108032/150000 | Episodes: 211 | CurrentEpReward: 0.000 | RecentReward: 94.311 | QLoss: 0.771763 | ParamLoss: -1.466453 | Epsilon: 0.0200 | Replay: 50000
2026-09-12 16:29:40,331 | INFO | Steps: 108544/150000 | Episodes: 212 | CurrentEpReward: 0.000 | RecentReward: 93.922 | QLoss: 0.676850 | ParamLoss: -1.465795 | Epsilon: 0.0200 | Replay: 50000
2026-09-12 16:29:49,914 | INFO | Steps: 109056/150000 | Episodes: 213 | CurrentEpReward: 0.000 | RecentReward: 94.664 | QLoss: 0.781210 | ParamLoss: -1.465932 | Epsilon: 0.0200 | Replay: 50000
2026-09-12 16:29:59,603 | INFO | Steps: 109568/150000 | Episodes: 214 | CurrentEpReward: 0.000 | RecentReward: 95.443 | QLoss: 0.592427 | ParamLoss: -1.474192 | Epsilon: 0.0200 | Replay: 50000
2026-09-12 16:30:09,202 | INFO | Steps: 110080/150000 | Episodes: 215 | CurrentEpReward: 0.000 | RecentReward: 95.172 | QLoss: 0.653984 | ParamLoss: -1.470672 | Epsilon: 0.0200 | Replay: 50000
2026-09-12 16:30:18,793 | INFO | Steps: 110592/150000 | Episodes: 216 | CurrentEpReward: 0.000 | RecentReward: 94.409 | QLoss: 0.674705 | ParamLoss: -1.464281 | Epsilon: 0.0200 | Replay: 50000
2026-09-12 16:30:28,473 | INFO | Steps: 111104/150000 | Episodes: 217 | CurrentEpReward: 0.000 | RecentReward: 94.066 | QLoss: 0.770966 | ParamLoss: -1.474529 | Epsilon: 0.0200 | Replay: 50000
2026-09-12 16:30:38,136 | INFO | Steps: 111616/150000 | Episodes: 218 | CurrentEpReward: 0.000 | RecentReward: 94.805 | QLoss: 0.703505 | ParamLoss: -1.480734 | Epsilon: 0.0200 | Replay: 50000
2026-09-12 16:30:47,613 | INFO | Steps: 112128/150000 | Episodes: 219 | CurrentEpReward: 0.000 | RecentReward: 94.787 | QLoss: 0.641114 | ParamLoss: -1.492643 | Epsilon: 0.0200 | Replay: 50000
2026-09-12 16:30:57,145 | INFO | Steps: 112640/150000 | Episodes: 220 | CurrentEpReward: 0.000 | RecentReward: 95.096 | QLoss: 0.756159 | ParamLoss: -1.486100 | Epsilon: 0.0200 | Replay: 50000
2026-09-12 16:31:06,763 | INFO | Steps: 113152/150000 | Episodes: 221 | CurrentEpReward: 0.000 | RecentReward: 94.906 | QLoss: 0.831536 | ParamLoss: -1.485339 | Epsilon: 0.0200 | Replay: 50000
2026-09-12 16:31:16,473 | INFO | Steps: 113664/150000 | Episodes: 222 | CurrentEpReward: 0.000 | RecentReward: 94.173 | QLoss: 0.715507 | ParamLoss: -1.474036 | Epsilon: 0.0200 | Replay: 50000
2026-09-12 16:31:26,420 | INFO | Steps: 114176/150000 | Episodes: 223 | CurrentEpReward: 0.000 | RecentReward: 94.512 | QLoss: 0.771992 | ParamLoss: -1.477606 | Epsilon: 0.0200 | Replay: 50000
2026-09-12 16:31:36,267 | INFO | Steps: 114688/150000 | Episodes: 224 | CurrentEpReward: 0.000 | RecentReward: 94.317 | QLoss: 0.970822 | ParamLoss: -1.483098 | Epsilon: 0.0200 | Replay: 50000
2026-09-12 16:31:45,936 | INFO | Steps: 115200/150000 | Episodes: 225 | CurrentEpReward: 0.000 | RecentReward: 94.232 | QLoss: 0.671998 | ParamLoss: -1.482802 | Epsilon: 0.0200 | Replay: 50000
2026-09-12 16:31:55,599 | INFO | Steps: 115712/150000 | Episodes: 226 | CurrentEpReward: 0.000 | RecentReward: 95.159 | QLoss: 0.679553 | ParamLoss: -1.483976 | Epsilon: 0.0200 | Replay: 50000
2026-09-12 16:32:05,491 | INFO | Steps: 116224/150000 | Episodes: 227 | CurrentEpReward: 0.000 | RecentReward: 94.729 | QLoss: 0.641479 | ParamLoss: -1.494734 | Epsilon: 0.0200 | Replay: 50000
2026-09-12 16:32:15,152 | INFO | Steps: 116736/150000 | Episodes: 228 | CurrentEpReward: 0.000 | RecentReward: 93.767 | QLoss: 0.731936 | ParamLoss: -1.485719 | Epsilon: 0.0200 | Replay: 50000
2026-09-12 16:32:24,602 | INFO | Steps: 117248/150000 | Episodes: 229 | CurrentEpReward: 0.000 | RecentReward: 93.730 | QLoss: 0.645474 | ParamLoss: -1.494438 | Epsilon: 0.0200 | Replay: 50000
2026-09-12 16:32:34,329 | INFO | Steps: 117760/150000 | Episodes: 230 | CurrentEpReward: 0.000 | RecentReward: 94.553 | QLoss: 0.583094 | ParamLoss: -1.494130 | Epsilon: 0.0200 | Replay: 50000
2026-09-12 16:32:43,862 | INFO | Steps: 118272/150000 | Episodes: 231 | CurrentEpReward: 0.000 | RecentReward: 95.757 | QLoss: 0.901345 | ParamLoss: -1.500225 | Epsilon: 0.0200 | Replay: 50000
2026-09-12 16:32:53,509 | INFO | Steps: 118784/150000 | Episodes: 232 | CurrentEpReward: 0.000 | RecentReward: 96.635 | QLoss: 0.646624 | ParamLoss: -1.513378 | Epsilon: 0.0200 | Replay: 50000
2026-09-12 16:33:03,380 | INFO | Steps: 119296/150000 | Episodes: 233 | CurrentEpReward: 0.000 | RecentReward: 97.056 | QLoss: 0.752975 | ParamLoss: -1.521050 | Epsilon: 0.0200 | Replay: 50000
2026-09-12 16:33:13,237 | INFO | Steps: 119808/150000 | Episodes: 234 | CurrentEpReward: 0.000 | RecentReward: 95.987 | QLoss: 0.661437 | ParamLoss: -1.513848 | Epsilon: 0.0200 | Replay: 50000
2026-09-12 16:33:23,008 | INFO | Steps: 120320/150000 | Episodes: 235 | CurrentEpReward: 0.000 | RecentReward: 95.981 | QLoss: 0.701225 | ParamLoss: -1.507146 | Epsilon: 0.0200 | Replay: 50000
2026-09-12 16:33:32,546 | INFO | Steps: 120832/150000 | Episodes: 236 | CurrentEpReward: 0.000 | RecentReward: 94.971 | QLoss: 0.614588 | ParamLoss: -1.498031 | Epsilon: 0.0200 | Replay: 50000
2026-09-12 16:33:42,575 | INFO | Steps: 121344/150000 | Episodes: 237 | CurrentEpReward: 0.000 | RecentReward: 96.377 | QLoss: 0.662874 | ParamLoss: -1.499223 | Epsilon: 0.0200 | Replay: 50000
2026-09-12 16:33:52,370 | INFO | Steps: 121856/150000 | Episodes: 238 | CurrentEpReward: 0.000 | RecentReward: 96.807 | QLoss: 0.704484 | ParamLoss: -1.516238 | Epsilon: 0.0200 | Replay: 50000
2026-09-12 16:34:02,169 | INFO | Steps: 122368/150000 | Episodes: 239 | CurrentEpReward: 0.000 | RecentReward: 97.525 | QLoss: 0.496323 | ParamLoss: -1.524313 | Epsilon: 0.0200 | Replay: 50000
2026-09-12 16:34:11,893 | INFO | Steps: 122880/150000 | Episodes: 240 | CurrentEpReward: 0.000 | RecentReward: 96.741 | QLoss: 0.744115 | ParamLoss: -1.529703 | Epsilon: 0.0200 | Replay: 50000
2026-09-12 16:34:21,529 | INFO | Steps: 123392/150000 | Episodes: 241 | CurrentEpReward: 0.000 | RecentReward: 95.475 | QLoss: 0.538389 | ParamLoss: -1.531337 | Epsilon: 0.0200 | Replay: 50000
2026-09-12 16:34:31,052 | INFO | Steps: 123904/150000 | Episodes: 242 | CurrentEpReward: 0.000 | RecentReward: 95.078 | QLoss: 0.767909 | ParamLoss: -1.530933 | Epsilon: 0.0200 | Replay: 50000
2026-09-12 16:34:40,665 | INFO | Steps: 124416/150000 | Episodes: 243 | CurrentEpReward: 0.000 | RecentReward: 94.316 | QLoss: 0.846340 | ParamLoss: -1.530650 | Epsilon: 0.0200 | Replay: 50000
2026-09-12 16:34:50,461 | INFO | Steps: 124928/150000 | Episodes: 244 | CurrentEpReward: 0.000 | RecentReward: 95.304 | QLoss: 0.653287 | ParamLoss: -1.537080 | Epsilon: 0.0200 | Replay: 50000
2026-09-12 16:35:00,328 | INFO | Steps: 125440/150000 | Episodes: 245 | CurrentEpReward: 0.000 | RecentReward: 96.067 | QLoss: 0.659895 | ParamLoss: -1.533511 | Epsilon: 0.0200 | Replay: 50000
2026-09-12 16:35:09,961 | INFO | Steps: 125952/150000 | Episodes: 246 | CurrentEpReward: 0.000 | RecentReward: 96.480 | QLoss: 0.728648 | ParamLoss: -1.540848 | Epsilon: 0.0200 | Replay: 50000
2026-09-12 16:35:19,660 | INFO | Steps: 126464/150000 | Episodes: 247 | CurrentEpReward: 0.000 | RecentReward: 95.927 | QLoss: 0.664181 | ParamLoss: -1.535134 | Epsilon: 0.0200 | Replay: 50000
2026-09-12 16:35:29,399 | INFO | Steps: 126976/150000 | Episodes: 248 | CurrentEpReward: 0.000 | RecentReward: 95.607 | QLoss: 0.767452 | ParamLoss: -1.529289 | Epsilon: 0.0200 | Replay: 50000
2026-09-12 16:35:39,011 | INFO | Steps: 127488/150000 | Episodes: 249 | CurrentEpReward: 0.000 | RecentReward: 95.207 | QLoss: 0.897744 | ParamLoss: -1.538252 | Epsilon: 0.0200 | Replay: 50000
2026-09-12 16:35:48,614 | INFO | Steps: 128000/150000 | Episodes: 250 | CurrentEpReward: 0.000 | RecentReward: 94.570 | QLoss: 0.659991 | ParamLoss: -1.543394 | Epsilon: 0.0200 | Replay: 50000
2026-09-12 16:35:58,176 | INFO | Steps: 128512/150000 | Episodes: 251 | CurrentEpReward: 0.000 | RecentReward: 94.384 | QLoss: 0.841385 | ParamLoss: -1.550021 | Epsilon: 0.0200 | Replay: 50000
2026-09-12 16:36:07,778 | INFO | Steps: 129024/150000 | Episodes: 252 | CurrentEpReward: 0.000 | RecentReward: 94.842 | QLoss: 0.609526 | ParamLoss: -1.558624 | Epsilon: 0.0200 | Replay: 50000
2026-09-12 16:36:17,339 | INFO | Steps: 129536/150000 | Episodes: 253 | CurrentEpReward: 0.000 | RecentReward: 93.902 | QLoss: 0.731511 | ParamLoss: -1.566753 | Epsilon: 0.0200 | Replay: 50000
2026-09-12 16:36:26,921 | INFO | Steps: 130048/150000 | Episodes: 254 | CurrentEpReward: 0.000 | RecentReward: 93.282 | QLoss: 0.674528 | ParamLoss: -1.570852 | Epsilon: 0.0200 | Replay: 50000
2026-09-12 16:36:36,470 | INFO | Steps: 130560/150000 | Episodes: 255 | CurrentEpReward: 0.000 | RecentReward: 92.919 | QLoss: 0.732639 | ParamLoss: -1.577432 | Epsilon: 0.0200 | Replay: 50000
2026-09-12 16:36:46,152 | INFO | Steps: 131072/150000 | Episodes: 256 | CurrentEpReward: 0.000 | RecentReward: 94.346 | QLoss: 0.858328 | ParamLoss: -1.572067 | Epsilon: 0.0200 | Replay: 50000
2026-09-12 16:36:55,953 | INFO | Steps: 131584/150000 | Episodes: 257 | CurrentEpReward: 0.000 | RecentReward: 94.628 | QLoss: 0.699026 | ParamLoss: -1.566547 | Epsilon: 0.0200 | Replay: 50000
2026-09-12 16:37:05,549 | INFO | Steps: 132096/150000 | Episodes: 258 | CurrentEpReward: 0.000 | RecentReward: 94.672 | QLoss: 0.579935 | ParamLoss: -1.551909 | Epsilon: 0.0200 | Replay: 50000
2026-09-12 16:37:14,990 | INFO | Steps: 132608/150000 | Episodes: 259 | CurrentEpReward: 0.000 | RecentReward: 94.576 | QLoss: 0.694746 | ParamLoss: -1.553603 | Epsilon: 0.0200 | Replay: 50000
2026-09-12 16:37:24,484 | INFO | Steps: 133120/150000 | Episodes: 260 | CurrentEpReward: 0.000 | RecentReward: 96.146 | QLoss: 0.831637 | ParamLoss: -1.555749 | Epsilon: 0.0200 | Replay: 50000
2026-09-12 16:37:33,995 | INFO | Steps: 133632/150000 | Episodes: 261 | CurrentEpReward: 0.000 | RecentReward: 96.757 | QLoss: 0.714817 | ParamLoss: -1.551820 | Epsilon: 0.0200 | Replay: 50000
2026-09-12 16:37:43,648 | INFO | Steps: 134144/150000 | Episodes: 262 | CurrentEpReward: 0.000 | RecentReward: 95.978 | QLoss: 0.688781 | ParamLoss: -1.559867 | Epsilon: 0.0200 | Replay: 50000
2026-09-12 16:37:53,136 | INFO | Steps: 134656/150000 | Episodes: 263 | CurrentEpReward: 0.000 | RecentReward: 97.120 | QLoss: 0.605339 | ParamLoss: -1.574388 | Epsilon: 0.0200 | Replay: 50000
2026-09-12 16:38:02,774 | INFO | Steps: 135168/150000 | Episodes: 264 | CurrentEpReward: 0.000 | RecentReward: 96.501 | QLoss: 0.831208 | ParamLoss: -1.580911 | Epsilon: 0.0200 | Replay: 50000
2026-09-12 16:38:12,343 | INFO | Steps: 135680/150000 | Episodes: 265 | CurrentEpReward: 0.000 | RecentReward: 96.934 | QLoss: 0.774110 | ParamLoss: -1.587538 | Epsilon: 0.0200 | Replay: 50000
2026-09-12 16:38:21,809 | INFO | Steps: 136192/150000 | Episodes: 266 | CurrentEpReward: 0.000 | RecentReward: 95.352 | QLoss: 0.607338 | ParamLoss: -1.596389 | Epsilon: 0.0200 | Replay: 50000
2026-09-12 16:38:31,496 | INFO | Steps: 136704/150000 | Episodes: 267 | CurrentEpReward: 0.000 | RecentReward: 94.637 | QLoss: 0.634788 | ParamLoss: -1.600700 | Epsilon: 0.0200 | Replay: 50000
2026-09-12 16:38:40,959 | INFO | Steps: 137216/150000 | Episodes: 268 | CurrentEpReward: 0.000 | RecentReward: 94.385 | QLoss: 0.725346 | ParamLoss: -1.598004 | Epsilon: 0.0200 | Replay: 50000
2026-09-12 16:38:50,458 | INFO | Steps: 137728/150000 | Episodes: 269 | CurrentEpReward: 0.000 | RecentReward: 94.333 | QLoss: 0.803317 | ParamLoss: -1.598395 | Epsilon: 0.0200 | Replay: 50000
2026-09-12 16:38:59,880 | INFO | Steps: 138240/150000 | Episodes: 270 | CurrentEpReward: 0.000 | RecentReward: 92.949 | QLoss: 0.761856 | ParamLoss: -1.600657 | Epsilon: 0.0200 | Replay: 50000
2026-09-12 16:39:09,321 | INFO | Steps: 138752/150000 | Episodes: 271 | CurrentEpReward: 0.000 | RecentReward: 92.612 | QLoss: 0.862460 | ParamLoss: -1.603806 | Epsilon: 0.0200 | Replay: 50000
2026-09-12 16:39:18,752 | INFO | Steps: 139264/150000 | Episodes: 272 | CurrentEpReward: 0.000 | RecentReward: 92.872 | QLoss: 0.656283 | ParamLoss: -1.605393 | Epsilon: 0.0200 | Replay: 50000
2026-09-12 16:39:28,320 | INFO | Steps: 139776/150000 | Episodes: 273 | CurrentEpReward: 0.000 | RecentReward: 92.514 | QLoss: 0.761416 | ParamLoss: -1.601590 | Epsilon: 0.0200 | Replay: 50000
2026-09-12 16:39:38,212 | INFO | Steps: 140288/150000 | Episodes: 274 | CurrentEpReward: 0.000 | RecentReward: 93.639 | QLoss: 0.620981 | ParamLoss: -1.599342 | Epsilon: 0.0200 | Replay: 50000
2026-09-12 16:39:47,808 | INFO | Steps: 140800/150000 | Episodes: 275 | CurrentEpReward: 0.000 | RecentReward: 93.074 | QLoss: 0.678122 | ParamLoss: -1.600029 | Epsilon: 0.0200 | Replay: 50000
2026-09-12 16:39:57,573 | INFO | Steps: 141312/150000 | Episodes: 276 | CurrentEpReward: 0.000 | RecentReward: 93.553 | QLoss: 0.731646 | ParamLoss: -1.602830 | Epsilon: 0.0200 | Replay: 50000
2026-09-12 16:40:07,377 | INFO | Steps: 141824/150000 | Episodes: 277 | CurrentEpReward: 0.000 | RecentReward: 93.693 | QLoss: 0.876232 | ParamLoss: -1.611054 | Epsilon: 0.0200 | Replay: 50000
2026-09-12 16:40:17,185 | INFO | Steps: 142336/150000 | Episodes: 278 | CurrentEpReward: 0.000 | RecentReward: 93.903 | QLoss: 0.958240 | ParamLoss: -1.605055 | Epsilon: 0.0200 | Replay: 50000
2026-09-12 16:40:26,933 | INFO | Steps: 142848/150000 | Episodes: 279 | CurrentEpReward: 0.000 | RecentReward: 94.537 | QLoss: 0.730589 | ParamLoss: -1.610138 | Epsilon: 0.0200 | Replay: 50000
2026-09-12 16:40:36,671 | INFO | Steps: 143360/150000 | Episodes: 280 | CurrentEpReward: 0.000 | RecentReward: 95.849 | QLoss: 0.714961 | ParamLoss: -1.619127 | Epsilon: 0.0200 | Replay: 50000
2026-09-12 16:40:46,146 | INFO | Steps: 143872/150000 | Episodes: 281 | CurrentEpReward: 0.000 | RecentReward: 95.236 | QLoss: 0.803392 | ParamLoss: -1.605461 | Epsilon: 0.0200 | Replay: 50000
2026-09-12 16:40:55,789 | INFO | Steps: 144384/150000 | Episodes: 282 | CurrentEpReward: 0.000 | RecentReward: 95.935 | QLoss: 0.684504 | ParamLoss: -1.606363 | Epsilon: 0.0200 | Replay: 50000
2026-09-12 16:41:05,342 | INFO | Steps: 144896/150000 | Episodes: 283 | CurrentEpReward: 0.000 | RecentReward: 94.706 | QLoss: 0.819086 | ParamLoss: -1.610817 | Epsilon: 0.0200 | Replay: 50000
2026-09-12 16:41:14,840 | INFO | Steps: 145408/150000 | Episodes: 284 | CurrentEpReward: 0.000 | RecentReward: 94.079 | QLoss: 0.781778 | ParamLoss: -1.594724 | Epsilon: 0.0200 | Replay: 50000
2026-09-12 16:41:24,629 | INFO | Steps: 145920/150000 | Episodes: 285 | CurrentEpReward: 0.000 | RecentReward: 94.708 | QLoss: 0.919897 | ParamLoss: -1.588482 | Epsilon: 0.0200 | Replay: 50000
2026-09-12 16:41:34,239 | INFO | Steps: 146432/150000 | Episodes: 286 | CurrentEpReward: 0.000 | RecentReward: 94.724 | QLoss: 0.921836 | ParamLoss: -1.580418 | Epsilon: 0.0200 | Replay: 50000
2026-09-12 16:41:43,799 | INFO | Steps: 146944/150000 | Episodes: 287 | CurrentEpReward: 0.000 | RecentReward: 95.119 | QLoss: 0.765806 | ParamLoss: -1.581019 | Epsilon: 0.0200 | Replay: 50000
2026-09-12 16:41:53,274 | INFO | Steps: 147456/150000 | Episodes: 288 | CurrentEpReward: 0.000 | RecentReward: 94.724 | QLoss: 0.665138 | ParamLoss: -1.581135 | Epsilon: 0.0200 | Replay: 50000
2026-09-12 16:42:02,780 | INFO | Steps: 147968/150000 | Episodes: 289 | CurrentEpReward: 0.000 | RecentReward: 94.367 | QLoss: 0.940212 | ParamLoss: -1.583455 | Epsilon: 0.0200 | Replay: 50000
2026-09-12 16:42:12,232 | INFO | Steps: 148480/150000 | Episodes: 290 | CurrentEpReward: 0.000 | RecentReward: 93.605 | QLoss: 0.728808 | ParamLoss: -1.585258 | Epsilon: 0.0200 | Replay: 50000
2026-09-12 16:42:21,828 | INFO | Steps: 148992/150000 | Episodes: 291 | CurrentEpReward: 0.000 | RecentReward: 94.487 | QLoss: 0.803582 | ParamLoss: -1.584528 | Epsilon: 0.0200 | Replay: 50000
2026-09-12 16:42:31,431 | INFO | Steps: 149504/150000 | Episodes: 292 | CurrentEpReward: 0.000 | RecentReward: 93.791 | QLoss: 0.584674 | ParamLoss: -1.600495 | Epsilon: 0.0200 | Replay: 50000
2026-09-12 16:42:40,705 | INFO | Steps: 150000/150000 | Episodes: 292 | CurrentEpReward: 88.809 | RecentReward: 93.791 | QLoss: 0.765678 | ParamLoss: -1.602108 | Epsilon: 0.0200 | Replay: 50000
2026-09-12 16:43:00,488 | INFO | 新的最佳模型 (reward): 97.670，保存至 /home/pjpjq/LEO_switch/results/multiseed_0907/seed43/u20/learned_baselines/pdqn/best_model.pt
2026-09-12 16:43:00,498 | INFO | 周期权重已保存: /home/pjpjq/LEO_switch/results/multiseed_0907/seed43/u20/learned_baselines/pdqn/checkpoint_150000.pt
2026-09-12 16:43:00,525 | INFO | 最终权重已保存: /home/pjpjq/LEO_switch/results/multiseed_0907/seed43/u20/learned_baselines/pdqn/pdqn_model.pt
2026-09-12 16:43:20,332 | INFO | 训练与评估完成 | EvalReward: 97.670 ± 3.204
