2026-09-12 23:37:02,173 | INFO | ============================================================
2026-09-12 23:37:02,173 | INFO | 开始训练纯 PDQN 基线
2026-09-12 23:37:02,173 | INFO | 总步数: 150000 | warmup: 1000 | batch: 128 | 日志间隔: 512 steps | 保存间隔: 50000 steps | device: cuda
2026-09-12 23:37:02,173 | INFO | ============================================================
2026-09-12 23:37:05,987 | INFO | Steps: 512/150000 | Episodes: 1 | CurrentEpReward: 0.000 | RecentReward: -8.059 | QLoss: 0.000000 | ParamLoss: 0.000000 | Epsilon: 1.0000 | Replay: 512
2026-09-12 23:37:10,154 | INFO | Steps: 1024/150000 | Episodes: 2 | CurrentEpReward: 0.000 | RecentReward: -2.697 | QLoss: 0.175555 | ParamLoss: 0.014311 | Epsilon: 0.9993 | Replay: 1024
2026-09-12 23:37:20,517 | INFO | Steps: 1536/150000 | Episodes: 3 | CurrentEpReward: 0.000 | RecentReward: -1.877 | QLoss: 0.162524 | ParamLoss: 0.008065 | Epsilon: 0.9860 | Replay: 1536
2026-09-12 23:37:30,912 | INFO | Steps: 2048/150000 | Episodes: 4 | CurrentEpReward: 0.000 | RecentReward: -2.814 | QLoss: 0.168384 | ParamLoss: -0.001681 | Epsilon: 0.9726 | Replay: 2048
2026-09-12 23:37:41,302 | INFO | Steps: 2560/150000 | Episodes: 5 | CurrentEpReward: 0.000 | RecentReward: -3.013 | QLoss: 0.169437 | ParamLoss: -0.010436 | Epsilon: 0.9592 | Replay: 2560
2026-09-12 23:37:51,611 | INFO | Steps: 3072/150000 | Episodes: 6 | CurrentEpReward: 0.000 | RecentReward: -4.346 | QLoss: 0.175637 | ParamLoss: -0.019069 | Epsilon: 0.9458 | Replay: 3072
2026-09-12 23:38:01,959 | INFO | Steps: 3584/150000 | Episodes: 7 | CurrentEpReward: 0.000 | RecentReward: -3.656 | QLoss: 0.178208 | ParamLoss: -0.027266 | Epsilon: 0.9324 | Replay: 3584
2026-09-12 23:38:12,299 | INFO | Steps: 4096/150000 | Episodes: 8 | CurrentEpReward: 0.000 | RecentReward: -2.508 | QLoss: 0.179232 | ParamLoss: -0.034331 | Epsilon: 0.9191 | Replay: 4096
2026-09-12 23:38:22,730 | INFO | Steps: 4608/150000 | Episodes: 9 | CurrentEpReward: 0.000 | RecentReward: -2.579 | QLoss: 0.180953 | ParamLoss: -0.040213 | Epsilon: 0.9057 | Replay: 4608
2026-09-12 23:38:33,272 | INFO | Steps: 5120/150000 | Episodes: 10 | CurrentEpReward: 0.000 | RecentReward: -2.466 | QLoss: 0.183598 | ParamLoss: -0.049093 | Epsilon: 0.8923 | Replay: 5120
2026-09-12 23:38:43,861 | INFO | Steps: 5632/150000 | Episodes: 11 | CurrentEpReward: 0.000 | RecentReward: -0.512 | QLoss: 0.181503 | ParamLoss: -0.059585 | Epsilon: 0.8789 | Replay: 5632
2026-09-12 23:38:54,230 | INFO | Steps: 6144/150000 | Episodes: 12 | CurrentEpReward: 0.000 | RecentReward: -1.003 | QLoss: 0.187906 | ParamLoss: -0.062054 | Epsilon: 0.8655 | Replay: 6144
2026-09-12 23:39:04,550 | INFO | Steps: 6656/150000 | Episodes: 13 | CurrentEpReward: 0.000 | RecentReward: -1.605 | QLoss: 0.186319 | ParamLoss: -0.066703 | Epsilon: 0.8522 | Replay: 6656
2026-09-12 23:39:14,917 | INFO | Steps: 7168/150000 | Episodes: 14 | CurrentEpReward: 0.000 | RecentReward: -0.821 | QLoss: 0.189359 | ParamLoss: -0.072575 | Epsilon: 0.8388 | Replay: 7168
2026-09-12 23:39:25,428 | INFO | Steps: 7680/150000 | Episodes: 15 | CurrentEpReward: 0.000 | RecentReward: 0.274 | QLoss: 0.195363 | ParamLoss: -0.083408 | Epsilon: 0.8254 | Replay: 7680
2026-09-12 23:39:35,681 | INFO | Steps: 8192/150000 | Episodes: 16 | CurrentEpReward: 0.000 | RecentReward: 2.388 | QLoss: 0.191114 | ParamLoss: -0.090946 | Epsilon: 0.8120 | Replay: 8192
2026-09-12 23:39:45,700 | INFO | Steps: 8704/150000 | Episodes: 17 | CurrentEpReward: 0.000 | RecentReward: 1.926 | QLoss: 0.194967 | ParamLoss: -0.092474 | Epsilon: 0.7986 | Replay: 8704
2026-09-12 23:39:56,043 | INFO | Steps: 9216/150000 | Episodes: 18 | CurrentEpReward: 0.000 | RecentReward: 2.097 | QLoss: 0.202704 | ParamLoss: -0.103704 | Epsilon: 0.7853 | Replay: 9216
2026-09-12 23:40:06,355 | INFO | Steps: 9728/150000 | Episodes: 19 | CurrentEpReward: 0.000 | RecentReward: 2.267 | QLoss: 0.199274 | ParamLoss: -0.113018 | Epsilon: 0.7719 | Replay: 9728
2026-09-12 23:40:16,747 | INFO | Steps: 10240/150000 | Episodes: 20 | CurrentEpReward: 0.000 | RecentReward: 3.306 | QLoss: 0.200005 | ParamLoss: -0.119453 | Epsilon: 0.7585 | Replay: 10240
2026-09-12 23:40:27,214 | INFO | Steps: 10752/150000 | Episodes: 21 | CurrentEpReward: 0.000 | RecentReward: 3.572 | QLoss: 0.207491 | ParamLoss: -0.126772 | Epsilon: 0.7451 | Replay: 10752
2026-09-12 23:40:37,656 | INFO | Steps: 11264/150000 | Episodes: 22 | CurrentEpReward: 0.000 | RecentReward: 4.207 | QLoss: 0.211601 | ParamLoss: -0.135008 | Epsilon: 0.7317 | Replay: 11264
2026-09-12 23:40:48,198 | INFO | Steps: 11776/150000 | Episodes: 23 | CurrentEpReward: 0.000 | RecentReward: 6.926 | QLoss: 0.205921 | ParamLoss: -0.142196 | Epsilon: 0.7184 | Replay: 11776
2026-09-12 23:40:58,548 | INFO | Steps: 12288/150000 | Episodes: 24 | CurrentEpReward: 0.000 | RecentReward: 7.395 | QLoss: 0.211523 | ParamLoss: -0.149759 | Epsilon: 0.7050 | Replay: 12288
2026-09-12 23:41:08,912 | INFO | Steps: 12800/150000 | Episodes: 25 | CurrentEpReward: 0.000 | RecentReward: 7.598 | QLoss: 0.215632 | ParamLoss: -0.153830 | Epsilon: 0.6916 | Replay: 12800
2026-09-12 23:41:19,264 | INFO | Steps: 13312/150000 | Episodes: 26 | CurrentEpReward: 0.000 | RecentReward: 7.268 | QLoss: 0.222688 | ParamLoss: -0.159051 | Epsilon: 0.6782 | Replay: 13312
2026-09-12 23:41:29,627 | INFO | Steps: 13824/150000 | Episodes: 27 | CurrentEpReward: 0.000 | RecentReward: 8.969 | QLoss: 0.221843 | ParamLoss: -0.164288 | Epsilon: 0.6648 | Replay: 13824
2026-09-12 23:41:40,153 | INFO | Steps: 14336/150000 | Episodes: 28 | CurrentEpReward: 0.000 | RecentReward: 9.412 | QLoss: 0.224509 | ParamLoss: -0.170516 | Epsilon: 0.6515 | Replay: 14336
2026-09-12 23:41:50,581 | INFO | Steps: 14848/150000 | Episodes: 29 | CurrentEpReward: 0.000 | RecentReward: 10.635 | QLoss: 0.227167 | ParamLoss: -0.177091 | Epsilon: 0.6381 | Replay: 14848
2026-09-12 23:42:00,992 | INFO | Steps: 15360/150000 | Episodes: 30 | CurrentEpReward: 0.000 | RecentReward: 11.661 | QLoss: 0.230543 | ParamLoss: -0.182912 | Epsilon: 0.6247 | Replay: 15360
2026-09-12 23:42:11,412 | INFO | Steps: 15872/150000 | Episodes: 31 | CurrentEpReward: 0.000 | RecentReward: 11.368 | QLoss: 0.232829 | ParamLoss: -0.187770 | Epsilon: 0.6113 | Replay: 15872
2026-09-12 23:42:21,736 | INFO | Steps: 16384/150000 | Episodes: 32 | CurrentEpReward: 0.000 | RecentReward: 12.263 | QLoss: 0.238060 | ParamLoss: -0.192558 | Epsilon: 0.5979 | Replay: 16384
2026-09-12 23:42:32,096 | INFO | Steps: 16896/150000 | Episodes: 33 | CurrentEpReward: 0.000 | RecentReward: 11.670 | QLoss: 0.240155 | ParamLoss: -0.195349 | Epsilon: 0.5846 | Replay: 16896
2026-09-12 23:42:42,668 | INFO | Steps: 17408/150000 | Episodes: 34 | CurrentEpReward: 0.000 | RecentReward: 13.092 | QLoss: 0.244542 | ParamLoss: -0.206877 | Epsilon: 0.5712 | Replay: 17408
2026-09-12 23:42:53,049 | INFO | Steps: 17920/150000 | Episodes: 35 | CurrentEpReward: 0.000 | RecentReward: 13.614 | QLoss: 0.252148 | ParamLoss: -0.213567 | Epsilon: 0.5578 | Replay: 17920
2026-09-12 23:43:03,335 | INFO | Steps: 18432/150000 | Episodes: 36 | CurrentEpReward: 0.000 | RecentReward: 14.172 | QLoss: 0.262446 | ParamLoss: -0.223670 | Epsilon: 0.5444 | Replay: 18432
2026-09-12 23:43:13,634 | INFO | Steps: 18944/150000 | Episodes: 37 | CurrentEpReward: 0.000 | RecentReward: 14.239 | QLoss: 0.274686 | ParamLoss: -0.231205 | Epsilon: 0.5310 | Replay: 18944
2026-09-12 23:43:23,993 | INFO | Steps: 19456/150000 | Episodes: 38 | CurrentEpReward: 0.000 | RecentReward: 14.450 | QLoss: 0.258302 | ParamLoss: -0.237140 | Epsilon: 0.5177 | Replay: 19456
2026-09-12 23:43:34,340 | INFO | Steps: 19968/150000 | Episodes: 39 | CurrentEpReward: 0.000 | RecentReward: 14.713 | QLoss: 0.266946 | ParamLoss: -0.246510 | Epsilon: 0.5043 | Replay: 19968
2026-09-12 23:43:44,717 | INFO | Steps: 20480/150000 | Episodes: 40 | CurrentEpReward: 0.000 | RecentReward: 15.274 | QLoss: 0.271200 | ParamLoss: -0.254063 | Epsilon: 0.4909 | Replay: 20480
2026-09-12 23:43:55,199 | INFO | Steps: 20992/150000 | Episodes: 41 | CurrentEpReward: 0.000 | RecentReward: 16.075 | QLoss: 0.277228 | ParamLoss: -0.260748 | Epsilon: 0.4775 | Replay: 20992
2026-09-12 23:44:05,637 | INFO | Steps: 21504/150000 | Episodes: 42 | CurrentEpReward: 0.000 | RecentReward: 16.401 | QLoss: 0.279872 | ParamLoss: -0.266051 | Epsilon: 0.4641 | Replay: 21504
2026-09-12 23:44:16,037 | INFO | Steps: 22016/150000 | Episodes: 43 | CurrentEpReward: 0.000 | RecentReward: 16.120 | QLoss: 0.277444 | ParamLoss: -0.267375 | Epsilon: 0.4508 | Replay: 22016
2026-09-12 23:44:26,417 | INFO | Steps: 22528/150000 | Episodes: 44 | CurrentEpReward: 0.000 | RecentReward: 16.186 | QLoss: 0.286177 | ParamLoss: -0.276096 | Epsilon: 0.4374 | Replay: 22528
2026-09-12 23:44:36,777 | INFO | Steps: 23040/150000 | Episodes: 45 | CurrentEpReward: 0.000 | RecentReward: 16.922 | QLoss: 0.289043 | ParamLoss: -0.282664 | Epsilon: 0.4240 | Replay: 23040
2026-09-12 23:44:47,155 | INFO | Steps: 23552/150000 | Episodes: 46 | CurrentEpReward: 0.000 | RecentReward: 17.474 | QLoss: 0.298055 | ParamLoss: -0.291137 | Epsilon: 0.4106 | Replay: 23552
2026-09-12 23:44:57,383 | INFO | Steps: 24064/150000 | Episodes: 47 | CurrentEpReward: 0.000 | RecentReward: 17.419 | QLoss: 0.288336 | ParamLoss: -0.298406 | Epsilon: 0.3972 | Replay: 24064
2026-09-12 23:45:07,623 | INFO | Steps: 24576/150000 | Episodes: 48 | CurrentEpReward: 0.000 | RecentReward: 17.683 | QLoss: 0.299834 | ParamLoss: -0.307698 | Epsilon: 0.3839 | Replay: 24576
2026-09-12 23:45:17,837 | INFO | Steps: 25088/150000 | Episodes: 49 | CurrentEpReward: 0.000 | RecentReward: 18.382 | QLoss: 0.301253 | ParamLoss: -0.311886 | Epsilon: 0.3705 | Replay: 25088
2026-09-12 23:45:28,050 | INFO | Steps: 25600/150000 | Episodes: 50 | CurrentEpReward: 0.000 | RecentReward: 18.145 | QLoss: 0.314500 | ParamLoss: -0.316608 | Epsilon: 0.3571 | Replay: 25600
2026-09-12 23:45:38,363 | INFO | Steps: 26112/150000 | Episodes: 51 | CurrentEpReward: 0.000 | RecentReward: 18.563 | QLoss: 0.319578 | ParamLoss: -0.326808 | Epsilon: 0.3437 | Replay: 26112
2026-09-12 23:45:48,749 | INFO | Steps: 26624/150000 | Episodes: 52 | CurrentEpReward: 0.000 | RecentReward: 19.792 | QLoss: 0.303566 | ParamLoss: -0.334662 | Epsilon: 0.3303 | Replay: 26624
2026-09-12 23:45:59,060 | INFO | Steps: 27136/150000 | Episodes: 53 | CurrentEpReward: 0.000 | RecentReward: 22.183 | QLoss: 0.311706 | ParamLoss: -0.343319 | Epsilon: 0.3170 | Replay: 27136
2026-09-12 23:46:09,278 | INFO | Steps: 27648/150000 | Episodes: 54 | CurrentEpReward: 0.000 | RecentReward: 21.500 | QLoss: 0.292604 | ParamLoss: -0.350142 | Epsilon: 0.3036 | Replay: 27648
2026-09-12 23:46:19,324 | INFO | Steps: 28160/150000 | Episodes: 55 | CurrentEpReward: 0.000 | RecentReward: 21.850 | QLoss: 0.310503 | ParamLoss: -0.351941 | Epsilon: 0.2902 | Replay: 28160
2026-09-12 23:46:29,497 | INFO | Steps: 28672/150000 | Episodes: 56 | CurrentEpReward: 0.000 | RecentReward: 22.522 | QLoss: 0.300965 | ParamLoss: -0.363240 | Epsilon: 0.2768 | Replay: 28672
2026-09-12 23:46:39,773 | INFO | Steps: 29184/150000 | Episodes: 57 | CurrentEpReward: 0.000 | RecentReward: 23.571 | QLoss: 0.308588 | ParamLoss: -0.368145 | Epsilon: 0.2634 | Replay: 29184
2026-09-12 23:46:49,760 | INFO | Steps: 29696/150000 | Episodes: 58 | CurrentEpReward: 0.000 | RecentReward: 23.889 | QLoss: 0.340106 | ParamLoss: -0.374699 | Epsilon: 0.2501 | Replay: 29696
2026-09-12 23:47:00,175 | INFO | Steps: 30208/150000 | Episodes: 59 | CurrentEpReward: 0.000 | RecentReward: 23.839 | QLoss: 0.343990 | ParamLoss: -0.379095 | Epsilon: 0.2367 | Replay: 30208
2026-09-12 23:47:10,660 | INFO | Steps: 30720/150000 | Episodes: 60 | CurrentEpReward: 0.000 | RecentReward: 26.092 | QLoss: 0.321370 | ParamLoss: -0.381495 | Epsilon: 0.2233 | Replay: 30720
2026-09-12 23:47:21,086 | INFO | Steps: 31232/150000 | Episodes: 61 | CurrentEpReward: 0.000 | RecentReward: 27.576 | QLoss: 0.342846 | ParamLoss: -0.394768 | Epsilon: 0.2099 | Replay: 31232
2026-09-12 23:47:31,160 | INFO | Steps: 31744/150000 | Episodes: 62 | CurrentEpReward: 0.000 | RecentReward: 27.088 | QLoss: 0.335514 | ParamLoss: -0.395800 | Epsilon: 0.1965 | Replay: 31744
2026-09-12 23:47:41,455 | INFO | Steps: 32256/150000 | Episodes: 63 | CurrentEpReward: 0.000 | RecentReward: 27.299 | QLoss: 0.328473 | ParamLoss: -0.402552 | Epsilon: 0.1832 | Replay: 32256
2026-09-12 23:47:51,821 | INFO | Steps: 32768/150000 | Episodes: 64 | CurrentEpReward: 0.000 | RecentReward: 29.279 | QLoss: 0.367657 | ParamLoss: -0.412263 | Epsilon: 0.1698 | Replay: 32768
2026-09-12 23:48:02,174 | INFO | Steps: 33280/150000 | Episodes: 65 | CurrentEpReward: 0.000 | RecentReward: 29.960 | QLoss: 0.361926 | ParamLoss: -0.410289 | Epsilon: 0.1564 | Replay: 33280
2026-09-12 23:48:12,603 | INFO | Steps: 33792/150000 | Episodes: 66 | CurrentEpReward: 0.000 | RecentReward: 30.521 | QLoss: 0.328232 | ParamLoss: -0.419661 | Epsilon: 0.1430 | Replay: 33792
2026-09-12 23:48:22,980 | INFO | Steps: 34304/150000 | Episodes: 67 | CurrentEpReward: 0.000 | RecentReward: 31.692 | QLoss: 0.338923 | ParamLoss: -0.419413 | Epsilon: 0.1296 | Replay: 34304
2026-09-12 23:48:33,283 | INFO | Steps: 34816/150000 | Episodes: 68 | CurrentEpReward: 0.000 | RecentReward: 32.553 | QLoss: 0.339030 | ParamLoss: -0.421563 | Epsilon: 0.1162 | Replay: 34816
2026-09-12 23:48:43,602 | INFO | Steps: 35328/150000 | Episodes: 69 | CurrentEpReward: 0.000 | RecentReward: 33.138 | QLoss: 0.342974 | ParamLoss: -0.429547 | Epsilon: 0.1029 | Replay: 35328
2026-09-12 23:48:53,678 | INFO | Steps: 35840/150000 | Episodes: 70 | CurrentEpReward: 0.000 | RecentReward: 32.093 | QLoss: 0.339913 | ParamLoss: -0.431255 | Epsilon: 0.0895 | Replay: 35840
2026-09-12 23:49:03,874 | INFO | Steps: 36352/150000 | Episodes: 71 | CurrentEpReward: 0.000 | RecentReward: 31.013 | QLoss: 0.344336 | ParamLoss: -0.435869 | Epsilon: 0.0761 | Replay: 36352
2026-09-12 23:49:14,145 | INFO | Steps: 36864/150000 | Episodes: 72 | CurrentEpReward: 0.000 | RecentReward: 32.142 | QLoss: 0.334441 | ParamLoss: -0.443590 | Epsilon: 0.0627 | Replay: 36864
2026-09-12 23:49:24,668 | INFO | Steps: 37376/150000 | Episodes: 73 | CurrentEpReward: 0.000 | RecentReward: 32.128 | QLoss: 0.377836 | ParamLoss: -0.447697 | Epsilon: 0.0493 | Replay: 37376
2026-09-12 23:49:35,004 | INFO | Steps: 37888/150000 | Episodes: 74 | CurrentEpReward: 0.000 | RecentReward: 33.428 | QLoss: 0.338163 | ParamLoss: -0.455735 | Epsilon: 0.0360 | Replay: 37888
2026-09-12 23:49:45,165 | INFO | Steps: 38400/150000 | Episodes: 75 | CurrentEpReward: 0.000 | RecentReward: 33.963 | QLoss: 0.357879 | ParamLoss: -0.468920 | Epsilon: 0.0226 | Replay: 38400
2026-09-12 23:49:55,361 | INFO | Steps: 38912/150000 | Episodes: 76 | CurrentEpReward: 0.000 | RecentReward: 36.294 | QLoss: 0.340838 | ParamLoss: -0.483156 | Epsilon: 0.0200 | Replay: 38912
2026-09-12 23:50:05,535 | INFO | Steps: 39424/150000 | Episodes: 77 | CurrentEpReward: 0.000 | RecentReward: 39.469 | QLoss: 0.386168 | ParamLoss: -0.493879 | Epsilon: 0.0200 | Replay: 39424
2026-09-12 23:50:15,695 | INFO | Steps: 39936/150000 | Episodes: 78 | CurrentEpReward: 0.000 | RecentReward: 43.013 | QLoss: 0.362677 | ParamLoss: -0.496456 | Epsilon: 0.0200 | Replay: 39936
2026-09-12 23:50:25,803 | INFO | Steps: 40448/150000 | Episodes: 79 | CurrentEpReward: 0.000 | RecentReward: 48.083 | QLoss: 0.402377 | ParamLoss: -0.512229 | Epsilon: 0.0200 | Replay: 40448
2026-09-12 23:50:35,970 | INFO | Steps: 40960/150000 | Episodes: 80 | CurrentEpReward: 0.000 | RecentReward: 51.469 | QLoss: 0.378018 | ParamLoss: -0.510581 | Epsilon: 0.0200 | Replay: 40960
2026-09-12 23:50:46,226 | INFO | Steps: 41472/150000 | Episodes: 81 | CurrentEpReward: 0.000 | RecentReward: 56.303 | QLoss: 0.379386 | ParamLoss: -0.524685 | Epsilon: 0.0200 | Replay: 41472
2026-09-12 23:50:56,510 | INFO | Steps: 41984/150000 | Episodes: 82 | CurrentEpReward: 0.000 | RecentReward: 60.177 | QLoss: 0.386658 | ParamLoss: -0.529970 | Epsilon: 0.0200 | Replay: 41984
2026-09-12 23:51:06,929 | INFO | Steps: 42496/150000 | Episodes: 83 | CurrentEpReward: 0.000 | RecentReward: 63.703 | QLoss: 0.362147 | ParamLoss: -0.528026 | Epsilon: 0.0200 | Replay: 42496
2026-09-12 23:51:17,056 | INFO | Steps: 43008/150000 | Episodes: 84 | CurrentEpReward: 0.000 | RecentReward: 66.141 | QLoss: 0.436957 | ParamLoss: -0.542356 | Epsilon: 0.0200 | Replay: 43008
2026-09-12 23:51:27,265 | INFO | Steps: 43520/150000 | Episodes: 85 | CurrentEpReward: 0.000 | RecentReward: 70.800 | QLoss: 0.422571 | ParamLoss: -0.554617 | Epsilon: 0.0200 | Replay: 43520
2026-09-12 23:51:37,376 | INFO | Steps: 44032/150000 | Episodes: 86 | CurrentEpReward: 0.000 | RecentReward: 73.353 | QLoss: 0.400030 | ParamLoss: -0.564747 | Epsilon: 0.0200 | Replay: 44032
2026-09-12 23:51:47,393 | INFO | Steps: 44544/150000 | Episodes: 87 | CurrentEpReward: 0.000 | RecentReward: 74.097 | QLoss: 0.405951 | ParamLoss: -0.572196 | Epsilon: 0.0200 | Replay: 44544
2026-09-12 23:51:57,454 | INFO | Steps: 45056/150000 | Episodes: 88 | CurrentEpReward: 0.000 | RecentReward: 74.531 | QLoss: 0.450841 | ParamLoss: -0.582295 | Epsilon: 0.0200 | Replay: 45056
2026-09-12 23:52:07,474 | INFO | Steps: 45568/150000 | Episodes: 89 | CurrentEpReward: 0.000 | RecentReward: 73.814 | QLoss: 0.453977 | ParamLoss: -0.603100 | Epsilon: 0.0200 | Replay: 45568
2026-09-12 23:52:17,653 | INFO | Steps: 46080/150000 | Episodes: 90 | CurrentEpReward: 0.000 | RecentReward: 74.602 | QLoss: 0.423557 | ParamLoss: -0.621719 | Epsilon: 0.0200 | Replay: 46080
2026-09-12 23:52:27,835 | INFO | Steps: 46592/150000 | Episodes: 91 | CurrentEpReward: 0.000 | RecentReward: 73.439 | QLoss: 0.459480 | ParamLoss: -0.637027 | Epsilon: 0.0200 | Replay: 46592
2026-09-12 23:52:38,140 | INFO | Steps: 47104/150000 | Episodes: 92 | CurrentEpReward: 0.000 | RecentReward: 72.800 | QLoss: 0.447737 | ParamLoss: -0.639628 | Epsilon: 0.0200 | Replay: 47104
2026-09-12 23:52:48,535 | INFO | Steps: 47616/150000 | Episodes: 93 | CurrentEpReward: 0.000 | RecentReward: 73.714 | QLoss: 0.477842 | ParamLoss: -0.658402 | Epsilon: 0.0200 | Replay: 47616
2026-09-12 23:52:58,791 | INFO | Steps: 48128/150000 | Episodes: 94 | CurrentEpReward: 0.000 | RecentReward: 73.084 | QLoss: 0.452169 | ParamLoss: -0.667935 | Epsilon: 0.0200 | Replay: 48128
2026-09-12 23:53:09,071 | INFO | Steps: 48640/150000 | Episodes: 95 | CurrentEpReward: 0.000 | RecentReward: 71.852 | QLoss: 0.435969 | ParamLoss: -0.667828 | Epsilon: 0.0200 | Replay: 48640
2026-09-12 23:53:19,358 | INFO | Steps: 49152/150000 | Episodes: 96 | CurrentEpReward: 0.000 | RecentReward: 71.829 | QLoss: 0.419141 | ParamLoss: -0.669185 | Epsilon: 0.0200 | Replay: 49152
2026-09-12 23:53:29,690 | INFO | Steps: 49664/150000 | Episodes: 97 | CurrentEpReward: 0.000 | RecentReward: 71.957 | QLoss: 0.436148 | ParamLoss: -0.675832 | Epsilon: 0.0200 | Replay: 49664
2026-09-12 23:53:58,325 | INFO | 新的最佳模型 (reward): 82.188，保存至 /home/pjpjq/LEO_switch/results/multiseed_0907/seed44/u25/learned_baselines/pdqn/best_model.pt
2026-09-12 23:53:58,328 | INFO | 周期权重已保存: /home/pjpjq/LEO_switch/results/multiseed_0907/seed44/u25/learned_baselines/pdqn/checkpoint_50000.pt
2026-09-12 23:54:01,859 | INFO | Steps: 50176/150000 | Episodes: 98 | CurrentEpReward: 0.000 | RecentReward: 72.971 | QLoss: 0.420762 | ParamLoss: -0.684190 | Epsilon: 0.0200 | Replay: 50000
2026-09-12 23:54:12,211 | INFO | Steps: 50688/150000 | Episodes: 99 | CurrentEpReward: 0.000 | RecentReward: 74.761 | QLoss: 0.443156 | ParamLoss: -0.687098 | Epsilon: 0.0200 | Replay: 50000
2026-09-12 23:54:22,482 | INFO | Steps: 51200/150000 | Episodes: 100 | CurrentEpReward: 0.000 | RecentReward: 74.457 | QLoss: 0.435236 | ParamLoss: -0.699446 | Epsilon: 0.0200 | Replay: 50000
2026-09-12 23:54:32,848 | INFO | Steps: 51712/150000 | Episodes: 101 | CurrentEpReward: 0.000 | RecentReward: 75.633 | QLoss: 0.443535 | ParamLoss: -0.699929 | Epsilon: 0.0200 | Replay: 50000
2026-09-12 23:54:43,309 | INFO | Steps: 52224/150000 | Episodes: 102 | CurrentEpReward: 0.000 | RecentReward: 76.182 | QLoss: 0.394948 | ParamLoss: -0.716800 | Epsilon: 0.0200 | Replay: 50000
2026-09-12 23:54:53,608 | INFO | Steps: 52736/150000 | Episodes: 103 | CurrentEpReward: 0.000 | RecentReward: 75.381 | QLoss: 0.412600 | ParamLoss: -0.706151 | Epsilon: 0.0200 | Replay: 50000
2026-09-12 23:55:03,866 | INFO | Steps: 53248/150000 | Episodes: 104 | CurrentEpReward: 0.000 | RecentReward: 76.401 | QLoss: 0.418230 | ParamLoss: -0.709231 | Epsilon: 0.0200 | Replay: 50000
2026-09-12 23:55:14,279 | INFO | Steps: 53760/150000 | Episodes: 105 | CurrentEpReward: 0.000 | RecentReward: 77.428 | QLoss: 0.371765 | ParamLoss: -0.720312 | Epsilon: 0.0200 | Replay: 50000
2026-09-12 23:55:24,666 | INFO | Steps: 54272/150000 | Episodes: 106 | CurrentEpReward: 0.000 | RecentReward: 77.175 | QLoss: 0.448650 | ParamLoss: -0.718522 | Epsilon: 0.0200 | Replay: 50000
2026-09-12 23:55:35,123 | INFO | Steps: 54784/150000 | Episodes: 107 | CurrentEpReward: 0.000 | RecentReward: 77.476 | QLoss: 0.429599 | ParamLoss: -0.716876 | Epsilon: 0.0200 | Replay: 50000
2026-09-12 23:55:45,624 | INFO | Steps: 55296/150000 | Episodes: 108 | CurrentEpReward: 0.000 | RecentReward: 77.831 | QLoss: 0.407482 | ParamLoss: -0.728894 | Epsilon: 0.0200 | Replay: 50000
2026-09-12 23:55:55,975 | INFO | Steps: 55808/150000 | Episodes: 109 | CurrentEpReward: 0.000 | RecentReward: 76.741 | QLoss: 0.443739 | ParamLoss: -0.738948 | Epsilon: 0.0200 | Replay: 50000
2026-09-12 23:56:06,449 | INFO | Steps: 56320/150000 | Episodes: 110 | CurrentEpReward: 0.000 | RecentReward: 76.890 | QLoss: 0.439105 | ParamLoss: -0.742541 | Epsilon: 0.0200 | Replay: 50000
2026-09-12 23:56:16,774 | INFO | Steps: 56832/150000 | Episodes: 111 | CurrentEpReward: 0.000 | RecentReward: 77.101 | QLoss: 0.409150 | ParamLoss: -0.757212 | Epsilon: 0.0200 | Replay: 50000
2026-09-12 23:56:27,143 | INFO | Steps: 57344/150000 | Episodes: 112 | CurrentEpReward: 0.000 | RecentReward: 78.257 | QLoss: 0.381648 | ParamLoss: -0.761248 | Epsilon: 0.0200 | Replay: 50000
2026-09-12 23:56:37,552 | INFO | Steps: 57856/150000 | Episodes: 113 | CurrentEpReward: 0.000 | RecentReward: 78.543 | QLoss: 0.438569 | ParamLoss: -0.766825 | Epsilon: 0.0200 | Replay: 50000
2026-09-12 23:56:48,009 | INFO | Steps: 58368/150000 | Episodes: 114 | CurrentEpReward: 0.000 | RecentReward: 79.126 | QLoss: 0.413207 | ParamLoss: -0.776191 | Epsilon: 0.0200 | Replay: 50000
2026-09-12 23:56:58,430 | INFO | Steps: 58880/150000 | Episodes: 115 | CurrentEpReward: 0.000 | RecentReward: 78.427 | QLoss: 0.396931 | ParamLoss: -0.776396 | Epsilon: 0.0200 | Replay: 50000
2026-09-12 23:57:08,873 | INFO | Steps: 59392/150000 | Episodes: 116 | CurrentEpReward: 0.000 | RecentReward: 79.093 | QLoss: 0.453347 | ParamLoss: -0.789302 | Epsilon: 0.0200 | Replay: 50000
2026-09-12 23:57:19,135 | INFO | Steps: 59904/150000 | Episodes: 117 | CurrentEpReward: 0.000 | RecentReward: 78.727 | QLoss: 0.451669 | ParamLoss: -0.799002 | Epsilon: 0.0200 | Replay: 50000
2026-09-12 23:57:29,541 | INFO | Steps: 60416/150000 | Episodes: 118 | CurrentEpReward: 0.000 | RecentReward: 77.770 | QLoss: 0.450573 | ParamLoss: -0.807464 | Epsilon: 0.0200 | Replay: 50000
2026-09-12 23:57:39,903 | INFO | Steps: 60928/150000 | Episodes: 119 | CurrentEpReward: 0.000 | RecentReward: 78.796 | QLoss: 0.426837 | ParamLoss: -0.809831 | Epsilon: 0.0200 | Replay: 50000
2026-09-12 23:57:50,300 | INFO | Steps: 61440/150000 | Episodes: 120 | CurrentEpReward: 0.000 | RecentReward: 79.008 | QLoss: 0.468944 | ParamLoss: -0.814639 | Epsilon: 0.0200 | Replay: 50000
2026-09-12 23:58:00,670 | INFO | Steps: 61952/150000 | Episodes: 121 | CurrentEpReward: 0.000 | RecentReward: 79.161 | QLoss: 0.460566 | ParamLoss: -0.817096 | Epsilon: 0.0200 | Replay: 50000
2026-09-12 23:58:11,128 | INFO | Steps: 62464/150000 | Episodes: 122 | CurrentEpReward: 0.000 | RecentReward: 78.548 | QLoss: 0.432251 | ParamLoss: -0.833244 | Epsilon: 0.0200 | Replay: 50000
2026-09-12 23:58:21,754 | INFO | Steps: 62976/150000 | Episodes: 123 | CurrentEpReward: 0.000 | RecentReward: 79.528 | QLoss: 0.453613 | ParamLoss: -0.843510 | Epsilon: 0.0200 | Replay: 50000
2026-09-12 23:58:32,199 | INFO | Steps: 63488/150000 | Episodes: 124 | CurrentEpReward: 0.000 | RecentReward: 79.905 | QLoss: 0.420546 | ParamLoss: -0.841994 | Epsilon: 0.0200 | Replay: 50000
2026-09-12 23:58:42,628 | INFO | Steps: 64000/150000 | Episodes: 125 | CurrentEpReward: 0.000 | RecentReward: 80.244 | QLoss: 0.435026 | ParamLoss: -0.849408 | Epsilon: 0.0200 | Replay: 50000
2026-09-12 23:58:53,027 | INFO | Steps: 64512/150000 | Episodes: 126 | CurrentEpReward: 0.000 | RecentReward: 78.984 | QLoss: 0.472371 | ParamLoss: -0.848665 | Epsilon: 0.0200 | Replay: 50000
2026-09-12 23:59:03,399 | INFO | Steps: 65024/150000 | Episodes: 127 | CurrentEpReward: 0.000 | RecentReward: 79.206 | QLoss: 0.408268 | ParamLoss: -0.852369 | Epsilon: 0.0200 | Replay: 50000
2026-09-12 23:59:13,836 | INFO | Steps: 65536/150000 | Episodes: 128 | CurrentEpReward: 0.000 | RecentReward: 80.344 | QLoss: 0.390201 | ParamLoss: -0.861622 | Epsilon: 0.0200 | Replay: 50000
2026-09-12 23:59:24,168 | INFO | Steps: 66048/150000 | Episodes: 129 | CurrentEpReward: 0.000 | RecentReward: 80.035 | QLoss: 0.402274 | ParamLoss: -0.863024 | Epsilon: 0.0200 | Replay: 50000
2026-09-12 23:59:34,572 | INFO | Steps: 66560/150000 | Episodes: 130 | CurrentEpReward: 0.000 | RecentReward: 80.689 | QLoss: 0.398222 | ParamLoss: -0.872236 | Epsilon: 0.0200 | Replay: 50000
2026-09-12 23:59:44,905 | INFO | Steps: 67072/150000 | Episodes: 131 | CurrentEpReward: 0.000 | RecentReward: 80.682 | QLoss: 0.415402 | ParamLoss: -0.876340 | Epsilon: 0.0200 | Replay: 50000
2026-09-12 23:59:55,285 | INFO | Steps: 67584/150000 | Episodes: 132 | CurrentEpReward: 0.000 | RecentReward: 80.441 | QLoss: 0.506179 | ParamLoss: -0.884319 | Epsilon: 0.0200 | Replay: 50000
2026-09-13 00:00:05,732 | INFO | Steps: 68096/150000 | Episodes: 133 | CurrentEpReward: 0.000 | RecentReward: 80.673 | QLoss: 0.406497 | ParamLoss: -0.892920 | Epsilon: 0.0200 | Replay: 50000
2026-09-13 00:00:16,227 | INFO | Steps: 68608/150000 | Episodes: 134 | CurrentEpReward: 0.000 | RecentReward: 80.583 | QLoss: 0.394080 | ParamLoss: -0.916424 | Epsilon: 0.0200 | Replay: 50000
2026-09-13 00:00:26,599 | INFO | Steps: 69120/150000 | Episodes: 135 | CurrentEpReward: 0.000 | RecentReward: 81.358 | QLoss: 0.474105 | ParamLoss: -0.917161 | Epsilon: 0.0200 | Replay: 50000
2026-09-13 00:00:37,062 | INFO | Steps: 69632/150000 | Episodes: 136 | CurrentEpReward: 0.000 | RecentReward: 82.795 | QLoss: 0.564513 | ParamLoss: -0.921091 | Epsilon: 0.0200 | Replay: 50000
2026-09-13 00:00:47,636 | INFO | Steps: 70144/150000 | Episodes: 137 | CurrentEpReward: 0.000 | RecentReward: 83.028 | QLoss: 0.492528 | ParamLoss: -0.936838 | Epsilon: 0.0200 | Replay: 50000
2026-09-13 00:00:58,142 | INFO | Steps: 70656/150000 | Episodes: 138 | CurrentEpReward: 0.000 | RecentReward: 83.202 | QLoss: 0.430696 | ParamLoss: -0.956758 | Epsilon: 0.0200 | Replay: 50000
2026-09-13 00:01:08,493 | INFO | Steps: 71168/150000 | Episodes: 139 | CurrentEpReward: 0.000 | RecentReward: 83.159 | QLoss: 0.517192 | ParamLoss: -0.970931 | Epsilon: 0.0200 | Replay: 50000
2026-09-13 00:01:18,992 | INFO | Steps: 71680/150000 | Episodes: 140 | CurrentEpReward: 0.000 | RecentReward: 83.638 | QLoss: 0.556117 | ParamLoss: -0.978291 | Epsilon: 0.0200 | Replay: 50000
2026-09-13 00:01:29,495 | INFO | Steps: 72192/150000 | Episodes: 141 | CurrentEpReward: 0.000 | RecentReward: 84.473 | QLoss: 0.499157 | ParamLoss: -0.988097 | Epsilon: 0.0200 | Replay: 50000
2026-09-13 00:01:40,122 | INFO | Steps: 72704/150000 | Episodes: 142 | CurrentEpReward: 0.000 | RecentReward: 86.000 | QLoss: 0.535311 | ParamLoss: -0.995764 | Epsilon: 0.0200 | Replay: 50000
2026-09-13 00:01:50,479 | INFO | Steps: 73216/150000 | Episodes: 143 | CurrentEpReward: 0.000 | RecentReward: 85.516 | QLoss: 0.538013 | ParamLoss: -0.998828 | Epsilon: 0.0200 | Replay: 50000
2026-09-13 00:02:00,916 | INFO | Steps: 73728/150000 | Episodes: 144 | CurrentEpReward: 0.000 | RecentReward: 85.523 | QLoss: 0.447413 | ParamLoss: -1.008268 | Epsilon: 0.0200 | Replay: 50000
2026-09-13 00:02:11,317 | INFO | Steps: 74240/150000 | Episodes: 145 | CurrentEpReward: 0.000 | RecentReward: 85.583 | QLoss: 0.530993 | ParamLoss: -1.014035 | Epsilon: 0.0200 | Replay: 50000
2026-09-13 00:02:21,694 | INFO | Steps: 74752/150000 | Episodes: 146 | CurrentEpReward: 0.000 | RecentReward: 84.955 | QLoss: 0.492365 | ParamLoss: -1.013455 | Epsilon: 0.0200 | Replay: 50000
2026-09-13 00:02:32,101 | INFO | Steps: 75264/150000 | Episodes: 147 | CurrentEpReward: 0.000 | RecentReward: 86.011 | QLoss: 0.490975 | ParamLoss: -1.017607 | Epsilon: 0.0200 | Replay: 50000
2026-09-13 00:02:42,473 | INFO | Steps: 75776/150000 | Episodes: 148 | CurrentEpReward: 0.000 | RecentReward: 84.952 | QLoss: 0.501666 | ParamLoss: -1.018312 | Epsilon: 0.0200 | Replay: 50000
2026-09-13 00:02:52,879 | INFO | Steps: 76288/150000 | Episodes: 149 | CurrentEpReward: 0.000 | RecentReward: 84.971 | QLoss: 0.438581 | ParamLoss: -1.032371 | Epsilon: 0.0200 | Replay: 50000
2026-09-13 00:03:03,333 | INFO | Steps: 76800/150000 | Episodes: 150 | CurrentEpReward: 0.000 | RecentReward: 84.503 | QLoss: 0.516655 | ParamLoss: -1.025715 | Epsilon: 0.0200 | Replay: 50000
2026-09-13 00:03:13,690 | INFO | Steps: 77312/150000 | Episodes: 151 | CurrentEpReward: 0.000 | RecentReward: 83.293 | QLoss: 0.563923 | ParamLoss: -1.021704 | Epsilon: 0.0200 | Replay: 50000
2026-09-13 00:03:24,121 | INFO | Steps: 77824/150000 | Episodes: 152 | CurrentEpReward: 0.000 | RecentReward: 83.396 | QLoss: 0.573031 | ParamLoss: -1.043037 | Epsilon: 0.0200 | Replay: 50000
2026-09-13 00:03:34,514 | INFO | Steps: 78336/150000 | Episodes: 153 | CurrentEpReward: 0.000 | RecentReward: 83.350 | QLoss: 0.524331 | ParamLoss: -1.030808 | Epsilon: 0.0200 | Replay: 50000
2026-09-13 00:03:45,024 | INFO | Steps: 78848/150000 | Episodes: 154 | CurrentEpReward: 0.000 | RecentReward: 83.186 | QLoss: 0.454176 | ParamLoss: -1.023966 | Epsilon: 0.0200 | Replay: 50000
2026-09-13 00:03:55,638 | INFO | Steps: 79360/150000 | Episodes: 155 | CurrentEpReward: 0.000 | RecentReward: 83.379 | QLoss: 0.570170 | ParamLoss: -1.032521 | Epsilon: 0.0200 | Replay: 50000
2026-09-13 00:04:06,055 | INFO | Steps: 79872/150000 | Episodes: 156 | CurrentEpReward: 0.000 | RecentReward: 84.339 | QLoss: 0.598902 | ParamLoss: -1.030883 | Epsilon: 0.0200 | Replay: 50000
2026-09-13 00:04:16,693 | INFO | Steps: 80384/150000 | Episodes: 157 | CurrentEpReward: 0.000 | RecentReward: 84.228 | QLoss: 0.541195 | ParamLoss: -1.035249 | Epsilon: 0.0200 | Replay: 50000
2026-09-13 00:04:27,252 | INFO | Steps: 80896/150000 | Episodes: 158 | CurrentEpReward: 0.000 | RecentReward: 85.270 | QLoss: 0.640404 | ParamLoss: -1.049304 | Epsilon: 0.0200 | Replay: 50000
2026-09-13 00:04:37,715 | INFO | Steps: 81408/150000 | Episodes: 159 | CurrentEpReward: 0.000 | RecentReward: 85.667 | QLoss: 0.645405 | ParamLoss: -1.046507 | Epsilon: 0.0200 | Replay: 50000
2026-09-13 00:04:48,137 | INFO | Steps: 81920/150000 | Episodes: 160 | CurrentEpReward: 0.000 | RecentReward: 85.847 | QLoss: 0.520298 | ParamLoss: -1.061095 | Epsilon: 0.0200 | Replay: 50000
2026-09-13 00:04:58,427 | INFO | Steps: 82432/150000 | Episodes: 161 | CurrentEpReward: 0.000 | RecentReward: 86.362 | QLoss: 0.700322 | ParamLoss: -1.065575 | Epsilon: 0.0200 | Replay: 50000
2026-09-13 00:05:09,046 | INFO | Steps: 82944/150000 | Episodes: 162 | CurrentEpReward: 0.000 | RecentReward: 85.420 | QLoss: 0.607073 | ParamLoss: -1.069962 | Epsilon: 0.0200 | Replay: 50000
2026-09-13 00:05:19,543 | INFO | Steps: 83456/150000 | Episodes: 163 | CurrentEpReward: 0.000 | RecentReward: 85.448 | QLoss: 0.453128 | ParamLoss: -1.071105 | Epsilon: 0.0200 | Replay: 50000
2026-09-13 00:05:30,108 | INFO | Steps: 83968/150000 | Episodes: 164 | CurrentEpReward: 0.000 | RecentReward: 86.002 | QLoss: 0.494332 | ParamLoss: -1.081965 | Epsilon: 0.0200 | Replay: 50000
2026-09-13 00:05:40,597 | INFO | Steps: 84480/150000 | Episodes: 165 | CurrentEpReward: 0.000 | RecentReward: 85.154 | QLoss: 0.534401 | ParamLoss: -1.081818 | Epsilon: 0.0200 | Replay: 50000
2026-09-13 00:05:51,034 | INFO | Steps: 84992/150000 | Episodes: 166 | CurrentEpReward: 0.000 | RecentReward: 85.478 | QLoss: 0.602935 | ParamLoss: -1.080838 | Epsilon: 0.0200 | Replay: 50000
2026-09-13 00:06:01,483 | INFO | Steps: 85504/150000 | Episodes: 167 | CurrentEpReward: 0.000 | RecentReward: 84.927 | QLoss: 0.462178 | ParamLoss: -1.095726 | Epsilon: 0.0200 | Replay: 50000
2026-09-13 00:06:11,846 | INFO | Steps: 86016/150000 | Episodes: 168 | CurrentEpReward: 0.000 | RecentReward: 83.413 | QLoss: 0.645630 | ParamLoss: -1.092570 | Epsilon: 0.0200 | Replay: 50000
2026-09-13 00:06:22,356 | INFO | Steps: 86528/150000 | Episodes: 169 | CurrentEpReward: 0.000 | RecentReward: 82.964 | QLoss: 0.448820 | ParamLoss: -1.106364 | Epsilon: 0.0200 | Replay: 50000
2026-09-13 00:06:32,800 | INFO | Steps: 87040/150000 | Episodes: 170 | CurrentEpReward: 0.000 | RecentReward: 83.309 | QLoss: 0.453961 | ParamLoss: -1.109583 | Epsilon: 0.0200 | Replay: 50000
2026-09-13 00:06:43,307 | INFO | Steps: 87552/150000 | Episodes: 171 | CurrentEpReward: 0.000 | RecentReward: 83.347 | QLoss: 0.556739 | ParamLoss: -1.110007 | Epsilon: 0.0200 | Replay: 50000
2026-09-13 00:06:53,892 | INFO | Steps: 88064/150000 | Episodes: 172 | CurrentEpReward: 0.000 | RecentReward: 83.174 | QLoss: 0.576584 | ParamLoss: -1.115565 | Epsilon: 0.0200 | Replay: 50000
2026-09-13 00:07:04,522 | INFO | Steps: 88576/150000 | Episodes: 173 | CurrentEpReward: 0.000 | RecentReward: 83.132 | QLoss: 0.594953 | ParamLoss: -1.105776 | Epsilon: 0.0200 | Replay: 50000
2026-09-13 00:07:15,217 | INFO | Steps: 89088/150000 | Episodes: 174 | CurrentEpReward: 0.000 | RecentReward: 83.197 | QLoss: 0.664860 | ParamLoss: -1.124664 | Epsilon: 0.0200 | Replay: 50000
2026-09-13 00:07:25,592 | INFO | Steps: 89600/150000 | Episodes: 175 | CurrentEpReward: 0.000 | RecentReward: 82.591 | QLoss: 0.611590 | ParamLoss: -1.144441 | Epsilon: 0.0200 | Replay: 50000
2026-09-13 00:07:36,097 | INFO | Steps: 90112/150000 | Episodes: 176 | CurrentEpReward: 0.000 | RecentReward: 81.191 | QLoss: 0.620724 | ParamLoss: -1.151950 | Epsilon: 0.0200 | Replay: 50000
2026-09-13 00:07:46,725 | INFO | Steps: 90624/150000 | Episodes: 177 | CurrentEpReward: 0.000 | RecentReward: 81.278 | QLoss: 0.797565 | ParamLoss: -1.157422 | Epsilon: 0.0200 | Replay: 50000
2026-09-13 00:07:57,236 | INFO | Steps: 91136/150000 | Episodes: 178 | CurrentEpReward: 0.000 | RecentReward: 82.250 | QLoss: 0.765674 | ParamLoss: -1.165602 | Epsilon: 0.0200 | Replay: 50000
2026-09-13 00:08:07,721 | INFO | Steps: 91648/150000 | Episodes: 179 | CurrentEpReward: 0.000 | RecentReward: 82.097 | QLoss: 0.757983 | ParamLoss: -1.180788 | Epsilon: 0.0200 | Replay: 50000
2026-09-13 00:08:18,395 | INFO | Steps: 92160/150000 | Episodes: 180 | CurrentEpReward: 0.000 | RecentReward: 81.512 | QLoss: 0.786535 | ParamLoss: -1.180998 | Epsilon: 0.0200 | Replay: 50000
2026-09-13 00:08:28,914 | INFO | Steps: 92672/150000 | Episodes: 181 | CurrentEpReward: 0.000 | RecentReward: 81.967 | QLoss: 0.705623 | ParamLoss: -1.194833 | Epsilon: 0.0200 | Replay: 50000
2026-09-13 00:08:39,413 | INFO | Steps: 93184/150000 | Episodes: 182 | CurrentEpReward: 0.000 | RecentReward: 81.930 | QLoss: 0.560310 | ParamLoss: -1.200008 | Epsilon: 0.0200 | Replay: 50000
2026-09-13 00:08:49,940 | INFO | Steps: 93696/150000 | Episodes: 183 | CurrentEpReward: 0.000 | RecentReward: 81.453 | QLoss: 0.514642 | ParamLoss: -1.205830 | Epsilon: 0.0200 | Replay: 50000
2026-09-13 00:09:00,533 | INFO | Steps: 94208/150000 | Episodes: 184 | CurrentEpReward: 0.000 | RecentReward: 80.005 | QLoss: 0.726969 | ParamLoss: -1.198538 | Epsilon: 0.0200 | Replay: 50000
2026-09-13 00:09:11,096 | INFO | Steps: 94720/150000 | Episodes: 185 | CurrentEpReward: 0.000 | RecentReward: 80.613 | QLoss: 0.666394 | ParamLoss: -1.204752 | Epsilon: 0.0200 | Replay: 50000
2026-09-13 00:09:21,593 | INFO | Steps: 95232/150000 | Episodes: 186 | CurrentEpReward: 0.000 | RecentReward: 81.167 | QLoss: 0.630507 | ParamLoss: -1.205760 | Epsilon: 0.0200 | Replay: 50000
2026-09-13 00:09:32,157 | INFO | Steps: 95744/150000 | Episodes: 187 | CurrentEpReward: 0.000 | RecentReward: 81.407 | QLoss: 0.741849 | ParamLoss: -1.227874 | Epsilon: 0.0200 | Replay: 50000
2026-09-13 00:09:42,922 | INFO | Steps: 96256/150000 | Episodes: 188 | CurrentEpReward: 0.000 | RecentReward: 81.706 | QLoss: 0.678461 | ParamLoss: -1.240552 | Epsilon: 0.0200 | Replay: 50000
2026-09-13 00:09:53,467 | INFO | Steps: 96768/150000 | Episodes: 189 | CurrentEpReward: 0.000 | RecentReward: 81.313 | QLoss: 0.592736 | ParamLoss: -1.255315 | Epsilon: 0.0200 | Replay: 50000
2026-09-13 00:10:04,000 | INFO | Steps: 97280/150000 | Episodes: 190 | CurrentEpReward: 0.000 | RecentReward: 81.465 | QLoss: 0.659590 | ParamLoss: -1.243040 | Epsilon: 0.0200 | Replay: 50000
2026-09-13 00:10:14,463 | INFO | Steps: 97792/150000 | Episodes: 191 | CurrentEpReward: 0.000 | RecentReward: 80.835 | QLoss: 0.666948 | ParamLoss: -1.254253 | Epsilon: 0.0200 | Replay: 50000
2026-09-13 00:10:25,047 | INFO | Steps: 98304/150000 | Episodes: 192 | CurrentEpReward: 0.000 | RecentReward: 80.665 | QLoss: 0.660336 | ParamLoss: -1.259344 | Epsilon: 0.0200 | Replay: 50000
2026-09-13 00:10:35,665 | INFO | Steps: 98816/150000 | Episodes: 193 | CurrentEpReward: 0.000 | RecentReward: 80.795 | QLoss: 0.710856 | ParamLoss: -1.253747 | Epsilon: 0.0200 | Replay: 50000
2026-09-13 00:10:46,156 | INFO | Steps: 99328/150000 | Episodes: 194 | CurrentEpReward: 0.000 | RecentReward: 80.602 | QLoss: 0.639050 | ParamLoss: -1.248590 | Epsilon: 0.0200 | Replay: 50000
2026-09-13 00:10:56,797 | INFO | Steps: 99840/150000 | Episodes: 195 | CurrentEpReward: 0.000 | RecentReward: 81.641 | QLoss: 0.735870 | ParamLoss: -1.248069 | Epsilon: 0.0200 | Replay: 50000
2026-09-13 00:11:22,100 | INFO | 新的最佳模型 (reward): 85.802，保存至 /home/pjpjq/LEO_switch/results/multiseed_0907/seed44/u25/learned_baselines/pdqn/best_model.pt
2026-09-13 00:11:22,107 | INFO | 周期权重已保存: /home/pjpjq/LEO_switch/results/multiseed_0907/seed44/u25/learned_baselines/pdqn/checkpoint_100000.pt
2026-09-13 00:11:29,316 | INFO | Steps: 100352/150000 | Episodes: 196 | CurrentEpReward: 0.000 | RecentReward: 81.682 | QLoss: 0.647982 | ParamLoss: -1.251826 | Epsilon: 0.0200 | Replay: 50000
2026-09-13 00:11:39,763 | INFO | Steps: 100864/150000 | Episodes: 197 | CurrentEpReward: 0.000 | RecentReward: 80.731 | QLoss: 0.804879 | ParamLoss: -1.246274 | Epsilon: 0.0200 | Replay: 50000
2026-09-13 00:11:50,355 | INFO | Steps: 101376/150000 | Episodes: 198 | CurrentEpReward: 0.000 | RecentReward: 80.671 | QLoss: 0.595307 | ParamLoss: -1.263578 | Epsilon: 0.0200 | Replay: 50000
2026-09-13 00:12:00,817 | INFO | Steps: 101888/150000 | Episodes: 199 | CurrentEpReward: 0.000 | RecentReward: 80.894 | QLoss: 0.501204 | ParamLoss: -1.254753 | Epsilon: 0.0200 | Replay: 50000
2026-09-13 00:12:11,249 | INFO | Steps: 102400/150000 | Episodes: 200 | CurrentEpReward: 0.000 | RecentReward: 81.055 | QLoss: 0.824333 | ParamLoss: -1.257909 | Epsilon: 0.0200 | Replay: 50000
2026-09-13 00:12:21,719 | INFO | Steps: 102912/150000 | Episodes: 201 | CurrentEpReward: 0.000 | RecentReward: 81.475 | QLoss: 0.625456 | ParamLoss: -1.256196 | Epsilon: 0.0200 | Replay: 50000
2026-09-13 00:12:32,218 | INFO | Steps: 103424/150000 | Episodes: 202 | CurrentEpReward: 0.000 | RecentReward: 82.799 | QLoss: 0.555235 | ParamLoss: -1.252387 | Epsilon: 0.0200 | Replay: 50000
2026-09-13 00:12:42,756 | INFO | Steps: 103936/150000 | Episodes: 203 | CurrentEpReward: 0.000 | RecentReward: 83.155 | QLoss: 0.548694 | ParamLoss: -1.259612 | Epsilon: 0.0200 | Replay: 50000
2026-09-13 00:12:53,158 | INFO | Steps: 104448/150000 | Episodes: 204 | CurrentEpReward: 0.000 | RecentReward: 84.257 | QLoss: 0.651881 | ParamLoss: -1.254840 | Epsilon: 0.0200 | Replay: 50000
2026-09-13 00:13:03,815 | INFO | Steps: 104960/150000 | Episodes: 205 | CurrentEpReward: 0.000 | RecentReward: 83.767 | QLoss: 0.761172 | ParamLoss: -1.262796 | Epsilon: 0.0200 | Replay: 50000
2026-09-13 00:13:14,248 | INFO | Steps: 105472/150000 | Episodes: 206 | CurrentEpReward: 0.000 | RecentReward: 83.202 | QLoss: 0.667448 | ParamLoss: -1.260173 | Epsilon: 0.0200 | Replay: 50000
2026-09-13 00:13:24,947 | INFO | Steps: 105984/150000 | Episodes: 207 | CurrentEpReward: 0.000 | RecentReward: 84.676 | QLoss: 0.719880 | ParamLoss: -1.245720 | Epsilon: 0.0200 | Replay: 50000
2026-09-13 00:13:35,380 | INFO | Steps: 106496/150000 | Episodes: 208 | CurrentEpReward: 0.000 | RecentReward: 84.386 | QLoss: 0.501055 | ParamLoss: -1.253354 | Epsilon: 0.0200 | Replay: 50000
2026-09-13 00:13:45,823 | INFO | Steps: 107008/150000 | Episodes: 209 | CurrentEpReward: 0.000 | RecentReward: 85.242 | QLoss: 0.640171 | ParamLoss: -1.251280 | Epsilon: 0.0200 | Replay: 50000
2026-09-13 00:13:56,220 | INFO | Steps: 107520/150000 | Episodes: 210 | CurrentEpReward: 0.000 | RecentReward: 84.212 | QLoss: 0.707967 | ParamLoss: -1.253632 | Epsilon: 0.0200 | Replay: 50000
2026-09-13 00:14:06,686 | INFO | Steps: 108032/150000 | Episodes: 211 | CurrentEpReward: 0.000 | RecentReward: 83.661 | QLoss: 0.787085 | ParamLoss: -1.257262 | Epsilon: 0.0200 | Replay: 50000
2026-09-13 00:14:17,184 | INFO | Steps: 108544/150000 | Episodes: 212 | CurrentEpReward: 0.000 | RecentReward: 82.966 | QLoss: 0.683341 | ParamLoss: -1.269704 | Epsilon: 0.0200 | Replay: 50000
2026-09-13 00:14:27,780 | INFO | Steps: 109056/150000 | Episodes: 213 | CurrentEpReward: 0.000 | RecentReward: 83.177 | QLoss: 0.649706 | ParamLoss: -1.265368 | Epsilon: 0.0200 | Replay: 50000
2026-09-13 00:14:38,191 | INFO | Steps: 109568/150000 | Episodes: 214 | CurrentEpReward: 0.000 | RecentReward: 82.845 | QLoss: 0.709248 | ParamLoss: -1.256373 | Epsilon: 0.0200 | Replay: 50000
2026-09-13 00:14:48,765 | INFO | Steps: 110080/150000 | Episodes: 215 | CurrentEpReward: 0.000 | RecentReward: 82.696 | QLoss: 0.654663 | ParamLoss: -1.267989 | Epsilon: 0.0200 | Replay: 50000
2026-09-13 00:14:59,182 | INFO | Steps: 110592/150000 | Episodes: 216 | CurrentEpReward: 0.000 | RecentReward: 82.931 | QLoss: 0.528937 | ParamLoss: -1.266792 | Epsilon: 0.0200 | Replay: 50000
2026-09-13 00:15:09,614 | INFO | Steps: 111104/150000 | Episodes: 217 | CurrentEpReward: 0.000 | RecentReward: 81.699 | QLoss: 0.513033 | ParamLoss: -1.276177 | Epsilon: 0.0200 | Replay: 50000
2026-09-13 00:15:20,066 | INFO | Steps: 111616/150000 | Episodes: 218 | CurrentEpReward: 0.000 | RecentReward: 81.683 | QLoss: 0.574996 | ParamLoss: -1.263931 | Epsilon: 0.0200 | Replay: 50000
2026-09-13 00:15:30,444 | INFO | Steps: 112128/150000 | Episodes: 219 | CurrentEpReward: 0.000 | RecentReward: 80.892 | QLoss: 0.514531 | ParamLoss: -1.256915 | Epsilon: 0.0200 | Replay: 50000
2026-09-13 00:15:40,886 | INFO | Steps: 112640/150000 | Episodes: 220 | CurrentEpReward: 0.000 | RecentReward: 81.398 | QLoss: 0.617002 | ParamLoss: -1.272978 | Epsilon: 0.0200 | Replay: 50000
2026-09-13 00:15:51,381 | INFO | Steps: 113152/150000 | Episodes: 221 | CurrentEpReward: 0.000 | RecentReward: 81.344 | QLoss: 0.624751 | ParamLoss: -1.264902 | Epsilon: 0.0200 | Replay: 50000
2026-09-13 00:16:01,799 | INFO | Steps: 113664/150000 | Episodes: 222 | CurrentEpReward: 0.000 | RecentReward: 80.954 | QLoss: 0.712340 | ParamLoss: -1.274812 | Epsilon: 0.0200 | Replay: 50000
2026-09-13 00:16:12,310 | INFO | Steps: 114176/150000 | Episodes: 223 | CurrentEpReward: 0.000 | RecentReward: 80.708 | QLoss: 0.620536 | ParamLoss: -1.277069 | Epsilon: 0.0200 | Replay: 50000
2026-09-13 00:16:22,851 | INFO | Steps: 114688/150000 | Episodes: 224 | CurrentEpReward: 0.000 | RecentReward: 81.458 | QLoss: 0.690737 | ParamLoss: -1.279537 | Epsilon: 0.0200 | Replay: 50000
2026-09-13 00:16:33,286 | INFO | Steps: 115200/150000 | Episodes: 225 | CurrentEpReward: 0.000 | RecentReward: 81.604 | QLoss: 0.590369 | ParamLoss: -1.275331 | Epsilon: 0.0200 | Replay: 50000
2026-09-13 00:16:43,739 | INFO | Steps: 115712/150000 | Episodes: 226 | CurrentEpReward: 0.000 | RecentReward: 82.738 | QLoss: 0.656972 | ParamLoss: -1.284472 | Epsilon: 0.0200 | Replay: 50000
2026-09-13 00:16:54,183 | INFO | Steps: 116224/150000 | Episodes: 227 | CurrentEpReward: 0.000 | RecentReward: 83.824 | QLoss: 0.551536 | ParamLoss: -1.280277 | Epsilon: 0.0200 | Replay: 50000
2026-09-13 00:17:04,707 | INFO | Steps: 116736/150000 | Episodes: 228 | CurrentEpReward: 0.000 | RecentReward: 84.224 | QLoss: 0.705130 | ParamLoss: -1.280533 | Epsilon: 0.0200 | Replay: 50000
2026-09-13 00:17:15,295 | INFO | Steps: 117248/150000 | Episodes: 229 | CurrentEpReward: 0.000 | RecentReward: 85.193 | QLoss: 0.677112 | ParamLoss: -1.289054 | Epsilon: 0.0200 | Replay: 50000
2026-09-13 00:17:25,763 | INFO | Steps: 117760/150000 | Episodes: 230 | CurrentEpReward: 0.000 | RecentReward: 85.366 | QLoss: 0.586170 | ParamLoss: -1.313262 | Epsilon: 0.0200 | Replay: 50000
2026-09-13 00:17:36,188 | INFO | Steps: 118272/150000 | Episodes: 231 | CurrentEpReward: 0.000 | RecentReward: 86.469 | QLoss: 0.585828 | ParamLoss: -1.315945 | Epsilon: 0.0200 | Replay: 50000
2026-09-13 00:17:46,643 | INFO | Steps: 118784/150000 | Episodes: 232 | CurrentEpReward: 0.000 | RecentReward: 86.101 | QLoss: 0.704566 | ParamLoss: -1.326737 | Epsilon: 0.0200 | Replay: 50000
2026-09-13 00:17:57,080 | INFO | Steps: 119296/150000 | Episodes: 233 | CurrentEpReward: 0.000 | RecentReward: 85.849 | QLoss: 0.620396 | ParamLoss: -1.328553 | Epsilon: 0.0200 | Replay: 50000
2026-09-13 00:18:07,767 | INFO | Steps: 119808/150000 | Episodes: 234 | CurrentEpReward: 0.000 | RecentReward: 86.575 | QLoss: 0.595424 | ParamLoss: -1.342255 | Epsilon: 0.0200 | Replay: 50000
2026-09-13 00:18:18,147 | INFO | Steps: 120320/150000 | Episodes: 235 | CurrentEpReward: 0.000 | RecentReward: 85.980 | QLoss: 0.758118 | ParamLoss: -1.338085 | Epsilon: 0.0200 | Replay: 50000
2026-09-13 00:18:28,756 | INFO | Steps: 120832/150000 | Episodes: 236 | CurrentEpReward: 0.000 | RecentReward: 85.895 | QLoss: 0.719799 | ParamLoss: -1.329364 | Epsilon: 0.0200 | Replay: 50000
2026-09-13 00:18:39,210 | INFO | Steps: 121344/150000 | Episodes: 237 | CurrentEpReward: 0.000 | RecentReward: 85.263 | QLoss: 0.636405 | ParamLoss: -1.331429 | Epsilon: 0.0200 | Replay: 50000
2026-09-13 00:18:49,703 | INFO | Steps: 121856/150000 | Episodes: 238 | CurrentEpReward: 0.000 | RecentReward: 86.552 | QLoss: 0.625576 | ParamLoss: -1.341185 | Epsilon: 0.0200 | Replay: 50000
2026-09-13 00:19:00,272 | INFO | Steps: 122368/150000 | Episodes: 239 | CurrentEpReward: 0.000 | RecentReward: 86.830 | QLoss: 0.700867 | ParamLoss: -1.335119 | Epsilon: 0.0200 | Replay: 50000
2026-09-13 00:19:10,686 | INFO | Steps: 122880/150000 | Episodes: 240 | CurrentEpReward: 0.000 | RecentReward: 86.610 | QLoss: 0.662871 | ParamLoss: -1.336229 | Epsilon: 0.0200 | Replay: 50000
2026-09-13 00:19:21,093 | INFO | Steps: 123392/150000 | Episodes: 241 | CurrentEpReward: 0.000 | RecentReward: 85.999 | QLoss: 0.646042 | ParamLoss: -1.336276 | Epsilon: 0.0200 | Replay: 50000
2026-09-13 00:19:31,564 | INFO | Steps: 123904/150000 | Episodes: 242 | CurrentEpReward: 0.000 | RecentReward: 87.266 | QLoss: 0.617672 | ParamLoss: -1.330480 | Epsilon: 0.0200 | Replay: 50000
2026-09-13 00:19:42,024 | INFO | Steps: 124416/150000 | Episodes: 243 | CurrentEpReward: 0.000 | RecentReward: 86.762 | QLoss: 0.580924 | ParamLoss: -1.334422 | Epsilon: 0.0200 | Replay: 50000
2026-09-13 00:19:52,451 | INFO | Steps: 124928/150000 | Episodes: 244 | CurrentEpReward: 0.000 | RecentReward: 86.298 | QLoss: 0.699130 | ParamLoss: -1.346495 | Epsilon: 0.0200 | Replay: 50000
2026-09-13 00:20:02,888 | INFO | Steps: 125440/150000 | Episodes: 245 | CurrentEpReward: 0.000 | RecentReward: 86.830 | QLoss: 0.717342 | ParamLoss: -1.336354 | Epsilon: 0.0200 | Replay: 50000
2026-09-13 00:20:13,311 | INFO | Steps: 125952/150000 | Episodes: 246 | CurrentEpReward: 0.000 | RecentReward: 86.137 | QLoss: 0.785064 | ParamLoss: -1.340020 | Epsilon: 0.0200 | Replay: 50000
2026-09-13 00:20:23,665 | INFO | Steps: 126464/150000 | Episodes: 247 | CurrentEpReward: 0.000 | RecentReward: 87.017 | QLoss: 0.559585 | ParamLoss: -1.347893 | Epsilon: 0.0200 | Replay: 50000
2026-09-13 00:20:33,920 | INFO | Steps: 126976/150000 | Episodes: 248 | CurrentEpReward: 0.000 | RecentReward: 84.801 | QLoss: 0.619012 | ParamLoss: -1.338491 | Epsilon: 0.0200 | Replay: 50000
2026-09-13 00:20:44,171 | INFO | Steps: 127488/150000 | Episodes: 249 | CurrentEpReward: 0.000 | RecentReward: 83.462 | QLoss: 0.715707 | ParamLoss: -1.345931 | Epsilon: 0.0200 | Replay: 50000
2026-09-13 00:20:54,516 | INFO | Steps: 128000/150000 | Episodes: 250 | CurrentEpReward: 0.000 | RecentReward: 84.127 | QLoss: 0.655249 | ParamLoss: -1.342122 | Epsilon: 0.0200 | Replay: 50000
2026-09-13 00:21:05,092 | INFO | Steps: 128512/150000 | Episodes: 251 | CurrentEpReward: 0.000 | RecentReward: 84.975 | QLoss: 0.691072 | ParamLoss: -1.351710 | Epsilon: 0.0200 | Replay: 50000
2026-09-13 00:21:15,365 | INFO | Steps: 129024/150000 | Episodes: 252 | CurrentEpReward: 0.000 | RecentReward: 84.351 | QLoss: 0.694115 | ParamLoss: -1.350580 | Epsilon: 0.0200 | Replay: 50000
2026-09-13 00:21:25,852 | INFO | Steps: 129536/150000 | Episodes: 253 | CurrentEpReward: 0.000 | RecentReward: 85.825 | QLoss: 0.655415 | ParamLoss: -1.345702 | Epsilon: 0.0200 | Replay: 50000
2026-09-13 00:21:36,177 | INFO | Steps: 130048/150000 | Episodes: 254 | CurrentEpReward: 0.000 | RecentReward: 85.360 | QLoss: 0.492017 | ParamLoss: -1.345516 | Epsilon: 0.0200 | Replay: 50000
2026-09-13 00:21:46,578 | INFO | Steps: 130560/150000 | Episodes: 255 | CurrentEpReward: 0.000 | RecentReward: 86.053 | QLoss: 0.663114 | ParamLoss: -1.344786 | Epsilon: 0.0200 | Replay: 50000
2026-09-13 00:21:57,039 | INFO | Steps: 131072/150000 | Episodes: 256 | CurrentEpReward: 0.000 | RecentReward: 87.111 | QLoss: 0.601947 | ParamLoss: -1.349539 | Epsilon: 0.0200 | Replay: 50000
2026-09-13 00:22:07,489 | INFO | Steps: 131584/150000 | Episodes: 257 | CurrentEpReward: 0.000 | RecentReward: 86.324 | QLoss: 0.677194 | ParamLoss: -1.353743 | Epsilon: 0.0200 | Replay: 50000
2026-09-13 00:22:17,745 | INFO | Steps: 132096/150000 | Episodes: 258 | CurrentEpReward: 0.000 | RecentReward: 87.462 | QLoss: 0.627734 | ParamLoss: -1.356317 | Epsilon: 0.0200 | Replay: 50000
2026-09-13 00:22:28,218 | INFO | Steps: 132608/150000 | Episodes: 259 | CurrentEpReward: 0.000 | RecentReward: 88.495 | QLoss: 0.829933 | ParamLoss: -1.356845 | Epsilon: 0.0200 | Replay: 50000
2026-09-13 00:22:38,595 | INFO | Steps: 133120/150000 | Episodes: 260 | CurrentEpReward: 0.000 | RecentReward: 88.913 | QLoss: 0.650226 | ParamLoss: -1.365315 | Epsilon: 0.0200 | Replay: 50000
2026-09-13 00:22:48,871 | INFO | Steps: 133632/150000 | Episodes: 261 | CurrentEpReward: 0.000 | RecentReward: 89.029 | QLoss: 0.729208 | ParamLoss: -1.357014 | Epsilon: 0.0200 | Replay: 50000
2026-09-13 00:22:59,169 | INFO | Steps: 134144/150000 | Episodes: 262 | CurrentEpReward: 0.000 | RecentReward: 89.002 | QLoss: 0.449166 | ParamLoss: -1.340023 | Epsilon: 0.0200 | Replay: 50000
2026-09-13 00:23:09,356 | INFO | Steps: 134656/150000 | Episodes: 263 | CurrentEpReward: 0.000 | RecentReward: 87.811 | QLoss: 0.641302 | ParamLoss: -1.340549 | Epsilon: 0.0200 | Replay: 50000
2026-09-13 00:23:19,630 | INFO | Steps: 135168/150000 | Episodes: 264 | CurrentEpReward: 0.000 | RecentReward: 87.863 | QLoss: 0.560438 | ParamLoss: -1.351258 | Epsilon: 0.0200 | Replay: 50000
2026-09-13 00:23:29,911 | INFO | Steps: 135680/150000 | Episodes: 265 | CurrentEpReward: 0.000 | RecentReward: 87.453 | QLoss: 0.814626 | ParamLoss: -1.350726 | Epsilon: 0.0200 | Replay: 50000
2026-09-13 00:23:40,233 | INFO | Steps: 136192/150000 | Episodes: 266 | CurrentEpReward: 0.000 | RecentReward: 86.271 | QLoss: 0.528672 | ParamLoss: -1.355416 | Epsilon: 0.0200 | Replay: 50000
2026-09-13 00:23:50,655 | INFO | Steps: 136704/150000 | Episodes: 267 | CurrentEpReward: 0.000 | RecentReward: 85.914 | QLoss: 0.877155 | ParamLoss: -1.359497 | Epsilon: 0.0200 | Replay: 50000
2026-09-13 00:24:01,033 | INFO | Steps: 137216/150000 | Episodes: 268 | CurrentEpReward: 0.000 | RecentReward: 86.187 | QLoss: 0.552181 | ParamLoss: -1.354471 | Epsilon: 0.0200 | Replay: 50000
2026-09-13 00:24:11,314 | INFO | Steps: 137728/150000 | Episodes: 269 | CurrentEpReward: 0.000 | RecentReward: 85.248 | QLoss: 0.656444 | ParamLoss: -1.361787 | Epsilon: 0.0200 | Replay: 50000
2026-09-13 00:24:21,685 | INFO | Steps: 138240/150000 | Episodes: 270 | CurrentEpReward: 0.000 | RecentReward: 85.077 | QLoss: 0.604042 | ParamLoss: -1.361356 | Epsilon: 0.0200 | Replay: 50000
2026-09-13 00:24:32,021 | INFO | Steps: 138752/150000 | Episodes: 271 | CurrentEpReward: 0.000 | RecentReward: 84.350 | QLoss: 0.683291 | ParamLoss: -1.372315 | Epsilon: 0.0200 | Replay: 50000
2026-09-13 00:24:42,413 | INFO | Steps: 139264/150000 | Episodes: 272 | CurrentEpReward: 0.000 | RecentReward: 84.897 | QLoss: 0.621299 | ParamLoss: -1.376205 | Epsilon: 0.0200 | Replay: 50000
2026-09-13 00:24:52,800 | INFO | Steps: 139776/150000 | Episodes: 273 | CurrentEpReward: 0.000 | RecentReward: 85.869 | QLoss: 0.547403 | ParamLoss: -1.398509 | Epsilon: 0.0200 | Replay: 50000
2026-09-13 00:25:03,040 | INFO | Steps: 140288/150000 | Episodes: 274 | CurrentEpReward: 0.000 | RecentReward: 85.751 | QLoss: 0.655767 | ParamLoss: -1.405917 | Epsilon: 0.0200 | Replay: 50000
2026-09-13 00:25:13,363 | INFO | Steps: 140800/150000 | Episodes: 275 | CurrentEpReward: 0.000 | RecentReward: 85.605 | QLoss: 0.662739 | ParamLoss: -1.422444 | Epsilon: 0.0200 | Replay: 50000
2026-09-13 00:25:23,561 | INFO | Steps: 141312/150000 | Episodes: 276 | CurrentEpReward: 0.000 | RecentReward: 85.973 | QLoss: 0.647991 | ParamLoss: -1.417529 | Epsilon: 0.0200 | Replay: 50000
2026-09-13 00:25:34,156 | INFO | Steps: 141824/150000 | Episodes: 277 | CurrentEpReward: 0.000 | RecentReward: 86.143 | QLoss: 0.718224 | ParamLoss: -1.418901 | Epsilon: 0.0200 | Replay: 50000
2026-09-13 00:25:44,354 | INFO | Steps: 142336/150000 | Episodes: 278 | CurrentEpReward: 0.000 | RecentReward: 86.013 | QLoss: 0.534486 | ParamLoss: -1.429011 | Epsilon: 0.0200 | Replay: 50000
2026-09-13 00:25:54,501 | INFO | Steps: 142848/150000 | Episodes: 279 | CurrentEpReward: 0.000 | RecentReward: 86.278 | QLoss: 0.711188 | ParamLoss: -1.426554 | Epsilon: 0.0200 | Replay: 50000
2026-09-13 00:26:04,599 | INFO | Steps: 143360/150000 | Episodes: 280 | CurrentEpReward: 0.000 | RecentReward: 85.036 | QLoss: 0.606576 | ParamLoss: -1.424467 | Epsilon: 0.0200 | Replay: 50000
2026-09-13 00:26:14,985 | INFO | Steps: 143872/150000 | Episodes: 281 | CurrentEpReward: 0.000 | RecentReward: 85.160 | QLoss: 0.676950 | ParamLoss: -1.425616 | Epsilon: 0.0200 | Replay: 50000
2026-09-13 00:26:25,451 | INFO | Steps: 144384/150000 | Episodes: 282 | CurrentEpReward: 0.000 | RecentReward: 84.808 | QLoss: 0.780118 | ParamLoss: -1.438427 | Epsilon: 0.0200 | Replay: 50000
2026-09-13 00:26:36,007 | INFO | Steps: 144896/150000 | Episodes: 283 | CurrentEpReward: 0.000 | RecentReward: 84.974 | QLoss: 0.659839 | ParamLoss: -1.448782 | Epsilon: 0.0200 | Replay: 50000
2026-09-13 00:26:46,382 | INFO | Steps: 145408/150000 | Episodes: 284 | CurrentEpReward: 0.000 | RecentReward: 84.189 | QLoss: 0.539225 | ParamLoss: -1.457470 | Epsilon: 0.0200 | Replay: 50000
2026-09-13 00:26:56,719 | INFO | Steps: 145920/150000 | Episodes: 285 | CurrentEpReward: 0.000 | RecentReward: 83.969 | QLoss: 0.589535 | ParamLoss: -1.453112 | Epsilon: 0.0200 | Replay: 50000
2026-09-13 00:27:07,062 | INFO | Steps: 146432/150000 | Episodes: 286 | CurrentEpReward: 0.000 | RecentReward: 83.790 | QLoss: 0.489368 | ParamLoss: -1.447526 | Epsilon: 0.0200 | Replay: 50000
2026-09-13 00:27:17,473 | INFO | Steps: 146944/150000 | Episodes: 287 | CurrentEpReward: 0.000 | RecentReward: 84.370 | QLoss: 0.637032 | ParamLoss: -1.438708 | Epsilon: 0.0200 | Replay: 50000
2026-09-13 00:27:27,876 | INFO | Steps: 147456/150000 | Episodes: 288 | CurrentEpReward: 0.000 | RecentReward: 84.147 | QLoss: 0.494090 | ParamLoss: -1.435535 | Epsilon: 0.0200 | Replay: 50000
2026-09-13 00:27:38,504 | INFO | Steps: 147968/150000 | Episodes: 289 | CurrentEpReward: 0.000 | RecentReward: 85.182 | QLoss: 0.776963 | ParamLoss: -1.442308 | Epsilon: 0.0200 | Replay: 50000
2026-09-13 00:27:48,999 | INFO | Steps: 148480/150000 | Episodes: 290 | CurrentEpReward: 0.000 | RecentReward: 86.537 | QLoss: 0.539830 | ParamLoss: -1.419175 | Epsilon: 0.0200 | Replay: 50000
2026-09-13 00:27:59,364 | INFO | Steps: 148992/150000 | Episodes: 291 | CurrentEpReward: 0.000 | RecentReward: 86.293 | QLoss: 0.616238 | ParamLoss: -1.410576 | Epsilon: 0.0200 | Replay: 50000
2026-09-13 00:28:09,748 | INFO | Steps: 149504/150000 | Episodes: 292 | CurrentEpReward: 0.000 | RecentReward: 86.302 | QLoss: 0.733062 | ParamLoss: -1.406109 | Epsilon: 0.0200 | Replay: 50000
2026-09-13 00:28:19,795 | INFO | Steps: 150000/150000 | Episodes: 292 | CurrentEpReward: 88.515 | RecentReward: 86.302 | QLoss: 0.742645 | ParamLoss: -1.414223 | Epsilon: 0.0200 | Replay: 50000
2026-09-13 00:28:41,635 | INFO | 新的最佳模型 (reward): 86.508，保存至 /home/pjpjq/LEO_switch/results/multiseed_0907/seed44/u25/learned_baselines/pdqn/best_model.pt
2026-09-13 00:28:41,645 | INFO | 周期权重已保存: /home/pjpjq/LEO_switch/results/multiseed_0907/seed44/u25/learned_baselines/pdqn/checkpoint_150000.pt
2026-09-13 00:28:41,674 | INFO | 最终权重已保存: /home/pjpjq/LEO_switch/results/multiseed_0907/seed44/u25/learned_baselines/pdqn/pdqn_model.pt
2026-09-13 00:29:03,674 | INFO | 训练与评估完成 | EvalReward: 86.508 ± 2.338
