2026-09-12 21:59:45,059 | INFO | ============================================================
2026-09-12 21:59:45,059 | INFO | 开始训练纯 PDQN 基线
2026-09-12 21:59:45,059 | INFO | 总步数: 150000 | warmup: 1000 | batch: 128 | 日志间隔: 512 steps | 保存间隔: 50000 steps | device: cuda
2026-09-12 21:59:45,059 | INFO | ============================================================
2026-09-12 21:59:48,932 | INFO | Steps: 512/150000 | Episodes: 1 | CurrentEpReward: 0.000 | RecentReward: -22.971 | QLoss: 0.000000 | ParamLoss: 0.000000 | Epsilon: 1.0000 | Replay: 512
2026-09-12 21:59:53,042 | INFO | Steps: 1024/150000 | Episodes: 2 | CurrentEpReward: 0.000 | RecentReward: -18.007 | QLoss: 0.184149 | ParamLoss: 0.021896 | Epsilon: 0.9993 | Replay: 1024
2026-09-12 22:00:03,440 | INFO | Steps: 1536/150000 | Episodes: 3 | CurrentEpReward: 0.000 | RecentReward: -14.003 | QLoss: 0.172067 | ParamLoss: 0.014281 | Epsilon: 0.9860 | Replay: 1536
2026-09-12 22:00:13,586 | INFO | Steps: 2048/150000 | Episodes: 4 | CurrentEpReward: 0.000 | RecentReward: -12.213 | QLoss: 0.177237 | ParamLoss: 0.007430 | Epsilon: 0.9726 | Replay: 2048
2026-09-12 22:00:23,851 | INFO | Steps: 2560/150000 | Episodes: 5 | CurrentEpReward: 0.000 | RecentReward: -9.845 | QLoss: 0.177902 | ParamLoss: -0.000281 | Epsilon: 0.9592 | Replay: 2560
2026-09-12 22:00:33,927 | INFO | Steps: 3072/150000 | Episodes: 6 | CurrentEpReward: 0.000 | RecentReward: -10.130 | QLoss: 0.180859 | ParamLoss: -0.006576 | Epsilon: 0.9458 | Replay: 3072
2026-09-12 22:00:43,942 | INFO | Steps: 3584/150000 | Episodes: 7 | CurrentEpReward: 0.000 | RecentReward: -9.687 | QLoss: 0.184146 | ParamLoss: -0.013753 | Epsilon: 0.9324 | Replay: 3584
2026-09-12 22:00:54,129 | INFO | Steps: 4096/150000 | Episodes: 8 | CurrentEpReward: 0.000 | RecentReward: -8.436 | QLoss: 0.186350 | ParamLoss: -0.022142 | Epsilon: 0.9191 | Replay: 4096
2026-09-12 22:01:04,287 | INFO | Steps: 4608/150000 | Episodes: 9 | CurrentEpReward: 0.000 | RecentReward: -7.934 | QLoss: 0.188269 | ParamLoss: -0.026685 | Epsilon: 0.9057 | Replay: 4608
2026-09-12 22:01:14,472 | INFO | Steps: 5120/150000 | Episodes: 10 | CurrentEpReward: 0.000 | RecentReward: -7.523 | QLoss: 0.184222 | ParamLoss: -0.033642 | Epsilon: 0.8923 | Replay: 5120
2026-09-12 22:01:24,641 | INFO | Steps: 5632/150000 | Episodes: 11 | CurrentEpReward: 0.000 | RecentReward: -5.205 | QLoss: 0.186942 | ParamLoss: -0.040736 | Epsilon: 0.8789 | Replay: 5632
2026-09-12 22:01:35,130 | INFO | Steps: 6144/150000 | Episodes: 12 | CurrentEpReward: 0.000 | RecentReward: -4.038 | QLoss: 0.188594 | ParamLoss: -0.050762 | Epsilon: 0.8655 | Replay: 6144
2026-09-12 22:01:45,238 | INFO | Steps: 6656/150000 | Episodes: 13 | CurrentEpReward: 0.000 | RecentReward: -3.575 | QLoss: 0.195268 | ParamLoss: -0.059847 | Epsilon: 0.8522 | Replay: 6656
2026-09-12 22:01:55,347 | INFO | Steps: 7168/150000 | Episodes: 14 | CurrentEpReward: 0.000 | RecentReward: -3.235 | QLoss: 0.199182 | ParamLoss: -0.068823 | Epsilon: 0.8388 | Replay: 7168
2026-09-12 22:02:05,597 | INFO | Steps: 7680/150000 | Episodes: 15 | CurrentEpReward: 0.000 | RecentReward: -2.948 | QLoss: 0.202691 | ParamLoss: -0.075990 | Epsilon: 0.8254 | Replay: 7680
2026-09-12 22:02:15,742 | INFO | Steps: 8192/150000 | Episodes: 16 | CurrentEpReward: 0.000 | RecentReward: -1.063 | QLoss: 0.199329 | ParamLoss: -0.079140 | Epsilon: 0.8120 | Replay: 8192
2026-09-12 22:02:26,063 | INFO | Steps: 8704/150000 | Episodes: 17 | CurrentEpReward: 0.000 | RecentReward: 0.672 | QLoss: 0.202423 | ParamLoss: -0.087774 | Epsilon: 0.7986 | Replay: 8704
2026-09-12 22:02:36,366 | INFO | Steps: 9216/150000 | Episodes: 18 | CurrentEpReward: 0.000 | RecentReward: 1.578 | QLoss: 0.200694 | ParamLoss: -0.097404 | Epsilon: 0.7853 | Replay: 9216
2026-09-12 22:02:46,514 | INFO | Steps: 9728/150000 | Episodes: 19 | CurrentEpReward: 0.000 | RecentReward: 1.687 | QLoss: 0.204220 | ParamLoss: -0.110012 | Epsilon: 0.7719 | Replay: 9728
2026-09-12 22:02:56,602 | INFO | Steps: 10240/150000 | Episodes: 20 | CurrentEpReward: 0.000 | RecentReward: 2.179 | QLoss: 0.203795 | ParamLoss: -0.113413 | Epsilon: 0.7585 | Replay: 10240
2026-09-12 22:03:06,662 | INFO | Steps: 10752/150000 | Episodes: 21 | CurrentEpReward: 0.000 | RecentReward: 1.750 | QLoss: 0.210880 | ParamLoss: -0.120120 | Epsilon: 0.7451 | Replay: 10752
2026-09-12 22:03:16,832 | INFO | Steps: 11264/150000 | Episodes: 22 | CurrentEpReward: 0.000 | RecentReward: 2.586 | QLoss: 0.212799 | ParamLoss: -0.129576 | Epsilon: 0.7317 | Replay: 11264
2026-09-12 22:03:26,988 | INFO | Steps: 11776/150000 | Episodes: 23 | CurrentEpReward: 0.000 | RecentReward: 3.206 | QLoss: 0.214761 | ParamLoss: -0.135259 | Epsilon: 0.7184 | Replay: 11776
2026-09-12 22:03:37,281 | INFO | Steps: 12288/150000 | Episodes: 24 | CurrentEpReward: 0.000 | RecentReward: 4.270 | QLoss: 0.217214 | ParamLoss: -0.140197 | Epsilon: 0.7050 | Replay: 12288
2026-09-12 22:03:47,591 | INFO | Steps: 12800/150000 | Episodes: 25 | CurrentEpReward: 0.000 | RecentReward: 4.519 | QLoss: 0.226386 | ParamLoss: -0.156146 | Epsilon: 0.6916 | Replay: 12800
2026-09-12 22:03:57,789 | INFO | Steps: 13312/150000 | Episodes: 26 | CurrentEpReward: 0.000 | RecentReward: 4.666 | QLoss: 0.225238 | ParamLoss: -0.161610 | Epsilon: 0.6782 | Replay: 13312
2026-09-12 22:04:08,082 | INFO | Steps: 13824/150000 | Episodes: 27 | CurrentEpReward: 0.000 | RecentReward: 4.713 | QLoss: 0.223002 | ParamLoss: -0.164434 | Epsilon: 0.6648 | Replay: 13824
2026-09-12 22:04:18,221 | INFO | Steps: 14336/150000 | Episodes: 28 | CurrentEpReward: 0.000 | RecentReward: 4.525 | QLoss: 0.232017 | ParamLoss: -0.170208 | Epsilon: 0.6515 | Replay: 14336
2026-09-12 22:04:28,331 | INFO | Steps: 14848/150000 | Episodes: 29 | CurrentEpReward: 0.000 | RecentReward: 5.194 | QLoss: 0.227928 | ParamLoss: -0.178322 | Epsilon: 0.6381 | Replay: 14848
2026-09-12 22:04:38,762 | INFO | Steps: 15360/150000 | Episodes: 30 | CurrentEpReward: 0.000 | RecentReward: 6.901 | QLoss: 0.232505 | ParamLoss: -0.183696 | Epsilon: 0.6247 | Replay: 15360
2026-09-12 22:04:49,038 | INFO | Steps: 15872/150000 | Episodes: 31 | CurrentEpReward: 0.000 | RecentReward: 8.651 | QLoss: 0.236929 | ParamLoss: -0.187187 | Epsilon: 0.6113 | Replay: 15872
2026-09-12 22:04:59,244 | INFO | Steps: 16384/150000 | Episodes: 32 | CurrentEpReward: 0.000 | RecentReward: 9.669 | QLoss: 0.243435 | ParamLoss: -0.193991 | Epsilon: 0.5979 | Replay: 16384
2026-09-12 22:05:09,419 | INFO | Steps: 16896/150000 | Episodes: 33 | CurrentEpReward: 0.000 | RecentReward: 11.017 | QLoss: 0.231185 | ParamLoss: -0.198693 | Epsilon: 0.5846 | Replay: 16896
2026-09-12 22:05:19,553 | INFO | Steps: 17408/150000 | Episodes: 34 | CurrentEpReward: 0.000 | RecentReward: 11.939 | QLoss: 0.244200 | ParamLoss: -0.208394 | Epsilon: 0.5712 | Replay: 17408
2026-09-12 22:05:29,942 | INFO | Steps: 17920/150000 | Episodes: 35 | CurrentEpReward: 0.000 | RecentReward: 14.006 | QLoss: 0.251360 | ParamLoss: -0.218936 | Epsilon: 0.5578 | Replay: 17920
2026-09-12 22:05:40,096 | INFO | Steps: 18432/150000 | Episodes: 36 | CurrentEpReward: 0.000 | RecentReward: 14.595 | QLoss: 0.245284 | ParamLoss: -0.228649 | Epsilon: 0.5444 | Replay: 18432
2026-09-12 22:05:50,341 | INFO | Steps: 18944/150000 | Episodes: 37 | CurrentEpReward: 0.000 | RecentReward: 15.184 | QLoss: 0.262434 | ParamLoss: -0.230621 | Epsilon: 0.5310 | Replay: 18944
2026-09-12 22:06:00,436 | INFO | Steps: 19456/150000 | Episodes: 38 | CurrentEpReward: 0.000 | RecentReward: 15.757 | QLoss: 0.262324 | ParamLoss: -0.241780 | Epsilon: 0.5177 | Replay: 19456
2026-09-12 22:06:10,927 | INFO | Steps: 19968/150000 | Episodes: 39 | CurrentEpReward: 0.000 | RecentReward: 17.952 | QLoss: 0.264624 | ParamLoss: -0.246884 | Epsilon: 0.5043 | Replay: 19968
2026-09-12 22:06:21,175 | INFO | Steps: 20480/150000 | Episodes: 40 | CurrentEpReward: 0.000 | RecentReward: 18.263 | QLoss: 0.290296 | ParamLoss: -0.262209 | Epsilon: 0.4909 | Replay: 20480
2026-09-12 22:06:31,531 | INFO | Steps: 20992/150000 | Episodes: 41 | CurrentEpReward: 0.000 | RecentReward: 19.766 | QLoss: 0.277055 | ParamLoss: -0.272190 | Epsilon: 0.4775 | Replay: 20992
2026-09-12 22:06:41,947 | INFO | Steps: 21504/150000 | Episodes: 42 | CurrentEpReward: 0.000 | RecentReward: 21.121 | QLoss: 0.282756 | ParamLoss: -0.284813 | Epsilon: 0.4641 | Replay: 21504
2026-09-12 22:06:52,298 | INFO | Steps: 22016/150000 | Episodes: 43 | CurrentEpReward: 0.000 | RecentReward: 22.351 | QLoss: 0.288782 | ParamLoss: -0.294815 | Epsilon: 0.4508 | Replay: 22016
2026-09-12 22:07:02,624 | INFO | Steps: 22528/150000 | Episodes: 44 | CurrentEpReward: 0.000 | RecentReward: 23.315 | QLoss: 0.291791 | ParamLoss: -0.308582 | Epsilon: 0.4374 | Replay: 22528
2026-09-12 22:07:12,877 | INFO | Steps: 23040/150000 | Episodes: 45 | CurrentEpReward: 0.000 | RecentReward: 23.734 | QLoss: 0.287758 | ParamLoss: -0.318142 | Epsilon: 0.4240 | Replay: 23040
2026-09-12 22:07:23,179 | INFO | Steps: 23552/150000 | Episodes: 46 | CurrentEpReward: 0.000 | RecentReward: 25.439 | QLoss: 0.292456 | ParamLoss: -0.326522 | Epsilon: 0.4106 | Replay: 23552
2026-09-12 22:07:33,338 | INFO | Steps: 24064/150000 | Episodes: 47 | CurrentEpReward: 0.000 | RecentReward: 27.122 | QLoss: 0.314820 | ParamLoss: -0.334208 | Epsilon: 0.3972 | Replay: 24064
2026-09-12 22:07:43,671 | INFO | Steps: 24576/150000 | Episodes: 48 | CurrentEpReward: 0.000 | RecentReward: 28.272 | QLoss: 0.292201 | ParamLoss: -0.335532 | Epsilon: 0.3839 | Replay: 24576
2026-09-12 22:07:53,878 | INFO | Steps: 25088/150000 | Episodes: 49 | CurrentEpReward: 0.000 | RecentReward: 28.851 | QLoss: 0.306287 | ParamLoss: -0.343471 | Epsilon: 0.3705 | Replay: 25088
2026-09-12 22:08:04,009 | INFO | Steps: 25600/150000 | Episodes: 50 | CurrentEpReward: 0.000 | RecentReward: 30.292 | QLoss: 0.300335 | ParamLoss: -0.352573 | Epsilon: 0.3571 | Replay: 25600
2026-09-12 22:08:14,270 | INFO | Steps: 26112/150000 | Episodes: 51 | CurrentEpReward: 0.000 | RecentReward: 31.177 | QLoss: 0.308718 | ParamLoss: -0.359224 | Epsilon: 0.3437 | Replay: 26112
2026-09-12 22:08:24,453 | INFO | Steps: 26624/150000 | Episodes: 52 | CurrentEpReward: 0.000 | RecentReward: 31.702 | QLoss: 0.309794 | ParamLoss: -0.373465 | Epsilon: 0.3303 | Replay: 26624
2026-09-12 22:08:34,861 | INFO | Steps: 27136/150000 | Episodes: 53 | CurrentEpReward: 0.000 | RecentReward: 32.718 | QLoss: 0.295788 | ParamLoss: -0.385214 | Epsilon: 0.3170 | Replay: 27136
2026-09-12 22:08:45,030 | INFO | Steps: 27648/150000 | Episodes: 54 | CurrentEpReward: 0.000 | RecentReward: 33.948 | QLoss: 0.307204 | ParamLoss: -0.391129 | Epsilon: 0.3036 | Replay: 27648
2026-09-12 22:08:55,250 | INFO | Steps: 28160/150000 | Episodes: 55 | CurrentEpReward: 0.000 | RecentReward: 35.641 | QLoss: 0.296537 | ParamLoss: -0.400741 | Epsilon: 0.2902 | Replay: 28160
2026-09-12 22:09:05,866 | INFO | Steps: 28672/150000 | Episodes: 56 | CurrentEpReward: 0.000 | RecentReward: 37.442 | QLoss: 0.304492 | ParamLoss: -0.404498 | Epsilon: 0.2768 | Replay: 28672
2026-09-12 22:09:16,202 | INFO | Steps: 29184/150000 | Episodes: 57 | CurrentEpReward: 0.000 | RecentReward: 39.220 | QLoss: 0.313425 | ParamLoss: -0.414921 | Epsilon: 0.2634 | Replay: 29184
2026-09-12 22:09:26,376 | INFO | Steps: 29696/150000 | Episodes: 58 | CurrentEpReward: 0.000 | RecentReward: 39.824 | QLoss: 0.309880 | ParamLoss: -0.426464 | Epsilon: 0.2501 | Replay: 29696
2026-09-12 22:09:36,671 | INFO | Steps: 30208/150000 | Episodes: 59 | CurrentEpReward: 0.000 | RecentReward: 41.935 | QLoss: 0.329599 | ParamLoss: -0.436958 | Epsilon: 0.2367 | Replay: 30208
2026-09-12 22:09:46,973 | INFO | Steps: 30720/150000 | Episodes: 60 | CurrentEpReward: 0.000 | RecentReward: 43.599 | QLoss: 0.300079 | ParamLoss: -0.450938 | Epsilon: 0.2233 | Replay: 30720
2026-09-12 22:09:57,023 | INFO | Steps: 31232/150000 | Episodes: 61 | CurrentEpReward: 0.000 | RecentReward: 44.645 | QLoss: 0.315709 | ParamLoss: -0.457089 | Epsilon: 0.2099 | Replay: 31232
2026-09-12 22:10:07,194 | INFO | Steps: 31744/150000 | Episodes: 62 | CurrentEpReward: 0.000 | RecentReward: 46.954 | QLoss: 0.322922 | ParamLoss: -0.448798 | Epsilon: 0.1965 | Replay: 31744
2026-09-12 22:10:17,386 | INFO | Steps: 32256/150000 | Episodes: 63 | CurrentEpReward: 0.000 | RecentReward: 48.330 | QLoss: 0.309816 | ParamLoss: -0.466418 | Epsilon: 0.1832 | Replay: 32256
2026-09-12 22:10:27,385 | INFO | Steps: 32768/150000 | Episodes: 64 | CurrentEpReward: 0.000 | RecentReward: 50.298 | QLoss: 0.322629 | ParamLoss: -0.477740 | Epsilon: 0.1698 | Replay: 32768
2026-09-12 22:10:37,519 | INFO | Steps: 33280/150000 | Episodes: 65 | CurrentEpReward: 0.000 | RecentReward: 51.637 | QLoss: 0.329164 | ParamLoss: -0.485595 | Epsilon: 0.1564 | Replay: 33280
2026-09-12 22:10:47,907 | INFO | Steps: 33792/150000 | Episodes: 66 | CurrentEpReward: 0.000 | RecentReward: 53.180 | QLoss: 0.329885 | ParamLoss: -0.487339 | Epsilon: 0.1430 | Replay: 33792
2026-09-12 22:10:58,314 | INFO | Steps: 34304/150000 | Episodes: 67 | CurrentEpReward: 0.000 | RecentReward: 54.888 | QLoss: 0.314267 | ParamLoss: -0.500378 | Epsilon: 0.1296 | Replay: 34304
2026-09-12 22:11:08,906 | INFO | Steps: 34816/150000 | Episodes: 68 | CurrentEpReward: 0.000 | RecentReward: 59.201 | QLoss: 0.337277 | ParamLoss: -0.503869 | Epsilon: 0.1162 | Replay: 34816
2026-09-12 22:11:19,245 | INFO | Steps: 35328/150000 | Episodes: 69 | CurrentEpReward: 0.000 | RecentReward: 61.906 | QLoss: 0.320036 | ParamLoss: -0.508768 | Epsilon: 0.1029 | Replay: 35328
2026-09-12 22:11:29,463 | INFO | Steps: 35840/150000 | Episodes: 70 | CurrentEpReward: 0.000 | RecentReward: 62.602 | QLoss: 0.348754 | ParamLoss: -0.523519 | Epsilon: 0.0895 | Replay: 35840
2026-09-12 22:11:39,790 | INFO | Steps: 36352/150000 | Episodes: 71 | CurrentEpReward: 0.000 | RecentReward: 63.860 | QLoss: 0.333168 | ParamLoss: -0.537994 | Epsilon: 0.0761 | Replay: 36352
2026-09-12 22:11:49,896 | INFO | Steps: 36864/150000 | Episodes: 72 | CurrentEpReward: 0.000 | RecentReward: 64.557 | QLoss: 0.315535 | ParamLoss: -0.535669 | Epsilon: 0.0627 | Replay: 36864
2026-09-12 22:11:59,993 | INFO | Steps: 37376/150000 | Episodes: 73 | CurrentEpReward: 0.000 | RecentReward: 66.695 | QLoss: 0.297674 | ParamLoss: -0.550358 | Epsilon: 0.0493 | Replay: 37376
2026-09-12 22:12:10,169 | INFO | Steps: 37888/150000 | Episodes: 74 | CurrentEpReward: 0.000 | RecentReward: 68.645 | QLoss: 0.356540 | ParamLoss: -0.555908 | Epsilon: 0.0360 | Replay: 37888
2026-09-12 22:12:20,348 | INFO | Steps: 38400/150000 | Episodes: 75 | CurrentEpReward: 0.000 | RecentReward: 70.145 | QLoss: 0.343759 | ParamLoss: -0.561925 | Epsilon: 0.0226 | Replay: 38400
2026-09-12 22:12:30,605 | INFO | Steps: 38912/150000 | Episodes: 76 | CurrentEpReward: 0.000 | RecentReward: 71.289 | QLoss: 0.340039 | ParamLoss: -0.582220 | Epsilon: 0.0200 | Replay: 38912
2026-09-12 22:12:40,855 | INFO | Steps: 39424/150000 | Episodes: 77 | CurrentEpReward: 0.000 | RecentReward: 73.269 | QLoss: 0.317727 | ParamLoss: -0.594082 | Epsilon: 0.0200 | Replay: 39424
2026-09-12 22:12:51,110 | INFO | Steps: 39936/150000 | Episodes: 78 | CurrentEpReward: 0.000 | RecentReward: 73.749 | QLoss: 0.319694 | ParamLoss: -0.594888 | Epsilon: 0.0200 | Replay: 39936
2026-09-12 22:13:01,355 | INFO | Steps: 40448/150000 | Episodes: 79 | CurrentEpReward: 0.000 | RecentReward: 73.753 | QLoss: 0.337751 | ParamLoss: -0.603365 | Epsilon: 0.0200 | Replay: 40448
2026-09-12 22:13:11,567 | INFO | Steps: 40960/150000 | Episodes: 80 | CurrentEpReward: 0.000 | RecentReward: 75.741 | QLoss: 0.368018 | ParamLoss: -0.611825 | Epsilon: 0.0200 | Replay: 40960
2026-09-12 22:13:21,715 | INFO | Steps: 41472/150000 | Episodes: 81 | CurrentEpReward: 0.000 | RecentReward: 77.271 | QLoss: 0.402366 | ParamLoss: -0.625700 | Epsilon: 0.0200 | Replay: 41472
2026-09-12 22:13:31,746 | INFO | Steps: 41984/150000 | Episodes: 82 | CurrentEpReward: 0.000 | RecentReward: 78.513 | QLoss: 0.342257 | ParamLoss: -0.627582 | Epsilon: 0.0200 | Replay: 41984
2026-09-12 22:13:41,898 | INFO | Steps: 42496/150000 | Episodes: 83 | CurrentEpReward: 0.000 | RecentReward: 79.535 | QLoss: 0.349094 | ParamLoss: -0.632500 | Epsilon: 0.0200 | Replay: 42496
2026-09-12 22:13:52,000 | INFO | Steps: 43008/150000 | Episodes: 84 | CurrentEpReward: 0.000 | RecentReward: 80.111 | QLoss: 0.350633 | ParamLoss: -0.654979 | Epsilon: 0.0200 | Replay: 43008
2026-09-12 22:14:02,171 | INFO | Steps: 43520/150000 | Episodes: 85 | CurrentEpReward: 0.000 | RecentReward: 80.621 | QLoss: 0.344995 | ParamLoss: -0.667857 | Epsilon: 0.0200 | Replay: 43520
2026-09-12 22:14:12,601 | INFO | Steps: 44032/150000 | Episodes: 86 | CurrentEpReward: 0.000 | RecentReward: 81.371 | QLoss: 0.379442 | ParamLoss: -0.669748 | Epsilon: 0.0200 | Replay: 44032
2026-09-12 22:14:22,842 | INFO | Steps: 44544/150000 | Episodes: 87 | CurrentEpReward: 0.000 | RecentReward: 81.363 | QLoss: 0.363849 | ParamLoss: -0.676058 | Epsilon: 0.0200 | Replay: 44544
2026-09-12 22:14:33,144 | INFO | Steps: 45056/150000 | Episodes: 88 | CurrentEpReward: 0.000 | RecentReward: 82.357 | QLoss: 0.321328 | ParamLoss: -0.694282 | Epsilon: 0.0200 | Replay: 45056
2026-09-12 22:14:43,350 | INFO | Steps: 45568/150000 | Episodes: 89 | CurrentEpReward: 0.000 | RecentReward: 82.046 | QLoss: 0.322635 | ParamLoss: -0.702225 | Epsilon: 0.0200 | Replay: 45568
2026-09-12 22:14:53,517 | INFO | Steps: 46080/150000 | Episodes: 90 | CurrentEpReward: 0.000 | RecentReward: 82.983 | QLoss: 0.333175 | ParamLoss: -0.708901 | Epsilon: 0.0200 | Replay: 46080
2026-09-12 22:15:03,782 | INFO | Steps: 46592/150000 | Episodes: 91 | CurrentEpReward: 0.000 | RecentReward: 83.192 | QLoss: 0.378703 | ParamLoss: -0.715866 | Epsilon: 0.0200 | Replay: 46592
2026-09-12 22:15:14,055 | INFO | Steps: 47104/150000 | Episodes: 92 | CurrentEpReward: 0.000 | RecentReward: 84.236 | QLoss: 0.354169 | ParamLoss: -0.720338 | Epsilon: 0.0200 | Replay: 47104
2026-09-12 22:15:24,285 | INFO | Steps: 47616/150000 | Episodes: 93 | CurrentEpReward: 0.000 | RecentReward: 84.310 | QLoss: 0.431970 | ParamLoss: -0.735930 | Epsilon: 0.0200 | Replay: 47616
2026-09-12 22:15:34,609 | INFO | Steps: 48128/150000 | Episodes: 94 | CurrentEpReward: 0.000 | RecentReward: 84.556 | QLoss: 0.399311 | ParamLoss: -0.745651 | Epsilon: 0.0200 | Replay: 48128
2026-09-12 22:15:44,800 | INFO | Steps: 48640/150000 | Episodes: 95 | CurrentEpReward: 0.000 | RecentReward: 85.089 | QLoss: 0.416451 | ParamLoss: -0.743766 | Epsilon: 0.0200 | Replay: 48640
2026-09-12 22:15:55,038 | INFO | Steps: 49152/150000 | Episodes: 96 | CurrentEpReward: 0.000 | RecentReward: 85.842 | QLoss: 0.390653 | ParamLoss: -0.749975 | Epsilon: 0.0200 | Replay: 49152
2026-09-12 22:16:05,189 | INFO | Steps: 49664/150000 | Episodes: 97 | CurrentEpReward: 0.000 | RecentReward: 84.715 | QLoss: 0.394802 | ParamLoss: -0.749357 | Epsilon: 0.0200 | Replay: 49664
2026-09-12 22:16:33,765 | INFO | 新的最佳模型 (reward): 88.857，保存至 /home/pjpjq/LEO_switch/results/multiseed_0907/seed43/u25/learned_baselines/pdqn/best_model.pt
2026-09-12 22:16:33,769 | INFO | 周期权重已保存: /home/pjpjq/LEO_switch/results/multiseed_0907/seed43/u25/learned_baselines/pdqn/checkpoint_50000.pt
2026-09-12 22:16:37,375 | INFO | Steps: 50176/150000 | Episodes: 98 | CurrentEpReward: 0.000 | RecentReward: 84.437 | QLoss: 0.385223 | ParamLoss: -0.758638 | Epsilon: 0.0200 | Replay: 50000
2026-09-12 22:16:47,720 | INFO | Steps: 50688/150000 | Episodes: 99 | CurrentEpReward: 0.000 | RecentReward: 86.072 | QLoss: 0.419709 | ParamLoss: -0.776736 | Epsilon: 0.0200 | Replay: 50000
2026-09-12 22:16:57,928 | INFO | Steps: 51200/150000 | Episodes: 100 | CurrentEpReward: 0.000 | RecentReward: 85.316 | QLoss: 0.347705 | ParamLoss: -0.766077 | Epsilon: 0.0200 | Replay: 50000
2026-09-12 22:17:08,309 | INFO | Steps: 51712/150000 | Episodes: 101 | CurrentEpReward: 0.000 | RecentReward: 86.574 | QLoss: 0.387078 | ParamLoss: -0.766858 | Epsilon: 0.0200 | Replay: 50000
2026-09-12 22:17:18,640 | INFO | Steps: 52224/150000 | Episodes: 102 | CurrentEpReward: 0.000 | RecentReward: 85.987 | QLoss: 0.369049 | ParamLoss: -0.779132 | Epsilon: 0.0200 | Replay: 50000
2026-09-12 22:17:28,942 | INFO | Steps: 52736/150000 | Episodes: 103 | CurrentEpReward: 0.000 | RecentReward: 85.855 | QLoss: 0.386548 | ParamLoss: -0.787038 | Epsilon: 0.0200 | Replay: 50000
2026-09-12 22:17:39,069 | INFO | Steps: 53248/150000 | Episodes: 104 | CurrentEpReward: 0.000 | RecentReward: 85.724 | QLoss: 0.326361 | ParamLoss: -0.788023 | Epsilon: 0.0200 | Replay: 50000
2026-09-12 22:17:49,218 | INFO | Steps: 53760/150000 | Episodes: 105 | CurrentEpReward: 0.000 | RecentReward: 85.931 | QLoss: 0.386810 | ParamLoss: -0.792818 | Epsilon: 0.0200 | Replay: 50000
2026-09-12 22:17:59,460 | INFO | Steps: 54272/150000 | Episodes: 106 | CurrentEpReward: 0.000 | RecentReward: 85.004 | QLoss: 0.390135 | ParamLoss: -0.801529 | Epsilon: 0.0200 | Replay: 50000
2026-09-12 22:18:09,694 | INFO | Steps: 54784/150000 | Episodes: 107 | CurrentEpReward: 0.000 | RecentReward: 85.969 | QLoss: 0.374405 | ParamLoss: -0.809159 | Epsilon: 0.0200 | Replay: 50000
2026-09-12 22:18:20,173 | INFO | Steps: 55296/150000 | Episodes: 108 | CurrentEpReward: 0.000 | RecentReward: 85.800 | QLoss: 0.411114 | ParamLoss: -0.809706 | Epsilon: 0.0200 | Replay: 50000
2026-09-12 22:18:30,442 | INFO | Steps: 55808/150000 | Episodes: 109 | CurrentEpReward: 0.000 | RecentReward: 85.630 | QLoss: 0.483909 | ParamLoss: -0.806880 | Epsilon: 0.0200 | Replay: 50000
2026-09-12 22:18:40,703 | INFO | Steps: 56320/150000 | Episodes: 110 | CurrentEpReward: 0.000 | RecentReward: 86.679 | QLoss: 0.495851 | ParamLoss: -0.809937 | Epsilon: 0.0200 | Replay: 50000
2026-09-12 22:18:50,987 | INFO | Steps: 56832/150000 | Episodes: 111 | CurrentEpReward: 0.000 | RecentReward: 86.205 | QLoss: 0.384035 | ParamLoss: -0.813772 | Epsilon: 0.0200 | Replay: 50000
2026-09-12 22:19:01,283 | INFO | Steps: 57344/150000 | Episodes: 112 | CurrentEpReward: 0.000 | RecentReward: 86.310 | QLoss: 0.345031 | ParamLoss: -0.821825 | Epsilon: 0.0200 | Replay: 50000
2026-09-12 22:19:11,657 | INFO | Steps: 57856/150000 | Episodes: 113 | CurrentEpReward: 0.000 | RecentReward: 86.307 | QLoss: 0.384367 | ParamLoss: -0.819082 | Epsilon: 0.0200 | Replay: 50000
2026-09-12 22:19:22,024 | INFO | Steps: 58368/150000 | Episodes: 114 | CurrentEpReward: 0.000 | RecentReward: 86.177 | QLoss: 0.387661 | ParamLoss: -0.823501 | Epsilon: 0.0200 | Replay: 50000
2026-09-12 22:19:32,507 | INFO | Steps: 58880/150000 | Episodes: 115 | CurrentEpReward: 0.000 | RecentReward: 86.151 | QLoss: 0.443440 | ParamLoss: -0.828630 | Epsilon: 0.0200 | Replay: 50000
2026-09-12 22:19:42,680 | INFO | Steps: 59392/150000 | Episodes: 116 | CurrentEpReward: 0.000 | RecentReward: 86.100 | QLoss: 0.443597 | ParamLoss: -0.843176 | Epsilon: 0.0200 | Replay: 50000
2026-09-12 22:19:52,809 | INFO | Steps: 59904/150000 | Episodes: 117 | CurrentEpReward: 0.000 | RecentReward: 85.533 | QLoss: 0.373897 | ParamLoss: -0.852307 | Epsilon: 0.0200 | Replay: 50000
2026-09-12 22:20:03,183 | INFO | Steps: 60416/150000 | Episodes: 118 | CurrentEpReward: 0.000 | RecentReward: 86.078 | QLoss: 0.368319 | ParamLoss: -0.852148 | Epsilon: 0.0200 | Replay: 50000
2026-09-12 22:20:13,321 | INFO | Steps: 60928/150000 | Episodes: 119 | CurrentEpReward: 0.000 | RecentReward: 85.840 | QLoss: 0.416209 | ParamLoss: -0.854603 | Epsilon: 0.0200 | Replay: 50000
2026-09-12 22:20:23,472 | INFO | Steps: 61440/150000 | Episodes: 120 | CurrentEpReward: 0.000 | RecentReward: 85.561 | QLoss: 0.395989 | ParamLoss: -0.861586 | Epsilon: 0.0200 | Replay: 50000
2026-09-12 22:20:33,833 | INFO | Steps: 61952/150000 | Episodes: 121 | CurrentEpReward: 0.000 | RecentReward: 85.878 | QLoss: 0.411031 | ParamLoss: -0.868597 | Epsilon: 0.0200 | Replay: 50000
2026-09-12 22:20:44,194 | INFO | Steps: 62464/150000 | Episodes: 122 | CurrentEpReward: 0.000 | RecentReward: 85.656 | QLoss: 0.391094 | ParamLoss: -0.868020 | Epsilon: 0.0200 | Replay: 50000
2026-09-12 22:20:54,325 | INFO | Steps: 62976/150000 | Episodes: 123 | CurrentEpReward: 0.000 | RecentReward: 86.157 | QLoss: 0.410370 | ParamLoss: -0.871257 | Epsilon: 0.0200 | Replay: 50000
2026-09-12 22:21:04,498 | INFO | Steps: 63488/150000 | Episodes: 124 | CurrentEpReward: 0.000 | RecentReward: 86.103 | QLoss: 0.350511 | ParamLoss: -0.869800 | Epsilon: 0.0200 | Replay: 50000
2026-09-12 22:21:14,876 | INFO | Steps: 64000/150000 | Episodes: 125 | CurrentEpReward: 0.000 | RecentReward: 86.345 | QLoss: 0.407936 | ParamLoss: -0.889897 | Epsilon: 0.0200 | Replay: 50000
2026-09-12 22:21:25,165 | INFO | Steps: 64512/150000 | Episodes: 126 | CurrentEpReward: 0.000 | RecentReward: 86.969 | QLoss: 0.427979 | ParamLoss: -0.890821 | Epsilon: 0.0200 | Replay: 50000
2026-09-12 22:21:35,385 | INFO | Steps: 65024/150000 | Episodes: 127 | CurrentEpReward: 0.000 | RecentReward: 87.561 | QLoss: 0.432455 | ParamLoss: -0.904512 | Epsilon: 0.0200 | Replay: 50000
2026-09-12 22:21:45,503 | INFO | Steps: 65536/150000 | Episodes: 128 | CurrentEpReward: 0.000 | RecentReward: 86.216 | QLoss: 0.416580 | ParamLoss: -0.909333 | Epsilon: 0.0200 | Replay: 50000
2026-09-12 22:21:55,754 | INFO | Steps: 66048/150000 | Episodes: 129 | CurrentEpReward: 0.000 | RecentReward: 86.828 | QLoss: 0.522804 | ParamLoss: -0.911940 | Epsilon: 0.0200 | Replay: 50000
2026-09-12 22:22:06,073 | INFO | Steps: 66560/150000 | Episodes: 130 | CurrentEpReward: 0.000 | RecentReward: 86.827 | QLoss: 0.447231 | ParamLoss: -0.920677 | Epsilon: 0.0200 | Replay: 50000
2026-09-12 22:22:16,315 | INFO | Steps: 67072/150000 | Episodes: 131 | CurrentEpReward: 0.000 | RecentReward: 86.806 | QLoss: 0.466167 | ParamLoss: -0.930606 | Epsilon: 0.0200 | Replay: 50000
2026-09-12 22:22:26,799 | INFO | Steps: 67584/150000 | Episodes: 132 | CurrentEpReward: 0.000 | RecentReward: 86.707 | QLoss: 0.475557 | ParamLoss: -0.942049 | Epsilon: 0.0200 | Replay: 50000
2026-09-12 22:22:37,319 | INFO | Steps: 68096/150000 | Episodes: 133 | CurrentEpReward: 0.000 | RecentReward: 86.649 | QLoss: 0.480543 | ParamLoss: -0.943358 | Epsilon: 0.0200 | Replay: 50000
2026-09-12 22:22:47,543 | INFO | Steps: 68608/150000 | Episodes: 134 | CurrentEpReward: 0.000 | RecentReward: 86.654 | QLoss: 0.430865 | ParamLoss: -0.950612 | Epsilon: 0.0200 | Replay: 50000
2026-09-12 22:22:57,952 | INFO | Steps: 69120/150000 | Episodes: 135 | CurrentEpReward: 0.000 | RecentReward: 85.286 | QLoss: 0.487652 | ParamLoss: -0.951982 | Epsilon: 0.0200 | Replay: 50000
2026-09-12 22:23:08,386 | INFO | Steps: 69632/150000 | Episodes: 136 | CurrentEpReward: 0.000 | RecentReward: 85.421 | QLoss: 0.436199 | ParamLoss: -0.971540 | Epsilon: 0.0200 | Replay: 50000
2026-09-12 22:23:18,746 | INFO | Steps: 70144/150000 | Episodes: 137 | CurrentEpReward: 0.000 | RecentReward: 85.322 | QLoss: 0.509290 | ParamLoss: -0.983358 | Epsilon: 0.0200 | Replay: 50000
2026-09-12 22:23:29,048 | INFO | Steps: 70656/150000 | Episodes: 138 | CurrentEpReward: 0.000 | RecentReward: 86.258 | QLoss: 0.519792 | ParamLoss: -0.990310 | Epsilon: 0.0200 | Replay: 50000
2026-09-12 22:23:39,453 | INFO | Steps: 71168/150000 | Episodes: 139 | CurrentEpReward: 0.000 | RecentReward: 85.457 | QLoss: 0.394230 | ParamLoss: -0.998910 | Epsilon: 0.0200 | Replay: 50000
2026-09-12 22:23:49,705 | INFO | Steps: 71680/150000 | Episodes: 140 | CurrentEpReward: 0.000 | RecentReward: 84.562 | QLoss: 0.407327 | ParamLoss: -1.005116 | Epsilon: 0.0200 | Replay: 50000
2026-09-12 22:23:59,983 | INFO | Steps: 72192/150000 | Episodes: 141 | CurrentEpReward: 0.000 | RecentReward: 85.326 | QLoss: 0.443241 | ParamLoss: -1.011585 | Epsilon: 0.0200 | Replay: 50000
2026-09-12 22:24:10,169 | INFO | Steps: 72704/150000 | Episodes: 142 | CurrentEpReward: 0.000 | RecentReward: 86.147 | QLoss: 0.540822 | ParamLoss: -1.024438 | Epsilon: 0.0200 | Replay: 50000
2026-09-12 22:24:20,421 | INFO | Steps: 73216/150000 | Episodes: 143 | CurrentEpReward: 0.000 | RecentReward: 86.067 | QLoss: 0.432233 | ParamLoss: -1.044727 | Epsilon: 0.0200 | Replay: 50000
2026-09-12 22:24:30,496 | INFO | Steps: 73728/150000 | Episodes: 144 | CurrentEpReward: 0.000 | RecentReward: 85.986 | QLoss: 0.495883 | ParamLoss: -1.054340 | Epsilon: 0.0200 | Replay: 50000
2026-09-12 22:24:40,704 | INFO | Steps: 74240/150000 | Episodes: 145 | CurrentEpReward: 0.000 | RecentReward: 86.927 | QLoss: 0.539338 | ParamLoss: -1.052660 | Epsilon: 0.0200 | Replay: 50000
2026-09-12 22:24:51,022 | INFO | Steps: 74752/150000 | Episodes: 146 | CurrentEpReward: 0.000 | RecentReward: 87.333 | QLoss: 0.530793 | ParamLoss: -1.059014 | Epsilon: 0.0200 | Replay: 50000
2026-09-12 22:25:01,615 | INFO | Steps: 75264/150000 | Episodes: 147 | CurrentEpReward: 0.000 | RecentReward: 87.133 | QLoss: 0.421514 | ParamLoss: -1.061764 | Epsilon: 0.0200 | Replay: 50000
2026-09-12 22:25:12,185 | INFO | Steps: 75776/150000 | Episodes: 148 | CurrentEpReward: 0.000 | RecentReward: 87.862 | QLoss: 0.504987 | ParamLoss: -1.049187 | Epsilon: 0.0200 | Replay: 50000
2026-09-12 22:25:22,574 | INFO | Steps: 76288/150000 | Episodes: 149 | CurrentEpReward: 0.000 | RecentReward: 87.988 | QLoss: 0.528367 | ParamLoss: -1.064106 | Epsilon: 0.0200 | Replay: 50000
2026-09-12 22:25:33,104 | INFO | Steps: 76800/150000 | Episodes: 150 | CurrentEpReward: 0.000 | RecentReward: 89.029 | QLoss: 0.549225 | ParamLoss: -1.076334 | Epsilon: 0.0200 | Replay: 50000
2026-09-12 22:25:43,454 | INFO | Steps: 77312/150000 | Episodes: 151 | CurrentEpReward: 0.000 | RecentReward: 87.297 | QLoss: 0.530370 | ParamLoss: -1.073470 | Epsilon: 0.0200 | Replay: 50000
2026-09-12 22:25:53,840 | INFO | Steps: 77824/150000 | Episodes: 152 | CurrentEpReward: 0.000 | RecentReward: 87.192 | QLoss: 0.569267 | ParamLoss: -1.075442 | Epsilon: 0.0200 | Replay: 50000
2026-09-12 22:26:04,025 | INFO | Steps: 78336/150000 | Episodes: 153 | CurrentEpReward: 0.000 | RecentReward: 86.678 | QLoss: 0.591919 | ParamLoss: -1.088516 | Epsilon: 0.0200 | Replay: 50000
2026-09-12 22:26:14,331 | INFO | Steps: 78848/150000 | Episodes: 154 | CurrentEpReward: 0.000 | RecentReward: 87.437 | QLoss: 0.486178 | ParamLoss: -1.096910 | Epsilon: 0.0200 | Replay: 50000
2026-09-12 22:26:24,771 | INFO | Steps: 79360/150000 | Episodes: 155 | CurrentEpReward: 0.000 | RecentReward: 88.286 | QLoss: 0.580919 | ParamLoss: -1.106928 | Epsilon: 0.0200 | Replay: 50000
2026-09-12 22:26:35,355 | INFO | Steps: 79872/150000 | Episodes: 156 | CurrentEpReward: 0.000 | RecentReward: 87.774 | QLoss: 0.491164 | ParamLoss: -1.112449 | Epsilon: 0.0200 | Replay: 50000
2026-09-12 22:26:45,590 | INFO | Steps: 80384/150000 | Episodes: 157 | CurrentEpReward: 0.000 | RecentReward: 87.570 | QLoss: 0.432555 | ParamLoss: -1.117323 | Epsilon: 0.0200 | Replay: 50000
2026-09-12 22:26:55,866 | INFO | Steps: 80896/150000 | Episodes: 158 | CurrentEpReward: 0.000 | RecentReward: 86.951 | QLoss: 0.620738 | ParamLoss: -1.119974 | Epsilon: 0.0200 | Replay: 50000
2026-09-12 22:27:05,973 | INFO | Steps: 81408/150000 | Episodes: 159 | CurrentEpReward: 0.000 | RecentReward: 86.835 | QLoss: 0.541812 | ParamLoss: -1.118968 | Epsilon: 0.0200 | Replay: 50000
2026-09-12 22:27:16,194 | INFO | Steps: 81920/150000 | Episodes: 160 | CurrentEpReward: 0.000 | RecentReward: 86.238 | QLoss: 0.540276 | ParamLoss: -1.129037 | Epsilon: 0.0200 | Replay: 50000
2026-09-12 22:27:26,367 | INFO | Steps: 82432/150000 | Episodes: 161 | CurrentEpReward: 0.000 | RecentReward: 86.608 | QLoss: 0.592767 | ParamLoss: -1.135198 | Epsilon: 0.0200 | Replay: 50000
2026-09-12 22:27:36,669 | INFO | Steps: 82944/150000 | Episodes: 162 | CurrentEpReward: 0.000 | RecentReward: 86.245 | QLoss: 0.537657 | ParamLoss: -1.140787 | Epsilon: 0.0200 | Replay: 50000
2026-09-12 22:27:46,774 | INFO | Steps: 83456/150000 | Episodes: 163 | CurrentEpReward: 0.000 | RecentReward: 85.922 | QLoss: 0.779222 | ParamLoss: -1.157175 | Epsilon: 0.0200 | Replay: 50000
2026-09-12 22:27:57,203 | INFO | Steps: 83968/150000 | Episodes: 164 | CurrentEpReward: 0.000 | RecentReward: 85.879 | QLoss: 0.486782 | ParamLoss: -1.169170 | Epsilon: 0.0200 | Replay: 50000
2026-09-12 22:28:07,410 | INFO | Steps: 84480/150000 | Episodes: 165 | CurrentEpReward: 0.000 | RecentReward: 85.007 | QLoss: 0.472160 | ParamLoss: -1.163655 | Epsilon: 0.0200 | Replay: 50000
2026-09-12 22:28:17,664 | INFO | Steps: 84992/150000 | Episodes: 166 | CurrentEpReward: 0.000 | RecentReward: 84.287 | QLoss: 0.476941 | ParamLoss: -1.153120 | Epsilon: 0.0200 | Replay: 50000
2026-09-12 22:28:27,822 | INFO | Steps: 85504/150000 | Episodes: 167 | CurrentEpReward: 0.000 | RecentReward: 84.370 | QLoss: 0.539667 | ParamLoss: -1.170352 | Epsilon: 0.0200 | Replay: 50000
2026-09-12 22:28:38,062 | INFO | Steps: 86016/150000 | Episodes: 168 | CurrentEpReward: 0.000 | RecentReward: 83.933 | QLoss: 0.514934 | ParamLoss: -1.163013 | Epsilon: 0.0200 | Replay: 50000
2026-09-12 22:28:48,318 | INFO | Steps: 86528/150000 | Episodes: 169 | CurrentEpReward: 0.000 | RecentReward: 83.874 | QLoss: 0.523061 | ParamLoss: -1.167444 | Epsilon: 0.0200 | Replay: 50000
2026-09-12 22:28:58,655 | INFO | Steps: 87040/150000 | Episodes: 170 | CurrentEpReward: 0.000 | RecentReward: 83.934 | QLoss: 0.646300 | ParamLoss: -1.173012 | Epsilon: 0.0200 | Replay: 50000
2026-09-12 22:29:08,863 | INFO | Steps: 87552/150000 | Episodes: 171 | CurrentEpReward: 0.000 | RecentReward: 83.852 | QLoss: 0.651949 | ParamLoss: -1.165251 | Epsilon: 0.0200 | Replay: 50000
2026-09-12 22:29:19,212 | INFO | Steps: 88064/150000 | Episodes: 172 | CurrentEpReward: 0.000 | RecentReward: 83.295 | QLoss: 0.516278 | ParamLoss: -1.170696 | Epsilon: 0.0200 | Replay: 50000
2026-09-12 22:29:29,600 | INFO | Steps: 88576/150000 | Episodes: 173 | CurrentEpReward: 0.000 | RecentReward: 83.526 | QLoss: 0.546003 | ParamLoss: -1.172811 | Epsilon: 0.0200 | Replay: 50000
2026-09-12 22:29:39,986 | INFO | Steps: 89088/150000 | Episodes: 174 | CurrentEpReward: 0.000 | RecentReward: 83.400 | QLoss: 0.557323 | ParamLoss: -1.184810 | Epsilon: 0.0200 | Replay: 50000
2026-09-12 22:29:50,466 | INFO | Steps: 89600/150000 | Episodes: 175 | CurrentEpReward: 0.000 | RecentReward: 84.025 | QLoss: 0.594685 | ParamLoss: -1.178345 | Epsilon: 0.0200 | Replay: 50000
2026-09-12 22:30:00,822 | INFO | Steps: 90112/150000 | Episodes: 176 | CurrentEpReward: 0.000 | RecentReward: 84.248 | QLoss: 0.572796 | ParamLoss: -1.182330 | Epsilon: 0.0200 | Replay: 50000
2026-09-12 22:30:11,151 | INFO | Steps: 90624/150000 | Episodes: 177 | CurrentEpReward: 0.000 | RecentReward: 84.548 | QLoss: 0.615004 | ParamLoss: -1.185094 | Epsilon: 0.0200 | Replay: 50000
2026-09-12 22:30:21,652 | INFO | Steps: 91136/150000 | Episodes: 178 | CurrentEpReward: 0.000 | RecentReward: 84.616 | QLoss: 0.572758 | ParamLoss: -1.190942 | Epsilon: 0.0200 | Replay: 50000
2026-09-12 22:30:31,816 | INFO | Steps: 91648/150000 | Episodes: 179 | CurrentEpReward: 0.000 | RecentReward: 84.758 | QLoss: 0.600740 | ParamLoss: -1.176960 | Epsilon: 0.0200 | Replay: 50000
2026-09-12 22:30:42,023 | INFO | Steps: 92160/150000 | Episodes: 180 | CurrentEpReward: 0.000 | RecentReward: 84.950 | QLoss: 0.451825 | ParamLoss: -1.193676 | Epsilon: 0.0200 | Replay: 50000
2026-09-12 22:30:52,563 | INFO | Steps: 92672/150000 | Episodes: 181 | CurrentEpReward: 0.000 | RecentReward: 86.086 | QLoss: 0.606886 | ParamLoss: -1.203398 | Epsilon: 0.0200 | Replay: 50000
2026-09-12 22:31:03,021 | INFO | Steps: 93184/150000 | Episodes: 182 | CurrentEpReward: 0.000 | RecentReward: 87.206 | QLoss: 0.527813 | ParamLoss: -1.200808 | Epsilon: 0.0200 | Replay: 50000
2026-09-12 22:31:13,401 | INFO | Steps: 93696/150000 | Episodes: 183 | CurrentEpReward: 0.000 | RecentReward: 87.444 | QLoss: 0.414096 | ParamLoss: -1.211422 | Epsilon: 0.0200 | Replay: 50000
2026-09-12 22:31:23,872 | INFO | Steps: 94208/150000 | Episodes: 184 | CurrentEpReward: 0.000 | RecentReward: 87.276 | QLoss: 0.543216 | ParamLoss: -1.228901 | Epsilon: 0.0200 | Replay: 50000
2026-09-12 22:31:34,443 | INFO | Steps: 94720/150000 | Episodes: 185 | CurrentEpReward: 0.000 | RecentReward: 86.871 | QLoss: 0.569275 | ParamLoss: -1.231177 | Epsilon: 0.0200 | Replay: 50000
2026-09-12 22:31:44,793 | INFO | Steps: 95232/150000 | Episodes: 186 | CurrentEpReward: 0.000 | RecentReward: 87.057 | QLoss: 0.636881 | ParamLoss: -1.240583 | Epsilon: 0.0200 | Replay: 50000
2026-09-12 22:31:55,028 | INFO | Steps: 95744/150000 | Episodes: 187 | CurrentEpReward: 0.000 | RecentReward: 87.018 | QLoss: 0.487784 | ParamLoss: -1.252776 | Epsilon: 0.0200 | Replay: 50000
2026-09-12 22:32:05,512 | INFO | Steps: 96256/150000 | Episodes: 188 | CurrentEpReward: 0.000 | RecentReward: 87.242 | QLoss: 0.481734 | ParamLoss: -1.248752 | Epsilon: 0.0200 | Replay: 50000
2026-09-12 22:32:16,246 | INFO | Steps: 96768/150000 | Episodes: 189 | CurrentEpReward: 0.000 | RecentReward: 88.120 | QLoss: 0.670582 | ParamLoss: -1.249572 | Epsilon: 0.0200 | Replay: 50000
2026-09-12 22:32:26,592 | INFO | Steps: 97280/150000 | Episodes: 190 | CurrentEpReward: 0.000 | RecentReward: 88.115 | QLoss: 0.554977 | ParamLoss: -1.245874 | Epsilon: 0.0200 | Replay: 50000
2026-09-12 22:32:37,022 | INFO | Steps: 97792/150000 | Episodes: 191 | CurrentEpReward: 0.000 | RecentReward: 87.564 | QLoss: 0.553518 | ParamLoss: -1.251572 | Epsilon: 0.0200 | Replay: 50000
2026-09-12 22:32:47,217 | INFO | Steps: 98304/150000 | Episodes: 192 | CurrentEpReward: 0.000 | RecentReward: 87.117 | QLoss: 0.676704 | ParamLoss: -1.247764 | Epsilon: 0.0200 | Replay: 50000
2026-09-12 22:32:57,328 | INFO | Steps: 98816/150000 | Episodes: 193 | CurrentEpReward: 0.000 | RecentReward: 86.691 | QLoss: 0.629727 | ParamLoss: -1.243469 | Epsilon: 0.0200 | Replay: 50000
2026-09-12 22:33:07,510 | INFO | Steps: 99328/150000 | Episodes: 194 | CurrentEpReward: 0.000 | RecentReward: 86.158 | QLoss: 0.520241 | ParamLoss: -1.248510 | Epsilon: 0.0200 | Replay: 50000
2026-09-12 22:33:17,617 | INFO | Steps: 99840/150000 | Episodes: 195 | CurrentEpReward: 0.000 | RecentReward: 85.670 | QLoss: 0.558352 | ParamLoss: -1.260431 | Epsilon: 0.0200 | Replay: 50000
2026-09-12 22:33:42,762 | INFO | 新的最佳模型 (reward): 89.157，保存至 /home/pjpjq/LEO_switch/results/multiseed_0907/seed43/u25/learned_baselines/pdqn/best_model.pt
2026-09-12 22:33:42,768 | INFO | 周期权重已保存: /home/pjpjq/LEO_switch/results/multiseed_0907/seed43/u25/learned_baselines/pdqn/checkpoint_100000.pt
2026-09-12 22:33:49,820 | INFO | Steps: 100352/150000 | Episodes: 196 | CurrentEpReward: 0.000 | RecentReward: 86.376 | QLoss: 0.585668 | ParamLoss: -1.267569 | Epsilon: 0.0200 | Replay: 50000
2026-09-12 22:34:00,024 | INFO | Steps: 100864/150000 | Episodes: 197 | CurrentEpReward: 0.000 | RecentReward: 87.116 | QLoss: 0.525775 | ParamLoss: -1.268678 | Epsilon: 0.0200 | Replay: 50000
2026-09-12 22:34:10,177 | INFO | Steps: 101376/150000 | Episodes: 198 | CurrentEpReward: 0.000 | RecentReward: 86.956 | QLoss: 0.488418 | ParamLoss: -1.279533 | Epsilon: 0.0200 | Replay: 50000
2026-09-12 22:34:20,685 | INFO | Steps: 101888/150000 | Episodes: 199 | CurrentEpReward: 0.000 | RecentReward: 86.379 | QLoss: 0.582054 | ParamLoss: -1.273399 | Epsilon: 0.0200 | Replay: 50000
2026-09-12 22:34:30,951 | INFO | Steps: 102400/150000 | Episodes: 200 | CurrentEpReward: 0.000 | RecentReward: 85.571 | QLoss: 0.642869 | ParamLoss: -1.273610 | Epsilon: 0.0200 | Replay: 50000
2026-09-12 22:34:41,504 | INFO | Steps: 102912/150000 | Episodes: 201 | CurrentEpReward: 0.000 | RecentReward: 85.523 | QLoss: 0.525479 | ParamLoss: -1.268241 | Epsilon: 0.0200 | Replay: 50000
2026-09-12 22:34:51,780 | INFO | Steps: 103424/150000 | Episodes: 202 | CurrentEpReward: 0.000 | RecentReward: 85.919 | QLoss: 0.685401 | ParamLoss: -1.281459 | Epsilon: 0.0200 | Replay: 50000
2026-09-12 22:35:02,373 | INFO | Steps: 103936/150000 | Episodes: 203 | CurrentEpReward: 0.000 | RecentReward: 86.292 | QLoss: 0.585476 | ParamLoss: -1.285948 | Epsilon: 0.0200 | Replay: 50000
2026-09-12 22:35:12,641 | INFO | Steps: 104448/150000 | Episodes: 204 | CurrentEpReward: 0.000 | RecentReward: 87.369 | QLoss: 0.570642 | ParamLoss: -1.284448 | Epsilon: 0.0200 | Replay: 50000
2026-09-12 22:35:22,923 | INFO | Steps: 104960/150000 | Episodes: 205 | CurrentEpReward: 0.000 | RecentReward: 86.801 | QLoss: 0.502037 | ParamLoss: -1.295752 | Epsilon: 0.0200 | Replay: 50000
2026-09-12 22:35:33,288 | INFO | Steps: 105472/150000 | Episodes: 206 | CurrentEpReward: 0.000 | RecentReward: 85.964 | QLoss: 0.712705 | ParamLoss: -1.300833 | Epsilon: 0.0200 | Replay: 50000
2026-09-12 22:35:43,576 | INFO | Steps: 105984/150000 | Episodes: 207 | CurrentEpReward: 0.000 | RecentReward: 85.212 | QLoss: 0.595633 | ParamLoss: -1.310188 | Epsilon: 0.0200 | Replay: 50000
2026-09-12 22:35:53,988 | INFO | Steps: 106496/150000 | Episodes: 208 | CurrentEpReward: 0.000 | RecentReward: 85.275 | QLoss: 0.658638 | ParamLoss: -1.302653 | Epsilon: 0.0200 | Replay: 50000
2026-09-12 22:36:04,356 | INFO | Steps: 107008/150000 | Episodes: 209 | CurrentEpReward: 0.000 | RecentReward: 84.998 | QLoss: 0.549706 | ParamLoss: -1.301786 | Epsilon: 0.0200 | Replay: 50000
2026-09-12 22:36:14,772 | INFO | Steps: 107520/150000 | Episodes: 210 | CurrentEpReward: 0.000 | RecentReward: 85.546 | QLoss: 0.744657 | ParamLoss: -1.308922 | Epsilon: 0.0200 | Replay: 50000
2026-09-12 22:36:25,184 | INFO | Steps: 108032/150000 | Episodes: 211 | CurrentEpReward: 0.000 | RecentReward: 85.683 | QLoss: 0.717165 | ParamLoss: -1.317086 | Epsilon: 0.0200 | Replay: 50000
2026-09-12 22:36:35,451 | INFO | Steps: 108544/150000 | Episodes: 212 | CurrentEpReward: 0.000 | RecentReward: 85.899 | QLoss: 0.622048 | ParamLoss: -1.322364 | Epsilon: 0.0200 | Replay: 50000
2026-09-12 22:36:45,741 | INFO | Steps: 109056/150000 | Episodes: 213 | CurrentEpReward: 0.000 | RecentReward: 85.813 | QLoss: 0.702588 | ParamLoss: -1.327304 | Epsilon: 0.0200 | Replay: 50000
2026-09-12 22:36:56,006 | INFO | Steps: 109568/150000 | Episodes: 214 | CurrentEpReward: 0.000 | RecentReward: 85.628 | QLoss: 0.556310 | ParamLoss: -1.337336 | Epsilon: 0.0200 | Replay: 50000
2026-09-12 22:37:06,134 | INFO | Steps: 110080/150000 | Episodes: 215 | CurrentEpReward: 0.000 | RecentReward: 86.182 | QLoss: 0.614818 | ParamLoss: -1.341590 | Epsilon: 0.0200 | Replay: 50000
2026-09-12 22:37:16,356 | INFO | Steps: 110592/150000 | Episodes: 216 | CurrentEpReward: 0.000 | RecentReward: 86.272 | QLoss: 0.630214 | ParamLoss: -1.345382 | Epsilon: 0.0200 | Replay: 50000
2026-09-12 22:37:26,846 | INFO | Steps: 111104/150000 | Episodes: 217 | CurrentEpReward: 0.000 | RecentReward: 86.848 | QLoss: 0.717498 | ParamLoss: -1.352341 | Epsilon: 0.0200 | Replay: 50000
2026-09-12 22:37:37,208 | INFO | Steps: 111616/150000 | Episodes: 218 | CurrentEpReward: 0.000 | RecentReward: 87.677 | QLoss: 0.645405 | ParamLoss: -1.359342 | Epsilon: 0.0200 | Replay: 50000
2026-09-12 22:37:47,419 | INFO | Steps: 112128/150000 | Episodes: 219 | CurrentEpReward: 0.000 | RecentReward: 87.244 | QLoss: 0.594222 | ParamLoss: -1.358123 | Epsilon: 0.0200 | Replay: 50000
2026-09-12 22:37:57,702 | INFO | Steps: 112640/150000 | Episodes: 220 | CurrentEpReward: 0.000 | RecentReward: 87.468 | QLoss: 0.717914 | ParamLoss: -1.364198 | Epsilon: 0.0200 | Replay: 50000
2026-09-12 22:38:07,952 | INFO | Steps: 113152/150000 | Episodes: 221 | CurrentEpReward: 0.000 | RecentReward: 87.187 | QLoss: 0.782284 | ParamLoss: -1.362418 | Epsilon: 0.0200 | Replay: 50000
2026-09-12 22:38:18,306 | INFO | Steps: 113664/150000 | Episodes: 222 | CurrentEpReward: 0.000 | RecentReward: 86.789 | QLoss: 0.691931 | ParamLoss: -1.362946 | Epsilon: 0.0200 | Replay: 50000
2026-09-12 22:38:28,840 | INFO | Steps: 114176/150000 | Episodes: 223 | CurrentEpReward: 0.000 | RecentReward: 87.259 | QLoss: 0.723280 | ParamLoss: -1.368499 | Epsilon: 0.0200 | Replay: 50000
2026-09-12 22:38:39,437 | INFO | Steps: 114688/150000 | Episodes: 224 | CurrentEpReward: 0.000 | RecentReward: 87.050 | QLoss: 0.904677 | ParamLoss: -1.376362 | Epsilon: 0.0200 | Replay: 50000
2026-09-12 22:38:49,689 | INFO | Steps: 115200/150000 | Episodes: 225 | CurrentEpReward: 0.000 | RecentReward: 87.535 | QLoss: 0.627814 | ParamLoss: -1.364183 | Epsilon: 0.0200 | Replay: 50000
2026-09-12 22:39:00,074 | INFO | Steps: 115712/150000 | Episodes: 226 | CurrentEpReward: 0.000 | RecentReward: 87.962 | QLoss: 0.638373 | ParamLoss: -1.365804 | Epsilon: 0.0200 | Replay: 50000
2026-09-12 22:39:10,564 | INFO | Steps: 116224/150000 | Episodes: 227 | CurrentEpReward: 0.000 | RecentReward: 87.446 | QLoss: 0.604705 | ParamLoss: -1.371465 | Epsilon: 0.0200 | Replay: 50000
2026-09-12 22:39:20,948 | INFO | Steps: 116736/150000 | Episodes: 228 | CurrentEpReward: 0.000 | RecentReward: 86.459 | QLoss: 0.703563 | ParamLoss: -1.367761 | Epsilon: 0.0200 | Replay: 50000
2026-09-12 22:39:31,242 | INFO | Steps: 117248/150000 | Episodes: 229 | CurrentEpReward: 0.000 | RecentReward: 86.441 | QLoss: 0.615079 | ParamLoss: -1.375316 | Epsilon: 0.0200 | Replay: 50000
2026-09-12 22:39:41,691 | INFO | Steps: 117760/150000 | Episodes: 230 | CurrentEpReward: 0.000 | RecentReward: 87.413 | QLoss: 0.551897 | ParamLoss: -1.364564 | Epsilon: 0.0200 | Replay: 50000
2026-09-12 22:39:51,947 | INFO | Steps: 118272/150000 | Episodes: 231 | CurrentEpReward: 0.000 | RecentReward: 88.256 | QLoss: 0.824657 | ParamLoss: -1.358280 | Epsilon: 0.0200 | Replay: 50000
2026-09-12 22:40:02,517 | INFO | Steps: 118784/150000 | Episodes: 232 | CurrentEpReward: 0.000 | RecentReward: 88.469 | QLoss: 0.582543 | ParamLoss: -1.354187 | Epsilon: 0.0200 | Replay: 50000
2026-09-12 22:40:13,049 | INFO | Steps: 119296/150000 | Episodes: 233 | CurrentEpReward: 0.000 | RecentReward: 89.044 | QLoss: 0.676082 | ParamLoss: -1.378438 | Epsilon: 0.0200 | Replay: 50000
2026-09-12 22:40:23,327 | INFO | Steps: 119808/150000 | Episodes: 234 | CurrentEpReward: 0.000 | RecentReward: 87.676 | QLoss: 0.601125 | ParamLoss: -1.371956 | Epsilon: 0.0200 | Replay: 50000
2026-09-12 22:40:33,653 | INFO | Steps: 120320/150000 | Episodes: 235 | CurrentEpReward: 0.000 | RecentReward: 86.882 | QLoss: 0.639792 | ParamLoss: -1.373618 | Epsilon: 0.0200 | Replay: 50000
2026-09-12 22:40:43,864 | INFO | Steps: 120832/150000 | Episodes: 236 | CurrentEpReward: 0.000 | RecentReward: 85.461 | QLoss: 0.552436 | ParamLoss: -1.369793 | Epsilon: 0.0200 | Replay: 50000
2026-09-12 22:40:54,427 | INFO | Steps: 121344/150000 | Episodes: 237 | CurrentEpReward: 0.000 | RecentReward: 85.678 | QLoss: 0.627842 | ParamLoss: -1.361128 | Epsilon: 0.0200 | Replay: 50000
2026-09-12 22:41:04,869 | INFO | Steps: 121856/150000 | Episodes: 238 | CurrentEpReward: 0.000 | RecentReward: 86.169 | QLoss: 0.615285 | ParamLoss: -1.367493 | Epsilon: 0.0200 | Replay: 50000
2026-09-12 22:41:15,323 | INFO | Steps: 122368/150000 | Episodes: 239 | CurrentEpReward: 0.000 | RecentReward: 86.899 | QLoss: 0.454631 | ParamLoss: -1.365776 | Epsilon: 0.0200 | Replay: 50000
2026-09-12 22:41:25,665 | INFO | Steps: 122880/150000 | Episodes: 240 | CurrentEpReward: 0.000 | RecentReward: 85.297 | QLoss: 0.663001 | ParamLoss: -1.370341 | Epsilon: 0.0200 | Replay: 50000
2026-09-12 22:41:35,864 | INFO | Steps: 123392/150000 | Episodes: 241 | CurrentEpReward: 0.000 | RecentReward: 84.477 | QLoss: 0.487124 | ParamLoss: -1.376067 | Epsilon: 0.0200 | Replay: 50000
2026-09-12 22:41:46,040 | INFO | Steps: 123904/150000 | Episodes: 242 | CurrentEpReward: 0.000 | RecentReward: 84.552 | QLoss: 0.667720 | ParamLoss: -1.370047 | Epsilon: 0.0200 | Replay: 50000
2026-09-12 22:41:56,267 | INFO | Steps: 124416/150000 | Episodes: 243 | CurrentEpReward: 0.000 | RecentReward: 83.631 | QLoss: 0.746548 | ParamLoss: -1.368772 | Epsilon: 0.0200 | Replay: 50000
2026-09-12 22:42:06,753 | INFO | Steps: 124928/150000 | Episodes: 244 | CurrentEpReward: 0.000 | RecentReward: 85.692 | QLoss: 0.600690 | ParamLoss: -1.380956 | Epsilon: 0.0200 | Replay: 50000
2026-09-12 22:42:17,241 | INFO | Steps: 125440/150000 | Episodes: 245 | CurrentEpReward: 0.000 | RecentReward: 87.173 | QLoss: 0.601882 | ParamLoss: -1.381632 | Epsilon: 0.0200 | Replay: 50000
2026-09-12 22:42:27,566 | INFO | Steps: 125952/150000 | Episodes: 246 | CurrentEpReward: 0.000 | RecentReward: 87.848 | QLoss: 0.636219 | ParamLoss: -1.377195 | Epsilon: 0.0200 | Replay: 50000
2026-09-12 22:42:37,996 | INFO | Steps: 126464/150000 | Episodes: 247 | CurrentEpReward: 0.000 | RecentReward: 88.428 | QLoss: 0.611796 | ParamLoss: -1.380944 | Epsilon: 0.0200 | Replay: 50000
2026-09-12 22:42:48,396 | INFO | Steps: 126976/150000 | Episodes: 248 | CurrentEpReward: 0.000 | RecentReward: 88.342 | QLoss: 0.677163 | ParamLoss: -1.388635 | Epsilon: 0.0200 | Replay: 50000
2026-09-12 22:42:58,911 | INFO | Steps: 127488/150000 | Episodes: 249 | CurrentEpReward: 0.000 | RecentReward: 88.756 | QLoss: 0.786479 | ParamLoss: -1.398757 | Epsilon: 0.0200 | Replay: 50000
2026-09-12 22:43:09,229 | INFO | Steps: 128000/150000 | Episodes: 250 | CurrentEpReward: 0.000 | RecentReward: 89.119 | QLoss: 0.604865 | ParamLoss: -1.405833 | Epsilon: 0.0200 | Replay: 50000
2026-09-12 22:43:19,501 | INFO | Steps: 128512/150000 | Episodes: 251 | CurrentEpReward: 0.000 | RecentReward: 88.694 | QLoss: 0.759372 | ParamLoss: -1.411660 | Epsilon: 0.0200 | Replay: 50000
2026-09-12 22:43:29,844 | INFO | Steps: 129024/150000 | Episodes: 252 | CurrentEpReward: 0.000 | RecentReward: 88.513 | QLoss: 0.542097 | ParamLoss: -1.423272 | Epsilon: 0.0200 | Replay: 50000
2026-09-12 22:43:40,251 | INFO | Steps: 129536/150000 | Episodes: 253 | CurrentEpReward: 0.000 | RecentReward: 88.407 | QLoss: 0.674186 | ParamLoss: -1.424517 | Epsilon: 0.0200 | Replay: 50000
2026-09-12 22:43:50,662 | INFO | Steps: 130048/150000 | Episodes: 254 | CurrentEpReward: 0.000 | RecentReward: 87.071 | QLoss: 0.629630 | ParamLoss: -1.420525 | Epsilon: 0.0200 | Replay: 50000
2026-09-12 22:44:00,798 | INFO | Steps: 130560/150000 | Episodes: 255 | CurrentEpReward: 0.000 | RecentReward: 86.275 | QLoss: 0.675690 | ParamLoss: -1.423801 | Epsilon: 0.0200 | Replay: 50000
2026-09-12 22:44:11,179 | INFO | Steps: 131072/150000 | Episodes: 256 | CurrentEpReward: 0.000 | RecentReward: 87.444 | QLoss: 0.753593 | ParamLoss: -1.418328 | Epsilon: 0.0200 | Replay: 50000
2026-09-12 22:44:21,496 | INFO | Steps: 131584/150000 | Episodes: 257 | CurrentEpReward: 0.000 | RecentReward: 86.675 | QLoss: 0.665689 | ParamLoss: -1.417052 | Epsilon: 0.0200 | Replay: 50000
2026-09-12 22:44:32,006 | INFO | Steps: 132096/150000 | Episodes: 258 | CurrentEpReward: 0.000 | RecentReward: 86.868 | QLoss: 0.545168 | ParamLoss: -1.411630 | Epsilon: 0.0200 | Replay: 50000
2026-09-12 22:44:42,288 | INFO | Steps: 132608/150000 | Episodes: 259 | CurrentEpReward: 0.000 | RecentReward: 85.311 | QLoss: 0.594403 | ParamLoss: -1.401159 | Epsilon: 0.0200 | Replay: 50000
2026-09-12 22:44:52,826 | INFO | Steps: 133120/150000 | Episodes: 260 | CurrentEpReward: 0.000 | RecentReward: 85.344 | QLoss: 0.757762 | ParamLoss: -1.395620 | Epsilon: 0.0200 | Replay: 50000
2026-09-12 22:45:03,230 | INFO | Steps: 133632/150000 | Episodes: 261 | CurrentEpReward: 0.000 | RecentReward: 86.102 | QLoss: 0.632168 | ParamLoss: -1.389335 | Epsilon: 0.0200 | Replay: 50000
2026-09-12 22:45:13,881 | INFO | Steps: 134144/150000 | Episodes: 262 | CurrentEpReward: 0.000 | RecentReward: 86.034 | QLoss: 0.616136 | ParamLoss: -1.399496 | Epsilon: 0.0200 | Replay: 50000
2026-09-12 22:45:24,372 | INFO | Steps: 134656/150000 | Episodes: 263 | CurrentEpReward: 0.000 | RecentReward: 86.561 | QLoss: 0.565539 | ParamLoss: -1.405960 | Epsilon: 0.0200 | Replay: 50000
2026-09-12 22:45:34,937 | INFO | Steps: 135168/150000 | Episodes: 264 | CurrentEpReward: 0.000 | RecentReward: 87.126 | QLoss: 0.726737 | ParamLoss: -1.395476 | Epsilon: 0.0200 | Replay: 50000
2026-09-12 22:45:45,393 | INFO | Steps: 135680/150000 | Episodes: 265 | CurrentEpReward: 0.000 | RecentReward: 87.459 | QLoss: 0.679654 | ParamLoss: -1.402306 | Epsilon: 0.0200 | Replay: 50000
2026-09-12 22:45:55,816 | INFO | Steps: 136192/150000 | Episodes: 266 | CurrentEpReward: 0.000 | RecentReward: 85.847 | QLoss: 0.542016 | ParamLoss: -1.408035 | Epsilon: 0.0200 | Replay: 50000
2026-09-12 22:46:06,100 | INFO | Steps: 136704/150000 | Episodes: 267 | CurrentEpReward: 0.000 | RecentReward: 84.923 | QLoss: 0.551222 | ParamLoss: -1.407739 | Epsilon: 0.0200 | Replay: 50000
2026-09-12 22:46:16,377 | INFO | Steps: 137216/150000 | Episodes: 268 | CurrentEpReward: 0.000 | RecentReward: 84.664 | QLoss: 0.620489 | ParamLoss: -1.412916 | Epsilon: 0.0200 | Replay: 50000
2026-09-12 22:46:26,950 | INFO | Steps: 137728/150000 | Episodes: 269 | CurrentEpReward: 0.000 | RecentReward: 85.238 | QLoss: 0.688434 | ParamLoss: -1.406895 | Epsilon: 0.0200 | Replay: 50000
2026-09-12 22:46:37,346 | INFO | Steps: 138240/150000 | Episodes: 270 | CurrentEpReward: 0.000 | RecentReward: 85.362 | QLoss: 0.632360 | ParamLoss: -1.411396 | Epsilon: 0.0200 | Replay: 50000
2026-09-12 22:46:47,555 | INFO | Steps: 138752/150000 | Episodes: 271 | CurrentEpReward: 0.000 | RecentReward: 85.353 | QLoss: 0.728691 | ParamLoss: -1.409943 | Epsilon: 0.0200 | Replay: 50000
2026-09-12 22:46:57,743 | INFO | Steps: 139264/150000 | Episodes: 272 | CurrentEpReward: 0.000 | RecentReward: 84.449 | QLoss: 0.547812 | ParamLoss: -1.407678 | Epsilon: 0.0200 | Replay: 50000
2026-09-12 22:47:08,144 | INFO | Steps: 139776/150000 | Episodes: 273 | CurrentEpReward: 0.000 | RecentReward: 83.892 | QLoss: 0.623158 | ParamLoss: -1.401847 | Epsilon: 0.0200 | Replay: 50000
2026-09-12 22:47:18,525 | INFO | Steps: 140288/150000 | Episodes: 274 | CurrentEpReward: 0.000 | RecentReward: 83.426 | QLoss: 0.545810 | ParamLoss: -1.403213 | Epsilon: 0.0200 | Replay: 50000
2026-09-12 22:47:28,841 | INFO | Steps: 140800/150000 | Episodes: 275 | CurrentEpReward: 0.000 | RecentReward: 83.182 | QLoss: 0.598265 | ParamLoss: -1.406375 | Epsilon: 0.0200 | Replay: 50000
2026-09-12 22:47:39,165 | INFO | Steps: 141312/150000 | Episodes: 276 | CurrentEpReward: 0.000 | RecentReward: 83.637 | QLoss: 0.622211 | ParamLoss: -1.394623 | Epsilon: 0.0200 | Replay: 50000
2026-09-12 22:47:49,837 | INFO | Steps: 141824/150000 | Episodes: 277 | CurrentEpReward: 0.000 | RecentReward: 84.157 | QLoss: 0.737829 | ParamLoss: -1.399442 | Epsilon: 0.0200 | Replay: 50000
2026-09-12 22:48:00,284 | INFO | Steps: 142336/150000 | Episodes: 278 | CurrentEpReward: 0.000 | RecentReward: 83.855 | QLoss: 0.806507 | ParamLoss: -1.402523 | Epsilon: 0.0200 | Replay: 50000
2026-09-12 22:48:10,595 | INFO | Steps: 142848/150000 | Episodes: 279 | CurrentEpReward: 0.000 | RecentReward: 84.496 | QLoss: 0.629481 | ParamLoss: -1.397140 | Epsilon: 0.0200 | Replay: 50000
2026-09-12 22:48:21,182 | INFO | Steps: 143360/150000 | Episodes: 280 | CurrentEpReward: 0.000 | RecentReward: 85.010 | QLoss: 0.636572 | ParamLoss: -1.399974 | Epsilon: 0.0200 | Replay: 50000
2026-09-12 22:48:31,528 | INFO | Steps: 143872/150000 | Episodes: 281 | CurrentEpReward: 0.000 | RecentReward: 84.373 | QLoss: 0.703768 | ParamLoss: -1.401462 | Epsilon: 0.0200 | Replay: 50000
2026-09-12 22:48:41,800 | INFO | Steps: 144384/150000 | Episodes: 282 | CurrentEpReward: 0.000 | RecentReward: 84.870 | QLoss: 0.598424 | ParamLoss: -1.405124 | Epsilon: 0.0200 | Replay: 50000
2026-09-12 22:48:52,145 | INFO | Steps: 144896/150000 | Episodes: 283 | CurrentEpReward: 0.000 | RecentReward: 84.440 | QLoss: 0.700746 | ParamLoss: -1.413027 | Epsilon: 0.0200 | Replay: 50000
2026-09-12 22:49:02,309 | INFO | Steps: 145408/150000 | Episodes: 284 | CurrentEpReward: 0.000 | RecentReward: 84.866 | QLoss: 0.667977 | ParamLoss: -1.396626 | Epsilon: 0.0200 | Replay: 50000
2026-09-12 22:49:12,856 | INFO | Steps: 145920/150000 | Episodes: 285 | CurrentEpReward: 0.000 | RecentReward: 84.876 | QLoss: 0.755472 | ParamLoss: -1.382682 | Epsilon: 0.0200 | Replay: 50000
2026-09-12 22:49:23,223 | INFO | Steps: 146432/150000 | Episodes: 286 | CurrentEpReward: 0.000 | RecentReward: 85.203 | QLoss: 0.770358 | ParamLoss: -1.375785 | Epsilon: 0.0200 | Replay: 50000
2026-09-12 22:49:33,489 | INFO | Steps: 146944/150000 | Episodes: 287 | CurrentEpReward: 0.000 | RecentReward: 85.603 | QLoss: 0.670173 | ParamLoss: -1.382224 | Epsilon: 0.0200 | Replay: 50000
2026-09-12 22:49:43,851 | INFO | Steps: 147456/150000 | Episodes: 288 | CurrentEpReward: 0.000 | RecentReward: 85.746 | QLoss: 0.577076 | ParamLoss: -1.382756 | Epsilon: 0.0200 | Replay: 50000
2026-09-12 22:49:54,221 | INFO | Steps: 147968/150000 | Episodes: 289 | CurrentEpReward: 0.000 | RecentReward: 85.320 | QLoss: 0.783252 | ParamLoss: -1.385033 | Epsilon: 0.0200 | Replay: 50000
2026-09-12 22:50:04,615 | INFO | Steps: 148480/150000 | Episodes: 290 | CurrentEpReward: 0.000 | RecentReward: 85.396 | QLoss: 0.608059 | ParamLoss: -1.383289 | Epsilon: 0.0200 | Replay: 50000
2026-09-12 22:50:15,046 | INFO | Steps: 148992/150000 | Episodes: 291 | CurrentEpReward: 0.000 | RecentReward: 85.741 | QLoss: 0.673528 | ParamLoss: -1.389688 | Epsilon: 0.0200 | Replay: 50000
2026-09-12 22:50:25,309 | INFO | Steps: 149504/150000 | Episodes: 292 | CurrentEpReward: 0.000 | RecentReward: 85.854 | QLoss: 0.508362 | ParamLoss: -1.390671 | Epsilon: 0.0200 | Replay: 50000
2026-09-12 22:50:35,330 | INFO | Steps: 150000/150000 | Episodes: 292 | CurrentEpReward: 81.976 | RecentReward: 85.854 | QLoss: 0.615175 | ParamLoss: -1.398514 | Epsilon: 0.0200 | Replay: 50000
2026-09-12 22:50:57,099 | INFO | 新的最佳模型 (reward): 89.715，保存至 /home/pjpjq/LEO_switch/results/multiseed_0907/seed43/u25/learned_baselines/pdqn/best_model.pt
2026-09-12 22:50:57,109 | INFO | 周期权重已保存: /home/pjpjq/LEO_switch/results/multiseed_0907/seed43/u25/learned_baselines/pdqn/checkpoint_150000.pt
2026-09-12 22:50:57,136 | INFO | 最终权重已保存: /home/pjpjq/LEO_switch/results/multiseed_0907/seed43/u25/learned_baselines/pdqn/pdqn_model.pt
2026-09-12 22:51:19,024 | INFO | 训练与评估完成 | EvalReward: 89.715 ± 2.509
