2026-09-19 00:47:09,286 | INFO | ============================================================
2026-09-19 00:47:09,286 | INFO | 开始训练纯 MADDPG 基线
2026-09-19 00:47:09,286 | INFO | 用户数: 40 | 观测维度: 76 | handover维度: 11 | 总步数: 150000 | warmup: 1000 | batch: 128 | 日志间隔: 512 steps | device: cuda | actor_lr: 1.0e-04 | critic_lr: 3.0e-04 | tau: 0.005 | reward_scale: 1.00
2026-09-19 00:47:09,287 | INFO | ============================================================
2026-09-19 00:47:15,362 | INFO | Steps: 512/150000 | Episodes: 1 | LastEpReward: -13.831 | RecentReward: -13.831 | ActorLoss: 0.000000 | CriticLoss: 0.000000 | Q: 0.0000 | TargetQ: 0.0000 | TDAbs: 0.0000 | ActorGrad: 0.0000 | CriticGrad: 0.0000 | Noise: 0.3500 | Replay: 512 | FPS: 84.27 | ETA: 29.6 min
2026-09-19 00:47:22,458 | INFO | Steps: 1024/150000 | Episodes: 2 | LastEpReward: -15.825 | RecentReward: -14.828 | ActorLoss: 0.004770 | CriticLoss: 0.004238 | Q: -0.0046 | TargetQ: 0.0036 | TDAbs: 0.0679 | ActorGrad: 0.0008 | CriticGrad: 0.1109 | Noise: 0.3499 | Replay: 1024 | FPS: 77.74 | ETA: 31.9 min
2026-09-19 00:47:44,910 | INFO | Steps: 1536/150000 | Episodes: 3 | LastEpReward: -49.578 | RecentReward: -26.411 | ActorLoss: -0.001853 | CriticLoss: 0.000582 | Q: -0.0158 | TargetQ: -0.0159 | TDAbs: 0.0259 | ActorGrad: 0.0001 | CriticGrad: 0.0466 | Noise: 0.3485 | Replay: 1536 | FPS: 43.12 | ETA: 57.4 min
2026-09-19 00:48:07,607 | INFO | Steps: 2048/150000 | Episodes: 4 | LastEpReward: -103.504 | RecentReward: -45.684 | ActorLoss: 0.185721 | CriticLoss: 0.000702 | Q: -0.2010 | TargetQ: -0.2010 | TDAbs: 0.0277 | ActorGrad: 0.0019 | CriticGrad: 0.0666 | Noise: 0.3470 | Replay: 2048 | FPS: 35.12 | ETA: 70.2 min
2026-09-19 00:48:29,406 | INFO | Steps: 2560/150000 | Episodes: 5 | LastEpReward: -74.335 | RecentReward: -51.415 | ActorLoss: 0.379766 | CriticLoss: 0.001126 | Q: -0.4041 | TargetQ: -0.4044 | TDAbs: 0.0349 | ActorGrad: 0.0007 | CriticGrad: 0.1113 | Noise: 0.3455 | Replay: 2560 | FPS: 31.95 | ETA: 76.9 min
2026-09-19 00:48:51,114 | INFO | Steps: 3072/150000 | Episodes: 6 | LastEpReward: -45.243 | RecentReward: -50.386 | ActorLoss: 0.516929 | CriticLoss: 0.001594 | Q: -0.5709 | TargetQ: -0.5713 | TDAbs: 0.0412 | ActorGrad: 0.0105 | CriticGrad: 0.1496 | Noise: 0.3441 | Replay: 3072 | FPS: 30.17 | ETA: 81.2 min
2026-09-19 00:49:13,630 | INFO | Steps: 3584/150000 | Episodes: 7 | LastEpReward: -2.802 | RecentReward: -43.588 | ActorLoss: 0.510184 | CriticLoss: 0.001373 | Q: -0.5723 | TargetQ: -0.5721 | TDAbs: 0.0392 | ActorGrad: 0.0115 | CriticGrad: 0.1192 | Noise: 0.3426 | Replay: 3584 | FPS: 28.82 | ETA: 84.7 min
2026-09-19 00:49:35,619 | INFO | Steps: 4096/150000 | Episodes: 8 | LastEpReward: 4.552 | RecentReward: -37.571 | ActorLoss: 0.454698 | CriticLoss: 0.000948 | Q: -0.5208 | TargetQ: -0.5208 | TDAbs: 0.0327 | ActorGrad: 0.0081 | CriticGrad: 0.0815 | Noise: 0.3412 | Replay: 4096 | FPS: 27.99 | ETA: 86.9 min
2026-09-19 00:49:57,873 | INFO | Steps: 4608/150000 | Episodes: 9 | LastEpReward: 9.284 | RecentReward: -32.365 | ActorLoss: 0.396238 | CriticLoss: 0.000996 | Q: -0.4636 | TargetQ: -0.4634 | TDAbs: 0.0332 | ActorGrad: 0.0078 | CriticGrad: 0.0824 | Noise: 0.3397 | Replay: 4608 | FPS: 27.33 | ETA: 88.7 min
2026-09-19 00:50:20,072 | INFO | 开始周期评估: Steps=5120 | Episodes=10 | EvalEpisodes=5
2026-09-19 00:50:58,995 | INFO | 周期评估完成: Steps=5120 | MeanReward=5.897 | StdReward=4.838
2026-09-19 00:50:59,135 | INFO | Steps: 5120/150000 | Episodes: 10 | LastEpReward: -8.584 | RecentReward: -29.987 | ActorLoss: 0.336556 | CriticLoss: 0.001253 | Q: -0.4025 | TargetQ: -0.4024 | TDAbs: 0.0374 | ActorGrad: 0.0081 | CriticGrad: 0.1015 | Noise: 0.3382 | Replay: 5120 | FPS: 22.28 | ETA: 108.4 min
2026-09-19 00:51:21,547 | INFO | Steps: 5632/150000 | Episodes: 11 | LastEpReward: -0.741 | RecentReward: -28.677 | ActorLoss: 0.277242 | CriticLoss: 0.000881 | Q: -0.3467 | TargetQ: -0.3465 | TDAbs: 0.0317 | ActorGrad: 0.0082 | CriticGrad: 0.0654 | Noise: 0.3368 | Replay: 5632 | FPS: 22.33 | ETA: 107.8 min
2026-09-19 00:51:44,376 | INFO | Steps: 6144/150000 | Episodes: 12 | LastEpReward: 2.412 | RecentReward: -26.854 | ActorLoss: 0.198885 | CriticLoss: 0.001354 | Q: -0.2647 | TargetQ: -0.2646 | TDAbs: 0.0392 | ActorGrad: 0.0107 | CriticGrad: 0.0954 | Noise: 0.3353 | Replay: 6144 | FPS: 22.33 | ETA: 107.3 min
2026-09-19 00:52:05,860 | INFO | Steps: 6656/150000 | Episodes: 13 | LastEpReward: 1.452 | RecentReward: -21.751 | ActorLoss: 0.112587 | CriticLoss: 0.001544 | Q: -0.1737 | TargetQ: -0.1735 | TDAbs: 0.0417 | ActorGrad: 0.0115 | CriticGrad: 0.0993 | Noise: 0.3338 | Replay: 6656 | FPS: 22.44 | ETA: 106.5 min
2026-09-19 00:52:28,219 | INFO | Steps: 7168/150000 | Episodes: 14 | LastEpReward: 10.082 | RecentReward: -10.392 | ActorLoss: 0.058012 | CriticLoss: 0.001300 | Q: -0.1152 | TargetQ: -0.1153 | TDAbs: 0.0386 | ActorGrad: 0.0053 | CriticGrad: 0.0895 | Noise: 0.3324 | Replay: 7168 | FPS: 22.47 | ETA: 105.9 min
2026-09-19 00:52:51,139 | INFO | Steps: 7680/150000 | Episodes: 15 | LastEpReward: 11.017 | RecentReward: -1.857 | ActorLoss: -0.030954 | CriticLoss: 0.001590 | Q: -0.0235 | TargetQ: -0.0235 | TDAbs: 0.0421 | ActorGrad: 0.0050 | CriticGrad: 0.0871 | Noise: 0.3309 | Replay: 7680 | FPS: 22.47 | ETA: 105.6 min
2026-09-19 00:53:14,336 | INFO | Steps: 8192/150000 | Episodes: 16 | LastEpReward: 16.778 | RecentReward: 4.345 | ActorLoss: -0.104021 | CriticLoss: 0.001551 | Q: 0.0505 | TargetQ: 0.0506 | TDAbs: 0.0417 | ActorGrad: 0.0043 | CriticGrad: 0.0810 | Noise: 0.3295 | Replay: 8192 | FPS: 22.44 | ETA: 105.3 min
2026-09-19 00:53:36,525 | INFO | Steps: 8704/150000 | Episodes: 17 | LastEpReward: 17.596 | RecentReward: 6.385 | ActorLoss: -0.172209 | CriticLoss: 0.001833 | Q: 0.1188 | TargetQ: 0.1190 | TDAbs: 0.0460 | ActorGrad: 0.0046 | CriticGrad: 0.0921 | Noise: 0.3280 | Replay: 8704 | FPS: 22.48 | ETA: 104.8 min
2026-09-19 00:53:58,786 | INFO | Steps: 9216/150000 | Episodes: 18 | LastEpReward: 10.005 | RecentReward: 6.930 | ActorLoss: -0.231308 | CriticLoss: 0.002143 | Q: 0.1812 | TargetQ: 0.1814 | TDAbs: 0.0492 | ActorGrad: 0.0052 | CriticGrad: 0.1118 | Noise: 0.3265 | Replay: 9216 | FPS: 22.51 | ETA: 104.3 min
2026-09-19 00:54:21,984 | INFO | Steps: 9728/150000 | Episodes: 19 | LastEpReward: 9.861 | RecentReward: 6.988 | ActorLoss: -0.311827 | CriticLoss: 0.002001 | Q: 0.2644 | TargetQ: 0.2646 | TDAbs: 0.0474 | ActorGrad: 0.0051 | CriticGrad: 0.0958 | Noise: 0.3251 | Replay: 9728 | FPS: 22.48 | ETA: 104.0 min
2026-09-19 00:54:43,254 | INFO | 开始周期评估: Steps=10240 | Episodes=20 | EvalEpisodes=5
2026-09-19 00:55:24,285 | INFO | 周期评估完成: Steps=10240 | MeanReward=12.290 | StdReward=3.107
2026-09-19 00:55:24,454 | INFO | Steps: 10240/150000 | Episodes: 20 | LastEpReward: 9.287 | RecentReward: 8.775 | ActorLoss: -0.391465 | CriticLoss: 0.002340 | Q: 0.3461 | TargetQ: 0.3460 | TDAbs: 0.0517 | ActorGrad: 0.0080 | CriticGrad: 0.1058 | Noise: 0.3236 | Replay: 10240 | FPS: 20.68 | ETA: 112.6 min
2026-09-19 00:55:47,211 | INFO | Steps: 10752/150000 | Episodes: 21 | LastEpReward: 5.015 | RecentReward: 9.351 | ActorLoss: -0.438340 | CriticLoss: 0.002523 | Q: 0.3850 | TargetQ: 0.3848 | TDAbs: 0.0536 | ActorGrad: 0.0236 | CriticGrad: 0.1168 | Noise: 0.3221 | Replay: 10752 | FPS: 20.76 | ETA: 111.8 min
2026-09-19 00:56:09,998 | INFO | Steps: 11264/150000 | Episodes: 22 | LastEpReward: 9.786 | RecentReward: 10.088 | ActorLoss: -0.530333 | CriticLoss: 0.002346 | Q: 0.4808 | TargetQ: 0.4809 | TDAbs: 0.0519 | ActorGrad: 0.0228 | CriticGrad: 0.1175 | Noise: 0.3207 | Replay: 11264 | FPS: 20.83 | ETA: 111.0 min
2026-09-19 00:56:33,288 | INFO | Steps: 11776/150000 | Episodes: 23 | LastEpReward: 7.986 | RecentReward: 10.741 | ActorLoss: -0.581642 | CriticLoss: 0.002569 | Q: 0.5338 | TargetQ: 0.5342 | TDAbs: 0.0549 | ActorGrad: 0.0251 | CriticGrad: 0.1205 | Noise: 0.3192 | Replay: 11776 | FPS: 20.88 | ETA: 110.3 min
2026-09-19 00:56:56,634 | INFO | Steps: 12288/150000 | Episodes: 24 | LastEpReward: 3.128 | RecentReward: 10.046 | ActorLoss: -0.635289 | CriticLoss: 0.002736 | Q: 0.5915 | TargetQ: 0.5921 | TDAbs: 0.0558 | ActorGrad: 0.0225 | CriticGrad: 0.1220 | Noise: 0.3177 | Replay: 12288 | FPS: 20.92 | ETA: 109.7 min
2026-09-19 00:57:19,571 | INFO | Steps: 12800/150000 | Episodes: 25 | LastEpReward: 12.644 | RecentReward: 10.209 | ActorLoss: -0.701598 | CriticLoss: 0.002644 | Q: 0.6580 | TargetQ: 0.6585 | TDAbs: 0.0553 | ActorGrad: 0.0226 | CriticGrad: 0.1281 | Noise: 0.3163 | Replay: 12800 | FPS: 20.97 | ETA: 109.0 min
2026-09-19 00:57:42,785 | INFO | Steps: 13312/150000 | Episodes: 26 | LastEpReward: 8.827 | RecentReward: 9.414 | ActorLoss: -0.753138 | CriticLoss: 0.002877 | Q: 0.7092 | TargetQ: 0.7093 | TDAbs: 0.0578 | ActorGrad: 0.0252 | CriticGrad: 0.1255 | Noise: 0.3148 | Replay: 13312 | FPS: 21.01 | ETA: 108.4 min
2026-09-19 00:58:06,416 | INFO | Steps: 13824/150000 | Episodes: 27 | LastEpReward: 11.634 | RecentReward: 8.817 | ActorLoss: -0.825069 | CriticLoss: 0.003097 | Q: 0.7786 | TargetQ: 0.7787 | TDAbs: 0.0597 | ActorGrad: 0.0279 | CriticGrad: 0.1341 | Noise: 0.3134 | Replay: 13824 | FPS: 21.04 | ETA: 107.9 min
2026-09-19 00:58:30,204 | INFO | Steps: 14336/150000 | Episodes: 28 | LastEpReward: 10.948 | RecentReward: 8.912 | ActorLoss: -0.885407 | CriticLoss: 0.003277 | Q: 0.8410 | TargetQ: 0.8415 | TDAbs: 0.0611 | ActorGrad: 0.0300 | CriticGrad: 0.1423 | Noise: 0.3119 | Replay: 14336 | FPS: 21.05 | ETA: 107.4 min
2026-09-19 00:58:53,476 | INFO | Steps: 14848/150000 | Episodes: 29 | LastEpReward: 10.817 | RecentReward: 9.007 | ActorLoss: -0.957674 | CriticLoss: 0.003434 | Q: 0.9154 | TargetQ: 0.9157 | TDAbs: 0.0636 | ActorGrad: 0.0293 | CriticGrad: 0.1607 | Noise: 0.3104 | Replay: 14848 | FPS: 21.09 | ETA: 106.8 min
2026-09-19 00:59:15,864 | INFO | 开始周期评估: Steps=15360 | Episodes=30 | EvalEpisodes=5
2026-09-19 00:59:55,945 | INFO | 周期评估完成: Steps=15360 | MeanReward=10.807 | StdReward=2.952
2026-09-19 00:59:55,956 | INFO | Steps: 15360/150000 | Episodes: 30 | LastEpReward: 14.084 | RecentReward: 9.487 | ActorLoss: -0.995960 | CriticLoss: 0.003171 | Q: 0.9508 | TargetQ: 0.9511 | TDAbs: 0.0600 | ActorGrad: 0.0260 | CriticGrad: 0.1359 | Noise: 0.3090 | Replay: 15360 | FPS: 20.03 | ETA: 112.0 min
2026-09-19 01:00:18,113 | INFO | Steps: 15872/150000 | Episodes: 31 | LastEpReward: 0.850 | RecentReward: 9.070 | ActorLoss: -1.081966 | CriticLoss: 0.003520 | Q: 1.0354 | TargetQ: 1.0359 | TDAbs: 0.0639 | ActorGrad: 0.0300 | CriticGrad: 0.1369 | Noise: 0.3075 | Replay: 15872 | FPS: 20.12 | ETA: 111.1 min
2026-09-19 01:00:39,795 | INFO | Steps: 16384/150000 | Episodes: 32 | LastEpReward: 2.674 | RecentReward: 8.359 | ActorLoss: -1.125948 | CriticLoss: 0.004338 | Q: 1.0878 | TargetQ: 1.0886 | TDAbs: 0.0697 | ActorGrad: 0.0253 | CriticGrad: 0.1752 | Noise: 0.3060 | Replay: 16384 | FPS: 20.21 | ETA: 110.2 min
2026-09-19 01:01:02,156 | INFO | Steps: 16896/150000 | Episodes: 33 | LastEpReward: 9.729 | RecentReward: 8.534 | ActorLoss: -1.161881 | CriticLoss: 0.003862 | Q: 1.1293 | TargetQ: 1.1293 | TDAbs: 0.0660 | ActorGrad: 0.0226 | CriticGrad: 0.1568 | Noise: 0.3046 | Replay: 16896 | FPS: 20.29 | ETA: 109.4 min
2026-09-19 01:01:24,354 | INFO | Steps: 17408/150000 | Episodes: 34 | LastEpReward: 9.112 | RecentReward: 9.132 | ActorLoss: -1.186260 | CriticLoss: 0.004175 | Q: 1.1546 | TargetQ: 1.1551 | TDAbs: 0.0688 | ActorGrad: 0.0254 | CriticGrad: 0.1705 | Noise: 0.3031 | Replay: 17408 | FPS: 20.36 | ETA: 108.5 min
2026-09-19 01:01:46,960 | INFO | Steps: 17920/150000 | Episodes: 35 | LastEpReward: 17.589 | RecentReward: 9.626 | ActorLoss: -1.238108 | CriticLoss: 0.004374 | Q: 1.1995 | TargetQ: 1.1997 | TDAbs: 0.0693 | ActorGrad: 0.0269 | CriticGrad: 0.1678 | Noise: 0.3017 | Replay: 17920 | FPS: 20.42 | ETA: 107.8 min
2026-09-19 01:02:09,531 | INFO | Steps: 18432/150000 | Episodes: 36 | LastEpReward: 12.317 | RecentReward: 9.975 | ActorLoss: -1.260145 | CriticLoss: 0.004153 | Q: 1.2269 | TargetQ: 1.2278 | TDAbs: 0.0685 | ActorGrad: 0.0282 | CriticGrad: 0.1769 | Noise: 0.3002 | Replay: 18432 | FPS: 20.47 | ETA: 107.1 min
2026-09-19 01:02:31,409 | INFO | Steps: 18944/150000 | Episodes: 37 | LastEpReward: 10.590 | RecentReward: 9.871 | ActorLoss: -1.296166 | CriticLoss: 0.004626 | Q: 1.2634 | TargetQ: 1.2641 | TDAbs: 0.0728 | ActorGrad: 0.0353 | CriticGrad: 0.1849 | Noise: 0.2987 | Replay: 18944 | FPS: 20.54 | ETA: 106.3 min
2026-09-19 01:02:53,140 | INFO | Steps: 19456/150000 | Episodes: 38 | LastEpReward: 0.502 | RecentReward: 8.826 | ActorLoss: -1.333004 | CriticLoss: 0.004862 | Q: 1.3043 | TargetQ: 1.3044 | TDAbs: 0.0746 | ActorGrad: 0.0306 | CriticGrad: 0.2063 | Noise: 0.2973 | Replay: 19456 | FPS: 20.61 | ETA: 105.5 min
2026-09-19 01:03:16,012 | INFO | Steps: 19968/150000 | Episodes: 39 | LastEpReward: 14.105 | RecentReward: 9.155 | ActorLoss: -1.381504 | CriticLoss: 0.005086 | Q: 1.3528 | TargetQ: 1.3532 | TDAbs: 0.0764 | ActorGrad: 0.0332 | CriticGrad: 0.2172 | Noise: 0.2958 | Replay: 19968 | FPS: 20.66 | ETA: 104.9 min
2026-09-19 01:03:38,267 | INFO | 开始周期评估: Steps=20480 | Episodes=40 | EvalEpisodes=5
2026-09-19 01:04:21,109 | INFO | 周期评估完成: Steps=20480 | MeanReward=13.211 | StdReward=2.910
2026-09-19 01:04:21,288 | INFO | Steps: 20480/150000 | Episodes: 40 | LastEpReward: 3.627 | RecentReward: 8.109 | ActorLoss: -1.393924 | CriticLoss: 0.005701 | Q: 1.3636 | TargetQ: 1.3644 | TDAbs: 0.0811 | ActorGrad: 0.0370 | CriticGrad: 0.2415 | Noise: 0.2943 | Replay: 20480 | FPS: 19.84 | ETA: 108.8 min
2026-09-19 01:04:43,833 | INFO | Steps: 20992/150000 | Episodes: 41 | LastEpReward: 17.665 | RecentReward: 9.791 | ActorLoss: -1.413308 | CriticLoss: 0.005256 | Q: 1.3847 | TargetQ: 1.3854 | TDAbs: 0.0775 | ActorGrad: 0.0256 | CriticGrad: 0.2014 | Noise: 0.2929 | Replay: 20992 | FPS: 19.91 | ETA: 108.0 min
2026-09-19 01:05:05,996 | INFO | Steps: 21504/150000 | Episodes: 42 | LastEpReward: 17.453 | RecentReward: 11.269 | ActorLoss: -1.460543 | CriticLoss: 0.005783 | Q: 1.4281 | TargetQ: 1.4285 | TDAbs: 0.0820 | ActorGrad: 0.0240 | CriticGrad: 0.2343 | Noise: 0.2914 | Replay: 21504 | FPS: 19.97 | ETA: 107.2 min
2026-09-19 01:05:28,273 | INFO | Steps: 22016/150000 | Episodes: 43 | LastEpReward: 20.271 | RecentReward: 12.323 | ActorLoss: -1.517967 | CriticLoss: 0.006050 | Q: 1.4864 | TargetQ: 1.4871 | TDAbs: 0.0840 | ActorGrad: 0.0196 | CriticGrad: 0.2504 | Noise: 0.2900 | Replay: 22016 | FPS: 20.03 | ETA: 106.5 min
2026-09-19 01:05:49,942 | INFO | Steps: 22528/150000 | Episodes: 44 | LastEpReward: 19.469 | RecentReward: 13.359 | ActorLoss: -1.560544 | CriticLoss: 0.005662 | Q: 1.5289 | TargetQ: 1.5290 | TDAbs: 0.0793 | ActorGrad: 0.0198 | CriticGrad: 0.1979 | Noise: 0.2885 | Replay: 22528 | FPS: 20.10 | ETA: 105.7 min
2026-09-19 01:06:11,794 | INFO | Steps: 23040/150000 | Episodes: 45 | LastEpReward: 14.461 | RecentReward: 13.046 | ActorLoss: -1.607793 | CriticLoss: 0.006452 | Q: 1.5767 | TargetQ: 1.5782 | TDAbs: 0.0854 | ActorGrad: 0.0219 | CriticGrad: 0.2348 | Noise: 0.2870 | Replay: 23040 | FPS: 20.17 | ETA: 104.9 min
2026-09-19 01:06:33,924 | INFO | Steps: 23552/150000 | Episodes: 46 | LastEpReward: 16.589 | RecentReward: 13.473 | ActorLoss: -1.605758 | CriticLoss: 0.005966 | Q: 1.5757 | TargetQ: 1.5760 | TDAbs: 0.0835 | ActorGrad: 0.0188 | CriticGrad: 0.2300 | Noise: 0.2856 | Replay: 23552 | FPS: 20.22 | ETA: 104.2 min
2026-09-19 01:06:55,915 | INFO | Steps: 24064/150000 | Episodes: 47 | LastEpReward: 16.493 | RecentReward: 14.063 | ActorLoss: -1.639568 | CriticLoss: 0.005970 | Q: 1.6109 | TargetQ: 1.6109 | TDAbs: 0.0834 | ActorGrad: 0.0180 | CriticGrad: 0.2209 | Noise: 0.2841 | Replay: 24064 | FPS: 20.28 | ETA: 103.5 min
2026-09-19 01:07:17,767 | INFO | Steps: 24576/150000 | Episodes: 48 | LastEpReward: 12.771 | RecentReward: 15.290 | ActorLoss: -1.691762 | CriticLoss: 0.006271 | Q: 1.6628 | TargetQ: 1.6627 | TDAbs: 0.0853 | ActorGrad: 0.0203 | CriticGrad: 0.2349 | Noise: 0.2826 | Replay: 24576 | FPS: 20.34 | ETA: 102.8 min
2026-09-19 01:07:39,859 | INFO | Steps: 25088/150000 | Episodes: 49 | LastEpReward: 17.623 | RecentReward: 15.642 | ActorLoss: -1.740451 | CriticLoss: 0.006629 | Q: 1.7093 | TargetQ: 1.7092 | TDAbs: 0.0859 | ActorGrad: 0.0181 | CriticGrad: 0.2528 | Noise: 0.2812 | Replay: 25088 | FPS: 20.39 | ETA: 102.1 min
2026-09-19 01:08:01,909 | INFO | 开始周期评估: Steps=25600 | Episodes=50 | EvalEpisodes=5
2026-09-19 01:08:45,926 | INFO | 周期评估完成: Steps=25600 | MeanReward=18.190 | StdReward=3.898
2026-09-19 01:08:46,102 | INFO | Steps: 25600/150000 | Episodes: 50 | LastEpReward: 9.078 | RecentReward: 16.187 | ActorLoss: -1.742634 | CriticLoss: 0.006782 | Q: 1.7133 | TargetQ: 1.7135 | TDAbs: 0.0894 | ActorGrad: 0.0219 | CriticGrad: 0.2569 | Noise: 0.2797 | Replay: 25600 | FPS: 19.74 | ETA: 105.0 min
2026-09-19 01:09:08,481 | INFO | Steps: 26112/150000 | Episodes: 51 | LastEpReward: 11.738 | RecentReward: 15.595 | ActorLoss: -1.816715 | CriticLoss: 0.007215 | Q: 1.7863 | TargetQ: 1.7857 | TDAbs: 0.0903 | ActorGrad: 0.0184 | CriticGrad: 0.2772 | Noise: 0.2783 | Replay: 26112 | FPS: 19.79 | ETA: 104.3 min
2026-09-19 01:09:30,676 | INFO | Steps: 26624/150000 | Episodes: 52 | LastEpReward: 13.222 | RecentReward: 15.172 | ActorLoss: -1.824451 | CriticLoss: 0.007274 | Q: 1.7917 | TargetQ: 1.7917 | TDAbs: 0.0916 | ActorGrad: 0.0369 | CriticGrad: 0.2535 | Noise: 0.2768 | Replay: 26624 | FPS: 19.85 | ETA: 103.6 min
2026-09-19 01:09:52,569 | INFO | Steps: 27136/150000 | Episodes: 53 | LastEpReward: 12.137 | RecentReward: 14.358 | ActorLoss: -1.854258 | CriticLoss: 0.007283 | Q: 1.8245 | TargetQ: 1.8253 | TDAbs: 0.0930 | ActorGrad: 0.0477 | CriticGrad: 0.2630 | Noise: 0.2753 | Replay: 27136 | FPS: 19.90 | ETA: 102.9 min
2026-09-19 01:10:15,111 | INFO | Steps: 27648/150000 | Episodes: 54 | LastEpReward: 9.193 | RecentReward: 13.330 | ActorLoss: -1.906858 | CriticLoss: 0.007596 | Q: 1.8804 | TargetQ: 1.8806 | TDAbs: 0.0946 | ActorGrad: 0.0436 | CriticGrad: 0.2877 | Noise: 0.2739 | Replay: 27648 | FPS: 19.95 | ETA: 102.2 min
2026-09-19 01:10:37,464 | INFO | Steps: 28160/150000 | Episodes: 55 | LastEpReward: 18.055 | RecentReward: 13.690 | ActorLoss: -1.928063 | CriticLoss: 0.007845 | Q: 1.8966 | TargetQ: 1.8972 | TDAbs: 0.0944 | ActorGrad: 0.0184 | CriticGrad: 0.3031 | Noise: 0.2724 | Replay: 28160 | FPS: 20.00 | ETA: 101.5 min
2026-09-19 01:11:00,792 | INFO | Steps: 28672/150000 | Episodes: 56 | LastEpReward: 17.276 | RecentReward: 13.759 | ActorLoss: -1.980839 | CriticLoss: 0.006729 | Q: 1.9501 | TargetQ: 1.9497 | TDAbs: 0.0888 | ActorGrad: 0.0160 | CriticGrad: 0.2689 | Noise: 0.2709 | Replay: 28672 | FPS: 20.03 | ETA: 101.0 min
2026-09-19 01:11:23,105 | INFO | Steps: 29184/150000 | Episodes: 57 | LastEpReward: 18.040 | RecentReward: 13.913 | ActorLoss: -2.025818 | CriticLoss: 0.007912 | Q: 1.9968 | TargetQ: 1.9972 | TDAbs: 0.0962 | ActorGrad: 0.0204 | CriticGrad: 0.3154 | Noise: 0.2695 | Replay: 29184 | FPS: 20.07 | ETA: 100.3 min
2026-09-19 01:11:45,134 | INFO | Steps: 29696/150000 | Episodes: 58 | LastEpReward: 8.213 | RecentReward: 13.457 | ActorLoss: -2.072605 | CriticLoss: 0.008989 | Q: 2.0413 | TargetQ: 2.0419 | TDAbs: 0.1020 | ActorGrad: 0.0200 | CriticGrad: 0.3915 | Noise: 0.2680 | Replay: 29696 | FPS: 20.12 | ETA: 99.6 min
2026-09-19 01:12:06,769 | INFO | Steps: 30208/150000 | Episodes: 59 | LastEpReward: 14.192 | RecentReward: 13.114 | ActorLoss: -2.067444 | CriticLoss: 0.008077 | Q: 2.0391 | TargetQ: 2.0395 | TDAbs: 0.0953 | ActorGrad: 0.0280 | CriticGrad: 0.2799 | Noise: 0.2665 | Replay: 30208 | FPS: 20.17 | ETA: 99.0 min
2026-09-19 01:12:28,066 | INFO | 开始周期评估: Steps=30720 | Episodes=60 | EvalEpisodes=5
2026-09-19 01:13:13,697 | INFO | 周期评估完成: Steps=30720 | MeanReward=18.432 | StdReward=3.627
2026-09-19 01:13:13,857 | INFO | Steps: 30720/150000 | Episodes: 60 | LastEpReward: 17.675 | RecentReward: 13.974 | ActorLoss: -2.113087 | CriticLoss: 0.009027 | Q: 2.0841 | TargetQ: 2.0845 | TDAbs: 0.1002 | ActorGrad: 0.0275 | CriticGrad: 0.3115 | Noise: 0.2651 | Replay: 30720 | FPS: 19.63 | ETA: 101.2 min
2026-09-19 01:13:35,706 | INFO | Steps: 31232/150000 | Episodes: 61 | LastEpReward: 15.794 | RecentReward: 14.380 | ActorLoss: -2.124718 | CriticLoss: 0.008473 | Q: 2.0957 | TargetQ: 2.0961 | TDAbs: 0.0992 | ActorGrad: 0.0306 | CriticGrad: 0.3135 | Noise: 0.2636 | Replay: 31232 | FPS: 19.69 | ETA: 100.5 min
2026-09-19 01:13:58,346 | INFO | Steps: 31744/150000 | Episodes: 62 | LastEpReward: 17.323 | RecentReward: 14.790 | ActorLoss: -2.134040 | CriticLoss: 0.008420 | Q: 2.1074 | TargetQ: 2.1074 | TDAbs: 0.0990 | ActorGrad: 0.0181 | CriticGrad: 0.3236 | Noise: 0.2622 | Replay: 31744 | FPS: 19.73 | ETA: 99.9 min
2026-09-19 01:14:20,474 | INFO | Steps: 32256/150000 | Episodes: 63 | LastEpReward: 13.730 | RecentReward: 14.949 | ActorLoss: -2.203510 | CriticLoss: 0.008223 | Q: 2.1768 | TargetQ: 2.1770 | TDAbs: 0.0979 | ActorGrad: 0.0222 | CriticGrad: 0.3210 | Noise: 0.2607 | Replay: 32256 | FPS: 19.77 | ETA: 99.2 min
2026-09-19 01:14:42,718 | INFO | Steps: 32768/150000 | Episodes: 64 | LastEpReward: 19.311 | RecentReward: 15.961 | ActorLoss: -2.202260 | CriticLoss: 0.008793 | Q: 2.1731 | TargetQ: 2.1729 | TDAbs: 0.1002 | ActorGrad: 0.0288 | CriticGrad: 0.3280 | Noise: 0.2592 | Replay: 32768 | FPS: 19.82 | ETA: 98.6 min
2026-09-19 01:15:05,180 | INFO | Steps: 33280/150000 | Episodes: 65 | LastEpReward: 14.210 | RecentReward: 15.576 | ActorLoss: -2.279816 | CriticLoss: 0.009006 | Q: 2.2474 | TargetQ: 2.2475 | TDAbs: 0.1012 | ActorGrad: 0.0703 | CriticGrad: 0.3037 | Noise: 0.2578 | Replay: 33280 | FPS: 19.86 | ETA: 98.0 min
2026-09-19 01:15:27,034 | INFO | Steps: 33792/150000 | Episodes: 66 | LastEpReward: 12.718 | RecentReward: 15.121 | ActorLoss: -2.309102 | CriticLoss: 0.010727 | Q: 2.2794 | TargetQ: 2.2799 | TDAbs: 0.1108 | ActorGrad: 0.0699 | CriticGrad: 0.3412 | Noise: 0.2563 | Replay: 33792 | FPS: 19.90 | ETA: 97.3 min
2026-09-19 01:15:49,548 | INFO | Steps: 34304/150000 | Episodes: 67 | LastEpReward: 12.167 | RecentReward: 14.533 | ActorLoss: -2.331177 | CriticLoss: 0.010744 | Q: 2.3020 | TargetQ: 2.3009 | TDAbs: 0.1109 | ActorGrad: 0.0546 | CriticGrad: 0.3989 | Noise: 0.2548 | Replay: 34304 | FPS: 19.94 | ETA: 96.7 min
2026-09-19 01:16:12,540 | INFO | Steps: 34816/150000 | Episodes: 68 | LastEpReward: 8.427 | RecentReward: 14.555 | ActorLoss: -2.342450 | CriticLoss: 0.010553 | Q: 2.3173 | TargetQ: 2.3172 | TDAbs: 0.1097 | ActorGrad: 0.0632 | CriticGrad: 0.3327 | Noise: 0.2534 | Replay: 34816 | FPS: 19.97 | ETA: 96.1 min
2026-09-19 01:16:35,024 | INFO | Steps: 35328/150000 | Episodes: 69 | LastEpReward: 26.732 | RecentReward: 15.809 | ActorLoss: -2.384817 | CriticLoss: 0.010266 | Q: 2.3552 | TargetQ: 2.3560 | TDAbs: 0.1091 | ActorGrad: 0.0376 | CriticGrad: 0.3724 | Noise: 0.2519 | Replay: 35328 | FPS: 20.01 | ETA: 95.5 min
2026-09-19 01:16:57,797 | INFO | 开始周期评估: Steps=35840 | Episodes=70 | EvalEpisodes=5
2026-09-19 01:17:40,174 | INFO | 周期评估完成: Steps=35840 | MeanReward=13.416 | StdReward=3.590
2026-09-19 01:17:40,185 | INFO | Steps: 35840/150000 | Episodes: 70 | LastEpReward: 11.816 | RecentReward: 15.223 | ActorLoss: -2.422625 | CriticLoss: 0.009948 | Q: 2.3947 | TargetQ: 2.3950 | TDAbs: 0.1064 | ActorGrad: 0.0575 | CriticGrad: 0.3840 | Noise: 0.2505 | Replay: 35840 | FPS: 19.58 | ETA: 97.2 min
2026-09-19 01:18:02,357 | INFO | Steps: 36352/150000 | Episodes: 71 | LastEpReward: 6.037 | RecentReward: 14.247 | ActorLoss: -2.421559 | CriticLoss: 0.011028 | Q: 2.3946 | TargetQ: 2.3959 | TDAbs: 0.1130 | ActorGrad: 0.0583 | CriticGrad: 0.3819 | Noise: 0.2490 | Replay: 36352 | FPS: 19.62 | ETA: 96.6 min
2026-09-19 01:18:25,891 | INFO | Steps: 36864/150000 | Episodes: 72 | LastEpReward: 8.575 | RecentReward: 13.372 | ActorLoss: -2.467689 | CriticLoss: 0.010443 | Q: 2.4412 | TargetQ: 2.4412 | TDAbs: 0.1104 | ActorGrad: 0.0472 | CriticGrad: 0.3712 | Noise: 0.2475 | Replay: 36864 | FPS: 19.64 | ETA: 96.0 min
2026-09-19 01:18:47,728 | INFO | Steps: 37376/150000 | Episodes: 73 | LastEpReward: 18.206 | RecentReward: 13.820 | ActorLoss: -2.445742 | CriticLoss: 0.010330 | Q: 2.4178 | TargetQ: 2.4184 | TDAbs: 0.1102 | ActorGrad: 0.0625 | CriticGrad: 0.3621 | Noise: 0.2461 | Replay: 37376 | FPS: 19.69 | ETA: 95.3 min
2026-09-19 01:19:11,070 | INFO | Steps: 37888/150000 | Episodes: 74 | LastEpReward: 14.244 | RecentReward: 13.313 | ActorLoss: -2.503652 | CriticLoss: 0.010936 | Q: 2.4777 | TargetQ: 2.4775 | TDAbs: 0.1116 | ActorGrad: 0.0551 | CriticGrad: 0.3200 | Noise: 0.2446 | Replay: 37888 | FPS: 19.72 | ETA: 94.8 min
2026-09-19 01:19:33,896 | INFO | Steps: 38400/150000 | Episodes: 75 | LastEpReward: 15.039 | RecentReward: 13.396 | ActorLoss: -2.502143 | CriticLoss: 0.011511 | Q: 2.4791 | TargetQ: 2.4788 | TDAbs: 0.1145 | ActorGrad: 0.0548 | CriticGrad: 0.3568 | Noise: 0.2431 | Replay: 38400 | FPS: 19.75 | ETA: 94.2 min
2026-09-19 01:19:57,073 | INFO | Steps: 38912/150000 | Episodes: 76 | LastEpReward: 17.034 | RecentReward: 13.828 | ActorLoss: -2.499708 | CriticLoss: 0.011189 | Q: 2.4733 | TargetQ: 2.4737 | TDAbs: 0.1144 | ActorGrad: 0.0241 | CriticGrad: 0.3696 | Noise: 0.2417 | Replay: 38912 | FPS: 19.77 | ETA: 93.6 min
2026-09-19 01:20:20,354 | INFO | Steps: 39424/150000 | Episodes: 77 | LastEpReward: 22.564 | RecentReward: 14.868 | ActorLoss: -2.563029 | CriticLoss: 0.011485 | Q: 2.5372 | TargetQ: 2.5369 | TDAbs: 0.1145 | ActorGrad: 0.0357 | CriticGrad: 0.3945 | Noise: 0.2402 | Replay: 39424 | FPS: 19.80 | ETA: 93.1 min
2026-09-19 01:20:43,865 | INFO | Steps: 39936/150000 | Episodes: 78 | LastEpReward: 11.358 | RecentReward: 15.161 | ActorLoss: -2.536432 | CriticLoss: 0.012619 | Q: 2.5096 | TargetQ: 2.5098 | TDAbs: 0.1197 | ActorGrad: 0.0395 | CriticGrad: 0.4166 | Noise: 0.2388 | Replay: 39936 | FPS: 19.82 | ETA: 92.5 min
2026-09-19 01:21:06,647 | INFO | Steps: 40448/150000 | Episodes: 79 | LastEpReward: 13.316 | RecentReward: 13.819 | ActorLoss: -2.570107 | CriticLoss: 0.011769 | Q: 2.5452 | TargetQ: 2.5451 | TDAbs: 0.1163 | ActorGrad: 0.0339 | CriticGrad: 0.3536 | Noise: 0.2373 | Replay: 40448 | FPS: 19.85 | ETA: 92.0 min
2026-09-19 01:21:29,974 | INFO | 开始周期评估: Steps=40960 | Episodes=80 | EvalEpisodes=5
2026-09-19 01:22:24,995 | INFO | 周期评估完成: Steps=40960 | MeanReward=19.338 | StdReward=4.115
2026-09-19 01:22:25,275 | INFO | Steps: 40960/150000 | Episodes: 80 | LastEpReward: 9.621 | RecentReward: 13.600 | ActorLoss: -2.588899 | CriticLoss: 0.011916 | Q: 2.5627 | TargetQ: 2.5625 | TDAbs: 0.1165 | ActorGrad: 0.0343 | CriticGrad: 0.4032 | Noise: 0.2358 | Replay: 40960 | FPS: 19.36 | ETA: 93.9 min
2026-09-19 01:22:49,033 | INFO | Steps: 41472/150000 | Episodes: 81 | LastEpReward: 15.175 | RecentReward: 14.513 | ActorLoss: -2.629762 | CriticLoss: 0.011819 | Q: 2.6042 | TargetQ: 2.6043 | TDAbs: 0.1161 | ActorGrad: 0.0337 | CriticGrad: 0.3852 | Noise: 0.2344 | Replay: 41472 | FPS: 19.38 | ETA: 93.3 min
2026-09-19 01:23:11,489 | INFO | Steps: 41984/150000 | Episodes: 82 | LastEpReward: 16.547 | RecentReward: 15.311 | ActorLoss: -2.623025 | CriticLoss: 0.011668 | Q: 2.5984 | TargetQ: 2.5985 | TDAbs: 0.1167 | ActorGrad: 0.0387 | CriticGrad: 0.3875 | Noise: 0.2329 | Replay: 41984 | FPS: 19.42 | ETA: 92.7 min
2026-09-19 01:23:33,270 | INFO | Steps: 42496/150000 | Episodes: 83 | LastEpReward: 4.741 | RecentReward: 13.964 | ActorLoss: -2.618907 | CriticLoss: 0.011826 | Q: 2.5942 | TargetQ: 2.5956 | TDAbs: 0.1169 | ActorGrad: 0.0456 | CriticGrad: 0.3976 | Noise: 0.2314 | Replay: 42496 | FPS: 19.46 | ETA: 92.1 min
2026-09-19 01:23:55,470 | INFO | Steps: 43008/150000 | Episodes: 84 | LastEpReward: 17.402 | RecentReward: 14.280 | ActorLoss: -2.651570 | CriticLoss: 0.011727 | Q: 2.6279 | TargetQ: 2.6280 | TDAbs: 0.1162 | ActorGrad: 0.0408 | CriticGrad: 0.3643 | Noise: 0.2300 | Replay: 43008 | FPS: 19.49 | ETA: 91.5 min
2026-09-19 01:24:18,109 | INFO | Steps: 43520/150000 | Episodes: 85 | LastEpReward: 17.064 | RecentReward: 14.482 | ActorLoss: -2.680503 | CriticLoss: 0.012101 | Q: 2.6563 | TargetQ: 2.6573 | TDAbs: 0.1181 | ActorGrad: 0.0399 | CriticGrad: 0.4064 | Noise: 0.2285 | Replay: 43520 | FPS: 19.53 | ETA: 90.9 min
2026-09-19 01:24:40,221 | INFO | Steps: 44032/150000 | Episodes: 86 | LastEpReward: 11.809 | RecentReward: 13.960 | ActorLoss: -2.694541 | CriticLoss: 0.015758 | Q: 2.6641 | TargetQ: 2.6652 | TDAbs: 0.1347 | ActorGrad: 0.0636 | CriticGrad: 0.4541 | Noise: 0.2271 | Replay: 44032 | FPS: 19.56 | ETA: 90.3 min
2026-09-19 01:25:03,377 | INFO | Steps: 44544/150000 | Episodes: 87 | LastEpReward: 17.881 | RecentReward: 13.491 | ActorLoss: -2.753585 | CriticLoss: 0.013245 | Q: 2.7281 | TargetQ: 2.7282 | TDAbs: 0.1237 | ActorGrad: 0.0482 | CriticGrad: 0.3865 | Noise: 0.2256 | Replay: 44544 | FPS: 19.59 | ETA: 89.7 min
2026-09-19 01:25:25,101 | INFO | Steps: 45056/150000 | Episodes: 88 | LastEpReward: 20.004 | RecentReward: 14.356 | ActorLoss: -2.745759 | CriticLoss: 0.012147 | Q: 2.7219 | TargetQ: 2.7228 | TDAbs: 0.1183 | ActorGrad: 0.0329 | CriticGrad: 0.4137 | Noise: 0.2241 | Replay: 45056 | FPS: 19.63 | ETA: 89.1 min
2026-09-19 01:25:47,633 | INFO | Steps: 45568/150000 | Episodes: 89 | LastEpReward: 10.991 | RecentReward: 14.123 | ActorLoss: -2.711954 | CriticLoss: 0.011644 | Q: 2.6885 | TargetQ: 2.6891 | TDAbs: 0.1155 | ActorGrad: 0.0295 | CriticGrad: 0.3856 | Noise: 0.2227 | Replay: 45568 | FPS: 19.66 | ETA: 88.6 min
2026-09-19 01:26:10,201 | INFO | 开始周期评估: Steps=46080 | Episodes=90 | EvalEpisodes=5
2026-09-19 01:26:48,110 | INFO | 周期评估完成: Steps=46080 | MeanReward=19.415 | StdReward=5.106
2026-09-19 01:26:48,252 | INFO | Steps: 46080/150000 | Episodes: 90 | LastEpReward: 21.583 | RecentReward: 15.320 | ActorLoss: -2.770639 | CriticLoss: 0.010992 | Q: 2.7457 | TargetQ: 2.7460 | TDAbs: 0.1141 | ActorGrad: 0.0301 | CriticGrad: 0.3413 | Noise: 0.2212 | Replay: 46080 | FPS: 19.37 | ETA: 89.4 min
2026-09-19 01:27:10,177 | INFO | Steps: 46592/150000 | Episodes: 91 | LastEpReward: 21.890 | RecentReward: 15.991 | ActorLoss: -2.767276 | CriticLoss: 0.011220 | Q: 2.7433 | TargetQ: 2.7436 | TDAbs: 0.1154 | ActorGrad: 0.0258 | CriticGrad: 0.3694 | Noise: 0.2197 | Replay: 46592 | FPS: 19.41 | ETA: 88.8 min
2026-09-19 01:27:32,425 | INFO | Steps: 47104/150000 | Episodes: 92 | LastEpReward: 23.094 | RecentReward: 16.646 | ActorLoss: -2.794215 | CriticLoss: 0.012619 | Q: 2.7704 | TargetQ: 2.7707 | TDAbs: 0.1206 | ActorGrad: 0.0270 | CriticGrad: 0.4611 | Noise: 0.2183 | Replay: 47104 | FPS: 19.44 | ETA: 88.2 min
2026-09-19 01:27:54,060 | INFO | Steps: 47616/150000 | Episodes: 93 | LastEpReward: 12.614 | RecentReward: 17.433 | ActorLoss: -2.797244 | CriticLoss: 0.012628 | Q: 2.7713 | TargetQ: 2.7720 | TDAbs: 0.1208 | ActorGrad: 0.0228 | CriticGrad: 0.4041 | Noise: 0.2168 | Replay: 47616 | FPS: 19.48 | ETA: 87.6 min
2026-09-19 01:28:16,655 | INFO | Steps: 48128/150000 | Episodes: 94 | LastEpReward: 18.331 | RecentReward: 17.526 | ActorLoss: -2.824739 | CriticLoss: 0.012746 | Q: 2.8003 | TargetQ: 2.8011 | TDAbs: 0.1202 | ActorGrad: 0.0385 | CriticGrad: 0.4248 | Noise: 0.2153 | Replay: 48128 | FPS: 19.51 | ETA: 87.0 min
2026-09-19 01:28:39,587 | INFO | Steps: 48640/150000 | Episodes: 95 | LastEpReward: 17.649 | RecentReward: 17.585 | ActorLoss: -2.830547 | CriticLoss: 0.012853 | Q: 2.8047 | TargetQ: 2.8055 | TDAbs: 0.1225 | ActorGrad: 0.0279 | CriticGrad: 0.3935 | Noise: 0.2139 | Replay: 48640 | FPS: 19.53 | ETA: 86.5 min
2026-09-19 01:29:01,806 | INFO | Steps: 49152/150000 | Episodes: 96 | LastEpReward: 15.494 | RecentReward: 17.953 | ActorLoss: -2.834490 | CriticLoss: 0.012659 | Q: 2.8110 | TargetQ: 2.8112 | TDAbs: 0.1213 | ActorGrad: 0.0307 | CriticGrad: 0.3786 | Noise: 0.2124 | Replay: 49152 | FPS: 19.56 | ETA: 85.9 min
2026-09-19 01:29:23,919 | INFO | Steps: 49664/150000 | Episodes: 97 | LastEpReward: 5.183 | RecentReward: 16.683 | ActorLoss: -2.860892 | CriticLoss: 0.012708 | Q: 2.8353 | TargetQ: 2.8351 | TDAbs: 0.1215 | ActorGrad: 0.0476 | CriticGrad: 0.4306 | Noise: 0.2110 | Replay: 49664 | FPS: 19.59 | ETA: 85.3 min
2026-09-19 01:29:46,889 | INFO | Steps: 50176/150000 | Episodes: 98 | LastEpReward: 20.973 | RecentReward: 16.780 | ActorLoss: -2.868562 | CriticLoss: 0.013113 | Q: 2.8447 | TargetQ: 2.8454 | TDAbs: 0.1228 | ActorGrad: 0.0325 | CriticGrad: 0.4141 | Noise: 0.2095 | Replay: 50000 | FPS: 19.62 | ETA: 84.8 min
2026-09-19 01:30:09,234 | INFO | Steps: 50688/150000 | Episodes: 99 | LastEpReward: 19.079 | RecentReward: 17.589 | ActorLoss: -2.898405 | CriticLoss: 0.013402 | Q: 2.8739 | TargetQ: 2.8744 | TDAbs: 0.1237 | ActorGrad: 0.0352 | CriticGrad: 0.4082 | Noise: 0.2080 | Replay: 50000 | FPS: 19.65 | ETA: 84.2 min
2026-09-19 01:30:31,251 | INFO | 开始周期评估: Steps=51200 | Episodes=100 | EvalEpisodes=5
2026-09-19 01:31:09,400 | INFO | 周期评估完成: Steps=51200 | MeanReward=19.663 | StdReward=3.647
2026-09-19 01:31:09,512 | INFO | Steps: 51200/150000 | Episodes: 100 | LastEpReward: 16.315 | RecentReward: 17.062 | ActorLoss: -2.875913 | CriticLoss: 0.013095 | Q: 2.8519 | TargetQ: 2.8516 | TDAbs: 0.1225 | ActorGrad: 0.0357 | CriticGrad: 0.4469 | Noise: 0.2066 | Replay: 50000 | FPS: 19.39 | ETA: 84.9 min
2026-09-19 01:31:32,464 | INFO | Steps: 51712/150000 | Episodes: 101 | LastEpReward: 22.006 | RecentReward: 17.074 | ActorLoss: -2.912533 | CriticLoss: 0.013486 | Q: 2.8916 | TargetQ: 2.8913 | TDAbs: 0.1251 | ActorGrad: 0.0298 | CriticGrad: 0.4586 | Noise: 0.2051 | Replay: 50000 | FPS: 19.42 | ETA: 84.4 min
2026-09-19 01:31:54,180 | INFO | Steps: 52224/150000 | Episodes: 102 | LastEpReward: 13.555 | RecentReward: 16.120 | ActorLoss: -3.000474 | CriticLoss: 0.013535 | Q: 2.9819 | TargetQ: 2.9822 | TDAbs: 0.1255 | ActorGrad: 0.0399 | CriticGrad: 0.4181 | Noise: 0.2036 | Replay: 50000 | FPS: 19.45 | ETA: 83.8 min
2026-09-19 01:32:17,008 | INFO | Steps: 52736/150000 | Episodes: 103 | LastEpReward: 17.452 | RecentReward: 16.604 | ActorLoss: -2.974319 | CriticLoss: 0.012855 | Q: 2.9590 | TargetQ: 2.9595 | TDAbs: 0.1226 | ActorGrad: 0.0403 | CriticGrad: 0.4445 | Noise: 0.2022 | Replay: 50000 | FPS: 19.48 | ETA: 83.2 min
2026-09-19 01:32:39,455 | INFO | Steps: 53248/150000 | Episodes: 104 | LastEpReward: 10.263 | RecentReward: 15.797 | ActorLoss: -3.004029 | CriticLoss: 0.013326 | Q: 2.9878 | TargetQ: 2.9882 | TDAbs: 0.1241 | ActorGrad: 0.0512 | CriticGrad: 0.4097 | Noise: 0.2007 | Replay: 50000 | FPS: 19.50 | ETA: 82.7 min
2026-09-19 01:33:01,837 | INFO | Steps: 53760/150000 | Episodes: 105 | LastEpReward: 21.336 | RecentReward: 16.166 | ActorLoss: -3.080350 | CriticLoss: 0.013924 | Q: 3.0639 | TargetQ: 3.0636 | TDAbs: 0.1250 | ActorGrad: 0.0489 | CriticGrad: 0.4474 | Noise: 0.1993 | Replay: 50000 | FPS: 19.53 | ETA: 82.1 min
2026-09-19 01:33:24,560 | INFO | Steps: 54272/150000 | Episodes: 106 | LastEpReward: 18.532 | RecentReward: 16.469 | ActorLoss: -3.041828 | CriticLoss: 0.014237 | Q: 3.0284 | TargetQ: 3.0280 | TDAbs: 0.1253 | ActorGrad: 0.0501 | CriticGrad: 0.4501 | Noise: 0.1978 | Replay: 50000 | FPS: 19.56 | ETA: 81.6 min
2026-09-19 01:33:47,337 | INFO | Steps: 54784/150000 | Episodes: 107 | LastEpReward: 18.947 | RecentReward: 17.846 | ActorLoss: -3.075053 | CriticLoss: 0.014207 | Q: 3.0608 | TargetQ: 3.0602 | TDAbs: 0.1259 | ActorGrad: 0.0470 | CriticGrad: 0.4369 | Noise: 0.1963 | Replay: 50000 | FPS: 19.58 | ETA: 81.1 min
2026-09-19 01:34:10,391 | INFO | Steps: 55296/150000 | Episodes: 108 | LastEpReward: 17.876 | RecentReward: 17.536 | ActorLoss: -3.095750 | CriticLoss: 0.013304 | Q: 3.0817 | TargetQ: 3.0820 | TDAbs: 0.1226 | ActorGrad: 0.0549 | CriticGrad: 0.4284 | Noise: 0.1949 | Replay: 50000 | FPS: 19.60 | ETA: 80.5 min
2026-09-19 01:34:32,427 | INFO | Steps: 55808/150000 | Episodes: 109 | LastEpReward: 12.485 | RecentReward: 16.877 | ActorLoss: -3.126992 | CriticLoss: 0.013411 | Q: 3.1128 | TargetQ: 3.1133 | TDAbs: 0.1236 | ActorGrad: 0.0566 | CriticGrad: 0.4194 | Noise: 0.1934 | Replay: 50000 | FPS: 19.63 | ETA: 80.0 min
2026-09-19 01:34:54,306 | INFO | 开始周期评估: Steps=56320 | Episodes=110 | EvalEpisodes=5
2026-09-19 01:35:33,417 | INFO | 周期评估完成: Steps=56320 | MeanReward=19.717 | StdReward=3.730
2026-09-19 01:35:33,566 | INFO | Steps: 56320/150000 | Episodes: 110 | LastEpReward: 12.809 | RecentReward: 16.526 | ActorLoss: -3.156614 | CriticLoss: 0.014902 | Q: 3.1436 | TargetQ: 3.1433 | TDAbs: 0.1262 | ActorGrad: 0.0440 | CriticGrad: 0.4117 | Noise: 0.1919 | Replay: 50000 | FPS: 19.39 | ETA: 80.5 min
2026-09-19 01:35:56,315 | INFO | Steps: 56832/150000 | Episodes: 111 | LastEpReward: 15.625 | RecentReward: 15.888 | ActorLoss: -3.153223 | CriticLoss: 0.012590 | Q: 3.1400 | TargetQ: 3.1406 | TDAbs: 0.1216 | ActorGrad: 0.0380 | CriticGrad: 0.4098 | Noise: 0.1905 | Replay: 50000 | FPS: 19.42 | ETA: 80.0 min
2026-09-19 01:36:18,104 | INFO | Steps: 57344/150000 | Episodes: 112 | LastEpReward: 18.225 | RecentReward: 16.355 | ActorLoss: -3.110592 | CriticLoss: 0.013240 | Q: 3.0996 | TargetQ: 3.0986 | TDAbs: 0.1214 | ActorGrad: 0.0483 | CriticGrad: 0.4235 | Noise: 0.1890 | Replay: 50000 | FPS: 19.45 | ETA: 79.4 min
2026-09-19 01:36:41,093 | INFO | Steps: 57856/150000 | Episodes: 113 | LastEpReward: 11.760 | RecentReward: 15.786 | ActorLoss: -3.178818 | CriticLoss: 0.012518 | Q: 3.1659 | TargetQ: 3.1671 | TDAbs: 0.1216 | ActorGrad: 0.0460 | CriticGrad: 0.3938 | Noise: 0.1876 | Replay: 50000 | FPS: 19.47 | ETA: 78.9 min
2026-09-19 01:37:03,458 | INFO | Steps: 58368/150000 | Episodes: 114 | LastEpReward: 15.081 | RecentReward: 16.268 | ActorLoss: -3.153909 | CriticLoss: 0.013251 | Q: 3.1433 | TargetQ: 3.1430 | TDAbs: 0.1240 | ActorGrad: 0.0478 | CriticGrad: 0.4734 | Noise: 0.1861 | Replay: 50000 | FPS: 19.49 | ETA: 78.3 min
2026-09-19 01:37:25,419 | INFO | Steps: 58880/150000 | Episodes: 115 | LastEpReward: 10.609 | RecentReward: 15.195 | ActorLoss: -3.123393 | CriticLoss: 0.014347 | Q: 3.1125 | TargetQ: 3.1126 | TDAbs: 0.1251 | ActorGrad: 0.0460 | CriticGrad: 0.4235 | Noise: 0.1846 | Replay: 50000 | FPS: 19.52 | ETA: 77.8 min
2026-09-19 01:37:45,408 | INFO | Steps: 59392/150000 | Episodes: 116 | LastEpReward: 11.601 | RecentReward: 14.502 | ActorLoss: -3.125208 | CriticLoss: 0.012621 | Q: 3.1147 | TargetQ: 3.1146 | TDAbs: 0.1216 | ActorGrad: 0.0414 | CriticGrad: 0.3983 | Noise: 0.1832 | Replay: 50000 | FPS: 19.56 | ETA: 77.2 min
2026-09-19 01:38:05,650 | INFO | Steps: 59904/150000 | Episodes: 117 | LastEpReward: 6.892 | RecentReward: 13.296 | ActorLoss: -3.121942 | CriticLoss: 0.012917 | Q: 3.1118 | TargetQ: 3.1116 | TDAbs: 0.1210 | ActorGrad: 0.0410 | CriticGrad: 0.3867 | Noise: 0.1817 | Replay: 50000 | FPS: 19.60 | ETA: 76.6 min
2026-09-19 01:38:28,534 | INFO | Steps: 60416/150000 | Episodes: 118 | LastEpReward: 20.272 | RecentReward: 13.536 | ActorLoss: -3.167087 | CriticLoss: 0.012618 | Q: 3.1567 | TargetQ: 3.1574 | TDAbs: 0.1211 | ActorGrad: 0.0394 | CriticGrad: 0.3980 | Noise: 0.1802 | Replay: 50000 | FPS: 19.62 | ETA: 76.1 min
2026-09-19 01:38:51,075 | INFO | Steps: 60928/150000 | Episodes: 119 | LastEpReward: 10.989 | RecentReward: 13.386 | ActorLoss: -3.122134 | CriticLoss: 0.014090 | Q: 3.1129 | TargetQ: 3.1125 | TDAbs: 0.1271 | ActorGrad: 0.0388 | CriticGrad: 0.4994 | Noise: 0.1788 | Replay: 50000 | FPS: 19.64 | ETA: 75.6 min
2026-09-19 01:39:13,345 | INFO | 开始周期评估: Steps=61440 | Episodes=120 | EvalEpisodes=5
2026-09-19 01:39:51,845 | INFO | 周期评估完成: Steps=61440 | MeanReward=19.623 | StdReward=3.825
2026-09-19 01:39:51,854 | INFO | Steps: 61440/150000 | Episodes: 120 | LastEpReward: 16.438 | RecentReward: 13.749 | ActorLoss: -3.139731 | CriticLoss: 0.012827 | Q: 3.1308 | TargetQ: 3.1306 | TDAbs: 0.1218 | ActorGrad: 0.0421 | CriticGrad: 0.4124 | Noise: 0.1773 | Replay: 50000 | FPS: 19.43 | ETA: 76.0 min
2026-09-19 01:40:16,674 | INFO | Steps: 61952/150000 | Episodes: 121 | LastEpReward: 15.511 | RecentReward: 13.738 | ActorLoss: -3.153998 | CriticLoss: 0.012315 | Q: 3.1449 | TargetQ: 3.1444 | TDAbs: 0.1193 | ActorGrad: 0.0396 | CriticGrad: 0.3929 | Noise: 0.1759 | Replay: 50000 | FPS: 19.44 | ETA: 75.5 min
2026-09-19 01:40:40,981 | INFO | Steps: 62464/150000 | Episodes: 122 | LastEpReward: 10.422 | RecentReward: 12.957 | ActorLoss: -3.116670 | CriticLoss: 0.011995 | Q: 3.1080 | TargetQ: 3.1086 | TDAbs: 0.1180 | ActorGrad: 0.0465 | CriticGrad: 0.3786 | Noise: 0.1744 | Replay: 50000 | FPS: 19.45 | ETA: 75.0 min
2026-09-19 01:41:04,643 | INFO | Steps: 62976/150000 | Episodes: 123 | LastEpReward: 19.812 | RecentReward: 13.763 | ActorLoss: -3.117026 | CriticLoss: 0.013008 | Q: 3.1084 | TargetQ: 3.1071 | TDAbs: 0.1210 | ActorGrad: 0.0418 | CriticGrad: 0.4086 | Noise: 0.1729 | Replay: 50000 | FPS: 19.46 | ETA: 74.5 min
2026-09-19 01:41:28,273 | INFO | Steps: 63488/150000 | Episodes: 124 | LastEpReward: 4.627 | RecentReward: 12.717 | ActorLoss: -3.111138 | CriticLoss: 0.012087 | Q: 3.1026 | TargetQ: 3.1035 | TDAbs: 0.1171 | ActorGrad: 0.0391 | CriticGrad: 0.3830 | Noise: 0.1715 | Replay: 50000 | FPS: 19.48 | ETA: 74.0 min
2026-09-19 01:41:53,405 | INFO | Steps: 64000/150000 | Episodes: 125 | LastEpReward: 18.940 | RecentReward: 13.550 | ActorLoss: -3.112506 | CriticLoss: 0.013092 | Q: 3.1041 | TargetQ: 3.1041 | TDAbs: 0.1203 | ActorGrad: 0.0335 | CriticGrad: 0.3671 | Noise: 0.1700 | Replay: 50000 | FPS: 19.49 | ETA: 73.6 min
2026-09-19 01:42:17,744 | INFO | Steps: 64512/150000 | Episodes: 126 | LastEpReward: 15.250 | RecentReward: 13.915 | ActorLoss: -3.113377 | CriticLoss: 0.013504 | Q: 3.1059 | TargetQ: 3.1058 | TDAbs: 0.1231 | ActorGrad: 0.0138 | CriticGrad: 0.4376 | Noise: 0.1685 | Replay: 50000 | FPS: 19.50 | ETA: 73.1 min
2026-09-19 01:42:41,939 | INFO | Steps: 65024/150000 | Episodes: 127 | LastEpReward: 15.713 | RecentReward: 14.797 | ActorLoss: -3.124031 | CriticLoss: 0.012389 | Q: 3.1169 | TargetQ: 3.1172 | TDAbs: 0.1180 | ActorGrad: 0.0115 | CriticGrad: 0.3619 | Noise: 0.1671 | Replay: 50000 | FPS: 19.51 | ETA: 72.6 min
2026-09-19 01:43:06,401 | INFO | Steps: 65536/150000 | Episodes: 128 | LastEpReward: 6.361 | RecentReward: 13.406 | ActorLoss: -3.089985 | CriticLoss: 0.012456 | Q: 3.0819 | TargetQ: 3.0816 | TDAbs: 0.1192 | ActorGrad: 0.0172 | CriticGrad: 0.3853 | Noise: 0.1656 | Replay: 50000 | FPS: 19.52 | ETA: 72.1 min
2026-09-19 01:43:31,586 | INFO | Steps: 66048/150000 | Episodes: 129 | LastEpReward: 10.969 | RecentReward: 13.404 | ActorLoss: -3.149601 | CriticLoss: 0.012365 | Q: 3.1421 | TargetQ: 3.1426 | TDAbs: 0.1187 | ActorGrad: 0.0110 | CriticGrad: 0.4064 | Noise: 0.1641 | Replay: 50000 | FPS: 19.53 | ETA: 71.7 min
2026-09-19 01:43:56,887 | INFO | 开始周期评估: Steps=66560 | Episodes=130 | EvalEpisodes=5
2026-09-19 01:45:02,183 | INFO | 周期评估完成: Steps=66560 | MeanReward=14.273 | StdReward=3.467
2026-09-19 01:45:02,207 | INFO | Steps: 66560/150000 | Episodes: 130 | LastEpReward: 9.198 | RecentReward: 12.680 | ActorLoss: -3.118755 | CriticLoss: 0.012781 | Q: 3.1121 | TargetQ: 3.1120 | TDAbs: 0.1177 | ActorGrad: 0.0124 | CriticGrad: 0.3829 | Noise: 0.1627 | Replay: 50000 | FPS: 19.17 | ETA: 72.6 min
2026-09-19 01:45:26,212 | INFO | Steps: 67072/150000 | Episodes: 131 | LastEpReward: 8.260 | RecentReward: 11.955 | ActorLoss: -3.133500 | CriticLoss: 0.012384 | Q: 3.1255 | TargetQ: 3.1253 | TDAbs: 0.1164 | ActorGrad: 0.0431 | CriticGrad: 0.3793 | Noise: 0.1612 | Replay: 50000 | FPS: 19.18 | ETA: 72.1 min
2026-09-19 01:45:49,097 | INFO | Steps: 67584/150000 | Episodes: 132 | LastEpReward: 15.239 | RecentReward: 12.437 | ActorLoss: -3.094335 | CriticLoss: 0.012160 | Q: 3.0875 | TargetQ: 3.0878 | TDAbs: 0.1175 | ActorGrad: 0.0263 | CriticGrad: 0.3931 | Noise: 0.1598 | Replay: 50000 | FPS: 19.20 | ETA: 71.5 min
2026-09-19 01:46:11,793 | INFO | Steps: 68096/150000 | Episodes: 133 | LastEpReward: 8.652 | RecentReward: 11.321 | ActorLoss: -3.090045 | CriticLoss: 0.011788 | Q: 3.0839 | TargetQ: 3.0843 | TDAbs: 0.1165 | ActorGrad: 0.0182 | CriticGrad: 0.3877 | Noise: 0.1583 | Replay: 50000 | FPS: 19.22 | ETA: 71.0 min
2026-09-19 01:46:33,961 | INFO | Steps: 68608/150000 | Episodes: 134 | LastEpReward: 17.949 | RecentReward: 12.653 | ActorLoss: -3.057406 | CriticLoss: 0.011564 | Q: 3.0499 | TargetQ: 3.0507 | TDAbs: 0.1151 | ActorGrad: 0.0263 | CriticGrad: 0.4017 | Noise: 0.1568 | Replay: 50000 | FPS: 19.25 | ETA: 70.5 min
2026-09-19 01:46:55,994 | INFO | Steps: 69120/150000 | Episodes: 135 | LastEpReward: 14.969 | RecentReward: 12.256 | ActorLoss: -3.083884 | CriticLoss: 0.011809 | Q: 3.0778 | TargetQ: 3.0775 | TDAbs: 0.1161 | ActorGrad: 0.0226 | CriticGrad: 0.3705 | Noise: 0.1554 | Replay: 50000 | FPS: 19.27 | ETA: 69.9 min
2026-09-19 01:47:18,266 | INFO | Steps: 69632/150000 | Episodes: 136 | LastEpReward: 21.126 | RecentReward: 12.844 | ActorLoss: -3.093421 | CriticLoss: 0.011561 | Q: 3.0872 | TargetQ: 3.0866 | TDAbs: 0.1160 | ActorGrad: 0.0191 | CriticGrad: 0.3762 | Noise: 0.1539 | Replay: 50000 | FPS: 19.29 | ETA: 69.4 min
2026-09-19 01:47:40,650 | INFO | Steps: 70144/150000 | Episodes: 137 | LastEpReward: 15.904 | RecentReward: 12.863 | ActorLoss: -3.052294 | CriticLoss: 0.011097 | Q: 3.0465 | TargetQ: 3.0465 | TDAbs: 0.1125 | ActorGrad: 0.0244 | CriticGrad: 0.3558 | Noise: 0.1524 | Replay: 50000 | FPS: 19.32 | ETA: 68.9 min
2026-09-19 01:48:02,405 | INFO | Steps: 70656/150000 | Episodes: 138 | LastEpReward: 20.671 | RecentReward: 14.294 | ActorLoss: -3.075268 | CriticLoss: 0.011109 | Q: 3.0700 | TargetQ: 3.0691 | TDAbs: 0.1128 | ActorGrad: 0.0136 | CriticGrad: 0.3292 | Noise: 0.1510 | Replay: 50000 | FPS: 19.34 | ETA: 68.4 min
2026-09-19 01:48:24,014 | INFO | Steps: 71168/150000 | Episodes: 139 | LastEpReward: 10.193 | RecentReward: 14.216 | ActorLoss: -3.031220 | CriticLoss: 0.010937 | Q: 3.0249 | TargetQ: 3.0264 | TDAbs: 0.1114 | ActorGrad: 0.0249 | CriticGrad: 0.3368 | Noise: 0.1495 | Replay: 50000 | FPS: 19.37 | ETA: 67.8 min
2026-09-19 01:48:46,369 | INFO | 开始周期评估: Steps=71680 | Episodes=140 | EvalEpisodes=5
2026-09-19 01:49:25,665 | INFO | 周期评估完成: Steps=71680 | MeanReward=19.428 | StdReward=3.562
2026-09-19 01:49:25,675 | INFO | Steps: 71680/150000 | Episodes: 140 | LastEpReward: 15.631 | RecentReward: 14.859 | ActorLoss: -3.022136 | CriticLoss: 0.010855 | Q: 3.0178 | TargetQ: 3.0177 | TDAbs: 0.1118 | ActorGrad: 0.0250 | CriticGrad: 0.3539 | Noise: 0.1481 | Replay: 50000 | FPS: 19.18 | ETA: 68.0 min
2026-09-19 01:49:48,558 | INFO | Steps: 72192/150000 | Episodes: 141 | LastEpReward: 13.774 | RecentReward: 15.411 | ActorLoss: -3.017972 | CriticLoss: 0.011359 | Q: 3.0126 | TargetQ: 3.0120 | TDAbs: 0.1128 | ActorGrad: 0.0200 | CriticGrad: 0.3534 | Noise: 0.1466 | Replay: 50000 | FPS: 19.20 | ETA: 67.5 min
2026-09-19 01:50:10,560 | INFO | Steps: 72704/150000 | Episodes: 142 | LastEpReward: 12.342 | RecentReward: 15.121 | ActorLoss: -2.980069 | CriticLoss: 0.012466 | Q: 2.9741 | TargetQ: 2.9749 | TDAbs: 0.1164 | ActorGrad: 0.0252 | CriticGrad: 0.4037 | Noise: 0.1451 | Replay: 50000 | FPS: 19.23 | ETA: 67.0 min
2026-09-19 01:50:32,699 | INFO | Steps: 73216/150000 | Episodes: 143 | LastEpReward: 12.772 | RecentReward: 15.533 | ActorLoss: -2.958340 | CriticLoss: 0.011285 | Q: 2.9530 | TargetQ: 2.9529 | TDAbs: 0.1130 | ActorGrad: 0.0128 | CriticGrad: 0.3665 | Noise: 0.1437 | Replay: 50000 | FPS: 19.25 | ETA: 66.5 min
2026-09-19 01:50:55,033 | INFO | Steps: 73728/150000 | Episodes: 144 | LastEpReward: 16.371 | RecentReward: 15.375 | ActorLoss: -2.937257 | CriticLoss: 0.011513 | Q: 2.9327 | TargetQ: 2.9325 | TDAbs: 0.1141 | ActorGrad: 0.0128 | CriticGrad: 0.3574 | Noise: 0.1422 | Replay: 50000 | FPS: 19.27 | ETA: 66.0 min
2026-09-19 01:51:16,942 | INFO | Steps: 74240/150000 | Episodes: 145 | LastEpReward: 21.801 | RecentReward: 16.058 | ActorLoss: -2.914506 | CriticLoss: 0.011251 | Q: 2.9099 | TargetQ: 2.9094 | TDAbs: 0.1127 | ActorGrad: 0.0078 | CriticGrad: 0.3566 | Noise: 0.1407 | Replay: 50000 | FPS: 19.29 | ETA: 65.4 min
2026-09-19 01:51:39,120 | INFO | Steps: 74752/150000 | Episodes: 146 | LastEpReward: 17.540 | RecentReward: 15.700 | ActorLoss: -2.894353 | CriticLoss: 0.010881 | Q: 2.8912 | TargetQ: 2.8914 | TDAbs: 0.1110 | ActorGrad: 0.0110 | CriticGrad: 0.3358 | Noise: 0.1393 | Replay: 50000 | FPS: 19.32 | ETA: 64.9 min
2026-09-19 01:52:01,577 | INFO | Steps: 75264/150000 | Episodes: 147 | LastEpReward: 17.213 | RecentReward: 15.831 | ActorLoss: -2.884122 | CriticLoss: 0.010770 | Q: 2.8799 | TargetQ: 2.8803 | TDAbs: 0.1114 | ActorGrad: 0.0090 | CriticGrad: 0.3539 | Noise: 0.1378 | Replay: 50000 | FPS: 19.34 | ETA: 64.4 min
2026-09-19 01:52:24,247 | INFO | Steps: 75776/150000 | Episodes: 148 | LastEpReward: 4.467 | RecentReward: 14.210 | ActorLoss: -2.911968 | CriticLoss: 0.011016 | Q: 2.9082 | TargetQ: 2.9088 | TDAbs: 0.1109 | ActorGrad: 0.0080 | CriticGrad: 0.3450 | Noise: 0.1364 | Replay: 50000 | FPS: 19.36 | ETA: 63.9 min
2026-09-19 01:52:46,874 | INFO | Steps: 76288/150000 | Episodes: 149 | LastEpReward: -1.186 | RecentReward: 13.072 | ActorLoss: -2.892099 | CriticLoss: 0.010924 | Q: 2.8880 | TargetQ: 2.8879 | TDAbs: 0.1113 | ActorGrad: 0.0051 | CriticGrad: 0.3608 | Noise: 0.1349 | Replay: 50000 | FPS: 19.37 | ETA: 63.4 min
2026-09-19 01:53:09,747 | INFO | 开始周期评估: Steps=76800 | Episodes=150 | EvalEpisodes=5
2026-09-19 01:53:48,021 | INFO | 周期评估完成: Steps=76800 | MeanReward=15.829 | StdReward=4.242
2026-09-19 01:53:48,031 | INFO | Steps: 76800/150000 | Episodes: 150 | LastEpReward: 13.093 | RecentReward: 12.819 | ActorLoss: -2.893714 | CriticLoss: 0.011206 | Q: 2.8901 | TargetQ: 2.8900 | TDAbs: 0.1111 | ActorGrad: 0.0157 | CriticGrad: 0.3319 | Noise: 0.1334 | Replay: 50000 | FPS: 19.21 | ETA: 63.5 min
2026-09-19 01:54:10,000 | INFO | Steps: 77312/150000 | Episodes: 151 | LastEpReward: 4.285 | RecentReward: 11.870 | ActorLoss: -2.901055 | CriticLoss: 0.011006 | Q: 2.8971 | TargetQ: 2.8975 | TDAbs: 0.1111 | ActorGrad: 0.0316 | CriticGrad: 0.3634 | Noise: 0.1320 | Replay: 50000 | FPS: 19.23 | ETA: 63.0 min
2026-09-19 01:54:32,143 | INFO | Steps: 77824/150000 | Episodes: 152 | LastEpReward: 14.951 | RecentReward: 12.131 | ActorLoss: -2.877077 | CriticLoss: 0.010815 | Q: 2.8716 | TargetQ: 2.8718 | TDAbs: 0.1115 | ActorGrad: 0.0226 | CriticGrad: 0.3314 | Noise: 0.1305 | Replay: 50000 | FPS: 19.25 | ETA: 62.5 min
2026-09-19 01:54:54,798 | INFO | Steps: 78336/150000 | Episodes: 153 | LastEpReward: 19.631 | RecentReward: 12.817 | ActorLoss: -2.859601 | CriticLoss: 0.010379 | Q: 2.8552 | TargetQ: 2.8547 | TDAbs: 0.1085 | ActorGrad: 0.0126 | CriticGrad: 0.3298 | Noise: 0.1290 | Replay: 50000 | FPS: 19.27 | ETA: 62.0 min
2026-09-19 01:55:17,845 | INFO | Steps: 78848/150000 | Episodes: 154 | LastEpReward: 13.985 | RecentReward: 12.578 | ActorLoss: -2.852581 | CriticLoss: 0.010898 | Q: 2.8475 | TargetQ: 2.8474 | TDAbs: 0.1100 | ActorGrad: 0.0119 | CriticGrad: 0.3525 | Noise: 0.1276 | Replay: 50000 | FPS: 19.29 | ETA: 61.5 min
2026-09-19 01:55:40,614 | INFO | Steps: 79360/150000 | Episodes: 155 | LastEpReward: 21.200 | RecentReward: 12.518 | ActorLoss: -2.866103 | CriticLoss: 0.010717 | Q: 2.8617 | TargetQ: 2.8617 | TDAbs: 0.1095 | ActorGrad: 0.0131 | CriticGrad: 0.3175 | Noise: 0.1261 | Replay: 50000 | FPS: 19.30 | ETA: 61.0 min
2026-09-19 01:56:03,849 | INFO | Steps: 79872/150000 | Episodes: 156 | LastEpReward: 12.250 | RecentReward: 11.989 | ActorLoss: -2.844025 | CriticLoss: 0.011178 | Q: 2.8401 | TargetQ: 2.8404 | TDAbs: 0.1106 | ActorGrad: 0.0150 | CriticGrad: 0.3454 | Noise: 0.1247 | Replay: 50000 | FPS: 19.32 | ETA: 60.5 min
2026-09-19 01:56:25,948 | INFO | Steps: 80384/150000 | Episodes: 157 | LastEpReward: 20.713 | RecentReward: 12.339 | ActorLoss: -2.866252 | CriticLoss: 0.010740 | Q: 2.8621 | TargetQ: 2.8626 | TDAbs: 0.1100 | ActorGrad: 0.0144 | CriticGrad: 0.3319 | Noise: 0.1232 | Replay: 50000 | FPS: 19.34 | ETA: 60.0 min
2026-09-19 01:56:48,082 | INFO | Steps: 80896/150000 | Episodes: 158 | LastEpReward: 19.474 | RecentReward: 13.840 | ActorLoss: -2.842748 | CriticLoss: 0.010407 | Q: 2.8400 | TargetQ: 2.8398 | TDAbs: 0.1084 | ActorGrad: 0.0129 | CriticGrad: 0.3383 | Noise: 0.1217 | Replay: 50000 | FPS: 19.36 | ETA: 59.5 min
2026-09-19 01:57:10,314 | INFO | Steps: 81408/150000 | Episodes: 159 | LastEpReward: 9.565 | RecentReward: 14.915 | ActorLoss: -2.807110 | CriticLoss: 0.010547 | Q: 2.8044 | TargetQ: 2.8031 | TDAbs: 0.1089 | ActorGrad: 0.0112 | CriticGrad: 0.3089 | Noise: 0.1203 | Replay: 50000 | FPS: 19.38 | ETA: 59.0 min
2026-09-19 01:57:32,719 | INFO | 开始周期评估: Steps=81920 | Episodes=160 | EvalEpisodes=5
2026-09-19 01:58:09,831 | INFO | 周期评估完成: Steps=81920 | MeanReward=19.941 | StdReward=3.856
2026-09-19 01:58:09,970 | INFO | Steps: 81920/150000 | Episodes: 160 | LastEpReward: 18.240 | RecentReward: 15.430 | ActorLoss: -2.811229 | CriticLoss: 0.010678 | Q: 2.8071 | TargetQ: 2.8066 | TDAbs: 0.1087 | ActorGrad: 0.0148 | CriticGrad: 0.3149 | Noise: 0.1188 | Replay: 50000 | FPS: 19.23 | ETA: 59.0 min
2026-09-19 01:58:32,201 | INFO | Steps: 82432/150000 | Episodes: 161 | LastEpReward: 17.198 | RecentReward: 16.721 | ActorLoss: -2.801398 | CriticLoss: 0.011129 | Q: 2.7975 | TargetQ: 2.7980 | TDAbs: 0.1102 | ActorGrad: 0.0112 | CriticGrad: 0.3267 | Noise: 0.1173 | Replay: 50000 | FPS: 19.25 | ETA: 58.5 min
2026-09-19 01:58:55,162 | INFO | Steps: 82944/150000 | Episodes: 162 | LastEpReward: 16.667 | RecentReward: 16.893 | ActorLoss: -2.800708 | CriticLoss: 0.009714 | Q: 2.7964 | TargetQ: 2.7967 | TDAbs: 0.1057 | ActorGrad: 0.0027 | CriticGrad: 0.2859 | Noise: 0.1159 | Replay: 50000 | FPS: 19.26 | ETA: 58.0 min
2026-09-19 01:59:17,277 | INFO | Steps: 83456/150000 | Episodes: 163 | LastEpReward: 11.128 | RecentReward: 16.042 | ActorLoss: -2.774131 | CriticLoss: 0.010000 | Q: 2.7707 | TargetQ: 2.7704 | TDAbs: 0.1067 | ActorGrad: 0.0060 | CriticGrad: 0.2957 | Noise: 0.1144 | Replay: 50000 | FPS: 19.28 | ETA: 57.5 min
2026-09-19 01:59:39,672 | INFO | Steps: 83968/150000 | Episodes: 164 | LastEpReward: 19.446 | RecentReward: 16.588 | ActorLoss: -2.792115 | CriticLoss: 0.010383 | Q: 2.7882 | TargetQ: 2.7885 | TDAbs: 0.1060 | ActorGrad: 0.0106 | CriticGrad: 0.3091 | Noise: 0.1129 | Replay: 50000 | FPS: 19.30 | ETA: 57.0 min
2026-09-19 02:00:01,874 | INFO | Steps: 84480/150000 | Episodes: 165 | LastEpReward: 23.042 | RecentReward: 16.772 | ActorLoss: -2.792404 | CriticLoss: 0.009581 | Q: 2.7894 | TargetQ: 2.7899 | TDAbs: 0.1051 | ActorGrad: 0.0130 | CriticGrad: 0.3096 | Noise: 0.1115 | Replay: 50000 | FPS: 19.32 | ETA: 56.5 min
2026-09-19 02:00:23,939 | INFO | Steps: 84992/150000 | Episodes: 166 | LastEpReward: 14.243 | RecentReward: 16.972 | ActorLoss: -2.809312 | CriticLoss: 0.010283 | Q: 2.8063 | TargetQ: 2.8068 | TDAbs: 0.1068 | ActorGrad: 0.0016 | CriticGrad: 0.3105 | Noise: 0.1100 | Replay: 50000 | FPS: 19.34 | ETA: 56.0 min
2026-09-19 02:00:46,503 | INFO | Steps: 85504/150000 | Episodes: 167 | LastEpReward: 13.335 | RecentReward: 16.234 | ActorLoss: -2.779523 | CriticLoss: 0.010675 | Q: 2.7768 | TargetQ: 2.7764 | TDAbs: 0.1082 | ActorGrad: 0.0030 | CriticGrad: 0.2867 | Noise: 0.1086 | Replay: 50000 | FPS: 19.36 | ETA: 55.5 min
2026-09-19 02:01:08,727 | INFO | Steps: 86016/150000 | Episodes: 168 | LastEpReward: 11.797 | RecentReward: 15.466 | ActorLoss: -2.750997 | CriticLoss: 0.010211 | Q: 2.7475 | TargetQ: 2.7482 | TDAbs: 0.1078 | ActorGrad: 0.0021 | CriticGrad: 0.3165 | Noise: 0.1071 | Replay: 50000 | FPS: 19.38 | ETA: 55.0 min
2026-09-19 02:01:31,460 | INFO | Steps: 86528/150000 | Episodes: 169 | LastEpReward: 21.090 | RecentReward: 16.619 | ActorLoss: -2.803534 | CriticLoss: 0.009887 | Q: 2.8008 | TargetQ: 2.8010 | TDAbs: 0.1056 | ActorGrad: 0.0038 | CriticGrad: 0.3065 | Noise: 0.1056 | Replay: 50000 | FPS: 19.39 | ETA: 54.6 min
2026-09-19 02:01:54,321 | INFO | 开始周期评估: Steps=87040 | Episodes=170 | EvalEpisodes=5
2026-09-19 02:02:50,553 | INFO | 周期评估完成: Steps=87040 | MeanReward=20.031 | StdReward=4.002
2026-09-19 02:02:50,695 | INFO | Steps: 87040/150000 | Episodes: 170 | LastEpReward: 15.080 | RecentReward: 16.303 | ActorLoss: -2.761931 | CriticLoss: 0.009889 | Q: 2.7585 | TargetQ: 2.7594 | TDAbs: 0.1066 | ActorGrad: 0.0033 | CriticGrad: 0.3005 | Noise: 0.1042 | Replay: 50000 | FPS: 19.17 | ETA: 54.8 min
2026-09-19 02:03:14,269 | INFO | Steps: 87552/150000 | Episodes: 171 | LastEpReward: 17.671 | RecentReward: 16.350 | ActorLoss: -2.753661 | CriticLoss: 0.010288 | Q: 2.7502 | TargetQ: 2.7503 | TDAbs: 0.1064 | ActorGrad: 0.0032 | CriticGrad: 0.2934 | Noise: 0.1027 | Replay: 50000 | FPS: 19.18 | ETA: 54.3 min
2026-09-19 02:03:37,528 | INFO | Steps: 88064/150000 | Episodes: 172 | LastEpReward: 10.882 | RecentReward: 15.771 | ActorLoss: -2.731987 | CriticLoss: 0.010243 | Q: 2.7290 | TargetQ: 2.7288 | TDAbs: 0.1057 | ActorGrad: 0.0042 | CriticGrad: 0.2819 | Noise: 0.1012 | Replay: 50000 | FPS: 19.19 | ETA: 53.8 min
2026-09-19 02:04:03,011 | INFO | Steps: 88576/150000 | Episodes: 173 | LastEpReward: 13.343 | RecentReward: 15.993 | ActorLoss: -2.759784 | CriticLoss: 0.009532 | Q: 2.7572 | TargetQ: 2.7575 | TDAbs: 0.1031 | ActorGrad: 0.0014 | CriticGrad: 0.2786 | Noise: 0.0998 | Replay: 50000 | FPS: 19.20 | ETA: 53.3 min
2026-09-19 02:04:26,946 | INFO | Steps: 89088/150000 | Episodes: 174 | LastEpReward: 17.782 | RecentReward: 15.827 | ActorLoss: -2.741271 | CriticLoss: 0.010276 | Q: 2.7390 | TargetQ: 2.7386 | TDAbs: 0.1067 | ActorGrad: 0.0051 | CriticGrad: 0.2987 | Noise: 0.0983 | Replay: 50000 | FPS: 19.21 | ETA: 52.8 min
2026-09-19 02:04:52,085 | INFO | Steps: 89600/150000 | Episodes: 175 | LastEpReward: 20.254 | RecentReward: 15.548 | ActorLoss: -2.704619 | CriticLoss: 0.011102 | Q: 2.6976 | TargetQ: 2.6977 | TDAbs: 0.1132 | ActorGrad: 0.1166 | CriticGrad: 0.3212 | Noise: 0.0969 | Replay: 50000 | FPS: 19.22 | ETA: 52.4 min
2026-09-19 02:05:16,707 | INFO | Steps: 90112/150000 | Episodes: 176 | LastEpReward: -2.432 | RecentReward: 13.880 | ActorLoss: -2.748743 | CriticLoss: 0.013332 | Q: 2.7352 | TargetQ: 2.7347 | TDAbs: 0.1243 | ActorGrad: 0.1727 | CriticGrad: 0.3075 | Noise: 0.0954 | Replay: 50000 | FPS: 19.22 | ETA: 51.9 min
2026-09-19 02:05:40,708 | INFO | Steps: 90624/150000 | Episodes: 177 | LastEpReward: 6.980 | RecentReward: 13.245 | ActorLoss: -2.780934 | CriticLoss: 0.013385 | Q: 2.7662 | TargetQ: 2.7666 | TDAbs: 0.1238 | ActorGrad: 0.1447 | CriticGrad: 0.3470 | Noise: 0.0939 | Replay: 50000 | FPS: 19.23 | ETA: 51.4 min
2026-09-19 02:06:05,903 | INFO | Steps: 91136/150000 | Episodes: 178 | LastEpReward: 11.062 | RecentReward: 13.171 | ActorLoss: -2.786257 | CriticLoss: 0.013793 | Q: 2.7765 | TargetQ: 2.7774 | TDAbs: 0.1261 | ActorGrad: 0.1394 | CriticGrad: 0.3488 | Noise: 0.0925 | Replay: 50000 | FPS: 19.24 | ETA: 51.0 min
2026-09-19 02:06:31,005 | INFO | Steps: 91648/150000 | Episodes: 179 | LastEpReward: 18.645 | RecentReward: 12.927 | ActorLoss: -2.798231 | CriticLoss: 0.013981 | Q: 2.7882 | TargetQ: 2.7888 | TDAbs: 0.1265 | ActorGrad: 0.1269 | CriticGrad: 0.3416 | Noise: 0.0910 | Replay: 50000 | FPS: 19.25 | ETA: 50.5 min
2026-09-19 02:06:54,456 | INFO | 开始周期评估: Steps=92160 | Episodes=180 | EvalEpisodes=5
2026-09-19 02:07:47,098 | INFO | 周期评估完成: Steps=92160 | MeanReward=16.280 | StdReward=3.314
2026-09-19 02:07:47,107 | INFO | Steps: 92160/150000 | Episodes: 180 | LastEpReward: 13.145 | RecentReward: 12.733 | ActorLoss: -2.816231 | CriticLoss: 0.013916 | Q: 2.8050 | TargetQ: 2.8054 | TDAbs: 0.1257 | ActorGrad: 0.1198 | CriticGrad: 0.3329 | Noise: 0.0895 | Replay: 50000 | FPS: 19.05 | ETA: 50.6 min
2026-09-19 02:08:09,869 | INFO | Steps: 92672/150000 | Episodes: 181 | LastEpReward: 23.625 | RecentReward: 13.329 | ActorLoss: -2.851939 | CriticLoss: 0.014609 | Q: 2.8384 | TargetQ: 2.8396 | TDAbs: 0.1298 | ActorGrad: 0.1455 | CriticGrad: 0.3776 | Noise: 0.0881 | Replay: 50000 | FPS: 19.07 | ETA: 50.1 min
2026-09-19 02:08:32,431 | INFO | Steps: 93184/150000 | Episodes: 182 | LastEpReward: 14.042 | RecentReward: 13.645 | ActorLoss: -2.861906 | CriticLoss: 0.015122 | Q: 2.8491 | TargetQ: 2.8501 | TDAbs: 0.1293 | ActorGrad: 0.1334 | CriticGrad: 0.3596 | Noise: 0.0866 | Replay: 50000 | FPS: 19.08 | ETA: 49.6 min
2026-09-19 02:08:54,853 | INFO | Steps: 93696/150000 | Episodes: 183 | LastEpReward: 17.632 | RecentReward: 14.074 | ActorLoss: -2.872450 | CriticLoss: 0.015738 | Q: 2.8581 | TargetQ: 2.8584 | TDAbs: 0.1345 | ActorGrad: 0.1292 | CriticGrad: 0.4335 | Noise: 0.0852 | Replay: 50000 | FPS: 19.10 | ETA: 49.1 min
2026-09-19 02:09:16,941 | INFO | Steps: 94208/150000 | Episodes: 184 | LastEpReward: 12.507 | RecentReward: 13.546 | ActorLoss: -2.879052 | CriticLoss: 0.015850 | Q: 2.8676 | TargetQ: 2.8669 | TDAbs: 0.1324 | ActorGrad: 0.1302 | CriticGrad: 0.3645 | Noise: 0.0837 | Replay: 50000 | FPS: 19.12 | ETA: 48.6 min
2026-09-19 02:09:39,443 | INFO | Steps: 94720/150000 | Episodes: 185 | LastEpReward: 22.432 | RecentReward: 13.764 | ActorLoss: -2.881630 | CriticLoss: 0.017120 | Q: 2.8710 | TargetQ: 2.8706 | TDAbs: 0.1385 | ActorGrad: 0.1315 | CriticGrad: 0.3905 | Noise: 0.0822 | Replay: 50000 | FPS: 19.13 | ETA: 48.1 min
2026-09-19 02:10:01,483 | INFO | Steps: 95232/150000 | Episodes: 186 | LastEpReward: 8.199 | RecentReward: 14.827 | ActorLoss: -2.906141 | CriticLoss: 0.018105 | Q: 2.8934 | TargetQ: 2.8928 | TDAbs: 0.1413 | ActorGrad: 0.1610 | CriticGrad: 0.4071 | Noise: 0.0808 | Replay: 50000 | FPS: 19.15 | ETA: 47.7 min
2026-09-19 02:10:23,787 | INFO | Steps: 95744/150000 | Episodes: 187 | LastEpReward: 13.267 | RecentReward: 15.456 | ActorLoss: -2.914427 | CriticLoss: 0.018589 | Q: 2.9042 | TargetQ: 2.9035 | TDAbs: 0.1447 | ActorGrad: 0.1399 | CriticGrad: 0.4307 | Noise: 0.0793 | Replay: 50000 | FPS: 19.17 | ETA: 47.2 min
2026-09-19 02:10:45,767 | INFO | Steps: 96256/150000 | Episodes: 188 | LastEpReward: 13.112 | RecentReward: 15.661 | ActorLoss: -2.907074 | CriticLoss: 0.021609 | Q: 2.8924 | TargetQ: 2.8934 | TDAbs: 0.1539 | ActorGrad: 0.1503 | CriticGrad: 0.5067 | Noise: 0.0778 | Replay: 50000 | FPS: 19.19 | ETA: 46.7 min
2026-09-19 02:11:08,427 | INFO | Steps: 96768/150000 | Episodes: 189 | LastEpReward: 13.020 | RecentReward: 15.098 | ActorLoss: -2.898572 | CriticLoss: 0.022580 | Q: 2.8919 | TargetQ: 2.8916 | TDAbs: 0.1574 | ActorGrad: 0.1292 | CriticGrad: 0.4706 | Noise: 0.0764 | Replay: 50000 | FPS: 19.20 | ETA: 46.2 min
2026-09-19 02:11:30,944 | INFO | 开始周期评估: Steps=97280 | Episodes=190 | EvalEpisodes=5
2026-09-19 02:12:09,098 | INFO | 周期评估完成: Steps=97280 | MeanReward=17.492 | StdReward=4.106
2026-09-19 02:12:09,108 | INFO | Steps: 97280/150000 | Episodes: 190 | LastEpReward: 15.965 | RecentReward: 15.380 | ActorLoss: -2.925906 | CriticLoss: 0.021161 | Q: 2.9156 | TargetQ: 2.9158 | TDAbs: 0.1526 | ActorGrad: 0.1141 | CriticGrad: 0.4604 | Noise: 0.0749 | Replay: 50000 | FPS: 19.08 | ETA: 46.1 min
2026-09-19 02:12:31,343 | INFO | Steps: 97792/150000 | Episodes: 191 | LastEpReward: 1.190 | RecentReward: 13.137 | ActorLoss: -2.963250 | CriticLoss: 0.020571 | Q: 2.9530 | TargetQ: 2.9518 | TDAbs: 0.1494 | ActorGrad: 0.1267 | CriticGrad: 0.4546 | Noise: 0.0735 | Replay: 50000 | FPS: 19.09 | ETA: 45.6 min
2026-09-19 02:12:53,813 | INFO | Steps: 98304/150000 | Episodes: 192 | LastEpReward: 5.460 | RecentReward: 12.278 | ActorLoss: -2.966821 | CriticLoss: 0.025246 | Q: 2.9483 | TargetQ: 2.9472 | TDAbs: 0.1671 | ActorGrad: 0.0525 | CriticGrad: 0.5077 | Noise: 0.0720 | Replay: 50000 | FPS: 19.11 | ETA: 45.1 min
2026-09-19 02:13:15,973 | INFO | Steps: 98816/150000 | Episodes: 193 | LastEpReward: 3.343 | RecentReward: 10.850 | ActorLoss: -2.957804 | CriticLoss: 0.027449 | Q: 2.9356 | TargetQ: 2.9362 | TDAbs: 0.1740 | ActorGrad: 0.0530 | CriticGrad: 0.5283 | Noise: 0.0705 | Replay: 50000 | FPS: 19.13 | ETA: 44.6 min
2026-09-19 02:13:38,445 | INFO | Steps: 99328/150000 | Episodes: 194 | LastEpReward: -3.706 | RecentReward: 9.228 | ActorLoss: -2.993972 | CriticLoss: 0.029905 | Q: 2.9801 | TargetQ: 2.9790 | TDAbs: 0.1802 | ActorGrad: 0.0548 | CriticGrad: 0.5802 | Noise: 0.0691 | Replay: 50000 | FPS: 19.14 | ETA: 44.1 min
2026-09-19 02:14:00,879 | INFO | Steps: 99840/150000 | Episodes: 195 | LastEpReward: 2.273 | RecentReward: 7.212 | ActorLoss: -2.978830 | CriticLoss: 0.034224 | Q: 2.9727 | TargetQ: 2.9707 | TDAbs: 0.1914 | ActorGrad: 0.0536 | CriticGrad: 0.6601 | Noise: 0.0676 | Replay: 50000 | FPS: 19.16 | ETA: 43.6 min
2026-09-19 02:14:23,793 | INFO | Steps: 100352/150000 | Episodes: 196 | LastEpReward: 2.417 | RecentReward: 6.634 | ActorLoss: -2.897278 | CriticLoss: 0.032043 | Q: 2.8999 | TargetQ: 2.9000 | TDAbs: 0.1864 | ActorGrad: 0.0483 | CriticGrad: 0.6108 | Noise: 0.0661 | Replay: 50000 | FPS: 19.17 | ETA: 43.2 min
2026-09-19 02:14:45,943 | INFO | Steps: 100864/150000 | Episodes: 197 | LastEpReward: 14.570 | RecentReward: 6.764 | ActorLoss: -2.883226 | CriticLoss: 0.033883 | Q: 2.8950 | TargetQ: 2.8955 | TDAbs: 0.1906 | ActorGrad: 0.0505 | CriticGrad: 0.6450 | Noise: 0.0647 | Replay: 50000 | FPS: 19.19 | ETA: 42.7 min
2026-09-19 02:15:07,874 | INFO | Steps: 101376/150000 | Episodes: 198 | LastEpReward: 1.603 | RecentReward: 5.613 | ActorLoss: -2.846141 | CriticLoss: 0.037292 | Q: 2.8524 | TargetQ: 2.8535 | TDAbs: 0.1991 | ActorGrad: 0.0586 | CriticGrad: 0.6821 | Noise: 0.0632 | Replay: 50000 | FPS: 19.21 | ETA: 42.2 min
2026-09-19 02:15:30,197 | INFO | Steps: 101888/150000 | Episodes: 199 | LastEpReward: 1.617 | RecentReward: 4.473 | ActorLoss: -2.855761 | CriticLoss: 0.036928 | Q: 2.8503 | TargetQ: 2.8513 | TDAbs: 0.1981 | ActorGrad: 0.0521 | CriticGrad: 0.7013 | Noise: 0.0617 | Replay: 50000 | FPS: 19.22 | ETA: 41.7 min
2026-09-19 02:15:52,315 | INFO | 开始周期评估: Steps=102400 | Episodes=200 | EvalEpisodes=5
2026-09-19 02:16:54,725 | INFO | 周期评估完成: Steps=102400 | MeanReward=3.437 | StdReward=1.960
2026-09-19 02:16:54,745 | INFO | Steps: 102400/150000 | Episodes: 200 | LastEpReward: 0.069 | RecentReward: 2.884 | ActorLoss: -2.867182 | CriticLoss: 0.038695 | Q: 2.8637 | TargetQ: 2.8644 | TDAbs: 0.2010 | ActorGrad: 0.0530 | CriticGrad: 0.7315 | Noise: 0.0603 | Replay: 50000 | FPS: 19.01 | ETA: 41.7 min
2026-09-19 02:17:17,582 | INFO | Steps: 102912/150000 | Episodes: 201 | LastEpReward: 4.571 | RecentReward: 3.222 | ActorLoss: -2.817226 | CriticLoss: 0.040812 | Q: 2.8045 | TargetQ: 2.8031 | TDAbs: 0.2075 | ActorGrad: 0.0543 | CriticGrad: 0.7749 | Noise: 0.0588 | Replay: 50000 | FPS: 19.03 | ETA: 41.2 min
2026-09-19 02:17:39,895 | INFO | Steps: 103424/150000 | Episodes: 202 | LastEpReward: -0.052 | RecentReward: 2.670 | ActorLoss: -2.832510 | CriticLoss: 0.042210 | Q: 2.8265 | TargetQ: 2.8263 | TDAbs: 0.2086 | ActorGrad: 0.0623 | CriticGrad: 0.7954 | Noise: 0.0574 | Replay: 50000 | FPS: 19.04 | ETA: 40.8 min
2026-09-19 02:18:02,427 | INFO | Steps: 103936/150000 | Episodes: 203 | LastEpReward: -4.013 | RecentReward: 1.935 | ActorLoss: -2.813813 | CriticLoss: 0.042940 | Q: 2.8043 | TargetQ: 2.8022 | TDAbs: 0.2086 | ActorGrad: 0.0558 | CriticGrad: 0.7783 | Noise: 0.0559 | Replay: 50000 | FPS: 19.06 | ETA: 40.3 min
2026-09-19 02:18:24,483 | INFO | Steps: 104448/150000 | Episodes: 204 | LastEpReward: -5.838 | RecentReward: 1.722 | ActorLoss: -2.861517 | CriticLoss: 0.049002 | Q: 2.8478 | TargetQ: 2.8470 | TDAbs: 0.2219 | ActorGrad: 0.1273 | CriticGrad: 0.9529 | Noise: 0.0544 | Replay: 50000 | FPS: 19.08 | ETA: 39.8 min
2026-09-19 02:18:46,225 | INFO | Steps: 104960/150000 | Episodes: 205 | LastEpReward: 2.116 | RecentReward: 1.706 | ActorLoss: -2.839572 | CriticLoss: 0.046551 | Q: 2.8300 | TargetQ: 2.8320 | TDAbs: 0.2160 | ActorGrad: 0.1351 | CriticGrad: 0.9104 | Noise: 0.0530 | Replay: 50000 | FPS: 19.09 | ETA: 39.3 min
2026-09-19 02:19:07,860 | INFO | Steps: 105472/150000 | Episodes: 206 | LastEpReward: 15.459 | RecentReward: 3.010 | ActorLoss: -2.851668 | CriticLoss: 0.044399 | Q: 2.8430 | TargetQ: 2.8455 | TDAbs: 0.2079 | ActorGrad: 0.1319 | CriticGrad: 0.9270 | Noise: 0.0515 | Replay: 50000 | FPS: 19.11 | ETA: 38.8 min
2026-09-19 02:19:29,331 | INFO | Steps: 105984/150000 | Episodes: 207 | LastEpReward: 10.619 | RecentReward: 2.615 | ActorLoss: -2.775610 | CriticLoss: 0.041042 | Q: 2.7699 | TargetQ: 2.7678 | TDAbs: 0.2016 | ActorGrad: 0.0860 | CriticGrad: 0.8024 | Noise: 0.0500 | Replay: 50000 | FPS: 19.13 | ETA: 38.3 min
2026-09-19 02:19:51,240 | INFO | Steps: 106496/150000 | Episodes: 208 | LastEpReward: 14.451 | RecentReward: 3.900 | ActorLoss: -2.831306 | CriticLoss: 0.039066 | Q: 2.8242 | TargetQ: 2.8280 | TDAbs: 0.1959 | ActorGrad: 0.0593 | CriticGrad: 0.8434 | Noise: 0.0500 | Replay: 50000 | FPS: 19.15 | ETA: 37.9 min
2026-09-19 02:20:13,608 | INFO | Steps: 107008/150000 | Episodes: 209 | LastEpReward: 18.565 | RecentReward: 5.595 | ActorLoss: -2.854262 | CriticLoss: 0.034713 | Q: 2.8489 | TargetQ: 2.8482 | TDAbs: 0.1834 | ActorGrad: 0.0566 | CriticGrad: 0.7890 | Noise: 0.0500 | Replay: 50000 | FPS: 19.16 | ETA: 37.4 min
2026-09-19 02:20:36,270 | INFO | 开始周期评估: Steps=107520 | Episodes=210 | EvalEpisodes=5
2026-09-19 02:21:14,549 | INFO | 周期评估完成: Steps=107520 | MeanReward=18.343 | StdReward=3.187
2026-09-19 02:21:14,560 | INFO | Steps: 107520/150000 | Episodes: 210 | LastEpReward: 20.244 | RecentReward: 7.612 | ActorLoss: -2.818314 | CriticLoss: 0.034502 | Q: 2.8127 | TargetQ: 2.8137 | TDAbs: 0.1829 | ActorGrad: 0.1020 | CriticGrad: 0.7911 | Noise: 0.0500 | Replay: 50000 | FPS: 19.05 | ETA: 37.2 min
2026-09-19 02:21:37,294 | INFO | Steps: 108032/150000 | Episodes: 211 | LastEpReward: 18.559 | RecentReward: 9.011 | ActorLoss: -2.775856 | CriticLoss: 0.031924 | Q: 2.7695 | TargetQ: 2.7707 | TDAbs: 0.1784 | ActorGrad: 0.0971 | CriticGrad: 0.7691 | Noise: 0.0500 | Replay: 50000 | FPS: 19.06 | ETA: 36.7 min
2026-09-19 02:22:00,126 | INFO | Steps: 108544/150000 | Episodes: 212 | LastEpReward: 18.396 | RecentReward: 10.856 | ActorLoss: -2.726711 | CriticLoss: 0.029085 | Q: 2.7209 | TargetQ: 2.7215 | TDAbs: 0.1715 | ActorGrad: 0.0725 | CriticGrad: 0.6688 | Noise: 0.0500 | Replay: 50000 | FPS: 19.07 | ETA: 36.2 min
2026-09-19 02:22:22,795 | INFO | Steps: 109056/150000 | Episodes: 213 | LastEpReward: 19.542 | RecentReward: 13.211 | ActorLoss: -2.797761 | CriticLoss: 0.029267 | Q: 2.7916 | TargetQ: 2.7925 | TDAbs: 0.1701 | ActorGrad: 0.0928 | CriticGrad: 0.7010 | Noise: 0.0500 | Replay: 50000 | FPS: 19.09 | ETA: 35.8 min
2026-09-19 02:22:44,934 | INFO | Steps: 109568/150000 | Episodes: 214 | LastEpReward: 18.737 | RecentReward: 15.669 | ActorLoss: -2.770392 | CriticLoss: 0.026838 | Q: 2.7637 | TargetQ: 2.7636 | TDAbs: 0.1654 | ActorGrad: 0.0894 | CriticGrad: 0.6364 | Noise: 0.0500 | Replay: 50000 | FPS: 19.10 | ETA: 35.3 min
2026-09-19 02:23:07,040 | INFO | Steps: 110080/150000 | Episodes: 215 | LastEpReward: 21.280 | RecentReward: 17.585 | ActorLoss: -2.803052 | CriticLoss: 0.029390 | Q: 2.7971 | TargetQ: 2.7968 | TDAbs: 0.1691 | ActorGrad: 0.0854 | CriticGrad: 0.6800 | Noise: 0.0500 | Replay: 50000 | FPS: 19.12 | ETA: 34.8 min
2026-09-19 02:23:29,237 | INFO | Steps: 110592/150000 | Episodes: 216 | LastEpReward: 21.007 | RecentReward: 18.140 | ActorLoss: -2.779101 | CriticLoss: 0.030039 | Q: 2.7734 | TargetQ: 2.7724 | TDAbs: 0.1679 | ActorGrad: 0.0793 | CriticGrad: 0.6824 | Noise: 0.0500 | Replay: 50000 | FPS: 19.13 | ETA: 34.3 min
2026-09-19 02:23:51,328 | INFO | Steps: 111104/150000 | Episodes: 217 | LastEpReward: 16.048 | RecentReward: 18.683 | ActorLoss: -2.796343 | CriticLoss: 0.028707 | Q: 2.7897 | TargetQ: 2.7878 | TDAbs: 0.1646 | ActorGrad: 0.0849 | CriticGrad: 0.7114 | Noise: 0.0500 | Replay: 50000 | FPS: 19.15 | ETA: 33.9 min
2026-09-19 02:24:14,413 | INFO | Steps: 111616/150000 | Episodes: 218 | LastEpReward: 18.378 | RecentReward: 19.076 | ActorLoss: -2.774335 | CriticLoss: 0.025034 | Q: 2.7682 | TargetQ: 2.7700 | TDAbs: 0.1581 | ActorGrad: 0.0759 | CriticGrad: 0.6601 | Noise: 0.0500 | Replay: 50000 | FPS: 19.16 | ETA: 33.4 min
2026-09-19 02:24:37,707 | INFO | Steps: 112128/150000 | Episodes: 219 | LastEpReward: 13.670 | RecentReward: 18.586 | ActorLoss: -2.757349 | CriticLoss: 0.024718 | Q: 2.7513 | TargetQ: 2.7506 | TDAbs: 0.1566 | ActorGrad: 0.0637 | CriticGrad: 0.6063 | Noise: 0.0500 | Replay: 50000 | FPS: 19.17 | ETA: 32.9 min
2026-09-19 02:25:01,987 | INFO | 开始周期评估: Steps=112640 | Episodes=220 | EvalEpisodes=5
2026-09-19 02:26:02,975 | INFO | 周期评估完成: Steps=112640 | MeanReward=19.619 | StdReward=3.763
2026-09-19 02:26:02,990 | INFO | Steps: 112640/150000 | Episodes: 220 | LastEpReward: 17.564 | RecentReward: 18.318 | ActorLoss: -2.806849 | CriticLoss: 0.025221 | Q: 2.8016 | TargetQ: 2.8012 | TDAbs: 0.1573 | ActorGrad: 0.0797 | CriticGrad: 0.6402 | Noise: 0.0500 | Replay: 50000 | FPS: 18.98 | ETA: 32.8 min
2026-09-19 02:26:28,203 | INFO | Steps: 113152/150000 | Episodes: 221 | LastEpReward: 13.126 | RecentReward: 17.775 | ActorLoss: -2.769186 | CriticLoss: 0.023194 | Q: 2.7628 | TargetQ: 2.7639 | TDAbs: 0.1530 | ActorGrad: 0.0776 | CriticGrad: 0.5975 | Noise: 0.0500 | Replay: 50000 | FPS: 18.99 | ETA: 32.3 min
2026-09-19 02:26:52,670 | INFO | Steps: 113664/150000 | Episodes: 222 | LastEpReward: 13.920 | RecentReward: 17.327 | ActorLoss: -2.755988 | CriticLoss: 0.024095 | Q: 2.7495 | TargetQ: 2.7506 | TDAbs: 0.1533 | ActorGrad: 0.0729 | CriticGrad: 0.6282 | Noise: 0.0500 | Replay: 50000 | FPS: 19.00 | ETA: 31.9 min
2026-09-19 02:27:17,889 | INFO | Steps: 114176/150000 | Episodes: 223 | LastEpReward: 19.670 | RecentReward: 17.340 | ActorLoss: -2.755527 | CriticLoss: 0.023249 | Q: 2.7491 | TargetQ: 2.7499 | TDAbs: 0.1535 | ActorGrad: 0.0604 | CriticGrad: 0.5926 | Noise: 0.0500 | Replay: 50000 | FPS: 19.00 | ETA: 31.4 min
2026-09-19 02:27:43,148 | INFO | Steps: 114688/150000 | Episodes: 224 | LastEpReward: 20.635 | RecentReward: 17.530 | ActorLoss: -2.780693 | CriticLoss: 0.023534 | Q: 2.7731 | TargetQ: 2.7735 | TDAbs: 0.1536 | ActorGrad: 0.0629 | CriticGrad: 0.6663 | Noise: 0.0500 | Replay: 50000 | FPS: 19.01 | ETA: 31.0 min
2026-09-19 02:28:08,017 | INFO | Steps: 115200/150000 | Episodes: 225 | LastEpReward: 9.942 | RecentReward: 16.396 | ActorLoss: -2.747940 | CriticLoss: 0.022501 | Q: 2.7425 | TargetQ: 2.7419 | TDAbs: 0.1502 | ActorGrad: 0.0646 | CriticGrad: 0.6208 | Noise: 0.0500 | Replay: 50000 | FPS: 19.01 | ETA: 30.5 min
2026-09-19 02:28:31,849 | INFO | Steps: 115712/150000 | Episodes: 226 | LastEpReward: 18.212 | RecentReward: 16.116 | ActorLoss: -2.777569 | CriticLoss: 0.023133 | Q: 2.7721 | TargetQ: 2.7717 | TDAbs: 0.1517 | ActorGrad: 0.0733 | CriticGrad: 0.6709 | Noise: 0.0500 | Replay: 50000 | FPS: 19.02 | ETA: 30.0 min
2026-09-19 02:28:56,353 | INFO | Steps: 116224/150000 | Episodes: 227 | LastEpReward: 13.957 | RecentReward: 15.907 | ActorLoss: -2.761354 | CriticLoss: 0.023544 | Q: 2.7550 | TargetQ: 2.7574 | TDAbs: 0.1512 | ActorGrad: 0.0641 | CriticGrad: 0.6240 | Noise: 0.0500 | Replay: 50000 | FPS: 19.03 | ETA: 29.6 min
2026-09-19 02:29:19,809 | INFO | Steps: 116736/150000 | Episodes: 228 | LastEpReward: 14.287 | RecentReward: 15.498 | ActorLoss: -2.793025 | CriticLoss: 0.024132 | Q: 2.7875 | TargetQ: 2.7879 | TDAbs: 0.1510 | ActorGrad: 0.0866 | CriticGrad: 0.6448 | Noise: 0.0500 | Replay: 50000 | FPS: 19.04 | ETA: 29.1 min
2026-09-19 02:29:43,852 | INFO | Steps: 117248/150000 | Episodes: 229 | LastEpReward: 16.576 | RecentReward: 15.789 | ActorLoss: -2.766148 | CriticLoss: 0.021651 | Q: 2.7613 | TargetQ: 2.7613 | TDAbs: 0.1459 | ActorGrad: 0.0528 | CriticGrad: 0.5917 | Noise: 0.0500 | Replay: 50000 | FPS: 19.05 | ETA: 28.7 min
2026-09-19 02:30:07,442 | INFO | 开始周期评估: Steps=117760 | Episodes=230 | EvalEpisodes=5
2026-09-19 02:31:08,094 | INFO | 周期评估完成: Steps=117760 | MeanReward=19.848 | StdReward=4.101
2026-09-19 02:31:08,113 | INFO | Steps: 117760/150000 | Episodes: 230 | LastEpReward: 16.264 | RecentReward: 15.659 | ActorLoss: -2.745117 | CriticLoss: 0.022733 | Q: 2.7401 | TargetQ: 2.7387 | TDAbs: 0.1448 | ActorGrad: 0.0523 | CriticGrad: 0.6118 | Noise: 0.0500 | Replay: 50000 | FPS: 18.88 | ETA: 28.5 min
2026-09-19 02:31:30,583 | INFO | Steps: 118272/150000 | Episodes: 231 | LastEpReward: 14.203 | RecentReward: 15.766 | ActorLoss: -2.728902 | CriticLoss: 0.021402 | Q: 2.7246 | TargetQ: 2.7257 | TDAbs: 0.1456 | ActorGrad: 0.0582 | CriticGrad: 0.5764 | Noise: 0.0500 | Replay: 50000 | FPS: 18.89 | ETA: 28.0 min
2026-09-19 02:31:52,820 | INFO | Steps: 118784/150000 | Episodes: 232 | LastEpReward: 25.080 | RecentReward: 16.882 | ActorLoss: -2.737742 | CriticLoss: 0.019620 | Q: 2.7334 | TargetQ: 2.7343 | TDAbs: 0.1404 | ActorGrad: 0.0792 | CriticGrad: 0.5511 | Noise: 0.0500 | Replay: 50000 | FPS: 18.90 | ETA: 27.5 min
2026-09-19 02:32:16,074 | INFO | Steps: 119296/150000 | Episodes: 233 | LastEpReward: 20.451 | RecentReward: 16.960 | ActorLoss: -2.761870 | CriticLoss: 0.021775 | Q: 2.7591 | TargetQ: 2.7600 | TDAbs: 0.1422 | ActorGrad: 0.0504 | CriticGrad: 0.6087 | Noise: 0.0500 | Replay: 50000 | FPS: 18.92 | ETA: 27.1 min
2026-09-19 02:32:37,747 | INFO | Steps: 119808/150000 | Episodes: 234 | LastEpReward: 12.783 | RecentReward: 16.175 | ActorLoss: -2.740133 | CriticLoss: 0.022641 | Q: 2.7357 | TargetQ: 2.7350 | TDAbs: 0.1431 | ActorGrad: 0.0896 | CriticGrad: 0.6436 | Noise: 0.0500 | Replay: 50000 | FPS: 18.93 | ETA: 26.6 min
2026-09-19 02:32:59,325 | INFO | Steps: 120320/150000 | Episodes: 235 | LastEpReward: 12.270 | RecentReward: 16.408 | ActorLoss: -2.729985 | CriticLoss: 0.020827 | Q: 2.7249 | TargetQ: 2.7248 | TDAbs: 0.1400 | ActorGrad: 0.0434 | CriticGrad: 0.5703 | Noise: 0.0500 | Replay: 50000 | FPS: 18.95 | ETA: 26.1 min
2026-09-19 02:33:20,693 | INFO | Steps: 120832/150000 | Episodes: 236 | LastEpReward: 13.181 | RecentReward: 15.905 | ActorLoss: -2.714514 | CriticLoss: 0.019660 | Q: 2.7067 | TargetQ: 2.7092 | TDAbs: 0.1378 | ActorGrad: 0.0767 | CriticGrad: 0.5599 | Noise: 0.0500 | Replay: 50000 | FPS: 18.96 | ETA: 25.6 min
2026-09-19 02:33:44,192 | INFO | Steps: 121344/150000 | Episodes: 237 | LastEpReward: 11.577 | RecentReward: 15.667 | ActorLoss: -2.711255 | CriticLoss: 0.019242 | Q: 2.7069 | TargetQ: 2.7073 | TDAbs: 0.1373 | ActorGrad: 0.0596 | CriticGrad: 0.5789 | Noise: 0.0500 | Replay: 50000 | FPS: 18.98 | ETA: 25.2 min
2026-09-19 02:34:06,675 | INFO | Steps: 121856/150000 | Episodes: 238 | LastEpReward: 14.531 | RecentReward: 15.692 | ActorLoss: -2.723521 | CriticLoss: 0.019765 | Q: 2.7186 | TargetQ: 2.7180 | TDAbs: 0.1381 | ActorGrad: 0.0742 | CriticGrad: 0.6319 | Noise: 0.0500 | Replay: 50000 | FPS: 18.99 | ETA: 24.7 min
2026-09-19 02:34:29,529 | INFO | Steps: 122368/150000 | Episodes: 239 | LastEpReward: 22.102 | RecentReward: 16.244 | ActorLoss: -2.737007 | CriticLoss: 0.020243 | Q: 2.7315 | TargetQ: 2.7304 | TDAbs: 0.1389 | ActorGrad: 0.0451 | CriticGrad: 0.6236 | Noise: 0.0500 | Replay: 50000 | FPS: 19.00 | ETA: 24.2 min
2026-09-19 02:34:51,596 | INFO | 开始周期评估: Steps=122880 | Episodes=240 | EvalEpisodes=5
2026-09-19 02:35:29,883 | INFO | 周期评估完成: Steps=122880 | MeanReward=19.877 | StdReward=3.999
2026-09-19 02:35:29,895 | INFO | Steps: 122880/150000 | Episodes: 240 | LastEpReward: 11.565 | RecentReward: 15.774 | ActorLoss: -2.687639 | CriticLoss: 0.018847 | Q: 2.6828 | TargetQ: 2.6831 | TDAbs: 0.1331 | ActorGrad: 0.0601 | CriticGrad: 0.5594 | Noise: 0.0500 | Replay: 50000 | FPS: 18.90 | ETA: 23.9 min
2026-09-19 02:35:51,726 | INFO | Steps: 123392/150000 | Episodes: 241 | LastEpReward: 12.576 | RecentReward: 15.612 | ActorLoss: -2.764068 | CriticLoss: 0.021651 | Q: 2.7598 | TargetQ: 2.7600 | TDAbs: 0.1381 | ActorGrad: 0.0625 | CriticGrad: 0.6522 | Noise: 0.0500 | Replay: 50000 | FPS: 18.92 | ETA: 23.4 min
2026-09-19 02:36:14,790 | INFO | Steps: 123904/150000 | Episodes: 242 | LastEpReward: 22.645 | RecentReward: 15.368 | ActorLoss: -2.744142 | CriticLoss: 0.018017 | Q: 2.7393 | TargetQ: 2.7389 | TDAbs: 0.1297 | ActorGrad: 0.0441 | CriticGrad: 0.5760 | Noise: 0.0500 | Replay: 50000 | FPS: 18.93 | ETA: 23.0 min
2026-09-19 02:36:37,619 | INFO | Steps: 124416/150000 | Episodes: 243 | LastEpReward: 23.146 | RecentReward: 15.638 | ActorLoss: -2.702442 | CriticLoss: 0.019933 | Q: 2.6965 | TargetQ: 2.6970 | TDAbs: 0.1349 | ActorGrad: 0.0421 | CriticGrad: 0.5845 | Noise: 0.0500 | Replay: 50000 | FPS: 18.94 | ETA: 22.5 min
2026-09-19 02:37:00,339 | INFO | Steps: 124928/150000 | Episodes: 244 | LastEpReward: 21.670 | RecentReward: 16.526 | ActorLoss: -2.658018 | CriticLoss: 0.017458 | Q: 2.6540 | TargetQ: 2.6550 | TDAbs: 0.1296 | ActorGrad: 0.0453 | CriticGrad: 0.5608 | Noise: 0.0500 | Replay: 50000 | FPS: 18.95 | ETA: 22.0 min
2026-09-19 02:37:23,979 | INFO | Steps: 125440/150000 | Episodes: 245 | LastEpReward: 19.902 | RecentReward: 17.290 | ActorLoss: -2.672321 | CriticLoss: 0.017593 | Q: 2.6676 | TargetQ: 2.6671 | TDAbs: 0.1284 | ActorGrad: 0.0481 | CriticGrad: 0.5314 | Noise: 0.0500 | Replay: 50000 | FPS: 18.96 | ETA: 21.6 min
2026-09-19 02:37:46,108 | INFO | Steps: 125952/150000 | Episodes: 246 | LastEpReward: 15.455 | RecentReward: 17.517 | ActorLoss: -2.616518 | CriticLoss: 0.016486 | Q: 2.6138 | TargetQ: 2.6134 | TDAbs: 0.1250 | ActorGrad: 0.0411 | CriticGrad: 0.5067 | Noise: 0.0500 | Replay: 50000 | FPS: 18.98 | ETA: 21.1 min
2026-09-19 02:38:08,848 | INFO | Steps: 126464/150000 | Episodes: 247 | LastEpReward: 14.819 | RecentReward: 17.841 | ActorLoss: -2.626801 | CriticLoss: 0.015464 | Q: 2.6245 | TargetQ: 2.6236 | TDAbs: 0.1226 | ActorGrad: 0.0360 | CriticGrad: 0.4976 | Noise: 0.0500 | Replay: 50000 | FPS: 18.99 | ETA: 20.7 min
2026-09-19 02:38:31,442 | INFO | Steps: 126976/150000 | Episodes: 248 | LastEpReward: 12.466 | RecentReward: 17.635 | ActorLoss: -2.539016 | CriticLoss: 0.013499 | Q: 2.5371 | TargetQ: 2.5372 | TDAbs: 0.1174 | ActorGrad: 0.0284 | CriticGrad: 0.4048 | Noise: 0.0500 | Replay: 50000 | FPS: 19.00 | ETA: 20.2 min
2026-09-19 02:38:53,759 | INFO | Steps: 127488/150000 | Episodes: 249 | LastEpReward: 23.170 | RecentReward: 17.741 | ActorLoss: -2.550421 | CriticLoss: 0.013787 | Q: 2.5480 | TargetQ: 2.5479 | TDAbs: 0.1171 | ActorGrad: 0.0279 | CriticGrad: 0.4299 | Noise: 0.0500 | Replay: 50000 | FPS: 19.02 | ETA: 19.7 min
2026-09-19 02:39:16,575 | INFO | 开始周期评估: Steps=128000 | Episodes=250 | EvalEpisodes=5
2026-09-19 02:39:54,960 | INFO | 周期评估完成: Steps=128000 | MeanReward=-4.395 | StdReward=6.666
2026-09-19 02:39:54,971 | INFO | Steps: 128000/150000 | Episodes: 250 | LastEpReward: -0.126 | RecentReward: 16.572 | ActorLoss: -2.543210 | CriticLoss: 0.013324 | Q: 2.5400 | TargetQ: 2.5399 | TDAbs: 0.1178 | ActorGrad: 0.0206 | CriticGrad: 0.4202 | Noise: 0.0500 | Replay: 50000 | FPS: 18.92 | ETA: 19.4 min
2026-09-19 02:40:17,217 | INFO | Steps: 128512/150000 | Episodes: 251 | LastEpReward: -10.255 | RecentReward: 14.289 | ActorLoss: -2.495155 | CriticLoss: 0.012676 | Q: 2.4871 | TargetQ: 2.4866 | TDAbs: 0.1146 | ActorGrad: 0.0240 | CriticGrad: 0.3932 | Noise: 0.0500 | Replay: 50000 | FPS: 18.93 | ETA: 18.9 min
2026-09-19 02:40:39,283 | INFO | Steps: 129024/150000 | Episodes: 252 | LastEpReward: -31.331 | RecentReward: 8.892 | ActorLoss: -2.699877 | CriticLoss: 0.025922 | Q: 2.5930 | TargetQ: 2.5946 | TDAbs: 0.1711 | ActorGrad: 0.0161 | CriticGrad: 0.5373 | Noise: 0.0500 | Replay: 50000 | FPS: 18.95 | ETA: 18.5 min
2026-09-19 02:41:00,856 | INFO | Steps: 129536/150000 | Episodes: 253 | LastEpReward: -39.035 | RecentReward: 2.673 | ActorLoss: -3.016498 | CriticLoss: 0.032318 | Q: 2.8770 | TargetQ: 2.8775 | TDAbs: 0.1903 | ActorGrad: 0.0134 | CriticGrad: 0.5810 | Noise: 0.0500 | Replay: 50000 | FPS: 18.96 | ETA: 18.0 min
2026-09-19 02:41:23,276 | INFO | Steps: 130048/150000 | Episodes: 254 | LastEpReward: -41.785 | RecentReward: -3.672 | ActorLoss: -3.316995 | CriticLoss: 0.036461 | Q: 3.2008 | TargetQ: 3.2010 | TDAbs: 0.1998 | ActorGrad: 0.0059 | CriticGrad: 0.6068 | Noise: 0.0500 | Replay: 50000 | FPS: 18.97 | ETA: 17.5 min
2026-09-19 02:41:45,138 | INFO | Steps: 130560/150000 | Episodes: 255 | LastEpReward: -42.021 | RecentReward: -9.864 | ActorLoss: -3.422071 | CriticLoss: 0.038476 | Q: 3.3555 | TargetQ: 3.3546 | TDAbs: 0.2013 | ActorGrad: 0.0060 | CriticGrad: 0.6973 | Noise: 0.0500 | Replay: 50000 | FPS: 18.99 | ETA: 17.1 min
2026-09-19 02:42:07,969 | INFO | Steps: 131072/150000 | Episodes: 256 | LastEpReward: -46.244 | RecentReward: -16.034 | ActorLoss: -3.410621 | CriticLoss: 0.039952 | Q: 3.4049 | TargetQ: 3.4029 | TDAbs: 0.2041 | ActorGrad: 0.0057 | CriticGrad: 0.7765 | Noise: 0.0500 | Replay: 50000 | FPS: 19.00 | ETA: 16.6 min
2026-09-19 02:42:30,252 | INFO | Steps: 131584/150000 | Episodes: 257 | LastEpReward: -42.739 | RecentReward: -21.790 | ActorLoss: -3.291398 | CriticLoss: 0.039392 | Q: 3.3286 | TargetQ: 3.3268 | TDAbs: 0.2025 | ActorGrad: 0.0068 | CriticGrad: 0.7409 | Noise: 0.0500 | Replay: 50000 | FPS: 19.01 | ETA: 16.1 min
2026-09-19 02:42:53,019 | INFO | Steps: 132096/150000 | Episodes: 258 | LastEpReward: -39.795 | RecentReward: -27.016 | ActorLoss: -3.134403 | CriticLoss: 0.038819 | Q: 3.1813 | TargetQ: 3.1805 | TDAbs: 0.2019 | ActorGrad: 0.0072 | CriticGrad: 0.7817 | Noise: 0.0500 | Replay: 50000 | FPS: 19.02 | ETA: 15.7 min
2026-09-19 02:43:14,710 | INFO | Steps: 132608/150000 | Episodes: 259 | LastEpReward: -39.792 | RecentReward: -33.312 | ActorLoss: -2.904620 | CriticLoss: 0.037566 | Q: 2.9617 | TargetQ: 2.9609 | TDAbs: 0.1980 | ActorGrad: 0.0076 | CriticGrad: 0.6890 | Noise: 0.0500 | Replay: 50000 | FPS: 19.04 | ETA: 15.2 min
2026-09-19 02:43:36,444 | INFO | 开始周期评估: Steps=133120 | Episodes=260 | EvalEpisodes=5
2026-09-19 02:44:24,539 | INFO | 周期评估完成: Steps=133120 | MeanReward=-59.505 | StdReward=13.014
2026-09-19 02:44:24,553 | INFO | Steps: 133120/150000 | Episodes: 260 | LastEpReward: -37.286 | RecentReward: -37.028 | ActorLoss: -2.755863 | CriticLoss: 0.034340 | Q: 2.7430 | TargetQ: 2.7403 | TDAbs: 0.1912 | ActorGrad: 0.0215 | CriticGrad: 0.6264 | Noise: 0.0500 | Replay: 50000 | FPS: 18.92 | ETA: 14.9 min
2026-09-19 02:44:47,313 | INFO | Steps: 133632/150000 | Episodes: 261 | LastEpReward: -45.287 | RecentReward: -40.531 | ActorLoss: -2.774469 | CriticLoss: 0.027767 | Q: 2.7580 | TargetQ: 2.7569 | TDAbs: 0.1697 | ActorGrad: 0.0044 | CriticGrad: 0.5666 | Noise: 0.0500 | Replay: 50000 | FPS: 18.93 | ETA: 14.4 min
2026-09-19 02:45:10,318 | INFO | Steps: 134144/150000 | Episodes: 262 | LastEpReward: -37.105 | RecentReward: -41.109 | ActorLoss: -2.738411 | CriticLoss: 0.024941 | Q: 2.7211 | TargetQ: 2.7220 | TDAbs: 0.1621 | ActorGrad: 0.0025 | CriticGrad: 0.5538 | Noise: 0.0500 | Replay: 50000 | FPS: 18.94 | ETA: 13.9 min
2026-09-19 02:45:33,169 | INFO | Steps: 134656/150000 | Episodes: 263 | LastEpReward: -28.114 | RecentReward: -40.017 | ActorLoss: -2.661882 | CriticLoss: 0.021743 | Q: 2.6489 | TargetQ: 2.6487 | TDAbs: 0.1536 | ActorGrad: 0.0022 | CriticGrad: 0.5028 | Noise: 0.0500 | Replay: 50000 | FPS: 18.96 | ETA: 13.5 min
2026-09-19 02:45:55,829 | INFO | Steps: 135168/150000 | Episodes: 264 | LastEpReward: -16.522 | RecentReward: -37.490 | ActorLoss: -2.679237 | CriticLoss: 0.021578 | Q: 2.6655 | TargetQ: 2.6648 | TDAbs: 0.1506 | ActorGrad: 0.0018 | CriticGrad: 0.5023 | Noise: 0.0500 | Replay: 50000 | FPS: 18.97 | ETA: 13.0 min
2026-09-19 02:46:18,538 | INFO | Steps: 135680/150000 | Episodes: 265 | LastEpReward: -48.320 | RecentReward: -38.120 | ActorLoss: -2.616084 | CriticLoss: 0.019557 | Q: 2.6024 | TargetQ: 2.6018 | TDAbs: 0.1470 | ActorGrad: 0.0011 | CriticGrad: 0.4673 | Noise: 0.0500 | Replay: 50000 | FPS: 18.98 | ETA: 12.6 min
2026-09-19 02:46:41,508 | INFO | Steps: 136192/150000 | Episodes: 266 | LastEpReward: -36.657 | RecentReward: -37.162 | ActorLoss: -2.603555 | CriticLoss: 0.018849 | Q: 2.5914 | TargetQ: 2.5916 | TDAbs: 0.1407 | ActorGrad: 0.0016 | CriticGrad: 0.4588 | Noise: 0.0500 | Replay: 50000 | FPS: 18.99 | ETA: 12.1 min
2026-09-19 02:47:04,913 | INFO | Steps: 136704/150000 | Episodes: 267 | LastEpReward: -65.243 | RecentReward: -39.412 | ActorLoss: -2.513513 | CriticLoss: 0.016647 | Q: 2.5013 | TargetQ: 2.5012 | TDAbs: 0.1362 | ActorGrad: 0.0018 | CriticGrad: 0.4169 | Noise: 0.0500 | Replay: 50000 | FPS: 19.00 | ETA: 11.7 min
2026-09-19 02:47:27,475 | INFO | Steps: 137216/150000 | Episodes: 268 | LastEpReward: -74.251 | RecentReward: -42.858 | ActorLoss: -2.477986 | CriticLoss: 0.016544 | Q: 2.4661 | TargetQ: 2.4666 | TDAbs: 0.1357 | ActorGrad: 0.0039 | CriticGrad: 0.4257 | Noise: 0.0500 | Replay: 50000 | FPS: 19.01 | ETA: 11.2 min
2026-09-19 02:47:50,877 | INFO | Steps: 137728/150000 | Episodes: 269 | LastEpReward: -68.045 | RecentReward: -45.683 | ActorLoss: -2.380185 | CriticLoss: 0.016613 | Q: 2.3683 | TargetQ: 2.3683 | TDAbs: 0.1341 | ActorGrad: 0.0020 | CriticGrad: 0.4053 | Noise: 0.0500 | Replay: 50000 | FPS: 19.02 | ETA: 10.8 min
2026-09-19 02:48:13,691 | INFO | 开始周期评估: Steps=138240 | Episodes=270 | EvalEpisodes=5
2026-09-19 02:49:09,832 | INFO | 周期评估完成: Steps=138240 | MeanReward=-59.371 | StdReward=16.590
2026-09-19 02:49:09,853 | INFO | Steps: 138240/150000 | Episodes: 270 | LastEpReward: -51.779 | RecentReward: -47.132 | ActorLoss: -2.318639 | CriticLoss: 0.015740 | Q: 2.3079 | TargetQ: 2.3082 | TDAbs: 0.1313 | ActorGrad: 0.0022 | CriticGrad: 0.4082 | Noise: 0.0500 | Replay: 50000 | FPS: 18.88 | ETA: 10.4 min
2026-09-19 02:49:35,342 | INFO | Steps: 138752/150000 | Episodes: 271 | LastEpReward: -77.956 | RecentReward: -50.399 | ActorLoss: -2.255289 | CriticLoss: 0.015919 | Q: 2.2446 | TargetQ: 2.2450 | TDAbs: 0.1311 | ActorGrad: 0.0033 | CriticGrad: 0.3842 | Noise: 0.0500 | Replay: 50000 | FPS: 18.89 | ETA: 9.9 min
2026-09-19 02:49:59,273 | INFO | Steps: 139264/150000 | Episodes: 272 | LastEpReward: -68.097 | RecentReward: -53.498 | ActorLoss: -2.156314 | CriticLoss: 0.015170 | Q: 2.1449 | TargetQ: 2.1447 | TDAbs: 0.1292 | ActorGrad: 0.0027 | CriticGrad: 0.3939 | Noise: 0.0500 | Replay: 50000 | FPS: 18.90 | ETA: 9.5 min
2026-09-19 02:50:23,171 | INFO | Steps: 139776/150000 | Episodes: 273 | LastEpReward: -46.766 | RecentReward: -55.364 | ActorLoss: -2.059752 | CriticLoss: 0.015364 | Q: 2.0487 | TargetQ: 2.0502 | TDAbs: 0.1290 | ActorGrad: 0.0022 | CriticGrad: 0.3816 | Noise: 0.0500 | Replay: 50000 | FPS: 18.90 | ETA: 9.0 min
2026-09-19 02:50:48,189 | INFO | Steps: 140288/150000 | Episodes: 274 | LastEpReward: -34.946 | RecentReward: -57.206 | ActorLoss: -2.002136 | CriticLoss: 0.014609 | Q: 1.9926 | TargetQ: 1.9925 | TDAbs: 0.1271 | ActorGrad: 0.0021 | CriticGrad: 0.3843 | Noise: 0.0500 | Replay: 50000 | FPS: 18.91 | ETA: 8.6 min
2026-09-19 02:51:12,611 | INFO | Steps: 140800/150000 | Episodes: 275 | LastEpReward: -34.357 | RecentReward: -55.810 | ActorLoss: -1.952377 | CriticLoss: 0.014640 | Q: 1.9419 | TargetQ: 1.9420 | TDAbs: 0.1270 | ActorGrad: 0.0035 | CriticGrad: 0.3735 | Noise: 0.0500 | Replay: 50000 | FPS: 18.92 | ETA: 8.1 min
2026-09-19 02:51:37,744 | INFO | Steps: 141312/150000 | Episodes: 276 | LastEpReward: -80.000 | RecentReward: -60.144 | ActorLoss: -1.841101 | CriticLoss: 0.014212 | Q: 1.8318 | TargetQ: 1.8310 | TDAbs: 0.1259 | ActorGrad: 0.0078 | CriticGrad: 0.3744 | Noise: 0.0500 | Replay: 50000 | FPS: 18.92 | ETA: 7.7 min
2026-09-19 02:52:02,345 | INFO | Steps: 141824/150000 | Episodes: 277 | LastEpReward: 11.286 | RecentReward: -52.491 | ActorLoss: -1.955885 | CriticLoss: 0.019567 | Q: 1.8801 | TargetQ: 1.8818 | TDAbs: 0.1451 | ActorGrad: 0.0925 | CriticGrad: 0.4866 | Noise: 0.0500 | Replay: 50000 | FPS: 18.93 | ETA: 7.2 min
2026-09-19 02:52:25,787 | INFO | Steps: 142336/150000 | Episodes: 278 | LastEpReward: 10.867 | RecentReward: -43.979 | ActorLoss: -2.073687 | CriticLoss: 0.022409 | Q: 2.0004 | TargetQ: 2.0013 | TDAbs: 0.1544 | ActorGrad: 0.0884 | CriticGrad: 0.4725 | Noise: 0.0500 | Replay: 50000 | FPS: 18.94 | ETA: 6.7 min
2026-09-19 02:52:48,435 | INFO | Steps: 142848/150000 | Episodes: 279 | LastEpReward: 7.855 | RecentReward: -36.389 | ActorLoss: -2.129558 | CriticLoss: 0.021460 | Q: 2.0718 | TargetQ: 2.0730 | TDAbs: 0.1508 | ActorGrad: 0.0750 | CriticGrad: 0.4393 | Noise: 0.0500 | Replay: 50000 | FPS: 18.95 | ETA: 6.3 min
2026-09-19 02:53:10,811 | INFO | 开始周期评估: Steps=143360 | Episodes=280 | EvalEpisodes=5
2026-09-19 02:53:48,781 | INFO | 周期评估完成: Steps=143360 | MeanReward=16.584 | StdReward=3.360
2026-09-19 02:53:48,793 | INFO | Steps: 143360/150000 | Episodes: 280 | LastEpReward: 15.441 | RecentReward: -29.667 | ActorLoss: -2.163934 | CriticLoss: 0.021682 | Q: 2.1154 | TargetQ: 2.1169 | TDAbs: 0.1509 | ActorGrad: 0.0827 | CriticGrad: 0.4288 | Noise: 0.0500 | Replay: 50000 | FPS: 18.86 | ETA: 5.9 min
2026-09-19 02:54:10,642 | INFO | Steps: 143872/150000 | Episodes: 281 | LastEpReward: 12.204 | RecentReward: -20.651 | ActorLoss: -2.175508 | CriticLoss: 0.021089 | Q: 2.1412 | TargetQ: 2.1413 | TDAbs: 0.1485 | ActorGrad: 0.0767 | CriticGrad: 0.4604 | Noise: 0.0500 | Replay: 50000 | FPS: 18.88 | ETA: 5.4 min
2026-09-19 02:54:32,815 | INFO | Steps: 144384/150000 | Episodes: 282 | LastEpReward: 24.426 | RecentReward: -11.399 | ActorLoss: -2.220863 | CriticLoss: 0.022004 | Q: 2.1758 | TargetQ: 2.1762 | TDAbs: 0.1519 | ActorGrad: 0.0865 | CriticGrad: 0.4538 | Noise: 0.0500 | Replay: 50000 | FPS: 18.89 | ETA: 5.0 min
2026-09-19 02:54:55,202 | INFO | Steps: 144896/150000 | Episodes: 283 | LastEpReward: 5.300 | RecentReward: -6.192 | ActorLoss: -2.212315 | CriticLoss: 0.022295 | Q: 2.1633 | TargetQ: 2.1625 | TDAbs: 0.1531 | ActorGrad: 0.0923 | CriticGrad: 0.4615 | Noise: 0.0500 | Replay: 50000 | FPS: 18.90 | ETA: 4.5 min
2026-09-19 02:55:17,531 | INFO | Steps: 145408/150000 | Episodes: 284 | LastEpReward: 6.102 | RecentReward: -2.088 | ActorLoss: -2.268093 | CriticLoss: 0.021115 | Q: 2.2176 | TargetQ: 2.2180 | TDAbs: 0.1498 | ActorGrad: 0.0762 | CriticGrad: 0.4432 | Noise: 0.0500 | Replay: 50000 | FPS: 18.91 | ETA: 4.0 min
2026-09-19 02:55:40,135 | INFO | Steps: 145920/150000 | Episodes: 285 | LastEpReward: 9.807 | RecentReward: 2.329 | ActorLoss: -2.295868 | CriticLoss: 0.020923 | Q: 2.2561 | TargetQ: 2.2565 | TDAbs: 0.1488 | ActorGrad: 0.0558 | CriticGrad: 0.4538 | Noise: 0.0500 | Replay: 50000 | FPS: 18.92 | ETA: 3.6 min
2026-09-19 02:56:01,542 | INFO | Steps: 146432/150000 | Episodes: 286 | LastEpReward: 16.965 | RecentReward: 12.025 | ActorLoss: -2.307901 | CriticLoss: 0.021287 | Q: 2.2661 | TargetQ: 2.2659 | TDAbs: 0.1492 | ActorGrad: 0.0791 | CriticGrad: 0.4564 | Noise: 0.0500 | Replay: 50000 | FPS: 18.94 | ETA: 3.1 min
2026-09-19 02:56:23,744 | INFO | Steps: 146944/150000 | Episodes: 287 | LastEpReward: 11.397 | RecentReward: 12.036 | ActorLoss: -2.294124 | CriticLoss: 0.021436 | Q: 2.2489 | TargetQ: 2.2485 | TDAbs: 0.1474 | ActorGrad: 0.0703 | CriticGrad: 0.4700 | Noise: 0.0500 | Replay: 50000 | FPS: 18.95 | ETA: 2.7 min
2026-09-19 02:56:45,874 | INFO | Steps: 147456/150000 | Episodes: 288 | LastEpReward: 9.962 | RecentReward: 11.946 | ActorLoss: -2.309982 | CriticLoss: 0.024286 | Q: 2.2711 | TargetQ: 2.2704 | TDAbs: 0.1531 | ActorGrad: 0.0790 | CriticGrad: 0.5043 | Noise: 0.0500 | Replay: 50000 | FPS: 18.96 | ETA: 2.2 min
2026-09-19 02:57:08,577 | INFO | Steps: 147968/150000 | Episodes: 289 | LastEpReward: 21.578 | RecentReward: 13.318 | ActorLoss: -2.320151 | CriticLoss: 0.021257 | Q: 2.2837 | TargetQ: 2.2828 | TDAbs: 0.1478 | ActorGrad: 0.0777 | CriticGrad: 0.5190 | Noise: 0.0500 | Replay: 50000 | FPS: 18.97 | ETA: 1.8 min
2026-09-19 02:57:31,209 | INFO | 开始周期评估: Steps=148480 | Episodes=290 | EvalEpisodes=5
2026-09-19 02:58:09,240 | INFO | 周期评估完成: Steps=148480 | MeanReward=17.705 | StdReward=3.889
2026-09-19 02:58:09,254 | INFO | Steps: 148480/150000 | Episodes: 290 | LastEpReward: 10.981 | RecentReward: 12.872 | ActorLoss: -2.368402 | CriticLoss: 0.020974 | Q: 2.3323 | TargetQ: 2.3315 | TDAbs: 0.1462 | ActorGrad: 0.0541 | CriticGrad: 0.4891 | Noise: 0.0500 | Replay: 50000 | FPS: 18.89 | ETA: 1.3 min
2026-09-19 02:58:31,305 | INFO | Steps: 148992/150000 | Episodes: 291 | LastEpReward: 16.772 | RecentReward: 13.329 | ActorLoss: -2.378357 | CriticLoss: 0.021419 | Q: 2.3416 | TargetQ: 2.3409 | TDAbs: 0.1469 | ActorGrad: 0.0490 | CriticGrad: 0.5094 | Noise: 0.0500 | Replay: 50000 | FPS: 18.90 | ETA: 0.9 min
2026-09-19 02:58:53,366 | INFO | Steps: 149504/150000 | Episodes: 292 | LastEpReward: 11.367 | RecentReward: 12.023 | ActorLoss: -2.358251 | CriticLoss: 0.020737 | Q: 2.3214 | TargetQ: 2.3207 | TDAbs: 0.1432 | ActorGrad: 0.0681 | CriticGrad: 0.4832 | Noise: 0.0500 | Replay: 50000 | FPS: 18.91 | ETA: 0.4 min
2026-09-19 02:59:15,160 | INFO | Steps: 150000/150000 | Episodes: 292 | LastEpReward: 11.367 | RecentReward: 12.023 | ActorLoss: -2.361830 | CriticLoss: 0.021878 | Q: 2.3276 | TargetQ: 2.3273 | TDAbs: 0.1467 | ActorGrad: 0.0675 | CriticGrad: 0.5266 | Noise: 0.0500 | Replay: 50000 | FPS: 18.93 | ETA: 0.0 min
2026-09-19 03:00:31,755 | INFO | MADDPG 训练与评估完成，最佳权重: /home/pjpjq/LEO_switch/results/multiseed_0907/seed43/u40/learned_baselines/maddpg/maddpg_model.pt
