2026-09-17 02:03:57,275 | INFO | ============================================================
2026-09-17 02:03:57,275 | INFO | 开始训练纯 PDQN 基线
2026-09-17 02:03:57,275 | INFO | 总步数: 150000 | warmup: 1000 | batch: 128 | 日志间隔: 512 steps | 保存间隔: 50000 steps | device: cuda
2026-09-17 02:03:57,275 | INFO | ============================================================
2026-09-17 02:04:02,601 | INFO | Steps: 512/150000 | Episodes: 1 | CurrentEpReward: 0.000 | RecentReward: -18.607 | QLoss: 0.000000 | ParamLoss: 0.000000 | Epsilon: 1.0000 | Replay: 512
2026-09-17 02:04:08,418 | INFO | Steps: 1024/150000 | Episodes: 2 | CurrentEpReward: 0.000 | RecentReward: -16.549 | QLoss: 0.182879 | ParamLoss: -0.013386 | Epsilon: 0.9993 | Replay: 1024
2026-09-17 02:04:30,362 | INFO | Steps: 1536/150000 | Episodes: 3 | CurrentEpReward: 0.000 | RecentReward: -16.665 | QLoss: 0.173598 | ParamLoss: -0.019801 | Epsilon: 0.9860 | Replay: 1536
2026-09-17 02:04:52,370 | INFO | Steps: 2048/150000 | Episodes: 4 | CurrentEpReward: 0.000 | RecentReward: -18.381 | QLoss: 0.184071 | ParamLoss: -0.025152 | Epsilon: 0.9726 | Replay: 2048
2026-09-17 02:05:14,053 | INFO | Steps: 2560/150000 | Episodes: 5 | CurrentEpReward: 0.000 | RecentReward: -18.339 | QLoss: 0.186667 | ParamLoss: -0.030493 | Epsilon: 0.9592 | Replay: 2560
2026-09-17 02:05:36,064 | INFO | Steps: 3072/150000 | Episodes: 6 | CurrentEpReward: 0.000 | RecentReward: -18.871 | QLoss: 0.189545 | ParamLoss: -0.035552 | Epsilon: 0.9458 | Replay: 3072
2026-09-17 02:05:58,750 | INFO | Steps: 3584/150000 | Episodes: 7 | CurrentEpReward: 0.000 | RecentReward: -18.552 | QLoss: 0.190913 | ParamLoss: -0.037570 | Epsilon: 0.9324 | Replay: 3584
2026-09-17 02:06:21,133 | INFO | Steps: 4096/150000 | Episodes: 8 | CurrentEpReward: 0.000 | RecentReward: -17.935 | QLoss: 0.195673 | ParamLoss: -0.038271 | Epsilon: 0.9191 | Replay: 4096
2026-09-17 02:06:43,738 | INFO | Steps: 4608/150000 | Episodes: 9 | CurrentEpReward: 0.000 | RecentReward: -18.073 | QLoss: 0.197834 | ParamLoss: -0.045039 | Epsilon: 0.9057 | Replay: 4608
2026-09-17 02:07:06,816 | INFO | Steps: 5120/150000 | Episodes: 10 | CurrentEpReward: 0.000 | RecentReward: -18.132 | QLoss: 0.198358 | ParamLoss: -0.051789 | Epsilon: 0.8923 | Replay: 5120
2026-09-17 02:07:28,925 | INFO | Steps: 5632/150000 | Episodes: 11 | CurrentEpReward: 0.000 | RecentReward: -16.516 | QLoss: 0.197355 | ParamLoss: -0.058745 | Epsilon: 0.8789 | Replay: 5632
2026-09-17 02:07:49,161 | INFO | Steps: 6144/150000 | Episodes: 12 | CurrentEpReward: 0.000 | RecentReward: -16.477 | QLoss: 0.198359 | ParamLoss: -0.062723 | Epsilon: 0.8655 | Replay: 6144
2026-09-17 02:08:09,310 | INFO | Steps: 6656/150000 | Episodes: 13 | CurrentEpReward: 0.000 | RecentReward: -15.975 | QLoss: 0.198957 | ParamLoss: -0.066941 | Epsilon: 0.8522 | Replay: 6656
2026-09-17 02:08:30,114 | INFO | Steps: 7168/150000 | Episodes: 14 | CurrentEpReward: 0.000 | RecentReward: -14.482 | QLoss: 0.198642 | ParamLoss: -0.068038 | Epsilon: 0.8388 | Replay: 7168
2026-09-17 02:08:50,911 | INFO | Steps: 7680/150000 | Episodes: 15 | CurrentEpReward: 0.000 | RecentReward: -13.604 | QLoss: 0.202092 | ParamLoss: -0.074707 | Epsilon: 0.8254 | Replay: 7680
2026-09-17 02:09:11,173 | INFO | Steps: 8192/150000 | Episodes: 16 | CurrentEpReward: 0.000 | RecentReward: -11.973 | QLoss: 0.199527 | ParamLoss: -0.079637 | Epsilon: 0.8120 | Replay: 8192
2026-09-17 02:09:31,352 | INFO | Steps: 8704/150000 | Episodes: 17 | CurrentEpReward: 0.000 | RecentReward: -11.816 | QLoss: 0.205064 | ParamLoss: -0.079977 | Epsilon: 0.7986 | Replay: 8704
2026-09-17 02:09:52,792 | INFO | Steps: 9216/150000 | Episodes: 18 | CurrentEpReward: 0.000 | RecentReward: -11.216 | QLoss: 0.206411 | ParamLoss: -0.087519 | Epsilon: 0.7853 | Replay: 9216
2026-09-17 02:10:13,674 | INFO | Steps: 9728/150000 | Episodes: 19 | CurrentEpReward: 0.000 | RecentReward: -10.489 | QLoss: 0.209612 | ParamLoss: -0.093754 | Epsilon: 0.7719 | Replay: 9728
2026-09-17 02:10:34,603 | INFO | Steps: 10240/150000 | Episodes: 20 | CurrentEpReward: 0.000 | RecentReward: -9.391 | QLoss: 0.209927 | ParamLoss: -0.095532 | Epsilon: 0.7585 | Replay: 10240
2026-09-17 02:10:56,709 | INFO | Steps: 10752/150000 | Episodes: 21 | CurrentEpReward: 0.000 | RecentReward: -9.580 | QLoss: 0.211478 | ParamLoss: -0.101538 | Epsilon: 0.7451 | Replay: 10752
2026-09-17 02:11:17,485 | INFO | Steps: 11264/150000 | Episodes: 22 | CurrentEpReward: 0.000 | RecentReward: -9.531 | QLoss: 0.217578 | ParamLoss: -0.108846 | Epsilon: 0.7317 | Replay: 11264
2026-09-17 02:11:39,129 | INFO | Steps: 11776/150000 | Episodes: 23 | CurrentEpReward: 0.000 | RecentReward: -7.986 | QLoss: 0.214012 | ParamLoss: -0.116312 | Epsilon: 0.7184 | Replay: 11776
2026-09-17 02:12:01,139 | INFO | Steps: 12288/150000 | Episodes: 24 | CurrentEpReward: 0.000 | RecentReward: -7.522 | QLoss: 0.220073 | ParamLoss: -0.121805 | Epsilon: 0.7050 | Replay: 12288
2026-09-17 02:12:23,299 | INFO | Steps: 12800/150000 | Episodes: 25 | CurrentEpReward: 0.000 | RecentReward: -6.885 | QLoss: 0.225082 | ParamLoss: -0.126586 | Epsilon: 0.6916 | Replay: 12800
2026-09-17 02:12:45,123 | INFO | Steps: 13312/150000 | Episodes: 26 | CurrentEpReward: 0.000 | RecentReward: -6.959 | QLoss: 0.232260 | ParamLoss: -0.130497 | Epsilon: 0.6782 | Replay: 13312
2026-09-17 02:13:06,847 | INFO | Steps: 13824/150000 | Episodes: 27 | CurrentEpReward: 0.000 | RecentReward: -5.354 | QLoss: 0.230645 | ParamLoss: -0.129155 | Epsilon: 0.6648 | Replay: 13824
2026-09-17 02:13:28,216 | INFO | Steps: 14336/150000 | Episodes: 28 | CurrentEpReward: 0.000 | RecentReward: -4.878 | QLoss: 0.224838 | ParamLoss: -0.134914 | Epsilon: 0.6515 | Replay: 14336
2026-09-17 02:13:46,992 | INFO | Steps: 14848/150000 | Episodes: 29 | CurrentEpReward: 0.000 | RecentReward: -4.951 | QLoss: 0.236033 | ParamLoss: -0.140733 | Epsilon: 0.6381 | Replay: 14848
2026-09-17 02:14:07,447 | INFO | Steps: 15360/150000 | Episodes: 30 | CurrentEpReward: 0.000 | RecentReward: -4.009 | QLoss: 0.234431 | ParamLoss: -0.149901 | Epsilon: 0.6247 | Replay: 15360
2026-09-17 02:14:27,269 | INFO | Steps: 15872/150000 | Episodes: 31 | CurrentEpReward: 0.000 | RecentReward: -3.925 | QLoss: 0.239994 | ParamLoss: -0.154583 | Epsilon: 0.6113 | Replay: 15872
2026-09-17 02:14:47,437 | INFO | Steps: 16384/150000 | Episodes: 32 | CurrentEpReward: 0.000 | RecentReward: -1.701 | QLoss: 0.245129 | ParamLoss: -0.157524 | Epsilon: 0.5979 | Replay: 16384
2026-09-17 02:15:07,769 | INFO | Steps: 16896/150000 | Episodes: 33 | CurrentEpReward: 0.000 | RecentReward: -2.447 | QLoss: 0.242568 | ParamLoss: -0.161005 | Epsilon: 0.5846 | Replay: 16896
2026-09-17 02:15:29,043 | INFO | Steps: 17408/150000 | Episodes: 34 | CurrentEpReward: 0.000 | RecentReward: -1.231 | QLoss: 0.249794 | ParamLoss: -0.171377 | Epsilon: 0.5712 | Replay: 17408
2026-09-17 02:15:50,051 | INFO | Steps: 17920/150000 | Episodes: 35 | CurrentEpReward: 0.000 | RecentReward: -0.995 | QLoss: 0.250602 | ParamLoss: -0.179073 | Epsilon: 0.5578 | Replay: 17920
2026-09-17 02:16:09,358 | INFO | Steps: 18432/150000 | Episodes: 36 | CurrentEpReward: 0.000 | RecentReward: -0.710 | QLoss: 0.262017 | ParamLoss: -0.177096 | Epsilon: 0.5444 | Replay: 18432
2026-09-17 02:16:30,226 | INFO | Steps: 18944/150000 | Episodes: 37 | CurrentEpReward: 0.000 | RecentReward: -0.950 | QLoss: 0.274982 | ParamLoss: -0.180136 | Epsilon: 0.5310 | Replay: 18944
2026-09-17 02:16:50,971 | INFO | Steps: 19456/150000 | Episodes: 38 | CurrentEpReward: 0.000 | RecentReward: -1.127 | QLoss: 0.257564 | ParamLoss: -0.182694 | Epsilon: 0.5177 | Replay: 19456
2026-09-17 02:17:11,829 | INFO | Steps: 19968/150000 | Episodes: 39 | CurrentEpReward: 0.000 | RecentReward: 0.613 | QLoss: 0.273603 | ParamLoss: -0.188441 | Epsilon: 0.5043 | Replay: 19968
2026-09-17 02:17:32,417 | INFO | Steps: 20480/150000 | Episodes: 40 | CurrentEpReward: 0.000 | RecentReward: 1.525 | QLoss: 0.267278 | ParamLoss: -0.195944 | Epsilon: 0.4909 | Replay: 20480
2026-09-17 02:17:53,138 | INFO | Steps: 20992/150000 | Episodes: 41 | CurrentEpReward: 0.000 | RecentReward: 2.586 | QLoss: 0.265814 | ParamLoss: -0.196284 | Epsilon: 0.4775 | Replay: 20992
2026-09-17 02:18:13,998 | INFO | Steps: 21504/150000 | Episodes: 42 | CurrentEpReward: 0.000 | RecentReward: 1.890 | QLoss: 0.274132 | ParamLoss: -0.199639 | Epsilon: 0.4641 | Replay: 21504
2026-09-17 02:18:35,378 | INFO | Steps: 22016/150000 | Episodes: 43 | CurrentEpReward: 0.000 | RecentReward: 2.499 | QLoss: 0.274447 | ParamLoss: -0.200778 | Epsilon: 0.4508 | Replay: 22016
2026-09-17 02:18:55,532 | INFO | Steps: 22528/150000 | Episodes: 44 | CurrentEpReward: 0.000 | RecentReward: 2.803 | QLoss: 0.272166 | ParamLoss: -0.200253 | Epsilon: 0.4374 | Replay: 22528
2026-09-17 02:19:16,137 | INFO | Steps: 23040/150000 | Episodes: 45 | CurrentEpReward: 0.000 | RecentReward: 3.406 | QLoss: 0.267174 | ParamLoss: -0.202058 | Epsilon: 0.4240 | Replay: 23040
2026-09-17 02:19:38,328 | INFO | Steps: 23552/150000 | Episodes: 46 | CurrentEpReward: 0.000 | RecentReward: 4.787 | QLoss: 0.272189 | ParamLoss: -0.208780 | Epsilon: 0.4106 | Replay: 23552
2026-09-17 02:19:59,631 | INFO | Steps: 24064/150000 | Episodes: 47 | CurrentEpReward: 0.000 | RecentReward: 5.544 | QLoss: 0.268070 | ParamLoss: -0.212479 | Epsilon: 0.3972 | Replay: 24064
2026-09-17 02:20:21,183 | INFO | Steps: 24576/150000 | Episodes: 48 | CurrentEpReward: 0.000 | RecentReward: 6.950 | QLoss: 0.275531 | ParamLoss: -0.215545 | Epsilon: 0.3839 | Replay: 24576
2026-09-17 02:20:42,551 | INFO | Steps: 25088/150000 | Episodes: 49 | CurrentEpReward: 0.000 | RecentReward: 7.553 | QLoss: 0.278355 | ParamLoss: -0.219508 | Epsilon: 0.3705 | Replay: 25088
2026-09-17 02:21:04,443 | INFO | Steps: 25600/150000 | Episodes: 50 | CurrentEpReward: 0.000 | RecentReward: 8.062 | QLoss: 0.284017 | ParamLoss: -0.219924 | Epsilon: 0.3571 | Replay: 25600
2026-09-17 02:21:25,617 | INFO | Steps: 26112/150000 | Episodes: 51 | CurrentEpReward: 0.000 | RecentReward: 8.871 | QLoss: 0.288618 | ParamLoss: -0.223909 | Epsilon: 0.3437 | Replay: 26112
2026-09-17 02:21:48,432 | INFO | Steps: 26624/150000 | Episodes: 52 | CurrentEpReward: 0.000 | RecentReward: 10.692 | QLoss: 0.273025 | ParamLoss: -0.227016 | Epsilon: 0.3303 | Replay: 26624
2026-09-17 02:22:09,795 | INFO | Steps: 27136/150000 | Episodes: 53 | CurrentEpReward: 0.000 | RecentReward: 12.721 | QLoss: 0.280657 | ParamLoss: -0.229883 | Epsilon: 0.3170 | Replay: 27136
2026-09-17 02:22:30,842 | INFO | Steps: 27648/150000 | Episodes: 54 | CurrentEpReward: 0.000 | RecentReward: 12.612 | QLoss: 0.270648 | ParamLoss: -0.230280 | Epsilon: 0.3036 | Replay: 27648
2026-09-17 02:22:52,788 | INFO | Steps: 28160/150000 | Episodes: 55 | CurrentEpReward: 0.000 | RecentReward: 13.631 | QLoss: 0.279553 | ParamLoss: -0.231855 | Epsilon: 0.2902 | Replay: 28160
2026-09-17 02:23:15,519 | INFO | Steps: 28672/150000 | Episodes: 56 | CurrentEpReward: 0.000 | RecentReward: 14.864 | QLoss: 0.276335 | ParamLoss: -0.232075 | Epsilon: 0.2768 | Replay: 28672
2026-09-17 02:23:38,564 | INFO | Steps: 29184/150000 | Episodes: 57 | CurrentEpReward: 0.000 | RecentReward: 15.865 | QLoss: 0.277817 | ParamLoss: -0.234746 | Epsilon: 0.2634 | Replay: 29184
2026-09-17 02:24:01,134 | INFO | Steps: 29696/150000 | Episodes: 58 | CurrentEpReward: 0.000 | RecentReward: 16.731 | QLoss: 0.295677 | ParamLoss: -0.234482 | Epsilon: 0.2501 | Replay: 29696
2026-09-17 02:24:23,851 | INFO | Steps: 30208/150000 | Episodes: 59 | CurrentEpReward: 0.000 | RecentReward: 17.312 | QLoss: 0.287228 | ParamLoss: -0.238750 | Epsilon: 0.2367 | Replay: 30208
2026-09-17 02:24:46,025 | INFO | Steps: 30720/150000 | Episodes: 60 | CurrentEpReward: 0.000 | RecentReward: 19.230 | QLoss: 0.280078 | ParamLoss: -0.240499 | Epsilon: 0.2233 | Replay: 30720
2026-09-17 02:25:08,191 | INFO | Steps: 31232/150000 | Episodes: 61 | CurrentEpReward: 0.000 | RecentReward: 21.643 | QLoss: 0.292677 | ParamLoss: -0.253191 | Epsilon: 0.2099 | Replay: 31232
2026-09-17 02:25:30,759 | INFO | Steps: 31744/150000 | Episodes: 62 | CurrentEpReward: 0.000 | RecentReward: 22.793 | QLoss: 0.291219 | ParamLoss: -0.256254 | Epsilon: 0.1965 | Replay: 31744
2026-09-17 02:25:52,086 | INFO | Steps: 32256/150000 | Episodes: 63 | CurrentEpReward: 0.000 | RecentReward: 24.083 | QLoss: 0.287045 | ParamLoss: -0.262348 | Epsilon: 0.1832 | Replay: 32256
2026-09-17 02:26:12,127 | INFO | Steps: 32768/150000 | Episodes: 64 | CurrentEpReward: 0.000 | RecentReward: 27.104 | QLoss: 0.313208 | ParamLoss: -0.273046 | Epsilon: 0.1698 | Replay: 32768
2026-09-17 02:26:32,146 | INFO | Steps: 33280/150000 | Episodes: 65 | CurrentEpReward: 0.000 | RecentReward: 28.376 | QLoss: 0.311357 | ParamLoss: -0.279751 | Epsilon: 0.1564 | Replay: 33280
2026-09-17 02:26:52,563 | INFO | Steps: 33792/150000 | Episodes: 66 | CurrentEpReward: 0.000 | RecentReward: 29.629 | QLoss: 0.298946 | ParamLoss: -0.288505 | Epsilon: 0.1430 | Replay: 33792
2026-09-17 02:27:13,609 | INFO | Steps: 34304/150000 | Episodes: 67 | CurrentEpReward: 0.000 | RecentReward: 32.338 | QLoss: 0.310615 | ParamLoss: -0.295580 | Epsilon: 0.1296 | Replay: 34304
2026-09-17 02:27:33,494 | INFO | Steps: 34816/150000 | Episodes: 68 | CurrentEpReward: 0.000 | RecentReward: 34.556 | QLoss: 0.307447 | ParamLoss: -0.301973 | Epsilon: 0.1162 | Replay: 34816
2026-09-17 02:27:54,490 | INFO | Steps: 35328/150000 | Episodes: 69 | CurrentEpReward: 0.000 | RecentReward: 37.069 | QLoss: 0.300620 | ParamLoss: -0.305469 | Epsilon: 0.1029 | Replay: 35328
2026-09-17 02:28:16,439 | INFO | Steps: 35840/150000 | Episodes: 70 | CurrentEpReward: 0.000 | RecentReward: 38.579 | QLoss: 0.307058 | ParamLoss: -0.304769 | Epsilon: 0.0895 | Replay: 35840
2026-09-17 02:28:38,223 | INFO | Steps: 36352/150000 | Episodes: 71 | CurrentEpReward: 0.000 | RecentReward: 38.997 | QLoss: 0.303600 | ParamLoss: -0.307079 | Epsilon: 0.0761 | Replay: 36352
2026-09-17 02:28:59,906 | INFO | Steps: 36864/150000 | Episodes: 72 | CurrentEpReward: 0.000 | RecentReward: 40.971 | QLoss: 0.294423 | ParamLoss: -0.317700 | Epsilon: 0.0627 | Replay: 36864
2026-09-17 02:29:22,219 | INFO | Steps: 37376/150000 | Episodes: 73 | CurrentEpReward: 0.000 | RecentReward: 42.631 | QLoss: 0.316594 | ParamLoss: -0.326080 | Epsilon: 0.0493 | Replay: 37376
2026-09-17 02:29:43,397 | INFO | Steps: 37888/150000 | Episodes: 74 | CurrentEpReward: 0.000 | RecentReward: 44.492 | QLoss: 0.292274 | ParamLoss: -0.323907 | Epsilon: 0.0360 | Replay: 37888
2026-09-17 02:30:05,108 | INFO | Steps: 38400/150000 | Episodes: 75 | CurrentEpReward: 0.000 | RecentReward: 47.306 | QLoss: 0.311323 | ParamLoss: -0.336289 | Epsilon: 0.0226 | Replay: 38400
2026-09-17 02:30:26,935 | INFO | Steps: 38912/150000 | Episodes: 76 | CurrentEpReward: 0.000 | RecentReward: 50.301 | QLoss: 0.292416 | ParamLoss: -0.337162 | Epsilon: 0.0200 | Replay: 38912
2026-09-17 02:30:48,642 | INFO | Steps: 39424/150000 | Episodes: 77 | CurrentEpReward: 0.000 | RecentReward: 52.481 | QLoss: 0.311587 | ParamLoss: -0.337459 | Epsilon: 0.0200 | Replay: 39424
2026-09-17 02:31:11,698 | INFO | Steps: 39936/150000 | Episodes: 78 | CurrentEpReward: 0.000 | RecentReward: 55.295 | QLoss: 0.296965 | ParamLoss: -0.339493 | Epsilon: 0.0200 | Replay: 39936
2026-09-17 02:31:34,149 | INFO | Steps: 40448/150000 | Episodes: 79 | CurrentEpReward: 0.000 | RecentReward: 58.715 | QLoss: 0.318609 | ParamLoss: -0.344870 | Epsilon: 0.0200 | Replay: 40448
2026-09-17 02:31:52,643 | INFO | Steps: 40960/150000 | Episodes: 80 | CurrentEpReward: 0.000 | RecentReward: 59.936 | QLoss: 0.309139 | ParamLoss: -0.348805 | Epsilon: 0.0200 | Replay: 40960
2026-09-17 02:32:12,489 | INFO | Steps: 41472/150000 | Episodes: 81 | CurrentEpReward: 0.000 | RecentReward: 62.698 | QLoss: 0.298669 | ParamLoss: -0.359123 | Epsilon: 0.0200 | Replay: 41472
2026-09-17 02:32:32,889 | INFO | Steps: 41984/150000 | Episodes: 82 | CurrentEpReward: 0.000 | RecentReward: 64.900 | QLoss: 0.301661 | ParamLoss: -0.367419 | Epsilon: 0.0200 | Replay: 41984
2026-09-17 02:32:53,413 | INFO | Steps: 42496/150000 | Episodes: 83 | CurrentEpReward: 0.000 | RecentReward: 66.618 | QLoss: 0.284968 | ParamLoss: -0.368084 | Epsilon: 0.0200 | Replay: 42496
2026-09-17 02:33:13,767 | INFO | Steps: 43008/150000 | Episodes: 84 | CurrentEpReward: 0.000 | RecentReward: 67.263 | QLoss: 0.331707 | ParamLoss: -0.379418 | Epsilon: 0.0200 | Replay: 43008
2026-09-17 02:33:33,945 | INFO | Steps: 43520/150000 | Episodes: 85 | CurrentEpReward: 0.000 | RecentReward: 69.167 | QLoss: 0.324060 | ParamLoss: -0.388221 | Epsilon: 0.0200 | Replay: 43520
2026-09-17 02:33:53,929 | INFO | Steps: 44032/150000 | Episodes: 86 | CurrentEpReward: 0.000 | RecentReward: 70.171 | QLoss: 0.304842 | ParamLoss: -0.387271 | Epsilon: 0.0200 | Replay: 44032
2026-09-17 02:34:13,732 | INFO | Steps: 44544/150000 | Episodes: 87 | CurrentEpReward: 0.000 | RecentReward: 70.921 | QLoss: 0.316407 | ParamLoss: -0.396156 | Epsilon: 0.0200 | Replay: 44544
2026-09-17 02:34:33,962 | INFO | Steps: 45056/150000 | Episodes: 88 | CurrentEpReward: 0.000 | RecentReward: 71.183 | QLoss: 0.337023 | ParamLoss: -0.408708 | Epsilon: 0.0200 | Replay: 45056
2026-09-17 02:34:55,333 | INFO | Steps: 45568/150000 | Episodes: 89 | CurrentEpReward: 0.000 | RecentReward: 70.308 | QLoss: 0.337516 | ParamLoss: -0.422278 | Epsilon: 0.0200 | Replay: 45568
2026-09-17 02:35:15,887 | INFO | Steps: 46080/150000 | Episodes: 90 | CurrentEpReward: 0.000 | RecentReward: 70.925 | QLoss: 0.334116 | ParamLoss: -0.429494 | Epsilon: 0.0200 | Replay: 46080
2026-09-17 02:35:36,410 | INFO | Steps: 46592/150000 | Episodes: 91 | CurrentEpReward: 0.000 | RecentReward: 70.001 | QLoss: 0.350313 | ParamLoss: -0.439253 | Epsilon: 0.0200 | Replay: 46592
2026-09-17 02:35:56,685 | INFO | Steps: 47104/150000 | Episodes: 92 | CurrentEpReward: 0.000 | RecentReward: 68.786 | QLoss: 0.344149 | ParamLoss: -0.438991 | Epsilon: 0.0200 | Replay: 47104
2026-09-17 02:36:16,837 | INFO | Steps: 47616/150000 | Episodes: 93 | CurrentEpReward: 0.000 | RecentReward: 69.169 | QLoss: 0.354519 | ParamLoss: -0.448912 | Epsilon: 0.0200 | Replay: 47616
2026-09-17 02:36:37,095 | INFO | Steps: 48128/150000 | Episodes: 94 | CurrentEpReward: 0.000 | RecentReward: 68.665 | QLoss: 0.349238 | ParamLoss: -0.454004 | Epsilon: 0.0200 | Replay: 48128
2026-09-17 02:36:57,473 | INFO | Steps: 48640/150000 | Episodes: 95 | CurrentEpReward: 0.000 | RecentReward: 68.153 | QLoss: 0.330540 | ParamLoss: -0.459868 | Epsilon: 0.0200 | Replay: 48640
2026-09-17 02:37:18,877 | INFO | Steps: 49152/150000 | Episodes: 96 | CurrentEpReward: 0.000 | RecentReward: 67.809 | QLoss: 0.334317 | ParamLoss: -0.468851 | Epsilon: 0.0200 | Replay: 49152
2026-09-17 02:37:40,347 | INFO | Steps: 49664/150000 | Episodes: 97 | CurrentEpReward: 0.000 | RecentReward: 67.701 | QLoss: 0.328715 | ParamLoss: -0.465555 | Epsilon: 0.0200 | Replay: 49664
2026-09-17 02:38:23,637 | INFO | 新的最佳模型 (reward): 78.245，保存至 /home/pjpjq/LEO_switch/results/multiseed_0907/seed44/u35/learned_baselines/pdqn/best_model.pt
2026-09-17 02:38:23,641 | INFO | 周期权重已保存: /home/pjpjq/LEO_switch/results/multiseed_0907/seed44/u35/learned_baselines/pdqn/checkpoint_50000.pt
2026-09-17 02:38:31,315 | INFO | Steps: 50176/150000 | Episodes: 98 | CurrentEpReward: 0.000 | RecentReward: 67.934 | QLoss: 0.323361 | ParamLoss: -0.470868 | Epsilon: 0.0200 | Replay: 50000
2026-09-17 02:38:52,405 | INFO | Steps: 50688/150000 | Episodes: 99 | CurrentEpReward: 0.000 | RecentReward: 68.636 | QLoss: 0.338806 | ParamLoss: -0.471838 | Epsilon: 0.0200 | Replay: 50000
2026-09-17 02:39:13,354 | INFO | Steps: 51200/150000 | Episodes: 100 | CurrentEpReward: 0.000 | RecentReward: 69.039 | QLoss: 0.353993 | ParamLoss: -0.486292 | Epsilon: 0.0200 | Replay: 50000
2026-09-17 02:39:35,258 | INFO | Steps: 51712/150000 | Episodes: 101 | CurrentEpReward: 0.000 | RecentReward: 70.174 | QLoss: 0.340228 | ParamLoss: -0.490330 | Epsilon: 0.0200 | Replay: 50000
2026-09-17 02:39:56,930 | INFO | Steps: 52224/150000 | Episodes: 102 | CurrentEpReward: 0.000 | RecentReward: 71.255 | QLoss: 0.320677 | ParamLoss: -0.505090 | Epsilon: 0.0200 | Replay: 50000
2026-09-17 02:40:18,363 | INFO | Steps: 52736/150000 | Episodes: 103 | CurrentEpReward: 0.000 | RecentReward: 70.649 | QLoss: 0.330439 | ParamLoss: -0.501447 | Epsilon: 0.0200 | Replay: 50000
2026-09-17 02:40:41,187 | INFO | Steps: 53248/150000 | Episodes: 104 | CurrentEpReward: 0.000 | RecentReward: 71.652 | QLoss: 0.330711 | ParamLoss: -0.506791 | Epsilon: 0.0200 | Replay: 50000
2026-09-17 02:41:03,492 | INFO | Steps: 53760/150000 | Episodes: 105 | CurrentEpReward: 0.000 | RecentReward: 71.884 | QLoss: 0.303393 | ParamLoss: -0.517450 | Epsilon: 0.0200 | Replay: 50000
2026-09-17 02:41:24,637 | INFO | Steps: 54272/150000 | Episodes: 106 | CurrentEpReward: 0.000 | RecentReward: 71.577 | QLoss: 0.358069 | ParamLoss: -0.519400 | Epsilon: 0.0200 | Replay: 50000
2026-09-17 02:41:46,706 | INFO | Steps: 54784/150000 | Episodes: 107 | CurrentEpReward: 0.000 | RecentReward: 70.883 | QLoss: 0.332881 | ParamLoss: -0.518359 | Epsilon: 0.0200 | Replay: 50000
2026-09-17 02:42:07,842 | INFO | Steps: 55296/150000 | Episodes: 108 | CurrentEpReward: 0.000 | RecentReward: 70.722 | QLoss: 0.323116 | ParamLoss: -0.521394 | Epsilon: 0.0200 | Replay: 50000
2026-09-17 02:42:30,979 | INFO | Steps: 55808/150000 | Episodes: 109 | CurrentEpReward: 0.000 | RecentReward: 70.299 | QLoss: 0.343002 | ParamLoss: -0.525592 | Epsilon: 0.0200 | Replay: 50000
2026-09-17 02:42:53,656 | INFO | Steps: 56320/150000 | Episodes: 110 | CurrentEpReward: 0.000 | RecentReward: 70.375 | QLoss: 0.342706 | ParamLoss: -0.535807 | Epsilon: 0.0200 | Replay: 50000
2026-09-17 02:43:16,310 | INFO | Steps: 56832/150000 | Episodes: 111 | CurrentEpReward: 0.000 | RecentReward: 70.508 | QLoss: 0.315619 | ParamLoss: -0.543252 | Epsilon: 0.0200 | Replay: 50000
2026-09-17 02:43:38,670 | INFO | Steps: 57344/150000 | Episodes: 112 | CurrentEpReward: 0.000 | RecentReward: 70.325 | QLoss: 0.299947 | ParamLoss: -0.550784 | Epsilon: 0.0200 | Replay: 50000
2026-09-17 02:43:58,963 | INFO | Steps: 57856/150000 | Episodes: 113 | CurrentEpReward: 0.000 | RecentReward: 70.454 | QLoss: 0.333239 | ParamLoss: -0.545094 | Epsilon: 0.0200 | Replay: 50000
2026-09-17 02:44:19,226 | INFO | Steps: 58368/150000 | Episodes: 114 | CurrentEpReward: 0.000 | RecentReward: 70.608 | QLoss: 0.330771 | ParamLoss: -0.552282 | Epsilon: 0.0200 | Replay: 50000
2026-09-17 02:44:40,015 | INFO | Steps: 58880/150000 | Episodes: 115 | CurrentEpReward: 0.000 | RecentReward: 70.470 | QLoss: 0.307027 | ParamLoss: -0.556575 | Epsilon: 0.0200 | Replay: 50000
2026-09-17 02:45:01,808 | INFO | Steps: 59392/150000 | Episodes: 116 | CurrentEpReward: 0.000 | RecentReward: 71.429 | QLoss: 0.353477 | ParamLoss: -0.570653 | Epsilon: 0.0200 | Replay: 50000
2026-09-17 02:45:22,697 | INFO | Steps: 59904/150000 | Episodes: 117 | CurrentEpReward: 0.000 | RecentReward: 71.712 | QLoss: 0.348312 | ParamLoss: -0.580220 | Epsilon: 0.0200 | Replay: 50000
2026-09-17 02:45:43,328 | INFO | Steps: 60416/150000 | Episodes: 118 | CurrentEpReward: 0.000 | RecentReward: 71.612 | QLoss: 0.330288 | ParamLoss: -0.577251 | Epsilon: 0.0200 | Replay: 50000
2026-09-17 02:46:04,217 | INFO | Steps: 60928/150000 | Episodes: 119 | CurrentEpReward: 0.000 | RecentReward: 71.931 | QLoss: 0.321007 | ParamLoss: -0.585895 | Epsilon: 0.0200 | Replay: 50000
2026-09-17 02:46:26,314 | INFO | Steps: 61440/150000 | Episodes: 120 | CurrentEpReward: 0.000 | RecentReward: 72.172 | QLoss: 0.363009 | ParamLoss: -0.601227 | Epsilon: 0.0200 | Replay: 50000
2026-09-17 02:46:48,128 | INFO | Steps: 61952/150000 | Episodes: 121 | CurrentEpReward: 0.000 | RecentReward: 72.063 | QLoss: 0.357320 | ParamLoss: -0.611550 | Epsilon: 0.0200 | Replay: 50000
2026-09-17 02:47:09,269 | INFO | Steps: 62464/150000 | Episodes: 122 | CurrentEpReward: 0.000 | RecentReward: 72.124 | QLoss: 0.342313 | ParamLoss: -0.622818 | Epsilon: 0.0200 | Replay: 50000
2026-09-17 02:47:31,872 | INFO | Steps: 62976/150000 | Episodes: 123 | CurrentEpReward: 0.000 | RecentReward: 72.769 | QLoss: 0.359130 | ParamLoss: -0.631888 | Epsilon: 0.0200 | Replay: 50000
2026-09-17 02:47:52,846 | INFO | Steps: 63488/150000 | Episodes: 124 | CurrentEpReward: 0.000 | RecentReward: 73.316 | QLoss: 0.324448 | ParamLoss: -0.636824 | Epsilon: 0.0200 | Replay: 50000
2026-09-17 02:48:13,923 | INFO | Steps: 64000/150000 | Episodes: 125 | CurrentEpReward: 0.000 | RecentReward: 72.744 | QLoss: 0.341420 | ParamLoss: -0.643894 | Epsilon: 0.0200 | Replay: 50000
2026-09-17 02:48:35,834 | INFO | Steps: 64512/150000 | Episodes: 126 | CurrentEpReward: 0.000 | RecentReward: 71.544 | QLoss: 0.373271 | ParamLoss: -0.646630 | Epsilon: 0.0200 | Replay: 50000
2026-09-17 02:48:58,040 | INFO | Steps: 65024/150000 | Episodes: 127 | CurrentEpReward: 0.000 | RecentReward: 72.662 | QLoss: 0.335982 | ParamLoss: -0.651868 | Epsilon: 0.0200 | Replay: 50000
2026-09-17 02:49:20,470 | INFO | Steps: 65536/150000 | Episodes: 128 | CurrentEpReward: 0.000 | RecentReward: 72.869 | QLoss: 0.331112 | ParamLoss: -0.662378 | Epsilon: 0.0200 | Replay: 50000
2026-09-17 02:49:41,685 | INFO | Steps: 66048/150000 | Episodes: 129 | CurrentEpReward: 0.000 | RecentReward: 73.263 | QLoss: 0.336852 | ParamLoss: -0.659320 | Epsilon: 0.0200 | Replay: 50000
2026-09-17 02:50:01,190 | INFO | Steps: 66560/150000 | Episodes: 130 | CurrentEpReward: 0.000 | RecentReward: 73.174 | QLoss: 0.336546 | ParamLoss: -0.662754 | Epsilon: 0.0200 | Replay: 50000
2026-09-17 02:50:20,173 | INFO | Steps: 67072/150000 | Episodes: 131 | CurrentEpReward: 0.000 | RecentReward: 72.625 | QLoss: 0.356794 | ParamLoss: -0.673903 | Epsilon: 0.0200 | Replay: 50000
2026-09-17 02:50:40,938 | INFO | Steps: 67584/150000 | Episodes: 132 | CurrentEpReward: 0.000 | RecentReward: 72.688 | QLoss: 0.413261 | ParamLoss: -0.680406 | Epsilon: 0.0200 | Replay: 50000
2026-09-17 02:51:01,808 | INFO | Steps: 68096/150000 | Episodes: 133 | CurrentEpReward: 0.000 | RecentReward: 72.386 | QLoss: 0.353377 | ParamLoss: -0.681928 | Epsilon: 0.0200 | Replay: 50000
2026-09-17 02:51:22,164 | INFO | Steps: 68608/150000 | Episodes: 134 | CurrentEpReward: 0.000 | RecentReward: 72.576 | QLoss: 0.342437 | ParamLoss: -0.701722 | Epsilon: 0.0200 | Replay: 50000
2026-09-17 02:51:42,179 | INFO | Steps: 69120/150000 | Episodes: 135 | CurrentEpReward: 0.000 | RecentReward: 73.372 | QLoss: 0.393464 | ParamLoss: -0.701375 | Epsilon: 0.0200 | Replay: 50000
2026-09-17 02:52:02,608 | INFO | Steps: 69632/150000 | Episodes: 136 | CurrentEpReward: 0.000 | RecentReward: 73.416 | QLoss: 0.435549 | ParamLoss: -0.705376 | Epsilon: 0.0200 | Replay: 50000
2026-09-17 02:52:23,740 | INFO | Steps: 70144/150000 | Episodes: 137 | CurrentEpReward: 0.000 | RecentReward: 73.035 | QLoss: 0.408127 | ParamLoss: -0.708117 | Epsilon: 0.0200 | Replay: 50000
2026-09-17 02:52:45,133 | INFO | Steps: 70656/150000 | Episodes: 138 | CurrentEpReward: 0.000 | RecentReward: 73.203 | QLoss: 0.350095 | ParamLoss: -0.724832 | Epsilon: 0.0200 | Replay: 50000
2026-09-17 02:53:05,589 | INFO | Steps: 71168/150000 | Episodes: 139 | CurrentEpReward: 0.000 | RecentReward: 71.928 | QLoss: 0.408629 | ParamLoss: -0.729998 | Epsilon: 0.0200 | Replay: 50000
2026-09-17 02:53:26,427 | INFO | Steps: 71680/150000 | Episodes: 140 | CurrentEpReward: 0.000 | RecentReward: 72.135 | QLoss: 0.430386 | ParamLoss: -0.735798 | Epsilon: 0.0200 | Replay: 50000
2026-09-17 02:53:47,479 | INFO | Steps: 72192/150000 | Episodes: 141 | CurrentEpReward: 0.000 | RecentReward: 72.995 | QLoss: 0.384577 | ParamLoss: -0.736690 | Epsilon: 0.0200 | Replay: 50000
2026-09-17 02:54:08,319 | INFO | Steps: 72704/150000 | Episodes: 142 | CurrentEpReward: 0.000 | RecentReward: 73.402 | QLoss: 0.421123 | ParamLoss: -0.750897 | Epsilon: 0.0200 | Replay: 50000
2026-09-17 02:54:29,810 | INFO | Steps: 73216/150000 | Episodes: 143 | CurrentEpReward: 0.000 | RecentReward: 73.944 | QLoss: 0.423258 | ParamLoss: -0.754021 | Epsilon: 0.0200 | Replay: 50000
2026-09-17 02:54:50,205 | INFO | Steps: 73728/150000 | Episodes: 144 | CurrentEpReward: 0.000 | RecentReward: 73.468 | QLoss: 0.363268 | ParamLoss: -0.762579 | Epsilon: 0.0200 | Replay: 50000
2026-09-17 02:55:11,768 | INFO | Steps: 74240/150000 | Episodes: 145 | CurrentEpReward: 0.000 | RecentReward: 73.192 | QLoss: 0.406423 | ParamLoss: -0.767307 | Epsilon: 0.0200 | Replay: 50000
2026-09-17 02:55:32,942 | INFO | Steps: 74752/150000 | Episodes: 146 | CurrentEpReward: 0.000 | RecentReward: 73.220 | QLoss: 0.418771 | ParamLoss: -0.775177 | Epsilon: 0.0200 | Replay: 50000
2026-09-17 02:55:54,103 | INFO | Steps: 75264/150000 | Episodes: 147 | CurrentEpReward: 0.000 | RecentReward: 73.355 | QLoss: 0.419831 | ParamLoss: -0.779725 | Epsilon: 0.0200 | Replay: 50000
2026-09-17 02:56:15,276 | INFO | Steps: 75776/150000 | Episodes: 148 | CurrentEpReward: 0.000 | RecentReward: 72.259 | QLoss: 0.423355 | ParamLoss: -0.795062 | Epsilon: 0.0200 | Replay: 50000
2026-09-17 02:56:36,401 | INFO | Steps: 76288/150000 | Episodes: 149 | CurrentEpReward: 0.000 | RecentReward: 73.361 | QLoss: 0.369946 | ParamLoss: -0.796058 | Epsilon: 0.0200 | Replay: 50000
2026-09-17 02:56:58,365 | INFO | Steps: 76800/150000 | Episodes: 150 | CurrentEpReward: 0.000 | RecentReward: 72.769 | QLoss: 0.444344 | ParamLoss: -0.808308 | Epsilon: 0.0200 | Replay: 50000
2026-09-17 02:57:20,655 | INFO | Steps: 77312/150000 | Episodes: 151 | CurrentEpReward: 0.000 | RecentReward: 71.786 | QLoss: 0.487126 | ParamLoss: -0.809157 | Epsilon: 0.0200 | Replay: 50000
2026-09-17 02:57:42,883 | INFO | Steps: 77824/150000 | Episodes: 152 | CurrentEpReward: 0.000 | RecentReward: 72.013 | QLoss: 0.473044 | ParamLoss: -0.826332 | Epsilon: 0.0200 | Replay: 50000
2026-09-17 02:58:04,351 | INFO | Steps: 78336/150000 | Episodes: 153 | CurrentEpReward: 0.000 | RecentReward: 71.158 | QLoss: 0.458753 | ParamLoss: -0.831705 | Epsilon: 0.0200 | Replay: 50000
2026-09-17 02:58:24,887 | INFO | Steps: 78848/150000 | Episodes: 154 | CurrentEpReward: 0.000 | RecentReward: 71.332 | QLoss: 0.408865 | ParamLoss: -0.832867 | Epsilon: 0.0200 | Replay: 50000
2026-09-17 02:58:47,312 | INFO | Steps: 79360/150000 | Episodes: 155 | CurrentEpReward: 0.000 | RecentReward: 71.753 | QLoss: 0.471532 | ParamLoss: -0.846709 | Epsilon: 0.0200 | Replay: 50000
2026-09-17 02:59:09,607 | INFO | Steps: 79872/150000 | Episodes: 156 | CurrentEpReward: 0.000 | RecentReward: 71.549 | QLoss: 0.511190 | ParamLoss: -0.861695 | Epsilon: 0.0200 | Replay: 50000
2026-09-17 02:59:32,018 | INFO | Steps: 80384/150000 | Episodes: 157 | CurrentEpReward: 0.000 | RecentReward: 72.057 | QLoss: 0.445404 | ParamLoss: -0.864508 | Epsilon: 0.0200 | Replay: 50000
2026-09-17 02:59:54,362 | INFO | Steps: 80896/150000 | Episodes: 158 | CurrentEpReward: 0.000 | RecentReward: 72.666 | QLoss: 0.528966 | ParamLoss: -0.867036 | Epsilon: 0.0200 | Replay: 50000
2026-09-17 03:00:15,292 | INFO | Steps: 81408/150000 | Episodes: 159 | CurrentEpReward: 0.000 | RecentReward: 72.052 | QLoss: 0.523751 | ParamLoss: -0.872954 | Epsilon: 0.0200 | Replay: 50000
2026-09-17 03:00:38,207 | INFO | Steps: 81920/150000 | Episodes: 160 | CurrentEpReward: 0.000 | RecentReward: 72.367 | QLoss: 0.445570 | ParamLoss: -0.894087 | Epsilon: 0.0200 | Replay: 50000
2026-09-17 03:01:01,561 | INFO | Steps: 82432/150000 | Episodes: 161 | CurrentEpReward: 0.000 | RecentReward: 71.835 | QLoss: 0.582766 | ParamLoss: -0.892030 | Epsilon: 0.0200 | Replay: 50000
2026-09-17 03:01:23,736 | INFO | Steps: 82944/150000 | Episodes: 162 | CurrentEpReward: 0.000 | RecentReward: 71.546 | QLoss: 0.496151 | ParamLoss: -0.892550 | Epsilon: 0.0200 | Replay: 50000
2026-09-17 03:01:46,041 | INFO | Steps: 83456/150000 | Episodes: 163 | CurrentEpReward: 0.000 | RecentReward: 72.094 | QLoss: 0.371815 | ParamLoss: -0.896504 | Epsilon: 0.0200 | Replay: 50000
2026-09-17 03:02:08,682 | INFO | Steps: 83968/150000 | Episodes: 164 | CurrentEpReward: 0.000 | RecentReward: 72.303 | QLoss: 0.413311 | ParamLoss: -0.898829 | Epsilon: 0.0200 | Replay: 50000
2026-09-17 03:02:29,584 | INFO | Steps: 84480/150000 | Episodes: 165 | CurrentEpReward: 0.000 | RecentReward: 71.385 | QLoss: 0.448424 | ParamLoss: -0.903750 | Epsilon: 0.0200 | Replay: 50000
2026-09-17 03:02:50,291 | INFO | Steps: 84992/150000 | Episodes: 166 | CurrentEpReward: 0.000 | RecentReward: 72.183 | QLoss: 0.515444 | ParamLoss: -0.915232 | Epsilon: 0.0200 | Replay: 50000
2026-09-17 03:03:11,275 | INFO | Steps: 85504/150000 | Episodes: 167 | CurrentEpReward: 0.000 | RecentReward: 70.367 | QLoss: 0.400918 | ParamLoss: -0.926536 | Epsilon: 0.0200 | Replay: 50000
2026-09-17 03:03:31,798 | INFO | Steps: 86016/150000 | Episodes: 168 | CurrentEpReward: 0.000 | RecentReward: 69.323 | QLoss: 0.544094 | ParamLoss: -0.929168 | Epsilon: 0.0200 | Replay: 50000
2026-09-17 03:03:52,301 | INFO | Steps: 86528/150000 | Episodes: 169 | CurrentEpReward: 0.000 | RecentReward: 69.130 | QLoss: 0.399746 | ParamLoss: -0.947826 | Epsilon: 0.0200 | Replay: 50000
2026-09-17 03:04:13,874 | INFO | Steps: 87040/150000 | Episodes: 170 | CurrentEpReward: 0.000 | RecentReward: 69.003 | QLoss: 0.415804 | ParamLoss: -0.953901 | Epsilon: 0.0200 | Replay: 50000
2026-09-17 03:04:36,505 | INFO | Steps: 87552/150000 | Episodes: 171 | CurrentEpReward: 0.000 | RecentReward: 69.627 | QLoss: 0.480630 | ParamLoss: -0.958743 | Epsilon: 0.0200 | Replay: 50000
2026-09-17 03:04:59,385 | INFO | Steps: 88064/150000 | Episodes: 172 | CurrentEpReward: 0.000 | RecentReward: 69.386 | QLoss: 0.505333 | ParamLoss: -0.967245 | Epsilon: 0.0200 | Replay: 50000
2026-09-17 03:05:21,982 | INFO | Steps: 88576/150000 | Episodes: 173 | CurrentEpReward: 0.000 | RecentReward: 69.065 | QLoss: 0.499552 | ParamLoss: -0.957862 | Epsilon: 0.0200 | Replay: 50000
2026-09-17 03:05:45,422 | INFO | Steps: 89088/150000 | Episodes: 174 | CurrentEpReward: 0.000 | RecentReward: 68.848 | QLoss: 0.549892 | ParamLoss: -0.970187 | Epsilon: 0.0200 | Replay: 50000
2026-09-17 03:06:06,472 | INFO | Steps: 89600/150000 | Episodes: 175 | CurrentEpReward: 0.000 | RecentReward: 68.765 | QLoss: 0.477364 | ParamLoss: -0.967898 | Epsilon: 0.0200 | Replay: 50000
2026-09-17 03:06:28,043 | INFO | Steps: 90112/150000 | Episodes: 176 | CurrentEpReward: 0.000 | RecentReward: 68.128 | QLoss: 0.492812 | ParamLoss: -0.970038 | Epsilon: 0.0200 | Replay: 50000
2026-09-17 03:06:49,586 | INFO | Steps: 90624/150000 | Episodes: 177 | CurrentEpReward: 0.000 | RecentReward: 69.254 | QLoss: 0.619564 | ParamLoss: -0.984279 | Epsilon: 0.0200 | Replay: 50000
2026-09-17 03:07:11,892 | INFO | Steps: 91136/150000 | Episodes: 178 | CurrentEpReward: 0.000 | RecentReward: 69.949 | QLoss: 0.566566 | ParamLoss: -0.993431 | Epsilon: 0.0200 | Replay: 50000
2026-09-17 03:07:34,052 | INFO | Steps: 91648/150000 | Episodes: 179 | CurrentEpReward: 0.000 | RecentReward: 69.868 | QLoss: 0.576681 | ParamLoss: -1.001641 | Epsilon: 0.0200 | Replay: 50000
2026-09-17 03:07:56,270 | INFO | Steps: 92160/150000 | Episodes: 180 | CurrentEpReward: 0.000 | RecentReward: 70.202 | QLoss: 0.558283 | ParamLoss: -0.993295 | Epsilon: 0.0200 | Replay: 50000
2026-09-17 03:08:15,495 | INFO | Steps: 92672/150000 | Episodes: 181 | CurrentEpReward: 0.000 | RecentReward: 70.853 | QLoss: 0.533427 | ParamLoss: -1.004286 | Epsilon: 0.0200 | Replay: 50000
2026-09-17 03:08:36,087 | INFO | Steps: 93184/150000 | Episodes: 182 | CurrentEpReward: 0.000 | RecentReward: 70.340 | QLoss: 0.444128 | ParamLoss: -0.995464 | Epsilon: 0.0200 | Replay: 50000
2026-09-17 03:08:56,186 | INFO | Steps: 93696/150000 | Episodes: 183 | CurrentEpReward: 0.000 | RecentReward: 70.067 | QLoss: 0.420771 | ParamLoss: -1.002860 | Epsilon: 0.0200 | Replay: 50000
2026-09-17 03:09:16,743 | INFO | Steps: 94208/150000 | Episodes: 184 | CurrentEpReward: 0.000 | RecentReward: 68.746 | QLoss: 0.558496 | ParamLoss: -1.003781 | Epsilon: 0.0200 | Replay: 50000
2026-09-17 03:09:36,638 | INFO | Steps: 94720/150000 | Episodes: 185 | CurrentEpReward: 0.000 | RecentReward: 69.441 | QLoss: 0.528352 | ParamLoss: -1.008216 | Epsilon: 0.0200 | Replay: 50000
2026-09-17 03:09:57,552 | INFO | Steps: 95232/150000 | Episodes: 186 | CurrentEpReward: 0.000 | RecentReward: 70.261 | QLoss: 0.507003 | ParamLoss: -1.015650 | Epsilon: 0.0200 | Replay: 50000
2026-09-17 03:10:18,746 | INFO | Steps: 95744/150000 | Episodes: 187 | CurrentEpReward: 0.000 | RecentReward: 70.129 | QLoss: 0.558397 | ParamLoss: -1.024129 | Epsilon: 0.0200 | Replay: 50000
2026-09-17 03:10:39,736 | INFO | Steps: 96256/150000 | Episodes: 188 | CurrentEpReward: 0.000 | RecentReward: 70.529 | QLoss: 0.511024 | ParamLoss: -1.024878 | Epsilon: 0.0200 | Replay: 50000
2026-09-17 03:11:01,066 | INFO | Steps: 96768/150000 | Episodes: 189 | CurrentEpReward: 0.000 | RecentReward: 70.737 | QLoss: 0.448924 | ParamLoss: -1.032093 | Epsilon: 0.0200 | Replay: 50000
2026-09-17 03:11:21,887 | INFO | Steps: 97280/150000 | Episodes: 190 | CurrentEpReward: 0.000 | RecentReward: 70.373 | QLoss: 0.496071 | ParamLoss: -1.025444 | Epsilon: 0.0200 | Replay: 50000
2026-09-17 03:11:42,629 | INFO | Steps: 97792/150000 | Episodes: 191 | CurrentEpReward: 0.000 | RecentReward: 69.770 | QLoss: 0.495138 | ParamLoss: -1.034101 | Epsilon: 0.0200 | Replay: 50000
2026-09-17 03:12:04,001 | INFO | Steps: 98304/150000 | Episodes: 192 | CurrentEpReward: 0.000 | RecentReward: 69.530 | QLoss: 0.502729 | ParamLoss: -1.044183 | Epsilon: 0.0200 | Replay: 50000
2026-09-17 03:12:24,735 | INFO | Steps: 98816/150000 | Episodes: 193 | CurrentEpReward: 0.000 | RecentReward: 69.824 | QLoss: 0.523896 | ParamLoss: -1.044520 | Epsilon: 0.0200 | Replay: 50000
2026-09-17 03:12:45,580 | INFO | Steps: 99328/150000 | Episodes: 194 | CurrentEpReward: 0.000 | RecentReward: 69.817 | QLoss: 0.462220 | ParamLoss: -1.042883 | Epsilon: 0.0200 | Replay: 50000
2026-09-17 03:13:06,215 | INFO | Steps: 99840/150000 | Episodes: 195 | CurrentEpReward: 0.000 | RecentReward: 69.380 | QLoss: 0.554039 | ParamLoss: -1.043457 | Epsilon: 0.0200 | Replay: 50000
2026-09-17 03:13:42,531 | INFO | 周期权重已保存: /home/pjpjq/LEO_switch/results/multiseed_0907/seed44/u35/learned_baselines/pdqn/checkpoint_100000.pt
2026-09-17 03:13:56,869 | INFO | Steps: 100352/150000 | Episodes: 196 | CurrentEpReward: 0.000 | RecentReward: 68.289 | QLoss: 0.474123 | ParamLoss: -1.053229 | Epsilon: 0.0200 | Replay: 50000
2026-09-17 03:14:18,049 | INFO | Steps: 100864/150000 | Episodes: 197 | CurrentEpReward: 0.000 | RecentReward: 66.963 | QLoss: 0.584646 | ParamLoss: -1.051298 | Epsilon: 0.0200 | Replay: 50000
2026-09-17 03:14:40,023 | INFO | Steps: 101376/150000 | Episodes: 198 | CurrentEpReward: 0.000 | RecentReward: 66.363 | QLoss: 0.457738 | ParamLoss: -1.053045 | Epsilon: 0.0200 | Replay: 50000
2026-09-17 03:15:02,105 | INFO | Steps: 101888/150000 | Episodes: 199 | CurrentEpReward: 0.000 | RecentReward: 65.691 | QLoss: 0.370934 | ParamLoss: -1.051616 | Epsilon: 0.0200 | Replay: 50000
2026-09-17 03:15:23,678 | INFO | Steps: 102400/150000 | Episodes: 200 | CurrentEpReward: 0.000 | RecentReward: 64.967 | QLoss: 0.594892 | ParamLoss: -1.059339 | Epsilon: 0.0200 | Replay: 50000
2026-09-17 03:15:45,447 | INFO | Steps: 102912/150000 | Episodes: 201 | CurrentEpReward: 0.000 | RecentReward: 64.337 | QLoss: 0.459330 | ParamLoss: -1.065046 | Epsilon: 0.0200 | Replay: 50000
2026-09-17 03:16:07,108 | INFO | Steps: 103424/150000 | Episodes: 202 | CurrentEpReward: 0.000 | RecentReward: 65.165 | QLoss: 0.448967 | ParamLoss: -1.073164 | Epsilon: 0.0200 | Replay: 50000
2026-09-17 03:16:29,585 | INFO | Steps: 103936/150000 | Episodes: 203 | CurrentEpReward: 0.000 | RecentReward: 65.242 | QLoss: 0.425416 | ParamLoss: -1.072793 | Epsilon: 0.0200 | Replay: 50000
2026-09-17 03:16:51,702 | INFO | Steps: 104448/150000 | Episodes: 204 | CurrentEpReward: 0.000 | RecentReward: 65.708 | QLoss: 0.517774 | ParamLoss: -1.080257 | Epsilon: 0.0200 | Replay: 50000
2026-09-17 03:17:13,650 | INFO | Steps: 104960/150000 | Episodes: 205 | CurrentEpReward: 0.000 | RecentReward: 65.820 | QLoss: 0.588309 | ParamLoss: -1.095101 | Epsilon: 0.0200 | Replay: 50000
2026-09-17 03:17:35,604 | INFO | Steps: 105472/150000 | Episodes: 206 | CurrentEpReward: 0.000 | RecentReward: 65.466 | QLoss: 0.525733 | ParamLoss: -1.096450 | Epsilon: 0.0200 | Replay: 50000
2026-09-17 03:17:58,430 | INFO | Steps: 105984/150000 | Episodes: 207 | CurrentEpReward: 0.000 | RecentReward: 66.396 | QLoss: 0.565483 | ParamLoss: -1.096754 | Epsilon: 0.0200 | Replay: 50000
2026-09-17 03:18:21,429 | INFO | Steps: 106496/150000 | Episodes: 208 | CurrentEpReward: 0.000 | RecentReward: 66.459 | QLoss: 0.389108 | ParamLoss: -1.095778 | Epsilon: 0.0200 | Replay: 50000
2026-09-17 03:18:43,962 | INFO | Steps: 107008/150000 | Episodes: 209 | CurrentEpReward: 0.000 | RecentReward: 67.041 | QLoss: 0.512310 | ParamLoss: -1.088843 | Epsilon: 0.0200 | Replay: 50000
2026-09-17 03:19:06,298 | INFO | Steps: 107520/150000 | Episodes: 210 | CurrentEpReward: 0.000 | RecentReward: 66.644 | QLoss: 0.570297 | ParamLoss: -1.090540 | Epsilon: 0.0200 | Replay: 50000
2026-09-17 03:19:28,912 | INFO | Steps: 108032/150000 | Episodes: 211 | CurrentEpReward: 0.000 | RecentReward: 67.145 | QLoss: 0.630092 | ParamLoss: -1.090610 | Epsilon: 0.0200 | Replay: 50000
2026-09-17 03:19:52,397 | INFO | Steps: 108544/150000 | Episodes: 212 | CurrentEpReward: 0.000 | RecentReward: 65.792 | QLoss: 0.535891 | ParamLoss: -1.098616 | Epsilon: 0.0200 | Replay: 50000
2026-09-17 03:20:14,974 | INFO | Steps: 109056/150000 | Episodes: 213 | CurrentEpReward: 0.000 | RecentReward: 65.961 | QLoss: 0.506058 | ParamLoss: -1.097447 | Epsilon: 0.0200 | Replay: 50000
2026-09-17 03:20:35,379 | INFO | Steps: 109568/150000 | Episodes: 214 | CurrentEpReward: 0.000 | RecentReward: 65.465 | QLoss: 0.549871 | ParamLoss: -1.094407 | Epsilon: 0.0200 | Replay: 50000
2026-09-17 03:20:56,324 | INFO | Steps: 110080/150000 | Episodes: 215 | CurrentEpReward: 0.000 | RecentReward: 64.843 | QLoss: 0.528159 | ParamLoss: -1.102287 | Epsilon: 0.0200 | Replay: 50000
2026-09-17 03:21:17,169 | INFO | Steps: 110592/150000 | Episodes: 216 | CurrentEpReward: 0.000 | RecentReward: 64.674 | QLoss: 0.423711 | ParamLoss: -1.097018 | Epsilon: 0.0200 | Replay: 50000
2026-09-17 03:21:38,229 | INFO | Steps: 111104/150000 | Episodes: 217 | CurrentEpReward: 0.000 | RecentReward: 64.856 | QLoss: 0.414730 | ParamLoss: -1.099644 | Epsilon: 0.0200 | Replay: 50000
2026-09-17 03:21:59,240 | INFO | Steps: 111616/150000 | Episodes: 218 | CurrentEpReward: 0.000 | RecentReward: 64.676 | QLoss: 0.471892 | ParamLoss: -1.108446 | Epsilon: 0.0200 | Replay: 50000
2026-09-17 03:22:19,771 | INFO | Steps: 112128/150000 | Episodes: 219 | CurrentEpReward: 0.000 | RecentReward: 64.236 | QLoss: 0.438840 | ParamLoss: -1.103732 | Epsilon: 0.0200 | Replay: 50000
2026-09-17 03:22:42,134 | INFO | Steps: 112640/150000 | Episodes: 220 | CurrentEpReward: 0.000 | RecentReward: 64.141 | QLoss: 0.526574 | ParamLoss: -1.103984 | Epsilon: 0.0200 | Replay: 50000
2026-09-17 03:23:04,066 | INFO | Steps: 113152/150000 | Episodes: 221 | CurrentEpReward: 0.000 | RecentReward: 64.209 | QLoss: 0.541200 | ParamLoss: -1.129285 | Epsilon: 0.0200 | Replay: 50000
2026-09-17 03:23:26,039 | INFO | Steps: 113664/150000 | Episodes: 222 | CurrentEpReward: 0.000 | RecentReward: 64.539 | QLoss: 0.575226 | ParamLoss: -1.125652 | Epsilon: 0.0200 | Replay: 50000
2026-09-17 03:23:48,896 | INFO | Steps: 114176/150000 | Episodes: 223 | CurrentEpReward: 0.000 | RecentReward: 64.947 | QLoss: 0.509067 | ParamLoss: -1.137668 | Epsilon: 0.0200 | Replay: 50000
2026-09-17 03:24:12,169 | INFO | Steps: 114688/150000 | Episodes: 224 | CurrentEpReward: 0.000 | RecentReward: 66.318 | QLoss: 0.565854 | ParamLoss: -1.143021 | Epsilon: 0.0200 | Replay: 50000
2026-09-17 03:24:34,496 | INFO | Steps: 115200/150000 | Episodes: 225 | CurrentEpReward: 0.000 | RecentReward: 66.898 | QLoss: 0.492312 | ParamLoss: -1.142804 | Epsilon: 0.0200 | Replay: 50000
2026-09-17 03:24:57,094 | INFO | Steps: 115712/150000 | Episodes: 226 | CurrentEpReward: 0.000 | RecentReward: 67.681 | QLoss: 0.544260 | ParamLoss: -1.147791 | Epsilon: 0.0200 | Replay: 50000
2026-09-17 03:25:19,604 | INFO | Steps: 116224/150000 | Episodes: 227 | CurrentEpReward: 0.000 | RecentReward: 67.769 | QLoss: 0.447706 | ParamLoss: -1.150275 | Epsilon: 0.0200 | Replay: 50000
2026-09-17 03:25:42,137 | INFO | Steps: 116736/150000 | Episodes: 228 | CurrentEpReward: 0.000 | RecentReward: 67.876 | QLoss: 0.594406 | ParamLoss: -1.161944 | Epsilon: 0.0200 | Replay: 50000
2026-09-17 03:26:04,936 | INFO | Steps: 117248/150000 | Episodes: 229 | CurrentEpReward: 0.000 | RecentReward: 69.371 | QLoss: 0.574482 | ParamLoss: -1.171269 | Epsilon: 0.0200 | Replay: 50000
2026-09-17 03:26:22,839 | INFO | Steps: 117760/150000 | Episodes: 230 | CurrentEpReward: 0.000 | RecentReward: 69.745 | QLoss: 0.487248 | ParamLoss: -1.176314 | Epsilon: 0.0200 | Replay: 50000
2026-09-17 03:26:42,811 | INFO | Steps: 118272/150000 | Episodes: 231 | CurrentEpReward: 0.000 | RecentReward: 70.590 | QLoss: 0.499345 | ParamLoss: -1.176707 | Epsilon: 0.0200 | Replay: 50000
2026-09-17 03:27:03,710 | INFO | Steps: 118784/150000 | Episodes: 232 | CurrentEpReward: 0.000 | RecentReward: 70.505 | QLoss: 0.597243 | ParamLoss: -1.181526 | Epsilon: 0.0200 | Replay: 50000
2026-09-17 03:27:24,481 | INFO | Steps: 119296/150000 | Episodes: 233 | CurrentEpReward: 0.000 | RecentReward: 69.438 | QLoss: 0.513839 | ParamLoss: -1.186276 | Epsilon: 0.0200 | Replay: 50000
2026-09-17 03:27:45,917 | INFO | Steps: 119808/150000 | Episodes: 234 | CurrentEpReward: 0.000 | RecentReward: 69.989 | QLoss: 0.518615 | ParamLoss: -1.193125 | Epsilon: 0.0200 | Replay: 50000
2026-09-17 03:28:06,623 | INFO | Steps: 120320/150000 | Episodes: 235 | CurrentEpReward: 0.000 | RecentReward: 70.031 | QLoss: 0.637121 | ParamLoss: -1.187399 | Epsilon: 0.0200 | Replay: 50000
2026-09-17 03:28:27,573 | INFO | Steps: 120832/150000 | Episodes: 236 | CurrentEpReward: 0.000 | RecentReward: 71.110 | QLoss: 0.638457 | ParamLoss: -1.185634 | Epsilon: 0.0200 | Replay: 50000
2026-09-17 03:28:48,731 | INFO | Steps: 121344/150000 | Episodes: 237 | CurrentEpReward: 0.000 | RecentReward: 70.908 | QLoss: 0.554310 | ParamLoss: -1.174833 | Epsilon: 0.0200 | Replay: 50000
2026-09-17 03:29:09,430 | INFO | Steps: 121856/150000 | Episodes: 238 | CurrentEpReward: 0.000 | RecentReward: 72.451 | QLoss: 0.560629 | ParamLoss: -1.179727 | Epsilon: 0.0200 | Replay: 50000
2026-09-17 03:29:29,600 | INFO | Steps: 122368/150000 | Episodes: 239 | CurrentEpReward: 0.000 | RecentReward: 71.766 | QLoss: 0.604172 | ParamLoss: -1.177088 | Epsilon: 0.0200 | Replay: 50000
2026-09-17 03:29:50,407 | INFO | Steps: 122880/150000 | Episodes: 240 | CurrentEpReward: 0.000 | RecentReward: 71.529 | QLoss: 0.554179 | ParamLoss: -1.180693 | Epsilon: 0.0200 | Replay: 50000
2026-09-17 03:30:11,265 | INFO | Steps: 123392/150000 | Episodes: 241 | CurrentEpReward: 0.000 | RecentReward: 70.599 | QLoss: 0.526113 | ParamLoss: -1.189253 | Epsilon: 0.0200 | Replay: 50000
2026-09-17 03:30:32,080 | INFO | Steps: 123904/150000 | Episodes: 242 | CurrentEpReward: 0.000 | RecentReward: 71.260 | QLoss: 0.537301 | ParamLoss: -1.184504 | Epsilon: 0.0200 | Replay: 50000
2026-09-17 03:30:52,699 | INFO | Steps: 124416/150000 | Episodes: 243 | CurrentEpReward: 0.000 | RecentReward: 70.060 | QLoss: 0.511786 | ParamLoss: -1.184887 | Epsilon: 0.0200 | Replay: 50000
2026-09-17 03:31:13,610 | INFO | Steps: 124928/150000 | Episodes: 244 | CurrentEpReward: 0.000 | RecentReward: 69.081 | QLoss: 0.577388 | ParamLoss: -1.195170 | Epsilon: 0.0200 | Replay: 50000
2026-09-17 03:31:35,061 | INFO | Steps: 125440/150000 | Episodes: 245 | CurrentEpReward: 0.000 | RecentReward: 69.269 | QLoss: 0.616614 | ParamLoss: -1.192269 | Epsilon: 0.0200 | Replay: 50000
2026-09-17 03:31:55,851 | INFO | Steps: 125952/150000 | Episodes: 246 | CurrentEpReward: 0.000 | RecentReward: 68.332 | QLoss: 0.622850 | ParamLoss: -1.189092 | Epsilon: 0.0200 | Replay: 50000
2026-09-17 03:32:17,363 | INFO | Steps: 126464/150000 | Episodes: 247 | CurrentEpReward: 0.000 | RecentReward: 68.705 | QLoss: 0.459889 | ParamLoss: -1.183262 | Epsilon: 0.0200 | Replay: 50000
2026-09-17 03:32:38,237 | INFO | Steps: 126976/150000 | Episodes: 248 | CurrentEpReward: 0.000 | RecentReward: 67.338 | QLoss: 0.502759 | ParamLoss: -1.174955 | Epsilon: 0.0200 | Replay: 50000
2026-09-17 03:33:00,288 | INFO | Steps: 127488/150000 | Episodes: 249 | CurrentEpReward: 0.000 | RecentReward: 66.646 | QLoss: 0.578274 | ParamLoss: -1.161741 | Epsilon: 0.0200 | Replay: 50000
2026-09-17 03:33:21,947 | INFO | Steps: 128000/150000 | Episodes: 250 | CurrentEpReward: 0.000 | RecentReward: 67.705 | QLoss: 0.545341 | ParamLoss: -1.167504 | Epsilon: 0.0200 | Replay: 50000
2026-09-17 03:33:44,197 | INFO | Steps: 128512/150000 | Episodes: 251 | CurrentEpReward: 0.000 | RecentReward: 68.878 | QLoss: 0.585309 | ParamLoss: -1.185343 | Epsilon: 0.0200 | Replay: 50000
2026-09-17 03:34:05,542 | INFO | Steps: 129024/150000 | Episodes: 252 | CurrentEpReward: 0.000 | RecentReward: 69.248 | QLoss: 0.569790 | ParamLoss: -1.181087 | Epsilon: 0.0200 | Replay: 50000
2026-09-17 03:34:27,897 | INFO | Steps: 129536/150000 | Episodes: 253 | CurrentEpReward: 0.000 | RecentReward: 71.486 | QLoss: 0.540790 | ParamLoss: -1.173745 | Epsilon: 0.0200 | Replay: 50000
2026-09-17 03:34:49,801 | INFO | Steps: 130048/150000 | Episodes: 254 | CurrentEpReward: 0.000 | RecentReward: 71.680 | QLoss: 0.417531 | ParamLoss: -1.166936 | Epsilon: 0.0200 | Replay: 50000
2026-09-17 03:35:13,344 | INFO | Steps: 130560/150000 | Episodes: 255 | CurrentEpReward: 0.000 | RecentReward: 71.566 | QLoss: 0.525844 | ParamLoss: -1.169325 | Epsilon: 0.0200 | Replay: 50000
2026-09-17 03:35:35,263 | INFO | Steps: 131072/150000 | Episodes: 256 | CurrentEpReward: 0.000 | RecentReward: 72.222 | QLoss: 0.473910 | ParamLoss: -1.171657 | Epsilon: 0.0200 | Replay: 50000
2026-09-17 03:35:57,966 | INFO | Steps: 131584/150000 | Episodes: 257 | CurrentEpReward: 0.000 | RecentReward: 72.512 | QLoss: 0.531017 | ParamLoss: -1.168748 | Epsilon: 0.0200 | Replay: 50000
2026-09-17 03:36:21,223 | INFO | Steps: 132096/150000 | Episodes: 258 | CurrentEpReward: 0.000 | RecentReward: 72.818 | QLoss: 0.478399 | ParamLoss: -1.167527 | Epsilon: 0.0200 | Replay: 50000
2026-09-17 03:36:44,701 | INFO | Steps: 132608/150000 | Episodes: 259 | CurrentEpReward: 0.000 | RecentReward: 74.094 | QLoss: 0.631696 | ParamLoss: -1.171333 | Epsilon: 0.0200 | Replay: 50000
2026-09-17 03:37:07,702 | INFO | Steps: 133120/150000 | Episodes: 260 | CurrentEpReward: 0.000 | RecentReward: 74.132 | QLoss: 0.503587 | ParamLoss: -1.177176 | Epsilon: 0.0200 | Replay: 50000
2026-09-17 03:37:29,392 | INFO | Steps: 133632/150000 | Episodes: 261 | CurrentEpReward: 0.000 | RecentReward: 73.139 | QLoss: 0.562441 | ParamLoss: -1.169437 | Epsilon: 0.0200 | Replay: 50000
2026-09-17 03:37:50,325 | INFO | Steps: 134144/150000 | Episodes: 262 | CurrentEpReward: 0.000 | RecentReward: 72.992 | QLoss: 0.367737 | ParamLoss: -1.162060 | Epsilon: 0.0200 | Replay: 50000
2026-09-17 03:38:12,156 | INFO | Steps: 134656/150000 | Episodes: 263 | CurrentEpReward: 0.000 | RecentReward: 71.729 | QLoss: 0.492307 | ParamLoss: -1.158112 | Epsilon: 0.0200 | Replay: 50000
2026-09-17 03:38:31,931 | INFO | Steps: 135168/150000 | Episodes: 264 | CurrentEpReward: 0.000 | RecentReward: 71.063 | QLoss: 0.437688 | ParamLoss: -1.160518 | Epsilon: 0.0200 | Replay: 50000
2026-09-17 03:38:53,513 | INFO | Steps: 135680/150000 | Episodes: 265 | CurrentEpReward: 0.000 | RecentReward: 71.030 | QLoss: 0.613243 | ParamLoss: -1.165394 | Epsilon: 0.0200 | Replay: 50000
2026-09-17 03:39:14,576 | INFO | Steps: 136192/150000 | Episodes: 266 | CurrentEpReward: 0.000 | RecentReward: 70.109 | QLoss: 0.407960 | ParamLoss: -1.173164 | Epsilon: 0.0200 | Replay: 50000
2026-09-17 03:39:35,509 | INFO | Steps: 136704/150000 | Episodes: 267 | CurrentEpReward: 0.000 | RecentReward: 69.763 | QLoss: 0.671295 | ParamLoss: -1.176338 | Epsilon: 0.0200 | Replay: 50000
2026-09-17 03:39:56,004 | INFO | Steps: 137216/150000 | Episodes: 268 | CurrentEpReward: 0.000 | RecentReward: 70.137 | QLoss: 0.447102 | ParamLoss: -1.170015 | Epsilon: 0.0200 | Replay: 50000
2026-09-17 03:40:16,519 | INFO | Steps: 137728/150000 | Episodes: 269 | CurrentEpReward: 0.000 | RecentReward: 69.338 | QLoss: 0.539418 | ParamLoss: -1.178224 | Epsilon: 0.0200 | Replay: 50000
2026-09-17 03:40:39,053 | INFO | Steps: 138240/150000 | Episodes: 270 | CurrentEpReward: 0.000 | RecentReward: 69.523 | QLoss: 0.473398 | ParamLoss: -1.178236 | Epsilon: 0.0200 | Replay: 50000
2026-09-17 03:41:00,619 | INFO | Steps: 138752/150000 | Episodes: 271 | CurrentEpReward: 0.000 | RecentReward: 69.043 | QLoss: 0.551779 | ParamLoss: -1.178671 | Epsilon: 0.0200 | Replay: 50000
2026-09-17 03:41:22,700 | INFO | Steps: 139264/150000 | Episodes: 272 | CurrentEpReward: 0.000 | RecentReward: 69.159 | QLoss: 0.501078 | ParamLoss: -1.184047 | Epsilon: 0.0200 | Replay: 50000
2026-09-17 03:41:44,196 | INFO | Steps: 139776/150000 | Episodes: 273 | CurrentEpReward: 0.000 | RecentReward: 69.907 | QLoss: 0.468036 | ParamLoss: -1.188749 | Epsilon: 0.0200 | Replay: 50000
2026-09-17 03:42:06,648 | INFO | Steps: 140288/150000 | Episodes: 274 | CurrentEpReward: 0.000 | RecentReward: 70.391 | QLoss: 0.530887 | ParamLoss: -1.189359 | Epsilon: 0.0200 | Replay: 50000
2026-09-17 03:42:29,145 | INFO | Steps: 140800/150000 | Episodes: 275 | CurrentEpReward: 0.000 | RecentReward: 69.984 | QLoss: 0.541602 | ParamLoss: -1.186772 | Epsilon: 0.0200 | Replay: 50000
2026-09-17 03:42:52,005 | INFO | Steps: 141312/150000 | Episodes: 276 | CurrentEpReward: 0.000 | RecentReward: 70.445 | QLoss: 0.525818 | ParamLoss: -1.187493 | Epsilon: 0.0200 | Replay: 50000
2026-09-17 03:43:15,332 | INFO | Steps: 141824/150000 | Episodes: 277 | CurrentEpReward: 0.000 | RecentReward: 70.277 | QLoss: 0.580159 | ParamLoss: -1.185324 | Epsilon: 0.0200 | Replay: 50000
2026-09-17 03:43:37,382 | INFO | Steps: 142336/150000 | Episodes: 278 | CurrentEpReward: 0.000 | RecentReward: 69.872 | QLoss: 0.435803 | ParamLoss: -1.193237 | Epsilon: 0.0200 | Replay: 50000
2026-09-17 03:43:59,907 | INFO | Steps: 142848/150000 | Episodes: 279 | CurrentEpReward: 0.000 | RecentReward: 69.460 | QLoss: 0.578844 | ParamLoss: -1.186220 | Epsilon: 0.0200 | Replay: 50000
2026-09-17 03:44:22,014 | INFO | Steps: 143360/150000 | Episodes: 280 | CurrentEpReward: 0.000 | RecentReward: 68.316 | QLoss: 0.485158 | ParamLoss: -1.193588 | Epsilon: 0.0200 | Replay: 50000
2026-09-17 03:44:40,756 | INFO | Steps: 143872/150000 | Episodes: 281 | CurrentEpReward: 0.000 | RecentReward: 69.738 | QLoss: 0.575099 | ParamLoss: -1.202657 | Epsilon: 0.0200 | Replay: 50000
2026-09-17 03:45:01,037 | INFO | Steps: 144384/150000 | Episodes: 282 | CurrentEpReward: 0.000 | RecentReward: 70.453 | QLoss: 0.634029 | ParamLoss: -1.213830 | Epsilon: 0.0200 | Replay: 50000
2026-09-17 03:45:21,503 | INFO | Steps: 144896/150000 | Episodes: 283 | CurrentEpReward: 0.000 | RecentReward: 70.242 | QLoss: 0.540447 | ParamLoss: -1.221952 | Epsilon: 0.0200 | Replay: 50000
2026-09-17 03:45:41,053 | INFO | Steps: 145408/150000 | Episodes: 284 | CurrentEpReward: 0.000 | RecentReward: 70.116 | QLoss: 0.468690 | ParamLoss: -1.215961 | Epsilon: 0.0200 | Replay: 50000
2026-09-17 03:46:01,372 | INFO | Steps: 145920/150000 | Episodes: 285 | CurrentEpReward: 0.000 | RecentReward: 69.883 | QLoss: 0.512443 | ParamLoss: -1.216996 | Epsilon: 0.0200 | Replay: 50000
2026-09-17 03:46:22,296 | INFO | Steps: 146432/150000 | Episodes: 286 | CurrentEpReward: 0.000 | RecentReward: 69.744 | QLoss: 0.438290 | ParamLoss: -1.221118 | Epsilon: 0.0200 | Replay: 50000
2026-09-17 03:46:43,092 | INFO | Steps: 146944/150000 | Episodes: 287 | CurrentEpReward: 0.000 | RecentReward: 69.181 | QLoss: 0.533227 | ParamLoss: -1.203492 | Epsilon: 0.0200 | Replay: 50000
2026-09-17 03:47:03,823 | INFO | Steps: 147456/150000 | Episodes: 288 | CurrentEpReward: 0.000 | RecentReward: 68.861 | QLoss: 0.422810 | ParamLoss: -1.191296 | Epsilon: 0.0200 | Replay: 50000
2026-09-17 03:47:24,687 | INFO | Steps: 147968/150000 | Episodes: 289 | CurrentEpReward: 0.000 | RecentReward: 70.448 | QLoss: 0.615492 | ParamLoss: -1.198295 | Epsilon: 0.0200 | Replay: 50000
2026-09-17 03:47:45,729 | INFO | Steps: 148480/150000 | Episodes: 290 | CurrentEpReward: 0.000 | RecentReward: 71.277 | QLoss: 0.445917 | ParamLoss: -1.177084 | Epsilon: 0.0200 | Replay: 50000
2026-09-17 03:48:06,267 | INFO | Steps: 148992/150000 | Episodes: 291 | CurrentEpReward: 0.000 | RecentReward: 70.791 | QLoss: 0.496550 | ParamLoss: -1.177073 | Epsilon: 0.0200 | Replay: 50000
2026-09-17 03:48:27,177 | INFO | Steps: 149504/150000 | Episodes: 292 | CurrentEpReward: 0.000 | RecentReward: 69.012 | QLoss: 0.578143 | ParamLoss: -1.174774 | Epsilon: 0.0200 | Replay: 50000
2026-09-17 03:48:47,615 | INFO | Steps: 150000/150000 | Episodes: 292 | CurrentEpReward: 63.525 | RecentReward: 69.012 | QLoss: 0.576525 | ParamLoss: -1.170474 | Epsilon: 0.0200 | Replay: 50000
2026-09-17 03:49:31,619 | INFO | 周期权重已保存: /home/pjpjq/LEO_switch/results/multiseed_0907/seed44/u35/learned_baselines/pdqn/checkpoint_150000.pt
2026-09-17 03:49:31,646 | INFO | 最终权重已保存: /home/pjpjq/LEO_switch/results/multiseed_0907/seed44/u35/learned_baselines/pdqn/pdqn_model.pt
2026-09-17 03:50:00,751 | INFO | 训练与评估完成 | EvalReward: 78.245 ± 4.405
