2026-09-13 04:09:21,821 | INFO | ============================================================
2026-09-13 04:09:21,821 | INFO | 开始训练纯 MADDPG 基线
2026-09-13 04:09:21,821 | INFO | 用户数: 25 | 观测维度: 76 | handover维度: 11 | 总步数: 150000 | warmup: 1000 | batch: 128 | 日志间隔: 512 steps | device: cuda | actor_lr: 1.0e-04 | critic_lr: 3.0e-04 | tau: 0.005 | reward_scale: 1.00
2026-09-13 04:09:21,821 | INFO | ============================================================
2026-09-13 04:09:25,632 | INFO | Steps: 512/150000 | Episodes: 1 | LastEpReward: 1.707 | RecentReward: 1.707 | ActorLoss: 0.000000 | CriticLoss: 0.000000 | Q: 0.0000 | TargetQ: 0.0000 | TDAbs: 0.0000 | ActorGrad: 0.0000 | CriticGrad: 0.0000 | Noise: 0.3500 | Replay: 512 | FPS: 134.36 | ETA: 18.5 min
2026-09-13 04:09:29,668 | INFO | Steps: 1024/150000 | Episodes: 2 | LastEpReward: 5.586 | RecentReward: 3.647 | ActorLoss: -0.091268 | CriticLoss: 0.004543 | Q: 0.0929 | TargetQ: 0.0863 | TDAbs: 0.0743 | ActorGrad: 0.0013 | CriticGrad: 0.0870 | Noise: 0.3499 | Replay: 1024 | FPS: 130.50 | ETA: 19.0 min
2026-09-13 04:09:36,229 | INFO | Steps: 1536/150000 | Episodes: 3 | LastEpReward: -78.158 | RecentReward: -23.622 | ActorLoss: -0.063872 | CriticLoss: 0.000710 | Q: 0.0418 | TargetQ: 0.0419 | TDAbs: 0.0278 | ActorGrad: 0.0002 | CriticGrad: 0.0461 | Noise: 0.3485 | Replay: 1536 | FPS: 106.61 | ETA: 23.2 min
2026-09-13 04:09:42,385 | INFO | Steps: 2048/150000 | Episodes: 4 | LastEpReward: -89.900 | RecentReward: -40.191 | ActorLoss: 0.061667 | CriticLoss: 0.000924 | Q: -0.0795 | TargetQ: -0.0797 | TDAbs: 0.0322 | ActorGrad: 0.0001 | CriticGrad: 0.0772 | Noise: 0.3470 | Replay: 2048 | FPS: 99.59 | ETA: 24.8 min
2026-09-13 04:09:48,959 | INFO | Steps: 2560/150000 | Episodes: 5 | LastEpReward: -119.502 | RecentReward: -56.053 | ActorLoss: 0.346952 | CriticLoss: 0.001451 | Q: -0.3724 | TargetQ: -0.3727 | TDAbs: 0.0397 | ActorGrad: 0.0031 | CriticGrad: 0.1499 | Noise: 0.3455 | Replay: 2560 | FPS: 94.34 | ETA: 26.0 min
2026-09-13 04:09:55,560 | INFO | Steps: 3072/150000 | Episodes: 6 | LastEpReward: -104.178 | RecentReward: -64.074 | ActorLoss: 0.637628 | CriticLoss: 0.001638 | Q: -0.6605 | TargetQ: -0.6604 | TDAbs: 0.0422 | ActorGrad: 0.0021 | CriticGrad: 0.1611 | Noise: 0.3441 | Replay: 3072 | FPS: 91.05 | ETA: 26.9 min
2026-09-13 04:10:01,963 | INFO | Steps: 3584/150000 | Episodes: 7 | LastEpReward: -19.605 | RecentReward: -57.721 | ActorLoss: 0.746181 | CriticLoss: 0.003404 | Q: -0.7988 | TargetQ: -0.7985 | TDAbs: 0.0596 | ActorGrad: 0.0123 | CriticGrad: 0.2851 | Noise: 0.3426 | Replay: 3584 | FPS: 89.28 | ETA: 27.3 min
2026-09-13 04:10:08,363 | INFO | Steps: 4096/150000 | Episodes: 8 | LastEpReward: 34.241 | RecentReward: -46.226 | ActorLoss: 0.418290 | CriticLoss: 0.001982 | Q: -0.5823 | TargetQ: -0.5820 | TDAbs: 0.0479 | ActorGrad: 0.0077 | CriticGrad: 0.1522 | Noise: 0.3412 | Replay: 4096 | FPS: 88.01 | ETA: 27.6 min
2026-09-13 04:10:14,746 | INFO | Steps: 4608/150000 | Episodes: 9 | LastEpReward: 27.289 | RecentReward: -38.058 | ActorLoss: 0.138234 | CriticLoss: 0.002281 | Q: -0.2702 | TargetQ: -0.2700 | TDAbs: 0.0513 | ActorGrad: 0.0062 | CriticGrad: 0.1787 | Noise: 0.3397 | Replay: 4608 | FPS: 87.07 | ETA: 27.8 min
2026-09-13 04:10:21,189 | INFO | 开始周期评估: Steps=5120 | Episodes=10 | EvalEpisodes=5
2026-09-13 04:10:40,286 | INFO | 周期评估完成: Steps=5120 | MeanReward=35.144 | StdReward=7.145
2026-09-13 04:10:40,296 | INFO | Steps: 5120/150000 | Episodes: 10 | LastEpReward: 31.169 | RecentReward: -31.135 | ActorLoss: -0.108626 | CriticLoss: 0.002191 | Q: -0.0219 | TargetQ: -0.0218 | TDAbs: 0.0500 | ActorGrad: 0.0062 | CriticGrad: 0.1739 | Noise: 0.3382 | Replay: 5120 | FPS: 65.24 | ETA: 37.0 min
2026-09-13 04:10:46,823 | INFO | Steps: 5632/150000 | Episodes: 11 | LastEpReward: 37.232 | RecentReward: -27.582 | ActorLoss: -0.362869 | CriticLoss: 0.001918 | Q: 0.2481 | TargetQ: 0.2483 | TDAbs: 0.0466 | ActorGrad: 0.0060 | CriticGrad: 0.1172 | Noise: 0.3368 | Replay: 5632 | FPS: 66.26 | ETA: 36.3 min
2026-09-13 04:10:53,285 | INFO | Steps: 6144/150000 | Episodes: 12 | LastEpReward: 29.596 | RecentReward: -25.181 | ActorLoss: -0.582469 | CriticLoss: 0.001981 | Q: 0.4787 | TargetQ: 0.4789 | TDAbs: 0.0473 | ActorGrad: 0.0062 | CriticGrad: 0.1188 | Noise: 0.3353 | Replay: 6144 | FPS: 67.17 | ETA: 35.7 min
2026-09-13 04:10:59,708 | INFO | Steps: 6656/150000 | Episodes: 13 | LastEpReward: 35.517 | RecentReward: -13.814 | ActorLoss: -0.786349 | CriticLoss: 0.002292 | Q: 0.6845 | TargetQ: 0.6845 | TDAbs: 0.0506 | ActorGrad: 0.0061 | CriticGrad: 0.1620 | Noise: 0.3338 | Replay: 6656 | FPS: 68.00 | ETA: 35.1 min
2026-09-13 04:11:06,178 | INFO | Steps: 7168/150000 | Episodes: 14 | LastEpReward: 25.027 | RecentReward: -2.321 | ActorLoss: -0.984932 | CriticLoss: 0.002556 | Q: 0.8945 | TargetQ: 0.8946 | TDAbs: 0.0544 | ActorGrad: 0.0080 | CriticGrad: 0.1877 | Noise: 0.3324 | Replay: 7168 | FPS: 68.69 | ETA: 34.7 min
2026-09-13 04:11:12,783 | INFO | Steps: 7680/150000 | Episodes: 15 | LastEpReward: 36.487 | RecentReward: 13.278 | ActorLoss: -1.137871 | CriticLoss: 0.002661 | Q: 1.0524 | TargetQ: 1.0524 | TDAbs: 0.0544 | ActorGrad: 0.0083 | CriticGrad: 0.1790 | Noise: 0.3309 | Replay: 7680 | FPS: 69.21 | ETA: 34.3 min
2026-09-13 04:11:19,109 | INFO | Steps: 8192/150000 | Episodes: 16 | LastEpReward: 38.320 | RecentReward: 27.527 | ActorLoss: -1.309820 | CriticLoss: 0.002938 | Q: 1.2329 | TargetQ: 1.2327 | TDAbs: 0.0575 | ActorGrad: 0.0100 | CriticGrad: 0.1936 | Noise: 0.3295 | Replay: 8192 | FPS: 69.85 | ETA: 33.8 min
2026-09-13 04:11:25,384 | INFO | Steps: 8704/150000 | Episodes: 17 | LastEpReward: 26.987 | RecentReward: 32.187 | ActorLoss: -1.457063 | CriticLoss: 0.003662 | Q: 1.3824 | TargetQ: 1.3827 | TDAbs: 0.0628 | ActorGrad: 0.0123 | CriticGrad: 0.2368 | Noise: 0.3280 | Replay: 8704 | FPS: 70.44 | ETA: 33.4 min
2026-09-13 04:11:31,684 | INFO | Steps: 9216/150000 | Episodes: 18 | LastEpReward: 35.413 | RecentReward: 32.304 | ActorLoss: -1.591373 | CriticLoss: 0.003800 | Q: 1.5153 | TargetQ: 1.5160 | TDAbs: 0.0652 | ActorGrad: 0.0110 | CriticGrad: 0.2477 | Noise: 0.3265 | Replay: 9216 | FPS: 70.97 | ETA: 33.1 min
2026-09-13 04:11:38,010 | INFO | Steps: 9728/150000 | Episodes: 19 | LastEpReward: 13.641 | RecentReward: 30.939 | ActorLoss: -1.719357 | CriticLoss: 0.004179 | Q: 1.6481 | TargetQ: 1.6485 | TDAbs: 0.0674 | ActorGrad: 0.0120 | CriticGrad: 0.2481 | Noise: 0.3251 | Replay: 9728 | FPS: 71.43 | ETA: 32.7 min
2026-09-13 04:11:44,496 | INFO | 开始周期评估: Steps=10240 | Episodes=20 | EvalEpisodes=5
2026-09-13 04:12:03,481 | INFO | 周期评估完成: Steps=10240 | MeanReward=33.914 | StdReward=5.464
2026-09-13 04:12:03,489 | INFO | Steps: 10240/150000 | Episodes: 20 | LastEpReward: 38.150 | RecentReward: 31.637 | ActorLoss: -1.897600 | CriticLoss: 0.003636 | Q: 1.8341 | TargetQ: 1.8344 | TDAbs: 0.0640 | ActorGrad: 0.0122 | CriticGrad: 0.2152 | Noise: 0.3236 | Replay: 10240 | FPS: 63.34 | ETA: 36.8 min
2026-09-13 04:12:09,958 | INFO | Steps: 10752/150000 | Episodes: 21 | LastEpReward: 29.572 | RecentReward: 30.871 | ActorLoss: -2.053400 | CriticLoss: 0.005103 | Q: 1.9921 | TargetQ: 1.9925 | TDAbs: 0.0740 | ActorGrad: 0.0105 | CriticGrad: 0.2865 | Noise: 0.3221 | Replay: 10752 | FPS: 63.95 | ETA: 36.3 min
2026-09-13 04:12:16,445 | INFO | Steps: 11264/150000 | Episodes: 22 | LastEpReward: 30.610 | RecentReward: 30.972 | ActorLoss: -2.142031 | CriticLoss: 0.004712 | Q: 2.0831 | TargetQ: 2.0830 | TDAbs: 0.0715 | ActorGrad: 0.0114 | CriticGrad: 0.2950 | Noise: 0.3207 | Replay: 11264 | FPS: 64.50 | ETA: 35.8 min
2026-09-13 04:12:23,095 | INFO | Steps: 11776/150000 | Episodes: 23 | LastEpReward: 37.263 | RecentReward: 31.147 | ActorLoss: -2.282876 | CriticLoss: 0.005295 | Q: 2.2249 | TargetQ: 2.2254 | TDAbs: 0.0767 | ActorGrad: 0.0111 | CriticGrad: 0.3083 | Noise: 0.3192 | Replay: 11776 | FPS: 64.96 | ETA: 35.5 min
2026-09-13 04:12:29,507 | INFO | Steps: 12288/150000 | Episodes: 24 | LastEpReward: 8.148 | RecentReward: 29.459 | ActorLoss: -2.377694 | CriticLoss: 0.005695 | Q: 2.3213 | TargetQ: 2.3218 | TDAbs: 0.0799 | ActorGrad: 0.0130 | CriticGrad: 0.3433 | Noise: 0.3177 | Replay: 12288 | FPS: 65.47 | ETA: 35.1 min
2026-09-13 04:12:36,041 | INFO | Steps: 12800/150000 | Episodes: 25 | LastEpReward: 23.724 | RecentReward: 28.183 | ActorLoss: -2.497939 | CriticLoss: 0.005285 | Q: 2.4400 | TargetQ: 2.4400 | TDAbs: 0.0763 | ActorGrad: 0.0109 | CriticGrad: 0.2889 | Noise: 0.3163 | Replay: 12800 | FPS: 65.90 | ETA: 34.7 min
2026-09-13 04:12:42,514 | INFO | Steps: 13312/150000 | Episodes: 26 | LastEpReward: 26.898 | RecentReward: 27.041 | ActorLoss: -2.585535 | CriticLoss: 0.006374 | Q: 2.5323 | TargetQ: 2.5325 | TDAbs: 0.0844 | ActorGrad: 0.0133 | CriticGrad: 0.3712 | Noise: 0.3148 | Replay: 13312 | FPS: 66.33 | ETA: 34.3 min
2026-09-13 04:12:49,036 | INFO | Steps: 13824/150000 | Episodes: 27 | LastEpReward: 20.650 | RecentReward: 26.407 | ActorLoss: -2.674056 | CriticLoss: 0.006526 | Q: 2.6189 | TargetQ: 2.6194 | TDAbs: 0.0840 | ActorGrad: 0.0154 | CriticGrad: 0.3539 | Noise: 0.3134 | Replay: 13824 | FPS: 66.71 | ETA: 34.0 min
2026-09-13 04:12:55,574 | INFO | Steps: 14336/150000 | Episodes: 28 | LastEpReward: 38.574 | RecentReward: 26.723 | ActorLoss: -2.801275 | CriticLoss: 0.006915 | Q: 2.7505 | TargetQ: 2.7504 | TDAbs: 0.0864 | ActorGrad: 0.0132 | CriticGrad: 0.3538 | Noise: 0.3119 | Replay: 14336 | FPS: 67.07 | ETA: 33.7 min
2026-09-13 04:13:02,074 | INFO | Steps: 14848/150000 | Episodes: 29 | LastEpReward: 38.260 | RecentReward: 29.185 | ActorLoss: -2.942861 | CriticLoss: 0.007270 | Q: 2.8925 | TargetQ: 2.8924 | TDAbs: 0.0884 | ActorGrad: 0.0126 | CriticGrad: 0.4273 | Noise: 0.3104 | Replay: 14848 | FPS: 67.41 | ETA: 33.4 min
2026-09-13 04:13:08,563 | INFO | 开始周期评估: Steps=15360 | Episodes=30 | EvalEpisodes=5
2026-09-13 04:13:27,523 | INFO | 周期评估完成: Steps=15360 | MeanReward=33.873 | StdReward=5.416
2026-09-13 04:13:27,531 | INFO | Steps: 15360/150000 | Episodes: 30 | LastEpReward: 26.005 | RecentReward: 27.970 | ActorLoss: -3.065436 | CriticLoss: 0.007494 | Q: 3.0181 | TargetQ: 3.0178 | TDAbs: 0.0904 | ActorGrad: 0.0162 | CriticGrad: 0.4809 | Noise: 0.3090 | Replay: 15360 | FPS: 62.51 | ETA: 35.9 min
2026-09-13 04:13:34,297 | INFO | Steps: 15872/150000 | Episodes: 31 | LastEpReward: 38.640 | RecentReward: 28.877 | ActorLoss: -3.152528 | CriticLoss: 0.008175 | Q: 3.1065 | TargetQ: 3.1055 | TDAbs: 0.0905 | ActorGrad: 0.0179 | CriticGrad: 0.4294 | Noise: 0.3075 | Replay: 15872 | FPS: 62.87 | ETA: 35.6 min
2026-09-13 04:13:40,866 | INFO | Steps: 16384/150000 | Episodes: 32 | LastEpReward: 34.520 | RecentReward: 29.268 | ActorLoss: -3.254729 | CriticLoss: 0.007756 | Q: 3.2092 | TargetQ: 3.2091 | TDAbs: 0.0913 | ActorGrad: 0.0194 | CriticGrad: 0.3629 | Noise: 0.3060 | Replay: 16384 | FPS: 63.25 | ETA: 35.2 min
2026-09-13 04:13:47,381 | INFO | Steps: 16896/150000 | Episodes: 33 | LastEpReward: 23.397 | RecentReward: 27.882 | ActorLoss: -3.326503 | CriticLoss: 0.009334 | Q: 3.2846 | TargetQ: 3.2831 | TDAbs: 0.0980 | ActorGrad: 0.0210 | CriticGrad: 0.4985 | Noise: 0.3046 | Replay: 16896 | FPS: 63.62 | ETA: 34.9 min
2026-09-13 04:13:53,853 | INFO | Steps: 17408/150000 | Episodes: 34 | LastEpReward: 36.820 | RecentReward: 30.749 | ActorLoss: -3.405205 | CriticLoss: 0.009695 | Q: 3.3620 | TargetQ: 3.3610 | TDAbs: 0.1020 | ActorGrad: 0.0239 | CriticGrad: 0.5643 | Noise: 0.3031 | Replay: 17408 | FPS: 63.99 | ETA: 34.5 min
2026-09-13 04:14:00,412 | INFO | Steps: 17920/150000 | Episodes: 35 | LastEpReward: 32.389 | RecentReward: 31.615 | ActorLoss: -3.504932 | CriticLoss: 0.010096 | Q: 3.4610 | TargetQ: 3.4602 | TDAbs: 0.1026 | ActorGrad: 0.0231 | CriticGrad: 0.5176 | Noise: 0.3017 | Replay: 17920 | FPS: 64.32 | ETA: 34.2 min
2026-09-13 04:14:06,949 | INFO | Steps: 18432/150000 | Episodes: 36 | LastEpReward: 35.751 | RecentReward: 32.501 | ActorLoss: -3.619695 | CriticLoss: 0.011140 | Q: 3.5735 | TargetQ: 3.5718 | TDAbs: 0.1086 | ActorGrad: 0.0232 | CriticGrad: 0.6672 | Noise: 0.3002 | Replay: 18432 | FPS: 64.64 | ETA: 33.9 min
2026-09-13 04:14:13,416 | INFO | Steps: 18944/150000 | Episodes: 37 | LastEpReward: 37.434 | RecentReward: 34.179 | ActorLoss: -3.685391 | CriticLoss: 0.010222 | Q: 3.6417 | TargetQ: 3.6410 | TDAbs: 0.1046 | ActorGrad: 0.0220 | CriticGrad: 0.4701 | Noise: 0.2987 | Replay: 18944 | FPS: 64.97 | ETA: 33.6 min
2026-09-13 04:14:20,074 | INFO | Steps: 19456/150000 | Episodes: 38 | LastEpReward: 18.736 | RecentReward: 32.195 | ActorLoss: -3.763681 | CriticLoss: 0.010029 | Q: 3.7143 | TargetQ: 3.7142 | TDAbs: 0.1029 | ActorGrad: 0.0272 | CriticGrad: 0.4382 | Noise: 0.2973 | Replay: 19456 | FPS: 65.23 | ETA: 33.4 min
2026-09-13 04:14:26,752 | INFO | Steps: 19968/150000 | Episodes: 39 | LastEpReward: 38.309 | RecentReward: 32.200 | ActorLoss: -3.887302 | CriticLoss: 0.012222 | Q: 3.8407 | TargetQ: 3.8404 | TDAbs: 0.1144 | ActorGrad: 0.0214 | CriticGrad: 0.6169 | Noise: 0.2958 | Replay: 19968 | FPS: 65.48 | ETA: 33.1 min
2026-09-13 04:14:33,476 | INFO | 开始周期评估: Steps=20480 | Episodes=40 | EvalEpisodes=5
2026-09-13 04:14:52,364 | INFO | 周期评估完成: Steps=20480 | MeanReward=33.253 | StdReward=5.153
2026-09-13 04:14:52,370 | INFO | Steps: 20480/150000 | Episodes: 40 | LastEpReward: 37.950 | RecentReward: 33.395 | ActorLoss: -3.956079 | CriticLoss: 0.011030 | Q: 3.9100 | TargetQ: 3.9100 | TDAbs: 0.1101 | ActorGrad: 0.0252 | CriticGrad: 0.5639 | Noise: 0.2943 | Replay: 20480 | FPS: 61.96 | ETA: 34.8 min
2026-09-13 04:14:58,823 | INFO | Steps: 20992/150000 | Episodes: 41 | LastEpReward: 36.986 | RecentReward: 33.229 | ActorLoss: -4.023036 | CriticLoss: 0.011284 | Q: 3.9749 | TargetQ: 3.9754 | TDAbs: 0.1128 | ActorGrad: 0.0284 | CriticGrad: 0.5726 | Noise: 0.2929 | Replay: 20992 | FPS: 62.29 | ETA: 34.5 min
2026-09-13 04:15:05,481 | INFO | Steps: 21504/150000 | Episodes: 42 | LastEpReward: 19.686 | RecentReward: 31.746 | ActorLoss: -4.089246 | CriticLoss: 0.012472 | Q: 4.0447 | TargetQ: 4.0438 | TDAbs: 0.1152 | ActorGrad: 0.0269 | CriticGrad: 0.5390 | Noise: 0.2914 | Replay: 21504 | FPS: 62.57 | ETA: 34.2 min
2026-09-13 04:15:12,023 | INFO | Steps: 22016/150000 | Episodes: 43 | LastEpReward: 30.464 | RecentReward: 32.453 | ActorLoss: -4.216192 | CriticLoss: 0.011771 | Q: 4.1728 | TargetQ: 4.1716 | TDAbs: 0.1142 | ActorGrad: 0.0261 | CriticGrad: 0.6526 | Noise: 0.2900 | Replay: 22016 | FPS: 62.87 | ETA: 33.9 min
2026-09-13 04:15:18,427 | INFO | Steps: 22528/150000 | Episodes: 44 | LastEpReward: 33.432 | RecentReward: 32.114 | ActorLoss: -4.258616 | CriticLoss: 0.012512 | Q: 4.2172 | TargetQ: 4.2168 | TDAbs: 0.1162 | ActorGrad: 0.0259 | CriticGrad: 0.5733 | Noise: 0.2885 | Replay: 22528 | FPS: 63.17 | ETA: 33.6 min
2026-09-13 04:15:25,128 | INFO | Steps: 23040/150000 | Episodes: 45 | LastEpReward: 36.278 | RecentReward: 32.503 | ActorLoss: -4.351086 | CriticLoss: 0.012714 | Q: 4.3109 | TargetQ: 4.3108 | TDAbs: 0.1190 | ActorGrad: 0.0328 | CriticGrad: 0.6410 | Noise: 0.2870 | Replay: 23040 | FPS: 63.42 | ETA: 33.4 min
2026-09-13 04:15:31,709 | INFO | Steps: 23552/150000 | Episodes: 46 | LastEpReward: 33.607 | RecentReward: 32.288 | ActorLoss: -4.426838 | CriticLoss: 0.013002 | Q: 4.3866 | TargetQ: 4.3869 | TDAbs: 0.1197 | ActorGrad: 0.0645 | CriticGrad: 0.6120 | Noise: 0.2856 | Replay: 23552 | FPS: 63.67 | ETA: 33.1 min
2026-09-13 04:15:38,038 | INFO | Steps: 24064/150000 | Episodes: 47 | LastEpReward: 23.858 | RecentReward: 30.931 | ActorLoss: -4.500744 | CriticLoss: 0.015521 | Q: 4.4588 | TargetQ: 4.4593 | TDAbs: 0.1329 | ActorGrad: 0.0108 | CriticGrad: 0.7035 | Noise: 0.2841 | Replay: 24064 | FPS: 63.96 | ETA: 32.8 min
2026-09-13 04:15:44,648 | INFO | Steps: 24576/150000 | Episodes: 48 | LastEpReward: 27.026 | RecentReward: 31.760 | ActorLoss: -4.542872 | CriticLoss: 0.016286 | Q: 4.4986 | TargetQ: 4.4984 | TDAbs: 0.1335 | ActorGrad: 0.0147 | CriticGrad: 0.6191 | Noise: 0.2826 | Replay: 24576 | FPS: 64.20 | ETA: 32.6 min
2026-09-13 04:15:51,104 | INFO | Steps: 25088/150000 | Episodes: 49 | LastEpReward: 13.798 | RecentReward: 29.309 | ActorLoss: -4.630187 | CriticLoss: 0.016692 | Q: 4.5855 | TargetQ: 4.5862 | TDAbs: 0.1377 | ActorGrad: 0.0162 | CriticGrad: 0.6566 | Noise: 0.2812 | Replay: 25088 | FPS: 64.45 | ETA: 32.3 min
2026-09-13 04:15:57,648 | INFO | 开始周期评估: Steps=25600 | Episodes=50 | EvalEpisodes=5
2026-09-13 04:16:16,514 | INFO | 周期评估完成: Steps=25600 | MeanReward=19.297 | StdReward=5.598
2026-09-13 04:16:16,521 | INFO | Steps: 25600/150000 | Episodes: 50 | LastEpReward: 23.239 | RecentReward: 27.837 | ActorLoss: -4.651927 | CriticLoss: 0.017026 | Q: 4.6091 | TargetQ: 4.6091 | TDAbs: 0.1396 | ActorGrad: 0.0198 | CriticGrad: 0.7505 | Noise: 0.2797 | Replay: 25600 | FPS: 61.73 | ETA: 33.6 min
2026-09-13 04:16:23,000 | INFO | Steps: 26112/150000 | Episodes: 51 | LastEpReward: 11.362 | RecentReward: 25.275 | ActorLoss: -4.714657 | CriticLoss: 0.018190 | Q: 4.6774 | TargetQ: 4.6770 | TDAbs: 0.1417 | ActorGrad: 0.0192 | CriticGrad: 0.7708 | Noise: 0.2783 | Replay: 26112 | FPS: 62.00 | ETA: 33.3 min
2026-09-13 04:16:29,517 | INFO | Steps: 26624/150000 | Episodes: 52 | LastEpReward: 32.964 | RecentReward: 26.603 | ActorLoss: -4.746474 | CriticLoss: 0.018103 | Q: 4.6970 | TargetQ: 4.6960 | TDAbs: 0.1413 | ActorGrad: 0.0237 | CriticGrad: 0.8591 | Noise: 0.2768 | Replay: 26624 | FPS: 62.25 | ETA: 33.0 min
2026-09-13 04:16:36,059 | INFO | Steps: 27136/150000 | Episodes: 53 | LastEpReward: 16.510 | RecentReward: 25.207 | ActorLoss: -4.793192 | CriticLoss: 0.020143 | Q: 4.7525 | TargetQ: 4.7514 | TDAbs: 0.1497 | ActorGrad: 0.0331 | CriticGrad: 0.8203 | Noise: 0.2753 | Replay: 27136 | FPS: 62.49 | ETA: 32.8 min
2026-09-13 04:16:42,806 | INFO | Steps: 27648/150000 | Episodes: 54 | LastEpReward: 15.392 | RecentReward: 23.403 | ActorLoss: -4.868344 | CriticLoss: 0.021868 | Q: 4.8199 | TargetQ: 4.8193 | TDAbs: 0.1561 | ActorGrad: 0.0261 | CriticGrad: 1.0424 | Noise: 0.2739 | Replay: 27648 | FPS: 62.70 | ETA: 32.5 min
2026-09-13 04:16:49,425 | INFO | Steps: 28160/150000 | Episodes: 55 | LastEpReward: 15.421 | RecentReward: 21.318 | ActorLoss: -4.921191 | CriticLoss: 0.020915 | Q: 4.8908 | TargetQ: 4.8912 | TDAbs: 0.1519 | ActorGrad: 0.0117 | CriticGrad: 0.7842 | Noise: 0.2724 | Replay: 28160 | FPS: 62.91 | ETA: 32.3 min
2026-09-13 04:16:56,139 | INFO | Steps: 28672/150000 | Episodes: 56 | LastEpReward: 14.333 | RecentReward: 19.390 | ActorLoss: -4.959198 | CriticLoss: 0.022199 | Q: 4.9212 | TargetQ: 4.9187 | TDAbs: 0.1557 | ActorGrad: 0.0128 | CriticGrad: 0.9193 | Noise: 0.2709 | Replay: 28672 | FPS: 63.11 | ETA: 32.0 min
2026-09-13 04:17:02,649 | INFO | Steps: 29184/150000 | Episodes: 57 | LastEpReward: 19.217 | RecentReward: 18.926 | ActorLoss: -4.941073 | CriticLoss: 0.021527 | Q: 4.9117 | TargetQ: 4.9123 | TDAbs: 0.1536 | ActorGrad: 0.0265 | CriticGrad: 0.7990 | Noise: 0.2695 | Replay: 29184 | FPS: 63.33 | ETA: 31.8 min
2026-09-13 04:17:09,052 | INFO | Steps: 29696/150000 | Episodes: 58 | LastEpReward: 32.245 | RecentReward: 19.448 | ActorLoss: -4.986596 | CriticLoss: 0.021735 | Q: 4.9474 | TargetQ: 4.9450 | TDAbs: 0.1532 | ActorGrad: 0.0439 | CriticGrad: 0.8047 | Noise: 0.2680 | Replay: 29696 | FPS: 63.56 | ETA: 31.5 min
2026-09-13 04:17:15,474 | INFO | Steps: 30208/150000 | Episodes: 59 | LastEpReward: 35.773 | RecentReward: 21.646 | ActorLoss: -5.031452 | CriticLoss: 0.019339 | Q: 4.9909 | TargetQ: 4.9905 | TDAbs: 0.1456 | ActorGrad: 0.0275 | CriticGrad: 0.7002 | Noise: 0.2665 | Replay: 30208 | FPS: 63.78 | ETA: 31.3 min
2026-09-13 04:17:21,814 | INFO | 开始周期评估: Steps=30720 | Episodes=60 | EvalEpisodes=5
2026-09-13 04:17:40,853 | INFO | 周期评估完成: Steps=30720 | MeanReward=38.036 | StdReward=2.783
2026-09-13 04:17:40,865 | INFO | Steps: 30720/150000 | Episodes: 60 | LastEpReward: 27.515 | RecentReward: 22.073 | ActorLoss: -5.028094 | CriticLoss: 0.020580 | Q: 4.9907 | TargetQ: 4.9904 | TDAbs: 0.1500 | ActorGrad: 0.0306 | CriticGrad: 0.7392 | Noise: 0.2651 | Replay: 30720 | FPS: 61.56 | ETA: 32.3 min
2026-09-13 04:17:47,351 | INFO | Steps: 31232/150000 | Episodes: 61 | LastEpReward: 39.296 | RecentReward: 24.867 | ActorLoss: -5.119767 | CriticLoss: 0.019006 | Q: 5.0806 | TargetQ: 5.0812 | TDAbs: 0.1442 | ActorGrad: 0.0303 | CriticGrad: 0.7241 | Noise: 0.2636 | Replay: 31232 | FPS: 61.78 | ETA: 32.0 min
2026-09-13 04:17:53,715 | INFO | Steps: 31744/150000 | Episodes: 62 | LastEpReward: 38.403 | RecentReward: 25.410 | ActorLoss: -5.163233 | CriticLoss: 0.019359 | Q: 5.1267 | TargetQ: 5.1247 | TDAbs: 0.1425 | ActorGrad: 0.0217 | CriticGrad: 0.6175 | Noise: 0.2622 | Replay: 31744 | FPS: 62.01 | ETA: 31.8 min
2026-09-13 04:18:00,088 | INFO | Steps: 32256/150000 | Episodes: 63 | LastEpReward: 35.302 | RecentReward: 27.290 | ActorLoss: -5.173233 | CriticLoss: 0.020264 | Q: 5.1334 | TargetQ: 5.1325 | TDAbs: 0.1465 | ActorGrad: 0.0289 | CriticGrad: 0.7863 | Noise: 0.2607 | Replay: 32256 | FPS: 62.24 | ETA: 31.5 min
2026-09-13 04:18:06,682 | INFO | Steps: 32768/150000 | Episodes: 64 | LastEpReward: 45.517 | RecentReward: 30.302 | ActorLoss: -5.246523 | CriticLoss: 0.019694 | Q: 5.2098 | TargetQ: 5.2091 | TDAbs: 0.1494 | ActorGrad: 0.0267 | CriticGrad: 0.9900 | Noise: 0.2592 | Replay: 32768 | FPS: 62.43 | ETA: 31.3 min
2026-09-13 04:18:13,063 | INFO | Steps: 33280/150000 | Episodes: 65 | LastEpReward: 38.269 | RecentReward: 32.587 | ActorLoss: -5.298868 | CriticLoss: 0.019973 | Q: 5.2621 | TargetQ: 5.2613 | TDAbs: 0.1470 | ActorGrad: 0.0306 | CriticGrad: 0.7430 | Noise: 0.2578 | Replay: 33280 | FPS: 62.65 | ETA: 31.1 min
2026-09-13 04:18:19,750 | INFO | Steps: 33792/150000 | Episodes: 66 | LastEpReward: 39.916 | RecentReward: 35.145 | ActorLoss: -5.366672 | CriticLoss: 0.021124 | Q: 5.3255 | TargetQ: 5.3246 | TDAbs: 0.1504 | ActorGrad: 0.0251 | CriticGrad: 0.7604 | Noise: 0.2563 | Replay: 33792 | FPS: 62.82 | ETA: 30.8 min
2026-09-13 04:18:26,590 | INFO | Steps: 34304/150000 | Episodes: 67 | LastEpReward: 36.825 | RecentReward: 36.906 | ActorLoss: -5.428342 | CriticLoss: 0.021248 | Q: 5.3894 | TargetQ: 5.3875 | TDAbs: 0.1526 | ActorGrad: 0.0300 | CriticGrad: 0.9610 | Noise: 0.2548 | Replay: 34304 | FPS: 62.97 | ETA: 30.6 min
2026-09-13 04:18:33,178 | INFO | Steps: 34816/150000 | Episodes: 68 | LastEpReward: 38.250 | RecentReward: 37.507 | ActorLoss: -5.411017 | CriticLoss: 0.019228 | Q: 5.3728 | TargetQ: 5.3730 | TDAbs: 0.1479 | ActorGrad: 0.0286 | CriticGrad: 0.7177 | Noise: 0.2534 | Replay: 34816 | FPS: 63.15 | ETA: 30.4 min
2026-09-13 04:18:39,934 | INFO | Steps: 35328/150000 | Episodes: 69 | LastEpReward: 39.138 | RecentReward: 37.843 | ActorLoss: -5.528513 | CriticLoss: 0.022941 | Q: 5.4910 | TargetQ: 5.4873 | TDAbs: 0.1551 | ActorGrad: 0.0284 | CriticGrad: 0.8854 | Noise: 0.2519 | Replay: 35328 | FPS: 63.30 | ETA: 30.2 min
2026-09-13 04:18:46,560 | INFO | 开始周期评估: Steps=35840 | Episodes=70 | EvalEpisodes=5
2026-09-13 04:19:05,650 | INFO | 周期评估完成: Steps=35840 | MeanReward=38.043 | StdReward=2.787
2026-09-13 04:19:05,663 | INFO | Steps: 35840/150000 | Episodes: 70 | LastEpReward: 31.181 | RecentReward: 38.210 | ActorLoss: -5.548662 | CriticLoss: 0.020495 | Q: 5.5076 | TargetQ: 5.5064 | TDAbs: 0.1496 | ActorGrad: 0.0300 | CriticGrad: 0.7599 | Noise: 0.2505 | Replay: 35840 | FPS: 61.39 | ETA: 31.0 min
2026-09-13 04:19:12,233 | INFO | Steps: 36352/150000 | Episodes: 71 | LastEpReward: 35.000 | RecentReward: 37.780 | ActorLoss: -5.571943 | CriticLoss: 0.021563 | Q: 5.5316 | TargetQ: 5.5312 | TDAbs: 0.1544 | ActorGrad: 0.0299 | CriticGrad: 0.8623 | Noise: 0.2490 | Replay: 36352 | FPS: 61.57 | ETA: 30.8 min
2026-09-13 04:19:18,645 | INFO | Steps: 36864/150000 | Episodes: 72 | LastEpReward: 35.354 | RecentReward: 37.475 | ActorLoss: -5.592874 | CriticLoss: 0.021635 | Q: 5.5534 | TargetQ: 5.5533 | TDAbs: 0.1541 | ActorGrad: 0.0294 | CriticGrad: 0.8171 | Noise: 0.2475 | Replay: 36864 | FPS: 61.77 | ETA: 30.5 min
2026-09-13 04:19:25,081 | INFO | Steps: 37376/150000 | Episodes: 73 | LastEpReward: 35.331 | RecentReward: 37.478 | ActorLoss: -5.648813 | CriticLoss: 0.019395 | Q: 5.6102 | TargetQ: 5.6084 | TDAbs: 0.1499 | ActorGrad: 0.0314 | CriticGrad: 0.9003 | Noise: 0.2461 | Replay: 37376 | FPS: 61.96 | ETA: 30.3 min
2026-09-13 04:19:31,576 | INFO | Steps: 37888/150000 | Episodes: 74 | LastEpReward: 36.265 | RecentReward: 36.553 | ActorLoss: -5.667494 | CriticLoss: 0.024285 | Q: 5.6272 | TargetQ: 5.6267 | TDAbs: 0.1602 | ActorGrad: 0.0283 | CriticGrad: 0.9370 | Noise: 0.2446 | Replay: 37888 | FPS: 62.14 | ETA: 30.1 min
2026-09-13 04:19:38,125 | INFO | Steps: 38400/150000 | Episodes: 75 | LastEpReward: 39.152 | RecentReward: 36.641 | ActorLoss: -5.761630 | CriticLoss: 0.023997 | Q: 5.7224 | TargetQ: 5.7204 | TDAbs: 0.1619 | ActorGrad: 0.0304 | CriticGrad: 0.9295 | Noise: 0.2431 | Replay: 38400 | FPS: 62.31 | ETA: 29.9 min
2026-09-13 04:19:44,727 | INFO | Steps: 38912/150000 | Episodes: 76 | LastEpReward: 33.891 | RecentReward: 36.039 | ActorLoss: -5.769505 | CriticLoss: 0.020685 | Q: 5.7324 | TargetQ: 5.7334 | TDAbs: 0.1541 | ActorGrad: 0.0310 | CriticGrad: 0.8538 | Noise: 0.2417 | Replay: 38912 | FPS: 62.47 | ETA: 29.6 min
2026-09-13 04:19:51,330 | INFO | Steps: 39424/150000 | Episodes: 77 | LastEpReward: 32.302 | RecentReward: 35.586 | ActorLoss: -5.802597 | CriticLoss: 0.023683 | Q: 5.7638 | TargetQ: 5.7615 | TDAbs: 0.1604 | ActorGrad: 0.0364 | CriticGrad: 0.9188 | Noise: 0.2402 | Replay: 39424 | FPS: 62.63 | ETA: 29.4 min
2026-09-13 04:19:57,992 | INFO | Steps: 39936/150000 | Episodes: 78 | LastEpReward: 37.719 | RecentReward: 35.533 | ActorLoss: -5.852950 | CriticLoss: 0.025823 | Q: 5.8171 | TargetQ: 5.8161 | TDAbs: 0.1661 | ActorGrad: 0.0300 | CriticGrad: 0.9450 | Noise: 0.2388 | Replay: 39936 | FPS: 62.78 | ETA: 29.2 min
2026-09-13 04:20:04,619 | INFO | Steps: 40448/150000 | Episodes: 79 | LastEpReward: 33.378 | RecentReward: 34.957 | ActorLoss: -5.895323 | CriticLoss: 0.023034 | Q: 5.8606 | TargetQ: 5.8612 | TDAbs: 0.1608 | ActorGrad: 0.0319 | CriticGrad: 0.8765 | Noise: 0.2373 | Replay: 40448 | FPS: 62.92 | ETA: 29.0 min
2026-09-13 04:20:11,114 | INFO | 开始周期评估: Steps=40960 | Episodes=80 | EvalEpisodes=5
2026-09-13 04:20:30,013 | INFO | 周期评估完成: Steps=40960 | MeanReward=36.691 | StdReward=2.789
2026-09-13 04:20:30,021 | INFO | Steps: 40960/150000 | Episodes: 80 | LastEpReward: 37.853 | RecentReward: 35.625 | ActorLoss: -5.905538 | CriticLoss: 0.024869 | Q: 5.8736 | TargetQ: 5.8715 | TDAbs: 0.1643 | ActorGrad: 0.0374 | CriticGrad: 0.9703 | Noise: 0.2358 | Replay: 40960 | FPS: 61.30 | ETA: 29.6 min
2026-09-13 04:20:36,470 | INFO | Steps: 41472/150000 | Episodes: 81 | LastEpReward: 35.765 | RecentReward: 35.701 | ActorLoss: -5.940218 | CriticLoss: 0.025563 | Q: 5.9032 | TargetQ: 5.9026 | TDAbs: 0.1650 | ActorGrad: 0.0319 | CriticGrad: 0.8822 | Noise: 0.2344 | Replay: 41472 | FPS: 61.47 | ETA: 29.4 min
2026-09-13 04:20:43,066 | INFO | Steps: 41984/150000 | Episodes: 82 | LastEpReward: 42.351 | RecentReward: 36.401 | ActorLoss: -6.023912 | CriticLoss: 0.025692 | Q: 5.9851 | TargetQ: 5.9839 | TDAbs: 0.1652 | ActorGrad: 0.0326 | CriticGrad: 0.9323 | Noise: 0.2329 | Replay: 41984 | FPS: 61.63 | ETA: 29.2 min
2026-09-13 04:20:49,718 | INFO | Steps: 42496/150000 | Episodes: 83 | LastEpReward: 37.161 | RecentReward: 36.584 | ActorLoss: -6.006227 | CriticLoss: 0.026770 | Q: 5.9691 | TargetQ: 5.9687 | TDAbs: 0.1701 | ActorGrad: 0.0384 | CriticGrad: 0.8994 | Noise: 0.2314 | Replay: 42496 | FPS: 61.78 | ETA: 29.0 min
2026-09-13 04:20:56,266 | INFO | Steps: 43008/150000 | Episodes: 84 | LastEpReward: 32.708 | RecentReward: 36.228 | ActorLoss: -6.000386 | CriticLoss: 0.030404 | Q: 5.9588 | TargetQ: 5.9580 | TDAbs: 0.1794 | ActorGrad: 0.0357 | CriticGrad: 0.9853 | Noise: 0.2300 | Replay: 43008 | FPS: 61.93 | ETA: 28.8 min
2026-09-13 04:21:02,869 | INFO | Steps: 43520/150000 | Episodes: 85 | LastEpReward: 29.809 | RecentReward: 35.294 | ActorLoss: -6.094152 | CriticLoss: 0.030652 | Q: 6.0540 | TargetQ: 6.0551 | TDAbs: 0.1809 | ActorGrad: 0.0286 | CriticGrad: 1.0731 | Noise: 0.2285 | Replay: 43520 | FPS: 62.08 | ETA: 28.6 min
2026-09-13 04:21:09,372 | INFO | Steps: 44032/150000 | Episodes: 86 | LastEpReward: 37.771 | RecentReward: 35.682 | ActorLoss: -6.168144 | CriticLoss: 0.030523 | Q: 6.1265 | TargetQ: 6.1243 | TDAbs: 0.1788 | ActorGrad: 0.0367 | CriticGrad: 1.1005 | Noise: 0.2271 | Replay: 44032 | FPS: 62.23 | ETA: 28.4 min
2026-09-13 04:21:15,908 | INFO | Steps: 44544/150000 | Episodes: 87 | LastEpReward: 51.230 | RecentReward: 37.574 | ActorLoss: -6.190482 | CriticLoss: 0.032794 | Q: 6.1488 | TargetQ: 6.1460 | TDAbs: 0.1851 | ActorGrad: 0.0400 | CriticGrad: 1.0094 | Noise: 0.2256 | Replay: 44544 | FPS: 62.38 | ETA: 28.2 min
2026-09-13 04:21:22,320 | INFO | Steps: 45056/150000 | Episodes: 88 | LastEpReward: 33.056 | RecentReward: 37.108 | ActorLoss: -6.203020 | CriticLoss: 0.032147 | Q: 6.1635 | TargetQ: 6.1613 | TDAbs: 0.1842 | ActorGrad: 0.0367 | CriticGrad: 1.0662 | Noise: 0.2241 | Replay: 45056 | FPS: 62.53 | ETA: 28.0 min
2026-09-13 04:21:28,814 | INFO | Steps: 45568/150000 | Episodes: 89 | LastEpReward: 28.762 | RecentReward: 36.647 | ActorLoss: -6.255059 | CriticLoss: 0.035059 | Q: 6.2088 | TargetQ: 6.2089 | TDAbs: 0.1904 | ActorGrad: 0.0417 | CriticGrad: 1.1911 | Noise: 0.2227 | Replay: 45568 | FPS: 62.68 | ETA: 27.8 min
2026-09-13 04:21:35,529 | INFO | 开始周期评估: Steps=46080 | Episodes=90 | EvalEpisodes=5
2026-09-13 04:21:54,619 | INFO | 周期评估完成: Steps=46080 | MeanReward=38.347 | StdReward=3.022
2026-09-13 04:21:54,630 | INFO | Steps: 46080/150000 | Episodes: 90 | LastEpReward: 43.172 | RecentReward: 37.178 | ActorLoss: -6.355922 | CriticLoss: 0.040402 | Q: 6.3097 | TargetQ: 6.3069 | TDAbs: 0.2013 | ActorGrad: 0.0410 | CriticGrad: 1.1558 | Noise: 0.2212 | Replay: 46080 | FPS: 61.21 | ETA: 28.3 min
2026-09-13 04:22:01,383 | INFO | Steps: 46592/150000 | Episodes: 91 | LastEpReward: 33.637 | RecentReward: 36.966 | ActorLoss: -6.452144 | CriticLoss: 0.049859 | Q: 6.4045 | TargetQ: 6.4029 | TDAbs: 0.2130 | ActorGrad: 0.0411 | CriticGrad: 1.5560 | Noise: 0.2197 | Replay: 46592 | FPS: 61.34 | ETA: 28.1 min
2026-09-13 04:22:07,865 | INFO | Steps: 47104/150000 | Episodes: 92 | LastEpReward: 37.235 | RecentReward: 36.454 | ActorLoss: -6.420004 | CriticLoss: 0.046195 | Q: 6.3740 | TargetQ: 6.3753 | TDAbs: 0.2111 | ActorGrad: 0.0374 | CriticGrad: 1.3062 | Noise: 0.2183 | Replay: 47104 | FPS: 61.49 | ETA: 27.9 min
2026-09-13 04:22:14,574 | INFO | Steps: 47616/150000 | Episodes: 93 | LastEpReward: 31.033 | RecentReward: 35.841 | ActorLoss: -6.585012 | CriticLoss: 0.052240 | Q: 6.5359 | TargetQ: 6.5346 | TDAbs: 0.2216 | ActorGrad: 0.0397 | CriticGrad: 1.5113 | Noise: 0.2168 | Replay: 47616 | FPS: 61.62 | ETA: 27.7 min
2026-09-13 04:22:21,057 | INFO | Steps: 48128/150000 | Episodes: 94 | LastEpReward: 39.850 | RecentReward: 36.556 | ActorLoss: -6.561923 | CriticLoss: 0.056238 | Q: 6.5144 | TargetQ: 6.5205 | TDAbs: 0.2243 | ActorGrad: 0.0390 | CriticGrad: 1.4966 | Noise: 0.2153 | Replay: 48128 | FPS: 61.76 | ETA: 27.5 min
2026-09-13 04:22:27,643 | INFO | Steps: 48640/150000 | Episodes: 95 | LastEpReward: 40.884 | RecentReward: 37.663 | ActorLoss: -6.666805 | CriticLoss: 0.053025 | Q: 6.6154 | TargetQ: 6.6140 | TDAbs: 0.2209 | ActorGrad: 0.0445 | CriticGrad: 1.5322 | Noise: 0.2139 | Replay: 48640 | FPS: 61.90 | ETA: 27.3 min
2026-09-13 04:22:34,278 | INFO | Steps: 49152/150000 | Episodes: 96 | LastEpReward: 35.750 | RecentReward: 37.461 | ActorLoss: -6.678240 | CriticLoss: 0.051524 | Q: 6.6269 | TargetQ: 6.6302 | TDAbs: 0.2208 | ActorGrad: 0.0472 | CriticGrad: 1.6602 | Noise: 0.2124 | Replay: 49152 | FPS: 62.02 | ETA: 27.1 min
2026-09-13 04:22:40,842 | INFO | Steps: 49664/150000 | Episodes: 97 | LastEpReward: 31.669 | RecentReward: 35.505 | ActorLoss: -6.668775 | CriticLoss: 0.055728 | Q: 6.6239 | TargetQ: 6.6260 | TDAbs: 0.2260 | ActorGrad: 0.0428 | CriticGrad: 1.3741 | Noise: 0.2110 | Replay: 49664 | FPS: 62.16 | ETA: 26.9 min
2026-09-13 04:22:47,681 | INFO | Steps: 50176/150000 | Episodes: 98 | LastEpReward: 34.598 | RecentReward: 35.659 | ActorLoss: -6.778401 | CriticLoss: 0.053790 | Q: 6.7324 | TargetQ: 6.7312 | TDAbs: 0.2249 | ActorGrad: 0.0374 | CriticGrad: 1.5584 | Noise: 0.2095 | Replay: 50000 | FPS: 62.26 | ETA: 26.7 min
2026-09-13 04:22:54,386 | INFO | Steps: 50688/150000 | Episodes: 99 | LastEpReward: 43.243 | RecentReward: 37.107 | ActorLoss: -6.834680 | CriticLoss: 0.054808 | Q: 6.7886 | TargetQ: 6.7874 | TDAbs: 0.2278 | ActorGrad: 0.0509 | CriticGrad: 1.7188 | Noise: 0.2080 | Replay: 50000 | FPS: 62.38 | ETA: 26.5 min
2026-09-13 04:23:01,049 | INFO | 开始周期评估: Steps=51200 | Episodes=100 | EvalEpisodes=5
2026-09-13 04:23:20,111 | INFO | 周期评估完成: Steps=51200 | MeanReward=39.523 | StdReward=4.970
2026-09-13 04:23:20,124 | INFO | Steps: 51200/150000 | Episodes: 100 | LastEpReward: 36.017 | RecentReward: 36.392 | ActorLoss: -6.959547 | CriticLoss: 0.060526 | Q: 6.9153 | TargetQ: 6.9165 | TDAbs: 0.2321 | ActorGrad: 0.0561 | CriticGrad: 1.6981 | Noise: 0.2066 | Replay: 50000 | FPS: 61.08 | ETA: 27.0 min
2026-09-13 04:23:26,765 | INFO | Steps: 51712/150000 | Episodes: 101 | LastEpReward: 38.722 | RecentReward: 36.900 | ActorLoss: -7.076653 | CriticLoss: 0.054625 | Q: 7.0272 | TargetQ: 7.0266 | TDAbs: 0.2283 | ActorGrad: 0.0443 | CriticGrad: 1.7118 | Noise: 0.2051 | Replay: 50000 | FPS: 61.20 | ETA: 26.8 min
2026-09-13 04:23:33,402 | INFO | Steps: 52224/150000 | Episodes: 102 | LastEpReward: 42.408 | RecentReward: 37.417 | ActorLoss: -7.159610 | CriticLoss: 0.057266 | Q: 7.1164 | TargetQ: 7.1211 | TDAbs: 0.2328 | ActorGrad: 0.0426 | CriticGrad: 1.5936 | Noise: 0.2036 | Replay: 50000 | FPS: 61.33 | ETA: 26.6 min
2026-09-13 04:23:40,014 | INFO | Steps: 52736/150000 | Episodes: 103 | LastEpReward: 30.664 | RecentReward: 37.380 | ActorLoss: -7.195458 | CriticLoss: 0.061104 | Q: 7.1517 | TargetQ: 7.1565 | TDAbs: 0.2310 | ActorGrad: 0.0549 | CriticGrad: 1.5399 | Noise: 0.2022 | Replay: 50000 | FPS: 61.45 | ETA: 26.4 min
2026-09-13 04:23:46,658 | INFO | Steps: 53248/150000 | Episodes: 104 | LastEpReward: 40.319 | RecentReward: 37.427 | ActorLoss: -7.404305 | CriticLoss: 0.056570 | Q: 7.3636 | TargetQ: 7.3619 | TDAbs: 0.2276 | ActorGrad: 0.0482 | CriticGrad: 1.6176 | Noise: 0.2007 | Replay: 50000 | FPS: 61.57 | ETA: 26.2 min
2026-09-13 04:23:53,359 | INFO | Steps: 53760/150000 | Episodes: 105 | LastEpReward: 31.560 | RecentReward: 36.495 | ActorLoss: -7.331768 | CriticLoss: 0.054477 | Q: 7.2985 | TargetQ: 7.2974 | TDAbs: 0.2263 | ActorGrad: 0.0402 | CriticGrad: 1.8232 | Noise: 0.1993 | Replay: 50000 | FPS: 61.68 | ETA: 26.0 min
2026-09-13 04:24:00,030 | INFO | Steps: 54272/150000 | Episodes: 106 | LastEpReward: 33.485 | RecentReward: 36.268 | ActorLoss: -7.369710 | CriticLoss: 0.056704 | Q: 7.3348 | TargetQ: 7.3302 | TDAbs: 0.2273 | ActorGrad: 0.0440 | CriticGrad: 1.5764 | Noise: 0.1978 | Replay: 50000 | FPS: 61.80 | ETA: 25.8 min
2026-09-13 04:24:06,644 | INFO | Steps: 54784/150000 | Episodes: 107 | LastEpReward: 40.327 | RecentReward: 37.134 | ActorLoss: -7.444351 | CriticLoss: 0.058464 | Q: 7.4084 | TargetQ: 7.4092 | TDAbs: 0.2312 | ActorGrad: 0.0417 | CriticGrad: 1.7283 | Noise: 0.1963 | Replay: 50000 | FPS: 61.92 | ETA: 25.6 min
2026-09-13 04:24:13,308 | INFO | Steps: 55296/150000 | Episodes: 108 | LastEpReward: 41.862 | RecentReward: 37.861 | ActorLoss: -7.498769 | CriticLoss: 0.060613 | Q: 7.4634 | TargetQ: 7.4569 | TDAbs: 0.2333 | ActorGrad: 0.0489 | CriticGrad: 1.6367 | Noise: 0.1949 | Replay: 50000 | FPS: 62.03 | ETA: 25.4 min
2026-09-13 04:24:20,159 | INFO | Steps: 55808/150000 | Episodes: 109 | LastEpReward: 37.006 | RecentReward: 37.237 | ActorLoss: -7.498736 | CriticLoss: 0.057037 | Q: 7.4654 | TargetQ: 7.4669 | TDAbs: 0.2307 | ActorGrad: 0.0507 | CriticGrad: 1.7113 | Noise: 0.1934 | Replay: 50000 | FPS: 62.12 | ETA: 25.3 min
2026-09-13 04:24:26,789 | INFO | 开始周期评估: Steps=56320 | Episodes=110 | EvalEpisodes=5
2026-09-13 04:24:45,826 | INFO | 周期评估完成: Steps=56320 | MeanReward=38.506 | StdReward=3.181
2026-09-13 04:24:45,834 | INFO | Steps: 56320/150000 | Episodes: 110 | LastEpReward: 31.856 | RecentReward: 36.821 | ActorLoss: -7.663534 | CriticLoss: 0.070609 | Q: 7.6278 | TargetQ: 7.6348 | TDAbs: 0.2461 | ActorGrad: 0.0546 | CriticGrad: 1.9071 | Noise: 0.1919 | Replay: 50000 | FPS: 60.95 | ETA: 25.6 min
2026-09-13 04:24:52,484 | INFO | Steps: 56832/150000 | Episodes: 111 | LastEpReward: 37.811 | RecentReward: 36.730 | ActorLoss: -7.597713 | CriticLoss: 0.059773 | Q: 7.5614 | TargetQ: 7.5625 | TDAbs: 0.2347 | ActorGrad: 0.0360 | CriticGrad: 2.0232 | Noise: 0.1905 | Replay: 50000 | FPS: 61.07 | ETA: 25.4 min
2026-09-13 04:24:59,093 | INFO | Steps: 57344/150000 | Episodes: 112 | LastEpReward: 32.862 | RecentReward: 35.775 | ActorLoss: -7.589838 | CriticLoss: 0.056436 | Q: 7.5564 | TargetQ: 7.5604 | TDAbs: 0.2281 | ActorGrad: 0.0408 | CriticGrad: 1.6351 | Noise: 0.1890 | Replay: 50000 | FPS: 61.18 | ETA: 25.2 min
2026-09-13 04:25:05,786 | INFO | Steps: 57856/150000 | Episodes: 113 | LastEpReward: 33.689 | RecentReward: 36.078 | ActorLoss: -7.620497 | CriticLoss: 0.067350 | Q: 7.5855 | TargetQ: 7.5921 | TDAbs: 0.2407 | ActorGrad: 0.0524 | CriticGrad: 1.8900 | Noise: 0.1876 | Replay: 50000 | FPS: 61.29 | ETA: 25.1 min
2026-09-13 04:25:12,324 | INFO | Steps: 58368/150000 | Episodes: 114 | LastEpReward: 31.103 | RecentReward: 35.156 | ActorLoss: -7.603335 | CriticLoss: 0.058911 | Q: 7.5685 | TargetQ: 7.5632 | TDAbs: 0.2337 | ActorGrad: 0.0386 | CriticGrad: 1.9639 | Noise: 0.1861 | Replay: 50000 | FPS: 61.41 | ETA: 24.9 min
2026-09-13 04:25:18,832 | INFO | Steps: 58880/150000 | Episodes: 115 | LastEpReward: 31.515 | RecentReward: 35.152 | ActorLoss: -7.634010 | CriticLoss: 0.059478 | Q: 7.6037 | TargetQ: 7.6020 | TDAbs: 0.2307 | ActorGrad: 0.0550 | CriticGrad: 1.6860 | Noise: 0.1846 | Replay: 50000 | FPS: 61.52 | ETA: 24.7 min
2026-09-13 04:25:25,259 | INFO | Steps: 59392/150000 | Episodes: 116 | LastEpReward: 32.323 | RecentReward: 35.036 | ActorLoss: -7.720659 | CriticLoss: 0.058509 | Q: 7.6874 | TargetQ: 7.6905 | TDAbs: 0.2294 | ActorGrad: 0.0466 | CriticGrad: 1.7956 | Noise: 0.1832 | Replay: 50000 | FPS: 61.65 | ETA: 24.5 min
2026-09-13 04:25:31,719 | INFO | Steps: 59904/150000 | Episodes: 117 | LastEpReward: 42.794 | RecentReward: 35.282 | ActorLoss: -7.715299 | CriticLoss: 0.063963 | Q: 7.6823 | TargetQ: 7.6811 | TDAbs: 0.2365 | ActorGrad: 0.0522 | CriticGrad: 1.8671 | Noise: 0.1817 | Replay: 50000 | FPS: 61.76 | ETA: 24.3 min
2026-09-13 04:25:38,311 | INFO | Steps: 60416/150000 | Episodes: 118 | LastEpReward: 40.909 | RecentReward: 35.187 | ActorLoss: -7.698617 | CriticLoss: 0.067499 | Q: 7.6643 | TargetQ: 7.6584 | TDAbs: 0.2400 | ActorGrad: 0.0426 | CriticGrad: 1.7854 | Noise: 0.1802 | Replay: 50000 | FPS: 61.87 | ETA: 24.1 min
2026-09-13 04:25:44,911 | INFO | Steps: 60928/150000 | Episodes: 119 | LastEpReward: 35.980 | RecentReward: 35.084 | ActorLoss: -7.722254 | CriticLoss: 0.060897 | Q: 7.6920 | TargetQ: 7.7011 | TDAbs: 0.2299 | ActorGrad: 0.0399 | CriticGrad: 1.7597 | Noise: 0.1788 | Replay: 50000 | FPS: 61.98 | ETA: 24.0 min
2026-09-13 04:25:51,562 | INFO | 开始周期评估: Steps=61440 | Episodes=120 | EvalEpisodes=5
2026-09-13 04:26:10,601 | INFO | 周期评估完成: Steps=61440 | MeanReward=38.650 | StdReward=3.351
2026-09-13 04:26:10,608 | INFO | Steps: 61440/150000 | Episodes: 120 | LastEpReward: 26.103 | RecentReward: 34.509 | ActorLoss: -7.729250 | CriticLoss: 0.067520 | Q: 7.6968 | TargetQ: 7.7011 | TDAbs: 0.2394 | ActorGrad: 0.0561 | CriticGrad: 1.8684 | Noise: 0.1773 | Replay: 50000 | FPS: 60.90 | ETA: 24.2 min
2026-09-13 04:26:17,113 | INFO | Steps: 61952/150000 | Episodes: 121 | LastEpReward: 34.927 | RecentReward: 34.221 | ActorLoss: -7.738601 | CriticLoss: 0.059013 | Q: 7.7091 | TargetQ: 7.7087 | TDAbs: 0.2290 | ActorGrad: 0.0606 | CriticGrad: 1.8742 | Noise: 0.1759 | Replay: 50000 | FPS: 61.02 | ETA: 24.0 min
2026-09-13 04:26:23,608 | INFO | Steps: 62464/150000 | Episodes: 122 | LastEpReward: 34.927 | RecentReward: 34.427 | ActorLoss: -7.732263 | CriticLoss: 0.062329 | Q: 7.7049 | TargetQ: 7.6990 | TDAbs: 0.2309 | ActorGrad: 0.0646 | CriticGrad: 1.8323 | Noise: 0.1744 | Replay: 50000 | FPS: 61.13 | ETA: 23.9 min
2026-09-13 04:26:30,308 | INFO | Steps: 62976/150000 | Episodes: 123 | LastEpReward: 41.853 | RecentReward: 35.243 | ActorLoss: -7.831024 | CriticLoss: 0.063610 | Q: 7.8037 | TargetQ: 7.7924 | TDAbs: 0.2302 | ActorGrad: 0.0442 | CriticGrad: 1.9094 | Noise: 0.1729 | Replay: 50000 | FPS: 61.23 | ETA: 23.7 min
2026-09-13 04:26:36,861 | INFO | Steps: 63488/150000 | Episodes: 124 | LastEpReward: 37.523 | RecentReward: 35.886 | ActorLoss: -7.768919 | CriticLoss: 0.068533 | Q: 7.7413 | TargetQ: 7.7456 | TDAbs: 0.2364 | ActorGrad: 0.0457 | CriticGrad: 1.7086 | Noise: 0.1715 | Replay: 50000 | FPS: 61.34 | ETA: 23.5 min
2026-09-13 04:26:43,502 | INFO | Steps: 64000/150000 | Episodes: 125 | LastEpReward: 39.871 | RecentReward: 36.721 | ActorLoss: -7.791548 | CriticLoss: 0.057246 | Q: 7.7601 | TargetQ: 7.7619 | TDAbs: 0.2233 | ActorGrad: 0.0462 | CriticGrad: 1.9641 | Noise: 0.1700 | Replay: 50000 | FPS: 61.44 | ETA: 23.3 min
2026-09-13 04:26:50,122 | INFO | Steps: 64512/150000 | Episodes: 126 | LastEpReward: 43.057 | RecentReward: 37.795 | ActorLoss: -7.728591 | CriticLoss: 0.058134 | Q: 7.7009 | TargetQ: 7.6999 | TDAbs: 0.2223 | ActorGrad: 0.0365 | CriticGrad: 1.6680 | Noise: 0.1685 | Replay: 50000 | FPS: 61.54 | ETA: 23.2 min
2026-09-13 04:26:56,812 | INFO | Steps: 65024/150000 | Episodes: 127 | LastEpReward: 39.096 | RecentReward: 37.425 | ActorLoss: -7.792604 | CriticLoss: 0.077622 | Q: 7.7657 | TargetQ: 7.7763 | TDAbs: 0.2438 | ActorGrad: 0.0440 | CriticGrad: 1.7494 | Noise: 0.1671 | Replay: 50000 | FPS: 61.63 | ETA: 23.0 min
2026-09-13 04:27:03,399 | INFO | Steps: 65536/150000 | Episodes: 128 | LastEpReward: 35.679 | RecentReward: 36.902 | ActorLoss: -7.850147 | CriticLoss: 0.060369 | Q: 7.8208 | TargetQ: 7.8155 | TDAbs: 0.2210 | ActorGrad: 0.0458 | CriticGrad: 1.7264 | Noise: 0.1656 | Replay: 50000 | FPS: 61.73 | ETA: 22.8 min
2026-09-13 04:27:10,008 | INFO | Steps: 66048/150000 | Episodes: 129 | LastEpReward: 36.705 | RecentReward: 36.974 | ActorLoss: -7.680212 | CriticLoss: 0.064448 | Q: 7.6563 | TargetQ: 7.6615 | TDAbs: 0.2257 | ActorGrad: 0.0533 | CriticGrad: 1.6945 | Noise: 0.1641 | Replay: 50000 | FPS: 61.83 | ETA: 22.6 min
2026-09-13 04:27:16,735 | INFO | 开始周期评估: Steps=66560 | Episodes=130 | EvalEpisodes=5
2026-09-13 04:27:35,807 | INFO | 周期评估完成: Steps=66560 | MeanReward=38.160 | StdReward=2.988
2026-09-13 04:27:35,813 | INFO | Steps: 66560/150000 | Episodes: 130 | LastEpReward: 43.867 | RecentReward: 38.751 | ActorLoss: -7.674058 | CriticLoss: 0.058384 | Q: 7.6485 | TargetQ: 7.6539 | TDAbs: 0.2225 | ActorGrad: 0.0423 | CriticGrad: 1.8221 | Noise: 0.1627 | Replay: 50000 | FPS: 60.84 | ETA: 22.9 min
2026-09-13 04:27:42,457 | INFO | Steps: 67072/150000 | Episodes: 131 | LastEpReward: 46.287 | RecentReward: 39.887 | ActorLoss: -7.660368 | CriticLoss: 0.055064 | Q: 7.6337 | TargetQ: 7.6267 | TDAbs: 0.2184 | ActorGrad: 0.0374 | CriticGrad: 1.6271 | Noise: 0.1612 | Replay: 50000 | FPS: 60.94 | ETA: 22.7 min
2026-09-13 04:27:49,279 | INFO | Steps: 67584/150000 | Episodes: 132 | LastEpReward: 41.369 | RecentReward: 40.531 | ActorLoss: -7.768674 | CriticLoss: 0.061587 | Q: 7.7426 | TargetQ: 7.7391 | TDAbs: 0.2237 | ActorGrad: 0.0391 | CriticGrad: 1.5990 | Noise: 0.1598 | Replay: 50000 | FPS: 61.03 | ETA: 22.5 min
2026-09-13 04:27:56,143 | INFO | Steps: 68096/150000 | Episodes: 133 | LastEpReward: 45.730 | RecentReward: 40.918 | ActorLoss: -7.733664 | CriticLoss: 0.060108 | Q: 7.7090 | TargetQ: 7.7089 | TDAbs: 0.2220 | ActorGrad: 0.0431 | CriticGrad: 1.5760 | Noise: 0.1583 | Replay: 50000 | FPS: 61.11 | ETA: 22.3 min
2026-09-13 04:28:02,674 | INFO | Steps: 68608/150000 | Episodes: 134 | LastEpReward: 39.256 | RecentReward: 41.092 | ActorLoss: -7.704082 | CriticLoss: 0.053610 | Q: 7.6794 | TargetQ: 7.6819 | TDAbs: 0.2144 | ActorGrad: 0.0354 | CriticGrad: 1.6918 | Noise: 0.1568 | Replay: 50000 | FPS: 61.21 | ETA: 22.2 min
2026-09-13 04:28:09,155 | INFO | Steps: 69120/150000 | Episodes: 135 | LastEpReward: 32.011 | RecentReward: 40.306 | ActorLoss: -7.791997 | CriticLoss: 0.053795 | Q: 7.7626 | TargetQ: 7.7613 | TDAbs: 0.2102 | ActorGrad: 0.0366 | CriticGrad: 1.7668 | Noise: 0.1554 | Replay: 50000 | FPS: 61.31 | ETA: 22.0 min
2026-09-13 04:28:15,897 | INFO | Steps: 69632/150000 | Episodes: 136 | LastEpReward: 34.857 | RecentReward: 39.486 | ActorLoss: -7.802022 | CriticLoss: 0.048214 | Q: 7.7771 | TargetQ: 7.7762 | TDAbs: 0.2020 | ActorGrad: 0.0378 | CriticGrad: 1.5636 | Noise: 0.1539 | Replay: 50000 | FPS: 61.40 | ETA: 21.8 min
2026-09-13 04:28:22,498 | INFO | Steps: 70144/150000 | Episodes: 137 | LastEpReward: 37.444 | RecentReward: 39.320 | ActorLoss: -7.752946 | CriticLoss: 0.053104 | Q: 7.7275 | TargetQ: 7.7239 | TDAbs: 0.2070 | ActorGrad: 0.0455 | CriticGrad: 1.5884 | Noise: 0.1524 | Replay: 50000 | FPS: 61.49 | ETA: 21.6 min
2026-09-13 04:28:29,189 | INFO | Steps: 70656/150000 | Episodes: 138 | LastEpReward: 39.715 | RecentReward: 39.724 | ActorLoss: -7.764081 | CriticLoss: 0.048309 | Q: 7.7395 | TargetQ: 7.7375 | TDAbs: 0.2025 | ActorGrad: 0.0336 | CriticGrad: 1.5378 | Noise: 0.1510 | Replay: 50000 | FPS: 61.58 | ETA: 21.5 min
2026-09-13 04:28:35,796 | INFO | Steps: 71168/150000 | Episodes: 139 | LastEpReward: 39.271 | RecentReward: 39.981 | ActorLoss: -7.835544 | CriticLoss: 0.053371 | Q: 7.8068 | TargetQ: 7.8061 | TDAbs: 0.2107 | ActorGrad: 0.0307 | CriticGrad: 1.8192 | Noise: 0.1495 | Replay: 50000 | FPS: 61.67 | ETA: 21.3 min
2026-09-13 04:28:42,422 | INFO | 开始周期评估: Steps=71680 | Episodes=140 | EvalEpisodes=5
2026-09-13 04:29:01,567 | INFO | 周期评估完成: Steps=71680 | MeanReward=36.473 | StdReward=2.486
2026-09-13 04:29:01,574 | INFO | Steps: 71680/150000 | Episodes: 140 | LastEpReward: 24.314 | RecentReward: 38.025 | ActorLoss: -7.970321 | CriticLoss: 0.053496 | Q: 7.9406 | TargetQ: 7.9394 | TDAbs: 0.2040 | ActorGrad: 0.0374 | CriticGrad: 1.6275 | Noise: 0.1481 | Replay: 50000 | FPS: 60.76 | ETA: 21.5 min
2026-09-13 04:29:08,181 | INFO | Steps: 72192/150000 | Episodes: 141 | LastEpReward: 34.934 | RecentReward: 36.890 | ActorLoss: -7.869820 | CriticLoss: 0.054639 | Q: 7.8436 | TargetQ: 7.8396 | TDAbs: 0.2073 | ActorGrad: 0.0445 | CriticGrad: 1.5906 | Noise: 0.1466 | Replay: 50000 | FPS: 60.85 | ETA: 21.3 min
2026-09-13 04:29:14,948 | INFO | Steps: 72704/150000 | Episodes: 142 | LastEpReward: 44.426 | RecentReward: 37.196 | ActorLoss: -7.897375 | CriticLoss: 0.054616 | Q: 7.8664 | TargetQ: 7.8607 | TDAbs: 0.2066 | ActorGrad: 0.0452 | CriticGrad: 1.6138 | Noise: 0.1451 | Replay: 50000 | FPS: 60.94 | ETA: 21.1 min
2026-09-13 04:29:21,723 | INFO | Steps: 73216/150000 | Episodes: 143 | LastEpReward: 48.398 | RecentReward: 37.463 | ActorLoss: -7.809037 | CriticLoss: 0.067071 | Q: 7.7853 | TargetQ: 7.7996 | TDAbs: 0.2207 | ActorGrad: 0.0329 | CriticGrad: 1.5389 | Noise: 0.1437 | Replay: 50000 | FPS: 61.02 | ETA: 21.0 min
2026-09-13 04:29:28,461 | INFO | Steps: 73728/150000 | Episodes: 144 | LastEpReward: 38.038 | RecentReward: 37.341 | ActorLoss: -7.844031 | CriticLoss: 0.047590 | Q: 7.8160 | TargetQ: 7.8140 | TDAbs: 0.1967 | ActorGrad: 0.0356 | CriticGrad: 1.4161 | Noise: 0.1422 | Replay: 50000 | FPS: 61.10 | ETA: 20.8 min
2026-09-13 04:29:35,244 | INFO | Steps: 74240/150000 | Episodes: 145 | LastEpReward: 36.258 | RecentReward: 37.766 | ActorLoss: -7.878417 | CriticLoss: 0.061732 | Q: 7.8487 | TargetQ: 7.8489 | TDAbs: 0.2149 | ActorGrad: 0.0398 | CriticGrad: 1.5308 | Noise: 0.1407 | Replay: 50000 | FPS: 61.18 | ETA: 20.6 min
2026-09-13 04:29:42,076 | INFO | Steps: 74752/150000 | Episodes: 146 | LastEpReward: 47.110 | RecentReward: 38.991 | ActorLoss: -7.818070 | CriticLoss: 0.054314 | Q: 7.7929 | TargetQ: 7.7955 | TDAbs: 0.2050 | ActorGrad: 0.0407 | CriticGrad: 1.5740 | Noise: 0.1393 | Replay: 50000 | FPS: 61.26 | ETA: 20.5 min
2026-09-13 04:29:48,904 | INFO | Steps: 75264/150000 | Episodes: 147 | LastEpReward: 37.488 | RecentReward: 38.995 | ActorLoss: -7.977037 | CriticLoss: 0.055730 | Q: 7.9456 | TargetQ: 7.9477 | TDAbs: 0.2080 | ActorGrad: 0.0361 | CriticGrad: 1.7347 | Noise: 0.1378 | Replay: 50000 | FPS: 61.34 | ETA: 20.3 min
2026-09-13 04:29:55,610 | INFO | Steps: 75776/150000 | Episodes: 148 | LastEpReward: 30.151 | RecentReward: 38.039 | ActorLoss: -7.888828 | CriticLoss: 0.052694 | Q: 7.8582 | TargetQ: 7.8561 | TDAbs: 0.2035 | ActorGrad: 0.0357 | CriticGrad: 1.4636 | Noise: 0.1364 | Replay: 50000 | FPS: 61.42 | ETA: 20.1 min
2026-09-13 04:30:02,272 | INFO | Steps: 76288/150000 | Episodes: 149 | LastEpReward: 31.716 | RecentReward: 37.283 | ActorLoss: -7.794053 | CriticLoss: 0.045865 | Q: 7.7667 | TargetQ: 7.7647 | TDAbs: 0.1957 | ActorGrad: 0.0244 | CriticGrad: 1.4292 | Noise: 0.1349 | Replay: 50000 | FPS: 61.50 | ETA: 20.0 min
2026-09-13 04:30:08,919 | INFO | 开始周期评估: Steps=76800 | Episodes=150 | EvalEpisodes=5
2026-09-13 04:30:27,927 | INFO | 周期评估完成: Steps=76800 | MeanReward=34.956 | StdReward=4.351
2026-09-13 04:30:27,933 | INFO | Steps: 76800/150000 | Episodes: 150 | LastEpReward: 40.405 | RecentReward: 38.892 | ActorLoss: -7.997483 | CriticLoss: 0.051177 | Q: 7.9675 | TargetQ: 7.9595 | TDAbs: 0.2035 | ActorGrad: 0.0347 | CriticGrad: 1.7521 | Noise: 0.1334 | Replay: 50000 | FPS: 60.66 | ETA: 20.1 min
2026-09-13 04:30:34,512 | INFO | Steps: 77312/150000 | Episodes: 151 | LastEpReward: 31.050 | RecentReward: 38.504 | ActorLoss: -8.097699 | CriticLoss: 0.049704 | Q: 8.0669 | TargetQ: 8.0739 | TDAbs: 0.1963 | ActorGrad: 0.0218 | CriticGrad: 1.7154 | Noise: 0.1320 | Replay: 50000 | FPS: 60.75 | ETA: 19.9 min
2026-09-13 04:30:41,237 | INFO | Steps: 77824/150000 | Episodes: 152 | LastEpReward: 37.428 | RecentReward: 37.804 | ActorLoss: -8.040717 | CriticLoss: 0.050487 | Q: 8.0080 | TargetQ: 8.0102 | TDAbs: 0.1990 | ActorGrad: 0.0307 | CriticGrad: 1.4767 | Noise: 0.1305 | Replay: 50000 | FPS: 60.83 | ETA: 19.8 min
2026-09-13 04:30:48,081 | INFO | Steps: 78336/150000 | Episodes: 153 | LastEpReward: 38.725 | RecentReward: 36.837 | ActorLoss: -8.171435 | CriticLoss: 0.060086 | Q: 8.1403 | TargetQ: 8.1397 | TDAbs: 0.2088 | ActorGrad: 0.0223 | CriticGrad: 1.7440 | Noise: 0.1290 | Replay: 50000 | FPS: 60.90 | ETA: 19.6 min
2026-09-13 04:30:54,772 | INFO | Steps: 78848/150000 | Episodes: 154 | LastEpReward: 32.800 | RecentReward: 36.313 | ActorLoss: -8.038071 | CriticLoss: 0.048422 | Q: 8.0139 | TargetQ: 8.0162 | TDAbs: 0.1970 | ActorGrad: 0.0277 | CriticGrad: 1.5639 | Noise: 0.1276 | Replay: 50000 | FPS: 60.98 | ETA: 19.4 min
2026-09-13 04:31:01,379 | INFO | Steps: 79360/150000 | Episodes: 155 | LastEpReward: 36.757 | RecentReward: 36.363 | ActorLoss: -7.984244 | CriticLoss: 0.047509 | Q: 7.9566 | TargetQ: 7.9611 | TDAbs: 0.1933 | ActorGrad: 0.0198 | CriticGrad: 1.4708 | Noise: 0.1261 | Replay: 50000 | FPS: 61.07 | ETA: 19.3 min
2026-09-13 04:31:07,918 | INFO | Steps: 79872/150000 | Episodes: 156 | LastEpReward: 29.988 | RecentReward: 34.651 | ActorLoss: -8.155449 | CriticLoss: 0.051414 | Q: 8.1252 | TargetQ: 8.1294 | TDAbs: 0.1990 | ActorGrad: 0.0214 | CriticGrad: 1.7418 | Noise: 0.1247 | Replay: 50000 | FPS: 61.15 | ETA: 19.1 min
2026-09-13 04:31:14,501 | INFO | Steps: 80384/150000 | Episodes: 157 | LastEpReward: 27.150 | RecentReward: 33.617 | ActorLoss: -8.103960 | CriticLoss: 0.059762 | Q: 8.0751 | TargetQ: 8.0883 | TDAbs: 0.2048 | ActorGrad: 0.0169 | CriticGrad: 1.7125 | Noise: 0.1232 | Replay: 50000 | FPS: 61.24 | ETA: 18.9 min
2026-09-13 04:31:21,014 | INFO | Steps: 80896/150000 | Episodes: 158 | LastEpReward: 42.881 | RecentReward: 34.890 | ActorLoss: -8.207339 | CriticLoss: 0.062877 | Q: 8.1725 | TargetQ: 8.1830 | TDAbs: 0.2098 | ActorGrad: 0.0175 | CriticGrad: 1.8038 | Noise: 0.1217 | Replay: 50000 | FPS: 61.32 | ETA: 18.8 min
2026-09-13 04:31:27,578 | INFO | Steps: 81408/150000 | Episodes: 159 | LastEpReward: 32.633 | RecentReward: 34.982 | ActorLoss: -7.984842 | CriticLoss: 0.047550 | Q: 7.9575 | TargetQ: 7.9625 | TDAbs: 0.1918 | ActorGrad: 0.0174 | CriticGrad: 1.5621 | Noise: 0.1203 | Replay: 50000 | FPS: 61.40 | ETA: 18.6 min
2026-09-13 04:31:34,077 | INFO | 开始周期评估: Steps=81920 | Episodes=160 | EvalEpisodes=5
2026-09-13 04:31:53,119 | INFO | 周期评估完成: Steps=81920 | MeanReward=35.805 | StdReward=5.627
2026-09-13 04:31:53,126 | INFO | Steps: 81920/150000 | Episodes: 160 | LastEpReward: 25.733 | RecentReward: 33.515 | ActorLoss: -8.020848 | CriticLoss: 0.045925 | Q: 7.9937 | TargetQ: 7.9831 | TDAbs: 0.1911 | ActorGrad: 0.0206 | CriticGrad: 1.6130 | Noise: 0.1188 | Replay: 50000 | FPS: 60.62 | ETA: 18.7 min
2026-09-13 04:31:59,682 | INFO | Steps: 82432/150000 | Episodes: 161 | LastEpReward: 37.433 | RecentReward: 34.153 | ActorLoss: -8.061623 | CriticLoss: 0.043718 | Q: 8.0300 | TargetQ: 8.0314 | TDAbs: 0.1854 | ActorGrad: 0.0171 | CriticGrad: 1.5927 | Noise: 0.1173 | Replay: 50000 | FPS: 60.71 | ETA: 18.6 min
2026-09-13 04:32:06,300 | INFO | Steps: 82944/150000 | Episodes: 162 | LastEpReward: 25.942 | RecentReward: 33.004 | ActorLoss: -7.634731 | CriticLoss: 0.027201 | Q: 7.6198 | TargetQ: 7.6170 | TDAbs: 0.1643 | ActorGrad: 0.0129 | CriticGrad: 0.9892 | Noise: 0.1159 | Replay: 50000 | FPS: 60.79 | ETA: 18.4 min
2026-09-13 04:32:12,935 | INFO | Steps: 83456/150000 | Episodes: 163 | LastEpReward: 30.634 | RecentReward: 32.195 | ActorLoss: -7.611808 | CriticLoss: 0.026364 | Q: 7.5955 | TargetQ: 7.5906 | TDAbs: 0.1597 | ActorGrad: 0.0128 | CriticGrad: 0.8888 | Noise: 0.1144 | Replay: 50000 | FPS: 60.87 | ETA: 18.2 min
2026-09-13 04:32:19,619 | INFO | Steps: 83968/150000 | Episodes: 164 | LastEpReward: 35.667 | RecentReward: 32.482 | ActorLoss: -7.609052 | CriticLoss: 0.027934 | Q: 7.5931 | TargetQ: 7.5893 | TDAbs: 0.1617 | ActorGrad: 0.0077 | CriticGrad: 0.9269 | Noise: 0.1129 | Replay: 50000 | FPS: 60.94 | ETA: 18.1 min
2026-09-13 04:32:26,295 | INFO | Steps: 84480/150000 | Episodes: 165 | LastEpReward: 37.114 | RecentReward: 32.518 | ActorLoss: -7.637372 | CriticLoss: 0.026265 | Q: 7.6202 | TargetQ: 7.6158 | TDAbs: 0.1593 | ActorGrad: 0.0178 | CriticGrad: 0.8877 | Noise: 0.1115 | Replay: 50000 | FPS: 61.02 | ETA: 17.9 min
2026-09-13 04:32:32,984 | INFO | Steps: 84992/150000 | Episodes: 166 | LastEpReward: 39.744 | RecentReward: 33.493 | ActorLoss: -7.595614 | CriticLoss: 0.026378 | Q: 7.5790 | TargetQ: 7.5767 | TDAbs: 0.1581 | ActorGrad: 0.0108 | CriticGrad: 0.8746 | Noise: 0.1100 | Replay: 50000 | FPS: 61.09 | ETA: 17.7 min
2026-09-13 04:32:39,721 | INFO | Steps: 85504/150000 | Episodes: 167 | LastEpReward: 35.384 | RecentReward: 34.317 | ActorLoss: -7.627450 | CriticLoss: 0.024759 | Q: 7.6119 | TargetQ: 7.6085 | TDAbs: 0.1543 | ActorGrad: 0.0143 | CriticGrad: 0.7943 | Noise: 0.1086 | Replay: 50000 | FPS: 61.17 | ETA: 17.6 min
2026-09-13 04:32:46,366 | INFO | Steps: 86016/150000 | Episodes: 168 | LastEpReward: 25.995 | RecentReward: 32.628 | ActorLoss: -7.609330 | CriticLoss: 0.023481 | Q: 7.5931 | TargetQ: 7.5910 | TDAbs: 0.1518 | ActorGrad: 0.0165 | CriticGrad: 0.8506 | Noise: 0.1071 | Replay: 50000 | FPS: 61.24 | ETA: 17.4 min
2026-09-13 04:32:53,028 | INFO | Steps: 86528/150000 | Episodes: 169 | LastEpReward: 35.281 | RecentReward: 32.893 | ActorLoss: -7.617621 | CriticLoss: 0.024350 | Q: 7.6028 | TargetQ: 7.5984 | TDAbs: 0.1532 | ActorGrad: 0.0151 | CriticGrad: 0.8758 | Noise: 0.1056 | Replay: 50000 | FPS: 61.31 | ETA: 17.3 min
2026-09-13 04:32:59,804 | INFO | 开始周期评估: Steps=87040 | Episodes=170 | EvalEpisodes=5
2026-09-13 04:33:18,887 | INFO | 周期评估完成: Steps=87040 | MeanReward=39.041 | StdReward=5.438
2026-09-13 04:33:18,894 | INFO | Steps: 87040/150000 | Episodes: 170 | LastEpReward: 43.474 | RecentReward: 34.667 | ActorLoss: -7.610022 | CriticLoss: 0.025304 | Q: 7.5944 | TargetQ: 7.5895 | TDAbs: 0.1533 | ActorGrad: 0.0177 | CriticGrad: 0.7807 | Noise: 0.1042 | Replay: 50000 | FPS: 60.57 | ETA: 17.3 min
2026-09-13 04:33:25,740 | INFO | Steps: 87552/150000 | Episodes: 171 | LastEpReward: 44.984 | RecentReward: 35.422 | ActorLoss: -7.647353 | CriticLoss: 0.024984 | Q: 7.6318 | TargetQ: 7.6295 | TDAbs: 0.1562 | ActorGrad: 0.0124 | CriticGrad: 0.7714 | Noise: 0.1027 | Replay: 50000 | FPS: 60.63 | ETA: 17.2 min
2026-09-13 04:33:32,447 | INFO | Steps: 88064/150000 | Episodes: 172 | LastEpReward: 48.803 | RecentReward: 37.708 | ActorLoss: -7.578369 | CriticLoss: 0.024726 | Q: 7.5627 | TargetQ: 7.5607 | TDAbs: 0.1549 | ActorGrad: 0.0151 | CriticGrad: 0.7610 | Noise: 0.1012 | Replay: 50000 | FPS: 60.71 | ETA: 17.0 min
2026-09-13 04:33:39,012 | INFO | Steps: 88576/150000 | Episodes: 173 | LastEpReward: 32.067 | RecentReward: 37.851 | ActorLoss: -7.639941 | CriticLoss: 0.023206 | Q: 7.6250 | TargetQ: 7.6235 | TDAbs: 0.1534 | ActorGrad: 0.0154 | CriticGrad: 0.8660 | Noise: 0.0998 | Replay: 50000 | FPS: 60.79 | ETA: 16.8 min
2026-09-13 04:33:45,953 | INFO | Steps: 89088/150000 | Episodes: 174 | LastEpReward: 49.150 | RecentReward: 39.200 | ActorLoss: -7.636450 | CriticLoss: 0.024616 | Q: 7.6217 | TargetQ: 7.6170 | TDAbs: 0.1537 | ActorGrad: 0.0148 | CriticGrad: 0.8151 | Noise: 0.0983 | Replay: 50000 | FPS: 60.85 | ETA: 16.7 min
2026-09-13 04:33:52,612 | INFO | Steps: 89600/150000 | Episodes: 175 | LastEpReward: 34.383 | RecentReward: 38.927 | ActorLoss: -7.637351 | CriticLoss: 0.022463 | Q: 7.6238 | TargetQ: 7.6215 | TDAbs: 0.1507 | ActorGrad: 0.0137 | CriticGrad: 0.8336 | Noise: 0.0969 | Replay: 50000 | FPS: 60.92 | ETA: 16.5 min
2026-09-13 04:33:59,120 | INFO | Steps: 90112/150000 | Episodes: 176 | LastEpReward: 42.476 | RecentReward: 39.200 | ActorLoss: -7.615748 | CriticLoss: 0.022909 | Q: 7.6024 | TargetQ: 7.6009 | TDAbs: 0.1502 | ActorGrad: 0.0155 | CriticGrad: 0.8050 | Noise: 0.0954 | Replay: 50000 | FPS: 61.00 | ETA: 16.4 min
2026-09-13 04:34:05,683 | INFO | Steps: 90624/150000 | Episodes: 177 | LastEpReward: 32.849 | RecentReward: 38.946 | ActorLoss: -7.615876 | CriticLoss: 0.023278 | Q: 7.6023 | TargetQ: 7.5973 | TDAbs: 0.1506 | ActorGrad: 0.0162 | CriticGrad: 0.8698 | Noise: 0.0939 | Replay: 50000 | FPS: 61.07 | ETA: 16.2 min
2026-09-13 04:34:12,377 | INFO | Steps: 91136/150000 | Episodes: 178 | LastEpReward: 38.553 | RecentReward: 40.202 | ActorLoss: -7.603314 | CriticLoss: 0.022668 | Q: 7.5892 | TargetQ: 7.5866 | TDAbs: 0.1497 | ActorGrad: 0.0195 | CriticGrad: 0.7796 | Noise: 0.0925 | Replay: 50000 | FPS: 61.14 | ETA: 16.0 min
2026-09-13 04:34:18,887 | INFO | Steps: 91648/150000 | Episodes: 179 | LastEpReward: 29.964 | RecentReward: 39.670 | ActorLoss: -7.621093 | CriticLoss: 0.022798 | Q: 7.6078 | TargetQ: 7.6036 | TDAbs: 0.1499 | ActorGrad: 0.0197 | CriticGrad: 0.7927 | Noise: 0.0910 | Replay: 50000 | FPS: 61.22 | ETA: 15.9 min
2026-09-13 04:34:25,404 | INFO | 开始周期评估: Steps=92160 | Episodes=180 | EvalEpisodes=5
2026-09-13 04:34:44,433 | INFO | 周期评估完成: Steps=92160 | MeanReward=39.898 | StdReward=5.832
2026-09-13 04:34:44,445 | INFO | Steps: 92160/150000 | Episodes: 180 | LastEpReward: 35.703 | RecentReward: 38.893 | ActorLoss: -7.651329 | CriticLoss: 0.023403 | Q: 7.6378 | TargetQ: 7.6351 | TDAbs: 0.1499 | ActorGrad: 0.0215 | CriticGrad: 0.7060 | Noise: 0.0895 | Replay: 50000 | FPS: 60.53 | ETA: 15.9 min
2026-09-13 04:34:50,956 | INFO | Steps: 92672/150000 | Episodes: 181 | LastEpReward: 29.684 | RecentReward: 37.363 | ActorLoss: -7.619378 | CriticLoss: 0.021012 | Q: 7.6057 | TargetQ: 7.6052 | TDAbs: 0.1476 | ActorGrad: 0.0216 | CriticGrad: 0.6767 | Noise: 0.0881 | Replay: 50000 | FPS: 60.60 | ETA: 15.8 min
2026-09-13 04:34:57,543 | INFO | Steps: 93184/150000 | Episodes: 182 | LastEpReward: 33.545 | RecentReward: 35.837 | ActorLoss: -7.624876 | CriticLoss: 0.023040 | Q: 7.6114 | TargetQ: 7.6100 | TDAbs: 0.1483 | ActorGrad: 0.0213 | CriticGrad: 0.8005 | Noise: 0.0866 | Replay: 50000 | FPS: 60.68 | ETA: 15.6 min
2026-09-13 04:35:04,141 | INFO | Steps: 93696/150000 | Episodes: 183 | LastEpReward: 34.849 | RecentReward: 36.116 | ActorLoss: -7.591534 | CriticLoss: 0.020225 | Q: 7.5781 | TargetQ: 7.5802 | TDAbs: 0.1458 | ActorGrad: 0.0208 | CriticGrad: 0.8173 | Noise: 0.0852 | Replay: 50000 | FPS: 60.75 | ETA: 15.4 min
2026-09-13 04:35:10,750 | INFO | Steps: 94208/150000 | Episodes: 184 | LastEpReward: 32.080 | RecentReward: 34.409 | ActorLoss: -7.599264 | CriticLoss: 0.021495 | Q: 7.5854 | TargetQ: 7.5826 | TDAbs: 0.1474 | ActorGrad: 0.0191 | CriticGrad: 0.7217 | Noise: 0.0837 | Replay: 50000 | FPS: 60.82 | ETA: 15.3 min
2026-09-13 04:35:17,262 | INFO | Steps: 94720/150000 | Episodes: 185 | LastEpReward: 38.945 | RecentReward: 34.865 | ActorLoss: -7.575773 | CriticLoss: 0.022753 | Q: 7.5627 | TargetQ: 7.5594 | TDAbs: 0.1507 | ActorGrad: 0.0200 | CriticGrad: 0.8278 | Noise: 0.0822 | Replay: 50000 | FPS: 60.90 | ETA: 15.1 min
2026-09-13 04:35:24,000 | INFO | Steps: 95232/150000 | Episodes: 186 | LastEpReward: 45.874 | RecentReward: 35.205 | ActorLoss: -7.584915 | CriticLoss: 0.021892 | Q: 7.5724 | TargetQ: 7.5704 | TDAbs: 0.1496 | ActorGrad: 0.0211 | CriticGrad: 0.7839 | Noise: 0.0808 | Replay: 50000 | FPS: 60.96 | ETA: 15.0 min
2026-09-13 04:35:30,695 | INFO | Steps: 95744/150000 | Episodes: 187 | LastEpReward: 31.022 | RecentReward: 35.022 | ActorLoss: -7.563804 | CriticLoss: 0.022359 | Q: 7.5510 | TargetQ: 7.5484 | TDAbs: 0.1492 | ActorGrad: 0.0187 | CriticGrad: 0.7277 | Noise: 0.0793 | Replay: 50000 | FPS: 61.03 | ETA: 14.8 min
2026-09-13 04:35:37,221 | INFO | Steps: 96256/150000 | Episodes: 188 | LastEpReward: 27.166 | RecentReward: 33.883 | ActorLoss: -7.551851 | CriticLoss: 0.023817 | Q: 7.5393 | TargetQ: 7.5366 | TDAbs: 0.1520 | ActorGrad: 0.0213 | CriticGrad: 0.8445 | Noise: 0.0778 | Replay: 50000 | FPS: 61.10 | ETA: 14.7 min
2026-09-13 04:35:43,857 | INFO | Steps: 96768/150000 | Episodes: 189 | LastEpReward: 36.600 | RecentReward: 34.547 | ActorLoss: -7.563547 | CriticLoss: 0.022974 | Q: 7.5511 | TargetQ: 7.5498 | TDAbs: 0.1504 | ActorGrad: 0.0232 | CriticGrad: 0.7442 | Noise: 0.0764 | Replay: 50000 | FPS: 61.17 | ETA: 14.5 min
2026-09-13 04:35:50,561 | INFO | 开始周期评估: Steps=97280 | Episodes=190 | EvalEpisodes=5
2026-09-13 04:36:09,700 | INFO | 周期评估完成: Steps=97280 | MeanReward=40.067 | StdReward=6.058
2026-09-13 04:36:09,710 | INFO | Steps: 97280/150000 | Episodes: 190 | LastEpReward: 40.883 | RecentReward: 35.065 | ActorLoss: -7.537152 | CriticLoss: 0.023043 | Q: 7.5250 | TargetQ: 7.5220 | TDAbs: 0.1506 | ActorGrad: 0.0210 | CriticGrad: 0.9494 | Noise: 0.0749 | Replay: 50000 | FPS: 60.50 | ETA: 14.5 min
2026-09-13 04:36:16,324 | INFO | Steps: 97792/150000 | Episodes: 191 | LastEpReward: 40.984 | RecentReward: 36.195 | ActorLoss: -7.561843 | CriticLoss: 0.024283 | Q: 7.5513 | TargetQ: 7.5482 | TDAbs: 0.1523 | ActorGrad: 0.0189 | CriticGrad: 0.7629 | Noise: 0.0735 | Replay: 50000 | FPS: 60.57 | ETA: 14.4 min
2026-09-13 04:36:23,085 | INFO | Steps: 98304/150000 | Episodes: 192 | LastEpReward: 44.472 | RecentReward: 37.287 | ActorLoss: -7.554958 | CriticLoss: 0.020865 | Q: 7.5437 | TargetQ: 7.5409 | TDAbs: 0.1438 | ActorGrad: 0.0217 | CriticGrad: 0.6913 | Noise: 0.0720 | Replay: 50000 | FPS: 60.63 | ETA: 14.2 min
2026-09-13 04:36:29,625 | INFO | Steps: 98816/150000 | Episodes: 193 | LastEpReward: 34.670 | RecentReward: 37.269 | ActorLoss: -7.546042 | CriticLoss: 0.022277 | Q: 7.5341 | TargetQ: 7.5320 | TDAbs: 0.1482 | ActorGrad: 0.0219 | CriticGrad: 0.7469 | Noise: 0.0705 | Replay: 50000 | FPS: 60.71 | ETA: 14.1 min
2026-09-13 04:36:36,158 | INFO | Steps: 99328/150000 | Episodes: 194 | LastEpReward: 35.281 | RecentReward: 37.590 | ActorLoss: -7.512076 | CriticLoss: 0.024035 | Q: 7.4998 | TargetQ: 7.4979 | TDAbs: 0.1500 | ActorGrad: 0.0277 | CriticGrad: 0.8949 | Noise: 0.0691 | Replay: 50000 | FPS: 60.78 | ETA: 13.9 min
2026-09-13 04:36:42,871 | INFO | Steps: 99840/150000 | Episodes: 195 | LastEpReward: 36.863 | RecentReward: 37.381 | ActorLoss: -7.528941 | CriticLoss: 0.023937 | Q: 7.5176 | TargetQ: 7.5147 | TDAbs: 0.1513 | ActorGrad: 0.0196 | CriticGrad: 0.6580 | Noise: 0.0676 | Replay: 50000 | FPS: 60.84 | ETA: 13.7 min
2026-09-13 04:36:49,410 | INFO | Steps: 100352/150000 | Episodes: 196 | LastEpReward: 30.332 | RecentReward: 35.827 | ActorLoss: -7.487545 | CriticLoss: 0.022810 | Q: 7.4764 | TargetQ: 7.4734 | TDAbs: 0.1488 | ActorGrad: 0.0205 | CriticGrad: 0.7702 | Noise: 0.0661 | Replay: 50000 | FPS: 60.91 | ETA: 13.6 min
2026-09-13 04:36:56,131 | INFO | Steps: 100864/150000 | Episodes: 197 | LastEpReward: 41.966 | RecentReward: 36.922 | ActorLoss: -7.507472 | CriticLoss: 0.023687 | Q: 7.4900 | TargetQ: 7.4873 | TDAbs: 0.1512 | ActorGrad: 0.0736 | CriticGrad: 0.8178 | Noise: 0.0647 | Replay: 50000 | FPS: 60.97 | ETA: 13.4 min
2026-09-13 04:37:02,730 | INFO | Steps: 101376/150000 | Episodes: 198 | LastEpReward: -6.442 | RecentReward: 33.561 | ActorLoss: -7.674683 | CriticLoss: 0.048624 | Q: 7.6287 | TargetQ: 7.6273 | TDAbs: 0.2268 | ActorGrad: 0.0000 | CriticGrad: 1.1139 | Noise: 0.0632 | Replay: 50000 | FPS: 61.04 | ETA: 13.3 min
2026-09-13 04:37:09,446 | INFO | Steps: 101888/150000 | Episodes: 199 | LastEpReward: -0.438 | RecentReward: 29.857 | ActorLoss: -7.704313 | CriticLoss: 0.056351 | Q: 7.6601 | TargetQ: 7.6547 | TDAbs: 0.2414 | ActorGrad: 0.0000 | CriticGrad: 1.0547 | Noise: 0.0617 | Replay: 50000 | FPS: 61.10 | ETA: 13.1 min
2026-09-13 04:37:16,111 | INFO | 开始周期评估: Steps=102400 | Episodes=200 | EvalEpisodes=5
2026-09-13 04:37:35,336 | INFO | 周期评估完成: Steps=102400 | MeanReward=0.050 | StdReward=7.922
2026-09-13 04:37:35,342 | INFO | Steps: 102400/150000 | Episodes: 200 | LastEpReward: 2.336 | RecentReward: 26.002 | ActorLoss: -7.665238 | CriticLoss: 0.057458 | Q: 7.6599 | TargetQ: 7.6556 | TDAbs: 0.2447 | ActorGrad: 0.0000 | CriticGrad: 1.1430 | Noise: 0.0603 | Replay: 50000 | FPS: 60.47 | ETA: 13.1 min
2026-09-13 04:37:42,201 | INFO | Steps: 102912/150000 | Episodes: 201 | LastEpReward: -10.410 | RecentReward: 20.863 | ActorLoss: -7.558670 | CriticLoss: 0.056575 | Q: 7.5924 | TargetQ: 7.5837 | TDAbs: 0.2394 | ActorGrad: 0.0000 | CriticGrad: 1.0602 | Noise: 0.0588 | Replay: 50000 | FPS: 60.52 | ETA: 13.0 min
2026-09-13 04:37:48,933 | INFO | Steps: 103424/150000 | Episodes: 202 | LastEpReward: 4.501 | RecentReward: 16.866 | ActorLoss: -7.409900 | CriticLoss: 0.053586 | Q: 7.4376 | TargetQ: 7.4302 | TDAbs: 0.2348 | ActorGrad: 0.0000 | CriticGrad: 0.9780 | Noise: 0.0574 | Replay: 50000 | FPS: 60.58 | ETA: 12.8 min
2026-09-13 04:37:55,678 | INFO | Steps: 103936/150000 | Episodes: 203 | LastEpReward: -5.363 | RecentReward: 12.863 | ActorLoss: -7.185324 | CriticLoss: 0.051218 | Q: 7.2571 | TargetQ: 7.2523 | TDAbs: 0.2306 | ActorGrad: 0.0000 | CriticGrad: 1.0785 | Noise: 0.0559 | Replay: 50000 | FPS: 60.64 | ETA: 12.7 min
2026-09-13 04:38:02,391 | INFO | Steps: 104448/150000 | Episodes: 204 | LastEpReward: 1.664 | RecentReward: 9.501 | ActorLoss: -7.018501 | CriticLoss: 0.050562 | Q: 7.0973 | TargetQ: 7.0922 | TDAbs: 0.2278 | ActorGrad: 0.0000 | CriticGrad: 0.8994 | Noise: 0.0544 | Replay: 50000 | FPS: 60.71 | ETA: 12.5 min
2026-09-13 04:38:09,136 | INFO | Steps: 104960/150000 | Episodes: 205 | LastEpReward: -3.881 | RecentReward: 5.426 | ActorLoss: -6.744566 | CriticLoss: 0.048795 | Q: 6.8306 | TargetQ: 6.8268 | TDAbs: 0.2244 | ActorGrad: 0.0001 | CriticGrad: 0.8765 | Noise: 0.0530 | Replay: 50000 | FPS: 60.76 | ETA: 12.4 min
2026-09-13 04:38:15,863 | INFO | Steps: 105472/150000 | Episodes: 206 | LastEpReward: -3.391 | RecentReward: 2.054 | ActorLoss: -6.502930 | CriticLoss: 0.049903 | Q: 6.5770 | TargetQ: 6.5689 | TDAbs: 0.2213 | ActorGrad: 0.0001 | CriticGrad: 0.8656 | Noise: 0.0515 | Replay: 50000 | FPS: 60.82 | ETA: 12.2 min
2026-09-13 04:38:22,546 | INFO | Steps: 105984/150000 | Episodes: 207 | LastEpReward: 29.837 | RecentReward: 0.841 | ActorLoss: -6.492763 | CriticLoss: 0.039215 | Q: 6.4882 | TargetQ: 6.4847 | TDAbs: 0.1989 | ActorGrad: 0.0137 | CriticGrad: 0.8772 | Noise: 0.0500 | Replay: 50000 | FPS: 60.88 | ETA: 12.0 min
2026-09-13 04:38:29,101 | INFO | Steps: 106496/150000 | Episodes: 208 | LastEpReward: 26.590 | RecentReward: 4.145 | ActorLoss: -6.503714 | CriticLoss: 0.035744 | Q: 6.4957 | TargetQ: 6.4921 | TDAbs: 0.1851 | ActorGrad: 0.0085 | CriticGrad: 0.8147 | Noise: 0.0500 | Replay: 50000 | FPS: 60.95 | ETA: 11.9 min
2026-09-13 04:38:35,794 | INFO | Steps: 107008/150000 | Episodes: 209 | LastEpReward: -6.081 | RecentReward: 3.580 | ActorLoss: -6.461623 | CriticLoss: 0.031586 | Q: 6.4543 | TargetQ: 6.4480 | TDAbs: 0.1756 | ActorGrad: 0.0027 | CriticGrad: 0.7802 | Noise: 0.0500 | Replay: 50000 | FPS: 61.01 | ETA: 11.7 min
2026-09-13 04:38:42,724 | INFO | 开始周期评估: Steps=107520 | Episodes=210 | EvalEpisodes=5
2026-09-13 04:39:01,901 | INFO | 周期评估完成: Steps=107520 | MeanReward=-2.633 | StdReward=10.248
2026-09-13 04:39:01,909 | INFO | Steps: 107520/150000 | Episodes: 210 | LastEpReward: 11.292 | RecentReward: 4.476 | ActorLoss: -6.450176 | CriticLoss: 0.029252 | Q: 6.4420 | TargetQ: 6.4401 | TDAbs: 0.1689 | ActorGrad: 0.0037 | CriticGrad: 0.7401 | Noise: 0.0500 | Replay: 50000 | FPS: 60.40 | ETA: 11.7 min
2026-09-13 04:39:08,671 | INFO | Steps: 108032/150000 | Episodes: 211 | LastEpReward: -16.226 | RecentReward: 3.894 | ActorLoss: -6.432016 | CriticLoss: 0.027866 | Q: 6.4241 | TargetQ: 6.4205 | TDAbs: 0.1648 | ActorGrad: 0.0020 | CriticGrad: 0.6915 | Noise: 0.0500 | Replay: 50000 | FPS: 60.46 | ETA: 11.6 min
2026-09-13 04:39:15,250 | INFO | Steps: 108544/150000 | Episodes: 212 | LastEpReward: -26.321 | RecentReward: 0.812 | ActorLoss: -6.461688 | CriticLoss: 0.024005 | Q: 6.4538 | TargetQ: 6.4504 | TDAbs: 0.1527 | ActorGrad: 0.0011 | CriticGrad: 0.6275 | Noise: 0.0500 | Replay: 50000 | FPS: 60.52 | ETA: 11.4 min
2026-09-13 04:39:21,805 | INFO | Steps: 109056/150000 | Episodes: 213 | LastEpReward: -6.920 | RecentReward: 0.656 | ActorLoss: -6.396276 | CriticLoss: 0.026738 | Q: 6.3873 | TargetQ: 6.3836 | TDAbs: 0.1600 | ActorGrad: 0.0009 | CriticGrad: 0.6973 | Noise: 0.0500 | Replay: 50000 | FPS: 60.59 | ETA: 11.3 min
2026-09-13 04:39:28,505 | INFO | Steps: 109568/150000 | Episodes: 214 | LastEpReward: -1.263 | RecentReward: 0.364 | ActorLoss: -6.351147 | CriticLoss: 0.025369 | Q: 6.3416 | TargetQ: 6.3391 | TDAbs: 0.1581 | ActorGrad: 0.0005 | CriticGrad: 0.6140 | Noise: 0.0500 | Replay: 50000 | FPS: 60.65 | ETA: 11.1 min
2026-09-13 04:39:35,430 | INFO | Steps: 110080/150000 | Episodes: 215 | LastEpReward: 6.519 | RecentReward: 1.404 | ActorLoss: -6.392120 | CriticLoss: 0.026083 | Q: 6.3848 | TargetQ: 6.3765 | TDAbs: 0.1567 | ActorGrad: 0.0010 | CriticGrad: 0.7519 | Noise: 0.0500 | Replay: 50000 | FPS: 60.70 | ETA: 11.0 min
2026-09-13 04:39:42,079 | INFO | Steps: 110592/150000 | Episodes: 216 | LastEpReward: -2.988 | RecentReward: 1.444 | ActorLoss: -6.349804 | CriticLoss: 0.024330 | Q: 6.3411 | TargetQ: 6.3393 | TDAbs: 0.1564 | ActorGrad: 0.0004 | CriticGrad: 0.6326 | Noise: 0.0500 | Replay: 50000 | FPS: 60.76 | ETA: 10.8 min
2026-09-13 04:39:48,924 | INFO | Steps: 111104/150000 | Episodes: 217 | LastEpReward: 25.009 | RecentReward: 0.961 | ActorLoss: -6.302415 | CriticLoss: 0.024781 | Q: 6.2936 | TargetQ: 6.2894 | TDAbs: 0.1558 | ActorGrad: 0.0005 | CriticGrad: 0.7340 | Noise: 0.0500 | Replay: 50000 | FPS: 60.81 | ETA: 10.7 min
2026-09-13 04:39:55,668 | INFO | Steps: 111616/150000 | Episodes: 218 | LastEpReward: -1.422 | RecentReward: -1.840 | ActorLoss: -6.269580 | CriticLoss: 0.022458 | Q: 6.2630 | TargetQ: 6.2610 | TDAbs: 0.1512 | ActorGrad: 0.0008 | CriticGrad: 0.6422 | Noise: 0.0500 | Replay: 50000 | FPS: 60.86 | ETA: 10.5 min
2026-09-13 04:40:02,460 | INFO | Steps: 112128/150000 | Episodes: 219 | LastEpReward: -14.756 | RecentReward: -2.708 | ActorLoss: -6.234556 | CriticLoss: 0.022376 | Q: 6.2280 | TargetQ: 6.2260 | TDAbs: 0.1515 | ActorGrad: 0.0010 | CriticGrad: 0.6677 | Noise: 0.0500 | Replay: 50000 | FPS: 60.92 | ETA: 10.4 min
2026-09-13 04:40:09,035 | INFO | 开始周期评估: Steps=112640 | Episodes=220 | EvalEpisodes=5
2026-09-13 04:40:28,170 | INFO | 周期评估完成: Steps=112640 | MeanReward=-8.034 | StdReward=9.951
2026-09-13 04:40:28,176 | INFO | Steps: 112640/150000 | Episodes: 220 | LastEpReward: -5.473 | RecentReward: -4.384 | ActorLoss: -6.237963 | CriticLoss: 0.023120 | Q: 6.2300 | TargetQ: 6.2272 | TDAbs: 0.1537 | ActorGrad: 0.0004 | CriticGrad: 0.6863 | Noise: 0.0500 | Replay: 50000 | FPS: 60.35 | ETA: 10.3 min
2026-09-13 04:40:34,726 | INFO | Steps: 113152/150000 | Episodes: 221 | LastEpReward: -24.553 | RecentReward: -5.217 | ActorLoss: -6.133049 | CriticLoss: 0.023209 | Q: 6.1262 | TargetQ: 6.1248 | TDAbs: 0.1537 | ActorGrad: 0.0003 | CriticGrad: 0.6406 | Noise: 0.0500 | Replay: 50000 | FPS: 60.42 | ETA: 10.2 min
2026-09-13 04:40:41,432 | INFO | Steps: 113664/150000 | Episodes: 222 | LastEpReward: 3.793 | RecentReward: -2.205 | ActorLoss: -6.108301 | CriticLoss: 0.022707 | Q: 6.1027 | TargetQ: 6.1003 | TDAbs: 0.1505 | ActorGrad: 0.0001 | CriticGrad: 0.5606 | Noise: 0.0500 | Replay: 50000 | FPS: 60.47 | ETA: 10.0 min
2026-09-13 04:40:48,110 | INFO | Steps: 114176/150000 | Episodes: 223 | LastEpReward: -5.749 | RecentReward: -2.088 | ActorLoss: -6.039272 | CriticLoss: 0.024171 | Q: 6.0347 | TargetQ: 6.0334 | TDAbs: 0.1557 | ActorGrad: 0.0001 | CriticGrad: 0.6796 | Noise: 0.0500 | Replay: 50000 | FPS: 60.53 | ETA: 9.9 min
2026-09-13 04:40:54,714 | INFO | Steps: 114688/150000 | Episodes: 224 | LastEpReward: -44.309 | RecentReward: -6.393 | ActorLoss: -5.993092 | CriticLoss: 0.022797 | Q: 5.9892 | TargetQ: 5.9865 | TDAbs: 0.1539 | ActorGrad: 0.0064 | CriticGrad: 0.6561 | Noise: 0.0500 | Replay: 50000 | FPS: 60.59 | ETA: 9.7 min
2026-09-13 04:41:01,334 | INFO | Steps: 115200/150000 | Episodes: 225 | LastEpReward: 25.847 | RecentReward: -4.460 | ActorLoss: -5.984787 | CriticLoss: 0.025342 | Q: 5.9539 | TargetQ: 5.9532 | TDAbs: 0.1620 | ActorGrad: 0.0233 | CriticGrad: 0.6668 | Noise: 0.0500 | Replay: 50000 | FPS: 60.65 | ETA: 9.6 min
2026-09-13 04:41:07,956 | INFO | Steps: 115712/150000 | Episodes: 226 | LastEpReward: 41.186 | RecentReward: -0.043 | ActorLoss: -6.011358 | CriticLoss: 0.026165 | Q: 5.9876 | TargetQ: 5.9853 | TDAbs: 0.1616 | ActorGrad: 0.0269 | CriticGrad: 0.7065 | Noise: 0.0500 | Replay: 50000 | FPS: 60.71 | ETA: 9.4 min
2026-09-13 04:41:14,464 | INFO | Steps: 116224/150000 | Episodes: 227 | LastEpReward: 32.855 | RecentReward: 0.742 | ActorLoss: -6.013244 | CriticLoss: 0.022061 | Q: 5.9924 | TargetQ: 5.9915 | TDAbs: 0.1538 | ActorGrad: 0.0265 | CriticGrad: 0.6145 | Noise: 0.0500 | Replay: 50000 | FPS: 60.77 | ETA: 9.3 min
2026-09-13 04:41:20,965 | INFO | Steps: 116736/150000 | Episodes: 228 | LastEpReward: 30.216 | RecentReward: 3.906 | ActorLoss: -6.012286 | CriticLoss: 0.022695 | Q: 5.9914 | TargetQ: 5.9890 | TDAbs: 0.1545 | ActorGrad: 0.0245 | CriticGrad: 0.6353 | Noise: 0.0500 | Replay: 50000 | FPS: 60.83 | ETA: 9.1 min
2026-09-13 04:41:27,844 | INFO | Steps: 117248/150000 | Episodes: 229 | LastEpReward: 46.579 | RecentReward: 10.039 | ActorLoss: -6.001452 | CriticLoss: 0.025635 | Q: 5.9803 | TargetQ: 5.9773 | TDAbs: 0.1595 | ActorGrad: 0.0245 | CriticGrad: 0.6472 | Noise: 0.0500 | Replay: 50000 | FPS: 60.88 | ETA: 9.0 min
2026-09-13 04:41:34,680 | INFO | 开始周期评估: Steps=117760 | Episodes=230 | EvalEpisodes=5
2026-09-13 04:41:53,842 | INFO | 周期评估完成: Steps=117760 | MeanReward=40.060 | StdReward=6.444
2026-09-13 04:41:53,849 | INFO | Steps: 117760/150000 | Episodes: 230 | LastEpReward: 48.257 | RecentReward: 15.412 | ActorLoss: -6.003142 | CriticLoss: 0.023309 | Q: 5.9825 | TargetQ: 5.9820 | TDAbs: 0.1532 | ActorGrad: 0.0254 | CriticGrad: 0.6334 | Noise: 0.0500 | Replay: 50000 | FPS: 60.33 | ETA: 8.9 min
2026-09-13 04:42:00,419 | INFO | Steps: 118272/150000 | Episodes: 231 | LastEpReward: 24.976 | RecentReward: 20.365 | ActorLoss: -5.950432 | CriticLoss: 0.022927 | Q: 5.9334 | TargetQ: 5.9315 | TDAbs: 0.1550 | ActorGrad: 0.0219 | CriticGrad: 0.7090 | Noise: 0.0500 | Replay: 50000 | FPS: 60.39 | ETA: 8.8 min
2026-09-13 04:42:07,064 | INFO | Steps: 118784/150000 | Episodes: 232 | LastEpReward: 45.149 | RecentReward: 24.501 | ActorLoss: -5.990224 | CriticLoss: 0.023268 | Q: 5.9712 | TargetQ: 5.9700 | TDAbs: 0.1544 | ActorGrad: 0.0240 | CriticGrad: 0.6688 | Noise: 0.0500 | Replay: 50000 | FPS: 60.44 | ETA: 8.6 min
2026-09-13 04:42:13,528 | INFO | Steps: 119296/150000 | Episodes: 233 | LastEpReward: 31.414 | RecentReward: 28.217 | ActorLoss: -5.963753 | CriticLoss: 0.024166 | Q: 5.9457 | TargetQ: 5.9422 | TDAbs: 0.1563 | ActorGrad: 0.0217 | CriticGrad: 0.6115 | Noise: 0.0500 | Replay: 50000 | FPS: 60.50 | ETA: 8.5 min
2026-09-13 04:42:19,953 | INFO | Steps: 119808/150000 | Episodes: 234 | LastEpReward: 29.516 | RecentReward: 35.599 | ActorLoss: -5.935888 | CriticLoss: 0.023636 | Q: 5.9178 | TargetQ: 5.9153 | TDAbs: 0.1568 | ActorGrad: 0.0199 | CriticGrad: 0.6516 | Noise: 0.0500 | Replay: 50000 | FPS: 60.57 | ETA: 8.3 min
2026-09-13 04:42:26,388 | INFO | Steps: 120320/150000 | Episodes: 235 | LastEpReward: 29.242 | RecentReward: 35.939 | ActorLoss: -5.944391 | CriticLoss: 0.023893 | Q: 5.9255 | TargetQ: 5.9220 | TDAbs: 0.1548 | ActorGrad: 0.0190 | CriticGrad: 0.6606 | Noise: 0.0500 | Replay: 50000 | FPS: 60.63 | ETA: 8.2 min
2026-09-13 04:42:33,058 | INFO | Steps: 120832/150000 | Episodes: 236 | LastEpReward: 40.602 | RecentReward: 35.881 | ActorLoss: -5.949628 | CriticLoss: 0.024513 | Q: 5.9327 | TargetQ: 5.9295 | TDAbs: 0.1561 | ActorGrad: 0.0274 | CriticGrad: 0.7136 | Noise: 0.0500 | Replay: 50000 | FPS: 60.68 | ETA: 8.0 min
2026-09-13 04:42:39,574 | INFO | Steps: 121344/150000 | Episodes: 237 | LastEpReward: 38.520 | RecentReward: 36.447 | ActorLoss: -5.944963 | CriticLoss: 0.022866 | Q: 5.9283 | TargetQ: 5.9273 | TDAbs: 0.1539 | ActorGrad: 0.0250 | CriticGrad: 0.6323 | Noise: 0.0500 | Replay: 50000 | FPS: 60.74 | ETA: 7.9 min
2026-09-13 04:42:46,148 | INFO | Steps: 121856/150000 | Episodes: 238 | LastEpReward: 36.927 | RecentReward: 37.118 | ActorLoss: -5.954538 | CriticLoss: 0.021036 | Q: 5.9370 | TargetQ: 5.9360 | TDAbs: 0.1510 | ActorGrad: 0.0221 | CriticGrad: 0.6263 | Noise: 0.0500 | Replay: 50000 | FPS: 60.80 | ETA: 7.7 min
2026-09-13 04:42:52,769 | INFO | Steps: 122368/150000 | Episodes: 239 | LastEpReward: 40.877 | RecentReward: 36.548 | ActorLoss: -5.890418 | CriticLoss: 0.023548 | Q: 5.8728 | TargetQ: 5.8716 | TDAbs: 0.1563 | ActorGrad: 0.0209 | CriticGrad: 0.6708 | Noise: 0.0500 | Replay: 50000 | FPS: 60.85 | ETA: 7.6 min
2026-09-13 04:42:59,335 | INFO | 开始周期评估: Steps=122880 | Episodes=240 | EvalEpisodes=5
2026-09-13 04:43:18,480 | INFO | 周期评估完成: Steps=122880 | MeanReward=38.432 | StdReward=7.139
2026-09-13 04:43:18,488 | INFO | Steps: 122880/150000 | Episodes: 240 | LastEpReward: 39.302 | RecentReward: 35.653 | ActorLoss: -5.884623 | CriticLoss: 0.023327 | Q: 5.8687 | TargetQ: 5.8654 | TDAbs: 0.1530 | ActorGrad: 0.0176 | CriticGrad: 0.5669 | Noise: 0.0500 | Replay: 50000 | FPS: 60.33 | ETA: 7.5 min
2026-09-13 04:43:25,127 | INFO | Steps: 123392/150000 | Episodes: 241 | LastEpReward: 34.558 | RecentReward: 36.611 | ActorLoss: -5.881442 | CriticLoss: 0.021236 | Q: 5.8623 | TargetQ: 5.8608 | TDAbs: 0.1512 | ActorGrad: 0.0241 | CriticGrad: 0.6418 | Noise: 0.0500 | Replay: 50000 | FPS: 60.39 | ETA: 7.3 min
2026-09-13 04:43:31,822 | INFO | Steps: 123904/150000 | Episodes: 242 | LastEpReward: 35.432 | RecentReward: 35.639 | ActorLoss: -5.838629 | CriticLoss: 0.021848 | Q: 5.8223 | TargetQ: 5.8217 | TDAbs: 0.1511 | ActorGrad: 0.0179 | CriticGrad: 0.6308 | Noise: 0.0500 | Replay: 50000 | FPS: 60.44 | ETA: 7.2 min
2026-09-13 04:43:38,545 | INFO | Steps: 124416/150000 | Episodes: 243 | LastEpReward: 28.595 | RecentReward: 35.357 | ActorLoss: -5.822808 | CriticLoss: 0.021401 | Q: 5.8049 | TargetQ: 5.8034 | TDAbs: 0.1515 | ActorGrad: 0.0181 | CriticGrad: 0.6149 | Noise: 0.0500 | Replay: 50000 | FPS: 60.49 | ETA: 7.0 min
2026-09-13 04:43:45,265 | INFO | Steps: 124928/150000 | Episodes: 244 | LastEpReward: 31.880 | RecentReward: 35.593 | ActorLoss: -5.805661 | CriticLoss: 0.023018 | Q: 5.7875 | TargetQ: 5.7851 | TDAbs: 0.1511 | ActorGrad: 0.0134 | CriticGrad: 0.6249 | Noise: 0.0500 | Replay: 50000 | FPS: 60.54 | ETA: 6.9 min
2026-09-13 04:43:51,910 | INFO | Steps: 125440/150000 | Episodes: 245 | LastEpReward: 36.144 | RecentReward: 36.284 | ActorLoss: -5.831756 | CriticLoss: 0.023241 | Q: 5.8136 | TargetQ: 5.8112 | TDAbs: 0.1536 | ActorGrad: 0.0148 | CriticGrad: 0.6081 | Noise: 0.0500 | Replay: 50000 | FPS: 60.60 | ETA: 6.8 min
2026-09-13 04:43:58,573 | INFO | Steps: 125952/150000 | Episodes: 246 | LastEpReward: 31.155 | RecentReward: 35.339 | ActorLoss: -5.818850 | CriticLoss: 0.024101 | Q: 5.8002 | TargetQ: 5.7971 | TDAbs: 0.1542 | ActorGrad: 0.0106 | CriticGrad: 0.6940 | Noise: 0.0500 | Replay: 50000 | FPS: 60.65 | ETA: 6.6 min
2026-09-13 04:44:05,483 | INFO | Steps: 126464/150000 | Episodes: 247 | LastEpReward: 39.741 | RecentReward: 35.461 | ActorLoss: -5.847000 | CriticLoss: 0.023126 | Q: 5.8281 | TargetQ: 5.8261 | TDAbs: 0.1535 | ActorGrad: 0.0175 | CriticGrad: 0.7027 | Noise: 0.0500 | Replay: 50000 | FPS: 60.69 | ETA: 6.5 min
2026-09-13 04:44:12,114 | INFO | Steps: 126976/150000 | Episodes: 248 | LastEpReward: 33.310 | RecentReward: 35.099 | ActorLoss: -5.833078 | CriticLoss: 0.022544 | Q: 5.8116 | TargetQ: 5.8103 | TDAbs: 0.1525 | ActorGrad: 0.0171 | CriticGrad: 0.6504 | Noise: 0.0500 | Replay: 50000 | FPS: 60.75 | ETA: 6.3 min
2026-09-13 04:44:18,689 | INFO | Steps: 127488/150000 | Episodes: 249 | LastEpReward: 37.095 | RecentReward: 34.721 | ActorLoss: -5.837752 | CriticLoss: 0.022803 | Q: 5.8207 | TargetQ: 5.8189 | TDAbs: 0.1546 | ActorGrad: 0.0190 | CriticGrad: 0.6882 | Noise: 0.0500 | Replay: 50000 | FPS: 60.80 | ETA: 6.2 min
2026-09-13 04:44:25,366 | INFO | 开始周期评估: Steps=128000 | Episodes=250 | EvalEpisodes=5
2026-09-13 04:44:44,516 | INFO | 周期评估完成: Steps=128000 | MeanReward=37.284 | StdReward=5.249
2026-09-13 04:44:44,523 | INFO | Steps: 128000/150000 | Episodes: 250 | LastEpReward: 40.763 | RecentReward: 34.867 | ActorLoss: -5.827618 | CriticLoss: 0.023638 | Q: 5.8079 | TargetQ: 5.8046 | TDAbs: 0.1555 | ActorGrad: 0.0140 | CriticGrad: 0.6820 | Noise: 0.0500 | Replay: 50000 | FPS: 60.30 | ETA: 6.1 min
2026-09-13 04:44:51,207 | INFO | Steps: 128512/150000 | Episodes: 251 | LastEpReward: 41.850 | RecentReward: 35.597 | ActorLoss: -5.825530 | CriticLoss: 0.023179 | Q: 5.8048 | TargetQ: 5.8054 | TDAbs: 0.1531 | ActorGrad: 0.0167 | CriticGrad: 0.6613 | Noise: 0.0500 | Replay: 50000 | FPS: 60.35 | ETA: 5.9 min
2026-09-13 04:44:57,996 | INFO | Steps: 129024/150000 | Episodes: 252 | LastEpReward: 37.532 | RecentReward: 35.807 | ActorLoss: -5.832119 | CriticLoss: 0.023624 | Q: 5.8121 | TargetQ: 5.8108 | TDAbs: 0.1545 | ActorGrad: 0.0153 | CriticGrad: 0.6816 | Noise: 0.0500 | Replay: 50000 | FPS: 60.40 | ETA: 5.8 min
2026-09-13 04:45:04,713 | INFO | Steps: 129536/150000 | Episodes: 253 | LastEpReward: 41.315 | RecentReward: 37.079 | ActorLoss: -5.814055 | CriticLoss: 0.024354 | Q: 5.7949 | TargetQ: 5.7931 | TDAbs: 0.1576 | ActorGrad: 0.0179 | CriticGrad: 0.8036 | Noise: 0.0500 | Replay: 50000 | FPS: 60.45 | ETA: 5.6 min
2026-09-13 04:45:11,497 | INFO | Steps: 130048/150000 | Episodes: 254 | LastEpReward: 29.642 | RecentReward: 36.855 | ActorLoss: -5.831886 | CriticLoss: 0.024059 | Q: 5.8147 | TargetQ: 5.8126 | TDAbs: 0.1556 | ActorGrad: 0.0217 | CriticGrad: 0.5965 | Noise: 0.0500 | Replay: 50000 | FPS: 60.50 | ETA: 5.5 min
2026-09-13 04:45:18,234 | INFO | Steps: 130560/150000 | Episodes: 255 | LastEpReward: 32.600 | RecentReward: 36.500 | ActorLoss: -5.876919 | CriticLoss: 0.023890 | Q: 5.8554 | TargetQ: 5.8535 | TDAbs: 0.1565 | ActorGrad: 0.0207 | CriticGrad: 0.7094 | Noise: 0.0500 | Replay: 50000 | FPS: 60.54 | ETA: 5.4 min
2026-09-13 04:45:24,952 | INFO | Steps: 131072/150000 | Episodes: 256 | LastEpReward: 28.526 | RecentReward: 36.238 | ActorLoss: -5.817739 | CriticLoss: 0.024708 | Q: 5.8002 | TargetQ: 5.7990 | TDAbs: 0.1565 | ActorGrad: 0.0160 | CriticGrad: 0.7296 | Noise: 0.0500 | Replay: 50000 | FPS: 60.59 | ETA: 5.2 min
2026-09-13 04:45:31,746 | INFO | Steps: 131584/150000 | Episodes: 257 | LastEpReward: 36.599 | RecentReward: 35.923 | ActorLoss: -5.841445 | CriticLoss: 0.023881 | Q: 5.8239 | TargetQ: 5.8227 | TDAbs: 0.1552 | ActorGrad: 0.0225 | CriticGrad: 0.6766 | Noise: 0.0500 | Replay: 50000 | FPS: 60.64 | ETA: 5.1 min
2026-09-13 04:45:38,417 | INFO | Steps: 132096/150000 | Episodes: 258 | LastEpReward: 30.752 | RecentReward: 35.667 | ActorLoss: -5.825804 | CriticLoss: 0.022534 | Q: 5.8103 | TargetQ: 5.8075 | TDAbs: 0.1537 | ActorGrad: 0.0181 | CriticGrad: 0.6589 | Noise: 0.0500 | Replay: 50000 | FPS: 60.69 | ETA: 4.9 min
2026-09-13 04:45:45,095 | INFO | Steps: 132608/150000 | Episodes: 259 | LastEpReward: 33.096 | RecentReward: 35.268 | ActorLoss: -5.819773 | CriticLoss: 0.023241 | Q: 5.8048 | TargetQ: 5.8051 | TDAbs: 0.1546 | ActorGrad: 0.0245 | CriticGrad: 0.6590 | Noise: 0.0500 | Replay: 50000 | FPS: 60.74 | ETA: 4.8 min
2026-09-13 04:45:51,758 | INFO | 开始周期评估: Steps=133120 | Episodes=260 | EvalEpisodes=5
2026-09-13 04:46:10,937 | INFO | 周期评估完成: Steps=133120 | MeanReward=37.870 | StdReward=6.445
2026-09-13 04:46:10,944 | INFO | Steps: 133120/150000 | Episodes: 260 | LastEpReward: 31.344 | RecentReward: 34.326 | ActorLoss: -5.787496 | CriticLoss: 0.024607 | Q: 5.7725 | TargetQ: 5.7726 | TDAbs: 0.1567 | ActorGrad: 0.0272 | CriticGrad: 0.6406 | Noise: 0.0500 | Replay: 50000 | FPS: 60.26 | ETA: 4.7 min
2026-09-13 04:46:17,591 | INFO | Steps: 133632/150000 | Episodes: 261 | LastEpReward: 39.530 | RecentReward: 34.094 | ActorLoss: -5.808620 | CriticLoss: 0.024164 | Q: 5.7931 | TargetQ: 5.7921 | TDAbs: 0.1578 | ActorGrad: 0.0204 | CriticGrad: 0.7892 | Noise: 0.0500 | Replay: 50000 | FPS: 60.31 | ETA: 4.5 min
2026-09-13 04:46:24,327 | INFO | Steps: 134144/150000 | Episodes: 262 | LastEpReward: 44.610 | RecentReward: 34.802 | ActorLoss: -5.861121 | CriticLoss: 0.023663 | Q: 5.8452 | TargetQ: 5.8433 | TDAbs: 0.1570 | ActorGrad: 0.0214 | CriticGrad: 0.6504 | Noise: 0.0500 | Replay: 50000 | FPS: 60.36 | ETA: 4.4 min
2026-09-13 04:46:31,312 | INFO | Steps: 134656/150000 | Episodes: 263 | LastEpReward: 39.416 | RecentReward: 34.612 | ActorLoss: -5.765153 | CriticLoss: 0.023886 | Q: 5.7526 | TargetQ: 5.7522 | TDAbs: 0.1580 | ActorGrad: 0.0237 | CriticGrad: 0.7285 | Noise: 0.0500 | Replay: 50000 | FPS: 60.40 | ETA: 4.2 min
2026-09-13 04:46:38,010 | INFO | Steps: 135168/150000 | Episodes: 264 | LastEpReward: 36.948 | RecentReward: 35.342 | ActorLoss: -5.755842 | CriticLoss: 0.028874 | Q: 5.7409 | TargetQ: 5.7388 | TDAbs: 0.1634 | ActorGrad: 0.0285 | CriticGrad: 0.6931 | Noise: 0.0500 | Replay: 50000 | FPS: 60.45 | ETA: 4.1 min
2026-09-13 04:46:44,562 | INFO | Steps: 135680/150000 | Episodes: 265 | LastEpReward: 38.772 | RecentReward: 35.959 | ActorLoss: -5.768072 | CriticLoss: 0.026880 | Q: 5.7551 | TargetQ: 5.7515 | TDAbs: 0.1625 | ActorGrad: 0.0248 | CriticGrad: 0.7103 | Noise: 0.0500 | Replay: 50000 | FPS: 60.50 | ETA: 3.9 min
2026-09-13 04:46:51,101 | INFO | Steps: 136192/150000 | Episodes: 266 | LastEpReward: 27.300 | RecentReward: 35.837 | ActorLoss: -5.743745 | CriticLoss: 0.026142 | Q: 5.7294 | TargetQ: 5.7283 | TDAbs: 0.1630 | ActorGrad: 0.0279 | CriticGrad: 0.6915 | Noise: 0.0500 | Replay: 50000 | FPS: 60.55 | ETA: 3.8 min
2026-09-13 04:46:57,677 | INFO | Steps: 136704/150000 | Episodes: 267 | LastEpReward: 27.900 | RecentReward: 34.967 | ActorLoss: -5.730350 | CriticLoss: 0.028414 | Q: 5.7183 | TargetQ: 5.7169 | TDAbs: 0.1664 | ActorGrad: 0.0270 | CriticGrad: 0.8890 | Noise: 0.0500 | Replay: 50000 | FPS: 60.60 | ETA: 3.7 min
2026-09-13 04:47:04,417 | INFO | Steps: 137216/150000 | Episodes: 268 | LastEpReward: 52.777 | RecentReward: 37.169 | ActorLoss: -5.743510 | CriticLoss: 0.028825 | Q: 5.7292 | TargetQ: 5.7291 | TDAbs: 0.1651 | ActorGrad: 0.0281 | CriticGrad: 0.7002 | Noise: 0.0500 | Replay: 50000 | FPS: 60.65 | ETA: 3.5 min
2026-09-13 04:47:11,039 | INFO | Steps: 137728/150000 | Episodes: 269 | LastEpReward: 36.877 | RecentReward: 37.547 | ActorLoss: -5.734152 | CriticLoss: 0.028341 | Q: 5.7181 | TargetQ: 5.7142 | TDAbs: 0.1646 | ActorGrad: 0.0322 | CriticGrad: 0.6716 | Noise: 0.0500 | Replay: 50000 | FPS: 60.69 | ETA: 3.4 min
2026-09-13 04:47:17,654 | INFO | 开始周期评估: Steps=138240 | Episodes=270 | EvalEpisodes=5
2026-09-13 04:47:36,832 | INFO | 周期评估完成: Steps=138240 | MeanReward=37.207 | StdReward=5.699
2026-09-13 04:47:36,838 | INFO | Steps: 138240/150000 | Episodes: 270 | LastEpReward: 35.717 | RecentReward: 37.985 | ActorLoss: -5.677602 | CriticLoss: 0.030547 | Q: 5.6663 | TargetQ: 5.6630 | TDAbs: 0.1695 | ActorGrad: 0.0255 | CriticGrad: 0.8743 | Noise: 0.0500 | Replay: 50000 | FPS: 60.23 | ETA: 3.3 min
2026-09-13 04:47:43,648 | INFO | Steps: 138752/150000 | Episodes: 271 | LastEpReward: 44.698 | RecentReward: 38.502 | ActorLoss: -5.668553 | CriticLoss: 0.031819 | Q: 5.6556 | TargetQ: 5.6526 | TDAbs: 0.1718 | ActorGrad: 0.0263 | CriticGrad: 0.8368 | Noise: 0.0500 | Replay: 50000 | FPS: 60.28 | ETA: 3.1 min
2026-09-13 04:47:50,255 | INFO | Steps: 139264/150000 | Episodes: 272 | LastEpReward: 34.538 | RecentReward: 37.494 | ActorLoss: -5.674668 | CriticLoss: 0.029781 | Q: 5.6626 | TargetQ: 5.6633 | TDAbs: 0.1667 | ActorGrad: 0.0356 | CriticGrad: 0.7625 | Noise: 0.0500 | Replay: 50000 | FPS: 60.33 | ETA: 3.0 min
2026-09-13 04:47:56,875 | INFO | Steps: 139776/150000 | Episodes: 273 | LastEpReward: 33.272 | RecentReward: 36.880 | ActorLoss: -5.648044 | CriticLoss: 0.033333 | Q: 5.6332 | TargetQ: 5.6342 | TDAbs: 0.1756 | ActorGrad: 0.0575 | CriticGrad: 0.9083 | Noise: 0.0500 | Replay: 50000 | FPS: 60.38 | ETA: 2.8 min
2026-09-13 04:48:03,469 | INFO | Steps: 140288/150000 | Episodes: 274 | LastEpReward: 38.729 | RecentReward: 37.058 | ActorLoss: -5.655076 | CriticLoss: 0.033544 | Q: 5.6387 | TargetQ: 5.6367 | TDAbs: 0.1755 | ActorGrad: 0.0526 | CriticGrad: 0.8243 | Noise: 0.0500 | Replay: 50000 | FPS: 60.43 | ETA: 2.7 min
2026-09-13 04:48:10,182 | INFO | Steps: 140800/150000 | Episodes: 275 | LastEpReward: 40.894 | RecentReward: 37.270 | ActorLoss: -5.572426 | CriticLoss: 0.027307 | Q: 5.5588 | TargetQ: 5.5565 | TDAbs: 0.1648 | ActorGrad: 0.0332 | CriticGrad: 0.7486 | Noise: 0.0500 | Replay: 50000 | FPS: 60.47 | ETA: 2.5 min
2026-09-13 04:48:16,957 | INFO | Steps: 141312/150000 | Episodes: 276 | LastEpReward: 40.243 | RecentReward: 38.565 | ActorLoss: -5.594371 | CriticLoss: 0.028737 | Q: 5.5787 | TargetQ: 5.5781 | TDAbs: 0.1710 | ActorGrad: 0.0242 | CriticGrad: 0.7758 | Noise: 0.0500 | Replay: 50000 | FPS: 60.52 | ETA: 2.4 min
2026-09-13 04:48:23,868 | INFO | Steps: 141824/150000 | Episodes: 277 | LastEpReward: 47.052 | RecentReward: 40.480 | ActorLoss: -5.605901 | CriticLoss: 0.031305 | Q: 5.5932 | TargetQ: 5.5943 | TDAbs: 0.1737 | ActorGrad: 0.0380 | CriticGrad: 0.8577 | Noise: 0.0500 | Replay: 50000 | FPS: 60.56 | ETA: 2.3 min
2026-09-13 04:48:30,682 | INFO | Steps: 142336/150000 | Episodes: 278 | LastEpReward: 45.234 | RecentReward: 39.725 | ActorLoss: -5.627638 | CriticLoss: 0.031677 | Q: 5.6171 | TargetQ: 5.6175 | TDAbs: 0.1731 | ActorGrad: 0.0510 | CriticGrad: 0.8066 | Noise: 0.0500 | Replay: 50000 | FPS: 60.60 | ETA: 2.1 min
2026-09-13 04:48:37,682 | INFO | Steps: 142848/150000 | Episodes: 279 | LastEpReward: 39.418 | RecentReward: 39.979 | ActorLoss: -5.614988 | CriticLoss: 0.031753 | Q: 5.6027 | TargetQ: 5.5999 | TDAbs: 0.1746 | ActorGrad: 0.0591 | CriticGrad: 0.7933 | Noise: 0.0500 | Replay: 50000 | FPS: 60.64 | ETA: 2.0 min
2026-09-13 04:48:44,310 | INFO | 开始周期评估: Steps=143360 | Episodes=280 | EvalEpisodes=5
2026-09-13 04:49:03,414 | INFO | 周期评估完成: Steps=143360 | MeanReward=37.807 | StdReward=5.543
2026-09-13 04:49:03,421 | INFO | Steps: 143360/150000 | Episodes: 280 | LastEpReward: 27.775 | RecentReward: 39.185 | ActorLoss: -5.556673 | CriticLoss: 0.031725 | Q: 5.5450 | TargetQ: 5.5421 | TDAbs: 0.1758 | ActorGrad: 0.0556 | CriticGrad: 0.9049 | Noise: 0.0500 | Replay: 50000 | FPS: 60.19 | ETA: 1.8 min
2026-09-13 04:49:10,247 | INFO | Steps: 143872/150000 | Episodes: 281 | LastEpReward: 46.232 | RecentReward: 39.339 | ActorLoss: -5.577336 | CriticLoss: 0.032977 | Q: 5.5639 | TargetQ: 5.5631 | TDAbs: 0.1786 | ActorGrad: 0.0390 | CriticGrad: 0.9144 | Noise: 0.0500 | Replay: 50000 | FPS: 60.24 | ETA: 1.7 min
2026-09-13 04:49:16,981 | INFO | Steps: 144384/150000 | Episodes: 282 | LastEpReward: 31.625 | RecentReward: 39.047 | ActorLoss: -5.567621 | CriticLoss: 0.032035 | Q: 5.5595 | TargetQ: 5.5582 | TDAbs: 0.1738 | ActorGrad: 0.0522 | CriticGrad: 0.8681 | Noise: 0.0500 | Replay: 50000 | FPS: 60.28 | ETA: 1.6 min
2026-09-13 04:49:23,746 | INFO | Steps: 144896/150000 | Episodes: 283 | LastEpReward: 30.010 | RecentReward: 38.721 | ActorLoss: -5.543052 | CriticLoss: 0.031162 | Q: 5.5357 | TargetQ: 5.5336 | TDAbs: 0.1741 | ActorGrad: 0.0321 | CriticGrad: 0.8315 | Noise: 0.0500 | Replay: 50000 | FPS: 60.32 | ETA: 1.4 min
2026-09-13 04:49:30,420 | INFO | Steps: 145408/150000 | Episodes: 284 | LastEpReward: 43.240 | RecentReward: 39.172 | ActorLoss: -5.545794 | CriticLoss: 0.033385 | Q: 5.5366 | TargetQ: 5.5350 | TDAbs: 0.1780 | ActorGrad: 0.0539 | CriticGrad: 0.8855 | Noise: 0.0500 | Replay: 50000 | FPS: 60.37 | ETA: 1.3 min
2026-09-13 04:49:37,005 | INFO | Steps: 145920/150000 | Episodes: 285 | LastEpReward: 21.020 | RecentReward: 37.185 | ActorLoss: -5.449238 | CriticLoss: 0.033349 | Q: 5.4422 | TargetQ: 5.4396 | TDAbs: 0.1791 | ActorGrad: 0.0603 | CriticGrad: 0.9553 | Noise: 0.0500 | Replay: 50000 | FPS: 60.42 | ETA: 1.1 min
2026-09-13 04:49:43,793 | INFO | Steps: 146432/150000 | Episodes: 286 | LastEpReward: 43.849 | RecentReward: 37.546 | ActorLoss: -5.489703 | CriticLoss: 0.031978 | Q: 5.4785 | TargetQ: 5.4760 | TDAbs: 0.1760 | ActorGrad: 0.0638 | CriticGrad: 0.8539 | Noise: 0.0500 | Replay: 50000 | FPS: 60.46 | ETA: 1.0 min
2026-09-13 04:49:50,455 | INFO | Steps: 146944/150000 | Episodes: 287 | LastEpReward: 40.743 | RecentReward: 36.915 | ActorLoss: -5.455406 | CriticLoss: 0.033315 | Q: 5.4492 | TargetQ: 5.4463 | TDAbs: 0.1798 | ActorGrad: 0.0659 | CriticGrad: 1.0054 | Noise: 0.0500 | Replay: 50000 | FPS: 60.50 | ETA: 0.8 min
2026-09-13 04:49:57,163 | INFO | Steps: 147456/150000 | Episodes: 288 | LastEpReward: 29.563 | RecentReward: 35.348 | ActorLoss: -5.486366 | CriticLoss: 0.032030 | Q: 5.4765 | TargetQ: 5.4748 | TDAbs: 0.1774 | ActorGrad: 0.0486 | CriticGrad: 0.9019 | Noise: 0.0500 | Replay: 50000 | FPS: 60.55 | ETA: 0.7 min
2026-09-13 04:50:04,071 | INFO | Steps: 147968/150000 | Episodes: 289 | LastEpReward: 44.138 | RecentReward: 35.820 | ActorLoss: -5.427799 | CriticLoss: 0.042046 | Q: 5.4222 | TargetQ: 5.4239 | TDAbs: 0.1918 | ActorGrad: 0.0578 | CriticGrad: 1.0918 | Noise: 0.0500 | Replay: 50000 | FPS: 60.59 | ETA: 0.6 min
2026-09-13 04:50:10,815 | INFO | 开始周期评估: Steps=148480 | Episodes=290 | EvalEpisodes=5
2026-09-13 04:50:30,032 | INFO | 周期评估完成: Steps=148480 | MeanReward=38.069 | StdReward=3.911
2026-09-13 04:50:30,040 | INFO | Steps: 148480/150000 | Episodes: 290 | LastEpReward: 36.784 | RecentReward: 36.720 | ActorLoss: -5.393846 | CriticLoss: 0.034570 | Q: 5.3878 | TargetQ: 5.3871 | TDAbs: 0.1825 | ActorGrad: 0.0524 | CriticGrad: 0.9705 | Noise: 0.0500 | Replay: 50000 | FPS: 60.16 | ETA: 0.4 min
2026-09-13 04:50:36,755 | INFO | Steps: 148992/150000 | Episodes: 291 | LastEpReward: 27.505 | RecentReward: 34.848 | ActorLoss: -5.421724 | CriticLoss: 0.036350 | Q: 5.4152 | TargetQ: 5.4132 | TDAbs: 0.1851 | ActorGrad: 0.0576 | CriticGrad: 0.9200 | Noise: 0.0500 | Replay: 50000 | FPS: 60.20 | ETA: 0.3 min
2026-09-13 04:50:43,284 | INFO | Steps: 149504/150000 | Episodes: 292 | LastEpReward: 28.931 | RecentReward: 34.578 | ActorLoss: -5.384830 | CriticLoss: 0.033829 | Q: 5.3778 | TargetQ: 5.3765 | TDAbs: 0.1834 | ActorGrad: 0.0619 | CriticGrad: 0.9867 | Noise: 0.0500 | Replay: 50000 | FPS: 60.25 | ETA: 0.1 min
2026-09-13 04:50:49,839 | INFO | Steps: 150000/150000 | Episodes: 292 | LastEpReward: 28.931 | RecentReward: 34.578 | ActorLoss: -5.352935 | CriticLoss: 0.038596 | Q: 5.3451 | TargetQ: 5.3437 | TDAbs: 0.1909 | ActorGrad: 0.0554 | CriticGrad: 1.0440 | Noise: 0.0500 | Replay: 50000 | FPS: 60.29 | ETA: 0.0 min
2026-09-13 04:51:28,175 | INFO | MADDPG 训练与评估完成，最佳权重: /home/pjpjq/LEO_switch/results/multiseed_0907/seed45/u25/learned_baselines/maddpg/maddpg_model.pt
