2026-09-12 15:16:46,821 | INFO | ============================================================
2026-09-12 15:16:46,821 | INFO | 开始训练纯 MADDPG 基线
2026-09-12 15:16:46,821 | INFO | 用户数: 20 | 观测维度: 76 | handover维度: 11 | 总步数: 150000 | warmup: 1000 | batch: 128 | 日志间隔: 512 steps | device: cuda | actor_lr: 1.0e-04 | critic_lr: 3.0e-04 | tau: 0.005 | reward_scale: 1.00
2026-09-12 15:16:46,821 | INFO | ============================================================
2026-09-12 15:16:50,231 | INFO | Steps: 512/150000 | Episodes: 1 | LastEpReward: -3.445 | RecentReward: -3.445 | ActorLoss: 0.000000 | CriticLoss: 0.000000 | Q: 0.0000 | TargetQ: 0.0000 | TDAbs: 0.0000 | ActorGrad: 0.0000 | CriticGrad: 0.0000 | Noise: 0.3500 | Replay: 512 | FPS: 150.13 | ETA: 16.6 min
2026-09-12 15:16:53,788 | INFO | Steps: 1024/150000 | Episodes: 2 | LastEpReward: 6.199 | RecentReward: 1.377 | ActorLoss: -0.077558 | CriticLoss: 0.004702 | Q: 0.0774 | TargetQ: 0.0755 | TDAbs: 0.0766 | ActorGrad: 0.0010 | CriticGrad: 0.0496 | Noise: 0.3499 | Replay: 1024 | FPS: 146.97 | ETA: 16.9 min
2026-09-12 15:16:59,695 | INFO | Steps: 1536/150000 | Episodes: 3 | LastEpReward: -24.753 | RecentReward: -7.333 | ActorLoss: -0.193703 | CriticLoss: 0.000674 | Q: 0.1622 | TargetQ: 0.1622 | TDAbs: 0.0272 | ActorGrad: 0.0005 | CriticGrad: 0.0508 | Noise: 0.3485 | Replay: 1536 | FPS: 119.31 | ETA: 20.7 min
2026-09-12 15:17:05,420 | INFO | Steps: 2048/150000 | Episodes: 4 | LastEpReward: -134.351 | RecentReward: -39.088 | ActorLoss: -0.030281 | CriticLoss: 0.001233 | Q: 0.0047 | TargetQ: 0.0049 | TDAbs: 0.0373 | ActorGrad: 0.0001 | CriticGrad: 0.1025 | Noise: 0.3470 | Replay: 2048 | FPS: 110.11 | ETA: 22.4 min
2026-09-12 15:17:11,257 | INFO | Steps: 2560/150000 | Episodes: 5 | LastEpReward: -102.077 | RecentReward: -51.685 | ActorLoss: 0.258716 | CriticLoss: 0.001613 | Q: -0.2757 | TargetQ: -0.2759 | TDAbs: 0.0409 | ActorGrad: 0.0000 | CriticGrad: 0.1327 | Noise: 0.3455 | Replay: 2560 | FPS: 104.76 | ETA: 23.5 min
2026-09-12 15:17:17,151 | INFO | Steps: 3072/150000 | Episodes: 6 | LastEpReward: -87.405 | RecentReward: -57.639 | ActorLoss: 0.540079 | CriticLoss: 0.003001 | Q: -0.5507 | TargetQ: -0.5513 | TDAbs: 0.0575 | ActorGrad: 0.0000 | CriticGrad: 0.2736 | Noise: 0.3441 | Replay: 3072 | FPS: 101.29 | ETA: 24.2 min
2026-09-12 15:17:22,878 | INFO | Steps: 3584/150000 | Episodes: 7 | LastEpReward: -74.969 | RecentReward: -60.114 | ActorLoss: 0.875589 | CriticLoss: 0.002316 | Q: -0.8825 | TargetQ: -0.8824 | TDAbs: 0.0488 | ActorGrad: 0.0000 | CriticGrad: 0.2031 | Noise: 0.3426 | Replay: 3584 | FPS: 99.40 | ETA: 24.6 min
2026-09-12 15:17:28,673 | INFO | Steps: 4096/150000 | Episodes: 8 | LastEpReward: -71.486 | RecentReward: -61.536 | ActorLoss: 1.182154 | CriticLoss: 0.005322 | Q: -1.2148 | TargetQ: -1.2150 | TDAbs: 0.0682 | ActorGrad: 0.0015 | CriticGrad: 0.3121 | Noise: 0.3412 | Replay: 4096 | FPS: 97.87 | ETA: 24.8 min
2026-09-12 15:17:34,480 | INFO | Steps: 4608/150000 | Episodes: 9 | LastEpReward: -48.764 | RecentReward: -60.117 | ActorLoss: 1.141414 | CriticLoss: 0.004517 | Q: -1.2563 | TargetQ: -1.2554 | TDAbs: 0.0686 | ActorGrad: 0.0149 | CriticGrad: 0.3267 | Noise: 0.3397 | Replay: 4608 | FPS: 96.69 | ETA: 25.1 min
2026-09-12 15:17:40,543 | INFO | 开始周期评估: Steps=5120 | Episodes=10 | EvalEpisodes=5
2026-09-12 15:17:57,628 | INFO | 周期评估完成: Steps=5120 | MeanReward=38.139 | StdReward=4.042
2026-09-12 15:17:57,639 | INFO | Steps: 5120/150000 | Episodes: 10 | LastEpReward: 35.729 | RecentReward: -50.532 | ActorLoss: 0.816149 | CriticLoss: 0.004828 | Q: -0.9531 | TargetQ: -0.9530 | TDAbs: 0.0725 | ActorGrad: 0.0148 | CriticGrad: 0.4145 | Noise: 0.3382 | Replay: 5120 | FPS: 72.30 | ETA: 33.4 min
2026-09-12 15:18:03,584 | INFO | Steps: 5632/150000 | Episodes: 11 | LastEpReward: 35.420 | RecentReward: -46.646 | ActorLoss: 0.604143 | CriticLoss: 0.003949 | Q: -0.7328 | TargetQ: -0.7326 | TDAbs: 0.0659 | ActorGrad: 0.0193 | CriticGrad: 0.2871 | Noise: 0.3368 | Replay: 5632 | FPS: 73.37 | ETA: 32.8 min
2026-09-12 15:18:09,837 | INFO | Steps: 6144/150000 | Episodes: 12 | LastEpReward: 30.835 | RecentReward: -44.182 | ActorLoss: 0.292430 | CriticLoss: 0.004927 | Q: -0.4091 | TargetQ: -0.4083 | TDAbs: 0.0727 | ActorGrad: 0.0167 | CriticGrad: 0.3476 | Noise: 0.3353 | Replay: 6144 | FPS: 74.01 | ETA: 32.4 min
2026-09-12 15:18:15,730 | INFO | Steps: 6656/150000 | Episodes: 13 | LastEpReward: 32.019 | RecentReward: -38.505 | ActorLoss: 0.064442 | CriticLoss: 0.004214 | Q: -0.1781 | TargetQ: -0.1777 | TDAbs: 0.0685 | ActorGrad: 0.0155 | CriticGrad: 0.3017 | Noise: 0.3338 | Replay: 6656 | FPS: 74.86 | ETA: 31.9 min
2026-09-12 15:18:21,652 | INFO | Steps: 7168/150000 | Episodes: 14 | LastEpReward: 37.847 | RecentReward: -21.285 | ActorLoss: -0.184164 | CriticLoss: 0.005943 | Q: 0.0695 | TargetQ: 0.0699 | TDAbs: 0.0784 | ActorGrad: 0.0191 | CriticGrad: 0.3953 | Noise: 0.3324 | Replay: 7168 | FPS: 75.59 | ETA: 31.5 min
2026-09-12 15:18:27,591 | INFO | Steps: 7680/150000 | Episodes: 15 | LastEpReward: 36.825 | RecentReward: -7.395 | ActorLoss: -0.377601 | CriticLoss: 0.004550 | Q: 0.2609 | TargetQ: 0.2611 | TDAbs: 0.0708 | ActorGrad: 0.0210 | CriticGrad: 0.2980 | Noise: 0.3309 | Replay: 7680 | FPS: 76.21 | ETA: 31.1 min
2026-09-12 15:18:33,542 | INFO | Steps: 8192/150000 | Episodes: 16 | LastEpReward: 30.592 | RecentReward: 4.405 | ActorLoss: -0.641695 | CriticLoss: 0.005929 | Q: 0.5315 | TargetQ: 0.5322 | TDAbs: 0.0798 | ActorGrad: 0.0190 | CriticGrad: 0.3798 | Noise: 0.3295 | Replay: 8192 | FPS: 76.76 | ETA: 30.8 min
2026-09-12 15:18:39,621 | INFO | Steps: 8704/150000 | Episodes: 17 | LastEpReward: 43.868 | RecentReward: 16.289 | ActorLoss: -0.931838 | CriticLoss: 0.006203 | Q: 0.8171 | TargetQ: 0.8173 | TDAbs: 0.0809 | ActorGrad: 0.0192 | CriticGrad: 0.3907 | Noise: 0.3280 | Replay: 8704 | FPS: 77.16 | ETA: 30.5 min
2026-09-12 15:18:45,588 | INFO | Steps: 9216/150000 | Episodes: 18 | LastEpReward: 37.646 | RecentReward: 27.202 | ActorLoss: -1.149267 | CriticLoss: 0.005865 | Q: 1.0387 | TargetQ: 1.0392 | TDAbs: 0.0808 | ActorGrad: 0.0195 | CriticGrad: 0.3687 | Noise: 0.3265 | Replay: 9216 | FPS: 77.60 | ETA: 30.2 min
2026-09-12 15:18:51,564 | INFO | Steps: 9728/150000 | Episodes: 19 | LastEpReward: 45.775 | RecentReward: 36.656 | ActorLoss: -1.416286 | CriticLoss: 0.005217 | Q: 1.2986 | TargetQ: 1.2985 | TDAbs: 0.0767 | ActorGrad: 0.0207 | CriticGrad: 0.2992 | Noise: 0.3251 | Replay: 9728 | FPS: 77.98 | ETA: 30.0 min
2026-09-12 15:18:57,534 | INFO | 开始周期评估: Steps=10240 | Episodes=20 | EvalEpisodes=5
2026-09-12 15:19:14,658 | INFO | 周期评估完成: Steps=10240 | MeanReward=45.122 | StdReward=6.135
2026-09-12 15:19:14,668 | INFO | Steps: 10240/150000 | Episodes: 20 | LastEpReward: 39.501 | RecentReward: 37.033 | ActorLoss: -1.657285 | CriticLoss: 0.005947 | Q: 1.5551 | TargetQ: 1.5553 | TDAbs: 0.0816 | ActorGrad: 0.0216 | CriticGrad: 0.3694 | Noise: 0.3236 | Replay: 10240 | FPS: 69.26 | ETA: 33.6 min
2026-09-12 15:19:20,617 | INFO | Steps: 10752/150000 | Episodes: 21 | LastEpReward: 22.795 | RecentReward: 35.770 | ActorLoss: -1.819629 | CriticLoss: 0.006521 | Q: 1.7241 | TargetQ: 1.7242 | TDAbs: 0.0838 | ActorGrad: 0.0204 | CriticGrad: 0.3468 | Noise: 0.3221 | Replay: 10752 | FPS: 69.91 | ETA: 33.2 min
2026-09-12 15:19:26,766 | INFO | Steps: 11264/150000 | Episodes: 22 | LastEpReward: 44.236 | RecentReward: 37.110 | ActorLoss: -2.024213 | CriticLoss: 0.006414 | Q: 1.9317 | TargetQ: 1.9323 | TDAbs: 0.0840 | ActorGrad: 0.0224 | CriticGrad: 0.3698 | Noise: 0.3207 | Replay: 11264 | FPS: 70.42 | ETA: 32.8 min
2026-09-12 15:19:32,699 | INFO | Steps: 11776/150000 | Episodes: 23 | LastEpReward: 29.488 | RecentReward: 36.857 | ActorLoss: -2.152080 | CriticLoss: 0.007002 | Q: 2.0633 | TargetQ: 2.0642 | TDAbs: 0.0894 | ActorGrad: 0.0225 | CriticGrad: 0.4176 | Noise: 0.3192 | Replay: 11776 | FPS: 70.99 | ETA: 32.5 min
2026-09-12 15:19:38,686 | INFO | Steps: 12288/150000 | Episodes: 24 | LastEpReward: 37.813 | RecentReward: 36.854 | ActorLoss: -2.368876 | CriticLoss: 0.007945 | Q: 2.2873 | TargetQ: 2.2870 | TDAbs: 0.0932 | ActorGrad: 0.0260 | CriticGrad: 0.4676 | Noise: 0.3177 | Replay: 12288 | FPS: 71.50 | ETA: 32.1 min
2026-09-12 15:19:44,715 | INFO | Steps: 12800/150000 | Episodes: 25 | LastEpReward: 42.592 | RecentReward: 37.430 | ActorLoss: -2.544459 | CriticLoss: 0.008467 | Q: 2.4596 | TargetQ: 2.4602 | TDAbs: 0.0970 | ActorGrad: 0.0288 | CriticGrad: 0.5252 | Noise: 0.3163 | Replay: 12800 | FPS: 71.95 | ETA: 31.8 min
2026-09-12 15:19:50,822 | INFO | Steps: 13312/150000 | Episodes: 26 | LastEpReward: 38.382 | RecentReward: 38.209 | ActorLoss: -2.718554 | CriticLoss: 0.009305 | Q: 2.6251 | TargetQ: 2.6261 | TDAbs: 0.1017 | ActorGrad: 0.0355 | CriticGrad: 0.4507 | Noise: 0.3148 | Replay: 13312 | FPS: 72.35 | ETA: 31.5 min
2026-09-12 15:19:56,750 | INFO | Steps: 13824/150000 | Episodes: 27 | LastEpReward: 40.600 | RecentReward: 37.883 | ActorLoss: -2.880416 | CriticLoss: 0.008687 | Q: 2.7906 | TargetQ: 2.7905 | TDAbs: 0.0984 | ActorGrad: 0.0411 | CriticGrad: 0.4565 | Noise: 0.3134 | Replay: 13824 | FPS: 72.79 | ETA: 31.2 min
2026-09-12 15:20:02,691 | INFO | Steps: 14336/150000 | Episodes: 28 | LastEpReward: 33.507 | RecentReward: 37.469 | ActorLoss: -3.079807 | CriticLoss: 0.009320 | Q: 2.9863 | TargetQ: 2.9867 | TDAbs: 0.1028 | ActorGrad: 0.0381 | CriticGrad: 0.5318 | Noise: 0.3119 | Replay: 14336 | FPS: 73.19 | ETA: 30.9 min
2026-09-12 15:20:08,586 | INFO | Steps: 14848/150000 | Episodes: 29 | LastEpReward: 35.171 | RecentReward: 36.408 | ActorLoss: -3.279668 | CriticLoss: 0.011085 | Q: 3.1893 | TargetQ: 3.1886 | TDAbs: 0.1099 | ActorGrad: 0.0406 | CriticGrad: 0.5316 | Noise: 0.3104 | Replay: 14848 | FPS: 73.59 | ETA: 30.6 min
2026-09-12 15:20:14,667 | INFO | 开始周期评估: Steps=15360 | Episodes=30 | EvalEpisodes=5
2026-09-12 15:20:31,865 | INFO | 周期评估完成: Steps=15360 | MeanReward=42.455 | StdReward=1.965
2026-09-12 15:20:31,871 | INFO | Steps: 15360/150000 | Episodes: 30 | LastEpReward: 42.330 | RecentReward: 36.691 | ActorLoss: -3.391805 | CriticLoss: 0.011692 | Q: 3.3074 | TargetQ: 3.3077 | TDAbs: 0.1111 | ActorGrad: 0.0420 | CriticGrad: 0.6382 | Noise: 0.3090 | Replay: 15360 | FPS: 68.25 | ETA: 32.9 min
2026-09-12 15:20:37,782 | INFO | Steps: 15872/150000 | Episodes: 31 | LastEpReward: 40.841 | RecentReward: 38.496 | ActorLoss: -3.595984 | CriticLoss: 0.010722 | Q: 3.5219 | TargetQ: 3.5219 | TDAbs: 0.1102 | ActorGrad: 0.0434 | CriticGrad: 0.6152 | Noise: 0.3075 | Replay: 15872 | FPS: 68.72 | ETA: 32.5 min
2026-09-12 15:20:43,907 | INFO | Steps: 16384/150000 | Episodes: 32 | LastEpReward: 42.488 | RecentReward: 38.321 | ActorLoss: -3.743796 | CriticLoss: 0.011799 | Q: 3.6722 | TargetQ: 3.6718 | TDAbs: 0.1123 | ActorGrad: 0.0386 | CriticGrad: 0.5189 | Noise: 0.3060 | Replay: 16384 | FPS: 69.11 | ETA: 32.2 min
2026-09-12 15:20:49,868 | INFO | Steps: 16896/150000 | Episodes: 33 | LastEpReward: 33.755 | RecentReward: 38.748 | ActorLoss: -3.829090 | CriticLoss: 0.012726 | Q: 3.7693 | TargetQ: 3.7676 | TDAbs: 0.1165 | ActorGrad: 0.0421 | CriticGrad: 0.6930 | Noise: 0.3046 | Replay: 16896 | FPS: 69.52 | ETA: 31.9 min
2026-09-12 15:20:55,858 | INFO | Steps: 17408/150000 | Episodes: 34 | LastEpReward: 40.022 | RecentReward: 38.969 | ActorLoss: -3.904616 | CriticLoss: 0.012941 | Q: 3.8464 | TargetQ: 3.8460 | TDAbs: 0.1191 | ActorGrad: 0.0377 | CriticGrad: 0.6095 | Noise: 0.3031 | Replay: 17408 | FPS: 69.90 | ETA: 31.6 min
2026-09-12 15:21:01,906 | INFO | Steps: 17920/150000 | Episodes: 35 | LastEpReward: 42.804 | RecentReward: 38.990 | ActorLoss: -3.962430 | CriticLoss: 0.013893 | Q: 3.9049 | TargetQ: 3.9049 | TDAbs: 0.1221 | ActorGrad: 0.0392 | CriticGrad: 0.5957 | Noise: 0.3017 | Replay: 17920 | FPS: 70.25 | ETA: 31.3 min
2026-09-12 15:21:07,965 | INFO | Steps: 18432/150000 | Episodes: 36 | LastEpReward: 42.953 | RecentReward: 39.447 | ActorLoss: -4.116878 | CriticLoss: 0.016211 | Q: 4.0524 | TargetQ: 4.0515 | TDAbs: 0.1331 | ActorGrad: 0.0405 | CriticGrad: 0.8058 | Noise: 0.3002 | Replay: 18432 | FPS: 70.58 | ETA: 31.1 min
2026-09-12 15:21:14,021 | INFO | Steps: 18944/150000 | Episodes: 37 | LastEpReward: 26.351 | RecentReward: 38.022 | ActorLoss: -4.208736 | CriticLoss: 0.014825 | Q: 4.1481 | TargetQ: 4.1464 | TDAbs: 0.1286 | ActorGrad: 0.0428 | CriticGrad: 0.7259 | Noise: 0.2987 | Replay: 18944 | FPS: 70.90 | ETA: 30.8 min
2026-09-12 15:21:20,003 | INFO | Steps: 19456/150000 | Episodes: 38 | LastEpReward: 29.813 | RecentReward: 37.653 | ActorLoss: -4.344660 | CriticLoss: 0.014484 | Q: 4.2820 | TargetQ: 4.2817 | TDAbs: 0.1282 | ActorGrad: 0.0475 | CriticGrad: 0.6952 | Noise: 0.2973 | Replay: 19456 | FPS: 71.22 | ETA: 30.5 min
2026-09-12 15:21:26,129 | INFO | Steps: 19968/150000 | Episodes: 39 | LastEpReward: 45.600 | RecentReward: 38.696 | ActorLoss: -4.437870 | CriticLoss: 0.016854 | Q: 4.3765 | TargetQ: 4.3775 | TDAbs: 0.1356 | ActorGrad: 0.0568 | CriticGrad: 0.7716 | Noise: 0.2958 | Replay: 19968 | FPS: 71.49 | ETA: 30.3 min
2026-09-12 15:21:32,199 | INFO | 开始周期评估: Steps=20480 | Episodes=40 | EvalEpisodes=5
2026-09-12 15:21:49,317 | INFO | 周期评估完成: Steps=20480 | MeanReward=44.247 | StdReward=5.104
2026-09-12 15:21:49,323 | INFO | Steps: 20480/150000 | Episodes: 40 | LastEpReward: 43.967 | RecentReward: 38.859 | ActorLoss: -4.521901 | CriticLoss: 0.017675 | Q: 4.4570 | TargetQ: 4.4568 | TDAbs: 0.1394 | ActorGrad: 0.0495 | CriticGrad: 0.8924 | Noise: 0.2943 | Replay: 20480 | FPS: 67.70 | ETA: 31.9 min
2026-09-12 15:21:55,415 | INFO | Steps: 20992/150000 | Episodes: 41 | LastEpReward: 52.391 | RecentReward: 40.014 | ActorLoss: -4.674572 | CriticLoss: 0.016875 | Q: 4.6012 | TargetQ: 4.6006 | TDAbs: 0.1369 | ActorGrad: 0.0421 | CriticGrad: 0.8261 | Noise: 0.2929 | Replay: 20992 | FPS: 68.02 | ETA: 31.6 min
2026-09-12 15:22:01,517 | INFO | Steps: 21504/150000 | Episodes: 42 | LastEpReward: 45.195 | RecentReward: 40.285 | ActorLoss: -4.808754 | CriticLoss: 0.017484 | Q: 4.7435 | TargetQ: 4.7434 | TDAbs: 0.1406 | ActorGrad: 0.0474 | CriticGrad: 0.7356 | Noise: 0.2914 | Replay: 21504 | FPS: 68.33 | ETA: 31.3 min
2026-09-12 15:22:07,613 | INFO | Steps: 22016/150000 | Episodes: 43 | LastEpReward: 51.026 | RecentReward: 42.012 | ActorLoss: -4.916394 | CriticLoss: 0.021688 | Q: 4.8536 | TargetQ: 4.8537 | TDAbs: 0.1532 | ActorGrad: 0.0425 | CriticGrad: 1.0898 | Noise: 0.2900 | Replay: 22016 | FPS: 68.63 | ETA: 31.1 min
2026-09-12 15:22:13,712 | INFO | Steps: 22528/150000 | Episodes: 44 | LastEpReward: 42.255 | RecentReward: 42.236 | ActorLoss: -5.062238 | CriticLoss: 0.020718 | Q: 4.9973 | TargetQ: 4.9946 | TDAbs: 0.1495 | ActorGrad: 0.0480 | CriticGrad: 0.9734 | Noise: 0.2885 | Replay: 22528 | FPS: 68.92 | ETA: 30.8 min
2026-09-12 15:22:19,794 | INFO | Steps: 23040/150000 | Episodes: 45 | LastEpReward: 37.475 | RecentReward: 41.703 | ActorLoss: -5.147207 | CriticLoss: 0.021926 | Q: 5.0805 | TargetQ: 5.0791 | TDAbs: 0.1536 | ActorGrad: 0.0473 | CriticGrad: 0.8300 | Noise: 0.2870 | Replay: 23040 | FPS: 69.19 | ETA: 30.6 min
2026-09-12 15:22:25,756 | INFO | Steps: 23552/150000 | Episodes: 46 | LastEpReward: 39.332 | RecentReward: 41.341 | ActorLoss: -5.239442 | CriticLoss: 0.021848 | Q: 5.1628 | TargetQ: 5.1645 | TDAbs: 0.1567 | ActorGrad: 0.0498 | CriticGrad: 0.8609 | Noise: 0.2856 | Replay: 23552 | FPS: 69.49 | ETA: 30.3 min
2026-09-12 15:22:31,688 | INFO | Steps: 24064/150000 | Episodes: 47 | LastEpReward: 43.331 | RecentReward: 43.039 | ActorLoss: -5.366963 | CriticLoss: 0.024797 | Q: 5.2963 | TargetQ: 5.2958 | TDAbs: 0.1629 | ActorGrad: 0.0491 | CriticGrad: 1.0989 | Noise: 0.2841 | Replay: 24064 | FPS: 69.78 | ETA: 30.1 min
2026-09-12 15:22:37,817 | INFO | Steps: 24576/150000 | Episodes: 48 | LastEpReward: 34.064 | RecentReward: 43.464 | ActorLoss: -5.486414 | CriticLoss: 0.025949 | Q: 5.4158 | TargetQ: 5.4114 | TDAbs: 0.1662 | ActorGrad: 0.0444 | CriticGrad: 1.1178 | Noise: 0.2826 | Replay: 24576 | FPS: 70.02 | ETA: 29.9 min
2026-09-12 15:22:43,808 | INFO | Steps: 25088/150000 | Episodes: 49 | LastEpReward: 30.327 | RecentReward: 41.937 | ActorLoss: -5.557839 | CriticLoss: 0.026636 | Q: 5.4926 | TargetQ: 5.4917 | TDAbs: 0.1663 | ActorGrad: 0.0455 | CriticGrad: 1.1506 | Noise: 0.2812 | Replay: 25088 | FPS: 70.28 | ETA: 29.6 min
2026-09-12 15:22:49,759 | INFO | 开始周期评估: Steps=25600 | Episodes=50 | EvalEpisodes=5
2026-09-12 15:23:06,902 | INFO | 周期评估完成: Steps=25600 | MeanReward=50.064 | StdReward=3.176
2026-09-12 15:23:06,912 | INFO | Steps: 25600/150000 | Episodes: 50 | LastEpReward: 43.251 | RecentReward: 41.865 | ActorLoss: -5.650150 | CriticLoss: 0.025509 | Q: 5.5845 | TargetQ: 5.5824 | TDAbs: 0.1659 | ActorGrad: 0.0415 | CriticGrad: 0.9491 | Noise: 0.2797 | Replay: 25600 | FPS: 67.35 | ETA: 30.8 min
2026-09-12 15:23:13,007 | INFO | Steps: 26112/150000 | Episodes: 51 | LastEpReward: 42.096 | RecentReward: 40.835 | ActorLoss: -5.787666 | CriticLoss: 0.027713 | Q: 5.7348 | TargetQ: 5.7336 | TDAbs: 0.1705 | ActorGrad: 0.0369 | CriticGrad: 1.1897 | Noise: 0.2783 | Replay: 26112 | FPS: 67.62 | ETA: 30.5 min
2026-09-12 15:23:19,097 | INFO | Steps: 26624/150000 | Episodes: 52 | LastEpReward: 42.845 | RecentReward: 40.600 | ActorLoss: -5.828845 | CriticLoss: 0.025326 | Q: 5.7768 | TargetQ: 5.7745 | TDAbs: 0.1657 | ActorGrad: 0.0416 | CriticGrad: 0.9313 | Noise: 0.2768 | Replay: 26624 | FPS: 67.87 | ETA: 30.3 min
2026-09-12 15:23:25,090 | INFO | Steps: 27136/150000 | Episodes: 53 | LastEpReward: 50.885 | RecentReward: 40.586 | ActorLoss: -5.860154 | CriticLoss: 0.025638 | Q: 5.8112 | TargetQ: 5.8098 | TDAbs: 0.1683 | ActorGrad: 0.0346 | CriticGrad: 1.0586 | Noise: 0.2753 | Replay: 27136 | FPS: 68.13 | ETA: 30.1 min
2026-09-12 15:23:31,105 | INFO | Steps: 27648/150000 | Episodes: 54 | LastEpReward: 36.535 | RecentReward: 40.014 | ActorLoss: -5.937056 | CriticLoss: 0.028432 | Q: 5.8922 | TargetQ: 5.8921 | TDAbs: 0.1733 | ActorGrad: 0.0386 | CriticGrad: 1.1582 | Noise: 0.2739 | Replay: 27648 | FPS: 68.39 | ETA: 29.8 min
2026-09-12 15:23:37,092 | INFO | Steps: 28160/150000 | Episodes: 55 | LastEpReward: 49.734 | RecentReward: 41.240 | ActorLoss: -5.987166 | CriticLoss: 0.026990 | Q: 5.9415 | TargetQ: 5.9414 | TDAbs: 0.1710 | ActorGrad: 0.0380 | CriticGrad: 1.2792 | Noise: 0.2724 | Replay: 28160 | FPS: 68.64 | ETA: 29.6 min
2026-09-12 15:23:43,421 | INFO | Steps: 28672/150000 | Episodes: 56 | LastEpReward: 56.468 | RecentReward: 42.954 | ActorLoss: -6.079024 | CriticLoss: 0.027799 | Q: 6.0295 | TargetQ: 6.0293 | TDAbs: 0.1720 | ActorGrad: 0.0408 | CriticGrad: 1.0067 | Noise: 0.2709 | Replay: 28672 | FPS: 68.82 | ETA: 29.4 min
2026-09-12 15:23:49,481 | INFO | Steps: 29184/150000 | Episodes: 57 | LastEpReward: 51.342 | RecentReward: 43.755 | ActorLoss: -6.164019 | CriticLoss: 0.031576 | Q: 6.1106 | TargetQ: 6.1097 | TDAbs: 0.1834 | ActorGrad: 0.0435 | CriticGrad: 1.5268 | Noise: 0.2695 | Replay: 29184 | FPS: 69.05 | ETA: 29.2 min
2026-09-12 15:23:55,421 | INFO | Steps: 29696/150000 | Episodes: 58 | LastEpReward: 34.342 | RecentReward: 43.783 | ActorLoss: -6.216388 | CriticLoss: 0.029448 | Q: 6.1646 | TargetQ: 6.1634 | TDAbs: 0.1765 | ActorGrad: 0.0477 | CriticGrad: 1.2789 | Noise: 0.2680 | Replay: 29696 | FPS: 69.29 | ETA: 28.9 min
2026-09-12 15:24:01,405 | INFO | Steps: 30208/150000 | Episodes: 59 | LastEpReward: 46.487 | RecentReward: 45.399 | ActorLoss: -6.293278 | CriticLoss: 0.027629 | Q: 6.2352 | TargetQ: 6.2330 | TDAbs: 0.1711 | ActorGrad: 0.0523 | CriticGrad: 0.9582 | Noise: 0.2665 | Replay: 30208 | FPS: 69.51 | ETA: 28.7 min
2026-09-12 15:24:07,460 | INFO | 开始周期评估: Steps=30720 | Episodes=60 | EvalEpisodes=5
2026-09-12 15:24:24,713 | INFO | 周期评估完成: Steps=30720 | MeanReward=49.408 | StdReward=3.863
2026-09-12 15:24:24,720 | INFO | Steps: 30720/150000 | Episodes: 60 | LastEpReward: 41.701 | RecentReward: 45.244 | ActorLoss: -6.399142 | CriticLoss: 0.031383 | Q: 6.3409 | TargetQ: 6.3381 | TDAbs: 0.1813 | ActorGrad: 0.0502 | CriticGrad: 1.1515 | Noise: 0.2651 | Replay: 30720 | FPS: 67.09 | ETA: 29.6 min
2026-09-12 15:24:30,847 | INFO | Steps: 31232/150000 | Episodes: 61 | LastEpReward: 52.936 | RecentReward: 46.328 | ActorLoss: -6.471569 | CriticLoss: 0.032881 | Q: 6.4115 | TargetQ: 6.4107 | TDAbs: 0.1841 | ActorGrad: 0.0397 | CriticGrad: 1.1054 | Noise: 0.2636 | Replay: 31232 | FPS: 67.31 | ETA: 29.4 min
2026-09-12 15:24:36,912 | INFO | Steps: 31744/150000 | Episodes: 62 | LastEpReward: 47.262 | RecentReward: 46.769 | ActorLoss: -6.532749 | CriticLoss: 0.035000 | Q: 6.4760 | TargetQ: 6.4767 | TDAbs: 0.1894 | ActorGrad: 0.0404 | CriticGrad: 1.3783 | Noise: 0.2622 | Replay: 31744 | FPS: 67.53 | ETA: 29.2 min
2026-09-12 15:24:43,019 | INFO | Steps: 32256/150000 | Episodes: 63 | LastEpReward: 42.344 | RecentReward: 45.915 | ActorLoss: -6.632219 | CriticLoss: 0.032982 | Q: 6.5754 | TargetQ: 6.5757 | TDAbs: 0.1846 | ActorGrad: 0.0512 | CriticGrad: 1.0827 | Noise: 0.2607 | Replay: 32256 | FPS: 67.74 | ETA: 29.0 min
2026-09-12 15:24:49,065 | INFO | Steps: 32768/150000 | Episodes: 64 | LastEpReward: 42.966 | RecentReward: 46.558 | ActorLoss: -6.640743 | CriticLoss: 0.035564 | Q: 6.5848 | TargetQ: 6.5845 | TDAbs: 0.1916 | ActorGrad: 0.0397 | CriticGrad: 1.4220 | Noise: 0.2592 | Replay: 32768 | FPS: 67.95 | ETA: 28.8 min
2026-09-12 15:24:55,274 | INFO | Steps: 33280/150000 | Episodes: 65 | LastEpReward: 44.361 | RecentReward: 46.021 | ActorLoss: -6.807968 | CriticLoss: 0.035028 | Q: 6.7545 | TargetQ: 6.7535 | TDAbs: 0.1908 | ActorGrad: 0.0384 | CriticGrad: 1.1944 | Noise: 0.2578 | Replay: 33280 | FPS: 68.13 | ETA: 28.6 min
2026-09-12 15:25:01,295 | INFO | Steps: 33792/150000 | Episodes: 66 | LastEpReward: 50.448 | RecentReward: 45.419 | ActorLoss: -6.816036 | CriticLoss: 0.034515 | Q: 6.7672 | TargetQ: 6.7676 | TDAbs: 0.1896 | ActorGrad: 0.0428 | CriticGrad: 1.2079 | Noise: 0.2563 | Replay: 33792 | FPS: 68.34 | ETA: 28.3 min
2026-09-12 15:25:07,353 | INFO | Steps: 34304/150000 | Episodes: 67 | LastEpReward: 45.837 | RecentReward: 44.868 | ActorLoss: -6.920453 | CriticLoss: 0.035186 | Q: 6.8686 | TargetQ: 6.8664 | TDAbs: 0.1902 | ActorGrad: 0.0360 | CriticGrad: 1.2880 | Noise: 0.2548 | Replay: 34304 | FPS: 68.53 | ETA: 28.1 min
2026-09-12 15:25:13,661 | INFO | Steps: 34816/150000 | Episodes: 68 | LastEpReward: 54.146 | RecentReward: 46.849 | ActorLoss: -6.921017 | CriticLoss: 0.034700 | Q: 6.8765 | TargetQ: 6.8777 | TDAbs: 0.1910 | ActorGrad: 0.0375 | CriticGrad: 1.1874 | Noise: 0.2534 | Replay: 34816 | FPS: 68.69 | ETA: 27.9 min
2026-09-12 15:25:20,059 | INFO | Steps: 35328/150000 | Episodes: 69 | LastEpReward: 55.522 | RecentReward: 47.752 | ActorLoss: -6.983509 | CriticLoss: 0.034806 | Q: 6.9354 | TargetQ: 6.9380 | TDAbs: 0.1912 | ActorGrad: 0.0378 | CriticGrad: 1.2525 | Noise: 0.2519 | Replay: 35328 | FPS: 68.83 | ETA: 27.8 min
2026-09-12 15:25:26,009 | INFO | 开始周期评估: Steps=35840 | Episodes=70 | EvalEpisodes=5
2026-09-12 15:25:43,170 | INFO | 周期评估完成: Steps=35840 | MeanReward=51.859 | StdReward=4.172
2026-09-12 15:25:43,180 | INFO | Steps: 35840/150000 | Episodes: 70 | LastEpReward: 47.854 | RecentReward: 48.368 | ActorLoss: -7.070005 | CriticLoss: 0.038279 | Q: 7.0261 | TargetQ: 7.0238 | TDAbs: 0.1969 | ActorGrad: 0.0357 | CriticGrad: 1.2644 | Noise: 0.2505 | Replay: 35840 | FPS: 66.82 | ETA: 28.5 min
2026-09-12 15:25:49,205 | INFO | Steps: 36352/150000 | Episodes: 71 | LastEpReward: 44.255 | RecentReward: 47.500 | ActorLoss: -7.070234 | CriticLoss: 0.035578 | Q: 7.0256 | TargetQ: 7.0281 | TDAbs: 0.1959 | ActorGrad: 0.0353 | CriticGrad: 1.6711 | Noise: 0.2490 | Replay: 36352 | FPS: 67.02 | ETA: 28.3 min
2026-09-12 15:25:55,224 | INFO | Steps: 36864/150000 | Episodes: 72 | LastEpReward: 50.073 | RecentReward: 47.781 | ActorLoss: -7.185954 | CriticLoss: 0.036465 | Q: 7.1377 | TargetQ: 7.1355 | TDAbs: 0.1941 | ActorGrad: 0.0471 | CriticGrad: 1.2337 | Noise: 0.2475 | Replay: 36864 | FPS: 67.22 | ETA: 28.1 min
2026-09-12 15:26:01,261 | INFO | Steps: 37376/150000 | Episodes: 73 | LastEpReward: 55.498 | RecentReward: 49.096 | ActorLoss: -7.181620 | CriticLoss: 0.036250 | Q: 7.1241 | TargetQ: 7.1231 | TDAbs: 0.1930 | ActorGrad: 0.0438 | CriticGrad: 1.3749 | Noise: 0.2461 | Replay: 37376 | FPS: 67.41 | ETA: 27.8 min
2026-09-12 15:26:07,434 | INFO | Steps: 37888/150000 | Episodes: 74 | LastEpReward: 41.252 | RecentReward: 48.924 | ActorLoss: -7.273913 | CriticLoss: 0.036573 | Q: 7.2244 | TargetQ: 7.2240 | TDAbs: 0.1960 | ActorGrad: 0.0360 | CriticGrad: 1.3041 | Noise: 0.2446 | Replay: 37888 | FPS: 67.58 | ETA: 27.6 min
2026-09-12 15:26:13,622 | INFO | Steps: 38400/150000 | Episodes: 75 | LastEpReward: 42.098 | RecentReward: 48.698 | ActorLoss: -7.361712 | CriticLoss: 0.034157 | Q: 7.3122 | TargetQ: 7.3123 | TDAbs: 0.1890 | ActorGrad: 0.0411 | CriticGrad: 1.3198 | Noise: 0.2431 | Replay: 38400 | FPS: 67.75 | ETA: 27.5 min
2026-09-12 15:26:19,542 | INFO | Steps: 38912/150000 | Episodes: 76 | LastEpReward: 42.047 | RecentReward: 47.858 | ActorLoss: -7.408278 | CriticLoss: 0.035449 | Q: 7.3609 | TargetQ: 7.3609 | TDAbs: 0.1942 | ActorGrad: 0.0559 | CriticGrad: 1.4162 | Noise: 0.2417 | Replay: 38912 | FPS: 67.94 | ETA: 27.3 min
2026-09-12 15:26:25,644 | INFO | Steps: 39424/150000 | Episodes: 77 | LastEpReward: 51.822 | RecentReward: 48.457 | ActorLoss: -7.460594 | CriticLoss: 0.038336 | Q: 7.4175 | TargetQ: 7.4168 | TDAbs: 0.1973 | ActorGrad: 0.0470 | CriticGrad: 1.2640 | Noise: 0.2402 | Replay: 39424 | FPS: 68.11 | ETA: 27.1 min
2026-09-12 15:26:31,745 | INFO | Steps: 39936/150000 | Episodes: 78 | LastEpReward: 40.746 | RecentReward: 47.117 | ActorLoss: -7.444469 | CriticLoss: 0.035386 | Q: 7.4019 | TargetQ: 7.3999 | TDAbs: 0.1917 | ActorGrad: 0.0469 | CriticGrad: 1.2998 | Noise: 0.2388 | Replay: 39936 | FPS: 68.28 | ETA: 26.9 min
2026-09-12 15:26:37,889 | INFO | Steps: 40448/150000 | Episodes: 79 | LastEpReward: 39.888 | RecentReward: 45.553 | ActorLoss: -7.553678 | CriticLoss: 0.036537 | Q: 7.5065 | TargetQ: 7.5046 | TDAbs: 0.1948 | ActorGrad: 0.0554 | CriticGrad: 1.4806 | Noise: 0.2373 | Replay: 40448 | FPS: 68.43 | ETA: 26.7 min
2026-09-12 15:26:43,922 | INFO | 开始周期评估: Steps=40960 | Episodes=80 | EvalEpisodes=5
2026-09-12 15:27:01,105 | INFO | 周期评估完成: Steps=40960 | MeanReward=50.819 | StdReward=4.336
2026-09-12 15:27:01,111 | INFO | Steps: 40960/150000 | Episodes: 80 | LastEpReward: 46.623 | RecentReward: 45.430 | ActorLoss: -7.583539 | CriticLoss: 0.037049 | Q: 7.5404 | TargetQ: 7.5356 | TDAbs: 0.1952 | ActorGrad: 0.0422 | CriticGrad: 1.4770 | Noise: 0.2358 | Replay: 40960 | FPS: 66.68 | ETA: 27.3 min
2026-09-12 15:27:07,146 | INFO | Steps: 41472/150000 | Episodes: 81 | LastEpReward: 43.106 | RecentReward: 45.315 | ActorLoss: -7.601067 | CriticLoss: 0.036466 | Q: 7.5521 | TargetQ: 7.5507 | TDAbs: 0.1931 | ActorGrad: 0.0457 | CriticGrad: 1.2343 | Noise: 0.2344 | Replay: 41472 | FPS: 66.86 | ETA: 27.1 min
2026-09-12 15:27:13,135 | INFO | Steps: 41984/150000 | Episodes: 82 | LastEpReward: 44.283 | RecentReward: 44.736 | ActorLoss: -7.676945 | CriticLoss: 0.033776 | Q: 7.6307 | TargetQ: 7.6278 | TDAbs: 0.1890 | ActorGrad: 0.0414 | CriticGrad: 1.1547 | Noise: 0.2329 | Replay: 41984 | FPS: 67.03 | ETA: 26.9 min
2026-09-12 15:27:19,184 | INFO | Steps: 42496/150000 | Episodes: 83 | LastEpReward: 48.747 | RecentReward: 44.061 | ActorLoss: -7.690511 | CriticLoss: 0.037447 | Q: 7.6443 | TargetQ: 7.6417 | TDAbs: 0.1962 | ActorGrad: 0.0420 | CriticGrad: 1.1925 | Noise: 0.2314 | Replay: 42496 | FPS: 67.20 | ETA: 26.7 min
2026-09-12 15:27:25,336 | INFO | Steps: 43008/150000 | Episodes: 84 | LastEpReward: 53.233 | RecentReward: 45.259 | ActorLoss: -7.763546 | CriticLoss: 0.036238 | Q: 7.7153 | TargetQ: 7.7110 | TDAbs: 0.1930 | ActorGrad: 0.0493 | CriticGrad: 1.2984 | Noise: 0.2300 | Replay: 43008 | FPS: 67.36 | ETA: 26.5 min
2026-09-12 15:27:31,510 | INFO | Steps: 43520/150000 | Episodes: 85 | LastEpReward: 44.725 | RecentReward: 45.522 | ActorLoss: -7.811391 | CriticLoss: 0.035965 | Q: 7.7654 | TargetQ: 7.7611 | TDAbs: 0.1954 | ActorGrad: 0.0496 | CriticGrad: 1.3055 | Noise: 0.2285 | Replay: 43520 | FPS: 67.51 | ETA: 26.3 min
2026-09-12 15:27:37,695 | INFO | Steps: 44032/150000 | Episodes: 86 | LastEpReward: 64.165 | RecentReward: 47.734 | ActorLoss: -7.851961 | CriticLoss: 0.036514 | Q: 7.8081 | TargetQ: 7.8072 | TDAbs: 0.1928 | ActorGrad: 0.0467 | CriticGrad: 1.2477 | Noise: 0.2271 | Replay: 44032 | FPS: 67.65 | ETA: 26.1 min
2026-09-12 15:27:43,815 | INFO | Steps: 44544/150000 | Episodes: 87 | LastEpReward: 55.079 | RecentReward: 48.060 | ActorLoss: -7.882296 | CriticLoss: 0.036983 | Q: 7.8393 | TargetQ: 7.8341 | TDAbs: 0.1975 | ActorGrad: 0.0479 | CriticGrad: 1.4379 | Noise: 0.2256 | Replay: 44544 | FPS: 67.80 | ETA: 25.9 min
2026-09-12 15:27:49,907 | INFO | Steps: 45056/150000 | Episodes: 88 | LastEpReward: 50.147 | RecentReward: 49.000 | ActorLoss: -7.933082 | CriticLoss: 0.038525 | Q: 7.8886 | TargetQ: 7.8826 | TDAbs: 0.1969 | ActorGrad: 0.0705 | CriticGrad: 1.2685 | Noise: 0.2241 | Replay: 45056 | FPS: 67.95 | ETA: 25.7 min
2026-09-12 15:27:56,107 | INFO | Steps: 45568/150000 | Episodes: 89 | LastEpReward: 42.847 | RecentReward: 49.296 | ActorLoss: -7.944054 | CriticLoss: 0.037571 | Q: 7.8995 | TargetQ: 7.8940 | TDAbs: 0.1989 | ActorGrad: 0.0543 | CriticGrad: 1.4591 | Noise: 0.2227 | Replay: 45568 | FPS: 68.08 | ETA: 25.6 min
2026-09-12 15:28:02,196 | INFO | 开始周期评估: Steps=46080 | Episodes=90 | EvalEpisodes=5
2026-09-12 15:28:19,438 | INFO | 周期评估完成: Steps=46080 | MeanReward=50.298 | StdReward=4.390
2026-09-12 15:28:19,444 | INFO | Steps: 46080/150000 | Episodes: 90 | LastEpReward: 39.744 | RecentReward: 48.608 | ActorLoss: -8.052142 | CriticLoss: 0.035681 | Q: 8.0081 | TargetQ: 8.0075 | TDAbs: 0.1922 | ActorGrad: 0.0652 | CriticGrad: 1.3765 | Noise: 0.2212 | Replay: 46080 | FPS: 66.53 | ETA: 26.0 min
2026-09-12 15:28:25,684 | INFO | Steps: 46592/150000 | Episodes: 91 | LastEpReward: 48.930 | RecentReward: 49.190 | ActorLoss: -8.039497 | CriticLoss: 0.036327 | Q: 7.9951 | TargetQ: 7.9945 | TDAbs: 0.1947 | ActorGrad: 0.0663 | CriticGrad: 1.2468 | Noise: 0.2197 | Replay: 46592 | FPS: 66.67 | ETA: 25.9 min
2026-09-12 15:28:31,797 | INFO | Steps: 47104/150000 | Episodes: 92 | LastEpReward: 52.329 | RecentReward: 49.995 | ActorLoss: -8.109455 | CriticLoss: 0.035321 | Q: 8.0649 | TargetQ: 8.0627 | TDAbs: 0.1936 | ActorGrad: 0.0879 | CriticGrad: 1.3386 | Noise: 0.2183 | Replay: 47104 | FPS: 66.82 | ETA: 25.7 min
2026-09-12 15:28:37,872 | INFO | Steps: 47616/150000 | Episodes: 93 | LastEpReward: 47.502 | RecentReward: 49.870 | ActorLoss: -8.098877 | CriticLoss: 0.038244 | Q: 8.0564 | TargetQ: 8.0521 | TDAbs: 0.1988 | ActorGrad: 0.0816 | CriticGrad: 1.3633 | Noise: 0.2168 | Replay: 47616 | FPS: 66.97 | ETA: 25.5 min
2026-09-12 15:28:43,912 | INFO | Steps: 48128/150000 | Episodes: 94 | LastEpReward: 38.901 | RecentReward: 48.437 | ActorLoss: -8.210563 | CriticLoss: 0.037989 | Q: 8.1668 | TargetQ: 8.1649 | TDAbs: 0.1983 | ActorGrad: 0.0741 | CriticGrad: 1.3759 | Noise: 0.2153 | Replay: 48128 | FPS: 67.12 | ETA: 25.3 min
2026-09-12 15:28:50,187 | INFO | Steps: 48640/150000 | Episodes: 95 | LastEpReward: 50.369 | RecentReward: 49.001 | ActorLoss: -8.172201 | CriticLoss: 0.037728 | Q: 8.1303 | TargetQ: 8.1275 | TDAbs: 0.1991 | ActorGrad: 0.0594 | CriticGrad: 1.3959 | Noise: 0.2139 | Replay: 48640 | FPS: 67.24 | ETA: 25.1 min
2026-09-12 15:28:56,262 | INFO | Steps: 49152/150000 | Episodes: 96 | LastEpReward: 48.910 | RecentReward: 47.476 | ActorLoss: -8.234308 | CriticLoss: 0.036214 | Q: 8.1929 | TargetQ: 8.1929 | TDAbs: 0.1950 | ActorGrad: 0.0549 | CriticGrad: 1.2088 | Noise: 0.2124 | Replay: 49152 | FPS: 67.38 | ETA: 24.9 min
2026-09-12 15:29:02,336 | INFO | Steps: 49664/150000 | Episodes: 97 | LastEpReward: 28.788 | RecentReward: 44.847 | ActorLoss: -8.251765 | CriticLoss: 0.036507 | Q: 8.2105 | TargetQ: 8.2062 | TDAbs: 0.1945 | ActorGrad: 0.0988 | CriticGrad: 1.1308 | Noise: 0.2110 | Replay: 49664 | FPS: 67.52 | ETA: 24.8 min
2026-09-12 15:29:08,555 | INFO | Steps: 50176/150000 | Episodes: 98 | LastEpReward: 60.304 | RecentReward: 45.862 | ActorLoss: -8.291877 | CriticLoss: 0.034847 | Q: 8.2499 | TargetQ: 8.2484 | TDAbs: 0.1917 | ActorGrad: 0.0677 | CriticGrad: 1.3017 | Noise: 0.2095 | Replay: 50000 | FPS: 67.65 | ETA: 24.6 min
2026-09-12 15:29:14,848 | INFO | Steps: 50688/150000 | Episodes: 99 | LastEpReward: 57.833 | RecentReward: 47.361 | ActorLoss: -8.309679 | CriticLoss: 0.034888 | Q: 8.2657 | TargetQ: 8.2667 | TDAbs: 0.1906 | ActorGrad: 0.0701 | CriticGrad: 1.3789 | Noise: 0.2080 | Replay: 50000 | FPS: 67.76 | ETA: 24.4 min
2026-09-12 15:29:20,856 | INFO | 开始周期评估: Steps=51200 | Episodes=100 | EvalEpisodes=5
2026-09-12 15:29:38,046 | INFO | 周期评估完成: Steps=51200 | MeanReward=48.914 | StdReward=4.677
2026-09-12 15:29:38,052 | INFO | Steps: 51200/150000 | Episodes: 100 | LastEpReward: 43.394 | RecentReward: 47.726 | ActorLoss: -8.313983 | CriticLoss: 0.035187 | Q: 8.2734 | TargetQ: 8.2700 | TDAbs: 0.1904 | ActorGrad: 0.0691 | CriticGrad: 1.2294 | Noise: 0.2066 | Replay: 50000 | FPS: 66.39 | ETA: 24.8 min
2026-09-12 15:29:44,278 | INFO | Steps: 51712/150000 | Episodes: 101 | LastEpReward: 56.544 | RecentReward: 48.487 | ActorLoss: -8.390725 | CriticLoss: 0.037627 | Q: 8.3528 | TargetQ: 8.3490 | TDAbs: 0.1977 | ActorGrad: 0.0762 | CriticGrad: 1.5110 | Noise: 0.2051 | Replay: 50000 | FPS: 66.51 | ETA: 24.6 min
2026-09-12 15:29:50,342 | INFO | Steps: 52224/150000 | Episodes: 102 | LastEpReward: 45.783 | RecentReward: 47.833 | ActorLoss: -8.508068 | CriticLoss: 0.036814 | Q: 8.4714 | TargetQ: 8.4667 | TDAbs: 0.1935 | ActorGrad: 0.0632 | CriticGrad: 1.3836 | Noise: 0.2036 | Replay: 50000 | FPS: 66.65 | ETA: 24.4 min
2026-09-12 15:29:56,551 | INFO | Steps: 52736/150000 | Episodes: 103 | LastEpReward: 45.192 | RecentReward: 47.602 | ActorLoss: -8.513026 | CriticLoss: 0.037846 | Q: 8.4816 | TargetQ: 8.4834 | TDAbs: 0.2006 | ActorGrad: 0.1310 | CriticGrad: 1.3697 | Noise: 0.2022 | Replay: 50000 | FPS: 66.78 | ETA: 24.3 min
2026-09-12 15:30:02,679 | INFO | Steps: 53248/150000 | Episodes: 104 | LastEpReward: 35.031 | RecentReward: 47.215 | ActorLoss: -8.622922 | CriticLoss: 0.038501 | Q: 8.5858 | TargetQ: 8.5853 | TDAbs: 0.2010 | ActorGrad: 0.1278 | CriticGrad: 1.2749 | Noise: 0.2007 | Replay: 50000 | FPS: 66.91 | ETA: 24.1 min
2026-09-12 15:30:08,820 | INFO | Steps: 53760/150000 | Episodes: 105 | LastEpReward: 32.729 | RecentReward: 45.451 | ActorLoss: -8.698167 | CriticLoss: 0.039591 | Q: 8.6693 | TargetQ: 8.6653 | TDAbs: 0.2025 | ActorGrad: 0.1069 | CriticGrad: 1.4098 | Noise: 0.1993 | Replay: 50000 | FPS: 67.03 | ETA: 23.9 min
2026-09-12 15:30:14,950 | INFO | Steps: 54272/150000 | Episodes: 106 | LastEpReward: 41.709 | RecentReward: 44.731 | ActorLoss: -8.787070 | CriticLoss: 0.041268 | Q: 8.7595 | TargetQ: 8.7530 | TDAbs: 0.2035 | ActorGrad: 0.1133 | CriticGrad: 1.4126 | Noise: 0.1978 | Replay: 50000 | FPS: 67.16 | ETA: 23.8 min
2026-09-12 15:30:20,948 | INFO | Steps: 54784/150000 | Episodes: 107 | LastEpReward: 37.620 | RecentReward: 45.614 | ActorLoss: -8.825351 | CriticLoss: 0.040146 | Q: 8.8021 | TargetQ: 8.7969 | TDAbs: 0.2018 | ActorGrad: 0.1174 | CriticGrad: 1.2511 | Noise: 0.1963 | Replay: 50000 | FPS: 67.29 | ETA: 23.6 min
2026-09-12 15:30:27,166 | INFO | Steps: 55296/150000 | Episodes: 108 | LastEpReward: 47.132 | RecentReward: 44.297 | ActorLoss: -8.775246 | CriticLoss: 0.042807 | Q: 8.7519 | TargetQ: 8.7496 | TDAbs: 0.2114 | ActorGrad: 0.1209 | CriticGrad: 1.3626 | Noise: 0.1949 | Replay: 50000 | FPS: 67.41 | ETA: 23.4 min
2026-09-12 15:30:33,420 | INFO | Steps: 55808/150000 | Episodes: 109 | LastEpReward: 39.225 | RecentReward: 42.436 | ActorLoss: -8.864858 | CriticLoss: 0.041711 | Q: 8.8395 | TargetQ: 8.8349 | TDAbs: 0.2077 | ActorGrad: 0.1242 | CriticGrad: 1.1878 | Noise: 0.1934 | Replay: 50000 | FPS: 67.52 | ETA: 23.3 min
2026-09-12 15:30:39,422 | INFO | 开始周期评估: Steps=56320 | Episodes=110 | EvalEpisodes=5
2026-09-12 15:30:56,625 | INFO | 周期评估完成: Steps=56320 | MeanReward=46.153 | StdReward=5.844
2026-09-12 15:30:56,631 | INFO | Steps: 56320/150000 | Episodes: 110 | LastEpReward: 35.643 | RecentReward: 41.661 | ActorLoss: -8.866341 | CriticLoss: 0.043080 | Q: 8.8419 | TargetQ: 8.8360 | TDAbs: 0.2087 | ActorGrad: 0.1383 | CriticGrad: 1.3044 | Noise: 0.1919 | Replay: 50000 | FPS: 66.27 | ETA: 23.6 min
2026-09-12 15:31:02,842 | INFO | Steps: 56832/150000 | Episodes: 111 | LastEpReward: 36.826 | RecentReward: 39.689 | ActorLoss: -8.938204 | CriticLoss: 0.037237 | Q: 8.9151 | TargetQ: 8.9112 | TDAbs: 0.1997 | ActorGrad: 0.0771 | CriticGrad: 1.3582 | Noise: 0.1905 | Replay: 50000 | FPS: 66.39 | ETA: 23.4 min
2026-09-12 15:31:08,870 | INFO | Steps: 57344/150000 | Episodes: 112 | LastEpReward: 36.524 | RecentReward: 38.763 | ActorLoss: -8.957936 | CriticLoss: 0.042046 | Q: 8.9320 | TargetQ: 8.9269 | TDAbs: 0.2091 | ActorGrad: 0.1187 | CriticGrad: 1.4801 | Noise: 0.1890 | Replay: 50000 | FPS: 66.52 | ETA: 23.2 min
2026-09-12 15:31:15,011 | INFO | Steps: 57856/150000 | Episodes: 113 | LastEpReward: 36.534 | RecentReward: 37.897 | ActorLoss: -8.914266 | CriticLoss: 0.035224 | Q: 8.8883 | TargetQ: 8.8890 | TDAbs: 0.1952 | ActorGrad: 0.0458 | CriticGrad: 1.1167 | Noise: 0.1876 | Replay: 50000 | FPS: 66.64 | ETA: 23.0 min
2026-09-12 15:31:21,175 | INFO | Steps: 58368/150000 | Episodes: 114 | LastEpReward: 19.324 | RecentReward: 36.327 | ActorLoss: -8.985307 | CriticLoss: 0.039976 | Q: 8.9610 | TargetQ: 8.9563 | TDAbs: 0.2026 | ActorGrad: 0.0305 | CriticGrad: 1.3523 | Noise: 0.1861 | Replay: 50000 | FPS: 66.76 | ETA: 22.9 min
2026-09-12 15:31:27,320 | INFO | Steps: 58880/150000 | Episodes: 115 | LastEpReward: 15.495 | RecentReward: 34.603 | ActorLoss: -9.030920 | CriticLoss: 0.040844 | Q: 9.0084 | TargetQ: 8.9991 | TDAbs: 0.1995 | ActorGrad: 0.0186 | CriticGrad: 1.3682 | Noise: 0.1846 | Replay: 50000 | FPS: 66.87 | ETA: 22.7 min
2026-09-12 15:31:33,327 | INFO | Steps: 59392/150000 | Episodes: 116 | LastEpReward: 19.803 | RecentReward: 32.413 | ActorLoss: -8.981885 | CriticLoss: 0.037255 | Q: 8.9547 | TargetQ: 8.9527 | TDAbs: 0.1980 | ActorGrad: 0.0199 | CriticGrad: 1.3784 | Noise: 0.1832 | Replay: 50000 | FPS: 67.00 | ETA: 22.5 min
2026-09-12 15:31:39,410 | INFO | Steps: 59904/150000 | Episodes: 117 | LastEpReward: 25.132 | RecentReward: 31.164 | ActorLoss: -8.949620 | CriticLoss: 0.041383 | Q: 8.9254 | TargetQ: 8.9173 | TDAbs: 0.1990 | ActorGrad: 0.0129 | CriticGrad: 1.3368 | Noise: 0.1817 | Replay: 50000 | FPS: 67.11 | ETA: 22.4 min
2026-09-12 15:31:45,761 | INFO | Steps: 60416/150000 | Episodes: 118 | LastEpReward: 18.629 | RecentReward: 28.313 | ActorLoss: -9.023843 | CriticLoss: 0.039255 | Q: 8.9978 | TargetQ: 8.9973 | TDAbs: 0.1963 | ActorGrad: 0.0099 | CriticGrad: 1.3066 | Noise: 0.1802 | Replay: 50000 | FPS: 67.21 | ETA: 22.2 min
2026-09-12 15:31:51,902 | INFO | Steps: 60928/150000 | Episodes: 119 | LastEpReward: 37.017 | RecentReward: 28.093 | ActorLoss: -8.975867 | CriticLoss: 0.039248 | Q: 8.9531 | TargetQ: 8.9448 | TDAbs: 0.1951 | ActorGrad: 0.0213 | CriticGrad: 1.4951 | Noise: 0.1788 | Replay: 50000 | FPS: 67.32 | ETA: 22.1 min
2026-09-12 15:31:58,054 | INFO | 开始周期评估: Steps=61440 | Episodes=120 | EvalEpisodes=5
2026-09-12 15:32:15,298 | INFO | 周期评估完成: Steps=61440 | MeanReward=47.231 | StdReward=5.696
2026-09-12 15:32:15,304 | INFO | Steps: 61440/150000 | Episodes: 120 | LastEpReward: 44.657 | RecentReward: 28.994 | ActorLoss: -9.092559 | CriticLoss: 0.040891 | Q: 9.0635 | TargetQ: 9.0570 | TDAbs: 0.2012 | ActorGrad: 0.0931 | CriticGrad: 1.6903 | Noise: 0.1773 | Replay: 50000 | FPS: 66.17 | ETA: 22.3 min
2026-09-12 15:32:21,353 | INFO | Steps: 61952/150000 | Episodes: 121 | LastEpReward: 41.292 | RecentReward: 29.441 | ActorLoss: -9.096891 | CriticLoss: 0.039091 | Q: 9.0722 | TargetQ: 9.0712 | TDAbs: 0.1983 | ActorGrad: 0.1153 | CriticGrad: 1.1746 | Noise: 0.1759 | Replay: 50000 | FPS: 66.29 | ETA: 22.1 min
2026-09-12 15:32:27,419 | INFO | Steps: 62464/150000 | Episodes: 122 | LastEpReward: 43.153 | RecentReward: 30.104 | ActorLoss: -9.056944 | CriticLoss: 0.041572 | Q: 9.0314 | TargetQ: 9.0217 | TDAbs: 0.2025 | ActorGrad: 0.1241 | CriticGrad: 1.4686 | Noise: 0.1744 | Replay: 50000 | FPS: 66.41 | ETA: 22.0 min
2026-09-12 15:32:33,509 | INFO | Steps: 62976/150000 | Episodes: 123 | LastEpReward: 39.368 | RecentReward: 30.387 | ActorLoss: -9.085329 | CriticLoss: 0.040605 | Q: 9.0579 | TargetQ: 9.0534 | TDAbs: 0.1998 | ActorGrad: 0.1259 | CriticGrad: 1.2894 | Noise: 0.1729 | Replay: 50000 | FPS: 66.52 | ETA: 21.8 min
2026-09-12 15:32:39,746 | INFO | Steps: 63488/150000 | Episodes: 124 | LastEpReward: 33.822 | RecentReward: 31.837 | ActorLoss: -9.135864 | CriticLoss: 0.038500 | Q: 9.1114 | TargetQ: 9.1057 | TDAbs: 0.1972 | ActorGrad: 0.1007 | CriticGrad: 1.3978 | Noise: 0.1715 | Replay: 50000 | FPS: 66.62 | ETA: 21.6 min
2026-09-12 15:32:46,000 | INFO | Steps: 64000/150000 | Episodes: 125 | LastEpReward: 62.872 | RecentReward: 36.574 | ActorLoss: -9.158870 | CriticLoss: 0.040315 | Q: 9.1339 | TargetQ: 9.1292 | TDAbs: 0.2015 | ActorGrad: 0.1097 | CriticGrad: 1.4043 | Noise: 0.1700 | Replay: 50000 | FPS: 66.72 | ETA: 21.5 min
2026-09-12 15:32:52,151 | INFO | Steps: 64512/150000 | Episodes: 126 | LastEpReward: 42.243 | RecentReward: 38.818 | ActorLoss: -9.120197 | CriticLoss: 0.043326 | Q: 9.0973 | TargetQ: 9.0914 | TDAbs: 0.2087 | ActorGrad: 0.1420 | CriticGrad: 1.3662 | Noise: 0.1685 | Replay: 50000 | FPS: 66.83 | ETA: 21.3 min
2026-09-12 15:32:58,261 | INFO | Steps: 65024/150000 | Episodes: 127 | LastEpReward: 42.514 | RecentReward: 40.557 | ActorLoss: -9.169448 | CriticLoss: 0.039988 | Q: 9.1471 | TargetQ: 9.1467 | TDAbs: 0.2036 | ActorGrad: 0.0958 | CriticGrad: 1.4977 | Noise: 0.1671 | Replay: 50000 | FPS: 66.94 | ETA: 21.2 min
2026-09-12 15:33:04,436 | INFO | Steps: 65536/150000 | Episodes: 128 | LastEpReward: 36.867 | RecentReward: 42.380 | ActorLoss: -9.174721 | CriticLoss: 0.043606 | Q: 9.1527 | TargetQ: 9.1483 | TDAbs: 0.2093 | ActorGrad: 0.1113 | CriticGrad: 1.3607 | Noise: 0.1656 | Replay: 50000 | FPS: 67.04 | ETA: 21.0 min
2026-09-12 15:33:10,596 | INFO | Steps: 66048/150000 | Episodes: 129 | LastEpReward: 40.920 | RecentReward: 42.771 | ActorLoss: -9.230086 | CriticLoss: 0.041514 | Q: 9.2067 | TargetQ: 9.2010 | TDAbs: 0.2042 | ActorGrad: 0.1170 | CriticGrad: 1.2689 | Noise: 0.1641 | Replay: 50000 | FPS: 67.14 | ETA: 20.8 min
2026-09-12 15:33:16,851 | INFO | 开始周期评估: Steps=66560 | Episodes=130 | EvalEpisodes=5
2026-09-12 15:33:34,104 | INFO | 周期评估完成: Steps=66560 | MeanReward=47.864 | StdReward=5.585
2026-09-12 15:33:34,110 | INFO | Steps: 66560/150000 | Episodes: 130 | LastEpReward: 60.323 | RecentReward: 44.337 | ActorLoss: -9.189659 | CriticLoss: 0.039663 | Q: 9.1650 | TargetQ: 9.1599 | TDAbs: 0.1999 | ActorGrad: 0.1165 | CriticGrad: 1.3462 | Noise: 0.1627 | Replay: 50000 | FPS: 66.08 | ETA: 21.0 min
2026-09-12 15:33:40,238 | INFO | Steps: 67072/150000 | Episodes: 131 | LastEpReward: 44.577 | RecentReward: 44.666 | ActorLoss: -9.229176 | CriticLoss: 0.042330 | Q: 9.2044 | TargetQ: 9.1984 | TDAbs: 0.2055 | ActorGrad: 0.1258 | CriticGrad: 1.3757 | Noise: 0.1612 | Replay: 50000 | FPS: 66.18 | ETA: 20.9 min
2026-09-12 15:33:46,475 | INFO | Steps: 67584/150000 | Episodes: 132 | LastEpReward: 59.814 | RecentReward: 46.332 | ActorLoss: -9.183517 | CriticLoss: 0.040705 | Q: 9.1580 | TargetQ: 9.1584 | TDAbs: 0.2046 | ActorGrad: 0.1273 | CriticGrad: 1.4207 | Noise: 0.1598 | Replay: 50000 | FPS: 66.28 | ETA: 20.7 min
2026-09-12 15:33:52,879 | INFO | Steps: 68096/150000 | Episodes: 133 | LastEpReward: 63.716 | RecentReward: 48.767 | ActorLoss: -9.214479 | CriticLoss: 0.039372 | Q: 9.1899 | TargetQ: 9.1860 | TDAbs: 0.2029 | ActorGrad: 0.1270 | CriticGrad: 1.3849 | Noise: 0.1583 | Replay: 50000 | FPS: 66.37 | ETA: 20.6 min
2026-09-12 15:33:58,993 | INFO | Steps: 68608/150000 | Episodes: 134 | LastEpReward: 43.823 | RecentReward: 49.767 | ActorLoss: -9.199120 | CriticLoss: 0.039390 | Q: 9.1753 | TargetQ: 9.1745 | TDAbs: 0.2022 | ActorGrad: 0.1198 | CriticGrad: 1.5503 | Noise: 0.1568 | Replay: 50000 | FPS: 66.47 | ETA: 20.4 min
2026-09-12 15:34:05,022 | INFO | Steps: 69120/150000 | Episodes: 135 | LastEpReward: 42.077 | RecentReward: 47.688 | ActorLoss: -9.277794 | CriticLoss: 0.042565 | Q: 9.2537 | TargetQ: 9.2480 | TDAbs: 0.2086 | ActorGrad: 0.1600 | CriticGrad: 1.4216 | Noise: 0.1554 | Replay: 50000 | FPS: 66.58 | ETA: 20.2 min
2026-09-12 15:34:11,219 | INFO | Steps: 69632/150000 | Episodes: 136 | LastEpReward: 49.807 | RecentReward: 48.444 | ActorLoss: -9.300766 | CriticLoss: 0.039373 | Q: 9.2776 | TargetQ: 9.2781 | TDAbs: 0.2032 | ActorGrad: 0.1599 | CriticGrad: 1.4747 | Noise: 0.1539 | Replay: 50000 | FPS: 66.67 | ETA: 20.1 min
2026-09-12 15:34:17,330 | INFO | Steps: 70144/150000 | Episodes: 137 | LastEpReward: 45.694 | RecentReward: 48.762 | ActorLoss: -9.298399 | CriticLoss: 0.040716 | Q: 9.2757 | TargetQ: 9.2757 | TDAbs: 0.2073 | ActorGrad: 0.1305 | CriticGrad: 1.4953 | Noise: 0.1524 | Replay: 50000 | FPS: 66.77 | ETA: 19.9 min
2026-09-12 15:34:23,653 | INFO | Steps: 70656/150000 | Episodes: 138 | LastEpReward: 46.551 | RecentReward: 49.730 | ActorLoss: -9.321519 | CriticLoss: 0.043644 | Q: 9.2977 | TargetQ: 9.2949 | TDAbs: 0.2135 | ActorGrad: 0.1474 | CriticGrad: 1.4840 | Noise: 0.1510 | Replay: 50000 | FPS: 66.86 | ETA: 19.8 min
2026-09-12 15:34:29,697 | INFO | Steps: 71168/150000 | Episodes: 139 | LastEpReward: 45.361 | RecentReward: 50.174 | ActorLoss: -9.277281 | CriticLoss: 0.046369 | Q: 9.2553 | TargetQ: 9.2492 | TDAbs: 0.2166 | ActorGrad: 0.1113 | CriticGrad: 1.4173 | Noise: 0.1495 | Replay: 50000 | FPS: 66.96 | ETA: 19.6 min
2026-09-12 15:34:35,735 | INFO | 开始周期评估: Steps=71680 | Episodes=140 | EvalEpisodes=5
2026-09-12 15:34:53,076 | INFO | 周期评估完成: Steps=71680 | MeanReward=49.524 | StdReward=3.952
2026-09-12 15:34:53,082 | INFO | Steps: 71680/150000 | Episodes: 140 | LastEpReward: 32.740 | RecentReward: 47.416 | ActorLoss: -9.369508 | CriticLoss: 0.042245 | Q: 9.3479 | TargetQ: 9.3422 | TDAbs: 0.2108 | ActorGrad: 0.1239 | CriticGrad: 1.3240 | Noise: 0.1481 | Replay: 50000 | FPS: 65.99 | ETA: 19.8 min
2026-09-12 15:34:59,293 | INFO | Steps: 72192/150000 | Episodes: 141 | LastEpReward: 55.855 | RecentReward: 48.544 | ActorLoss: -9.335787 | CriticLoss: 0.048136 | Q: 9.3163 | TargetQ: 9.3091 | TDAbs: 0.2179 | ActorGrad: 0.1327 | CriticGrad: 1.4501 | Noise: 0.1466 | Replay: 50000 | FPS: 66.08 | ETA: 19.6 min
2026-09-12 15:35:05,399 | INFO | Steps: 72704/150000 | Episodes: 142 | LastEpReward: 47.448 | RecentReward: 47.307 | ActorLoss: -9.310925 | CriticLoss: 0.047924 | Q: 9.2911 | TargetQ: 9.2878 | TDAbs: 0.2191 | ActorGrad: 0.1146 | CriticGrad: 1.5661 | Noise: 0.1451 | Replay: 50000 | FPS: 66.18 | ETA: 19.5 min
2026-09-12 15:35:11,515 | INFO | Steps: 73216/150000 | Episodes: 143 | LastEpReward: 40.602 | RecentReward: 44.996 | ActorLoss: -9.353369 | CriticLoss: 0.048491 | Q: 9.3343 | TargetQ: 9.3264 | TDAbs: 0.2219 | ActorGrad: 0.1637 | CriticGrad: 1.5832 | Noise: 0.1437 | Replay: 50000 | FPS: 66.28 | ETA: 19.3 min
2026-09-12 15:35:17,677 | INFO | Steps: 73728/150000 | Episodes: 144 | LastEpReward: 39.961 | RecentReward: 44.610 | ActorLoss: -9.311578 | CriticLoss: 0.047636 | Q: 9.2922 | TargetQ: 9.2862 | TDAbs: 0.2172 | ActorGrad: 0.1329 | CriticGrad: 1.5849 | Noise: 0.1422 | Replay: 50000 | FPS: 66.37 | ETA: 19.2 min
2026-09-12 15:35:23,741 | INFO | Steps: 74240/150000 | Episodes: 145 | LastEpReward: 44.183 | RecentReward: 44.820 | ActorLoss: -9.327803 | CriticLoss: 0.048167 | Q: 9.3070 | TargetQ: 9.3010 | TDAbs: 0.2205 | ActorGrad: 0.0959 | CriticGrad: 1.6515 | Noise: 0.1407 | Replay: 50000 | FPS: 66.47 | ETA: 19.0 min
2026-09-12 15:35:29,959 | INFO | Steps: 74752/150000 | Episodes: 146 | LastEpReward: 65.678 | RecentReward: 46.407 | ActorLoss: -9.269536 | CriticLoss: 0.043696 | Q: 9.2530 | TargetQ: 9.2508 | TDAbs: 0.2126 | ActorGrad: 0.1102 | CriticGrad: 1.4777 | Noise: 0.1393 | Replay: 50000 | FPS: 66.56 | ETA: 18.8 min
2026-09-12 15:35:36,193 | INFO | Steps: 75264/150000 | Episodes: 147 | LastEpReward: 52.741 | RecentReward: 47.112 | ActorLoss: -9.308346 | CriticLoss: 0.043743 | Q: 9.2899 | TargetQ: 9.2863 | TDAbs: 0.2156 | ActorGrad: 0.0528 | CriticGrad: 1.6945 | Noise: 0.1378 | Replay: 50000 | FPS: 66.64 | ETA: 18.7 min
2026-09-12 15:35:42,499 | INFO | Steps: 75776/150000 | Episodes: 148 | LastEpReward: 62.084 | RecentReward: 48.665 | ActorLoss: -9.351301 | CriticLoss: 0.046601 | Q: 9.3327 | TargetQ: 9.3258 | TDAbs: 0.2169 | ActorGrad: 0.0358 | CriticGrad: 1.5705 | Noise: 0.1364 | Replay: 50000 | FPS: 66.72 | ETA: 18.5 min
2026-09-12 15:35:48,725 | INFO | Steps: 76288/150000 | Episodes: 149 | LastEpReward: 56.064 | RecentReward: 49.736 | ActorLoss: -9.347539 | CriticLoss: 0.045661 | Q: 9.3243 | TargetQ: 9.3163 | TDAbs: 0.2135 | ActorGrad: 0.0552 | CriticGrad: 1.4763 | Noise: 0.1349 | Replay: 50000 | FPS: 66.81 | ETA: 18.4 min
2026-09-12 15:35:54,959 | INFO | 开始周期评估: Steps=76800 | Episodes=150 | EvalEpisodes=5
2026-09-12 15:36:12,279 | INFO | 周期评估完成: Steps=76800 | MeanReward=53.365 | StdReward=5.610
2026-09-12 15:36:12,289 | INFO | Steps: 76800/150000 | Episodes: 150 | LastEpReward: 55.405 | RecentReward: 52.002 | ActorLoss: -9.358239 | CriticLoss: 0.043284 | Q: 9.3389 | TargetQ: 9.3370 | TDAbs: 0.2121 | ActorGrad: 0.0490 | CriticGrad: 1.3456 | Noise: 0.1334 | Replay: 50000 | FPS: 65.90 | ETA: 18.5 min
2026-09-12 15:36:18,321 | INFO | Steps: 77312/150000 | Episodes: 151 | LastEpReward: 26.646 | RecentReward: 49.081 | ActorLoss: -9.366798 | CriticLoss: 0.044708 | Q: 9.3465 | TargetQ: 9.3406 | TDAbs: 0.2120 | ActorGrad: 0.0372 | CriticGrad: 1.3931 | Noise: 0.1320 | Replay: 50000 | FPS: 65.99 | ETA: 18.4 min
2026-09-12 15:36:24,472 | INFO | Steps: 77824/150000 | Episodes: 152 | LastEpReward: 48.608 | RecentReward: 49.197 | ActorLoss: -9.398007 | CriticLoss: 0.044641 | Q: 9.3779 | TargetQ: 9.3715 | TDAbs: 0.2129 | ActorGrad: 0.0789 | CriticGrad: 1.3312 | Noise: 0.1305 | Replay: 50000 | FPS: 66.08 | ETA: 18.2 min
2026-09-12 15:36:30,720 | INFO | Steps: 78336/150000 | Episodes: 153 | LastEpReward: 46.038 | RecentReward: 49.741 | ActorLoss: -9.404384 | CriticLoss: 0.047280 | Q: 9.3812 | TargetQ: 9.3726 | TDAbs: 0.2166 | ActorGrad: 0.0632 | CriticGrad: 1.7522 | Noise: 0.1290 | Replay: 50000 | FPS: 66.17 | ETA: 18.1 min
2026-09-12 15:36:36,916 | INFO | Steps: 78848/150000 | Episodes: 154 | LastEpReward: 59.154 | RecentReward: 51.660 | ActorLoss: -9.382575 | CriticLoss: 0.043421 | Q: 9.3615 | TargetQ: 9.3594 | TDAbs: 0.2118 | ActorGrad: 0.0648 | CriticGrad: 1.6436 | Noise: 0.1276 | Replay: 50000 | FPS: 66.25 | ETA: 17.9 min
2026-09-12 15:36:43,129 | INFO | Steps: 79360/150000 | Episodes: 155 | LastEpReward: 62.234 | RecentReward: 53.465 | ActorLoss: -9.458382 | CriticLoss: 0.047444 | Q: 9.4357 | TargetQ: 9.4302 | TDAbs: 0.2162 | ActorGrad: 0.0677 | CriticGrad: 1.3330 | Noise: 0.1261 | Replay: 50000 | FPS: 66.34 | ETA: 17.7 min
2026-09-12 15:36:49,433 | INFO | Steps: 79872/150000 | Episodes: 156 | LastEpReward: 52.172 | RecentReward: 52.115 | ActorLoss: -9.389671 | CriticLoss: 0.045668 | Q: 9.3687 | TargetQ: 9.3639 | TDAbs: 0.2153 | ActorGrad: 0.0593 | CriticGrad: 1.3460 | Noise: 0.1247 | Replay: 50000 | FPS: 66.42 | ETA: 17.6 min
2026-09-12 15:36:55,745 | INFO | Steps: 80384/150000 | Episodes: 157 | LastEpReward: 39.329 | RecentReward: 50.773 | ActorLoss: -9.419402 | CriticLoss: 0.044053 | Q: 9.3991 | TargetQ: 9.3960 | TDAbs: 0.2130 | ActorGrad: 0.0573 | CriticGrad: 1.5561 | Noise: 0.1232 | Replay: 50000 | FPS: 66.49 | ETA: 17.4 min
2026-09-12 15:37:01,855 | INFO | Steps: 80896/150000 | Episodes: 158 | LastEpReward: 54.204 | RecentReward: 49.985 | ActorLoss: -9.444547 | CriticLoss: 0.044197 | Q: 9.4254 | TargetQ: 9.4163 | TDAbs: 0.2132 | ActorGrad: 0.0607 | CriticGrad: 2.0212 | Noise: 0.1217 | Replay: 50000 | FPS: 66.58 | ETA: 17.3 min
2026-09-12 15:37:07,945 | INFO | Steps: 81408/150000 | Episodes: 159 | LastEpReward: 43.411 | RecentReward: 48.720 | ActorLoss: -9.415445 | CriticLoss: 0.044349 | Q: 9.3952 | TargetQ: 9.3907 | TDAbs: 0.2117 | ActorGrad: 0.0688 | CriticGrad: 1.5198 | Noise: 0.1203 | Replay: 50000 | FPS: 66.67 | ETA: 17.1 min
2026-09-12 15:37:14,032 | INFO | 开始周期评估: Steps=81920 | Episodes=160 | EvalEpisodes=5
2026-09-12 15:37:31,268 | INFO | 周期评估完成: Steps=81920 | MeanReward=51.762 | StdReward=3.928
2026-09-12 15:37:31,275 | INFO | Steps: 81920/150000 | Episodes: 160 | LastEpReward: 51.432 | RecentReward: 48.323 | ActorLoss: -9.436315 | CriticLoss: 0.044260 | Q: 9.4140 | TargetQ: 9.4087 | TDAbs: 0.2128 | ActorGrad: 0.0658 | CriticGrad: 1.4038 | Noise: 0.1188 | Replay: 50000 | FPS: 65.83 | ETA: 17.2 min
2026-09-12 15:37:37,304 | INFO | Steps: 82432/150000 | Episodes: 161 | LastEpReward: 48.189 | RecentReward: 50.477 | ActorLoss: -9.396095 | CriticLoss: 0.048029 | Q: 9.3750 | TargetQ: 9.3712 | TDAbs: 0.2178 | ActorGrad: 0.0590 | CriticGrad: 1.3012 | Noise: 0.1173 | Replay: 50000 | FPS: 65.92 | ETA: 17.1 min
2026-09-12 15:37:43,527 | INFO | Steps: 82944/150000 | Episodes: 162 | LastEpReward: 57.518 | RecentReward: 51.368 | ActorLoss: -9.402535 | CriticLoss: 0.038807 | Q: 9.3837 | TargetQ: 9.3829 | TDAbs: 0.2039 | ActorGrad: 0.0629 | CriticGrad: 1.3142 | Noise: 0.1159 | Replay: 50000 | FPS: 66.00 | ETA: 16.9 min
2026-09-12 15:37:49,731 | INFO | Steps: 83456/150000 | Episodes: 163 | LastEpReward: 46.512 | RecentReward: 51.416 | ActorLoss: -9.414460 | CriticLoss: 0.038920 | Q: 9.3966 | TargetQ: 9.3944 | TDAbs: 0.2030 | ActorGrad: 0.0562 | CriticGrad: 1.7789 | Noise: 0.1144 | Replay: 50000 | FPS: 66.08 | ETA: 16.8 min
2026-09-12 15:37:55,956 | INFO | Steps: 83968/150000 | Episodes: 164 | LastEpReward: 47.940 | RecentReward: 50.294 | ActorLoss: -9.381498 | CriticLoss: 0.042761 | Q: 9.3663 | TargetQ: 9.3636 | TDAbs: 0.2086 | ActorGrad: 0.0533 | CriticGrad: 1.4800 | Noise: 0.1129 | Replay: 50000 | FPS: 66.16 | ETA: 16.6 min
2026-09-12 15:38:02,020 | INFO | Steps: 84480/150000 | Episodes: 165 | LastEpReward: 43.502 | RecentReward: 48.421 | ActorLoss: -9.360876 | CriticLoss: 0.045343 | Q: 9.3403 | TargetQ: 9.3340 | TDAbs: 0.2143 | ActorGrad: 0.0595 | CriticGrad: 1.3845 | Noise: 0.1115 | Replay: 50000 | FPS: 66.25 | ETA: 16.5 min
2026-09-12 15:38:08,083 | INFO | Steps: 84992/150000 | Episodes: 166 | LastEpReward: 37.846 | RecentReward: 46.988 | ActorLoss: -9.401001 | CriticLoss: 0.044766 | Q: 9.3836 | TargetQ: 9.3773 | TDAbs: 0.2130 | ActorGrad: 0.0458 | CriticGrad: 1.4429 | Noise: 0.1100 | Replay: 50000 | FPS: 66.33 | ETA: 16.3 min
2026-09-12 15:38:14,338 | INFO | Steps: 85504/150000 | Episodes: 167 | LastEpReward: 43.335 | RecentReward: 47.389 | ActorLoss: -9.356837 | CriticLoss: 0.046454 | Q: 9.3392 | TargetQ: 9.3326 | TDAbs: 0.2173 | ActorGrad: 0.0480 | CriticGrad: 1.5349 | Noise: 0.1086 | Replay: 50000 | FPS: 66.41 | ETA: 16.2 min
2026-09-12 15:38:20,397 | INFO | Steps: 86016/150000 | Episodes: 168 | LastEpReward: 46.480 | RecentReward: 46.617 | ActorLoss: -9.314669 | CriticLoss: 0.043354 | Q: 9.2968 | TargetQ: 9.2936 | TDAbs: 0.2106 | ActorGrad: 0.0504 | CriticGrad: 1.7481 | Noise: 0.1071 | Replay: 50000 | FPS: 66.49 | ETA: 16.0 min
2026-09-12 15:38:26,492 | INFO | Steps: 86528/150000 | Episodes: 169 | LastEpReward: 56.152 | RecentReward: 47.891 | ActorLoss: -9.369128 | CriticLoss: 0.045216 | Q: 9.3498 | TargetQ: 9.3453 | TDAbs: 0.2134 | ActorGrad: 0.0486 | CriticGrad: 1.4959 | Noise: 0.1056 | Replay: 50000 | FPS: 66.58 | ETA: 15.9 min
2026-09-12 15:38:32,556 | INFO | 开始周期评估: Steps=87040 | Episodes=170 | EvalEpisodes=5
2026-09-12 15:38:49,905 | INFO | 周期评估完成: Steps=87040 | MeanReward=51.611 | StdReward=2.895
2026-09-12 15:38:49,911 | INFO | Steps: 87040/150000 | Episodes: 170 | LastEpReward: 33.436 | RecentReward: 46.091 | ActorLoss: -9.315630 | CriticLoss: 0.042799 | Q: 9.2967 | TargetQ: 9.2939 | TDAbs: 0.2124 | ActorGrad: 0.0545 | CriticGrad: 1.4024 | Noise: 0.1042 | Replay: 50000 | FPS: 65.79 | ETA: 16.0 min
2026-09-12 15:38:55,977 | INFO | Steps: 87552/150000 | Episodes: 171 | LastEpReward: 42.720 | RecentReward: 45.544 | ActorLoss: -9.298454 | CriticLoss: 0.043447 | Q: 9.2807 | TargetQ: 9.2762 | TDAbs: 0.2109 | ActorGrad: 0.0469 | CriticGrad: 1.3732 | Noise: 0.1027 | Replay: 50000 | FPS: 65.87 | ETA: 15.8 min
2026-09-12 15:39:01,958 | INFO | Steps: 88064/150000 | Episodes: 172 | LastEpReward: 43.247 | RecentReward: 44.117 | ActorLoss: -9.308159 | CriticLoss: 0.043190 | Q: 9.2901 | TargetQ: 9.2854 | TDAbs: 0.2089 | ActorGrad: 0.0058 | CriticGrad: 1.3400 | Noise: 0.1012 | Replay: 50000 | FPS: 65.96 | ETA: 15.7 min
2026-09-12 15:39:08,207 | INFO | Steps: 88576/150000 | Episodes: 173 | LastEpReward: 48.414 | RecentReward: 44.307 | ActorLoss: -9.317012 | CriticLoss: 0.044370 | Q: 9.3003 | TargetQ: 9.2961 | TDAbs: 0.2103 | ActorGrad: 0.0011 | CriticGrad: 1.4280 | Noise: 0.0998 | Replay: 50000 | FPS: 66.03 | ETA: 15.5 min
2026-09-12 15:39:14,377 | INFO | Steps: 89088/150000 | Episodes: 174 | LastEpReward: 52.384 | RecentReward: 44.752 | ActorLoss: -9.356062 | CriticLoss: 0.044456 | Q: 9.3405 | TargetQ: 9.3338 | TDAbs: 0.2115 | ActorGrad: 0.0006 | CriticGrad: 1.3319 | Noise: 0.0983 | Replay: 50000 | FPS: 66.11 | ETA: 15.4 min
2026-09-12 15:39:20,486 | INFO | Steps: 89600/150000 | Episodes: 175 | LastEpReward: 53.951 | RecentReward: 45.796 | ActorLoss: -9.262993 | CriticLoss: 0.041804 | Q: 9.2475 | TargetQ: 9.2428 | TDAbs: 0.2062 | ActorGrad: 0.0002 | CriticGrad: 1.4841 | Noise: 0.0969 | Replay: 50000 | FPS: 66.19 | ETA: 15.2 min
2026-09-12 15:39:26,539 | INFO | Steps: 90112/150000 | Episodes: 176 | LastEpReward: 41.171 | RecentReward: 46.129 | ActorLoss: -9.246640 | CriticLoss: 0.042590 | Q: 9.2296 | TargetQ: 9.2266 | TDAbs: 0.2095 | ActorGrad: 0.0012 | CriticGrad: 1.5479 | Noise: 0.0954 | Replay: 50000 | FPS: 66.27 | ETA: 15.1 min
2026-09-12 15:39:32,686 | INFO | Steps: 90624/150000 | Episodes: 177 | LastEpReward: 46.033 | RecentReward: 46.399 | ActorLoss: -9.303240 | CriticLoss: 0.043525 | Q: 9.2893 | TargetQ: 9.2869 | TDAbs: 0.2092 | ActorGrad: 0.0001 | CriticGrad: 1.3147 | Noise: 0.0939 | Replay: 50000 | FPS: 66.35 | ETA: 14.9 min
2026-09-12 15:39:38,920 | INFO | Steps: 91136/150000 | Episodes: 178 | LastEpReward: 43.858 | RecentReward: 46.137 | ActorLoss: -9.301740 | CriticLoss: 0.041683 | Q: 9.2874 | TargetQ: 9.2863 | TDAbs: 0.2095 | ActorGrad: 0.0002 | CriticGrad: 1.5228 | Noise: 0.0925 | Replay: 50000 | FPS: 66.42 | ETA: 14.8 min
2026-09-12 15:39:44,992 | INFO | Steps: 91648/150000 | Episodes: 179 | LastEpReward: 50.090 | RecentReward: 45.530 | ActorLoss: -9.300869 | CriticLoss: 0.045747 | Q: 9.2875 | TargetQ: 9.2826 | TDAbs: 0.2135 | ActorGrad: 0.0000 | CriticGrad: 1.5295 | Noise: 0.0910 | Replay: 50000 | FPS: 66.50 | ETA: 14.6 min
2026-09-12 15:39:51,064 | INFO | 开始周期评估: Steps=92160 | Episodes=180 | EvalEpisodes=5
2026-09-12 15:40:08,475 | INFO | 周期评估完成: Steps=92160 | MeanReward=50.024 | StdReward=4.626
2026-09-12 15:40:08,480 | INFO | Steps: 92160/150000 | Episodes: 180 | LastEpReward: 42.216 | RecentReward: 46.408 | ActorLoss: -9.227358 | CriticLoss: 0.043125 | Q: 9.2098 | TargetQ: 9.2061 | TDAbs: 0.2080 | ActorGrad: 0.0000 | CriticGrad: 1.3399 | Noise: 0.0895 | Replay: 50000 | FPS: 65.75 | ETA: 14.7 min
2026-09-12 15:40:14,641 | INFO | Steps: 92672/150000 | Episodes: 181 | LastEpReward: 56.034 | RecentReward: 47.740 | ActorLoss: -9.259809 | CriticLoss: 0.040261 | Q: 9.2472 | TargetQ: 9.2455 | TDAbs: 0.2072 | ActorGrad: 0.0000 | CriticGrad: 1.6288 | Noise: 0.0881 | Replay: 50000 | FPS: 65.83 | ETA: 14.5 min
2026-09-12 15:40:20,803 | INFO | Steps: 93184/150000 | Episodes: 182 | LastEpReward: 52.637 | RecentReward: 48.679 | ActorLoss: -9.183606 | CriticLoss: 0.046368 | Q: 9.1684 | TargetQ: 9.1591 | TDAbs: 0.2123 | ActorGrad: 0.0000 | CriticGrad: 1.4533 | Noise: 0.0866 | Replay: 50000 | FPS: 65.90 | ETA: 14.4 min
2026-09-12 15:40:27,043 | INFO | Steps: 93696/150000 | Episodes: 183 | LastEpReward: 47.577 | RecentReward: 48.595 | ActorLoss: -9.180879 | CriticLoss: 0.044248 | Q: 9.1640 | TargetQ: 9.1613 | TDAbs: 0.2108 | ActorGrad: 0.0000 | CriticGrad: 1.4928 | Noise: 0.0852 | Replay: 50000 | FPS: 65.97 | ETA: 14.2 min
2026-09-12 15:40:33,110 | INFO | Steps: 94208/150000 | Episodes: 184 | LastEpReward: 29.359 | RecentReward: 46.293 | ActorLoss: -9.123746 | CriticLoss: 0.044654 | Q: 9.1110 | TargetQ: 9.1058 | TDAbs: 0.2121 | ActorGrad: 0.0000 | CriticGrad: 1.5333 | Noise: 0.0837 | Replay: 50000 | FPS: 66.05 | ETA: 14.1 min
2026-09-12 15:40:39,352 | INFO | Steps: 94720/150000 | Episodes: 185 | LastEpReward: 49.044 | RecentReward: 45.802 | ActorLoss: -9.096841 | CriticLoss: 0.041633 | Q: 9.0806 | TargetQ: 9.0829 | TDAbs: 0.2077 | ActorGrad: 0.0000 | CriticGrad: 1.4013 | Noise: 0.0822 | Replay: 50000 | FPS: 66.12 | ETA: 13.9 min
2026-09-12 15:40:45,456 | INFO | Steps: 95232/150000 | Episodes: 186 | LastEpReward: 43.686 | RecentReward: 46.053 | ActorLoss: -9.116153 | CriticLoss: 0.044514 | Q: 9.0993 | TargetQ: 9.0953 | TDAbs: 0.2104 | ActorGrad: 0.0023 | CriticGrad: 1.4787 | Noise: 0.0808 | Replay: 50000 | FPS: 66.20 | ETA: 13.8 min
2026-09-12 15:40:51,718 | INFO | Steps: 95744/150000 | Episodes: 187 | LastEpReward: 48.914 | RecentReward: 46.342 | ActorLoss: -9.064632 | CriticLoss: 0.041985 | Q: 9.0537 | TargetQ: 9.0528 | TDAbs: 0.2076 | ActorGrad: 0.0004 | CriticGrad: 1.5420 | Noise: 0.0793 | Replay: 50000 | FPS: 66.26 | ETA: 13.6 min
2026-09-12 15:40:57,860 | INFO | Steps: 96256/150000 | Episodes: 188 | LastEpReward: 47.106 | RecentReward: 46.666 | ActorLoss: -9.086681 | CriticLoss: 0.044569 | Q: 9.0735 | TargetQ: 9.0670 | TDAbs: 0.2132 | ActorGrad: 0.0006 | CriticGrad: 1.4593 | Noise: 0.0778 | Replay: 50000 | FPS: 66.34 | ETA: 13.5 min
2026-09-12 15:41:04,137 | INFO | Steps: 96768/150000 | Episodes: 189 | LastEpReward: 49.259 | RecentReward: 46.583 | ActorLoss: -9.114787 | CriticLoss: 0.047180 | Q: 9.1018 | TargetQ: 9.0965 | TDAbs: 0.2120 | ActorGrad: 0.0005 | CriticGrad: 1.4762 | Noise: 0.0764 | Replay: 50000 | FPS: 66.40 | ETA: 13.4 min
2026-09-12 15:41:10,233 | INFO | 开始周期评估: Steps=97280 | Episodes=190 | EvalEpisodes=5
2026-09-12 15:41:27,491 | INFO | 周期评估完成: Steps=97280 | MeanReward=50.024 | StdReward=4.626
2026-09-12 15:41:27,497 | INFO | Steps: 97280/150000 | Episodes: 190 | LastEpReward: 38.780 | RecentReward: 46.240 | ActorLoss: -9.036561 | CriticLoss: 0.045631 | Q: 9.0242 | TargetQ: 9.0215 | TDAbs: 0.2135 | ActorGrad: 0.0003 | CriticGrad: 1.2563 | Noise: 0.0749 | Replay: 50000 | FPS: 65.70 | ETA: 13.4 min
2026-09-12 15:41:33,561 | INFO | Steps: 97792/150000 | Episodes: 191 | LastEpReward: 47.774 | RecentReward: 45.414 | ActorLoss: -9.065794 | CriticLoss: 0.044323 | Q: 9.0538 | TargetQ: 9.0513 | TDAbs: 0.2107 | ActorGrad: 0.0026 | CriticGrad: 1.5319 | Noise: 0.0735 | Replay: 50000 | FPS: 65.78 | ETA: 13.2 min
2026-09-12 15:41:39,730 | INFO | Steps: 98304/150000 | Episodes: 192 | LastEpReward: 50.765 | RecentReward: 45.227 | ActorLoss: -9.030343 | CriticLoss: 0.045430 | Q: 9.0182 | TargetQ: 9.0122 | TDAbs: 0.2113 | ActorGrad: 0.0000 | CriticGrad: 1.2029 | Noise: 0.0720 | Replay: 50000 | FPS: 65.85 | ETA: 13.1 min
2026-09-12 15:41:45,904 | INFO | Steps: 98816/150000 | Episodes: 193 | LastEpReward: 48.784 | RecentReward: 45.347 | ActorLoss: -8.991999 | CriticLoss: 0.041132 | Q: 8.9787 | TargetQ: 8.9786 | TDAbs: 0.2033 | ActorGrad: 0.0000 | CriticGrad: 1.4247 | Noise: 0.0705 | Replay: 50000 | FPS: 65.92 | ETA: 12.9 min
2026-09-12 15:41:52,024 | INFO | Steps: 99328/150000 | Episodes: 194 | LastEpReward: 43.696 | RecentReward: 46.781 | ActorLoss: -8.998977 | CriticLoss: 0.041191 | Q: 8.9850 | TargetQ: 8.9812 | TDAbs: 0.2043 | ActorGrad: 0.0062 | CriticGrad: 1.2759 | Noise: 0.0691 | Replay: 50000 | FPS: 65.99 | ETA: 12.8 min
2026-09-12 15:41:58,099 | INFO | Steps: 99840/150000 | Episodes: 195 | LastEpReward: 49.188 | RecentReward: 46.795 | ActorLoss: -9.008570 | CriticLoss: 0.040301 | Q: 8.9964 | TargetQ: 8.9952 | TDAbs: 0.2025 | ActorGrad: 0.0001 | CriticGrad: 1.3355 | Noise: 0.0676 | Replay: 50000 | FPS: 66.06 | ETA: 12.7 min
2026-09-12 15:42:04,276 | INFO | Steps: 100352/150000 | Episodes: 196 | LastEpReward: 49.151 | RecentReward: 47.342 | ActorLoss: -9.041397 | CriticLoss: 0.039323 | Q: 9.0287 | TargetQ: 9.0238 | TDAbs: 0.2018 | ActorGrad: 0.0003 | CriticGrad: 1.2610 | Noise: 0.0661 | Replay: 50000 | FPS: 66.13 | ETA: 12.5 min
2026-09-12 15:42:10,528 | INFO | Steps: 100864/150000 | Episodes: 197 | LastEpReward: 53.972 | RecentReward: 47.848 | ActorLoss: -9.027038 | CriticLoss: 0.039116 | Q: 9.0167 | TargetQ: 9.0125 | TDAbs: 0.2020 | ActorGrad: 0.0000 | CriticGrad: 1.1912 | Noise: 0.0647 | Replay: 50000 | FPS: 66.20 | ETA: 12.4 min
2026-09-12 15:42:16,544 | INFO | Steps: 101376/150000 | Episodes: 198 | LastEpReward: 41.460 | RecentReward: 47.283 | ActorLoss: -9.023460 | CriticLoss: 0.042403 | Q: 9.0127 | TargetQ: 9.0068 | TDAbs: 0.2038 | ActorGrad: 0.0000 | CriticGrad: 1.1664 | Noise: 0.0632 | Replay: 50000 | FPS: 66.27 | ETA: 12.2 min
2026-09-12 15:42:22,779 | INFO | Steps: 101888/150000 | Episodes: 199 | LastEpReward: 42.740 | RecentReward: 46.631 | ActorLoss: -9.031387 | CriticLoss: 0.043116 | Q: 9.0153 | TargetQ: 9.0097 | TDAbs: 0.2050 | ActorGrad: 0.0000 | CriticGrad: 1.3557 | Noise: 0.0617 | Replay: 50000 | FPS: 66.34 | ETA: 12.1 min
2026-09-12 15:42:28,749 | INFO | 开始周期评估: Steps=102400 | Episodes=200 | EvalEpisodes=5
2026-09-12 15:42:46,096 | INFO | 周期评估完成: Steps=102400 | MeanReward=50.024 | StdReward=4.626
2026-09-12 15:42:46,102 | INFO | Steps: 102400/150000 | Episodes: 200 | LastEpReward: 40.842 | RecentReward: 46.837 | ActorLoss: -8.989781 | CriticLoss: 0.038821 | Q: 8.9753 | TargetQ: 8.9706 | TDAbs: 0.1994 | ActorGrad: 0.0000 | CriticGrad: 1.4395 | Noise: 0.0603 | Replay: 50000 | FPS: 65.67 | ETA: 12.1 min
2026-09-12 15:42:52,347 | INFO | Steps: 102912/150000 | Episodes: 201 | LastEpReward: 51.181 | RecentReward: 47.178 | ActorLoss: -8.960710 | CriticLoss: 0.044782 | Q: 8.9467 | TargetQ: 8.9429 | TDAbs: 0.2082 | ActorGrad: 0.0006 | CriticGrad: 1.2935 | Noise: 0.0588 | Replay: 50000 | FPS: 65.74 | ETA: 11.9 min
2026-09-12 15:42:58,505 | INFO | Steps: 103424/150000 | Episodes: 202 | LastEpReward: 45.413 | RecentReward: 46.643 | ActorLoss: -8.942929 | CriticLoss: 0.043058 | Q: 8.9309 | TargetQ: 8.9264 | TDAbs: 0.2060 | ActorGrad: 0.0006 | CriticGrad: 1.3306 | Noise: 0.0574 | Replay: 50000 | FPS: 65.80 | ETA: 11.8 min
2026-09-12 15:43:04,904 | INFO | Steps: 103936/150000 | Episodes: 203 | LastEpReward: 55.055 | RecentReward: 47.270 | ActorLoss: -8.958705 | CriticLoss: 0.040968 | Q: 8.9451 | TargetQ: 8.9422 | TDAbs: 0.2039 | ActorGrad: 0.0000 | CriticGrad: 1.2932 | Noise: 0.0559 | Replay: 50000 | FPS: 65.86 | ETA: 11.7 min
2026-09-12 15:43:10,991 | INFO | Steps: 104448/150000 | Episodes: 204 | LastEpReward: 41.975 | RecentReward: 47.098 | ActorLoss: -8.940846 | CriticLoss: 0.037947 | Q: 8.9280 | TargetQ: 8.9276 | TDAbs: 0.1966 | ActorGrad: 0.0002 | CriticGrad: 1.3358 | Noise: 0.0544 | Replay: 50000 | FPS: 65.93 | ETA: 11.5 min
2026-09-12 15:43:17,060 | INFO | Steps: 104960/150000 | Episodes: 205 | LastEpReward: 45.597 | RecentReward: 46.739 | ActorLoss: -8.894284 | CriticLoss: 0.039690 | Q: 8.8832 | TargetQ: 8.8805 | TDAbs: 0.2012 | ActorGrad: 0.0049 | CriticGrad: 1.2630 | Noise: 0.0530 | Replay: 50000 | FPS: 66.00 | ETA: 11.4 min
2026-09-12 15:43:23,139 | INFO | Steps: 105472/150000 | Episodes: 206 | LastEpReward: 41.420 | RecentReward: 45.966 | ActorLoss: -8.887451 | CriticLoss: 0.038066 | Q: 8.8751 | TargetQ: 8.8736 | TDAbs: 0.1969 | ActorGrad: 0.0004 | CriticGrad: 1.2041 | Noise: 0.0515 | Replay: 50000 | FPS: 66.07 | ETA: 11.2 min
2026-09-12 15:43:29,461 | INFO | Steps: 105984/150000 | Episodes: 207 | LastEpReward: 41.048 | RecentReward: 44.673 | ActorLoss: -8.852198 | CriticLoss: 0.042453 | Q: 8.8400 | TargetQ: 8.8357 | TDAbs: 0.2050 | ActorGrad: 0.0000 | CriticGrad: 1.3679 | Noise: 0.0500 | Replay: 50000 | FPS: 66.13 | ETA: 11.1 min
2026-09-12 15:43:35,524 | INFO | Steps: 106496/150000 | Episodes: 208 | LastEpReward: 51.647 | RecentReward: 45.692 | ActorLoss: -8.858911 | CriticLoss: 0.040765 | Q: 8.8456 | TargetQ: 8.8413 | TDAbs: 0.2037 | ActorGrad: 0.0000 | CriticGrad: 1.4085 | Noise: 0.0500 | Replay: 50000 | FPS: 66.20 | ETA: 11.0 min
2026-09-12 15:43:41,617 | INFO | Steps: 107008/150000 | Episodes: 209 | LastEpReward: 47.744 | RecentReward: 46.192 | ActorLoss: -8.864878 | CriticLoss: 0.041278 | Q: 8.8531 | TargetQ: 8.8535 | TDAbs: 0.2008 | ActorGrad: 0.0057 | CriticGrad: 1.1256 | Noise: 0.0500 | Replay: 50000 | FPS: 66.27 | ETA: 10.8 min
2026-09-12 15:43:47,753 | INFO | 开始周期评估: Steps=107520 | Episodes=210 | EvalEpisodes=5
2026-09-12 15:44:05,126 | INFO | 周期评估完成: Steps=107520 | MeanReward=49.958 | StdReward=4.659
2026-09-12 15:44:05,133 | INFO | Steps: 107520/150000 | Episodes: 210 | LastEpReward: 42.661 | RecentReward: 46.374 | ActorLoss: -8.877919 | CriticLoss: 0.041045 | Q: 8.8673 | TargetQ: 8.8662 | TDAbs: 0.2024 | ActorGrad: 0.0083 | CriticGrad: 1.2129 | Noise: 0.0500 | Replay: 50000 | FPS: 65.63 | ETA: 10.8 min
2026-09-12 15:44:11,392 | INFO | Steps: 108032/150000 | Episodes: 211 | LastEpReward: 50.457 | RecentReward: 46.302 | ActorLoss: -8.882354 | CriticLoss: 0.044252 | Q: 8.8726 | TargetQ: 8.8679 | TDAbs: 0.2079 | ActorGrad: 0.0020 | CriticGrad: 1.3654 | Noise: 0.0500 | Replay: 50000 | FPS: 65.69 | ETA: 10.6 min
2026-09-12 15:44:17,589 | INFO | Steps: 108544/150000 | Episodes: 212 | LastEpReward: 53.807 | RecentReward: 47.141 | ActorLoss: -8.891761 | CriticLoss: 0.038345 | Q: 8.8814 | TargetQ: 8.8742 | TDAbs: 0.1960 | ActorGrad: 0.0026 | CriticGrad: 1.0952 | Noise: 0.0500 | Replay: 50000 | FPS: 65.75 | ETA: 10.5 min
2026-09-12 15:44:23,775 | INFO | Steps: 109056/150000 | Episodes: 213 | LastEpReward: 51.228 | RecentReward: 46.758 | ActorLoss: -8.883292 | CriticLoss: 0.040803 | Q: 8.8733 | TargetQ: 8.8695 | TDAbs: 0.2001 | ActorGrad: 0.0079 | CriticGrad: 1.1455 | Noise: 0.0500 | Replay: 50000 | FPS: 65.82 | ETA: 10.4 min
2026-09-12 15:44:29,946 | INFO | Steps: 109568/150000 | Episodes: 214 | LastEpReward: 54.255 | RecentReward: 47.986 | ActorLoss: -8.883854 | CriticLoss: 0.039282 | Q: 8.8737 | TargetQ: 8.8714 | TDAbs: 0.1975 | ActorGrad: 0.0072 | CriticGrad: 1.2129 | Noise: 0.0500 | Replay: 50000 | FPS: 65.88 | ETA: 10.2 min
2026-09-12 15:44:36,018 | INFO | Steps: 110080/150000 | Episodes: 215 | LastEpReward: 46.608 | RecentReward: 48.088 | ActorLoss: -8.923030 | CriticLoss: 0.037755 | Q: 8.9155 | TargetQ: 8.9150 | TDAbs: 0.1919 | ActorGrad: 0.0116 | CriticGrad: 1.6974 | Noise: 0.0500 | Replay: 50000 | FPS: 65.95 | ETA: 10.1 min
2026-09-12 15:44:42,207 | INFO | Steps: 110592/150000 | Episodes: 216 | LastEpReward: 50.004 | RecentReward: 48.946 | ActorLoss: -8.912419 | CriticLoss: 0.037931 | Q: 8.9030 | TargetQ: 8.8995 | TDAbs: 0.1954 | ActorGrad: 0.0121 | CriticGrad: 1.3557 | Noise: 0.0500 | Replay: 50000 | FPS: 66.01 | ETA: 10.0 min
2026-09-12 15:44:48,520 | INFO | Steps: 111104/150000 | Episodes: 217 | LastEpReward: 44.725 | RecentReward: 49.314 | ActorLoss: -8.967457 | CriticLoss: 0.036937 | Q: 8.9559 | TargetQ: 8.9536 | TDAbs: 0.1956 | ActorGrad: 0.0029 | CriticGrad: 1.2285 | Noise: 0.0500 | Replay: 50000 | FPS: 66.07 | ETA: 9.8 min
2026-09-12 15:44:54,734 | INFO | Steps: 111616/150000 | Episodes: 218 | LastEpReward: 45.644 | RecentReward: 48.713 | ActorLoss: -8.942900 | CriticLoss: 0.038534 | Q: 8.9329 | TargetQ: 8.9325 | TDAbs: 0.1975 | ActorGrad: 0.0011 | CriticGrad: 1.1518 | Noise: 0.0500 | Replay: 50000 | FPS: 66.13 | ETA: 9.7 min
2026-09-12 15:45:00,846 | INFO | Steps: 112128/150000 | Episodes: 219 | LastEpReward: 42.984 | RecentReward: 48.237 | ActorLoss: -8.977080 | CriticLoss: 0.036615 | Q: 8.9673 | TargetQ: 8.9670 | TDAbs: 0.1929 | ActorGrad: 0.0273 | CriticGrad: 1.2611 | Noise: 0.0500 | Replay: 50000 | FPS: 66.19 | ETA: 9.5 min
2026-09-12 15:45:06,988 | INFO | 开始周期评估: Steps=112640 | Episodes=220 | EvalEpisodes=5
2026-09-12 15:45:24,232 | INFO | 周期评估完成: Steps=112640 | MeanReward=50.024 | StdReward=4.626
2026-09-12 15:45:24,238 | INFO | Steps: 112640/150000 | Episodes: 220 | LastEpReward: 50.911 | RecentReward: 49.062 | ActorLoss: -8.962453 | CriticLoss: 0.036719 | Q: 8.9530 | TargetQ: 8.9491 | TDAbs: 0.1919 | ActorGrad: 0.0096 | CriticGrad: 1.2597 | Noise: 0.0500 | Replay: 50000 | FPS: 65.59 | ETA: 9.5 min
2026-09-12 15:45:30,331 | INFO | Steps: 113152/150000 | Episodes: 221 | LastEpReward: 48.163 | RecentReward: 48.833 | ActorLoss: -8.975051 | CriticLoss: 0.035915 | Q: 8.9662 | TargetQ: 8.9634 | TDAbs: 0.1900 | ActorGrad: 0.0234 | CriticGrad: 1.1434 | Noise: 0.0500 | Replay: 50000 | FPS: 65.65 | ETA: 9.4 min
2026-09-12 15:45:36,502 | INFO | Steps: 113664/150000 | Episodes: 222 | LastEpReward: 47.391 | RecentReward: 48.191 | ActorLoss: -8.953458 | CriticLoss: 0.036943 | Q: 8.9445 | TargetQ: 8.9415 | TDAbs: 0.1935 | ActorGrad: 0.0219 | CriticGrad: 1.1107 | Noise: 0.0500 | Replay: 50000 | FPS: 65.71 | ETA: 9.2 min
2026-09-12 15:45:42,839 | INFO | Steps: 114176/150000 | Episodes: 223 | LastEpReward: 50.774 | RecentReward: 48.146 | ActorLoss: -8.993026 | CriticLoss: 0.038440 | Q: 8.9843 | TargetQ: 8.9800 | TDAbs: 0.1931 | ActorGrad: 0.0129 | CriticGrad: 1.3699 | Noise: 0.0500 | Replay: 50000 | FPS: 65.77 | ETA: 9.1 min
2026-09-12 15:45:49,077 | INFO | Steps: 114688/150000 | Episodes: 224 | LastEpReward: 44.466 | RecentReward: 47.167 | ActorLoss: -8.966968 | CriticLoss: 0.039390 | Q: 8.9547 | TargetQ: 8.9516 | TDAbs: 0.1974 | ActorGrad: 0.1844 | CriticGrad: 1.0700 | Noise: 0.0500 | Replay: 50000 | FPS: 65.83 | ETA: 8.9 min
2026-09-12 15:45:55,182 | INFO | Steps: 115200/150000 | Episodes: 225 | LastEpReward: 41.777 | RecentReward: 46.684 | ActorLoss: -8.973621 | CriticLoss: 0.037592 | Q: 8.9632 | TargetQ: 8.9576 | TDAbs: 0.1957 | ActorGrad: 0.1535 | CriticGrad: 1.1839 | Noise: 0.0500 | Replay: 50000 | FPS: 65.89 | ETA: 8.8 min
2026-09-12 15:46:01,344 | INFO | Steps: 115712/150000 | Episodes: 226 | LastEpReward: 53.164 | RecentReward: 47.000 | ActorLoss: -9.003749 | CriticLoss: 0.040142 | Q: 8.9912 | TargetQ: 8.9896 | TDAbs: 0.2004 | ActorGrad: 0.1939 | CriticGrad: 1.1856 | Noise: 0.0500 | Replay: 50000 | FPS: 65.95 | ETA: 8.7 min
2026-09-12 15:46:07,632 | INFO | Steps: 116224/150000 | Episodes: 227 | LastEpReward: 39.141 | RecentReward: 46.441 | ActorLoss: -8.969236 | CriticLoss: 0.040125 | Q: 8.9569 | TargetQ: 8.9559 | TDAbs: 0.2055 | ActorGrad: 0.1954 | CriticGrad: 1.6491 | Noise: 0.0500 | Replay: 50000 | FPS: 66.01 | ETA: 8.5 min
2026-09-12 15:46:13,716 | INFO | Steps: 116736/150000 | Episodes: 228 | LastEpReward: 41.159 | RecentReward: 45.993 | ActorLoss: -8.999986 | CriticLoss: 0.038439 | Q: 8.9911 | TargetQ: 8.9894 | TDAbs: 0.2004 | ActorGrad: 0.1993 | CriticGrad: 1.2147 | Noise: 0.0500 | Replay: 50000 | FPS: 66.07 | ETA: 8.4 min
2026-09-12 15:46:19,762 | INFO | Steps: 117248/150000 | Episodes: 229 | LastEpReward: 34.686 | RecentReward: 45.163 | ActorLoss: -8.961773 | CriticLoss: 0.039255 | Q: 8.9503 | TargetQ: 8.9455 | TDAbs: 0.2005 | ActorGrad: 0.1677 | CriticGrad: 1.1979 | Noise: 0.0500 | Replay: 50000 | FPS: 66.13 | ETA: 8.3 min
2026-09-12 15:46:26,007 | INFO | 开始周期评估: Steps=117760 | Episodes=230 | EvalEpisodes=5
2026-09-12 15:46:43,194 | INFO | 周期评估完成: Steps=117760 | MeanReward=47.757 | StdReward=5.153
2026-09-12 15:46:43,200 | INFO | Steps: 117760/150000 | Episodes: 230 | LastEpReward: 45.590 | RecentReward: 44.631 | ActorLoss: -8.967370 | CriticLoss: 0.041581 | Q: 8.9572 | TargetQ: 8.9525 | TDAbs: 0.2031 | ActorGrad: 0.1656 | CriticGrad: 1.3179 | Noise: 0.0500 | Replay: 50000 | FPS: 65.55 | ETA: 8.2 min
2026-09-12 15:46:49,431 | INFO | Steps: 118272/150000 | Episodes: 231 | LastEpReward: 55.207 | RecentReward: 45.336 | ActorLoss: -8.994020 | CriticLoss: 0.037392 | Q: 8.9834 | TargetQ: 8.9829 | TDAbs: 0.1966 | ActorGrad: 0.1208 | CriticGrad: 1.5104 | Noise: 0.0500 | Replay: 50000 | FPS: 65.61 | ETA: 8.1 min
2026-09-12 15:46:55,660 | INFO | Steps: 118784/150000 | Episodes: 232 | LastEpReward: 47.476 | RecentReward: 45.344 | ActorLoss: -8.926295 | CriticLoss: 0.042142 | Q: 8.9155 | TargetQ: 8.9101 | TDAbs: 0.2032 | ActorGrad: 0.1229 | CriticGrad: 1.2644 | Noise: 0.0500 | Replay: 50000 | FPS: 65.67 | ETA: 7.9 min
2026-09-12 15:47:01,877 | INFO | Steps: 119296/150000 | Episodes: 233 | LastEpReward: 50.671 | RecentReward: 45.334 | ActorLoss: -9.016604 | CriticLoss: 0.038107 | Q: 9.0051 | TargetQ: 9.0041 | TDAbs: 0.1952 | ActorGrad: 0.1020 | CriticGrad: 1.1825 | Noise: 0.0500 | Replay: 50000 | FPS: 65.73 | ETA: 7.8 min
2026-09-12 15:47:07,933 | INFO | Steps: 119808/150000 | Episodes: 234 | LastEpReward: 40.780 | RecentReward: 44.965 | ActorLoss: -8.979823 | CriticLoss: 0.041964 | Q: 8.9685 | TargetQ: 8.9604 | TDAbs: 0.2016 | ActorGrad: 0.1060 | CriticGrad: 1.2146 | Noise: 0.0500 | Replay: 50000 | FPS: 65.79 | ETA: 7.6 min
2026-09-12 15:47:13,991 | INFO | Steps: 120320/150000 | Episodes: 235 | LastEpReward: 47.844 | RecentReward: 45.572 | ActorLoss: -8.941299 | CriticLoss: 0.039538 | Q: 8.9307 | TargetQ: 8.9250 | TDAbs: 0.1959 | ActorGrad: 0.0894 | CriticGrad: 1.1751 | Noise: 0.0500 | Replay: 50000 | FPS: 65.85 | ETA: 7.5 min
2026-09-12 15:47:20,149 | INFO | Steps: 120832/150000 | Episodes: 236 | LastEpReward: 45.159 | RecentReward: 44.771 | ActorLoss: -8.974163 | CriticLoss: 0.041764 | Q: 8.9378 | TargetQ: 8.9377 | TDAbs: 0.2025 | ActorGrad: 0.0857 | CriticGrad: 1.3222 | Noise: 0.0500 | Replay: 50000 | FPS: 65.91 | ETA: 7.4 min
2026-09-12 15:47:26,360 | INFO | Steps: 121344/150000 | Episodes: 237 | LastEpReward: -0.317 | RecentReward: 40.826 | ActorLoss: -9.017066 | CriticLoss: 0.043390 | Q: 8.9973 | TargetQ: 8.9981 | TDAbs: 0.2053 | ActorGrad: 0.0105 | CriticGrad: 1.4776 | Noise: 0.0500 | Replay: 50000 | FPS: 65.96 | ETA: 7.2 min
2026-09-12 15:47:32,508 | INFO | Steps: 121856/150000 | Episodes: 238 | LastEpReward: 25.534 | RecentReward: 39.263 | ActorLoss: -9.024885 | CriticLoss: 0.038237 | Q: 9.0054 | TargetQ: 9.0016 | TDAbs: 0.1924 | ActorGrad: 0.0309 | CriticGrad: 1.1914 | Noise: 0.0500 | Replay: 50000 | FPS: 66.02 | ETA: 7.1 min
2026-09-12 15:47:38,632 | INFO | Steps: 122368/150000 | Episodes: 239 | LastEpReward: 28.115 | RecentReward: 38.606 | ActorLoss: -9.050435 | CriticLoss: 0.035563 | Q: 9.0345 | TargetQ: 9.0338 | TDAbs: 0.1902 | ActorGrad: 0.0571 | CriticGrad: 1.2889 | Noise: 0.0500 | Replay: 50000 | FPS: 66.08 | ETA: 7.0 min
2026-09-12 15:47:44,869 | INFO | 开始周期评估: Steps=122880 | Episodes=240 | EvalEpisodes=5
2026-09-12 15:48:02,057 | INFO | 周期评估完成: Steps=122880 | MeanReward=27.717 | StdReward=7.607
2026-09-12 15:48:02,064 | INFO | Steps: 122880/150000 | Episodes: 240 | LastEpReward: 28.167 | RecentReward: 36.864 | ActorLoss: -9.068907 | CriticLoss: 0.034736 | Q: 9.0534 | TargetQ: 9.0522 | TDAbs: 0.1853 | ActorGrad: 0.0512 | CriticGrad: 1.0466 | Noise: 0.0500 | Replay: 50000 | FPS: 65.53 | ETA: 6.9 min
2026-09-12 15:48:08,242 | INFO | Steps: 123392/150000 | Episodes: 241 | LastEpReward: 40.344 | RecentReward: 35.377 | ActorLoss: -9.086649 | CriticLoss: 0.036039 | Q: 9.0706 | TargetQ: 9.0669 | TDAbs: 0.1913 | ActorGrad: 0.0907 | CriticGrad: 1.0812 | Noise: 0.0500 | Replay: 50000 | FPS: 65.58 | ETA: 6.8 min
2026-09-12 15:48:14,316 | INFO | Steps: 123904/150000 | Episodes: 242 | LastEpReward: 47.606 | RecentReward: 35.390 | ActorLoss: -9.136609 | CriticLoss: 0.033375 | Q: 9.1185 | TargetQ: 9.1160 | TDAbs: 0.1843 | ActorGrad: 0.1362 | CriticGrad: 1.3491 | Noise: 0.0500 | Replay: 50000 | FPS: 65.64 | ETA: 6.6 min
2026-09-12 15:48:20,385 | INFO | Steps: 124416/150000 | Episodes: 243 | LastEpReward: 40.381 | RecentReward: 34.361 | ActorLoss: -9.104442 | CriticLoss: 0.038157 | Q: 9.0857 | TargetQ: 9.0793 | TDAbs: 0.1932 | ActorGrad: 0.1755 | CriticGrad: 1.2481 | Noise: 0.0500 | Replay: 50000 | FPS: 65.70 | ETA: 6.5 min
2026-09-12 15:48:26,580 | INFO | Steps: 124928/150000 | Episodes: 244 | LastEpReward: 41.302 | RecentReward: 34.413 | ActorLoss: -9.168292 | CriticLoss: 0.047504 | Q: 9.1493 | TargetQ: 9.1450 | TDAbs: 0.2183 | ActorGrad: 0.1690 | CriticGrad: 1.3490 | Noise: 0.0500 | Replay: 50000 | FPS: 65.76 | ETA: 6.4 min
2026-09-12 15:48:32,833 | INFO | Steps: 125440/150000 | Episodes: 245 | LastEpReward: 49.032 | RecentReward: 34.532 | ActorLoss: -9.172035 | CriticLoss: 0.046137 | Q: 9.1463 | TargetQ: 9.1407 | TDAbs: 0.2179 | ActorGrad: 0.1818 | CriticGrad: 1.2472 | Noise: 0.0500 | Replay: 50000 | FPS: 65.81 | ETA: 6.2 min
2026-09-12 15:48:38,991 | INFO | Steps: 125952/150000 | Episodes: 246 | LastEpReward: 33.558 | RecentReward: 33.372 | ActorLoss: -9.169872 | CriticLoss: 0.050929 | Q: 9.1382 | TargetQ: 9.1342 | TDAbs: 0.2288 | ActorGrad: 0.1557 | CriticGrad: 1.2453 | Noise: 0.0500 | Replay: 50000 | FPS: 65.87 | ETA: 6.1 min
2026-09-12 15:48:45,114 | INFO | Steps: 126464/150000 | Episodes: 247 | LastEpReward: 12.306 | RecentReward: 34.634 | ActorLoss: -9.181088 | CriticLoss: 0.057228 | Q: 9.1407 | TargetQ: 9.1373 | TDAbs: 0.2461 | ActorGrad: 0.1544 | CriticGrad: 1.3428 | Noise: 0.0500 | Replay: 50000 | FPS: 65.93 | ETA: 6.0 min
2026-09-12 15:48:51,208 | INFO | Steps: 126976/150000 | Episodes: 248 | LastEpReward: 18.136 | RecentReward: 33.895 | ActorLoss: -9.280687 | CriticLoss: 0.067193 | Q: 9.2350 | TargetQ: 9.2311 | TDAbs: 0.2653 | ActorGrad: 0.1591 | CriticGrad: 1.6232 | Noise: 0.0500 | Replay: 50000 | FPS: 65.98 | ETA: 5.8 min
2026-09-12 15:48:57,347 | INFO | Steps: 127488/150000 | Episodes: 249 | LastEpReward: 18.413 | RecentReward: 32.924 | ActorLoss: -9.385962 | CriticLoss: 0.073156 | Q: 9.3410 | TargetQ: 9.3373 | TDAbs: 0.2765 | ActorGrad: 0.1654 | CriticGrad: 1.7416 | Noise: 0.0500 | Replay: 50000 | FPS: 66.04 | ETA: 5.7 min
2026-09-12 15:49:03,600 | INFO | 开始周期评估: Steps=128000 | Episodes=250 | EvalEpisodes=5
2026-09-12 15:49:20,802 | INFO | 周期评估完成: Steps=128000 | MeanReward=21.534 | StdReward=3.093
2026-09-12 15:49:20,808 | INFO | Steps: 128000/150000 | Episodes: 250 | LastEpReward: 16.092 | RecentReward: 31.717 | ActorLoss: -9.446477 | CriticLoss: 0.079662 | Q: 9.4004 | TargetQ: 9.3918 | TDAbs: 0.2910 | ActorGrad: 0.1545 | CriticGrad: 1.8069 | Noise: 0.0500 | Replay: 50000 | FPS: 65.51 | ETA: 5.6 min
2026-09-12 15:49:26,907 | INFO | Steps: 128512/150000 | Episodes: 251 | LastEpReward: 20.719 | RecentReward: 29.754 | ActorLoss: -9.453917 | CriticLoss: 0.076596 | Q: 9.4137 | TargetQ: 9.4088 | TDAbs: 0.2839 | ActorGrad: 0.1685 | CriticGrad: 1.5805 | Noise: 0.0500 | Replay: 50000 | FPS: 65.56 | ETA: 5.5 min
2026-09-12 15:49:33,139 | INFO | Steps: 129024/150000 | Episodes: 252 | LastEpReward: 23.359 | RecentReward: 27.330 | ActorLoss: -9.484806 | CriticLoss: 0.080592 | Q: 9.4325 | TargetQ: 9.4307 | TDAbs: 0.2919 | ActorGrad: 0.1929 | CriticGrad: 1.5047 | Noise: 0.0500 | Replay: 50000 | FPS: 65.62 | ETA: 5.3 min
2026-09-12 15:49:39,128 | INFO | Steps: 129536/150000 | Episodes: 253 | LastEpReward: 24.804 | RecentReward: 25.772 | ActorLoss: -9.485882 | CriticLoss: 0.085088 | Q: 9.4473 | TargetQ: 9.4407 | TDAbs: 0.2998 | ActorGrad: 0.2095 | CriticGrad: 1.7260 | Noise: 0.0500 | Replay: 50000 | FPS: 65.68 | ETA: 5.2 min
2026-09-12 15:49:45,154 | INFO | Steps: 130048/150000 | Episodes: 254 | LastEpReward: 21.690 | RecentReward: 23.811 | ActorLoss: -9.545799 | CriticLoss: 0.084044 | Q: 9.4961 | TargetQ: 9.4925 | TDAbs: 0.2985 | ActorGrad: 0.2206 | CriticGrad: 1.6770 | Noise: 0.0500 | Replay: 50000 | FPS: 65.74 | ETA: 5.1 min
2026-09-12 15:49:51,251 | INFO | Steps: 130560/150000 | Episodes: 255 | LastEpReward: 21.220 | RecentReward: 21.030 | ActorLoss: -9.504480 | CriticLoss: 0.085402 | Q: 9.4710 | TargetQ: 9.4641 | TDAbs: 0.3021 | ActorGrad: 0.2437 | CriticGrad: 1.7197 | Noise: 0.0500 | Replay: 50000 | FPS: 65.79 | ETA: 4.9 min
2026-09-12 15:49:57,632 | INFO | Steps: 131072/150000 | Episodes: 256 | LastEpReward: 23.191 | RecentReward: 19.993 | ActorLoss: -9.628854 | CriticLoss: 0.091708 | Q: 9.5936 | TargetQ: 9.5849 | TDAbs: 0.3110 | ActorGrad: 0.2266 | CriticGrad: 1.6854 | Noise: 0.0500 | Replay: 50000 | FPS: 65.84 | ETA: 4.8 min
2026-09-12 15:50:03,737 | INFO | Steps: 131584/150000 | Episodes: 257 | LastEpReward: 18.722 | RecentReward: 20.635 | ActorLoss: -9.609423 | CriticLoss: 0.089059 | Q: 9.5770 | TargetQ: 9.5701 | TDAbs: 0.3088 | ActorGrad: 0.2173 | CriticGrad: 1.7301 | Noise: 0.0500 | Replay: 50000 | FPS: 65.89 | ETA: 4.7 min
2026-09-12 15:50:09,816 | INFO | Steps: 132096/150000 | Episodes: 258 | LastEpReward: 17.655 | RecentReward: 20.587 | ActorLoss: -9.549186 | CriticLoss: 0.091647 | Q: 9.5163 | TargetQ: 9.5127 | TDAbs: 0.3103 | ActorGrad: 0.2504 | CriticGrad: 1.9434 | Noise: 0.0500 | Replay: 50000 | FPS: 65.95 | ETA: 4.5 min
2026-09-12 15:50:15,807 | INFO | Steps: 132608/150000 | Episodes: 259 | LastEpReward: 14.141 | RecentReward: 20.159 | ActorLoss: -9.552434 | CriticLoss: 0.092246 | Q: 9.5283 | TargetQ: 9.5239 | TDAbs: 0.3135 | ActorGrad: 0.2450 | CriticGrad: 1.7065 | Noise: 0.0500 | Replay: 50000 | FPS: 66.01 | ETA: 4.4 min
2026-09-12 15:50:22,073 | INFO | 开始周期评估: Steps=133120 | Episodes=260 | EvalEpisodes=5
2026-09-12 15:50:39,082 | INFO | 周期评估完成: Steps=133120 | MeanReward=20.392 | StdReward=2.457
2026-09-12 15:50:39,088 | INFO | Steps: 133120/150000 | Episodes: 260 | LastEpReward: 21.081 | RecentReward: 20.658 | ActorLoss: -9.521676 | CriticLoss: 0.086809 | Q: 9.4902 | TargetQ: 9.4845 | TDAbs: 0.3089 | ActorGrad: 0.2268 | CriticGrad: 1.7976 | Noise: 0.0500 | Replay: 50000 | FPS: 65.50 | ETA: 4.3 min
2026-09-12 15:50:45,478 | INFO | Steps: 133632/150000 | Episodes: 261 | LastEpReward: 17.522 | RecentReward: 20.338 | ActorLoss: -9.494005 | CriticLoss: 0.093036 | Q: 9.4711 | TargetQ: 9.4703 | TDAbs: 0.3153 | ActorGrad: 0.2510 | CriticGrad: 1.8088 | Noise: 0.0500 | Replay: 50000 | FPS: 65.55 | ETA: 4.2 min
2026-09-12 15:50:51,708 | INFO | Steps: 134144/150000 | Episodes: 262 | LastEpReward: 25.283 | RecentReward: 20.531 | ActorLoss: -9.535862 | CriticLoss: 0.099027 | Q: 9.5130 | TargetQ: 9.5011 | TDAbs: 0.3225 | ActorGrad: 0.2693 | CriticGrad: 1.8939 | Noise: 0.0500 | Replay: 50000 | FPS: 65.60 | ETA: 4.0 min
2026-09-12 15:50:57,829 | INFO | Steps: 134656/150000 | Episodes: 263 | LastEpReward: 28.270 | RecentReward: 20.878 | ActorLoss: -9.508028 | CriticLoss: 0.094419 | Q: 9.4937 | TargetQ: 9.4825 | TDAbs: 0.3191 | ActorGrad: 0.2442 | CriticGrad: 2.1395 | Noise: 0.0500 | Replay: 50000 | FPS: 65.65 | ETA: 3.9 min
2026-09-12 15:51:04,069 | INFO | Steps: 135168/150000 | Episodes: 264 | LastEpReward: 28.852 | RecentReward: 21.594 | ActorLoss: -9.478918 | CriticLoss: 0.097085 | Q: 9.4613 | TargetQ: 9.4599 | TDAbs: 0.3239 | ActorGrad: 0.2330 | CriticGrad: 1.9575 | Noise: 0.0500 | Replay: 50000 | FPS: 65.70 | ETA: 3.8 min
2026-09-12 15:51:10,424 | INFO | Steps: 135680/150000 | Episodes: 265 | LastEpReward: 33.243 | RecentReward: 22.796 | ActorLoss: -9.407377 | CriticLoss: 0.095399 | Q: 9.3822 | TargetQ: 9.3768 | TDAbs: 0.3237 | ActorGrad: 0.2977 | CriticGrad: 1.8272 | Noise: 0.0500 | Replay: 50000 | FPS: 65.75 | ETA: 3.6 min
2026-09-12 15:51:16,470 | INFO | Steps: 136192/150000 | Episodes: 266 | LastEpReward: 32.076 | RecentReward: 23.684 | ActorLoss: -9.403500 | CriticLoss: 0.102526 | Q: 9.3810 | TargetQ: 9.3762 | TDAbs: 0.3299 | ActorGrad: 0.2539 | CriticGrad: 2.0731 | Noise: 0.0500 | Replay: 50000 | FPS: 65.80 | ETA: 3.5 min
2026-09-12 15:51:22,486 | INFO | Steps: 136704/150000 | Episodes: 267 | LastEpReward: 26.071 | RecentReward: 24.419 | ActorLoss: -9.339217 | CriticLoss: 0.096509 | Q: 9.3137 | TargetQ: 9.3110 | TDAbs: 0.3200 | ActorGrad: 0.2611 | CriticGrad: 1.9010 | Noise: 0.0500 | Replay: 50000 | FPS: 65.86 | ETA: 3.4 min
2026-09-12 15:51:28,477 | INFO | Steps: 137216/150000 | Episodes: 268 | LastEpReward: 31.613 | RecentReward: 25.815 | ActorLoss: -9.429294 | CriticLoss: 0.100422 | Q: 9.4058 | TargetQ: 9.4062 | TDAbs: 0.3287 | ActorGrad: 0.2753 | CriticGrad: 2.0303 | Noise: 0.0500 | Replay: 50000 | FPS: 65.92 | ETA: 3.2 min
2026-09-12 15:51:34,674 | INFO | Steps: 137728/150000 | Episodes: 269 | LastEpReward: 30.050 | RecentReward: 27.406 | ActorLoss: -9.341495 | CriticLoss: 0.103202 | Q: 9.3200 | TargetQ: 9.3145 | TDAbs: 0.3304 | ActorGrad: 0.2721 | CriticGrad: 2.0282 | Noise: 0.0500 | Replay: 50000 | FPS: 65.97 | ETA: 3.1 min
2026-09-12 15:51:40,780 | INFO | 开始周期评估: Steps=138240 | Episodes=270 | EvalEpisodes=5
2026-09-12 15:51:57,950 | INFO | 周期评估完成: Steps=138240 | MeanReward=39.181 | StdReward=6.250
2026-09-12 15:51:57,955 | INFO | Steps: 138240/150000 | Episodes: 270 | LastEpReward: 26.830 | RecentReward: 27.981 | ActorLoss: -9.322566 | CriticLoss: 0.100093 | Q: 9.3010 | TargetQ: 9.2962 | TDAbs: 0.3284 | ActorGrad: 0.2550 | CriticGrad: 1.8383 | Noise: 0.0500 | Replay: 50000 | FPS: 65.48 | ETA: 3.0 min
2026-09-12 15:52:04,186 | INFO | Steps: 138752/150000 | Episodes: 271 | LastEpReward: 46.797 | RecentReward: 30.909 | ActorLoss: -9.316429 | CriticLoss: 0.101021 | Q: 9.2919 | TargetQ: 9.2869 | TDAbs: 0.3285 | ActorGrad: 0.3758 | CriticGrad: 2.0310 | Noise: 0.0500 | Replay: 50000 | FPS: 65.53 | ETA: 2.9 min
2026-09-12 15:52:10,236 | INFO | Steps: 139264/150000 | Episodes: 272 | LastEpReward: 37.346 | RecentReward: 32.115 | ActorLoss: -9.259864 | CriticLoss: 0.106119 | Q: 9.2351 | TargetQ: 9.2278 | TDAbs: 0.3340 | ActorGrad: 0.4158 | CriticGrad: 1.8836 | Noise: 0.0500 | Replay: 50000 | FPS: 65.58 | ETA: 2.7 min
2026-09-12 15:52:16,342 | INFO | Steps: 139776/150000 | Episodes: 273 | LastEpReward: 39.940 | RecentReward: 33.282 | ActorLoss: -9.195325 | CriticLoss: 0.110403 | Q: 9.1756 | TargetQ: 9.1637 | TDAbs: 0.3404 | ActorGrad: 0.3681 | CriticGrad: 1.9345 | Noise: 0.0500 | Replay: 50000 | FPS: 65.64 | ETA: 2.6 min
2026-09-12 15:52:22,548 | INFO | Steps: 140288/150000 | Episodes: 274 | LastEpReward: 56.794 | RecentReward: 36.076 | ActorLoss: -9.310851 | CriticLoss: 0.097135 | Q: 9.2871 | TargetQ: 9.2880 | TDAbs: 0.3261 | ActorGrad: 0.3868 | CriticGrad: 1.9635 | Noise: 0.0500 | Replay: 50000 | FPS: 65.69 | ETA: 2.5 min
2026-09-12 15:52:28,696 | INFO | Steps: 140800/150000 | Episodes: 275 | LastEpReward: 41.994 | RecentReward: 36.951 | ActorLoss: -9.185806 | CriticLoss: 0.096841 | Q: 9.1616 | TargetQ: 9.1580 | TDAbs: 0.3208 | ActorGrad: 0.3632 | CriticGrad: 1.9181 | Noise: 0.0500 | Replay: 50000 | FPS: 65.74 | ETA: 2.3 min
2026-09-12 15:52:34,911 | INFO | Steps: 141312/150000 | Episodes: 276 | LastEpReward: 34.867 | RecentReward: 37.230 | ActorLoss: -9.172935 | CriticLoss: 0.099475 | Q: 9.1462 | TargetQ: 9.1465 | TDAbs: 0.3233 | ActorGrad: 0.4231 | CriticGrad: 1.8818 | Noise: 0.0500 | Replay: 50000 | FPS: 65.78 | ETA: 2.2 min
2026-09-12 15:52:41,157 | INFO | Steps: 141824/150000 | Episodes: 277 | LastEpReward: 59.627 | RecentReward: 40.586 | ActorLoss: -9.242989 | CriticLoss: 0.097318 | Q: 9.2161 | TargetQ: 9.2090 | TDAbs: 0.3201 | ActorGrad: 0.3921 | CriticGrad: 2.0297 | Noise: 0.0500 | Replay: 50000 | FPS: 65.83 | ETA: 2.1 min
2026-09-12 15:52:47,333 | INFO | Steps: 142336/150000 | Episodes: 278 | LastEpReward: 46.881 | RecentReward: 42.113 | ActorLoss: -9.212484 | CriticLoss: 0.098826 | Q: 9.1840 | TargetQ: 9.1790 | TDAbs: 0.3217 | ActorGrad: 0.4165 | CriticGrad: 1.8768 | Noise: 0.0500 | Replay: 50000 | FPS: 65.88 | ETA: 1.9 min
2026-09-12 15:52:53,534 | INFO | Steps: 142848/150000 | Episodes: 279 | LastEpReward: 41.315 | RecentReward: 43.239 | ActorLoss: -9.208532 | CriticLoss: 0.100247 | Q: 9.1778 | TargetQ: 9.1752 | TDAbs: 0.3231 | ActorGrad: 0.3721 | CriticGrad: 2.0458 | Noise: 0.0500 | Replay: 50000 | FPS: 65.93 | ETA: 1.8 min
2026-09-12 15:52:59,910 | INFO | 开始周期评估: Steps=143360 | Episodes=280 | EvalEpisodes=5
2026-09-12 15:53:17,074 | INFO | 周期评估完成: Steps=143360 | MeanReward=45.171 | StdReward=2.867
2026-09-12 15:53:17,080 | INFO | Steps: 143360/150000 | Episodes: 280 | LastEpReward: 42.945 | RecentReward: 44.851 | ActorLoss: -9.247091 | CriticLoss: 0.104012 | Q: 9.2168 | TargetQ: 9.2065 | TDAbs: 0.3289 | ActorGrad: 0.4459 | CriticGrad: 2.0346 | Noise: 0.0500 | Replay: 50000 | FPS: 65.45 | ETA: 1.7 min
2026-09-12 15:53:23,221 | INFO | Steps: 143872/150000 | Episodes: 281 | LastEpReward: 42.004 | RecentReward: 44.371 | ActorLoss: -9.261958 | CriticLoss: 0.100076 | Q: 9.2288 | TargetQ: 9.2237 | TDAbs: 0.3238 | ActorGrad: 0.4124 | CriticGrad: 1.9315 | Noise: 0.0500 | Replay: 50000 | FPS: 65.50 | ETA: 1.6 min
2026-09-12 15:53:29,424 | INFO | Steps: 144384/150000 | Episodes: 282 | LastEpReward: 42.837 | RecentReward: 44.921 | ActorLoss: -9.219549 | CriticLoss: 0.108381 | Q: 9.1836 | TargetQ: 9.1796 | TDAbs: 0.3377 | ActorGrad: 0.4653 | CriticGrad: 2.0204 | Noise: 0.0500 | Replay: 50000 | FPS: 65.55 | ETA: 1.4 min
2026-09-12 15:53:35,374 | INFO | Steps: 144896/150000 | Episodes: 283 | LastEpReward: 25.718 | RecentReward: 43.498 | ActorLoss: -9.163043 | CriticLoss: 0.101605 | Q: 9.1329 | TargetQ: 9.1288 | TDAbs: 0.3296 | ActorGrad: 0.4340 | CriticGrad: 2.0435 | Noise: 0.0500 | Replay: 50000 | FPS: 65.61 | ETA: 1.3 min
2026-09-12 15:53:41,444 | INFO | Steps: 145408/150000 | Episodes: 284 | LastEpReward: 37.922 | RecentReward: 41.611 | ActorLoss: -9.158659 | CriticLoss: 0.102394 | Q: 9.1279 | TargetQ: 9.1206 | TDAbs: 0.3304 | ActorGrad: 0.4568 | CriticGrad: 2.1142 | Noise: 0.0500 | Replay: 50000 | FPS: 65.66 | ETA: 1.2 min
2026-09-12 15:53:47,735 | INFO | Steps: 145920/150000 | Episodes: 285 | LastEpReward: 48.263 | RecentReward: 42.238 | ActorLoss: -9.222378 | CriticLoss: 0.103512 | Q: 9.1904 | TargetQ: 9.1862 | TDAbs: 0.3259 | ActorGrad: 0.3970 | CriticGrad: 2.1466 | Noise: 0.0500 | Replay: 50000 | FPS: 65.70 | ETA: 1.0 min
2026-09-12 15:53:54,102 | INFO | Steps: 146432/150000 | Episodes: 286 | LastEpReward: 48.868 | RecentReward: 43.638 | ActorLoss: -9.162963 | CriticLoss: 0.102292 | Q: 9.1328 | TargetQ: 9.1264 | TDAbs: 0.3251 | ActorGrad: 0.3863 | CriticGrad: 2.1257 | Noise: 0.0500 | Replay: 50000 | FPS: 65.74 | ETA: 0.9 min
2026-09-12 15:54:00,178 | INFO | Steps: 146944/150000 | Episodes: 287 | LastEpReward: 46.279 | RecentReward: 42.303 | ActorLoss: -9.153250 | CriticLoss: 0.101967 | Q: 9.1242 | TargetQ: 9.1217 | TDAbs: 0.3248 | ActorGrad: 0.4397 | CriticGrad: 2.0614 | Noise: 0.0500 | Replay: 50000 | FPS: 65.80 | ETA: 0.8 min
2026-09-12 15:54:06,316 | INFO | Steps: 147456/150000 | Episodes: 288 | LastEpReward: 45.518 | RecentReward: 42.167 | ActorLoss: -9.137151 | CriticLoss: 0.096626 | Q: 9.1077 | TargetQ: 9.1022 | TDAbs: 0.3175 | ActorGrad: 0.4148 | CriticGrad: 2.0717 | Noise: 0.0500 | Replay: 50000 | FPS: 65.84 | ETA: 0.6 min
2026-09-12 15:54:12,449 | INFO | Steps: 147968/150000 | Episodes: 289 | LastEpReward: 45.255 | RecentReward: 42.561 | ActorLoss: -9.210839 | CriticLoss: 0.097172 | Q: 9.1821 | TargetQ: 9.1787 | TDAbs: 0.3191 | ActorGrad: 0.4165 | CriticGrad: 1.9305 | Noise: 0.0500 | Replay: 50000 | FPS: 65.89 | ETA: 0.5 min
2026-09-12 15:54:18,666 | INFO | 开始周期评估: Steps=148480 | Episodes=290 | EvalEpisodes=5
2026-09-12 15:54:35,876 | INFO | 周期评估完成: Steps=148480 | MeanReward=45.425 | StdReward=6.031
2026-09-12 15:54:35,882 | INFO | Steps: 148480/150000 | Episodes: 290 | LastEpReward: 41.218 | RecentReward: 42.388 | ActorLoss: -9.194600 | CriticLoss: 0.105766 | Q: 9.1563 | TargetQ: 9.1495 | TDAbs: 0.3290 | ActorGrad: 0.4320 | CriticGrad: 1.9954 | Noise: 0.0500 | Replay: 50000 | FPS: 65.44 | ETA: 0.4 min
2026-09-12 15:54:42,081 | INFO | Steps: 148992/150000 | Episodes: 291 | LastEpReward: 49.050 | RecentReward: 43.093 | ActorLoss: -9.310426 | CriticLoss: 0.103532 | Q: 9.2714 | TargetQ: 9.2627 | TDAbs: 0.3289 | ActorGrad: 0.4495 | CriticGrad: 2.1537 | Noise: 0.0500 | Replay: 50000 | FPS: 65.48 | ETA: 0.3 min
2026-09-12 15:54:48,264 | INFO | Steps: 149504/150000 | Episodes: 292 | LastEpReward: 39.081 | RecentReward: 42.717 | ActorLoss: -9.236077 | CriticLoss: 0.102998 | Q: 9.1941 | TargetQ: 9.1932 | TDAbs: 0.3288 | ActorGrad: 0.4775 | CriticGrad: 2.3307 | Noise: 0.0500 | Replay: 50000 | FPS: 65.53 | ETA: 0.1 min
2026-09-12 15:54:54,096 | INFO | Steps: 150000/150000 | Episodes: 292 | LastEpReward: 39.081 | RecentReward: 42.717 | ActorLoss: -9.241523 | CriticLoss: 0.112331 | Q: 9.1965 | TargetQ: 9.1835 | TDAbs: 0.3373 | ActorGrad: 0.4928 | CriticGrad: 2.0990 | Noise: 0.0500 | Replay: 50000 | FPS: 65.58 | ETA: 0.0 min
2026-09-12 15:55:28,597 | INFO | MADDPG 训练与评估完成，最佳权重: /home/pjpjq/LEO_switch/results/multiseed_0907/seed43/u20/learned_baselines/maddpg/maddpg_model.pt
