
$ /home/pjpjq/miniconda3/envs/satellite.env/bin/python scripts/train.py --exp_name han_mappo_latency_priority_multiuser_u35 --algorithm mappo --seed 42 --device auto --num_users 35 --total_timesteps 150000 --max_steps 512 --n_steps 1024 --batch_size 512 --learning_rate 0.0001 --n_epochs 4 --eval_interval 25000 --eval_episodes 5 --save_interval 50000 --graph_update_interval 1 --log_interval 1 --reward-load-balance-weight 0.05 --best-model-metric reward --save_path /home/pjpjq/LEO_switch/results/full_train_latency_priority_multiuser_u35_multiuser_single_seed_150k_20260804 --log_path /home/pjpjq/LEO_switch/results/logs
2026-08-06 12:29:05,073 | INFO | 初始化环境...
2026-08-06 12:29:05,078 | INFO |   - 原始观测维度: 76
2026-08-06 12:29:05,078 | INFO |   - HAN嵌入维度: 64
2026-08-06 12:29:05,078 | INFO |   - 拼接后观测维度: 140 (raw 76 + HAN 64)
2026-08-06 12:29:05,078 | INFO |   - 全局状态维度: 4900
2026-08-06 12:29:05,078 | INFO | 初始化图构建器...
2026-08-06 12:29:05,079 | INFO | 初始化HAN编码器...
2026-08-06 12:29:05,346 | INFO |   - HAN参数量: 200,832
2026-08-06 12:29:05,346 | INFO | 初始化MAPPO...
2026-08-06 12:29:09,766 | INFO |   - Actor参数量: 152,719
2026-08-06 12:29:09,766 | INFO |   - Critic参数量: 192,257
2026-08-06 12:29:09,767 | INFO | 初始化经验缓冲区...
2026-08-06 12:29:09,769 | INFO | 训练器初始化完成，设备: cuda
2026-08-06 12:29:09,769 | INFO | 环境: 35 用户, 66 卫星
2026-08-06 12:29:09,769 | INFO | ============================================================
2026-08-06 12:29:09,769 | INFO | 开始训练
2026-08-06 12:29:09,769 | INFO |   总步数: 150,000
2026-08-06 12:29:09,769 | INFO |   每轮步数: 1024
2026-08-06 12:29:09,769 | INFO |   图更新间隔: 1
2026-08-06 12:29:09,769 | INFO |   评估episodes: 5
2026-08-06 12:29:09,769 | INFO |   设备: cuda
2026-08-06 12:29:09,769 | INFO | ============================================================
2026-08-06 12:30:45,844 | INFO | Update    1 | Steps:   1,024 | Episodes:     2 | EpReward:    -3.73 | FPS:     11 | Actor Loss: -0.0042 | Critic Loss: 0.0566 | HAN Grad: 0.0346 | HAN Δ: 0.436067 | HAN Metapaths: 10
2026-08-06 12:30:45,844 | INFO |   Phase | Rollout: 61.09s | PPO update: 34.99s
2026-08-06 12:30:45,844 | INFO |   Env | HO: 99.95% | Cont: 91.01% | Task: 66.82% | Resolved: 99.92% | Delay: 3.614s | Energy: 22365.51J | MEC fair: 0.359
2026-08-06 12:30:45,844 | INFO |   Reward | Success: 238.71 | Load: 26.80 | Delay: -75.34 | Energy: -51.44 | TaskFail: -118.54 | Interrupt: -27.62 | HOFail: -0.01
2026-08-06 12:32:18,103 | INFO | Update    2 | Steps:   2,048 | Episodes:     4 | EpReward:    -2.74 | FPS:     11 | Actor Loss: -0.0050 | Critic Loss: 0.0453 | HAN Grad: 0.1108 | HAN Δ: 0.611215 | HAN Metapaths: 10
2026-08-06 12:32:18,103 | INFO |   Phase | Rollout: 57.68s | PPO update: 34.58s
2026-08-06 12:32:18,103 | INFO |   Env | HO: 99.75% | Cont: 90.06% | Task: 67.49% | Resolved: 99.91% | Delay: 3.615s | Energy: 22108.91J | MEC fair: 0.374
2026-08-06 12:32:18,104 | INFO |   Reward | Success: 244.06 | Load: 28.93 | Delay: -76.15 | Energy: -52.17 | TaskFail: -117.57 | Interrupt: -30.55 | HOFail: -0.06
2026-08-06 12:33:54,612 | INFO | Update    3 | Steps:   3,072 | Episodes:     6 | EpReward:     1.33 | FPS:     11 | Actor Loss: -0.0040 | Critic Loss: 0.0477 | HAN Grad: 0.1129 | HAN Δ: 0.375450 | HAN Metapaths: 10
2026-08-06 12:33:54,613 | INFO |   Phase | Rollout: 58.25s | PPO update: 38.26s
2026-08-06 12:33:54,613 | INFO |   Env | HO: 99.86% | Cont: 91.46% | Task: 70.10% | Resolved: 99.94% | Delay: 3.520s | Energy: 21248.11J | MEC fair: 0.429
2026-08-06 12:33:54,613 | INFO |   Reward | Success: 247.83 | Load: 33.44 | Delay: -77.81 | Energy: -52.52 | TaskFail: -105.69 | Interrupt: -26.24 | HOFail: -0.03
2026-08-06 12:35:31,905 | INFO | Update    4 | Steps:   4,096 | Episodes:     8 | EpReward:     1.56 | FPS:     11 | Actor Loss: -0.0037 | Critic Loss: 0.0419 | HAN Grad: 0.2338 | HAN Δ: 0.518657 | HAN Metapaths: 10
2026-08-06 12:35:31,906 | INFO |   Phase | Rollout: 61.04s | PPO update: 36.25s
2026-08-06 12:35:31,906 | INFO |   Env | HO: 99.88% | Cont: 94.47% | Task: 65.43% | Resolved: 99.91% | Delay: 3.900s | Energy: 22291.33J | MEC fair: 0.472
2026-08-06 12:35:31,906 | INFO |   Reward | Success: 232.40 | Load: 36.01 | Delay: -74.07 | Energy: -50.12 | TaskFail: -122.77 | Interrupt: -16.99 | HOFail: -0.02
2026-08-06 12:37:04,873 | INFO | Update    5 | Steps:   5,120 | Episodes:    10 | EpReward:     4.25 | FPS:     11 | Actor Loss: -0.0033 | Critic Loss: 0.0376 | HAN Grad: 0.1567 | HAN Δ: 0.396237 | HAN Metapaths: 10
2026-08-06 12:37:04,873 | INFO |   Phase | Rollout: 59.61s | PPO update: 33.35s
2026-08-06 12:37:04,873 | INFO |   Env | HO: 99.85% | Cont: 92.98% | Task: 71.61% | Resolved: 99.90% | Delay: 3.335s | Energy: 21177.15J | MEC fair: 0.387
2026-08-06 12:37:04,873 | INFO |   Reward | Success: 254.66 | Load: 30.47 | Delay: -78.58 | Energy: -53.99 | TaskFail: -100.94 | Interrupt: -21.56 | HOFail: -0.02
2026-08-06 12:38:46,430 | INFO | Update    6 | Steps:   6,144 | Episodes:    12 | EpReward:     6.67 | FPS:     10 | Actor Loss: -0.0034 | Critic Loss: 0.0631 | HAN Grad: 0.1999 | HAN Δ: 0.333664 | HAN Metapaths: 10
2026-08-06 12:38:46,431 | INFO |   Phase | Rollout: 61.73s | PPO update: 39.83s
2026-08-06 12:38:46,431 | INFO |   Env | HO: 99.85% | Cont: 94.11% | Task: 71.86% | Resolved: 99.87% | Delay: 3.279s | Energy: 21174.08J | MEC fair: 0.405
2026-08-06 12:38:46,431 | INFO |   Reward | Success: 258.97 | Load: 31.38 | Delay: -78.75 | Energy: -54.61 | TaskFail: -101.40 | Interrupt: -18.08 | HOFail: -0.02
2026-08-06 12:40:20,934 | INFO | Update    7 | Steps:   7,168 | Episodes:    14 | EpReward:     8.08 | FPS:     11 | Actor Loss: -0.0030 | Critic Loss: 0.0495 | HAN Grad: 0.2345 | HAN Δ: 0.433444 | HAN Metapaths: 10
2026-08-06 12:40:20,934 | INFO |   Phase | Rollout: 62.18s | PPO update: 32.32s
2026-08-06 12:40:20,934 | INFO |   Env | HO: 99.78% | Cont: 95.31% | Task: 70.43% | Resolved: 99.92% | Delay: 3.500s | Energy: 21481.10J | MEC fair: 0.386
2026-08-06 12:40:20,934 | INFO |   Reward | Success: 254.80 | Load: 32.45 | Delay: -78.82 | Energy: -53.84 | TaskFail: -107.00 | Interrupt: -14.40 | HOFail: -0.02
2026-08-06 12:41:48,501 | INFO | Update    8 | Steps:   8,192 | Episodes:    16 | EpReward:     9.68 | FPS:     12 | Actor Loss: -0.0025 | Critic Loss: 0.0414 | HAN Grad: 0.2539 | HAN Δ: 0.365471 | HAN Metapaths: 10
2026-08-06 12:41:48,501 | INFO |   Phase | Rollout: 54.61s | PPO update: 32.95s
2026-08-06 12:41:48,501 | INFO |   Env | HO: 99.88% | Cont: 95.01% | Task: 71.16% | Resolved: 99.94% | Delay: 3.463s | Energy: 21509.45J | MEC fair: 0.554
2026-08-06 12:41:48,501 | INFO |   Reward | Success: 255.86 | Load: 39.74 | Delay: -80.12 | Energy: -54.69 | TaskFail: -103.69 | Interrupt: -15.34 | HOFail: -0.01
2026-08-06 12:43:30,434 | INFO | Update    9 | Steps:   9,216 | Episodes:    18 | EpReward:    11.08 | FPS:     10 | Actor Loss: -0.0015 | Critic Loss: 0.0799 | HAN Grad: 0.2351 | HAN Δ: 0.350588 | HAN Metapaths: 10
2026-08-06 12:43:30,434 | INFO |   Phase | Rollout: 65.95s | PPO update: 35.98s
2026-08-06 12:43:30,434 | INFO |   Env | HO: 99.92% | Cont: 95.14% | Task: 71.32% | Resolved: 99.93% | Delay: 3.547s | Energy: 21428.48J | MEC fair: 0.595
2026-08-06 12:43:30,434 | INFO |   Reward | Success: 255.69 | Load: 40.81 | Delay: -79.99 | Energy: -54.20 | TaskFail: -102.80 | Interrupt: -14.94 | HOFail: -0.01
2026-08-06 12:45:12,616 | INFO | Update   10 | Steps:  10,240 | Episodes:    20 | EpReward:    13.50 | FPS:     10 | Actor Loss: -0.0009 | Critic Loss: 0.1074 | HAN Grad: 0.2662 | HAN Δ: 0.347504 | HAN Metapaths: 10
2026-08-06 12:45:12,617 | INFO |   Phase | Rollout: 63.66s | PPO update: 38.52s
2026-08-06 12:45:12,617 | INFO |   Env | HO: 99.83% | Cont: 96.29% | Task: 75.88% | Resolved: 99.90% | Delay: 3.096s | Energy: 19945.07J | MEC fair: 0.431
2026-08-06 12:45:12,617 | INFO |   Reward | Success: 272.29 | Load: 34.48 | Delay: -81.76 | Energy: -56.45 | TaskFail: -86.57 | Interrupt: -11.40 | HOFail: -0.01
2026-08-06 12:46:48,809 | INFO | Update   11 | Steps:  11,264 | Episodes:    22 | EpReward:    14.96 | FPS:     11 | Actor Loss: -0.0017 | Critic Loss: 0.0620 | HAN Grad: 0.2353 | HAN Δ: 0.326984 | HAN Metapaths: 10
2026-08-06 12:46:48,809 | INFO |   Phase | Rollout: 59.48s | PPO update: 36.71s
2026-08-06 12:46:48,809 | INFO |   Env | HO: 99.68% | Cont: 96.41% | Task: 73.04% | Resolved: 99.89% | Delay: 3.456s | Energy: 20619.58J | MEC fair: 0.548
2026-08-06 12:46:48,809 | INFO |   Reward | Success: 262.31 | Load: 39.54 | Delay: -80.07 | Energy: -54.83 | TaskFail: -96.80 | Interrupt: -11.02 | HOFail: -0.02
2026-08-06 12:48:30,759 | INFO | Update   12 | Steps:  12,288 | Episodes:    24 | EpReward:    16.37 | FPS:     10 | Actor Loss: -0.0008 | Critic Loss: 0.0703 | HAN Grad: 0.2259 | HAN Δ: 0.328154 | HAN Metapaths: 10
2026-08-06 12:48:30,759 | INFO |   Phase | Rollout: 61.35s | PPO update: 40.60s
2026-08-06 12:48:30,759 | INFO |   Env | HO: 100.00% | Cont: 95.71% | Task: 74.43% | Resolved: 99.88% | Delay: 3.281s | Energy: 20358.48J | MEC fair: 0.546
2026-08-06 12:48:30,759 | INFO |   Reward | Success: 264.31 | Load: 39.20 | Delay: -80.60 | Energy: -55.30 | TaskFail: -90.80 | Interrupt: -13.18 | HOFail: 0.00
2026-08-06 12:50:08,829 | INFO | Update   13 | Steps:  13,312 | Episodes:    26 | EpReward:    17.44 | FPS:     10 | Actor Loss: -0.0008 | Critic Loss: 0.0416 | HAN Grad: 0.2861 | HAN Δ: 0.346677 | HAN Metapaths: 10
2026-08-06 12:50:08,830 | INFO |   Phase | Rollout: 60.17s | PPO update: 37.90s
2026-08-06 12:50:08,830 | INFO |   Env | HO: 99.60% | Cont: 96.18% | Task: 73.32% | Resolved: 99.89% | Delay: 3.387s | Energy: 20488.92J | MEC fair: 0.649
2026-08-06 12:50:08,830 | INFO |   Reward | Success: 263.26 | Load: 42.19 | Delay: -82.41 | Energy: -54.84 | TaskFail: -95.77 | Interrupt: -11.74 | HOFail: -0.01
2026-08-06 12:51:51,971 | INFO | Update   14 | Steps:  14,336 | Episodes:    28 | EpReward:    18.02 | FPS:     10 | Actor Loss: -0.0011 | Critic Loss: 0.0354 | HAN Grad: 0.3095 | HAN Δ: 0.338325 | HAN Metapaths: 10
2026-08-06 12:51:51,971 | INFO |   Phase | Rollout: 65.51s | PPO update: 37.63s
2026-08-06 12:51:51,971 | INFO |   Env | HO: 100.00% | Cont: 97.49% | Task: 71.02% | Resolved: 99.92% | Delay: 3.740s | Energy: 20949.06J | MEC fair: 0.539
2026-08-06 12:51:51,971 | INFO |   Reward | Success: 256.69 | Load: 39.37 | Delay: -78.92 | Energy: -53.50 | TaskFail: -104.74 | Interrupt: -7.72 | HOFail: 0.00
2026-08-06 12:53:22,854 | INFO | Update   15 | Steps:  15,360 | Episodes:    30 | EpReward:    19.43 | FPS:     11 | Actor Loss: -0.0016 | Critic Loss: 0.0530 | HAN Grad: 0.2780 | HAN Δ: 0.320327 | HAN Metapaths: 10
2026-08-06 12:53:22,855 | INFO |   Phase | Rollout: 54.19s | PPO update: 36.69s
2026-08-06 12:53:22,855 | INFO |   Env | HO: 100.00% | Cont: 95.69% | Task: 76.44% | Resolved: 99.89% | Delay: 3.178s | Energy: 19396.92J | MEC fair: 0.633
2026-08-06 12:53:22,855 | INFO |   Reward | Success: 272.20 | Load: 43.04 | Delay: -84.07 | Energy: -55.65 | TaskFail: -83.91 | Interrupt: -13.25 | HOFail: 0.00
2026-08-06 12:55:00,358 | INFO | Update   16 | Steps:  16,384 | Episodes:    32 | EpReward:    20.74 | FPS:     11 | Actor Loss: -0.0010 | Critic Loss: 0.0972 | HAN Grad: 0.2711 | HAN Δ: 0.301146 | HAN Metapaths: 10
2026-08-06 12:55:00,359 | INFO |   Phase | Rollout: 64.01s | PPO update: 33.49s
2026-08-06 12:55:00,359 | INFO |   Env | HO: 100.00% | Cont: 96.70% | Task: 76.87% | Resolved: 99.88% | Delay: 3.074s | Energy: 19568.15J | MEC fair: 0.572
2026-08-06 12:55:00,359 | INFO |   Reward | Success: 270.94 | Load: 40.84 | Delay: -83.13 | Energy: -56.20 | TaskFail: -81.54 | Interrupt: -10.13 | HOFail: 0.00
2026-08-06 12:56:36,353 | INFO | Update   17 | Steps:  17,408 | Episodes:    34 | EpReward:    21.83 | FPS:     11 | Actor Loss: -0.0005 | Critic Loss: 0.0407 | HAN Grad: 0.2722 | HAN Δ: 0.339301 | HAN Metapaths: 10
2026-08-06 12:56:36,354 | INFO |   Phase | Rollout: 61.13s | PPO update: 34.86s
2026-08-06 12:56:36,354 | INFO |   Env | HO: 100.00% | Cont: 95.57% | Task: 77.02% | Resolved: 99.88% | Delay: 3.192s | Energy: 19055.68J | MEC fair: 0.481
2026-08-06 12:56:36,354 | INFO |   Reward | Success: 270.74 | Load: 38.38 | Delay: -81.23 | Energy: -55.17 | TaskFail: -80.77 | Interrupt: -13.61 | HOFail: 0.00
2026-08-06 12:58:15,275 | INFO | Update   18 | Steps:  18,432 | Episodes:    36 | EpReward:    22.96 | FPS:     10 | Actor Loss: -0.0006 | Critic Loss: 0.0858 | HAN Grad: 0.2828 | HAN Δ: 0.277453 | HAN Metapaths: 10
2026-08-06 12:58:15,276 | INFO |   Phase | Rollout: 64.00s | PPO update: 34.92s
2026-08-06 12:58:15,276 | INFO |   Env | HO: 100.00% | Cont: 96.65% | Task: 76.95% | Resolved: 99.90% | Delay: 3.186s | Energy: 19401.87J | MEC fair: 0.581
2026-08-06 12:58:15,276 | INFO |   Reward | Success: 274.43 | Load: 41.59 | Delay: -82.73 | Energy: -56.41 | TaskFail: -82.20 | Interrupt: -10.29 | HOFail: 0.00
2026-08-06 12:59:44,744 | INFO | Update   19 | Steps:  19,456 | Episodes:    38 | EpReward:    24.19 | FPS:     11 | Actor Loss: -0.0008 | Critic Loss: 0.1869 | HAN Grad: 0.2932 | HAN Δ: 0.355874 | HAN Metapaths: 10
2026-08-06 12:59:44,744 | INFO |   Phase | Rollout: 55.23s | PPO update: 34.24s
2026-08-06 12:59:44,744 | INFO |   Env | HO: 100.00% | Cont: 98.15% | Task: 77.25% | Resolved: 99.90% | Delay: 3.121s | Energy: 19729.34J | MEC fair: 0.740
2026-08-06 12:59:44,744 | INFO |   Reward | Success: 276.17 | Load: 45.21 | Delay: -84.56 | Energy: -57.10 | TaskFail: -81.34 | Interrupt: -5.68 | HOFail: 0.00
2026-08-06 13:01:28,032 | INFO | Update   20 | Steps:  20,480 | Episodes:    40 | EpReward:    25.18 | FPS:     10 | Actor Loss: 0.0000 | Critic Loss: 0.0692 | HAN Grad: 0.2810 | HAN Δ: 0.311653 | HAN Metapaths: 10
2026-08-06 13:01:28,032 | INFO |   Phase | Rollout: 65.18s | PPO update: 38.10s
2026-08-06 13:01:28,032 | INFO |   Env | HO: 100.00% | Cont: 96.70% | Task: 77.68% | Resolved: 99.89% | Delay: 3.069s | Energy: 19494.34J | MEC fair: 0.583
2026-08-06 13:01:28,032 | INFO |   Reward | Success: 278.34 | Load: 40.31 | Delay: -83.53 | Energy: -57.18 | TaskFail: -79.97 | Interrupt: -10.14 | HOFail: 0.00
2026-08-06 13:03:06,239 | INFO | Update   21 | Steps:  21,504 | Episodes:    42 | EpReward:    26.05 | FPS:     10 | Actor Loss: 0.0000 | Critic Loss: 0.0841 | HAN Grad: 0.3255 | HAN Δ: 0.358803 | HAN Metapaths: 10
2026-08-06 13:03:06,240 | INFO |   Phase | Rollout: 63.54s | PPO update: 34.66s
2026-08-06 13:03:06,240 | INFO |   Env | HO: 100.00% | Cont: 97.95% | Task: 76.41% | Resolved: 99.86% | Delay: 3.243s | Energy: 19780.77J | MEC fair: 0.710
2026-08-06 13:03:06,240 | INFO |   Reward | Success: 273.03 | Load: 44.14 | Delay: -83.19 | Energy: -56.45 | TaskFail: -84.31 | Interrupt: -6.29 | HOFail: 0.00
2026-08-06 13:04:40,197 | INFO | Update   22 | Steps:  22,528 | Episodes:    44 | EpReward:    27.16 | FPS:     11 | Actor Loss: -0.0005 | Critic Loss: 0.1032 | HAN Grad: 0.3351 | HAN Δ: 0.297268 | HAN Metapaths: 10
2026-08-06 13:04:40,198 | INFO |   Phase | Rollout: 56.35s | PPO update: 37.60s
2026-08-06 13:04:40,198 | INFO |   Env | HO: 100.00% | Cont: 97.76% | Task: 79.30% | Resolved: 99.87% | Delay: 2.930s | Energy: 19096.09J | MEC fair: 0.603
2026-08-06 13:04:40,198 | INFO |   Reward | Success: 281.14 | Load: 41.91 | Delay: -84.34 | Energy: -57.45 | TaskFail: -73.37 | Interrupt: -6.89 | HOFail: 0.00
2026-08-06 13:06:20,683 | INFO | Update   23 | Steps:  23,552 | Episodes:    46 | EpReward:    28.35 | FPS:     10 | Actor Loss: -0.0001 | Critic Loss: 0.0808 | HAN Grad: 0.3522 | HAN Δ: 0.360358 | HAN Metapaths: 10
2026-08-06 13:06:20,683 | INFO |   Phase | Rollout: 62.07s | PPO update: 38.42s
2026-08-06 13:06:20,683 | INFO |   Env | HO: 100.00% | Cont: 96.89% | Task: 80.91% | Resolved: 99.81% | Delay: 2.913s | Energy: 18579.28J | MEC fair: 0.550
2026-08-06 13:06:20,683 | INFO |   Reward | Success: 293.20 | Load: 40.87 | Delay: -87.22 | Energy: -58.91 | TaskFail: -69.20 | Interrupt: -9.56 | HOFail: 0.00
2026-08-06 13:08:06,209 | INFO | Update   24 | Steps:  24,576 | Episodes:    48 | EpReward:    29.44 | FPS:     10 | Actor Loss: -0.0004 | Critic Loss: 0.0917 | HAN Grad: 0.3599 | HAN Δ: 0.320080 | HAN Metapaths: 10
2026-08-06 13:08:06,209 | INFO |   Phase | Rollout: 70.25s | PPO update: 35.28s
2026-08-06 13:08:06,209 | INFO |   Env | HO: 100.00% | Cont: 96.41% | Task: 81.41% | Resolved: 99.87% | Delay: 2.824s | Energy: 18115.58J | MEC fair: 0.526
2026-08-06 13:08:06,209 | INFO |   Reward | Success: 289.06 | Load: 39.40 | Delay: -84.34 | Energy: -58.04 | TaskFail: -66.00 | Interrupt: -11.03 | HOFail: 0.00
2026-08-06 13:09:42,482 | INFO | Update   25 | Steps:  25,600 | Episodes:    50 | EpReward:    29.79 | FPS:     11 | Actor Loss: -0.0003 | Critic Loss: 0.0365 | HAN Grad: 0.3647 | HAN Δ: 0.363909 | HAN Metapaths: 10
2026-08-06 13:09:42,482 | INFO |   Phase | Rollout: 62.26s | PPO update: 34.02s
2026-08-06 13:09:42,482 | INFO |   Env | HO: 100.00% | Cont: 96.75% | Task: 75.48% | Resolved: 99.90% | Delay: 3.299s | Energy: 19604.92J | MEC fair: 0.596
2026-08-06 13:09:42,482 | INFO |   Reward | Success: 269.00 | Load: 42.46 | Delay: -82.75 | Energy: -54.89 | TaskFail: -87.40 | Interrupt: -9.99 | HOFail: 0.00
2026-08-06 13:09:42,482 | INFO | ----------------------------------------
2026-08-06 13:09:42,482 | INFO | 开始评估...
2026-08-06 13:12:07,195 | INFO | 评估结果: 奖励 = 51.36 ± 7.23, 长度 = 512, 时延 = 3.030s, 能耗 = 46551.64J, MEC公平性 = 0.633
2026-08-06 13:12:07,196 | INFO | 新的最佳模型 (reward): score = 51.3635, delay = 3.030s, completion = 79.42%, continuity = 97.72%, mec_fairness = 0.633
2026-08-06 13:12:07,252 | INFO | 模型已保存: /home/pjpjq/LEO_switch/results/full_train_latency_priority_multiuser_u35_multiuser_single_seed_150k_20260804/best_model.pt
2026-08-06 13:12:07,252 | INFO | 新的最佳奖励: 51.36
2026-08-06 13:12:07,252 | INFO | ----------------------------------------
2026-08-06 13:13:46,587 | INFO | Update   26 | Steps:  26,624 | Episodes:    52 | EpReward:    30.49 | FPS:     10 | Actor Loss: 0.0000 | Critic Loss: 0.0572 | HAN Grad: 0.3814 | HAN Δ: 0.296001 | HAN Metapaths: 10
2026-08-06 13:13:46,587 | INFO |   Phase | Rollout: 62.67s | PPO update: 36.66s
2026-08-06 13:13:46,588 | INFO |   Env | HO: 100.00% | Cont: 98.27% | Task: 77.70% | Resolved: 99.88% | Delay: 3.100s | Energy: 19236.45J | MEC fair: 0.703
2026-08-06 13:13:46,588 | INFO |   Reward | Success: 277.26 | Load: 44.91 | Delay: -84.88 | Energy: -56.68 | TaskFail: -79.57 | Interrupt: -5.31 | HOFail: 0.00
2026-08-06 13:15:24,198 | INFO | Update   27 | Steps:  27,648 | Episodes:    54 | EpReward:    31.10 | FPS:     10 | Actor Loss: -0.0003 | Critic Loss: 0.0402 | HAN Grad: 0.3791 | HAN Δ: 0.336809 | HAN Metapaths: 10
2026-08-06 13:15:24,198 | INFO |   Phase | Rollout: 60.91s | PPO update: 36.70s
2026-08-06 13:15:24,198 | INFO |   Env | HO: 100.00% | Cont: 97.71% | Task: 78.28% | Resolved: 99.87% | Delay: 3.117s | Energy: 19167.62J | MEC fair: 0.526
2026-08-06 13:15:24,198 | INFO |   Reward | Success: 280.89 | Load: 40.22 | Delay: -84.51 | Energy: -57.28 | TaskFail: -77.94 | Interrupt: -7.05 | HOFail: 0.00
2026-08-06 13:16:56,477 | INFO | Update   28 | Steps:  28,672 | Episodes:    56 | EpReward:    31.41 | FPS:     11 | Actor Loss: 0.0002 | Critic Loss: 0.0262 | HAN Grad: 0.3995 | HAN Δ: 0.386199 | HAN Metapaths: 10
2026-08-06 13:16:56,477 | INFO |   Phase | Rollout: 60.05s | PPO update: 32.22s
2026-08-06 13:16:56,478 | INFO |   Env | HO: 100.00% | Cont: 98.19% | Task: 75.50% | Resolved: 99.87% | Delay: 3.399s | Energy: 19722.44J | MEC fair: 0.549
2026-08-06 13:16:56,478 | INFO |   Reward | Success: 271.11 | Load: 40.43 | Delay: -83.12 | Energy: -55.35 | TaskFail: -88.00 | Interrupt: -5.57 | HOFail: 0.00
2026-08-06 13:18:36,177 | INFO | Update   29 | Steps:  29,696 | Episodes:    58 | EpReward:    31.88 | FPS:     10 | Actor Loss: 0.0004 | Critic Loss: 0.0325 | HAN Grad: 0.3832 | HAN Δ: 0.402502 | HAN Metapaths: 10
2026-08-06 13:18:36,177 | INFO |   Phase | Rollout: 62.61s | PPO update: 37.08s
2026-08-06 13:18:36,177 | INFO |   Env | HO: 100.00% | Cont: 98.35% | Task: 76.46% | Resolved: 99.91% | Delay: 3.306s | Energy: 19392.61J | MEC fair: 0.677
2026-08-06 13:18:36,177 | INFO |   Reward | Success: 275.74 | Load: 44.12 | Delay: -84.42 | Energy: -55.80 | TaskFail: -84.91 | Interrupt: -5.07 | HOFail: 0.00
2026-08-06 13:20:19,100 | INFO | Update   30 | Steps:  30,720 | Episodes:    60 | EpReward:    32.47 | FPS:     10 | Actor Loss: -0.0008 | Critic Loss: 0.0404 | HAN Grad: 0.3116 | HAN Δ: 0.354127 | HAN Metapaths: 10
2026-08-06 13:20:19,100 | INFO |   Phase | Rollout: 66.72s | PPO update: 36.20s
2026-08-06 13:20:19,100 | INFO |   Env | HO: 100.00% | Cont: 97.75% | Task: 78.53% | Resolved: 99.86% | Delay: 3.162s | Energy: 18702.38J | MEC fair: 0.596
2026-08-06 13:20:19,100 | INFO |   Reward | Success: 284.66 | Load: 41.26 | Delay: -85.03 | Energy: -56.65 | TaskFail: -77.83 | Interrupt: -6.92 | HOFail: 0.00
2026-08-06 13:21:56,434 | INFO | Update   31 | Steps:  31,744 | Episodes:    62 | EpReward:    32.89 | FPS:     11 | Actor Loss: 0.0002 | Critic Loss: 0.0193 | HAN Grad: 0.3499 | HAN Δ: 0.377514 | HAN Metapaths: 10
2026-08-06 13:21:56,434 | INFO |   Phase | Rollout: 59.79s | PPO update: 37.54s
2026-08-06 13:21:56,434 | INFO |   Env | HO: 100.00% | Cont: 97.56% | Task: 77.07% | Resolved: 99.87% | Delay: 3.220s | Energy: 19292.97J | MEC fair: 0.591
2026-08-06 13:21:56,434 | INFO |   Reward | Success: 277.43 | Load: 41.74 | Delay: -82.74 | Energy: -55.76 | TaskFail: -82.54 | Interrupt: -7.50 | HOFail: 0.00
2026-08-06 13:23:32,726 | INFO | Update   32 | Steps:  32,768 | Episodes:    64 | EpReward:    33.32 | FPS:     11 | Actor Loss: 0.0003 | Critic Loss: 0.0251 | HAN Grad: 0.3929 | HAN Δ: 0.353788 | HAN Metapaths: 10
2026-08-06 13:23:32,726 | INFO |   Phase | Rollout: 59.09s | PPO update: 37.20s
2026-08-06 13:23:32,726 | INFO |   Env | HO: 100.00% | Cont: 98.52% | Task: 77.13% | Resolved: 99.88% | Delay: 3.117s | Energy: 19482.38J | MEC fair: 0.740
2026-08-06 13:23:32,726 | INFO |   Reward | Success: 275.94 | Load: 45.58 | Delay: -84.95 | Energy: -56.43 | TaskFail: -81.83 | Interrupt: -4.53 | HOFail: 0.00
2026-08-06 13:25:09,399 | INFO | Update   33 | Steps:  33,792 | Episodes:    66 | EpReward:    33.63 | FPS:     11 | Actor Loss: -0.0001 | Critic Loss: 0.0088 | HAN Grad: 0.3201 | HAN Δ: 0.292063 | HAN Metapaths: 10
2026-08-06 13:25:09,399 | INFO |   Phase | Rollout: 61.75s | PPO update: 34.93s
2026-08-06 13:25:09,399 | INFO |   Env | HO: 100.00% | Cont: 97.35% | Task: 76.67% | Resolved: 99.93% | Delay: 3.232s | Energy: 19348.03J | MEC fair: 0.702
2026-08-06 13:25:09,399 | INFO |   Reward | Success: 269.29 | Load: 44.15 | Delay: -81.64 | Energy: -54.98 | TaskFail: -81.94 | Interrupt: -8.14 | HOFail: 0.00
2026-08-06 13:26:50,586 | INFO | Update   34 | Steps:  34,816 | Episodes:    68 | EpReward:    34.09 | FPS:     10 | Actor Loss: -0.0004 | Critic Loss: 0.0186 | HAN Grad: 0.3319 | HAN Δ: 0.362991 | HAN Metapaths: 10
2026-08-06 13:26:50,586 | INFO |   Phase | Rollout: 65.61s | PPO update: 35.57s
2026-08-06 13:26:50,586 | INFO |   Env | HO: 100.00% | Cont: 97.41% | Task: 79.24% | Resolved: 99.87% | Delay: 3.029s | Energy: 18510.58J | MEC fair: 0.472
2026-08-06 13:26:50,586 | INFO |   Reward | Success: 283.51 | Load: 36.91 | Delay: -83.07 | Energy: -56.54 | TaskFail: -74.29 | Interrupt: -7.94 | HOFail: 0.00
2026-08-06 13:28:18,484 | INFO | Update   35 | Steps:  35,840 | Episodes:    70 | EpReward:    34.41 | FPS:     12 | Actor Loss: -0.0003 | Critic Loss: 0.0107 | HAN Grad: 0.3409 | HAN Δ: 0.340285 | HAN Metapaths: 10
2026-08-06 13:28:18,484 | INFO |   Phase | Rollout: 55.96s | PPO update: 31.94s
2026-08-06 13:28:18,484 | INFO |   Env | HO: 100.00% | Cont: 97.01% | Task: 77.84% | Resolved: 99.90% | Delay: 3.094s | Energy: 19346.64J | MEC fair: 0.559
2026-08-06 13:28:18,485 | INFO |   Reward | Success: 277.23 | Load: 41.22 | Delay: -83.14 | Energy: -56.55 | TaskFail: -78.94 | Interrupt: -9.20 | HOFail: 0.00
2026-08-06 13:29:55,981 | INFO | Update   36 | Steps:  36,864 | Episodes:    72 | EpReward:    34.85 | FPS:     11 | Actor Loss: -0.0006 | Critic Loss: 0.0102 | HAN Grad: 0.3452 | HAN Δ: 0.351530 | HAN Metapaths: 10
2026-08-06 13:29:55,981 | INFO |   Phase | Rollout: 60.47s | PPO update: 37.02s
2026-08-06 13:29:55,981 | INFO |   Env | HO: 100.00% | Cont: 97.41% | Task: 79.63% | Resolved: 99.85% | Delay: 2.978s | Energy: 18368.33J | MEC fair: 0.429
2026-08-06 13:29:55,981 | INFO |   Reward | Success: 283.54 | Load: 36.04 | Delay: -82.07 | Energy: -56.69 | TaskFail: -72.54 | Interrupt: -7.96 | HOFail: 0.00
2026-08-06 13:31:25,848 | INFO | Update   37 | Steps:  37,888 | Episodes:    74 | EpReward:    35.30 | FPS:     11 | Actor Loss: 0.0001 | Critic Loss: 0.0387 | HAN Grad: 0.3823 | HAN Δ: 0.362676 | HAN Metapaths: 10
2026-08-06 13:31:25,848 | INFO |   Phase | Rollout: 59.08s | PPO update: 30.78s
2026-08-06 13:31:25,848 | INFO |   Env | HO: 100.00% | Cont: 98.82% | Task: 78.68% | Resolved: 99.89% | Delay: 3.093s | Energy: 19287.46J | MEC fair: 0.788
2026-08-06 13:31:25,848 | INFO |   Reward | Success: 281.00 | Load: 46.52 | Delay: -86.85 | Energy: -57.50 | TaskFail: -76.14 | Interrupt: -3.64 | HOFail: 0.00
2026-08-06 13:33:02,959 | INFO | Update   38 | Steps:  38,912 | Episodes:    76 | EpReward:    35.67 | FPS:     11 | Actor Loss: -0.0001 | Critic Loss: 0.0124 | HAN Grad: 0.3308 | HAN Δ: 0.344799 | HAN Metapaths: 10
2026-08-06 13:33:02,959 | INFO |   Phase | Rollout: 61.00s | PPO update: 36.11s
2026-08-06 13:33:02,959 | INFO |   Env | HO: 100.00% | Cont: 97.73% | Task: 78.82% | Resolved: 99.88% | Delay: 3.060s | Energy: 19171.02J | MEC fair: 0.634
2026-08-06 13:33:02,959 | INFO |   Reward | Success: 281.00 | Load: 41.80 | Delay: -84.45 | Energy: -57.23 | TaskFail: -75.51 | Interrupt: -6.98 | HOFail: 0.00
2026-08-06 13:34:39,939 | INFO | Update   39 | Steps:  39,936 | Episodes:    78 | EpReward:    36.28 | FPS:     11 | Actor Loss: -0.0007 | Critic Loss: 0.0222 | HAN Grad: 0.3350 | HAN Δ: 0.284026 | HAN Metapaths: 10
2026-08-06 13:34:39,939 | INFO |   Phase | Rollout: 62.41s | PPO update: 34.56s
2026-08-06 13:34:39,939 | INFO |   Env | HO: 100.00% | Cont: 97.80% | Task: 82.11% | Resolved: 99.88% | Delay: 2.799s | Energy: 18219.52J | MEC fair: 0.634
2026-08-06 13:34:39,939 | INFO |   Reward | Success: 291.43 | Load: 43.29 | Delay: -87.12 | Energy: -58.61 | TaskFail: -63.51 | Interrupt: -6.75 | HOFail: 0.00
2026-08-06 13:36:17,619 | INFO | Update   40 | Steps:  40,960 | Episodes:    80 | EpReward:    36.80 | FPS:     10 | Actor Loss: -0.0001 | Critic Loss: 0.0321 | HAN Grad: 0.3535 | HAN Δ: 0.363860 | HAN Metapaths: 10
2026-08-06 13:36:17,619 | INFO |   Phase | Rollout: 64.04s | PPO update: 33.64s
2026-08-06 13:36:17,619 | INFO |   Env | HO: 100.00% | Cont: 98.37% | Task: 80.66% | Resolved: 99.90% | Delay: 2.917s | Energy: 18284.23J | MEC fair: 0.670
2026-08-06 13:36:17,619 | INFO |   Reward | Success: 287.63 | Load: 44.15 | Delay: -86.33 | Energy: -57.27 | TaskFail: -68.97 | Interrupt: -5.02 | HOFail: 0.00
2026-08-06 13:37:51,948 | INFO | Update   41 | Steps:  41,984 | Episodes:    82 | EpReward:    37.12 | FPS:     11 | Actor Loss: -0.0004 | Critic Loss: 0.0157 | HAN Grad: 0.3398 | HAN Δ: 0.366393 | HAN Metapaths: 10
2026-08-06 13:37:51,948 | INFO |   Phase | Rollout: 58.54s | PPO update: 35.79s
2026-08-06 13:37:51,948 | INFO |   Env | HO: 100.00% | Cont: 97.55% | Task: 78.69% | Resolved: 99.88% | Delay: 3.111s | Energy: 18727.18J | MEC fair: 0.658
2026-08-06 13:37:51,948 | INFO |   Reward | Success: 281.11 | Load: 43.75 | Delay: -84.79 | Energy: -56.27 | TaskFail: -76.14 | Interrupt: -7.53 | HOFail: 0.00
2026-08-06 13:39:27,323 | INFO | Update   42 | Steps:  43,008 | Episodes:    84 | EpReward:    37.31 | FPS:     11 | Actor Loss: 0.0001 | Critic Loss: 0.0274 | HAN Grad: 0.3768 | HAN Δ: 0.377979 | HAN Metapaths: 10
2026-08-06 13:39:27,323 | INFO |   Phase | Rollout: 62.47s | PPO update: 32.90s
2026-08-06 13:39:27,323 | INFO |   Env | HO: 100.00% | Cont: 98.70% | Task: 76.82% | Resolved: 99.93% | Delay: 3.225s | Energy: 19425.20J | MEC fair: 0.586
2026-08-06 13:39:27,324 | INFO |   Reward | Success: 274.37 | Load: 42.30 | Delay: -83.80 | Energy: -55.76 | TaskFail: -82.77 | Interrupt: -3.98 | HOFail: 0.00
2026-08-06 13:41:09,255 | INFO | Update   43 | Steps:  44,032 | Episodes:    86 | EpReward:    37.57 | FPS:     10 | Actor Loss: -0.0001 | Critic Loss: 0.0122 | HAN Grad: 0.3490 | HAN Δ: 0.395044 | HAN Metapaths: 10
2026-08-06 13:41:09,255 | INFO |   Phase | Rollout: 63.47s | PPO update: 38.46s
2026-08-06 13:41:09,255 | INFO |   Env | HO: 100.00% | Cont: 98.24% | Task: 77.92% | Resolved: 99.90% | Delay: 3.133s | Energy: 19075.40J | MEC fair: 0.715
2026-08-06 13:41:09,255 | INFO |   Reward | Success: 276.94 | Load: 44.20 | Delay: -84.29 | Energy: -56.13 | TaskFail: -78.49 | Interrupt: -5.41 | HOFail: 0.00
2026-08-06 13:42:42,342 | INFO | Update   44 | Steps:  45,056 | Episodes:    88 | EpReward:    37.81 | FPS:     11 | Actor Loss: -0.0003 | Critic Loss: 0.0120 | HAN Grad: 0.3428 | HAN Δ: 0.347051 | HAN Metapaths: 10
2026-08-06 13:42:42,342 | INFO |   Phase | Rollout: 58.18s | PPO update: 34.91s
2026-08-06 13:42:42,342 | INFO |   Env | HO: 100.00% | Cont: 98.22% | Task: 77.35% | Resolved: 99.88% | Delay: 3.279s | Energy: 19157.82J | MEC fair: 0.806
2026-08-06 13:42:42,342 | INFO |   Reward | Success: 276.29 | Load: 46.57 | Delay: -84.56 | Energy: -55.88 | TaskFail: -80.91 | Interrupt: -5.46 | HOFail: 0.00
2026-08-06 13:44:24,303 | INFO | Update   45 | Steps:  46,080 | Episodes:    90 | EpReward:    38.08 | FPS:     10 | Actor Loss: 0.0001 | Critic Loss: 0.0102 | HAN Grad: 0.3454 | HAN Δ: 0.394843 | HAN Metapaths: 10
2026-08-06 13:44:24,303 | INFO |   Phase | Rollout: 62.60s | PPO update: 39.36s
2026-08-06 13:44:24,303 | INFO |   Env | HO: 100.00% | Cont: 97.95% | Task: 78.30% | Resolved: 99.85% | Delay: 3.128s | Energy: 18674.11J | MEC fair: 0.634
2026-08-06 13:44:24,303 | INFO |   Reward | Success: 280.86 | Load: 42.80 | Delay: -83.64 | Energy: -56.06 | TaskFail: -77.86 | Interrupt: -6.29 | HOFail: 0.00
2026-08-06 13:46:02,572 | INFO | Update   46 | Steps:  47,104 | Episodes:    92 | EpReward:    38.25 | FPS:     10 | Actor Loss: -0.0002 | Critic Loss: 0.0107 | HAN Grad: 0.3932 | HAN Δ: 0.397556 | HAN Metapaths: 10
2026-08-06 13:46:02,572 | INFO |   Phase | Rollout: 64.12s | PPO update: 34.15s
2026-08-06 13:46:02,572 | INFO |   Env | HO: 100.00% | Cont: 98.36% | Task: 76.71% | Resolved: 99.91% | Delay: 3.250s | Energy: 19322.14J | MEC fair: 0.627
2026-08-06 13:46:02,572 | INFO |   Reward | Success: 277.26 | Load: 42.49 | Delay: -82.47 | Energy: -55.69 | TaskFail: -84.17 | Interrupt: -5.03 | HOFail: 0.00
2026-08-06 13:47:38,831 | INFO | Update   47 | Steps:  48,128 | Episodes:    94 | EpReward:    38.34 | FPS:     11 | Actor Loss: -0.0003 | Critic Loss: 0.0160 | HAN Grad: 0.3260 | HAN Δ: 0.355882 | HAN Metapaths: 10
2026-08-06 13:47:38,831 | INFO |   Phase | Rollout: 62.67s | PPO update: 33.59s
2026-08-06 13:47:38,831 | INFO |   Env | HO: 100.00% | Cont: 97.69% | Task: 76.51% | Resolved: 99.87% | Delay: 3.170s | Energy: 19600.67J | MEC fair: 0.461
2026-08-06 13:47:38,831 | INFO |   Reward | Success: 278.37 | Load: 38.29 | Delay: -83.32 | Energy: -56.38 | TaskFail: -85.49 | Interrupt: -7.10 | HOFail: 0.00
2026-08-06 13:49:10,783 | INFO | Update   48 | Steps:  49,152 | Episodes:    96 | EpReward:    38.59 | FPS:     11 | Actor Loss: 0.0003 | Critic Loss: 0.0080 | HAN Grad: 0.3409 | HAN Δ: 0.351050 | HAN Metapaths: 10
2026-08-06 13:49:10,783 | INFO |   Phase | Rollout: 58.72s | PPO update: 33.23s
2026-08-06 13:49:10,783 | INFO |   Env | HO: 100.00% | Cont: 97.00% | Task: 79.22% | Resolved: 99.86% | Delay: 3.060s | Energy: 18526.78J | MEC fair: 0.656
2026-08-06 13:49:10,783 | INFO |   Reward | Success: 280.20 | Load: 43.04 | Delay: -83.20 | Energy: -56.11 | TaskFail: -73.51 | Interrupt: -9.22 | HOFail: 0.00
2026-08-06 13:50:46,498 | INFO | Update   49 | Steps:  50,176 | Episodes:    98 | EpReward:    38.90 | FPS:     11 | Actor Loss: 0.0001 | Critic Loss: 0.0089 | HAN Grad: 0.3876 | HAN Δ: 0.342647 | HAN Metapaths: 10
2026-08-06 13:50:46,498 | INFO |   Phase | Rollout: 62.78s | PPO update: 32.93s
2026-08-06 13:50:46,498 | INFO |   Env | HO: 100.00% | Cont: 97.31% | Task: 80.28% | Resolved: 99.90% | Delay: 3.035s | Energy: 18488.93J | MEC fair: 0.663
2026-08-06 13:50:46,498 | INFO |   Reward | Success: 285.51 | Load: 43.78 | Delay: -86.42 | Energy: -57.16 | TaskFail: -70.14 | Interrupt: -8.28 | HOFail: 0.00
2026-08-06 13:50:46,498 | INFO | ----------------------------------------
2026-08-06 13:50:46,499 | INFO | 开始评估...
2026-08-06 13:53:21,155 | INFO | 评估结果: 奖励 = 52.71 ± 7.96, 长度 = 512, 时延 = 3.000s, 能耗 = 46651.93J, MEC公平性 = 0.623
2026-08-06 13:53:21,155 | INFO | 新的最佳模型 (reward): score = 52.7058, delay = 3.000s, completion = 79.90%, continuity = 97.71%, mec_fairness = 0.623
2026-08-06 13:53:21,254 | INFO | 模型已保存: /home/pjpjq/LEO_switch/results/full_train_latency_priority_multiuser_u35_multiuser_single_seed_150k_20260804/best_model.pt
2026-08-06 13:53:21,255 | INFO | 新的最佳奖励: 52.71
2026-08-06 13:53:21,255 | INFO | ----------------------------------------
2026-08-06 13:53:21,354 | INFO | 模型已保存: /home/pjpjq/LEO_switch/results/full_train_latency_priority_multiuser_u35_multiuser_single_seed_150k_20260804/checkpoint_50176.pt
2026-08-06 13:54:53,672 | INFO | Update   50 | Steps:  51,200 | Episodes:   100 | EpReward:    38.94 | FPS:     11 | Actor Loss: -0.0005 | Critic Loss: 0.0086 | HAN Grad: 0.3259 | HAN Δ: 0.344577 | HAN Metapaths: 10
2026-08-06 13:54:53,673 | INFO |   Phase | Rollout: 59.07s | PPO update: 33.25s
2026-08-06 13:54:53,673 | INFO |   Env | HO: 100.00% | Cont: 96.70% | Task: 76.21% | Resolved: 99.90% | Delay: 3.240s | Energy: 20016.57J | MEC fair: 0.612
2026-08-06 13:54:53,673 | INFO |   Reward | Success: 278.23 | Load: 42.18 | Delay: -85.23 | Energy: -56.77 | TaskFail: -86.86 | Interrupt: -10.13 | HOFail: 0.00
2026-08-06 13:56:35,889 | INFO | Update   51 | Steps:  52,224 | Episodes:   102 | EpReward:    39.99 | FPS:     10 | Actor Loss: 0.0002 | Critic Loss: 0.0044 | HAN Grad: 0.3564 | HAN Δ: 0.337505 | HAN Metapaths: 10
2026-08-06 13:56:35,890 | INFO |   Phase | Rollout: 67.70s | PPO update: 34.51s
2026-08-06 13:56:35,890 | INFO |   Env | HO: 100.00% | Cont: 95.50% | Task: 79.57% | Resolved: 99.90% | Delay: 3.006s | Energy: 18705.18J | MEC fair: 0.633
2026-08-06 13:56:35,890 | INFO |   Reward | Success: 283.40 | Load: 42.50 | Delay: -84.78 | Energy: -56.98 | TaskFail: -72.77 | Interrupt: -13.83 | HOFail: 0.00
2026-08-06 13:58:12,198 | INFO | Update   52 | Steps:  53,248 | Episodes:   104 | EpReward:    40.99 | FPS:     11 | Actor Loss: -0.0001 | Critic Loss: 0.0088 | HAN Grad: 0.3484 | HAN Δ: 0.376951 | HAN Metapaths: 10
2026-08-06 13:58:12,198 | INFO |   Phase | Rollout: 58.82s | PPO update: 37.48s
2026-08-06 13:58:12,198 | INFO |   Env | HO: 100.00% | Cont: 98.29% | Task: 77.50% | Resolved: 99.92% | Delay: 3.138s | Energy: 19343.19J | MEC fair: 0.777
2026-08-06 13:58:12,198 | INFO |   Reward | Success: 279.43 | Load: 45.90 | Delay: -85.48 | Energy: -56.62 | TaskFail: -81.11 | Interrupt: -5.25 | HOFail: 0.00
2026-08-06 13:59:53,356 | INFO | Update   53 | Steps:  54,272 | Episodes:   106 | EpReward:    41.86 | FPS:     10 | Actor Loss: -0.0000 | Critic Loss: 0.0045 | HAN Grad: 0.4027 | HAN Δ: 0.344833 | HAN Metapaths: 10
2026-08-06 13:59:53,356 | INFO |   Phase | Rollout: 64.68s | PPO update: 36.48s
2026-08-06 13:59:53,356 | INFO |   Env | HO: 100.00% | Cont: 97.09% | Task: 80.20% | Resolved: 99.89% | Delay: 2.983s | Energy: 18562.03J | MEC fair: 0.653
2026-08-06 13:59:53,357 | INFO |   Reward | Success: 285.66 | Load: 43.52 | Delay: -85.67 | Energy: -57.74 | TaskFail: -70.51 | Interrupt: -8.93 | HOFail: 0.00
2026-08-06 14:01:32,154 | INFO | Update   54 | Steps:  55,296 | Episodes:   108 | EpReward:    42.78 | FPS:     10 | Actor Loss: 0.0004 | Critic Loss: 0.0040 | HAN Grad: 0.3913 | HAN Δ: 0.340463 | HAN Metapaths: 10
2026-08-06 14:01:32,155 | INFO |   Phase | Rollout: 62.84s | PPO update: 35.96s
2026-08-06 14:01:32,155 | INFO |   Env | HO: 100.00% | Cont: 97.60% | Task: 78.56% | Resolved: 99.90% | Delay: 3.089s | Energy: 18969.95J | MEC fair: 0.524
2026-08-06 14:01:32,155 | INFO |   Reward | Success: 281.54 | Load: 39.67 | Delay: -84.26 | Energy: -56.64 | TaskFail: -76.83 | Interrupt: -7.38 | HOFail: 0.00
2026-08-06 14:03:13,878 | INFO | Update   55 | Steps:  56,320 | Episodes:   110 | EpReward:    43.48 | FPS:     10 | Actor Loss: -0.0001 | Critic Loss: 0.0045 | HAN Grad: 0.3822 | HAN Δ: 0.338907 | HAN Metapaths: 10
2026-08-06 14:03:13,878 | INFO |   Phase | Rollout: 63.47s | PPO update: 38.25s
2026-08-06 14:03:13,878 | INFO |   Env | HO: 100.00% | Cont: 96.65% | Task: 79.33% | Resolved: 99.86% | Delay: 3.083s | Energy: 18879.88J | MEC fair: 0.649
2026-08-06 14:03:13,878 | INFO |   Reward | Success: 284.71 | Load: 43.13 | Delay: -85.64 | Energy: -57.33 | TaskFail: -74.17 | Interrupt: -10.28 | HOFail: 0.00
2026-08-06 14:04:52,012 | INFO | Update   56 | Steps:  57,344 | Episodes:   112 | EpReward:    43.96 | FPS:     10 | Actor Loss: -0.0007 | Critic Loss: 0.0075 | HAN Grad: 0.3603 | HAN Δ: 0.369757 | HAN Metapaths: 10
2026-08-06 14:04:52,012 | INFO |   Phase | Rollout: 60.66s | PPO update: 37.47s
2026-08-06 14:04:52,012 | INFO |   Env | HO: 100.00% | Cont: 98.14% | Task: 75.42% | Resolved: 99.94% | Delay: 3.315s | Energy: 20022.27J | MEC fair: 0.765
2026-08-06 14:04:52,012 | INFO |   Reward | Success: 274.43 | Load: 45.98 | Delay: -84.89 | Energy: -55.81 | TaskFail: -89.43 | Interrupt: -5.72 | HOFail: 0.00
2026-08-06 14:06:27,413 | INFO | Update   57 | Steps:  58,368 | Episodes:   114 | EpReward:    44.52 | FPS:     11 | Actor Loss: -0.0000 | Critic Loss: 0.0121 | HAN Grad: 0.4396 | HAN Δ: 0.365643 | HAN Metapaths: 10
2026-08-06 14:06:27,414 | INFO |   Phase | Rollout: 59.18s | PPO update: 36.22s
2026-08-06 14:06:27,414 | INFO |   Env | HO: 100.00% | Cont: 98.37% | Task: 76.29% | Resolved: 99.90% | Delay: 3.237s | Energy: 19414.20J | MEC fair: 0.727
2026-08-06 14:06:27,414 | INFO |   Reward | Success: 273.31 | Load: 44.80 | Delay: -83.45 | Energy: -55.28 | TaskFail: -84.94 | Interrupt: -5.01 | HOFail: 0.00
2026-08-06 14:08:05,121 | INFO | Update   58 | Steps:  59,392 | Episodes:   116 | EpReward:    44.98 | FPS:     10 | Actor Loss: -0.0002 | Critic Loss: 0.0105 | HAN Grad: 0.4373 | HAN Δ: 0.320011 | HAN Metapaths: 10
2026-08-06 14:08:05,121 | INFO |   Phase | Rollout: 64.16s | PPO update: 33.54s
2026-08-06 14:08:05,122 | INFO |   Env | HO: 100.00% | Cont: 97.88% | Task: 77.01% | Resolved: 99.86% | Delay: 3.229s | Energy: 19240.38J | MEC fair: 0.516
2026-08-06 14:08:05,122 | INFO |   Reward | Success: 276.00 | Load: 40.85 | Delay: -84.41 | Energy: -55.19 | TaskFail: -82.40 | Interrupt: -6.52 | HOFail: 0.00
2026-08-06 14:09:39,035 | INFO | Update   59 | Steps:  60,416 | Episodes:   118 | EpReward:    45.58 | FPS:     11 | Actor Loss: -0.0000 | Critic Loss: 0.0050 | HAN Grad: 0.4141 | HAN Δ: 0.329654 | HAN Metapaths: 10
2026-08-06 14:09:39,035 | INFO |   Phase | Rollout: 61.01s | PPO update: 32.90s
2026-08-06 14:09:39,035 | INFO |   Env | HO: 100.00% | Cont: 96.55% | Task: 80.07% | Resolved: 99.90% | Delay: 2.972s | Energy: 18143.87J | MEC fair: 0.648
2026-08-06 14:09:39,035 | INFO |   Reward | Success: 283.60 | Load: 42.67 | Delay: -84.68 | Energy: -56.35 | TaskFail: -70.57 | Interrupt: -10.59 | HOFail: 0.00
2026-08-06 14:11:08,357 | INFO | Update   60 | Steps:  61,440 | Episodes:   120 | EpReward:    45.76 | FPS:     11 | Actor Loss: 0.0003 | Critic Loss: 0.0122 | HAN Grad: 0.4420 | HAN Δ: 0.324831 | HAN Metapaths: 10
2026-08-06 14:11:08,357 | INFO |   Phase | Rollout: 54.18s | PPO update: 35.14s
2026-08-06 14:11:08,357 | INFO |   Env | HO: 100.00% | Cont: 97.73% | Task: 76.42% | Resolved: 99.87% | Delay: 3.216s | Energy: 19343.53J | MEC fair: 0.768
2026-08-06 14:11:08,357 | INFO |   Reward | Success: 273.40 | Load: 45.99 | Delay: -84.01 | Energy: -55.22 | TaskFail: -84.37 | Interrupt: -6.98 | HOFail: 0.00
2026-08-06 14:12:49,943 | INFO | Update   61 | Steps:  62,464 | Episodes:   122 | EpReward:    46.04 | FPS:     10 | Actor Loss: -0.0007 | Critic Loss: 0.0141 | HAN Grad: 0.4438 | HAN Δ: 0.365747 | HAN Metapaths: 10
2026-08-06 14:12:49,944 | INFO |   Phase | Rollout: 66.82s | PPO update: 34.77s
2026-08-06 14:12:49,944 | INFO |   Env | HO: 100.00% | Cont: 97.52% | Task: 77.37% | Resolved: 99.90% | Delay: 3.174s | Energy: 18826.11J | MEC fair: 0.418
2026-08-06 14:12:49,944 | INFO |   Reward | Success: 275.54 | Load: 37.81 | Delay: -83.31 | Energy: -54.96 | TaskFail: -80.60 | Interrupt: -7.62 | HOFail: 0.00
2026-08-06 14:14:25,826 | INFO | Update   62 | Steps:  63,488 | Episodes:   124 | EpReward:    46.22 | FPS:     11 | Actor Loss: 0.0000 | Critic Loss: 0.0139 | HAN Grad: 0.3847 | HAN Δ: 0.317508 | HAN Metapaths: 10
2026-08-06 14:14:25,826 | INFO |   Phase | Rollout: 60.80s | PPO update: 35.08s
2026-08-06 14:14:25,826 | INFO |   Env | HO: 100.00% | Cont: 97.57% | Task: 75.47% | Resolved: 99.85% | Delay: 3.351s | Energy: 19692.26J | MEC fair: 0.703
2026-08-06 14:14:25,826 | INFO |   Reward | Success: 272.11 | Load: 43.74 | Delay: -83.75 | Energy: -54.69 | TaskFail: -88.46 | Interrupt: -7.46 | HOFail: 0.00
2026-08-06 14:16:03,157 | INFO | Update   63 | Steps:  64,512 | Episodes:   126 | EpReward:    46.64 | FPS:     11 | Actor Loss: -0.0000 | Critic Loss: 0.0066 | HAN Grad: 0.4850 | HAN Δ: 0.341077 | HAN Metapaths: 10
2026-08-06 14:16:03,157 | INFO |   Phase | Rollout: 61.60s | PPO update: 35.73s
2026-08-06 14:16:03,158 | INFO |   Env | HO: 100.00% | Cont: 97.83% | Task: 78.89% | Resolved: 99.90% | Delay: 3.051s | Energy: 18694.12J | MEC fair: 0.673
2026-08-06 14:16:03,158 | INFO |   Reward | Success: 283.69 | Load: 43.85 | Delay: -85.98 | Energy: -56.34 | TaskFail: -75.91 | Interrupt: -6.68 | HOFail: 0.00
2026-08-06 14:17:39,895 | INFO | Update   64 | Steps:  65,536 | Episodes:   128 | EpReward:    47.13 | FPS:     11 | Actor Loss: 0.0002 | Critic Loss: 0.0177 | HAN Grad: 0.4538 | HAN Δ: 0.332506 | HAN Metapaths: 10
2026-08-06 14:17:39,896 | INFO |   Phase | Rollout: 60.42s | PPO update: 36.32s
2026-08-06 14:17:39,896 | INFO |   Env | HO: 100.00% | Cont: 97.80% | Task: 78.40% | Resolved: 99.88% | Delay: 3.061s | Energy: 18595.54J | MEC fair: 0.760
2026-08-06 14:17:39,896 | INFO |   Reward | Success: 278.26 | Load: 45.87 | Delay: -85.42 | Energy: -55.12 | TaskFail: -76.66 | Interrupt: -6.77 | HOFail: 0.00
2026-08-06 14:19:21,377 | INFO | Update   65 | Steps:  66,560 | Episodes:   130 | EpReward:    47.35 | FPS:     10 | Actor Loss: -0.0002 | Critic Loss: 0.0065 | HAN Grad: 0.4551 | HAN Δ: 0.301519 | HAN Metapaths: 10
2026-08-06 14:19:21,377 | INFO |   Phase | Rollout: 64.19s | PPO update: 37.29s
2026-08-06 14:19:21,377 | INFO |   Env | HO: 100.00% | Cont: 97.02% | Task: 79.53% | Resolved: 99.90% | Delay: 2.974s | Energy: 18374.21J | MEC fair: 0.629
2026-08-06 14:19:21,377 | INFO |   Reward | Success: 282.11 | Load: 42.18 | Delay: -85.53 | Energy: -56.16 | TaskFail: -72.60 | Interrupt: -9.16 | HOFail: 0.00
2026-08-06 14:21:06,145 | INFO | Update   66 | Steps:  67,584 | Episodes:   132 | EpReward:    47.60 | FPS:     10 | Actor Loss: -0.0001 | Critic Loss: 0.0044 | HAN Grad: 0.4667 | HAN Δ: 0.386193 | HAN Metapaths: 10
2026-08-06 14:21:06,146 | INFO |   Phase | Rollout: 67.69s | PPO update: 37.08s
2026-08-06 14:21:06,146 | INFO |   Env | HO: 100.00% | Cont: 96.66% | Task: 80.26% | Resolved: 99.91% | Delay: 2.952s | Energy: 18311.83J | MEC fair: 0.579
2026-08-06 14:21:06,146 | INFO |   Reward | Success: 287.09 | Load: 41.76 | Delay: -85.67 | Energy: -56.73 | TaskFail: -70.60 | Interrupt: -10.27 | HOFail: 0.00
2026-08-06 14:22:45,303 | INFO | Update   67 | Steps:  68,608 | Episodes:   134 | EpReward:    47.75 | FPS:     10 | Actor Loss: 0.0008 | Critic Loss: 0.0064 | HAN Grad: 0.4942 | HAN Δ: 0.326333 | HAN Metapaths: 10
2026-08-06 14:22:45,304 | INFO |   Phase | Rollout: 64.16s | PPO update: 34.99s
2026-08-06 14:22:45,304 | INFO |   Env | HO: 100.00% | Cont: 97.67% | Task: 78.14% | Resolved: 99.90% | Delay: 3.059s | Energy: 18589.19J | MEC fair: 0.463
2026-08-06 14:22:45,304 | INFO |   Reward | Success: 279.60 | Load: 37.56 | Delay: -82.70 | Energy: -55.27 | TaskFail: -78.23 | Interrupt: -7.15 | HOFail: 0.00
2026-08-06 14:24:19,077 | INFO | Update   68 | Steps:  69,632 | Episodes:   136 | EpReward:    47.78 | FPS:     11 | Actor Loss: 0.0007 | Critic Loss: 0.0125 | HAN Grad: 0.4573 | HAN Δ: 0.337838 | HAN Metapaths: 10
2026-08-06 14:24:19,077 | INFO |   Phase | Rollout: 55.52s | PPO update: 38.25s
2026-08-06 14:24:19,077 | INFO |   Env | HO: 100.00% | Cont: 97.16% | Task: 76.82% | Resolved: 99.87% | Delay: 3.126s | Energy: 19308.18J | MEC fair: 0.633
2026-08-06 14:24:19,077 | INFO |   Reward | Success: 275.51 | Load: 43.04 | Delay: -84.17 | Energy: -55.25 | TaskFail: -83.11 | Interrupt: -8.71 | HOFail: 0.00
2026-08-06 14:25:55,776 | INFO | Update   69 | Steps:  70,656 | Episodes:   138 | EpReward:    47.67 | FPS:     11 | Actor Loss: 0.0003 | Critic Loss: 0.0150 | HAN Grad: 0.4691 | HAN Δ: 0.381282 | HAN Metapaths: 10
2026-08-06 14:25:55,776 | INFO |   Phase | Rollout: 60.16s | PPO update: 36.54s
2026-08-06 14:25:55,777 | INFO |   Env | HO: 100.00% | Cont: 97.45% | Task: 75.53% | Resolved: 99.87% | Delay: 3.262s | Energy: 19268.32J | MEC fair: 0.723
2026-08-06 14:25:55,777 | INFO |   Reward | Success: 266.97 | Load: 44.11 | Delay: -81.80 | Energy: -53.21 | TaskFail: -86.51 | Interrupt: -7.83 | HOFail: 0.00
2026-08-06 14:27:36,783 | INFO | Update   70 | Steps:  71,680 | Episodes:   140 | EpReward:    47.68 | FPS:     10 | Actor Loss: 0.0004 | Critic Loss: 0.0170 | HAN Grad: 0.4371 | HAN Δ: 0.337304 | HAN Metapaths: 10
2026-08-06 14:27:36,783 | INFO |   Phase | Rollout: 64.89s | PPO update: 36.11s
2026-08-06 14:27:36,783 | INFO |   Env | HO: 100.00% | Cont: 97.52% | Task: 76.08% | Resolved: 99.90% | Delay: 3.266s | Energy: 19104.52J | MEC fair: 0.772
2026-08-06 14:27:36,784 | INFO |   Reward | Success: 271.69 | Load: 46.01 | Delay: -82.82 | Energy: -53.77 | TaskFail: -85.40 | Interrupt: -7.63 | HOFail: 0.00
2026-08-06 14:29:11,938 | INFO | Update   71 | Steps:  72,704 | Episodes:   142 | EpReward:    47.74 | FPS:     11 | Actor Loss: -0.0001 | Critic Loss: 0.0117 | HAN Grad: 0.4663 | HAN Δ: 0.338207 | HAN Metapaths: 10
2026-08-06 14:29:11,939 | INFO |   Phase | Rollout: 62.01s | PPO update: 33.14s
2026-08-06 14:29:11,939 | INFO |   Env | HO: 100.00% | Cont: 98.11% | Task: 77.51% | Resolved: 99.86% | Delay: 3.141s | Energy: 18708.32J | MEC fair: 0.601
2026-08-06 14:29:11,939 | INFO |   Reward | Success: 276.14 | Load: 41.80 | Delay: -83.84 | Energy: -54.63 | TaskFail: -80.11 | Interrupt: -5.81 | HOFail: 0.00
2026-08-06 14:30:57,274 | INFO | Update   72 | Steps:  73,728 | Episodes:   144 | EpReward:    47.94 | FPS:     10 | Actor Loss: 0.0010 | Critic Loss: 0.0056 | HAN Grad: 0.5613 | HAN Δ: 0.333503 | HAN Metapaths: 10
2026-08-06 14:30:57,274 | INFO |   Phase | Rollout: 70.20s | PPO update: 35.14s
2026-08-06 14:30:57,274 | INFO |   Env | HO: 100.00% | Cont: 97.71% | Task: 81.95% | Resolved: 99.87% | Delay: 2.854s | Energy: 17664.74J | MEC fair: 0.641
2026-08-06 14:30:57,274 | INFO |   Reward | Success: 295.06 | Load: 43.79 | Delay: -88.44 | Energy: -57.37 | TaskFail: -65.00 | Interrupt: -7.03 | HOFail: 0.00
2026-08-06 14:32:35,611 | INFO | Update   73 | Steps:  74,752 | Episodes:   146 | EpReward:    48.09 | FPS:     10 | Actor Loss: 0.0001 | Critic Loss: 0.0029 | HAN Grad: 0.5612 | HAN Δ: 0.339834 | HAN Metapaths: 10
2026-08-06 14:32:35,611 | INFO |   Phase | Rollout: 64.18s | PPO update: 34.15s
2026-08-06 14:32:35,611 | INFO |   Env | HO: 100.00% | Cont: 96.93% | Task: 82.75% | Resolved: 99.90% | Delay: 2.777s | Energy: 16880.24J | MEC fair: 0.605
2026-08-06 14:32:35,611 | INFO |   Reward | Success: 296.37 | Load: 42.20 | Delay: -87.06 | Energy: -56.67 | TaskFail: -61.80 | Interrupt: -9.45 | HOFail: 0.00
2026-08-06 14:34:21,615 | INFO | Update   74 | Steps:  75,776 | Episodes:   148 | EpReward:    48.07 | FPS:     10 | Actor Loss: 0.0004 | Critic Loss: 0.0042 | HAN Grad: 0.5177 | HAN Δ: 0.341035 | HAN Metapaths: 10
2026-08-06 14:34:21,615 | INFO |   Phase | Rollout: 69.24s | PPO update: 36.76s
2026-08-06 14:34:21,615 | INFO |   Env | HO: 100.00% | Cont: 97.62% | Task: 79.89% | Resolved: 99.85% | Delay: 2.949s | Energy: 17964.35J | MEC fair: 0.588
2026-08-06 14:34:21,615 | INFO |   Reward | Success: 283.20 | Load: 41.58 | Delay: -83.86 | Energy: -55.29 | TaskFail: -71.29 | Interrupt: -7.32 | HOFail: 0.00
2026-08-06 14:34:21,616 | INFO | ----------------------------------------
2026-08-06 14:34:21,616 | INFO | 开始评估...
2026-08-06 14:36:48,048 | INFO | 评估结果: 奖励 = 51.45 ± 7.97, 长度 = 512, 时延 = 3.038s, 能耗 = 45046.20J, MEC公平性 = 0.634
2026-08-06 14:36:48,048 | INFO | ----------------------------------------
2026-08-06 14:38:26,770 | INFO | Update   75 | Steps:  76,800 | Episodes:   150 | EpReward:    48.36 | FPS:     10 | Actor Loss: 0.0008 | Critic Loss: 0.0050 | HAN Grad: 0.5802 | HAN Δ: 0.354595 | HAN Metapaths: 10
2026-08-06 14:38:26,771 | INFO |   Phase | Rollout: 62.47s | PPO update: 36.25s
2026-08-06 14:38:26,771 | INFO |   Env | HO: 100.00% | Cont: 97.49% | Task: 80.23% | Resolved: 99.88% | Delay: 2.885s | Energy: 17565.63J | MEC fair: 0.504
2026-08-06 14:38:26,771 | INFO |   Reward | Success: 283.94 | Load: 40.59 | Delay: -85.74 | Energy: -55.11 | TaskFail: -69.97 | Interrupt: -7.72 | HOFail: 0.00
2026-08-06 14:40:09,766 | INFO | Update   76 | Steps:  77,824 | Episodes:   152 | EpReward:    48.43 | FPS:     10 | Actor Loss: 0.0011 | Critic Loss: 0.0027 | HAN Grad: 0.6484 | HAN Δ: 0.345370 | HAN Metapaths: 10
2026-08-06 14:40:09,766 | INFO |   Phase | Rollout: 67.69s | PPO update: 35.31s
2026-08-06 14:40:09,766 | INFO |   Env | HO: 100.00% | Cont: 97.68% | Task: 78.92% | Resolved: 99.88% | Delay: 3.078s | Energy: 18083.66J | MEC fair: 0.579
2026-08-06 14:40:09,766 | INFO |   Reward | Success: 283.83 | Load: 42.65 | Delay: -85.91 | Energy: -55.20 | TaskFail: -75.80 | Interrupt: -7.12 | HOFail: 0.00
2026-08-06 14:41:54,306 | INFO | Update   77 | Steps:  78,848 | Episodes:   154 | EpReward:    48.60 | FPS:     10 | Actor Loss: 0.0009 | Critic Loss: 0.0019 | HAN Grad: 0.5807 | HAN Δ: 0.320693 | HAN Metapaths: 10
2026-08-06 14:41:54,307 | INFO |   Phase | Rollout: 69.17s | PPO update: 35.37s
2026-08-06 14:41:54,307 | INFO |   Env | HO: 100.00% | Cont: 95.46% | Task: 81.41% | Resolved: 99.84% | Delay: 2.904s | Energy: 17474.27J | MEC fair: 0.594
2026-08-06 14:41:54,307 | INFO |   Reward | Success: 294.51 | Load: 42.59 | Delay: -87.88 | Energy: -56.87 | TaskFail: -67.26 | Interrupt: -13.94 | HOFail: 0.00
2026-08-06 14:43:34,815 | INFO | Update   78 | Steps:  79,872 | Episodes:   156 | EpReward:    48.65 | FPS:     10 | Actor Loss: -0.0000 | Critic Loss: 0.0068 | HAN Grad: 0.5519 | HAN Δ: 0.322479 | HAN Metapaths: 10
2026-08-06 14:43:34,816 | INFO |   Phase | Rollout: 65.21s | PPO update: 35.30s
2026-08-06 14:43:34,816 | INFO |   Env | HO: 100.00% | Cont: 97.88% | Task: 75.71% | Resolved: 99.87% | Delay: 3.322s | Energy: 19036.20J | MEC fair: 0.660
2026-08-06 14:43:34,816 | INFO |   Reward | Success: 269.80 | Load: 43.59 | Delay: -83.04 | Energy: -52.90 | TaskFail: -86.54 | Interrupt: -6.51 | HOFail: 0.00
2026-08-06 14:45:10,085 | INFO | Update   79 | Steps:  80,896 | Episodes:   158 | EpReward:    48.54 | FPS:     11 | Actor Loss: 0.0002 | Critic Loss: 0.0120 | HAN Grad: 0.5006 | HAN Δ: 0.327103 | HAN Metapaths: 10
2026-08-06 14:45:10,085 | INFO |   Phase | Rollout: 60.51s | PPO update: 34.76s
2026-08-06 14:45:10,085 | INFO |   Env | HO: 100.00% | Cont: 97.36% | Task: 75.16% | Resolved: 99.86% | Delay: 3.336s | Energy: 18967.90J | MEC fair: 0.650
2026-08-06 14:45:10,085 | INFO |   Reward | Success: 265.49 | Load: 43.33 | Delay: -82.17 | Energy: -52.22 | TaskFail: -87.74 | Interrupt: -8.10 | HOFail: 0.00
2026-08-06 14:46:54,607 | INFO | Update   80 | Steps:  81,920 | Episodes:   160 | EpReward:    48.67 | FPS:     10 | Actor Loss: 0.0000 | Critic Loss: 0.0031 | HAN Grad: 0.5581 | HAN Δ: 0.325630 | HAN Metapaths: 10
2026-08-06 14:46:54,607 | INFO |   Phase | Rollout: 69.86s | PPO update: 34.66s
2026-08-06 14:46:54,607 | INFO |   Env | HO: 100.00% | Cont: 96.66% | Task: 81.41% | Resolved: 99.86% | Delay: 2.934s | Energy: 17010.70J | MEC fair: 0.569
2026-08-06 14:46:54,608 | INFO |   Reward | Success: 288.31 | Load: 41.44 | Delay: -85.74 | Energy: -55.28 | TaskFail: -65.86 | Interrupt: -10.27 | HOFail: 0.00
2026-08-06 14:48:31,663 | INFO | Update   81 | Steps:  82,944 | Episodes:   162 | EpReward:    48.77 | FPS:     11 | Actor Loss: 0.0004 | Critic Loss: 0.0026 | HAN Grad: 0.5811 | HAN Δ: 0.368964 | HAN Metapaths: 10
2026-08-06 14:48:31,664 | INFO |   Phase | Rollout: 61.59s | PPO update: 35.46s
2026-08-06 14:48:31,664 | INFO |   Env | HO: 100.00% | Cont: 97.58% | Task: 78.53% | Resolved: 99.88% | Delay: 3.124s | Energy: 18051.50J | MEC fair: 0.611
2026-08-06 14:48:31,664 | INFO |   Reward | Success: 283.17 | Load: 42.38 | Delay: -85.65 | Energy: -54.52 | TaskFail: -77.43 | Interrupt: -7.42 | HOFail: 0.00
2026-08-06 14:50:09,437 | INFO | Update   82 | Steps:  83,968 | Episodes:   164 | EpReward:    48.65 | FPS:     10 | Actor Loss: 0.0005 | Critic Loss: 0.0058 | HAN Grad: 0.4862 | HAN Δ: 0.347734 | HAN Metapaths: 10
2026-08-06 14:50:09,437 | INFO |   Phase | Rollout: 61.55s | PPO update: 36.22s
2026-08-06 14:50:09,437 | INFO |   Env | HO: 100.00% | Cont: 96.32% | Task: 76.31% | Resolved: 99.83% | Delay: 3.213s | Energy: 18822.03J | MEC fair: 0.571
2026-08-06 14:50:09,437 | INFO |   Reward | Success: 272.94 | Load: 41.19 | Delay: -82.98 | Energy: -53.20 | TaskFail: -84.71 | Interrupt: -11.31 | HOFail: 0.00
2026-08-06 14:51:40,702 | INFO | Update   83 | Steps:  84,992 | Episodes:   166 | EpReward:    48.72 | FPS:     11 | Actor Loss: 0.0001 | Critic Loss: 0.0021 | HAN Grad: 0.5329 | HAN Δ: 0.337876 | HAN Metapaths: 10
2026-08-06 14:51:40,702 | INFO |   Phase | Rollout: 59.08s | PPO update: 32.19s
2026-08-06 14:51:40,702 | INFO |   Env | HO: 100.00% | Cont: 97.20% | Task: 77.62% | Resolved: 99.90% | Delay: 3.181s | Energy: 17983.68J | MEC fair: 0.662
2026-08-06 14:51:40,702 | INFO |   Reward | Success: 276.91 | Load: 43.10 | Delay: -83.80 | Energy: -53.24 | TaskFail: -79.86 | Interrupt: -8.61 | HOFail: 0.00
2026-08-06 14:53:23,897 | INFO | Update   84 | Steps:  86,016 | Episodes:   168 | EpReward:    48.59 | FPS:     10 | Actor Loss: 0.0005 | Critic Loss: 0.0127 | HAN Grad: 0.5587 | HAN Δ: 0.301382 | HAN Metapaths: 10
2026-08-06 14:53:23,897 | INFO |   Phase | Rollout: 63.96s | PPO update: 39.24s
2026-08-06 14:53:23,897 | INFO |   Env | HO: 100.00% | Cont: 97.54% | Task: 75.74% | Resolved: 99.91% | Delay: 3.318s | Energy: 18865.40J | MEC fair: 0.715
2026-08-06 14:53:23,897 | INFO |   Reward | Success: 272.60 | Load: 44.79 | Delay: -84.05 | Energy: -52.92 | TaskFail: -87.31 | Interrupt: -7.56 | HOFail: 0.00
2026-08-06 14:55:08,595 | INFO | Update   85 | Steps:  87,040 | Episodes:   170 | EpReward:    48.48 | FPS:     10 | Actor Loss: 0.0003 | Critic Loss: 0.0119 | HAN Grad: 0.5030 | HAN Δ: 0.322921 | HAN Metapaths: 10
2026-08-06 14:55:08,595 | INFO |   Phase | Rollout: 61.96s | PPO update: 42.74s
2026-08-06 14:55:08,595 | INFO |   Env | HO: 100.00% | Cont: 98.02% | Task: 74.66% | Resolved: 99.89% | Delay: 3.491s | Energy: 19089.19J | MEC fair: 0.621
2026-08-06 14:55:08,595 | INFO |   Reward | Success: 268.46 | Load: 42.35 | Delay: -82.32 | Energy: -52.26 | TaskFail: -91.11 | Interrupt: -6.09 | HOFail: 0.00
2026-08-06 14:56:43,148 | INFO | Update   86 | Steps:  88,064 | Episodes:   172 | EpReward:    48.28 | FPS:     11 | Actor Loss: -0.0001 | Critic Loss: 0.0060 | HAN Grad: 0.4838 | HAN Δ: 0.312761 | HAN Metapaths: 10
2026-08-06 14:56:43,148 | INFO |   Phase | Rollout: 59.36s | PPO update: 35.19s
2026-08-06 14:56:43,148 | INFO |   Env | HO: 100.00% | Cont: 97.37% | Task: 74.95% | Resolved: 99.90% | Delay: 3.420s | Energy: 19080.46J | MEC fair: 0.734
2026-08-06 14:56:43,148 | INFO |   Reward | Success: 268.83 | Load: 44.62 | Delay: -82.91 | Energy: -52.34 | TaskFail: -89.86 | Interrupt: -8.07 | HOFail: 0.00
2026-08-06 14:58:23,717 | INFO | Update   87 | Steps:  89,088 | Episodes:   174 | EpReward:    48.45 | FPS:     10 | Actor Loss: 0.0011 | Critic Loss: 0.0030 | HAN Grad: 0.7122 | HAN Δ: 0.330376 | HAN Metapaths: 10
2026-08-06 14:58:23,717 | INFO |   Phase | Rollout: 64.24s | PPO update: 36.33s
2026-08-06 14:58:23,717 | INFO |   Env | HO: 100.00% | Cont: 95.65% | Task: 82.90% | Resolved: 99.88% | Delay: 2.822s | Energy: 16784.63J | MEC fair: 0.601
2026-08-06 14:58:23,717 | INFO |   Reward | Success: 298.03 | Load: 42.63 | Delay: -89.03 | Energy: -56.62 | TaskFail: -61.49 | Interrupt: -13.36 | HOFail: 0.00
2026-08-06 14:59:55,793 | INFO | Update   88 | Steps:  90,112 | Episodes:   176 | EpReward:    48.37 | FPS:     11 | Actor Loss: -0.0001 | Critic Loss: 0.0031 | HAN Grad: 0.5116 | HAN Δ: 0.353731 | HAN Metapaths: 10
2026-08-06 14:59:55,793 | INFO |   Phase | Rollout: 58.77s | PPO update: 33.31s
2026-08-06 14:59:55,793 | INFO |   Env | HO: 100.00% | Cont: 96.13% | Task: 77.89% | Resolved: 99.84% | Delay: 3.110s | Energy: 18129.89J | MEC fair: 0.556
2026-08-06 14:59:55,793 | INFO |   Reward | Success: 277.86 | Load: 41.32 | Delay: -84.10 | Energy: -53.64 | TaskFail: -78.89 | Interrupt: -11.90 | HOFail: 0.00
2026-08-06 15:01:35,517 | INFO | Update   89 | Steps:  91,136 | Episodes:   178 | EpReward:    48.13 | FPS:     10 | Actor Loss: -0.0002 | Critic Loss: 0.0019 | HAN Grad: 0.5841 | HAN Δ: 0.338859 | HAN Metapaths: 10
2026-08-06 15:01:35,517 | INFO |   Phase | Rollout: 65.54s | PPO update: 34.18s
2026-08-06 15:01:35,517 | INFO |   Env | HO: 99.25% | Cont: 97.05% | Task: 78.10% | Resolved: 99.86% | Delay: 3.212s | Energy: 18044.31J | MEC fair: 0.642
2026-08-06 15:01:35,518 | INFO |   Reward | Success: 277.63 | Load: 42.60 | Delay: -84.77 | Energy: -53.61 | TaskFail: -77.86 | Interrupt: -9.07 | HOFail: -0.01
2026-08-06 15:03:18,142 | INFO | Update   90 | Steps:  92,160 | Episodes:   180 | EpReward:    48.18 | FPS:     10 | Actor Loss: 0.0006 | Critic Loss: 0.0017 | HAN Grad: 0.6525 | HAN Δ: 0.324109 | HAN Metapaths: 10
2026-08-06 15:03:18,143 | INFO |   Phase | Rollout: 66.92s | PPO update: 35.70s
2026-08-06 15:03:18,143 | INFO |   Env | HO: 100.00% | Cont: 96.46% | Task: 82.72% | Resolved: 99.84% | Delay: 2.784s | Energy: 16979.78J | MEC fair: 0.542
2026-08-06 15:03:18,143 | INFO |   Reward | Success: 296.06 | Load: 40.01 | Delay: -86.92 | Energy: -56.71 | TaskFail: -61.86 | Interrupt: -10.87 | HOFail: 0.00
2026-08-06 15:04:57,443 | INFO | Update   91 | Steps:  93,184 | Episodes:   182 | EpReward:    48.47 | FPS:     10 | Actor Loss: 0.0012 | Critic Loss: 0.0022 | HAN Grad: 0.7969 | HAN Δ: 0.329178 | HAN Metapaths: 10
2026-08-06 15:04:57,443 | INFO |   Phase | Rollout: 63.09s | PPO update: 36.21s
2026-08-06 15:04:57,443 | INFO |   Env | HO: 100.00% | Cont: 96.34% | Task: 84.09% | Resolved: 99.89% | Delay: 2.687s | Energy: 16662.49J | MEC fair: 0.526
2026-08-06 15:04:57,443 | INFO |   Reward | Success: 302.80 | Load: 40.29 | Delay: -88.63 | Energy: -57.44 | TaskFail: -57.29 | Interrupt: -11.23 | HOFail: 0.00
2026-08-06 15:06:34,391 | INFO | Update   92 | Steps:  94,208 | Episodes:   184 | EpReward:    48.43 | FPS:     11 | Actor Loss: 0.0012 | Critic Loss: 0.0099 | HAN Grad: 0.7228 | HAN Δ: 0.353539 | HAN Metapaths: 10
2026-08-06 15:06:34,391 | INFO |   Phase | Rollout: 61.29s | PPO update: 35.66s
2026-08-06 15:06:34,391 | INFO |   Env | HO: 100.00% | Cont: 98.41% | Task: 76.23% | Resolved: 99.90% | Delay: 3.284s | Energy: 18578.23J | MEC fair: 0.477
2026-08-06 15:06:34,391 | INFO |   Reward | Success: 272.89 | Load: 39.89 | Delay: -83.43 | Energy: -52.66 | TaskFail: -85.11 | Interrupt: -4.90 | HOFail: 0.00
2026-08-06 15:08:06,757 | INFO | Update   93 | Steps:  95,232 | Episodes:   186 | EpReward:    48.36 | FPS:     11 | Actor Loss: 0.0011 | Critic Loss: 0.0112 | HAN Grad: 0.7622 | HAN Δ: 0.330517 | HAN Metapaths: 10
2026-08-06 15:08:06,758 | INFO |   Phase | Rollout: 56.29s | PPO update: 36.07s
2026-08-06 15:08:06,758 | INFO |   Env | HO: 99.50% | Cont: 98.19% | Task: 76.66% | Resolved: 99.92% | Delay: 3.189s | Energy: 18632.82J | MEC fair: 0.612
2026-08-06 15:08:06,758 | INFO |   Reward | Success: 274.89 | Load: 43.07 | Delay: -85.22 | Energy: -53.40 | TaskFail: -83.71 | Interrupt: -5.56 | HOFail: -0.01
2026-08-06 15:09:46,111 | INFO | Update   94 | Steps:  96,256 | Episodes:   188 | EpReward:    48.57 | FPS:     10 | Actor Loss: 0.0009 | Critic Loss: 0.0034 | HAN Grad: 0.7018 | HAN Δ: 0.340424 | HAN Metapaths: 10
2026-08-06 15:09:46,112 | INFO |   Phase | Rollout: 63.68s | PPO update: 35.68s
2026-08-06 15:09:46,112 | INFO |   Env | HO: 100.00% | Cont: 98.14% | Task: 81.37% | Resolved: 99.90% | Delay: 2.945s | Energy: 17118.86J | MEC fair: 0.492
2026-08-06 15:09:46,112 | INFO |   Reward | Success: 289.83 | Load: 39.56 | Delay: -85.71 | Energy: -55.11 | TaskFail: -66.37 | Interrupt: -5.72 | HOFail: 0.00
2026-08-06 15:11:21,349 | INFO | Update   95 | Steps:  97,280 | Episodes:   190 | EpReward:    48.71 | FPS:     11 | Actor Loss: 0.0007 | Critic Loss: 0.0028 | HAN Grad: 0.7948 | HAN Δ: 0.349924 | HAN Metapaths: 10
2026-08-06 15:11:21,350 | INFO |   Phase | Rollout: 61.17s | PPO update: 34.07s
2026-08-06 15:11:21,350 | INFO |   Env | HO: 100.00% | Cont: 96.84% | Task: 81.48% | Resolved: 99.90% | Delay: 2.916s | Energy: 17219.64J | MEC fair: 0.544
2026-08-06 15:11:21,350 | INFO |   Reward | Success: 289.11 | Load: 41.73 | Delay: -86.05 | Energy: -55.43 | TaskFail: -65.71 | Interrupt: -9.72 | HOFail: 0.00
2026-08-06 15:13:04,320 | INFO | Update   96 | Steps:  98,304 | Episodes:   192 | EpReward:    48.71 | FPS:     10 | Actor Loss: 0.0010 | Critic Loss: 0.0021 | HAN Grad: 0.6408 | HAN Δ: 0.344772 | HAN Metapaths: 10
2026-08-06 15:13:04,320 | INFO |   Phase | Rollout: 66.35s | PPO update: 36.62s
2026-08-06 15:13:04,320 | INFO |   Env | HO: 100.00% | Cont: 96.21% | Task: 78.20% | Resolved: 99.87% | Delay: 3.089s | Energy: 17848.05J | MEC fair: 0.496
2026-08-06 15:13:04,320 | INFO |   Reward | Success: 278.20 | Load: 40.44 | Delay: -83.58 | Energy: -53.53 | TaskFail: -77.54 | Interrupt: -11.65 | HOFail: 0.00
2026-08-06 15:14:51,686 | INFO | Update   97 | Steps:  99,328 | Episodes:   194 | EpReward:    48.80 | FPS:     10 | Actor Loss: 0.0009 | Critic Loss: 0.0076 | HAN Grad: 0.7373 | HAN Δ: 0.418530 | HAN Metapaths: 10
2026-08-06 15:14:51,686 | INFO |   Phase | Rollout: 68.16s | PPO update: 39.20s
2026-08-06 15:14:51,686 | INFO |   Env | HO: 100.00% | Cont: 98.48% | Task: 77.77% | Resolved: 99.90% | Delay: 3.079s | Energy: 18522.81J | MEC fair: 0.470
2026-08-06 15:14:51,686 | INFO |   Reward | Success: 279.60 | Load: 38.32 | Delay: -84.97 | Energy: -54.45 | TaskFail: -79.94 | Interrupt: -4.68 | HOFail: 0.00
2026-08-06 15:16:25,244 | INFO | Update   98 | Steps: 100,352 | Episodes:   196 | EpReward:    48.66 | FPS:     11 | Actor Loss: 0.0006 | Critic Loss: 0.0107 | HAN Grad: 0.5913 | HAN Δ: 0.314690 | HAN Metapaths: 10
2026-08-06 15:16:25,244 | INFO |   Phase | Rollout: 57.76s | PPO update: 35.80s
2026-08-06 15:16:25,244 | INFO |   Env | HO: 100.00% | Cont: 97.12% | Task: 76.66% | Resolved: 99.88% | Delay: 3.324s | Energy: 18338.28J | MEC fair: 0.576
2026-08-06 15:16:25,244 | INFO |   Reward | Success: 272.06 | Load: 41.74 | Delay: -82.49 | Energy: -52.49 | TaskFail: -82.83 | Interrupt: -8.85 | HOFail: 0.00
2026-08-06 15:16:25,244 | INFO | ----------------------------------------
2026-08-06 15:16:25,245 | INFO | 开始评估...
2026-08-06 15:18:53,502 | INFO | 评估结果: 奖励 = 52.03 ± 7.98, 长度 = 512, 时延 = 3.025s, 能耗 = 44395.33J, MEC公平性 = 0.628
2026-08-06 15:18:53,502 | INFO | ----------------------------------------
2026-08-06 15:18:53,605 | INFO | 模型已保存: /home/pjpjq/LEO_switch/results/full_train_latency_priority_multiuser_u35_multiuser_single_seed_150k_20260804/checkpoint_100352.pt
2026-08-06 15:20:23,816 | INFO | Update   99 | Steps: 101,376 | Episodes:   198 | EpReward:    48.46 | FPS:     11 | Actor Loss: 0.0006 | Critic Loss: 0.0088 | HAN Grad: 0.5655 | HAN Δ: 0.303273 | HAN Metapaths: 10
2026-08-06 15:20:23,817 | INFO |   Phase | Rollout: 57.43s | PPO update: 32.78s
2026-08-06 15:20:23,817 | INFO |   Env | HO: 100.00% | Cont: 97.19% | Task: 76.28% | Resolved: 99.88% | Delay: 3.256s | Energy: 18856.93J | MEC fair: 0.744
2026-08-06 15:20:23,817 | INFO |   Reward | Success: 273.69 | Load: 45.33 | Delay: -85.02 | Energy: -53.46 | TaskFail: -85.11 | Interrupt: -8.64 | HOFail: 0.00
2026-08-06 15:22:04,547 | INFO | Update  100 | Steps: 102,400 | Episodes:   200 | EpReward:    48.71 | FPS:     10 | Actor Loss: 0.0005 | Critic Loss: 0.0032 | HAN Grad: 0.6948 | HAN Δ: 0.311955 | HAN Metapaths: 10
2026-08-06 15:22:04,548 | INFO |   Phase | Rollout: 63.41s | PPO update: 37.32s
2026-08-06 15:22:04,548 | INFO |   Env | HO: 100.00% | Cont: 97.55% | Task: 80.14% | Resolved: 99.88% | Delay: 3.003s | Energy: 17390.04J | MEC fair: 0.442
2026-08-06 15:22:04,548 | INFO |   Reward | Success: 285.46 | Load: 38.27 | Delay: -84.20 | Energy: -54.41 | TaskFail: -70.74 | Interrupt: -7.52 | HOFail: 0.00
2026-08-06 15:23:45,787 | INFO | Update  101 | Steps: 103,424 | Episodes:   202 | EpReward:    48.74 | FPS:     10 | Actor Loss: 0.0006 | Critic Loss: 0.0046 | HAN Grad: 0.7003 | HAN Δ: 0.339263 | HAN Metapaths: 10
2026-08-06 15:23:45,787 | INFO |   Phase | Rollout: 62.07s | PPO update: 39.17s
2026-08-06 15:23:45,787 | INFO |   Env | HO: 99.35% | Cont: 97.27% | Task: 78.82% | Resolved: 99.91% | Delay: 3.048s | Energy: 17757.30J | MEC fair: 0.523
2026-08-06 15:23:45,787 | INFO |   Reward | Success: 282.57 | Load: 40.25 | Delay: -83.99 | Energy: -53.77 | TaskFail: -75.91 | Interrupt: -8.38 | HOFail: -0.01
2026-08-06 15:25:24,727 | INFO | Update  102 | Steps: 104,448 | Episodes:   204 | EpReward:    48.73 | FPS:     10 | Actor Loss: 0.0004 | Critic Loss: 0.0025 | HAN Grad: 0.6580 | HAN Δ: 0.385044 | HAN Metapaths: 10
2026-08-06 15:25:24,727 | INFO |   Phase | Rollout: 61.13s | PPO update: 37.80s
2026-08-06 15:25:24,727 | INFO |   Env | HO: 100.00% | Cont: 96.17% | Task: 78.64% | Resolved: 99.90% | Delay: 3.106s | Energy: 18114.80J | MEC fair: 0.606
2026-08-06 15:25:24,728 | INFO |   Reward | Success: 281.89 | Load: 42.52 | Delay: -85.88 | Energy: -54.61 | TaskFail: -76.54 | Interrupt: -11.77 | HOFail: 0.00
2026-08-06 15:27:05,661 | INFO | Update  103 | Steps: 105,472 | Episodes:   206 | EpReward:    48.53 | FPS:     10 | Actor Loss: 0.0008 | Critic Loss: 0.0096 | HAN Grad: 0.6754 | HAN Δ: 0.336260 | HAN Metapaths: 10
2026-08-06 15:27:05,661 | INFO |   Phase | Rollout: 61.62s | PPO update: 39.31s
2026-08-06 15:27:05,661 | INFO |   Env | HO: 99.40% | Cont: 98.66% | Task: 76.13% | Resolved: 99.90% | Delay: 3.247s | Energy: 18671.79J | MEC fair: 0.517
2026-08-06 15:27:05,661 | INFO |   Reward | Success: 271.77 | Load: 40.49 | Delay: -83.75 | Energy: -52.66 | TaskFail: -85.23 | Interrupt: -4.12 | HOFail: -0.01
2026-08-06 15:28:37,539 | INFO | Update  104 | Steps: 106,496 | Episodes:   208 | EpReward:    48.51 | FPS:     11 | Actor Loss: 0.0007 | Critic Loss: 0.0045 | HAN Grad: 0.6674 | HAN Δ: 0.332879 | HAN Metapaths: 10
2026-08-06 15:28:37,539 | INFO |   Phase | Rollout: 58.74s | PPO update: 33.14s
2026-08-06 15:28:37,539 | INFO |   Env | HO: 100.00% | Cont: 97.46% | Task: 77.43% | Resolved: 99.86% | Delay: 3.240s | Energy: 18436.02J | MEC fair: 0.600
2026-08-06 15:28:37,539 | INFO |   Reward | Success: 279.03 | Load: 41.88 | Delay: -84.68 | Energy: -53.59 | TaskFail: -81.31 | Interrupt: -7.80 | HOFail: 0.00
2026-08-06 15:30:18,046 | INFO | Update  105 | Steps: 107,520 | Episodes:   210 | EpReward:    48.38 | FPS:     10 | Actor Loss: 0.0004 | Critic Loss: 0.0086 | HAN Grad: 0.6211 | HAN Δ: 0.338696 | HAN Metapaths: 10
2026-08-06 15:30:18,046 | INFO |   Phase | Rollout: 65.83s | PPO update: 34.67s
2026-08-06 15:30:18,046 | INFO |   Env | HO: 100.00% | Cont: 97.78% | Task: 76.13% | Resolved: 99.87% | Delay: 3.252s | Energy: 18587.49J | MEC fair: 0.667
2026-08-06 15:30:18,046 | INFO |   Reward | Success: 271.34 | Load: 43.73 | Delay: -83.15 | Energy: -52.32 | TaskFail: -85.06 | Interrupt: -6.81 | HOFail: 0.00
2026-08-06 15:31:55,958 | INFO | Update  106 | Steps: 108,544 | Episodes:   212 | EpReward:    48.41 | FPS:     10 | Actor Loss: 0.0004 | Critic Loss: 0.0062 | HAN Grad: 0.6299 | HAN Δ: 0.369257 | HAN Metapaths: 10
2026-08-06 15:31:55,958 | INFO |   Phase | Rollout: 62.29s | PPO update: 35.62s
2026-08-06 15:31:55,958 | INFO |   Env | HO: 100.00% | Cont: 97.73% | Task: 75.69% | Resolved: 99.93% | Delay: 3.261s | Energy: 18694.27J | MEC fair: 0.743
2026-08-06 15:31:55,958 | INFO |   Reward | Success: 271.03 | Load: 45.76 | Delay: -83.13 | Energy: -52.50 | TaskFail: -87.06 | Interrupt: -6.97 | HOFail: 0.00
2026-08-06 15:33:33,546 | INFO | Update  107 | Steps: 109,568 | Episodes:   214 | EpReward:    48.30 | FPS:     10 | Actor Loss: 0.0011 | Critic Loss: 0.0187 | HAN Grad: 0.6279 | HAN Δ: 0.355119 | HAN Metapaths: 10
2026-08-06 15:33:33,547 | INFO |   Phase | Rollout: 62.92s | PPO update: 34.67s
2026-08-06 15:33:33,547 | INFO |   Env | HO: 100.00% | Cont: 98.06% | Task: 74.84% | Resolved: 99.90% | Delay: 3.350s | Energy: 19310.62J | MEC fair: 0.567
2026-08-06 15:33:33,547 | INFO |   Reward | Success: 271.14 | Load: 41.50 | Delay: -83.96 | Energy: -52.95 | TaskFail: -91.17 | Interrupt: -5.95 | HOFail: 0.00
2026-08-06 15:35:13,653 | INFO | Update  108 | Steps: 110,592 | Episodes:   216 | EpReward:    48.42 | FPS:     10 | Actor Loss: 0.0006 | Critic Loss: 0.0244 | HAN Grad: 0.6197 | HAN Δ: 0.352340 | HAN Metapaths: 10
2026-08-06 15:35:13,653 | INFO |   Phase | Rollout: 64.38s | PPO update: 35.73s
2026-08-06 15:35:13,653 | INFO |   Env | HO: 100.00% | Cont: 99.18% | Task: 77.72% | Resolved: 99.87% | Delay: 3.111s | Energy: 18092.40J | MEC fair: 0.636
2026-08-06 15:35:13,653 | INFO |   Reward | Success: 276.31 | Load: 43.54 | Delay: -84.48 | Energy: -52.95 | TaskFail: -79.20 | Interrupt: -2.53 | HOFail: 0.00
2026-08-06 15:36:58,519 | INFO | Update  109 | Steps: 111,616 | Episodes:   218 | EpReward:    48.18 | FPS:     10 | Actor Loss: 0.0006 | Critic Loss: 0.0415 | HAN Grad: 0.6420 | HAN Δ: 0.330537 | HAN Metapaths: 10
2026-08-06 15:36:58,520 | INFO |   Phase | Rollout: 69.56s | PPO update: 35.31s
2026-08-06 15:36:58,520 | INFO |   Env | HO: 100.00% | Cont: 97.26% | Task: 75.04% | Resolved: 99.90% | Delay: 3.386s | Energy: 19022.80J | MEC fair: 0.688
2026-08-06 15:36:58,520 | INFO |   Reward | Success: 270.43 | Load: 43.99 | Delay: -83.67 | Energy: -52.39 | TaskFail: -89.97 | Interrupt: -8.41 | HOFail: 0.00
2026-08-06 15:38:34,983 | INFO | Update  110 | Steps: 112,640 | Episodes:   220 | EpReward:    48.16 | FPS:     11 | Actor Loss: 0.0006 | Critic Loss: 0.0086 | HAN Grad: 0.6389 | HAN Δ: 0.295678 | HAN Metapaths: 10
2026-08-06 15:38:34,983 | INFO |   Phase | Rollout: 62.14s | PPO update: 34.32s
2026-08-06 15:38:34,983 | INFO |   Env | HO: 100.00% | Cont: 94.90% | Task: 78.25% | Resolved: 99.89% | Delay: 3.084s | Energy: 17903.18J | MEC fair: 0.447
2026-08-06 15:38:34,983 | INFO |   Reward | Success: 278.63 | Load: 38.35 | Delay: -83.84 | Energy: -53.43 | TaskFail: -77.43 | Interrupt: -15.68 | HOFail: 0.00
2026-08-06 15:40:15,243 | INFO | Update  111 | Steps: 113,664 | Episodes:   222 | EpReward:    48.26 | FPS:     10 | Actor Loss: 0.0008 | Critic Loss: 0.0051 | HAN Grad: 0.7852 | HAN Δ: 0.330505 | HAN Metapaths: 10
2026-08-06 15:40:15,244 | INFO |   Phase | Rollout: 64.52s | PPO update: 35.74s
2026-08-06 15:40:15,244 | INFO |   Env | HO: 100.00% | Cont: 97.92% | Task: 78.06% | Resolved: 99.88% | Delay: 3.070s | Energy: 17963.96J | MEC fair: 0.495
2026-08-06 15:40:15,244 | INFO |   Reward | Success: 279.17 | Load: 40.04 | Delay: -84.13 | Energy: -53.55 | TaskFail: -78.46 | Interrupt: -6.38 | HOFail: 0.00
2026-08-06 15:41:54,754 | INFO | Update  112 | Steps: 114,688 | Episodes:   224 | EpReward:    48.49 | FPS:     10 | Actor Loss: 0.0012 | Critic Loss: 0.0019 | HAN Grad: 0.7837 | HAN Δ: 0.334494 | HAN Metapaths: 10
2026-08-06 15:41:54,755 | INFO |   Phase | Rollout: 64.52s | PPO update: 34.99s
2026-08-06 15:41:54,755 | INFO |   Env | HO: 99.15% | Cont: 95.79% | Task: 80.68% | Resolved: 99.86% | Delay: 3.019s | Energy: 17078.62J | MEC fair: 0.526
2026-08-06 15:41:54,755 | INFO |   Reward | Success: 285.63 | Load: 39.41 | Delay: -85.10 | Energy: -54.12 | TaskFail: -68.40 | Interrupt: -12.95 | HOFail: -0.01
2026-08-06 15:43:26,132 | INFO | Update  113 | Steps: 115,712 | Episodes:   226 | EpReward:    48.29 | FPS:     11 | Actor Loss: 0.0017 | Critic Loss: 0.0174 | HAN Grad: 0.7256 | HAN Δ: 0.310279 | HAN Metapaths: 10
2026-08-06 15:43:26,132 | INFO |   Phase | Rollout: 58.27s | PPO update: 33.11s
2026-08-06 15:43:26,132 | INFO |   Env | HO: 100.00% | Cont: 97.62% | Task: 75.46% | Resolved: 99.90% | Delay: 3.272s | Energy: 19022.51J | MEC fair: 0.697
2026-08-06 15:43:26,132 | INFO |   Reward | Success: 270.54 | Load: 43.89 | Delay: -83.52 | Energy: -52.73 | TaskFail: -87.97 | Interrupt: -7.32 | HOFail: 0.00
2026-08-06 15:45:06,230 | INFO | Update  114 | Steps: 116,736 | Episodes:   228 | EpReward:    48.03 | FPS:     10 | Actor Loss: 0.0006 | Critic Loss: 0.0103 | HAN Grad: 0.8142 | HAN Δ: 0.323532 | HAN Metapaths: 10
2026-08-06 15:45:06,230 | INFO |   Phase | Rollout: 64.38s | PPO update: 35.72s
2026-08-06 15:45:06,230 | INFO |   Env | HO: 100.00% | Cont: 97.91% | Task: 74.07% | Resolved: 99.87% | Delay: 3.489s | Energy: 19116.06J | MEC fair: 0.519
2026-08-06 15:45:06,230 | INFO |   Reward | Success: 269.11 | Load: 40.23 | Delay: -82.09 | Energy: -51.99 | TaskFail: -94.23 | Interrupt: -6.43 | HOFail: 0.00
2026-08-06 15:46:42,709 | INFO | Update  115 | Steps: 117,760 | Episodes:   230 | EpReward:    47.84 | FPS:     11 | Actor Loss: 0.0010 | Critic Loss: 0.0132 | HAN Grad: 0.7954 | HAN Δ: 0.308761 | HAN Metapaths: 10
2026-08-06 15:46:42,710 | INFO |   Phase | Rollout: 60.72s | PPO update: 35.76s
2026-08-06 15:46:42,710 | INFO |   Env | HO: 100.00% | Cont: 98.12% | Task: 75.06% | Resolved: 99.91% | Delay: 3.260s | Energy: 19075.64J | MEC fair: 0.756
2026-08-06 15:46:42,710 | INFO |   Reward | Success: 269.37 | Load: 45.31 | Delay: -85.05 | Energy: -52.50 | TaskFail: -89.51 | Interrupt: -5.78 | HOFail: 0.00
2026-08-06 15:48:21,630 | INFO | Update  116 | Steps: 118,784 | Episodes:   232 | EpReward:    47.81 | FPS:     10 | Actor Loss: 0.0005 | Critic Loss: 0.0067 | HAN Grad: 0.7424 | HAN Δ: 0.367692 | HAN Metapaths: 10
2026-08-06 15:48:21,631 | INFO |   Phase | Rollout: 61.87s | PPO update: 37.05s
2026-08-06 15:48:21,631 | INFO |   Env | HO: 100.00% | Cont: 97.43% | Task: 79.35% | Resolved: 99.88% | Delay: 3.081s | Energy: 17617.35J | MEC fair: 0.511
2026-08-06 15:48:21,631 | INFO |   Reward | Success: 283.40 | Load: 38.96 | Delay: -84.19 | Energy: -54.12 | TaskFail: -73.77 | Interrupt: -7.90 | HOFail: 0.00
2026-08-06 15:50:00,290 | INFO | Update  117 | Steps: 119,808 | Episodes:   234 | EpReward:    47.60 | FPS:     10 | Actor Loss: 0.0010 | Critic Loss: 0.0177 | HAN Grad: 0.6476 | HAN Δ: 0.312710 | HAN Metapaths: 10
2026-08-06 15:50:00,290 | INFO |   Phase | Rollout: 60.21s | PPO update: 38.45s
2026-08-06 15:50:00,290 | INFO |   Env | HO: 100.00% | Cont: 97.07% | Task: 74.01% | Resolved: 99.86% | Delay: 3.447s | Energy: 19155.93J | MEC fair: 0.675
2026-08-06 15:50:00,290 | INFO |   Reward | Success: 264.57 | Load: 43.61 | Delay: -81.97 | Energy: -51.52 | TaskFail: -92.89 | Interrupt: -9.01 | HOFail: 0.00
2026-08-06 15:51:33,676 | INFO | Update  118 | Steps: 120,832 | Episodes:   236 | EpReward:    47.95 | FPS:     11 | Actor Loss: 0.0024 | Critic Loss: 0.0065 | HAN Grad: 1.0929 | HAN Δ: 0.317679 | HAN Metapaths: 10
2026-08-06 15:51:33,676 | INFO |   Phase | Rollout: 58.51s | PPO update: 34.87s
2026-08-06 15:51:33,676 | INFO |   Env | HO: 100.00% | Cont: 98.03% | Task: 82.00% | Resolved: 99.88% | Delay: 2.800s | Energy: 17012.90J | MEC fair: 0.543
2026-08-06 15:51:33,676 | INFO |   Reward | Success: 293.69 | Load: 40.87 | Delay: -86.38 | Energy: -55.56 | TaskFail: -64.49 | Interrupt: -6.07 | HOFail: 0.00
2026-08-06 15:53:10,711 | INFO | Update  119 | Steps: 121,856 | Episodes:   238 | EpReward:    47.92 | FPS:     11 | Actor Loss: 0.0009 | Critic Loss: 0.0091 | HAN Grad: 0.7598 | HAN Δ: 0.323173 | HAN Metapaths: 10
2026-08-06 15:53:10,711 | INFO |   Phase | Rollout: 60.20s | PPO update: 36.83s
2026-08-06 15:53:10,712 | INFO |   Env | HO: 100.00% | Cont: 97.67% | Task: 74.92% | Resolved: 99.87% | Delay: 3.297s | Energy: 19005.13J | MEC fair: 0.634
2026-08-06 15:53:10,712 | INFO |   Reward | Success: 270.03 | Load: 42.14 | Delay: -82.92 | Energy: -52.44 | TaskFail: -90.40 | Interrupt: -7.15 | HOFail: 0.00
2026-08-06 15:54:50,881 | INFO | Update  120 | Steps: 122,880 | Episodes:   240 | EpReward:    47.85 | FPS:     10 | Actor Loss: 0.0010 | Critic Loss: 0.0279 | HAN Grad: 0.8462 | HAN Δ: 0.343283 | HAN Metapaths: 10
2026-08-06 15:54:50,881 | INFO |   Phase | Rollout: 62.58s | PPO update: 37.59s
2026-08-06 15:54:50,881 | INFO |   Env | HO: 100.00% | Cont: 98.78% | Task: 74.32% | Resolved: 99.88% | Delay: 3.376s | Energy: 18820.36J | MEC fair: 0.685
2026-08-06 15:54:50,881 | INFO |   Reward | Success: 263.66 | Load: 44.05 | Delay: -81.47 | Energy: -51.08 | TaskFail: -91.09 | Interrupt: -3.76 | HOFail: 0.00
2026-08-06 15:56:30,337 | INFO | Update  121 | Steps: 123,904 | Episodes:   242 | EpReward:    48.15 | FPS:     10 | Actor Loss: 0.0011 | Critic Loss: 0.0040 | HAN Grad: 0.9621 | HAN Δ: 0.327099 | HAN Metapaths: 10
2026-08-06 15:56:30,338 | INFO |   Phase | Rollout: 64.68s | PPO update: 34.77s
2026-08-06 15:56:30,338 | INFO |   Env | HO: 100.00% | Cont: 96.58% | Task: 83.16% | Resolved: 99.85% | Delay: 2.775s | Energy: 16627.76J | MEC fair: 0.613
2026-08-06 15:56:30,338 | INFO |   Reward | Success: 297.46 | Load: 43.35 | Delay: -90.40 | Energy: -56.21 | TaskFail: -60.23 | Interrupt: -10.52 | HOFail: 0.00
2026-08-06 15:58:17,034 | INFO | Update  122 | Steps: 124,928 | Episodes:   244 | EpReward:    47.75 | FPS:     10 | Actor Loss: 0.0003 | Critic Loss: 0.0327 | HAN Grad: 0.7467 | HAN Δ: 0.320972 | HAN Metapaths: 10
2026-08-06 15:58:17,034 | INFO |   Phase | Rollout: 65.18s | PPO update: 41.52s
2026-08-06 15:58:17,034 | INFO |   Env | HO: 100.00% | Cont: 97.64% | Task: 74.93% | Resolved: 99.83% | Delay: 3.346s | Energy: 18976.85J | MEC fair: 0.675
2026-08-06 15:58:17,034 | INFO |   Reward | Success: 269.63 | Load: 43.27 | Delay: -82.13 | Energy: -51.96 | TaskFail: -90.20 | Interrupt: -7.27 | HOFail: 0.00
2026-08-06 15:59:56,864 | INFO | Update  123 | Steps: 125,952 | Episodes:   246 | EpReward:    47.39 | FPS:     10 | Actor Loss: 0.0012 | Critic Loss: 0.0245 | HAN Grad: 0.8582 | HAN Δ: 0.320096 | HAN Metapaths: 10
2026-08-06 15:59:56,864 | INFO |   Phase | Rollout: 65.84s | PPO update: 33.99s
2026-08-06 15:59:56,864 | INFO |   Env | HO: 100.00% | Cont: 97.80% | Task: 75.98% | Resolved: 99.89% | Delay: 3.213s | Energy: 18568.63J | MEC fair: 0.761
2026-08-06 15:59:56,864 | INFO |   Reward | Success: 270.74 | Load: 46.17 | Delay: -84.50 | Energy: -52.46 | TaskFail: -85.57 | Interrupt: -6.75 | HOFail: 0.00
2026-08-06 15:59:56,864 | INFO | ----------------------------------------
2026-08-06 15:59:56,864 | INFO | 开始评估...
2026-08-06 16:02:18,996 | INFO | 评估结果: 奖励 = 51.17 ± 7.53, 长度 = 512, 时延 = 3.057s, 能耗 = 44545.41J, MEC公平性 = 0.632
2026-08-06 16:02:18,996 | INFO | ----------------------------------------
2026-08-06 16:04:00,936 | INFO | Update  124 | Steps: 126,976 | Episodes:   248 | EpReward:    47.10 | FPS:     10 | Actor Loss: 0.0011 | Critic Loss: 0.0200 | HAN Grad: 0.9088 | HAN Δ: 0.358511 | HAN Metapaths: 10
2026-08-06 16:04:00,936 | INFO |   Phase | Rollout: 65.62s | PPO update: 36.32s
2026-08-06 16:04:00,936 | INFO |   Env | HO: 100.00% | Cont: 96.40% | Task: 75.41% | Resolved: 99.93% | Delay: 3.362s | Energy: 18854.61J | MEC fair: 0.608
2026-08-06 16:04:00,936 | INFO |   Reward | Success: 270.11 | Load: 42.62 | Delay: -82.97 | Energy: -52.63 | TaskFail: -88.09 | Interrupt: -11.06 | HOFail: 0.00
2026-08-06 16:05:34,565 | INFO | Update  125 | Steps: 128,000 | Episodes:   250 | EpReward:    46.89 | FPS:     11 | Actor Loss: 0.0014 | Critic Loss: 0.0078 | HAN Grad: 1.0323 | HAN Δ: 0.298980 | HAN Metapaths: 10
2026-08-06 16:05:34,565 | INFO |   Phase | Rollout: 59.56s | PPO update: 34.07s
2026-08-06 16:05:34,565 | INFO |   Env | HO: 100.00% | Cont: 97.83% | Task: 76.04% | Resolved: 99.86% | Delay: 3.210s | Energy: 18420.07J | MEC fair: 0.533
2026-08-06 16:05:34,565 | INFO |   Reward | Success: 272.31 | Load: 41.13 | Delay: -82.89 | Energy: -52.57 | TaskFail: -85.80 | Interrupt: -6.65 | HOFail: 0.00
2026-08-06 16:07:16,650 | INFO | Update  126 | Steps: 129,024 | Episodes:   252 | EpReward:    46.70 | FPS:     10 | Actor Loss: 0.0009 | Critic Loss: 0.0083 | HAN Grad: 0.9023 | HAN Δ: 0.315711 | HAN Metapaths: 10
2026-08-06 16:07:16,650 | INFO |   Phase | Rollout: 64.57s | PPO update: 37.52s
2026-08-06 16:07:16,650 | INFO |   Env | HO: 100.00% | Cont: 96.56% | Task: 76.80% | Resolved: 99.87% | Delay: 3.157s | Energy: 18506.01J | MEC fair: 0.418
2026-08-06 16:07:16,651 | INFO |   Reward | Success: 276.23 | Load: 37.92 | Delay: -84.01 | Energy: -53.39 | TaskFail: -83.46 | Interrupt: -10.57 | HOFail: 0.00
2026-08-06 16:08:57,341 | INFO | Update  127 | Steps: 130,048 | Episodes:   254 | EpReward:    46.43 | FPS:     10 | Actor Loss: 0.0014 | Critic Loss: 0.0124 | HAN Grad: 0.7804 | HAN Δ: 0.333383 | HAN Metapaths: 10
2026-08-06 16:08:57,341 | INFO |   Phase | Rollout: 61.93s | PPO update: 38.76s
2026-08-06 16:08:57,341 | INFO |   Env | HO: 100.00% | Cont: 97.34% | Task: 76.07% | Resolved: 99.87% | Delay: 3.268s | Energy: 18527.87J | MEC fair: 0.595
2026-08-06 16:08:57,342 | INFO |   Reward | Success: 271.69 | Load: 42.82 | Delay: -83.85 | Energy: -52.23 | TaskFail: -85.46 | Interrupt: -8.18 | HOFail: 0.00
2026-08-06 16:10:33,032 | INFO | Update  128 | Steps: 131,072 | Episodes:   256 | EpReward:    46.54 | FPS:     11 | Actor Loss: 0.0008 | Critic Loss: 0.0084 | HAN Grad: 0.8875 | HAN Δ: 0.335085 | HAN Metapaths: 10
2026-08-06 16:10:33,032 | INFO |   Phase | Rollout: 60.63s | PPO update: 35.06s
2026-08-06 16:10:33,032 | INFO |   Env | HO: 100.00% | Cont: 97.21% | Task: 77.64% | Resolved: 99.85% | Delay: 3.167s | Energy: 18373.11J | MEC fair: 0.664
2026-08-06 16:10:33,032 | INFO |   Reward | Success: 280.77 | Load: 43.46 | Delay: -85.64 | Energy: -54.14 | TaskFail: -80.86 | Interrupt: -8.56 | HOFail: 0.00
2026-08-06 16:12:11,162 | INFO | Update  129 | Steps: 132,096 | Episodes:   258 | EpReward:    46.98 | FPS:     10 | Actor Loss: 0.0017 | Critic Loss: 0.0043 | HAN Grad: 1.0271 | HAN Δ: 0.330026 | HAN Metapaths: 10
2026-08-06 16:12:11,162 | INFO |   Phase | Rollout: 64.12s | PPO update: 34.01s
2026-08-06 16:12:11,162 | INFO |   Env | HO: 100.00% | Cont: 97.04% | Task: 82.65% | Resolved: 99.89% | Delay: 2.718s | Energy: 16290.30J | MEC fair: 0.584
2026-08-06 16:12:11,162 | INFO |   Reward | Success: 292.94 | Load: 41.65 | Delay: -86.32 | Energy: -54.74 | TaskFail: -61.49 | Interrupt: -9.08 | HOFail: 0.00
2026-08-06 16:13:46,240 | INFO | Update  130 | Steps: 133,120 | Episodes:   260 | EpReward:    46.65 | FPS:     11 | Actor Loss: 0.0007 | Critic Loss: 0.0237 | HAN Grad: 0.8213 | HAN Δ: 0.330951 | HAN Metapaths: 10
2026-08-06 16:13:46,240 | INFO |   Phase | Rollout: 62.12s | PPO update: 32.96s
2026-08-06 16:13:46,240 | INFO |   Env | HO: 100.00% | Cont: 98.30% | Task: 74.79% | Resolved: 99.88% | Delay: 3.430s | Energy: 19055.80J | MEC fair: 0.515
2026-08-06 16:13:46,241 | INFO |   Reward | Success: 270.37 | Load: 40.36 | Delay: -83.17 | Energy: -52.41 | TaskFail: -91.14 | Interrupt: -5.21 | HOFail: 0.00
2026-08-06 16:15:24,593 | INFO | Update  131 | Steps: 134,144 | Episodes:   262 | EpReward:    46.52 | FPS:     10 | Actor Loss: 0.0011 | Critic Loss: 0.0121 | HAN Grad: 0.8118 | HAN Δ: 0.332676 | HAN Metapaths: 10
2026-08-06 16:15:24,593 | INFO |   Phase | Rollout: 61.90s | PPO update: 36.45s
2026-08-06 16:15:24,593 | INFO |   Env | HO: 99.42% | Cont: 97.79% | Task: 76.01% | Resolved: 99.87% | Delay: 3.395s | Energy: 18620.71J | MEC fair: 0.626
2026-08-06 16:15:24,593 | INFO |   Reward | Success: 274.40 | Load: 43.02 | Delay: -83.33 | Energy: -52.39 | TaskFail: -86.63 | Interrupt: -6.78 | HOFail: -0.01
2026-08-06 16:17:10,186 | INFO | Update  132 | Steps: 135,168 | Episodes:   264 | EpReward:    46.77 | FPS:     10 | Actor Loss: 0.0008 | Critic Loss: 0.0074 | HAN Grad: 0.9390 | HAN Δ: 0.333844 | HAN Metapaths: 10
2026-08-06 16:17:10,186 | INFO |   Phase | Rollout: 70.91s | PPO update: 34.68s
2026-08-06 16:17:10,186 | INFO |   Env | HO: 100.00% | Cont: 97.62% | Task: 79.53% | Resolved: 99.88% | Delay: 3.052s | Energy: 17684.44J | MEC fair: 0.659
2026-08-06 16:17:10,187 | INFO |   Reward | Success: 284.91 | Load: 43.51 | Delay: -86.47 | Energy: -54.48 | TaskFail: -73.31 | Interrupt: -7.32 | HOFail: 0.00
2026-08-06 16:18:38,506 | INFO | Update  133 | Steps: 136,192 | Episodes:   266 | EpReward:    46.65 | FPS:     12 | Actor Loss: 0.0006 | Critic Loss: 0.0043 | HAN Grad: 0.8090 | HAN Δ: 0.349489 | HAN Metapaths: 10
2026-08-06 16:18:38,506 | INFO |   Phase | Rollout: 55.10s | PPO update: 33.22s
2026-08-06 16:18:38,506 | INFO |   Env | HO: 100.00% | Cont: 96.04% | Task: 76.23% | Resolved: 99.86% | Delay: 3.233s | Energy: 18417.20J | MEC fair: 0.591
2026-08-06 16:18:38,506 | INFO |   Reward | Success: 273.63 | Load: 41.43 | Delay: -82.70 | Energy: -52.44 | TaskFail: -85.31 | Interrupt: -12.17 | HOFail: 0.00
2026-08-06 16:20:23,972 | INFO | Update  134 | Steps: 137,216 | Episodes:   268 | EpReward:    46.66 | FPS:     10 | Actor Loss: 0.0010 | Critic Loss: 0.0190 | HAN Grad: 0.9777 | HAN Δ: 0.313979 | HAN Metapaths: 10
2026-08-06 16:20:23,973 | INFO |   Phase | Rollout: 66.37s | PPO update: 39.10s
2026-08-06 16:20:23,973 | INFO |   Env | HO: 100.00% | Cont: 98.31% | Task: 75.69% | Resolved: 99.87% | Delay: 3.331s | Energy: 18340.38J | MEC fair: 0.563
2026-08-06 16:20:23,973 | INFO |   Reward | Success: 270.29 | Load: 42.09 | Delay: -82.59 | Energy: -51.73 | TaskFail: -86.83 | Interrupt: -5.20 | HOFail: 0.00
2026-08-06 16:21:55,461 | INFO | Update  135 | Steps: 138,240 | Episodes:   270 | EpReward:    46.88 | FPS:     11 | Actor Loss: 0.0010 | Critic Loss: 0.0041 | HAN Grad: 0.8521 | HAN Δ: 0.324275 | HAN Metapaths: 10
2026-08-06 16:21:55,462 | INFO |   Phase | Rollout: 57.11s | PPO update: 34.38s
2026-08-06 16:21:55,462 | INFO |   Env | HO: 100.00% | Cont: 97.43% | Task: 79.37% | Resolved: 99.85% | Delay: 3.059s | Energy: 17541.74J | MEC fair: 0.440
2026-08-06 16:21:55,462 | INFO |   Reward | Success: 281.71 | Load: 37.82 | Delay: -83.80 | Energy: -53.55 | TaskFail: -73.23 | Interrupt: -7.91 | HOFail: 0.00
2026-08-06 16:23:35,291 | INFO | Update  136 | Steps: 139,264 | Episodes:   272 | EpReward:    47.02 | FPS:     10 | Actor Loss: 0.0009 | Critic Loss: 0.0040 | HAN Grad: 0.9629 | HAN Δ: 0.331729 | HAN Metapaths: 10
2026-08-06 16:23:35,291 | INFO |   Phase | Rollout: 67.08s | PPO update: 32.75s
2026-08-06 16:23:35,291 | INFO |   Env | HO: 100.00% | Cont: 97.92% | Task: 77.37% | Resolved: 99.86% | Delay: 3.093s | Energy: 17992.28J | MEC fair: 0.633
2026-08-06 16:23:35,291 | INFO |   Reward | Success: 275.40 | Load: 41.77 | Delay: -82.59 | Energy: -52.60 | TaskFail: -80.57 | Interrupt: -6.40 | HOFail: 0.00
2026-08-06 16:25:14,141 | INFO | Update  137 | Steps: 140,288 | Episodes:   274 | EpReward:    46.91 | FPS:     10 | Actor Loss: 0.0010 | Critic Loss: 0.0034 | HAN Grad: 0.9950 | HAN Δ: 0.360868 | HAN Metapaths: 10
2026-08-06 16:25:14,141 | INFO |   Phase | Rollout: 62.00s | PPO update: 36.85s
2026-08-06 16:25:14,141 | INFO |   Env | HO: 100.00% | Cont: 97.50% | Task: 80.27% | Resolved: 99.84% | Delay: 2.907s | Energy: 17308.47J | MEC fair: 0.621
2026-08-06 16:25:14,141 | INFO |   Reward | Success: 283.94 | Load: 42.65 | Delay: -86.18 | Energy: -54.26 | TaskFail: -69.77 | Interrupt: -7.67 | HOFail: 0.00
2026-08-06 16:26:53,399 | INFO | Update  138 | Steps: 141,312 | Episodes:   276 | EpReward:    46.81 | FPS:     10 | Actor Loss: 0.0013 | Critic Loss: 0.0168 | HAN Grad: 0.8508 | HAN Δ: 0.315588 | HAN Metapaths: 10
2026-08-06 16:26:53,399 | INFO |   Phase | Rollout: 63.45s | PPO update: 35.81s
2026-08-06 16:26:53,399 | INFO |   Env | HO: 100.00% | Cont: 97.34% | Task: 75.25% | Resolved: 99.86% | Delay: 3.334s | Energy: 18756.86J | MEC fair: 0.706
2026-08-06 16:26:53,399 | INFO |   Reward | Success: 267.40 | Load: 43.97 | Delay: -82.53 | Energy: -52.03 | TaskFail: -87.94 | Interrupt: -8.16 | HOFail: 0.00
2026-08-06 16:28:28,596 | INFO | Update  139 | Steps: 142,336 | Episodes:   278 | EpReward:    46.64 | FPS:     11 | Actor Loss: 0.0014 | Critic Loss: 0.0309 | HAN Grad: 0.9165 | HAN Δ: 0.316032 | HAN Metapaths: 10
2026-08-06 16:28:28,597 | INFO |   Phase | Rollout: 62.84s | PPO update: 32.36s
2026-08-06 16:28:28,597 | INFO |   Env | HO: 99.54% | Cont: 97.78% | Task: 73.91% | Resolved: 99.90% | Delay: 3.406s | Energy: 18985.42J | MEC fair: 0.724
2026-08-06 16:28:28,597 | INFO |   Reward | Success: 265.54 | Load: 45.17 | Delay: -81.14 | Energy: -51.27 | TaskFail: -93.71 | Interrupt: -6.83 | HOFail: -0.01
2026-08-06 16:30:02,914 | INFO | Update  140 | Steps: 143,360 | Episodes:   280 | EpReward:    46.40 | FPS:     11 | Actor Loss: 0.0004 | Critic Loss: 0.0036 | HAN Grad: 0.8760 | HAN Δ: 0.334899 | HAN Metapaths: 10
2026-08-06 16:30:02,914 | INFO |   Phase | Rollout: 59.39s | PPO update: 34.93s
2026-08-06 16:30:02,914 | INFO |   Env | HO: 99.50% | Cont: 97.03% | Task: 78.36% | Resolved: 99.87% | Delay: 3.022s | Energy: 18307.68J | MEC fair: 0.547
2026-08-06 16:30:02,914 | INFO |   Reward | Success: 282.26 | Load: 41.19 | Delay: -85.86 | Energy: -54.55 | TaskFail: -77.97 | Interrupt: -9.12 | HOFail: -0.01
2026-08-06 16:31:35,074 | INFO | Update  141 | Steps: 144,384 | Episodes:   282 | EpReward:    46.07 | FPS:     11 | Actor Loss: 0.0018 | Critic Loss: 0.0034 | HAN Grad: 1.1334 | HAN Δ: 0.331080 | HAN Metapaths: 10
2026-08-06 16:31:35,075 | INFO |   Phase | Rollout: 59.25s | PPO update: 32.91s
2026-08-06 16:31:35,075 | INFO |   Env | HO: 99.69% | Cont: 97.22% | Task: 77.97% | Resolved: 99.87% | Delay: 3.136s | Energy: 18084.76J | MEC fair: 0.607
2026-08-06 16:31:35,075 | INFO |   Reward | Success: 279.66 | Load: 42.56 | Delay: -85.35 | Energy: -53.71 | TaskFail: -79.03 | Interrupt: -8.53 | HOFail: -0.01
2026-08-06 16:33:23,254 | INFO | Update  142 | Steps: 145,408 | Episodes:   284 | EpReward:    46.08 | FPS:      9 | Actor Loss: 0.0005 | Critic Loss: 0.0069 | HAN Grad: 1.0026 | HAN Δ: 0.339894 | HAN Metapaths: 10
2026-08-06 16:33:23,254 | INFO |   Phase | Rollout: 71.81s | PPO update: 36.37s
2026-08-06 16:33:23,254 | INFO |   Env | HO: 100.00% | Cont: 96.77% | Task: 77.05% | Resolved: 99.86% | Delay: 3.201s | Energy: 18338.62J | MEC fair: 0.528
2026-08-06 16:33:23,256 | INFO |   Reward | Success: 274.94 | Load: 40.82 | Delay: -82.98 | Energy: -53.04 | TaskFail: -81.91 | Interrupt: -9.91 | HOFail: 0.00
2026-08-06 16:35:01,971 | INFO | Update  143 | Steps: 146,432 | Episodes:   286 | EpReward:    46.32 | FPS:     10 | Actor Loss: 0.0009 | Critic Loss: 0.0019 | HAN Grad: 0.9476 | HAN Δ: 0.308569 | HAN Metapaths: 10
2026-08-06 16:35:01,971 | INFO |   Phase | Rollout: 62.24s | PPO update: 36.47s
2026-08-06 16:35:01,971 | INFO |   Env | HO: 100.00% | Cont: 96.57% | Task: 81.55% | Resolved: 99.86% | Delay: 2.891s | Energy: 17142.04J | MEC fair: 0.576
2026-08-06 16:35:01,971 | INFO |   Reward | Success: 293.37 | Load: 41.63 | Delay: -88.24 | Energy: -55.83 | TaskFail: -66.37 | Interrupt: -10.54 | HOFail: 0.00
2026-08-06 16:36:40,567 | INFO | Update  144 | Steps: 147,456 | Episodes:   288 | EpReward:    46.23 | FPS:     10 | Actor Loss: 0.0012 | Critic Loss: 0.0046 | HAN Grad: 0.9013 | HAN Δ: 0.323551 | HAN Metapaths: 10
2026-08-06 16:36:40,567 | INFO |   Phase | Rollout: 66.00s | PPO update: 32.60s
2026-08-06 16:36:40,567 | INFO |   Env | HO: 100.00% | Cont: 98.12% | Task: 79.86% | Resolved: 99.86% | Delay: 2.898s | Energy: 17705.65J | MEC fair: 0.504
2026-08-06 16:36:40,567 | INFO |   Reward | Success: 285.00 | Load: 40.12 | Delay: -85.77 | Energy: -54.65 | TaskFail: -71.89 | Interrupt: -5.78 | HOFail: 0.00
2026-08-06 16:38:18,437 | INFO | Update  145 | Steps: 148,480 | Episodes:   290 | EpReward:    46.01 | FPS:     10 | Actor Loss: 0.0010 | Critic Loss: 0.0133 | HAN Grad: 0.8078 | HAN Δ: 0.326583 | HAN Metapaths: 10
2026-08-06 16:38:18,437 | INFO |   Phase | Rollout: 63.59s | PPO update: 34.28s
2026-08-06 16:38:18,437 | INFO |   Env | HO: 100.00% | Cont: 97.68% | Task: 77.43% | Resolved: 99.88% | Delay: 3.187s | Energy: 18482.97J | MEC fair: 0.584
2026-08-06 16:38:18,437 | INFO |   Reward | Success: 273.89 | Load: 41.64 | Delay: -83.48 | Energy: -53.18 | TaskFail: -79.86 | Interrupt: -7.13 | HOFail: 0.00
2026-08-06 16:39:59,755 | INFO | Update  146 | Steps: 149,504 | Episodes:   292 | EpReward:    46.14 | FPS:     10 | Actor Loss: 0.0019 | Critic Loss: 0.0064 | HAN Grad: 0.9440 | HAN Δ: 0.357454 | HAN Metapaths: 10
2026-08-06 16:39:59,755 | INFO |   Phase | Rollout: 63.83s | PPO update: 37.48s
2026-08-06 16:39:59,755 | INFO |   Env | HO: 100.00% | Cont: 97.84% | Task: 78.88% | Resolved: 99.90% | Delay: 3.063s | Energy: 17874.42J | MEC fair: 0.719
2026-08-06 16:39:59,756 | INFO |   Reward | Success: 283.66 | Load: 45.02 | Delay: -86.21 | Energy: -54.75 | TaskFail: -75.94 | Interrupt: -6.64 | HOFail: 0.00
2026-08-06 16:41:32,924 | INFO | Update  147 | Steps: 150,528 | Episodes:   294 | EpReward:    46.18 | FPS:     11 | Actor Loss: 0.0013 | Critic Loss: 0.0206 | HAN Grad: 0.8554 | HAN Δ: 0.303742 | HAN Metapaths: 10
2026-08-06 16:41:32,924 | INFO |   Phase | Rollout: 58.67s | PPO update: 34.50s
2026-08-06 16:41:32,924 | INFO |   Env | HO: 100.00% | Cont: 98.60% | Task: 77.49% | Resolved: 99.88% | Delay: 3.103s | Energy: 18559.49J | MEC fair: 0.761
2026-08-06 16:41:32,924 | INFO |   Reward | Success: 277.89 | Load: 45.34 | Delay: -86.11 | Energy: -53.93 | TaskFail: -80.74 | Interrupt: -4.30 | HOFail: 0.00
2026-08-06 16:41:32,924 | INFO | ----------------------------------------
2026-08-06 16:41:32,924 | INFO | 开始评估...
2026-08-06 16:44:02,473 | INFO | 评估结果: 奖励 = 52.26 ± 7.61, 长度 = 512, 时延 = 3.035s, 能耗 = 44331.17J, MEC公平性 = 0.631
2026-08-06 16:44:02,473 | INFO | ----------------------------------------
2026-08-06 16:44:02,530 | INFO | 模型已保存: /home/pjpjq/LEO_switch/results/full_train_latency_priority_multiuser_u35_multiuser_single_seed_150k_20260804/checkpoint_150528.pt
2026-08-06 16:44:02,530 | INFO | ============================================================
2026-08-06 16:44:02,530 | INFO | 训练完成!
2026-08-06 16:44:02,531 | INFO |   总时间: 4.25 小时
2026-08-06 16:44:02,531 | INFO |   总步数: 150,528
2026-08-06 16:44:02,531 | INFO |   总episode: 294
2026-08-06 16:44:02,531 | INFO |   最佳奖励: 52.71
2026-08-06 16:44:02,531 | INFO |   最佳模型指标: reward = 52.7058
2026-08-06 16:44:02,531 | INFO | ============================================================
2026-08-06 16:44:02,590 | INFO | 模型已保存: /home/pjpjq/LEO_switch/results/full_train_latency_priority_multiuser_u35_multiuser_single_seed_150k_20260804/final_model.pt
2026-08-06 16:44:02,614 | INFO | 训练历史已保存: /home/pjpjq/LEO_switch/results/full_train_latency_priority_multiuser_u35_multiuser_single_seed_150k_20260804/training_history.json
