2026-09-16 13:02:33,058 | INFO | ============================================================
2026-09-16 13:02:33,058 | INFO | 开始训练纯 PDQN 基线
2026-09-16 13:02:33,058 | INFO | 总步数: 150000 | warmup: 1000 | batch: 128 | 日志间隔: 512 steps | 保存间隔: 50000 steps | device: cuda
2026-09-16 13:02:33,058 | INFO | ============================================================
2026-09-16 13:02:37,745 | INFO | Steps: 512/150000 | Episodes: 1 | CurrentEpReward: 0.000 | RecentReward: -9.383 | QLoss: 0.000000 | ParamLoss: 0.000000 | Epsilon: 1.0000 | Replay: 512
2026-09-16 13:02:42,436 | INFO | Steps: 1024/150000 | Episodes: 2 | CurrentEpReward: 0.000 | RecentReward: -10.915 | QLoss: 0.177812 | ParamLoss: -0.001784 | Epsilon: 0.9993 | Replay: 1024
2026-09-16 13:02:53,396 | INFO | Steps: 1536/150000 | Episodes: 3 | CurrentEpReward: 0.000 | RecentReward: -14.715 | QLoss: 0.170208 | ParamLoss: -0.008660 | Epsilon: 0.9860 | Replay: 1536
2026-09-16 13:03:04,278 | INFO | Steps: 2048/150000 | Episodes: 4 | CurrentEpReward: 0.000 | RecentReward: -15.125 | QLoss: 0.183678 | ParamLoss: -0.014401 | Epsilon: 0.9726 | Replay: 2048
2026-09-16 13:03:15,295 | INFO | Steps: 2560/150000 | Episodes: 5 | CurrentEpReward: 0.000 | RecentReward: -15.144 | QLoss: 0.182761 | ParamLoss: -0.021814 | Epsilon: 0.9592 | Replay: 2560
2026-09-16 13:03:26,110 | INFO | Steps: 3072/150000 | Episodes: 6 | CurrentEpReward: 0.000 | RecentReward: -15.801 | QLoss: 0.185707 | ParamLoss: -0.025199 | Epsilon: 0.9458 | Replay: 3072
2026-09-16 13:03:36,969 | INFO | Steps: 3584/150000 | Episodes: 7 | CurrentEpReward: 0.000 | RecentReward: -14.538 | QLoss: 0.186925 | ParamLoss: -0.031171 | Epsilon: 0.9324 | Replay: 3584
2026-09-16 13:03:47,967 | INFO | Steps: 4096/150000 | Episodes: 8 | CurrentEpReward: 0.000 | RecentReward: -13.790 | QLoss: 0.187714 | ParamLoss: -0.036106 | Epsilon: 0.9191 | Replay: 4096
2026-09-16 13:03:58,850 | INFO | Steps: 4608/150000 | Episodes: 9 | CurrentEpReward: 0.000 | RecentReward: -13.247 | QLoss: 0.186420 | ParamLoss: -0.041338 | Epsilon: 0.9057 | Replay: 4608
2026-09-16 13:04:09,791 | INFO | Steps: 5120/150000 | Episodes: 10 | CurrentEpReward: 0.000 | RecentReward: -13.282 | QLoss: 0.189772 | ParamLoss: -0.046439 | Epsilon: 0.8923 | Replay: 5120
2026-09-16 13:04:20,744 | INFO | Steps: 5632/150000 | Episodes: 11 | CurrentEpReward: 0.000 | RecentReward: -13.317 | QLoss: 0.190972 | ParamLoss: -0.051911 | Epsilon: 0.8789 | Replay: 5632
2026-09-16 13:04:31,827 | INFO | Steps: 6144/150000 | Episodes: 12 | CurrentEpReward: 0.000 | RecentReward: -11.781 | QLoss: 0.193482 | ParamLoss: -0.057687 | Epsilon: 0.8655 | Replay: 6144
2026-09-16 13:04:42,874 | INFO | Steps: 6656/150000 | Episodes: 13 | CurrentEpReward: 0.000 | RecentReward: -10.775 | QLoss: 0.188873 | ParamLoss: -0.060508 | Epsilon: 0.8522 | Replay: 6656
2026-09-16 13:04:53,796 | INFO | Steps: 7168/150000 | Episodes: 14 | CurrentEpReward: 0.000 | RecentReward: -9.968 | QLoss: 0.193387 | ParamLoss: -0.064960 | Epsilon: 0.8388 | Replay: 7168
2026-09-16 13:05:04,664 | INFO | Steps: 7680/150000 | Episodes: 15 | CurrentEpReward: 0.000 | RecentReward: -9.283 | QLoss: 0.196656 | ParamLoss: -0.073008 | Epsilon: 0.8254 | Replay: 7680
2026-09-16 13:05:15,932 | INFO | Steps: 8192/150000 | Episodes: 16 | CurrentEpReward: 0.000 | RecentReward: -7.344 | QLoss: 0.201108 | ParamLoss: -0.080469 | Epsilon: 0.8120 | Replay: 8192
2026-09-16 13:05:27,016 | INFO | Steps: 8704/150000 | Episodes: 17 | CurrentEpReward: 0.000 | RecentReward: -7.682 | QLoss: 0.200862 | ParamLoss: -0.088363 | Epsilon: 0.7986 | Replay: 8704
2026-09-16 13:05:38,041 | INFO | Steps: 9216/150000 | Episodes: 18 | CurrentEpReward: 0.000 | RecentReward: -6.557 | QLoss: 0.203196 | ParamLoss: -0.095343 | Epsilon: 0.7853 | Replay: 9216
2026-09-16 13:05:49,145 | INFO | Steps: 9728/150000 | Episodes: 19 | CurrentEpReward: 0.000 | RecentReward: -5.547 | QLoss: 0.204611 | ParamLoss: -0.104402 | Epsilon: 0.7719 | Replay: 9728
2026-09-16 13:06:00,122 | INFO | Steps: 10240/150000 | Episodes: 20 | CurrentEpReward: 0.000 | RecentReward: -4.209 | QLoss: 0.208250 | ParamLoss: -0.112903 | Epsilon: 0.7585 | Replay: 10240
2026-09-16 13:06:11,352 | INFO | Steps: 10752/150000 | Episodes: 21 | CurrentEpReward: 0.000 | RecentReward: -3.401 | QLoss: 0.211235 | ParamLoss: -0.124890 | Epsilon: 0.7451 | Replay: 10752
2026-09-16 13:06:22,424 | INFO | Steps: 11264/150000 | Episodes: 22 | CurrentEpReward: 0.000 | RecentReward: -4.255 | QLoss: 0.209809 | ParamLoss: -0.126666 | Epsilon: 0.7317 | Replay: 11264
2026-09-16 13:06:33,508 | INFO | Steps: 11776/150000 | Episodes: 23 | CurrentEpReward: 0.000 | RecentReward: -3.834 | QLoss: 0.214849 | ParamLoss: -0.131483 | Epsilon: 0.7184 | Replay: 11776
2026-09-16 13:06:44,558 | INFO | Steps: 12288/150000 | Episodes: 24 | CurrentEpReward: 0.000 | RecentReward: -2.808 | QLoss: 0.226649 | ParamLoss: -0.140776 | Epsilon: 0.7050 | Replay: 12288
2026-09-16 13:06:55,655 | INFO | Steps: 12800/150000 | Episodes: 25 | CurrentEpReward: 0.000 | RecentReward: -2.017 | QLoss: 0.221251 | ParamLoss: -0.145215 | Epsilon: 0.6916 | Replay: 12800
2026-09-16 13:07:06,962 | INFO | Steps: 13312/150000 | Episodes: 26 | CurrentEpReward: 0.000 | RecentReward: -2.068 | QLoss: 0.221479 | ParamLoss: -0.153299 | Epsilon: 0.6782 | Replay: 13312
2026-09-16 13:07:18,186 | INFO | Steps: 13824/150000 | Episodes: 27 | CurrentEpReward: 0.000 | RecentReward: -0.529 | QLoss: 0.228058 | ParamLoss: -0.158890 | Epsilon: 0.6648 | Replay: 13824
2026-09-16 13:07:29,449 | INFO | Steps: 14336/150000 | Episodes: 28 | CurrentEpReward: 0.000 | RecentReward: -0.232 | QLoss: 0.228100 | ParamLoss: -0.166280 | Epsilon: 0.6515 | Replay: 14336
2026-09-16 13:07:40,665 | INFO | Steps: 14848/150000 | Episodes: 29 | CurrentEpReward: 0.000 | RecentReward: 0.601 | QLoss: 0.236430 | ParamLoss: -0.175928 | Epsilon: 0.6381 | Replay: 14848
2026-09-16 13:07:51,719 | INFO | Steps: 15360/150000 | Episodes: 30 | CurrentEpReward: 0.000 | RecentReward: 0.825 | QLoss: 0.230545 | ParamLoss: -0.178466 | Epsilon: 0.6247 | Replay: 15360
2026-09-16 13:08:02,857 | INFO | Steps: 15872/150000 | Episodes: 31 | CurrentEpReward: 0.000 | RecentReward: 0.691 | QLoss: 0.237659 | ParamLoss: -0.188031 | Epsilon: 0.6113 | Replay: 15872
2026-09-16 13:08:13,931 | INFO | Steps: 16384/150000 | Episodes: 32 | CurrentEpReward: 0.000 | RecentReward: 2.366 | QLoss: 0.246254 | ParamLoss: -0.196692 | Epsilon: 0.5979 | Replay: 16384
2026-09-16 13:08:25,069 | INFO | Steps: 16896/150000 | Episodes: 33 | CurrentEpReward: 0.000 | RecentReward: 3.962 | QLoss: 0.240221 | ParamLoss: -0.206569 | Epsilon: 0.5846 | Replay: 16896
2026-09-16 13:08:36,068 | INFO | Steps: 17408/150000 | Episodes: 34 | CurrentEpReward: 0.000 | RecentReward: 3.793 | QLoss: 0.248504 | ParamLoss: -0.209668 | Epsilon: 0.5712 | Replay: 17408
2026-09-16 13:08:47,094 | INFO | Steps: 17920/150000 | Episodes: 35 | CurrentEpReward: 0.000 | RecentReward: 3.998 | QLoss: 0.248694 | ParamLoss: -0.213451 | Epsilon: 0.5578 | Replay: 17920
2026-09-16 13:08:58,198 | INFO | Steps: 18432/150000 | Episodes: 36 | CurrentEpReward: 0.000 | RecentReward: 4.695 | QLoss: 0.257260 | ParamLoss: -0.226381 | Epsilon: 0.5444 | Replay: 18432
2026-09-16 13:09:09,311 | INFO | Steps: 18944/150000 | Episodes: 37 | CurrentEpReward: 0.000 | RecentReward: 5.766 | QLoss: 0.260190 | ParamLoss: -0.232677 | Epsilon: 0.5310 | Replay: 18944
2026-09-16 13:09:20,319 | INFO | Steps: 19456/150000 | Episodes: 38 | CurrentEpReward: 0.000 | RecentReward: 6.154 | QLoss: 0.262994 | ParamLoss: -0.234169 | Epsilon: 0.5177 | Replay: 19456
2026-09-16 13:09:31,372 | INFO | Steps: 19968/150000 | Episodes: 39 | CurrentEpReward: 0.000 | RecentReward: 6.995 | QLoss: 0.249424 | ParamLoss: -0.238672 | Epsilon: 0.5043 | Replay: 19968
2026-09-16 13:09:42,503 | INFO | Steps: 20480/150000 | Episodes: 40 | CurrentEpReward: 0.000 | RecentReward: 8.850 | QLoss: 0.270168 | ParamLoss: -0.252467 | Epsilon: 0.4909 | Replay: 20480
2026-09-16 13:09:53,861 | INFO | Steps: 20992/150000 | Episodes: 41 | CurrentEpReward: 0.000 | RecentReward: 11.014 | QLoss: 0.261211 | ParamLoss: -0.262832 | Epsilon: 0.4775 | Replay: 20992
2026-09-16 13:10:04,955 | INFO | Steps: 21504/150000 | Episodes: 42 | CurrentEpReward: 0.000 | RecentReward: 10.535 | QLoss: 0.266513 | ParamLoss: -0.273115 | Epsilon: 0.4641 | Replay: 21504
2026-09-16 13:10:16,019 | INFO | Steps: 22016/150000 | Episodes: 43 | CurrentEpReward: 0.000 | RecentReward: 11.840 | QLoss: 0.266190 | ParamLoss: -0.282188 | Epsilon: 0.4508 | Replay: 22016
2026-09-16 13:10:27,066 | INFO | Steps: 22528/150000 | Episodes: 44 | CurrentEpReward: 0.000 | RecentReward: 12.993 | QLoss: 0.284993 | ParamLoss: -0.291212 | Epsilon: 0.4374 | Replay: 22528
2026-09-16 13:10:38,112 | INFO | Steps: 23040/150000 | Episodes: 45 | CurrentEpReward: 0.000 | RecentReward: 14.255 | QLoss: 0.286429 | ParamLoss: -0.298813 | Epsilon: 0.4240 | Replay: 23040
2026-09-16 13:10:49,216 | INFO | Steps: 23552/150000 | Episodes: 46 | CurrentEpReward: 0.000 | RecentReward: 15.584 | QLoss: 0.271541 | ParamLoss: -0.306864 | Epsilon: 0.4106 | Replay: 23552
2026-09-16 13:11:00,383 | INFO | Steps: 24064/150000 | Episodes: 47 | CurrentEpReward: 0.000 | RecentReward: 17.012 | QLoss: 0.281998 | ParamLoss: -0.314574 | Epsilon: 0.3972 | Replay: 24064
2026-09-16 13:11:11,398 | INFO | Steps: 24576/150000 | Episodes: 48 | CurrentEpReward: 0.000 | RecentReward: 18.176 | QLoss: 0.293214 | ParamLoss: -0.325839 | Epsilon: 0.3839 | Replay: 24576
2026-09-16 13:11:22,400 | INFO | Steps: 25088/150000 | Episodes: 49 | CurrentEpReward: 0.000 | RecentReward: 17.951 | QLoss: 0.293014 | ParamLoss: -0.323617 | Epsilon: 0.3705 | Replay: 25088
2026-09-16 13:11:33,366 | INFO | Steps: 25600/150000 | Episodes: 50 | CurrentEpReward: 0.000 | RecentReward: 17.408 | QLoss: 0.291602 | ParamLoss: -0.333957 | Epsilon: 0.3571 | Replay: 25600
2026-09-16 13:11:44,671 | INFO | Steps: 26112/150000 | Episodes: 51 | CurrentEpReward: 0.000 | RecentReward: 18.775 | QLoss: 0.302296 | ParamLoss: -0.349445 | Epsilon: 0.3437 | Replay: 26112
2026-09-16 13:11:55,704 | INFO | Steps: 26624/150000 | Episodes: 52 | CurrentEpReward: 0.000 | RecentReward: 20.520 | QLoss: 0.296049 | ParamLoss: -0.355596 | Epsilon: 0.3303 | Replay: 26624
2026-09-16 13:12:06,915 | INFO | Steps: 27136/150000 | Episodes: 53 | CurrentEpReward: 0.000 | RecentReward: 21.005 | QLoss: 0.306098 | ParamLoss: -0.365239 | Epsilon: 0.3170 | Replay: 27136
2026-09-16 13:12:18,231 | INFO | Steps: 27648/150000 | Episodes: 54 | CurrentEpReward: 0.000 | RecentReward: 23.602 | QLoss: 0.299887 | ParamLoss: -0.368086 | Epsilon: 0.3036 | Replay: 27648
2026-09-16 13:12:29,402 | INFO | Steps: 28160/150000 | Episodes: 55 | CurrentEpReward: 0.000 | RecentReward: 26.268 | QLoss: 0.331072 | ParamLoss: -0.373272 | Epsilon: 0.2902 | Replay: 28160
2026-09-16 13:12:40,388 | INFO | Steps: 28672/150000 | Episodes: 56 | CurrentEpReward: 0.000 | RecentReward: 26.383 | QLoss: 0.303314 | ParamLoss: -0.380146 | Epsilon: 0.2768 | Replay: 28672
2026-09-16 13:12:51,279 | INFO | Steps: 29184/150000 | Episodes: 57 | CurrentEpReward: 0.000 | RecentReward: 26.617 | QLoss: 0.331888 | ParamLoss: -0.392204 | Epsilon: 0.2634 | Replay: 29184
2026-09-16 13:13:02,231 | INFO | Steps: 29696/150000 | Episodes: 58 | CurrentEpReward: 0.000 | RecentReward: 27.518 | QLoss: 0.318381 | ParamLoss: -0.394618 | Epsilon: 0.2501 | Replay: 29696
2026-09-16 13:13:13,245 | INFO | Steps: 30208/150000 | Episodes: 59 | CurrentEpReward: 0.000 | RecentReward: 28.735 | QLoss: 0.336585 | ParamLoss: -0.395502 | Epsilon: 0.2367 | Replay: 30208
2026-09-16 13:13:24,457 | INFO | Steps: 30720/150000 | Episodes: 60 | CurrentEpReward: 0.000 | RecentReward: 30.745 | QLoss: 0.337877 | ParamLoss: -0.404310 | Epsilon: 0.2233 | Replay: 30720
2026-09-16 13:13:35,450 | INFO | Steps: 31232/150000 | Episodes: 61 | CurrentEpReward: 0.000 | RecentReward: 30.329 | QLoss: 0.320334 | ParamLoss: -0.413898 | Epsilon: 0.2099 | Replay: 31232
2026-09-16 13:13:46,483 | INFO | Steps: 31744/150000 | Episodes: 62 | CurrentEpReward: 0.000 | RecentReward: 31.384 | QLoss: 0.337929 | ParamLoss: -0.418825 | Epsilon: 0.1965 | Replay: 31744
2026-09-16 13:13:57,320 | INFO | Steps: 32256/150000 | Episodes: 63 | CurrentEpReward: 0.000 | RecentReward: 31.348 | QLoss: 0.333474 | ParamLoss: -0.429057 | Epsilon: 0.1832 | Replay: 32256
2026-09-16 13:14:08,344 | INFO | Steps: 32768/150000 | Episodes: 64 | CurrentEpReward: 0.000 | RecentReward: 31.029 | QLoss: 0.322161 | ParamLoss: -0.427647 | Epsilon: 0.1698 | Replay: 32768
2026-09-16 13:14:19,341 | INFO | Steps: 33280/150000 | Episodes: 65 | CurrentEpReward: 0.000 | RecentReward: 29.654 | QLoss: 0.337817 | ParamLoss: -0.432975 | Epsilon: 0.1564 | Replay: 33280
2026-09-16 13:14:30,428 | INFO | Steps: 33792/150000 | Episodes: 66 | CurrentEpReward: 0.000 | RecentReward: 31.085 | QLoss: 0.372148 | ParamLoss: -0.446898 | Epsilon: 0.1430 | Replay: 33792
2026-09-16 13:14:41,369 | INFO | Steps: 34304/150000 | Episodes: 67 | CurrentEpReward: 0.000 | RecentReward: 31.102 | QLoss: 0.355286 | ParamLoss: -0.451592 | Epsilon: 0.1296 | Replay: 34304
2026-09-16 13:14:52,413 | INFO | Steps: 34816/150000 | Episodes: 68 | CurrentEpReward: 0.000 | RecentReward: 32.314 | QLoss: 0.349562 | ParamLoss: -0.466387 | Epsilon: 0.1162 | Replay: 34816
2026-09-16 13:15:03,452 | INFO | Steps: 35328/150000 | Episodes: 69 | CurrentEpReward: 0.000 | RecentReward: 34.076 | QLoss: 0.367413 | ParamLoss: -0.474015 | Epsilon: 0.1029 | Replay: 35328
2026-09-16 13:15:14,662 | INFO | Steps: 35840/150000 | Episodes: 70 | CurrentEpReward: 0.000 | RecentReward: 36.573 | QLoss: 0.336945 | ParamLoss: -0.481725 | Epsilon: 0.0895 | Replay: 35840
2026-09-16 13:15:25,632 | INFO | Steps: 36352/150000 | Episodes: 71 | CurrentEpReward: 0.000 | RecentReward: 38.159 | QLoss: 0.383619 | ParamLoss: -0.493823 | Epsilon: 0.0761 | Replay: 36352
2026-09-16 13:15:36,709 | INFO | Steps: 36864/150000 | Episodes: 72 | CurrentEpReward: 0.000 | RecentReward: 39.249 | QLoss: 0.346536 | ParamLoss: -0.501168 | Epsilon: 0.0627 | Replay: 36864
2026-09-16 13:15:47,712 | INFO | Steps: 37376/150000 | Episodes: 73 | CurrentEpReward: 0.000 | RecentReward: 40.809 | QLoss: 0.391502 | ParamLoss: -0.503452 | Epsilon: 0.0493 | Replay: 37376
2026-09-16 13:15:58,768 | INFO | Steps: 37888/150000 | Episodes: 74 | CurrentEpReward: 0.000 | RecentReward: 42.389 | QLoss: 0.367429 | ParamLoss: -0.515626 | Epsilon: 0.0360 | Replay: 37888
2026-09-16 13:16:09,875 | INFO | Steps: 38400/150000 | Episodes: 75 | CurrentEpReward: 0.000 | RecentReward: 44.806 | QLoss: 0.372604 | ParamLoss: -0.524136 | Epsilon: 0.0226 | Replay: 38400
2026-09-16 13:16:21,095 | INFO | Steps: 38912/150000 | Episodes: 76 | CurrentEpReward: 0.000 | RecentReward: 46.808 | QLoss: 0.374226 | ParamLoss: -0.525376 | Epsilon: 0.0200 | Replay: 38912
2026-09-16 13:16:32,003 | INFO | Steps: 39424/150000 | Episodes: 77 | CurrentEpReward: 0.000 | RecentReward: 47.213 | QLoss: 0.415280 | ParamLoss: -0.525711 | Epsilon: 0.0200 | Replay: 39424
2026-09-16 13:16:43,071 | INFO | Steps: 39936/150000 | Episodes: 78 | CurrentEpReward: 0.000 | RecentReward: 47.380 | QLoss: 0.362637 | ParamLoss: -0.525978 | Epsilon: 0.0200 | Replay: 39936
2026-09-16 13:16:54,248 | INFO | Steps: 40448/150000 | Episodes: 79 | CurrentEpReward: 0.000 | RecentReward: 48.397 | QLoss: 0.326102 | ParamLoss: -0.530831 | Epsilon: 0.0200 | Replay: 40448
2026-09-16 13:17:05,576 | INFO | Steps: 40960/150000 | Episodes: 80 | CurrentEpReward: 0.000 | RecentReward: 48.709 | QLoss: 0.345392 | ParamLoss: -0.529805 | Epsilon: 0.0200 | Replay: 40960
2026-09-16 13:17:16,751 | INFO | Steps: 41472/150000 | Episodes: 81 | CurrentEpReward: 0.000 | RecentReward: 50.862 | QLoss: 0.416042 | ParamLoss: -0.542407 | Epsilon: 0.0200 | Replay: 41472
2026-09-16 13:17:28,027 | INFO | Steps: 41984/150000 | Episodes: 82 | CurrentEpReward: 0.000 | RecentReward: 53.683 | QLoss: 0.405899 | ParamLoss: -0.558354 | Epsilon: 0.0200 | Replay: 41984
2026-09-16 13:17:39,026 | INFO | Steps: 42496/150000 | Episodes: 83 | CurrentEpReward: 0.000 | RecentReward: 54.908 | QLoss: 0.402181 | ParamLoss: -0.558550 | Epsilon: 0.0200 | Replay: 42496
2026-09-16 13:17:50,026 | INFO | Steps: 43008/150000 | Episodes: 84 | CurrentEpReward: 0.000 | RecentReward: 54.752 | QLoss: 0.377087 | ParamLoss: -0.565744 | Epsilon: 0.0200 | Replay: 43008
2026-09-16 13:18:00,943 | INFO | Steps: 43520/150000 | Episodes: 85 | CurrentEpReward: 0.000 | RecentReward: 54.401 | QLoss: 0.387148 | ParamLoss: -0.576911 | Epsilon: 0.0200 | Replay: 43520
2026-09-16 13:18:11,901 | INFO | Steps: 44032/150000 | Episodes: 86 | CurrentEpReward: 0.000 | RecentReward: 53.219 | QLoss: 0.428635 | ParamLoss: -0.585495 | Epsilon: 0.0200 | Replay: 44032
2026-09-16 13:18:22,853 | INFO | Steps: 44544/150000 | Episodes: 87 | CurrentEpReward: 0.000 | RecentReward: 54.528 | QLoss: 0.398273 | ParamLoss: -0.593046 | Epsilon: 0.0200 | Replay: 44544
2026-09-16 13:18:33,905 | INFO | Steps: 45056/150000 | Episodes: 88 | CurrentEpReward: 0.000 | RecentReward: 56.328 | QLoss: 0.442814 | ParamLoss: -0.608003 | Epsilon: 0.0200 | Replay: 45056
2026-09-16 13:18:44,829 | INFO | Steps: 45568/150000 | Episodes: 89 | CurrentEpReward: 0.000 | RecentReward: 55.502 | QLoss: 0.388154 | ParamLoss: -0.616046 | Epsilon: 0.0200 | Replay: 45568
2026-09-16 13:18:55,768 | INFO | Steps: 46080/150000 | Episodes: 90 | CurrentEpReward: 0.000 | RecentReward: 53.482 | QLoss: 0.385223 | ParamLoss: -0.624500 | Epsilon: 0.0200 | Replay: 46080
2026-09-16 13:19:06,869 | INFO | Steps: 46592/150000 | Episodes: 91 | CurrentEpReward: 0.000 | RecentReward: 52.266 | QLoss: 0.484278 | ParamLoss: -0.633527 | Epsilon: 0.0200 | Replay: 46592
2026-09-16 13:19:17,926 | INFO | Steps: 47104/150000 | Episodes: 92 | CurrentEpReward: 0.000 | RecentReward: 50.538 | QLoss: 0.417110 | ParamLoss: -0.640170 | Epsilon: 0.0200 | Replay: 47104
2026-09-16 13:19:28,903 | INFO | Steps: 47616/150000 | Episodes: 93 | CurrentEpReward: 0.000 | RecentReward: 50.685 | QLoss: 0.394689 | ParamLoss: -0.644045 | Epsilon: 0.0200 | Replay: 47616
2026-09-16 13:19:39,839 | INFO | Steps: 48128/150000 | Episodes: 94 | CurrentEpReward: 0.000 | RecentReward: 50.296 | QLoss: 0.404587 | ParamLoss: -0.642982 | Epsilon: 0.0200 | Replay: 48128
2026-09-16 13:19:50,805 | INFO | Steps: 48640/150000 | Episodes: 95 | CurrentEpReward: 0.000 | RecentReward: 50.658 | QLoss: 0.381888 | ParamLoss: -0.643456 | Epsilon: 0.0200 | Replay: 48640
2026-09-16 13:20:01,837 | INFO | Steps: 49152/150000 | Episodes: 96 | CurrentEpReward: 0.000 | RecentReward: 52.022 | QLoss: 0.374424 | ParamLoss: -0.638377 | Epsilon: 0.0200 | Replay: 49152
2026-09-16 13:20:12,909 | INFO | Steps: 49664/150000 | Episodes: 97 | CurrentEpReward: 0.000 | RecentReward: 52.083 | QLoss: 0.416743 | ParamLoss: -0.648667 | Epsilon: 0.0200 | Replay: 49664
2026-09-16 13:20:44,359 | INFO | 新的最佳模型 (reward): 59.715，保存至 /home/pjpjq/LEO_switch/results/multiseed_0907/seed46/u30/learned_baselines/pdqn/best_model.pt
2026-09-16 13:20:44,362 | INFO | 周期权重已保存: /home/pjpjq/LEO_switch/results/multiseed_0907/seed46/u30/learned_baselines/pdqn/checkpoint_50000.pt
2026-09-16 13:20:48,362 | INFO | Steps: 50176/150000 | Episodes: 98 | CurrentEpReward: 0.000 | RecentReward: 51.162 | QLoss: 0.395420 | ParamLoss: -0.645847 | Epsilon: 0.0200 | Replay: 50000
2026-09-16 13:20:59,439 | INFO | Steps: 50688/150000 | Episodes: 99 | CurrentEpReward: 0.000 | RecentReward: 52.001 | QLoss: 0.370429 | ParamLoss: -0.657784 | Epsilon: 0.0200 | Replay: 50000
2026-09-16 13:21:10,479 | INFO | Steps: 51200/150000 | Episodes: 100 | CurrentEpReward: 0.000 | RecentReward: 52.815 | QLoss: 0.394344 | ParamLoss: -0.671120 | Epsilon: 0.0200 | Replay: 50000
2026-09-16 13:21:21,569 | INFO | Steps: 51712/150000 | Episodes: 101 | CurrentEpReward: 0.000 | RecentReward: 53.002 | QLoss: 0.427250 | ParamLoss: -0.678764 | Epsilon: 0.0200 | Replay: 50000
2026-09-16 13:21:32,653 | INFO | Steps: 52224/150000 | Episodes: 102 | CurrentEpReward: 0.000 | RecentReward: 52.684 | QLoss: 0.419850 | ParamLoss: -0.681392 | Epsilon: 0.0200 | Replay: 50000
2026-09-16 13:21:43,748 | INFO | Steps: 52736/150000 | Episodes: 103 | CurrentEpReward: 0.000 | RecentReward: 51.887 | QLoss: 0.391559 | ParamLoss: -0.681402 | Epsilon: 0.0200 | Replay: 50000
2026-09-16 13:21:54,929 | INFO | Steps: 53248/150000 | Episodes: 104 | CurrentEpReward: 0.000 | RecentReward: 53.592 | QLoss: 0.434002 | ParamLoss: -0.683581 | Epsilon: 0.0200 | Replay: 50000
2026-09-16 13:22:06,484 | INFO | Steps: 53760/150000 | Episodes: 105 | CurrentEpReward: 0.000 | RecentReward: 56.438 | QLoss: 0.347530 | ParamLoss: -0.682343 | Epsilon: 0.0200 | Replay: 50000
2026-09-16 13:22:17,617 | INFO | Steps: 54272/150000 | Episodes: 106 | CurrentEpReward: 0.000 | RecentReward: 55.841 | QLoss: 0.367197 | ParamLoss: -0.689231 | Epsilon: 0.0200 | Replay: 50000
2026-09-16 13:22:28,719 | INFO | Steps: 54784/150000 | Episodes: 107 | CurrentEpReward: 0.000 | RecentReward: 55.859 | QLoss: 0.371848 | ParamLoss: -0.692761 | Epsilon: 0.0200 | Replay: 50000
2026-09-16 13:22:39,776 | INFO | Steps: 55296/150000 | Episodes: 108 | CurrentEpReward: 0.000 | RecentReward: 55.149 | QLoss: 0.401044 | ParamLoss: -0.697527 | Epsilon: 0.0200 | Replay: 50000
2026-09-16 13:22:50,792 | INFO | Steps: 55808/150000 | Episodes: 109 | CurrentEpReward: 0.000 | RecentReward: 55.371 | QLoss: 0.397856 | ParamLoss: -0.690291 | Epsilon: 0.0200 | Replay: 50000
2026-09-16 13:23:02,205 | INFO | Steps: 56320/150000 | Episodes: 110 | CurrentEpReward: 0.000 | RecentReward: 57.159 | QLoss: 0.408544 | ParamLoss: -0.692018 | Epsilon: 0.0200 | Replay: 50000
2026-09-16 13:23:13,308 | INFO | Steps: 56832/150000 | Episodes: 111 | CurrentEpReward: 0.000 | RecentReward: 56.715 | QLoss: 0.462311 | ParamLoss: -0.707832 | Epsilon: 0.0200 | Replay: 50000
2026-09-16 13:23:24,293 | INFO | Steps: 57344/150000 | Episodes: 112 | CurrentEpReward: 0.000 | RecentReward: 56.293 | QLoss: 0.403766 | ParamLoss: -0.712225 | Epsilon: 0.0200 | Replay: 50000
2026-09-16 13:23:35,704 | INFO | Steps: 57856/150000 | Episodes: 113 | CurrentEpReward: 0.000 | RecentReward: 59.176 | QLoss: 0.429885 | ParamLoss: -0.723404 | Epsilon: 0.0200 | Replay: 50000
2026-09-16 13:23:46,737 | INFO | Steps: 58368/150000 | Episodes: 114 | CurrentEpReward: 0.000 | RecentReward: 57.908 | QLoss: 0.487882 | ParamLoss: -0.710806 | Epsilon: 0.0200 | Replay: 50000
2026-09-16 13:23:57,846 | INFO | Steps: 58880/150000 | Episodes: 115 | CurrentEpReward: 0.000 | RecentReward: 55.778 | QLoss: 0.434645 | ParamLoss: -0.719204 | Epsilon: 0.0200 | Replay: 50000
2026-09-16 13:24:09,009 | INFO | Steps: 59392/150000 | Episodes: 116 | CurrentEpReward: 0.000 | RecentReward: 56.027 | QLoss: 0.448004 | ParamLoss: -0.718958 | Epsilon: 0.0200 | Replay: 50000
2026-09-16 13:24:20,221 | INFO | Steps: 59904/150000 | Episodes: 117 | CurrentEpReward: 0.000 | RecentReward: 57.194 | QLoss: 0.404815 | ParamLoss: -0.726244 | Epsilon: 0.0200 | Replay: 50000
2026-09-16 13:24:31,335 | INFO | Steps: 60416/150000 | Episodes: 118 | CurrentEpReward: 0.000 | RecentReward: 58.813 | QLoss: 0.383159 | ParamLoss: -0.732100 | Epsilon: 0.0200 | Replay: 50000
2026-09-16 13:24:42,732 | INFO | Steps: 60928/150000 | Episodes: 119 | CurrentEpReward: 0.000 | RecentReward: 61.302 | QLoss: 0.457888 | ParamLoss: -0.744371 | Epsilon: 0.0200 | Replay: 50000
2026-09-16 13:24:53,814 | INFO | Steps: 61440/150000 | Episodes: 120 | CurrentEpReward: 0.000 | RecentReward: 59.907 | QLoss: 0.399102 | ParamLoss: -0.732716 | Epsilon: 0.0200 | Replay: 50000
2026-09-16 13:25:05,043 | INFO | Steps: 61952/150000 | Episodes: 121 | CurrentEpReward: 0.000 | RecentReward: 62.264 | QLoss: 0.483888 | ParamLoss: -0.741256 | Epsilon: 0.0200 | Replay: 50000
2026-09-16 13:25:16,170 | INFO | Steps: 62464/150000 | Episodes: 122 | CurrentEpReward: 0.000 | RecentReward: 63.375 | QLoss: 0.430576 | ParamLoss: -0.741276 | Epsilon: 0.0200 | Replay: 50000
2026-09-16 13:25:27,459 | INFO | Steps: 62976/150000 | Episodes: 123 | CurrentEpReward: 0.000 | RecentReward: 61.926 | QLoss: 0.386917 | ParamLoss: -0.755017 | Epsilon: 0.0200 | Replay: 50000
2026-09-16 13:25:38,687 | INFO | Steps: 63488/150000 | Episodes: 124 | CurrentEpReward: 0.000 | RecentReward: 63.265 | QLoss: 0.423739 | ParamLoss: -0.761460 | Epsilon: 0.0200 | Replay: 50000
2026-09-16 13:25:49,818 | INFO | Steps: 64000/150000 | Episodes: 125 | CurrentEpReward: 0.000 | RecentReward: 63.104 | QLoss: 0.458284 | ParamLoss: -0.761137 | Epsilon: 0.0200 | Replay: 50000
2026-09-16 13:26:00,844 | INFO | Steps: 64512/150000 | Episodes: 126 | CurrentEpReward: 0.000 | RecentReward: 63.099 | QLoss: 0.450102 | ParamLoss: -0.769912 | Epsilon: 0.0200 | Replay: 50000
2026-09-16 13:26:12,262 | INFO | Steps: 65024/150000 | Episodes: 127 | CurrentEpReward: 0.000 | RecentReward: 64.673 | QLoss: 0.397450 | ParamLoss: -0.778195 | Epsilon: 0.0200 | Replay: 50000
2026-09-16 13:26:23,374 | INFO | Steps: 65536/150000 | Episodes: 128 | CurrentEpReward: 0.000 | RecentReward: 63.627 | QLoss: 0.363480 | ParamLoss: -0.780445 | Epsilon: 0.0200 | Replay: 50000
2026-09-16 13:26:34,616 | INFO | Steps: 66048/150000 | Episodes: 129 | CurrentEpReward: 0.000 | RecentReward: 61.533 | QLoss: 0.471442 | ParamLoss: -0.778492 | Epsilon: 0.0200 | Replay: 50000
2026-09-16 13:26:45,803 | INFO | Steps: 66560/150000 | Episodes: 130 | CurrentEpReward: 0.000 | RecentReward: 62.838 | QLoss: 0.477843 | ParamLoss: -0.786278 | Epsilon: 0.0200 | Replay: 50000
2026-09-16 13:26:56,919 | INFO | Steps: 67072/150000 | Episodes: 131 | CurrentEpReward: 0.000 | RecentReward: 62.166 | QLoss: 0.462390 | ParamLoss: -0.789242 | Epsilon: 0.0200 | Replay: 50000
2026-09-16 13:27:08,218 | INFO | Steps: 67584/150000 | Episodes: 132 | CurrentEpReward: 0.000 | RecentReward: 63.638 | QLoss: 0.422839 | ParamLoss: -0.800542 | Epsilon: 0.0200 | Replay: 50000
2026-09-16 13:27:19,378 | INFO | Steps: 68096/150000 | Episodes: 133 | CurrentEpReward: 0.000 | RecentReward: 63.919 | QLoss: 0.423258 | ParamLoss: -0.805187 | Epsilon: 0.0200 | Replay: 50000
2026-09-16 13:27:30,494 | INFO | Steps: 68608/150000 | Episodes: 134 | CurrentEpReward: 0.000 | RecentReward: 62.765 | QLoss: 0.519137 | ParamLoss: -0.819343 | Epsilon: 0.0200 | Replay: 50000
2026-09-16 13:27:42,048 | INFO | Steps: 69120/150000 | Episodes: 135 | CurrentEpReward: 0.000 | RecentReward: 65.131 | QLoss: 0.361396 | ParamLoss: -0.827006 | Epsilon: 0.0200 | Replay: 50000
2026-09-16 13:27:53,382 | INFO | Steps: 69632/150000 | Episodes: 136 | CurrentEpReward: 0.000 | RecentReward: 67.139 | QLoss: 0.401409 | ParamLoss: -0.841965 | Epsilon: 0.0200 | Replay: 50000
2026-09-16 13:28:04,716 | INFO | Steps: 70144/150000 | Episodes: 137 | CurrentEpReward: 0.000 | RecentReward: 67.378 | QLoss: 0.415455 | ParamLoss: -0.843173 | Epsilon: 0.0200 | Replay: 50000
2026-09-16 13:28:15,900 | INFO | Steps: 70656/150000 | Episodes: 138 | CurrentEpReward: 0.000 | RecentReward: 68.835 | QLoss: 0.419077 | ParamLoss: -0.849780 | Epsilon: 0.0200 | Replay: 50000
2026-09-16 13:28:26,992 | INFO | Steps: 71168/150000 | Episodes: 139 | CurrentEpReward: 0.000 | RecentReward: 68.832 | QLoss: 0.423206 | ParamLoss: -0.847325 | Epsilon: 0.0200 | Replay: 50000
2026-09-16 13:28:38,026 | INFO | Steps: 71680/150000 | Episodes: 140 | CurrentEpReward: 0.000 | RecentReward: 67.362 | QLoss: 0.358012 | ParamLoss: -0.851716 | Epsilon: 0.0200 | Replay: 50000
2026-09-16 13:28:49,474 | INFO | Steps: 72192/150000 | Episodes: 141 | CurrentEpReward: 0.000 | RecentReward: 67.776 | QLoss: 0.358514 | ParamLoss: -0.848960 | Epsilon: 0.0200 | Replay: 50000
2026-09-16 13:29:00,627 | INFO | Steps: 72704/150000 | Episodes: 142 | CurrentEpReward: 0.000 | RecentReward: 67.300 | QLoss: 0.465687 | ParamLoss: -0.843404 | Epsilon: 0.0200 | Replay: 50000
2026-09-16 13:29:11,802 | INFO | Steps: 73216/150000 | Episodes: 143 | CurrentEpReward: 0.000 | RecentReward: 67.933 | QLoss: 0.451040 | ParamLoss: -0.873266 | Epsilon: 0.0200 | Replay: 50000
2026-09-16 13:29:22,929 | INFO | Steps: 73728/150000 | Episodes: 144 | CurrentEpReward: 0.000 | RecentReward: 68.980 | QLoss: 0.438618 | ParamLoss: -0.876646 | Epsilon: 0.0200 | Replay: 50000
2026-09-16 13:29:34,080 | INFO | Steps: 74240/150000 | Episodes: 145 | CurrentEpReward: 0.000 | RecentReward: 68.271 | QLoss: 0.480283 | ParamLoss: -0.884548 | Epsilon: 0.0200 | Replay: 50000
2026-09-16 13:29:45,259 | INFO | Steps: 74752/150000 | Episodes: 146 | CurrentEpReward: 0.000 | RecentReward: 66.863 | QLoss: 0.476706 | ParamLoss: -0.893659 | Epsilon: 0.0200 | Replay: 50000
2026-09-16 13:29:56,442 | INFO | Steps: 75264/150000 | Episodes: 147 | CurrentEpReward: 0.000 | RecentReward: 65.897 | QLoss: 0.477734 | ParamLoss: -0.899604 | Epsilon: 0.0200 | Replay: 50000
2026-09-16 13:30:07,620 | INFO | Steps: 75776/150000 | Episodes: 148 | CurrentEpReward: 0.000 | RecentReward: 65.129 | QLoss: 0.444514 | ParamLoss: -0.898946 | Epsilon: 0.0200 | Replay: 50000
2026-09-16 13:30:19,090 | INFO | Steps: 76288/150000 | Episodes: 149 | CurrentEpReward: 0.000 | RecentReward: 66.222 | QLoss: 0.410367 | ParamLoss: -0.893509 | Epsilon: 0.0200 | Replay: 50000
2026-09-16 13:30:30,158 | INFO | Steps: 76800/150000 | Episodes: 150 | CurrentEpReward: 0.000 | RecentReward: 67.264 | QLoss: 0.447473 | ParamLoss: -0.892869 | Epsilon: 0.0200 | Replay: 50000
2026-09-16 13:30:41,410 | INFO | Steps: 77312/150000 | Episodes: 151 | CurrentEpReward: 0.000 | RecentReward: 67.327 | QLoss: 0.416676 | ParamLoss: -0.884173 | Epsilon: 0.0200 | Replay: 50000
2026-09-16 13:30:52,633 | INFO | Steps: 77824/150000 | Episodes: 152 | CurrentEpReward: 0.000 | RecentReward: 67.059 | QLoss: 0.357944 | ParamLoss: -0.887507 | Epsilon: 0.0200 | Replay: 50000
2026-09-16 13:31:03,763 | INFO | Steps: 78336/150000 | Episodes: 153 | CurrentEpReward: 0.000 | RecentReward: 65.775 | QLoss: 0.520090 | ParamLoss: -0.866914 | Epsilon: 0.0200 | Replay: 50000
2026-09-16 13:31:15,197 | INFO | Steps: 78848/150000 | Episodes: 154 | CurrentEpReward: 0.000 | RecentReward: 67.922 | QLoss: 0.477801 | ParamLoss: -0.887259 | Epsilon: 0.0200 | Replay: 50000
2026-09-16 13:31:26,370 | INFO | Steps: 79360/150000 | Episodes: 155 | CurrentEpReward: 0.000 | RecentReward: 67.945 | QLoss: 0.477859 | ParamLoss: -0.880672 | Epsilon: 0.0200 | Replay: 50000
2026-09-16 13:31:37,545 | INFO | Steps: 79872/150000 | Episodes: 156 | CurrentEpReward: 0.000 | RecentReward: 68.711 | QLoss: 0.355659 | ParamLoss: -0.897608 | Epsilon: 0.0200 | Replay: 50000
2026-09-16 13:31:48,673 | INFO | Steps: 80384/150000 | Episodes: 157 | CurrentEpReward: 0.000 | RecentReward: 67.741 | QLoss: 0.461642 | ParamLoss: -0.900461 | Epsilon: 0.0200 | Replay: 50000
2026-09-16 13:31:59,774 | INFO | Steps: 80896/150000 | Episodes: 158 | CurrentEpReward: 0.000 | RecentReward: 68.541 | QLoss: 0.431789 | ParamLoss: -0.909014 | Epsilon: 0.0200 | Replay: 50000
2026-09-16 13:32:11,130 | INFO | Steps: 81408/150000 | Episodes: 159 | CurrentEpReward: 0.000 | RecentReward: 69.579 | QLoss: 0.413539 | ParamLoss: -0.898549 | Epsilon: 0.0200 | Replay: 50000
2026-09-16 13:32:22,511 | INFO | Steps: 81920/150000 | Episodes: 160 | CurrentEpReward: 0.000 | RecentReward: 71.667 | QLoss: 0.448331 | ParamLoss: -0.908633 | Epsilon: 0.0200 | Replay: 50000
2026-09-16 13:32:33,710 | INFO | Steps: 82432/150000 | Episodes: 161 | CurrentEpReward: 0.000 | RecentReward: 71.266 | QLoss: 0.469172 | ParamLoss: -0.913960 | Epsilon: 0.0200 | Replay: 50000
2026-09-16 13:32:44,873 | INFO | Steps: 82944/150000 | Episodes: 162 | CurrentEpReward: 0.000 | RecentReward: 71.628 | QLoss: 0.408030 | ParamLoss: -0.905393 | Epsilon: 0.0200 | Replay: 50000
2026-09-16 13:32:56,035 | INFO | Steps: 83456/150000 | Episodes: 163 | CurrentEpReward: 0.000 | RecentReward: 72.916 | QLoss: 0.441967 | ParamLoss: -0.905763 | Epsilon: 0.0200 | Replay: 50000
2026-09-16 13:33:07,217 | INFO | Steps: 83968/150000 | Episodes: 164 | CurrentEpReward: 0.000 | RecentReward: 71.493 | QLoss: 0.375077 | ParamLoss: -0.909034 | Epsilon: 0.0200 | Replay: 50000
2026-09-16 13:33:18,408 | INFO | Steps: 84480/150000 | Episodes: 165 | CurrentEpReward: 0.000 | RecentReward: 70.811 | QLoss: 0.404925 | ParamLoss: -0.911329 | Epsilon: 0.0200 | Replay: 50000
2026-09-16 13:33:29,521 | INFO | Steps: 84992/150000 | Episodes: 166 | CurrentEpReward: 0.000 | RecentReward: 70.604 | QLoss: 0.389823 | ParamLoss: -0.922672 | Epsilon: 0.0200 | Replay: 50000
2026-09-16 13:33:40,700 | INFO | Steps: 85504/150000 | Episodes: 167 | CurrentEpReward: 0.000 | RecentReward: 71.679 | QLoss: 0.391408 | ParamLoss: -0.926175 | Epsilon: 0.0200 | Replay: 50000
2026-09-16 13:33:52,135 | INFO | Steps: 86016/150000 | Episodes: 168 | CurrentEpReward: 0.000 | RecentReward: 72.571 | QLoss: 0.451505 | ParamLoss: -0.940908 | Epsilon: 0.0200 | Replay: 50000
2026-09-16 13:34:03,264 | INFO | Steps: 86528/150000 | Episodes: 169 | CurrentEpReward: 0.000 | RecentReward: 70.355 | QLoss: 0.454847 | ParamLoss: -0.950429 | Epsilon: 0.0200 | Replay: 50000
2026-09-16 13:34:14,555 | INFO | Steps: 87040/150000 | Episodes: 170 | CurrentEpReward: 0.000 | RecentReward: 69.237 | QLoss: 0.456451 | ParamLoss: -0.955050 | Epsilon: 0.0200 | Replay: 50000
2026-09-16 13:34:25,790 | INFO | Steps: 87552/150000 | Episodes: 171 | CurrentEpReward: 0.000 | RecentReward: 70.448 | QLoss: 0.534292 | ParamLoss: -0.954462 | Epsilon: 0.0200 | Replay: 50000
2026-09-16 13:34:37,091 | INFO | Steps: 88064/150000 | Episodes: 172 | CurrentEpReward: 0.000 | RecentReward: 70.516 | QLoss: 0.512620 | ParamLoss: -0.961717 | Epsilon: 0.0200 | Replay: 50000
2026-09-16 13:34:48,252 | INFO | Steps: 88576/150000 | Episodes: 173 | CurrentEpReward: 0.000 | RecentReward: 70.901 | QLoss: 0.462464 | ParamLoss: -0.970008 | Epsilon: 0.0200 | Replay: 50000
2026-09-16 13:34:59,471 | INFO | Steps: 89088/150000 | Episodes: 174 | CurrentEpReward: 0.000 | RecentReward: 70.815 | QLoss: 0.450520 | ParamLoss: -0.952959 | Epsilon: 0.0200 | Replay: 50000
2026-09-16 13:35:10,636 | INFO | Steps: 89600/150000 | Episodes: 175 | CurrentEpReward: 0.000 | RecentReward: 71.590 | QLoss: 0.436620 | ParamLoss: -0.961601 | Epsilon: 0.0200 | Replay: 50000
2026-09-16 13:35:21,937 | INFO | Steps: 90112/150000 | Episodes: 176 | CurrentEpReward: 0.000 | RecentReward: 72.282 | QLoss: 0.497037 | ParamLoss: -0.991317 | Epsilon: 0.0200 | Replay: 50000
2026-09-16 13:35:33,056 | INFO | Steps: 90624/150000 | Episodes: 177 | CurrentEpReward: 0.000 | RecentReward: 71.596 | QLoss: 0.427699 | ParamLoss: -0.982944 | Epsilon: 0.0200 | Replay: 50000
2026-09-16 13:35:44,270 | INFO | Steps: 91136/150000 | Episodes: 178 | CurrentEpReward: 0.000 | RecentReward: 71.367 | QLoss: 0.431265 | ParamLoss: -0.979784 | Epsilon: 0.0200 | Replay: 50000
2026-09-16 13:35:55,492 | INFO | Steps: 91648/150000 | Episodes: 179 | CurrentEpReward: 0.000 | RecentReward: 72.448 | QLoss: 0.375305 | ParamLoss: -0.979179 | Epsilon: 0.0200 | Replay: 50000
2026-09-16 13:36:06,695 | INFO | Steps: 92160/150000 | Episodes: 180 | CurrentEpReward: 0.000 | RecentReward: 72.670 | QLoss: 0.439978 | ParamLoss: -0.993424 | Epsilon: 0.0200 | Replay: 50000
2026-09-16 13:36:18,076 | INFO | Steps: 92672/150000 | Episodes: 181 | CurrentEpReward: 0.000 | RecentReward: 72.670 | QLoss: 0.465515 | ParamLoss: -1.001271 | Epsilon: 0.0200 | Replay: 50000
2026-09-16 13:36:29,310 | INFO | Steps: 93184/150000 | Episodes: 182 | CurrentEpReward: 0.000 | RecentReward: 72.337 | QLoss: 0.504706 | ParamLoss: -1.012334 | Epsilon: 0.0200 | Replay: 50000
2026-09-16 13:36:40,486 | INFO | Steps: 93696/150000 | Episodes: 183 | CurrentEpReward: 0.000 | RecentReward: 73.069 | QLoss: 0.497766 | ParamLoss: -1.011466 | Epsilon: 0.0200 | Replay: 50000
2026-09-16 13:36:51,644 | INFO | Steps: 94208/150000 | Episodes: 184 | CurrentEpReward: 0.000 | RecentReward: 73.533 | QLoss: 0.410560 | ParamLoss: -1.025263 | Epsilon: 0.0200 | Replay: 50000
2026-09-16 13:37:02,871 | INFO | Steps: 94720/150000 | Episodes: 185 | CurrentEpReward: 0.000 | RecentReward: 73.670 | QLoss: 0.395580 | ParamLoss: -1.025068 | Epsilon: 0.0200 | Replay: 50000
2026-09-16 13:37:14,029 | INFO | Steps: 95232/150000 | Episodes: 186 | CurrentEpReward: 0.000 | RecentReward: 73.758 | QLoss: 0.485709 | ParamLoss: -1.026726 | Epsilon: 0.0200 | Replay: 50000
2026-09-16 13:37:25,216 | INFO | Steps: 95744/150000 | Episodes: 187 | CurrentEpReward: 0.000 | RecentReward: 74.980 | QLoss: 0.507597 | ParamLoss: -1.030431 | Epsilon: 0.0200 | Replay: 50000
2026-09-16 13:37:36,461 | INFO | Steps: 96256/150000 | Episodes: 188 | CurrentEpReward: 0.000 | RecentReward: 74.963 | QLoss: 0.483479 | ParamLoss: -1.036925 | Epsilon: 0.0200 | Replay: 50000
2026-09-16 13:37:47,972 | INFO | Steps: 96768/150000 | Episodes: 189 | CurrentEpReward: 0.000 | RecentReward: 76.536 | QLoss: 0.408724 | ParamLoss: -1.050338 | Epsilon: 0.0200 | Replay: 50000
2026-09-16 13:37:59,238 | INFO | Steps: 97280/150000 | Episodes: 190 | CurrentEpReward: 0.000 | RecentReward: 76.777 | QLoss: 0.374894 | ParamLoss: -1.056589 | Epsilon: 0.0200 | Replay: 50000
2026-09-16 13:38:10,516 | INFO | Steps: 97792/150000 | Episodes: 191 | CurrentEpReward: 0.000 | RecentReward: 76.346 | QLoss: 0.403519 | ParamLoss: -1.049603 | Epsilon: 0.0200 | Replay: 50000
2026-09-16 13:38:21,686 | INFO | Steps: 98304/150000 | Episodes: 192 | CurrentEpReward: 0.000 | RecentReward: 76.722 | QLoss: 0.500253 | ParamLoss: -1.066147 | Epsilon: 0.0200 | Replay: 50000
2026-09-16 13:38:32,865 | INFO | Steps: 98816/150000 | Episodes: 193 | CurrentEpReward: 0.000 | RecentReward: 75.863 | QLoss: 0.486757 | ParamLoss: -1.066238 | Epsilon: 0.0200 | Replay: 50000
2026-09-16 13:38:44,233 | INFO | Steps: 99328/150000 | Episodes: 194 | CurrentEpReward: 0.000 | RecentReward: 76.461 | QLoss: 0.451024 | ParamLoss: -1.056592 | Epsilon: 0.0200 | Replay: 50000
2026-09-16 13:38:55,441 | INFO | Steps: 99840/150000 | Episodes: 195 | CurrentEpReward: 0.000 | RecentReward: 76.677 | QLoss: 0.407173 | ParamLoss: -1.066222 | Epsilon: 0.0200 | Replay: 50000
2026-09-16 13:39:23,290 | INFO | 新的最佳模型 (reward): 81.355，保存至 /home/pjpjq/LEO_switch/results/multiseed_0907/seed46/u30/learned_baselines/pdqn/best_model.pt
2026-09-16 13:39:23,297 | INFO | 周期权重已保存: /home/pjpjq/LEO_switch/results/multiseed_0907/seed46/u30/learned_baselines/pdqn/checkpoint_100000.pt
2026-09-16 13:39:31,213 | INFO | Steps: 100352/150000 | Episodes: 196 | CurrentEpReward: 0.000 | RecentReward: 77.610 | QLoss: 0.454460 | ParamLoss: -1.072553 | Epsilon: 0.0200 | Replay: 50000
2026-09-16 13:39:42,321 | INFO | Steps: 100864/150000 | Episodes: 197 | CurrentEpReward: 0.000 | RecentReward: 76.231 | QLoss: 0.525063 | ParamLoss: -1.085925 | Epsilon: 0.0200 | Replay: 50000
2026-09-16 13:39:53,460 | INFO | Steps: 101376/150000 | Episodes: 198 | CurrentEpReward: 0.000 | RecentReward: 76.537 | QLoss: 0.426961 | ParamLoss: -1.091362 | Epsilon: 0.0200 | Replay: 50000
2026-09-16 13:40:04,710 | INFO | Steps: 101888/150000 | Episodes: 199 | CurrentEpReward: 0.000 | RecentReward: 75.910 | QLoss: 0.400896 | ParamLoss: -1.095457 | Epsilon: 0.0200 | Replay: 50000
2026-09-16 13:40:15,892 | INFO | Steps: 102400/150000 | Episodes: 200 | CurrentEpReward: 0.000 | RecentReward: 76.591 | QLoss: 0.427913 | ParamLoss: -1.094403 | Epsilon: 0.0200 | Replay: 50000
2026-09-16 13:40:26,810 | INFO | Steps: 102912/150000 | Episodes: 201 | CurrentEpReward: 0.000 | RecentReward: 76.153 | QLoss: 0.520855 | ParamLoss: -1.090278 | Epsilon: 0.0200 | Replay: 50000
2026-09-16 13:40:37,965 | INFO | Steps: 103424/150000 | Episodes: 202 | CurrentEpReward: 0.000 | RecentReward: 77.451 | QLoss: 0.461798 | ParamLoss: -1.077052 | Epsilon: 0.0200 | Replay: 50000
2026-09-16 13:40:49,066 | INFO | Steps: 103936/150000 | Episodes: 203 | CurrentEpReward: 0.000 | RecentReward: 77.415 | QLoss: 0.535545 | ParamLoss: -1.058419 | Epsilon: 0.0200 | Replay: 50000
2026-09-16 13:41:00,404 | INFO | Steps: 104448/150000 | Episodes: 204 | CurrentEpReward: 0.000 | RecentReward: 77.208 | QLoss: 0.518736 | ParamLoss: -1.070299 | Epsilon: 0.0200 | Replay: 50000
2026-09-16 13:41:11,517 | INFO | Steps: 104960/150000 | Episodes: 205 | CurrentEpReward: 0.000 | RecentReward: 76.884 | QLoss: 0.513891 | ParamLoss: -1.061528 | Epsilon: 0.0200 | Replay: 50000
2026-09-16 13:41:22,621 | INFO | Steps: 105472/150000 | Episodes: 206 | CurrentEpReward: 0.000 | RecentReward: 76.313 | QLoss: 0.366419 | ParamLoss: -1.068834 | Epsilon: 0.0200 | Replay: 50000
2026-09-16 13:41:34,010 | INFO | Steps: 105984/150000 | Episodes: 207 | CurrentEpReward: 0.000 | RecentReward: 78.508 | QLoss: 0.529458 | ParamLoss: -1.075691 | Epsilon: 0.0200 | Replay: 50000
2026-09-16 13:41:45,258 | INFO | Steps: 106496/150000 | Episodes: 208 | CurrentEpReward: 0.000 | RecentReward: 78.880 | QLoss: 0.515919 | ParamLoss: -1.074889 | Epsilon: 0.0200 | Replay: 50000
2026-09-16 13:41:56,296 | INFO | Steps: 107008/150000 | Episodes: 209 | CurrentEpReward: 0.000 | RecentReward: 77.731 | QLoss: 0.497995 | ParamLoss: -1.074575 | Epsilon: 0.0200 | Replay: 50000
2026-09-16 13:42:07,466 | INFO | Steps: 107520/150000 | Episodes: 210 | CurrentEpReward: 0.000 | RecentReward: 77.343 | QLoss: 0.468887 | ParamLoss: -1.077197 | Epsilon: 0.0200 | Replay: 50000
2026-09-16 13:42:18,679 | INFO | Steps: 108032/150000 | Episodes: 211 | CurrentEpReward: 0.000 | RecentReward: 78.115 | QLoss: 0.394587 | ParamLoss: -1.080281 | Epsilon: 0.0200 | Replay: 50000
2026-09-16 13:42:29,916 | INFO | Steps: 108544/150000 | Episodes: 212 | CurrentEpReward: 0.000 | RecentReward: 77.726 | QLoss: 0.491562 | ParamLoss: -1.087442 | Epsilon: 0.0200 | Replay: 50000
2026-09-16 13:42:41,419 | INFO | Steps: 109056/150000 | Episodes: 213 | CurrentEpReward: 0.000 | RecentReward: 78.876 | QLoss: 0.518019 | ParamLoss: -1.097077 | Epsilon: 0.0200 | Replay: 50000
2026-09-16 13:42:52,751 | INFO | Steps: 109568/150000 | Episodes: 214 | CurrentEpReward: 0.000 | RecentReward: 79.060 | QLoss: 0.553576 | ParamLoss: -1.092515 | Epsilon: 0.0200 | Replay: 50000
2026-09-16 13:43:03,848 | INFO | Steps: 110080/150000 | Episodes: 215 | CurrentEpReward: 0.000 | RecentReward: 78.408 | QLoss: 0.485888 | ParamLoss: -1.090215 | Epsilon: 0.0200 | Replay: 50000
2026-09-16 13:43:15,178 | INFO | Steps: 110592/150000 | Episodes: 216 | CurrentEpReward: 0.000 | RecentReward: 78.343 | QLoss: 0.444273 | ParamLoss: -1.100709 | Epsilon: 0.0200 | Replay: 50000
2026-09-16 13:43:26,279 | INFO | Steps: 111104/150000 | Episodes: 217 | CurrentEpReward: 0.000 | RecentReward: 77.206 | QLoss: 0.518880 | ParamLoss: -1.096825 | Epsilon: 0.0200 | Replay: 50000
2026-09-16 13:43:37,380 | INFO | Steps: 111616/150000 | Episodes: 218 | CurrentEpReward: 0.000 | RecentReward: 76.427 | QLoss: 0.407910 | ParamLoss: -1.106751 | Epsilon: 0.0200 | Replay: 50000
2026-09-16 13:43:48,661 | INFO | Steps: 112128/150000 | Episodes: 219 | CurrentEpReward: 0.000 | RecentReward: 77.392 | QLoss: 0.539096 | ParamLoss: -1.106406 | Epsilon: 0.0200 | Replay: 50000
2026-09-16 13:43:59,869 | INFO | Steps: 112640/150000 | Episodes: 220 | CurrentEpReward: 0.000 | RecentReward: 78.044 | QLoss: 0.514189 | ParamLoss: -1.122719 | Epsilon: 0.0200 | Replay: 50000
2026-09-16 13:44:11,133 | INFO | Steps: 113152/150000 | Episodes: 221 | CurrentEpReward: 0.000 | RecentReward: 76.818 | QLoss: 0.653476 | ParamLoss: -1.122597 | Epsilon: 0.0200 | Replay: 50000
2026-09-16 13:44:22,136 | INFO | Steps: 113664/150000 | Episodes: 222 | CurrentEpReward: 0.000 | RecentReward: 75.968 | QLoss: 0.431039 | ParamLoss: -1.129951 | Epsilon: 0.0200 | Replay: 50000
2026-09-16 13:44:33,350 | INFO | Steps: 114176/150000 | Episodes: 223 | CurrentEpReward: 0.000 | RecentReward: 75.273 | QLoss: 0.505105 | ParamLoss: -1.137199 | Epsilon: 0.0200 | Replay: 50000
2026-09-16 13:44:44,682 | INFO | Steps: 114688/150000 | Episodes: 224 | CurrentEpReward: 0.000 | RecentReward: 75.773 | QLoss: 0.500535 | ParamLoss: -1.139435 | Epsilon: 0.0200 | Replay: 50000
2026-09-16 13:44:56,145 | INFO | Steps: 115200/150000 | Episodes: 225 | CurrentEpReward: 0.000 | RecentReward: 77.334 | QLoss: 0.538667 | ParamLoss: -1.138056 | Epsilon: 0.0200 | Replay: 50000
2026-09-16 13:45:07,409 | INFO | Steps: 115712/150000 | Episodes: 226 | CurrentEpReward: 0.000 | RecentReward: 77.977 | QLoss: 0.609277 | ParamLoss: -1.144716 | Epsilon: 0.0200 | Replay: 50000
2026-09-16 13:45:18,652 | INFO | Steps: 116224/150000 | Episodes: 227 | CurrentEpReward: 0.000 | RecentReward: 79.139 | QLoss: 0.667729 | ParamLoss: -1.146396 | Epsilon: 0.0200 | Replay: 50000
2026-09-16 13:45:29,766 | INFO | Steps: 116736/150000 | Episodes: 228 | CurrentEpReward: 0.000 | RecentReward: 79.677 | QLoss: 0.458421 | ParamLoss: -1.144815 | Epsilon: 0.0200 | Replay: 50000
2026-09-16 13:45:40,915 | INFO | Steps: 117248/150000 | Episodes: 229 | CurrentEpReward: 0.000 | RecentReward: 79.780 | QLoss: 0.523955 | ParamLoss: -1.136220 | Epsilon: 0.0200 | Replay: 50000
2026-09-16 13:45:52,146 | INFO | Steps: 117760/150000 | Episodes: 230 | CurrentEpReward: 0.000 | RecentReward: 79.473 | QLoss: 0.507066 | ParamLoss: -1.130914 | Epsilon: 0.0200 | Replay: 50000
2026-09-16 13:46:03,409 | INFO | Steps: 118272/150000 | Episodes: 231 | CurrentEpReward: 0.000 | RecentReward: 81.177 | QLoss: 0.526751 | ParamLoss: -1.129329 | Epsilon: 0.0200 | Replay: 50000
2026-09-16 13:46:14,625 | INFO | Steps: 118784/150000 | Episodes: 232 | CurrentEpReward: 0.000 | RecentReward: 82.482 | QLoss: 0.530503 | ParamLoss: -1.127840 | Epsilon: 0.0200 | Replay: 50000
2026-09-16 13:46:26,071 | INFO | Steps: 119296/150000 | Episodes: 233 | CurrentEpReward: 0.000 | RecentReward: 82.937 | QLoss: 0.541203 | ParamLoss: -1.119008 | Epsilon: 0.0200 | Replay: 50000
2026-09-16 13:46:37,208 | INFO | Steps: 119808/150000 | Episodes: 234 | CurrentEpReward: 0.000 | RecentReward: 82.658 | QLoss: 0.464759 | ParamLoss: -1.110426 | Epsilon: 0.0200 | Replay: 50000
2026-09-16 13:46:48,302 | INFO | Steps: 120320/150000 | Episodes: 235 | CurrentEpReward: 0.000 | RecentReward: 81.555 | QLoss: 0.645351 | ParamLoss: -1.114090 | Epsilon: 0.0200 | Replay: 50000
2026-09-16 13:46:59,547 | INFO | Steps: 120832/150000 | Episodes: 236 | CurrentEpReward: 0.000 | RecentReward: 81.325 | QLoss: 0.412217 | ParamLoss: -1.110002 | Epsilon: 0.0200 | Replay: 50000
2026-09-16 13:47:10,953 | INFO | Steps: 121344/150000 | Episodes: 237 | CurrentEpReward: 0.000 | RecentReward: 81.348 | QLoss: 0.489822 | ParamLoss: -1.124824 | Epsilon: 0.0200 | Replay: 50000
2026-09-16 13:47:22,135 | INFO | Steps: 121856/150000 | Episodes: 238 | CurrentEpReward: 0.000 | RecentReward: 82.113 | QLoss: 0.482309 | ParamLoss: -1.129092 | Epsilon: 0.0200 | Replay: 50000
2026-09-16 13:47:33,217 | INFO | Steps: 122368/150000 | Episodes: 239 | CurrentEpReward: 0.000 | RecentReward: 81.836 | QLoss: 0.541618 | ParamLoss: -1.130789 | Epsilon: 0.0200 | Replay: 50000
2026-09-16 13:47:44,608 | INFO | Steps: 122880/150000 | Episodes: 240 | CurrentEpReward: 0.000 | RecentReward: 81.361 | QLoss: 0.495544 | ParamLoss: -1.143488 | Epsilon: 0.0200 | Replay: 50000
2026-09-16 13:47:56,046 | INFO | Steps: 123392/150000 | Episodes: 241 | CurrentEpReward: 0.000 | RecentReward: 81.305 | QLoss: 0.593356 | ParamLoss: -1.152339 | Epsilon: 0.0200 | Replay: 50000
2026-09-16 13:48:07,292 | INFO | Steps: 123904/150000 | Episodes: 242 | CurrentEpReward: 0.000 | RecentReward: 80.939 | QLoss: 0.570302 | ParamLoss: -1.161927 | Epsilon: 0.0200 | Replay: 50000
2026-09-16 13:48:18,511 | INFO | Steps: 124416/150000 | Episodes: 243 | CurrentEpReward: 0.000 | RecentReward: 81.120 | QLoss: 0.541025 | ParamLoss: -1.161623 | Epsilon: 0.0200 | Replay: 50000
2026-09-16 13:48:29,869 | INFO | Steps: 124928/150000 | Episodes: 244 | CurrentEpReward: 0.000 | RecentReward: 81.838 | QLoss: 0.536723 | ParamLoss: -1.156964 | Epsilon: 0.0200 | Replay: 50000
2026-09-16 13:48:41,337 | INFO | Steps: 125440/150000 | Episodes: 245 | CurrentEpReward: 0.000 | RecentReward: 83.449 | QLoss: 0.524819 | ParamLoss: -1.159117 | Epsilon: 0.0200 | Replay: 50000
2026-09-16 13:48:52,497 | INFO | Steps: 125952/150000 | Episodes: 246 | CurrentEpReward: 0.000 | RecentReward: 83.293 | QLoss: 0.599322 | ParamLoss: -1.152347 | Epsilon: 0.0200 | Replay: 50000
2026-09-16 13:49:03,682 | INFO | Steps: 126464/150000 | Episodes: 247 | CurrentEpReward: 0.000 | RecentReward: 82.459 | QLoss: 0.588371 | ParamLoss: -1.166422 | Epsilon: 0.0200 | Replay: 50000
2026-09-16 13:49:14,800 | INFO | Steps: 126976/150000 | Episodes: 248 | CurrentEpReward: 0.000 | RecentReward: 81.159 | QLoss: 0.591985 | ParamLoss: -1.166625 | Epsilon: 0.0200 | Replay: 50000
2026-09-16 13:49:26,027 | INFO | Steps: 127488/150000 | Episodes: 249 | CurrentEpReward: 0.000 | RecentReward: 81.947 | QLoss: 0.567513 | ParamLoss: -1.176558 | Epsilon: 0.0200 | Replay: 50000
2026-09-16 13:49:37,363 | INFO | Steps: 128000/150000 | Episodes: 250 | CurrentEpReward: 0.000 | RecentReward: 82.101 | QLoss: 0.404744 | ParamLoss: -1.177679 | Epsilon: 0.0200 | Replay: 50000
2026-09-16 13:49:48,648 | INFO | Steps: 128512/150000 | Episodes: 251 | CurrentEpReward: 0.000 | RecentReward: 82.110 | QLoss: 0.475370 | ParamLoss: -1.181739 | Epsilon: 0.0200 | Replay: 50000
2026-09-16 13:49:59,933 | INFO | Steps: 129024/150000 | Episodes: 252 | CurrentEpReward: 0.000 | RecentReward: 82.182 | QLoss: 0.574532 | ParamLoss: -1.194520 | Epsilon: 0.0200 | Replay: 50000
2026-09-16 13:50:11,303 | INFO | Steps: 129536/150000 | Episodes: 253 | CurrentEpReward: 0.000 | RecentReward: 82.078 | QLoss: 0.615227 | ParamLoss: -1.203042 | Epsilon: 0.0200 | Replay: 50000
2026-09-16 13:50:22,510 | INFO | Steps: 130048/150000 | Episodes: 254 | CurrentEpReward: 0.000 | RecentReward: 81.294 | QLoss: 0.605163 | ParamLoss: -1.206551 | Epsilon: 0.0200 | Replay: 50000
2026-09-16 13:50:33,581 | INFO | Steps: 130560/150000 | Episodes: 255 | CurrentEpReward: 0.000 | RecentReward: 79.392 | QLoss: 0.422337 | ParamLoss: -1.212110 | Epsilon: 0.0200 | Replay: 50000
2026-09-16 13:50:44,939 | INFO | Steps: 131072/150000 | Episodes: 256 | CurrentEpReward: 0.000 | RecentReward: 79.280 | QLoss: 0.576511 | ParamLoss: -1.213868 | Epsilon: 0.0200 | Replay: 50000
2026-09-16 13:50:56,050 | INFO | Steps: 131584/150000 | Episodes: 257 | CurrentEpReward: 0.000 | RecentReward: 79.068 | QLoss: 0.587821 | ParamLoss: -1.218962 | Epsilon: 0.0200 | Replay: 50000
2026-09-16 13:51:07,316 | INFO | Steps: 132096/150000 | Episodes: 258 | CurrentEpReward: 0.000 | RecentReward: 78.970 | QLoss: 0.601376 | ParamLoss: -1.226643 | Epsilon: 0.0200 | Replay: 50000
2026-09-16 13:51:18,513 | INFO | Steps: 132608/150000 | Episodes: 259 | CurrentEpReward: 0.000 | RecentReward: 78.688 | QLoss: 0.576822 | ParamLoss: -1.226092 | Epsilon: 0.0200 | Replay: 50000
2026-09-16 13:51:29,720 | INFO | Steps: 133120/150000 | Episodes: 260 | CurrentEpReward: 0.000 | RecentReward: 78.933 | QLoss: 0.586948 | ParamLoss: -1.211855 | Epsilon: 0.0200 | Replay: 50000
2026-09-16 13:51:40,942 | INFO | Steps: 133632/150000 | Episodes: 261 | CurrentEpReward: 0.000 | RecentReward: 78.217 | QLoss: 0.539413 | ParamLoss: -1.216339 | Epsilon: 0.0200 | Replay: 50000
2026-09-16 13:51:52,024 | INFO | Steps: 134144/150000 | Episodes: 262 | CurrentEpReward: 0.000 | RecentReward: 76.712 | QLoss: 0.536799 | ParamLoss: -1.208011 | Epsilon: 0.0200 | Replay: 50000
2026-09-16 13:52:03,431 | INFO | Steps: 134656/150000 | Episodes: 263 | CurrentEpReward: 0.000 | RecentReward: 76.564 | QLoss: 0.539154 | ParamLoss: -1.225474 | Epsilon: 0.0200 | Replay: 50000
2026-09-16 13:52:14,628 | INFO | Steps: 135168/150000 | Episodes: 264 | CurrentEpReward: 0.000 | RecentReward: 76.305 | QLoss: 0.506414 | ParamLoss: -1.239950 | Epsilon: 0.0200 | Replay: 50000
2026-09-16 13:52:25,797 | INFO | Steps: 135680/150000 | Episodes: 265 | CurrentEpReward: 0.000 | RecentReward: 76.678 | QLoss: 0.734042 | ParamLoss: -1.240804 | Epsilon: 0.0200 | Replay: 50000
2026-09-16 13:52:37,092 | INFO | Steps: 136192/150000 | Episodes: 266 | CurrentEpReward: 0.000 | RecentReward: 76.802 | QLoss: 0.662935 | ParamLoss: -1.250377 | Epsilon: 0.0200 | Replay: 50000
2026-09-16 13:52:48,220 | INFO | Steps: 136704/150000 | Episodes: 267 | CurrentEpReward: 0.000 | RecentReward: 77.092 | QLoss: 0.636738 | ParamLoss: -1.258658 | Epsilon: 0.0200 | Replay: 50000
2026-09-16 13:52:59,519 | INFO | Steps: 137216/150000 | Episodes: 268 | CurrentEpReward: 0.000 | RecentReward: 78.008 | QLoss: 0.466058 | ParamLoss: -1.253123 | Epsilon: 0.0200 | Replay: 50000
2026-09-16 13:53:10,614 | INFO | Steps: 137728/150000 | Episodes: 269 | CurrentEpReward: 0.000 | RecentReward: 76.577 | QLoss: 0.630447 | ParamLoss: -1.262572 | Epsilon: 0.0200 | Replay: 50000
2026-09-16 13:53:21,841 | INFO | Steps: 138240/150000 | Episodes: 270 | CurrentEpReward: 0.000 | RecentReward: 76.006 | QLoss: 0.417940 | ParamLoss: -1.261324 | Epsilon: 0.0200 | Replay: 50000
2026-09-16 13:53:32,943 | INFO | Steps: 138752/150000 | Episodes: 271 | CurrentEpReward: 0.000 | RecentReward: 75.522 | QLoss: 0.598372 | ParamLoss: -1.262933 | Epsilon: 0.0200 | Replay: 50000
2026-09-16 13:53:44,007 | INFO | Steps: 139264/150000 | Episodes: 272 | CurrentEpReward: 0.000 | RecentReward: 76.481 | QLoss: 0.571628 | ParamLoss: -1.266380 | Epsilon: 0.0200 | Replay: 50000
2026-09-16 13:53:55,144 | INFO | Steps: 139776/150000 | Episodes: 273 | CurrentEpReward: 0.000 | RecentReward: 76.493 | QLoss: 0.706403 | ParamLoss: -1.278098 | Epsilon: 0.0200 | Replay: 50000
2026-09-16 13:54:06,484 | INFO | Steps: 140288/150000 | Episodes: 274 | CurrentEpReward: 0.000 | RecentReward: 77.070 | QLoss: 0.683042 | ParamLoss: -1.289911 | Epsilon: 0.0200 | Replay: 50000
2026-09-16 13:54:17,522 | INFO | Steps: 140800/150000 | Episodes: 275 | CurrentEpReward: 0.000 | RecentReward: 76.972 | QLoss: 0.655540 | ParamLoss: -1.297913 | Epsilon: 0.0200 | Replay: 50000
2026-09-16 13:54:28,831 | INFO | Steps: 141312/150000 | Episodes: 276 | CurrentEpReward: 0.000 | RecentReward: 76.754 | QLoss: 0.626029 | ParamLoss: -1.306853 | Epsilon: 0.0200 | Replay: 50000
2026-09-16 13:54:39,959 | INFO | Steps: 141824/150000 | Episodes: 277 | CurrentEpReward: 0.000 | RecentReward: 76.796 | QLoss: 0.648591 | ParamLoss: -1.301421 | Epsilon: 0.0200 | Replay: 50000
2026-09-16 13:54:51,010 | INFO | Steps: 142336/150000 | Episodes: 278 | CurrentEpReward: 0.000 | RecentReward: 76.339 | QLoss: 0.511400 | ParamLoss: -1.290300 | Epsilon: 0.0200 | Replay: 50000
2026-09-16 13:55:02,222 | INFO | Steps: 142848/150000 | Episodes: 279 | CurrentEpReward: 0.000 | RecentReward: 77.477 | QLoss: 0.594715 | ParamLoss: -1.296981 | Epsilon: 0.0200 | Replay: 50000
2026-09-16 13:55:13,325 | INFO | Steps: 143360/150000 | Episodes: 280 | CurrentEpReward: 0.000 | RecentReward: 77.014 | QLoss: 0.597586 | ParamLoss: -1.292309 | Epsilon: 0.0200 | Replay: 50000
2026-09-16 13:55:24,463 | INFO | Steps: 143872/150000 | Episodes: 281 | CurrentEpReward: 0.000 | RecentReward: 77.974 | QLoss: 0.559684 | ParamLoss: -1.285991 | Epsilon: 0.0200 | Replay: 50000
2026-09-16 13:55:35,638 | INFO | Steps: 144384/150000 | Episodes: 282 | CurrentEpReward: 0.000 | RecentReward: 77.315 | QLoss: 0.530305 | ParamLoss: -1.285780 | Epsilon: 0.0200 | Replay: 50000
2026-09-16 13:55:46,774 | INFO | Steps: 144896/150000 | Episodes: 283 | CurrentEpReward: 0.000 | RecentReward: 77.522 | QLoss: 0.549570 | ParamLoss: -1.278562 | Epsilon: 0.0200 | Replay: 50000
2026-09-16 13:55:57,971 | INFO | Steps: 145408/150000 | Episodes: 284 | CurrentEpReward: 0.000 | RecentReward: 76.867 | QLoss: 0.613383 | ParamLoss: -1.285214 | Epsilon: 0.0200 | Replay: 50000
2026-09-16 13:56:09,151 | INFO | Steps: 145920/150000 | Episodes: 285 | CurrentEpReward: 0.000 | RecentReward: 77.004 | QLoss: 0.675804 | ParamLoss: -1.277938 | Epsilon: 0.0200 | Replay: 50000
2026-09-16 13:56:20,417 | INFO | Steps: 146432/150000 | Episodes: 286 | CurrentEpReward: 0.000 | RecentReward: 78.002 | QLoss: 0.567836 | ParamLoss: -1.281361 | Epsilon: 0.0200 | Replay: 50000
2026-09-16 13:56:31,600 | INFO | Steps: 146944/150000 | Episodes: 287 | CurrentEpReward: 0.000 | RecentReward: 77.632 | QLoss: 0.555087 | ParamLoss: -1.271966 | Epsilon: 0.0200 | Replay: 50000
2026-09-16 13:56:42,975 | INFO | Steps: 147456/150000 | Episodes: 288 | CurrentEpReward: 0.000 | RecentReward: 78.271 | QLoss: 0.725265 | ParamLoss: -1.273231 | Epsilon: 0.0200 | Replay: 50000
2026-09-16 13:56:54,208 | INFO | Steps: 147968/150000 | Episodes: 289 | CurrentEpReward: 0.000 | RecentReward: 78.288 | QLoss: 0.538456 | ParamLoss: -1.266406 | Epsilon: 0.0200 | Replay: 50000
2026-09-16 13:57:05,573 | INFO | Steps: 148480/150000 | Episodes: 290 | CurrentEpReward: 0.000 | RecentReward: 79.841 | QLoss: 0.737762 | ParamLoss: -1.273946 | Epsilon: 0.0200 | Replay: 50000
2026-09-16 13:57:16,915 | INFO | Steps: 148992/150000 | Episodes: 291 | CurrentEpReward: 0.000 | RecentReward: 79.640 | QLoss: 0.665687 | ParamLoss: -1.276446 | Epsilon: 0.0200 | Replay: 50000
2026-09-16 13:57:28,006 | INFO | Steps: 149504/150000 | Episodes: 292 | CurrentEpReward: 0.000 | RecentReward: 80.145 | QLoss: 0.586179 | ParamLoss: -1.271769 | Epsilon: 0.0200 | Replay: 50000
2026-09-16 13:57:38,733 | INFO | Steps: 150000/150000 | Episodes: 292 | CurrentEpReward: 73.983 | RecentReward: 80.145 | QLoss: 0.627490 | ParamLoss: -1.281516 | Epsilon: 0.0200 | Replay: 50000
2026-09-16 13:58:03,267 | INFO | 周期权重已保存: /home/pjpjq/LEO_switch/results/multiseed_0907/seed46/u30/learned_baselines/pdqn/checkpoint_150000.pt
2026-09-16 13:58:03,293 | INFO | 最终权重已保存: /home/pjpjq/LEO_switch/results/multiseed_0907/seed46/u30/learned_baselines/pdqn/pdqn_model.pt
2026-09-16 13:58:27,840 | INFO | 训练与评估完成 | EvalReward: 81.355 ± 5.632
