2026-09-12 22:55:09,841 | INFO | ============================================================
2026-09-12 22:55:09,841 | INFO | 开始训练纯 MADDPG 基线
2026-09-12 22:55:09,841 | INFO | 用户数: 25 | 观测维度: 76 | handover维度: 11 | 总步数: 150000 | warmup: 1000 | batch: 128 | 日志间隔: 512 steps | device: cuda | actor_lr: 1.0e-04 | critic_lr: 3.0e-04 | tau: 0.005 | reward_scale: 1.00
2026-09-12 22:55:09,841 | INFO | ============================================================
2026-09-12 22:55:13,623 | INFO | Steps: 512/150000 | Episodes: 1 | LastEpReward: 0.688 | RecentReward: 0.688 | ActorLoss: 0.000000 | CriticLoss: 0.000000 | Q: 0.0000 | TargetQ: 0.0000 | TDAbs: 0.0000 | ActorGrad: 0.0000 | CriticGrad: 0.0000 | Noise: 0.3500 | Replay: 512 | FPS: 135.38 | ETA: 18.4 min
2026-09-12 22:55:17,695 | INFO | Steps: 1024/150000 | Episodes: 2 | LastEpReward: 8.231 | RecentReward: 4.460 | ActorLoss: -0.021847 | CriticLoss: 0.005732 | Q: 0.0214 | TargetQ: 0.0116 | TDAbs: 0.0800 | ActorGrad: 0.0008 | CriticGrad: 0.0946 | Noise: 0.3499 | Replay: 1024 | FPS: 130.38 | ETA: 19.0 min
2026-09-12 22:55:24,156 | INFO | Steps: 1536/150000 | Episodes: 3 | LastEpReward: -61.878 | RecentReward: -17.653 | ActorLoss: -0.026701 | CriticLoss: 0.000737 | Q: 0.0012 | TargetQ: 0.0015 | TDAbs: 0.0291 | ActorGrad: 0.0079 | CriticGrad: 0.0605 | Noise: 0.3485 | Replay: 1536 | FPS: 107.30 | ETA: 23.1 min
2026-09-12 22:55:30,508 | INFO | Steps: 2048/150000 | Episodes: 4 | LastEpReward: -131.873 | RecentReward: -46.208 | ActorLoss: 0.121372 | CriticLoss: 0.001499 | Q: -0.1470 | TargetQ: -0.1469 | TDAbs: 0.0416 | ActorGrad: 0.0003 | CriticGrad: 0.1251 | Noise: 0.3470 | Replay: 2048 | FPS: 99.09 | ETA: 24.9 min
2026-09-12 22:55:36,874 | INFO | Steps: 2560/150000 | Episodes: 5 | LastEpReward: -61.386 | RecentReward: -49.243 | ActorLoss: 0.287803 | CriticLoss: 0.001307 | Q: -0.3083 | TargetQ: -0.3084 | TDAbs: 0.0384 | ActorGrad: 0.0001 | CriticGrad: 0.1240 | Noise: 0.3455 | Replay: 2560 | FPS: 94.70 | ETA: 25.9 min
2026-09-12 22:55:43,084 | INFO | Steps: 3072/150000 | Episodes: 6 | LastEpReward: -84.980 | RecentReward: -55.199 | ActorLoss: 0.573917 | CriticLoss: 0.001879 | Q: -0.5874 | TargetQ: -0.5872 | TDAbs: 0.0447 | ActorGrad: 0.0000 | CriticGrad: 0.1715 | Noise: 0.3441 | Replay: 3072 | FPS: 92.41 | ETA: 26.5 min
2026-09-12 22:55:49,360 | INFO | Steps: 3584/150000 | Episodes: 7 | LastEpReward: -133.884 | RecentReward: -66.440 | ActorLoss: 1.017973 | CriticLoss: 0.002850 | Q: -1.0225 | TargetQ: -1.0221 | TDAbs: 0.0507 | ActorGrad: 0.0000 | CriticGrad: 0.2560 | Noise: 0.3426 | Replay: 3584 | FPS: 90.69 | ETA: 26.9 min
2026-09-12 22:55:55,686 | INFO | Steps: 4096/150000 | Episodes: 8 | LastEpReward: -22.371 | RecentReward: -60.931 | ActorLoss: 1.177028 | CriticLoss: 0.003861 | Q: -1.2299 | TargetQ: -1.2302 | TDAbs: 0.0622 | ActorGrad: 0.0162 | CriticGrad: 0.3462 | Noise: 0.3412 | Replay: 4096 | FPS: 89.34 | ETA: 27.2 min
2026-09-12 22:56:02,086 | INFO | Steps: 4608/150000 | Episodes: 9 | LastEpReward: -16.546 | RecentReward: -56.000 | ActorLoss: 1.046704 | CriticLoss: 0.003340 | Q: -1.1381 | TargetQ: -1.1380 | TDAbs: 0.0575 | ActorGrad: 0.0159 | CriticGrad: 0.2080 | Noise: 0.3397 | Replay: 4608 | FPS: 88.20 | ETA: 27.5 min
2026-09-12 22:56:08,641 | INFO | 开始周期评估: Steps=5120 | Episodes=10 | EvalEpisodes=5
2026-09-12 22:56:27,701 | INFO | 周期评估完成: Steps=5120 | MeanReward=16.605 | StdReward=2.724
2026-09-12 22:56:27,712 | INFO | Steps: 5120/150000 | Episodes: 10 | LastEpReward: 5.468 | RecentReward: -49.853 | ActorLoss: 0.983196 | CriticLoss: 0.002689 | Q: -1.0449 | TargetQ: -1.0449 | TDAbs: 0.0557 | ActorGrad: 0.0180 | CriticGrad: 0.2239 | Noise: 0.3382 | Replay: 5120 | FPS: 65.75 | ETA: 36.7 min
2026-09-12 22:56:34,291 | INFO | Steps: 5632/150000 | Episodes: 11 | LastEpReward: 34.076 | RecentReward: -46.514 | ActorLoss: 0.927886 | CriticLoss: 0.004245 | Q: -0.9782 | TargetQ: -0.9788 | TDAbs: 0.0690 | ActorGrad: 0.0189 | CriticGrad: 0.3547 | Noise: 0.3368 | Replay: 5632 | FPS: 66.69 | ETA: 36.1 min
2026-09-12 22:56:40,613 | INFO | Steps: 6144/150000 | Episodes: 12 | LastEpReward: 9.530 | RecentReward: -46.384 | ActorLoss: 0.871462 | CriticLoss: 0.002679 | Q: -0.9236 | TargetQ: -0.9236 | TDAbs: 0.0543 | ActorGrad: 0.0177 | CriticGrad: 0.2304 | Noise: 0.3353 | Replay: 6144 | FPS: 67.69 | ETA: 35.4 min
2026-09-12 22:56:46,931 | INFO | Steps: 6656/150000 | Episodes: 13 | LastEpReward: 20.294 | RecentReward: -38.167 | ActorLoss: 0.694494 | CriticLoss: 0.003867 | Q: -0.7572 | TargetQ: -0.7571 | TDAbs: 0.0639 | ActorGrad: 0.0176 | CriticGrad: 0.2956 | Noise: 0.3338 | Replay: 6656 | FPS: 68.56 | ETA: 34.8 min
2026-09-12 22:56:53,278 | INFO | Steps: 7168/150000 | Episodes: 14 | LastEpReward: 36.874 | RecentReward: -21.292 | ActorLoss: 0.511222 | CriticLoss: 0.004367 | Q: -0.5799 | TargetQ: -0.5805 | TDAbs: 0.0688 | ActorGrad: 0.0141 | CriticGrad: 0.3719 | Noise: 0.3324 | Replay: 7168 | FPS: 69.30 | ETA: 34.4 min
2026-09-12 22:56:59,880 | INFO | Steps: 7680/150000 | Episodes: 15 | LastEpReward: 39.021 | RecentReward: -11.252 | ActorLoss: 0.397828 | CriticLoss: 0.004845 | Q: -0.4707 | TargetQ: -0.4707 | TDAbs: 0.0712 | ActorGrad: 0.0150 | CriticGrad: 0.3598 | Noise: 0.3309 | Replay: 7680 | FPS: 69.79 | ETA: 34.0 min
2026-09-12 22:57:06,197 | INFO | Steps: 8192/150000 | Episodes: 16 | LastEpReward: 40.048 | RecentReward: 1.251 | ActorLoss: 0.215250 | CriticLoss: 0.004519 | Q: -0.2837 | TargetQ: -0.2834 | TDAbs: 0.0679 | ActorGrad: 0.0158 | CriticGrad: 0.3607 | Noise: 0.3295 | Replay: 8192 | FPS: 70.40 | ETA: 33.6 min
2026-09-12 22:57:12,511 | INFO | Steps: 8704/150000 | Episodes: 17 | LastEpReward: 27.684 | RecentReward: 17.408 | ActorLoss: 0.092958 | CriticLoss: 0.005494 | Q: -0.1581 | TargetQ: -0.1579 | TDAbs: 0.0740 | ActorGrad: 0.0136 | CriticGrad: 0.4153 | Noise: 0.3280 | Replay: 8704 | FPS: 70.95 | ETA: 33.2 min
2026-09-12 22:57:19,142 | INFO | Steps: 9216/150000 | Episodes: 18 | LastEpReward: 41.128 | RecentReward: 23.758 | ActorLoss: -0.177515 | CriticLoss: 0.005281 | Q: 0.1005 | TargetQ: 0.1008 | TDAbs: 0.0727 | ActorGrad: 0.0103 | CriticGrad: 0.4189 | Noise: 0.3265 | Replay: 9216 | FPS: 71.28 | ETA: 32.9 min
2026-09-12 22:57:25,573 | INFO | Steps: 9728/150000 | Episodes: 19 | LastEpReward: 36.494 | RecentReward: 29.062 | ActorLoss: -0.304208 | CriticLoss: 0.005443 | Q: 0.2337 | TargetQ: 0.2340 | TDAbs: 0.0739 | ActorGrad: 0.0068 | CriticGrad: 0.3940 | Noise: 0.3251 | Replay: 9728 | FPS: 71.67 | ETA: 32.6 min
2026-09-12 22:57:31,972 | INFO | 开始周期评估: Steps=10240 | Episodes=20 | EvalEpisodes=5
2026-09-12 22:57:51,062 | INFO | 周期评估完成: Steps=10240 | MeanReward=37.553 | StdReward=2.232
2026-09-12 22:57:51,073 | INFO | Steps: 10240/150000 | Episodes: 20 | LastEpReward: 42.307 | RecentReward: 32.746 | ActorLoss: -0.445205 | CriticLoss: 0.008020 | Q: 0.3671 | TargetQ: 0.3675 | TDAbs: 0.0862 | ActorGrad: 0.0059 | CriticGrad: 0.5191 | Noise: 0.3236 | Replay: 10240 | FPS: 63.51 | ETA: 36.7 min
2026-09-12 22:57:57,679 | INFO | Steps: 10752/150000 | Episodes: 21 | LastEpReward: 40.655 | RecentReward: 33.404 | ActorLoss: -0.677701 | CriticLoss: 0.006869 | Q: 0.6106 | TargetQ: 0.6111 | TDAbs: 0.0807 | ActorGrad: 0.0078 | CriticGrad: 0.4830 | Noise: 0.3221 | Replay: 10752 | FPS: 64.06 | ETA: 36.2 min
2026-09-12 22:58:04,154 | INFO | Steps: 11264/150000 | Episodes: 22 | LastEpReward: 35.785 | RecentReward: 36.029 | ActorLoss: -0.870482 | CriticLoss: 0.008977 | Q: 0.8005 | TargetQ: 0.8001 | TDAbs: 0.0906 | ActorGrad: 0.0091 | CriticGrad: 0.5918 | Noise: 0.3207 | Replay: 11264 | FPS: 64.62 | ETA: 35.8 min
2026-09-12 22:58:10,776 | INFO | Steps: 11776/150000 | Episodes: 23 | LastEpReward: 48.828 | RecentReward: 38.883 | ActorLoss: -1.032433 | CriticLoss: 0.007861 | Q: 0.9572 | TargetQ: 0.9574 | TDAbs: 0.0865 | ActorGrad: 0.0193 | CriticGrad: 0.5258 | Noise: 0.3192 | Replay: 11776 | FPS: 65.08 | ETA: 35.4 min
2026-09-12 22:58:17,143 | INFO | Steps: 12288/150000 | Episodes: 24 | LastEpReward: 34.519 | RecentReward: 38.647 | ActorLoss: -1.228030 | CriticLoss: 0.010394 | Q: 1.1641 | TargetQ: 1.1637 | TDAbs: 0.0973 | ActorGrad: 0.0210 | CriticGrad: 0.6986 | Noise: 0.3177 | Replay: 12288 | FPS: 65.61 | ETA: 35.0 min
2026-09-12 22:58:23,485 | INFO | Steps: 12800/150000 | Episodes: 25 | LastEpReward: 37.172 | RecentReward: 38.462 | ActorLoss: -1.374380 | CriticLoss: 0.009101 | Q: 1.3197 | TargetQ: 1.3203 | TDAbs: 0.0925 | ActorGrad: 0.0283 | CriticGrad: 0.6292 | Noise: 0.3163 | Replay: 12800 | FPS: 66.10 | ETA: 34.6 min
2026-09-12 22:58:29,864 | INFO | Steps: 13312/150000 | Episodes: 26 | LastEpReward: 38.285 | RecentReward: 38.286 | ActorLoss: -1.489678 | CriticLoss: 0.010136 | Q: 1.4452 | TargetQ: 1.4450 | TDAbs: 0.0973 | ActorGrad: 0.0297 | CriticGrad: 0.6398 | Noise: 0.3148 | Replay: 13312 | FPS: 66.55 | ETA: 34.2 min
2026-09-12 22:58:36,196 | INFO | Steps: 13824/150000 | Episodes: 27 | LastEpReward: 34.575 | RecentReward: 38.975 | ActorLoss: -1.588754 | CriticLoss: 0.012639 | Q: 1.5487 | TargetQ: 1.5471 | TDAbs: 0.1097 | ActorGrad: 0.0430 | CriticGrad: 0.7034 | Noise: 0.3134 | Replay: 13824 | FPS: 66.99 | ETA: 33.9 min
2026-09-12 22:58:42,735 | INFO | Steps: 14336/150000 | Episodes: 28 | LastEpReward: 42.752 | RecentReward: 39.137 | ActorLoss: -1.734047 | CriticLoss: 0.013881 | Q: 1.6858 | TargetQ: 1.6878 | TDAbs: 0.1138 | ActorGrad: 0.0464 | CriticGrad: 0.7428 | Noise: 0.3119 | Replay: 14336 | FPS: 67.34 | ETA: 33.6 min
2026-09-12 22:58:49,054 | INFO | Steps: 14848/150000 | Episodes: 29 | LastEpReward: 30.853 | RecentReward: 38.573 | ActorLoss: -1.883370 | CriticLoss: 0.014651 | Q: 1.8328 | TargetQ: 1.8337 | TDAbs: 0.1148 | ActorGrad: 0.0495 | CriticGrad: 0.8480 | Noise: 0.3104 | Replay: 14848 | FPS: 67.73 | ETA: 33.3 min
2026-09-12 22:58:55,433 | INFO | 开始周期评估: Steps=15360 | Episodes=30 | EvalEpisodes=5
2026-09-12 22:59:14,304 | INFO | 周期评估完成: Steps=15360 | MeanReward=30.073 | StdReward=1.669
2026-09-12 22:59:14,311 | INFO | Steps: 15360/150000 | Episodes: 30 | LastEpReward: 39.060 | RecentReward: 38.249 | ActorLoss: -1.888445 | CriticLoss: 0.014782 | Q: 1.8304 | TargetQ: 1.8317 | TDAbs: 0.1201 | ActorGrad: 0.0526 | CriticGrad: 0.7744 | Noise: 0.3090 | Replay: 15360 | FPS: 62.83 | ETA: 35.7 min
2026-09-12 22:59:20,685 | INFO | Steps: 15872/150000 | Episodes: 31 | LastEpReward: 32.598 | RecentReward: 37.443 | ActorLoss: -2.206383 | CriticLoss: 0.015377 | Q: 2.1471 | TargetQ: 2.1471 | TDAbs: 0.1212 | ActorGrad: 0.0528 | CriticGrad: 0.8077 | Noise: 0.3075 | Replay: 15872 | FPS: 63.27 | ETA: 35.3 min
2026-09-12 22:59:27,040 | INFO | Steps: 16384/150000 | Episodes: 32 | LastEpReward: 30.516 | RecentReward: 36.916 | ActorLoss: -2.295646 | CriticLoss: 0.017561 | Q: 2.2388 | TargetQ: 2.2365 | TDAbs: 0.1285 | ActorGrad: 0.0554 | CriticGrad: 0.9068 | Noise: 0.3060 | Replay: 16384 | FPS: 63.70 | ETA: 35.0 min
2026-09-12 22:59:33,382 | INFO | Steps: 16896/150000 | Episodes: 33 | LastEpReward: 34.096 | RecentReward: 35.443 | ActorLoss: -2.488586 | CriticLoss: 0.017146 | Q: 2.4403 | TargetQ: 2.4397 | TDAbs: 0.1265 | ActorGrad: 0.0475 | CriticGrad: 0.8472 | Noise: 0.3046 | Replay: 16896 | FPS: 64.11 | ETA: 34.6 min
2026-09-12 22:59:39,988 | INFO | Steps: 17408/150000 | Episodes: 34 | LastEpReward: 34.396 | RecentReward: 35.430 | ActorLoss: -2.554573 | CriticLoss: 0.020998 | Q: 2.5005 | TargetQ: 2.5007 | TDAbs: 0.1405 | ActorGrad: 0.0545 | CriticGrad: 1.0209 | Noise: 0.3031 | Replay: 17408 | FPS: 64.44 | ETA: 34.3 min
2026-09-12 22:59:46,378 | INFO | Steps: 17920/150000 | Episodes: 35 | LastEpReward: 29.853 | RecentReward: 34.699 | ActorLoss: -2.774173 | CriticLoss: 0.018875 | Q: 2.7183 | TargetQ: 2.7180 | TDAbs: 0.1340 | ActorGrad: 0.0449 | CriticGrad: 0.9909 | Noise: 0.3017 | Replay: 17920 | FPS: 64.80 | ETA: 34.0 min
2026-09-12 22:59:52,862 | INFO | Steps: 18432/150000 | Episodes: 36 | LastEpReward: 30.217 | RecentReward: 33.892 | ActorLoss: -2.861941 | CriticLoss: 0.022091 | Q: 2.8087 | TargetQ: 2.8085 | TDAbs: 0.1422 | ActorGrad: 0.0485 | CriticGrad: 1.0660 | Noise: 0.3002 | Replay: 18432 | FPS: 65.13 | ETA: 33.7 min
2026-09-12 22:59:59,322 | INFO | Steps: 18944/150000 | Episodes: 37 | LastEpReward: 31.282 | RecentReward: 33.562 | ActorLoss: -3.011967 | CriticLoss: 0.022790 | Q: 2.9603 | TargetQ: 2.9592 | TDAbs: 0.1409 | ActorGrad: 0.0500 | CriticGrad: 1.0769 | Noise: 0.2987 | Replay: 18944 | FPS: 65.44 | ETA: 33.4 min
2026-09-12 23:00:05,731 | INFO | Steps: 19456/150000 | Episodes: 38 | LastEpReward: 29.698 | RecentReward: 32.257 | ActorLoss: -3.170109 | CriticLoss: 0.023014 | Q: 3.1170 | TargetQ: 3.1190 | TDAbs: 0.1448 | ActorGrad: 0.0477 | CriticGrad: 1.1670 | Noise: 0.2973 | Replay: 19456 | FPS: 65.75 | ETA: 33.1 min
2026-09-12 23:00:12,047 | INFO | Steps: 19968/150000 | Episodes: 39 | LastEpReward: 25.513 | RecentReward: 31.723 | ActorLoss: -3.208914 | CriticLoss: 0.026571 | Q: 3.1585 | TargetQ: 3.1574 | TDAbs: 0.1531 | ActorGrad: 0.0580 | CriticGrad: 1.2298 | Noise: 0.2958 | Replay: 19968 | FPS: 66.07 | ETA: 32.8 min
2026-09-12 23:00:18,501 | INFO | 开始周期评估: Steps=20480 | Episodes=40 | EvalEpisodes=5
2026-09-12 23:00:37,389 | INFO | 周期评估完成: Steps=20480 | MeanReward=31.963 | StdReward=1.318
2026-09-12 23:00:37,396 | INFO | Steps: 20480/150000 | Episodes: 40 | LastEpReward: 41.363 | RecentReward: 31.953 | ActorLoss: -3.422250 | CriticLoss: 0.025720 | Q: 3.3708 | TargetQ: 3.3728 | TDAbs: 0.1512 | ActorGrad: 0.0664 | CriticGrad: 1.2815 | Noise: 0.2943 | Replay: 20480 | FPS: 62.52 | ETA: 34.5 min
2026-09-12 23:00:43,931 | INFO | Steps: 20992/150000 | Episodes: 41 | LastEpReward: 31.594 | RecentReward: 31.853 | ActorLoss: -3.530628 | CriticLoss: 0.026248 | Q: 3.4759 | TargetQ: 3.4746 | TDAbs: 0.1534 | ActorGrad: 0.0531 | CriticGrad: 1.2286 | Noise: 0.2929 | Replay: 20992 | FPS: 62.83 | ETA: 34.2 min
2026-09-12 23:00:50,335 | INFO | Steps: 21504/150000 | Episodes: 42 | LastEpReward: 30.722 | RecentReward: 31.874 | ActorLoss: -3.522217 | CriticLoss: 0.026502 | Q: 3.4786 | TargetQ: 3.4779 | TDAbs: 0.1561 | ActorGrad: 0.0535 | CriticGrad: 1.2501 | Noise: 0.2914 | Replay: 21504 | FPS: 63.16 | ETA: 33.9 min
2026-09-12 23:00:56,662 | INFO | Steps: 22016/150000 | Episodes: 43 | LastEpReward: 27.327 | RecentReward: 31.197 | ActorLoss: -3.742218 | CriticLoss: 0.029225 | Q: 3.6901 | TargetQ: 3.6860 | TDAbs: 0.1609 | ActorGrad: 0.0547 | CriticGrad: 1.2220 | Noise: 0.2900 | Replay: 22016 | FPS: 63.48 | ETA: 33.6 min
2026-09-12 23:01:03,119 | INFO | Steps: 22528/150000 | Episodes: 44 | LastEpReward: 35.718 | RecentReward: 31.329 | ActorLoss: -3.809358 | CriticLoss: 0.030666 | Q: 3.7636 | TargetQ: 3.7631 | TDAbs: 0.1632 | ActorGrad: 0.0590 | CriticGrad: 1.5492 | Noise: 0.2885 | Replay: 22528 | FPS: 63.77 | ETA: 33.3 min
2026-09-12 23:01:09,563 | INFO | Steps: 23040/150000 | Episodes: 45 | LastEpReward: 34.690 | RecentReward: 31.812 | ActorLoss: -4.004481 | CriticLoss: 0.031071 | Q: 3.9586 | TargetQ: 3.9589 | TDAbs: 0.1662 | ActorGrad: 0.0725 | CriticGrad: 1.2742 | Noise: 0.2870 | Replay: 23040 | FPS: 64.05 | ETA: 33.0 min
2026-09-12 23:01:16,191 | INFO | Steps: 23552/150000 | Episodes: 46 | LastEpReward: 30.946 | RecentReward: 31.885 | ActorLoss: -4.055541 | CriticLoss: 0.031247 | Q: 4.0164 | TargetQ: 4.0171 | TDAbs: 0.1664 | ActorGrad: 0.0579 | CriticGrad: 1.2222 | Noise: 0.2856 | Replay: 23552 | FPS: 64.29 | ETA: 32.8 min
2026-09-12 23:01:22,613 | INFO | Steps: 24064/150000 | Episodes: 47 | LastEpReward: 23.841 | RecentReward: 31.141 | ActorLoss: -4.108373 | CriticLoss: 0.030396 | Q: 4.0544 | TargetQ: 4.0573 | TDAbs: 0.1650 | ActorGrad: 0.0640 | CriticGrad: 1.3621 | Noise: 0.2841 | Replay: 24064 | FPS: 64.55 | ETA: 32.5 min
2026-09-12 23:01:28,984 | INFO | Steps: 24576/150000 | Episodes: 48 | LastEpReward: 30.217 | RecentReward: 31.193 | ActorLoss: -4.148116 | CriticLoss: 0.033991 | Q: 4.1038 | TargetQ: 4.1037 | TDAbs: 0.1713 | ActorGrad: 0.0689 | CriticGrad: 1.3674 | Noise: 0.2826 | Replay: 24576 | FPS: 64.82 | ETA: 32.2 min
2026-09-12 23:01:35,404 | INFO | Steps: 25088/150000 | Episodes: 49 | LastEpReward: 32.208 | RecentReward: 31.863 | ActorLoss: -4.299946 | CriticLoss: 0.033793 | Q: 4.2549 | TargetQ: 4.2508 | TDAbs: 0.1709 | ActorGrad: 0.0569 | CriticGrad: 1.3383 | Noise: 0.2812 | Replay: 25088 | FPS: 65.07 | ETA: 32.0 min
2026-09-12 23:01:41,845 | INFO | 开始周期评估: Steps=25600 | Episodes=50 | EvalEpisodes=5
2026-09-12 23:02:00,960 | INFO | 周期评估完成: Steps=25600 | MeanReward=34.681 | StdReward=0.916
2026-09-12 23:02:00,968 | INFO | Steps: 25600/150000 | Episodes: 50 | LastEpReward: 31.125 | RecentReward: 30.839 | ActorLoss: -4.174690 | CriticLoss: 0.036354 | Q: 4.1296 | TargetQ: 4.1281 | TDAbs: 0.1758 | ActorGrad: 0.0550 | CriticGrad: 1.5641 | Noise: 0.2797 | Replay: 25600 | FPS: 62.27 | ETA: 33.3 min
2026-09-12 23:02:07,370 | INFO | Steps: 26112/150000 | Episodes: 51 | LastEpReward: 33.296 | RecentReward: 31.009 | ActorLoss: -4.480987 | CriticLoss: 0.037449 | Q: 4.4309 | TargetQ: 4.4344 | TDAbs: 0.1793 | ActorGrad: 0.0525 | CriticGrad: 1.3294 | Noise: 0.2783 | Replay: 26112 | FPS: 62.54 | ETA: 33.0 min
2026-09-12 23:02:13,971 | INFO | Steps: 26624/150000 | Episodes: 52 | LastEpReward: 31.575 | RecentReward: 31.094 | ActorLoss: -4.507575 | CriticLoss: 0.038013 | Q: 4.4595 | TargetQ: 4.4583 | TDAbs: 0.1807 | ActorGrad: 0.0526 | CriticGrad: 1.3592 | Noise: 0.2768 | Replay: 26624 | FPS: 62.77 | ETA: 32.8 min
2026-09-12 23:02:20,533 | INFO | Steps: 27136/150000 | Episodes: 53 | LastEpReward: 38.521 | RecentReward: 32.214 | ActorLoss: -4.612157 | CriticLoss: 0.038261 | Q: 4.5689 | TargetQ: 4.5624 | TDAbs: 0.1833 | ActorGrad: 0.0496 | CriticGrad: 1.3337 | Noise: 0.2753 | Replay: 27136 | FPS: 63.01 | ETA: 32.5 min
2026-09-12 23:02:26,899 | INFO | Steps: 27648/150000 | Episodes: 54 | LastEpReward: 28.531 | RecentReward: 31.495 | ActorLoss: -4.609887 | CriticLoss: 0.038565 | Q: 4.5730 | TargetQ: 4.5725 | TDAbs: 0.1818 | ActorGrad: 0.0488 | CriticGrad: 1.4074 | Noise: 0.2739 | Replay: 27648 | FPS: 63.26 | ETA: 32.2 min
2026-09-12 23:02:33,235 | INFO | Steps: 28160/150000 | Episodes: 55 | LastEpReward: 31.172 | RecentReward: 31.143 | ActorLoss: -4.760550 | CriticLoss: 0.037174 | Q: 4.7205 | TargetQ: 4.7171 | TDAbs: 0.1825 | ActorGrad: 0.0458 | CriticGrad: 1.3770 | Noise: 0.2724 | Replay: 28160 | FPS: 63.51 | ETA: 32.0 min
2026-09-12 23:02:39,761 | INFO | Steps: 28672/150000 | Episodes: 56 | LastEpReward: 36.009 | RecentReward: 31.650 | ActorLoss: -4.799028 | CriticLoss: 0.036872 | Q: 4.7630 | TargetQ: 4.7590 | TDAbs: 0.1780 | ActorGrad: 0.0459 | CriticGrad: 1.3386 | Noise: 0.2709 | Replay: 28672 | FPS: 63.73 | ETA: 31.7 min
2026-09-12 23:02:46,164 | INFO | Steps: 29184/150000 | Episodes: 57 | LastEpReward: 33.627 | RecentReward: 32.628 | ActorLoss: -4.923001 | CriticLoss: 0.039442 | Q: 4.8782 | TargetQ: 4.8777 | TDAbs: 0.1852 | ActorGrad: 0.0694 | CriticGrad: 1.4987 | Noise: 0.2695 | Replay: 29184 | FPS: 63.95 | ETA: 31.5 min
2026-09-12 23:02:52,513 | INFO | Steps: 29696/150000 | Episodes: 58 | LastEpReward: 28.019 | RecentReward: 32.408 | ActorLoss: -4.926554 | CriticLoss: 0.038939 | Q: 4.8831 | TargetQ: 4.8790 | TDAbs: 0.1847 | ActorGrad: 0.0587 | CriticGrad: 1.5991 | Noise: 0.2680 | Replay: 29696 | FPS: 64.18 | ETA: 31.2 min
2026-09-12 23:02:58,980 | INFO | Steps: 30208/150000 | Episodes: 59 | LastEpReward: 29.908 | RecentReward: 32.178 | ActorLoss: -4.925654 | CriticLoss: 0.045529 | Q: 4.8689 | TargetQ: 4.8612 | TDAbs: 0.1910 | ActorGrad: 0.0817 | CriticGrad: 1.5668 | Noise: 0.2665 | Replay: 30208 | FPS: 64.39 | ETA: 31.0 min
2026-09-12 23:03:05,623 | INFO | 开始周期评估: Steps=30720 | Episodes=60 | EvalEpisodes=5
2026-09-12 23:03:24,699 | INFO | 周期评估完成: Steps=30720 | MeanReward=35.538 | StdReward=3.048
2026-09-12 23:03:24,708 | INFO | Steps: 30720/150000 | Episodes: 60 | LastEpReward: 45.935 | RecentReward: 33.659 | ActorLoss: -5.108438 | CriticLoss: 0.040850 | Q: 5.0557 | TargetQ: 5.0539 | TDAbs: 0.1912 | ActorGrad: 0.0771 | CriticGrad: 1.5611 | Noise: 0.2651 | Replay: 30720 | FPS: 62.08 | ETA: 32.0 min
2026-09-12 23:03:31,380 | INFO | Steps: 31232/150000 | Episodes: 61 | LastEpReward: 47.374 | RecentReward: 35.067 | ActorLoss: -5.255376 | CriticLoss: 0.038684 | Q: 5.2078 | TargetQ: 5.2067 | TDAbs: 0.1893 | ActorGrad: 0.0743 | CriticGrad: 1.4044 | Noise: 0.2636 | Replay: 31232 | FPS: 62.27 | ETA: 31.8 min
2026-09-12 23:03:37,729 | INFO | Steps: 31744/150000 | Episodes: 62 | LastEpReward: 26.849 | RecentReward: 34.595 | ActorLoss: -5.290558 | CriticLoss: 0.035230 | Q: 5.2407 | TargetQ: 5.2400 | TDAbs: 0.1827 | ActorGrad: 0.0649 | CriticGrad: 1.3022 | Noise: 0.2622 | Replay: 31744 | FPS: 62.50 | ETA: 31.5 min
2026-09-12 23:03:44,454 | INFO | Steps: 32256/150000 | Episodes: 63 | LastEpReward: 6.935 | RecentReward: 31.436 | ActorLoss: -5.215138 | CriticLoss: 0.045186 | Q: 5.1650 | TargetQ: 5.1671 | TDAbs: 0.1995 | ActorGrad: 0.0752 | CriticGrad: 1.4897 | Noise: 0.2607 | Replay: 32256 | FPS: 62.68 | ETA: 31.3 min
2026-09-12 23:03:51,127 | INFO | Steps: 32768/150000 | Episodes: 64 | LastEpReward: 32.783 | RecentReward: 31.861 | ActorLoss: -5.456114 | CriticLoss: 0.036065 | Q: 5.4070 | TargetQ: 5.4044 | TDAbs: 0.1868 | ActorGrad: 0.0650 | CriticGrad: 1.2900 | Noise: 0.2592 | Replay: 32768 | FPS: 62.86 | ETA: 31.1 min
2026-09-12 23:03:57,614 | INFO | Steps: 33280/150000 | Episodes: 65 | LastEpReward: 31.710 | RecentReward: 31.915 | ActorLoss: -5.518380 | CriticLoss: 0.038079 | Q: 5.4686 | TargetQ: 5.4672 | TDAbs: 0.1863 | ActorGrad: 0.0643 | CriticGrad: 1.1607 | Noise: 0.2578 | Replay: 33280 | FPS: 63.06 | ETA: 30.9 min
2026-09-12 23:04:04,080 | INFO | Steps: 33792/150000 | Episodes: 66 | LastEpReward: 36.609 | RecentReward: 31.975 | ActorLoss: -5.493650 | CriticLoss: 0.036582 | Q: 5.4503 | TargetQ: 5.4482 | TDAbs: 0.1868 | ActorGrad: 0.0655 | CriticGrad: 1.1939 | Noise: 0.2563 | Replay: 33792 | FPS: 63.25 | ETA: 30.6 min
2026-09-12 23:04:10,537 | INFO | Steps: 34304/150000 | Episodes: 67 | LastEpReward: 29.635 | RecentReward: 31.576 | ActorLoss: -5.623364 | CriticLoss: 0.034914 | Q: 5.5869 | TargetQ: 5.5803 | TDAbs: 0.1841 | ActorGrad: 0.0585 | CriticGrad: 1.2386 | Noise: 0.2548 | Replay: 34304 | FPS: 63.44 | ETA: 30.4 min
2026-09-12 23:04:16,938 | INFO | Steps: 34816/150000 | Episodes: 68 | LastEpReward: 33.778 | RecentReward: 32.152 | ActorLoss: -5.626683 | CriticLoss: 0.032593 | Q: 5.5876 | TargetQ: 5.5881 | TDAbs: 0.1819 | ActorGrad: 0.0536 | CriticGrad: 1.2183 | Noise: 0.2534 | Replay: 34816 | FPS: 63.64 | ETA: 30.2 min
2026-09-12 23:04:23,457 | INFO | Steps: 35328/150000 | Episodes: 69 | LastEpReward: 29.901 | RecentReward: 32.151 | ActorLoss: -5.696188 | CriticLoss: 0.036769 | Q: 5.6589 | TargetQ: 5.6557 | TDAbs: 0.1856 | ActorGrad: 0.0569 | CriticGrad: 1.2456 | Noise: 0.2519 | Replay: 35328 | FPS: 63.81 | ETA: 29.9 min
2026-09-12 23:04:29,832 | INFO | 开始周期评估: Steps=35840 | Episodes=70 | EvalEpisodes=5
2026-09-12 23:04:48,877 | INFO | 周期评估完成: Steps=35840 | MeanReward=34.289 | StdReward=3.634
2026-09-12 23:04:48,884 | INFO | Steps: 35840/150000 | Episodes: 70 | LastEpReward: 38.234 | RecentReward: 31.381 | ActorLoss: -5.685213 | CriticLoss: 0.035915 | Q: 5.6460 | TargetQ: 5.6426 | TDAbs: 0.1895 | ActorGrad: 0.0571 | CriticGrad: 1.2168 | Noise: 0.2505 | Replay: 35840 | FPS: 61.90 | ETA: 30.7 min
2026-09-12 23:04:55,365 | INFO | Steps: 36352/150000 | Episodes: 71 | LastEpReward: 30.123 | RecentReward: 29.656 | ActorLoss: -5.720469 | CriticLoss: 0.036854 | Q: 5.6837 | TargetQ: 5.6813 | TDAbs: 0.1882 | ActorGrad: 0.0542 | CriticGrad: 1.1332 | Noise: 0.2490 | Replay: 36352 | FPS: 62.08 | ETA: 30.5 min
2026-09-12 23:05:01,873 | INFO | Steps: 36864/150000 | Episodes: 72 | LastEpReward: 31.106 | RecentReward: 30.081 | ActorLoss: -5.783321 | CriticLoss: 0.032195 | Q: 5.7437 | TargetQ: 5.7413 | TDAbs: 0.1801 | ActorGrad: 0.0589 | CriticGrad: 1.1258 | Noise: 0.2475 | Replay: 36864 | FPS: 62.27 | ETA: 30.3 min
2026-09-12 23:05:08,528 | INFO | Steps: 37376/150000 | Episodes: 73 | LastEpReward: 26.673 | RecentReward: 32.055 | ActorLoss: -5.779936 | CriticLoss: 0.032615 | Q: 5.7403 | TargetQ: 5.7387 | TDAbs: 0.1799 | ActorGrad: 0.0592 | CriticGrad: 1.0513 | Noise: 0.2461 | Replay: 37376 | FPS: 62.43 | ETA: 30.1 min
2026-09-12 23:05:15,211 | INFO | Steps: 37888/150000 | Episodes: 74 | LastEpReward: 41.631 | RecentReward: 32.940 | ActorLoss: -5.880027 | CriticLoss: 0.034394 | Q: 5.8380 | TargetQ: 5.8354 | TDAbs: 0.1829 | ActorGrad: 0.0526 | CriticGrad: 1.1060 | Noise: 0.2446 | Replay: 37888 | FPS: 62.59 | ETA: 29.9 min
2026-09-12 23:05:21,708 | INFO | Steps: 38400/150000 | Episodes: 75 | LastEpReward: 39.036 | RecentReward: 33.673 | ActorLoss: -5.975017 | CriticLoss: 0.032095 | Q: 5.9400 | TargetQ: 5.9387 | TDAbs: 0.1817 | ActorGrad: 0.0525 | CriticGrad: 1.1204 | Noise: 0.2431 | Replay: 38400 | FPS: 62.76 | ETA: 29.6 min
2026-09-12 23:05:28,125 | INFO | Steps: 38912/150000 | Episodes: 76 | LastEpReward: 27.861 | RecentReward: 32.798 | ActorLoss: -5.985004 | CriticLoss: 0.030667 | Q: 5.9505 | TargetQ: 5.9484 | TDAbs: 0.1764 | ActorGrad: 0.0481 | CriticGrad: 1.0517 | Noise: 0.2417 | Replay: 38912 | FPS: 62.94 | ETA: 29.4 min
2026-09-12 23:05:34,560 | INFO | Steps: 39424/150000 | Episodes: 77 | LastEpReward: 28.731 | RecentReward: 32.707 | ActorLoss: -5.987949 | CriticLoss: 0.032331 | Q: 5.9482 | TargetQ: 5.9444 | TDAbs: 0.1764 | ActorGrad: 0.0604 | CriticGrad: 1.0623 | Noise: 0.2402 | Replay: 39424 | FPS: 63.11 | ETA: 29.2 min
2026-09-12 23:05:41,061 | INFO | Steps: 39936/150000 | Episodes: 78 | LastEpReward: 39.913 | RecentReward: 33.321 | ActorLoss: -6.013183 | CriticLoss: 0.031898 | Q: 5.9731 | TargetQ: 5.9700 | TDAbs: 0.1803 | ActorGrad: 0.0534 | CriticGrad: 1.1501 | Noise: 0.2388 | Replay: 39936 | FPS: 63.27 | ETA: 29.0 min
2026-09-12 23:05:47,580 | INFO | Steps: 40448/150000 | Episodes: 79 | LastEpReward: 37.803 | RecentReward: 34.111 | ActorLoss: -6.077181 | CriticLoss: 0.028926 | Q: 6.0383 | TargetQ: 6.0370 | TDAbs: 0.1745 | ActorGrad: 0.0573 | CriticGrad: 1.0023 | Noise: 0.2373 | Replay: 40448 | FPS: 63.42 | ETA: 28.8 min
2026-09-12 23:05:54,077 | INFO | 开始周期评估: Steps=40960 | Episodes=80 | EvalEpisodes=5
2026-09-12 23:06:13,207 | INFO | 周期评估完成: Steps=40960 | MeanReward=34.357 | StdReward=3.398
2026-09-12 23:06:13,214 | INFO | Steps: 40960/150000 | Episodes: 80 | LastEpReward: 26.219 | RecentReward: 32.909 | ActorLoss: -6.073418 | CriticLoss: 0.028823 | Q: 6.0379 | TargetQ: 6.0360 | TDAbs: 0.1731 | ActorGrad: 0.0598 | CriticGrad: 1.1067 | Noise: 0.2358 | Replay: 40960 | FPS: 61.75 | ETA: 29.4 min
2026-09-12 23:06:19,760 | INFO | Steps: 41472/150000 | Episodes: 81 | LastEpReward: 32.568 | RecentReward: 33.154 | ActorLoss: -6.052196 | CriticLoss: 0.028864 | Q: 6.0199 | TargetQ: 6.0181 | TDAbs: 0.1747 | ActorGrad: 0.0581 | CriticGrad: 1.0705 | Noise: 0.2344 | Replay: 41472 | FPS: 61.91 | ETA: 29.2 min
2026-09-12 23:06:26,274 | INFO | Steps: 41984/150000 | Episodes: 82 | LastEpReward: 37.123 | RecentReward: 33.756 | ActorLoss: -6.085943 | CriticLoss: 0.028630 | Q: 6.0513 | TargetQ: 6.0507 | TDAbs: 0.1756 | ActorGrad: 0.0548 | CriticGrad: 1.2173 | Noise: 0.2329 | Replay: 41984 | FPS: 62.07 | ETA: 29.0 min
2026-09-12 23:06:32,862 | INFO | Steps: 42496/150000 | Episodes: 83 | LastEpReward: 19.195 | RecentReward: 33.008 | ActorLoss: -6.105068 | CriticLoss: 0.030139 | Q: 6.0732 | TargetQ: 6.0717 | TDAbs: 0.1773 | ActorGrad: 0.0630 | CriticGrad: 0.9208 | Noise: 0.2314 | Replay: 42496 | FPS: 62.22 | ETA: 28.8 min
2026-09-12 23:06:39,488 | INFO | Steps: 43008/150000 | Episodes: 84 | LastEpReward: 27.163 | RecentReward: 31.561 | ActorLoss: -6.128077 | CriticLoss: 0.027404 | Q: 6.0965 | TargetQ: 6.0967 | TDAbs: 0.1673 | ActorGrad: 0.0517 | CriticGrad: 0.9197 | Noise: 0.2300 | Replay: 43008 | FPS: 62.36 | ETA: 28.6 min
2026-09-12 23:06:46,446 | INFO | Steps: 43520/150000 | Episodes: 85 | LastEpReward: 26.440 | RecentReward: 30.302 | ActorLoss: -6.140448 | CriticLoss: 0.031468 | Q: 6.1076 | TargetQ: 6.1025 | TDAbs: 0.1779 | ActorGrad: 0.0522 | CriticGrad: 1.0922 | Noise: 0.2285 | Replay: 43520 | FPS: 62.47 | ETA: 28.4 min
2026-09-12 23:06:53,185 | INFO | Steps: 44032/150000 | Episodes: 86 | LastEpReward: 41.078 | RecentReward: 31.623 | ActorLoss: -6.148391 | CriticLoss: 0.031530 | Q: 6.1175 | TargetQ: 6.1152 | TDAbs: 0.1789 | ActorGrad: 0.0507 | CriticGrad: 1.0398 | Noise: 0.2271 | Replay: 44032 | FPS: 62.60 | ETA: 28.2 min
2026-09-12 23:06:59,838 | INFO | Steps: 44544/150000 | Episodes: 87 | LastEpReward: 33.821 | RecentReward: 32.132 | ActorLoss: -6.174634 | CriticLoss: 0.030952 | Q: 6.1418 | TargetQ: 6.1378 | TDAbs: 0.1775 | ActorGrad: 0.0449 | CriticGrad: 1.0427 | Noise: 0.2256 | Replay: 44544 | FPS: 62.74 | ETA: 28.0 min
2026-09-12 23:07:06,479 | INFO | Steps: 45056/150000 | Episodes: 88 | LastEpReward: 36.612 | RecentReward: 31.802 | ActorLoss: -6.173351 | CriticLoss: 0.031322 | Q: 6.1421 | TargetQ: 6.1393 | TDAbs: 0.1772 | ActorGrad: 0.0594 | CriticGrad: 1.1819 | Noise: 0.2241 | Replay: 45056 | FPS: 62.87 | ETA: 27.8 min
2026-09-12 23:07:12,954 | INFO | Steps: 45568/150000 | Episodes: 89 | LastEpReward: 25.221 | RecentReward: 30.544 | ActorLoss: -6.237456 | CriticLoss: 0.027512 | Q: 6.2065 | TargetQ: 6.2020 | TDAbs: 0.1720 | ActorGrad: 0.0600 | CriticGrad: 1.1289 | Noise: 0.2227 | Replay: 45568 | FPS: 63.02 | ETA: 27.6 min
2026-09-12 23:07:19,488 | INFO | 开始周期评估: Steps=46080 | Episodes=90 | EvalEpisodes=5
2026-09-12 23:07:38,558 | INFO | 周期评估完成: Steps=46080 | MeanReward=34.161 | StdReward=3.330
2026-09-12 23:07:38,565 | INFO | Steps: 46080/150000 | Episodes: 90 | LastEpReward: 36.843 | RecentReward: 31.607 | ActorLoss: -6.247321 | CriticLoss: 0.030742 | Q: 6.2167 | TargetQ: 6.2146 | TDAbs: 0.1787 | ActorGrad: 0.0817 | CriticGrad: 1.2021 | Noise: 0.2212 | Replay: 46080 | FPS: 61.54 | ETA: 28.1 min
2026-09-12 23:07:44,863 | INFO | Steps: 46592/150000 | Episodes: 91 | LastEpReward: 21.050 | RecentReward: 30.455 | ActorLoss: -6.245331 | CriticLoss: 0.031562 | Q: 6.2193 | TargetQ: 6.2145 | TDAbs: 0.1814 | ActorGrad: 0.0566 | CriticGrad: 0.9850 | Noise: 0.2197 | Replay: 46592 | FPS: 61.71 | ETA: 27.9 min
2026-09-12 23:07:51,329 | INFO | Steps: 47104/150000 | Episodes: 92 | LastEpReward: 21.369 | RecentReward: 28.879 | ActorLoss: -6.207436 | CriticLoss: 0.032665 | Q: 6.1785 | TargetQ: 6.1768 | TDAbs: 0.1815 | ActorGrad: 0.0629 | CriticGrad: 1.0256 | Noise: 0.2183 | Replay: 47104 | FPS: 61.86 | ETA: 27.7 min
2026-09-12 23:07:57,971 | INFO | Steps: 47616/150000 | Episodes: 93 | LastEpReward: 43.023 | RecentReward: 31.262 | ActorLoss: -6.211467 | CriticLoss: 0.030331 | Q: 6.1838 | TargetQ: 6.1805 | TDAbs: 0.1781 | ActorGrad: 0.0705 | CriticGrad: 0.9624 | Noise: 0.2168 | Replay: 47616 | FPS: 61.99 | ETA: 27.5 min
2026-09-12 23:08:04,534 | INFO | Steps: 48128/150000 | Episodes: 94 | LastEpReward: 17.179 | RecentReward: 30.264 | ActorLoss: -6.210531 | CriticLoss: 0.030229 | Q: 6.1824 | TargetQ: 6.1769 | TDAbs: 0.1761 | ActorGrad: 0.0725 | CriticGrad: 1.1263 | Noise: 0.2153 | Replay: 48128 | FPS: 62.13 | ETA: 27.3 min
2026-09-12 23:08:11,123 | INFO | Steps: 48640/150000 | Episodes: 95 | LastEpReward: 32.353 | RecentReward: 30.855 | ActorLoss: -6.226213 | CriticLoss: 0.030846 | Q: 6.1965 | TargetQ: 6.1942 | TDAbs: 0.1798 | ActorGrad: 0.0814 | CriticGrad: 1.0215 | Noise: 0.2139 | Replay: 48640 | FPS: 62.26 | ETA: 27.1 min
2026-09-12 23:08:17,759 | INFO | Steps: 49152/150000 | Episodes: 96 | LastEpReward: 32.854 | RecentReward: 30.033 | ActorLoss: -6.287006 | CriticLoss: 0.032023 | Q: 6.2618 | TargetQ: 6.2599 | TDAbs: 0.1800 | ActorGrad: 0.0758 | CriticGrad: 0.9872 | Noise: 0.2124 | Replay: 49152 | FPS: 62.38 | ETA: 26.9 min
2026-09-12 23:08:24,489 | INFO | Steps: 49664/150000 | Episodes: 97 | LastEpReward: 38.632 | RecentReward: 30.514 | ActorLoss: -6.284029 | CriticLoss: 0.029985 | Q: 6.2541 | TargetQ: 6.2520 | TDAbs: 0.1802 | ActorGrad: 0.0847 | CriticGrad: 1.0117 | Noise: 0.2110 | Replay: 49664 | FPS: 62.50 | ETA: 26.8 min
2026-09-12 23:08:31,121 | INFO | Steps: 50176/150000 | Episodes: 98 | LastEpReward: 35.012 | RecentReward: 30.354 | ActorLoss: -6.265518 | CriticLoss: 0.035191 | Q: 6.2349 | TargetQ: 6.2318 | TDAbs: 0.1910 | ActorGrad: 0.0836 | CriticGrad: 1.2625 | Noise: 0.2095 | Replay: 50000 | FPS: 62.62 | ETA: 26.6 min
2026-09-12 23:08:37,689 | INFO | Steps: 50688/150000 | Episodes: 99 | LastEpReward: 44.811 | RecentReward: 32.313 | ActorLoss: -6.245222 | CriticLoss: 0.035646 | Q: 6.2178 | TargetQ: 6.2134 | TDAbs: 0.1912 | ActorGrad: 0.0861 | CriticGrad: 0.9201 | Noise: 0.2080 | Replay: 50000 | FPS: 62.74 | ETA: 26.4 min
2026-09-12 23:08:44,112 | INFO | 开始周期评估: Steps=51200 | Episodes=100 | EvalEpisodes=5
2026-09-12 23:09:03,125 | INFO | 周期评估完成: Steps=51200 | MeanReward=30.136 | StdReward=2.650
2026-09-12 23:09:03,131 | INFO | Steps: 51200/150000 | Episodes: 100 | LastEpReward: 27.932 | RecentReward: 31.421 | ActorLoss: -6.310388 | CriticLoss: 0.032328 | Q: 6.2843 | TargetQ: 6.2835 | TDAbs: 0.1884 | ActorGrad: 0.0885 | CriticGrad: 1.0325 | Noise: 0.2066 | Replay: 50000 | FPS: 61.44 | ETA: 26.8 min
2026-09-12 23:09:09,686 | INFO | Steps: 51712/150000 | Episodes: 101 | LastEpReward: 44.209 | RecentReward: 33.737 | ActorLoss: -6.306959 | CriticLoss: 0.034370 | Q: 6.2804 | TargetQ: 6.2779 | TDAbs: 0.1877 | ActorGrad: 0.0979 | CriticGrad: 0.9362 | Noise: 0.2051 | Replay: 50000 | FPS: 61.57 | ETA: 26.6 min
2026-09-12 23:09:16,247 | INFO | Steps: 52224/150000 | Episodes: 102 | LastEpReward: 27.032 | RecentReward: 34.304 | ActorLoss: -6.439592 | CriticLoss: 0.031736 | Q: 6.4140 | TargetQ: 6.4126 | TDAbs: 0.1869 | ActorGrad: 0.0823 | CriticGrad: 0.9624 | Noise: 0.2036 | Replay: 50000 | FPS: 61.70 | ETA: 26.4 min
2026-09-12 23:09:22,710 | INFO | Steps: 52736/150000 | Episodes: 103 | LastEpReward: 22.574 | RecentReward: 32.259 | ActorLoss: -6.448840 | CriticLoss: 0.031723 | Q: 6.4246 | TargetQ: 6.4241 | TDAbs: 0.1864 | ActorGrad: 0.0882 | CriticGrad: 0.9503 | Noise: 0.2022 | Replay: 50000 | FPS: 61.83 | ETA: 26.2 min
2026-09-12 23:09:29,092 | INFO | Steps: 53248/150000 | Episodes: 104 | LastEpReward: 26.785 | RecentReward: 33.219 | ActorLoss: -6.498307 | CriticLoss: 0.033695 | Q: 6.4726 | TargetQ: 6.4704 | TDAbs: 0.1887 | ActorGrad: 0.0803 | CriticGrad: 0.8723 | Noise: 0.2007 | Replay: 50000 | FPS: 61.97 | ETA: 26.0 min
2026-09-12 23:09:35,607 | INFO | Steps: 53760/150000 | Episodes: 105 | LastEpReward: 31.289 | RecentReward: 33.113 | ActorLoss: -6.618590 | CriticLoss: 0.033694 | Q: 6.5989 | TargetQ: 6.5947 | TDAbs: 0.1861 | ActorGrad: 0.0822 | CriticGrad: 0.8685 | Noise: 0.1993 | Replay: 50000 | FPS: 62.10 | ETA: 25.8 min
2026-09-12 23:09:42,059 | INFO | Steps: 54272/150000 | Episodes: 106 | LastEpReward: 19.679 | RecentReward: 31.796 | ActorLoss: -6.654550 | CriticLoss: 0.031925 | Q: 6.6357 | TargetQ: 6.6332 | TDAbs: 0.1860 | ActorGrad: 0.0893 | CriticGrad: 0.9630 | Noise: 0.1978 | Replay: 50000 | FPS: 62.22 | ETA: 25.6 min
2026-09-12 23:09:48,740 | INFO | Steps: 54784/150000 | Episodes: 107 | LastEpReward: 33.482 | RecentReward: 31.281 | ActorLoss: -6.639131 | CriticLoss: 0.033915 | Q: 6.6232 | TargetQ: 6.6202 | TDAbs: 0.1878 | ActorGrad: 0.0742 | CriticGrad: 1.1198 | Noise: 0.1963 | Replay: 50000 | FPS: 62.33 | ETA: 25.5 min
2026-09-12 23:09:55,489 | INFO | Steps: 55296/150000 | Episodes: 108 | LastEpReward: 41.820 | RecentReward: 31.961 | ActorLoss: -6.646977 | CriticLoss: 0.033563 | Q: 6.6293 | TargetQ: 6.6291 | TDAbs: 0.1899 | ActorGrad: 0.0789 | CriticGrad: 1.0395 | Noise: 0.1949 | Replay: 50000 | FPS: 62.44 | ETA: 25.3 min
2026-09-12 23:10:01,944 | INFO | Steps: 55808/150000 | Episodes: 109 | LastEpReward: 23.878 | RecentReward: 29.868 | ActorLoss: -6.656850 | CriticLoss: 0.031112 | Q: 6.6399 | TargetQ: 6.6394 | TDAbs: 0.1848 | ActorGrad: 0.0856 | CriticGrad: 0.9764 | Noise: 0.1934 | Replay: 50000 | FPS: 62.56 | ETA: 25.1 min
2026-09-12 23:10:08,438 | INFO | 开始周期评估: Steps=56320 | Episodes=110 | EvalEpisodes=5
2026-09-12 23:10:27,558 | INFO | 周期评估完成: Steps=56320 | MeanReward=31.457 | StdReward=2.864
2026-09-12 23:10:27,564 | INFO | Steps: 56320/150000 | Episodes: 110 | LastEpReward: 25.987 | RecentReward: 29.673 | ActorLoss: -6.648039 | CriticLoss: 0.032234 | Q: 6.6328 | TargetQ: 6.6274 | TDAbs: 0.1839 | ActorGrad: 0.0728 | CriticGrad: 0.8756 | Noise: 0.1919 | Replay: 50000 | FPS: 61.37 | ETA: 25.4 min
2026-09-12 23:10:33,986 | INFO | Steps: 56832/150000 | Episodes: 111 | LastEpReward: 31.176 | RecentReward: 28.370 | ActorLoss: -6.684079 | CriticLoss: 0.035333 | Q: 6.6676 | TargetQ: 6.6621 | TDAbs: 0.1907 | ActorGrad: 0.0741 | CriticGrad: 1.1393 | Noise: 0.1905 | Replay: 50000 | FPS: 61.50 | ETA: 25.3 min
2026-09-12 23:10:40,533 | INFO | Steps: 57344/150000 | Episodes: 112 | LastEpReward: 34.502 | RecentReward: 29.117 | ActorLoss: -6.649572 | CriticLoss: 0.034929 | Q: 6.6359 | TargetQ: 6.6329 | TDAbs: 0.1904 | ActorGrad: 0.0737 | CriticGrad: 1.0979 | Noise: 0.1890 | Replay: 50000 | FPS: 61.61 | ETA: 25.1 min
2026-09-12 23:10:47,047 | INFO | Steps: 57856/150000 | Episodes: 113 | LastEpReward: 18.976 | RecentReward: 28.757 | ActorLoss: -6.649894 | CriticLoss: 0.033267 | Q: 6.6340 | TargetQ: 6.6363 | TDAbs: 0.1878 | ActorGrad: 0.0740 | CriticGrad: 1.2957 | Noise: 0.1876 | Replay: 50000 | FPS: 61.73 | ETA: 24.9 min
2026-09-12 23:10:53,579 | INFO | Steps: 58368/150000 | Episodes: 114 | LastEpReward: 22.212 | RecentReward: 28.300 | ActorLoss: -6.645744 | CriticLoss: 0.032573 | Q: 6.6262 | TargetQ: 6.6243 | TDAbs: 0.1848 | ActorGrad: 0.0790 | CriticGrad: 0.9023 | Noise: 0.1861 | Replay: 50000 | FPS: 61.85 | ETA: 24.7 min
2026-09-12 23:11:00,219 | INFO | Steps: 58880/150000 | Episodes: 115 | LastEpReward: 31.126 | RecentReward: 28.284 | ActorLoss: -6.710017 | CriticLoss: 0.029750 | Q: 6.6921 | TargetQ: 6.6902 | TDAbs: 0.1802 | ActorGrad: 0.0752 | CriticGrad: 0.8428 | Noise: 0.1846 | Replay: 50000 | FPS: 61.95 | ETA: 24.5 min
2026-09-12 23:11:06,747 | INFO | Steps: 59392/150000 | Episodes: 116 | LastEpReward: 25.649 | RecentReward: 28.881 | ActorLoss: -6.721677 | CriticLoss: 0.033436 | Q: 6.7032 | TargetQ: 6.7007 | TDAbs: 0.1855 | ActorGrad: 0.0782 | CriticGrad: 1.1050 | Noise: 0.1832 | Replay: 50000 | FPS: 62.07 | ETA: 24.3 min
2026-09-12 23:11:13,226 | INFO | Steps: 59904/150000 | Episodes: 117 | LastEpReward: 24.053 | RecentReward: 27.938 | ActorLoss: -6.711145 | CriticLoss: 0.032555 | Q: 6.6965 | TargetQ: 6.6919 | TDAbs: 0.1871 | ActorGrad: 0.0799 | CriticGrad: 0.9879 | Noise: 0.1817 | Replay: 50000 | FPS: 62.18 | ETA: 24.1 min
2026-09-12 23:11:19,674 | INFO | Steps: 60416/150000 | Episodes: 118 | LastEpReward: 24.452 | RecentReward: 26.201 | ActorLoss: -6.637662 | CriticLoss: 0.032235 | Q: 6.6231 | TargetQ: 6.6219 | TDAbs: 0.1861 | ActorGrad: 0.0731 | CriticGrad: 1.1173 | Noise: 0.1802 | Replay: 50000 | FPS: 62.30 | ETA: 24.0 min
2026-09-12 23:11:26,282 | INFO | Steps: 60928/150000 | Episodes: 119 | LastEpReward: 39.456 | RecentReward: 27.759 | ActorLoss: -6.688477 | CriticLoss: 0.031096 | Q: 6.6736 | TargetQ: 6.6707 | TDAbs: 0.1832 | ActorGrad: 0.0621 | CriticGrad: 1.2016 | Noise: 0.1788 | Replay: 50000 | FPS: 62.40 | ETA: 23.8 min
2026-09-12 23:11:32,829 | INFO | 开始周期评估: Steps=61440 | Episodes=120 | EvalEpisodes=5
2026-09-12 23:11:51,984 | INFO | 周期评估完成: Steps=61440 | MeanReward=33.710 | StdReward=2.463
2026-09-12 23:11:51,991 | INFO | Steps: 61440/150000 | Episodes: 120 | LastEpReward: 36.929 | RecentReward: 28.853 | ActorLoss: -6.633259 | CriticLoss: 0.031605 | Q: 6.6201 | TargetQ: 6.6190 | TDAbs: 0.1835 | ActorGrad: 0.0613 | CriticGrad: 0.9376 | Noise: 0.1773 | Replay: 50000 | FPS: 61.31 | ETA: 24.1 min
2026-09-12 23:11:58,569 | INFO | Steps: 61952/150000 | Episodes: 121 | LastEpReward: 27.387 | RecentReward: 28.474 | ActorLoss: -6.647312 | CriticLoss: 0.030891 | Q: 6.6328 | TargetQ: 6.6287 | TDAbs: 0.1791 | ActorGrad: 0.0722 | CriticGrad: 0.9859 | Noise: 0.1759 | Replay: 50000 | FPS: 61.42 | ETA: 23.9 min
2026-09-12 23:12:05,269 | INFO | Steps: 62464/150000 | Episodes: 122 | LastEpReward: 33.818 | RecentReward: 28.406 | ActorLoss: -6.611523 | CriticLoss: 0.030597 | Q: 6.5967 | TargetQ: 6.5975 | TDAbs: 0.1813 | ActorGrad: 0.0675 | CriticGrad: 0.9565 | Noise: 0.1744 | Replay: 50000 | FPS: 61.51 | ETA: 23.7 min
2026-09-12 23:12:12,188 | INFO | Steps: 62976/150000 | Episodes: 123 | LastEpReward: 36.242 | RecentReward: 30.132 | ActorLoss: -6.629584 | CriticLoss: 0.033503 | Q: 6.6161 | TargetQ: 6.6104 | TDAbs: 0.1871 | ActorGrad: 0.0687 | CriticGrad: 0.9801 | Noise: 0.1729 | Replay: 50000 | FPS: 61.60 | ETA: 23.5 min
2026-09-12 23:12:18,829 | INFO | Steps: 63488/150000 | Episodes: 124 | LastEpReward: 30.153 | RecentReward: 30.927 | ActorLoss: -6.615961 | CriticLoss: 0.033672 | Q: 6.5999 | TargetQ: 6.5968 | TDAbs: 0.1872 | ActorGrad: 0.0779 | CriticGrad: 0.9444 | Noise: 0.1715 | Replay: 50000 | FPS: 61.70 | ETA: 23.4 min
2026-09-12 23:12:25,509 | INFO | Steps: 64000/150000 | Episodes: 125 | LastEpReward: 23.214 | RecentReward: 30.135 | ActorLoss: -6.636818 | CriticLoss: 0.033186 | Q: 6.6217 | TargetQ: 6.6190 | TDAbs: 0.1857 | ActorGrad: 0.0873 | CriticGrad: 1.0335 | Noise: 0.1700 | Replay: 50000 | FPS: 61.80 | ETA: 23.2 min
2026-09-12 23:12:31,913 | INFO | Steps: 64512/150000 | Episodes: 126 | LastEpReward: 27.054 | RecentReward: 30.276 | ActorLoss: -6.593367 | CriticLoss: 0.034312 | Q: 6.5775 | TargetQ: 6.5735 | TDAbs: 0.1867 | ActorGrad: 0.0842 | CriticGrad: 0.9822 | Noise: 0.1685 | Replay: 50000 | FPS: 61.91 | ETA: 23.0 min
2026-09-12 23:12:38,462 | INFO | Steps: 65024/150000 | Episodes: 127 | LastEpReward: 25.868 | RecentReward: 30.457 | ActorLoss: -6.557575 | CriticLoss: 0.030570 | Q: 6.5434 | TargetQ: 6.5431 | TDAbs: 0.1839 | ActorGrad: 0.0771 | CriticGrad: 0.9197 | Noise: 0.1671 | Replay: 50000 | FPS: 62.01 | ETA: 22.8 min
2026-09-12 23:12:45,032 | INFO | Steps: 65536/150000 | Episodes: 128 | LastEpReward: 33.000 | RecentReward: 31.312 | ActorLoss: -6.592556 | CriticLoss: 0.034172 | Q: 6.5782 | TargetQ: 6.5759 | TDAbs: 0.1913 | ActorGrad: 0.0714 | CriticGrad: 1.2763 | Noise: 0.1656 | Replay: 50000 | FPS: 62.11 | ETA: 22.7 min
2026-09-12 23:12:51,473 | INFO | Steps: 66048/150000 | Episodes: 129 | LastEpReward: 26.125 | RecentReward: 29.979 | ActorLoss: -6.567268 | CriticLoss: 0.036691 | Q: 6.5498 | TargetQ: 6.5454 | TDAbs: 0.1958 | ActorGrad: 0.1109 | CriticGrad: 1.0042 | Noise: 0.1641 | Replay: 50000 | FPS: 62.21 | ETA: 22.5 min
2026-09-12 23:12:57,974 | INFO | 开始周期评估: Steps=66560 | Episodes=130 | EvalEpisodes=5
2026-09-12 23:13:17,072 | INFO | 周期评估完成: Steps=66560 | MeanReward=34.181 | StdReward=7.419
2026-09-12 23:13:17,079 | INFO | Steps: 66560/150000 | Episodes: 130 | LastEpReward: 37.701 | RecentReward: 30.056 | ActorLoss: -6.623208 | CriticLoss: 0.031003 | Q: 6.6083 | TargetQ: 6.6072 | TDAbs: 0.1864 | ActorGrad: 0.1013 | CriticGrad: 0.9030 | Noise: 0.1627 | Replay: 50000 | FPS: 61.22 | ETA: 22.7 min
2026-09-12 23:13:23,597 | INFO | Steps: 67072/150000 | Episodes: 131 | LastEpReward: 27.128 | RecentReward: 30.030 | ActorLoss: -6.578010 | CriticLoss: 0.034345 | Q: 6.5618 | TargetQ: 6.5616 | TDAbs: 0.1925 | ActorGrad: 0.0825 | CriticGrad: 0.9720 | Noise: 0.1612 | Replay: 50000 | FPS: 61.32 | ETA: 22.5 min
2026-09-12 23:13:30,152 | INFO | Steps: 67584/150000 | Episodes: 132 | LastEpReward: 32.453 | RecentReward: 29.894 | ActorLoss: -6.604494 | CriticLoss: 0.035276 | Q: 6.5903 | TargetQ: 6.5881 | TDAbs: 0.1920 | ActorGrad: 0.0637 | CriticGrad: 0.9334 | Noise: 0.1598 | Replay: 50000 | FPS: 61.42 | ETA: 22.4 min
2026-09-12 23:13:36,758 | INFO | Steps: 68096/150000 | Episodes: 133 | LastEpReward: -4.094 | RecentReward: 25.860 | ActorLoss: -6.599666 | CriticLoss: 0.032651 | Q: 6.5865 | TargetQ: 6.5858 | TDAbs: 0.1867 | ActorGrad: 0.0705 | CriticGrad: 0.9024 | Noise: 0.1583 | Replay: 50000 | FPS: 61.52 | ETA: 22.2 min
2026-09-12 23:13:43,308 | INFO | Steps: 68608/150000 | Episodes: 134 | LastEpReward: 36.311 | RecentReward: 26.476 | ActorLoss: -6.635270 | CriticLoss: 0.033467 | Q: 6.6208 | TargetQ: 6.6174 | TDAbs: 0.1855 | ActorGrad: 0.0588 | CriticGrad: 0.9592 | Noise: 0.1568 | Replay: 50000 | FPS: 61.62 | ETA: 22.0 min
2026-09-12 23:13:49,832 | INFO | Steps: 69120/150000 | Episodes: 135 | LastEpReward: 34.248 | RecentReward: 27.579 | ActorLoss: -6.620733 | CriticLoss: 0.035095 | Q: 6.6053 | TargetQ: 6.6033 | TDAbs: 0.1913 | ActorGrad: 0.0894 | CriticGrad: 0.9934 | Noise: 0.1554 | Replay: 50000 | FPS: 61.71 | ETA: 21.8 min
2026-09-12 23:13:56,405 | INFO | Steps: 69632/150000 | Episodes: 136 | LastEpReward: 32.029 | RecentReward: 28.077 | ActorLoss: -6.644817 | CriticLoss: 0.036944 | Q: 6.6291 | TargetQ: 6.6267 | TDAbs: 0.1952 | ActorGrad: 0.0785 | CriticGrad: 1.0773 | Noise: 0.1539 | Replay: 50000 | FPS: 61.81 | ETA: 21.7 min
2026-09-12 23:14:03,154 | INFO | Steps: 70144/150000 | Episodes: 137 | LastEpReward: 32.243 | RecentReward: 28.714 | ActorLoss: -6.607231 | CriticLoss: 0.037184 | Q: 6.5908 | TargetQ: 6.5853 | TDAbs: 0.1965 | ActorGrad: 0.0972 | CriticGrad: 1.1667 | Noise: 0.1524 | Replay: 50000 | FPS: 61.89 | ETA: 21.5 min
2026-09-12 23:14:09,840 | INFO | Steps: 70656/150000 | Episodes: 138 | LastEpReward: 42.417 | RecentReward: 29.656 | ActorLoss: -6.571193 | CriticLoss: 0.037434 | Q: 6.5543 | TargetQ: 6.5510 | TDAbs: 0.1986 | ActorGrad: 0.0754 | CriticGrad: 1.0570 | Noise: 0.1510 | Replay: 50000 | FPS: 61.98 | ETA: 21.3 min
2026-09-12 23:14:16,361 | INFO | Steps: 71168/150000 | Episodes: 139 | LastEpReward: 21.082 | RecentReward: 29.152 | ActorLoss: -6.627053 | CriticLoss: 0.037208 | Q: 6.6073 | TargetQ: 6.6049 | TDAbs: 0.1984 | ActorGrad: 0.0879 | CriticGrad: 1.1202 | Noise: 0.1495 | Replay: 50000 | FPS: 62.07 | ETA: 21.2 min
2026-09-12 23:14:23,057 | INFO | 开始周期评估: Steps=71680 | Episodes=140 | EvalEpisodes=5
2026-09-12 23:14:42,204 | INFO | 周期评估完成: Steps=71680 | MeanReward=32.200 | StdReward=6.399
2026-09-12 23:14:42,211 | INFO | Steps: 71680/150000 | Episodes: 140 | LastEpReward: 27.251 | RecentReward: 28.107 | ActorLoss: -6.603713 | CriticLoss: 0.039767 | Q: 6.5834 | TargetQ: 6.5827 | TDAbs: 0.2045 | ActorGrad: 0.0893 | CriticGrad: 1.0168 | Noise: 0.1481 | Replay: 50000 | FPS: 61.14 | ETA: 21.3 min
2026-09-12 23:14:48,903 | INFO | Steps: 72192/150000 | Episodes: 141 | LastEpReward: 34.336 | RecentReward: 28.827 | ActorLoss: -6.651377 | CriticLoss: 0.039339 | Q: 6.6337 | TargetQ: 6.6327 | TDAbs: 0.2029 | ActorGrad: 0.0864 | CriticGrad: 1.1166 | Noise: 0.1466 | Replay: 50000 | FPS: 61.23 | ETA: 21.2 min
2026-09-12 23:14:55,574 | INFO | Steps: 72704/150000 | Episodes: 142 | LastEpReward: 43.936 | RecentReward: 29.976 | ActorLoss: -6.657380 | CriticLoss: 0.041757 | Q: 6.6401 | TargetQ: 6.6368 | TDAbs: 0.2086 | ActorGrad: 0.0927 | CriticGrad: 1.2266 | Noise: 0.1451 | Replay: 50000 | FPS: 61.32 | ETA: 21.0 min
2026-09-12 23:15:02,221 | INFO | Steps: 73216/150000 | Episodes: 143 | LastEpReward: 16.478 | RecentReward: 32.033 | ActorLoss: -6.627930 | CriticLoss: 0.042545 | Q: 6.6106 | TargetQ: 6.6074 | TDAbs: 0.2093 | ActorGrad: 0.0884 | CriticGrad: 1.1824 | Noise: 0.1437 | Replay: 50000 | FPS: 61.40 | ETA: 20.8 min
2026-09-12 23:15:08,804 | INFO | Steps: 73728/150000 | Episodes: 144 | LastEpReward: 33.321 | RecentReward: 31.734 | ActorLoss: -6.636234 | CriticLoss: 0.041836 | Q: 6.6160 | TargetQ: 6.6182 | TDAbs: 0.2111 | ActorGrad: 0.1004 | CriticGrad: 1.1090 | Noise: 0.1422 | Replay: 50000 | FPS: 61.49 | ETA: 20.7 min
2026-09-12 23:15:15,356 | INFO | Steps: 74240/150000 | Episodes: 145 | LastEpReward: 33.386 | RecentReward: 31.648 | ActorLoss: -6.709893 | CriticLoss: 0.044845 | Q: 6.6902 | TargetQ: 6.6866 | TDAbs: 0.2169 | ActorGrad: 0.0998 | CriticGrad: 1.2180 | Noise: 0.1407 | Replay: 50000 | FPS: 61.58 | ETA: 20.5 min
2026-09-12 23:15:21,803 | INFO | Steps: 74752/150000 | Episodes: 146 | LastEpReward: 21.665 | RecentReward: 30.611 | ActorLoss: -6.675468 | CriticLoss: 0.045883 | Q: 6.6555 | TargetQ: 6.6509 | TDAbs: 0.2181 | ActorGrad: 0.0980 | CriticGrad: 1.3017 | Noise: 0.1393 | Replay: 50000 | FPS: 61.68 | ETA: 20.3 min
2026-09-12 23:15:28,379 | INFO | Steps: 75264/150000 | Episodes: 147 | LastEpReward: 39.540 | RecentReward: 31.341 | ActorLoss: -6.701823 | CriticLoss: 0.044699 | Q: 6.6842 | TargetQ: 6.6803 | TDAbs: 0.2154 | ActorGrad: 0.0968 | CriticGrad: 1.1841 | Noise: 0.1378 | Replay: 50000 | FPS: 61.77 | ETA: 20.2 min
2026-09-12 23:15:35,012 | INFO | Steps: 75776/150000 | Episodes: 148 | LastEpReward: 31.257 | RecentReward: 30.225 | ActorLoss: -6.678888 | CriticLoss: 0.044339 | Q: 6.6617 | TargetQ: 6.6611 | TDAbs: 0.2149 | ActorGrad: 0.0897 | CriticGrad: 1.1836 | Noise: 0.1364 | Replay: 50000 | FPS: 61.85 | ETA: 20.0 min
2026-09-12 23:15:41,639 | INFO | Steps: 76288/150000 | Episodes: 149 | LastEpReward: 36.523 | RecentReward: 31.769 | ActorLoss: -6.727416 | CriticLoss: 0.046052 | Q: 6.7090 | TargetQ: 6.7058 | TDAbs: 0.2206 | ActorGrad: 0.0955 | CriticGrad: 1.2849 | Noise: 0.1349 | Replay: 50000 | FPS: 61.93 | ETA: 19.8 min
2026-09-12 23:15:48,090 | INFO | 开始周期评估: Steps=76800 | Episodes=150 | EvalEpisodes=5
2026-09-12 23:16:07,330 | INFO | 周期评估完成: Steps=76800 | MeanReward=38.487 | StdReward=7.530
2026-09-12 23:16:07,342 | INFO | Steps: 76800/150000 | Episodes: 150 | LastEpReward: 32.120 | RecentReward: 32.256 | ActorLoss: -6.728552 | CriticLoss: 0.045834 | Q: 6.7071 | TargetQ: 6.7050 | TDAbs: 0.2177 | ActorGrad: 0.1161 | CriticGrad: 1.4937 | Noise: 0.1334 | Replay: 50000 | FPS: 61.07 | ETA: 20.0 min
2026-09-12 23:16:13,825 | INFO | Steps: 77312/150000 | Episodes: 151 | LastEpReward: 24.674 | RecentReward: 31.290 | ActorLoss: -6.732704 | CriticLoss: 0.043001 | Q: 6.7147 | TargetQ: 6.7105 | TDAbs: 0.2134 | ActorGrad: 0.1116 | CriticGrad: 1.2001 | Noise: 0.1320 | Replay: 50000 | FPS: 61.17 | ETA: 19.8 min
2026-09-12 23:16:20,368 | INFO | Steps: 77824/150000 | Episodes: 152 | LastEpReward: 34.205 | RecentReward: 30.317 | ActorLoss: -6.707805 | CriticLoss: 0.045828 | Q: 6.6859 | TargetQ: 6.6824 | TDAbs: 0.2177 | ActorGrad: 0.0861 | CriticGrad: 1.1743 | Noise: 0.1305 | Replay: 50000 | FPS: 61.25 | ETA: 19.6 min
2026-09-12 23:16:26,860 | INFO | Steps: 78336/150000 | Episodes: 153 | LastEpReward: 27.301 | RecentReward: 31.399 | ActorLoss: -6.808559 | CriticLoss: 0.044796 | Q: 6.7905 | TargetQ: 6.7885 | TDAbs: 0.2167 | ActorGrad: 0.0957 | CriticGrad: 1.2078 | Noise: 0.1290 | Replay: 50000 | FPS: 61.34 | ETA: 19.5 min
2026-09-12 23:16:33,470 | INFO | Steps: 78848/150000 | Episodes: 154 | LastEpReward: 36.673 | RecentReward: 31.734 | ActorLoss: -6.750966 | CriticLoss: 0.047216 | Q: 6.7322 | TargetQ: 6.7317 | TDAbs: 0.2184 | ActorGrad: 0.0970 | CriticGrad: 1.2914 | Noise: 0.1276 | Replay: 50000 | FPS: 61.43 | ETA: 19.3 min
2026-09-12 23:16:40,183 | INFO | Steps: 79360/150000 | Episodes: 155 | LastEpReward: 45.887 | RecentReward: 32.985 | ActorLoss: -6.762704 | CriticLoss: 0.048632 | Q: 6.7452 | TargetQ: 6.7397 | TDAbs: 0.2246 | ActorGrad: 0.0925 | CriticGrad: 1.1507 | Noise: 0.1261 | Replay: 50000 | FPS: 61.50 | ETA: 19.1 min
2026-09-12 23:16:46,847 | INFO | Steps: 79872/150000 | Episodes: 156 | LastEpReward: 37.922 | RecentReward: 34.610 | ActorLoss: -6.762298 | CriticLoss: 0.045903 | Q: 6.7443 | TargetQ: 6.7419 | TDAbs: 0.2193 | ActorGrad: 0.0876 | CriticGrad: 1.1287 | Noise: 0.1247 | Replay: 50000 | FPS: 61.58 | ETA: 19.0 min
2026-09-12 23:16:53,653 | INFO | Steps: 80384/150000 | Episodes: 157 | LastEpReward: 53.982 | RecentReward: 36.054 | ActorLoss: -6.731831 | CriticLoss: 0.044118 | Q: 6.7163 | TargetQ: 6.7137 | TDAbs: 0.2158 | ActorGrad: 0.0778 | CriticGrad: 1.1568 | Noise: 0.1232 | Replay: 50000 | FPS: 61.65 | ETA: 18.8 min
2026-09-12 23:17:00,225 | INFO | Steps: 80896/150000 | Episodes: 158 | LastEpReward: 32.671 | RecentReward: 36.196 | ActorLoss: -6.754470 | CriticLoss: 0.045454 | Q: 6.7367 | TargetQ: 6.7372 | TDAbs: 0.2169 | ActorGrad: 0.0781 | CriticGrad: 1.2082 | Noise: 0.1217 | Replay: 50000 | FPS: 61.73 | ETA: 18.7 min
2026-09-12 23:17:06,801 | INFO | Steps: 81408/150000 | Episodes: 159 | LastEpReward: 30.338 | RecentReward: 35.577 | ActorLoss: -6.720848 | CriticLoss: 0.047071 | Q: 6.7027 | TargetQ: 6.6998 | TDAbs: 0.2196 | ActorGrad: 0.0917 | CriticGrad: 1.1799 | Noise: 0.1203 | Replay: 50000 | FPS: 61.82 | ETA: 18.5 min
2026-09-12 23:17:13,364 | INFO | 开始周期评估: Steps=81920 | Episodes=160 | EvalEpisodes=5
2026-09-12 23:17:32,691 | INFO | 周期评估完成: Steps=81920 | MeanReward=38.361 | StdReward=7.607
2026-09-12 23:17:32,698 | INFO | Steps: 81920/150000 | Episodes: 160 | LastEpReward: 34.022 | RecentReward: 35.768 | ActorLoss: -6.753228 | CriticLoss: 0.043229 | Q: 6.7371 | TargetQ: 6.7366 | TDAbs: 0.2139 | ActorGrad: 0.0704 | CriticGrad: 1.4795 | Noise: 0.1188 | Replay: 50000 | FPS: 61.00 | ETA: 18.6 min
2026-09-12 23:17:39,177 | INFO | Steps: 82432/150000 | Episodes: 161 | LastEpReward: 24.712 | RecentReward: 35.771 | ActorLoss: -6.694595 | CriticLoss: 0.046753 | Q: 6.6765 | TargetQ: 6.6731 | TDAbs: 0.2181 | ActorGrad: 0.0809 | CriticGrad: 1.1443 | Noise: 0.1173 | Replay: 50000 | FPS: 61.09 | ETA: 18.4 min
2026-09-12 23:17:45,913 | INFO | Steps: 82944/150000 | Episodes: 162 | LastEpReward: 47.373 | RecentReward: 37.088 | ActorLoss: -6.747021 | CriticLoss: 0.042172 | Q: 6.7326 | TargetQ: 6.7310 | TDAbs: 0.2118 | ActorGrad: 0.0983 | CriticGrad: 1.1392 | Noise: 0.1159 | Replay: 50000 | FPS: 61.16 | ETA: 18.3 min
2026-09-12 23:17:52,508 | INFO | Steps: 83456/150000 | Episodes: 163 | LastEpReward: 40.797 | RecentReward: 38.438 | ActorLoss: -6.749393 | CriticLoss: 0.043880 | Q: 6.7346 | TargetQ: 6.7322 | TDAbs: 0.2127 | ActorGrad: 0.0920 | CriticGrad: 1.2749 | Noise: 0.1144 | Replay: 50000 | FPS: 61.24 | ETA: 18.1 min
2026-09-12 23:17:59,344 | INFO | Steps: 83968/150000 | Episodes: 164 | LastEpReward: 40.072 | RecentReward: 38.778 | ActorLoss: -6.685159 | CriticLoss: 0.043547 | Q: 6.6721 | TargetQ: 6.6700 | TDAbs: 0.2113 | ActorGrad: 0.0647 | CriticGrad: 1.0528 | Noise: 0.1129 | Replay: 50000 | FPS: 61.31 | ETA: 17.9 min
2026-09-12 23:18:05,928 | INFO | Steps: 84480/150000 | Episodes: 165 | LastEpReward: 26.288 | RecentReward: 36.818 | ActorLoss: -6.671144 | CriticLoss: 0.040260 | Q: 6.6579 | TargetQ: 6.6575 | TDAbs: 0.2061 | ActorGrad: 0.0653 | CriticGrad: 1.1492 | Noise: 0.1115 | Replay: 50000 | FPS: 61.39 | ETA: 17.8 min
2026-09-12 23:18:12,485 | INFO | Steps: 84992/150000 | Episodes: 166 | LastEpReward: 34.455 | RecentReward: 36.471 | ActorLoss: -6.641552 | CriticLoss: 0.042948 | Q: 6.6307 | TargetQ: 6.6285 | TDAbs: 0.2102 | ActorGrad: 0.0603 | CriticGrad: 1.1299 | Noise: 0.1100 | Replay: 50000 | FPS: 61.47 | ETA: 17.6 min
2026-09-12 23:18:19,021 | INFO | Steps: 85504/150000 | Episodes: 167 | LastEpReward: 27.793 | RecentReward: 33.852 | ActorLoss: -6.687990 | CriticLoss: 0.043443 | Q: 6.6767 | TargetQ: 6.6697 | TDAbs: 0.2084 | ActorGrad: 0.0589 | CriticGrad: 1.1205 | Noise: 0.1086 | Replay: 50000 | FPS: 61.55 | ETA: 17.5 min
2026-09-12 23:18:25,599 | INFO | Steps: 86016/150000 | Episodes: 168 | LastEpReward: 21.229 | RecentReward: 32.708 | ActorLoss: -6.641465 | CriticLoss: 0.038702 | Q: 6.6280 | TargetQ: 6.6300 | TDAbs: 0.2025 | ActorGrad: 0.0665 | CriticGrad: 1.1398 | Noise: 0.1071 | Replay: 50000 | FPS: 61.63 | ETA: 17.3 min
2026-09-12 23:18:32,166 | INFO | Steps: 86528/150000 | Episodes: 169 | LastEpReward: 38.251 | RecentReward: 33.499 | ActorLoss: -6.680584 | CriticLoss: 0.040011 | Q: 6.6674 | TargetQ: 6.6669 | TDAbs: 0.2031 | ActorGrad: 0.0630 | CriticGrad: 1.1346 | Noise: 0.1056 | Replay: 50000 | FPS: 61.70 | ETA: 17.1 min
2026-09-12 23:18:38,704 | INFO | 开始周期评估: Steps=87040 | Episodes=170 | EvalEpisodes=5
2026-09-12 23:18:57,889 | INFO | 周期评估完成: Steps=87040 | MeanReward=38.432 | StdReward=6.662
2026-09-12 23:18:57,895 | INFO | Steps: 87040/150000 | Episodes: 170 | LastEpReward: 30.462 | RecentReward: 33.143 | ActorLoss: -6.698317 | CriticLoss: 0.040448 | Q: 6.6859 | TargetQ: 6.6841 | TDAbs: 0.2023 | ActorGrad: 0.0676 | CriticGrad: 1.1054 | Noise: 0.1042 | Replay: 50000 | FPS: 60.95 | ETA: 17.2 min
2026-09-12 23:19:04,513 | INFO | Steps: 87552/150000 | Episodes: 171 | LastEpReward: 40.946 | RecentReward: 34.767 | ActorLoss: -6.638541 | CriticLoss: 0.043193 | Q: 6.6275 | TargetQ: 6.6233 | TDAbs: 0.2085 | ActorGrad: 0.0555 | CriticGrad: 1.1535 | Noise: 0.1027 | Replay: 50000 | FPS: 61.03 | ETA: 17.1 min
2026-09-12 23:19:11,279 | INFO | Steps: 88064/150000 | Episodes: 172 | LastEpReward: 39.576 | RecentReward: 33.987 | ActorLoss: -6.657134 | CriticLoss: 0.038868 | Q: 6.6456 | TargetQ: 6.6434 | TDAbs: 0.1980 | ActorGrad: 0.0735 | CriticGrad: 0.9640 | Noise: 0.1012 | Replay: 50000 | FPS: 61.09 | ETA: 16.9 min
2026-09-12 23:19:17,951 | INFO | Steps: 88576/150000 | Episodes: 173 | LastEpReward: 27.384 | RecentReward: 32.646 | ActorLoss: -6.611124 | CriticLoss: 0.036839 | Q: 6.5995 | TargetQ: 6.5965 | TDAbs: 0.1958 | ActorGrad: 0.0603 | CriticGrad: 1.1864 | Noise: 0.0998 | Replay: 50000 | FPS: 61.17 | ETA: 16.7 min
2026-09-12 23:19:24,768 | INFO | Steps: 89088/150000 | Episodes: 174 | LastEpReward: 48.369 | RecentReward: 33.475 | ActorLoss: -6.640099 | CriticLoss: 0.036353 | Q: 6.6295 | TargetQ: 6.6289 | TDAbs: 0.1935 | ActorGrad: 0.0555 | CriticGrad: 1.0077 | Noise: 0.0983 | Replay: 50000 | FPS: 61.23 | ETA: 16.6 min
2026-09-12 23:19:31,188 | INFO | Steps: 89600/150000 | Episodes: 175 | LastEpReward: 30.814 | RecentReward: 33.928 | ActorLoss: -6.655957 | CriticLoss: 0.038112 | Q: 6.6454 | TargetQ: 6.6413 | TDAbs: 0.1956 | ActorGrad: 0.0447 | CriticGrad: 0.9722 | Noise: 0.0969 | Replay: 50000 | FPS: 61.31 | ETA: 16.4 min
2026-09-12 23:19:37,691 | INFO | Steps: 90112/150000 | Episodes: 176 | LastEpReward: 36.716 | RecentReward: 34.154 | ActorLoss: -6.563565 | CriticLoss: 0.033948 | Q: 6.5535 | TargetQ: 6.5521 | TDAbs: 0.1905 | ActorGrad: 0.0602 | CriticGrad: 1.0300 | Noise: 0.0954 | Replay: 50000 | FPS: 61.39 | ETA: 16.3 min
2026-09-12 23:19:44,382 | INFO | Steps: 90624/150000 | Episodes: 177 | LastEpReward: 43.916 | RecentReward: 35.766 | ActorLoss: -6.553779 | CriticLoss: 0.036064 | Q: 6.5432 | TargetQ: 6.5427 | TDAbs: 0.1914 | ActorGrad: 0.0591 | CriticGrad: 1.0234 | Noise: 0.0939 | Replay: 50000 | FPS: 61.46 | ETA: 16.1 min
2026-09-12 23:19:50,907 | INFO | Steps: 91136/150000 | Episodes: 178 | LastEpReward: 29.466 | RecentReward: 36.590 | ActorLoss: -6.554908 | CriticLoss: 0.036426 | Q: 6.5418 | TargetQ: 6.5407 | TDAbs: 0.1918 | ActorGrad: 0.0566 | CriticGrad: 1.0041 | Noise: 0.0925 | Replay: 50000 | FPS: 61.53 | ETA: 15.9 min
2026-09-12 23:19:57,400 | INFO | Steps: 91648/150000 | Episodes: 179 | LastEpReward: 34.064 | RecentReward: 36.171 | ActorLoss: -6.594884 | CriticLoss: 0.033097 | Q: 6.5835 | TargetQ: 6.5803 | TDAbs: 0.1845 | ActorGrad: 0.0509 | CriticGrad: 0.9072 | Noise: 0.0910 | Replay: 50000 | FPS: 61.61 | ETA: 15.8 min
2026-09-12 23:20:04,082 | INFO | 开始周期评估: Steps=92160 | Episodes=180 | EvalEpisodes=5
2026-09-12 23:20:23,321 | INFO | 周期评估完成: Steps=92160 | MeanReward=37.481 | StdReward=5.244
2026-09-12 23:20:23,328 | INFO | Steps: 92160/150000 | Episodes: 180 | LastEpReward: 40.387 | RecentReward: 37.164 | ActorLoss: -6.546778 | CriticLoss: 0.035445 | Q: 6.5378 | TargetQ: 6.5351 | TDAbs: 0.1873 | ActorGrad: 0.0464 | CriticGrad: 0.9565 | Noise: 0.0895 | Replay: 50000 | FPS: 60.89 | ETA: 15.8 min
2026-09-12 23:20:30,078 | INFO | Steps: 92672/150000 | Episodes: 181 | LastEpReward: 36.011 | RecentReward: 36.670 | ActorLoss: -6.578914 | CriticLoss: 0.032899 | Q: 6.5678 | TargetQ: 6.5622 | TDAbs: 0.1842 | ActorGrad: 0.0374 | CriticGrad: 1.0667 | Noise: 0.0881 | Replay: 50000 | FPS: 60.96 | ETA: 15.7 min
2026-09-12 23:20:36,767 | INFO | Steps: 93184/150000 | Episodes: 182 | LastEpReward: 32.071 | RecentReward: 35.920 | ActorLoss: -6.576120 | CriticLoss: 0.034225 | Q: 6.5665 | TargetQ: 6.5625 | TDAbs: 0.1863 | ActorGrad: 0.0479 | CriticGrad: 1.0299 | Noise: 0.0866 | Replay: 50000 | FPS: 61.03 | ETA: 15.5 min
2026-09-12 23:20:43,280 | INFO | Steps: 93696/150000 | Episodes: 183 | LastEpReward: 22.914 | RecentReward: 35.473 | ActorLoss: -6.543744 | CriticLoss: 0.031287 | Q: 6.5335 | TargetQ: 6.5322 | TDAbs: 0.1803 | ActorGrad: 0.0444 | CriticGrad: 0.9425 | Noise: 0.0852 | Replay: 50000 | FPS: 61.10 | ETA: 15.4 min
2026-09-12 23:20:49,952 | INFO | Steps: 94208/150000 | Episodes: 184 | LastEpReward: 38.329 | RecentReward: 34.469 | ActorLoss: -6.565830 | CriticLoss: 0.035728 | Q: 6.5567 | TargetQ: 6.5528 | TDAbs: 0.1898 | ActorGrad: 0.0492 | CriticGrad: 1.0398 | Noise: 0.0837 | Replay: 50000 | FPS: 61.17 | ETA: 15.2 min
2026-09-12 23:20:56,637 | INFO | Steps: 94720/150000 | Episodes: 185 | LastEpReward: 30.414 | RecentReward: 34.429 | ActorLoss: -6.494211 | CriticLoss: 0.032962 | Q: 6.4841 | TargetQ: 6.4803 | TDAbs: 0.1833 | ActorGrad: 0.0416 | CriticGrad: 0.9342 | Noise: 0.0822 | Replay: 50000 | FPS: 61.24 | ETA: 15.0 min
2026-09-12 23:21:03,185 | INFO | Steps: 95232/150000 | Episodes: 186 | LastEpReward: 31.889 | RecentReward: 33.946 | ActorLoss: -6.518691 | CriticLoss: 0.030580 | Q: 6.5078 | TargetQ: 6.5062 | TDAbs: 0.1791 | ActorGrad: 0.0513 | CriticGrad: 0.8755 | Noise: 0.0808 | Replay: 50000 | FPS: 61.31 | ETA: 14.9 min
2026-09-12 23:21:09,752 | INFO | Steps: 95744/150000 | Episodes: 187 | LastEpReward: 44.212 | RecentReward: 33.976 | ActorLoss: -6.529645 | CriticLoss: 0.032630 | Q: 6.5186 | TargetQ: 6.5162 | TDAbs: 0.1791 | ActorGrad: 0.0518 | CriticGrad: 0.9405 | Noise: 0.0793 | Replay: 50000 | FPS: 61.38 | ETA: 14.7 min
2026-09-12 23:21:16,624 | INFO | Steps: 96256/150000 | Episodes: 188 | LastEpReward: 40.299 | RecentReward: 35.059 | ActorLoss: -6.542709 | CriticLoss: 0.032394 | Q: 6.5318 | TargetQ: 6.5306 | TDAbs: 0.1828 | ActorGrad: 0.0482 | CriticGrad: 1.0790 | Noise: 0.0778 | Replay: 50000 | FPS: 61.44 | ETA: 14.6 min
2026-09-12 23:21:23,279 | INFO | Steps: 96768/150000 | Episodes: 189 | LastEpReward: 35.987 | RecentReward: 35.251 | ActorLoss: -6.485210 | CriticLoss: 0.031125 | Q: 6.4749 | TargetQ: 6.4735 | TDAbs: 0.1806 | ActorGrad: 0.0342 | CriticGrad: 0.9246 | Noise: 0.0764 | Replay: 50000 | FPS: 61.50 | ETA: 14.4 min
2026-09-12 23:21:29,806 | INFO | 开始周期评估: Steps=97280 | Episodes=190 | EvalEpisodes=5
2026-09-12 23:21:49,032 | INFO | 周期评估完成: Steps=97280 | MeanReward=37.267 | StdReward=4.093
2026-09-12 23:21:49,039 | INFO | Steps: 97280/150000 | Episodes: 190 | LastEpReward: 40.284 | RecentReward: 35.241 | ActorLoss: -6.521987 | CriticLoss: 0.033905 | Q: 6.5122 | TargetQ: 6.5092 | TDAbs: 0.1831 | ActorGrad: 0.0376 | CriticGrad: 0.8886 | Noise: 0.0749 | Replay: 50000 | FPS: 60.83 | ETA: 14.4 min
2026-09-12 23:21:55,710 | INFO | Steps: 97792/150000 | Episodes: 191 | LastEpReward: 29.924 | RecentReward: 34.632 | ActorLoss: -6.536773 | CriticLoss: 0.030083 | Q: 6.5263 | TargetQ: 6.5253 | TDAbs: 0.1773 | ActorGrad: 0.0373 | CriticGrad: 0.9481 | Noise: 0.0735 | Replay: 50000 | FPS: 60.90 | ETA: 14.3 min
2026-09-12 23:22:02,374 | INFO | Steps: 98304/150000 | Episodes: 192 | LastEpReward: 30.955 | RecentReward: 34.521 | ActorLoss: -6.541023 | CriticLoss: 0.029358 | Q: 6.5306 | TargetQ: 6.5291 | TDAbs: 0.1760 | ActorGrad: 0.0332 | CriticGrad: 0.9356 | Noise: 0.0720 | Replay: 50000 | FPS: 60.96 | ETA: 14.1 min
2026-09-12 23:22:09,076 | INFO | Steps: 98816/150000 | Episodes: 193 | LastEpReward: 36.941 | RecentReward: 35.923 | ActorLoss: -6.561585 | CriticLoss: 0.033822 | Q: 6.5501 | TargetQ: 6.5467 | TDAbs: 0.1819 | ActorGrad: 0.0358 | CriticGrad: 0.9091 | Noise: 0.0705 | Replay: 50000 | FPS: 61.03 | ETA: 14.0 min
2026-09-12 23:22:15,645 | INFO | Steps: 99328/150000 | Episodes: 194 | LastEpReward: 33.973 | RecentReward: 35.488 | ActorLoss: -6.555433 | CriticLoss: 0.032153 | Q: 6.5447 | TargetQ: 6.5420 | TDAbs: 0.1810 | ActorGrad: 0.0341 | CriticGrad: 0.8981 | Noise: 0.0691 | Replay: 50000 | FPS: 61.09 | ETA: 13.8 min
2026-09-12 23:22:22,205 | INFO | Steps: 99840/150000 | Episodes: 195 | LastEpReward: 43.095 | RecentReward: 36.756 | ActorLoss: -6.593186 | CriticLoss: 0.032105 | Q: 6.5799 | TargetQ: 6.5743 | TDAbs: 0.1790 | ActorGrad: 0.0388 | CriticGrad: 1.0885 | Noise: 0.0676 | Replay: 50000 | FPS: 61.16 | ETA: 13.7 min
2026-09-12 23:22:28,759 | INFO | Steps: 100352/150000 | Episodes: 196 | LastEpReward: 39.283 | RecentReward: 37.495 | ActorLoss: -6.579729 | CriticLoss: 0.031194 | Q: 6.5689 | TargetQ: 6.5669 | TDAbs: 0.1800 | ActorGrad: 0.0461 | CriticGrad: 1.0328 | Noise: 0.0661 | Replay: 50000 | FPS: 61.23 | ETA: 13.5 min
2026-09-12 23:22:35,278 | INFO | Steps: 100864/150000 | Episodes: 197 | LastEpReward: 25.662 | RecentReward: 35.640 | ActorLoss: -6.494228 | CriticLoss: 0.030970 | Q: 6.4832 | TargetQ: 6.4824 | TDAbs: 0.1785 | ActorGrad: 0.0398 | CriticGrad: 0.9847 | Noise: 0.0647 | Replay: 50000 | FPS: 61.30 | ETA: 13.4 min
2026-09-12 23:22:41,816 | INFO | Steps: 101376/150000 | Episodes: 198 | LastEpReward: 32.427 | RecentReward: 34.853 | ActorLoss: -6.507999 | CriticLoss: 0.034258 | Q: 6.4966 | TargetQ: 6.4920 | TDAbs: 0.1857 | ActorGrad: 0.0443 | CriticGrad: 1.2419 | Noise: 0.0632 | Replay: 50000 | FPS: 61.37 | ETA: 13.2 min
2026-09-12 23:22:48,267 | INFO | Steps: 101888/150000 | Episodes: 199 | LastEpReward: 21.720 | RecentReward: 33.426 | ActorLoss: -6.500965 | CriticLoss: 0.030059 | Q: 6.4900 | TargetQ: 6.4870 | TDAbs: 0.1771 | ActorGrad: 0.0501 | CriticGrad: 0.8764 | Noise: 0.0617 | Replay: 50000 | FPS: 61.44 | ETA: 13.1 min
2026-09-12 23:22:54,692 | INFO | 开始周期评估: Steps=102400 | Episodes=200 | EvalEpisodes=5
2026-09-12 23:23:13,912 | INFO | 周期评估完成: Steps=102400 | MeanReward=37.271 | StdReward=5.069
2026-09-12 23:23:13,919 | INFO | Steps: 102400/150000 | Episodes: 200 | LastEpReward: 36.162 | RecentReward: 33.014 | ActorLoss: -6.548185 | CriticLoss: 0.030384 | Q: 6.5376 | TargetQ: 6.5361 | TDAbs: 0.1767 | ActorGrad: 0.0469 | CriticGrad: 0.9229 | Noise: 0.0603 | Replay: 50000 | FPS: 60.80 | ETA: 13.0 min
2026-09-12 23:23:20,430 | INFO | Steps: 102912/150000 | Episodes: 201 | LastEpReward: 27.921 | RecentReward: 32.814 | ActorLoss: -6.487250 | CriticLoss: 0.032790 | Q: 6.4766 | TargetQ: 6.4746 | TDAbs: 0.1815 | ActorGrad: 0.0591 | CriticGrad: 0.8675 | Noise: 0.0588 | Replay: 50000 | FPS: 60.87 | ETA: 12.9 min
2026-09-12 23:23:26,964 | INFO | Steps: 103424/150000 | Episodes: 202 | LastEpReward: 39.604 | RecentReward: 33.679 | ActorLoss: -6.486224 | CriticLoss: 0.032667 | Q: 6.4769 | TargetQ: 6.4720 | TDAbs: 0.1802 | ActorGrad: 0.0727 | CriticGrad: 1.0121 | Noise: 0.0574 | Replay: 50000 | FPS: 60.94 | ETA: 12.7 min
2026-09-12 23:23:33,619 | INFO | Steps: 103936/150000 | Episodes: 203 | LastEpReward: 29.471 | RecentReward: 32.932 | ActorLoss: -6.554592 | CriticLoss: 0.032904 | Q: 6.5441 | TargetQ: 6.5442 | TDAbs: 0.1821 | ActorGrad: 0.0828 | CriticGrad: 1.0142 | Noise: 0.0559 | Replay: 50000 | FPS: 61.00 | ETA: 12.6 min
2026-09-12 23:23:40,170 | INFO | Steps: 104448/150000 | Episodes: 204 | LastEpReward: 29.907 | RecentReward: 32.525 | ActorLoss: -6.519890 | CriticLoss: 0.034638 | Q: 6.5109 | TargetQ: 6.5103 | TDAbs: 0.1859 | ActorGrad: 0.0845 | CriticGrad: 1.0164 | Noise: 0.0544 | Replay: 50000 | FPS: 61.07 | ETA: 12.4 min
2026-09-12 23:23:46,951 | INFO | Steps: 104960/150000 | Episodes: 205 | LastEpReward: 43.493 | RecentReward: 32.565 | ActorLoss: -6.537920 | CriticLoss: 0.035575 | Q: 6.5265 | TargetQ: 6.5257 | TDAbs: 0.1875 | ActorGrad: 0.0780 | CriticGrad: 0.9387 | Noise: 0.0530 | Replay: 50000 | FPS: 61.13 | ETA: 12.3 min
2026-09-12 23:23:53,549 | INFO | Steps: 105472/150000 | Episodes: 206 | LastEpReward: 26.336 | RecentReward: 31.270 | ActorLoss: -6.527889 | CriticLoss: 0.033125 | Q: 6.5185 | TargetQ: 6.5168 | TDAbs: 0.1829 | ActorGrad: 0.0851 | CriticGrad: 0.9580 | Noise: 0.0515 | Replay: 50000 | FPS: 61.19 | ETA: 12.1 min
2026-09-12 23:24:00,441 | INFO | Steps: 105984/150000 | Episodes: 207 | LastEpReward: 46.544 | RecentReward: 33.358 | ActorLoss: -6.571093 | CriticLoss: 0.033739 | Q: 6.5616 | TargetQ: 6.5585 | TDAbs: 0.1840 | ActorGrad: 0.0800 | CriticGrad: 1.1638 | Noise: 0.0500 | Replay: 50000 | FPS: 61.24 | ETA: 12.0 min
2026-09-12 23:24:06,976 | INFO | Steps: 106496/150000 | Episodes: 208 | LastEpReward: 34.884 | RecentReward: 33.604 | ActorLoss: -6.583641 | CriticLoss: 0.032419 | Q: 6.5762 | TargetQ: 6.5742 | TDAbs: 0.1817 | ActorGrad: 0.0760 | CriticGrad: 0.9223 | Noise: 0.0500 | Replay: 50000 | FPS: 61.31 | ETA: 11.8 min
2026-09-12 23:24:13,514 | INFO | Steps: 107008/150000 | Episodes: 209 | LastEpReward: 35.254 | RecentReward: 34.958 | ActorLoss: -6.573353 | CriticLoss: 0.031619 | Q: 6.5632 | TargetQ: 6.5610 | TDAbs: 0.1816 | ActorGrad: 0.0909 | CriticGrad: 0.9357 | Noise: 0.0500 | Replay: 50000 | FPS: 61.37 | ETA: 11.7 min
2026-09-12 23:24:19,914 | INFO | 开始周期评估: Steps=107520 | Episodes=210 | EvalEpisodes=5
2026-09-12 23:24:39,076 | INFO | 周期评估完成: Steps=107520 | MeanReward=36.368 | StdReward=4.033
2026-09-12 23:24:39,082 | INFO | Steps: 107520/150000 | Episodes: 210 | LastEpReward: 23.029 | RecentReward: 33.644 | ActorLoss: -6.560441 | CriticLoss: 0.032031 | Q: 6.5524 | TargetQ: 6.5488 | TDAbs: 0.1817 | ActorGrad: 0.0750 | CriticGrad: 1.1762 | Noise: 0.0500 | Replay: 50000 | FPS: 60.77 | ETA: 11.7 min
2026-09-12 23:24:45,573 | INFO | Steps: 108032/150000 | Episodes: 211 | LastEpReward: 16.141 | RecentReward: 32.466 | ActorLoss: -6.598306 | CriticLoss: 0.031070 | Q: 6.5876 | TargetQ: 6.5852 | TDAbs: 0.1773 | ActorGrad: 0.0942 | CriticGrad: 0.9211 | Noise: 0.0500 | Replay: 50000 | FPS: 60.84 | ETA: 11.5 min
2026-09-12 23:24:52,042 | INFO | Steps: 108544/150000 | Episodes: 212 | LastEpReward: 26.847 | RecentReward: 31.190 | ActorLoss: -6.653625 | CriticLoss: 0.032946 | Q: 6.6432 | TargetQ: 6.6403 | TDAbs: 0.1818 | ActorGrad: 0.0936 | CriticGrad: 1.0985 | Noise: 0.0500 | Replay: 50000 | FPS: 60.90 | ETA: 11.3 min
2026-09-12 23:24:58,671 | INFO | Steps: 109056/150000 | Episodes: 213 | LastEpReward: 38.416 | RecentReward: 32.085 | ActorLoss: -6.625348 | CriticLoss: 0.029791 | Q: 6.6158 | TargetQ: 6.6159 | TDAbs: 0.1747 | ActorGrad: 0.1008 | CriticGrad: 0.9269 | Noise: 0.0500 | Replay: 50000 | FPS: 60.96 | ETA: 11.2 min
2026-09-12 23:25:05,124 | INFO | Steps: 109568/150000 | Episodes: 214 | LastEpReward: 28.660 | RecentReward: 31.960 | ActorLoss: -6.585291 | CriticLoss: 0.031497 | Q: 6.5739 | TargetQ: 6.5720 | TDAbs: 0.1776 | ActorGrad: 0.0896 | CriticGrad: 0.8422 | Noise: 0.0500 | Replay: 50000 | FPS: 61.03 | ETA: 11.0 min
2026-09-12 23:25:11,733 | INFO | Steps: 110080/150000 | Episodes: 215 | LastEpReward: 48.065 | RecentReward: 32.417 | ActorLoss: -6.603246 | CriticLoss: 0.029415 | Q: 6.5922 | TargetQ: 6.5913 | TDAbs: 0.1729 | ActorGrad: 0.0844 | CriticGrad: 0.8982 | Noise: 0.0500 | Replay: 50000 | FPS: 61.09 | ETA: 10.9 min
2026-09-12 23:25:18,196 | INFO | Steps: 110592/150000 | Episodes: 216 | LastEpReward: 21.937 | RecentReward: 31.978 | ActorLoss: -6.583946 | CriticLoss: 0.030584 | Q: 6.5713 | TargetQ: 6.5688 | TDAbs: 0.1765 | ActorGrad: 0.1005 | CriticGrad: 1.0526 | Noise: 0.0500 | Replay: 50000 | FPS: 61.16 | ETA: 10.7 min
2026-09-12 23:25:24,693 | INFO | Steps: 111104/150000 | Episodes: 217 | LastEpReward: 35.905 | RecentReward: 30.914 | ActorLoss: -6.585050 | CriticLoss: 0.030982 | Q: 6.5734 | TargetQ: 6.5703 | TDAbs: 0.1773 | ActorGrad: 0.0997 | CriticGrad: 0.9171 | Noise: 0.0500 | Replay: 50000 | FPS: 61.22 | ETA: 10.6 min
2026-09-12 23:25:31,168 | INFO | Steps: 111616/150000 | Episodes: 218 | LastEpReward: 33.880 | RecentReward: 30.813 | ActorLoss: -6.541908 | CriticLoss: 0.030373 | Q: 6.5291 | TargetQ: 6.5286 | TDAbs: 0.1759 | ActorGrad: 0.0943 | CriticGrad: 0.9245 | Noise: 0.0500 | Replay: 50000 | FPS: 61.28 | ETA: 10.4 min
2026-09-12 23:25:37,695 | INFO | Steps: 112128/150000 | Episodes: 219 | LastEpReward: 27.413 | RecentReward: 30.029 | ActorLoss: -6.552337 | CriticLoss: 0.029184 | Q: 6.5405 | TargetQ: 6.5384 | TDAbs: 0.1729 | ActorGrad: 0.1237 | CriticGrad: 0.9587 | Noise: 0.0500 | Replay: 50000 | FPS: 61.34 | ETA: 10.3 min
2026-09-12 23:25:44,234 | INFO | 开始周期评估: Steps=112640 | Episodes=220 | EvalEpisodes=5
2026-09-12 23:26:03,517 | INFO | 周期评估完成: Steps=112640 | MeanReward=34.847 | StdReward=6.308
2026-09-12 23:26:03,524 | INFO | Steps: 112640/150000 | Episodes: 220 | LastEpReward: 28.131 | RecentReward: 30.539 | ActorLoss: -6.539145 | CriticLoss: 0.030634 | Q: 6.5266 | TargetQ: 6.5246 | TDAbs: 0.1744 | ActorGrad: 0.1239 | CriticGrad: 0.9878 | Noise: 0.0500 | Replay: 50000 | FPS: 60.77 | ETA: 10.2 min
2026-09-12 23:26:10,032 | INFO | Steps: 113152/150000 | Episodes: 221 | LastEpReward: 15.179 | RecentReward: 30.443 | ActorLoss: -6.477273 | CriticLoss: 0.027913 | Q: 6.4669 | TargetQ: 6.4656 | TDAbs: 0.1733 | ActorGrad: 0.0987 | CriticGrad: 0.7972 | Noise: 0.0500 | Replay: 50000 | FPS: 60.83 | ETA: 10.1 min
2026-09-12 23:26:16,511 | INFO | Steps: 113664/150000 | Episodes: 222 | LastEpReward: 27.889 | RecentReward: 30.547 | ActorLoss: -6.517762 | CriticLoss: 0.026918 | Q: 6.5064 | TargetQ: 6.5039 | TDAbs: 0.1696 | ActorGrad: 0.1165 | CriticGrad: 0.8614 | Noise: 0.0500 | Replay: 50000 | FPS: 60.89 | ETA: 9.9 min
2026-09-12 23:26:23,172 | INFO | Steps: 114176/150000 | Episodes: 223 | LastEpReward: 41.472 | RecentReward: 30.853 | ActorLoss: -6.504546 | CriticLoss: 0.030096 | Q: 6.4955 | TargetQ: 6.4922 | TDAbs: 0.1752 | ActorGrad: 0.0950 | CriticGrad: 0.8963 | Noise: 0.0500 | Replay: 50000 | FPS: 60.95 | ETA: 9.8 min
2026-09-12 23:26:29,791 | INFO | Steps: 114688/150000 | Episodes: 224 | LastEpReward: 39.758 | RecentReward: 31.963 | ActorLoss: -6.518211 | CriticLoss: 0.025791 | Q: 6.5091 | TargetQ: 6.5092 | TDAbs: 0.1672 | ActorGrad: 0.0852 | CriticGrad: 0.8128 | Noise: 0.0500 | Replay: 50000 | FPS: 61.01 | ETA: 9.6 min
2026-09-12 23:26:36,432 | INFO | Steps: 115200/150000 | Episodes: 225 | LastEpReward: 29.440 | RecentReward: 30.100 | ActorLoss: -6.506528 | CriticLoss: 0.027383 | Q: 6.4962 | TargetQ: 6.4934 | TDAbs: 0.1670 | ActorGrad: 0.0833 | CriticGrad: 0.8366 | Noise: 0.0500 | Replay: 50000 | FPS: 61.06 | ETA: 9.5 min
2026-09-12 23:26:42,934 | INFO | Steps: 115712/150000 | Episodes: 226 | LastEpReward: 33.710 | RecentReward: 31.278 | ActorLoss: -6.541579 | CriticLoss: 0.025735 | Q: 6.5331 | TargetQ: 6.5291 | TDAbs: 0.1635 | ActorGrad: 0.0773 | CriticGrad: 0.8388 | Noise: 0.0500 | Replay: 50000 | FPS: 61.12 | ETA: 9.3 min
2026-09-12 23:26:49,464 | INFO | Steps: 116224/150000 | Episodes: 227 | LastEpReward: 36.229 | RecentReward: 31.310 | ActorLoss: -6.547215 | CriticLoss: 0.024756 | Q: 6.5378 | TargetQ: 6.5365 | TDAbs: 0.1621 | ActorGrad: 0.0739 | CriticGrad: 0.7736 | Noise: 0.0500 | Replay: 50000 | FPS: 61.18 | ETA: 9.2 min
2026-09-12 23:26:56,000 | INFO | Steps: 116736/150000 | Episodes: 228 | LastEpReward: 28.404 | RecentReward: 30.763 | ActorLoss: -6.515605 | CriticLoss: 0.026714 | Q: 6.5062 | TargetQ: 6.5043 | TDAbs: 0.1664 | ActorGrad: 0.0804 | CriticGrad: 0.7565 | Noise: 0.0500 | Replay: 50000 | FPS: 61.24 | ETA: 9.1 min
2026-09-12 23:27:02,689 | INFO | Steps: 117248/150000 | Episodes: 229 | LastEpReward: 42.671 | RecentReward: 32.288 | ActorLoss: -6.519129 | CriticLoss: 0.025578 | Q: 6.5110 | TargetQ: 6.5088 | TDAbs: 0.1631 | ActorGrad: 0.0882 | CriticGrad: 0.7610 | Noise: 0.0500 | Replay: 50000 | FPS: 61.29 | ETA: 8.9 min
2026-09-12 23:27:09,246 | INFO | 开始周期评估: Steps=117760 | Episodes=230 | EvalEpisodes=5
2026-09-12 23:27:28,487 | INFO | 周期评估完成: Steps=117760 | MeanReward=36.964 | StdReward=5.733
2026-09-12 23:27:28,494 | INFO | Steps: 117760/150000 | Episodes: 230 | LastEpReward: 30.016 | RecentReward: 32.477 | ActorLoss: -6.550275 | CriticLoss: 0.023816 | Q: 6.5425 | TargetQ: 6.5415 | TDAbs: 0.1606 | ActorGrad: 0.0865 | CriticGrad: 0.7983 | Noise: 0.0500 | Replay: 50000 | FPS: 60.74 | ETA: 8.8 min
2026-09-12 23:27:35,051 | INFO | Steps: 118272/150000 | Episodes: 231 | LastEpReward: 41.579 | RecentReward: 35.117 | ActorLoss: -6.553239 | CriticLoss: 0.024376 | Q: 6.5446 | TargetQ: 6.5438 | TDAbs: 0.1605 | ActorGrad: 0.0834 | CriticGrad: 0.7671 | Noise: 0.0500 | Replay: 50000 | FPS: 60.80 | ETA: 8.7 min
2026-09-12 23:27:41,648 | INFO | Steps: 118784/150000 | Episodes: 232 | LastEpReward: 30.576 | RecentReward: 35.386 | ActorLoss: -6.557756 | CriticLoss: 0.024925 | Q: 6.5502 | TargetQ: 6.5487 | TDAbs: 0.1614 | ActorGrad: 0.0677 | CriticGrad: 0.8488 | Noise: 0.0500 | Replay: 50000 | FPS: 60.86 | ETA: 8.5 min
2026-09-12 23:27:48,199 | INFO | Steps: 119296/150000 | Episodes: 233 | LastEpReward: 25.866 | RecentReward: 33.825 | ActorLoss: -6.560537 | CriticLoss: 0.024799 | Q: 6.5530 | TargetQ: 6.5522 | TDAbs: 0.1596 | ActorGrad: 0.0649 | CriticGrad: 0.8765 | Noise: 0.0500 | Replay: 50000 | FPS: 60.92 | ETA: 8.4 min
2026-09-12 23:27:55,229 | INFO | Steps: 119808/150000 | Episodes: 234 | LastEpReward: 51.050 | RecentReward: 34.954 | ActorLoss: -6.496589 | CriticLoss: 0.025957 | Q: 6.4877 | TargetQ: 6.4866 | TDAbs: 0.1631 | ActorGrad: 0.0902 | CriticGrad: 0.8221 | Noise: 0.0500 | Replay: 50000 | FPS: 60.96 | ETA: 8.3 min
2026-09-12 23:28:01,905 | INFO | Steps: 120320/150000 | Episodes: 235 | LastEpReward: 31.241 | RecentReward: 35.134 | ActorLoss: -6.539354 | CriticLoss: 0.026604 | Q: 6.5305 | TargetQ: 6.5285 | TDAbs: 0.1653 | ActorGrad: 0.1027 | CriticGrad: 0.8540 | Noise: 0.0500 | Replay: 50000 | FPS: 61.01 | ETA: 8.1 min
2026-09-12 23:28:08,586 | INFO | Steps: 120832/150000 | Episodes: 236 | LastEpReward: 44.927 | RecentReward: 36.256 | ActorLoss: -6.540385 | CriticLoss: 0.023959 | Q: 6.5311 | TargetQ: 6.5296 | TDAbs: 0.1587 | ActorGrad: 0.0777 | CriticGrad: 0.7318 | Noise: 0.0500 | Replay: 50000 | FPS: 61.06 | ETA: 8.0 min
2026-09-12 23:28:15,104 | INFO | Steps: 121344/150000 | Episodes: 237 | LastEpReward: 31.421 | RecentReward: 35.775 | ActorLoss: -6.570309 | CriticLoss: 0.024980 | Q: 6.5618 | TargetQ: 6.5599 | TDAbs: 0.1632 | ActorGrad: 0.0633 | CriticGrad: 0.8973 | Noise: 0.0500 | Replay: 50000 | FPS: 61.12 | ETA: 7.8 min
2026-09-12 23:28:21,763 | INFO | Steps: 121856/150000 | Episodes: 238 | LastEpReward: 25.696 | RecentReward: 35.504 | ActorLoss: -6.520463 | CriticLoss: 0.023310 | Q: 6.5117 | TargetQ: 6.5111 | TDAbs: 0.1598 | ActorGrad: 0.0704 | CriticGrad: 0.7806 | Noise: 0.0500 | Replay: 50000 | FPS: 61.18 | ETA: 7.7 min
2026-09-12 23:28:28,460 | INFO | Steps: 122368/150000 | Episodes: 239 | LastEpReward: 47.450 | RecentReward: 35.982 | ActorLoss: -6.506948 | CriticLoss: 0.022587 | Q: 6.4983 | TargetQ: 6.4964 | TDAbs: 0.1566 | ActorGrad: 0.0537 | CriticGrad: 0.7674 | Noise: 0.0500 | Replay: 50000 | FPS: 61.23 | ETA: 7.5 min
2026-09-12 23:28:34,965 | INFO | 开始周期评估: Steps=122880 | Episodes=240 | EvalEpisodes=5
2026-09-12 23:28:54,119 | INFO | 周期评估完成: Steps=122880 | MeanReward=38.707 | StdReward=6.393
2026-09-12 23:28:54,129 | INFO | Steps: 122880/150000 | Episodes: 240 | LastEpReward: 11.874 | RecentReward: 34.168 | ActorLoss: -6.513222 | CriticLoss: 0.023751 | Q: 6.5043 | TargetQ: 6.5023 | TDAbs: 0.1596 | ActorGrad: 0.0797 | CriticGrad: 0.8071 | Noise: 0.0500 | Replay: 50000 | FPS: 60.70 | ETA: 7.4 min
2026-09-12 23:29:00,695 | INFO | Steps: 123392/150000 | Episodes: 241 | LastEpReward: 28.714 | RecentReward: 32.881 | ActorLoss: -6.532445 | CriticLoss: 0.025023 | Q: 6.5232 | TargetQ: 6.5200 | TDAbs: 0.1604 | ActorGrad: 0.0761 | CriticGrad: 0.8194 | Noise: 0.0500 | Replay: 50000 | FPS: 60.76 | ETA: 7.3 min
2026-09-12 23:29:07,306 | INFO | Steps: 123904/150000 | Episodes: 242 | LastEpReward: 41.541 | RecentReward: 33.978 | ActorLoss: -6.492422 | CriticLoss: 0.023751 | Q: 6.4839 | TargetQ: 6.4827 | TDAbs: 0.1579 | ActorGrad: 0.0727 | CriticGrad: 0.7103 | Noise: 0.0500 | Replay: 50000 | FPS: 60.81 | ETA: 7.2 min
2026-09-12 23:29:13,760 | INFO | Steps: 124416/150000 | Episodes: 243 | LastEpReward: 23.277 | RecentReward: 33.719 | ActorLoss: -6.516435 | CriticLoss: 0.023247 | Q: 6.5071 | TargetQ: 6.5066 | TDAbs: 0.1570 | ActorGrad: 0.0660 | CriticGrad: 0.7889 | Noise: 0.0500 | Replay: 50000 | FPS: 60.87 | ETA: 7.0 min
2026-09-12 23:29:20,313 | INFO | Steps: 124928/150000 | Episodes: 244 | LastEpReward: 32.979 | RecentReward: 31.912 | ActorLoss: -6.544975 | CriticLoss: 0.024094 | Q: 6.5361 | TargetQ: 6.5333 | TDAbs: 0.1576 | ActorGrad: 0.0696 | CriticGrad: 0.7896 | Noise: 0.0500 | Replay: 50000 | FPS: 60.93 | ETA: 6.9 min
2026-09-12 23:29:26,900 | INFO | Steps: 125440/150000 | Episodes: 245 | LastEpReward: 23.474 | RecentReward: 31.135 | ActorLoss: -6.526112 | CriticLoss: 0.022199 | Q: 6.5172 | TargetQ: 6.5165 | TDAbs: 0.1543 | ActorGrad: 0.0472 | CriticGrad: 0.7971 | Noise: 0.0500 | Replay: 50000 | FPS: 60.98 | ETA: 6.7 min
2026-09-12 23:29:33,460 | INFO | Steps: 125952/150000 | Episodes: 246 | LastEpReward: 37.002 | RecentReward: 30.343 | ActorLoss: -6.491070 | CriticLoss: 0.022581 | Q: 6.4809 | TargetQ: 6.4811 | TDAbs: 0.1568 | ActorGrad: 0.0653 | CriticGrad: 0.8512 | Noise: 0.0500 | Replay: 50000 | FPS: 61.03 | ETA: 6.6 min
2026-09-12 23:29:40,182 | INFO | Steps: 126464/150000 | Episodes: 247 | LastEpReward: 39.305 | RecentReward: 31.131 | ActorLoss: -6.482240 | CriticLoss: 0.021122 | Q: 6.4732 | TargetQ: 6.4740 | TDAbs: 0.1505 | ActorGrad: 0.0579 | CriticGrad: 0.6989 | Noise: 0.0500 | Replay: 50000 | FPS: 61.08 | ETA: 6.4 min
2026-09-12 23:29:46,571 | INFO | Steps: 126976/150000 | Episodes: 248 | LastEpReward: 31.519 | RecentReward: 31.713 | ActorLoss: -6.543499 | CriticLoss: 0.022026 | Q: 6.5340 | TargetQ: 6.5333 | TDAbs: 0.1542 | ActorGrad: 0.0816 | CriticGrad: 0.7240 | Noise: 0.0500 | Replay: 50000 | FPS: 61.14 | ETA: 6.3 min
2026-09-12 23:29:53,170 | INFO | Steps: 127488/150000 | Episodes: 249 | LastEpReward: 27.529 | RecentReward: 29.721 | ActorLoss: -6.540643 | CriticLoss: 0.023123 | Q: 6.5310 | TargetQ: 6.5293 | TDAbs: 0.1570 | ActorGrad: 0.0917 | CriticGrad: 0.8139 | Noise: 0.0500 | Replay: 50000 | FPS: 61.19 | ETA: 6.1 min
2026-09-12 23:29:59,805 | INFO | 开始周期评估: Steps=128000 | Episodes=250 | EvalEpisodes=5
2026-09-12 23:30:18,967 | INFO | 周期评估完成: Steps=128000 | MeanReward=39.182 | StdReward=5.982
2026-09-12 23:30:18,977 | INFO | Steps: 128000/150000 | Episodes: 250 | LastEpReward: 34.985 | RecentReward: 32.033 | ActorLoss: -6.488243 | CriticLoss: 0.021496 | Q: 6.4786 | TargetQ: 6.4796 | TDAbs: 0.1539 | ActorGrad: 0.0647 | CriticGrad: 0.7853 | Noise: 0.0500 | Replay: 50000 | FPS: 60.69 | ETA: 6.0 min
2026-09-12 23:30:25,731 | INFO | Steps: 128512/150000 | Episodes: 251 | LastEpReward: 48.556 | RecentReward: 34.017 | ActorLoss: -6.557610 | CriticLoss: 0.021538 | Q: 6.5478 | TargetQ: 6.5479 | TDAbs: 0.1533 | ActorGrad: 0.0661 | CriticGrad: 0.7465 | Noise: 0.0500 | Replay: 50000 | FPS: 60.74 | ETA: 5.9 min
2026-09-12 23:30:32,284 | INFO | Steps: 129024/150000 | Episodes: 252 | LastEpReward: 42.953 | RecentReward: 34.158 | ActorLoss: -6.542759 | CriticLoss: 0.023719 | Q: 6.5328 | TargetQ: 6.5321 | TDAbs: 0.1578 | ActorGrad: 0.0624 | CriticGrad: 0.7138 | Noise: 0.0500 | Replay: 50000 | FPS: 60.79 | ETA: 5.8 min
2026-09-12 23:30:39,148 | INFO | Steps: 129536/150000 | Episodes: 253 | LastEpReward: 49.348 | RecentReward: 36.765 | ActorLoss: -6.565793 | CriticLoss: 0.023639 | Q: 6.5559 | TargetQ: 6.5553 | TDAbs: 0.1586 | ActorGrad: 0.0727 | CriticGrad: 0.7860 | Noise: 0.0500 | Replay: 50000 | FPS: 60.83 | ETA: 5.6 min
2026-09-12 23:30:45,767 | INFO | Steps: 130048/150000 | Episodes: 254 | LastEpReward: 40.277 | RecentReward: 37.495 | ActorLoss: -6.498740 | CriticLoss: 0.022101 | Q: 6.4892 | TargetQ: 6.4918 | TDAbs: 0.1551 | ActorGrad: 0.0644 | CriticGrad: 0.7806 | Noise: 0.0500 | Replay: 50000 | FPS: 60.89 | ETA: 5.5 min
2026-09-12 23:30:52,376 | INFO | Steps: 130560/150000 | Episodes: 255 | LastEpReward: 38.392 | RecentReward: 38.986 | ActorLoss: -6.495986 | CriticLoss: 0.023840 | Q: 6.4856 | TargetQ: 6.4848 | TDAbs: 0.1574 | ActorGrad: 0.0680 | CriticGrad: 0.6951 | Noise: 0.0500 | Replay: 50000 | FPS: 60.94 | ETA: 5.3 min
2026-09-12 23:30:59,016 | INFO | Steps: 131072/150000 | Episodes: 256 | LastEpReward: 52.513 | RecentReward: 40.538 | ActorLoss: -6.494148 | CriticLoss: 0.024377 | Q: 6.4844 | TargetQ: 6.4820 | TDAbs: 0.1591 | ActorGrad: 0.0705 | CriticGrad: 0.8197 | Noise: 0.0500 | Replay: 50000 | FPS: 60.99 | ETA: 5.2 min
2026-09-12 23:31:05,698 | INFO | Steps: 131584/150000 | Episodes: 257 | LastEpReward: 45.294 | RecentReward: 41.136 | ActorLoss: -6.539079 | CriticLoss: 0.025659 | Q: 6.5300 | TargetQ: 6.5258 | TDAbs: 0.1602 | ActorGrad: 0.0558 | CriticGrad: 0.8780 | Noise: 0.0500 | Replay: 50000 | FPS: 61.04 | ETA: 5.0 min
2026-09-12 23:31:12,178 | INFO | Steps: 132096/150000 | Episodes: 258 | LastEpReward: 40.338 | RecentReward: 42.018 | ActorLoss: -6.528648 | CriticLoss: 0.024466 | Q: 6.5190 | TargetQ: 6.5147 | TDAbs: 0.1571 | ActorGrad: 0.0665 | CriticGrad: 0.7377 | Noise: 0.0500 | Replay: 50000 | FPS: 61.09 | ETA: 4.9 min
2026-09-12 23:31:18,795 | INFO | Steps: 132608/150000 | Episodes: 259 | LastEpReward: 47.905 | RecentReward: 44.056 | ActorLoss: -6.574902 | CriticLoss: 0.023095 | Q: 6.5639 | TargetQ: 6.5664 | TDAbs: 0.1561 | ActorGrad: 0.0861 | CriticGrad: 0.7858 | Noise: 0.0500 | Replay: 50000 | FPS: 61.14 | ETA: 4.7 min
2026-09-12 23:31:25,410 | INFO | 开始周期评估: Steps=133120 | Episodes=260 | EvalEpisodes=5
2026-09-12 23:31:44,726 | INFO | 周期评估完成: Steps=133120 | MeanReward=40.493 | StdReward=6.742
2026-09-12 23:31:44,736 | INFO | Steps: 133120/150000 | Episodes: 260 | LastEpReward: 44.671 | RecentReward: 45.025 | ActorLoss: -6.532091 | CriticLoss: 0.023339 | Q: 6.5237 | TargetQ: 6.5233 | TDAbs: 0.1545 | ActorGrad: 0.0645 | CriticGrad: 0.6885 | Noise: 0.0500 | Replay: 50000 | FPS: 60.65 | ETA: 4.6 min
2026-09-12 23:31:51,302 | INFO | Steps: 133632/150000 | Episodes: 261 | LastEpReward: 40.439 | RecentReward: 44.213 | ActorLoss: -6.513991 | CriticLoss: 0.023068 | Q: 6.5045 | TargetQ: 6.5020 | TDAbs: 0.1546 | ActorGrad: 0.0947 | CriticGrad: 0.7444 | Noise: 0.0500 | Replay: 50000 | FPS: 60.70 | ETA: 4.5 min
2026-09-12 23:31:57,928 | INFO | Steps: 134144/150000 | Episodes: 262 | LastEpReward: 36.199 | RecentReward: 43.538 | ActorLoss: -6.525504 | CriticLoss: 0.023574 | Q: 6.5137 | TargetQ: 6.5135 | TDAbs: 0.1566 | ActorGrad: 0.0831 | CriticGrad: 0.7263 | Noise: 0.0500 | Replay: 50000 | FPS: 60.75 | ETA: 4.3 min
2026-09-12 23:32:04,424 | INFO | Steps: 134656/150000 | Episodes: 263 | LastEpReward: 39.002 | RecentReward: 42.503 | ActorLoss: -6.522169 | CriticLoss: 0.023570 | Q: 6.5124 | TargetQ: 6.5125 | TDAbs: 0.1561 | ActorGrad: 0.0734 | CriticGrad: 0.8369 | Noise: 0.0500 | Replay: 50000 | FPS: 60.80 | ETA: 4.2 min
2026-09-12 23:32:10,975 | INFO | Steps: 135168/150000 | Episodes: 264 | LastEpReward: 30.472 | RecentReward: 41.522 | ActorLoss: -6.500774 | CriticLoss: 0.028652 | Q: 6.4888 | TargetQ: 6.4915 | TDAbs: 0.1688 | ActorGrad: 0.1752 | CriticGrad: 0.8218 | Noise: 0.0500 | Replay: 50000 | FPS: 60.86 | ETA: 4.1 min
2026-09-12 23:32:17,524 | INFO | Steps: 135680/150000 | Episodes: 265 | LastEpReward: 37.327 | RecentReward: 41.416 | ActorLoss: -6.543844 | CriticLoss: 0.028160 | Q: 6.5281 | TargetQ: 6.5253 | TDAbs: 0.1714 | ActorGrad: 0.1881 | CriticGrad: 0.9547 | Noise: 0.0500 | Replay: 50000 | FPS: 60.91 | ETA: 3.9 min
2026-09-12 23:32:24,009 | INFO | Steps: 136192/150000 | Episodes: 266 | LastEpReward: 32.269 | RecentReward: 39.392 | ActorLoss: -6.618282 | CriticLoss: 0.029876 | Q: 6.6008 | TargetQ: 6.6026 | TDAbs: 0.1767 | ActorGrad: 0.1972 | CriticGrad: 1.1314 | Noise: 0.0500 | Replay: 50000 | FPS: 60.96 | ETA: 3.8 min
2026-09-12 23:32:30,509 | INFO | Steps: 136704/150000 | Episodes: 267 | LastEpReward: 37.036 | RecentReward: 38.566 | ActorLoss: -6.633865 | CriticLoss: 0.029816 | Q: 6.6137 | TargetQ: 6.6143 | TDAbs: 0.1795 | ActorGrad: 0.1799 | CriticGrad: 0.8851 | Noise: 0.0500 | Replay: 50000 | FPS: 61.01 | ETA: 3.6 min
2026-09-12 23:32:37,148 | INFO | Steps: 137216/150000 | Episodes: 268 | LastEpReward: 37.146 | RecentReward: 38.247 | ActorLoss: -6.622629 | CriticLoss: 0.042728 | Q: 6.5985 | TargetQ: 6.6010 | TDAbs: 0.2153 | ActorGrad: 0.2723 | CriticGrad: 1.0626 | Noise: 0.0500 | Replay: 50000 | FPS: 61.06 | ETA: 3.5 min
2026-09-12 23:32:43,605 | INFO | Steps: 137728/150000 | Episodes: 269 | LastEpReward: 16.701 | RecentReward: 35.126 | ActorLoss: -6.720262 | CriticLoss: 0.062656 | Q: 6.6693 | TargetQ: 6.6737 | TDAbs: 0.2612 | ActorGrad: 0.1951 | CriticGrad: 1.2938 | Noise: 0.0500 | Replay: 50000 | FPS: 61.11 | ETA: 3.3 min
2026-09-12 23:32:50,213 | INFO | 开始周期评估: Steps=138240 | Episodes=270 | EvalEpisodes=5
2026-09-12 23:33:09,598 | INFO | 周期评估完成: Steps=138240 | MeanReward=1.112 | StdReward=6.097
2026-09-12 23:33:09,605 | INFO | Steps: 138240/150000 | Episodes: 270 | LastEpReward: 4.416 | RecentReward: 31.101 | ActorLoss: -6.921497 | CriticLoss: 0.089808 | Q: 6.8072 | TargetQ: 6.8035 | TDAbs: 0.3110 | ActorGrad: 0.0725 | CriticGrad: 1.4135 | Noise: 0.0500 | Replay: 50000 | FPS: 60.64 | ETA: 3.2 min
2026-09-12 23:33:16,167 | INFO | Steps: 138752/150000 | Episodes: 271 | LastEpReward: -2.590 | RecentReward: 26.798 | ActorLoss: -7.259040 | CriticLoss: 0.105020 | Q: 7.1201 | TargetQ: 7.1161 | TDAbs: 0.3347 | ActorGrad: 0.0616 | CriticGrad: 1.4763 | Noise: 0.0500 | Replay: 50000 | FPS: 60.69 | ETA: 3.1 min
2026-09-12 23:33:22,742 | INFO | Steps: 139264/150000 | Episodes: 272 | LastEpReward: -8.366 | RecentReward: 22.341 | ActorLoss: -7.334535 | CriticLoss: 0.115917 | Q: 7.2778 | TargetQ: 7.2758 | TDAbs: 0.3537 | ActorGrad: 0.0741 | CriticGrad: 1.5862 | Noise: 0.0500 | Replay: 50000 | FPS: 60.74 | ETA: 2.9 min
2026-09-12 23:33:29,333 | INFO | Steps: 139776/150000 | Episodes: 273 | LastEpReward: 0.376 | RecentReward: 18.479 | ActorLoss: -7.380858 | CriticLoss: 0.115586 | Q: 7.3722 | TargetQ: 7.3750 | TDAbs: 0.3502 | ActorGrad: 0.1419 | CriticGrad: 1.6952 | Noise: 0.0500 | Replay: 50000 | FPS: 60.79 | ETA: 2.8 min
2026-09-12 23:33:36,031 | INFO | Steps: 140288/150000 | Episodes: 274 | LastEpReward: 33.414 | RecentReward: 18.773 | ActorLoss: -7.313048 | CriticLoss: 0.101928 | Q: 7.3005 | TargetQ: 7.2991 | TDAbs: 0.3303 | ActorGrad: 0.2607 | CriticGrad: 1.6398 | Noise: 0.0500 | Replay: 50000 | FPS: 60.83 | ETA: 2.7 min
2026-09-12 23:33:42,766 | INFO | Steps: 140800/150000 | Episodes: 275 | LastEpReward: 31.802 | RecentReward: 18.220 | ActorLoss: -7.244312 | CriticLoss: 0.092471 | Q: 7.2365 | TargetQ: 7.2332 | TDAbs: 0.3112 | ActorGrad: 0.2750 | CriticGrad: 1.4930 | Noise: 0.0500 | Replay: 50000 | FPS: 60.88 | ETA: 2.5 min
2026-09-12 23:33:49,534 | INFO | Steps: 141312/150000 | Episodes: 276 | LastEpReward: 36.990 | RecentReward: 18.693 | ActorLoss: -7.255549 | CriticLoss: 0.090612 | Q: 7.2511 | TargetQ: 7.2540 | TDAbs: 0.3038 | ActorGrad: 0.2461 | CriticGrad: 1.5403 | Noise: 0.0500 | Replay: 50000 | FPS: 60.92 | ETA: 2.4 min
2026-09-12 23:33:56,277 | INFO | Steps: 141824/150000 | Episodes: 277 | LastEpReward: 29.575 | RecentReward: 17.946 | ActorLoss: -7.214410 | CriticLoss: 0.082162 | Q: 7.2063 | TargetQ: 7.2029 | TDAbs: 0.2905 | ActorGrad: 0.1661 | CriticGrad: 1.3810 | Noise: 0.0500 | Replay: 50000 | FPS: 60.96 | ETA: 2.2 min
2026-09-12 23:34:02,761 | INFO | Steps: 142336/150000 | Episodes: 278 | LastEpReward: 35.690 | RecentReward: 17.801 | ActorLoss: -7.181893 | CriticLoss: 0.075910 | Q: 7.1732 | TargetQ: 7.1683 | TDAbs: 0.2785 | ActorGrad: 0.2205 | CriticGrad: 1.3852 | Noise: 0.0500 | Replay: 50000 | FPS: 61.01 | ETA: 2.1 min
2026-09-12 23:34:09,328 | INFO | Steps: 142848/150000 | Episodes: 279 | LastEpReward: 31.665 | RecentReward: 19.297 | ActorLoss: -7.142000 | CriticLoss: 0.068681 | Q: 7.1361 | TargetQ: 7.1372 | TDAbs: 0.2642 | ActorGrad: 0.1928 | CriticGrad: 1.3424 | Noise: 0.0500 | Replay: 50000 | FPS: 61.06 | ETA: 2.0 min
2026-09-12 23:34:15,818 | INFO | 开始周期评估: Steps=143360 | Episodes=280 | EvalEpisodes=5
2026-09-12 23:34:35,093 | INFO | 周期评估完成: Steps=143360 | MeanReward=29.691 | StdReward=7.654
2026-09-12 23:34:35,100 | INFO | Steps: 143360/150000 | Episodes: 280 | LastEpReward: 24.691 | RecentReward: 21.325 | ActorLoss: -7.148002 | CriticLoss: 0.070802 | Q: 7.1358 | TargetQ: 7.1280 | TDAbs: 0.2642 | ActorGrad: 0.2041 | CriticGrad: 1.4684 | Noise: 0.0500 | Replay: 50000 | FPS: 60.61 | ETA: 1.8 min
2026-09-12 23:34:42,040 | INFO | Steps: 143872/150000 | Episodes: 281 | LastEpReward: 37.700 | RecentReward: 25.354 | ActorLoss: -7.115881 | CriticLoss: 0.065473 | Q: 7.1038 | TargetQ: 7.0987 | TDAbs: 0.2571 | ActorGrad: 0.2265 | CriticGrad: 1.2463 | Noise: 0.0500 | Replay: 50000 | FPS: 60.65 | ETA: 1.7 min
2026-09-12 23:34:49,100 | INFO | Steps: 144384/150000 | Episodes: 282 | LastEpReward: 30.290 | RecentReward: 29.219 | ActorLoss: -7.077022 | CriticLoss: 0.065196 | Q: 7.0591 | TargetQ: 7.0545 | TDAbs: 0.2567 | ActorGrad: 0.2254 | CriticGrad: 1.2589 | Noise: 0.0500 | Replay: 50000 | FPS: 60.68 | ETA: 1.5 min
2026-09-12 23:34:55,969 | INFO | Steps: 144896/150000 | Episodes: 283 | LastEpReward: 15.687 | RecentReward: 30.750 | ActorLoss: -7.113623 | CriticLoss: 0.070758 | Q: 7.0990 | TargetQ: 7.0958 | TDAbs: 0.2651 | ActorGrad: 0.2183 | CriticGrad: 1.3980 | Noise: 0.0500 | Replay: 50000 | FPS: 60.72 | ETA: 1.4 min
2026-09-12 23:35:02,712 | INFO | Steps: 145408/150000 | Episodes: 284 | LastEpReward: 21.242 | RecentReward: 29.533 | ActorLoss: -7.044369 | CriticLoss: 0.071826 | Q: 7.0309 | TargetQ: 7.0264 | TDAbs: 0.2668 | ActorGrad: 0.2153 | CriticGrad: 1.3439 | Noise: 0.0500 | Replay: 50000 | FPS: 60.77 | ETA: 1.3 min
2026-09-12 23:35:09,446 | INFO | Steps: 145920/150000 | Episodes: 285 | LastEpReward: 14.166 | RecentReward: 27.770 | ActorLoss: -7.016180 | CriticLoss: 0.069882 | Q: 6.9984 | TargetQ: 6.9906 | TDAbs: 0.2664 | ActorGrad: 0.2017 | CriticGrad: 1.2669 | Noise: 0.0500 | Replay: 50000 | FPS: 60.81 | ETA: 1.1 min
2026-09-12 23:35:16,167 | INFO | Steps: 146432/150000 | Episodes: 286 | LastEpReward: -5.102 | RecentReward: 23.560 | ActorLoss: -7.036484 | CriticLoss: 0.071185 | Q: 7.0230 | TargetQ: 7.0199 | TDAbs: 0.2676 | ActorGrad: 0.1432 | CriticGrad: 1.3245 | Noise: 0.0500 | Replay: 50000 | FPS: 60.85 | ETA: 1.0 min
2026-09-12 23:35:22,894 | INFO | Steps: 146944/150000 | Episodes: 287 | LastEpReward: 0.177 | RecentReward: 20.621 | ActorLoss: -7.044201 | CriticLoss: 0.070291 | Q: 7.0293 | TargetQ: 7.0263 | TDAbs: 0.2652 | ActorGrad: 0.2397 | CriticGrad: 1.5261 | Noise: 0.0500 | Replay: 50000 | FPS: 60.90 | ETA: 0.8 min
2026-09-12 23:35:29,626 | INFO | Steps: 147456/150000 | Episodes: 288 | LastEpReward: 5.132 | RecentReward: 17.565 | ActorLoss: -7.038104 | CriticLoss: 0.070291 | Q: 7.0233 | TargetQ: 7.0220 | TDAbs: 0.2642 | ActorGrad: 0.2345 | CriticGrad: 1.3831 | Noise: 0.0500 | Replay: 50000 | FPS: 60.94 | ETA: 0.7 min
2026-09-12 23:35:36,631 | INFO | Steps: 147968/150000 | Episodes: 289 | LastEpReward: 15.666 | RecentReward: 15.965 | ActorLoss: -7.032007 | CriticLoss: 0.069313 | Q: 7.0184 | TargetQ: 7.0135 | TDAbs: 0.2634 | ActorGrad: 0.2412 | CriticGrad: 1.4619 | Noise: 0.0500 | Replay: 50000 | FPS: 60.97 | ETA: 0.6 min
2026-09-12 23:35:43,459 | INFO | 开始周期评估: Steps=148480 | Episodes=290 | EvalEpisodes=5
2026-09-12 23:36:02,851 | INFO | 周期评估完成: Steps=148480 | MeanReward=-3.928 | StdReward=10.541
2026-09-12 23:36:02,859 | INFO | Steps: 148480/150000 | Episodes: 290 | LastEpReward: 3.949 | RecentReward: 13.891 | ActorLoss: -6.993786 | CriticLoss: 0.071729 | Q: 6.9760 | TargetQ: 6.9742 | TDAbs: 0.2667 | ActorGrad: 0.2418 | CriticGrad: 1.4897 | Noise: 0.0500 | Replay: 50000 | FPS: 60.53 | ETA: 0.4 min
2026-09-12 23:36:09,596 | INFO | Steps: 148992/150000 | Episodes: 291 | LastEpReward: -14.150 | RecentReward: 8.706 | ActorLoss: -7.050648 | CriticLoss: 0.074467 | Q: 7.0309 | TargetQ: 7.0263 | TDAbs: 0.2703 | ActorGrad: 0.2762 | CriticGrad: 1.4641 | Noise: 0.0500 | Replay: 50000 | FPS: 60.57 | ETA: 0.3 min
2026-09-12 23:36:16,373 | INFO | Steps: 149504/150000 | Episodes: 292 | LastEpReward: -10.537 | RecentReward: 4.623 | ActorLoss: -6.970132 | CriticLoss: 0.076371 | Q: 6.9550 | TargetQ: 6.9475 | TDAbs: 0.2717 | ActorGrad: 0.2620 | CriticGrad: 1.5174 | Noise: 0.0500 | Replay: 50000 | FPS: 60.61 | ETA: 0.1 min
2026-09-12 23:36:22,945 | INFO | Steps: 150000/150000 | Episodes: 292 | LastEpReward: -10.537 | RecentReward: 4.623 | ActorLoss: -6.927882 | CriticLoss: 0.077447 | Q: 6.9078 | TargetQ: 6.9056 | TDAbs: 0.2753 | ActorGrad: 0.2553 | CriticGrad: 1.7465 | Noise: 0.0500 | Replay: 50000 | FPS: 60.65 | ETA: 0.0 min
2026-09-12 23:37:02,098 | INFO | MADDPG 训练与评估完成，最佳权重: /home/pjpjq/LEO_switch/results/multiseed_0907/seed44/u25/learned_baselines/maddpg/maddpg_model.pt
