2026-09-15 14:13:33,511 | INFO | ============================================================
2026-09-15 14:13:33,511 | INFO | 开始训练纯 PDQN 基线
2026-09-15 14:13:33,511 | INFO | 总步数: 150000 | warmup: 1000 | batch: 128 | 日志间隔: 512 steps | 保存间隔: 50000 steps | device: cuda
2026-09-15 14:13:33,511 | INFO | ============================================================
2026-09-15 14:13:37,467 | INFO | Steps: 512/150000 | Episodes: 1 | CurrentEpReward: 0.000 | RecentReward: -1.950 | QLoss: 0.000000 | ParamLoss: 0.000000 | Epsilon: 1.0000 | Replay: 512
2026-09-15 14:13:41,584 | INFO | Steps: 1024/150000 | Episodes: 2 | CurrentEpReward: 0.000 | RecentReward: -2.470 | QLoss: 0.167392 | ParamLoss: 0.012170 | Epsilon: 0.9993 | Replay: 1024
2026-09-15 14:13:51,636 | INFO | Steps: 1536/150000 | Episodes: 3 | CurrentEpReward: 0.000 | RecentReward: -6.678 | QLoss: 0.164658 | ParamLoss: 0.009559 | Epsilon: 0.9860 | Replay: 1536
2026-09-15 14:14:01,583 | INFO | Steps: 2048/150000 | Episodes: 4 | CurrentEpReward: 0.000 | RecentReward: -5.619 | QLoss: 0.176123 | ParamLoss: 0.004920 | Epsilon: 0.9726 | Replay: 2048
2026-09-15 14:14:11,619 | INFO | Steps: 2560/150000 | Episodes: 5 | CurrentEpReward: 0.000 | RecentReward: -5.836 | QLoss: 0.177662 | ParamLoss: -0.000684 | Epsilon: 0.9592 | Replay: 2560
2026-09-15 14:14:21,480 | INFO | Steps: 3072/150000 | Episodes: 6 | CurrentEpReward: 0.000 | RecentReward: -6.601 | QLoss: 0.180113 | ParamLoss: -0.006581 | Epsilon: 0.9458 | Replay: 3072
2026-09-15 14:14:31,407 | INFO | Steps: 3584/150000 | Episodes: 7 | CurrentEpReward: 0.000 | RecentReward: -6.128 | QLoss: 0.181943 | ParamLoss: -0.012024 | Epsilon: 0.9324 | Replay: 3584
2026-09-15 14:14:41,429 | INFO | Steps: 4096/150000 | Episodes: 8 | CurrentEpReward: 0.000 | RecentReward: -4.807 | QLoss: 0.181048 | ParamLoss: -0.018930 | Epsilon: 0.9191 | Replay: 4096
2026-09-15 14:14:51,410 | INFO | Steps: 4608/150000 | Episodes: 9 | CurrentEpReward: 0.000 | RecentReward: -3.927 | QLoss: 0.182834 | ParamLoss: -0.028071 | Epsilon: 0.9057 | Replay: 4608
2026-09-15 14:15:01,461 | INFO | Steps: 5120/150000 | Episodes: 10 | CurrentEpReward: 0.000 | RecentReward: -3.983 | QLoss: 0.186269 | ParamLoss: -0.032722 | Epsilon: 0.8923 | Replay: 5120
2026-09-15 14:15:11,555 | INFO | Steps: 5632/150000 | Episodes: 11 | CurrentEpReward: 0.000 | RecentReward: -4.315 | QLoss: 0.184634 | ParamLoss: -0.043950 | Epsilon: 0.8789 | Replay: 5632
2026-09-15 14:15:21,696 | INFO | Steps: 6144/150000 | Episodes: 12 | CurrentEpReward: 0.000 | RecentReward: -2.750 | QLoss: 0.186584 | ParamLoss: -0.051712 | Epsilon: 0.8655 | Replay: 6144
2026-09-15 14:15:31,820 | INFO | Steps: 6656/150000 | Episodes: 13 | CurrentEpReward: 0.000 | RecentReward: -1.368 | QLoss: 0.189441 | ParamLoss: -0.058700 | Epsilon: 0.8522 | Replay: 6656
2026-09-15 14:15:41,898 | INFO | Steps: 7168/150000 | Episodes: 14 | CurrentEpReward: 0.000 | RecentReward: -0.968 | QLoss: 0.192081 | ParamLoss: -0.065313 | Epsilon: 0.8388 | Replay: 7168
2026-09-15 14:15:52,041 | INFO | Steps: 7680/150000 | Episodes: 15 | CurrentEpReward: 0.000 | RecentReward: -0.812 | QLoss: 0.192812 | ParamLoss: -0.071648 | Epsilon: 0.8254 | Replay: 7680
2026-09-15 14:16:02,362 | INFO | Steps: 8192/150000 | Episodes: 16 | CurrentEpReward: 0.000 | RecentReward: 0.627 | QLoss: 0.196457 | ParamLoss: -0.081829 | Epsilon: 0.8120 | Replay: 8192
2026-09-15 14:16:12,548 | INFO | Steps: 8704/150000 | Episodes: 17 | CurrentEpReward: 0.000 | RecentReward: 1.081 | QLoss: 0.197570 | ParamLoss: -0.093296 | Epsilon: 0.7986 | Replay: 8704
2026-09-15 14:16:22,666 | INFO | Steps: 9216/150000 | Episodes: 18 | CurrentEpReward: 0.000 | RecentReward: 1.572 | QLoss: 0.200191 | ParamLoss: -0.101981 | Epsilon: 0.7853 | Replay: 9216
2026-09-15 14:16:32,787 | INFO | Steps: 9728/150000 | Episodes: 19 | CurrentEpReward: 0.000 | RecentReward: 1.802 | QLoss: 0.204430 | ParamLoss: -0.113658 | Epsilon: 0.7719 | Replay: 9728
2026-09-15 14:16:42,920 | INFO | Steps: 10240/150000 | Episodes: 20 | CurrentEpReward: 0.000 | RecentReward: 3.609 | QLoss: 0.203276 | ParamLoss: -0.119473 | Epsilon: 0.7585 | Replay: 10240
2026-09-15 14:16:53,222 | INFO | Steps: 10752/150000 | Episodes: 21 | CurrentEpReward: 0.000 | RecentReward: 4.727 | QLoss: 0.207727 | ParamLoss: -0.128638 | Epsilon: 0.7451 | Replay: 10752
2026-09-15 14:17:03,417 | INFO | Steps: 11264/150000 | Episodes: 22 | CurrentEpReward: 0.000 | RecentReward: 4.269 | QLoss: 0.207348 | ParamLoss: -0.133446 | Epsilon: 0.7317 | Replay: 11264
2026-09-15 14:17:13,585 | INFO | Steps: 11776/150000 | Episodes: 23 | CurrentEpReward: 0.000 | RecentReward: 5.186 | QLoss: 0.211473 | ParamLoss: -0.142005 | Epsilon: 0.7184 | Replay: 11776
2026-09-15 14:17:23,682 | INFO | Steps: 12288/150000 | Episodes: 24 | CurrentEpReward: 0.000 | RecentReward: 5.973 | QLoss: 0.218552 | ParamLoss: -0.152682 | Epsilon: 0.7050 | Replay: 12288
2026-09-15 14:17:33,746 | INFO | Steps: 12800/150000 | Episodes: 25 | CurrentEpReward: 0.000 | RecentReward: 6.748 | QLoss: 0.217563 | ParamLoss: -0.161036 | Epsilon: 0.6916 | Replay: 12800
2026-09-15 14:17:44,087 | INFO | Steps: 13312/150000 | Episodes: 26 | CurrentEpReward: 0.000 | RecentReward: 7.711 | QLoss: 0.220326 | ParamLoss: -0.172041 | Epsilon: 0.6782 | Replay: 13312
2026-09-15 14:17:54,350 | INFO | Steps: 13824/150000 | Episodes: 27 | CurrentEpReward: 0.000 | RecentReward: 9.367 | QLoss: 0.229403 | ParamLoss: -0.176324 | Epsilon: 0.6648 | Replay: 13824
2026-09-15 14:18:04,590 | INFO | Steps: 14336/150000 | Episodes: 28 | CurrentEpReward: 0.000 | RecentReward: 10.152 | QLoss: 0.223759 | ParamLoss: -0.187354 | Epsilon: 0.6515 | Replay: 14336
2026-09-15 14:18:14,903 | INFO | Steps: 14848/150000 | Episodes: 29 | CurrentEpReward: 0.000 | RecentReward: 11.423 | QLoss: 0.234325 | ParamLoss: -0.202763 | Epsilon: 0.6381 | Replay: 14848
2026-09-15 14:18:25,008 | INFO | Steps: 15360/150000 | Episodes: 30 | CurrentEpReward: 0.000 | RecentReward: 11.508 | QLoss: 0.234604 | ParamLoss: -0.207712 | Epsilon: 0.6247 | Replay: 15360
2026-09-15 14:18:35,112 | INFO | Steps: 15872/150000 | Episodes: 31 | CurrentEpReward: 0.000 | RecentReward: 12.320 | QLoss: 0.233578 | ParamLoss: -0.216424 | Epsilon: 0.6113 | Replay: 15872
2026-09-15 14:18:45,239 | INFO | Steps: 16384/150000 | Episodes: 32 | CurrentEpReward: 0.000 | RecentReward: 13.822 | QLoss: 0.246031 | ParamLoss: -0.227972 | Epsilon: 0.5979 | Replay: 16384
2026-09-15 14:18:55,461 | INFO | Steps: 16896/150000 | Episodes: 33 | CurrentEpReward: 0.000 | RecentReward: 15.089 | QLoss: 0.243884 | ParamLoss: -0.240942 | Epsilon: 0.5846 | Replay: 16896
2026-09-15 14:19:05,546 | INFO | Steps: 17408/150000 | Episodes: 34 | CurrentEpReward: 0.000 | RecentReward: 15.202 | QLoss: 0.247384 | ParamLoss: -0.247104 | Epsilon: 0.5712 | Replay: 17408
2026-09-15 14:19:15,639 | INFO | Steps: 17920/150000 | Episodes: 35 | CurrentEpReward: 0.000 | RecentReward: 15.423 | QLoss: 0.247375 | ParamLoss: -0.252846 | Epsilon: 0.5578 | Replay: 17920
2026-09-15 14:19:25,888 | INFO | Steps: 18432/150000 | Episodes: 36 | CurrentEpReward: 0.000 | RecentReward: 15.980 | QLoss: 0.260738 | ParamLoss: -0.263166 | Epsilon: 0.5444 | Replay: 18432
2026-09-15 14:19:35,999 | INFO | Steps: 18944/150000 | Episodes: 37 | CurrentEpReward: 0.000 | RecentReward: 16.759 | QLoss: 0.257801 | ParamLoss: -0.275756 | Epsilon: 0.5310 | Replay: 18944
2026-09-15 14:19:46,098 | INFO | Steps: 19456/150000 | Episodes: 38 | CurrentEpReward: 0.000 | RecentReward: 17.344 | QLoss: 0.270375 | ParamLoss: -0.286499 | Epsilon: 0.5177 | Replay: 19456
2026-09-15 14:19:56,217 | INFO | Steps: 19968/150000 | Episodes: 39 | CurrentEpReward: 0.000 | RecentReward: 18.481 | QLoss: 0.258928 | ParamLoss: -0.299899 | Epsilon: 0.5043 | Replay: 19968
2026-09-15 14:20:06,428 | INFO | Steps: 20480/150000 | Episodes: 40 | CurrentEpReward: 0.000 | RecentReward: 20.523 | QLoss: 0.278298 | ParamLoss: -0.310057 | Epsilon: 0.4909 | Replay: 20480
2026-09-15 14:20:16,759 | INFO | Steps: 20992/150000 | Episodes: 41 | CurrentEpReward: 0.000 | RecentReward: 22.070 | QLoss: 0.265288 | ParamLoss: -0.321958 | Epsilon: 0.4775 | Replay: 20992
2026-09-15 14:20:26,896 | INFO | Steps: 21504/150000 | Episodes: 42 | CurrentEpReward: 0.000 | RecentReward: 21.682 | QLoss: 0.278163 | ParamLoss: -0.332730 | Epsilon: 0.4641 | Replay: 21504
2026-09-15 14:20:36,992 | INFO | Steps: 22016/150000 | Episodes: 43 | CurrentEpReward: 0.000 | RecentReward: 22.315 | QLoss: 0.271957 | ParamLoss: -0.348109 | Epsilon: 0.4508 | Replay: 22016
2026-09-15 14:20:47,176 | INFO | Steps: 22528/150000 | Episodes: 44 | CurrentEpReward: 0.000 | RecentReward: 23.579 | QLoss: 0.298067 | ParamLoss: -0.358627 | Epsilon: 0.4374 | Replay: 22528
2026-09-15 14:20:57,299 | INFO | Steps: 23040/150000 | Episodes: 45 | CurrentEpReward: 0.000 | RecentReward: 24.894 | QLoss: 0.288894 | ParamLoss: -0.366239 | Epsilon: 0.4240 | Replay: 23040
2026-09-15 14:21:07,454 | INFO | Steps: 23552/150000 | Episodes: 46 | CurrentEpReward: 0.000 | RecentReward: 26.195 | QLoss: 0.274028 | ParamLoss: -0.377501 | Epsilon: 0.4106 | Replay: 23552
2026-09-15 14:21:17,672 | INFO | Steps: 24064/150000 | Episodes: 47 | CurrentEpReward: 0.000 | RecentReward: 27.459 | QLoss: 0.284023 | ParamLoss: -0.386069 | Epsilon: 0.3972 | Replay: 24064
2026-09-15 14:21:27,798 | INFO | Steps: 24576/150000 | Episodes: 48 | CurrentEpReward: 0.000 | RecentReward: 28.193 | QLoss: 0.299195 | ParamLoss: -0.398157 | Epsilon: 0.3839 | Replay: 24576
2026-09-15 14:21:37,848 | INFO | Steps: 25088/150000 | Episodes: 49 | CurrentEpReward: 0.000 | RecentReward: 27.744 | QLoss: 0.304743 | ParamLoss: -0.399877 | Epsilon: 0.3705 | Replay: 25088
2026-09-15 14:21:47,907 | INFO | Steps: 25600/150000 | Episodes: 50 | CurrentEpReward: 0.000 | RecentReward: 27.336 | QLoss: 0.301207 | ParamLoss: -0.411356 | Epsilon: 0.3571 | Replay: 25600
2026-09-15 14:21:58,288 | INFO | Steps: 26112/150000 | Episodes: 51 | CurrentEpReward: 0.000 | RecentReward: 28.997 | QLoss: 0.322924 | ParamLoss: -0.425109 | Epsilon: 0.3437 | Replay: 26112
2026-09-15 14:22:08,399 | INFO | Steps: 26624/150000 | Episodes: 52 | CurrentEpReward: 0.000 | RecentReward: 30.964 | QLoss: 0.291651 | ParamLoss: -0.437368 | Epsilon: 0.3303 | Replay: 26624
2026-09-15 14:22:18,643 | INFO | Steps: 27136/150000 | Episodes: 53 | CurrentEpReward: 0.000 | RecentReward: 31.967 | QLoss: 0.314575 | ParamLoss: -0.455043 | Epsilon: 0.3170 | Replay: 27136
2026-09-15 14:22:28,972 | INFO | Steps: 27648/150000 | Episodes: 54 | CurrentEpReward: 0.000 | RecentReward: 34.209 | QLoss: 0.315403 | ParamLoss: -0.469880 | Epsilon: 0.3036 | Replay: 27648
2026-09-15 14:22:39,228 | INFO | Steps: 28160/150000 | Episodes: 55 | CurrentEpReward: 0.000 | RecentReward: 36.986 | QLoss: 0.348114 | ParamLoss: -0.475083 | Epsilon: 0.2902 | Replay: 28160
2026-09-15 14:22:49,313 | INFO | Steps: 28672/150000 | Episodes: 56 | CurrentEpReward: 0.000 | RecentReward: 37.408 | QLoss: 0.342374 | ParamLoss: -0.488362 | Epsilon: 0.2768 | Replay: 28672
2026-09-15 14:22:59,392 | INFO | Steps: 29184/150000 | Episodes: 57 | CurrentEpReward: 0.000 | RecentReward: 37.433 | QLoss: 0.384398 | ParamLoss: -0.502342 | Epsilon: 0.2634 | Replay: 29184
2026-09-15 14:23:09,567 | INFO | Steps: 29696/150000 | Episodes: 58 | CurrentEpReward: 0.000 | RecentReward: 39.174 | QLoss: 0.331599 | ParamLoss: -0.499115 | Epsilon: 0.2501 | Replay: 29696
2026-09-15 14:23:19,671 | INFO | Steps: 30208/150000 | Episodes: 59 | CurrentEpReward: 0.000 | RecentReward: 40.949 | QLoss: 0.369256 | ParamLoss: -0.497931 | Epsilon: 0.2367 | Replay: 30208
2026-09-15 14:23:29,872 | INFO | Steps: 30720/150000 | Episodes: 60 | CurrentEpReward: 0.000 | RecentReward: 42.850 | QLoss: 0.365729 | ParamLoss: -0.508501 | Epsilon: 0.2233 | Replay: 30720
2026-09-15 14:23:39,943 | INFO | Steps: 31232/150000 | Episodes: 61 | CurrentEpReward: 0.000 | RecentReward: 43.702 | QLoss: 0.351988 | ParamLoss: -0.514040 | Epsilon: 0.2099 | Replay: 31232
2026-09-15 14:23:50,064 | INFO | Steps: 31744/150000 | Episodes: 62 | CurrentEpReward: 0.000 | RecentReward: 44.167 | QLoss: 0.359940 | ParamLoss: -0.510872 | Epsilon: 0.1965 | Replay: 31744
2026-09-15 14:24:00,081 | INFO | Steps: 32256/150000 | Episodes: 63 | CurrentEpReward: 0.000 | RecentReward: 44.674 | QLoss: 0.345854 | ParamLoss: -0.521493 | Epsilon: 0.1832 | Replay: 32256
2026-09-15 14:24:10,173 | INFO | Steps: 32768/150000 | Episodes: 64 | CurrentEpReward: 0.000 | RecentReward: 45.407 | QLoss: 0.340382 | ParamLoss: -0.522415 | Epsilon: 0.1698 | Replay: 32768
2026-09-15 14:24:20,267 | INFO | Steps: 33280/150000 | Episodes: 65 | CurrentEpReward: 0.000 | RecentReward: 45.894 | QLoss: 0.358524 | ParamLoss: -0.530274 | Epsilon: 0.1564 | Replay: 33280
2026-09-15 14:24:30,480 | INFO | Steps: 33792/150000 | Episodes: 66 | CurrentEpReward: 0.000 | RecentReward: 47.969 | QLoss: 0.386608 | ParamLoss: -0.540982 | Epsilon: 0.1430 | Replay: 33792
2026-09-15 14:24:40,495 | INFO | Steps: 34304/150000 | Episodes: 67 | CurrentEpReward: 0.000 | RecentReward: 48.939 | QLoss: 0.375343 | ParamLoss: -0.545784 | Epsilon: 0.1296 | Replay: 34304
2026-09-15 14:24:50,637 | INFO | Steps: 34816/150000 | Episodes: 68 | CurrentEpReward: 0.000 | RecentReward: 50.077 | QLoss: 0.372491 | ParamLoss: -0.560934 | Epsilon: 0.1162 | Replay: 34816
2026-09-15 14:25:00,743 | INFO | Steps: 35328/150000 | Episodes: 69 | CurrentEpReward: 0.000 | RecentReward: 52.368 | QLoss: 0.398619 | ParamLoss: -0.570999 | Epsilon: 0.1029 | Replay: 35328
2026-09-15 14:25:10,995 | INFO | Steps: 35840/150000 | Episodes: 70 | CurrentEpReward: 0.000 | RecentReward: 55.355 | QLoss: 0.337397 | ParamLoss: -0.573825 | Epsilon: 0.0895 | Replay: 35840
2026-09-15 14:25:21,120 | INFO | Steps: 36352/150000 | Episodes: 71 | CurrentEpReward: 0.000 | RecentReward: 56.229 | QLoss: 0.384623 | ParamLoss: -0.577165 | Epsilon: 0.0761 | Replay: 36352
2026-09-15 14:25:31,214 | INFO | Steps: 36864/150000 | Episodes: 72 | CurrentEpReward: 0.000 | RecentReward: 58.689 | QLoss: 0.357705 | ParamLoss: -0.592774 | Epsilon: 0.0627 | Replay: 36864
2026-09-15 14:25:41,387 | INFO | Steps: 37376/150000 | Episodes: 73 | CurrentEpReward: 0.000 | RecentReward: 61.224 | QLoss: 0.405677 | ParamLoss: -0.595939 | Epsilon: 0.0493 | Replay: 37376
2026-09-15 14:25:51,496 | INFO | Steps: 37888/150000 | Episodes: 74 | CurrentEpReward: 0.000 | RecentReward: 63.175 | QLoss: 0.376173 | ParamLoss: -0.611006 | Epsilon: 0.0360 | Replay: 37888
2026-09-15 14:26:01,655 | INFO | Steps: 38400/150000 | Episodes: 75 | CurrentEpReward: 0.000 | RecentReward: 64.906 | QLoss: 0.369833 | ParamLoss: -0.618041 | Epsilon: 0.0226 | Replay: 38400
2026-09-15 14:26:11,891 | INFO | Steps: 38912/150000 | Episodes: 76 | CurrentEpReward: 0.000 | RecentReward: 66.787 | QLoss: 0.387519 | ParamLoss: -0.621668 | Epsilon: 0.0200 | Replay: 38912
2026-09-15 14:26:21,909 | INFO | Steps: 39424/150000 | Episodes: 77 | CurrentEpReward: 0.000 | RecentReward: 68.447 | QLoss: 0.430630 | ParamLoss: -0.627057 | Epsilon: 0.0200 | Replay: 39424
2026-09-15 14:26:31,975 | INFO | Steps: 39936/150000 | Episodes: 78 | CurrentEpReward: 0.000 | RecentReward: 70.789 | QLoss: 0.360584 | ParamLoss: -0.626469 | Epsilon: 0.0200 | Replay: 39936
2026-09-15 14:26:42,164 | INFO | Steps: 40448/150000 | Episodes: 79 | CurrentEpReward: 0.000 | RecentReward: 71.958 | QLoss: 0.334750 | ParamLoss: -0.621809 | Epsilon: 0.0200 | Replay: 40448
2026-09-15 14:26:52,509 | INFO | Steps: 40960/150000 | Episodes: 80 | CurrentEpReward: 0.000 | RecentReward: 72.333 | QLoss: 0.346744 | ParamLoss: -0.631617 | Epsilon: 0.0200 | Replay: 40960
2026-09-15 14:27:02,812 | INFO | Steps: 41472/150000 | Episodes: 81 | CurrentEpReward: 0.000 | RecentReward: 74.418 | QLoss: 0.422138 | ParamLoss: -0.640400 | Epsilon: 0.0200 | Replay: 41472
2026-09-15 14:27:13,135 | INFO | Steps: 41984/150000 | Episodes: 82 | CurrentEpReward: 0.000 | RecentReward: 76.121 | QLoss: 0.422309 | ParamLoss: -0.658722 | Epsilon: 0.0200 | Replay: 41984
2026-09-15 14:27:23,225 | INFO | Steps: 42496/150000 | Episodes: 83 | CurrentEpReward: 0.000 | RecentReward: 77.412 | QLoss: 0.408730 | ParamLoss: -0.659883 | Epsilon: 0.0200 | Replay: 42496
2026-09-15 14:27:33,301 | INFO | Steps: 43008/150000 | Episodes: 84 | CurrentEpReward: 0.000 | RecentReward: 77.769 | QLoss: 0.375230 | ParamLoss: -0.666681 | Epsilon: 0.0200 | Replay: 43008
2026-09-15 14:27:43,372 | INFO | Steps: 43520/150000 | Episodes: 85 | CurrentEpReward: 0.000 | RecentReward: 78.503 | QLoss: 0.395065 | ParamLoss: -0.672463 | Epsilon: 0.0200 | Replay: 43520
2026-09-15 14:27:53,483 | INFO | Steps: 44032/150000 | Episodes: 86 | CurrentEpReward: 0.000 | RecentReward: 77.982 | QLoss: 0.436638 | ParamLoss: -0.674141 | Epsilon: 0.0200 | Replay: 44032
2026-09-15 14:28:03,561 | INFO | Steps: 44544/150000 | Episodes: 87 | CurrentEpReward: 0.000 | RecentReward: 79.543 | QLoss: 0.405094 | ParamLoss: -0.681889 | Epsilon: 0.0200 | Replay: 44544
2026-09-15 14:28:13,757 | INFO | Steps: 45056/150000 | Episodes: 88 | CurrentEpReward: 0.000 | RecentReward: 79.405 | QLoss: 0.469378 | ParamLoss: -0.698694 | Epsilon: 0.0200 | Replay: 45056
2026-09-15 14:28:23,902 | INFO | Steps: 45568/150000 | Episodes: 89 | CurrentEpReward: 0.000 | RecentReward: 80.243 | QLoss: 0.407925 | ParamLoss: -0.701947 | Epsilon: 0.0200 | Replay: 45568
2026-09-15 14:28:33,995 | INFO | Steps: 46080/150000 | Episodes: 90 | CurrentEpReward: 0.000 | RecentReward: 80.011 | QLoss: 0.400658 | ParamLoss: -0.708725 | Epsilon: 0.0200 | Replay: 46080
2026-09-15 14:28:44,118 | INFO | Steps: 46592/150000 | Episodes: 91 | CurrentEpReward: 0.000 | RecentReward: 79.977 | QLoss: 0.511999 | ParamLoss: -0.722165 | Epsilon: 0.0200 | Replay: 46592
2026-09-15 14:28:54,324 | INFO | Steps: 47104/150000 | Episodes: 92 | CurrentEpReward: 0.000 | RecentReward: 80.483 | QLoss: 0.448592 | ParamLoss: -0.742401 | Epsilon: 0.0200 | Replay: 47104
2026-09-15 14:29:04,402 | INFO | Steps: 47616/150000 | Episodes: 93 | CurrentEpReward: 0.000 | RecentReward: 80.306 | QLoss: 0.424066 | ParamLoss: -0.756744 | Epsilon: 0.0200 | Replay: 47616
2026-09-15 14:29:14,415 | INFO | Steps: 48128/150000 | Episodes: 94 | CurrentEpReward: 0.000 | RecentReward: 81.100 | QLoss: 0.458757 | ParamLoss: -0.758025 | Epsilon: 0.0200 | Replay: 48128
2026-09-15 14:29:24,477 | INFO | Steps: 48640/150000 | Episodes: 95 | CurrentEpReward: 0.000 | RecentReward: 81.536 | QLoss: 0.418540 | ParamLoss: -0.764907 | Epsilon: 0.0200 | Replay: 48640
2026-09-15 14:29:34,609 | INFO | Steps: 49152/150000 | Episodes: 96 | CurrentEpReward: 0.000 | RecentReward: 83.738 | QLoss: 0.399602 | ParamLoss: -0.753602 | Epsilon: 0.0200 | Replay: 49152
2026-09-15 14:29:44,806 | INFO | Steps: 49664/150000 | Episodes: 97 | CurrentEpReward: 0.000 | RecentReward: 84.400 | QLoss: 0.455212 | ParamLoss: -0.760065 | Epsilon: 0.0200 | Replay: 49664
2026-09-15 14:30:12,937 | INFO | 新的最佳模型 (reward): 86.464，保存至 /home/pjpjq/LEO_switch/results/multiseed_0907/seed46/u25/learned_baselines/pdqn/best_model.pt
2026-09-15 14:30:12,940 | INFO | 周期权重已保存: /home/pjpjq/LEO_switch/results/multiseed_0907/seed46/u25/learned_baselines/pdqn/checkpoint_50000.pt
2026-09-15 14:30:16,496 | INFO | Steps: 50176/150000 | Episodes: 98 | CurrentEpReward: 0.000 | RecentReward: 84.688 | QLoss: 0.448061 | ParamLoss: -0.765053 | Epsilon: 0.0200 | Replay: 50000
2026-09-15 14:30:26,614 | INFO | Steps: 50688/150000 | Episodes: 99 | CurrentEpReward: 0.000 | RecentReward: 84.980 | QLoss: 0.411236 | ParamLoss: -0.773813 | Epsilon: 0.0200 | Replay: 50000
2026-09-15 14:30:36,750 | INFO | Steps: 51200/150000 | Episodes: 100 | CurrentEpReward: 0.000 | RecentReward: 85.463 | QLoss: 0.445396 | ParamLoss: -0.786749 | Epsilon: 0.0200 | Replay: 50000
2026-09-15 14:30:46,919 | INFO | Steps: 51712/150000 | Episodes: 101 | CurrentEpReward: 0.000 | RecentReward: 86.240 | QLoss: 0.471271 | ParamLoss: -0.789942 | Epsilon: 0.0200 | Replay: 50000
2026-09-15 14:30:57,063 | INFO | Steps: 52224/150000 | Episodes: 102 | CurrentEpReward: 0.000 | RecentReward: 85.515 | QLoss: 0.458397 | ParamLoss: -0.790769 | Epsilon: 0.0200 | Replay: 50000
2026-09-15 14:31:07,213 | INFO | Steps: 52736/150000 | Episodes: 103 | CurrentEpReward: 0.000 | RecentReward: 85.740 | QLoss: 0.447674 | ParamLoss: -0.796898 | Epsilon: 0.0200 | Replay: 50000
2026-09-15 14:31:17,386 | INFO | Steps: 53248/150000 | Episodes: 104 | CurrentEpReward: 0.000 | RecentReward: 86.031 | QLoss: 0.473728 | ParamLoss: -0.801844 | Epsilon: 0.0200 | Replay: 50000
2026-09-15 14:31:27,782 | INFO | Steps: 53760/150000 | Episodes: 105 | CurrentEpReward: 0.000 | RecentReward: 87.499 | QLoss: 0.380146 | ParamLoss: -0.803404 | Epsilon: 0.0200 | Replay: 50000
2026-09-15 14:31:37,954 | INFO | Steps: 54272/150000 | Episodes: 106 | CurrentEpReward: 0.000 | RecentReward: 85.731 | QLoss: 0.406623 | ParamLoss: -0.816221 | Epsilon: 0.0200 | Replay: 50000
2026-09-15 14:31:48,101 | INFO | Steps: 54784/150000 | Episodes: 107 | CurrentEpReward: 0.000 | RecentReward: 84.974 | QLoss: 0.411333 | ParamLoss: -0.824972 | Epsilon: 0.0200 | Replay: 50000
2026-09-15 14:31:58,326 | INFO | Steps: 55296/150000 | Episodes: 108 | CurrentEpReward: 0.000 | RecentReward: 84.855 | QLoss: 0.440174 | ParamLoss: -0.830446 | Epsilon: 0.0200 | Replay: 50000
2026-09-15 14:32:08,482 | INFO | Steps: 55808/150000 | Episodes: 109 | CurrentEpReward: 0.000 | RecentReward: 84.579 | QLoss: 0.429459 | ParamLoss: -0.839112 | Epsilon: 0.0200 | Replay: 50000
2026-09-15 14:32:18,894 | INFO | Steps: 56320/150000 | Episodes: 110 | CurrentEpReward: 0.000 | RecentReward: 84.889 | QLoss: 0.453692 | ParamLoss: -0.848580 | Epsilon: 0.0200 | Replay: 50000
2026-09-15 14:32:29,037 | INFO | Steps: 56832/150000 | Episodes: 111 | CurrentEpReward: 0.000 | RecentReward: 83.836 | QLoss: 0.502327 | ParamLoss: -0.859943 | Epsilon: 0.0200 | Replay: 50000
2026-09-15 14:32:39,171 | INFO | Steps: 57344/150000 | Episodes: 112 | CurrentEpReward: 0.000 | RecentReward: 83.505 | QLoss: 0.449694 | ParamLoss: -0.868362 | Epsilon: 0.0200 | Replay: 50000
2026-09-15 14:32:49,557 | INFO | Steps: 57856/150000 | Episodes: 113 | CurrentEpReward: 0.000 | RecentReward: 84.379 | QLoss: 0.489419 | ParamLoss: -0.874555 | Epsilon: 0.0200 | Replay: 50000
2026-09-15 14:32:59,729 | INFO | Steps: 58368/150000 | Episodes: 114 | CurrentEpReward: 0.000 | RecentReward: 84.177 | QLoss: 0.530441 | ParamLoss: -0.865872 | Epsilon: 0.0200 | Replay: 50000
2026-09-15 14:33:10,023 | INFO | Steps: 58880/150000 | Episodes: 115 | CurrentEpReward: 0.000 | RecentReward: 83.750 | QLoss: 0.481045 | ParamLoss: -0.875229 | Epsilon: 0.0200 | Replay: 50000
2026-09-15 14:33:20,203 | INFO | Steps: 59392/150000 | Episodes: 116 | CurrentEpReward: 0.000 | RecentReward: 84.622 | QLoss: 0.490075 | ParamLoss: -0.873737 | Epsilon: 0.0200 | Replay: 50000
2026-09-15 14:33:30,427 | INFO | Steps: 59904/150000 | Episodes: 117 | CurrentEpReward: 0.000 | RecentReward: 85.410 | QLoss: 0.453091 | ParamLoss: -0.886914 | Epsilon: 0.0200 | Replay: 50000
2026-09-15 14:33:40,613 | INFO | Steps: 60416/150000 | Episodes: 118 | CurrentEpReward: 0.000 | RecentReward: 86.217 | QLoss: 0.438446 | ParamLoss: -0.882226 | Epsilon: 0.0200 | Replay: 50000
2026-09-15 14:33:51,032 | INFO | Steps: 60928/150000 | Episodes: 119 | CurrentEpReward: 0.000 | RecentReward: 87.121 | QLoss: 0.522331 | ParamLoss: -0.894447 | Epsilon: 0.0200 | Replay: 50000
2026-09-15 14:34:01,186 | INFO | Steps: 61440/150000 | Episodes: 120 | CurrentEpReward: 0.000 | RecentReward: 86.737 | QLoss: 0.465417 | ParamLoss: -0.895544 | Epsilon: 0.0200 | Replay: 50000
2026-09-15 14:34:11,434 | INFO | Steps: 61952/150000 | Episodes: 121 | CurrentEpReward: 0.000 | RecentReward: 86.984 | QLoss: 0.572243 | ParamLoss: -0.916723 | Epsilon: 0.0200 | Replay: 50000
2026-09-15 14:34:21,624 | INFO | Steps: 62464/150000 | Episodes: 122 | CurrentEpReward: 0.000 | RecentReward: 87.634 | QLoss: 0.501461 | ParamLoss: -0.916329 | Epsilon: 0.0200 | Replay: 50000
2026-09-15 14:34:31,974 | INFO | Steps: 62976/150000 | Episodes: 123 | CurrentEpReward: 0.000 | RecentReward: 87.557 | QLoss: 0.449547 | ParamLoss: -0.917709 | Epsilon: 0.0200 | Replay: 50000
2026-09-15 14:34:42,213 | INFO | Steps: 63488/150000 | Episodes: 124 | CurrentEpReward: 0.000 | RecentReward: 87.977 | QLoss: 0.470647 | ParamLoss: -0.924687 | Epsilon: 0.0200 | Replay: 50000
2026-09-15 14:34:52,481 | INFO | Steps: 64000/150000 | Episodes: 125 | CurrentEpReward: 0.000 | RecentReward: 87.576 | QLoss: 0.560411 | ParamLoss: -0.926176 | Epsilon: 0.0200 | Replay: 50000
2026-09-15 14:35:02,592 | INFO | Steps: 64512/150000 | Episodes: 126 | CurrentEpReward: 0.000 | RecentReward: 87.264 | QLoss: 0.492742 | ParamLoss: -0.930496 | Epsilon: 0.0200 | Replay: 50000
2026-09-15 14:35:12,906 | INFO | Steps: 65024/150000 | Episodes: 127 | CurrentEpReward: 0.000 | RecentReward: 87.747 | QLoss: 0.465264 | ParamLoss: -0.935657 | Epsilon: 0.0200 | Replay: 50000
2026-09-15 14:35:23,055 | INFO | Steps: 65536/150000 | Episodes: 128 | CurrentEpReward: 0.000 | RecentReward: 86.716 | QLoss: 0.417052 | ParamLoss: -0.943055 | Epsilon: 0.0200 | Replay: 50000
2026-09-15 14:35:33,294 | INFO | Steps: 66048/150000 | Episodes: 129 | CurrentEpReward: 0.000 | RecentReward: 86.025 | QLoss: 0.535361 | ParamLoss: -0.943067 | Epsilon: 0.0200 | Replay: 50000
2026-09-15 14:35:43,562 | INFO | Steps: 66560/150000 | Episodes: 130 | CurrentEpReward: 0.000 | RecentReward: 85.996 | QLoss: 0.570863 | ParamLoss: -0.957136 | Epsilon: 0.0200 | Replay: 50000
2026-09-15 14:35:53,834 | INFO | Steps: 67072/150000 | Episodes: 131 | CurrentEpReward: 0.000 | RecentReward: 86.053 | QLoss: 0.546042 | ParamLoss: -0.961835 | Epsilon: 0.0200 | Replay: 50000
2026-09-15 14:36:04,125 | INFO | Steps: 67584/150000 | Episodes: 132 | CurrentEpReward: 0.000 | RecentReward: 86.915 | QLoss: 0.508350 | ParamLoss: -0.972016 | Epsilon: 0.0200 | Replay: 50000
2026-09-15 14:36:14,342 | INFO | Steps: 68096/150000 | Episodes: 133 | CurrentEpReward: 0.000 | RecentReward: 86.881 | QLoss: 0.529302 | ParamLoss: -0.971767 | Epsilon: 0.0200 | Replay: 50000
2026-09-15 14:36:24,488 | INFO | Steps: 68608/150000 | Episodes: 134 | CurrentEpReward: 0.000 | RecentReward: 86.005 | QLoss: 0.653195 | ParamLoss: -0.981906 | Epsilon: 0.0200 | Replay: 50000
2026-09-15 14:36:34,917 | INFO | Steps: 69120/150000 | Episodes: 135 | CurrentEpReward: 0.000 | RecentReward: 87.161 | QLoss: 0.442566 | ParamLoss: -0.988475 | Epsilon: 0.0200 | Replay: 50000
2026-09-15 14:36:45,212 | INFO | Steps: 69632/150000 | Episodes: 136 | CurrentEpReward: 0.000 | RecentReward: 88.283 | QLoss: 0.489835 | ParamLoss: -0.998565 | Epsilon: 0.0200 | Replay: 50000
2026-09-15 14:36:55,579 | INFO | Steps: 70144/150000 | Episodes: 137 | CurrentEpReward: 0.000 | RecentReward: 88.299 | QLoss: 0.542754 | ParamLoss: -1.003297 | Epsilon: 0.0200 | Replay: 50000
2026-09-15 14:37:05,850 | INFO | Steps: 70656/150000 | Episodes: 138 | CurrentEpReward: 0.000 | RecentReward: 88.669 | QLoss: 0.543416 | ParamLoss: -1.026403 | Epsilon: 0.0200 | Replay: 50000
2026-09-15 14:37:16,023 | INFO | Steps: 71168/150000 | Episodes: 139 | CurrentEpReward: 0.000 | RecentReward: 88.025 | QLoss: 0.537120 | ParamLoss: -1.030887 | Epsilon: 0.0200 | Replay: 50000
2026-09-15 14:37:26,190 | INFO | Steps: 71680/150000 | Episodes: 140 | CurrentEpReward: 0.000 | RecentReward: 87.251 | QLoss: 0.422922 | ParamLoss: -1.038912 | Epsilon: 0.0200 | Replay: 50000
2026-09-15 14:37:36,529 | INFO | Steps: 72192/150000 | Episodes: 141 | CurrentEpReward: 0.000 | RecentReward: 87.548 | QLoss: 0.435471 | ParamLoss: -1.048677 | Epsilon: 0.0200 | Replay: 50000
2026-09-15 14:37:46,749 | INFO | Steps: 72704/150000 | Episodes: 142 | CurrentEpReward: 0.000 | RecentReward: 86.929 | QLoss: 0.569364 | ParamLoss: -1.053828 | Epsilon: 0.0200 | Replay: 50000
2026-09-15 14:37:57,053 | INFO | Steps: 73216/150000 | Episodes: 143 | CurrentEpReward: 0.000 | RecentReward: 87.010 | QLoss: 0.582858 | ParamLoss: -1.074433 | Epsilon: 0.0200 | Replay: 50000
2026-09-15 14:38:07,250 | INFO | Steps: 73728/150000 | Episodes: 144 | CurrentEpReward: 0.000 | RecentReward: 87.969 | QLoss: 0.525334 | ParamLoss: -1.073873 | Epsilon: 0.0200 | Replay: 50000
2026-09-15 14:38:17,509 | INFO | Steps: 74240/150000 | Episodes: 145 | CurrentEpReward: 0.000 | RecentReward: 86.928 | QLoss: 0.634968 | ParamLoss: -1.083581 | Epsilon: 0.0200 | Replay: 50000
2026-09-15 14:38:27,763 | INFO | Steps: 74752/150000 | Episodes: 146 | CurrentEpReward: 0.000 | RecentReward: 85.531 | QLoss: 0.564239 | ParamLoss: -1.096559 | Epsilon: 0.0200 | Replay: 50000
2026-09-15 14:38:38,039 | INFO | Steps: 75264/150000 | Episodes: 147 | CurrentEpReward: 0.000 | RecentReward: 85.694 | QLoss: 0.608962 | ParamLoss: -1.099365 | Epsilon: 0.0200 | Replay: 50000
2026-09-15 14:38:48,255 | INFO | Steps: 75776/150000 | Episodes: 148 | CurrentEpReward: 0.000 | RecentReward: 85.835 | QLoss: 0.554033 | ParamLoss: -1.094606 | Epsilon: 0.0200 | Replay: 50000
2026-09-15 14:38:58,699 | INFO | Steps: 76288/150000 | Episodes: 149 | CurrentEpReward: 0.000 | RecentReward: 86.669 | QLoss: 0.514158 | ParamLoss: -1.104707 | Epsilon: 0.0200 | Replay: 50000
2026-09-15 14:39:08,849 | INFO | Steps: 76800/150000 | Episodes: 150 | CurrentEpReward: 0.000 | RecentReward: 86.906 | QLoss: 0.561088 | ParamLoss: -1.110350 | Epsilon: 0.0200 | Replay: 50000
2026-09-15 14:39:19,163 | INFO | Steps: 77312/150000 | Episodes: 151 | CurrentEpReward: 0.000 | RecentReward: 86.683 | QLoss: 0.501804 | ParamLoss: -1.108319 | Epsilon: 0.0200 | Replay: 50000
2026-09-15 14:39:29,365 | INFO | Steps: 77824/150000 | Episodes: 152 | CurrentEpReward: 0.000 | RecentReward: 86.591 | QLoss: 0.491539 | ParamLoss: -1.122236 | Epsilon: 0.0200 | Replay: 50000
2026-09-15 14:39:39,658 | INFO | Steps: 78336/150000 | Episodes: 153 | CurrentEpReward: 0.000 | RecentReward: 85.448 | QLoss: 0.678314 | ParamLoss: -1.102780 | Epsilon: 0.0200 | Replay: 50000
2026-09-15 14:39:50,059 | INFO | Steps: 78848/150000 | Episodes: 154 | CurrentEpReward: 0.000 | RecentReward: 85.824 | QLoss: 0.600702 | ParamLoss: -1.121198 | Epsilon: 0.0200 | Replay: 50000
2026-09-15 14:40:00,266 | INFO | Steps: 79360/150000 | Episodes: 155 | CurrentEpReward: 0.000 | RecentReward: 85.791 | QLoss: 0.645752 | ParamLoss: -1.110339 | Epsilon: 0.0200 | Replay: 50000
2026-09-15 14:40:10,514 | INFO | Steps: 79872/150000 | Episodes: 156 | CurrentEpReward: 0.000 | RecentReward: 85.951 | QLoss: 0.454052 | ParamLoss: -1.120972 | Epsilon: 0.0200 | Replay: 50000
2026-09-15 14:40:20,699 | INFO | Steps: 80384/150000 | Episodes: 157 | CurrentEpReward: 0.000 | RecentReward: 84.665 | QLoss: 0.556466 | ParamLoss: -1.123142 | Epsilon: 0.0200 | Replay: 50000
2026-09-15 14:40:30,815 | INFO | Steps: 80896/150000 | Episodes: 158 | CurrentEpReward: 0.000 | RecentReward: 84.244 | QLoss: 0.541742 | ParamLoss: -1.125898 | Epsilon: 0.0200 | Replay: 50000
2026-09-15 14:40:41,220 | INFO | Steps: 81408/150000 | Episodes: 159 | CurrentEpReward: 0.000 | RecentReward: 84.986 | QLoss: 0.519133 | ParamLoss: -1.136639 | Epsilon: 0.0200 | Replay: 50000
2026-09-15 14:40:51,631 | INFO | Steps: 81920/150000 | Episodes: 160 | CurrentEpReward: 0.000 | RecentReward: 86.724 | QLoss: 0.520624 | ParamLoss: -1.142315 | Epsilon: 0.0200 | Replay: 50000
2026-09-15 14:41:01,998 | INFO | Steps: 82432/150000 | Episodes: 161 | CurrentEpReward: 0.000 | RecentReward: 87.048 | QLoss: 0.615403 | ParamLoss: -1.141731 | Epsilon: 0.0200 | Replay: 50000
2026-09-15 14:41:12,239 | INFO | Steps: 82944/150000 | Episodes: 162 | CurrentEpReward: 0.000 | RecentReward: 86.732 | QLoss: 0.497414 | ParamLoss: -1.127108 | Epsilon: 0.0200 | Replay: 50000
2026-09-15 14:41:22,465 | INFO | Steps: 83456/150000 | Episodes: 163 | CurrentEpReward: 0.000 | RecentReward: 87.247 | QLoss: 0.554591 | ParamLoss: -1.133913 | Epsilon: 0.0200 | Replay: 50000
2026-09-15 14:41:32,677 | INFO | Steps: 83968/150000 | Episodes: 164 | CurrentEpReward: 0.000 | RecentReward: 86.270 | QLoss: 0.468786 | ParamLoss: -1.146434 | Epsilon: 0.0200 | Replay: 50000
2026-09-15 14:41:42,909 | INFO | Steps: 84480/150000 | Episodes: 165 | CurrentEpReward: 0.000 | RecentReward: 85.310 | QLoss: 0.537392 | ParamLoss: -1.139258 | Epsilon: 0.0200 | Replay: 50000
2026-09-15 14:41:53,177 | INFO | Steps: 84992/150000 | Episodes: 166 | CurrentEpReward: 0.000 | RecentReward: 85.527 | QLoss: 0.475647 | ParamLoss: -1.145634 | Epsilon: 0.0200 | Replay: 50000
2026-09-15 14:42:03,408 | INFO | Steps: 85504/150000 | Episodes: 167 | CurrentEpReward: 0.000 | RecentReward: 86.120 | QLoss: 0.480953 | ParamLoss: -1.162871 | Epsilon: 0.0200 | Replay: 50000
2026-09-15 14:42:13,904 | INFO | Steps: 86016/150000 | Episodes: 168 | CurrentEpReward: 0.000 | RecentReward: 86.436 | QLoss: 0.595086 | ParamLoss: -1.178722 | Epsilon: 0.0200 | Replay: 50000
2026-09-15 14:42:24,130 | INFO | Steps: 86528/150000 | Episodes: 169 | CurrentEpReward: 0.000 | RecentReward: 84.385 | QLoss: 0.566594 | ParamLoss: -1.190455 | Epsilon: 0.0200 | Replay: 50000
2026-09-15 14:42:34,339 | INFO | Steps: 87040/150000 | Episodes: 170 | CurrentEpReward: 0.000 | RecentReward: 83.504 | QLoss: 0.553156 | ParamLoss: -1.189485 | Epsilon: 0.0200 | Replay: 50000
2026-09-15 14:42:44,681 | INFO | Steps: 87552/150000 | Episodes: 171 | CurrentEpReward: 0.000 | RecentReward: 83.583 | QLoss: 0.689109 | ParamLoss: -1.195327 | Epsilon: 0.0200 | Replay: 50000
2026-09-15 14:42:55,051 | INFO | Steps: 88064/150000 | Episodes: 172 | CurrentEpReward: 0.000 | RecentReward: 84.020 | QLoss: 0.634957 | ParamLoss: -1.206706 | Epsilon: 0.0200 | Replay: 50000
2026-09-15 14:43:05,290 | INFO | Steps: 88576/150000 | Episodes: 173 | CurrentEpReward: 0.000 | RecentReward: 84.163 | QLoss: 0.582982 | ParamLoss: -1.217764 | Epsilon: 0.0200 | Replay: 50000
2026-09-15 14:43:15,510 | INFO | Steps: 89088/150000 | Episodes: 174 | CurrentEpReward: 0.000 | RecentReward: 83.464 | QLoss: 0.541670 | ParamLoss: -1.214450 | Epsilon: 0.0200 | Replay: 50000
2026-09-15 14:43:25,691 | INFO | Steps: 89600/150000 | Episodes: 175 | CurrentEpReward: 0.000 | RecentReward: 83.807 | QLoss: 0.532300 | ParamLoss: -1.225041 | Epsilon: 0.0200 | Replay: 50000
2026-09-15 14:43:35,915 | INFO | Steps: 90112/150000 | Episodes: 176 | CurrentEpReward: 0.000 | RecentReward: 83.352 | QLoss: 0.626215 | ParamLoss: -1.250283 | Epsilon: 0.0200 | Replay: 50000
2026-09-15 14:43:46,062 | INFO | Steps: 90624/150000 | Episodes: 177 | CurrentEpReward: 0.000 | RecentReward: 82.590 | QLoss: 0.523540 | ParamLoss: -1.245685 | Epsilon: 0.0200 | Replay: 50000
2026-09-15 14:43:56,298 | INFO | Steps: 91136/150000 | Episodes: 178 | CurrentEpReward: 0.000 | RecentReward: 82.745 | QLoss: 0.509075 | ParamLoss: -1.230181 | Epsilon: 0.0200 | Replay: 50000
2026-09-15 14:44:06,587 | INFO | Steps: 91648/150000 | Episodes: 179 | CurrentEpReward: 0.000 | RecentReward: 83.868 | QLoss: 0.475344 | ParamLoss: -1.234142 | Epsilon: 0.0200 | Replay: 50000
2026-09-15 14:44:16,882 | INFO | Steps: 92160/150000 | Episodes: 180 | CurrentEpReward: 0.000 | RecentReward: 83.921 | QLoss: 0.546495 | ParamLoss: -1.236696 | Epsilon: 0.0200 | Replay: 50000
2026-09-15 14:44:27,279 | INFO | Steps: 92672/150000 | Episodes: 181 | CurrentEpReward: 0.000 | RecentReward: 84.179 | QLoss: 0.583693 | ParamLoss: -1.248759 | Epsilon: 0.0200 | Replay: 50000
2026-09-15 14:44:37,510 | INFO | Steps: 93184/150000 | Episodes: 182 | CurrentEpReward: 0.000 | RecentReward: 82.627 | QLoss: 0.612628 | ParamLoss: -1.237667 | Epsilon: 0.0200 | Replay: 50000
2026-09-15 14:44:47,780 | INFO | Steps: 93696/150000 | Episodes: 183 | CurrentEpReward: 0.000 | RecentReward: 82.744 | QLoss: 0.602375 | ParamLoss: -1.241671 | Epsilon: 0.0200 | Replay: 50000
2026-09-15 14:44:58,113 | INFO | Steps: 94208/150000 | Episodes: 184 | CurrentEpReward: 0.000 | RecentReward: 83.209 | QLoss: 0.500269 | ParamLoss: -1.253512 | Epsilon: 0.0200 | Replay: 50000
2026-09-15 14:45:08,417 | INFO | Steps: 94720/150000 | Episodes: 185 | CurrentEpReward: 0.000 | RecentReward: 83.579 | QLoss: 0.470730 | ParamLoss: -1.249355 | Epsilon: 0.0200 | Replay: 50000
2026-09-15 14:45:18,630 | INFO | Steps: 95232/150000 | Episodes: 186 | CurrentEpReward: 0.000 | RecentReward: 83.625 | QLoss: 0.569784 | ParamLoss: -1.248370 | Epsilon: 0.0200 | Replay: 50000
2026-09-15 14:45:28,874 | INFO | Steps: 95744/150000 | Episodes: 187 | CurrentEpReward: 0.000 | RecentReward: 84.380 | QLoss: 0.593492 | ParamLoss: -1.265488 | Epsilon: 0.0200 | Replay: 50000
2026-09-15 14:45:39,097 | INFO | Steps: 96256/150000 | Episodes: 188 | CurrentEpReward: 0.000 | RecentReward: 83.845 | QLoss: 0.566543 | ParamLoss: -1.260938 | Epsilon: 0.0200 | Replay: 50000
2026-09-15 14:45:49,544 | INFO | Steps: 96768/150000 | Episodes: 189 | CurrentEpReward: 0.000 | RecentReward: 84.843 | QLoss: 0.486857 | ParamLoss: -1.262616 | Epsilon: 0.0200 | Replay: 50000
2026-09-15 14:45:59,788 | INFO | Steps: 97280/150000 | Episodes: 190 | CurrentEpReward: 0.000 | RecentReward: 84.601 | QLoss: 0.453830 | ParamLoss: -1.268241 | Epsilon: 0.0200 | Replay: 50000
2026-09-15 14:46:10,081 | INFO | Steps: 97792/150000 | Episodes: 191 | CurrentEpReward: 0.000 | RecentReward: 84.049 | QLoss: 0.457674 | ParamLoss: -1.272799 | Epsilon: 0.0200 | Replay: 50000
2026-09-15 14:46:20,384 | INFO | Steps: 98304/150000 | Episodes: 192 | CurrentEpReward: 0.000 | RecentReward: 84.840 | QLoss: 0.594821 | ParamLoss: -1.289169 | Epsilon: 0.0200 | Replay: 50000
2026-09-15 14:46:30,622 | INFO | Steps: 98816/150000 | Episodes: 193 | CurrentEpReward: 0.000 | RecentReward: 84.687 | QLoss: 0.596898 | ParamLoss: -1.283494 | Epsilon: 0.0200 | Replay: 50000
2026-09-15 14:46:40,940 | INFO | Steps: 99328/150000 | Episodes: 194 | CurrentEpReward: 0.000 | RecentReward: 85.604 | QLoss: 0.544771 | ParamLoss: -1.276162 | Epsilon: 0.0200 | Replay: 50000
2026-09-15 14:46:51,196 | INFO | Steps: 99840/150000 | Episodes: 195 | CurrentEpReward: 0.000 | RecentReward: 85.594 | QLoss: 0.502132 | ParamLoss: -1.294271 | Epsilon: 0.0200 | Replay: 50000
2026-09-15 14:47:16,127 | INFO | 新的最佳模型 (reward): 90.395，保存至 /home/pjpjq/LEO_switch/results/multiseed_0907/seed46/u25/learned_baselines/pdqn/best_model.pt
2026-09-15 14:47:16,133 | INFO | 周期权重已保存: /home/pjpjq/LEO_switch/results/multiseed_0907/seed46/u25/learned_baselines/pdqn/checkpoint_100000.pt
2026-09-15 14:47:23,253 | INFO | Steps: 100352/150000 | Episodes: 196 | CurrentEpReward: 0.000 | RecentReward: 86.836 | QLoss: 0.576235 | ParamLoss: -1.282921 | Epsilon: 0.0200 | Replay: 50000
2026-09-15 14:47:33,439 | INFO | Steps: 100864/150000 | Episodes: 197 | CurrentEpReward: 0.000 | RecentReward: 85.684 | QLoss: 0.656707 | ParamLoss: -1.290943 | Epsilon: 0.0200 | Replay: 50000
2026-09-15 14:47:43,658 | INFO | Steps: 101376/150000 | Episodes: 198 | CurrentEpReward: 0.000 | RecentReward: 85.658 | QLoss: 0.521848 | ParamLoss: -1.289751 | Epsilon: 0.0200 | Replay: 50000
2026-09-15 14:47:53,952 | INFO | Steps: 101888/150000 | Episodes: 199 | CurrentEpReward: 0.000 | RecentReward: 84.705 | QLoss: 0.466081 | ParamLoss: -1.291626 | Epsilon: 0.0200 | Replay: 50000
2026-09-15 14:48:04,199 | INFO | Steps: 102400/150000 | Episodes: 200 | CurrentEpReward: 0.000 | RecentReward: 84.760 | QLoss: 0.546286 | ParamLoss: -1.298325 | Epsilon: 0.0200 | Replay: 50000
2026-09-15 14:48:14,322 | INFO | Steps: 102912/150000 | Episodes: 201 | CurrentEpReward: 0.000 | RecentReward: 83.619 | QLoss: 0.655354 | ParamLoss: -1.307358 | Epsilon: 0.0200 | Replay: 50000
2026-09-15 14:48:24,644 | INFO | Steps: 103424/150000 | Episodes: 202 | CurrentEpReward: 0.000 | RecentReward: 84.658 | QLoss: 0.586329 | ParamLoss: -1.304813 | Epsilon: 0.0200 | Replay: 50000
2026-09-15 14:48:34,802 | INFO | Steps: 103936/150000 | Episodes: 203 | CurrentEpReward: 0.000 | RecentReward: 83.997 | QLoss: 0.703341 | ParamLoss: -1.304330 | Epsilon: 0.0200 | Replay: 50000
2026-09-15 14:48:45,029 | INFO | Steps: 104448/150000 | Episodes: 204 | CurrentEpReward: 0.000 | RecentReward: 83.691 | QLoss: 0.649596 | ParamLoss: -1.308359 | Epsilon: 0.0200 | Replay: 50000
2026-09-15 14:48:55,171 | INFO | Steps: 104960/150000 | Episodes: 205 | CurrentEpReward: 0.000 | RecentReward: 83.529 | QLoss: 0.649450 | ParamLoss: -1.303016 | Epsilon: 0.0200 | Replay: 50000
2026-09-15 14:49:05,313 | INFO | Steps: 105472/150000 | Episodes: 206 | CurrentEpReward: 0.000 | RecentReward: 82.832 | QLoss: 0.464628 | ParamLoss: -1.314048 | Epsilon: 0.0200 | Replay: 50000
2026-09-15 14:49:15,692 | INFO | Steps: 105984/150000 | Episodes: 207 | CurrentEpReward: 0.000 | RecentReward: 84.292 | QLoss: 0.671301 | ParamLoss: -1.319966 | Epsilon: 0.0200 | Replay: 50000
2026-09-15 14:49:25,936 | INFO | Steps: 106496/150000 | Episodes: 208 | CurrentEpReward: 0.000 | RecentReward: 84.244 | QLoss: 0.620367 | ParamLoss: -1.313452 | Epsilon: 0.0200 | Replay: 50000
2026-09-15 14:49:36,104 | INFO | Steps: 107008/150000 | Episodes: 209 | CurrentEpReward: 0.000 | RecentReward: 83.686 | QLoss: 0.599868 | ParamLoss: -1.322345 | Epsilon: 0.0200 | Replay: 50000
2026-09-15 14:49:46,390 | INFO | Steps: 107520/150000 | Episodes: 210 | CurrentEpReward: 0.000 | RecentReward: 83.663 | QLoss: 0.583942 | ParamLoss: -1.322766 | Epsilon: 0.0200 | Replay: 50000
2026-09-15 14:49:56,632 | INFO | Steps: 108032/150000 | Episodes: 211 | CurrentEpReward: 0.000 | RecentReward: 84.252 | QLoss: 0.465810 | ParamLoss: -1.325789 | Epsilon: 0.0200 | Replay: 50000
2026-09-15 14:50:06,920 | INFO | Steps: 108544/150000 | Episodes: 212 | CurrentEpReward: 0.000 | RecentReward: 83.648 | QLoss: 0.579692 | ParamLoss: -1.337259 | Epsilon: 0.0200 | Replay: 50000
2026-09-15 14:50:17,383 | INFO | Steps: 109056/150000 | Episodes: 213 | CurrentEpReward: 0.000 | RecentReward: 85.148 | QLoss: 0.621230 | ParamLoss: -1.346367 | Epsilon: 0.0200 | Replay: 50000
2026-09-15 14:50:27,682 | INFO | Steps: 109568/150000 | Episodes: 214 | CurrentEpReward: 0.000 | RecentReward: 84.709 | QLoss: 0.677323 | ParamLoss: -1.339675 | Epsilon: 0.0200 | Replay: 50000
2026-09-15 14:50:37,861 | INFO | Steps: 110080/150000 | Episodes: 215 | CurrentEpReward: 0.000 | RecentReward: 84.090 | QLoss: 0.573510 | ParamLoss: -1.331833 | Epsilon: 0.0200 | Replay: 50000
2026-09-15 14:50:48,186 | INFO | Steps: 110592/150000 | Episodes: 216 | CurrentEpReward: 0.000 | RecentReward: 84.499 | QLoss: 0.505712 | ParamLoss: -1.332857 | Epsilon: 0.0200 | Replay: 50000
2026-09-15 14:50:58,392 | INFO | Steps: 111104/150000 | Episodes: 217 | CurrentEpReward: 0.000 | RecentReward: 83.902 | QLoss: 0.587902 | ParamLoss: -1.327248 | Epsilon: 0.0200 | Replay: 50000
2026-09-15 14:51:08,601 | INFO | Steps: 111616/150000 | Episodes: 218 | CurrentEpReward: 0.000 | RecentReward: 83.541 | QLoss: 0.486183 | ParamLoss: -1.336060 | Epsilon: 0.0200 | Replay: 50000
2026-09-15 14:51:18,863 | INFO | Steps: 112128/150000 | Episodes: 219 | CurrentEpReward: 0.000 | RecentReward: 83.605 | QLoss: 0.678758 | ParamLoss: -1.335902 | Epsilon: 0.0200 | Replay: 50000
2026-09-15 14:51:29,101 | INFO | Steps: 112640/150000 | Episodes: 220 | CurrentEpReward: 0.000 | RecentReward: 84.265 | QLoss: 0.605335 | ParamLoss: -1.351764 | Epsilon: 0.0200 | Replay: 50000
2026-09-15 14:51:39,296 | INFO | Steps: 113152/150000 | Episodes: 221 | CurrentEpReward: 0.000 | RecentReward: 84.777 | QLoss: 0.793532 | ParamLoss: -1.346059 | Epsilon: 0.0200 | Replay: 50000
2026-09-15 14:51:49,410 | INFO | Steps: 113664/150000 | Episodes: 222 | CurrentEpReward: 0.000 | RecentReward: 83.985 | QLoss: 0.503173 | ParamLoss: -1.351925 | Epsilon: 0.0200 | Replay: 50000
2026-09-15 14:51:59,631 | INFO | Steps: 114176/150000 | Episodes: 223 | CurrentEpReward: 0.000 | RecentReward: 83.194 | QLoss: 0.625648 | ParamLoss: -1.349222 | Epsilon: 0.0200 | Replay: 50000
2026-09-15 14:52:09,914 | INFO | Steps: 114688/150000 | Episodes: 224 | CurrentEpReward: 0.000 | RecentReward: 84.185 | QLoss: 0.585640 | ParamLoss: -1.363772 | Epsilon: 0.0200 | Replay: 50000
2026-09-15 14:52:20,278 | INFO | Steps: 115200/150000 | Episodes: 225 | CurrentEpReward: 0.000 | RecentReward: 85.477 | QLoss: 0.676643 | ParamLoss: -1.361046 | Epsilon: 0.0200 | Replay: 50000
2026-09-15 14:52:30,606 | INFO | Steps: 115712/150000 | Episodes: 226 | CurrentEpReward: 0.000 | RecentReward: 85.899 | QLoss: 0.723352 | ParamLoss: -1.370737 | Epsilon: 0.0200 | Replay: 50000
2026-09-15 14:52:40,797 | INFO | Steps: 116224/150000 | Episodes: 227 | CurrentEpReward: 0.000 | RecentReward: 86.278 | QLoss: 0.782373 | ParamLoss: -1.365721 | Epsilon: 0.0200 | Replay: 50000
2026-09-15 14:52:50,974 | INFO | Steps: 116736/150000 | Episodes: 228 | CurrentEpReward: 0.000 | RecentReward: 87.203 | QLoss: 0.527091 | ParamLoss: -1.368016 | Epsilon: 0.0200 | Replay: 50000
2026-09-15 14:53:01,221 | INFO | Steps: 117248/150000 | Episodes: 229 | CurrentEpReward: 0.000 | RecentReward: 87.320 | QLoss: 0.637395 | ParamLoss: -1.363606 | Epsilon: 0.0200 | Replay: 50000
2026-09-15 14:53:11,468 | INFO | Steps: 117760/150000 | Episodes: 230 | CurrentEpReward: 0.000 | RecentReward: 87.036 | QLoss: 0.588434 | ParamLoss: -1.355632 | Epsilon: 0.0200 | Replay: 50000
2026-09-15 14:53:21,736 | INFO | Steps: 118272/150000 | Episodes: 231 | CurrentEpReward: 0.000 | RecentReward: 86.693 | QLoss: 0.619725 | ParamLoss: -1.356338 | Epsilon: 0.0200 | Replay: 50000
2026-09-15 14:53:31,907 | INFO | Steps: 118784/150000 | Episodes: 232 | CurrentEpReward: 0.000 | RecentReward: 87.628 | QLoss: 0.654847 | ParamLoss: -1.366943 | Epsilon: 0.0200 | Replay: 50000
2026-09-15 14:53:42,297 | INFO | Steps: 119296/150000 | Episodes: 233 | CurrentEpReward: 0.000 | RecentReward: 88.144 | QLoss: 0.645841 | ParamLoss: -1.364687 | Epsilon: 0.0200 | Replay: 50000
2026-09-15 14:53:52,478 | INFO | Steps: 119808/150000 | Episodes: 234 | CurrentEpReward: 0.000 | RecentReward: 87.342 | QLoss: 0.567471 | ParamLoss: -1.347762 | Epsilon: 0.0200 | Replay: 50000
2026-09-15 14:54:02,628 | INFO | Steps: 120320/150000 | Episodes: 235 | CurrentEpReward: 0.000 | RecentReward: 86.756 | QLoss: 0.805516 | ParamLoss: -1.353936 | Epsilon: 0.0200 | Replay: 50000
2026-09-15 14:54:12,872 | INFO | Steps: 120832/150000 | Episodes: 236 | CurrentEpReward: 0.000 | RecentReward: 86.483 | QLoss: 0.488303 | ParamLoss: -1.350683 | Epsilon: 0.0200 | Replay: 50000
2026-09-15 14:54:23,225 | INFO | Steps: 121344/150000 | Episodes: 237 | CurrentEpReward: 0.000 | RecentReward: 86.749 | QLoss: 0.609186 | ParamLoss: -1.362184 | Epsilon: 0.0200 | Replay: 50000
2026-09-15 14:54:33,462 | INFO | Steps: 121856/150000 | Episodes: 238 | CurrentEpReward: 0.000 | RecentReward: 87.334 | QLoss: 0.578498 | ParamLoss: -1.370890 | Epsilon: 0.0200 | Replay: 50000
2026-09-15 14:54:43,574 | INFO | Steps: 122368/150000 | Episodes: 239 | CurrentEpReward: 0.000 | RecentReward: 87.290 | QLoss: 0.690935 | ParamLoss: -1.363879 | Epsilon: 0.0200 | Replay: 50000
2026-09-15 14:54:53,915 | INFO | Steps: 122880/150000 | Episodes: 240 | CurrentEpReward: 0.000 | RecentReward: 87.630 | QLoss: 0.631248 | ParamLoss: -1.366018 | Epsilon: 0.0200 | Replay: 50000
2026-09-15 14:55:04,367 | INFO | Steps: 123392/150000 | Episodes: 241 | CurrentEpReward: 0.000 | RecentReward: 88.596 | QLoss: 0.715698 | ParamLoss: -1.362936 | Epsilon: 0.0200 | Replay: 50000
2026-09-15 14:55:14,619 | INFO | Steps: 123904/150000 | Episodes: 242 | CurrentEpReward: 0.000 | RecentReward: 88.258 | QLoss: 0.680584 | ParamLoss: -1.373765 | Epsilon: 0.0200 | Replay: 50000
2026-09-15 14:55:24,874 | INFO | Steps: 124416/150000 | Episodes: 243 | CurrentEpReward: 0.000 | RecentReward: 88.414 | QLoss: 0.643055 | ParamLoss: -1.362559 | Epsilon: 0.0200 | Replay: 50000
2026-09-15 14:55:35,197 | INFO | Steps: 124928/150000 | Episodes: 244 | CurrentEpReward: 0.000 | RecentReward: 89.157 | QLoss: 0.672395 | ParamLoss: -1.383487 | Epsilon: 0.0200 | Replay: 50000
2026-09-15 14:55:45,622 | INFO | Steps: 125440/150000 | Episodes: 245 | CurrentEpReward: 0.000 | RecentReward: 90.204 | QLoss: 0.674962 | ParamLoss: -1.388848 | Epsilon: 0.0200 | Replay: 50000
2026-09-15 14:55:55,766 | INFO | Steps: 125952/150000 | Episodes: 246 | CurrentEpReward: 0.000 | RecentReward: 89.619 | QLoss: 0.770543 | ParamLoss: -1.391098 | Epsilon: 0.0200 | Replay: 50000
2026-09-15 14:56:05,955 | INFO | Steps: 126464/150000 | Episodes: 247 | CurrentEpReward: 0.000 | RecentReward: 88.748 | QLoss: 0.709564 | ParamLoss: -1.397209 | Epsilon: 0.0200 | Replay: 50000
2026-09-15 14:56:16,141 | INFO | Steps: 126976/150000 | Episodes: 248 | CurrentEpReward: 0.000 | RecentReward: 87.648 | QLoss: 0.753110 | ParamLoss: -1.390153 | Epsilon: 0.0200 | Replay: 50000
2026-09-15 14:56:26,441 | INFO | Steps: 127488/150000 | Episodes: 249 | CurrentEpReward: 0.000 | RecentReward: 88.126 | QLoss: 0.709132 | ParamLoss: -1.405835 | Epsilon: 0.0200 | Replay: 50000
2026-09-15 14:56:36,789 | INFO | Steps: 128000/150000 | Episodes: 250 | CurrentEpReward: 0.000 | RecentReward: 87.423 | QLoss: 0.502144 | ParamLoss: -1.406344 | Epsilon: 0.0200 | Replay: 50000
2026-09-15 14:56:47,084 | INFO | Steps: 128512/150000 | Episodes: 251 | CurrentEpReward: 0.000 | RecentReward: 86.397 | QLoss: 0.595453 | ParamLoss: -1.411450 | Epsilon: 0.0200 | Replay: 50000
2026-09-15 14:56:57,312 | INFO | Steps: 129024/150000 | Episodes: 252 | CurrentEpReward: 0.000 | RecentReward: 86.260 | QLoss: 0.717195 | ParamLoss: -1.417311 | Epsilon: 0.0200 | Replay: 50000
2026-09-15 14:57:07,675 | INFO | Steps: 129536/150000 | Episodes: 253 | CurrentEpReward: 0.000 | RecentReward: 85.983 | QLoss: 0.789505 | ParamLoss: -1.416141 | Epsilon: 0.0200 | Replay: 50000
2026-09-15 14:57:17,876 | INFO | Steps: 130048/150000 | Episodes: 254 | CurrentEpReward: 0.000 | RecentReward: 85.431 | QLoss: 0.761678 | ParamLoss: -1.419991 | Epsilon: 0.0200 | Replay: 50000
2026-09-15 14:57:28,052 | INFO | Steps: 130560/150000 | Episodes: 255 | CurrentEpReward: 0.000 | RecentReward: 84.135 | QLoss: 0.529140 | ParamLoss: -1.426969 | Epsilon: 0.0200 | Replay: 50000
2026-09-15 14:57:38,463 | INFO | Steps: 131072/150000 | Episodes: 256 | CurrentEpReward: 0.000 | RecentReward: 83.680 | QLoss: 0.757439 | ParamLoss: -1.440562 | Epsilon: 0.0200 | Replay: 50000
2026-09-15 14:57:48,661 | INFO | Steps: 131584/150000 | Episodes: 257 | CurrentEpReward: 0.000 | RecentReward: 84.059 | QLoss: 0.742898 | ParamLoss: -1.443537 | Epsilon: 0.0200 | Replay: 50000
2026-09-15 14:57:58,870 | INFO | Steps: 132096/150000 | Episodes: 258 | CurrentEpReward: 0.000 | RecentReward: 84.042 | QLoss: 0.756983 | ParamLoss: -1.451133 | Epsilon: 0.0200 | Replay: 50000
2026-09-15 14:58:09,121 | INFO | Steps: 132608/150000 | Episodes: 259 | CurrentEpReward: 0.000 | RecentReward: 83.904 | QLoss: 0.718798 | ParamLoss: -1.449546 | Epsilon: 0.0200 | Replay: 50000
2026-09-15 14:58:19,376 | INFO | Steps: 133120/150000 | Episodes: 260 | CurrentEpReward: 0.000 | RecentReward: 84.429 | QLoss: 0.756248 | ParamLoss: -1.445324 | Epsilon: 0.0200 | Replay: 50000
2026-09-15 14:58:29,660 | INFO | Steps: 133632/150000 | Episodes: 261 | CurrentEpReward: 0.000 | RecentReward: 84.757 | QLoss: 0.683305 | ParamLoss: -1.444754 | Epsilon: 0.0200 | Replay: 50000
2026-09-15 14:58:39,879 | INFO | Steps: 134144/150000 | Episodes: 262 | CurrentEpReward: 0.000 | RecentReward: 84.450 | QLoss: 0.706471 | ParamLoss: -1.442057 | Epsilon: 0.0200 | Replay: 50000
2026-09-15 14:58:50,304 | INFO | Steps: 134656/150000 | Episodes: 263 | CurrentEpReward: 0.000 | RecentReward: 84.572 | QLoss: 0.698149 | ParamLoss: -1.442718 | Epsilon: 0.0200 | Replay: 50000
2026-09-15 14:59:00,588 | INFO | Steps: 135168/150000 | Episodes: 264 | CurrentEpReward: 0.000 | RecentReward: 84.508 | QLoss: 0.661511 | ParamLoss: -1.451023 | Epsilon: 0.0200 | Replay: 50000
2026-09-15 14:59:10,793 | INFO | Steps: 135680/150000 | Episodes: 265 | CurrentEpReward: 0.000 | RecentReward: 84.825 | QLoss: 0.953131 | ParamLoss: -1.452628 | Epsilon: 0.0200 | Replay: 50000
2026-09-15 14:59:21,142 | INFO | Steps: 136192/150000 | Episodes: 266 | CurrentEpReward: 0.000 | RecentReward: 85.685 | QLoss: 0.821944 | ParamLoss: -1.452567 | Epsilon: 0.0200 | Replay: 50000
2026-09-15 14:59:31,377 | INFO | Steps: 136704/150000 | Episodes: 267 | CurrentEpReward: 0.000 | RecentReward: 85.429 | QLoss: 0.822926 | ParamLoss: -1.464908 | Epsilon: 0.0200 | Replay: 50000
2026-09-15 14:59:41,672 | INFO | Steps: 137216/150000 | Episodes: 268 | CurrentEpReward: 0.000 | RecentReward: 85.965 | QLoss: 0.576432 | ParamLoss: -1.459478 | Epsilon: 0.0200 | Replay: 50000
2026-09-15 14:59:51,898 | INFO | Steps: 137728/150000 | Episodes: 269 | CurrentEpReward: 0.000 | RecentReward: 84.831 | QLoss: 0.795985 | ParamLoss: -1.453381 | Epsilon: 0.0200 | Replay: 50000
2026-09-15 15:00:02,147 | INFO | Steps: 138240/150000 | Episodes: 270 | CurrentEpReward: 0.000 | RecentReward: 84.003 | QLoss: 0.528925 | ParamLoss: -1.453111 | Epsilon: 0.0200 | Replay: 50000
2026-09-15 15:00:12,444 | INFO | Steps: 138752/150000 | Episodes: 271 | CurrentEpReward: 0.000 | RecentReward: 83.524 | QLoss: 0.733874 | ParamLoss: -1.467720 | Epsilon: 0.0200 | Replay: 50000
2026-09-15 15:00:22,622 | INFO | Steps: 139264/150000 | Episodes: 272 | CurrentEpReward: 0.000 | RecentReward: 84.080 | QLoss: 0.745743 | ParamLoss: -1.461247 | Epsilon: 0.0200 | Replay: 50000
2026-09-15 15:00:32,851 | INFO | Steps: 139776/150000 | Episodes: 273 | CurrentEpReward: 0.000 | RecentReward: 84.073 | QLoss: 0.898717 | ParamLoss: -1.457651 | Epsilon: 0.0200 | Replay: 50000
2026-09-15 15:00:43,239 | INFO | Steps: 140288/150000 | Episodes: 274 | CurrentEpReward: 0.000 | RecentReward: 84.300 | QLoss: 0.859843 | ParamLoss: -1.456025 | Epsilon: 0.0200 | Replay: 50000
2026-09-15 15:00:53,423 | INFO | Steps: 140800/150000 | Episodes: 275 | CurrentEpReward: 0.000 | RecentReward: 84.008 | QLoss: 0.845017 | ParamLoss: -1.463755 | Epsilon: 0.0200 | Replay: 50000
2026-09-15 15:01:03,705 | INFO | Steps: 141312/150000 | Episodes: 276 | CurrentEpReward: 0.000 | RecentReward: 83.893 | QLoss: 0.778922 | ParamLoss: -1.480381 | Epsilon: 0.0200 | Replay: 50000
2026-09-15 15:01:13,919 | INFO | Steps: 141824/150000 | Episodes: 277 | CurrentEpReward: 0.000 | RecentReward: 83.977 | QLoss: 0.835268 | ParamLoss: -1.487269 | Epsilon: 0.0200 | Replay: 50000
2026-09-15 15:01:24,093 | INFO | Steps: 142336/150000 | Episodes: 278 | CurrentEpReward: 0.000 | RecentReward: 83.745 | QLoss: 0.625579 | ParamLoss: -1.474709 | Epsilon: 0.0200 | Replay: 50000
2026-09-15 15:01:34,415 | INFO | Steps: 142848/150000 | Episodes: 279 | CurrentEpReward: 0.000 | RecentReward: 84.753 | QLoss: 0.717824 | ParamLoss: -1.484397 | Epsilon: 0.0200 | Replay: 50000
2026-09-15 15:01:44,566 | INFO | Steps: 143360/150000 | Episodes: 280 | CurrentEpReward: 0.000 | RecentReward: 84.106 | QLoss: 0.702802 | ParamLoss: -1.497989 | Epsilon: 0.0200 | Replay: 50000
2026-09-15 15:01:54,748 | INFO | Steps: 143872/150000 | Episodes: 281 | CurrentEpReward: 0.000 | RecentReward: 85.129 | QLoss: 0.666666 | ParamLoss: -1.492920 | Epsilon: 0.0200 | Replay: 50000
2026-09-15 15:02:04,921 | INFO | Steps: 144384/150000 | Episodes: 282 | CurrentEpReward: 0.000 | RecentReward: 84.422 | QLoss: 0.616822 | ParamLoss: -1.496111 | Epsilon: 0.0200 | Replay: 50000
2026-09-15 15:02:15,124 | INFO | Steps: 144896/150000 | Episodes: 283 | CurrentEpReward: 0.000 | RecentReward: 83.627 | QLoss: 0.672646 | ParamLoss: -1.484537 | Epsilon: 0.0200 | Replay: 50000
2026-09-15 15:02:25,356 | INFO | Steps: 145408/150000 | Episodes: 284 | CurrentEpReward: 0.000 | RecentReward: 82.588 | QLoss: 0.768561 | ParamLoss: -1.489388 | Epsilon: 0.0200 | Replay: 50000
2026-09-15 15:02:35,612 | INFO | Steps: 145920/150000 | Episodes: 285 | CurrentEpReward: 0.000 | RecentReward: 82.672 | QLoss: 0.848947 | ParamLoss: -1.486808 | Epsilon: 0.0200 | Replay: 50000
2026-09-15 15:02:45,974 | INFO | Steps: 146432/150000 | Episodes: 286 | CurrentEpReward: 0.000 | RecentReward: 83.096 | QLoss: 0.714470 | ParamLoss: -1.486074 | Epsilon: 0.0200 | Replay: 50000
2026-09-15 15:02:56,296 | INFO | Steps: 146944/150000 | Episodes: 287 | CurrentEpReward: 0.000 | RecentReward: 82.718 | QLoss: 0.684010 | ParamLoss: -1.481115 | Epsilon: 0.0200 | Replay: 50000
2026-09-15 15:03:06,686 | INFO | Steps: 147456/150000 | Episodes: 288 | CurrentEpReward: 0.000 | RecentReward: 83.344 | QLoss: 0.899342 | ParamLoss: -1.480135 | Epsilon: 0.0200 | Replay: 50000
2026-09-15 15:03:17,012 | INFO | Steps: 147968/150000 | Episodes: 289 | CurrentEpReward: 0.000 | RecentReward: 83.093 | QLoss: 0.639424 | ParamLoss: -1.482710 | Epsilon: 0.0200 | Replay: 50000
2026-09-15 15:03:27,403 | INFO | Steps: 148480/150000 | Episodes: 290 | CurrentEpReward: 0.000 | RecentReward: 84.390 | QLoss: 0.903014 | ParamLoss: -1.487915 | Epsilon: 0.0200 | Replay: 50000
2026-09-15 15:03:37,786 | INFO | Steps: 148992/150000 | Episodes: 291 | CurrentEpReward: 0.000 | RecentReward: 84.426 | QLoss: 0.819526 | ParamLoss: -1.492567 | Epsilon: 0.0200 | Replay: 50000
2026-09-15 15:03:47,925 | INFO | Steps: 149504/150000 | Episodes: 292 | CurrentEpReward: 0.000 | RecentReward: 83.886 | QLoss: 0.727441 | ParamLoss: -1.491173 | Epsilon: 0.0200 | Replay: 50000
2026-09-15 15:03:57,803 | INFO | Steps: 150000/150000 | Episodes: 292 | CurrentEpReward: 84.654 | RecentReward: 83.886 | QLoss: 0.750849 | ParamLoss: -1.487552 | Epsilon: 0.0200 | Replay: 50000
2026-09-15 15:04:19,529 | INFO | 周期权重已保存: /home/pjpjq/LEO_switch/results/multiseed_0907/seed46/u25/learned_baselines/pdqn/checkpoint_150000.pt
2026-09-15 15:04:19,554 | INFO | 最终权重已保存: /home/pjpjq/LEO_switch/results/multiseed_0907/seed46/u25/learned_baselines/pdqn/pdqn_model.pt
2026-09-15 15:04:41,211 | INFO | 训练与评估完成 | EvalReward: 90.395 ± 3.098
