2026-09-13 04:51:28,250 | INFO | ============================================================
2026-09-13 04:51:28,250 | INFO | 开始训练纯 PDQN 基线
2026-09-13 04:51:28,250 | INFO | 总步数: 150000 | warmup: 1000 | batch: 128 | 日志间隔: 512 steps | 保存间隔: 50000 steps | device: cuda
2026-09-13 04:51:28,250 | INFO | ============================================================
2026-09-13 04:51:32,140 | INFO | Steps: 512/150000 | Episodes: 1 | CurrentEpReward: 0.000 | RecentReward: -6.943 | QLoss: 0.000000 | ParamLoss: 0.000000 | Epsilon: 1.0000 | Replay: 512
2026-09-13 04:51:36,371 | INFO | Steps: 1024/150000 | Episodes: 2 | CurrentEpReward: 0.000 | RecentReward: -4.927 | QLoss: 0.168714 | ParamLoss: -0.013248 | Epsilon: 0.9993 | Replay: 1024
2026-09-13 04:51:46,868 | INFO | Steps: 1536/150000 | Episodes: 3 | CurrentEpReward: 0.000 | RecentReward: -2.855 | QLoss: 0.161731 | ParamLoss: -0.020939 | Epsilon: 0.9860 | Replay: 1536
2026-09-13 04:51:56,781 | INFO | Steps: 2048/150000 | Episodes: 4 | CurrentEpReward: 0.000 | RecentReward: -3.615 | QLoss: 0.169549 | ParamLoss: -0.030039 | Epsilon: 0.9726 | Replay: 2048
2026-09-13 04:52:07,095 | INFO | Steps: 2560/150000 | Episodes: 5 | CurrentEpReward: 0.000 | RecentReward: -2.995 | QLoss: 0.172986 | ParamLoss: -0.038146 | Epsilon: 0.9592 | Replay: 2560
2026-09-13 04:52:17,393 | INFO | Steps: 3072/150000 | Episodes: 6 | CurrentEpReward: 0.000 | RecentReward: -2.820 | QLoss: 0.176146 | ParamLoss: -0.044447 | Epsilon: 0.9458 | Replay: 3072
2026-09-13 04:52:27,390 | INFO | Steps: 3584/150000 | Episodes: 7 | CurrentEpReward: 0.000 | RecentReward: -4.195 | QLoss: 0.180142 | ParamLoss: -0.051720 | Epsilon: 0.9324 | Replay: 3584
2026-09-13 04:52:37,687 | INFO | Steps: 4096/150000 | Episodes: 8 | CurrentEpReward: 0.000 | RecentReward: -4.548 | QLoss: 0.178008 | ParamLoss: -0.058628 | Epsilon: 0.9191 | Replay: 4096
2026-09-13 04:52:47,664 | INFO | Steps: 4608/150000 | Episodes: 9 | CurrentEpReward: 0.000 | RecentReward: -5.660 | QLoss: 0.180941 | ParamLoss: -0.063717 | Epsilon: 0.9057 | Replay: 4608
2026-09-13 04:52:57,702 | INFO | Steps: 5120/150000 | Episodes: 10 | CurrentEpReward: 0.000 | RecentReward: -5.214 | QLoss: 0.183547 | ParamLoss: -0.069605 | Epsilon: 0.8923 | Replay: 5120
2026-09-13 04:53:07,884 | INFO | Steps: 5632/150000 | Episodes: 11 | CurrentEpReward: 0.000 | RecentReward: -4.537 | QLoss: 0.188606 | ParamLoss: -0.074361 | Epsilon: 0.8789 | Replay: 5632
2026-09-13 04:53:18,018 | INFO | Steps: 6144/150000 | Episodes: 12 | CurrentEpReward: 0.000 | RecentReward: -4.614 | QLoss: 0.188182 | ParamLoss: -0.082434 | Epsilon: 0.8655 | Replay: 6144
2026-09-13 04:53:28,010 | INFO | Steps: 6656/150000 | Episodes: 13 | CurrentEpReward: 0.000 | RecentReward: -4.314 | QLoss: 0.187284 | ParamLoss: -0.090234 | Epsilon: 0.8522 | Replay: 6656
2026-09-13 04:53:38,137 | INFO | Steps: 7168/150000 | Episodes: 14 | CurrentEpReward: 0.000 | RecentReward: -3.538 | QLoss: 0.189639 | ParamLoss: -0.099412 | Epsilon: 0.8388 | Replay: 7168
2026-09-13 04:53:48,418 | INFO | Steps: 7680/150000 | Episodes: 15 | CurrentEpReward: 0.000 | RecentReward: -2.052 | QLoss: 0.192308 | ParamLoss: -0.110294 | Epsilon: 0.8254 | Replay: 7680
2026-09-13 04:53:58,551 | INFO | Steps: 8192/150000 | Episodes: 16 | CurrentEpReward: 0.000 | RecentReward: -1.580 | QLoss: 0.196543 | ParamLoss: -0.120123 | Epsilon: 0.8120 | Replay: 8192
2026-09-13 04:54:08,802 | INFO | Steps: 8704/150000 | Episodes: 17 | CurrentEpReward: 0.000 | RecentReward: -0.295 | QLoss: 0.193064 | ParamLoss: -0.126170 | Epsilon: 0.7986 | Replay: 8704
2026-09-13 04:54:18,976 | INFO | Steps: 9216/150000 | Episodes: 18 | CurrentEpReward: 0.000 | RecentReward: 1.463 | QLoss: 0.196131 | ParamLoss: -0.132690 | Epsilon: 0.7853 | Replay: 9216
2026-09-13 04:54:29,126 | INFO | Steps: 9728/150000 | Episodes: 19 | CurrentEpReward: 0.000 | RecentReward: 2.080 | QLoss: 0.204657 | ParamLoss: -0.141142 | Epsilon: 0.7719 | Replay: 9728
2026-09-13 04:54:39,268 | INFO | Steps: 10240/150000 | Episodes: 20 | CurrentEpReward: 0.000 | RecentReward: 2.525 | QLoss: 0.207427 | ParamLoss: -0.151292 | Epsilon: 0.7585 | Replay: 10240
2026-09-13 04:54:49,340 | INFO | Steps: 10752/150000 | Episodes: 21 | CurrentEpReward: 0.000 | RecentReward: 2.367 | QLoss: 0.204976 | ParamLoss: -0.153323 | Epsilon: 0.7451 | Replay: 10752
2026-09-13 04:54:59,586 | INFO | Steps: 11264/150000 | Episodes: 22 | CurrentEpReward: 0.000 | RecentReward: 2.776 | QLoss: 0.207392 | ParamLoss: -0.160738 | Epsilon: 0.7317 | Replay: 11264
2026-09-13 04:55:10,017 | INFO | Steps: 11776/150000 | Episodes: 23 | CurrentEpReward: 0.000 | RecentReward: 3.613 | QLoss: 0.207358 | ParamLoss: -0.166394 | Epsilon: 0.7184 | Replay: 11776
2026-09-13 04:55:20,121 | INFO | Steps: 12288/150000 | Episodes: 24 | CurrentEpReward: 0.000 | RecentReward: 3.975 | QLoss: 0.215385 | ParamLoss: -0.176843 | Epsilon: 0.7050 | Replay: 12288
2026-09-13 04:55:30,330 | INFO | Steps: 12800/150000 | Episodes: 25 | CurrentEpReward: 0.000 | RecentReward: 3.248 | QLoss: 0.213141 | ParamLoss: -0.180410 | Epsilon: 0.6916 | Replay: 12800
2026-09-13 04:55:40,380 | INFO | Steps: 13312/150000 | Episodes: 26 | CurrentEpReward: 0.000 | RecentReward: 3.877 | QLoss: 0.219606 | ParamLoss: -0.186920 | Epsilon: 0.6782 | Replay: 13312
2026-09-13 04:55:50,552 | INFO | Steps: 13824/150000 | Episodes: 27 | CurrentEpReward: 0.000 | RecentReward: 5.266 | QLoss: 0.228562 | ParamLoss: -0.192800 | Epsilon: 0.6648 | Replay: 13824
2026-09-13 04:56:00,779 | INFO | Steps: 14336/150000 | Episodes: 28 | CurrentEpReward: 0.000 | RecentReward: 4.969 | QLoss: 0.222659 | ParamLoss: -0.202649 | Epsilon: 0.6515 | Replay: 14336
2026-09-13 04:56:10,945 | INFO | Steps: 14848/150000 | Episodes: 29 | CurrentEpReward: 0.000 | RecentReward: 7.132 | QLoss: 0.224842 | ParamLoss: -0.211538 | Epsilon: 0.6381 | Replay: 14848
2026-09-13 04:56:21,207 | INFO | Steps: 15360/150000 | Episodes: 30 | CurrentEpReward: 0.000 | RecentReward: 7.803 | QLoss: 0.226549 | ParamLoss: -0.220233 | Epsilon: 0.6247 | Replay: 15360
2026-09-13 04:56:31,699 | INFO | Steps: 15872/150000 | Episodes: 31 | CurrentEpReward: 0.000 | RecentReward: 9.679 | QLoss: 0.229480 | ParamLoss: -0.226157 | Epsilon: 0.6113 | Replay: 15872
2026-09-13 04:56:41,988 | INFO | Steps: 16384/150000 | Episodes: 32 | CurrentEpReward: 0.000 | RecentReward: 10.657 | QLoss: 0.236764 | ParamLoss: -0.235340 | Epsilon: 0.5979 | Replay: 16384
2026-09-13 04:56:52,275 | INFO | Steps: 16896/150000 | Episodes: 33 | CurrentEpReward: 0.000 | RecentReward: 10.436 | QLoss: 0.233793 | ParamLoss: -0.238378 | Epsilon: 0.5846 | Replay: 16896
2026-09-13 04:57:02,583 | INFO | Steps: 17408/150000 | Episodes: 34 | CurrentEpReward: 0.000 | RecentReward: 11.350 | QLoss: 0.228335 | ParamLoss: -0.248267 | Epsilon: 0.5712 | Replay: 17408
2026-09-13 04:57:12,911 | INFO | Steps: 17920/150000 | Episodes: 35 | CurrentEpReward: 0.000 | RecentReward: 12.199 | QLoss: 0.230532 | ParamLoss: -0.258020 | Epsilon: 0.5578 | Replay: 17920
2026-09-13 04:57:23,086 | INFO | Steps: 18432/150000 | Episodes: 36 | CurrentEpReward: 0.000 | RecentReward: 13.097 | QLoss: 0.234678 | ParamLoss: -0.265477 | Epsilon: 0.5444 | Replay: 18432
2026-09-13 04:57:33,270 | INFO | Steps: 18944/150000 | Episodes: 37 | CurrentEpReward: 0.000 | RecentReward: 13.898 | QLoss: 0.234138 | ParamLoss: -0.274588 | Epsilon: 0.5310 | Replay: 18944
2026-09-13 04:57:43,601 | INFO | Steps: 19456/150000 | Episodes: 38 | CurrentEpReward: 0.000 | RecentReward: 15.581 | QLoss: 0.244248 | ParamLoss: -0.282135 | Epsilon: 0.5177 | Replay: 19456
2026-09-13 04:57:53,880 | INFO | Steps: 19968/150000 | Episodes: 39 | CurrentEpReward: 0.000 | RecentReward: 16.627 | QLoss: 0.249878 | ParamLoss: -0.290894 | Epsilon: 0.5043 | Replay: 19968
2026-09-13 04:58:04,280 | INFO | Steps: 20480/150000 | Episodes: 40 | CurrentEpReward: 0.000 | RecentReward: 18.647 | QLoss: 0.256545 | ParamLoss: -0.301758 | Epsilon: 0.4909 | Replay: 20480
2026-09-13 04:58:14,594 | INFO | Steps: 20992/150000 | Episodes: 41 | CurrentEpReward: 0.000 | RecentReward: 19.660 | QLoss: 0.243540 | ParamLoss: -0.308035 | Epsilon: 0.4775 | Replay: 20992
2026-09-13 04:58:24,878 | INFO | Steps: 21504/150000 | Episodes: 42 | CurrentEpReward: 0.000 | RecentReward: 19.943 | QLoss: 0.255459 | ParamLoss: -0.315180 | Epsilon: 0.4641 | Replay: 21504
2026-09-13 04:58:35,116 | INFO | Steps: 22016/150000 | Episodes: 43 | CurrentEpReward: 0.000 | RecentReward: 20.376 | QLoss: 0.261522 | ParamLoss: -0.312747 | Epsilon: 0.4508 | Replay: 22016
2026-09-13 04:58:45,436 | INFO | Steps: 22528/150000 | Episodes: 44 | CurrentEpReward: 0.000 | RecentReward: 21.095 | QLoss: 0.267069 | ParamLoss: -0.321289 | Epsilon: 0.4374 | Replay: 22528
2026-09-13 04:58:55,931 | INFO | Steps: 23040/150000 | Episodes: 45 | CurrentEpReward: 0.000 | RecentReward: 22.413 | QLoss: 0.263241 | ParamLoss: -0.333481 | Epsilon: 0.4240 | Replay: 23040
2026-09-13 04:59:06,155 | INFO | Steps: 23552/150000 | Episodes: 46 | CurrentEpReward: 0.000 | RecentReward: 23.182 | QLoss: 0.270439 | ParamLoss: -0.343971 | Epsilon: 0.4106 | Replay: 23552
2026-09-13 04:59:16,335 | INFO | Steps: 24064/150000 | Episodes: 47 | CurrentEpReward: 0.000 | RecentReward: 24.124 | QLoss: 0.273573 | ParamLoss: -0.348620 | Epsilon: 0.3972 | Replay: 24064
2026-09-13 04:59:26,696 | INFO | Steps: 24576/150000 | Episodes: 48 | CurrentEpReward: 0.000 | RecentReward: 25.149 | QLoss: 0.288375 | ParamLoss: -0.356326 | Epsilon: 0.3839 | Replay: 24576
2026-09-13 04:59:36,926 | INFO | Steps: 25088/150000 | Episodes: 49 | CurrentEpReward: 0.000 | RecentReward: 25.595 | QLoss: 0.268881 | ParamLoss: -0.358516 | Epsilon: 0.3705 | Replay: 25088
2026-09-13 04:59:47,139 | INFO | Steps: 25600/150000 | Episodes: 50 | CurrentEpReward: 0.000 | RecentReward: 26.157 | QLoss: 0.283560 | ParamLoss: -0.368748 | Epsilon: 0.3571 | Replay: 25600
2026-09-13 04:59:57,367 | INFO | Steps: 26112/150000 | Episodes: 51 | CurrentEpReward: 0.000 | RecentReward: 25.926 | QLoss: 0.280440 | ParamLoss: -0.374947 | Epsilon: 0.3437 | Replay: 26112
2026-09-13 05:00:07,777 | INFO | Steps: 26624/150000 | Episodes: 52 | CurrentEpReward: 0.000 | RecentReward: 28.866 | QLoss: 0.282478 | ParamLoss: -0.382084 | Epsilon: 0.3303 | Replay: 26624
2026-09-13 05:00:17,958 | INFO | Steps: 27136/150000 | Episodes: 53 | CurrentEpReward: 0.000 | RecentReward: 30.182 | QLoss: 0.277800 | ParamLoss: -0.386090 | Epsilon: 0.3170 | Replay: 27136
2026-09-13 05:00:28,329 | INFO | Steps: 27648/150000 | Episodes: 54 | CurrentEpReward: 0.000 | RecentReward: 31.789 | QLoss: 0.284737 | ParamLoss: -0.402685 | Epsilon: 0.3036 | Replay: 27648
2026-09-13 05:00:38,666 | INFO | Steps: 28160/150000 | Episodes: 55 | CurrentEpReward: 0.000 | RecentReward: 32.591 | QLoss: 0.289940 | ParamLoss: -0.416447 | Epsilon: 0.2902 | Replay: 28160
2026-09-13 05:00:49,009 | INFO | Steps: 28672/150000 | Episodes: 56 | CurrentEpReward: 0.000 | RecentReward: 35.003 | QLoss: 0.306817 | ParamLoss: -0.427999 | Epsilon: 0.2768 | Replay: 28672
2026-09-13 05:00:59,210 | INFO | Steps: 29184/150000 | Episodes: 57 | CurrentEpReward: 0.000 | RecentReward: 35.107 | QLoss: 0.305048 | ParamLoss: -0.429002 | Epsilon: 0.2634 | Replay: 29184
2026-09-13 05:01:09,299 | INFO | Steps: 29696/150000 | Episodes: 58 | CurrentEpReward: 0.000 | RecentReward: 35.663 | QLoss: 0.287531 | ParamLoss: -0.447234 | Epsilon: 0.2501 | Replay: 29696
2026-09-13 05:01:19,506 | INFO | Steps: 30208/150000 | Episodes: 59 | CurrentEpReward: 0.000 | RecentReward: 37.111 | QLoss: 0.348070 | ParamLoss: -0.451941 | Epsilon: 0.2367 | Replay: 30208
2026-09-13 05:01:29,660 | INFO | Steps: 30720/150000 | Episodes: 60 | CurrentEpReward: 0.000 | RecentReward: 36.872 | QLoss: 0.315960 | ParamLoss: -0.465712 | Epsilon: 0.2233 | Replay: 30720
2026-09-13 05:01:39,990 | INFO | Steps: 31232/150000 | Episodes: 61 | CurrentEpReward: 0.000 | RecentReward: 38.692 | QLoss: 0.347631 | ParamLoss: -0.469953 | Epsilon: 0.2099 | Replay: 31232
2026-09-13 05:01:50,030 | INFO | Steps: 31744/150000 | Episodes: 62 | CurrentEpReward: 0.000 | RecentReward: 38.577 | QLoss: 0.297957 | ParamLoss: -0.471928 | Epsilon: 0.1965 | Replay: 31744
2026-09-13 05:02:00,228 | INFO | Steps: 32256/150000 | Episodes: 63 | CurrentEpReward: 0.000 | RecentReward: 40.072 | QLoss: 0.321967 | ParamLoss: -0.480604 | Epsilon: 0.1832 | Replay: 32256
2026-09-13 05:02:10,668 | INFO | Steps: 32768/150000 | Episodes: 64 | CurrentEpReward: 0.000 | RecentReward: 41.979 | QLoss: 0.310296 | ParamLoss: -0.480586 | Epsilon: 0.1698 | Replay: 32768
2026-09-13 05:02:20,743 | INFO | Steps: 33280/150000 | Episodes: 65 | CurrentEpReward: 0.000 | RecentReward: 44.093 | QLoss: 0.324294 | ParamLoss: -0.480768 | Epsilon: 0.1564 | Replay: 33280
2026-09-13 05:02:31,243 | INFO | Steps: 33792/150000 | Episodes: 66 | CurrentEpReward: 0.000 | RecentReward: 45.120 | QLoss: 0.323055 | ParamLoss: -0.488313 | Epsilon: 0.1430 | Replay: 33792
2026-09-13 05:02:41,638 | INFO | Steps: 34304/150000 | Episodes: 67 | CurrentEpReward: 0.000 | RecentReward: 48.052 | QLoss: 0.347582 | ParamLoss: -0.491397 | Epsilon: 0.1296 | Replay: 34304
2026-09-13 05:02:51,848 | INFO | Steps: 34816/150000 | Episodes: 68 | CurrentEpReward: 0.000 | RecentReward: 49.783 | QLoss: 0.352587 | ParamLoss: -0.500364 | Epsilon: 0.1162 | Replay: 34816
2026-09-13 05:03:02,258 | INFO | Steps: 35328/150000 | Episodes: 69 | CurrentEpReward: 0.000 | RecentReward: 51.932 | QLoss: 0.357234 | ParamLoss: -0.507115 | Epsilon: 0.1029 | Replay: 35328
2026-09-13 05:03:12,505 | INFO | Steps: 35840/150000 | Episodes: 70 | CurrentEpReward: 0.000 | RecentReward: 54.224 | QLoss: 0.347291 | ParamLoss: -0.511190 | Epsilon: 0.0895 | Replay: 35840
2026-09-13 05:03:22,651 | INFO | Steps: 36352/150000 | Episodes: 71 | CurrentEpReward: 0.000 | RecentReward: 56.068 | QLoss: 0.339429 | ParamLoss: -0.525514 | Epsilon: 0.0761 | Replay: 36352
2026-09-13 05:03:32,795 | INFO | Steps: 36864/150000 | Episodes: 72 | CurrentEpReward: 0.000 | RecentReward: 58.812 | QLoss: 0.305555 | ParamLoss: -0.525840 | Epsilon: 0.0627 | Replay: 36864
2026-09-13 05:03:43,037 | INFO | Steps: 37376/150000 | Episodes: 73 | CurrentEpReward: 0.000 | RecentReward: 61.230 | QLoss: 0.333906 | ParamLoss: -0.529156 | Epsilon: 0.0493 | Replay: 37376
2026-09-13 05:03:53,339 | INFO | Steps: 37888/150000 | Episodes: 74 | CurrentEpReward: 0.000 | RecentReward: 63.168 | QLoss: 0.351680 | ParamLoss: -0.545063 | Epsilon: 0.0360 | Replay: 37888
2026-09-13 05:04:03,736 | INFO | Steps: 38400/150000 | Episodes: 75 | CurrentEpReward: 0.000 | RecentReward: 64.490 | QLoss: 0.359974 | ParamLoss: -0.542019 | Epsilon: 0.0226 | Replay: 38400
2026-09-13 05:04:13,844 | INFO | Steps: 38912/150000 | Episodes: 76 | CurrentEpReward: 0.000 | RecentReward: 66.229 | QLoss: 0.333264 | ParamLoss: -0.545870 | Epsilon: 0.0200 | Replay: 38912
2026-09-13 05:04:24,015 | INFO | Steps: 39424/150000 | Episodes: 77 | CurrentEpReward: 0.000 | RecentReward: 67.469 | QLoss: 0.353864 | ParamLoss: -0.545971 | Epsilon: 0.0200 | Replay: 39424
2026-09-13 05:04:34,311 | INFO | Steps: 39936/150000 | Episodes: 78 | CurrentEpReward: 0.000 | RecentReward: 69.326 | QLoss: 0.362198 | ParamLoss: -0.560201 | Epsilon: 0.0200 | Replay: 39936
2026-09-13 05:04:44,461 | INFO | Steps: 40448/150000 | Episodes: 79 | CurrentEpReward: 0.000 | RecentReward: 69.767 | QLoss: 0.367779 | ParamLoss: -0.556848 | Epsilon: 0.0200 | Replay: 40448
2026-09-13 05:04:54,629 | INFO | Steps: 40960/150000 | Episodes: 80 | CurrentEpReward: 0.000 | RecentReward: 72.050 | QLoss: 0.334267 | ParamLoss: -0.565695 | Epsilon: 0.0200 | Replay: 40960
2026-09-13 05:05:04,735 | INFO | Steps: 41472/150000 | Episodes: 81 | CurrentEpReward: 0.000 | RecentReward: 73.739 | QLoss: 0.342152 | ParamLoss: -0.569657 | Epsilon: 0.0200 | Replay: 41472
2026-09-13 05:05:14,972 | INFO | Steps: 41984/150000 | Episodes: 82 | CurrentEpReward: 0.000 | RecentReward: 74.809 | QLoss: 0.385206 | ParamLoss: -0.577111 | Epsilon: 0.0200 | Replay: 41984
2026-09-13 05:05:25,256 | INFO | Steps: 42496/150000 | Episodes: 83 | CurrentEpReward: 0.000 | RecentReward: 75.839 | QLoss: 0.329469 | ParamLoss: -0.585261 | Epsilon: 0.0200 | Replay: 42496
2026-09-13 05:05:35,439 | INFO | Steps: 43008/150000 | Episodes: 84 | CurrentEpReward: 0.000 | RecentReward: 75.995 | QLoss: 0.367128 | ParamLoss: -0.596213 | Epsilon: 0.0200 | Replay: 43008
2026-09-13 05:05:45,577 | INFO | Steps: 43520/150000 | Episodes: 85 | CurrentEpReward: 0.000 | RecentReward: 76.540 | QLoss: 0.361561 | ParamLoss: -0.600841 | Epsilon: 0.0200 | Replay: 43520
2026-09-13 05:05:55,810 | INFO | Steps: 44032/150000 | Episodes: 86 | CurrentEpReward: 0.000 | RecentReward: 76.993 | QLoss: 0.343987 | ParamLoss: -0.619065 | Epsilon: 0.0200 | Replay: 44032
2026-09-13 05:06:05,896 | INFO | Steps: 44544/150000 | Episodes: 87 | CurrentEpReward: 0.000 | RecentReward: 78.609 | QLoss: 0.371040 | ParamLoss: -0.621379 | Epsilon: 0.0200 | Replay: 44544
2026-09-13 05:06:15,887 | INFO | Steps: 45056/150000 | Episodes: 88 | CurrentEpReward: 0.000 | RecentReward: 79.069 | QLoss: 0.371310 | ParamLoss: -0.631789 | Epsilon: 0.0200 | Replay: 45056
2026-09-13 05:06:25,883 | INFO | Steps: 45568/150000 | Episodes: 89 | CurrentEpReward: 0.000 | RecentReward: 79.748 | QLoss: 0.377248 | ParamLoss: -0.633929 | Epsilon: 0.0200 | Replay: 45568
2026-09-13 05:06:36,094 | INFO | Steps: 46080/150000 | Episodes: 90 | CurrentEpReward: 0.000 | RecentReward: 81.080 | QLoss: 0.350290 | ParamLoss: -0.649012 | Epsilon: 0.0200 | Replay: 46080
2026-09-13 05:06:46,606 | INFO | Steps: 46592/150000 | Episodes: 91 | CurrentEpReward: 0.000 | RecentReward: 81.996 | QLoss: 0.383467 | ParamLoss: -0.660319 | Epsilon: 0.0200 | Replay: 46592
2026-09-13 05:06:56,883 | INFO | Steps: 47104/150000 | Episodes: 92 | CurrentEpReward: 0.000 | RecentReward: 82.570 | QLoss: 0.363806 | ParamLoss: -0.664401 | Epsilon: 0.0200 | Replay: 47104
2026-09-13 05:07:07,143 | INFO | Steps: 47616/150000 | Episodes: 93 | CurrentEpReward: 0.000 | RecentReward: 83.570 | QLoss: 0.385316 | ParamLoss: -0.674766 | Epsilon: 0.0200 | Replay: 47616
2026-09-13 05:07:17,213 | INFO | Steps: 48128/150000 | Episodes: 94 | CurrentEpReward: 0.000 | RecentReward: 84.504 | QLoss: 0.414758 | ParamLoss: -0.681904 | Epsilon: 0.0200 | Replay: 48128
2026-09-13 05:07:27,227 | INFO | Steps: 48640/150000 | Episodes: 95 | CurrentEpReward: 0.000 | RecentReward: 85.604 | QLoss: 0.353076 | ParamLoss: -0.690646 | Epsilon: 0.0200 | Replay: 48640
2026-09-13 05:07:37,392 | INFO | Steps: 49152/150000 | Episodes: 96 | CurrentEpReward: 0.000 | RecentReward: 85.371 | QLoss: 0.368241 | ParamLoss: -0.697602 | Epsilon: 0.0200 | Replay: 49152
2026-09-13 05:07:47,648 | INFO | Steps: 49664/150000 | Episodes: 97 | CurrentEpReward: 0.000 | RecentReward: 84.303 | QLoss: 0.413214 | ParamLoss: -0.705636 | Epsilon: 0.0200 | Replay: 49664
2026-09-13 05:08:15,957 | INFO | 新的最佳模型 (reward): 85.481，保存至 /home/pjpjq/LEO_switch/results/multiseed_0907/seed45/u25/learned_baselines/pdqn/best_model.pt
2026-09-13 05:08:15,961 | INFO | 周期权重已保存: /home/pjpjq/LEO_switch/results/multiseed_0907/seed45/u25/learned_baselines/pdqn/checkpoint_50000.pt
2026-09-13 05:08:19,629 | INFO | Steps: 50176/150000 | Episodes: 98 | CurrentEpReward: 0.000 | RecentReward: 84.775 | QLoss: 0.438338 | ParamLoss: -0.712157 | Epsilon: 0.0200 | Replay: 50000
2026-09-13 05:08:29,971 | INFO | Steps: 50688/150000 | Episodes: 99 | CurrentEpReward: 0.000 | RecentReward: 85.574 | QLoss: 0.442384 | ParamLoss: -0.728308 | Epsilon: 0.0200 | Replay: 50000
2026-09-13 05:08:40,308 | INFO | Steps: 51200/150000 | Episodes: 100 | CurrentEpReward: 0.000 | RecentReward: 85.162 | QLoss: 0.402448 | ParamLoss: -0.736863 | Epsilon: 0.0200 | Replay: 50000
2026-09-13 05:08:50,617 | INFO | Steps: 51712/150000 | Episodes: 101 | CurrentEpReward: 0.000 | RecentReward: 84.246 | QLoss: 0.389751 | ParamLoss: -0.741762 | Epsilon: 0.0200 | Replay: 50000
2026-09-13 05:09:00,675 | INFO | Steps: 52224/150000 | Episodes: 102 | CurrentEpReward: 0.000 | RecentReward: 84.142 | QLoss: 0.403140 | ParamLoss: -0.741004 | Epsilon: 0.0200 | Replay: 50000
2026-09-13 05:09:10,673 | INFO | Steps: 52736/150000 | Episodes: 103 | CurrentEpReward: 0.000 | RecentReward: 84.182 | QLoss: 0.432089 | ParamLoss: -0.745946 | Epsilon: 0.0200 | Replay: 50000
2026-09-13 05:09:20,703 | INFO | Steps: 53248/150000 | Episodes: 104 | CurrentEpReward: 0.000 | RecentReward: 84.133 | QLoss: 0.463142 | ParamLoss: -0.762104 | Epsilon: 0.0200 | Replay: 50000
2026-09-13 05:09:30,702 | INFO | Steps: 53760/150000 | Episodes: 105 | CurrentEpReward: 0.000 | RecentReward: 83.743 | QLoss: 0.409874 | ParamLoss: -0.779153 | Epsilon: 0.0200 | Replay: 50000
2026-09-13 05:09:40,751 | INFO | Steps: 54272/150000 | Episodes: 106 | CurrentEpReward: 0.000 | RecentReward: 83.501 | QLoss: 0.448047 | ParamLoss: -0.782593 | Epsilon: 0.0200 | Replay: 50000
2026-09-13 05:09:50,902 | INFO | Steps: 54784/150000 | Episodes: 107 | CurrentEpReward: 0.000 | RecentReward: 83.890 | QLoss: 0.409105 | ParamLoss: -0.791977 | Epsilon: 0.0200 | Replay: 50000
2026-09-13 05:10:00,982 | INFO | Steps: 55296/150000 | Episodes: 108 | CurrentEpReward: 0.000 | RecentReward: 84.314 | QLoss: 0.401067 | ParamLoss: -0.787825 | Epsilon: 0.0200 | Replay: 50000
2026-09-13 05:10:11,252 | INFO | Steps: 55808/150000 | Episodes: 109 | CurrentEpReward: 0.000 | RecentReward: 84.844 | QLoss: 0.433467 | ParamLoss: -0.782877 | Epsilon: 0.0200 | Replay: 50000
2026-09-13 05:10:21,303 | INFO | Steps: 56320/150000 | Episodes: 110 | CurrentEpReward: 0.000 | RecentReward: 84.311 | QLoss: 0.429000 | ParamLoss: -0.793298 | Epsilon: 0.0200 | Replay: 50000
2026-09-13 05:10:31,341 | INFO | Steps: 56832/150000 | Episodes: 111 | CurrentEpReward: 0.000 | RecentReward: 85.286 | QLoss: 0.487359 | ParamLoss: -0.807878 | Epsilon: 0.0200 | Replay: 50000
2026-09-13 05:10:41,579 | INFO | Steps: 57344/150000 | Episodes: 112 | CurrentEpReward: 0.000 | RecentReward: 85.469 | QLoss: 0.431675 | ParamLoss: -0.821571 | Epsilon: 0.0200 | Replay: 50000
2026-09-13 05:10:51,847 | INFO | Steps: 57856/150000 | Episodes: 113 | CurrentEpReward: 0.000 | RecentReward: 84.876 | QLoss: 0.400990 | ParamLoss: -0.829191 | Epsilon: 0.0200 | Replay: 50000
2026-09-13 05:11:02,218 | INFO | Steps: 58368/150000 | Episodes: 114 | CurrentEpReward: 0.000 | RecentReward: 85.180 | QLoss: 0.442627 | ParamLoss: -0.836966 | Epsilon: 0.0200 | Replay: 50000
2026-09-13 05:11:12,320 | INFO | Steps: 58880/150000 | Episodes: 115 | CurrentEpReward: 0.000 | RecentReward: 85.630 | QLoss: 0.408104 | ParamLoss: -0.851657 | Epsilon: 0.0200 | Replay: 50000
2026-09-13 05:11:22,344 | INFO | Steps: 59392/150000 | Episodes: 116 | CurrentEpReward: 0.000 | RecentReward: 85.702 | QLoss: 0.378351 | ParamLoss: -0.849937 | Epsilon: 0.0200 | Replay: 50000
2026-09-13 05:11:32,484 | INFO | Steps: 59904/150000 | Episodes: 117 | CurrentEpReward: 0.000 | RecentReward: 86.141 | QLoss: 0.346534 | ParamLoss: -0.849682 | Epsilon: 0.0200 | Replay: 50000
2026-09-13 05:11:42,842 | INFO | Steps: 60416/150000 | Episodes: 118 | CurrentEpReward: 0.000 | RecentReward: 85.700 | QLoss: 0.387203 | ParamLoss: -0.853250 | Epsilon: 0.0200 | Replay: 50000
2026-09-13 05:11:53,245 | INFO | Steps: 60928/150000 | Episodes: 119 | CurrentEpReward: 0.000 | RecentReward: 86.087 | QLoss: 0.435967 | ParamLoss: -0.864213 | Epsilon: 0.0200 | Replay: 50000
2026-09-13 05:12:03,356 | INFO | Steps: 61440/150000 | Episodes: 120 | CurrentEpReward: 0.000 | RecentReward: 84.934 | QLoss: 0.340397 | ParamLoss: -0.864246 | Epsilon: 0.0200 | Replay: 50000
2026-09-13 05:12:13,577 | INFO | Steps: 61952/150000 | Episodes: 121 | CurrentEpReward: 0.000 | RecentReward: 84.577 | QLoss: 0.450954 | ParamLoss: -0.867955 | Epsilon: 0.0200 | Replay: 50000
2026-09-13 05:12:23,811 | INFO | Steps: 62464/150000 | Episodes: 122 | CurrentEpReward: 0.000 | RecentReward: 84.290 | QLoss: 0.418172 | ParamLoss: -0.879781 | Epsilon: 0.0200 | Replay: 50000
2026-09-13 05:12:34,041 | INFO | Steps: 62976/150000 | Episodes: 123 | CurrentEpReward: 0.000 | RecentReward: 85.430 | QLoss: 0.376285 | ParamLoss: -0.898044 | Epsilon: 0.0200 | Replay: 50000
2026-09-13 05:12:44,379 | INFO | Steps: 63488/150000 | Episodes: 124 | CurrentEpReward: 0.000 | RecentReward: 85.045 | QLoss: 0.425660 | ParamLoss: -0.903744 | Epsilon: 0.0200 | Replay: 50000
2026-09-13 05:12:54,540 | INFO | Steps: 64000/150000 | Episodes: 125 | CurrentEpReward: 0.000 | RecentReward: 85.052 | QLoss: 0.431639 | ParamLoss: -0.902442 | Epsilon: 0.0200 | Replay: 50000
2026-09-13 05:13:04,708 | INFO | Steps: 64512/150000 | Episodes: 126 | CurrentEpReward: 0.000 | RecentReward: 86.285 | QLoss: 0.529417 | ParamLoss: -0.924392 | Epsilon: 0.0200 | Replay: 50000
2026-09-13 05:13:14,938 | INFO | Steps: 65024/150000 | Episodes: 127 | CurrentEpReward: 0.000 | RecentReward: 86.631 | QLoss: 0.506570 | ParamLoss: -0.931807 | Epsilon: 0.0200 | Replay: 50000
2026-09-13 05:13:25,229 | INFO | Steps: 65536/150000 | Episodes: 128 | CurrentEpReward: 0.000 | RecentReward: 87.188 | QLoss: 0.394319 | ParamLoss: -0.939494 | Epsilon: 0.0200 | Replay: 50000
2026-09-13 05:13:35,444 | INFO | Steps: 66048/150000 | Episodes: 129 | CurrentEpReward: 0.000 | RecentReward: 86.359 | QLoss: 0.398735 | ParamLoss: -0.947138 | Epsilon: 0.0200 | Replay: 50000
2026-09-13 05:13:45,831 | INFO | Steps: 66560/150000 | Episodes: 130 | CurrentEpReward: 0.000 | RecentReward: 88.605 | QLoss: 0.416263 | ParamLoss: -0.954232 | Epsilon: 0.0200 | Replay: 50000
2026-09-13 05:13:56,108 | INFO | Steps: 67072/150000 | Episodes: 131 | CurrentEpReward: 0.000 | RecentReward: 89.277 | QLoss: 0.404916 | ParamLoss: -0.950952 | Epsilon: 0.0200 | Replay: 50000
2026-09-13 05:14:06,504 | INFO | Steps: 67584/150000 | Episodes: 132 | CurrentEpReward: 0.000 | RecentReward: 90.261 | QLoss: 0.438123 | ParamLoss: -0.962157 | Epsilon: 0.0200 | Replay: 50000
2026-09-13 05:14:17,085 | INFO | Steps: 68096/150000 | Episodes: 133 | CurrentEpReward: 0.000 | RecentReward: 89.888 | QLoss: 0.469819 | ParamLoss: -0.972904 | Epsilon: 0.0200 | Replay: 50000
2026-09-13 05:14:27,331 | INFO | Steps: 68608/150000 | Episodes: 134 | CurrentEpReward: 0.000 | RecentReward: 89.990 | QLoss: 0.504056 | ParamLoss: -0.984022 | Epsilon: 0.0200 | Replay: 50000
2026-09-13 05:14:37,521 | INFO | Steps: 69120/150000 | Episodes: 135 | CurrentEpReward: 0.000 | RecentReward: 89.055 | QLoss: 0.434073 | ParamLoss: -0.987210 | Epsilon: 0.0200 | Replay: 50000
2026-09-13 05:14:47,708 | INFO | Steps: 69632/150000 | Episodes: 136 | CurrentEpReward: 0.000 | RecentReward: 88.483 | QLoss: 0.542135 | ParamLoss: -0.991465 | Epsilon: 0.0200 | Replay: 50000
2026-09-13 05:14:57,867 | INFO | Steps: 70144/150000 | Episodes: 137 | CurrentEpReward: 0.000 | RecentReward: 87.661 | QLoss: 0.399566 | ParamLoss: -0.993201 | Epsilon: 0.0200 | Replay: 50000
2026-09-13 05:15:08,159 | INFO | Steps: 70656/150000 | Episodes: 138 | CurrentEpReward: 0.000 | RecentReward: 86.647 | QLoss: 0.465171 | ParamLoss: -0.998500 | Epsilon: 0.0200 | Replay: 50000
2026-09-13 05:15:18,432 | INFO | Steps: 71168/150000 | Episodes: 139 | CurrentEpReward: 0.000 | RecentReward: 86.829 | QLoss: 0.350585 | ParamLoss: -1.009554 | Epsilon: 0.0200 | Replay: 50000
2026-09-13 05:15:28,670 | INFO | Steps: 71680/150000 | Episodes: 140 | CurrentEpReward: 0.000 | RecentReward: 85.364 | QLoss: 0.520544 | ParamLoss: -1.011857 | Epsilon: 0.0200 | Replay: 50000
2026-09-13 05:15:38,924 | INFO | Steps: 72192/150000 | Episodes: 141 | CurrentEpReward: 0.000 | RecentReward: 84.405 | QLoss: 0.465484 | ParamLoss: -1.020439 | Epsilon: 0.0200 | Replay: 50000
2026-09-13 05:15:49,345 | INFO | Steps: 72704/150000 | Episodes: 142 | CurrentEpReward: 0.000 | RecentReward: 84.204 | QLoss: 0.385174 | ParamLoss: -1.022597 | Epsilon: 0.0200 | Replay: 50000
2026-09-13 05:15:59,677 | INFO | Steps: 73216/150000 | Episodes: 143 | CurrentEpReward: 0.000 | RecentReward: 84.770 | QLoss: 0.405874 | ParamLoss: -1.025533 | Epsilon: 0.0200 | Replay: 50000
2026-09-13 05:16:09,942 | INFO | Steps: 73728/150000 | Episodes: 144 | CurrentEpReward: 0.000 | RecentReward: 84.600 | QLoss: 0.468712 | ParamLoss: -1.023620 | Epsilon: 0.0200 | Replay: 50000
2026-09-13 05:16:20,292 | INFO | Steps: 74240/150000 | Episodes: 145 | CurrentEpReward: 0.000 | RecentReward: 85.632 | QLoss: 0.447904 | ParamLoss: -1.021227 | Epsilon: 0.0200 | Replay: 50000
2026-09-13 05:16:30,604 | INFO | Steps: 74752/150000 | Episodes: 146 | CurrentEpReward: 0.000 | RecentReward: 86.036 | QLoss: 0.544092 | ParamLoss: -1.030127 | Epsilon: 0.0200 | Replay: 50000
2026-09-13 05:16:40,972 | INFO | Steps: 75264/150000 | Episodes: 147 | CurrentEpReward: 0.000 | RecentReward: 86.863 | QLoss: 0.548189 | ParamLoss: -1.040734 | Epsilon: 0.0200 | Replay: 50000
2026-09-13 05:16:51,245 | INFO | Steps: 75776/150000 | Episodes: 148 | CurrentEpReward: 0.000 | RecentReward: 86.576 | QLoss: 0.481621 | ParamLoss: -1.045475 | Epsilon: 0.0200 | Replay: 50000
2026-09-13 05:17:01,611 | INFO | Steps: 76288/150000 | Episodes: 149 | CurrentEpReward: 0.000 | RecentReward: 86.952 | QLoss: 0.533220 | ParamLoss: -1.051559 | Epsilon: 0.0200 | Replay: 50000
2026-09-13 05:17:11,923 | INFO | Steps: 76800/150000 | Episodes: 150 | CurrentEpReward: 0.000 | RecentReward: 88.308 | QLoss: 0.495925 | ParamLoss: -1.054061 | Epsilon: 0.0200 | Replay: 50000
2026-09-13 05:17:22,126 | INFO | Steps: 77312/150000 | Episodes: 151 | CurrentEpReward: 0.000 | RecentReward: 87.978 | QLoss: 0.572534 | ParamLoss: -1.068389 | Epsilon: 0.0200 | Replay: 50000
2026-09-13 05:17:32,472 | INFO | Steps: 77824/150000 | Episodes: 152 | CurrentEpReward: 0.000 | RecentReward: 87.961 | QLoss: 0.548386 | ParamLoss: -1.065134 | Epsilon: 0.0200 | Replay: 50000
2026-09-13 05:17:42,998 | INFO | Steps: 78336/150000 | Episodes: 153 | CurrentEpReward: 0.000 | RecentReward: 87.635 | QLoss: 0.569139 | ParamLoss: -1.083015 | Epsilon: 0.0200 | Replay: 50000
2026-09-13 05:17:53,312 | INFO | Steps: 78848/150000 | Episodes: 154 | CurrentEpReward: 0.000 | RecentReward: 87.544 | QLoss: 0.527702 | ParamLoss: -1.084518 | Epsilon: 0.0200 | Replay: 50000
2026-09-13 05:18:03,564 | INFO | Steps: 79360/150000 | Episodes: 155 | CurrentEpReward: 0.000 | RecentReward: 87.449 | QLoss: 0.458544 | ParamLoss: -1.084449 | Epsilon: 0.0200 | Replay: 50000
2026-09-13 05:18:13,799 | INFO | Steps: 79872/150000 | Episodes: 156 | CurrentEpReward: 0.000 | RecentReward: 87.060 | QLoss: 0.439790 | ParamLoss: -1.091701 | Epsilon: 0.0200 | Replay: 50000
2026-09-13 05:18:24,058 | INFO | Steps: 80384/150000 | Episodes: 157 | CurrentEpReward: 0.000 | RecentReward: 85.719 | QLoss: 0.526823 | ParamLoss: -1.084901 | Epsilon: 0.0200 | Replay: 50000
2026-09-13 05:18:34,208 | INFO | Steps: 80896/150000 | Episodes: 158 | CurrentEpReward: 0.000 | RecentReward: 86.890 | QLoss: 0.465400 | ParamLoss: -1.089408 | Epsilon: 0.0200 | Replay: 50000
2026-09-13 05:18:44,416 | INFO | Steps: 81408/150000 | Episodes: 159 | CurrentEpReward: 0.000 | RecentReward: 85.830 | QLoss: 0.428686 | ParamLoss: -1.111701 | Epsilon: 0.0200 | Replay: 50000
2026-09-13 05:18:54,645 | INFO | Steps: 81920/150000 | Episodes: 160 | CurrentEpReward: 0.000 | RecentReward: 83.983 | QLoss: 0.468939 | ParamLoss: -1.115663 | Epsilon: 0.0200 | Replay: 50000
2026-09-13 05:19:04,790 | INFO | Steps: 82432/150000 | Episodes: 161 | CurrentEpReward: 0.000 | RecentReward: 84.623 | QLoss: 0.526048 | ParamLoss: -1.123243 | Epsilon: 0.0200 | Replay: 50000
2026-09-13 05:19:14,805 | INFO | Steps: 82944/150000 | Episodes: 162 | CurrentEpReward: 0.000 | RecentReward: 83.589 | QLoss: 0.499822 | ParamLoss: -1.121771 | Epsilon: 0.0200 | Replay: 50000
2026-09-13 05:19:24,984 | INFO | Steps: 83456/150000 | Episodes: 163 | CurrentEpReward: 0.000 | RecentReward: 82.691 | QLoss: 0.489987 | ParamLoss: -1.107076 | Epsilon: 0.0200 | Replay: 50000
2026-09-13 05:19:35,197 | INFO | Steps: 83968/150000 | Episodes: 164 | CurrentEpReward: 0.000 | RecentReward: 83.225 | QLoss: 0.526077 | ParamLoss: -1.116837 | Epsilon: 0.0200 | Replay: 50000
2026-09-13 05:19:45,364 | INFO | Steps: 84480/150000 | Episodes: 165 | CurrentEpReward: 0.000 | RecentReward: 83.074 | QLoss: 0.518480 | ParamLoss: -1.121917 | Epsilon: 0.0200 | Replay: 50000
2026-09-13 05:19:55,613 | INFO | Steps: 84992/150000 | Episodes: 166 | CurrentEpReward: 0.000 | RecentReward: 83.213 | QLoss: 0.522035 | ParamLoss: -1.116782 | Epsilon: 0.0200 | Replay: 50000
2026-09-13 05:20:05,916 | INFO | Steps: 85504/150000 | Episodes: 167 | CurrentEpReward: 0.000 | RecentReward: 83.770 | QLoss: 0.523340 | ParamLoss: -1.126472 | Epsilon: 0.0200 | Replay: 50000
2026-09-13 05:20:16,155 | INFO | Steps: 86016/150000 | Episodes: 168 | CurrentEpReward: 0.000 | RecentReward: 82.588 | QLoss: 0.465917 | ParamLoss: -1.148612 | Epsilon: 0.0200 | Replay: 50000
2026-09-13 05:20:26,454 | INFO | Steps: 86528/150000 | Episodes: 169 | CurrentEpReward: 0.000 | RecentReward: 83.173 | QLoss: 0.588508 | ParamLoss: -1.151083 | Epsilon: 0.0200 | Replay: 50000
2026-09-13 05:20:36,714 | INFO | Steps: 87040/150000 | Episodes: 170 | CurrentEpReward: 0.000 | RecentReward: 84.880 | QLoss: 0.511335 | ParamLoss: -1.157501 | Epsilon: 0.0200 | Replay: 50000
2026-09-13 05:20:47,212 | INFO | Steps: 87552/150000 | Episodes: 171 | CurrentEpReward: 0.000 | RecentReward: 85.696 | QLoss: 0.509987 | ParamLoss: -1.162035 | Epsilon: 0.0200 | Replay: 50000
2026-09-13 05:20:57,708 | INFO | Steps: 88064/150000 | Episodes: 172 | CurrentEpReward: 0.000 | RecentReward: 86.741 | QLoss: 0.488955 | ParamLoss: -1.178867 | Epsilon: 0.0200 | Replay: 50000
2026-09-13 05:21:07,931 | INFO | Steps: 88576/150000 | Episodes: 173 | CurrentEpReward: 0.000 | RecentReward: 86.603 | QLoss: 0.513003 | ParamLoss: -1.195064 | Epsilon: 0.0200 | Replay: 50000
2026-09-13 05:21:18,369 | INFO | Steps: 89088/150000 | Episodes: 174 | CurrentEpReward: 0.000 | RecentReward: 86.628 | QLoss: 0.515771 | ParamLoss: -1.204547 | Epsilon: 0.0200 | Replay: 50000
2026-09-13 05:21:28,686 | INFO | Steps: 89600/150000 | Episodes: 175 | CurrentEpReward: 0.000 | RecentReward: 86.040 | QLoss: 0.561438 | ParamLoss: -1.207239 | Epsilon: 0.0200 | Replay: 50000
2026-09-13 05:21:38,837 | INFO | Steps: 90112/150000 | Episodes: 176 | CurrentEpReward: 0.000 | RecentReward: 86.036 | QLoss: 0.551039 | ParamLoss: -1.210332 | Epsilon: 0.0200 | Replay: 50000
2026-09-13 05:21:49,031 | INFO | Steps: 90624/150000 | Episodes: 177 | CurrentEpReward: 0.000 | RecentReward: 84.600 | QLoss: 0.529104 | ParamLoss: -1.214965 | Epsilon: 0.0200 | Replay: 50000
2026-09-13 05:21:59,303 | INFO | Steps: 91136/150000 | Episodes: 178 | CurrentEpReward: 0.000 | RecentReward: 85.051 | QLoss: 0.493176 | ParamLoss: -1.216243 | Epsilon: 0.0200 | Replay: 50000
2026-09-13 05:22:09,635 | INFO | Steps: 91648/150000 | Episodes: 179 | CurrentEpReward: 0.000 | RecentReward: 84.327 | QLoss: 0.554458 | ParamLoss: -1.216962 | Epsilon: 0.0200 | Replay: 50000
2026-09-13 05:22:19,882 | INFO | Steps: 92160/150000 | Episodes: 180 | CurrentEpReward: 0.000 | RecentReward: 83.846 | QLoss: 0.536579 | ParamLoss: -1.206347 | Epsilon: 0.0200 | Replay: 50000
2026-09-13 05:22:30,164 | INFO | Steps: 92672/150000 | Episodes: 181 | CurrentEpReward: 0.000 | RecentReward: 82.940 | QLoss: 0.484885 | ParamLoss: -1.207383 | Epsilon: 0.0200 | Replay: 50000
2026-09-13 05:22:40,511 | INFO | Steps: 93184/150000 | Episodes: 182 | CurrentEpReward: 0.000 | RecentReward: 82.196 | QLoss: 0.581071 | ParamLoss: -1.209950 | Epsilon: 0.0200 | Replay: 50000
2026-09-13 05:22:50,789 | INFO | Steps: 93696/150000 | Episodes: 183 | CurrentEpReward: 0.000 | RecentReward: 83.136 | QLoss: 0.452390 | ParamLoss: -1.213420 | Epsilon: 0.0200 | Replay: 50000
2026-09-13 05:23:00,985 | INFO | Steps: 94208/150000 | Episodes: 184 | CurrentEpReward: 0.000 | RecentReward: 82.661 | QLoss: 0.572119 | ParamLoss: -1.217324 | Epsilon: 0.0200 | Replay: 50000
2026-09-13 05:23:11,276 | INFO | Steps: 94720/150000 | Episodes: 185 | CurrentEpReward: 0.000 | RecentReward: 83.072 | QLoss: 0.540702 | ParamLoss: -1.221256 | Epsilon: 0.0200 | Replay: 50000
2026-09-13 05:23:21,818 | INFO | Steps: 95232/150000 | Episodes: 186 | CurrentEpReward: 0.000 | RecentReward: 83.325 | QLoss: 0.577747 | ParamLoss: -1.234432 | Epsilon: 0.0200 | Replay: 50000
2026-09-13 05:23:32,112 | INFO | Steps: 95744/150000 | Episodes: 187 | CurrentEpReward: 0.000 | RecentReward: 84.331 | QLoss: 0.515869 | ParamLoss: -1.239874 | Epsilon: 0.0200 | Replay: 50000
2026-09-13 05:23:42,229 | INFO | Steps: 96256/150000 | Episodes: 188 | CurrentEpReward: 0.000 | RecentReward: 83.767 | QLoss: 0.496679 | ParamLoss: -1.246532 | Epsilon: 0.0200 | Replay: 50000
2026-09-13 05:23:52,423 | INFO | Steps: 96768/150000 | Episodes: 189 | CurrentEpReward: 0.000 | RecentReward: 84.332 | QLoss: 0.564828 | ParamLoss: -1.243608 | Epsilon: 0.0200 | Replay: 50000
2026-09-13 05:24:02,641 | INFO | Steps: 97280/150000 | Episodes: 190 | CurrentEpReward: 0.000 | RecentReward: 83.725 | QLoss: 0.513335 | ParamLoss: -1.243714 | Epsilon: 0.0200 | Replay: 50000
2026-09-13 05:24:12,923 | INFO | Steps: 97792/150000 | Episodes: 191 | CurrentEpReward: 0.000 | RecentReward: 84.120 | QLoss: 0.685093 | ParamLoss: -1.244449 | Epsilon: 0.0200 | Replay: 50000
2026-09-13 05:24:23,355 | INFO | Steps: 98304/150000 | Episodes: 192 | CurrentEpReward: 0.000 | RecentReward: 84.966 | QLoss: 0.469362 | ParamLoss: -1.240443 | Epsilon: 0.0200 | Replay: 50000
2026-09-13 05:24:33,531 | INFO | Steps: 98816/150000 | Episodes: 193 | CurrentEpReward: 0.000 | RecentReward: 83.803 | QLoss: 0.760386 | ParamLoss: -1.251007 | Epsilon: 0.0200 | Replay: 50000
2026-09-13 05:24:43,760 | INFO | Steps: 99328/150000 | Episodes: 194 | CurrentEpReward: 0.000 | RecentReward: 83.076 | QLoss: 0.495478 | ParamLoss: -1.261808 | Epsilon: 0.0200 | Replay: 50000
2026-09-13 05:24:54,188 | INFO | Steps: 99840/150000 | Episodes: 195 | CurrentEpReward: 0.000 | RecentReward: 83.168 | QLoss: 0.541480 | ParamLoss: -1.273959 | Epsilon: 0.0200 | Replay: 50000
2026-09-13 05:25:19,024 | INFO | 新的最佳模型 (reward): 88.679，保存至 /home/pjpjq/LEO_switch/results/multiseed_0907/seed45/u25/learned_baselines/pdqn/best_model.pt
2026-09-13 05:25:19,030 | INFO | 周期权重已保存: /home/pjpjq/LEO_switch/results/multiseed_0907/seed45/u25/learned_baselines/pdqn/checkpoint_100000.pt
2026-09-13 05:25:26,066 | INFO | Steps: 100352/150000 | Episodes: 196 | CurrentEpReward: 0.000 | RecentReward: 82.405 | QLoss: 0.633125 | ParamLoss: -1.272865 | Epsilon: 0.0200 | Replay: 50000
2026-09-13 05:25:36,426 | INFO | Steps: 100864/150000 | Episodes: 197 | CurrentEpReward: 0.000 | RecentReward: 83.746 | QLoss: 0.519885 | ParamLoss: -1.281212 | Epsilon: 0.0200 | Replay: 50000
2026-09-13 05:25:46,656 | INFO | Steps: 101376/150000 | Episodes: 198 | CurrentEpReward: 0.000 | RecentReward: 84.643 | QLoss: 0.666558 | ParamLoss: -1.278373 | Epsilon: 0.0200 | Replay: 50000
2026-09-13 05:25:56,947 | INFO | Steps: 101888/150000 | Episodes: 199 | CurrentEpReward: 0.000 | RecentReward: 84.597 | QLoss: 0.448779 | ParamLoss: -1.291742 | Epsilon: 0.0200 | Replay: 50000
2026-09-13 05:26:07,145 | INFO | Steps: 102400/150000 | Episodes: 200 | CurrentEpReward: 0.000 | RecentReward: 85.466 | QLoss: 0.382698 | ParamLoss: -1.299971 | Epsilon: 0.0200 | Replay: 50000
2026-09-13 05:26:17,500 | INFO | Steps: 102912/150000 | Episodes: 201 | CurrentEpReward: 0.000 | RecentReward: 85.406 | QLoss: 0.606996 | ParamLoss: -1.289838 | Epsilon: 0.0200 | Replay: 50000
2026-09-13 05:26:27,849 | INFO | Steps: 103424/150000 | Episodes: 202 | CurrentEpReward: 0.000 | RecentReward: 84.360 | QLoss: 0.675408 | ParamLoss: -1.283358 | Epsilon: 0.0200 | Replay: 50000
2026-09-13 05:26:38,199 | INFO | Steps: 103936/150000 | Episodes: 203 | CurrentEpReward: 0.000 | RecentReward: 85.069 | QLoss: 0.564816 | ParamLoss: -1.279771 | Epsilon: 0.0200 | Replay: 50000
2026-09-13 05:26:48,410 | INFO | Steps: 104448/150000 | Episodes: 204 | CurrentEpReward: 0.000 | RecentReward: 86.422 | QLoss: 0.627467 | ParamLoss: -1.293926 | Epsilon: 0.0200 | Replay: 50000
2026-09-13 05:26:58,676 | INFO | Steps: 104960/150000 | Episodes: 205 | CurrentEpReward: 0.000 | RecentReward: 86.551 | QLoss: 0.587528 | ParamLoss: -1.302853 | Epsilon: 0.0200 | Replay: 50000
2026-09-13 05:27:08,799 | INFO | Steps: 105472/150000 | Episodes: 206 | CurrentEpReward: 0.000 | RecentReward: 87.095 | QLoss: 0.593448 | ParamLoss: -1.311991 | Epsilon: 0.0200 | Replay: 50000
2026-09-13 05:27:18,924 | INFO | Steps: 105984/150000 | Episodes: 207 | CurrentEpReward: 0.000 | RecentReward: 85.777 | QLoss: 0.592740 | ParamLoss: -1.308520 | Epsilon: 0.0200 | Replay: 50000
2026-09-13 05:27:29,338 | INFO | Steps: 106496/150000 | Episodes: 208 | CurrentEpReward: 0.000 | RecentReward: 86.301 | QLoss: 0.569507 | ParamLoss: -1.320847 | Epsilon: 0.0200 | Replay: 50000
2026-09-13 05:27:39,551 | INFO | Steps: 107008/150000 | Episodes: 209 | CurrentEpReward: 0.000 | RecentReward: 87.072 | QLoss: 0.613313 | ParamLoss: -1.329482 | Epsilon: 0.0200 | Replay: 50000
2026-09-13 05:27:49,873 | INFO | Steps: 107520/150000 | Episodes: 210 | CurrentEpReward: 0.000 | RecentReward: 87.482 | QLoss: 0.714674 | ParamLoss: -1.338241 | Epsilon: 0.0200 | Replay: 50000
2026-09-13 05:28:00,124 | INFO | Steps: 108032/150000 | Episodes: 211 | CurrentEpReward: 0.000 | RecentReward: 87.537 | QLoss: 0.563214 | ParamLoss: -1.352078 | Epsilon: 0.0200 | Replay: 50000
2026-09-13 05:28:10,264 | INFO | Steps: 108544/150000 | Episodes: 212 | CurrentEpReward: 0.000 | RecentReward: 88.671 | QLoss: 0.481086 | ParamLoss: -1.353209 | Epsilon: 0.0200 | Replay: 50000
2026-09-13 05:28:20,497 | INFO | Steps: 109056/150000 | Episodes: 213 | CurrentEpReward: 0.000 | RecentReward: 88.703 | QLoss: 0.524682 | ParamLoss: -1.354255 | Epsilon: 0.0200 | Replay: 50000
2026-09-13 05:28:30,801 | INFO | Steps: 109568/150000 | Episodes: 214 | CurrentEpReward: 0.000 | RecentReward: 87.695 | QLoss: 0.549558 | ParamLoss: -1.367989 | Epsilon: 0.0200 | Replay: 50000
2026-09-13 05:28:41,267 | INFO | Steps: 110080/150000 | Episodes: 215 | CurrentEpReward: 0.000 | RecentReward: 88.104 | QLoss: 0.505009 | ParamLoss: -1.371941 | Epsilon: 0.0200 | Replay: 50000
2026-09-13 05:28:51,653 | INFO | Steps: 110592/150000 | Episodes: 216 | CurrentEpReward: 0.000 | RecentReward: 88.349 | QLoss: 0.657941 | ParamLoss: -1.375763 | Epsilon: 0.0200 | Replay: 50000
2026-09-13 05:29:02,075 | INFO | Steps: 111104/150000 | Episodes: 217 | CurrentEpReward: 0.000 | RecentReward: 89.115 | QLoss: 0.632456 | ParamLoss: -1.372878 | Epsilon: 0.0200 | Replay: 50000
2026-09-13 05:29:12,456 | INFO | Steps: 111616/150000 | Episodes: 218 | CurrentEpReward: 0.000 | RecentReward: 89.021 | QLoss: 0.695261 | ParamLoss: -1.379130 | Epsilon: 0.0200 | Replay: 50000
2026-09-13 05:29:22,823 | INFO | Steps: 112128/150000 | Episodes: 219 | CurrentEpReward: 0.000 | RecentReward: 89.044 | QLoss: 0.631485 | ParamLoss: -1.383666 | Epsilon: 0.0200 | Replay: 50000
2026-09-13 05:29:32,988 | INFO | Steps: 112640/150000 | Episodes: 220 | CurrentEpReward: 0.000 | RecentReward: 87.197 | QLoss: 0.665395 | ParamLoss: -1.390943 | Epsilon: 0.0200 | Replay: 50000
2026-09-13 05:29:43,259 | INFO | Steps: 113152/150000 | Episodes: 221 | CurrentEpReward: 0.000 | RecentReward: 86.058 | QLoss: 0.568175 | ParamLoss: -1.393618 | Epsilon: 0.0200 | Replay: 50000
2026-09-13 05:29:53,493 | INFO | Steps: 113664/150000 | Episodes: 222 | CurrentEpReward: 0.000 | RecentReward: 85.388 | QLoss: 0.652623 | ParamLoss: -1.395671 | Epsilon: 0.0200 | Replay: 50000
2026-09-13 05:30:03,912 | INFO | Steps: 114176/150000 | Episodes: 223 | CurrentEpReward: 0.000 | RecentReward: 85.917 | QLoss: 0.743486 | ParamLoss: -1.402911 | Epsilon: 0.0200 | Replay: 50000
2026-09-13 05:30:14,038 | INFO | Steps: 114688/150000 | Episodes: 224 | CurrentEpReward: 0.000 | RecentReward: 86.153 | QLoss: 0.657162 | ParamLoss: -1.391291 | Epsilon: 0.0200 | Replay: 50000
2026-09-13 05:30:24,426 | INFO | Steps: 115200/150000 | Episodes: 225 | CurrentEpReward: 0.000 | RecentReward: 85.655 | QLoss: 0.588053 | ParamLoss: -1.388213 | Epsilon: 0.0200 | Replay: 50000
2026-09-13 05:30:34,689 | INFO | Steps: 115712/150000 | Episodes: 226 | CurrentEpReward: 0.000 | RecentReward: 85.881 | QLoss: 0.659893 | ParamLoss: -1.383225 | Epsilon: 0.0200 | Replay: 50000
2026-09-13 05:30:44,800 | INFO | Steps: 116224/150000 | Episodes: 227 | CurrentEpReward: 0.000 | RecentReward: 84.263 | QLoss: 0.666054 | ParamLoss: -1.386657 | Epsilon: 0.0200 | Replay: 50000
2026-09-13 05:30:54,927 | INFO | Steps: 116736/150000 | Episodes: 228 | CurrentEpReward: 0.000 | RecentReward: 83.479 | QLoss: 0.695675 | ParamLoss: -1.382460 | Epsilon: 0.0200 | Replay: 50000
2026-09-13 05:31:05,528 | INFO | Steps: 117248/150000 | Episodes: 229 | CurrentEpReward: 0.000 | RecentReward: 83.674 | QLoss: 0.504298 | ParamLoss: -1.378340 | Epsilon: 0.0200 | Replay: 50000
2026-09-13 05:31:16,083 | INFO | Steps: 117760/150000 | Episodes: 230 | CurrentEpReward: 0.000 | RecentReward: 85.267 | QLoss: 0.557299 | ParamLoss: -1.374696 | Epsilon: 0.0200 | Replay: 50000
2026-09-13 05:31:26,202 | INFO | Steps: 118272/150000 | Episodes: 231 | CurrentEpReward: 0.000 | RecentReward: 86.099 | QLoss: 0.584823 | ParamLoss: -1.374225 | Epsilon: 0.0200 | Replay: 50000
2026-09-13 05:31:36,445 | INFO | Steps: 118784/150000 | Episodes: 232 | CurrentEpReward: 0.000 | RecentReward: 86.740 | QLoss: 0.695798 | ParamLoss: -1.371593 | Epsilon: 0.0200 | Replay: 50000
2026-09-13 05:31:46,708 | INFO | Steps: 119296/150000 | Episodes: 233 | CurrentEpReward: 0.000 | RecentReward: 85.640 | QLoss: 0.597777 | ParamLoss: -1.380355 | Epsilon: 0.0200 | Replay: 50000
2026-09-13 05:31:57,000 | INFO | Steps: 119808/150000 | Episodes: 234 | CurrentEpReward: 0.000 | RecentReward: 85.953 | QLoss: 0.638553 | ParamLoss: -1.374872 | Epsilon: 0.0200 | Replay: 50000
2026-09-13 05:32:07,109 | INFO | Steps: 120320/150000 | Episodes: 235 | CurrentEpReward: 0.000 | RecentReward: 84.987 | QLoss: 0.484718 | ParamLoss: -1.385685 | Epsilon: 0.0200 | Replay: 50000
2026-09-13 05:32:17,505 | INFO | Steps: 120832/150000 | Episodes: 236 | CurrentEpReward: 0.000 | RecentReward: 84.377 | QLoss: 0.656157 | ParamLoss: -1.379780 | Epsilon: 0.0200 | Replay: 50000
2026-09-13 05:32:27,650 | INFO | Steps: 121344/150000 | Episodes: 237 | CurrentEpReward: 0.000 | RecentReward: 86.195 | QLoss: 0.542337 | ParamLoss: -1.382127 | Epsilon: 0.0200 | Replay: 50000
2026-09-13 05:32:37,807 | INFO | Steps: 121856/150000 | Episodes: 238 | CurrentEpReward: 0.000 | RecentReward: 86.817 | QLoss: 0.616983 | ParamLoss: -1.392648 | Epsilon: 0.0200 | Replay: 50000
2026-09-13 05:32:48,014 | INFO | Steps: 122368/150000 | Episodes: 239 | CurrentEpReward: 0.000 | RecentReward: 86.085 | QLoss: 0.496338 | ParamLoss: -1.401078 | Epsilon: 0.0200 | Replay: 50000
2026-09-13 05:32:58,228 | INFO | Steps: 122880/150000 | Episodes: 240 | CurrentEpReward: 0.000 | RecentReward: 85.700 | QLoss: 0.613890 | ParamLoss: -1.408650 | Epsilon: 0.0200 | Replay: 50000
2026-09-13 05:33:08,436 | INFO | Steps: 123392/150000 | Episodes: 241 | CurrentEpReward: 0.000 | RecentReward: 85.036 | QLoss: 0.585475 | ParamLoss: -1.413459 | Epsilon: 0.0200 | Replay: 50000
2026-09-13 05:33:18,636 | INFO | Steps: 123904/150000 | Episodes: 242 | CurrentEpReward: 0.000 | RecentReward: 84.073 | QLoss: 0.741435 | ParamLoss: -1.411767 | Epsilon: 0.0200 | Replay: 50000
2026-09-13 05:33:28,780 | INFO | Steps: 124416/150000 | Episodes: 243 | CurrentEpReward: 0.000 | RecentReward: 84.000 | QLoss: 0.525678 | ParamLoss: -1.420932 | Epsilon: 0.0200 | Replay: 50000
2026-09-13 05:33:39,356 | INFO | Steps: 124928/150000 | Episodes: 244 | CurrentEpReward: 0.000 | RecentReward: 83.628 | QLoss: 0.476458 | ParamLoss: -1.426972 | Epsilon: 0.0200 | Replay: 50000
2026-09-13 05:33:49,800 | INFO | Steps: 125440/150000 | Episodes: 245 | CurrentEpReward: 0.000 | RecentReward: 84.246 | QLoss: 0.581986 | ParamLoss: -1.426694 | Epsilon: 0.0200 | Replay: 50000
2026-09-13 05:34:00,240 | INFO | Steps: 125952/150000 | Episodes: 246 | CurrentEpReward: 0.000 | RecentReward: 84.093 | QLoss: 0.634366 | ParamLoss: -1.429266 | Epsilon: 0.0200 | Replay: 50000
2026-09-13 05:34:10,957 | INFO | Steps: 126464/150000 | Episodes: 247 | CurrentEpReward: 0.000 | RecentReward: 83.846 | QLoss: 0.472438 | ParamLoss: -1.428213 | Epsilon: 0.0200 | Replay: 50000
2026-09-13 05:34:21,364 | INFO | Steps: 126976/150000 | Episodes: 248 | CurrentEpReward: 0.000 | RecentReward: 83.874 | QLoss: 0.635919 | ParamLoss: -1.429218 | Epsilon: 0.0200 | Replay: 50000
2026-09-13 05:34:31,795 | INFO | Steps: 127488/150000 | Episodes: 249 | CurrentEpReward: 0.000 | RecentReward: 84.302 | QLoss: 0.593123 | ParamLoss: -1.435913 | Epsilon: 0.0200 | Replay: 50000
2026-09-13 05:34:42,223 | INFO | Steps: 128000/150000 | Episodes: 250 | CurrentEpReward: 0.000 | RecentReward: 84.016 | QLoss: 0.655948 | ParamLoss: -1.429860 | Epsilon: 0.0200 | Replay: 50000
2026-09-13 05:34:52,658 | INFO | Steps: 128512/150000 | Episodes: 251 | CurrentEpReward: 0.000 | RecentReward: 85.000 | QLoss: 0.614262 | ParamLoss: -1.430388 | Epsilon: 0.0200 | Replay: 50000
2026-09-13 05:35:03,313 | INFO | Steps: 129024/150000 | Episodes: 252 | CurrentEpReward: 0.000 | RecentReward: 85.719 | QLoss: 0.681895 | ParamLoss: -1.438700 | Epsilon: 0.0200 | Replay: 50000
2026-09-13 05:35:13,811 | INFO | Steps: 129536/150000 | Episodes: 253 | CurrentEpReward: 0.000 | RecentReward: 87.106 | QLoss: 0.644780 | ParamLoss: -1.440337 | Epsilon: 0.0200 | Replay: 50000
2026-09-13 05:35:24,246 | INFO | Steps: 130048/150000 | Episodes: 254 | CurrentEpReward: 0.000 | RecentReward: 87.007 | QLoss: 0.699816 | ParamLoss: -1.437940 | Epsilon: 0.0200 | Replay: 50000
2026-09-13 05:35:34,732 | INFO | Steps: 130560/150000 | Episodes: 255 | CurrentEpReward: 0.000 | RecentReward: 87.428 | QLoss: 0.773529 | ParamLoss: -1.443733 | Epsilon: 0.0200 | Replay: 50000
2026-09-13 05:35:45,178 | INFO | Steps: 131072/150000 | Episodes: 256 | CurrentEpReward: 0.000 | RecentReward: 87.727 | QLoss: 0.565998 | ParamLoss: -1.447312 | Epsilon: 0.0200 | Replay: 50000
2026-09-13 05:35:55,705 | INFO | Steps: 131584/150000 | Episodes: 257 | CurrentEpReward: 0.000 | RecentReward: 87.457 | QLoss: 0.534002 | ParamLoss: -1.459464 | Epsilon: 0.0200 | Replay: 50000
2026-09-13 05:36:06,086 | INFO | Steps: 132096/150000 | Episodes: 258 | CurrentEpReward: 0.000 | RecentReward: 86.757 | QLoss: 0.618997 | ParamLoss: -1.467214 | Epsilon: 0.0200 | Replay: 50000
2026-09-13 05:36:16,478 | INFO | Steps: 132608/150000 | Episodes: 259 | CurrentEpReward: 0.000 | RecentReward: 86.207 | QLoss: 0.612741 | ParamLoss: -1.475849 | Epsilon: 0.0200 | Replay: 50000
2026-09-13 05:36:26,918 | INFO | Steps: 133120/150000 | Episodes: 260 | CurrentEpReward: 0.000 | RecentReward: 86.075 | QLoss: 0.631008 | ParamLoss: -1.474425 | Epsilon: 0.0200 | Replay: 50000
2026-09-13 05:36:37,253 | INFO | Steps: 133632/150000 | Episodes: 261 | CurrentEpReward: 0.000 | RecentReward: 85.740 | QLoss: 0.703027 | ParamLoss: -1.468009 | Epsilon: 0.0200 | Replay: 50000
2026-09-13 05:36:47,702 | INFO | Steps: 134144/150000 | Episodes: 262 | CurrentEpReward: 0.000 | RecentReward: 86.031 | QLoss: 0.478222 | ParamLoss: -1.471551 | Epsilon: 0.0200 | Replay: 50000
2026-09-13 05:36:58,359 | INFO | Steps: 134656/150000 | Episodes: 263 | CurrentEpReward: 0.000 | RecentReward: 85.542 | QLoss: 0.544297 | ParamLoss: -1.472596 | Epsilon: 0.0200 | Replay: 50000
2026-09-13 05:37:08,792 | INFO | Steps: 135168/150000 | Episodes: 264 | CurrentEpReward: 0.000 | RecentReward: 86.001 | QLoss: 0.535076 | ParamLoss: -1.473839 | Epsilon: 0.0200 | Replay: 50000
2026-09-13 05:37:19,183 | INFO | Steps: 135680/150000 | Episodes: 265 | CurrentEpReward: 0.000 | RecentReward: 86.597 | QLoss: 0.580780 | ParamLoss: -1.470362 | Epsilon: 0.0200 | Replay: 50000
2026-09-13 05:37:29,574 | INFO | Steps: 136192/150000 | Episodes: 266 | CurrentEpReward: 0.000 | RecentReward: 86.323 | QLoss: 0.575340 | ParamLoss: -1.473450 | Epsilon: 0.0200 | Replay: 50000
2026-09-13 05:37:39,939 | INFO | Steps: 136704/150000 | Episodes: 267 | CurrentEpReward: 0.000 | RecentReward: 85.448 | QLoss: 0.587514 | ParamLoss: -1.458117 | Epsilon: 0.0200 | Replay: 50000
2026-09-13 05:37:50,493 | INFO | Steps: 137216/150000 | Episodes: 268 | CurrentEpReward: 0.000 | RecentReward: 86.584 | QLoss: 0.704470 | ParamLoss: -1.465698 | Epsilon: 0.0200 | Replay: 50000
2026-09-13 05:38:00,816 | INFO | Steps: 137728/150000 | Episodes: 269 | CurrentEpReward: 0.000 | RecentReward: 86.611 | QLoss: 0.666864 | ParamLoss: -1.455513 | Epsilon: 0.0200 | Replay: 50000
2026-09-13 05:38:11,250 | INFO | Steps: 138240/150000 | Episodes: 270 | CurrentEpReward: 0.000 | RecentReward: 86.456 | QLoss: 0.606793 | ParamLoss: -1.455544 | Epsilon: 0.0200 | Replay: 50000
2026-09-13 05:38:21,770 | INFO | Steps: 138752/150000 | Episodes: 271 | CurrentEpReward: 0.000 | RecentReward: 87.299 | QLoss: 0.563219 | ParamLoss: -1.454403 | Epsilon: 0.0200 | Replay: 50000
2026-09-13 05:38:32,130 | INFO | Steps: 139264/150000 | Episodes: 272 | CurrentEpReward: 0.000 | RecentReward: 85.790 | QLoss: 0.599663 | ParamLoss: -1.453462 | Epsilon: 0.0200 | Replay: 50000
2026-09-13 05:38:42,470 | INFO | Steps: 139776/150000 | Episodes: 273 | CurrentEpReward: 0.000 | RecentReward: 84.447 | QLoss: 0.733156 | ParamLoss: -1.457120 | Epsilon: 0.0200 | Replay: 50000
2026-09-13 05:38:52,839 | INFO | Steps: 140288/150000 | Episodes: 274 | CurrentEpReward: 0.000 | RecentReward: 84.327 | QLoss: 0.403381 | ParamLoss: -1.457874 | Epsilon: 0.0200 | Replay: 50000
2026-09-13 05:39:03,345 | INFO | Steps: 140800/150000 | Episodes: 275 | CurrentEpReward: 0.000 | RecentReward: 83.796 | QLoss: 0.685684 | ParamLoss: -1.460817 | Epsilon: 0.0200 | Replay: 50000
2026-09-13 05:39:13,842 | INFO | Steps: 141312/150000 | Episodes: 276 | CurrentEpReward: 0.000 | RecentReward: 84.258 | QLoss: 0.645786 | ParamLoss: -1.450780 | Epsilon: 0.0200 | Replay: 50000
2026-09-13 05:39:24,485 | INFO | Steps: 141824/150000 | Episodes: 277 | CurrentEpReward: 0.000 | RecentReward: 85.525 | QLoss: 0.721943 | ParamLoss: -1.462174 | Epsilon: 0.0200 | Replay: 50000
2026-09-13 05:39:34,993 | INFO | Steps: 142336/150000 | Episodes: 278 | CurrentEpReward: 0.000 | RecentReward: 85.629 | QLoss: 0.597679 | ParamLoss: -1.458247 | Epsilon: 0.0200 | Replay: 50000
2026-09-13 05:39:45,624 | INFO | Steps: 142848/150000 | Episodes: 279 | CurrentEpReward: 0.000 | RecentReward: 86.179 | QLoss: 0.606865 | ParamLoss: -1.437321 | Epsilon: 0.0200 | Replay: 50000
2026-09-13 05:39:55,965 | INFO | Steps: 143360/150000 | Episodes: 280 | CurrentEpReward: 0.000 | RecentReward: 85.883 | QLoss: 0.592282 | ParamLoss: -1.443990 | Epsilon: 0.0200 | Replay: 50000
2026-09-13 05:40:06,470 | INFO | Steps: 143872/150000 | Episodes: 281 | CurrentEpReward: 0.000 | RecentReward: 85.816 | QLoss: 0.676372 | ParamLoss: -1.445188 | Epsilon: 0.0200 | Replay: 50000
2026-09-13 05:40:16,927 | INFO | Steps: 144384/150000 | Episodes: 282 | CurrentEpReward: 0.000 | RecentReward: 86.617 | QLoss: 0.507383 | ParamLoss: -1.447356 | Epsilon: 0.0200 | Replay: 50000
2026-09-13 05:40:27,446 | INFO | Steps: 144896/150000 | Episodes: 283 | CurrentEpReward: 0.000 | RecentReward: 87.181 | QLoss: 0.539126 | ParamLoss: -1.446244 | Epsilon: 0.0200 | Replay: 50000
2026-09-13 05:40:37,876 | INFO | Steps: 145408/150000 | Episodes: 284 | CurrentEpReward: 0.000 | RecentReward: 87.435 | QLoss: 0.656546 | ParamLoss: -1.447639 | Epsilon: 0.0200 | Replay: 50000
2026-09-13 05:40:48,212 | INFO | Steps: 145920/150000 | Episodes: 285 | CurrentEpReward: 0.000 | RecentReward: 85.884 | QLoss: 0.567046 | ParamLoss: -1.449462 | Epsilon: 0.0200 | Replay: 50000
2026-09-13 05:40:58,687 | INFO | Steps: 146432/150000 | Episodes: 286 | CurrentEpReward: 0.000 | RecentReward: 86.098 | QLoss: 0.644234 | ParamLoss: -1.446913 | Epsilon: 0.0200 | Replay: 50000
2026-09-13 05:41:09,067 | INFO | Steps: 146944/150000 | Episodes: 287 | CurrentEpReward: 0.000 | RecentReward: 85.822 | QLoss: 0.524348 | ParamLoss: -1.444371 | Epsilon: 0.0200 | Replay: 50000
2026-09-13 05:41:19,539 | INFO | Steps: 147456/150000 | Episodes: 288 | CurrentEpReward: 0.000 | RecentReward: 84.476 | QLoss: 0.537014 | ParamLoss: -1.433524 | Epsilon: 0.0200 | Replay: 50000
2026-09-13 05:41:30,173 | INFO | Steps: 147968/150000 | Episodes: 289 | CurrentEpReward: 0.000 | RecentReward: 83.606 | QLoss: 0.695408 | ParamLoss: -1.434941 | Epsilon: 0.0200 | Replay: 50000
2026-09-13 05:41:40,627 | INFO | Steps: 148480/150000 | Episodes: 290 | CurrentEpReward: 0.000 | RecentReward: 84.574 | QLoss: 0.562657 | ParamLoss: -1.428612 | Epsilon: 0.0200 | Replay: 50000
2026-09-13 05:41:51,151 | INFO | Steps: 148992/150000 | Episodes: 291 | CurrentEpReward: 0.000 | RecentReward: 84.287 | QLoss: 0.808911 | ParamLoss: -1.422283 | Epsilon: 0.0200 | Replay: 50000
2026-09-13 05:42:01,580 | INFO | Steps: 149504/150000 | Episodes: 292 | CurrentEpReward: 0.000 | RecentReward: 84.454 | QLoss: 0.642826 | ParamLoss: -1.413242 | Epsilon: 0.0200 | Replay: 50000
2026-09-13 05:42:11,758 | INFO | Steps: 150000/150000 | Episodes: 292 | CurrentEpReward: 83.937 | RecentReward: 84.454 | QLoss: 0.564647 | ParamLoss: -1.413086 | Epsilon: 0.0200 | Replay: 50000
2026-09-13 05:42:33,593 | INFO | 周期权重已保存: /home/pjpjq/LEO_switch/results/multiseed_0907/seed45/u25/learned_baselines/pdqn/checkpoint_150000.pt
2026-09-13 05:42:33,620 | INFO | 最终权重已保存: /home/pjpjq/LEO_switch/results/multiseed_0907/seed45/u25/learned_baselines/pdqn/pdqn_model.pt
2026-09-13 05:42:55,489 | INFO | 训练与评估完成 | EvalReward: 88.679 ± 1.967
